04-26 14:49:32.864  3605  3605 I AiAiTextClassifier: onDestroyTextClassificationSession = TextClassificationSessionId {003c3e7b-cbd2-4e40-a938-9248038c2109}
04-26 14:49:32.864  3605  3605 I AiAiTextClassifier: onDestroyTextClassificationSession = TextClassificationSessionId {872524ca-d495-4509-b5ff-5b2f32294215}
04-26 14:49:32.864  3605  3605 I AiAiTextClassifier: onDestroyTextClassificationSession = TextClassificationSessionId {fd8ea418-a97d-4b3d-8d76-24090a32bd03}
04-26 14:49:32.865  3605  3605 I AiAiTextClassifier: onDestroyTextClassificationSession = TextClassificationSessionId {b16b0400-c93a-469e-9620-90b4fa77d2f9}
04-26 14:49:32.887  3865  3872 I artd    : GetBestInfo: odex next to the dex file (/data/app/~~PqdBwR9WSFUNw4iaJMgoGg==/com.google.android.gms-95Dc1VeYXyONiCBDqz_lkA==/oat/x86_64/base.odex) is kOatUpToDate with filter 'speed-profile' executable 'false'
04-26 14:49:32.888  3865  3872 I artd    : GetBestInfo: dm (/data/app/~~PqdBwR9WSFUNw4iaJMgoGg==/com.google.android.gms-95Dc1VeYXyONiCBDqz_lkA==/split_AdsDynamite_installtime.dm) is kOatUpToDate with filter 'verify' executable 'false'
04-26 14:49:32.890  3865  3872 I artd    : GetBestInfo: dm (/data/app/~~PqdBwR9WSFUNw4iaJMgoGg==/com.google.android.gms-95Dc1VeYXyONiCBDqz_lkA==/split_CronetDynamite_installtime.dm) is kOatUpToDate with filter 'verify' executable 'false'
04-26 14:49:32.892  3865  3872 I artd    : GetBestInfo: dm (/data/app/~~PqdBwR9WSFUNw4iaJMgoGg==/com.google.android.gms-95Dc1VeYXyONiCBDqz_lkA==/split_DynamiteLoader_installtime.dm) is kOatUpToDate with filter 'verify' executable 'false'
04-26 14:49:32.893  3865  3872 I artd    : GetBestInfo: dm (/data/app/~~PqdBwR9WSFUNw4iaJMgoGg==/com.google.android.gms-95Dc1VeYXyONiCBDqz_lkA==/split_DynamiteModulesA_installtime.dm) is kOatUpToDate with filter 'verify' executable 'false'
04-26 14:49:32.895  3865  3872 I artd    : GetBestInfo: dm (/data/app/~~PqdBwR9WSFUNw4iaJMgoGg==/com.google.android.gms-95Dc1VeYXyONiCBDqz_lkA==/split_DynamiteModulesC_installtime.dm) is kOatUpToDate with filter 'verify' executable 'false'
04-26 14:49:32.897  3865  3872 I artd    : GetBestInfo: dm (/data/app/~~PqdBwR9WSFUNw4iaJMgoGg==/com.google.android.gms-95Dc1VeYXyONiCBDqz_lkA==/split_GoogleCertificates_installtime.dm) is kOatUpToDate with filter 'verify' executable 'false'
04-26 14:49:32.898  3865  3872 I artd    : GetBestInfo: dm (/data/app/~~PqdBwR9WSFUNw4iaJMgoGg==/com.google.android.gms-95Dc1VeYXyONiCBDqz_lkA==/split_MapsDynamite_installtime.dm) is kOatUpToDate with filter 'verify' executable 'false'
04-26 14:49:32.900  3865  3872 I artd    : GetBestInfo: dm (/data/app/~~PqdBwR9WSFUNw4iaJMgoGg==/com.google.android.gms-95Dc1VeYXyONiCBDqz_lkA==/split_MeasurementDynamite_installtime.dm) is kOatUpToDate with filter 'verify' executable 'false'
04-26 14:49:32.902  3865  3872 I artd    : GetBestInfo: dm (/data/app/~~PqdBwR9WSFUNw4iaJMgoGg==/com.google.android.gms-95Dc1VeYXyONiCBDqz_lkA==/split_all_locale_splits.dm) is kOatUpToDate with filter 'verify' executable 'false'
04-26 14:49:32.903  3865  3872 I artd    : GetBestInfo: /data/user_de/0/com.google.android.gms/app_chimera/m/0000000a/dl-TfliteDynamiteDynamite.integ_252130102100800.apk has no usable artifacts
04-26 14:49:32.903  3865  3872 I artd    : GetBestInfo: /data/user_de/0/com.google.android.gms/app_chimera/m/00000001/CronetDynamite.apk has no usable artifacts
04-26 14:49:32.905  3865  3872 I artd    : GetBestInfo: /data/user_de/0/com.google.android.gms/app_chimera/m/00000016/dl-MlkitOcrCommon.optional_261332100800.apk has no usable artifacts
04-26 14:49:32.906  3865  3872 I artd    : GetBestInfo: /data/user_de/0/com.google.android.gms/app_chimera/m/00000002/DynamiteLoader.apk has no usable artifacts
04-26 14:49:32.908  3865  3872 I artd    : GetBestInfo: /data/user_de/0/com.google.android.gms/app_chimera/m/0000000e/dl-MlkitBarcodeUi.optional_260235100800.apk has no usable artifacts
04-26 14:49:32.909  3865  3872 I artd    : GetBestInfo: /data/user_de/0/com.google.android.gms/app_chimera/m/00000013/dl-Appsearch.optional_261332100800.apk has no usable artifacts
04-26 14:49:32.909  3865  3872 I artd    : GetBestInfo: /data/user_de/0/com.google.android.gms/app_chimera/m/00000005/GoogleCertificates.apk has no usable artifacts
04-26 14:49:32.911  3865  3872 I artd    : GetBestInfo: /data/user_de/0/com.google.android.gms/app_chimera/m/00000012/dl-PlayCloudSearch.optional_261332100000.apk has no usable artifacts
04-26 14:49:32.912  3865  3872 I artd    : GetBestInfo: vdex next to the dex file (/data/user/0/com.google.android.gms/app_dg_cache/B3ED91DEC21F0EB5284BE10D982ABEAAC45F5C48/oat/x86_64/the.vdex) is kOatUpToDate with filter 'verify' executable 'false'
04-26 14:49:32.914  3865  3872 I artd    : GetBestInfo: /data/user_de/0/com.google.android.gms/app_chimera/m/0000000f/dl-PlayCloudSearch.optional_260235100000.apk has no usable artifacts
04-26 14:49:32.916  3865  3872 I artd    : GetBestInfo: /data/user_de/0/com.google.android.gms/app_chimera/m/00000008/dl-VisionOcr.optional_260235100000.apk has no usable artifacts
04-26 14:49:32.918  3865  3872 I artd    : GetBestInfo: /data/user_de/0/com.google.android.gms/app_chimera/m/0000000b/dl-Appsearch.optional_260235100800.apk has no usable artifacts
04-26 14:49:32.919  3865  3872 I artd    : GetBestInfo: /data/user_de/0/com.google.android.gms/app_chimera/m/00000011/dl-VisionOcr.optional_261332100000.apk has no usable artifacts
04-26 14:49:32.920  3865  3872 I artd    : GetBestInfo: /data/user_de/0/com.google.android.gms/app_chimera/m/00000015/dl-MlkitBarcodeUi.optional_261332100800.apk has no usable artifacts
04-26 14:49:32.922  3865  3872 I artd    : GetBestInfo: /data/user_de/0/com.google.android.gms/app_chimera/m/00000009/dl-MlkitOcrCommon.optional_260235100800.apk has no usable artifacts
04-26 14:49:32.924  3865  3872 I artd    : GetBestInfo: vdex next to the dex file (/data/user/0/com.google.android.gms/app_dg_cache/CE973E4DE823F0AA69070767A9FABB590DDD455C/oat/x86_64/the.vdex) is kOatUpToDate with filter 'verify' executable 'false'
04-26 14:49:32.924  3865  3872 I artd    : GetBestInfo: /data/user_de/0/com.google.android.gms/app_chimera/m/00000007/MeasurementDynamite.apk has no usable artifacts
04-26 14:49:33.061   742  1009 D androidtc: Initializing SystemTextClassifier, type = System
04-26 14:49:33.062   742  1009 E ClipboardService: Denying clipboard access to com.android.chrome, application is not in focus nor is it a system service for user 0
04-26 14:49:33.062  3605  3605 I AiAiTextClassifier: onCreateTextClassificationSession = TextClassificationSessionId {a5f5492f-730e-4c67-866b-cc336dc69c6f}
04-26 14:49:33.064  3605  3737 I AiAiTranslate: C2T - not in a conversation
04-26 14:49:33.064  1053  1053 I ClipboardListener: Clipboard overlay suppressed.
04-26 14:49:33.065  3605  3754 I AiAiTextClassifier: GenerateLinks did not find valid links, returning empty result
04-26 14:49:33.066   742  1010 E ClipboardService: Denying clipboard access to com.android.chrome, application is not in focus nor is it a system service for user 0
04-26 14:49:33.067  3605  3754 I AiAiTextClassifier: GenerateLinks did not find valid links, returning empty result
04-26 14:49:33.069  1053  1053 I ClipboardListener: Clipboard overlay suppressed.
04-26 14:49:33.165   742  1009 D androidtc: Initializing SystemTextClassifier, type = System
04-26 14:49:33.166   742  1009 E ClipboardService: Denying clipboard access to com.android.chrome, application is not in focus nor is it a system service for user 0
04-26 14:49:33.166  3605  3605 I AiAiTextClassifier: onCreateTextClassificationSession = TextClassificationSessionId {b5569e32-c537-46ba-b0a0-4f6827b9eea4}
04-26 14:49:33.168  3605  3754 I AiAiTextClassifier: GenerateLinks did not find valid links, returning empty result
04-26 14:49:33.169  3605  3737 I AiAiTranslate: C2T - not in a conversation
04-26 14:49:33.169   742  1010 E ClipboardService: Denying clipboard access to com.android.chrome, application is not in focus nor is it a system service for user 0
04-26 14:49:33.173  1053  1053 I ClipboardListener: Clipboard overlay suppressed.
04-26 14:49:33.174  3605  3754 I AiAiTextClassifier: GenerateLinks did not find valid links, returning empty result
04-26 14:49:33.175  1053  1053 I ClipboardListener: Clipboard overlay suppressed.
04-26 14:49:33.200   742  1009 D androidtc: Initializing SystemTextClassifier, type = System
04-26 14:49:33.200   742  1009 E ClipboardService: Denying clipboard access to com.android.chrome, application is not in focus nor is it a system service for user 0
04-26 14:49:33.201  3605  3605 I AiAiTextClassifier: onCreateTextClassificationSession = TextClassificationSessionId {32352c9a-686f-47ce-b9eb-f0e1dec082c3}
04-26 14:49:33.203  3605  3737 I AiAiTranslate: C2T - not in a conversation
04-26 14:49:33.203  1053  1053 I ClipboardListener: Clipboard overlay suppressed.
04-26 14:49:33.204  3605  3754 I AiAiTextClassifier: GenerateLinks did not find valid links, returning empty result
04-26 14:49:33.205   742  1010 E ClipboardService: Denying clipboard access to com.android.chrome, application is not in focus nor is it a system service for user 0
04-26 14:49:33.207  3605  3754 I AiAiTextClassifier: GenerateLinks did not find valid links, returning empty result
04-26 14:49:33.208  1053  1053 I ClipboardListener: Clipboard overlay suppressed.
04-26 14:49:33.559   742   877 D ActivityManager: freezing 4253 com.google.android.adservices.api
04-26 14:49:33.560   742   877 D ActivityManager: freezing 3661 com.google.android.gms
04-26 14:49:33.563   742   946 D InetDiagMessage: Destroyed 0 sockets, proto=IPPROTO_TCP, family=AF_INET, states=14
04-26 14:49:33.564   742   946 D InetDiagMessage: Destroyed 0 sockets, proto=IPPROTO_TCP, family=AF_INET6, states=14
04-26 14:49:33.564   742   946 D InetDiagMessage: Destroyed live tcp sockets for uids={10220} in 1ms
04-26 14:49:35.494   742   940 I HalDevMgr: bestIfaceCreationProposal is null, requestIface=STA, existingIface=[name=wlan0 type=STA]
04-26 14:49:37.973   742  1009 D androidtc: Initializing SystemTextClassifier, type = System
04-26 14:49:37.974   742  1009 E ClipboardService: Denying clipboard access to com.android.chrome, application is not in focus nor is it a system service for user 0
04-26 14:49:37.974  3605  3605 I AiAiTextClassifier: onCreateTextClassificationSession = TextClassificationSessionId {7962a950-a015-4ed3-9ba8-08cd2f9ad3b1}
04-26 14:49:37.976  3605  3737 I AiAiTranslate: C2T - not in a conversation
04-26 14:49:37.976  3605  3754 I AiAiTextClassifier: GenerateLinks did not find valid links, returning empty result
04-26 14:49:37.976  1053  1053 I ClipboardListener: Clipboard overlay suppressed.
04-26 14:49:37.977   742  1010 E ClipboardService: Denying clipboard access to com.android.chrome, application is not in focus nor is it a system service for user 0
04-26 14:49:37.980  3605  3754 I AiAiTextClassifier: GenerateLinks did not find valid links, returning empty result
04-26 14:49:37.981  1053  1053 I ClipboardListener: Clipboard overlay suppressed.
04-26 14:49:38.122  1029  1029 I wpa_supplicant: wlan0: CTRL-EVENT-BEACON-LOSS 
04-26 14:49:38.308   742  1009 D androidtc: Initializing SystemTextClassifier, type = System
04-26 14:49:38.309   742  1009 E ClipboardService: Denying clipboard access to com.android.chrome, application is not in focus nor is it a system service for user 0
04-26 14:49:38.309  3605  3605 I AiAiTextClassifier: onCreateTextClassificationSession = TextClassificationSessionId {b54e4ca2-dbf8-4975-8075-c1eaad617721}
04-26 14:49:38.311  1053  1053 I ClipboardListener: Clipboard overlay suppressed.
04-26 14:49:38.311  3605  3754 I AiAiTextClassifier: GenerateLinks did not find valid links, returning empty result
04-26 14:49:38.311  3605  3737 I AiAiTranslate: C2T - not in a conversation
04-26 14:49:38.312   742  1010 E ClipboardService: Denying clipboard access to com.android.chrome, application is not in focus nor is it a system service for user 0
04-26 14:49:38.314  1053  1053 I ClipboardListener: Clipboard overlay suppressed.
04-26 14:49:38.316  3605  3754 I AiAiTextClassifier: GenerateLinks did not find valid links, returning empty result
04-26 14:49:38.498   742   969 I AdbWifiNetworkMonitor: Wi-Fi network available
04-26 14:49:38.499   742   969 I AdbWifiNetworkMonitor: Received the same Wi-Fi SSID. Ignoring.
04-26 14:49:38.502   742   946 W libbinder.IPCThreadState: Sending oneway calls to frozen process.
04-26 14:49:38.502   742   946 W libbinder.IPCThreadState: Sending oneway calls to frozen process.
04-26 14:49:38.502   742   946 W libbinder.IPCThreadState: Sending oneway calls to frozen process.
04-26 14:49:38.503   742   940 I HalDevMgr: bestIfaceCreationProposal is null, requestIface=STA, existingIface=[name=wlan0 type=STA]
04-26 14:49:38.504  1391  1412 I NullBinder: NullBinder for android.net.action.RECOMMEND_NETWORKS triggering remote TransactionTooLargeException due to Service without Chimera impl, calling uid: 1000, calling pid: 0
04-26 14:49:38.504  1391  1412 W libbinder.Binder: Large reply transaction of 1056768 bytes, interface descriptor , function: UNKNOWN_FUNCTION_NAME, code: 1, flags: 17
04-26 14:49:39.717   742  1009 D androidtc: Initializing SystemTextClassifier, type = System
04-26 14:49:39.718   742  1009 E ClipboardService: Denying clipboard access to com.android.chrome, application is not in focus nor is it a system service for user 0
04-26 14:49:39.718  3605  3605 I AiAiTextClassifier: onCreateTextClassificationSession = TextClassificationSessionId {4208533e-bf81-4889-af6e-79f1e1b2652f}
04-26 14:49:39.720  3605  3737 I AiAiTranslate: C2T - not in a conversation
04-26 14:49:39.720  1053  1053 I ClipboardListener: Clipboard overlay suppressed.
04-26 14:49:39.720  3605  3754 I AiAiTextClassifier: GenerateLinks did not find valid links, returning empty result
04-26 14:49:39.721   742  1010 E ClipboardService: Denying clipboard access to com.android.chrome, application is not in focus nor is it a system service for user 0
04-26 14:49:39.722  4621 11468 D androidtc: Initializing SystemTextClassifier, type = System
04-26 14:49:39.724  1053  1053 I ClipboardListener: Clipboard overlay suppressed.
04-26 14:49:39.725  3605  3754 I AiAiTextClassifier: GenerateLinks did not find valid links, returning empty result
04-26 14:49:39.829   742  1009 D androidtc: Initializing SystemTextClassifier, type = System
04-26 14:49:39.829   742  1009 E ClipboardService: Denying clipboard access to com.android.chrome, application is not in focus nor is it a system service for user 0
04-26 14:49:39.830  3605  3605 I AiAiTextClassifier: onCreateTextClassificationSession = TextClassificationSessionId {b77b8bd5-68cd-4682-85bd-db87d79ed748}
04-26 14:49:39.832  1053  1053 I ClipboardListener: Clipboard overlay suppressed.
04-26 14:49:39.832  3605  3737 I AiAiTranslate: C2T - not in a conversation
04-26 14:49:39.832  3605  3754 I AiAiTextClassifier: GenerateLinks did not find valid links, returning empty result
04-26 14:49:39.833   742  1010 E ClipboardService: Denying clipboard access to com.android.chrome, application is not in focus nor is it a system service for user 0
04-26 14:49:39.835  3605  3754 I AiAiTextClassifier: GenerateLinks did not find valid links, returning empty result
04-26 14:49:39.837  1053  1053 I ClipboardListener: Clipboard overlay suppressed.
04-26 14:49:41.511   742   940 I HalDevMgr: bestIfaceCreationProposal is null, requestIface=STA, existingIface=[name=wlan0 type=STA]
04-26 14:49:42.023  1196  1326 D SatelliteController: isInCarrierRoamingNbIotNtn: satellite is disabled
04-26 14:49:42.023  1196  1326 D SatelliteController: getCarrierRoamingNtnConnectType: Checking connect type from PLMN config for subId: 1
04-26 14:49:42.024  1196  1326 D SatelliteController: getSatellitePerPlmnConfiguration: invalid subId or not supported via carrier.
04-26 14:49:42.024  1196  1326 D SatelliteController: getCarrierRoamingNtnConnectType: config: null
04-26 14:49:42.024  1196  1326 D SatelliteController: getCarrierRoamingNtnConnectType: Falling back to global carrier config connect type: 0
04-26 14:49:42.024  1196  1326 D SatelliteController: updateLastNotifiedCarrierRoamingNtnSignalStrengthAndNotify(1)
04-26 14:49:42.024  1196  1326 D SatelliteController: updateLastNotifiedCarrierRoamingNtnSignalStrengthAndNotify(1) lastNotifiedSignalStrength level: 0
04-26 14:49:42.024  1196  1326 D SatelliteController: updateLastNotifiedCarrierRoamingNtnSignalStrengthAndNotify(1) currSignalStrength level: 0
04-26 14:49:42.839  3865  3871 I artd    : GetBestInfo: odex next to the dex file (/data/app/~~PqdBwR9WSFUNw4iaJMgoGg==/com.google.android.gms-95Dc1VeYXyONiCBDqz_lkA==/oat/x86_64/base.odex) is kOatUpToDate with filter 'speed-profile' executable 'false'
04-26 14:49:42.841  3865  3871 I artd    : GetBestInfo: dm (/data/app/~~PqdBwR9WSFUNw4iaJMgoGg==/com.google.android.gms-95Dc1VeYXyONiCBDqz_lkA==/split_AdsDynamite_installtime.dm) is kOatUpToDate with filter 'verify' executable 'false'
04-26 14:49:42.843  3865  3871 I artd    : GetBestInfo: dm (/data/app/~~PqdBwR9WSFUNw4iaJMgoGg==/com.google.android.gms-95Dc1VeYXyONiCBDqz_lkA==/split_CronetDynamite_installtime.dm) is kOatUpToDate with filter 'verify' executable 'false'
04-26 14:49:42.844  3865  3871 I artd    : GetBestInfo: dm (/data/app/~~PqdBwR9WSFUNw4iaJMgoGg==/com.google.android.gms-95Dc1VeYXyONiCBDqz_lkA==/split_DynamiteLoader_installtime.dm) is kOatUpToDate with filter 'verify' executable 'false'
04-26 14:49:42.846  3865  3871 I artd    : GetBestInfo: dm (/data/app/~~PqdBwR9WSFUNw4iaJMgoGg==/com.google.android.gms-95Dc1VeYXyONiCBDqz_lkA==/split_DynamiteModulesA_installtime.dm) is kOatUpToDate with filter 'verify' executable 'false'
04-26 14:49:42.847  3865  3871 I artd    : GetBestInfo: dm (/data/app/~~PqdBwR9WSFUNw4iaJMgoGg==/com.google.android.gms-95Dc1VeYXyONiCBDqz_lkA==/split_DynamiteModulesC_installtime.dm) is kOatUpToDate with filter 'verify' executable 'false'
04-26 14:49:42.849  3865  3871 I artd    : GetBestInfo: dm (/data/app/~~PqdBwR9WSFUNw4iaJMgoGg==/com.google.android.gms-95Dc1VeYXyONiCBDqz_lkA==/split_GoogleCertificates_installtime.dm) is kOatUpToDate with filter 'verify' executable 'false'
04-26 14:49:42.851  3865  3871 I artd    : GetBestInfo: dm (/data/app/~~PqdBwR9WSFUNw4iaJMgoGg==/com.google.android.gms-95Dc1VeYXyONiCBDqz_lkA==/split_MapsDynamite_installtime.dm) is kOatUpToDate with filter 'verify' executable 'false'
04-26 14:49:42.852  3865  3871 I artd    : GetBestInfo: dm (/data/app/~~PqdBwR9WSFUNw4iaJMgoGg==/com.google.android.gms-95Dc1VeYXyONiCBDqz_lkA==/split_MeasurementDynamite_installtime.dm) is kOatUpToDate with filter 'verify' executable 'false'
04-26 14:49:42.854  3865  3871 I artd    : GetBestInfo: dm (/data/app/~~PqdBwR9WSFUNw4iaJMgoGg==/com.google.android.gms-95Dc1VeYXyONiCBDqz_lkA==/split_all_locale_splits.dm) is kOatUpToDate with filter 'verify' executable 'false'
04-26 14:49:42.855  3865  3871 I artd    : GetBestInfo: /data/user_de/0/com.google.android.gms/app_chimera/m/0000000a/dl-TfliteDynamiteDynamite.integ_252130102100800.apk has no usable artifacts
04-26 14:49:42.856  3865  3871 I artd    : GetBestInfo: /data/user_de/0/com.google.android.gms/app_chimera/m/00000001/CronetDynamite.apk has no usable artifacts
04-26 14:49:42.857  3865  3871 I artd    : GetBestInfo: /data/user_de/0/com.google.android.gms/app_chimera/m/00000016/dl-MlkitOcrCommon.optional_261332100800.apk has no usable artifacts
04-26 14:49:42.858  3865  3871 I artd    : GetBestInfo: /data/user_de/0/com.google.android.gms/app_chimera/m/00000002/DynamiteLoader.apk has no usable artifacts
04-26 14:49:42.859  3865  3871 I artd    : GetBestInfo: /data/user_de/0/com.google.android.gms/app_chimera/m/0000000e/dl-MlkitBarcodeUi.optional_260235100800.apk has no usable artifacts
04-26 14:49:42.861  3865  3871 I artd    : GetBestInfo: /data/user_de/0/com.google.android.gms/app_chimera/m/00000013/dl-Appsearch.optional_261332100800.apk has no usable artifacts
04-26 14:49:42.861  3865  3871 I artd    : GetBestInfo: /data/user_de/0/com.google.android.gms/app_chimera/m/00000005/GoogleCertificates.apk has no usable artifacts
04-26 14:49:42.862  3865  3871 I artd    : GetBestInfo: /data/user_de/0/com.google.android.gms/app_chimera/m/00000012/dl-PlayCloudSearch.optional_261332100000.apk has no usable artifacts
04-26 14:49:42.864  3865  3871 I artd    : GetBestInfo: vdex next to the dex file (/data/user/0/com.google.android.gms/app_dg_cache/B3ED91DEC21F0EB5284BE10D982ABEAAC45F5C48/oat/x86_64/the.vdex) is kOatUpToDate with filter 'verify' executable 'false'
04-26 14:49:42.866  3865  3871 I artd    : GetBestInfo: /data/user_de/0/com.google.android.gms/app_chimera/m/0000000f/dl-PlayCloudSearch.optional_260235100000.apk has no usable artifacts
04-26 14:49:42.867  3865  3871 I artd    : GetBestInfo: /data/user_de/0/com.google.android.gms/app_chimera/m/00000008/dl-VisionOcr.optional_260235100000.apk has no usable artifacts
04-26 14:49:42.869  3865  3871 I artd    : GetBestInfo: /data/user_de/0/com.google.android.gms/app_chimera/m/0000000b/dl-Appsearch.optional_260235100800.apk has no usable artifacts
04-26 14:49:42.871  3865  3871 I artd    : GetBestInfo: /data/user_de/0/com.google.android.gms/app_chimera/m/00000011/dl-VisionOcr.optional_261332100000.apk has no usable artifacts
04-26 14:49:42.872  3865  3871 I artd    : GetBestInfo: /data/user_de/0/com.google.android.gms/app_chimera/m/00000015/dl-MlkitBarcodeUi.optional_261332100800.apk has no usable artifacts
04-26 14:49:42.874  3865  3871 I artd    : GetBestInfo: /data/user_de/0/com.google.android.gms/app_chimera/m/00000009/dl-MlkitOcrCommon.optional_260235100800.apk has no usable artifacts
04-26 14:49:42.875  3865  3871 I artd    : GetBestInfo: vdex next to the dex file (/data/user/0/com.google.android.gms/app_dg_cache/CE973E4DE823F0AA69070767A9FABB590DDD455C/oat/x86_64/the.vdex) is kOatUpToDate with filter 'verify' executable 'false'
04-26 14:49:42.876  3865  3871 I artd    : GetBestInfo: /data/user_de/0/com.google.android.gms/app_chimera/m/00000007/MeasurementDynamite.apk has no usable artifacts
04-26 14:49:44.518   742   940 I HalDevMgr: bestIfaceCreationProposal is null, requestIface=STA, existingIface=[name=wlan0 type=STA]
04-26 14:49:45.765   742  1009 D androidtc: Initializing SystemTextClassifier, type = System
04-26 14:49:45.765   742  1009 E ClipboardService: Denying clipboard access to com.android.chrome, application is not in focus nor is it a system service for user 0
04-26 14:49:45.766  3605  3605 I AiAiTextClassifier: onCreateTextClassificationSession = TextClassificationSessionId {d0ba41f4-1d3f-46cd-9ee6-3241cbca3263}
04-26 14:49:45.767  3605  3737 I AiAiTranslate: C2T - not in a conversation
04-26 14:49:45.768  1053  1053 I ClipboardListener: Clipboard overlay suppressed.
04-26 14:49:45.768  3605  3754 I AiAiTextClassifier: GenerateLinks did not find valid links, returning empty result
04-26 14:49:45.769   742  1010 E ClipboardService: Denying clipboard access to com.android.chrome, application is not in focus nor is it a system service for user 0
04-26 14:49:45.771  1053  1053 I ClipboardListener: Clipboard overlay suppressed.
04-26 14:49:45.773  3605  3754 I AiAiTextClassifier: GenerateLinks did not find valid links, returning empty result
04-26 14:49:45.842   742  1009 D androidtc: Initializing SystemTextClassifier, type = System
04-26 14:49:45.842   742  1009 E ClipboardService: Denying clipboard access to com.android.chrome, application is not in focus nor is it a system service for user 0
04-26 14:49:45.843  3605  3605 I AiAiTextClassifier: onCreateTextClassificationSession = TextClassificationSessionId {72935515-e362-45b0-a526-c57ebd067022}
04-26 14:49:45.844  3605  3737 I AiAiTranslate: C2T - not in a conversation
04-26 14:49:45.844  3605  3754 I AiAiTextClassifier: GenerateLinks did not find valid links, returning empty result
04-26 14:49:45.845   742  1010 E ClipboardService: Denying clipboard access to com.android.chrome, application is not in focus nor is it a system service for user 0
04-26 14:49:45.845  1053  1053 I ClipboardListener: Clipboard overlay suppressed.
04-26 14:49:45.848  1053  1053 I ClipboardListener: Clipboard overlay suppressed.
04-26 14:49:45.849  3605  3754 I AiAiTextClassifier: GenerateLinks did not find valid links, returning empty result
04-26 14:49:46.058  1029  1029 I wpa_supplicant: wlan0: CTRL-EVENT-BEACON-LOSS 
04-26 14:49:46.260   742  1009 D androidtc: Initializing SystemTextClassifier, type = System
04-26 14:49:46.261   742  1009 E ClipboardService: Denying clipboard access to com.android.chrome, application is not in focus nor is it a system service for user 0
04-26 14:49:46.261  3605  3605 I AiAiTextClassifier: onCreateTextClassificationSession = TextClassificationSessionId {a457de78-c31b-4850-81c2-56d5988863e5}
04-26 14:49:46.263  3605  3737 I AiAiTranslate: C2T - not in a conversation
04-26 14:49:46.264  3605  3754 I AiAiTextClassifier: GenerateLinks did not find valid links, returning empty result
04-26 14:49:46.265   742  1010 E ClipboardService: Denying clipboard access to com.android.chrome, application is not in focus nor is it a system service for user 0
04-26 14:49:46.265  1053  1053 I ClipboardListener: Clipboard overlay suppressed.
04-26 14:49:46.267  3605  3754 I AiAiTextClassifier: GenerateLinks did not find valid links, returning empty result
04-26 14:49:46.268  1053  1053 I ClipboardListener: Clipboard overlay suppressed.
04-26 14:49:46.685   742   944 E Nl80211Native: getChannelsMhzForBand: Wiphy index not recorded for band 8
04-26 14:49:46.685   742   944 E Nl80211Native: getChannelsMhzForBand: Wiphy index not recorded for band 16
04-26 14:49:46.685   742   944 D Nl80211Native: Ignoring unsupported scan type 2
04-26 14:49:46.685   742   944 I Nl80211Proxy: Sending Nl80211 message: GenericNetlinkMsg{ nlHeader{StructNlMsgHdr{ nlmsg_len{56}, nlmsg_type{30()}, nlmsg_flags{5(NLM_F_REQUEST|NLM_F_ACK)}, nlmsg_seq{102}, nlmsg_pid{0} }}, genNlHeader{StructGenNlMsgHdr{ command{33}, version{1}, reserved{0} }}, attributes{[StructNlAttr{ nla_len{8}, nla_type{-32723}, nla_value{04000000}, }, StructNlAttr{ nla_len{8}, nla_type{3}, nla_value{10000000}, }, StructNlAttr{ nla_len{12}, nla_type{-32724}, nla_value{080000008F090000}, }, StructNlAttr{ nla_len{8}, nla_type{158}, nla_value{00000000}, }]} }
04-26 14:49:46.686   742   944 I Nl80211Proxy: Received NLMSG_ERROR with error 0 for message GenericNetlinkMsg{ nlHeader{StructNlMsgHdr{ nlmsg_len{56}, nlmsg_type{30()}, nlmsg_flags{5(NLM_F_REQUEST|NLM_F_ACK)}, nlmsg_seq{102}, nlmsg_pid{0} }}, genNlHeader{StructGenNlMsgHdr{ command{33}, version{1}, reserved{0} }}, attributes{[StructNlAttr{ nla_len{8}, nla_type{-32723}, nla_value{04000000}, }, StructNlAttr{ nla_len{8}, nla_type{3}, nla_value{10000000}, }, StructNlAttr{ nla_len{12}, nla_type{-32724}, nla_value{080000008F090000}, }, StructNlAttr{ nla_len{8}, nla_type{158}, nla_value{00000000}, }]} }
04-26 14:49:46.732   742   940 D WifiNative: Scan result ready event
04-26 14:49:46.733   742   944 I Nl80211Proxy: Sending Nl80211 message: GenericNetlinkMsg{ nlHeader{StructNlMsgHdr{ nlmsg_len{20}, nlmsg_type{30()}, nlmsg_flags{769(NLM_F_REQUEST|NLM_F_DUMP)}, nlmsg_seq{103}, nlmsg_pid{0} }}, genNlHeader{StructGenNlMsgHdr{ command{5}, version{1}, reserved{0} }}, attributes{[]} }
04-26 14:49:46.733   742   944 I Nl80211Proxy: Received NLMSG_DONE for message GenericNetlinkMsg{ nlHeader{StructNlMsgHdr{ nlmsg_len{20}, nlmsg_type{30()}, nlmsg_flags{769(NLM_F_REQUEST|NLM_F_DUMP)}, nlmsg_seq{103}, nlmsg_pid{0} }}, genNlHeader{StructGenNlMsgHdr{ command{5}, version{1}, reserved{0} }}, attributes{[]} }
04-26 14:49:46.733   742   944 W Nl80211Utils: Malformed NEW_INTERFACE response: missing attributes
04-26 14:49:46.733   742   944 I Nl80211Proxy: Sending Nl80211 message: GenericNetlinkMsg{ nlHeader{StructNlMsgHdr{ nlmsg_len{28}, nlmsg_type{30()}, nlmsg_flags{769(NLM_F_REQUEST|NLM_F_DUMP)}, nlmsg_seq{104}, nlmsg_pid{0} }}, genNlHeader{StructGenNlMsgHdr{ command{32}, version{1}, reserved{0} }}, attributes{[StructNlAttr{ nla_len{8}, nla_type{3}, nla_value{10000000}, }]} }
04-26 14:49:46.733   742   944 I Nl80211Proxy: Received NLMSG_DONE for message GenericNetlinkMsg{ nlHeader{StructNlMsgHdr{ nlmsg_len{28}, nlmsg_type{30()}, nlmsg_flags{769(NLM_F_REQUEST|NLM_F_DUMP)}, nlmsg_seq{104}, nlmsg_pid{0} }}, genNlHeader{StructGenNlMsgHdr{ command{32}, version{1}, reserved{0} }}, attributes{[StructNlAttr{ nla_len{8}, nla_type{3}, nla_value{10000000}, }]} }
04-26 14:49:46.734  1391  3598 I WifiScanner: onFullResults
04-26 14:49:46.734  1391  1412 I WifiScanner: onFullResults
04-26 14:49:46.736   742   940 I HalDevMgr: bestIfaceCreationProposal is null, requestIface=STA, existingIface=[name=wlan0 type=STA]
04-26 14:49:47.350   742  1009 D androidtc: Initializing SystemTextClassifier, type = System
04-26 14:49:47.351   742  1009 E ClipboardService: Denying clipboard access to com.android.chrome, application is not in focus nor is it a system service for user 0
04-26 14:49:47.351  3605  3605 I AiAiTextClassifier: onCreateTextClassificationSession = TextClassificationSessionId {151e1c6b-4d07-4efd-aa5a-4e9db060e694}
04-26 14:49:47.353  3605  3737 I AiAiTranslate: C2T - not in a conversation
04-26 14:49:47.353  3605  3754 I AiAiTextClassifier: GenerateLinks did not find valid links, returning empty result
04-26 14:49:47.354  1053  1053 I ClipboardListener: Clipboard overlay suppressed.
04-26 14:49:47.354   742  1010 E ClipboardService: Denying clipboard access to com.android.chrome, application is not in focus nor is it a system service for user 0
04-26 14:49:47.356  1053  1053 I ClipboardListener: Clipboard overlay suppressed.
04-26 14:49:47.358  3605  3754 I AiAiTextClassifier: GenerateLinks did not find valid links, returning empty result
04-26 14:49:47.524   742   940 I HalDevMgr: bestIfaceCreationProposal is null, requestIface=STA, existingIface=[name=wlan0 type=STA]
04-26 14:49:50.532   742   940 I HalDevMgr: bestIfaceCreationProposal is null, requestIface=STA, existingIface=[name=wlan0 type=STA]
04-26 14:49:50.878   742  1009 D androidtc: Initializing SystemTextClassifier, type = System
04-26 14:49:50.878   742  1009 E ClipboardService: Denying clipboard access to com.android.chrome, application is not in focus nor is it a system service for user 0
04-26 14:49:50.879  3605  3605 I AiAiTextClassifier: onCreateTextClassificationSession = TextClassificationSessionId {28b7d4ea-6f60-40be-a0c6-cada0493fb41}
04-26 14:49:50.881  3605  3754 I AiAiTextClassifier: GenerateLinks did not find valid links, returning empty result
04-26 14:49:50.881  3605  3737 I AiAiTranslate: C2T - not in a conversation
04-26 14:49:50.881   742  1010 E ClipboardService: Denying clipboard access to com.android.chrome, application is not in focus nor is it a system service for user 0
04-26 14:49:50.883  1053  1053 I ClipboardListener: Clipboard overlay suppressed.
04-26 14:49:50.885  3605  3754 I AiAiTextClassifier: GenerateLinks did not find valid links, returning empty result
04-26 14:49:50.885  1053  1053 I ClipboardListener: Clipboard overlay suppressed.
04-26 14:49:51.695   742  1009 E ClipboardService: Denying clipboard access to com.android.chrome, application is not in focus nor is it a system service for user 0
04-26 14:49:51.697  3605  3737 I AiAiTranslate: C2T - not in a conversation
04-26 14:49:51.698  1053  1053 I ClipboardListener: Clipboard overlay suppressed.
04-26 14:49:51.883   742  1009 D androidtc: Initializing SystemTextClassifier, type = System
04-26 14:49:51.883   742  1009 E ClipboardService: Denying clipboard access to com.android.chrome, application is not in focus nor is it a system service for user 0
04-26 14:49:51.884  3605  3605 I AiAiTextClassifier: onCreateTextClassificationSession = TextClassificationSessionId {bedc5453-1001-4c54-aa86-f2b3a17602ee}
04-26 14:49:51.886  3605  3737 I AiAiTranslate: C2T - not in a conversation
04-26 14:49:51.887  1053  1053 I ClipboardListener: Clipboard overlay suppressed.
04-26 14:49:51.888  3605  3754 I AiAiTextClassifier: GenerateLinks did not find valid links, returning empty result
04-26 14:49:51.888   742  1010 E ClipboardService: Denying clipboard access to com.android.chrome, application is not in focus nor is it a system service for user 0
04-26 14:49:51.891  3605  3754 I AiAiTextClassifier: GenerateLinks did not find valid links, returning empty result
04-26 14:49:51.892  1053  1053 I ClipboardListener: Clipboard overlay suppressed.
04-26 14:49:52.023  1196  1326 D SatelliteController: isInCarrierRoamingNbIotNtn: satellite is disabled
04-26 14:49:52.023  1196  1326 D SatelliteController: getCarrierRoamingNtnConnectType: Checking connect type from PLMN config for subId: 1
04-26 14:49:52.024  1196  1326 D SatelliteController: getSatellitePerPlmnConfiguration: invalid subId or not supported via carrier.
04-26 14:49:52.024  1196  1326 D SatelliteController: getCarrierRoamingNtnConnectType: config: null
04-26 14:49:52.024  1196  1326 D SatelliteController: getCarrierRoamingNtnConnectType: Falling back to global carrier config connect type: 0
04-26 14:49:52.025  1196  1326 D SatelliteController: updateLastNotifiedCarrierRoamingNtnSignalStrengthAndNotify(1)
04-26 14:49:52.026  1196  1326 D SatelliteController: updateLastNotifiedCarrierRoamingNtnSignalStrengthAndNotify(1) lastNotifiedSignalStrength level: 0
04-26 14:49:52.026  1196  1326 D SatelliteController: updateLastNotifiedCarrierRoamingNtnSignalStrengthAndNotify(1) currSignalStrength level: 0
04-26 14:49:52.062   742  1009 D androidtc: Initializing SystemTextClassifier, type = System
04-26 14:49:52.062   742  1009 E ClipboardService: Denying clipboard access to com.android.chrome, application is not in focus nor is it a system service for user 0
04-26 14:49:52.063  3605  3605 I AiAiTextClassifier: onCreateTextClassificationSession = TextClassificationSessionId {ba297069-511e-4039-a491-ccd667f8c46a}
04-26 14:49:52.064  3605  3737 I AiAiTranslate: C2T - not in a conversation
04-26 14:49:52.065  1053  1053 I ClipboardListener: Clipboard overlay suppressed.
04-26 14:49:52.066   552   632 W skia    : AGTM parsing failed flags.readFromStream(s) at 159
04-26 14:49:52.066   552   632 W skia    : AGTM parsing failed flags.readFromStream(s) at 159
04-26 14:49:52.068  3605  3754 I AiAiTextClassifier: GenerateLinks did not find valid links, returning empty result
04-26 14:49:52.069   742  1010 E ClipboardService: Denying clipboard access to com.android.chrome, application is not in focus nor is it a system service for user 0
04-26 14:49:52.073  3605  3754 I AiAiTextClassifier: GenerateLinks did not find valid links, returning empty result
04-26 14:49:52.074  1053  1053 I ClipboardListener: Clipboard overlay suppressed.
04-26 14:49:52.827  3865  3871 I artd    : GetBestInfo: odex next to the dex file (/data/app/~~PqdBwR9WSFUNw4iaJMgoGg==/com.google.android.gms-95Dc1VeYXyONiCBDqz_lkA==/oat/x86_64/base.odex) is kOatUpToDate with filter 'speed-profile' executable 'false'
04-26 14:49:52.829  3865  3871 I artd    : GetBestInfo: dm (/data/app/~~PqdBwR9WSFUNw4iaJMgoGg==/com.google.android.gms-95Dc1VeYXyONiCBDqz_lkA==/split_AdsDynamite_installtime.dm) is kOatUpToDate with filter 'verify' executable 'false'
04-26 14:49:52.831  3865  3871 I artd    : GetBestInfo: dm (/data/app/~~PqdBwR9WSFUNw4iaJMgoGg==/com.google.android.gms-95Dc1VeYXyONiCBDqz_lkA==/split_CronetDynamite_installtime.dm) is kOatUpToDate with filter 'verify' executable 'false'
04-26 14:49:52.833  3865  3871 I artd    : GetBestInfo: dm (/data/app/~~PqdBwR9WSFUNw4iaJMgoGg==/com.google.android.gms-95Dc1VeYXyONiCBDqz_lkA==/split_DynamiteLoader_installtime.dm) is kOatUpToDate with filter 'verify' executable 'false'
04-26 14:49:52.834  3865  3871 I artd    : GetBestInfo: dm (/data/app/~~PqdBwR9WSFUNw4iaJMgoGg==/com.google.android.gms-95Dc1VeYXyONiCBDqz_lkA==/split_DynamiteModulesA_installtime.dm) is kOatUpToDate with filter 'verify' executable 'false'
04-26 14:49:52.836  3865  3871 I artd    : GetBestInfo: dm (/data/app/~~PqdBwR9WSFUNw4iaJMgoGg==/com.google.android.gms-95Dc1VeYXyONiCBDqz_lkA==/split_DynamiteModulesC_installtime.dm) is kOatUpToDate with filter 'verify' executable 'false'
04-26 14:49:52.837  3865  3871 I artd    : GetBestInfo: dm (/data/app/~~PqdBwR9WSFUNw4iaJMgoGg==/com.google.android.gms-95Dc1VeYXyONiCBDqz_lkA==/split_GoogleCertificates_installtime.dm) is kOatUpToDate with filter 'verify' executable 'false'
04-26 14:49:52.839  3865  3871 I artd    : GetBestInfo: dm (/data/app/~~PqdBwR9WSFUNw4iaJMgoGg==/com.google.android.gms-95Dc1VeYXyONiCBDqz_lkA==/split_MapsDynamite_installtime.dm) is kOatUpToDate with filter 'verify' executable 'false'
04-26 14:49:52.841  3865  3871 I artd    : GetBestInfo: dm (/data/app/~~PqdBwR9WSFUNw4iaJMgoGg==/com.google.android.gms-95Dc1VeYXyONiCBDqz_lkA==/split_MeasurementDynamite_installtime.dm) is kOatUpToDate with filter 'verify' executable 'false'
04-26 14:49:52.842  3865  3871 I artd    : GetBestInfo: dm (/data/app/~~PqdBwR9WSFUNw4iaJMgoGg==/com.google.android.gms-95Dc1VeYXyONiCBDqz_lkA==/split_all_locale_splits.dm) is kOatUpToDate with filter 'verify' executable 'false'
04-26 14:49:52.843  3865  3871 I artd    : GetBestInfo: /data/user_de/0/com.google.android.gms/app_chimera/m/0000000a/dl-TfliteDynamiteDynamite.integ_252130102100800.apk has no usable artifacts
04-26 14:49:52.844  3865  3871 I artd    : GetBestInfo: /data/user_de/0/com.google.android.gms/app_chimera/m/00000001/CronetDynamite.apk has no usable artifacts
04-26 14:49:52.845  3865  3871 I artd    : GetBestInfo: /data/user_de/0/com.google.android.gms/app_chimera/m/00000016/dl-MlkitOcrCommon.optional_261332100800.apk has no usable artifacts
04-26 14:49:52.846  3865  3871 I artd    : GetBestInfo: /data/user_de/0/com.google.android.gms/app_chimera/m/00000002/DynamiteLoader.apk has no usable artifacts
04-26 14:49:52.847  3865  3871 I artd    : GetBestInfo: /data/user_de/0/com.google.android.gms/app_chimera/m/0000000e/dl-MlkitBarcodeUi.optional_260235100800.apk has no usable artifacts
04-26 14:49:52.849  3865  3871 I artd    : GetBestInfo: /data/user_de/0/com.google.android.gms/app_chimera/m/00000013/dl-Appsearch.optional_261332100800.apk has no usable artifacts
04-26 14:49:52.850  3865  3871 I artd    : GetBestInfo: /data/user_de/0/com.google.android.gms/app_chimera/m/00000005/GoogleCertificates.apk has no usable artifacts
04-26 14:49:52.851  3865  3871 I artd    : GetBestInfo: /data/user_de/0/com.google.android.gms/app_chimera/m/00000012/dl-PlayCloudSearch.optional_261332100000.apk has no usable artifacts
04-26 14:49:52.853  3865  3871 I artd    : GetBestInfo: vdex next to the dex file (/data/user/0/com.google.android.gms/app_dg_cache/B3ED91DEC21F0EB5284BE10D982ABEAAC45F5C48/oat/x86_64/the.vdex) is kOatUpToDate with filter 'verify' executable 'false'
04-26 14:49:52.854  3865  3871 I artd    : GetBestInfo: /data/user_de/0/com.google.android.gms/app_chimera/m/0000000f/dl-PlayCloudSearch.optional_260235100000.apk has no usable artifacts
04-26 14:49:52.856  3865  3871 I artd    : GetBestInfo: /data/user_de/0/com.google.android.gms/app_chimera/m/00000008/dl-VisionOcr.optional_260235100000.apk has no usable artifacts
04-26 14:49:52.858  3865  3871 I artd    : GetBestInfo: /data/user_de/0/com.google.android.gms/app_chimera/m/0000000b/dl-Appsearch.optional_260235100800.apk has no usable artifacts
04-26 14:49:52.859  3865  3871 I artd    : GetBestInfo: /data/user_de/0/com.google.android.gms/app_chimera/m/00000011/dl-VisionOcr.optional_261332100000.apk has no usable artifacts
04-26 14:49:52.861  3865  3871 I artd    : GetBestInfo: /data/user_de/0/com.google.android.gms/app_chimera/m/00000015/dl-MlkitBarcodeUi.optional_261332100800.apk has no usable artifacts
04-26 14:49:52.863  3865  3871 I artd    : GetBestInfo: /data/user_de/0/com.google.android.gms/app_chimera/m/00000009/dl-MlkitOcrCommon.optional_260235100800.apk has no usable artifacts
04-26 14:49:52.864  3865  3871 I artd    : GetBestInfo: vdex next to the dex file (/data/user/0/com.google.android.gms/app_dg_cache/CE973E4DE823F0AA69070767A9FABB590DDD455C/oat/x86_64/the.vdex) is kOatUpToDate with filter 'verify' executable 'false'
04-26 14:49:52.865  3865  3871 I artd    : GetBestInfo: /data/user_de/0/com.google.android.gms/app_chimera/m/00000007/MeasurementDynamite.apk has no usable artifacts
04-26 14:49:53.540   742   940 I HalDevMgr: bestIfaceCreationProposal is null, requestIface=STA, existingIface=[name=wlan0 type=STA]
04-26 14:49:54.249  1029  1029 I wpa_supplicant: wlan0: CTRL-EVENT-BEACON-LOSS 
04-26 14:49:56.548   742   940 I HalDevMgr: bestIfaceCreationProposal is null, requestIface=STA, existingIface=[name=wlan0 type=STA]
04-26 14:49:59.556   742   940 I HalDevMgr: bestIfaceCreationProposal is null, requestIface=STA, existingIface=[name=wlan0 type=STA]
04-26 14:50:00.029   552   632 W skia    : AGTM parsing failed flags.readFromStream(s) at 159
04-26 14:50:00.029   552   632 W skia    : AGTM parsing failed flags.readFromStream(s) at 159
04-26 14:50:02.023  1196  1326 D SatelliteController: isInCarrierRoamingNbIotNtn: satellite is disabled
04-26 14:50:02.023  1196  1326 D SatelliteController: getCarrierRoamingNtnConnectType: Checking connect type from PLMN config for subId: 1
04-26 14:50:02.024  1196  1326 D SatelliteController: getSatellitePerPlmnConfiguration: invalid subId or not supported via carrier.
04-26 14:50:02.024  1196  1326 D SatelliteController: getCarrierRoamingNtnConnectType: config: null
04-26 14:50:02.024  1196  1326 D SatelliteController: getCarrierRoamingNtnConnectType: Falling back to global carrier config connect type: 0
04-26 14:50:02.024  1196  1326 D SatelliteController: updateLastNotifiedCarrierRoamingNtnSignalStrengthAndNotify(1)
04-26 14:50:02.024  1196  1326 D SatelliteController: updateLastNotifiedCarrierRoamingNtnSignalStrengthAndNotify(1) lastNotifiedSignalStrength level: 0
04-26 14:50:02.024  1196  1326 D SatelliteController: updateLastNotifiedCarrierRoamingNtnSignalStrengthAndNotify(1) currSignalStrength level: 0
04-26 14:50:02.186  1029  1029 I wpa_supplicant: wlan0: CTRL-EVENT-BEACON-LOSS 
04-26 14:50:02.559   742   969 I AdbWifiNetworkMonitor: Wi-Fi network available
04-26 14:50:02.559   742   969 I AdbWifiNetworkMonitor: Received the same Wi-Fi SSID. Ignoring.
04-26 14:50:02.563   742   940 I HalDevMgr: bestIfaceCreationProposal is null, requestIface=STA, existingIface=[name=wlan0 type=STA]
04-26 14:50:02.563   742   946 W libbinder.IPCThreadState: Sending oneway calls to frozen process.
04-26 14:50:02.563   742   946 W libbinder.IPCThreadState: Sending oneway calls to frozen process.
04-26 14:50:02.563   742   946 W libbinder.IPCThreadState: Sending oneway calls to frozen process.
04-26 14:50:02.565  1391  1412 I NullBinder: NullBinder for android.net.action.RECOMMEND_NETWORKS triggering remote TransactionTooLargeException due to Service without Chimera impl, calling uid: 1000, calling pid: 0
04-26 14:50:02.565  1391  1412 W libbinder.Binder: Large reply transaction of 1056768 bytes, interface descriptor , function: UNKNOWN_FUNCTION_NAME, code: 1, flags: 17
04-26 14:50:02.828  3865  3871 I artd    : GetBestInfo: odex next to the dex file (/data/app/~~PqdBwR9WSFUNw4iaJMgoGg==/com.google.android.gms-95Dc1VeYXyONiCBDqz_lkA==/oat/x86_64/base.odex) is kOatUpToDate with filter 'speed-profile' executable 'false'
04-26 14:50:02.830  3865  3871 I artd    : GetBestInfo: dm (/data/app/~~PqdBwR9WSFUNw4iaJMgoGg==/com.google.android.gms-95Dc1VeYXyONiCBDqz_lkA==/split_AdsDynamite_installtime.dm) is kOatUpToDate with filter 'verify' executable 'false'
04-26 14:50:02.831  3865  3871 I artd    : GetBestInfo: dm (/data/app/~~PqdBwR9WSFUNw4iaJMgoGg==/com.google.android.gms-95Dc1VeYXyONiCBDqz_lkA==/split_CronetDynamite_installtime.dm) is kOatUpToDate with filter 'verify' executable 'false'
04-26 14:50:02.833  3865  3871 I artd    : GetBestInfo: dm (/data/app/~~PqdBwR9WSFUNw4iaJMgoGg==/com.google.android.gms-95Dc1VeYXyONiCBDqz_lkA==/split_DynamiteLoader_installtime.dm) is kOatUpToDate with filter 'verify' executable 'false'
04-26 14:50:02.835  3865  3871 I artd    : GetBestInfo: dm (/data/app/~~PqdBwR9WSFUNw4iaJMgoGg==/com.google.android.gms-95Dc1VeYXyONiCBDqz_lkA==/split_DynamiteModulesA_installtime.dm) is kOatUpToDate with filter 'verify' executable 'false'
04-26 14:50:02.836  3865  3871 I artd    : GetBestInfo: dm (/data/app/~~PqdBwR9WSFUNw4iaJMgoGg==/com.google.android.gms-95Dc1VeYXyONiCBDqz_lkA==/split_DynamiteModulesC_installtime.dm) is kOatUpToDate with filter 'verify' executable 'false'
04-26 14:50:02.838  3865  3871 I artd    : GetBestInfo: dm (/data/app/~~PqdBwR9WSFUNw4iaJMgoGg==/com.google.android.gms-95Dc1VeYXyONiCBDqz_lkA==/split_GoogleCertificates_installtime.dm) is kOatUpToDate with filter 'verify' executable 'false'
04-26 14:50:02.839  3865  3871 I artd    : GetBestInfo: dm (/data/app/~~PqdBwR9WSFUNw4iaJMgoGg==/com.google.android.gms-95Dc1VeYXyONiCBDqz_lkA==/split_MapsDynamite_installtime.dm) is kOatUpToDate with filter 'verify' executable 'false'
04-26 14:50:02.841  3865  3871 I artd    : GetBestInfo: dm (/data/app/~~PqdBwR9WSFUNw4iaJMgoGg==/com.google.android.gms-95Dc1VeYXyONiCBDqz_lkA==/split_MeasurementDynamite_installtime.dm) is kOatUpToDate with filter 'verify' executable 'false'
04-26 14:50:02.842  3865  3871 I artd    : GetBestInfo: dm (/data/app/~~PqdBwR9WSFUNw4iaJMgoGg==/com.google.android.gms-95Dc1VeYXyONiCBDqz_lkA==/split_all_locale_splits.dm) is kOatUpToDate with filter 'verify' executable 'false'
04-26 14:50:02.843  3865  3871 I artd    : GetBestInfo: /data/user_de/0/com.google.android.gms/app_chimera/m/0000000a/dl-TfliteDynamiteDynamite.integ_252130102100800.apk has no usable artifacts
04-26 14:50:02.844  3865  3871 I artd    : GetBestInfo: /data/user_de/0/com.google.android.gms/app_chimera/m/00000001/CronetDynamite.apk has no usable artifacts
04-26 14:50:02.845  3865  3871 I artd    : GetBestInfo: /data/user_de/0/com.google.android.gms/app_chimera/m/00000016/dl-MlkitOcrCommon.optional_261332100800.apk has no usable artifacts
04-26 14:50:02.846  3865  3871 I artd    : GetBestInfo: /data/user_de/0/com.google.android.gms/app_chimera/m/00000002/DynamiteLoader.apk has no usable artifacts
04-26 14:50:02.848  3865  3871 I artd    : GetBestInfo: /data/user_de/0/com.google.android.gms/app_chimera/m/0000000e/dl-MlkitBarcodeUi.optional_260235100800.apk has no usable artifacts
04-26 14:50:02.849  3865  3871 I artd    : GetBestInfo: /data/user_de/0/com.google.android.gms/app_chimera/m/00000013/dl-Appsearch.optional_261332100800.apk has no usable artifacts
04-26 14:50:02.850  3865  3871 I artd    : GetBestInfo: /data/user_de/0/com.google.android.gms/app_chimera/m/00000005/GoogleCertificates.apk has no usable artifacts
04-26 14:50:02.851  3865  3871 I artd    : GetBestInfo: /data/user_de/0/com.google.android.gms/app_chimera/m/00000012/dl-PlayCloudSearch.optional_261332100000.apk has no usable artifacts
04-26 14:50:02.852  3865  3871 I artd    : GetBestInfo: vdex next to the dex file (/data/user/0/com.google.android.gms/app_dg_cache/B3ED91DEC21F0EB5284BE10D982ABEAAC45F5C48/oat/x86_64/the.vdex) is kOatUpToDate with filter 'verify' executable 'false'
04-26 14:50:02.854  3865  3871 I artd    : GetBestInfo: /data/user_de/0/com.google.android.gms/app_chimera/m/0000000f/dl-PlayCloudSearch.optional_260235100000.apk has no usable artifacts
04-26 14:50:02.855  3865  3871 I artd    : GetBestInfo: /data/user_de/0/com.google.android.gms/app_chimera/m/00000008/dl-VisionOcr.optional_260235100000.apk has no usable artifacts
04-26 14:50:02.857  3865  3871 I artd    : GetBestInfo: /data/user_de/0/com.google.android.gms/app_chimera/m/0000000b/dl-Appsearch.optional_260235100800.apk has no usable artifacts
04-26 14:50:02.858  3865  3871 I artd    : GetBestInfo: /data/user_de/0/com.google.android.gms/app_chimera/m/00000011/dl-VisionOcr.optional_261332100000.apk has no usable artifacts
04-26 14:50:02.860  3865  3871 I artd    : GetBestInfo: /data/user_de/0/com.google.android.gms/app_chimera/m/00000015/dl-MlkitBarcodeUi.optional_261332100800.apk has no usable artifacts
04-26 14:50:02.862  3865  3871 I artd    : GetBestInfo: /data/user_de/0/com.google.android.gms/app_chimera/m/00000009/dl-MlkitOcrCommon.optional_260235100800.apk has no usable artifacts
04-26 14:50:02.863  3865  3871 I artd    : GetBestInfo: vdex next to the dex file (/data/user/0/com.google.android.gms/app_dg_cache/CE973E4DE823F0AA69070767A9FABB590DDD455C/oat/x86_64/the.vdex) is kOatUpToDate with filter 'verify' executable 'false'
04-26 14:50:02.864  3865  3871 I artd    : GetBestInfo: /data/user_de/0/com.google.android.gms/app_chimera/m/00000007/MeasurementDynamite.apk has no usable artifacts
04-26 14:50:05.571   742   940 I HalDevMgr: bestIfaceCreationProposal is null, requestIface=STA, existingIface=[name=wlan0 type=STA]
04-26 14:50:08.579   742   940 I HalDevMgr: bestIfaceCreationProposal is null, requestIface=STA, existingIface=[name=wlan0 type=STA]
04-26 14:50:10.122  1029  1029 I wpa_supplicant: wlan0: CTRL-EVENT-BEACON-LOSS 
04-26 14:50:11.584   742   969 I AdbWifiNetworkMonitor: Wi-Fi network available
04-26 14:50:11.584   742   969 I AdbWifiNetworkMonitor: Received the same Wi-Fi SSID. Ignoring.
04-26 14:50:11.587   742   940 I HalDevMgr: bestIfaceCreationProposal is null, requestIface=STA, existingIface=[name=wlan0 type=STA]
04-26 14:50:11.589   742   946 W libbinder.IPCThreadState: Sending oneway calls to frozen process.
04-26 14:50:11.589   742   946 W libbinder.IPCThreadState: Sending oneway calls to frozen process.
04-26 14:50:11.589   742   946 W libbinder.IPCThreadState: Sending oneway calls to frozen process.
04-26 14:50:11.591  1391  2492 I NullBinder: NullBinder for android.net.action.RECOMMEND_NETWORKS triggering remote TransactionTooLargeException due to Service without Chimera impl, calling uid: 1000, calling pid: 0
