04-26 15:03:12.991   509 12908 D android.hardware.audio@7.1-impl.ranchu: 544 frames of silence written
04-26 15:03:12.992 12395 12395 I Finsky  : [2] Resetting scheduler db
04-26 15:03:13.003   509 12908 D android.hardware.audio@7.1-impl.ranchu: 544 frames of silence written
04-26 15:03:13.005 12126 12126 D RecentTasksList: invalidateLoadedTasks - previous requestLoadId: -1
04-26 15:03:13.014   509 12908 D android.hardware.audio@7.1-impl.ranchu: 544 frames of silence written
04-26 15:03:13.021 12395 12395 I Finsky  : [2] ajjp - Received: android.intent.action.PACKAGE_ADDED, [n076RJLEETmEZ61FBJHrGFwh-0szukPG_iaeB-mhrwQ]
04-26 15:03:13.020  1053  1107 V RecentTasksController: generateList(getRecentTasks)
04-26 15:03:13.022  1053  1107 V RecentTasksController: initializeDesksMap - allDeskIds: []
04-26 15:03:13.022  1053  1107 V RecentTasksController: Task 88 is not an active desktop task
04-26 15:03:13.022  1053  1107 V RecentTasksController: Added fullscreen task: 88
04-26 15:03:13.022  1053  1107 V RecentTasksController: generateList - complete
04-26 15:03:13.023   506   506 D Zygote  : Forked child process 13583
04-26 15:03:13.026   509 12908 D android.hardware.audio@7.1-impl.ranchu: 544 frames of silence written
04-26 15:03:13.030   742   789 W ActivityManager: Slow operation: 150ms so far, now at startProcess: returned from zygote!
04-26 15:03:13.030   742  6041 D IntervalStats: Unable to parse usage stats packages: [273]
04-26 15:03:13.031   742  6041 D IntervalStats: Unable to parse usage stats packages: [273]
04-26 15:03:13.038   509 12908 D android.hardware.audio@7.1-impl.ranchu: 544 frames of silence written
04-26 15:03:13.040 13583 13583 I Zygote  : Process 13583 created for com.muonline.client
04-26 15:03:13.040 13583 13583 I muonline.client: Using generational CollectorTypeCMC GC.
04-26 15:03:13.041   742   789 W ActivityManager: Slow operation: 165ms so far, now at startProcess: done updating battery stats
04-26 15:03:13.041   742   789 W ActivityManager: Slow operation: 165ms so far, now at startProcess: building log message
04-26 15:03:13.041   742   789 I ActivityManager: Start proc 13583:com.muonline.client/u0a230 for next-top-activity {com.muonline.client/com.muonline.client.PreloadActivity}
04-26 15:03:13.041   742   789 W ActivityManager: Slow operation: 165ms so far, now at startProcess: starting to update pids map
04-26 15:03:13.042 13583 13583 W muonline.client: Unexpected CPU variant for x86: x86_64.
04-26 15:03:13.042 13583 13583 W muonline.client: Known variants: atom, sandybridge, silvermont, goldmont, goldmont-plus, goldmont-without-sha-xsaves, tremont, kabylake, alderlake, lunarlake, default
04-26 15:03:13.048   509 12908 D android.hardware.audio@7.1-impl.ranchu: 544 frames of silence written
04-26 15:03:13.059   509 12908 D android.hardware.audio@7.1-impl.ranchu: 544 frames of silence written
04-26 15:03:13.063 12395 12395 I Finsky  : [2] DTU: Received onPackageAdded, replacing: true
04-26 15:03:13.070   742   779 V WindowManager: Sent Transition (#179) createdAt=04-26 15:03:12.801 via request=TransitionRequestInfo { type = OPEN, triggerTask = TaskInfo{userId=0 taskId=88 effectiveUid=10230 displayId=0 isRunning=true baseIntent=Intent { flg=0x10000000 cmp=com.muonline.client/.PreloadActivity } baseActivity=ComponentInfo{com.muonline.client/com.muonline.client.PreloadActivity} topActivity=ComponentInfo{com.muonline.client/com.muonline.client.PreloadActivity} origActivity=null realActivity=ComponentInfo{com.muonline.client/com.muonline.client.PreloadActivity} realActivityIsAppLockEnabled=false numActivities=1 lastActiveTime=5153630 supportsMultiWindow=true supportsMultiWindowWithoutConstraints=true resizeMode=1 isResizeable=true minWidth=-1 minHeight=-1 defaultMinSize=220 token=WCT{RemoteToken{34d3ed0 Task{179bee3 #88 type=standard A=10230:com.muonline.client}}} topActivityType=1 pictureInPictureParams=null shouldDockBigOverlays=false launchIntoPipHostTaskId=-1 lastParentTaskIdBeforePip=-1 displayCutoutSafeInsets=Rect(0, 132 - 0, 0) topActivityInfo=ActivityInfo{5e74ec9 com.muonline.client.PreloadActivity} launchCookies=[] positionInParent=Point(0, 0) parentTaskId=-1 isFocused=false isInteractive=false isVisible=false isVisibleRequested=false isTopActivityNoDisplay=false isSleeping=false locusId=null displayAreaFeatureId=1 isTopActivityTransparent=false isActivityStackTransparent=false lastNonFullscreenBounds=null leafTaskBoundsFromOptions= false capturedLink=null capturedLinkTimestamp=0 requestedVisibleTypes=503 topActivityRequestOpenInBrowserEducationTimestamp=0 appCompatTaskInfo=AppCompatTaskInfo { topActivityInSizeCompat=false isLeafTask= true eligibleForLetterboxEducation= false isLetterboxEducationEnabled= true isLetterboxDoubleTapEnabled= false eligibleForUserAspectRatioButton= false topActivityBoundsLetterboxed= false isFromLetterboxDoubleTap= false topActivityLetterboxVerticalPosition= -1 topActivityLetterboxHorizontalPosition= -1 topActivityLetterboxWidth=-1 topActivityLetterboxHeight=-1 topActivityAppBounds=Rect(0, 132 - 1080, 2337) isUserFullscreenOverrideEnabled=false isSystemFullscreenOverrideEnabled=false hasMinAspectRatioOverride=false topActivityLetterboxBounds=null topNonResizableActivityAspectRatio=-1.0} topActivityMainWindowFrame=null isAppBubble=false}, pipChange = null, remoteTransitionInfo = null, displayChange = null, requestedLocation = null, userChange = null, windowingLayerChange = null, fullscreenRequestChange = null, flags = 0, debugId = 179 }
04-26 15:03:13.070   742   779 V WindowManager:     startWCT=WindowContainerTransaction { changes= {} hops= [] flags= 0 errorCallbackToken=null taskFragmentOrganizer=null }
04-26 15:03:13.070   742   779 V WindowManager:     info={id=179 t=OPEN f=0x0 trk=0 r=[0@Point(0, 0)] c=[
04-26 15:03:13.070   742   779 V WindowManager:         {WCT{RemoteToken{34d3ed0 Task{179bee3 #88 type=standard A=10230:com.muonline.client}}} m=OPEN f=MOVE_TO_TOP leash=Surface(name=Task=88#754)/@0xdfae782 sb=Rect(0, 0 - 1080, 2400) eb=Rect(0, 0 - 1080, 2400) epz=Point(1080, 2400) d=0 endFixedRotation=1 taskParent=-1 winMode=1 userId=0},
04-26 15:03:13.070   742   779 V WindowManager:         {WCT{RemoteToken{cbdf155 Task{87c873b #1 type=home}}} m=TO_BACK f=SHOW_WALLPAPER leash=Surface(name=Task=1#34)/@0x479ba74 sb=Rect(0, 0 - 1080, 2400) eb=Rect(0, 0 - 1080, 2400) epz=Point(1080, 2400) d=0 taskParent=-1 winMode=1 userId=0},
04-26 15:03:13.070   742   779 V WindowManager:         {m=TO_BACK f=IS_WALLPAPER leash=Surface(name=WallpaperWindowToken{a2a38c7}#53)/@0x47ab247 sb=Rect(0, 0 - 1080, 2400) eb=Rect(0, 0 - 1080, 2400) epz=Point(1080, 2400) d=0}
04-26 15:03:13.070   742   779 V WindowManager:     ]}
04-26 15:03:13.071   509 12908 D android.hardware.audio@7.1-impl.ranchu: 544 frames of silence written
04-26 15:03:13.081 13029 13556 I Finsky:background: [95] Wrote row to frosting DB: 3010
04-26 15:03:13.082   509 12908 D android.hardware.audio@7.1-impl.ranchu: 544 frames of silence written
04-26 15:03:13.087  1053 10502 V WindowManagerShell: onTransitionReady(transaction=3186865743913)
04-26 15:03:13.090  1053  1107 V WindowManagerShell: onTransitionReady (#179) android.os.BinderProxy@c7d58d3: {id=179 t=OPEN f=0x0 trk=0 r=[0@Point(0, 0)] c=[
04-26 15:03:13.090  1053  1107 V WindowManagerShell:         {m=OPEN f=MOVE_TO_TOP leash=Surface(name=Task=88#754)/@0x2441270 sb=Rect(0, 0 - 1080, 2400) eb=Rect(0, 0 - 1080, 2400) epz=Point(1080, 2400) d=0 endFixedRotation=1 taskParent=-1 winMode=1 userId=0},
04-26 15:03:13.090  1053  1107 V WindowManagerShell:         {m=TO_BACK f=SHOW_WALLPAPER leash=Surface(name=Task=1#34)/@0x73a29e9 sb=Rect(0, 0 - 1080, 2400) eb=Rect(0, 0 - 1080, 2400) epz=Point(1080, 2400) d=0 taskParent=-1 winMode=1 userId=0},
04-26 15:03:13.090  1053  1107 V WindowManagerShell:         {m=TO_BACK f=IS_WALLPAPER leash=Surface(name=WallpaperWindowToken{a2a38c7}#53)/@0xfbf066e sb=Rect(0, 0 - 1080, 2400) eb=Rect(0, 0 - 1080, 2400) epz=Point(1080, 2400) d=0}
04-26 15:03:13.090  1053  1107 V WindowManagerShell:     ]}
04-26 15:03:13.094   509 12908 D android.hardware.audio@7.1-impl.ranchu: 544 frames of silence written
04-26 15:03:13.099   742  6041 D IntervalStats: Unable to parse usage stats packages: [273]
04-26 15:03:13.100   742  6041 D IntervalStats: Unable to parse usage stats packages: [273, 276, 277, 278]
04-26 15:03:13.104   742  6041 D IntervalStats: Unable to parse usage stats packages: [278, 280, 281, 282, 283]
04-26 15:03:13.104   509 12908 D android.hardware.audio@7.1-impl.ranchu: 544 frames of silence written
04-26 15:03:13.111   742  6041 D IntervalStats: Unable to parse usage stats packages: [283]
04-26 15:03:13.115   509 12908 D android.hardware.audio@7.1-impl.ranchu: 544 frames of silence written
04-26 15:03:13.119   742  6041 D IntervalStats: Unable to parse usage stats packages: [283]
04-26 15:03:13.124 13583 13583 D nativeloader: Load libframework-connectivity-tiramisu-jni.so using APEX ns com_android_tethering for caller /apex/com.android.tethering/javalib/framework-connectivity-t.jar: ok
04-26 15:03:13.127   509 12908 D android.hardware.audio@7.1-impl.ranchu: 544 frames of silence written
04-26 15:03:13.128   742   789 W ActivityManager: Slow operation: 251ms so far, now at startProcess: done updating pids map
04-26 15:03:13.131 13029 13556 I Finsky:background: [95] Wrote row to frosting DB: 3011
04-26 15:03:13.137   742   848 W InputChannel-JNI: Channel already disposed.
04-26 15:03:13.138   509 12908 D android.hardware.audio@7.1-impl.ranchu: 544 frames of silence written
04-26 15:03:13.150   509 12908 D android.hardware.audio@7.1-impl.ranchu: 544 frames of silence written
04-26 15:03:13.150  1053  1107 V WindowManagerShell: Playing animation for (#179) android.os.BinderProxy@c7d58d3@0
04-26 15:03:13.153 13029 13556 I Finsky:background: [95] Wrote row to frosting DB: 3012
04-26 15:03:13.155  1053  1107 D ShellSplitScreen: startAnimation: transition=179 isSplitActive=false
04-26 15:03:13.155  1053  1107 V ShellRecents: RecentsTransitionHandler.startAnimation: no controller found
04-26 15:03:13.155  1053  1107 V ShellDesktopMode: DesktopMixedTransitionHandler: No pending desktop transition
04-26 15:03:13.155  1053  1107 V WindowManagerShell: Transition doesn't have explicit remote, search filters for match for {id=179 t=OPEN f=0x0 trk=0 r=[0@Point(0, 0)] c=[{m=OPEN f=MOVE_TO_TOP leash=Surface(name=Task=88#754)/@0x2441270 sb=Rect(0, 0 - 1080, 2400) eb=Rect(0, 0 - 1080, 2400) epz=Point(1080, 2400) d=0 endFixedRotation=1 taskParent=-1 winMode=1 userId=0},{m=TO_BACK f=SHOW_WALLPAPER leash=Surface(name=Task=1#34)/@0x73a29e9 sb=Rect(0, 0 - 1080, 2400) eb=Rect(0, 0 - 1080, 2400) epz=Point(1080, 2400) d=0 taskParent=-1 winMode=1 userId=0},{m=TO_BACK f=IS_WALLPAPER leash=Surface(name=WallpaperWindowToken{a2a38c7}#53)/@0xfbf066e sb=Rect(0, 0 - 1080, 2400) eb=Rect(0, 0 - 1080, 2400) epz=Point(1080, 2400) d=0}]}
04-26 15:03:13.156  1053  1107 V WindowManagerShell:  Checking filter Pair{{types=[] flags=0x0 notFlags=0x0 checks=[{atype=undefined independent=true modes=[CLOSE,TO_BACK] flags=IN_TASK_WITH_EMBEDDED_ACTIVITY mustBeTask=false order=ANY topActivity=null launchCookie=null taskFragmentToken=android.os.BinderProxy@91d5661 windowingMode=undefined isCrossDisplayMove=false}]} RemoteTransition { remoteTransition = android.window.IRemoteTransition$Stub$Proxy@1d58586, appThread = android.app.IApplicationThread$Stub$Proxy@23cde47, debugName = overlayBackTransition, filter = {types=[] flags=0x0 notFlags=0x0 checks=[{atype=undefined independent=true modes=[CLOSE,TO_BACK] flags=IN_TASK_WITH_EMBEDDED_ACTIVITY mustBeTask=false order=ANY topActivity=null launchCookie=null taskFragmentToken=android.os.BinderProxy@91d5661 windowingMode=undefined isCrossDisplayMove=false}]} }}
04-26 15:03:13.156  1053  1107 V WindowManagerShell:  Checking filter Pair{{types=[] flags=0x0 notFlags=0x0 checks=[{atype=dream independent=true modes=[OPEN,TO_FRONT] flags=NONE mustBeTask=false order=ANY topActivity=null launchCookie=null windowingMode=undefined isCrossDisplayMove=false},{atype=home independent=true modes=[CLOSE,TO_BACK] flags=NONE mustBeTask=false order=ANY topActivity=null launchCookie=null windowingMode=undefined isCrossDisplayMove=false}]} RemoteTransition { remoteTransition = android.window.IRemoteTransition$Stub$Proxy@18e7674, appThread = android.app.IApplicationThread$Stub$Proxy@377f79d, debugName = LauncherToDream, filter = {types=[] flags=0x0 notFlags=0x0 checks=[{atype=dream independent=true modes=[OPEN,TO_FRONT] flags=NONE mustBeTask=false order=ANY topActivity=null launchCookie=null windowingMode=undefined isCrossDisplayMove=false},{atype=home independent=true modes=[CLOSE,TO_BACK] flags=NONE mustBeTask=false order=ANY topActivity=null launchCookie=null windowingMode=undefined isCrossDisplayMove=false}]} }}
04-26 15:03:13.156  1053  1107 V WindowManagerShell:  Checking filter Pair{{types=[] flags=0x0 notFlags=0x0 checks=[{atype=standard independent=false modes=[CHANGE] flags=NONE mustBeTask=true order=ANY topActivity=null launchCookie=null windowingMode=undefined isCrossDisplayMove=true}]} RemoteTransition { remoteTransition = android.window.IRemoteTransition$Stub$Proxy@7f47412, appThread = android.app.IApplicationThread$Stub$Proxy@65f17e3, debugName = QuickstepDisplayMove, filter = {types=[] flags=0x0 notFlags=0x0 checks=[{atype=standard independent=false modes=[CHANGE] flags=NONE mustBeTask=true order=ANY topActivity=null launchCookie=null windowingMode=undefined isCrossDisplayMove=true}]} }}
04-26 15:03:13.156  1053  1107 V WindowManagerShell:  Checking filter Pair{{types=[] flags=0x0 notFlags=0x100 checks=[{atype=home independent=true modes=[OPEN,TO_FRONT] flags=NONE mustBeTask=false order=ANY topActivity=ComponentInfo{com.google.android.apps.nexuslauncher/com.google.android.apps.nexuslauncher.NexusLauncherActivity} launchCookie=null windowingMode=undefined isCrossDisplayMove=false},{atype=standard independent=true modes=[CLOSE,TO_BACK] flags=NONE mustBeTask=false order=ANY topActivity=null launchCookie=null windowingMode=undefined isCrossDisplayMove=false},{NOT atype=undefined independent=true modes=[] flags=NONE mustBeTask=true order=ANY topActivity=null launchCookie=null customAnim=true windowingMode=undefined isCrossDisplayMove=false}]} RemoteTransition { remoteTransition = android.window.IRemoteTransition$Stub$Proxy@c5685e0, appThread = android.app.IApplicationThread$Stub$Proxy@8e17099, debugName = QuickstepLaunchHome, filter = {types=[] flags=0x0 notFlags=0x100 checks=[{atype=home independent=true modes=[OPEN,TO_FRONT] flags=NONE mustBeTask=false order=ANY topActivity=ComponentInfo{com.google.android.apps.nexuslauncher/com.google.android.apps.nexuslauncher.NexusLauncherActivity} launchCookie=null windowingMode=undefined isCrossDisplayMove=false},{atype=standard independent=true modes=[CLOSE,TO_BACK] flags=NONE mustBeTask=false order=ANY topActivity=null launchCookie=null windowingMode=undefined isCrossDisplayMove=false},{NOT atype=undefined independent=true modes=[] flags=NONE mustBeTask=true order=ANY topActivity=null launchCookie=null customAnim=true windowingMode=undefined isCrossDisplayMove=false}]} }}
04-26 15:03:13.156  1053  1107 V WindowManagerShell:  Checking filter Pair{{types=[OPEN,TO_FRONT] flags=0x0 notFlags=0x0 checks=[{atype=standard independent=true modes=[OPEN,TO_FRONT] flags=NONE mustBeTask=true order=ANY topActivity=null launchCookie=null windowingMode=freeform isCrossDisplayMove=false}]} RemoteTransition { remoteTransition = android.window.IRemoteTransition$Stub$Proxy@7a1bf5e, appThread = null, debugName = DesktopWindowLimitUnminimize, filter = {types=[OPEN,TO_FRONT] flags=0x0 notFlags=0x0 checks=[{atype=standard independent=true modes=[OPEN,TO_FRONT] flags=NONE mustBeTask=true order=ANY topActivity=null launchCookie=null windowingMode=freeform isCrossDisplayMove=false}]} }}
04-26 15:03:13.156  1053  1107 V WindowManagerShell:  Delegate animation for (#179) to null
04-26 15:03:13.156  1053  1107 V WindowManagerShell: start default transition animation, info = {id=179 t=OPEN f=0x0 trk=0 r=[0@Point(0, 0)] c=[{m=OPEN f=MOVE_TO_TOP leash=Surface(name=Task=88#754)/@0x2441270 sb=Rect(0, 0 - 1080, 2400) eb=Rect(0, 0 - 1080, 2400) epz=Point(1080, 2400) d=0 endFixedRotation=1 taskParent=-1 winMode=1 userId=0},{m=TO_BACK f=SHOW_WALLPAPER leash=Surface(name=Task=1#34)/@0x73a29e9 sb=Rect(0, 0 - 1080, 2400) eb=Rect(0, 0 - 1080, 2400) epz=Point(1080, 2400) d=0 taskParent=-1 winMode=1 userId=0},{m=TO_BACK f=IS_WALLPAPER leash=Surface(name=WallpaperWindowToken{a2a38c7}#53)/@0xfbf066e sb=Rect(0, 0 - 1080, 2400) eb=Rect(0, 0 - 1080, 2400) epz=Point(1080, 2400) d=0}]}
04-26 15:03:13.162   509 12908 D android.hardware.audio@7.1-impl.ranchu: 544 frames of silence written
04-26 15:03:13.172   509 12908 D android.hardware.audio@7.1-impl.ranchu: 544 frames of silence written
04-26 15:03:13.174  1053  1107 V WindowManagerShell: loadAnimation: anim=android.view.animation.AnimationSet@a4d7546 animAttr=0x13 type=OPEN isEntrance=false
04-26 15:03:13.174  1053  1107 V WindowManagerShell: loadAnimation: anim=android.view.animation.AnimationSet@65b9fd2 animAttr=0x12 type=OPEN isEntrance=true
04-26 15:03:13.176  1053  1107 V WindowManagerShell:  animated by com.android.wm.shell.transition.DefaultTransitionHandler@598e477
04-26 15:03:13.177  1053  1107 V ShellTaskOrganizer: Task appeared taskId=88 listener=FullscreenTaskListener
04-26 15:03:13.178  1053  1107 V ShellTaskOrganizer: Fullscreen Task Appeared: #88
04-26 15:03:13.180  1053  1107 V RecentTasksController: Notify recent tasks changed
04-26 15:03:13.181 12126 12126 D RecentTasksList: invalidateLoadedTasks - previous requestLoadId: -1
04-26 15:03:13.184   509 12908 D android.hardware.audio@7.1-impl.ranchu: 544 frames of silence written
04-26 15:03:13.187   552   632 W skia    : AGTM parsing failed flags.readFromStream(s) at 159
04-26 15:03:13.188   552   632 W skia    : AGTM parsing failed flags.readFromStream(s) at 159
04-26 15:03:13.190 12395 12614 I Finsky  : [63] SCH: Scheduling phonesky job Id: 1-1337, CT: 1777185491409, Constraints: [{ L: 25186278, D: 68386278, C: CHARGING_NONE, I: IDLE_NONE, N: NET_ANY, B: BATTERY_ANY }]
04-26 15:03:13.191 12395 12614 I Finsky  : [63] SCH: Scheduling phonesky job Id: 10-79, CT: 1777185490134, Constraints: [{ L: 0, D: 86400000, C: CHARGING_NONE, I: IDLE_REQUIRED, N: NET_ANY, B: BATTERY_ANY }]
04-26 15:03:13.191 12395 12614 I Finsky  : [63] SCH: Scheduling phonesky job Id: 10-168, CT: 1777185490134, Constraints: [{ L: 0, D: 86400000, C: CHARGING_NONE, I: IDLE_REQUIRED, N: NET_ANY, B: BATTERY_ANY }]
04-26 15:03:13.191 12395 12614 I Finsky  : [63] SCH: Scheduling phonesky job Id: 24-77777777, CT: 1777185492827, Constraints: [{ L: 1, D: 82800000, C: CHARGING_NONE, I: IDLE_REQUIRED, N: NET_NONE, B: BATTERY_ANY }]
04-26 15:03:13.191 12395 12614 I Finsky  : [63] SCH: Scheduling phonesky job Id: 26-1414141414, CT: 1777185491638, Constraints: [{ L: 43199999, D: 44099999, C: CHARGING_NONE, I: IDLE_NONE, N: NET_NONE, B: BATTERY_ANY }]
04-26 15:03:13.196   509 12908 D android.hardware.audio@7.1-impl.ranchu: 544 frames of silence written
04-26 15:03:13.207   509 12908 D android.hardware.audio@7.1-impl.ranchu: 544 frames of silence written
04-26 15:03:13.213   742  1741 W PackageInfo: Large parcel: size=84196 pkg=com.google.android.healthconnect.controller perm=80304(344) reqPerm=836(16)
04-26 15:03:13.218   509 12908 D android.hardware.audio@7.1-impl.ranchu: 544 frames of silence written
04-26 15:03:13.222 12395 12614 I Finsky  : [63] SCH: Scheduling 0 system job(s)
04-26 15:03:13.231   509 12908 D android.hardware.audio@7.1-impl.ranchu: 544 frames of silence written
04-26 15:03:13.239 13509 13509 E FeatureFlagsImplExport: android.os.flagging.AconfigStorageReadException: ERROR_PACKAGE_NOT_FOUND: package android.xr cannot be found on the device
04-26 15:03:13.241   509 12908 D android.hardware.audio@7.1-impl.ranchu: 544 frames of silence written
04-26 15:03:13.241 13583 13583 D CompatChangeReporter: Compat change id reported: 242716250; UID 10230; state: ENABLED
04-26 15:03:13.246 12395 12395 I Finsky  : [2] ajjp - Received: android.intent.action.PACKAGE_ADDED, [n076RJLEETmEZ61FBJHrGFwh-0szukPG_iaeB-mhrwQ]
04-26 15:03:13.251 13509 13509 D CompatChangeReporter: Compat change id reported: 458413887; UID 10211; state: ENABLED
04-26 15:03:13.252   509 12908 D android.hardware.audio@7.1-impl.ranchu: 544 frames of silence written
04-26 15:03:13.256 13583 13583 D nativeloader: Configuring clns-9 for other apk /data/app/~~n5atSX1qojfuuNQ4AzWYow==/com.muonline.client-dn11dz7Jn55B8K5T4yEKaw==/base.apk. target_sdk_version=34, uses_libraries=, library_path=/data/app/~~n5atSX1qojfuuNQ4AzWYow==/com.muonline.client-dn11dz7Jn55B8K5T4yEKaw==/lib/x86_64:/data/app/~~n5atSX1qojfuuNQ4AzWYow==/com.muonline.client-dn11dz7Jn55B8K5T4yEKaw==/base.apk!/lib/x86_64, permitted_path=/data:/mnt/expand:/data/user/0/com.muonline.client
04-26 15:03:13.263   742  1088 E AppOps  : attributionTag VCN not declared in manifest of android
04-26 15:03:13.264   509 12908 D android.hardware.audio@7.1-impl.ranchu: 544 frames of silence written
04-26 15:03:13.265 13509 13523 I PermissionControllerServiceImpl: Updating user sensitive for uid 10230
04-26 15:03:13.266 13509 13523 D CompatChangeReporter: Compat change id reported: 418924588; UID 10211; state: ENABLED
04-26 15:03:13.275   509 12908 D android.hardware.audio@7.1-impl.ranchu: 544 frames of silence written
04-26 15:03:13.275 13583 13583 V GraphicsEnvironment: Currently set values for:
04-26 15:03:13.275 13583 13583 V GraphicsEnvironment:   angle_gl_driver_selection_pkgs=[]
04-26 15:03:13.275 13583 13583 V GraphicsEnvironment:   angle_gl_driver_selection_values=[]
04-26 15:03:13.275 13583 13583 V GraphicsEnvironment: com.muonline.client is not listed in per-application setting
04-26 15:03:13.275 13583 13583 V GraphicsEnvironment: No special selections for ANGLE, returning default driver choice
04-26 15:03:13.282 13583 13583 V GraphicsEnvironment: Neither updatable production driver nor prerelease driver is supported.
04-26 15:03:13.284 12193 13613 I PackageInstalledIntentO: Test flag v2 is disabled [CONTEXT service_id=469 ]
04-26 15:03:13.286   509 12908 D android.hardware.audio@7.1-impl.ranchu: 544 frames of silence written
04-26 15:03:13.287 12395 12395 I Finsky  : [2] ajjp - Deduping intent android.intent.action.PACKAGE_ADDED
04-26 15:03:13.288   552   632 W skia    : AGTM parsing failed flags.readFromStream(s) at 159
04-26 15:03:13.288   552   632 W skia    : AGTM parsing failed flags.readFromStream(s) at 159
04-26 15:03:13.296 13509 13509 I SafetyLabelChangedBroadcastReceiver: received broadcast packageName: com.muonline.client, current user: UserHandle{0}, packageChangeEvent: UPDATE, intent user: UserHandle{0}
04-26 15:03:13.297   509 12908 D android.hardware.audio@7.1-impl.ranchu: 544 frames of silence written
04-26 15:03:13.298 12395 12395 I Finsky  : [2] ajjp - Received: android.intent.action.PACKAGE_ADDED, [n076RJLEETmEZ61FBJHrGFwh-0szukPG_iaeB-mhrwQ]
04-26 15:03:13.308   509 12908 D android.hardware.audio@7.1-impl.ranchu: 544 frames of silence written
04-26 15:03:13.320 12125 13606 I Fitness : (REDACTED) FitCleanupIntentOperation received Intent %s
04-26 15:03:13.320   509 12908 D android.hardware.audio@7.1-impl.ranchu: 544 frames of silence written
04-26 15:03:13.324 12395 13582 I Finsky  : [106] SCH: Received scheduling request: Id: 12-1, Constraints: [{ L: 15000, D: 86400000, C: CHARGING_NONE, I: IDLE_NONE, N: NET_ANY, B: BATTERY_ANY }]
04-26 15:03:13.324   742  2216 V SafetySourceDataValidat: Package: com.android.vending has expected signature
04-26 15:03:13.325 12395 12601 W Finsky  : [60] PreloadClasses: Unable to load [kotlinx.coroutines.internal.ThreadContextKt$countAll$1, kotlinx.coroutines.internal.ThreadContextKt$findOne$1, kotlinx.coroutines.internal.ThreadContextKt$updateState$1, androidx.compose.runtime.snapshots.SnapshotKt$emptyLambda$1, androidx.compose.runtime.Recomposer$broadcastFrameClock$1, androidx.compose.runtime.Recomposer$recompositionRunner$2$unregisterApplyObserver$1, androidx.compose.ui.platform.AndroidComposeView$keyInputModifier$1, androidx.compose.runtime.SlotTable, androidx.compose.runtime.ComposerImpl, androidx.compose.runtime.SlotReader, androidx.compose.runtime.SlotWriter, androidx.compose.runtime.SlotTableKt, androidx.compose.runtime.ComposableSingletons$CompositionKt$lambda-1$1, androidx.compose.runtime.ComposableSingletons$CompositionKt$lambda-2$1, androidx.compose.ui.platform.ComposableSingletons$Wrapper_androidKt$lambda-1$1, androidx.compose.ui.platform.AndroidComposeView$ViewTreeOwners, androidx.compose.ui.platform.WrappedComposition$setContent$1$1, androidx.compose.runtime.Recomposer$readObserverOf$1, androidx.compose.runtime.Recomposer$writeObserverOf$1, androidx.compose.runtime.KeyInfo, androidx.compose.runtime.GroupInfo, androidx.compose.ui.platform.AndroidCompositionLocals_androidKt$LocalSavedStateRegistryOwner$1, androidx.compose.ui.platform.AndroidCompositionLocals_androidKt$ProvideAndroidCompositionLocals$1$1, androidx.compose.runtime.saveable.SaveableStateRegistryKt$LocalSaveableStateRegistry$1, androidx.compose.material3.TypographyKt$LocalTypography$1, androidx.compose.material.ColorsKt$LocalColors$1, androidx.compose.material.ShapesKt$LocalShapes$1, androidx.compose.material.ContentAlphaKt$LocalContentAlpha$1, androidx.compose.foundation.IndicationKt$LocalIndication$1, androidx.compose.material.ripple.RippleThemeKt$LocalRippleTheme$1, androidx.compose.foundation.text.selection.TextSelectionColorsKt$LocalTextSelectionColors$1, androidx.compose.material.MaterialThemeKt$MaterialTheme$1, androidx.compose.material.TextKt$LocalTextStyle$1, androidx.compose.animation.core.InfiniteTransition$run$2, androidx.compose.animation.core.VectorConvertersKt$FloatToVector$1, androidx.compose.animation.core.VectorConvertersKt$FloatToVector$2, androidx.compose.animation.core.VectorConvertersKt$IntToVector$2, androidx.compose.animation.core.VectorConvertersKt$DpToVector$1, androidx.compose.animation.core.VectorConvertersKt$DpToVector$2, androidx.compose.material.ProgressIndicatorKt$CircularProgressIndicator$endAngle$2, androidx.compose.material.ProgressIndicatorKt$CircularProgressIndicator$startAngle$2, androidx.compose.foundation.ProgressSemanticsKt$progressSemantics$2, androidx.compose.material.MaterialThemeKt$MaterialTheme$2, androidx.compose.ui.platform.AndroidCompositionLocals_androidKt$ProvideAndroidCompositionLocals$4, androidx.compose.runtime.RememberManager, androidx.compose.foundation.IndicationKt$indication$2, androidx.compose.foundation.text.selection.SelectionRegistrarKt$LocalSelectionRegistrar$1, androidx.compose.runtime.saveable.SaverKt$AutoSaver$1, androidx.compose.runtime.saveable.SaverKt$AutoSaver$2, androidx.compose.runtime.snapshots.SnapshotStateList$StateListStateRecord, androidx.compose.material.ButtonKt$Button$2, androidx.compose.material.ElevationOverlayKt$LocalElevationOverlay$1, androidx.compose.material.ElevationOverlayKt$LocalAbsoluteElevation$1, androidx.compose.material.SurfaceKt$Surface$1, androidx.compose.material.TextKt$Text$4, androidx.compose.material.TextKt$ProvideTextStyle$1, androidx.compose.material.SurfaceKt$Surface$2, androidx.compose.material.ButtonKt$Button$3, androidx.compose.foundation.gestures.ScrollableStateKt$rememberScrollableState$1$1, androidx.compose.material.TextKt$Text$3, androidx.compose.material3.TextKt$Text$3, androidx.compose.foundation.layout.BoxWithConstraintsKt$BoxWithConstraints$1$1, androidx.compose.runtime.ComposerImpl$CompositionContextHolder, androidx.compose.runtime.ComposerImpl$CompositionContextImpl, androidx.compose.runtime.Updater$init$1, androidx.compose.runtime.interna
04-26 15:03:13.330 12125 13614 I ProximityAuth: [RecentAppsMediator] Package added: (user=UserHandle{0}) com.muonline.client
04-26 15:03:13.331   509 12908 D android.hardware.audio@7.1-impl.ranchu: 544 frames of silence written
04-26 15:03:13.335 12395 12395 I Finsky  : [2] ajjp - Deduping intent android.intent.action.PACKAGE_ADDED
04-26 15:03:13.335 12395 12537 I Finsky  : [49] RECEIVER_PACKAGE_MONITOR#logWorkEndAndFinishGoAsync: SUCCESS
04-26 15:03:13.337 12193 13603 I AppBackupPkgRemovedIO: Backup state cleanup on uninstall is disabled. [CONTEXT service_id=229 ]
04-26 15:03:13.340  3865  3872 I artd    : GetBestInfo: odex next to the dex file (/data/app/~~PqdBwR9WSFUNw4iaJMgoGg==/com.google.android.gms-95Dc1VeYXyONiCBDqz_lkA==/oat/x86_64/base.odex) is kOatUpToDate with filter 'speed-profile' executable 'false'
04-26 15:03:13.344  3865  3873 I artd    : GetBestInfo: dm (/data/app/~~PqdBwR9WSFUNw4iaJMgoGg==/com.google.android.gms-95Dc1VeYXyONiCBDqz_lkA==/split_AdsDynamite_installtime.dm) is kOatUpToDate with filter 'verify' executable 'false'
04-26 15:03:13.345   509 12908 D android.hardware.audio@7.1-impl.ranchu: 544 frames of silence written
04-26 15:03:13.350  3865  3873 I artd    : GetBestInfo: dm (/data/app/~~PqdBwR9WSFUNw4iaJMgoGg==/com.google.android.gms-95Dc1VeYXyONiCBDqz_lkA==/split_CronetDynamite_installtime.dm) is kOatUpToDate with filter 'verify' executable 'false'
04-26 15:03:13.352 13583 13622 I DisplayManager: Choreographer implicitly registered for the refresh rate.
04-26 15:03:13.353 12395 12399 W android.vending: Suspending all threads took: 12.356ms
04-26 15:03:13.356  3865  3873 I artd    : GetBestInfo: dm (/data/app/~~PqdBwR9WSFUNw4iaJMgoGg==/com.google.android.gms-95Dc1VeYXyONiCBDqz_lkA==/split_DynamiteLoader_installtime.dm) is kOatUpToDate with filter 'verify' executable 'false'
04-26 15:03:13.356   509 12908 D android.hardware.audio@7.1-impl.ranchu: 544 frames of silence written
04-26 15:03:13.365   509 12908 D android.hardware.audio@7.1-impl.ranchu: 544 frames of silence written
04-26 15:03:13.367 12125 13614 W PackageManager: Failure retrieving resources for com.muonline.client: Drawable com.muonline.client:mipmap/ic_launcher with resource ID #0x7f0c0005
04-26 15:03:13.377   509 12908 D android.hardware.audio@7.1-impl.ranchu: 544 frames of silence written
04-26 15:03:13.389   509 12908 D android.hardware.audio@7.1-impl.ranchu: 544 frames of silence written
04-26 15:03:13.392 12395 13582 I Finsky  : [106] SCH: Received scheduling request: Id: 12-1, Constraints: [{ L: 15000, D: 86400000, C: CHARGING_NONE, I: IDLE_NONE, N: NET_ANY, B: BATTERY_ANY }]
04-26 15:03:13.397 12125 13587 I FontLog : (REDACTED) Package %s has no metadata
04-26 15:03:13.401  3865  3873 I artd    : GetBestInfo: dm (/data/app/~~PqdBwR9WSFUNw4iaJMgoGg==/com.google.android.gms-95Dc1VeYXyONiCBDqz_lkA==/split_DynamiteModulesA_installtime.dm) is kOatUpToDate with filter 'verify' executable 'false'
04-26 15:03:13.401   509 12908 D android.hardware.audio@7.1-impl.ranchu: 544 frames of silence written
04-26 15:03:13.403   552   632 W skia    : AGTM parsing failed flags.readFromStream(s) at 159
04-26 15:03:13.405 12193 13598 W ProviderHelper: Unknown dynamite feature providerinstaller.dynamite
04-26 15:03:13.405 13583 13583 D DesktopExperienceFlags: Toggle override initialized to: false
04-26 15:03:13.406 13583 13583 D DesktopModeFlags: Toggle override initialized to: OVERRIDE_UNSET
04-26 15:03:13.406 12193 13598 I DynamiteModule: Considering local module com.google.android.gms.providerinstaller.dynamite:1 and remote module com.google.android.gms.providerinstaller.dynamite:0
04-26 15:03:13.406 12193 13598 I DynamiteModule: Selected local version of com.google.android.gms.providerinstaller.dynamite
04-26 15:03:13.408 12193 12193 D BoundBrokerSvc: onBind: Intent { act=com.google.android.gms.common.BIND_SHARED_PREFS xflg=0x4 pkg=com.google.android.gms }
04-26 15:03:13.409 12193 12193 D BoundBrokerSvc: Loading bound service for intent: Intent { act=com.google.android.gms.common.BIND_SHARED_PREFS xflg=0x4 pkg=com.google.android.gms }
04-26 15:03:13.410   509 12908 D android.hardware.audio@7.1-impl.ranchu: 544 frames of silence written
04-26 15:03:13.415  3865  3873 I artd    : GetBestInfo: dm (/data/app/~~PqdBwR9WSFUNw4iaJMgoGg==/com.google.android.gms-95Dc1VeYXyONiCBDqz_lkA==/split_DynamiteModulesC_installtime.dm) is kOatUpToDate with filter 'verify' executable 'false'
04-26 15:03:13.419 12125 13614 I ProximityAuth: [MessageProcessorManager] MessageProcessorManager instantiated for user UserHandle{0}
04-26 15:03:13.423  3865  3873 I artd    : GetBestInfo: dm (/data/app/~~PqdBwR9WSFUNw4iaJMgoGg==/com.google.android.gms-95Dc1VeYXyONiCBDqz_lkA==/split_GoogleCertificates_installtime.dm) is kOatUpToDate with filter 'verify' executable 'false'
04-26 15:03:13.423   509 12908 D android.hardware.audio@7.1-impl.ranchu: 544 frames of silence written
04-26 15:03:13.433 12395 12395 I Finsky  : [2] setup::RES: shouldRecoverRestoredPackages: versionCodeSystem 85013330
04-26 15:03:13.433   509 12908 D android.hardware.audio@7.1-impl.ranchu: 544 frames of silence written
04-26 15:03:13.439 13029 13057 I Finsky:background: [61] DS: reviveDownloads()
04-26 15:03:13.449 13029 13029 I Finsky:background: [2] Memory trim requested to level 40
04-26 15:03:13.450 13583 13622 I GFXSTREAM: [eglDisplay.cpp(297)] Opening libGLESv1_CM_emulation.so
04-26 15:03:13.450 13583 13622 I GFXSTREAM: [eglDisplay.cpp(297)] Opening libGLESv2_emulation.so
04-26 15:03:13.453   509 12908 D android.hardware.audio@7.1-impl.ranchu: 544 frames of silence written
04-26 15:03:13.456 12395 12395 I Finsky  : [2] Detected restoreservicev2://recovery not needed, will not run
04-26 15:03:13.456 12395 12395 I Finsky  : [2] Memory trim requested to level 40
04-26 15:03:13.456 12395 12395 I Finsky  : [2] Flushing in-memory image cache
04-26 15:03:13.456   509 12908 D android.hardware.audio@7.1-impl.ranchu: 544 frames of silence written
04-26 15:03:13.456 12193 12197 W gle.android.gms: Suspending all threads took: 12.760ms
04-26 15:03:13.467  3865  3873 I artd    : GetBestInfo: dm (/data/app/~~PqdBwR9WSFUNw4iaJMgoGg==/com.google.android.gms-95Dc1VeYXyONiCBDqz_lkA==/split_MapsDynamite_installtime.dm) is kOatUpToDate with filter 'verify' executable 'false'
04-26 15:03:13.467   509 12908 D android.hardware.audio@7.1-impl.ranchu: 544 frames of silence written
04-26 15:03:13.475 13583 13622 W HWUI    : Failed to choose config with EGL_SWAP_BEHAVIOR_PRESERVED, retrying without...
04-26 15:03:13.477   742  1741 D FileUtils: Rounded bytes from 4103815168 to 8000000000
04-26 15:03:13.479   509 12908 D android.hardware.audio@7.1-impl.ranchu: 544 frames of silence written
04-26 15:03:13.483 12193 12540 I Icing   : IndexChimeraService.getServiceInterface callingPackage=com.google.android.gms componentName=AppsCorpus serviceId=36
04-26 15:03:13.483 12193 12487 I Icing   : IndexChimeraService.getServiceInterface callingPackage=com.google.android.gms componentName=AppsCorpus serviceId=32
04-26 15:03:13.484  3865  3873 I artd    : GetBestInfo: dm (/data/app/~~PqdBwR9WSFUNw4iaJMgoGg==/com.google.android.gms-95Dc1VeYXyONiCBDqz_lkA==/split_MeasurementDynamite_installtime.dm) is kOatUpToDate with filter 'verify' executable 'false'
04-26 15:03:13.485 13583 13622 W HWUI    : Failed to initialize 101010-2 format, error = EGL_SUCCESS
04-26 15:03:13.488   742  2024 D ConnectivityService: requestNetwork for uid/pid:10154/13029 activeRequest: null callbackRequest: 311 [NetworkRequest [ REQUEST id=312, [ Capabilities: INTERNET&NOT_RESTRICTED&TRUSTED&NOT_VCN_MANAGED&NOT_BANDWIDTH_CONSTRAINED Uid: 10154 RequestorUid: 10154 RequestorPkg: com.android.vending UnderlyingNetworks: Null] ]] callback flags: 0 order: 2147483647 isUidTracked: false declaredMethods: AVAIL|LOST
04-26 15:03:13.490   509 12908 D android.hardware.audio@7.1-impl.ranchu: 544 frames of silence written
04-26 15:03:13.494  1053  1107 V WindowManagerShell: Transition animation finished (aborted=false), notifying core (#179) android.os.BinderProxy@c7d58d3@0
04-26 15:03:13.495  3865  3873 I artd    : GetBestInfo: dm (/data/app/~~PqdBwR9WSFUNw4iaJMgoGg==/com.google.android.gms-95Dc1VeYXyONiCBDqz_lkA==/split_all_locale_splits.dm) is kOatUpToDate with filter 'verify' executable 'false'
04-26 15:03:13.497   742   779 V WindowManager: Finish Transition (#179): created at 04-26 15:03:12.801 collect-started=0.405ms request-sent=37.872ms started=59.246ms ready=225.775ms sent=265.377ms commit=111.082ms finished=694.854ms
04-26 15:03:13.498   742  2024 I WindowManager: Display id=0 rotation changed to 1 from 0, lastOrientation=0 userRotationMode=0 userRotation=0 lastSensorRotation=1
04-26 15:03:13.499 12126 12126 D VRI[NexusLauncherActivity]: visibilityChanged oldVisibility=true newVisibility=false
04-26 15:03:13.501   509 12908 D android.hardware.audio@7.1-impl.ranchu: 544 frames of silence written
04-26 15:03:13.502   742   940 D WifiNetworkFactory: got request NetworkRequest [ REQUEST id=312, [ Capabilities: INTERNET&NOT_RESTRICTED&TRUSTED&NOT_VCN_MANAGED&NOT_BANDWIDTH_CONSTRAINED Uid: 10154 RequestorUid: 10154 RequestorPkg: com.android.vending UnderlyingNetworks: Null] ]
04-26 15:03:13.503  1053  1107 V WindowManagerShell: Track 0 became idle
04-26 15:03:13.504  1053  1107 V WindowManagerShell: All active transition animations finished
04-26 15:03:13.506 13029 13063 I Finsky:background: [67] DS: Network is available [NetworkState{connected=true, wifi=true, metered=false, roaming=false}].
04-26 15:03:13.506 13029 13063 I Finsky:background: [67] DS: Updating downloads for network change
04-26 15:03:13.506  1053  1107 V WindowManagerShell: Transition requested (#180): android.os.BinderProxy@f84bbff TransitionRequestInfo { type = CHANGE, triggerTask = null, pipChange = null, remoteTransitionInfo = null, displayChange = DisplayChange { displayId = 0, startAbsBounds = null, endAbsBounds = null, startRotation = 0, endRotation = 1, physicalDisplayChanged = false, disconnectReparentDisplay = -1, endInsetsState = null }, requestedLocation = null, userChange = null, windowingLayerChange = null, fullscreenRequestChange = null, flags = 0, debugId = 180 }
04-26 15:03:13.506  1053  1107 V ShellDesktopMode: DisconnectHandler: handleRequest: no reparent display; returning
04-26 15:03:13.506  1053  1107 V ShellDesktopMode: DesktopTasksController: skipping handleRequest reason=triggerTask is null
04-26 15:03:13.507 13029 13642 I Finsky:background: [99] DS: downloadState filtering results: {}
04-26 15:03:13.509   742   940 D UntrustedWifiNetworkFactory: got request NetworkRequest [ REQUEST id=312, [ Capabilities: INTERNET&NOT_RESTRICTED&TRUSTED&NOT_VCN_MANAGED&NOT_BANDWIDTH_CONSTRAINED Uid: 10154 RequestorUid: 10154 RequestorPkg: com.android.vending UnderlyingNetworks: Null] ]
04-26 15:03:13.509 12126 12126 D SmartspaceInteractor: notifySmartspaceEvent: SmartspaceTargetEvent{mSmartspaceTarget=null, mSmartspaceActionId='null', mEventType=7}
04-26 15:03:13.509  3865  3873 I artd    : GetBestInfo: /data/user_de/0/com.google.android.gms/app_chimera/m/0000000a/dl-TfliteDynamiteDynamite.integ_252130102100800.apk has no usable artifacts
04-26 15:03:13.510   742   782 I DisplayTopology: Display with ID 0 updated, new logical width: 2400, new logicalHeight: 1080, new density: 420
04-26 15:03:13.514   509 12908 D android.hardware.audio@7.1-impl.ranchu: 544 frames of silence written
04-26 15:03:13.514   742   811 D BrightnessThermalClamper: Thermal status observer already started
04-26 15:03:13.514   742   940 D OemPaidWifiNetworkFactory: got request NetworkRequest [ REQUEST id=312, [ Capabilities: INTERNET&NOT_RESTRICTED&TRUSTED&NOT_VCN_MANAGED&NOT_BANDWIDTH_CONSTRAINED Uid: 10154 RequestorUid: 10154 RequestorPkg: com.android.vending UnderlyingNetworks: Null] ]
04-26 15:03:13.514   742   940 D MultiInternetWifiNetworkFactory: got request NetworkRequest [ REQUEST id=312, [ Capabilities: INTERNET&NOT_RESTRICTED&TRUSTED&NOT_VCN_MANAGED&NOT_BANDWIDTH_CONSTRAINED Uid: 10154 RequestorUid: 10154 RequestorPkg: com.android.vending UnderlyingNetworks: Null] ]
04-26 15:03:13.515  3865  3873 I artd    : GetBestInfo: /data/user_de/0/com.google.android.gms/app_chimera/m/00000001/CronetDynamite.apk has no usable artifacts
04-26 15:03:13.515   552   632 W skia    : AGTM parsing failed flags.readFromStream(s) at 159
04-26 15:03:13.517   742   946 D ConnectivityService: NetReassign [312 : null → 101] [c 1] [a 3] [i 15]
04-26 15:03:13.518  3865  3872 I artd    : GetBestInfo: /data/user_de/0/com.google.android.gms/app_chimera/m/00000016/dl-MlkitOcrCommon.optional_261332100800.apk has no usable artifacts
04-26 15:03:13.520  3865  3873 I artd    : GetBestInfo: /data/user_de/0/com.google.android.gms/app_chimera/m/00000002/DynamiteLoader.apk has no usable artifacts
04-26 15:03:13.520  1053  1431 D WallpaperService: onVisibilityChanged(false): com.android.systemui.wallpapers.ImageWallpaper$CanvasEngine@66adb60
04-26 15:03:13.522  3865  3873 I artd    : GetBestInfo: /data/user_de/0/com.google.android.gms/app_chimera/m/0000000e/dl-MlkitBarcodeUi.optional_260235100800.apk has no usable artifacts
04-26 15:03:13.524  3865  3873 I artd    : GetBestInfo: /data/user_de/0/com.google.android.gms/app_chimera/m/00000013/dl-Appsearch.optional_261332100800.apk has no usable artifacts
04-26 15:03:13.528  3865  3873 I artd    : GetBestInfo: /data/user_de/0/com.google.android.gms/app_chimera/m/00000005/GoogleCertificates.apk has no usable artifacts
04-26 15:03:13.529   509 12908 D android.hardware.audio@7.1-impl.ranchu: 544 frames of silence written
04-26 15:03:13.531  3865  3873 I artd    : GetBestInfo: /data/user_de/0/com.google.android.gms/app_chimera/m/00000012/dl-PlayCloudSearch.optional_261332100000.apk has no usable artifacts
04-26 15:03:13.533  3865  3873 I artd    : GetBestInfo: vdex next to the dex file (/data/user/0/com.google.android.gms/app_dg_cache/B3ED91DEC21F0EB5284BE10D982ABEAAC45F5C48/oat/x86_64/the.vdex) is kOatUpToDate with filter 'verify' executable 'false'
04-26 15:03:13.538  3865  3873 I artd    : GetBestInfo: /data/user_de/0/com.google.android.gms/app_chimera/m/0000000f/dl-PlayCloudSearch.optional_260235100000.apk has no usable artifacts
04-26 15:03:13.540  3865  3873 I artd    : GetBestInfo: /data/user_de/0/com.google.android.gms/app_chimera/m/00000008/dl-VisionOcr.optional_260235100000.apk has no usable artifacts
04-26 15:03:13.542 12193 12480 I Icing   : Storage manager: low false usage 2.58MB avail 2.40GB capacity 5.80GB
04-26 15:03:13.542  3865  3873 I artd    : GetBestInfo: /data/user_de/0/com.google.android.gms/app_chimera/m/0000000b/dl-Appsearch.optional_260235100800.apk has no usable artifacts
04-26 15:03:13.544   509 12908 D android.hardware.audio@7.1-impl.ranchu: 544 frames of silence written
04-26 15:03:13.544  3865  3873 I artd    : GetBestInfo: /data/user_de/0/com.google.android.gms/app_chimera/m/00000011/dl-VisionOcr.optional_261332100000.apk has no usable artifacts
04-26 15:03:13.546  3865  3873 I artd    : GetBestInfo: /data/user_de/0/com.google.android.gms/app_chimera/m/00000015/dl-MlkitBarcodeUi.optional_261332100800.apk has no usable artifacts
04-26 15:03:13.549   509 12908 D android.hardware.audio@7.1-impl.ranchu: 544 frames of silence written
04-26 15:03:13.551  3865  3873 I artd    : GetBestInfo: /data/user_de/0/com.google.android.gms/app_chimera/m/00000009/dl-MlkitOcrCommon.optional_260235100800.apk has no usable artifacts
04-26 15:03:13.554  3865  3873 I artd    : GetBestInfo: vdex next to the dex file (/data/user/0/com.google.android.gms/app_dg_cache/CE973E4DE823F0AA69070767A9FABB590DDD455C/oat/x86_64/the.vdex) is kOatUpToDate with filter 'verify' executable 'false'
04-26 15:03:13.555  3865  3873 I artd    : GetBestInfo: /data/user_de/0/com.google.android.gms/app_chimera/m/00000007/MeasurementDynamite.apk has no usable artifacts
04-26 15:03:13.559   509 12908 D android.hardware.audio@7.1-impl.ranchu: 544 frames of silence written
04-26 15:03:13.572   509 12908 D android.hardware.audio@7.1-impl.ranchu: 544 frames of silence written
04-26 15:03:13.580 12193 12480 D nativeloader: Load /data/app/~~PqdBwR9WSFUNw4iaJMgoGg==/com.google.android.gms-95Dc1VeYXyONiCBDqz_lkA==/base.apk!/lib/x86_64/libAppDataSearch.so using class loader ns clns-10 (caller=/data/app/~~PqdBwR9WSFUNw4iaJMgoGg==/com.google.android.gms-95Dc1VeYXyONiCBDqz_lkA==/base.apk): ok
04-26 15:03:13.586   509 12908 D android.hardware.audio@7.1-impl.ranchu: 544 frames of silence written
04-26 15:03:13.588 12193 12480 W native  : W0000 00:00:1777190593.588633   12480 model-utils.cc:17] No CRC32, most likely an old model; skip CRC32 check
04-26 15:03:13.590 12193 12480 I native  : I0000 00:00:1777190593.590485   12480 permission-checker.cc:82] Creating PermissionChecker based on ACL with config_version 1 having 9 permissions defined.
04-26 15:03:13.591   509 12908 D android.hardware.audio@7.1-impl.ranchu: 544 frames of silence written
04-26 15:03:13.591 12193 12480 W native  : W0000 00:00:1777190593.591829   12480 words-map.cc:34] INVALID_ARGUMENT: Empty URI
04-26 15:03:13.591 12193 12480 W native  : W0000 00:00:1777190593.591853   12480 words-map.cc:38] WordsMap was not properly initialized
04-26 15:03:13.592 13583 13643 I MuPreload: Check data root: /storage/emulated/0/Android/data/com.muonline.client/files existingDataDir=/storage/emulated/0/Android/data/com.muonline.client/files/Data usable=true marker=true
04-26 15:03:13.594   552   615 I libbinder.BpBinder: onLastStrongRef automatically unlinking death recipients for binder (0x781cc7a4b340) with descriptor: '(not cached)'
04-26 15:03:13.595   742   782 I ActivityTaskManager: Config changes=20000480 {1.0 310mcc260mnc [en_US] ldltr sw411dp w914dp h411dp 420dpi nrml long compactNeeded land finger qwerty/v/v dpad/v winConfig={ mBounds=Rect(0, 0 - 2400, 1080) mAppBounds=Rect(0, 0 - 2400, 1080) mMaxBounds=Rect(0, 0 - 2400, 1080) mDisplayRotation=ROTATION_90 mWindowingMode=fullscreen mActivityType=undefined mAlwaysOnTop=undefined mRotation=ROTATION_90} as.3 s.880 fontWeightAdjustment=0}
04-26 15:03:13.603   509 12908 D android.hardware.audio@7.1-impl.ranchu: 544 frames of silence written
04-26 15:03:13.605   742   782 I WindowManager: Override config changes=20000480 {1.0 310mcc260mnc [en_US] ldltr sw411dp w914dp h411dp 420dpi nrml long compactNeeded land finger qwerty/v/v dpad/v winConfig={ mBounds=Rect(0, 0 - 2400, 1080) mAppBounds=Rect(0, 0 - 2400, 1080) mMaxBounds=Rect(0, 0 - 2400, 1080) mDisplayRotation=ROTATION_90 mWindowingMode=fullscreen mActivityType=undefined mAlwaysOnTop=undefined mRotation=ROTATION_90} as.3 s.880 fontWeightAdjustment=0} for displayId=0
04-26 15:03:13.606   742   782 W TransitionChain: Combining dispOverCfg into #180(CHANGE|R|0x0) from updateRot
04-26 15:03:13.607   742   782 W libbinder.IPCThreadState: Sending oneway calls to frozen process.
04-26 15:03:13.614 12193 12480 E native  : E0000 00:00:1777190593.614055   12480 array-storage.cc:101] Array storage bad crc 1555889783 vs 13060689
04-26 15:03:13.614 13583 13643 I MuPreload: Skip download, usable data exists: /storage/emulated/0/Android/data/com.muonline.client/files/Data markerWasPresent=true
04-26 15:03:13.614 12193 12480 E native  : E0000 00:00:1777190593.614232   12480 array-storage-crc.cc:176] File /data/data/com.google.android.gms/files/AppDataSearch/main/cur/ds.docids failed to init (elt_size 4 num_elts 1579 array_crc 13060689)
04-26 15:03:13.615   509 12908 D android.hardware.audio@7.1-impl.ranchu: 544 frames of silence written
04-26 15:03:13.617 12193 12480 E native  : E0000 00:00:1777190593.617022   12480 array-storage.cc:101] Array storage bad crc 1544550251 vs 3633930012
04-26 15:03:13.617 12193 12480 E native  : E0000 00:00:1777190593.617259   12480 array-storage-crc.cc:176] File /data/data/com.google.android.gms/files/AppDataSearch/main/cur/ds.perdocdata failed to init (elt_size 26 num_elts 1579 array_crc 3633930012)
04-26 15:03:13.618   552   632 W skia    : AGTM parsing failed flags.readFromStream(s) at 159
04-26 15:03:13.625   509 12908 D android.hardware.audio@7.1-impl.ranchu: 544 frames of silence written
04-26 15:03:13.638   509 12908 D android.hardware.audio@7.1-impl.ranchu: 544 frames of silence written
04-26 15:03:13.649   509 12908 D android.hardware.audio@7.1-impl.ranchu: 544 frames of silence written
04-26 15:03:13.656  1053  1107 V ShellDesktopMode: DesktopDisplayEventHandler: displayAreaChanged in displayId=0, keyguardLocked=false
04-26 15:03:13.656 12125 12125 D BoundBrokerSvc: onBind: Intent { act=com.google.android.gms.icing.LIGHTWEIGHT_INDEX_SERVICE dat=chimera-action:/... xflg=0x4 cmp=com.google.android.gms/.chimera.PersistentApiService }
04-26 15:03:13.656 12125 12125 D BoundBrokerSvc: Loading bound service for intent: Intent { act=com.google.android.gms.icing.LIGHTWEIGHT_INDEX_SERVICE dat=chimera-action:/... xflg=0x4 cmp=com.google.android.gms/.chimera.PersistentApiService }
04-26 15:03:13.657  1053  1107 V ShellDesktopMode: DesktopDisplayEventHandler: handlePotentialReconnect: default display; aborting.
04-26 15:03:13.658  1053  1107 V ShellDesktopMode: DesktopDisplayEventHandler: createDefaultDesksIfNeeded displays=[0] userId=null
04-26 15:03:13.658  1053  1107 V ShellDragAndDrop: Display changed: 0
04-26 15:03:13.659  1053  1107 V ShellDesktopMode: DesktopDisplayEventHandler: shouldCreateOrWarmUpDesk skipping displayId=0 reason: desktop ineligible
04-26 15:03:13.659   509 12908 D android.hardware.audio@7.1-impl.ranchu: 544 frames of silence written
04-26 15:03:13.662   742   768 I system_server: Background young concurrent mark compact GC freed 19MB AllocSpace bytes, 16(768KB) LOS objects, 37% free, 36MB/58MB, paused 8.232ms,33.086ms total 206.423ms
