04-26 15:03:14.308  1053  1107 V WindowManagerShell: Transition doesn't have explicit remote, search filters for match for {id=182 t=OPEN f=0x0 trk=0 r=[0@Point(0, 0)] c=[{m=OPEN f=FILLS_TASK leash=Surface(name=ActivityRecord{217737823 u0 com.muonline.client/.MuMainActivity t88}#774)/@0x499aafd sb=Rect(0, 0 - 0, 0) eb=Rect(0, 0 - 2400, 1080) epz=Point(2400, 1080) d=-1->0 r=-1->1:-1 bc=ff000000 activity=ActivityTransitionInfo { component = ComponentInfo{com.muonline.client/com.muonline.client.MuMainActivity}, taskId = 88, appCompatTransitionInfo = AppCompatTransitionInfo { letterboxBounds = Rect(132, 0 - 2400, 1080), hasRoundedCorners = false } } opt={t=FROM_STYLE mUserId=0}},{m=CLOSE f=FILLS_TASK|IS_BEHIND_STARTING_WINDOW leash=Surface(name=ActivityRecord{71468701 u0 com.muonline.client/.PreloadActivity t88}#755)/@0x43513f2 sb=Rect(0, 0 - 2400, 1080) eb=Rect(0, 0 - 2400, 1080) epz=Point(2400, 1080) d=0 bc=ff000000 activity=ActivityTransitionInfo { component = ComponentInfo{com.muonline.client/com.muonline.client.PreloadActivity}, taskId = 88, appCompatTransitionInfo = AppCompatTransitionInfo { letterboxBounds = Rect(132, 0 - 2400, 1080), hasRoundedCorners = false } } opt={t=FROM_STYLE mUserId=0}}]}
04-26 15:03:14.308  1053  1107 V WindowManagerShell:  Checking filter Pair{{types=[] flags=0x0 notFlags=0x0 checks=[{atype=undefined independent=true modes=[CLOSE,TO_BACK] flags=IN_TASK_WITH_EMBEDDED_ACTIVITY mustBeTask=false order=ANY topActivity=null launchCookie=null taskFragmentToken=android.os.BinderProxy@91d5661 windowingMode=undefined isCrossDisplayMove=false}]} RemoteTransition { remoteTransition = android.window.IRemoteTransition$Stub$Proxy@1d58586, appThread = android.app.IApplicationThread$Stub$Proxy@23cde47, debugName = overlayBackTransition, filter = {types=[] flags=0x0 notFlags=0x0 checks=[{atype=undefined independent=true modes=[CLOSE,TO_BACK] flags=IN_TASK_WITH_EMBEDDED_ACTIVITY mustBeTask=false order=ANY topActivity=null launchCookie=null taskFragmentToken=android.os.BinderProxy@91d5661 windowingMode=undefined isCrossDisplayMove=false}]} }}
04-26 15:03:14.308  1053  1107 V WindowManagerShell:  Checking filter Pair{{types=[] flags=0x0 notFlags=0x0 checks=[{atype=dream independent=true modes=[OPEN,TO_FRONT] flags=NONE mustBeTask=false order=ANY topActivity=null launchCookie=null windowingMode=undefined isCrossDisplayMove=false},{atype=home independent=true modes=[CLOSE,TO_BACK] flags=NONE mustBeTask=false order=ANY topActivity=null launchCookie=null windowingMode=undefined isCrossDisplayMove=false}]} RemoteTransition { remoteTransition = android.window.IRemoteTransition$Stub$Proxy@18e7674, appThread = android.app.IApplicationThread$Stub$Proxy@377f79d, debugName = LauncherToDream, filter = {types=[] flags=0x0 notFlags=0x0 checks=[{atype=dream independent=true modes=[OPEN,TO_FRONT] flags=NONE mustBeTask=false order=ANY topActivity=null launchCookie=null windowingMode=undefined isCrossDisplayMove=false},{atype=home independent=true modes=[CLOSE,TO_BACK] flags=NONE mustBeTask=false order=ANY topActivity=null launchCookie=null windowingMode=undefined isCrossDisplayMove=false}]} }}
04-26 15:03:14.308  1053  1107 V WindowManagerShell:  Checking filter Pair{{types=[] flags=0x0 notFlags=0x0 checks=[{atype=standard independent=false modes=[CHANGE] flags=NONE mustBeTask=true order=ANY topActivity=null launchCookie=null windowingMode=undefined isCrossDisplayMove=true}]} RemoteTransition { remoteTransition = android.window.IRemoteTransition$Stub$Proxy@7f47412, appThread = android.app.IApplicationThread$Stub$Proxy@65f17e3, debugName = QuickstepDisplayMove, filter = {types=[] flags=0x0 notFlags=0x0 checks=[{atype=standard independent=false modes=[CHANGE] flags=NONE mustBeTask=true order=ANY topActivity=null launchCookie=null windowingMode=undefined isCrossDisplayMove=true}]} }}
04-26 15:03:14.309  1053  1107 V WindowManagerShell:  Checking filter Pair{{types=[] flags=0x0 notFlags=0x100 checks=[{atype=home independent=true modes=[OPEN,TO_FRONT] flags=NONE mustBeTask=false order=ANY topActivity=ComponentInfo{com.google.android.apps.nexuslauncher/com.google.android.apps.nexuslauncher.NexusLauncherActivity} launchCookie=null windowingMode=undefined isCrossDisplayMove=false},{atype=standard independent=true modes=[CLOSE,TO_BACK] flags=NONE mustBeTask=false order=ANY topActivity=null launchCookie=null windowingMode=undefined isCrossDisplayMove=false},{NOT atype=undefined independent=true modes=[] flags=NONE mustBeTask=true order=ANY topActivity=null launchCookie=null customAnim=true windowingMode=undefined isCrossDisplayMove=false}]} RemoteTransition { remoteTransition = android.window.IRemoteTransition$Stub$Proxy@c5685e0, appThread = android.app.IApplicationThread$Stub$Proxy@8e17099, debugName = QuickstepLaunchHome, filter = {types=[] flags=0x0 notFlags=0x100 checks=[{atype=home independent=true modes=[OPEN,TO_FRONT] flags=NONE mustBeTask=false order=ANY topActivity=ComponentInfo{com.google.android.apps.nexuslauncher/com.google.android.apps.nexuslauncher.NexusLauncherActivity} launchCookie=null windowingMode=undefined isCrossDisplayMove=false},{atype=standard independent=true modes=[CLOSE,TO_BACK] flags=NONE mustBeTask=false order=ANY topActivity=null launchCookie=null windowingMode=undefined isCrossDisplayMove=false},{NOT atype=undefined independent=true modes=[] flags=NONE mustBeTask=true order=ANY topActivity=null launchCookie=null customAnim=true windowingMode=undefined isCrossDisplayMove=false}]} }}
04-26 15:03:14.309  1053  1107 V WindowManagerShell:  Checking filter Pair{{types=[OPEN,TO_FRONT] flags=0x0 notFlags=0x0 checks=[{atype=standard independent=true modes=[OPEN,TO_FRONT] flags=NONE mustBeTask=true order=ANY topActivity=null launchCookie=null windowingMode=freeform isCrossDisplayMove=false}]} RemoteTransition { remoteTransition = android.window.IRemoteTransition$Stub$Proxy@7a1bf5e, appThread = null, debugName = DesktopWindowLimitUnminimize, filter = {types=[OPEN,TO_FRONT] flags=0x0 notFlags=0x0 checks=[{atype=standard independent=true modes=[OPEN,TO_FRONT] flags=NONE mustBeTask=true order=ANY topActivity=null launchCookie=null windowingMode=freeform isCrossDisplayMove=false}]} }}
04-26 15:03:14.309 13583 13672 W libOpenSLES: class OutputMix interface 0 requested but unavailable MPH=43
04-26 15:03:14.309  1053  1107 V WindowManagerShell:  Delegate animation for (#182) to null
04-26 15:03:14.309 13583 13672 I MuMain  : SDL2 initialized
04-26 15:03:14.309 13583 13672 I MuMain  : Render backend request env=(null) -> opengl
04-26 15:03:14.309  1053  1107 V WindowManagerShell: start default transition animation, info = {id=182 t=OPEN f=0x0 trk=0 r=[0@Point(0, 0)] c=[{m=OPEN f=FILLS_TASK leash=Surface(name=ActivityRecord{217737823 u0 com.muonline.client/.MuMainActivity t88}#774)/@0x499aafd sb=Rect(0, 0 - 0, 0) eb=Rect(0, 0 - 2400, 1080) epz=Point(2400, 1080) d=-1->0 r=-1->1:-1 bc=ff000000 activity=ActivityTransitionInfo { component = ComponentInfo{com.muonline.client/com.muonline.client.MuMainActivity}, taskId = 88, appCompatTransitionInfo = AppCompatTransitionInfo { letterboxBounds = Rect(132, 0 - 2400, 1080), hasRoundedCorners = false } } opt={t=FROM_STYLE mUserId=0}},{m=CLOSE f=FILLS_TASK|IS_BEHIND_STARTING_WINDOW leash=Surface(name=ActivityRecord{71468701 u0 com.muonline.client/.PreloadActivity t88}#755)/@0x43513f2 sb=Rect(0, 0 - 2400, 1080) eb=Rect(0, 0 - 2400, 1080) epz=Point(2400, 1080) d=0 bc=ff000000 activity=ActivityTransitionInfo { component = ComponentInfo{com.muonline.client/com.muonline.client.PreloadActivity}, taskId = 88, appCompatTransitionInfo = AppCompatTransitionInfo { letterboxBounds = Rect(132, 0 - 2400, 1080), hasRoundedCorners = false } } opt={t=FROM_STYLE mUserId=0}}]}
04-26 15:03:14.311  1053  1107 V WindowManagerShell: loadAnimation: anim=android.view.animation.AnimationSet@d1e679f animAttr=0x5 type=OPEN isEntrance=false
04-26 15:03:14.311  1053  1107 V WindowManagerShell: loadAnimation: anim=android.view.animation.AnimationSet@a3f2f4a animAttr=0x4 type=OPEN isEntrance=true
04-26 15:03:14.312  1053  1107 V WindowManagerShell:  animated by com.android.wm.shell.transition.DefaultTransitionHandler@598e477
04-26 15:03:14.317 13583 13672 V SDL     : setOrientation() requestedOrientation=6 width=2400 height=1080 resizable=false hint=
04-26 15:03:14.317   509 12908 D android.hardware.audio@7.1-impl.ranchu: 544 frames of silence written
04-26 15:03:14.319 12126 12126 D BaseActivity: Launcher flags updated: [] -[state_started]
04-26 15:03:14.319 12126 12126 D BaseDepthController: setSurface:
04-26 15:03:14.319 12126 12126 D BaseDepthController: 	mWaitingOnSurfaceValidity: false
04-26 15:03:14.319 12126 12126 D BaseDepthController: 	mBaseSurface: null
04-26 15:03:14.319 12126 12126 D BaseDepthController: mSurface is null and mCurrentBlur is: 0
04-26 15:03:14.319 12193 12540 I Icing   : IndexChimeraService.getServiceInterface callingPackage=com.google.android.gms componentName=null serviceId=30
04-26 15:03:14.320 12126 12126 D LauncherStateManager: StateManager.goToState: fromState: Normal, toState: Normal, partial trace:
04-26 15:03:14.320 12126 12126 D LauncherStateManager: 	at com.android.launcher3.statemanager.StateManager.moveToRestState(go/retraceme 7226a759aa2bb3787a79806f85d80eaad84f1f1e15acd6db988f2df789d1680d:26)
04-26 15:03:14.320 12126 12126 D LauncherStateManager: 	at com.android.launcher3.statemanager.StateManager.moveToRestState(go/retraceme 7226a759aa2bb3787a79806f85d80eaad84f1f1e15acd6db988f2df789d1680d:35)
04-26 15:03:14.320 12126 12126 D LauncherStateManager: 	at com.android.launcher3.statemanager.StatefulActivity.onStop(go/retraceme 7226a759aa2bb3787a79806f85d80eaad84f1f1e15acd6db988f2df789d1680d:31)
04-26 15:03:14.320 12126 12126 D LauncherStateManager: StateManager.onRepeatStateSetAborted: state: Normal
04-26 15:03:14.320 12126 12126 D KeyboardStateManager: hideKeyboard
04-26 15:03:14.320 12126 12126 D KeyboardStateManager: isImeShown: false
04-26 15:03:14.320 12126 12126 D StatsLog: LAUNCHER_ONSTOP
04-26 15:03:14.327 12126 12126 D StatsLog: LAUNCHER_GOOGLE_SEARCH_RESTORE_LIST_SIZE_AFTER_ACTIVITY_RESTART
04-26 15:03:14.328   525   655 I RanchuHwc: logCompositionFallbackIfChanged: layer 177 CompositionType fallback from 2 to 1
04-26 15:03:14.328   525   655 I RanchuHwc: logCompositionFallbackIfChanged: layer 176 CompositionType fallback from 2 to 1
04-26 15:03:14.328   525   655 I RanchuHwc: logCompositionFallbackIfChanged: layer 172 CompositionType fallback from 3 to 1
04-26 15:03:14.328   509 12908 D android.hardware.audio@7.1-impl.ranchu: 544 frames of silence written
04-26 15:03:14.329   552   632 W skia    : AGTM parsing failed flags.readFromStream(s) at 159
04-26 15:03:14.330   552   632 W skia    : AGTM parsing failed flags.readFromStream(s) at 159
04-26 15:03:14.330   552   632 W skia    : AGTM parsing failed flags.readFromStream(s) at 159
04-26 15:03:14.330   552   632 W skia    : AGTM parsing failed flags.readFromStream(s) at 159
04-26 15:03:14.330   552   632 W skia    : AGTM parsing failed flags.readFromStream(s) at 159
04-26 15:03:14.330   552   632 W skia    : AGTM parsing failed flags.readFromStream(s) at 159
04-26 15:03:14.337 12125 12139 W System  : A resource failed to call close. 
04-26 15:03:14.341   509 12908 D android.hardware.audio@7.1-impl.ranchu: 544 frames of silence written
04-26 15:03:14.341   552   632 W skia    : AGTM parsing failed flags.readFromStream(s) at 159
04-26 15:03:14.341   552   632 W skia    : AGTM parsing failed flags.readFromStream(s) at 159
04-26 15:03:14.344   552   632 W skia    : AGTM parsing failed flags.readFromStream(s) at 159
04-26 15:03:14.345   552   632 W skia    : AGTM parsing failed flags.readFromStream(s) at 159
04-26 15:03:14.345   552   632 W skia    : AGTM parsing failed flags.readFromStream(s) at 159
04-26 15:03:14.345   552   632 W skia    : AGTM parsing failed flags.readFromStream(s) at 159
04-26 15:03:14.345   552   632 W skia    : AGTM parsing failed flags.readFromStream(s) at 159
04-26 15:03:14.345   552   632 W skia    : AGTM parsing failed flags.readFromStream(s) at 159
04-26 15:03:14.354   509 12908 D android.hardware.audio@7.1-impl.ranchu: 544 frames of silence written
04-26 15:03:14.354 12193 13604 I Auth    : (REDACTED) [SupervisedAccountIntentOperation] onHandleIntent: %s
04-26 15:03:14.360   552   632 W skia    : AGTM parsing failed flags.readFromStream(s) at 159
04-26 15:03:14.360   552   632 W skia    : AGTM parsing failed flags.readFromStream(s) at 159
04-26 15:03:14.361   552   632 W skia    : AGTM parsing failed flags.readFromStream(s) at 159
04-26 15:03:14.361   552   632 W skia    : AGTM parsing failed flags.readFromStream(s) at 159
04-26 15:03:14.361   552   632 W skia    : AGTM parsing failed flags.readFromStream(s) at 159
04-26 15:03:14.361   552   632 W skia    : AGTM parsing failed flags.readFromStream(s) at 159
04-26 15:03:14.365 12193 13604 I PackageInstalledIntentO: Test flag v2 is disabled [CONTEXT service_id=469 ]
04-26 15:03:14.368   509 12908 D android.hardware.audio@7.1-impl.ranchu: 544 frames of silence written
04-26 15:03:14.371 13583 13672 I SDL/APP : pixel format wanted SDL_PIXELFORMAT_RGBX8888 (2), got SDL_PIXELFORMAT_RGBX8888 (2)
04-26 15:03:14.375   509 12908 D android.hardware.audio@7.1-impl.ranchu: 544 frames of silence written
04-26 15:03:14.376   552   632 W skia    : AGTM parsing failed flags.readFromStream(s) at 159
04-26 15:03:14.377   552   632 W skia    : AGTM parsing failed flags.readFromStream(s) at 159
04-26 15:03:14.377   552   632 W skia    : AGTM parsing failed flags.readFromStream(s) at 159
04-26 15:03:14.377   552   632 W skia    : AGTM parsing failed flags.readFromStream(s) at 159
04-26 15:03:14.377   552   632 W skia    : AGTM parsing failed flags.readFromStream(s) at 159
04-26 15:03:14.377   552   632 W skia    : AGTM parsing failed flags.readFromStream(s) at 159
04-26 15:03:14.385   509 12908 D android.hardware.audio@7.1-impl.ranchu: 544 frames of silence written
04-26 15:03:14.393 13583 13583 D InsetsController: Setting requestedVisibleTypes to 496 (was 503)
04-26 15:03:14.393   552   632 W skia    : AGTM parsing failed flags.readFromStream(s) at 159
04-26 15:03:14.393   552   632 W skia    : AGTM parsing failed flags.readFromStream(s) at 159
04-26 15:03:14.393   552   632 W skia    : AGTM parsing failed flags.readFromStream(s) at 159
04-26 15:03:14.393   552   632 W skia    : AGTM parsing failed flags.readFromStream(s) at 159
04-26 15:03:14.393   552   632 W skia    : AGTM parsing failed flags.readFromStream(s) at 159
04-26 15:03:14.393   552   632 W skia    : AGTM parsing failed flags.readFromStream(s) at 159
04-26 15:03:14.393 13583 13583 D VRI[MuMainActivity]: WindowInsets changed: statusBars:null navigationBars:null 
04-26 15:03:14.394 13583 13583 V SDL     : surfaceChanged()
04-26 15:03:14.397 13583 13583 V SDL     : Window size: 2268x1080
04-26 15:03:14.397 13583 13583 V SDL     : Device size: 2400x1080
04-26 15:03:14.397   509 12908 D android.hardware.audio@7.1-impl.ranchu: 544 frames of silence written
04-26 15:03:14.404  1053  1191 D WindowOnBackDispatcher: setTopOnBackInvokedCallback (unwrapped): null
04-26 15:03:14.406   742  2164 D CoreBackPreview: Window{f568fa4 u0 Splash Screen com.muonline.client EXITING}: Setting back callback null
04-26 15:03:14.407 12193 12376 I Icing   : Using regular flags by method 2
04-26 15:03:14.408   509 12908 D android.hardware.audio@7.1-impl.ranchu: 544 frames of silence written
04-26 15:03:14.412   552   632 W skia    : AGTM parsing failed flags.readFromStream(s) at 159
04-26 15:03:14.412   552   632 W skia    : AGTM parsing failed flags.readFromStream(s) at 159
04-26 15:03:14.413   552   632 W skia    : AGTM parsing failed flags.readFromStream(s) at 159
04-26 15:03:14.413   552   632 W skia    : AGTM parsing failed flags.readFromStream(s) at 159
04-26 15:03:14.413   552   632 W skia    : AGTM parsing failed flags.readFromStream(s) at 159
04-26 15:03:14.413   552   632 W skia    : AGTM parsing failed flags.readFromStream(s) at 159
04-26 15:03:14.413   552   632 W skia    : AGTM parsing failed flags.readFromStream(s) at 159
04-26 15:03:14.418   627  6389 W libbinder.IPCThreadState: Sending oneway calls to frozen process.
04-26 15:03:14.420   509 12908 D android.hardware.audio@7.1-impl.ranchu: 544 frames of silence written
04-26 15:03:14.422 13583 13672 I MuMain  : Screen size (drawable): 2268x943 (scale: 3.54 x 1.96)
04-26 15:03:14.427   525   655 I RanchuHwc: logCompositionFallbackIfChanged: layer 171 CompositionType fallback from 2 to 1
04-26 15:03:14.428   552   632 W skia    : AGTM parsing failed flags.readFromStream(s) at 159
04-26 15:03:14.428   552   632 W skia    : AGTM parsing failed flags.readFromStream(s) at 159
04-26 15:03:14.428   552   632 W skia    : AGTM parsing failed flags.readFromStream(s) at 159
04-26 15:03:14.428   552   632 W skia    : AGTM parsing failed flags.readFromStream(s) at 159
04-26 15:03:14.428   552   632 W skia    : AGTM parsing failed flags.readFromStream(s) at 159
04-26 15:03:14.428   552   632 W skia    : AGTM parsing failed flags.readFromStream(s) at 159
04-26 15:03:14.428   552   632 W skia    : AGTM parsing failed flags.readFromStream(s) at 159
04-26 15:03:14.431   509 12908 D android.hardware.audio@7.1-impl.ranchu: 544 frames of silence written
04-26 15:03:14.434   552   716 I libbinder.BpBinder: onLastStrongRef automatically unlinking death recipients for binder (0x781cc7a53690) with descriptor: '(not cached)'
04-26 15:03:14.437 13583 13672 I GL_Compat: GL_Compat_Init: OK (prog=3, vbo=1, ebo=2)
04-26 15:03:14.438 13583 13672 I MuRender: OpenGLCompat initialized (drawable=2268x943)
04-26 15:03:14.438 13583 13672 I MuMain  : Render backend active: OpenGLCompat
04-26 15:03:14.438 13583 13672 I GL_Compat: GL path switch: preferDirectVA=1
04-26 15:03:14.438 13583 13672 I MuMain  : GL compat VA policy: preferDirect=1 (emulator=1)
04-26 15:03:14.438 13583 13672 I AndroidGDI: SDL2_ttf initialized, defaultSize=15
04-26 15:03:14.438 13583 13672 I AndroidGDI: Font OK: /system/fonts/DroidSans.ttf sz=15
04-26 15:03:14.439 13583 13672 I AndroidGDI: Font OK: /system/fonts/DroidSans-Bold.ttf sz=15
04-26 15:03:14.440 13583 13672 I AndroidGDI: Font OK: /system/fonts/DroidSans-Bold.ttf sz=30
04-26 15:03:14.442   509 12908 D android.hardware.audio@7.1-impl.ranchu: 544 frames of silence written
04-26 15:03:14.445   525   655 I RanchuHwc: logCompositionFallbackIfChanged: layer 175 CompositionType fallback from 2 to 1
04-26 15:03:14.445   525   655 I RanchuHwc: logCompositionFallbackIfChanged: layer 180 CompositionType fallback from 3 to 1
04-26 15:03:14.446   552   632 W skia    : AGTM parsing failed flags.readFromStream(s) at 159
04-26 15:03:14.446 13583 13672 I AndroidGDI: Font OK: /system/fonts/DroidSans.ttf sz=14
04-26 15:03:14.446 13583 13672 I MuMain  : GDI fonts created: size=15 big=30
04-26 15:03:14.446 13583 13672 I MuMain  : Audio config: sound=1 music=1 rememberMe=0
04-26 15:03:14.446 13583 13672 I MuMain  : 
04-26 15:03:14.446   552   632 W skia    : AGTM parsing failed flags.readFromStream(s) at 159
04-26 15:03:14.446   552   632 W skia    : AGTM parsing failed flags.readFromStream(s) at 159
04-26 15:03:14.446 13583 13672 I MuMain  : Mix_Init requested=0x8 loaded=0x8
04-26 15:03:14.446   552   632 W skia    : AGTM parsing failed flags.readFromStream(s) at 159
04-26 15:03:14.446   552   632 W skia    : AGTM parsing failed flags.readFromStream(s) at 159
04-26 15:03:14.447   552   632 W skia    : AGTM parsing failed flags.readFromStream(s) at 159
04-26 15:03:14.447   552   632 W skia    : AGTM parsing failed flags.readFromStream(s) at 159
04-26 15:03:14.449 13583 13583 V SDL     : onWindowFocusChanged(): true
04-26 15:03:14.449 13583 13583 V SDL     : nativeFocusChanged()
04-26 15:03:14.451 12193 12491 I Icing   : IndexChimeraService.getServiceInterface callingPackage=com.google.android.gms componentName=ContactsIndexer serviceId=33
04-26 15:03:14.454 13583 13672 D AudioSystem: onNewServiceWithAdapter: media.audio_flinger service obtained 0x7414b3a8d1c0
04-26 15:03:14.454   509 12908 D android.hardware.audio@7.1-impl.ranchu: 544 frames of silence written
04-26 15:03:14.455   742   897 I ImeTracker: com.muonline.client:81427908: onRequestHide at ORIGIN_SERVER reason HIDE_UNSPECIFIED_WINDOW fromUser false userId 0 displayId 0
04-26 15:03:14.456 13583 13672 D AudioSystem: getService: IAudioFlingerService retrieved: 0x7415b3ac5300  IAudioFlinger cached: 0x7414b3a8d1c0
04-26 15:03:14.457 13583 13672 D muonline.client: PlayerBase::PlayerBase()
04-26 15:03:14.457 13583 13672 D muonline.client: TrackPlayerBase::TrackPlayerBase()
04-26 15:03:14.457 13583 13672 I libOpenSLES: Emulating old channel mask behavior (ignoring positional mask 0x3, using default mask 0x3 based on channel count of 2)
04-26 15:03:14.458   548 12248 W AudioFlinger: onStateChanged: pid:13583  uid:10230  state:unfrozen
04-26 15:03:14.458   548 12248 D NativePermissionController: checkPermission: missing 1 for 10230
04-26 15:03:14.459   548 12248 D NativePermissionController: checkPermission: missing 3 for 10230
04-26 15:03:14.459 13583 13583 D InsetsController: hide(ime())
04-26 15:03:14.459   548 12248 D NativePermissionController: checkPermission: missing 5 for 10230
04-26 15:03:14.459 13583 13583 I ImeTracker: com.muonline.client:81427908: onCancelled at PHASE_CLIENT_ALREADY_HIDDEN
04-26 15:03:14.460   548 12248 W AudioFlinger: createTrack_l(): mismatch between requested flags (00000104) and output flags (00000002)
04-26 15:03:14.461   552   632 W skia    : AGTM parsing failed flags.readFromStream(s) at 159
04-26 15:03:14.462   552   632 W skia    : AGTM parsing failed flags.readFromStream(s) at 159
04-26 15:03:14.462   552   632 W skia    : AGTM parsing failed flags.readFromStream(s) at 159
04-26 15:03:14.462   552   632 W skia    : AGTM parsing failed flags.readFromStream(s) at 159
04-26 15:03:14.462   552   632 W skia    : AGTM parsing failed flags.readFromStream(s) at 159
04-26 15:03:14.462   552   632 W skia    : AGTM parsing failed flags.readFromStream(s) at 159
04-26 15:03:14.462   552   632 W skia    : AGTM parsing failed flags.readFromStream(s) at 159
04-26 15:03:14.464   509 12908 D android.hardware.audio@7.1-impl.ranchu: 544 frames of silence written
04-26 15:03:14.465   548 12248 D AudioFlinger: Client defaulted notificationFrames to 882 for frameCount 4012
04-26 15:03:14.463   742  1088 W InputChannel-JNI: Channel already disposed.
04-26 15:03:14.465   548 12248 I AF::AfPlaybackCommon: creating track with enforcement level 2 shouldHarden 1
04-26 15:03:14.466 12653 12653 I GoogleInputMethodService: GoogleInputMethodService.onFinishInput():2113 
04-26 15:03:14.468 12653 12653 I Module  : DeviceLockedStatusModuleProvider$Module.updateDeviceLockedStatus():103 repeatCheckTimes = 0, locked = false
04-26 15:03:14.469   742  2164 I ImeTracker: system_server:2d7b423d: onRequestHide at ORIGIN_SERVER reason IME_REQUESTED_CHANGED_LISTENER fromUser false displayId 0
04-26 15:03:14.470   742   782 I ImeTracker: system_server:2d7b423d: onCancelled at PHASE_SERVER_SHOULD_HIDE
04-26 15:03:14.473 12653 12653 I GoogleInputMethodService: GoogleInputMethodService.onStartInput():1384 onStartInput(EditorInfo{EditorInfo{packageName=com.muonline.client, inputType=0, inputTypeString=NULL, enableLearning=false, autoCorrection=false, autoComplete=false, imeOptions=0, privateImeOptions=null, actionName=UNSPECIFIED, actionLabel=null, initialSelStart=-1, initialSelEnd=-1, initialCapsMode=0, label=null, fieldId=0, fieldName=null, extras=null, hintText=null, hintLocales=[]}}, false)
04-26 15:03:14.474 12653 12653 W AndroidIME: LatinIMEBase.updateInputViewCoverNavigation():319 Null input view, cannot update padding!
04-26 15:03:14.473 12193 13621 W SQLiteLog: (28) double-quoted string literal: "com.muonline.client"
04-26 15:03:14.475 12653 12653 I Module  : DeviceLockedStatusModuleProvider$Module.updateDeviceLockedStatus():103 repeatCheckTimes = 1, locked = false
04-26 15:03:14.476   509 12908 D android.hardware.audio@7.1-impl.ranchu: 544 frames of silence written
04-26 15:03:14.478   552   632 W skia    : AGTM parsing failed flags.readFromStream(s) at 159
04-26 15:03:14.478   552   632 W skia    : AGTM parsing failed flags.readFromStream(s) at 159
04-26 15:03:14.478   552   632 W skia    : AGTM parsing failed flags.readFromStream(s) at 159
04-26 15:03:14.479   552   632 W skia    : AGTM parsing failed flags.readFromStream(s) at 159
04-26 15:03:14.479   552   632 W skia    : AGTM parsing failed flags.readFromStream(s) at 159
04-26 15:03:14.479   552   632 W skia    : AGTM parsing failed flags.readFromStream(s) at 159
04-26 15:03:14.479   552   632 W skia    : AGTM parsing failed flags.readFromStream(s) at 159
04-26 15:03:14.483 12193 13613 I NearbyDiscovery: (REDACTED) processGrantSlicePermission: %s
04-26 15:03:14.484 12193 12480 I Icing   : 8 corpora need re-polling
04-26 15:03:14.486   509 12908 D android.hardware.audio@7.1-impl.ranchu: 544 frames of silence written
04-26 15:03:14.490 12193 13683 I GmscoreIpa: (REDACTED) Using %s flags by method %d
04-26 15:03:14.490   742  1742 W PackageConfigPersister: App-specific configuration not found for packageName: com.muonline.client and userId: 0
04-26 15:03:14.494   552   632 W skia    : AGTM parsing failed flags.readFromStream(s) at 159
04-26 15:03:14.494   552   632 W skia    : AGTM parsing failed flags.readFromStream(s) at 159
04-26 15:03:14.494   552   632 W skia    : AGTM parsing failed flags.readFromStream(s) at 159
04-26 15:03:14.494   742  1088 E AppOps  : attributionTag  not declared in manifest of com.muonline.client
04-26 15:03:14.494   552   632 W skia    : AGTM parsing failed flags.readFromStream(s) at 159
04-26 15:03:14.494   552   632 W skia    : AGTM parsing failed flags.readFromStream(s) at 159
04-26 15:03:14.494   552   632 W skia    : AGTM parsing failed flags.readFromStream(s) at 159
04-26 15:03:14.495   552   632 W skia    : AGTM parsing failed flags.readFromStream(s) at 159
04-26 15:03:14.496  1164  1164 I bluetooth: system/btif/avrcp/avrcp_service.cc:533 SendMediaUpdate: track_changed=false :  play_state=true :  queue=false
04-26 15:03:14.496  1164  1164 E MediaControlProfile: onCurrentPlayerStateUpdated: base actions not supported, player actions= 0, expected at least= 7f
04-26 15:03:14.497  1164  1164 W MediaControlGattService: Feature PLAYBACK_SPEED support: true
04-26 15:03:14.498  1164  1164 W MediaControlGattService: Feature PLAYBACK_SPEED support: true
04-26 15:03:14.498  1164  1164 W MediaControlGattService: Feature PLAYBACK_SPEED support: true
04-26 15:03:14.498  1164  1164 W MediaControlGattService: Feature PLAYBACK_SPEED_NOTIFY support: true
04-26 15:03:14.499   742  2176 E AppOps  : attributionTag  not declared in manifest of com.muonline.client
04-26 15:03:14.500 12193 12480 I Icing   : Post-init done
04-26 15:03:14.501 13583 13677 D muonline.client: PlayerBase::stop() from IPlayer
04-26 15:03:14.501 13583 13677 D AudioTrack: stop(17): called with 0 frames delivered
04-26 15:03:14.502   742  1738 E AppOps  : attributionTag  not declared in manifest of com.muonline.client
04-26 15:03:14.503 13583 13672 I MuMain  : SDL_mixer initialized (32 channels)
04-26 15:03:14.503 13583 13672 I MuMain  : INIT: srand
04-26 15:03:14.503 13583 13672 I MuMain  : INIT: alloc GateAttribute
04-26 15:03:14.503 13583 13672 I MuMain  : INIT: alloc SkillAttribute
04-26 15:03:14.503 13583 13672 I MuMain  : INIT: alloc ItemAttRibute
04-26 15:03:14.504   742  1088 E AppOps  : attributionTag  not declared in manifest of com.muonline.client
04-26 15:03:14.504 13583 13672 I MuMain  : INIT: alloc CharacterMemoryDump
04-26 15:03:14.504 13583 13672 I MuMain  : INIT: alloc CharacterMachine
04-26 15:03:14.505 13583 13672 I MuMain  : INIT: CharacterMachine->Init()
04-26 15:03:14.507   742  2015 E AppOps  : attributionTag  not declared in manifest of com.muonline.client
04-26 15:03:14.507 13583 13672 I MuMain  : INIT: new UI objects
04-26 15:03:14.508   742  2015 E AppOps  : attributionTag  not declared in manifest of com.muonline.client
04-26 15:03:14.511 13583 13672 I MuMain  : INIT: BuffStateSystem::Make()
04-26 15:03:14.512 13583 13672 I MuMain  : INIT: MapProcess::Make()
04-26 15:03:14.512 13583 13672 I MuMain  : INIT: PetProcess::Make()
04-26 15:03:14.512   552   632 W skia    : AGTM parsing failed flags.readFromStream(s) at 159
04-26 15:03:14.513 13583 13672 I MuMain  : INIT: CUIMng::Create()
04-26 15:03:14.513   552   632 W skia    : AGTM parsing failed flags.readFromStream(s) at 159
04-26 15:03:14.513   552   632 W skia    : AGTM parsing failed flags.readFromStream(s) at 159
04-26 15:03:14.513   552   632 W skia    : AGTM parsing failed flags.readFromStream(s) at 159
04-26 15:03:14.513   552   632 W skia    : AGTM parsing failed flags.readFromStream(s) at 159
04-26 15:03:14.513 13583 13672 I MuMain  : INIT: g_pNewUISystem->Create()
04-26 15:03:14.513   552   632 W skia    : AGTM parsing failed flags.readFromStream(s) at 159
04-26 15:03:14.513   552   632 W skia    : AGTM parsing failed flags.readFromStream(s) at 159
04-26 15:03:14.514 13583 13672 W GFXSTREAM: [GLESv2Validation.cpp(1217)] Error internal format: 0x4 is invalid.
04-26 15:03:14.514 13583 13672 E GFXSTREAM: [GL2Encoder.cpp(2814)] GL error 0x501 condition [!GLESv2Validation::pixelFormat(ctx, internalformat) && !GLESv2Validation::pixelInternalFormat(internalformat)].
04-26 15:03:14.515 13583 13672 W GFXSTREAM: [GLESv2Validation.cpp(1217)] Error internal format: 0x4 is invalid.
04-26 15:03:14.515 13583 13672 E GFXSTREAM: [GL2Encoder.cpp(2814)] GL error 0x501 condition [!GLESv2Validation::pixelFormat(ctx, internalformat) && !GLESv2Validation::pixelInternalFormat(internalformat)].
04-26 15:03:14.516 12193 12491 I Icing   : IndexChimeraService.getServiceInterface callingPackage=com.google.android.gms componentName=null serviceId=36
04-26 15:03:14.517  1164  1368 I BluetoothAdapterProperties: getBondedDevices: length=0
04-26 15:03:14.517  1164  1164 W MediaControlGattService: Feature TRACK_POSITION support: true
04-26 15:03:14.517  1164  1164 W MediaControlGattService: Feature TRACK_POSITION_NOTIFY support: true
04-26 15:03:14.518  1164  1164 W MediaControlGattService: Feature MEDIA_STATE support: true
04-26 15:03:14.522  1164  1368 I BluetoothAdapterProperties: getBondedDevices: length=0
04-26 15:03:14.522  1164  1164 W MediaControlGattService: Feature MEDIA_CONTROL_POINT_OPCODES_SUPPORTED support: true
04-26 15:03:14.522  1164  1164 W MediaControlGattService: Feature MEDIA_STATE support: true
04-26 15:03:14.522  1164  1164 W MediaControlGattService: Feature MEDIA_STATE support: true
04-26 15:03:14.525 13583 13672 W GFXSTREAM: [GLESv2Validation.cpp(1217)] Error internal format: 0x4 is invalid.
04-26 15:03:14.525 13583 13672 E GFXSTREAM: [GL2Encoder.cpp(2814)] GL error 0x501 condition [!GLESv2Validation::pixelFormat(ctx, internalformat) && !GLESv2Validation::pixelInternalFormat(internalformat)].
04-26 15:03:14.526 13583 13672 W GFXSTREAM: [GLESv2Validation.cpp(1217)] Error internal format: 0x4 is invalid.
04-26 15:03:14.526 13583 13672 E GFXSTREAM: [GL2Encoder.cpp(2814)] GL error 0x501 condition [!GLESv2Validation::pixelFormat(ctx, internalformat) && !GLESv2Validation::pixelInternalFormat(internalformat)].
04-26 15:03:14.527  1164  1368 I BluetoothAdapterProperties: getBondedDevices: length=0
04-26 15:03:14.527 13583 13672 W GFXSTREAM: [GLESv2Validation.cpp(1217)] Error internal format: 0x4 is invalid.
04-26 15:03:14.527 13583 13672 E GFXSTREAM: [GL2Encoder.cpp(2814)] GL error 0x501 condition [!GLESv2Validation::pixelFormat(ctx, internalformat) && !GLESv2Validation::pixelInternalFormat(internalformat)].
04-26 15:03:14.527 13583 13672 W GFXSTREAM: [GLESv2Validation.cpp(1217)] Error internal format: 0x3 is invalid.
04-26 15:03:14.527 13583 13672 E GFXSTREAM: [GL2Encoder.cpp(2814)] GL error 0x501 condition [!GLESv2Validation::pixelFormat(ctx, internalformat) && !GLESv2Validation::pixelInternalFormat(internalformat)].
04-26 15:03:14.528 13583 13672 W GFXSTREAM: [GLESv2Validation.cpp(1217)] Error internal format: 0x4 is invalid.
04-26 15:03:14.528 13583 13672 E GFXSTREAM: [GL2Encoder.cpp(2814)] GL error 0x501 condition [!GLESv2Validation::pixelFormat(ctx, internalformat) && !GLESv2Validation::pixelInternalFormat(internalformat)].
04-26 15:03:14.528 13583 13672 W GFXSTREAM: [GLESv2Validation.cpp(1217)] Error internal format: 0x3 is invalid.
04-26 15:03:14.528 13583 13672 E GFXSTREAM: [GL2Encoder.cpp(2814)] GL error 0x501 condition [!GLESv2Validation::pixelFormat(ctx, internalformat) && !GLESv2Validation::pixelInternalFormat(internalformat)].
04-26 15:03:14.528   552   632 W skia    : AGTM parsing failed flags.readFromStream(s) at 159
04-26 15:03:14.529   552   632 W skia    : AGTM parsing failed flags.readFromStream(s) at 159
04-26 15:03:14.529   552   632 W skia    : AGTM parsing failed flags.readFromStream(s) at 159
04-26 15:03:14.529   552   632 W skia    : AGTM parsing failed flags.readFromStream(s) at 159
04-26 15:03:14.529   552   632 W skia    : AGTM parsing failed flags.readFromStream(s) at 159
04-26 15:03:14.529   552   632 W skia    : AGTM parsing failed flags.readFromStream(s) at 159
04-26 15:03:14.529   552   632 W skia    : AGTM parsing failed flags.readFromStream(s) at 159
04-26 15:03:14.530 13583 13672 W GFXSTREAM: [GLESv2Validation.cpp(1217)] Error internal format: 0x4 is invalid.
04-26 15:03:14.531 13583 13672 E GFXSTREAM: [GL2Encoder.cpp(2814)] GL error 0x501 condition [!GLESv2Validation::pixelFormat(ctx, internalformat) && !GLESv2Validation::pixelInternalFormat(internalformat)].
04-26 15:03:14.532 13583 13672 W GFXSTREAM: [GLESv2Validation.cpp(1217)] Error internal format: 0x4 is invalid.
04-26 15:03:14.532 13583 13672 E GFXSTREAM: [GL2Encoder.cpp(2814)] GL error 0x501 condition [!GLESv2Validation::pixelFormat(ctx, internalformat) && !GLESv2Validation::pixelInternalFormat(internalformat)].
04-26 15:03:14.533 13583 13672 W GFXSTREAM: [GLESv2Validation.cpp(1217)] Error internal format: 0x4 is invalid.
04-26 15:03:14.533 13583 13672 E GFXSTREAM: [GL2Encoder.cpp(2814)] GL error 0x501 condition [!GLESv2Validation::pixelFormat(ctx, internalformat) && !GLESv2Validation::pixelInternalFormat(internalformat)].
04-26 15:03:14.535  1164  1164 W MediaControlGattService: Feature MEDIA_STATE support: true
04-26 15:03:14.536  1164  1164 W MediaControlGattService: Feature SEEKING_SPEED support: true
04-26 15:03:14.536 13583 13672 W GFXSTREAM: [GLESv2Validation.cpp(1217)] Error internal format: 0x4 is invalid.
04-26 15:03:14.536 13583 13672 E GFXSTREAM: [GL2Encoder.cpp(2814)] GL error 0x501 condition [!GLESv2Validation::pixelFormat(ctx, internalformat) && !GLESv2Validation::pixelInternalFormat(internalformat)].
04-26 15:03:14.537 13583 13672 W GFXSTREAM: [GLESv2Validation.cpp(1217)] Error internal format: 0x3 is invalid.
04-26 15:03:14.537 13583 13672 E GFXSTREAM: [GL2Encoder.cpp(2814)] GL error 0x501 condition [!GLESv2Validation::pixelFormat(ctx, internalformat) && !GLESv2Validation::pixelInternalFormat(internalformat)].
04-26 15:03:14.539  1164  1164 W MediaControlGattService: Feature SEEKING_SPEED support: true
04-26 15:03:14.539   742   848 D ActivityManager: sync unfroze 12765 android.process.acore for 7
04-26 15:03:14.539  1164  1164 W MediaControlGattService: Feature SEEKING_SPEED support: true
04-26 15:03:14.539  1164  1164 W MediaControlProfile: MCS service state fields left unhandled: 
04-26 15:03:14.539  1164  1164 W MediaControlProfile:    > PLAYER_NAME
04-26 15:03:14.539  1164  1164 W MediaControlProfile:    > PLAYING_ORDER_SUPPORTED
04-26 15:03:14.543 13583 13672 W GFXSTREAM: [GLESv2Validation.cpp(1217)] Error internal format: 0x4 is invalid.
04-26 15:03:14.543 13583 13672 E GFXSTREAM: [GL2Encoder.cpp(2814)] GL error 0x501 condition [!GLESv2Validation::pixelFormat(ctx, internalformat) && !GLESv2Validation::pixelInternalFormat(internalformat)].
04-26 15:03:14.544   552   632 W skia    : AGTM parsing failed flags.readFromStream(s) at 159
04-26 15:03:14.544   552   632 W skia    : AGTM parsing failed flags.readFromStream(s) at 159
04-26 15:03:14.544   552   632 W skia    : AGTM parsing failed flags.readFromStream(s) at 159
04-26 15:03:14.544   552   632 W skia    : AGTM parsing failed flags.readFromStream(s) at 159
04-26 15:03:14.544   552   632 W skia    : AGTM parsing failed flags.readFromStream(s) at 159
04-26 15:03:14.544   552   632 W skia    : AGTM parsing failed flags.readFromStream(s) at 159
04-26 15:03:14.544   552   632 W skia    : AGTM parsing failed flags.readFromStream(s) at 159
04-26 15:03:14.547 13583 13672 W GFXSTREAM: [GLESv2Validation.cpp(1217)] Error internal format: 0x4 is invalid.
04-26 15:03:14.547 13583 13672 E GFXSTREAM: [GL2Encoder.cpp(2814)] GL error 0x501 condition [!GLESv2Validation::pixelFormat(ctx, internalformat) && !GLESv2Validation::pixelInternalFormat(internalformat)].
04-26 15:03:14.549 13583 13672 W GFXSTREAM: [GLESv2Validation.cpp(1217)] Error internal format: 0x4 is invalid.
04-26 15:03:14.549 13583 13672 E GFXSTREAM: [GL2Encoder.cpp(2814)] GL error 0x501 condition [!GLESv2Validation::pixelFormat(ctx, internalformat) && !GLESv2Validation::pixelInternalFormat(internalformat)].
04-26 15:03:14.550 13583 13672 W GFXSTREAM: [GLESv2Validation.cpp(1217)] Error internal format: 0x4 is invalid.
04-26 15:03:14.550 13583 13672 E GFXSTREAM: [GL2Encoder.cpp(2814)] GL error 0x501 condition [!GLESv2Validation::pixelFormat(ctx, internalformat) && !GLESv2Validation::pixelInternalFormat(internalformat)].
04-26 15:03:14.552 13583 13672 W GFXSTREAM: [GLESv2Validation.cpp(1217)] Error internal format: 0x4 is invalid.
04-26 15:03:14.552 13583 13672 E GFXSTREAM: [GL2Encoder.cpp(2814)] GL error 0x501 condition [!GLESv2Validation::pixelFormat(ctx, internalformat) && !GLESv2Validation::pixelInternalFormat(internalformat)].
04-26 15:03:14.552 13583 13672 W GFXSTREAM: [GLESv2Validation.cpp(1217)] Error internal format: 0x4 is invalid.
04-26 15:03:14.552 13583 13672 E GFXSTREAM: [GL2Encoder.cpp(2814)] GL error 0x501 condition [!GLESv2Validation::pixelFormat(ctx, internalformat) && !GLESv2Validation::pixelInternalFormat(internalformat)].
04-26 15:03:14.556 13583 13672 W GFXSTREAM: [GLESv2Validation.cpp(1217)] Error internal format: 0x4 is invalid.
04-26 15:03:14.556 13583 13672 E GFXSTREAM: [GL2Encoder.cpp(2814)] GL error 0x501 condition [!GLESv2Validation::pixelFormat(ctx, internalformat) && !GLESv2Validation::pixelInternalFormat(internalformat)].
04-26 15:03:14.558 13583 13672 W GFXSTREAM: [GLESv2Validation.cpp(1217)] Error internal format: 0x4 is invalid.
04-26 15:03:14.558 13583 13672 E GFXSTREAM: [GL2Encoder.cpp(2814)] GL error 0x501 condition [!GLESv2Validation::pixelFormat(ctx, internalformat) && !GLESv2Validation::pixelInternalFormat(internalformat)].
04-26 15:03:14.559 13583 13672 W GFXSTREAM: [GLESv2Validation.cpp(1217)] Error internal format: 0x4 is invalid.
04-26 15:03:14.559 13583 13672 E GFXSTREAM: [GL2Encoder.cpp(2814)] GL error 0x501 condition [!GLESv2Validation::pixelFormat(ctx, internalformat) && !GLESv2Validation::pixelInternalFormat(internalformat)].
04-26 15:03:14.560 13583 13672 W GFXSTREAM: [GLESv2Validation.cpp(1217)] Error internal format: 0x4 is invalid.
04-26 15:03:14.560 13583 13672 E GFXSTREAM: [GL2Encoder.cpp(2814)] GL error 0x501 condition [!GLESv2Validation::pixelFormat(ctx, internalformat) && !GLESv2Validation::pixelInternalFormat(internalformat)].
04-26 15:03:14.562   552   632 W skia    : AGTM parsing failed flags.readFromStream(s) at 159
04-26 15:03:14.562   552   632 W skia    : AGTM parsing failed flags.readFromStream(s) at 159
04-26 15:03:14.562   552   632 W skia    : AGTM parsing failed flags.readFromStream(s) at 159
04-26 15:03:14.562   552   632 W skia    : AGTM parsing failed flags.readFromStream(s) at 159
04-26 15:03:14.562   552   632 W skia    : AGTM parsing failed flags.readFromStream(s) at 159
04-26 15:03:14.562   552   632 W skia    : AGTM parsing failed flags.readFromStream(s) at 159
04-26 15:03:14.562   552   632 W skia    : AGTM parsing failed flags.readFromStream(s) at 159
04-26 15:03:14.563 13583 13672 W GFXSTREAM: [GLESv2Validation.cpp(1217)] Error internal format: 0x4 is invalid.
04-26 15:03:14.563 13583 13672 E GFXSTREAM: [GL2Encoder.cpp(2814)] GL error 0x501 condition [!GLESv2Validation::pixelFormat(ctx, internalformat) && !GLESv2Validation::pixelInternalFormat(internalformat)].
04-26 15:03:14.563 13583 13672 W GFXSTREAM: [GLESv2Validation.cpp(1217)] Error internal format: 0x3 is invalid.
04-26 15:03:14.564 13583 13672 E GFXSTREAM: [GL2Encoder.cpp(2814)] GL error 0x501 condition [!GLESv2Validation::pixelFormat(ctx, internalformat) && !GLESv2Validation::pixelInternalFormat(internalformat)].
04-26 15:03:14.565 13583 13672 W GFXSTREAM: [GLESv2Validation.cpp(1217)] Error internal format: 0x4 is invalid.
04-26 15:03:14.565 13583 13672 E GFXSTREAM: [GL2Encoder.cpp(2814)] GL error 0x501 condition [!GLESv2Validation::pixelFormat(ctx, internalformat) && !GLESv2Validation::pixelInternalFormat(internalformat)].
04-26 15:03:14.568 13583 13672 W GFXSTREAM: [GLESv2Validation.cpp(1217)] Error internal format: 0x4 is invalid.
04-26 15:03:14.568 13583 13672 E GFXSTREAM: [GL2Encoder.cpp(2814)] GL error 0x501 condition [!GLESv2Validation::pixelFormat(ctx, internalformat) && !GLESv2Validation::pixelInternalFormat(internalformat)].
04-26 15:03:14.569 13583 13672 W GFXSTREAM: [GLESv2Validation.cpp(1217)] Error internal format: 0x4 is invalid.
04-26 15:03:14.570 13583 13672 E GFXSTREAM: [GL2Encoder.cpp(2814)] GL error 0x501 condition [!GLESv2Validation::pixelFormat(ctx, internalformat) && !GLESv2Validation::pixelInternalFormat(internalformat)].
04-26 15:03:14.571 13583 13672 W GFXSTREAM: [GLESv2Validation.cpp(1217)] Error internal format: 0x4 is invalid.
04-26 15:03:14.572 13583 13672 E GFXSTREAM: [GL2Encoder.cpp(2814)] GL error 0x501 condition [!GLESv2Validation::pixelFormat(ctx, internalformat) && !GLESv2Validation::pixelInternalFormat(internalformat)].
04-26 15:03:14.573 13583 13672 W GFXSTREAM: [GLESv2Validation.cpp(1217)] Error internal format: 0x4 is invalid.
04-26 15:03:14.573 13583 13672 E GFXSTREAM: [GL2Encoder.cpp(2814)] GL error 0x501 condition [!GLESv2Validation::pixelFormat(ctx, internalformat) && !GLESv2Validation::pixelInternalFormat(internalformat)].
04-26 15:03:14.574 13583 13672 W GFXSTREAM: [GLESv2Validation.cpp(1217)] Error internal format: 0x4 is invalid.
04-26 15:03:14.575 13583 13672 E GFXSTREAM: [GL2Encoder.cpp(2814)] GL error 0x501 condition [!GLESv2Validation::pixelFormat(ctx, internalformat) && !GLESv2Validation::pixelInternalFormat(internalformat)].
04-26 15:03:14.575 12765 12776 W d.process.acore: Suspending all threads took: 33.952ms
04-26 15:03:14.576 13583 13672 W GFXSTREAM: [GLESv2Validation.cpp(1217)] Error internal format: 0x3 is invalid.
04-26 15:03:14.576 13583 13672 E GFXSTREAM: [GL2Encoder.cpp(2814)] GL error 0x501 condition [!GLESv2Validation::pixelFormat(ctx, internalformat) && !GLESv2Validation::pixelInternalFormat(internalformat)].
04-26 15:03:14.577 13583 13672 W GFXSTREAM: [GLESv2Validation.cpp(1217)] Error internal format: 0x3 is invalid.
04-26 15:03:14.577 13583 13672 E GFXSTREAM: [GL2Encoder.cpp(2814)] GL error 0x501 condition [!GLESv2Validation::pixelFormat(ctx, internalformat) && !GLESv2Validation::pixelInternalFormat(internalformat)].
04-26 15:03:14.579   552   632 W skia    : AGTM parsing failed flags.readFromStream(s) at 159
04-26 15:03:14.579   552   632 W skia    : AGTM parsing failed flags.readFromStream(s) at 159
04-26 15:03:14.579   552   632 W skia    : AGTM parsing failed flags.readFromStream(s) at 159
04-26 15:03:14.579   552   632 W skia    : AGTM parsing failed flags.readFromStream(s) at 159
04-26 15:03:14.579   552   632 W skia    : AGTM parsing failed flags.readFromStream(s) at 159
04-26 15:03:14.580   552   632 W skia    : AGTM parsing failed flags.readFromStream(s) at 159
04-26 15:03:14.582 13583 13672 W GFXSTREAM: [GLESv2Validation.cpp(1217)] Error internal format: 0x4 is invalid.
04-26 15:03:14.582 13583 13672 E GFXSTREAM: [GL2Encoder.cpp(2814)] GL error 0x501 condition [!GLESv2Validation::pixelFormat(ctx, internalformat) && !GLESv2Validation::pixelInternalFormat(internalformat)].
04-26 15:03:14.582 13583 13672 I MuMain  : INIT: UI creation done
04-26 15:03:14.583 13583 13672 I MuMain  : VirtualPad: slots saved idx=[-1,-1,-1,-1,-1]
04-26 15:03:14.583 13583 13672 I MuMain  : VirtualPad: slots loaded version=0 idx=[-1,-1,-1,-1,-1] type=[0,0,0,0,0] path=Data/Local/android_touch_skill_slots.cfg
04-26 15:03:14.585 13583 13672 I MuMain  : VirtualPad slots: [-1,-1,-1,-1,-1]
04-26 15:03:14.585 13583 13672 I MuMain  : Android perf defaults: maxMsgPerCycle=70 targetFps=-1.0 fxScale=1.00 adaptive=on isEmulator=1
04-26 15:03:14.585 12765 12765 D ActivityThread: Package [com.muonline.client] reported as REPLACED, but missing application info. Assuming REMOVED.
04-26 15:03:14.585 13583 13672 I MuMain  : SDL mixer volume set: level=5 sdl=71
04-26 15:03:14.585 13583 13672 I MuMain  : FPS overlay enabled
04-26 15:03:14.585 13583 13672 I MuMain  : All systems initialized — entering main loop
04-26 15:03:14.585 13583 13672 I MuMain  : Window resized → drawable: 2268x1080
04-26 15:03:14.585 13583 13672 I MuMain  : CHATIME IME state changed focused=0 sdlTextInput=1
04-26 15:03:14.586 12765 12765 D ActivityThread: Package [com.muonline.client] reported as REPLACED, but missing application info. Assuming REMOVED.
04-26 15:03:14.589 13583 13672 E BLASTBufferQueue: [eb1e9d9 SurfaceView[com.muonline.client/com.muonline.client.MuMainActivity]#2](f:0,a:0) rejecting buffer:active_size=2268x1080, requested_size=2268x1080 buffer{size=2268x943 transform=0}
04-26 15:03:14.594   552   632 W skia    : AGTM parsing failed flags.readFromStream(s) at 159
04-26 15:03:14.594   552   632 W skia    : AGTM parsing failed flags.readFromStream(s) at 159
04-26 15:03:14.594   552   632 W skia    : AGTM parsing failed flags.readFromStream(s) at 159
04-26 15:03:14.594   552   632 W skia    : AGTM parsing failed flags.readFromStream(s) at 159
04-26 15:03:14.594   552   632 W skia    : AGTM parsing failed flags.readFromStream(s) at 159
04-26 15:03:14.594   552   632 W skia    : AGTM parsing failed flags.readFromStream(s) at 159
04-26 15:03:14.604 13583 13672 I MuMain  : Frame 0 — drawCalls=0 verts=0 paths(im=0 vaD=0 vaC=0 qI=0 qE=0) SDL_err='Couldn't open asset '/storage/emulated/0/Android/data/com.muonline.client/files/Data/fonts/font_.ttf''
04-26 15:03:14.612   525   655 I RanchuHwc: logCompositionFallbackIfChanged: layer 181 CompositionType fallback from 2 to 1
04-26 15:03:14.613   552   632 W skia    : AGTM parsing failed flags.readFromStream(s) at 159
04-26 15:03:14.614   552   632 W skia    : AGTM parsing failed flags.readFromStream(s) at 159
04-26 15:03:14.614   552   632 W skia    : AGTM parsing failed flags.readFromStream(s) at 159
04-26 15:03:14.614   552   632 W skia    : AGTM parsing failed flags.readFromStream(s) at 159
04-26 15:03:14.614   552   632 W skia    : AGTM parsing failed flags.readFromStream(s) at 159
04-26 15:03:14.614   552   632 W skia    : AGTM parsing failed flags.readFromStream(s) at 159
04-26 15:03:14.614   552   632 W skia    : AGTM parsing failed flags.readFromStream(s) at 159
04-26 15:03:14.617 12193 12197 W gle.android.gms: Suspending all threads took: 34.793ms
04-26 15:03:14.621 13583 13672 I MuMain  : Frame 1 — drawCalls=0 verts=0 paths(im=0 vaD=0 vaC=0 qI=0 qE=0) SDL_err=''
04-26 15:03:14.627   552   632 W skia    : AGTM parsing failed flags.readFromStream(s) at 159
04-26 15:03:14.627   552   632 W skia    : AGTM parsing failed flags.readFromStream(s) at 159
04-26 15:03:14.627   552   632 W skia    : AGTM parsing failed flags.readFromStream(s) at 159
04-26 15:03:14.627   552   632 W skia    : AGTM parsing failed flags.readFromStream(s) at 159
04-26 15:03:14.627   552   632 W skia    : AGTM parsing failed flags.readFromStream(s) at 159
04-26 15:03:14.627   552   632 W skia    : AGTM parsing failed flags.readFromStream(s) at 159
04-26 15:03:14.627   552   632 W skia    : AGTM parsing failed flags.readFromStream(s) at 159
04-26 15:03:14.636 13583 13672 I MuMain  : Frame 2 — drawCalls=0 verts=0 paths(im=0 vaD=0 vaC=0 qI=0 qE=0) SDL_err=''
04-26 15:03:14.645   552   632 W skia    : AGTM parsing failed flags.readFromStream(s) at 159
04-26 15:03:14.645   552   632 W skia    : AGTM parsing failed flags.readFromStream(s) at 159
04-26 15:03:14.645   552   632 W skia    : AGTM parsing failed flags.readFromStream(s) at 159
04-26 15:03:14.645   552   632 W skia    : AGTM parsing failed flags.readFromStream(s) at 159
04-26 15:03:14.645   552   632 W skia    : AGTM parsing failed flags.readFromStream(s) at 159
04-26 15:03:14.645   552   632 W skia    : AGTM parsing failed flags.readFromStream(s) at 159
04-26 15:03:14.645   552   632 W skia    : AGTM parsing failed flags.readFromStream(s) at 159
04-26 15:03:14.648 13583 13672 I MuMain  : Frame 3 — drawCalls=0 verts=0 paths(im=0 vaD=0 vaC=0 qI=0 qE=0) SDL_err=''
04-26 15:03:14.650 13583 13672 I MuMain  : Frame 4 — drawCalls=0 verts=0 paths(im=0 vaD=0 vaC=0 qI=0 qE=0) SDL_err=''
04-26 15:03:14.653 13583 13672 I MuMain  : Frame 5 — drawCalls=0 verts=0 paths(im=0 vaD=0 vaC=0 qI=0 qE=0) SDL_err=''
04-26 15:03:14.655 13583 13672 I MuMain  : Frame 6 — drawCalls=0 verts=0 paths(im=0 vaD=0 vaC=0 qI=0 qE=0) SDL_err=''
04-26 15:03:14.657 13583 13672 I MuMain  : Frame 7 — drawCalls=0 verts=0 paths(im=0 vaD=0 vaC=0 qI=0 qE=0) SDL_err=''
04-26 15:03:14.658 13583 13672 I MuMain  : Frame 8 — drawCalls=0 verts=0 paths(im=0 vaD=0 vaC=0 qI=0 qE=0) SDL_err=''
04-26 15:03:14.659 13583 13672 I MuMain  : Frame 9 — drawCalls=0 verts=0 paths(im=0 vaD=0 vaC=0 qI=0 qE=0) SDL_err=''
04-26 15:03:14.661   552   632 W skia    : AGTM parsing failed flags.readFromStream(s) at 159
04-26 15:03:14.662   552   632 W skia    : AGTM parsing failed flags.readFromStream(s) at 159
