04-26 14:49:12.830  3865  3872 I artd    : GetBestInfo: dm (/data/app/~~PqdBwR9WSFUNw4iaJMgoGg==/com.google.android.gms-95Dc1VeYXyONiCBDqz_lkA==/split_AdsDynamite_installtime.dm) is kOatUpToDate with filter 'verify' executable 'false'
04-26 14:49:12.832  3865  3872 I artd    : GetBestInfo: dm (/data/app/~~PqdBwR9WSFUNw4iaJMgoGg==/com.google.android.gms-95Dc1VeYXyONiCBDqz_lkA==/split_CronetDynamite_installtime.dm) is kOatUpToDate with filter 'verify' executable 'false'
04-26 14:49:12.833  3865  3872 I artd    : GetBestInfo: dm (/data/app/~~PqdBwR9WSFUNw4iaJMgoGg==/com.google.android.gms-95Dc1VeYXyONiCBDqz_lkA==/split_DynamiteLoader_installtime.dm) is kOatUpToDate with filter 'verify' executable 'false'
04-26 14:49:12.835  3865  3872 I artd    : GetBestInfo: dm (/data/app/~~PqdBwR9WSFUNw4iaJMgoGg==/com.google.android.gms-95Dc1VeYXyONiCBDqz_lkA==/split_DynamiteModulesA_installtime.dm) is kOatUpToDate with filter 'verify' executable 'false'
04-26 14:49:12.836  3865  3872 I artd    : GetBestInfo: dm (/data/app/~~PqdBwR9WSFUNw4iaJMgoGg==/com.google.android.gms-95Dc1VeYXyONiCBDqz_lkA==/split_DynamiteModulesC_installtime.dm) is kOatUpToDate with filter 'verify' executable 'false'
04-26 14:49:12.838  3865  3872 I artd    : GetBestInfo: dm (/data/app/~~PqdBwR9WSFUNw4iaJMgoGg==/com.google.android.gms-95Dc1VeYXyONiCBDqz_lkA==/split_GoogleCertificates_installtime.dm) is kOatUpToDate with filter 'verify' executable 'false'
04-26 14:49:12.839  3865  3872 I artd    : GetBestInfo: dm (/data/app/~~PqdBwR9WSFUNw4iaJMgoGg==/com.google.android.gms-95Dc1VeYXyONiCBDqz_lkA==/split_MapsDynamite_installtime.dm) is kOatUpToDate with filter 'verify' executable 'false'
04-26 14:49:12.841  3865  3872 I artd    : GetBestInfo: dm (/data/app/~~PqdBwR9WSFUNw4iaJMgoGg==/com.google.android.gms-95Dc1VeYXyONiCBDqz_lkA==/split_MeasurementDynamite_installtime.dm) is kOatUpToDate with filter 'verify' executable 'false'
04-26 14:49:12.843  3865  3872 I artd    : GetBestInfo: dm (/data/app/~~PqdBwR9WSFUNw4iaJMgoGg==/com.google.android.gms-95Dc1VeYXyONiCBDqz_lkA==/split_all_locale_splits.dm) is kOatUpToDate with filter 'verify' executable 'false'
04-26 14:49:12.844  3865  3872 I artd    : GetBestInfo: /data/user_de/0/com.google.android.gms/app_chimera/m/0000000a/dl-TfliteDynamiteDynamite.integ_252130102100800.apk has no usable artifacts
04-26 14:49:12.844  3865  3872 I artd    : GetBestInfo: /data/user_de/0/com.google.android.gms/app_chimera/m/00000001/CronetDynamite.apk has no usable artifacts
04-26 14:49:12.846  3865  3872 I artd    : GetBestInfo: /data/user_de/0/com.google.android.gms/app_chimera/m/00000016/dl-MlkitOcrCommon.optional_261332100800.apk has no usable artifacts
04-26 14:49:12.846  3865  3872 I artd    : GetBestInfo: /data/user_de/0/com.google.android.gms/app_chimera/m/00000002/DynamiteLoader.apk has no usable artifacts
04-26 14:49:12.848  3865  3872 I artd    : GetBestInfo: /data/user_de/0/com.google.android.gms/app_chimera/m/0000000e/dl-MlkitBarcodeUi.optional_260235100800.apk has no usable artifacts
04-26 14:49:12.849  3865  3872 I artd    : GetBestInfo: /data/user_de/0/com.google.android.gms/app_chimera/m/00000013/dl-Appsearch.optional_261332100800.apk has no usable artifacts
04-26 14:49:12.850  3865  3872 I artd    : GetBestInfo: /data/user_de/0/com.google.android.gms/app_chimera/m/00000005/GoogleCertificates.apk has no usable artifacts
04-26 14:49:12.851  3865  3872 I artd    : GetBestInfo: /data/user_de/0/com.google.android.gms/app_chimera/m/00000012/dl-PlayCloudSearch.optional_261332100000.apk has no usable artifacts
04-26 14:49:12.853  3865  3872 I artd    : GetBestInfo: vdex next to the dex file (/data/user/0/com.google.android.gms/app_dg_cache/B3ED91DEC21F0EB5284BE10D982ABEAAC45F5C48/oat/x86_64/the.vdex) is kOatUpToDate with filter 'verify' executable 'false'
04-26 14:49:12.855  3865  3872 I artd    : GetBestInfo: /data/user_de/0/com.google.android.gms/app_chimera/m/0000000f/dl-PlayCloudSearch.optional_260235100000.apk has no usable artifacts
04-26 14:49:12.856  3865  3872 I artd    : GetBestInfo: /data/user_de/0/com.google.android.gms/app_chimera/m/00000008/dl-VisionOcr.optional_260235100000.apk has no usable artifacts
04-26 14:49:12.858  3865  3872 I artd    : GetBestInfo: /data/user_de/0/com.google.android.gms/app_chimera/m/0000000b/dl-Appsearch.optional_260235100800.apk has no usable artifacts
04-26 14:49:12.859  3865  3872 I artd    : GetBestInfo: /data/user_de/0/com.google.android.gms/app_chimera/m/00000011/dl-VisionOcr.optional_261332100000.apk has no usable artifacts
04-26 14:49:12.860  3865  3872 I artd    : GetBestInfo: /data/user_de/0/com.google.android.gms/app_chimera/m/00000015/dl-MlkitBarcodeUi.optional_261332100800.apk has no usable artifacts
04-26 14:49:12.862  3865  3872 I artd    : GetBestInfo: /data/user_de/0/com.google.android.gms/app_chimera/m/00000009/dl-MlkitOcrCommon.optional_260235100800.apk has no usable artifacts
04-26 14:49:12.864  3865  3872 I artd    : GetBestInfo: vdex next to the dex file (/data/user/0/com.google.android.gms/app_dg_cache/CE973E4DE823F0AA69070767A9FABB590DDD455C/oat/x86_64/the.vdex) is kOatUpToDate with filter 'verify' executable 'false'
04-26 14:49:12.864  3865  3872 I artd    : GetBestInfo: /data/user_de/0/com.google.android.gms/app_chimera/m/00000007/MeasurementDynamite.apk has no usable artifacts
04-26 14:49:14.058  1029  1029 I wpa_supplicant: wlan0: CTRL-EVENT-BEACON-LOSS 
04-26 14:49:14.432   742   969 I AdbWifiNetworkMonitor: Wi-Fi network available
04-26 14:49:14.432   742   969 I AdbWifiNetworkMonitor: Received the same Wi-Fi SSID. Ignoring.
04-26 14:49:14.437   742   940 I HalDevMgr: bestIfaceCreationProposal is null, requestIface=STA, existingIface=[name=wlan0 type=STA]
04-26 14:49:14.437   742   946 W libbinder.IPCThreadState: Sending oneway calls to frozen process.
04-26 14:49:14.438  1391  1412 I NullBinder: NullBinder for android.net.action.RECOMMEND_NETWORKS triggering remote TransactionTooLargeException due to Service without Chimera impl, calling uid: 1000, calling pid: 0
04-26 14:49:14.438  1391  1412 W libbinder.Binder: Large reply transaction of 1056768 bytes, interface descriptor , function: UNKNOWN_FUNCTION_NAME, code: 1, flags: 17
04-26 14:49:14.438   742   946 W libbinder.IPCThreadState: Sending oneway calls to frozen process.
04-26 14:49:14.439   742   946 W libbinder.IPCThreadState: Sending oneway calls to frozen process.
04-26 14:49:14.440   742   946 W libbinder.IPCThreadState: Sending oneway calls to frozen process.
04-26 14:49:14.440   742   946 W libbinder.IPCThreadState: Sending oneway calls to frozen process.
04-26 14:49:14.441   742   946 W libbinder.IPCThreadState: Sending oneway calls to frozen process.
04-26 14:49:14.441   742   946 W libbinder.IPCThreadState: Sending oneway calls to frozen process.
04-26 14:49:14.456   742  1009 D androidtc: Initializing SystemTextClassifier, type = System
04-26 14:49:14.456   742  1009 E ClipboardService: Denying clipboard access to com.android.chrome, application is not in focus nor is it a system service for user 0
04-26 14:49:14.457  3605  3605 I AiAiTextClassifier: onCreateTextClassificationSession = TextClassificationSessionId {dc608a63-dbad-4811-93b5-28cb04da25a8}
04-26 14:49:14.459  1053  1053 I ClipboardListener: Clipboard overlay suppressed.
04-26 14:49:14.459  3605  3737 I AiAiTranslate: C2T - not in a conversation
04-26 14:49:14.465  3605  3754 I AiAiTextClassifier: GenerateLinks did not find valid links, returning empty result
04-26 14:49:14.466   742  1010 E ClipboardService: Denying clipboard access to com.android.chrome, application is not in focus nor is it a system service for user 0
04-26 14:49:14.468  3605  3754 I AiAiTextClassifier: GenerateLinks did not find valid links, returning empty result
04-26 14:49:14.470  1053  1053 I ClipboardListener: Clipboard overlay suppressed.
04-26 14:49:14.511   742  1009 D androidtc: Initializing SystemTextClassifier, type = System
04-26 14:49:14.511   742  1009 E ClipboardService: Denying clipboard access to com.android.chrome, application is not in focus nor is it a system service for user 0
04-26 14:49:14.512  3605  3605 I AiAiTextClassifier: onCreateTextClassificationSession = TextClassificationSessionId {7890d101-5ac8-4747-bb89-4cb2bbd4c1ea}
04-26 14:49:14.514  3605  3737 I AiAiTranslate: C2T - not in a conversation
04-26 14:49:14.515  3605  3754 I AiAiTextClassifier: GenerateLinks did not find valid links, returning empty result
04-26 14:49:14.516   742  1010 E ClipboardService: Denying clipboard access to com.android.chrome, application is not in focus nor is it a system service for user 0
04-26 14:49:14.516  1053  1053 I ClipboardListener: Clipboard overlay suppressed.
04-26 14:49:14.518  3605  3754 I AiAiTextClassifier: GenerateLinks did not find valid links, returning empty result
04-26 14:49:14.521  1053  1053 I ClipboardListener: Clipboard overlay suppressed.
04-26 14:49:14.983   742  1009 D androidtc: Initializing SystemTextClassifier, type = System
04-26 14:49:14.984   742  1009 E ClipboardService: Denying clipboard access to com.android.chrome, application is not in focus nor is it a system service for user 0
04-26 14:49:14.984  3605  3605 I AiAiTextClassifier: onCreateTextClassificationSession = TextClassificationSessionId {9a5029d2-110c-4b5a-bf12-9a25fea43532}
04-26 14:49:14.986  3605  3737 I AiAiTranslate: C2T - not in a conversation
04-26 14:49:14.987  1053  1053 I ClipboardListener: Clipboard overlay suppressed.
04-26 14:49:14.987  3605  3754 I AiAiTextClassifier: GenerateLinks did not find valid links, returning empty result
04-26 14:49:14.988   742  1010 E ClipboardService: Denying clipboard access to com.android.chrome, application is not in focus nor is it a system service for user 0
04-26 14:49:14.992  1053  1053 I ClipboardListener: Clipboard overlay suppressed.
04-26 14:49:14.993  3605  3754 I AiAiTextClassifier: GenerateLinks did not find valid links, returning empty result
04-26 14:49:17.445   742   940 I HalDevMgr: bestIfaceCreationProposal is null, requestIface=STA, existingIface=[name=wlan0 type=STA]
04-26 14:49:18.478   742  1009 D androidtc: Initializing SystemTextClassifier, type = System
04-26 14:49:18.479   742  1009 E ClipboardService: Denying clipboard access to com.android.chrome, application is not in focus nor is it a system service for user 0
04-26 14:49:18.479  3605  3605 I AiAiTextClassifier: onCreateTextClassificationSession = TextClassificationSessionId {b510e895-2132-437a-88cf-86d3ac5191cc}
04-26 14:49:18.482  3605  3737 I AiAiTranslate: C2T - not in a conversation
04-26 14:49:18.482  1053  1053 I ClipboardListener: Clipboard overlay suppressed.
04-26 14:49:18.483  3605  3754 I AiAiTextClassifier: GenerateLinks did not find valid links, returning empty result
04-26 14:49:18.483   742  1010 E ClipboardService: Denying clipboard access to com.android.chrome, application is not in focus nor is it a system service for user 0
04-26 14:49:18.486  3605  3754 I AiAiTextClassifier: GenerateLinks did not find valid links, returning empty result
04-26 14:49:18.486  1053  1053 I ClipboardListener: Clipboard overlay suppressed.
04-26 14:49:18.579   742  1009 D androidtc: Initializing SystemTextClassifier, type = System
04-26 14:49:18.580   742  1009 E ClipboardService: Denying clipboard access to com.android.chrome, application is not in focus nor is it a system service for user 0
04-26 14:49:18.580  3605  3605 I AiAiTextClassifier: onCreateTextClassificationSession = TextClassificationSessionId {c744fd02-9a36-4d67-bb12-87b8b5f912e4}
04-26 14:49:18.582  3605  3737 I AiAiTranslate: C2T - not in a conversation
04-26 14:49:18.583  3605  3754 I AiAiTextClassifier: GenerateLinks did not find valid links, returning empty result
04-26 14:49:18.583  1053  1053 I ClipboardListener: Clipboard overlay suppressed.
04-26 14:49:18.584   742  1010 E ClipboardService: Denying clipboard access to com.android.chrome, application is not in focus nor is it a system service for user 0
04-26 14:49:18.590  1053  1053 I ClipboardListener: Clipboard overlay suppressed.
04-26 14:49:18.590  3605  3754 I AiAiTextClassifier: GenerateLinks did not find valid links, returning empty result
04-26 14:49:20.453   742   940 I HalDevMgr: bestIfaceCreationProposal is null, requestIface=STA, existingIface=[name=wlan0 type=STA]
04-26 14:49:22.023  1196  1326 D SatelliteController: isInCarrierRoamingNbIotNtn: satellite is disabled
04-26 14:49:22.023  1196  1326 D SatelliteController: getCarrierRoamingNtnConnectType: Checking connect type from PLMN config for subId: 1
04-26 14:49:22.023  1196  1326 D SatelliteController: getSatellitePerPlmnConfiguration: invalid subId or not supported via carrier.
04-26 14:49:22.023  1196  1326 D SatelliteController: getCarrierRoamingNtnConnectType: config: null
04-26 14:49:22.024  1196  1326 D SatelliteController: getCarrierRoamingNtnConnectType: Falling back to global carrier config connect type: 0
04-26 14:49:22.024  1196  1326 D SatelliteController: updateLastNotifiedCarrierRoamingNtnSignalStrengthAndNotify(1)
04-26 14:49:22.024  1196  1326 D SatelliteController: updateLastNotifiedCarrierRoamingNtnSignalStrengthAndNotify(1) lastNotifiedSignalStrength level: 0
04-26 14:49:22.024  1196  1326 D SatelliteController: updateLastNotifiedCarrierRoamingNtnSignalStrengthAndNotify(1) currSignalStrength level: 0
04-26 14:49:22.251  1029  1029 I wpa_supplicant: wlan0: CTRL-EVENT-BEACON-LOSS 
04-26 14:49:22.286   742  1009 D androidtc: Initializing SystemTextClassifier, type = System
04-26 14:49:22.287   742  1009 E ClipboardService: Denying clipboard access to com.android.chrome, application is not in focus nor is it a system service for user 0
04-26 14:49:22.287  3605  3605 I AiAiTextClassifier: onCreateTextClassificationSession = TextClassificationSessionId {1084920c-d596-44dd-ae5b-e6a0745473bd}
04-26 14:49:22.289  3605  3754 I AiAiTextClassifier: GenerateLinks did not find valid links, returning empty result
04-26 14:49:22.290  3605  3737 I AiAiTranslate: C2T - not in a conversation
04-26 14:49:22.290   742  1010 E ClipboardService: Denying clipboard access to com.android.chrome, application is not in focus nor is it a system service for user 0
04-26 14:49:22.291  1053  1053 I ClipboardListener: Clipboard overlay suppressed.
04-26 14:49:22.293  3605  3754 I AiAiTextClassifier: GenerateLinks did not find valid links, returning empty result
04-26 14:49:22.293  1053  1053 I ClipboardListener: Clipboard overlay suppressed.
04-26 14:49:22.374   742  1009 D androidtc: Initializing SystemTextClassifier, type = System
04-26 14:49:22.374   742  1009 E ClipboardService: Denying clipboard access to com.android.chrome, application is not in focus nor is it a system service for user 0
04-26 14:49:22.375  3605  3605 I AiAiTextClassifier: onCreateTextClassificationSession = TextClassificationSessionId {8f3ed51f-035f-4d5f-830f-5f9ccb073cd6}
04-26 14:49:22.376  3605  3737 I AiAiTranslate: C2T - not in a conversation
04-26 14:49:22.376  3605  3754 I AiAiTextClassifier: GenerateLinks did not find valid links, returning empty result
04-26 14:49:22.377   742  1010 E ClipboardService: Denying clipboard access to com.android.chrome, application is not in focus nor is it a system service for user 0
04-26 14:49:22.378  1053  1053 I ClipboardListener: Clipboard overlay suppressed.
04-26 14:49:22.380  1053  1053 I ClipboardListener: Clipboard overlay suppressed.
04-26 14:49:22.382  3605  3754 I AiAiTextClassifier: GenerateLinks did not find valid links, returning empty result
04-26 14:49:22.823  3865  3872 I artd    : GetBestInfo: odex next to the dex file (/data/app/~~PqdBwR9WSFUNw4iaJMgoGg==/com.google.android.gms-95Dc1VeYXyONiCBDqz_lkA==/oat/x86_64/base.odex) is kOatUpToDate with filter 'speed-profile' executable 'false'
04-26 14:49:22.824  3865  3872 I artd    : GetBestInfo: dm (/data/app/~~PqdBwR9WSFUNw4iaJMgoGg==/com.google.android.gms-95Dc1VeYXyONiCBDqz_lkA==/split_AdsDynamite_installtime.dm) is kOatUpToDate with filter 'verify' executable 'false'
04-26 14:49:22.826  3865  3872 I artd    : GetBestInfo: dm (/data/app/~~PqdBwR9WSFUNw4iaJMgoGg==/com.google.android.gms-95Dc1VeYXyONiCBDqz_lkA==/split_CronetDynamite_installtime.dm) is kOatUpToDate with filter 'verify' executable 'false'
04-26 14:49:22.828  3865  3872 I artd    : GetBestInfo: dm (/data/app/~~PqdBwR9WSFUNw4iaJMgoGg==/com.google.android.gms-95Dc1VeYXyONiCBDqz_lkA==/split_DynamiteLoader_installtime.dm) is kOatUpToDate with filter 'verify' executable 'false'
04-26 14:49:22.829  3865  3872 I artd    : GetBestInfo: dm (/data/app/~~PqdBwR9WSFUNw4iaJMgoGg==/com.google.android.gms-95Dc1VeYXyONiCBDqz_lkA==/split_DynamiteModulesA_installtime.dm) is kOatUpToDate with filter 'verify' executable 'false'
04-26 14:49:22.831  3865  3872 I artd    : GetBestInfo: dm (/data/app/~~PqdBwR9WSFUNw4iaJMgoGg==/com.google.android.gms-95Dc1VeYXyONiCBDqz_lkA==/split_DynamiteModulesC_installtime.dm) is kOatUpToDate with filter 'verify' executable 'false'
04-26 14:49:22.833  3865  3872 I artd    : GetBestInfo: dm (/data/app/~~PqdBwR9WSFUNw4iaJMgoGg==/com.google.android.gms-95Dc1VeYXyONiCBDqz_lkA==/split_GoogleCertificates_installtime.dm) is kOatUpToDate with filter 'verify' executable 'false'
04-26 14:49:22.834  3865  3872 I artd    : GetBestInfo: dm (/data/app/~~PqdBwR9WSFUNw4iaJMgoGg==/com.google.android.gms-95Dc1VeYXyONiCBDqz_lkA==/split_MapsDynamite_installtime.dm) is kOatUpToDate with filter 'verify' executable 'false'
04-26 14:49:22.836  3865  3872 I artd    : GetBestInfo: dm (/data/app/~~PqdBwR9WSFUNw4iaJMgoGg==/com.google.android.gms-95Dc1VeYXyONiCBDqz_lkA==/split_MeasurementDynamite_installtime.dm) is kOatUpToDate with filter 'verify' executable 'false'
04-26 14:49:22.838  3865  3872 I artd    : GetBestInfo: dm (/data/app/~~PqdBwR9WSFUNw4iaJMgoGg==/com.google.android.gms-95Dc1VeYXyONiCBDqz_lkA==/split_all_locale_splits.dm) is kOatUpToDate with filter 'verify' executable 'false'
04-26 14:49:22.839  3865  3872 I artd    : GetBestInfo: /data/user_de/0/com.google.android.gms/app_chimera/m/0000000a/dl-TfliteDynamiteDynamite.integ_252130102100800.apk has no usable artifacts
04-26 14:49:22.840  3865  3872 I artd    : GetBestInfo: /data/user_de/0/com.google.android.gms/app_chimera/m/00000001/CronetDynamite.apk has no usable artifacts
04-26 14:49:22.841  3865  3872 I artd    : GetBestInfo: /data/user_de/0/com.google.android.gms/app_chimera/m/00000016/dl-MlkitOcrCommon.optional_261332100800.apk has no usable artifacts
04-26 14:49:22.841  3865  3872 I artd    : GetBestInfo: /data/user_de/0/com.google.android.gms/app_chimera/m/00000002/DynamiteLoader.apk has no usable artifacts
04-26 14:49:22.843  3865  3872 I artd    : GetBestInfo: /data/user_de/0/com.google.android.gms/app_chimera/m/0000000e/dl-MlkitBarcodeUi.optional_260235100800.apk has no usable artifacts
04-26 14:49:22.844  3865  3872 I artd    : GetBestInfo: /data/user_de/0/com.google.android.gms/app_chimera/m/00000013/dl-Appsearch.optional_261332100800.apk has no usable artifacts
04-26 14:49:22.845  3865  3872 I artd    : GetBestInfo: /data/user_de/0/com.google.android.gms/app_chimera/m/00000005/GoogleCertificates.apk has no usable artifacts
04-26 14:49:22.846  3865  3872 I artd    : GetBestInfo: /data/user_de/0/com.google.android.gms/app_chimera/m/00000012/dl-PlayCloudSearch.optional_261332100000.apk has no usable artifacts
04-26 14:49:22.848  3865  3872 I artd    : GetBestInfo: vdex next to the dex file (/data/user/0/com.google.android.gms/app_dg_cache/B3ED91DEC21F0EB5284BE10D982ABEAAC45F5C48/oat/x86_64/the.vdex) is kOatUpToDate with filter 'verify' executable 'false'
04-26 14:49:22.850  3865  3872 I artd    : GetBestInfo: /data/user_de/0/com.google.android.gms/app_chimera/m/0000000f/dl-PlayCloudSearch.optional_260235100000.apk has no usable artifacts
04-26 14:49:22.852  3865  3872 I artd    : GetBestInfo: /data/user_de/0/com.google.android.gms/app_chimera/m/00000008/dl-VisionOcr.optional_260235100000.apk has no usable artifacts
04-26 14:49:22.853  3865  3872 I artd    : GetBestInfo: /data/user_de/0/com.google.android.gms/app_chimera/m/0000000b/dl-Appsearch.optional_260235100800.apk has no usable artifacts
04-26 14:49:22.855  3865  3872 I artd    : GetBestInfo: /data/user_de/0/com.google.android.gms/app_chimera/m/00000011/dl-VisionOcr.optional_261332100000.apk has no usable artifacts
04-26 14:49:22.856  3865  3872 I artd    : GetBestInfo: /data/user_de/0/com.google.android.gms/app_chimera/m/00000015/dl-MlkitBarcodeUi.optional_261332100800.apk has no usable artifacts
04-26 14:49:22.858  3865  3872 I artd    : GetBestInfo: /data/user_de/0/com.google.android.gms/app_chimera/m/00000009/dl-MlkitOcrCommon.optional_260235100800.apk has no usable artifacts
04-26 14:49:22.860  3865  3872 I artd    : GetBestInfo: vdex next to the dex file (/data/user/0/com.google.android.gms/app_dg_cache/CE973E4DE823F0AA69070767A9FABB590DDD455C/oat/x86_64/the.vdex) is kOatUpToDate with filter 'verify' executable 'false'
04-26 14:49:22.860  3865  3872 I artd    : GetBestInfo: /data/user_de/0/com.google.android.gms/app_chimera/m/00000007/MeasurementDynamite.apk has no usable artifacts
04-26 14:49:23.457   742   969 I AdbWifiNetworkMonitor: Wi-Fi network available
04-26 14:49:23.457   742   969 I AdbWifiNetworkMonitor: Received the same Wi-Fi SSID. Ignoring.
04-26 14:49:23.461   742   940 I HalDevMgr: bestIfaceCreationProposal is null, requestIface=STA, existingIface=[name=wlan0 type=STA]
04-26 14:49:23.461   742   946 W libbinder.IPCThreadState: Sending oneway calls to frozen process.
04-26 14:49:23.462   742   946 W libbinder.IPCThreadState: Sending oneway calls to frozen process.
04-26 14:49:23.463   742   946 E libbinder.IPCThreadState: Binder transaction failure. id: 824284, cmd: BR_FAILED_REPLY (29201), error: -28 (No space left on device - Binder buffer full. Too many or too large transactions.)
04-26 14:49:23.463   742   946 W ActivityManager: pid 742 system sent binder code 1 with flags 1 and got error -2147483646
04-26 14:49:23.463   742   946 E JavaBinder: !!! FAILED BINDER TRANSACTION !!!  (parcel size = 1188)
04-26 14:49:23.464   742   946 E ConnectivityService: RemoteException caught trying to send a callback msg for NetworkRequest [ TRACK_DEFAULT id=147, [ Capabilities: INTERNET&NOT_RESTRICTED&TRUSTED&NOT_VCN_MANAGED&NOT_BANDWIDTH_CONSTRAINED Uid: 10159 RequestorUid: 10159 RequestorPkg: com.google.android.googlequicksearchbox UnderlyingNetworks: Null] ]
04-26 14:49:23.464  1391  2492 I NullBinder: NullBinder for android.net.action.RECOMMEND_NETWORKS triggering remote TransactionTooLargeException due to Service without Chimera impl, calling uid: 1000, calling pid: 0
04-26 14:49:23.464  1391  2492 W libbinder.Binder: Large reply transaction of 1056768 bytes, interface descriptor , function: UNKNOWN_FUNCTION_NAME, code: 1, flags: 17
04-26 14:49:23.465   742   946 E libbinder.IPCThreadState: Binder transaction failure. id: 824289, cmd: BR_FAILED_REPLY (29201), error: -28 (No space left on device - Binder buffer full. Too many or too large transactions.)
04-26 14:49:23.465   742   946 W ActivityManager: pid 742 system sent binder code 1 with flags 1 and got error -2147483646
04-26 14:49:23.465   742   946 D ActivityManager: Too many transaction errors, throttling transaction error callback.
04-26 14:49:23.465   742   946 E JavaBinder: !!! FAILED BINDER TRANSACTION !!!  (parcel size = 1176)
04-26 14:49:23.465   742   946 E ConnectivityService: RemoteException caught trying to send a callback msg for NetworkRequest [ LISTEN id=152, [ Capabilities: INTERNET&NOT_RESTRICTED&TRUSTED&NOT_VCN_MANAGED&NOT_BANDWIDTH_CONSTRAINED Uid: 10159 RequestorUid: 10159 RequestorPkg: com.google.android.googlequicksearchbox UnderlyingNetworks: Null] ]
04-26 14:49:23.466   742   946 W libbinder.IPCThreadState: Sending oneway calls to frozen process.
04-26 14:49:23.466   742   946 W libbinder.IPCThreadState: Sending oneway calls to frozen process.
04-26 14:49:23.466   742   946 W libbinder.IPCThreadState: Sending oneway calls to frozen process.
04-26 14:49:23.472   742   877 W ActivityManager: pid 3489 has 352 free async space, killing
04-26 14:49:23.472   742   877 I ActivityManager: binder error: kill 3489 Async binder space running out while frozen
04-26 14:49:23.472   742   877 W ActivityManager: pid 2250 has 544 free async space, killing
04-26 14:49:23.472   742   788 I ActivityManager: Killing 3489:com.google.android.googlequicksearchbox:googleapp/u0a159 (adj 965): Async binder space running out while frozen
04-26 14:49:23.473   742   877 I ActivityManager: binder error: kill 2250 Async binder space running out while frozen
04-26 14:49:23.474   742   788 I ActivityManager: Killing 2250:com.google.android.googlequicksearchbox:search/u0a159 (adj 955): Async binder space running out while frozen
04-26 14:49:23.491   742  1091 E AppOps  : Bad call made by uid 1000. Package "com.google.android.googlequicksearchbox" does not belong to uid 1000.
04-26 14:49:23.491   742   773 D SensorService: Unregistering client listener for PID 2250
04-26 14:49:23.491   742  1091 W BinderNative: Uncaught exception from death notification
04-26 14:49:23.491   742  1091 W BinderNative: java.lang.SecurityException: Specified package "com.google.android.googlequicksearchbox" under uid 1000 but it is not
04-26 14:49:23.491   742  1091 W BinderNative: 	at com.android.server.appop.AppOpsService.verifyAndGetBypass(AppOpsService.java:5158)
04-26 14:49:23.491   742  1091 W BinderNative: 	at com.android.server.appop.AppOpsService.verifyAndGetBypass(AppOpsService.java:5007)
04-26 14:49:23.491   742  1091 W BinderNative: 	at com.android.server.appop.AppOpsService.verifyAndGetBypass(AppOpsService.java:4996)
04-26 14:49:23.491   742  1091 W BinderNative: 	at com.android.server.appop.AppOpsService.stopWatchingAsyncNoted(AppOpsService.java:3847)
04-26 14:49:23.491   742  1091 W BinderNative: 	at com.android.server.appop.AppOpsService.lambda$startWatchingAsyncNoted$8(AppOpsService.java:3823)
04-26 14:49:23.491   742  1091 W BinderNative: 	at com.android.server.appop.AppOpsService.$r8$lambda$8-LvphSu5hQo1Pm8R22O3seI00E(AppOpsService.java:0)
04-26 14:49:23.491   742  1091 W BinderNative: 	at com.android.server.appop.AppOpsService$$ExternalSyntheticLambda2.onInterfaceDied(R8$$SyntheticClass:0)
04-26 14:49:23.491   742  1091 W BinderNative: 	at android.os.RemoteCallbackList$Builder$1.onCallbackDied(RemoteCallbackList.java:337)
04-26 14:49:23.491   742  1091 W BinderNative: 	at android.os.RemoteCallbackList$Interface.binderDied(RemoteCallbackList.java:229)
04-26 14:49:23.491   742  1091 W BinderNative: 	at android.os.IBinder$DeathRecipient.binderDied(IBinder.java:341)
04-26 14:49:23.491   742  1091 W BinderNative: 	at android.os.BinderProxy.sendDeathNotice(BinderProxy.java:839)
04-26 14:49:23.491   506   506 I Zygote  : Process 2250 exited due to signal 9 (Killed)
04-26 14:49:23.492   742   946 D ConnectivityService: releasing NetworkRequest [ REQUEST id=128, [ Capabilities: INTERNET&NOT_RESTRICTED&TRUSTED&NOT_VCN_MANAGED&NOT_BANDWIDTH_CONSTRAINED Uid: 10159 RequestorUid: 10159 RequestorPkg: com.google.android.googlequicksearchbox UnderlyingNetworks: Null] ] (release request)
04-26 14:49:23.492   742   946 D ConnectivityService: releasing NetworkRequest [ REQUEST id=117, [ Capabilities: INTERNET&NOT_RESTRICTED&TRUSTED&NOT_VCN_MANAGED&NOT_BANDWIDTH_CONSTRAINED Uid: 10159 RequestorUid: 10159 RequestorPkg: com.google.android.googlequicksearchbox UnderlyingNetworks: Null] ] (release request)
04-26 14:49:23.496   742  1088 D ActivityManager: sync unfroze 3661 com.google.android.gms for 5
04-26 14:49:23.498   742  1318 E AppOps  : Bad call made by uid 1000. Package "com.google.android.googlequicksearchbox" does not belong to uid 1000.
04-26 14:49:23.498   742  1318 W BinderNative: Uncaught exception from death notification
04-26 14:49:23.498   742  1318 W BinderNative: java.lang.SecurityException: Specified package "com.google.android.googlequicksearchbox" under uid 1000 but it is not
04-26 14:49:23.498   742  1318 W BinderNative: 	at com.android.server.appop.AppOpsService.verifyAndGetBypass(AppOpsService.java:5158)
04-26 14:49:23.498   742  1318 W BinderNative: 	at com.android.server.appop.AppOpsService.verifyAndGetBypass(AppOpsService.java:5007)
04-26 14:49:23.498   742  1318 W BinderNative: 	at com.android.server.appop.AppOpsService.verifyAndGetBypass(AppOpsService.java:4996)
04-26 14:49:23.498   742  1318 W BinderNative: 	at com.android.server.appop.AppOpsService.stopWatchingAsyncNoted(AppOpsService.java:3847)
04-26 14:49:23.498   742  1318 W BinderNative: 	at com.android.server.appop.AppOpsService.lambda$startWatchingAsyncNoted$8(AppOpsService.java:3823)
04-26 14:49:23.498   742  1318 W BinderNative: 	at com.android.server.appop.AppOpsService.$r8$lambda$8-LvphSu5hQo1Pm8R22O3seI00E(AppOpsService.java:0)
04-26 14:49:23.498   742  1318 W BinderNative: 	at com.android.server.appop.AppOpsService$$ExternalSyntheticLambda2.onInterfaceDied(R8$$SyntheticClass:0)
04-26 14:49:23.498   742  1318 W BinderNative: 	at android.os.RemoteCallbackList$Builder$1.onCallbackDied(RemoteCallbackList.java:337)
04-26 14:49:23.498   742  1318 W BinderNative: 	at android.os.RemoteCallbackList$Interface.binderDied(RemoteCallbackList.java:229)
04-26 14:49:23.498   742  1318 W BinderNative: 	at android.os.IBinder$DeathRecipient.binderDied(IBinder.java:341)
04-26 14:49:23.498   742  1318 W BinderNative: 	at android.os.BinderProxy.sendDeathNotice(BinderProxy.java:839)
04-26 14:49:23.499   742  1088 E ActivityManager: Unexpected non-cached process may get frozen soon:  name: com.google.android.adservices.api curAdj: 100 oldOomAdj: 925 curRawAdj: 100 maxAdj: 1001 adjType: service adjTarget: ComponentInfo{com.google.android.adservices.api/com.android.adservices.measurement.MeasurementService} adjSource: ProcessRecord{73ea946 3489:com.google.android.googlequicksearchbox:googleapp/u0a159} adjSourcePrcState: 19 serviceB: false procState: 19 curRawProcState: 19 curSchedGroup: 0
04-26 14:49:23.499   742  1088 E ActivityManager: android.util.Log$TerribleFailure: Unexpected non-cached process may get frozen soon:  name: com.google.android.adservices.api curAdj: 100 oldOomAdj: 925 curRawAdj: 100 maxAdj: 1001 adjType: service adjTarget: ComponentInfo{com.google.android.adservices.api/com.android.adservices.measurement.MeasurementService} adjSource: ProcessRecord{73ea946 3489:com.google.android.googlequicksearchbox:googleapp/u0a159} adjSourcePrcState: 19 serviceB: false procState: 19 curRawProcState: 19 curSchedGroup: 0
04-26 14:49:23.499   742  1088 E ActivityManager: 	at android.util.Log.wtf(Log.java:339)
04-26 14:49:23.499   742  1088 E ActivityManager: 	at android.util.Slog.wtfStack(Slog.java:246)
04-26 14:49:23.499   742  1088 E ActivityManager: 	at com.android.server.am.ActivityManagerService$OomAdjusterCallback.onProcessFreezabilityChanged(ActivityManagerService.java:20210)
04-26 14:49:23.499   742  1088 E ActivityManager: 	at com.android.server.am.psc.OomAdjuster.updateAppFreezeStateLSP(OomAdjuster.java:2714)
04-26 14:49:23.499   742  1088 E ActivityManager: 	at com.android.server.am.psc.OomAdjuster.applyResultsLSP(OomAdjuster.java:2457)
04-26 14:49:23.499   742  1088 E ActivityManager: 	at com.android.server.am.psc.OomAdjuster.updateAndTrimProcessLSP(OomAdjuster.java:1402)
04-26 14:49:23.499   742  1088 E ActivityManager: 	at com.android.server.am.psc.OomAdjuster.postUpdateOomAdjInnerLSP(OomAdjuster.java:1196)
04-26 14:49:23.499   742  1088 E ActivityManager: 	at com.android.server.am.psc.OomAdjusterImpl.partialUpdateLSP(OomAdjusterImpl.java:874)
04-26 14:49:23.499   742  1088 E ActivityManager: 	at com.android.server.am.psc.OomAdjusterImpl.performUpdateOomAdjPendingTargetsLocked(OomAdjusterImpl.java:710)
04-26 14:49:23.499   742  1088 E ActivityManager: 	at com.android.server.am.psc.OomAdjuster.updateOomAdjPendingTargetsLocked(OomAdjuster.java:1140)
04-26 14:49:23.499   742  1088 E ActivityManager: 	at com.android.server.am.psc.ProcessStateController.runPendingUpdateImpl(ProcessStateController.java:341)
04-26 14:49:23.499   742  1088 E ActivityManager: 	at com.android.server.am.psc.ProcessStateController.runPendingUpdate(ProcessStateController.java:332)
04-26 14:49:23.499   742  1088 E ActivityManager: 	at com.android.server.am.ActivityManagerService.updateOomAdjPendingTargetsLocked(ActivityManagerService.java:16219)
04-26 14:49:23.499   742  1088 E ActivityManager: 	at com.android.server.am.ActiveServices.bumpServiceExecutingLocked(ActiveServices.java:5540)
04-26 14:49:23.499   742  1088 E ActivityManager: 	at com.android.server.am.ActiveServices.removeConnectionLocked(ActiveServices.java:7118)
04-26 14:49:23.499   742  1088 E ActivityManager: 	at com.android.server.am.ActiveServices.killServicesLocked(ActiveServices.java:7783)
04-26 14:49:23.499   742  1088 E ActivityManager: 	at com.android.server.am.ActivityManagerService.cleanUpApplicationRecordLocked(ActivityManagerService.java:14159)
04-26 14:49:23.499   742  1088 E ActivityManager: 	at com.android.server.am.ActivityManagerService.handleAppDiedLocked(ActivityManagerService.java:3866)
04-26 14:49:23.499   742  1088 E ActivityManager: 	at com.android.server.am.ActivityManagerService.appDiedLocked(ActivityManagerService.java:4000)
04-26 14:49:23.499   742  1088 E ActivityManager: 	at com.android.server.am.ActivityManagerService$AppDeathRecipient.binderDied(ActivityManagerService.java:1673)
04-26 14:49:23.499   742  1088 E ActivityManager: 	at android.os.IBinder$DeathRecipient.binderDied(IBinder.java:341)
04-26 14:49:23.499   742  1088 E ActivityManager: 	at android.os.BinderProxy.sendDeathNotice(BinderProxy.java:839)
04-26 14:49:23.504   742  1088 D ActivityManager: sync unfroze 4253 com.google.android.adservices.api for 5
04-26 14:49:23.505   742  1088 W ActivityManager: pid 742 system sent binder code 12 with flags 1 and got error -32
04-26 14:49:23.505   742  1088 D ActivityManager: Too many transaction errors, throttling transaction error callback.
04-26 14:49:23.506   742  1088 W ActivityManager: Exception when unbinding service com.google.android.googlequicksearchbox/com.google.android.libraries.search.integrations.tiktok.RemoteWorkerService_googleapp
04-26 14:49:23.506   742  1088 W ActivityManager: android.os.DeadObjectException
04-26 14:49:23.506   742  1088 W ActivityManager: 	at android.os.BinderProxy.transactNative(Native Method)
04-26 14:49:23.506   742  1088 W ActivityManager: 	at android.os.BinderProxy.transact(BinderProxy.java:617)
04-26 14:49:23.506   742  1088 W ActivityManager: 	at android.app.IApplicationThread$Stub$Proxy.scheduleUnbindService(IApplicationThread.java:1800)
04-26 14:49:23.506   742  1088 W ActivityManager: 	at android.app.IApplicationThread$Delegator.scheduleUnbindService(IApplicationThread.java:277)
04-26 14:49:23.506   742  1088 W ActivityManager: 	at com.android.server.am.ActiveServices.removeConnectionLocked(ActiveServices.java:7135)
04-26 14:49:23.506   742  1088 W ActivityManager: 	at com.android.server.am.ActiveServices.killServicesLocked(ActiveServices.java:7783)
04-26 14:49:23.506   742  1088 W ActivityManager: 	at com.android.server.am.ActivityManagerService.cleanUpApplicationRecordLocked(ActivityManagerService.java:14159)
04-26 14:49:23.506   742  1088 W ActivityManager: 	at com.android.server.am.ActivityManagerService.handleAppDiedLocked(ActivityManagerService.java:3866)
04-26 14:49:23.506   742  1088 W ActivityManager: 	at com.android.server.am.ActivityManagerService.appDiedLocked(ActivityManagerService.java:4000)
04-26 14:49:23.506   742  1088 W ActivityManager: 	at com.android.server.am.ActivityManagerService$AppDeathRecipient.binderDied(ActivityManagerService.java:1673)
04-26 14:49:23.506   742  1088 W ActivityManager: 	at android.os.IBinder$DeathRecipient.binderDied(IBinder.java:341)
04-26 14:49:23.506   742  1088 W ActivityManager: 	at android.os.BinderProxy.sendDeathNotice(BinderProxy.java:839)
04-26 14:49:23.506  4253  4253 D ActivityThread: Package [com.muonline.client] reported as REPLACED, but missing application info. Assuming REMOVED.
04-26 14:49:23.507  1391  1391 D BoundBrokerSvc: onUnbind: Intent { act=com.google.android.gms.semanticlocation.service.START_ODLH xflg=0x4 pkg=com.google.android.gms }
04-26 14:49:23.506  4253  4253 D ActivityThread: Package [com.muonline.client] reported as REPLACED, but missing application info. Assuming REMOVED.
04-26 14:49:23.507   506   506 I Zygote  : Process 3489 exited due to signal 9 (Killed)
04-26 14:49:23.512   742   790 I libprocessgroup: Removed cgroup /sys/fs/cgroup/apps/uid_10159/pid_3489
04-26 14:49:23.513   742   790 I libprocessgroup: Removed cgroup /sys/fs/cgroup/apps/uid_10159/pid_2250
04-26 14:49:23.515  3661  3661 D BoundBrokerSvc: onUnbind: Intent { act=com.google.android.gms.pay.service.BIND dat=chimera-action:/... xflg=0x4 cmp=com.google.android.gms/.chimera.GmsApiService }
04-26 14:49:23.515   742   946 D ConnectivityService: releasing NetworkRequest [ REQUEST id=148, [ Capabilities: INTERNET&NOT_RESTRICTED&TRUSTED&NOT_VCN_MANAGED&NOT_BANDWIDTH_CONSTRAINED Uid: 10159 RequestorUid: 10159 RequestorPkg: com.google.android.googlequicksearchbox UnderlyingNetworks: Null] ] (release request)
04-26 14:49:23.516  3661  3661 D BoundBrokerSvc: onUnbind: Intent { act=com.google.android.gms.wallet.service.BIND xflg=0x4 pkg=com.google.android.gms }
04-26 14:49:23.517  3661  3661 D BoundBrokerSvc: onUnbind: Intent { act=com.google.android.gms.common.BIND_SHARED_PREFS xflg=0x4 pkg=com.google.android.gms }
04-26 14:49:25.077   742  1009 D androidtc: Initializing SystemTextClassifier, type = System
04-26 14:49:25.078   742  1009 E ClipboardService: Denying clipboard access to com.android.chrome, application is not in focus nor is it a system service for user 0
04-26 14:49:25.078  3605  3605 I AiAiTextClassifier: onCreateTextClassificationSession = TextClassificationSessionId {fba87de7-1eba-4978-8b8f-bee7a36c1ed9}
04-26 14:49:25.080  3605  3754 I AiAiTextClassifier: GenerateLinks did not find valid links, returning empty result
04-26 14:49:25.081  3605  3737 I AiAiTranslate: C2T - not in a conversation
04-26 14:49:25.081   742  1010 E ClipboardService: Denying clipboard access to com.android.chrome, application is not in focus nor is it a system service for user 0
04-26 14:49:25.084  1053  1053 I ClipboardListener: Clipboard overlay suppressed.
04-26 14:49:25.085  3605  3754 I AiAiTextClassifier: GenerateLinks did not find valid links, returning empty result
04-26 14:49:25.085  1053  1053 I ClipboardListener: Clipboard overlay suppressed.
04-26 14:49:25.341   742  1009 D androidtc: Initializing SystemTextClassifier, type = System
04-26 14:49:25.342   742  1009 E ClipboardService: Denying clipboard access to com.android.chrome, application is not in focus nor is it a system service for user 0
04-26 14:49:25.342  3605  3605 I AiAiTextClassifier: onCreateTextClassificationSession = TextClassificationSessionId {3ce74fdf-6511-4d6b-be29-7552ba5e970d}
04-26 14:49:25.344  3605  3737 I AiAiTranslate: C2T - not in a conversation
04-26 14:49:25.344  3605  3754 I AiAiTextClassifier: GenerateLinks did not find valid links, returning empty result
04-26 14:49:25.345   742  1010 E ClipboardService: Denying clipboard access to com.android.chrome, application is not in focus nor is it a system service for user 0
04-26 14:49:25.347  1053  1053 I ClipboardListener: Clipboard overlay suppressed.
04-26 14:49:25.348  3605  3754 I AiAiTextClassifier: GenerateLinks did not find valid links, returning empty result
04-26 14:49:25.349  1053  1053 I ClipboardListener: Clipboard overlay suppressed.
04-26 14:49:25.933   742  1009 D androidtc: Initializing SystemTextClassifier, type = System
04-26 14:49:25.934   742  1009 E ClipboardService: Denying clipboard access to com.android.chrome, application is not in focus nor is it a system service for user 0
04-26 14:49:25.934  3605  3605 I AiAiTextClassifier: onCreateTextClassificationSession = TextClassificationSessionId {1217b2a3-898a-4c41-b372-d5ed7844f7c8}
04-26 14:49:25.936  3605  3737 I AiAiTranslate: C2T - not in a conversation
04-26 14:49:25.937  3605  3754 I AiAiTextClassifier: GenerateLinks did not find valid links, returning empty result
04-26 14:49:25.938  1053  1053 I ClipboardListener: Clipboard overlay suppressed.
04-26 14:49:25.938   742  1010 E ClipboardService: Denying clipboard access to com.android.chrome, application is not in focus nor is it a system service for user 0
04-26 14:49:25.941  1053  1053 I ClipboardListener: Clipboard overlay suppressed.
04-26 14:49:25.942  3605  3754 I AiAiTextClassifier: GenerateLinks did not find valid links, returning empty result
04-26 14:49:26.469   742   940 I HalDevMgr: bestIfaceCreationProposal is null, requestIface=STA, existingIface=[name=wlan0 type=STA]
04-26 14:49:28.516   742   946 D InetDiagMessage: Destroyed 0 sockets, proto=IPPROTO_TCP, family=AF_INET, states=14
04-26 14:49:28.516   742   946 D InetDiagMessage: Destroyed 0 sockets, proto=IPPROTO_TCP, family=AF_INET6, states=14
04-26 14:49:28.516   742   946 D InetDiagMessage: Destroyed live tcp sockets for uids={10220} in 1ms
04-26 14:49:28.517   742   946 D InetDiagMessage: Destroyed 0 sockets, proto=IPPROTO_TCP, family=AF_INET, states=14
04-26 14:49:28.517   742   946 D InetDiagMessage: Destroyed 0 sockets, proto=IPPROTO_TCP, family=AF_INET6, states=14
04-26 14:49:28.517   742   946 D InetDiagMessage: Destroyed live tcp sockets for uids={20220} in 0ms
04-26 14:49:29.078   742  1009 D androidtc: Initializing SystemTextClassifier, type = System
04-26 14:49:29.078   742  1009 E ClipboardService: Denying clipboard access to com.android.chrome, application is not in focus nor is it a system service for user 0
04-26 14:49:29.079  3605  3605 I AiAiTextClassifier: onCreateTextClassificationSession = TextClassificationSessionId {aa652cb2-a0a0-4bcb-99f9-217d6f4de4c9}
04-26 14:49:29.080  3605  3737 I AiAiTranslate: C2T - not in a conversation
04-26 14:49:29.080  1053  1053 I ClipboardListener: Clipboard overlay suppressed.
04-26 14:49:29.082  3605  3754 I AiAiTextClassifier: GenerateLinks did not find valid links, returning empty result
04-26 14:49:29.082   742  1010 E ClipboardService: Denying clipboard access to com.android.chrome, application is not in focus nor is it a system service for user 0
04-26 14:49:29.084  3605  3754 I AiAiTextClassifier: GenerateLinks did not find valid links, returning empty result
04-26 14:49:29.086  1053  1053 I ClipboardListener: Clipboard overlay suppressed.
04-26 14:49:29.476   742   940 I HalDevMgr: bestIfaceCreationProposal is null, requestIface=STA, existingIface=[name=wlan0 type=STA]
04-26 14:49:30.037   742  1009 D androidtc: Initializing SystemTextClassifier, type = System
04-26 14:49:30.037   742  1009 E ClipboardService: Denying clipboard access to com.android.chrome, application is not in focus nor is it a system service for user 0
04-26 14:49:30.038  3605  3605 I AiAiTextClassifier: onCreateTextClassificationSession = TextClassificationSessionId {bf4cf568-a8a3-48d3-bace-dd10427d96d2}
04-26 14:49:30.040  3605  3737 I AiAiTranslate: C2T - not in a conversation
04-26 14:49:30.040  3605  3754 I AiAiTextClassifier: GenerateLinks did not find valid links, returning empty result
04-26 14:49:30.040  1053  1053 I ClipboardListener: Clipboard overlay suppressed.
04-26 14:49:30.041   742  1010 E ClipboardService: Denying clipboard access to com.android.chrome, application is not in focus nor is it a system service for user 0
04-26 14:49:30.044  1053  1053 I ClipboardListener: Clipboard overlay suppressed.
04-26 14:49:30.044  3605  3754 I AiAiTextClassifier: GenerateLinks did not find valid links, returning empty result
04-26 14:49:30.133   742  1009 D androidtc: Initializing SystemTextClassifier, type = System
04-26 14:49:30.134   742  1009 E ClipboardService: Denying clipboard access to com.android.chrome, application is not in focus nor is it a system service for user 0
04-26 14:49:30.134  3605  3605 I AiAiTextClassifier: onCreateTextClassificationSession = TextClassificationSessionId {3a2fe930-9e22-4369-a35f-728fa45afaca}
04-26 14:49:30.136  3605  3737 I AiAiTranslate: C2T - not in a conversation
04-26 14:49:30.136  3605  3754 I AiAiTextClassifier: GenerateLinks did not find valid links, returning empty result
04-26 14:49:30.136  1053  1053 I ClipboardListener: Clipboard overlay suppressed.
04-26 14:49:30.137   742  1010 E ClipboardService: Denying clipboard access to com.android.chrome, application is not in focus nor is it a system service for user 0
04-26 14:49:30.140  1053  1053 I ClipboardListener: Clipboard overlay suppressed.
04-26 14:49:30.140  3605  3754 I AiAiTextClassifier: GenerateLinks did not find valid links, returning empty result
04-26 14:49:30.186  1029  1029 I wpa_supplicant: wlan0: CTRL-EVENT-BEACON-LOSS 
04-26 14:49:30.596   742  1009 D androidtc: Initializing SystemTextClassifier, type = System
04-26 14:49:30.597   742  1009 E ClipboardService: Denying clipboard access to com.android.chrome, application is not in focus nor is it a system service for user 0
04-26 14:49:30.597  3605  3605 I AiAiTextClassifier: onCreateTextClassificationSession = TextClassificationSessionId {c2ebd285-0766-417a-9e04-9ffeea44d0f1}
04-26 14:49:30.599  3605  3737 I AiAiTranslate: C2T - not in a conversation
04-26 14:49:30.600  3605  3754 I AiAiTextClassifier: GenerateLinks did not find valid links, returning empty result
04-26 14:49:30.600   742  1010 E ClipboardService: Denying clipboard access to com.android.chrome, application is not in focus nor is it a system service for user 0
04-26 14:49:30.600  1053  1053 I ClipboardListener: Clipboard overlay suppressed.
04-26 14:49:30.603  1053  1053 I ClipboardListener: Clipboard overlay suppressed.
04-26 14:49:30.604  3605  3754 I AiAiTextClassifier: GenerateLinks did not find valid links, returning empty result
04-26 14:49:32.023  1196  1326 D SatelliteController: isInCarrierRoamingNbIotNtn: satellite is disabled
04-26 14:49:32.023  1196  1326 D SatelliteController: getCarrierRoamingNtnConnectType: Checking connect type from PLMN config for subId: 1
04-26 14:49:32.024  1196  1326 D SatelliteController: getSatellitePerPlmnConfiguration: invalid subId or not supported via carrier.
04-26 14:49:32.024  1196  1326 D SatelliteController: getCarrierRoamingNtnConnectType: config: null
04-26 14:49:32.024  1196  1326 D SatelliteController: getCarrierRoamingNtnConnectType: Falling back to global carrier config connect type: 0
04-26 14:49:32.024  1196  1326 D SatelliteController: updateLastNotifiedCarrierRoamingNtnSignalStrengthAndNotify(1)
04-26 14:49:32.024  1196  1326 D SatelliteController: updateLastNotifiedCarrierRoamingNtnSignalStrengthAndNotify(1) lastNotifiedSignalStrength level: 0
04-26 14:49:32.024  1196  1326 D SatelliteController: updateLastNotifiedCarrierRoamingNtnSignalStrengthAndNotify(1) currSignalStrength level: 0
04-26 14:49:32.482   742   969 I AdbWifiNetworkMonitor: Wi-Fi network available
04-26 14:49:32.482   742   969 I AdbWifiNetworkMonitor: Received the same Wi-Fi SSID. Ignoring.
04-26 14:49:32.486   742   940 I HalDevMgr: bestIfaceCreationProposal is null, requestIface=STA, existingIface=[name=wlan0 type=STA]
04-26 14:49:32.487  1391  3598 I NullBinder: NullBinder for android.net.action.RECOMMEND_NETWORKS triggering remote TransactionTooLargeException due to Service without Chimera impl, calling uid: 1000, calling pid: 0
04-26 14:49:32.487  1391  3598 W libbinder.Binder: Large reply transaction of 1056768 bytes, interface descriptor , function: UNKNOWN_FUNCTION_NAME, code: 1, flags: 17
04-26 14:49:32.853   742   768 I system_server: Background young concurrent mark compact GC freed 22MB AllocSpace bytes, 27(1472KB) LOS objects, 39% free, 36MB/59MB, paused 4.524ms,32.044ms total 78.061ms
04-26 14:49:32.855  3605  3605 I AiAiTextClassifier: onDestroyTextClassificationSession = TextClassificationSessionId {3a2fe930-9e22-4369-a35f-728fa45afaca}
04-26 14:49:32.856  3605  3605 I AiAiTextClassifier: onDestroyTextClassificationSession = TextClassificationSessionId {bf4cf568-a8a3-48d3-bace-dd10427d96d2}
04-26 14:49:32.856  3605  3605 I AiAiTextClassifier: onDestroyTextClassificationSession = TextClassificationSessionId {aa652cb2-a0a0-4bcb-99f9-217d6f4de4c9}
04-26 14:49:32.858  3605  3605 I AiAiTextClassifier: onDestroyTextClassificationSession = TextClassificationSessionId {1217b2a3-898a-4c41-b372-d5ed7844f7c8}
04-26 14:49:32.858  3605  3605 I AiAiTextClassifier: onDestroyTextClassificationSession = TextClassificationSessionId {3ce74fdf-6511-4d6b-be29-7552ba5e970d}
04-26 14:49:32.859  3605  3605 I AiAiTextClassifier: onDestroyTextClassificationSession = TextClassificationSessionId {fba87de7-1eba-4978-8b8f-bee7a36c1ed9}
04-26 14:49:32.860  3605  3605 I AiAiTextClassifier: onDestroyTextClassificationSession = TextClassificationSessionId {8f3ed51f-035f-4d5f-830f-5f9ccb073cd6}
04-26 14:49:32.861  3605  3605 I AiAiTextClassifier: onDestroyTextClassificationSession = TextClassificationSessionId {1084920c-d596-44dd-ae5b-e6a0745473bd}
04-26 14:49:32.863  3605  3605 I AiAiTextClassifier: onDestroyTextClassificationSession = TextClassificationSessionId {c744fd02-9a36-4d67-bb12-87b8b5f912e4}
04-26 14:49:32.863  3605  3605 I AiAiTextClassifier: onDestroyTextClassificationSession = TextClassificationSessionId {b510e895-2132-437a-88cf-86d3ac5191cc}
04-26 14:49:32.864  3605  3605 I AiAiTextClassifier: onDestroyTextClassificationSession = TextClassificationSessionId {9a5029d2-110c-4b5a-bf12-9a25fea43532}
04-26 14:49:32.864  3605  3605 I AiAiTextClassifier: onDestroyTextClassificationSession = TextClassificationSessionId {7890d101-5ac8-4747-bb89-4cb2bbd4c1ea}
04-26 14:49:32.864  3605  3605 I AiAiTextClassifier: onDestroyTextClassificationSession = TextClassificationSessionId {dc608a63-dbad-4811-93b5-28cb04da25a8}
