04-26 14:49:03.026  1146  1245 E SystemServiceRegistry: No service published for: ethernet
04-26 14:49:03.026  1146  1245 E SystemServiceRegistry: android.os.ServiceManager$ServiceNotFoundException: No service published for: ethernet
04-26 14:49:03.026  1146  1245 E SystemServiceRegistry: 	at android.os.ServiceManager.getServiceOrThrow(ServiceManager.java:176)
04-26 14:49:03.026  1146  1245 E SystemServiceRegistry: 	at android.app.SystemServiceRegistry$168.createService(SystemServiceRegistry.java:2638)
04-26 14:49:03.026  1146  1245 E SystemServiceRegistry: 	at android.app.SystemServiceRegistry$CachedServiceFetcher.getService(SystemServiceRegistry.java:2768)
04-26 14:49:03.026  1146  1245 E SystemServiceRegistry: 	at android.app.SystemServiceRegistry.getSystemService(SystemServiceRegistry.java:2285)
04-26 14:49:03.026  1146  1245 E SystemServiceRegistry: 	at android.app.ContextImpl.getSystemService(ContextImpl.java:2448)
04-26 14:49:03.026  1146  1245 E SystemServiceRegistry: 	at android.content.ContextWrapper.getSystemService(ContextWrapper.java:991)
04-26 14:49:03.026  1146  1245 E SystemServiceRegistry: 	at com.android.networkstack.tethering.Tethering.isEthernetSupported(Tethering.java:1849)
04-26 14:49:03.026  1146  1245 E SystemServiceRegistry: 	at com.android.networkstack.tethering.Tethering.makeSupportedDownstreams(Tethering.java:2830)
04-26 14:49:03.026  1146  1245 E SystemServiceRegistry: 	at com.android.networkstack.tethering.Tethering.updateSupportedDownstreams(Tethering.java:2804)
04-26 14:49:03.026  1146  1245 E SystemServiceRegistry: 	at com.android.networkstack.tethering.Tethering.updateConfiguration(Tethering.java:558)
04-26 14:49:03.026  1146  1245 E SystemServiceRegistry: 	at com.android.networkstack.tethering.Tethering.-$$Nest$mupdateConfiguration(Tethering.java:0)
04-26 14:49:03.026  1146  1245 E SystemServiceRegistry: 	at com.android.networkstack.tethering.Tethering$StateReceiver.onReceive(Tethering.java:1372)
04-26 14:49:03.026  1146  1245 E SystemServiceRegistry: 	at android.app.LoadedApk$ReceiverDispatcher$Args.lambda$getRunnable$0(LoadedApk.java:2050)
04-26 14:49:03.026  1146  1245 E SystemServiceRegistry: 	at android.app.LoadedApk$ReceiverDispatcher$Args.$r8$lambda$mcNAAl1SQ4MyJPyDg8TJ2x2h0Rk(LoadedApk.java:0)
04-26 14:49:03.026  1146  1245 E SystemServiceRegistry: 	at android.app.LoadedApk$ReceiverDispatcher$Args$$ExternalSyntheticLambda0.run(D8$$SyntheticClass:0)
04-26 14:49:03.026  1146  1245 E SystemServiceRegistry: 	at android.os.Handler.handleCallback(Handler.java:1095)
04-26 14:49:03.026  1146  1245 E SystemServiceRegistry: 	at android.os.Handler.dispatchMessageImpl(Handler.java:135)
04-26 14:49:03.026  1146  1245 E SystemServiceRegistry: 	at android.os.Handler.dispatchMessage(Handler.java:125)
04-26 14:49:03.026  1146  1245 E SystemServiceRegistry: 	at android.os.Looper.loopOnce(Looper.java:292)
04-26 14:49:03.026  1146  1245 E SystemServiceRegistry: 	at android.os.Looper.loop(Looper.java:393)
04-26 14:49:03.026  1146  1245 E SystemServiceRegistry: 	at android.os.HandlerThread.run(HandlerThread.java:139)
04-26 14:49:03.027  4621  4621 I SystemSubtypesReportModule: SystemSubtypesReportModule$2.onCurrentInputMethodEntryChanged():153 entry: en-US, source: UNSPECIFIED
04-26 14:49:03.028  4621  4621 I GoogleInputMethodService: GoogleInputMethodService.onCurrentInputMethodEntryChanged():2375 onCurrentInputMethodEntryChanged(): imeDefsChanged=false, entryLanguageVariantChanged=false, keyboardContextChanged=false
04-26 14:49:03.028  4621  4621 I GoogleInputMethodService: GoogleInputMethodService.onCurrentInputMethodEntryChanged():2393 Skip the entry change as the input method entry is consider as not changed.
04-26 14:49:03.029  4621  4621 I GoogleInputMethodService: GoogleInputMethodService.onConfigurationChanged():1109 changedMask : 20000480
04-26 14:49:03.032  4621  4621 I GoogleInputMethodService: GoogleInputMethodService.clearInputMethodServiceData():1064 clearInputMethodServiceData for configurationChange
04-26 14:49:03.033  4621  4621 I GoogleInputMethodService: GoogleInputMethodService.discardAllKeyboardViewAndInputView():1299 discardAllKeyboardViewAndInputView()
04-26 14:49:03.033  4621  4621 I AbstractOpenableExtension: AbstractOpenableExtension.maybeDestroyExistingKeyboardGroupManager():536 Destroy existing keyboard group manager in hph
04-26 14:49:03.033  4621  4621 I AbstractOpenableExtension: AbstractOpenableExtension$3.onSuccess():556 KeyboardGroupManager destroyed in hph.
04-26 14:49:03.033  4621  4669 W ModuleManager: ModuleManager.loadModule():634 Module pig is not available
04-26 14:49:03.033  4621  4621 I AbstractOpenableExtension: AbstractOpenableExtension.createKeyboardGroupManagerListenableFuture():121 Create keyboard group manager listenable future in hph
04-26 14:49:03.034  4621  4621 I AbstractOpenableExtension: AbstractOpenableExtension.maybeDestroyExistingKeyboardGroupManager():536 Destroy existing keyboard group manager in fei
04-26 14:49:03.034  4621  4621 I AbstractOpenableExtension: AbstractOpenableExtension$3.onSuccess():556 KeyboardGroupManager destroyed in fei.
04-26 14:49:03.034  4621  4621 I AbstractOpenableExtension: AbstractOpenableExtension.createKeyboardGroupManagerListenableFuture():121 Create keyboard group manager listenable future in fei
04-26 14:49:03.035  4621  4621 I AbstractOpenableExtension: AbstractOpenableExtension.maybeDestroyExistingKeyboardGroupManager():536 Destroy existing keyboard group manager in hsc
04-26 14:49:03.035  4621  4621 I AbstractOpenableExtension: AbstractOpenableExtension$3.onSuccess():556 KeyboardGroupManager destroyed in hsc.
04-26 14:49:03.035  4621  4621 I AbstractOpenableExtension: AbstractOpenableExtension.createKeyboardGroupManagerListenableFuture():121 Create keyboard group manager listenable future in hsc
04-26 14:49:03.035  4621  4671 I SP      : Syncing emoticon_content_description (2022081613) with slices: [7a635888cb828dfa2fc744b7b9b50f04], metadata: false
04-26 14:49:03.036  1201  1201 D AmbientCueRepository: connectToAce: connecting TO ACE and registering
04-26 14:49:03.036  4621  4621 I DeviceModeModule: DeviceModeModule.calculateAndNotify():225 Device mode 'phone' from display metrics 'DisplayMetrics{density=0.0, width=1080, height=2400, scaledDensity=0.0, xdpi=420.0, ydpi=420.0}' or smallestScreenWidthDp: 411
04-26 14:49:03.038  4621  4669 W LatinCommonMetricsProcessor: LatinCommonMetricsProcessor.processInputMethodEntryChanged():2554 The new entry is equal to the old entry
04-26 14:49:03.038  1201  1201 D AllAppsStore: setApps: apps.length=21
04-26 14:49:03.038  1201  1201 D AllAppsStore: notifyUpdate: notifying listeners
04-26 14:49:03.038  4621  4621 I GoogleInputMethodService: GoogleInputMethodService$8.onWindowMetricsChanged():817 windowMetrics: bounds() = Rect(0, 132 - 1080, 2400), insets() = Rect(0, 0 - 0, 0)
04-26 14:49:03.038  4621  4621 W AndroidIME: LatinIMEBase.updateInputViewCoverNavigation():319 Null input view, cannot update padding!
04-26 14:49:03.039  4621  4621 I WindowMetricsNotification: WindowMetricsNotification.notify():159 qnx[bounds=Rect(0, 132 - 1080, 2400), insets=Rect(0, 0 - 0, 0), densityDpi=420, smallestScreenWidthDp=411, displayWidth=1080, displayHeight=2400, xdpi=420.0, ydpi=420.0, isTrustable=true, displayId=0]; DisplayMetrics{density=2.625, width=1080, height=2400, scaledDensity=2.625, xdpi=420.0, ydpi=420.0}
04-26 14:49:03.039  4621  4621 I WindowMetricsHelper: WindowMetricsHelper.predictAndNotify():145 Window metrics predicted.
04-26 14:49:03.039  4621  4621 I GoogleInputMethodService: GoogleInputMethodService.initializeInputMethodServiceData():872 initializeInputMethodServiceData for mua{languageTag=en-US, variant=qwerty, hasLocalizedResources=true, conditionCacheKey=_android_software_xr_api_spatial=false_app_first_start_timestamp=1776337405505_cache_additional_ime_defs_for_condition_change=false_cache_ime_defs_for_condition_change=false_deprecate_long_press_space_for_ime_picker=false_device=phone_device_size=default_enable_more_candidates_view_for_multilingual=false_enable_number_row=false_enable_number_row_in_password=true_enable_pk_simulator=false_enable_pk_simulator_setting=false_enable_preemptive_decode=true_enable_scrub_move=true_enable_secondary_digits=true_enable_secondary_symbols=false_expressions=normal_four_or_more_letter_rows=false_free_cursor=false_free_cursor_spacebar_popup=false_keyboard_font_size_setting=_keyboard_mode=normal_language=en-US_layout_9key_split=false_orientation=portrait_physical_keyboard=qwerty_pk_simulator_vk_ready=false_pref_enable_flick_symbols=false_rtl_layout=false_show_comma_key=true_show_period_key=true_show_secondary_digits=true_show_suggestion_strip=true_show_suggestions=true_split_with_duplicate_keys=true_true=true_variant=qwerty_writing_helper_enable_by_word_revert=false, imeDef.stringId=ime_english_united_states, imeDef.className=com.google.android.apps.inputmethod.libs.latin5.LatinIme, imeDef.languageTag=en-US}
04-26 14:49:03.040  4621  4621 I Gm3ColorTokenStyleSheetProvider: Gm3ColorTokenStyleSheetProvider.isHigherContrastMode():326 Detected higher contrast mode: 72.432045
04-26 14:49:03.041  1201  1201 D AlphabeticIndexCompat: computeSectionName: cs: Settings sectionName: S
04-26 14:49:03.043  1201  1201 D AlphabeticIndexCompat: computeSectionName: cs: Photos sectionName: P
04-26 14:49:03.043  1201  1201 D AlphabeticIndexCompat: computeSectionName: cs: Battery sectionName: B
04-26 14:49:03.043  4621  4621 I KeyboardThemeProvider: KeyboardThemeProvider.applyKeyboardTheme():27 Apply keyboard theme: theme,!gsf,!pgsans,!pgsf,!use_system_font,BORDER,FLAVOR_DPI=XXHDPI,IS_LIGHT,KEYBOARD_WIDTH_CATEGORY=NORMAL,KEY_BORDER_SHAPE=1,LIGHT_THEME=true,PHYSICAL_DIAGONAL=5.9809904,POPUP,SCREEN_SHORTEST_WIDTH=411,SCREEN_SHORTEST_WIDTH_NO_SCALE=411,SW400DP,XXHDPI,bottom4dp,enable_popup_on_keypress=true,keyboard_redesign_google_sans=true,non_linear_scale,noshadow,overlay_builtin_dynamic_color_light_base.binarypb:gm3-light-fffaf8fe-ff4e5e8b-4fee5571778e92b08ff4c2d3d15b9d3f,silkpopup
04-26 14:49:03.043  1201  1201 D AlphabeticIndexCompat: computeSectionName: cs: Chrome sectionName: C
04-26 14:49:03.044  1201  1201 D AlphabeticIndexCompat: computeSectionName: cs: Gmail sectionName: G
04-26 14:49:03.044  4621  4621 I KeyboardInterfacePrivate: IKeyboard.createKeyboard():67 Keyboard created from HiltKeyboardFactory: com.google.android.apps.inputmethod.latin.keyboard.LatinPrimeKeyboard
04-26 14:49:03.045  4621  4621 I AndroidIME: InputBundleManager.loadActiveInputBundleId():531 loadActiveInputBundleId: und-Latn-x-password, password
04-26 14:49:03.045  1201  1201 D AlphabeticIndexCompat: computeSectionName: cs: Drive sectionName: D
04-26 14:49:03.045  1201  1201 D AlphabeticIndexCompat: computeSectionName: cs: Clock sectionName: C
04-26 14:49:03.046  1201  1201 D AlphabeticIndexCompat: computeSectionName: cs: Contacts sectionName: C
04-26 14:49:03.046  4621 11465 I KeyboardGroupDefParser: KeyboardGroupDefParser.parseKeyboardGroupDef():86 parseKeyboardGroupDef() 2132213997 -> 0_resource_name_obfuscated : WaitTime = 4 ms : RunTime = 8 ms
04-26 14:49:03.046  1201  1201 D AlphabeticIndexCompat: computeSectionName: cs: Calendar sectionName: C
04-26 14:49:03.047  1201  1201 D AlphabeticIndexCompat: computeSectionName: cs: Maps sectionName: M
04-26 14:49:03.047  1201  1201 D AlphabeticIndexCompat: computeSectionName: cs: YouTube Music sectionName: Y
04-26 14:49:03.047  1201  1201 D AlphabeticIndexCompat: computeSectionName: cs: YouTube sectionName: Y
04-26 14:49:03.047  1201  1201 D AlphabeticIndexCompat: computeSectionName: cs: Google sectionName: G
04-26 14:49:03.048  1201  1201 D AlphabeticIndexCompat: computeSectionName: cs: Android System Intelligence sectionName: A
04-26 14:49:03.048  1201  1201 D AlphabeticIndexCompat: computeSectionName: cs: Digital Wellbeing sectionName: D
04-26 14:49:03.048  1201  1201 D AlphabeticIndexCompat: computeSectionName: cs: Conversations sectionName: C
04-26 14:49:03.049  4621 11465 I KeyboardGroupDefParser: KeyboardGroupDefParser.parseKeyboardGroupDef():86 parseKeyboardGroupDef() 2132213998 -> 0_resource_name_obfuscated : WaitTime = 11 ms : RunTime = 3 ms
04-26 14:49:03.050  1201  1201 D TaskbarManager: createTaskbarUIControllerForRecentsViewContainer displayId=0 mPrimaryDisplayId=0
04-26 14:49:03.051  1201  1201 D PerDisplayTaskbarResource: recreateTaskbarForDisplay: adding rootView displayId=0
04-26 14:49:03.051  1201  1201 D PerDisplayTaskbarResource: recreateTaskbarForDisplay: adding root layout displayId=0
04-26 14:49:03.051  4621 11469 I KeyboardGroupDefParser: KeyboardGroupDefParser.parseKeyboardGroupDef():86 parseKeyboardGroupDef() 2132213994 -> 0_resource_name_obfuscated : WaitTime = 5 ms : RunTime = 11 ms
04-26 14:49:03.057  1201  1201 D PerDisplayTaskbarResource: onDisplayInfoChanged: Rotation changed displayId=0
04-26 14:49:03.058  1201  1201 D PerDisplayTaskbarResource: recreateTaskbarForDisplay displayId=0
04-26 14:49:03.058  1201  1201 D PerDisplayTaskbarResource: recreateTaskbarForDisplay: getting device profile displayId=0
04-26 14:49:03.058  1201  1201 D PerDisplayTaskbarResource: recreateTaskbarForDisplay: destroying taskbar displayId=0
04-26 14:49:03.058  1201  1201 D PerDisplayTaskbarResource: destroyTaskbarForDisplay displayId=0
04-26 14:49:03.058  1201  1201 D CueBarController: CuebarController destroy
04-26 14:49:03.059  1201  1201 D TaskbarOverlayController: onDestroy: 	at com.android.launcher3.taskbar.PerDisplayTaskbarResource.destroyTaskbarForDisplay(go/retraceme 7226a759aa2bb3787a79806f85d80eaad84f1f1e15acd6db988f2df789d1680d:455)
04-26 14:49:03.059  1201  1201 D TaskbarOverlayController: 	at com.android.launcher3.taskbar.TaskbarManagerImpl.recreateTaskbarForDisplay(go/retraceme 7226a759aa2bb3787a79806f85d80eaad84f1f1e15acd6db988f2df789d1680d:125)
04-26 14:49:03.059  1201  1201 D TaskbarOverlayController: 	at com.android.launcher3.taskbar.TaskbarManagerImpl$$ExternalSyntheticLambda29.accept(go/retraceme 7226a759aa2bb3787a79806f85d80eaad84f1f1e15acd6db988f2df789d1680d:76)
04-26 14:49:03.059  1201  1201 D TaskbarOverlayController: onDestroy: Was window already present? false
04-26 14:49:03.059  1201  1201 D PerDisplayTaskbarResource: recreateTaskbarForDisplay: isTaskbarEnabled=true [dp != null]=true mUserUnlocked=true dp.isTaskbarPresent=false isTaskbarEnabled=true displayExists=true displayId=0
04-26 14:49:03.059  1201  1201 D PerDisplayTaskbarResource: recreateTaskbarForDisplay: creating taskbar displayId=0
04-26 14:49:03.064  4621  4621 I GoogleInputMethodService: GoogleInputMethodService.onStartInput():1384 onStartInput(EditorInfo{EditorInfo{packageName=com.google.android.apps.nexuslauncher, inputType=0, inputTypeString=NULL, enableLearning=false, autoCorrection=false, autoComplete=false, imeOptions=0, privateImeOptions=null, actionName=UNSPECIFIED, actionLabel=null, initialSelStart=-1, initialSelEnd=-1, initialCapsMode=0, label=null, fieldId=0, fieldName=null, extras=null, hintText=null, hintLocales=[]}}, true)
04-26 14:49:03.064  4621  4621 W SessionManager: SessionManager.beginSession():53 Try to begin an already begun session [INPUT_SESSION], end it first
04-26 14:49:03.065  4621  4621 W AndroidIME: LatinIMEBase.updateInputViewCoverNavigation():319 Null input view, cannot update padding!
04-26 14:49:03.066  4621  4621 I Module  : DeviceLockedStatusModuleProvider$Module.updateDeviceLockedStatus():103 repeatCheckTimes = 1, locked = false
04-26 14:49:03.068   742  2026 W PackageConfigPersister: App-specific configuration not found for packageName: com.google.android.apps.nexuslauncher and userId: 0
04-26 14:49:03.068  4621  4621 W PrimesLoggerHolder: FrameMetricServiceImpl.start():188 measurement already started: MeasurementKey{rawStringEventName=null, noPiiEventName=OnConfigurationChanged, isActivity=false}
04-26 14:49:03.070  1201  1201 W AmbientCueRepository: spoonBarOptedIn not found, default to enabled
04-26 14:49:03.070  1201  1201 W AmbientCueRepository: android.provider.Settings$SettingNotFoundException: spoonBarOptedIn
04-26 14:49:03.070  1201  1201 W AmbientCueRepository: 	at android.provider.Settings.parseIntSetting(Settings.java:4348)
04-26 14:49:03.070  1201  1201 W AmbientCueRepository: 	at android.provider.Settings.-$$Nest$smparseIntSetting(Settings.java:0)
04-26 14:49:03.070  1201  1201 W AmbientCueRepository: 	at android.provider.Settings$Secure.getIntForUser(Settings.java:7792)
04-26 14:49:03.070  1201  1201 W AmbientCueRepository: 	at android.provider.Settings$Secure.getInt(Settings.java:7784)
04-26 14:49:03.070  1201  1201 W AmbientCueRepository: 	at com.android.quickstep.cuebar.data.repository.AmbientCueRepositoryImpl.isAmbientCueSettingEnabled(go/retraceme 7226a759aa2bb3787a79806f85d80eaad84f1f1e15acd6db988f2df789d1680d:9)
04-26 14:49:03.070  1201  1201 W AmbientCueRepository: 	at com.android.quickstep.cuebar.data.repository.AmbientCueRepositoryImpl.<init>(go/retraceme 7226a759aa2bb3787a79806f85d80eaad84f1f1e15acd6db988f2df789d1680d:144)
04-26 14:49:03.070  1201  1201 W AmbientCueRepository: 	at com.android.launcher3.taskbar.CueBarController.<init>(go/retraceme 7226a759aa2bb3787a79806f85d80eaad84f1f1e15acd6db988f2df789d1680d:31)
04-26 14:49:03.070  1201  1201 W AmbientCueRepository: 	at com.android.launcher3.taskbar.TaskbarActivityContext.<init>(go/retraceme 7226a759aa2bb3787a79806f85d80eaad84f1f1e15acd6db988f2df789d1680d:3648)
04-26 14:49:03.070  1201  1201 W AmbientCueRepository: 	at com.android.launcher3.taskbar.TaskbarManagerImpl.createTaskbarActivityContext(go/retraceme 7226a759aa2bb3787a79806f85d80eaad84f1f1e15acd6db988f2df789d1680d:59)
04-26 14:49:03.070  1201  1201 W AmbientCueRepository: 	at com.android.launcher3.taskbar.TaskbarManagerImpl.recreateTaskbarForDisplay(go/retraceme 7226a759aa2bb3787a79806f85d80eaad84f1f1e15acd6db988f2df789d1680d:248)
04-26 14:49:03.070  1201  1201 W AmbientCueRepository: 	at com.android.launcher3.taskbar.TaskbarManagerImpl$$ExternalSyntheticLambda29.accept(go/retraceme 7226a759aa2bb3787a79806f85d80eaad84f1f1e15acd6db988f2df789d1680d:76)
04-26 14:49:03.070  1201  1201 W AmbientCueRepository: 	at com.android.launcher3.taskbar.PerDisplayTaskbarResource$setDisplayChangeListener$1.accept(go/retraceme 7226a759aa2bb3787a79806f85d80eaad84f1f1e15acd6db988f2df789d1680d:74)
04-26 14:49:03.070  1201  1201 W AmbientCueRepository: 	at com.android.launcher3.util.ListenableDiffAwareRef$$ExternalSyntheticLambda0.invoke(go/retraceme 7226a759aa2bb3787a79806f85d80eaad84f1f1e15acd6db988f2df789d1680d:8)
04-26 14:49:03.070  1201  1201 W AmbientCueRepository: 	at com.android.launcher3.util.MutableListenableStream$dispatchValue$1$1.run(go/retraceme 7226a759aa2bb3787a79806f85d80eaad84f1f1e15acd6db988f2df789d1680d:20)
04-26 14:49:03.070  1201  1201 W AmbientCueRepository: 	at com.android.launcher3.util.LooperExecutor.execute(go/retraceme 7226a759aa2bb3787a79806f85d80eaad84f1f1e15acd6db988f2df789d1680d:16)
04-26 14:49:03.070  1201  1201 W AmbientCueRepository: 	at com.android.launcher3.util.MutableListenableStream.dispatchValue(go/retraceme 7226a759aa2bb3787a79806f85d80eaad84f1f1e15acd6db988f2df789d1680d:52)
04-26 14:49:03.070  1201  1201 W AmbientCueRepository: 	at com.android.launcher3.display.DisplayInfoContainer.notifyConfigChange(go/retraceme 7226a759aa2bb3787a79806f85d80eaad84f1f1e15acd6db988f2df789d1680d:168)
04-26 14:49:03.070  1201  1201 W AmbientCueRepository: 	at com.android.launcher3.display.DisplayInfoContainer.onConfigurationChanged(go/retraceme 7226a759aa2bb3787a79806f85d80eaad84f1f1e15acd6db988f2df789d1680d:90)
04-26 14:49:03.070  1201  1201 W AmbientCueRepository: 	at android.content.ComponentCallbacksController.lambda$dispatchConfigurationChanged$0(ComponentCallbacksController.java:92)
04-26 14:49:03.070  1201  1201 W AmbientCueRepository: 	at android.content.ComponentCallbacksController$$ExternalSyntheticLambda2.accept(D8$$SyntheticClass:0)
04-26 14:49:03.070  1201  1201 W AmbientCueRepository: 	at android.content.ComponentCallbacksController.forAllComponentCallbacks(ComponentCallbacksController.java:125)
04-26 14:49:03.070  1201  1201 W AmbientCueRepository: 	at android.content.ComponentCallbacksController.dispatchConfigurationChanged(ComponentCallbacksController.java:92)
04-26 14:49:03.070  1201  1201 W AmbientCueRepository: 	at android.window.WindowContext.dispatchConfigurationChanged(WindowContext.java:281)
04-26 14:49:03.070  1201  1201 W AmbientCueRepository: 	at android.window.WindowTokenClient.onConfigurationChangedInner(WindowTokenClient.java:212)
04-26 14:49:03.070  1201  1201 W AmbientCueRepository: 	at android.window.WindowTokenClient.onConfigurationChanged(WindowTokenClient.java:158)
04-26 14:49:03.070  1201  1201 W AmbientCueRepository: 	at android.window.WindowTokenClient.onConfigurationChanged(WindowTokenClient.java:114)
04-26 14:49:03.070  1201  1201 W AmbientCueRepository: 	at android.window.WindowTokenClientController.onWindowContextInfoChanged(WindowTokenClientController.java:249)
04-26 14:49:03.070  1201  1201 W AmbientCueRepository: 	at android.app.ActivityThread.handleWindowContextInfoChanged(ActivityThread.java:7289)
04-26 14:49:03.070  1201  1201 W AmbientCueRepository: 	at android.app.servertransaction.WindowContextInfoChangeItem.execute(WindowContextInfoChangeItem.java:53)
04-26 14:49:03.070  1201  1201 W AmbientCueRepository: 	at android.app.servertransaction.TransactionExecutor.executeNonLifecycleItem(TransactionExecutor.java:133)
04-26 14:49:03.070  1201  1201 W AmbientCueRepository: 	at android.app.servertransaction.TransactionExecutor.executeTransactionItems(TransactionExecutor.java:103)
04-26 14:49:03.070  1201  1201 W AmbientCueRepository: 	at android.app.servertransaction.TransactionExecutor.execute(TransactionExecutor.java:80)
04-26 14:49:03.070  1201  1201 W AmbientCueRepository: 	at android.app.ActivityThread$H.handleMessage(ActivityThread.java:3024)
04-26 14:49:03.070  1201  1201 W AmbientCueRepository: 	at android.os.Handler.dispatchMessageImpl(Handler.java:142)
04-26 14:49:03.070  1201  1201 W AmbientCueRepository: 	at android.os.Handler.dispatchMessage(Handler.java:125)
04-26 14:49:03.070  1201  1201 W AmbientCueRepository: 	at android.os.Looper.loopOnce(Looper.java:292)
04-26 14:49:03.070  1201  1201 W AmbientCueRepository: 	at android.os.Looper.loop(Looper.java:393)
04-26 14:49:03.070  1201  1201 W AmbientCueRepository: 	at android.app.ActivityThread.main(ActivityThread.java:9486)
04-26 14:49:03.070  1201  1201 W AmbientCueRepository: 	at java.lang.reflect.Method.invoke(Native Method)
04-26 14:49:03.070  1201  1201 W AmbientCueRepository: 	at com.android.internal.os.RuntimeInit$MethodAndArgsCaller.run(RuntimeInit.java:575)
04-26 14:49:03.070  1201  1201 W AmbientCueRepository: 	at com.android.internal.os.ZygoteInit.main(ZygoteInit.java:939)
04-26 14:49:03.071  1201  1201 D LauncherAmbientCueVM: onUnfilteredActionsChange: []
04-26 14:49:03.075  1201  1201 D AmbientCueRepository: connectToAce: connecting TO ACE and registering
04-26 14:49:03.075  1201  1201 D AllAppsStore: setApps: apps.length=21
04-26 14:49:03.075  1201  1201 D AllAppsStore: notifyUpdate: notifying listeners
04-26 14:49:03.078  1201  1201 D AlphabeticIndexCompat: computeSectionName: cs: Settings sectionName: S
04-26 14:49:03.079  1201  1201 D AlphabeticIndexCompat: computeSectionName: cs: Photos sectionName: P
04-26 14:49:03.079  1201  1201 D AlphabeticIndexCompat: computeSectionName: cs: Battery sectionName: B
04-26 14:49:03.079  1201  1201 D AlphabeticIndexCompat: computeSectionName: cs: Chrome sectionName: C
04-26 14:49:03.080  1201  1201 D AlphabeticIndexCompat: computeSectionName: cs: Gmail sectionName: G
04-26 14:49:03.080  1201  1201 D AlphabeticIndexCompat: computeSectionName: cs: Drive sectionName: D
04-26 14:49:03.080  1201  1201 D AlphabeticIndexCompat: computeSectionName: cs: Clock sectionName: C
04-26 14:49:03.081  1201  1201 D AlphabeticIndexCompat: computeSectionName: cs: Contacts sectionName: C
04-26 14:49:03.081  1201  1201 D AlphabeticIndexCompat: computeSectionName: cs: Calendar sectionName: C
04-26 14:49:03.081  1201  1201 D AlphabeticIndexCompat: computeSectionName: cs: Maps sectionName: M
04-26 14:49:03.082  1201  1201 D AlphabeticIndexCompat: computeSectionName: cs: YouTube Music sectionName: Y
04-26 14:49:03.082  1201  1201 D AlphabeticIndexCompat: computeSectionName: cs: YouTube sectionName: Y
04-26 14:49:03.082  1201  1201 D AlphabeticIndexCompat: computeSectionName: cs: Google sectionName: G
04-26 14:49:03.083  1201  1201 D AlphabeticIndexCompat: computeSectionName: cs: Android System Intelligence sectionName: A
04-26 14:49:03.083  1201  1201 D AlphabeticIndexCompat: computeSectionName: cs: Digital Wellbeing sectionName: D
04-26 14:49:03.083  1201  1201 D AlphabeticIndexCompat: computeSectionName: cs: Conversations sectionName: C
04-26 14:49:03.084  1201  1201 D TaskbarManager: createTaskbarUIControllerForRecentsViewContainer displayId=0 mPrimaryDisplayId=0
04-26 14:49:03.085  1201  1201 D PerDisplayTaskbarResource: recreateTaskbarForDisplay: adding rootView displayId=0
04-26 14:49:03.085  1201  1201 D PerDisplayTaskbarResource: recreateTaskbarForDisplay: adding root layout displayId=0
04-26 14:49:03.086  1201  1201 D TFOManager: No activity in overlay, closing
04-26 14:49:03.087  1201  1201 D BubbleBarView: BubbleBar RTL properties changed, new layoutDirection=0 previous layoutDirection=-1
04-26 14:49:03.090   742  1318 V WindowManager: Continue transition id=165 for TaskFragmentTransaction=android.os.Binder@6d69fc2
04-26 14:49:03.095   742   779 V WindowManager: Sent Transition (#165) createdAt=04-26 14:49:02.968 via request=TransitionRequestInfo { type = CHANGE, triggerTask = null, pipChange = null, remoteTransitionInfo = null, displayChange = DisplayChange { displayId = 0, startAbsBounds = null, endAbsBounds = null, startRotation = 1, endRotation = 0, physicalDisplayChanged = false, disconnectReparentDisplay = -1, endInsetsState = null }, requestedLocation = null, userChange = null, windowingLayerChange = null, fullscreenRequestChange = null, flags = 0, debugId = 165 }
04-26 14:49:03.095   742   779 V WindowManager:     startWCT=WindowContainerTransaction { changes= {} hops= [] flags= 0 errorCallbackToken=null taskFragmentOrganizer=null }
04-26 14:49:03.095   742   779 V WindowManager:     info={id=165 t=CHANGE f=0x0 trk=0 r=[0@Point(0, 0)] c=[
04-26 14:49:03.095   742   779 V WindowManager:         {WCT{RemoteToken{cbdf155 Task{87c873b #1 type=home}}} m=CHANGE f=SHOW_WALLPAPER p=WCT{RemoteToken{51f33dc DefaultTaskDisplayArea@175082416}} leash=Surface(name=Task=1#34)/@0x479ba74 sb=Rect(0, 0 - 2400, 1080) eb=Rect(0, 0 - 1080, 2400) epz=Point(1080, 2400) d=0 r=1->0:0 taskParent=-1 winMode=1 userId=0},
04-26 14:49:03.095   742   779 V WindowManager:         {WCT{RemoteToken{51f33dc DefaultTaskDisplayArea@175082416}} m=CHANGE f=SHOW_WALLPAPER|FLAG_IS_TASK_DISPLAY_AREA p=WCT{RemoteToken{5b026ff AppZoomOut:2:14@257146692}} leash=Surface(name=DefaultTaskDisplayArea#9)/@0x650a52d sb=Rect(0, 0 - 2400, 1080) eb=Rect(0, 0 - 1080, 2400) epz=Point(1080, 2400) d=0 r=1->0:-1},
04-26 14:49:03.095   742   779 V WindowManager:         {WCT{RemoteToken{5b026ff AppZoomOut:2:14@257146692}} m=CHANGE f=SHOW_WALLPAPER p=WCT{RemoteToken{1c7ccc WindowedMagnification:0:31@125207168}} leash=Surface(name=AppZoomOut:2:14#8)/@0xbf496a0 sb=Rect(0, 0 - 2400, 1080) eb=Rect(0, 0 - 1080, 2400) epz=Point(1080, 2400) d=0 r=1->0:-1},
04-26 14:49:03.095   742   779 V WindowManager:         {WCT{RemoteToken{1c7ccc WindowedMagnification:0:31@125207168}} m=CHANGE f=SHOW_WALLPAPER p=WCT{RemoteToken{e1af91d Display{#0 state=ON size=1080x2400 ROTATION_0}}} leash=Surface(name=WindowedMagnification:0:31#3)/@0x97bd684 sb=Rect(0, 0 - 2400, 1080) eb=Rect(0, 0 - 1080, 2400) epz=Point(1080, 2400) d=0 r=1->0:-1},
04-26 14:49:03.095   742   779 V WindowManager:         {WCT{RemoteToken{e1af91d Display{#0 state=ON size=1080x2400 ROTATION_0}}} m=CHANGE f=SHOW_WALLPAPER|IS_DISPLAY leash=Surface(name=WindowedMagnification:0:31#3)/@0x97bd684 sb=Rect(0, 0 - 2400, 1080) eb=Rect(0, 0 - 1080, 2400) epz=Point(1080, 2400) d=0 r=1->0:3}
04-26 14:49:03.095   742   779 V WindowManager:     ]}
04-26 14:49:03.095  1053  2508 V WindowManagerShell: onTransitionReady(transaction=3186865742419)
04-26 14:49:03.099  1053  1107 V WindowManagerShell: onTransitionReady (#165) android.os.BinderProxy@68c6ddd: {id=165 t=CHANGE f=0x0 trk=0 r=[0@Point(0, 0)] c=[
04-26 14:49:03.099  1053  1107 V WindowManagerShell:         {m=CHANGE f=SHOW_WALLPAPER p=WCT{android.os.BinderProxy@4dfb57b} leash=Surface(name=Task=1#34)/@0xbc6cac sb=Rect(0, 0 - 2400, 1080) eb=Rect(0, 0 - 1080, 2400) epz=Point(1080, 2400) d=0 r=1->0:0 taskParent=-1 winMode=1 userId=0},
04-26 14:49:03.099  1053  1107 V WindowManagerShell:         {m=CHANGE f=SHOW_WALLPAPER|FLAG_IS_TASK_DISPLAY_AREA p=WCT{android.os.BinderProxy@3925afe} leash=Surface(name=DefaultTaskDisplayArea#9)/@0x25edd75 sb=Rect(0, 0 - 2400, 1080) eb=Rect(0, 0 - 1080, 2400) epz=Point(1080, 2400) d=0 r=1->0:-1},
04-26 14:49:03.099  1053  1107 V WindowManagerShell:         {m=CHANGE f=SHOW_WALLPAPER p=WCT{android.os.BinderProxy@6570575} leash=Surface(name=AppZoomOut:2:14#8)/@0x75c210a sb=Rect(0, 0 - 2400, 1080) eb=Rect(0, 0 - 1080, 2400) epz=Point(1080, 2400) d=0 r=1->0:-1},
04-26 14:49:03.099  1053  1107 V WindowManagerShell:         {m=CHANGE f=SHOW_WALLPAPER p=WCT{android.os.BinderProxy@70adfc4} leash=Surface(name=WindowedMagnification:0:31#3)/@0xc074d7b sb=Rect(0, 0 - 2400, 1080) eb=Rect(0, 0 - 1080, 2400) epz=Point(1080, 2400) d=0 r=1->0:-1},
04-26 14:49:03.099  1053  1107 V WindowManagerShell:         {m=CHANGE f=SHOW_WALLPAPER|IS_DISPLAY leash=Surface(name=WindowedMagnification:0:31#3)/@0xd9a798 sb=Rect(0, 0 - 2400, 1080) eb=Rect(0, 0 - 1080, 2400) epz=Point(1080, 2400) d=0 r=1->0:3}
04-26 14:49:03.099  1053  1107 V WindowManagerShell:     ]}
04-26 14:49:03.099  1053  1107 V WindowManagerShell: Directly starting a new transition type=CHANGE wct=WindowContainerTransaction { changes= {} hops= [] flags= 0 errorCallbackToken=null taskFragmentOrganizer=null } handler=null
04-26 14:49:03.100  1053  1107 V WindowManagerShell: Playing animation for (#165) android.os.BinderProxy@68c6ddd@0
04-26 14:49:03.101  1053  1107 V WindowManagerShell: PipTransitionState: Set mIsDisplayChangeScheduled=false
04-26 14:49:03.101  1053  1107 D ShellSplitScreen: startAnimation: transition=165 isSplitActive=false
04-26 14:49:03.101  1053  1107 V ShellRecents: RecentsTransitionHandler.startAnimation: no controller found
04-26 14:49:03.101  1053  1107 V ShellDesktopMode: DesktopMixedTransitionHandler: No pending desktop transition
04-26 14:49:03.101  1053  1107 V WindowManagerShell: start default transition animation, info = {id=165 t=CHANGE f=0x0 trk=0 r=[0@Point(0, 0)] c=[{m=CHANGE f=SHOW_WALLPAPER p=WCT{android.os.BinderProxy@4dfb57b} leash=Surface(name=Task=1#34)/@0xbc6cac sb=Rect(0, 0 - 2400, 1080) eb=Rect(0, 0 - 1080, 2400) epz=Point(1080, 2400) d=0 r=1->0:0 taskParent=-1 winMode=1 userId=0},{m=CHANGE f=SHOW_WALLPAPER|FLAG_IS_TASK_DISPLAY_AREA p=WCT{android.os.BinderProxy@3925afe} leash=Surface(name=DefaultTaskDisplayArea#9)/@0x25edd75 sb=Rect(0, 0 - 2400, 1080) eb=Rect(0, 0 - 1080, 2400) epz=Point(1080, 2400) d=0 r=1->0:-1},{m=CHANGE f=SHOW_WALLPAPER p=WCT{android.os.BinderProxy@6570575} leash=Surface(name=AppZoomOut:2:14#8)/@0x75c210a sb=Rect(0, 0 - 2400, 1080) eb=Rect(0, 0 - 1080, 2400) epz=Point(1080, 2400) d=0 r=1->0:-1},{m=CHANGE f=SHOW_WALLPAPER p=WCT{android.os.BinderProxy@70adfc4} leash=Surface(name=WindowedMagnification:0:31#3)/@0xc074d7b sb=Rect(0, 0 - 2400, 1080) eb=Rect(0, 0 - 1080, 2400) epz=Point(1080, 2400) d=0 r=1->0:-1},{m=CHANGE f=SHOW_WALLPAPER|IS_DISPLAY leash=Surface(name=WindowedMagnification:0:31#3)/@0xd9a798 sb=Rect(0, 0 - 2400, 1080) eb=Rect(0, 0 - 1080, 2400) epz=Point(1080, 2400) d=0 r=1->0:3}]}
04-26 14:49:03.101  1053  1072 V WindowManagerShell: onTransitionReady(transaction=3186865742471)
04-26 14:49:03.101  1053  1107 V WindowManagerShell: Display is changing, resolve the animation hint.
04-26 14:49:03.101  1053  1107 V WindowManagerShell:   display requests explicit seamless
04-26 14:49:03.101   742   779 V WindowManager: Sent Transition (#166) createdAt=04-26 14:49:03.100
04-26 14:49:03.102   742   779 V WindowManager:     startWCT=WindowContainerTransaction { changes= {} hops= [] flags= 0 errorCallbackToken=null taskFragmentOrganizer=null }
04-26 14:49:03.102   742   779 V WindowManager:     info={id=166 t=CHANGE f=0x0 trk=0 r=[] c=[]}
04-26 14:49:03.102  1053  1107 V WindowManagerShell: Transition animation finished (aborted=false), notifying core (#165) android.os.BinderProxy@68c6ddd@0
04-26 14:49:03.105   742   779 V WindowManager: Finish Transition (#165): created at 04-26 14:49:02.968 collect-started=0.099ms request-sent=0.122ms started=3.834ms ready=122.178ms sent=125.435ms finished=136.038ms
04-26 14:49:03.107  1053  1107 V WindowManagerShell: Track 0 became idle
04-26 14:49:03.107  1053  1107 V WindowManagerShell:  animated by com.android.wm.shell.transition.DefaultTransitionHandler@598e477
04-26 14:49:03.107  1053  1107 V WindowManagerShell: Track 0 became idle
04-26 14:49:03.107  1053  1107 V WindowManagerShell: onTransitionReady (#166) android.os.BinderProxy@a2343d6: {id=166 t=CHANGE f=0x0 trk=0 r=[] c=[]}
04-26 14:49:03.107  1053  1107 V WindowManagerShell: No transition roots in (#166) android.os.BinderProxy@a2343d6@0 so abort
04-26 14:49:03.108  1053  1107 V WindowManagerShell: Transition animation finished (aborted=true), notifying core (#166) android.os.BinderProxy@a2343d6@0
04-26 14:49:03.109   742   779 V WindowManager: Finish Transition (#166): created at 04-26 14:49:03.100 collect-started=0.095ms started=0.145ms ready=0.222ms sent=1.042ms finished=9.066ms
04-26 14:49:03.115   742   858 I WindowManager: finishDrawing of orientation change: Window{7d177c0 u0 Taskbar} 117ms
04-26 14:49:03.115  1053  1107 V WindowManagerShell: Track 0 became idle
04-26 14:49:03.115  1053  1107 V WindowManagerShell: All active transition animations finished
04-26 14:49:03.116  1053  1107 V ShellTaskOrganizer: Task vanished taskId=84
04-26 14:49:03.116  1053  1107 V ShellTaskOrganizer: Fullscreen Task Vanished: #84
04-26 14:49:03.116  1053  1107 V ShellDesktopMode: Task Vanished: #84 closed=true
04-26 14:49:03.116  1053  1107 V RecentTasksController: Notify recent tasks changed
04-26 14:49:03.117  1053  1107 D ShellDesktopMode: AppToWebRepository: Task 84 is vanishing. Removing task data from repository
04-26 14:49:03.118  1053  1107 V AppCompat: SingleSurfaceLetterboxController: []
04-26 14:49:03.118  1053  1107 V AppCompat: MultiSurfaceLetterboxController: []
04-26 14:49:03.118  1053  1107 V AppCompat: LetterboxInputController: []
04-26 14:49:03.118  1053  1107 V AppCompat: RoundedCornersLetterboxController: {}
04-26 14:49:03.118   742   887 W InputDispatcher: channel 'Embedded{LetterboxInputDetector of Surface(name=Task=84#571)/@0x19eebfc}' ~ Consumer closed input channel or an error occurred.  events=0x9
04-26 14:49:03.118   742   887 E InputDispatcher: channel 'Embedded{LetterboxInputDetector of Surface(name=Task=84#571)/@0x19eebfc}' ~ Channel is unrecoverably broken and will be disposed!
04-26 14:49:03.120   742   858 W WindowManager: Failed looking up window session=Session{3a94551 1053:u0a10196} callers=com.android.server.wm.WindowManagerService.removeClientToken:2272 com.android.server.wm.Session.remove:282 android.view.IWindowSession$Stub.onTransact:637 
04-26 14:49:03.123  4621  4671 I SP      : Sync for emoticon_content_description succeeded in 89 ms: no changes
04-26 14:49:03.124  4621  4671 I SP      : GC for 'emoticon_content_description' (10) with ttl of 0 ms took 0 ms (0/0/0)
04-26 14:49:03.128   742  2026 I WindowManager: finishDrawing of orientation change: Window{92ba927 u0 StatusBar} 130ms
04-26 14:49:03.135  1201  1201 D RecentsView: onTaskRemoved: 84, not handling task stack changes
04-26 14:49:03.135  1201  1201 D RecentsView: onTaskRemoved: 84, not handling task stack changes
04-26 14:49:03.135  1201  1201 D RecentTasksList: invalidateLoadedTasks - previous requestLoadId: -1
04-26 14:49:03.142   552   552 E BpTransactionCompletedListener: Failed to transact (-32)
04-26 14:49:03.159  1053  1053 D SsCardRecyclerViewAdapter: Updating Smartspace targets to targets for Lockscreen
04-26 14:49:03.161  1053  1053 D SsCardRecyclerViewAdapter: Updating Smartspace targets to targets for Lockscreen
04-26 14:49:03.162  1201  1216 I s.nexuslauncher: NativeAlloc concurrent mark compact GC freed 5573KB AllocSpace bytes, 1(32KB) LOS objects, 49% free, 6856KB/13MB, paused 1.525ms,13.443ms total 64.399ms
04-26 14:49:03.162  1053  1053 W BcSmartspaceView: Current card is not present in the Adapter; cannot log.
04-26 14:49:03.163  1053  1053 E DateSmartspaceView: No tap action can be set up
04-26 14:49:03.163  1053  1053 W AlarmManager: Unrecognized alarm listener com.google.android.systemui.smartspace.KeyguardZenAlarmViewController$showNextAlarm$1@73e76f1
04-26 14:49:03.164  1053  1053 W AlarmManager: Unrecognized alarm listener com.google.android.systemui.smartspace.KeyguardZenAlarmViewController$showNextAlarm$1@73e76f1
04-26 14:49:03.164  1053  1053 W BcSmartspaceView: Current card is not present in the Adapter; cannot log.
04-26 14:49:03.166  1053  1053 W BcSmartspaceView: Current card is not present in the Adapter; cannot log.
04-26 14:49:03.166  1053  1053 E DateSmartspaceView: No tap action can be set up
04-26 14:49:03.167  1053  1053 W AlarmManager: Unrecognized alarm listener com.google.android.systemui.smartspace.KeyguardZenAlarmViewController$showNextAlarm$1@73e76f1
04-26 14:49:03.167  1053  1053 W BcSmartspaceView: Current card is not present in the Adapter; cannot log.
04-26 14:49:03.168  1053  1053 W BcSmartspaceView: Current card is not present in the Adapter; cannot log.
04-26 14:49:03.170  3605  3723 I AiAiEcho: Predicting[0]:  [CONTEXT sampling_count=5 ]
04-26 14:49:03.170  3605  3723 I AiAiEcho: EchoTargets: 
04-26 14:49:03.170  3605  3723 I AiAiEcho: Filtered by AiAi flag check: 
04-26 14:49:03.170  3605  3723 I AiAiEcho: [CONTEXT ratelimit_period="10 SECONDS" ]
04-26 14:49:03.170  3605  3723 I AiAiEcho: #remoteViewsTwiddler: feature disabled.
04-26 14:49:03.170  3605  3723 I AiAiEcho: Predicting[0]:  [CONTEXT sampling_count=5 ]
04-26 14:49:03.170  3605  3723 I AiAiEcho: EchoTargets: 
04-26 14:49:03.170  3605  3723 I AiAiEcho: Filtered by AiAi flag check: 
04-26 14:49:03.170  3605  3723 I AiAiEcho: [CONTEXT ratelimit_period="10 SECONDS" ]
04-26 14:49:03.170  1201  1218 W System  : A resource failed to call release. 
04-26 14:49:03.170  1201  1218 W System  : A resource failed to call release. 
04-26 14:49:03.170  3605  3723 I AiAiEcho: #remoteViewsTwiddler: feature disabled.
04-26 14:49:03.171  3605  3723 I AiAiEcho: #postPredictionTargets: Sending updates to UISurface lockscreen with targets# 0 (types=[])
04-26 14:49:03.171  3605  3723 I AiAiEcho: #postPredictionTargets: Sending updates to UISurface home with targets# 0 (types=[])
04-26 14:49:03.172   742  1318 I WindowManager: finishDrawing of orientation change: Window{6e09d68 u0 ScreenDecorOverlay} 174ms
04-26 14:49:03.186   742  1318 I WindowManager: finishDrawing of orientation change: Window{5768eb2 u0 ScreenDecorOverlayBottom} 188ms
04-26 14:49:03.188   552   632 W skia    : AGTM parsing failed flags.readFromStream(s) at 159
04-26 14:49:03.188   552   632 W skia    : AGTM parsing failed flags.readFromStream(s) at 159
04-26 14:49:03.191  3605  3723 I AiAiEcho: Predicting[0]:  [CONTEXT sampling_count=5 ]
04-26 14:49:03.191  3605  3723 I AiAiEcho: EchoTargets: 
04-26 14:49:03.191  3605  3723 I AiAiEcho: Filtered by AiAi flag check: 
04-26 14:49:03.191  3605  3723 I AiAiEcho: [CONTEXT ratelimit_period="10 SECONDS" ]
04-26 14:49:03.191  3605  3723 I AiAiEcho: #remoteViewsTwiddler: feature disabled.
04-26 14:49:03.192  3605  3723 I AiAiEcho: Predicting[0]:  [CONTEXT sampling_count=5 ]
04-26 14:49:03.192  3605  3723 I AiAiEcho: EchoTargets: 
04-26 14:49:03.192  3605  3723 I AiAiEcho: Filtered by AiAi flag check: 
04-26 14:49:03.192  3605  3723 I AiAiEcho: [CONTEXT ratelimit_period="10 SECONDS" ]
04-26 14:49:03.192  3605  3723 I AiAiEcho: #remoteViewsTwiddler: feature disabled.
04-26 14:49:03.193  3605  3723 I AiAiEcho: #postPredictionTargets: Sending updates to UISurface lockscreen with targets# 0 (types=[])
04-26 14:49:03.193  1201  1201 D SsBaseTemplateCard: Passed-in item info is null
04-26 14:49:03.193  1201  1201 D SsBaseTemplateCard: Passed-in item info is null
04-26 14:49:03.193  1201  1201 D SsBaseTemplateCard: Passed-in item info is null
04-26 14:49:03.193  1201  1201 D SsBaseTemplateCard: Passed-in item info is null
04-26 14:49:03.193  1201  1201 I SsBaseTemplateCard: Secondary card pane is null
04-26 14:49:03.196  3605  3723 I AiAiEcho: #postPredictionTargets: Sending updates to UISurface home with targets# 0 (types=[])
04-26 14:49:03.196  3605  3723 I AiAiEcho: Predicting[0]:  [CONTEXT sampling_count=5 ]
04-26 14:49:03.196  3605  3723 I AiAiEcho: EchoTargets: 
04-26 14:49:03.196  3605  3723 I AiAiEcho: Filtered by AiAi flag check: 
04-26 14:49:03.196  3605  3723 I AiAiEcho: [CONTEXT ratelimit_period="10 SECONDS" ]
04-26 14:49:03.197  3605  3723 I AiAiEcho: #remoteViewsTwiddler: feature disabled.
04-26 14:49:03.198  3605  3723 I AiAiEcho: Predicting[0]:  [CONTEXT sampling_count=5 ]
04-26 14:49:03.198  3605  3723 I AiAiEcho: EchoTargets: 
04-26 14:49:03.198  3605  3723 I AiAiEcho: Filtered by AiAi flag check: 
04-26 14:49:03.198  3605  3723 I AiAiEcho: [CONTEXT ratelimit_period="10 SECONDS" ]
04-26 14:49:03.198  3605  3723 I AiAiEcho: #remoteViewsTwiddler: feature disabled.
04-26 14:49:03.199  3605  3723 I AiAiEcho: #postPredictionTargets: Sending updates to UISurface lockscreen with targets# 0 (types=[])
04-26 14:49:03.199  3605  3723 I AiAiEcho: #postPredictionTargets: Sending updates to UISurface home with targets# 0 (types=[])
04-26 14:49:03.210  1201  1201 D SsBaseTemplateCard: Passed-in item info is null
04-26 14:49:03.210  1201  1201 D SsBaseTemplateCard: Passed-in item info is null
04-26 14:49:03.210  1201  1201 D SsBaseTemplateCard: Passed-in item info is null
04-26 14:49:03.210  1201  1201 D SsBaseTemplateCard: Passed-in item info is null
04-26 14:49:03.210  1201  1201 I SsBaseTemplateCard: Secondary card pane is null
04-26 14:49:03.226  1201  1201 D SsBaseTemplateCard: Passed-in item info is null
04-26 14:49:03.226  1201  1201 D SsBaseTemplateCard: Passed-in item info is null
04-26 14:49:03.226  1201  1201 D SsBaseTemplateCard: Passed-in item info is null
04-26 14:49:03.226  1201  1201 D SsBaseTemplateCard: Passed-in item info is null
04-26 14:49:03.226  1201  1201 I SsBaseTemplateCard: Secondary card pane is null
04-26 14:49:03.296   552   632 W skia    : AGTM parsing failed flags.readFromStream(s) at 159
04-26 14:49:03.296   552   632 W skia    : AGTM parsing failed flags.readFromStream(s) at 159
04-26 14:49:03.372  1201  1201 D LauncherAmbientCueVM: Debounced empty action: updating state
04-26 14:49:03.398   552   632 W skia    : AGTM parsing failed flags.readFromStream(s) at 159
04-26 14:49:03.398   552   632 W skia    : AGTM parsing failed flags.readFromStream(s) at 159
04-26 14:49:03.499   552   632 W skia    : AGTM parsing failed flags.readFromStream(s) at 159
04-26 14:49:03.499   552   632 W skia    : AGTM parsing failed flags.readFromStream(s) at 159
04-26 14:49:03.600   552   632 W skia    : AGTM parsing failed flags.readFromStream(s) at 159
04-26 14:49:03.600   552   632 W skia    : AGTM parsing failed flags.readFromStream(s) at 159
04-26 14:49:03.956   742  1811 E TaskPersister: File error accessing recents directory (directory doesn't exist?).
04-26 14:49:05.146   742   946 D InetDiagMessage: Destroyed 0 sockets, proto=IPPROTO_TCP, family=AF_INET, states=14
04-26 14:49:05.146   742   946 D InetDiagMessage: Destroyed 0 sockets, proto=IPPROTO_TCP, family=AF_INET6, states=14
04-26 14:49:05.146   742   946 D InetDiagMessage: Destroyed live tcp sockets for uids={10172} in 1ms
04-26 14:49:05.146   742   946 D InetDiagMessage: Destroyed 0 sockets, proto=IPPROTO_TCP, family=AF_INET, states=14
04-26 14:49:05.147   742   946 D InetDiagMessage: Destroyed 0 sockets, proto=IPPROTO_TCP, family=AF_INET6, states=14
04-26 14:49:05.147   742   946 D InetDiagMessage: Destroyed live tcp sockets for uids={20172} in 1ms
04-26 14:49:05.413   742   940 I HalDevMgr: bestIfaceCreationProposal is null, requestIface=STA, existingIface=[name=wlan0 type=STA]
04-26 14:49:06.123  1029  1029 I wpa_supplicant: wlan0: CTRL-EVENT-BEACON-LOSS 
04-26 14:49:08.420   742   940 I HalDevMgr: bestIfaceCreationProposal is null, requestIface=STA, existingIface=[name=wlan0 type=STA]
04-26 14:49:10.071   742  1009 D androidtc: Initializing SystemTextClassifier, type = System
04-26 14:49:10.071   742  1009 E ClipboardService: Denying clipboard access to com.android.chrome, application is not in focus nor is it a system service for user 0
04-26 14:49:10.073  3605  3605 I AiAiTextClassifier: onCreateTextClassificationSession = TextClassificationSessionId {fd8ea418-a97d-4b3d-8d76-24090a32bd03}
04-26 14:49:10.073  3605  3737 I AiAiTranslate: C2T - not in a conversation
04-26 14:49:10.075  4621 11470 D androidtc: Initializing SystemTextClassifier, type = System
04-26 14:49:10.075  1053  1053 I ClipboardListener: Clipboard overlay suppressed.
04-26 14:49:10.076  3605  3754 I AiAiTextClassifier: GenerateLinks did not find valid links, returning empty result
04-26 14:49:10.077   742  1010 E ClipboardService: Denying clipboard access to com.android.chrome, application is not in focus nor is it a system service for user 0
04-26 14:49:10.079  3605  3754 I AiAiTextClassifier: GenerateLinks did not find valid links, returning empty result
04-26 14:49:10.081  1053  1053 I ClipboardListener: Clipboard overlay suppressed.
04-26 14:49:10.141   742   877 D ActivityManager: freezing 6411 com.google.android.apps.photos
04-26 14:49:10.144   742   946 D InetDiagMessage: Destroyed 0 sockets, proto=IPPROTO_TCP, family=AF_INET, states=14
04-26 14:49:10.144   742   946 D InetDiagMessage: Destroyed 0 sockets, proto=IPPROTO_TCP, family=AF_INET6, states=14
04-26 14:49:10.144   742   946 D InetDiagMessage: Destroyed live tcp sockets for uids={10172} in 0ms
04-26 14:49:10.438   742  1009 D androidtc: Initializing SystemTextClassifier, type = System
04-26 14:49:10.439   742  1009 E ClipboardService: Denying clipboard access to com.android.chrome, application is not in focus nor is it a system service for user 0
04-26 14:49:10.439  3605  3605 I AiAiTextClassifier: onCreateTextClassificationSession = TextClassificationSessionId {872524ca-d495-4509-b5ff-5b2f32294215}
04-26 14:49:10.441  3605  3754 I AiAiTextClassifier: GenerateLinks did not find valid links, returning empty result
04-26 14:49:10.442  3605  3737 I AiAiTranslate: C2T - not in a conversation
04-26 14:49:10.442  1053  1053 I ClipboardListener: Clipboard overlay suppressed.
04-26 14:49:10.442   742  1010 E ClipboardService: Denying clipboard access to com.android.chrome, application is not in focus nor is it a system service for user 0
04-26 14:49:10.446  1053  1053 I ClipboardListener: Clipboard overlay suppressed.
04-26 14:49:10.446  3605  3754 I AiAiTextClassifier: GenerateLinks did not find valid links, returning empty result
04-26 14:49:10.950   742  1009 D androidtc: Initializing SystemTextClassifier, type = System
04-26 14:49:10.951   742  1009 E ClipboardService: Denying clipboard access to com.android.chrome, application is not in focus nor is it a system service for user 0
04-26 14:49:10.951  3605  3605 I AiAiTextClassifier: onCreateTextClassificationSession = TextClassificationSessionId {003c3e7b-cbd2-4e40-a938-9248038c2109}
04-26 14:49:10.952  3605  3737 I AiAiTranslate: C2T - not in a conversation
04-26 14:49:10.953  3605  3754 I AiAiTextClassifier: GenerateLinks did not find valid links, returning empty result
04-26 14:49:10.953   742  1010 E ClipboardService: Denying clipboard access to com.android.chrome, application is not in focus nor is it a system service for user 0
04-26 14:49:10.954  1053  1053 I ClipboardListener: Clipboard overlay suppressed.
04-26 14:49:10.956  1053  1053 I ClipboardListener: Clipboard overlay suppressed.
04-26 14:49:10.956  3605  3754 I AiAiTextClassifier: GenerateLinks did not find valid links, returning empty result
04-26 14:49:11.428   742   940 I HalDevMgr: bestIfaceCreationProposal is null, requestIface=STA, existingIface=[name=wlan0 type=STA]
04-26 14:49:12.023  1196  1326 D SatelliteController: isInCarrierRoamingNbIotNtn: satellite is disabled
04-26 14:49:12.023  1196  1326 D SatelliteController: getCarrierRoamingNtnConnectType: Checking connect type from PLMN config for subId: 1
04-26 14:49:12.026  1196  1326 D SatelliteController: getSatellitePerPlmnConfiguration: invalid subId or not supported via carrier.
04-26 14:49:12.026  1196  1326 D SatelliteController: getCarrierRoamingNtnConnectType: config: null
04-26 14:49:12.026  1196  1326 D SatelliteController: getCarrierRoamingNtnConnectType: Falling back to global carrier config connect type: 0
04-26 14:49:12.027  1196  1326 D SatelliteController: updateLastNotifiedCarrierRoamingNtnSignalStrengthAndNotify(1)
04-26 14:49:12.027  1196  1326 D SatelliteController: updateLastNotifiedCarrierRoamingNtnSignalStrengthAndNotify(1) lastNotifiedSignalStrength level: 0
04-26 14:49:12.027  1196  1326 D SatelliteController: updateLastNotifiedCarrierRoamingNtnSignalStrengthAndNotify(1) currSignalStrength level: 0
04-26 14:49:12.829  3865  3872 I artd    : GetBestInfo: odex next to the dex file (/data/app/~~PqdBwR9WSFUNw4iaJMgoGg==/com.google.android.gms-95Dc1VeYXyONiCBDqz_lkA==/oat/x86_64/base.odex) is kOatUpToDate with filter 'speed-profile' executable 'false'
