04-26 15:03:14.662   552   632 W skia    : AGTM parsing failed flags.readFromStream(s) at 159
04-26 15:03:14.662   552   632 W skia    : AGTM parsing failed flags.readFromStream(s) at 159
04-26 15:03:14.662   552   632 W skia    : AGTM parsing failed flags.readFromStream(s) at 159
04-26 15:03:14.662   552   632 W skia    : AGTM parsing failed flags.readFromStream(s) at 159
04-26 15:03:14.662   552   632 W skia    : AGTM parsing failed flags.readFromStream(s) at 159
04-26 15:03:14.679   552   632 W skia    : AGTM parsing failed flags.readFromStream(s) at 159
04-26 15:03:14.680   552   632 W skia    : AGTM parsing failed flags.readFromStream(s) at 159
04-26 15:03:14.680   552   632 W skia    : AGTM parsing failed flags.readFromStream(s) at 159
04-26 15:03:14.680   552   632 W skia    : AGTM parsing failed flags.readFromStream(s) at 159
04-26 15:03:14.680   552   632 W skia    : AGTM parsing failed flags.readFromStream(s) at 159
04-26 15:03:14.680   552   632 W skia    : AGTM parsing failed flags.readFromStream(s) at 159
04-26 15:03:14.680   552   632 W skia    : AGTM parsing failed flags.readFromStream(s) at 159
04-26 15:03:14.682 12193 12480 I Icing   : Usage reports ok 1, Failed Usage reports 0, indexed 0, rejected 0
04-26 15:03:14.694   552   632 W skia    : AGTM parsing failed flags.readFromStream(s) at 159
04-26 15:03:14.694   552   632 W skia    : AGTM parsing failed flags.readFromStream(s) at 159
04-26 15:03:14.694   552   632 W skia    : AGTM parsing failed flags.readFromStream(s) at 159
04-26 15:03:14.695   552   632 W skia    : AGTM parsing failed flags.readFromStream(s) at 159
04-26 15:03:14.695   552   632 W skia    : AGTM parsing failed flags.readFromStream(s) at 159
04-26 15:03:14.695   552   632 W skia    : AGTM parsing failed flags.readFromStream(s) at 159
04-26 15:03:14.695   552   632 W skia    : AGTM parsing failed flags.readFromStream(s) at 159
04-26 15:03:14.710   552   632 W skia    : AGTM parsing failed flags.readFromStream(s) at 159
04-26 15:03:14.711   552   632 W skia    : AGTM parsing failed flags.readFromStream(s) at 159
04-26 15:03:14.711   552   632 W skia    : AGTM parsing failed flags.readFromStream(s) at 159
04-26 15:03:14.711   552   632 W skia    : AGTM parsing failed flags.readFromStream(s) at 159
04-26 15:03:14.711   552   632 W skia    : AGTM parsing failed flags.readFromStream(s) at 159
04-26 15:03:14.711   552   632 W skia    : AGTM parsing failed flags.readFromStream(s) at 159
04-26 15:03:14.711   552   632 W skia    : AGTM parsing failed flags.readFromStream(s) at 159
04-26 15:03:14.716 12653 12873 I SP      : Sync for handwriting_recognition succeeded in 644 ms: no changes
04-26 15:03:14.717 12653 12873 I SP      : GC for 'handwriting_recognition' (10) with ttl of 0 ms took 1 ms (0/1/0)
04-26 15:03:14.719 12653 13455 I HandwritingOnlineSuperpacks: HandwritingOnlineSuperpacks.syncInternal():187 syncInternal(): syncing packs
04-26 15:03:14.719 12653 13455 I HandwritingOnlineSuperpacks: HandwritingOnlineSuperpacks$2.onSyncSuccess():225 syncInternal(): complete {old=[en_us_20251103_compact_fst_zip, pack_mapping_v1_lstm_20260206, qrnn_en-US_reco_20251103_fst_20251103_recospec_zip, scribe_latin_20250829tfreco_recospec_zip, scribe_latin_20250829tfreco_tflite_zip, transformer_latin_conf_tflite_20251103_zip, transformer_latin_seg_tflite_20251103_zip, transformer_latin_tflite_20251103_zip], new=[en_us_20251103_compact_fst_zip, pack_mapping_v1_lstm_20260206, qrnn_en-US_reco_20251103_fst_20251103_recospec_zip, scribe_latin_20250829tfreco_recospec_zip, scribe_latin_20250829tfreco_tflite_zip, transformer_latin_conf_tflite_20251103_zip, transformer_latin_seg_tflite_20251103_zip, transformer_latin_tflite_20251103_zip], metadata=false, last batch=true}
04-26 15:03:14.722 12653 13456 E HandwritingSuperpacksUtil: HandwritingSuperpacksUtil.getPackMappingPackName():42 No pack mapping pack found in []
04-26 15:03:14.722 12653 13456 I HandwritingSuperpacks: HandwritingSuperpacks.reloadCache():229 updatePackMappingsCache(): pack mapping pack unavailable [OFFLINE]
04-26 15:03:14.729   552   632 W skia    : AGTM parsing failed flags.readFromStream(s) at 159
04-26 15:03:14.729   552   632 W skia    : AGTM parsing failed flags.readFromStream(s) at 159
04-26 15:03:14.729   552   632 W skia    : AGTM parsing failed flags.readFromStream(s) at 159
04-26 15:03:14.729   552   632 W skia    : AGTM parsing failed flags.readFromStream(s) at 159
04-26 15:03:14.729   552   632 W skia    : AGTM parsing failed flags.readFromStream(s) at 159
04-26 15:03:14.730 12193 12480 I Icing   : Usage reports ok 0, Failed Usage reports 0, indexed 0, rejected 0
04-26 15:03:14.744   552   632 W skia    : AGTM parsing failed flags.readFromStream(s) at 159
04-26 15:03:14.744   552   632 W skia    : AGTM parsing failed flags.readFromStream(s) at 159
04-26 15:03:14.744   552   632 W skia    : AGTM parsing failed flags.readFromStream(s) at 159
04-26 15:03:14.745   552   632 W skia    : AGTM parsing failed flags.readFromStream(s) at 159
04-26 15:03:14.745   552   632 W skia    : AGTM parsing failed flags.readFromStream(s) at 159
04-26 15:03:14.763   552   632 W skia    : AGTM parsing failed flags.readFromStream(s) at 159
04-26 15:03:14.763   552   632 W skia    : AGTM parsing failed flags.readFromStream(s) at 159
04-26 15:03:14.763   552   632 W skia    : AGTM parsing failed flags.readFromStream(s) at 159
04-26 15:03:14.763   552   632 W skia    : AGTM parsing failed flags.readFromStream(s) at 159
04-26 15:03:14.763   552   632 W skia    : AGTM parsing failed flags.readFromStream(s) at 159
04-26 15:03:14.767 12193 12480 I Icing   : Usage reports ok 0, Failed Usage reports 0, indexed 0, rejected 0
04-26 15:03:14.767   742   848 I ImeTracker: system_server:e0fe1fcc: onRequestHide at ORIGIN_SERVER reason IME_REQUESTED_CHANGED_LISTENER fromUser false displayId 0
04-26 15:03:14.767   742   782 I ImeTracker: system_server:e0fe1fcc: onCancelled at PHASE_SERVER_SHOULD_HIDE
04-26 15:03:14.777   552   632 W skia    : AGTM parsing failed flags.readFromStream(s) at 159
04-26 15:03:14.778   552   632 W skia    : AGTM parsing failed flags.readFromStream(s) at 159
04-26 15:03:14.778   552   632 W skia    : AGTM parsing failed flags.readFromStream(s) at 159
04-26 15:03:14.778   552   632 W skia    : AGTM parsing failed flags.readFromStream(s) at 159
04-26 15:03:14.778   552   632 W skia    : AGTM parsing failed flags.readFromStream(s) at 159
04-26 15:03:14.781 12193 12480 I Icing   : Usage reports ok 0, Failed Usage reports 0, indexed 0, rejected 0
04-26 15:03:14.790 12193 12480 I Icing   : Indexing com.google.android.gms-phones_data_id from com.google.android.gms
04-26 15:03:14.795   552   632 W skia    : AGTM parsing failed flags.readFromStream(s) at 159
04-26 15:03:14.795   552   632 W skia    : AGTM parsing failed flags.readFromStream(s) at 159
04-26 15:03:14.795   552   632 W skia    : AGTM parsing failed flags.readFromStream(s) at 159
04-26 15:03:14.796   552   632 W skia    : AGTM parsing failed flags.readFromStream(s) at 159
04-26 15:03:14.796   552   632 W skia    : AGTM parsing failed flags.readFromStream(s) at 159
04-26 15:03:14.796  1053  1107 V WindowManagerShell: Transition animation finished (aborted=false), notifying core (#182) android.os.BinderProxy@96fb845@0
04-26 15:03:14.799   742   779 V WindowManager: Finish Transition (#182): created at 04-26 15:03:14.024 collect-started=0.033ms request-sent=10.549ms started=22.239ms ready=33.58ms sent=273.497ms commit=30.024ms finished=773.893ms
04-26 15:03:14.803  1053  1107 V WindowManagerShell: Track 0 became idle
04-26 15:03:14.803  1053  1107 V WindowManagerShell: All active transition animations finished
04-26 15:03:14.803 13583 13583 D VRI[PreloadActivity]: visibilityChanged oldVisibility=true newVisibility=false
04-26 15:03:14.806 12193 12480 I Icing   : Indexing done com.google.android.gms-phones_data_id
04-26 15:03:14.806 12193 12480 I Icing   : Indexing com.google.android.gms-apps from com.google.android.gms
04-26 15:03:14.819 12193 12480 I Icing   : Indexing com.google.android.gms-postals_data_id from com.google.android.gms
04-26 15:03:14.823 12193 12480 I Icing   : Indexing done com.google.android.gms-postals_data_id
04-26 15:03:14.824 12193 12480 I Icing   : Indexing com.google.android.gms-contacts_contact_id from com.google.android.gms
04-26 15:03:14.826 12193 12480 I Icing   : Indexing done com.google.android.gms-contacts_contact_id
04-26 15:03:14.826 12193 12480 I Icing   : Indexing com.google.android.gms-emails_data_id from com.google.android.gms
04-26 15:03:14.828 12193 12480 I Icing   : Indexing done com.google.android.gms-emails_data_id
04-26 15:03:14.830 12430 12515 W libbinder.Binder: Binder transaction to android.content.IContentProvider, function: UNKNOWN_FUNCTION_NAME, code: 21, took 2416ms. Data bytes: 480 Reply bytes: 432 Flags: 18
04-26 15:03:14.831 13583 13583 D WindowOnBackDispatcher: setTopOnBackInvokedCallback (unwrapped): null
04-26 15:03:14.832   742   848 D CoreBackPreview: Window{e88d69a u0 com.muonline.client/com.muonline.client.PreloadActivity}: Setting back callback null
04-26 15:03:14.832 13583 13583 D ViewRootImpl: Skipping stats log for color mode
04-26 15:03:14.836 13583 13672 I MuMain  : PERF fps=590.5 frameMs=1.69 phase(render=0.02 pad=0.06 present=1.46) renderLevel=4 fxScale=1.00 maxMsg=70 avg(draw=0 verts=0 im=0 vaD=0 vaC=0 qI=0 qE=0) max(draw=0 verts=0)
04-26 15:03:14.836 13583 13672 I MuMain  : PERF_SCENE world=-1 char(live=0 vis=0 ply=0 mon=0 npc=0 pet=0 prio=0 topMon=-1 x0) obj(live=0 vis=0 op=0 trap=0 topObj=-1 x0)
04-26 15:03:14.836 13583 13672 I MuMain  : PERF_BUCKET objMove(cand=0 upd=0 def=0 n=0 m=0 f=0) objRender(cand=0 draw=0 cull=0 n=0 m=0 f=0 visDraw=0 visDef=0) charMove(cand=0 upd=0 def=0 n=0 m=0 f=0) charRender(cand=0 draw=0 def=0 cull=0 n=0 m=0 f=0)
04-26 15:03:14.836 13583 13672 I MuMain  : PERF_TERRAIN world=-1 normal(block=0 tile=0) grass(block=0 tile=0) after(block=0 tile=0)
04-26 15:03:14.847 12193 12480 I Icing   : Usage reports ok 0, Failed Usage reports 0, indexed 0, rejected 0
04-26 15:03:14.902 12193 12480 I Icing   : Indexing done com.google.android.gms-apps
04-26 15:03:14.921 12193 12480 I Icing   : Indexing com.google.android.gms-apps from com.google.android.gms
04-26 15:03:14.927 12193 12480 I Icing   : Indexing done com.google.android.gms-apps
04-26 15:03:14.929 12193 12480 I Icing   : Indexing com.google.android.gms-apps from com.google.android.gms
04-26 15:03:14.929 12193 12480 I Icing   : Indexing done com.google.android.gms-apps
04-26 15:03:14.935   742  2164 W ActivityManager: Skipping manifest association check for null package. SourceUid: 10214, SourcePkg: null, TargetUid: 10214, TargetPkg: com.google.android.gms
04-26 15:03:15.837 13583 13672 I MuMain  : PERF fps=1377.7 frameMs=0.73 phase(render=0.02 pad=0.04 present=0.58) renderLevel=4 fxScale=1.00 maxMsg=70 avg(draw=0 verts=0 im=0 vaD=0 vaC=0 qI=0 qE=0) max(draw=0 verts=0)
04-26 15:03:15.837 13583 13672 I MuMain  : PERF_SCENE world=-1 char(live=0 vis=0 ply=0 mon=0 npc=0 pet=0 prio=0 topMon=-1 x0) obj(live=0 vis=0 op=0 trap=0 topObj=-1 x0)
04-26 15:03:15.837 13583 13672 I MuMain  : PERF_BUCKET objMove(cand=0 upd=0 def=0 n=0 m=0 f=0) objRender(cand=0 draw=0 cull=0 n=0 m=0 f=0 visDraw=0 visDef=0) charMove(cand=0 upd=0 def=0 n=0 m=0 f=0) charRender(cand=0 draw=0 def=0 cull=0 n=0 m=0 f=0)
04-26 15:03:15.837 13583 13672 I MuMain  : PERF_TERRAIN world=-1 normal(block=0 tile=0) grass(block=0 tile=0) after(block=0 tile=0)
04-26 15:03:16.349   742  1811 E TaskPersister: File error accessing recents directory (directory doesn't exist?).
04-26 15:03:16.838 13583 13672 I MuMain  : PERF fps=1726.3 frameMs=0.58 phase(render=0.02 pad=0.03 present=0.44) renderLevel=4 fxScale=1.00 maxMsg=70 avg(draw=0 verts=0 im=0 vaD=0 vaC=0 qI=0 qE=0) max(draw=0 verts=0)
04-26 15:03:16.838 13583 13672 I MuMain  : PERF_SCENE world=-1 char(live=0 vis=0 ply=0 mon=0 npc=0 pet=0 prio=0 topMon=-1 x0) obj(live=0 vis=0 op=0 trap=0 topObj=-1 x0)
04-26 15:03:16.838 13583 13672 I MuMain  : PERF_BUCKET objMove(cand=0 upd=0 def=0 n=0 m=0 f=0) objRender(cand=0 draw=0 cull=0 n=0 m=0 f=0 visDraw=0 visDef=0) charMove(cand=0 upd=0 def=0 n=0 m=0 f=0) charRender(cand=0 draw=0 def=0 cull=0 n=0 m=0 f=0)
04-26 15:03:16.838 13583 13672 I MuMain  : PERF_TERRAIN world=-1 normal(block=0 tile=0) grass(block=0 tile=0) after(block=0 tile=0)
04-26 15:03:16.920   742   940 I HalDevMgr: bestIfaceCreationProposal is null, requestIface=STA, existingIface=[name=wlan0 type=STA]
04-26 15:03:16.927  1146  1303 D IpClient/wlan0: interfaceLinkStateChanged: ifindex 16 up
04-26 15:03:16.934  1146  1303 D IpClient/wlan0: interfaceLinkStateChanged: ifindex 16 up
04-26 15:03:17.361 12395 12408 I libbinder.IPCThreadState: oneway function results for code 2 on binder at 0x7414b3a515b0 will be dropped but finished with status UNKNOWN_TRANSACTION
04-26 15:03:17.397 12193 12193 D BoundBrokerSvc: onUnbind: Intent { act=com.google.android.gms.potokens.service.START dat=chimera-action:/... xflg=0x4 cmp=com.google.android.gms/.chimera.GmsApiService }
04-26 15:03:17.483 12125 12125 D BoundBrokerSvc: onUnbind: Intent { act=com.google.android.contextmanager.service.ContextManagerService.START xflg=0x4 pkg=com.google.android.gms }
04-26 15:03:17.840 13583 13672 I MuMain  : PERF fps=1719.5 frameMs=0.58 phase(render=0.02 pad=0.03 present=0.44) renderLevel=4 fxScale=1.00 maxMsg=70 avg(draw=0 verts=0 im=0 vaD=0 vaC=0 qI=0 qE=0) max(draw=0 verts=0)
04-26 15:03:17.840 13583 13672 I MuMain  : PERF_SCENE world=-1 char(live=0 vis=0 ply=0 mon=0 npc=0 pet=0 prio=0 topMon=-1 x0) obj(live=0 vis=0 op=0 trap=0 topObj=-1 x0)
04-26 15:03:17.840 13583 13672 I MuMain  : PERF_BUCKET objMove(cand=0 upd=0 def=0 n=0 m=0 f=0) objRender(cand=0 draw=0 cull=0 n=0 m=0 f=0 visDraw=0 visDef=0) charMove(cand=0 upd=0 def=0 n=0 m=0 f=0) charRender(cand=0 draw=0 def=0 cull=0 n=0 m=0 f=0)
04-26 15:03:17.840 13583 13672 I MuMain  : PERF_TERRAIN world=-1 normal(block=0 tile=0) grass(block=0 tile=0) after(block=0 tile=0)
04-26 15:03:18.584   742   946 D InetDiagMessage: Destroyed 0 sockets, proto=IPPROTO_TCP, family=AF_INET, states=14
04-26 15:03:18.584   742   946 D InetDiagMessage: Destroyed 0 sockets, proto=IPPROTO_TCP, family=AF_INET6, states=14
04-26 15:03:18.584   742   946 D InetDiagMessage: Destroyed live tcp sockets for uids={10226} in 1ms
04-26 15:03:18.585   742   946 D InetDiagMessage: Destroyed 0 sockets, proto=IPPROTO_TCP, family=AF_INET, states=14
04-26 15:03:18.585   742   946 D InetDiagMessage: Destroyed 0 sockets, proto=IPPROTO_TCP, family=AF_INET6, states=14
04-26 15:03:18.585   742   946 D InetDiagMessage: Destroyed live tcp sockets for uids={20226} in 1ms
04-26 15:03:18.842 13583 13672 I MuMain  : PERF fps=1501.8 frameMs=0.67 phase(render=0.03 pad=0.05 present=0.48) renderLevel=4 fxScale=1.00 maxMsg=70 avg(draw=0 verts=0 im=0 vaD=0 vaC=0 qI=0 qE=0) max(draw=0 verts=0)
04-26 15:03:18.842 13583 13672 I MuMain  : PERF_SCENE world=-1 char(live=0 vis=0 ply=0 mon=0 npc=0 pet=0 prio=0 topMon=-1 x0) obj(live=0 vis=0 op=0 trap=0 topObj=-1 x0)
04-26 15:03:18.842 13583 13672 I MuMain  : PERF_BUCKET objMove(cand=0 upd=0 def=0 n=0 m=0 f=0) objRender(cand=0 draw=0 cull=0 n=0 m=0 f=0 visDraw=0 visDef=0) charMove(cand=0 upd=0 def=0 n=0 m=0 f=0) charRender(cand=0 draw=0 def=0 cull=0 n=0 m=0 f=0)
04-26 15:03:18.842 13583 13672 I MuMain  : PERF_TERRAIN world=-1 normal(block=0 tile=0) grass(block=0 tile=0) after(block=0 tile=0)
04-26 15:03:19.843 13583 13672 I MuMain  : PERF fps=1501.6 frameMs=0.67 phase(render=0.02 pad=0.04 present=0.48) renderLevel=4 fxScale=1.00 maxMsg=70 avg(draw=0 verts=0 im=0 vaD=0 vaC=0 qI=0 qE=0) max(draw=0 verts=0)
04-26 15:03:19.843 13583 13672 I MuMain  : PERF_SCENE world=-1 char(live=0 vis=0 ply=0 mon=0 npc=0 pet=0 prio=0 topMon=-1 x0) obj(live=0 vis=0 op=0 trap=0 topObj=-1 x0)
04-26 15:03:19.843 13583 13672 I MuMain  : PERF_BUCKET objMove(cand=0 upd=0 def=0 n=0 m=0 f=0) objRender(cand=0 draw=0 cull=0 n=0 m=0 f=0 visDraw=0 visDef=0) charMove(cand=0 upd=0 def=0 n=0 m=0 f=0) charRender(cand=0 draw=0 def=0 cull=0 n=0 m=0 f=0)
04-26 15:03:19.843 13583 13672 I MuMain  : PERF_TERRAIN world=-1 normal(block=0 tile=0) grass(block=0 tile=0) after(block=0 tile=0)
04-26 15:03:19.929   742   940 I HalDevMgr: bestIfaceCreationProposal is null, requestIface=STA, existingIface=[name=wlan0 type=STA]
04-26 15:03:20.846 13583 13672 I MuMain  : PERF fps=1529.1 frameMs=0.65 phase(render=0.03 pad=0.04 present=0.46) renderLevel=4 fxScale=1.00 maxMsg=70 avg(draw=0 verts=0 im=0 vaD=0 vaC=0 qI=0 qE=0) max(draw=0 verts=0)
04-26 15:03:20.846 13583 13672 I MuMain  : PERF_SCENE world=-1 char(live=0 vis=0 ply=0 mon=0 npc=0 pet=0 prio=0 topMon=-1 x0) obj(live=0 vis=0 op=0 trap=0 topObj=-1 x0)
04-26 15:03:20.846 13583 13672 I MuMain  : PERF_BUCKET objMove(cand=0 upd=0 def=0 n=0 m=0 f=0) objRender(cand=0 draw=0 cull=0 n=0 m=0 f=0 visDraw=0 visDef=0) charMove(cand=0 upd=0 def=0 n=0 m=0 f=0) charRender(cand=0 draw=0 def=0 cull=0 n=0 m=0 f=0)
04-26 15:03:20.846 13583 13672 I MuMain  : PERF_TERRAIN world=-1 normal(block=0 tile=0) grass(block=0 tile=0) after(block=0 tile=0)
04-26 15:03:21.847 13583 13672 I MuMain  : PERF fps=1491.5 frameMs=0.67 phase(render=0.03 pad=0.05 present=0.49) renderLevel=4 fxScale=1.00 maxMsg=70 avg(draw=0 verts=0 im=0 vaD=0 vaC=0 qI=0 qE=0) max(draw=0 verts=0)
04-26 15:03:21.847 13583 13672 I MuMain  : PERF_SCENE world=-1 char(live=0 vis=0 ply=0 mon=0 npc=0 pet=0 prio=0 topMon=-1 x0) obj(live=0 vis=0 op=0 trap=0 topObj=-1 x0)
04-26 15:03:21.847 13583 13672 I MuMain  : PERF_BUCKET objMove(cand=0 upd=0 def=0 n=0 m=0 f=0) objRender(cand=0 draw=0 cull=0 n=0 m=0 f=0 visDraw=0 visDef=0) charMove(cand=0 upd=0 def=0 n=0 m=0 f=0) charRender(cand=0 draw=0 def=0 cull=0 n=0 m=0 f=0)
04-26 15:03:21.847 13583 13672 I MuMain  : PERF_TERRAIN world=-1 normal(block=0 tile=0) grass(block=0 tile=0) after(block=0 tile=0)
04-26 15:03:22.036  1196  1326 D SatelliteController: isInCarrierRoamingNbIotNtn: satellite is disabled
04-26 15:03:22.036  1196  1326 D SatelliteController: getCarrierRoamingNtnConnectType: Checking connect type from PLMN config for subId: 1
04-26 15:03:22.041  1196  1326 D SatelliteController: getSatellitePerPlmnConfiguration: invalid subId or not supported via carrier.
04-26 15:03:22.041  1196  1326 D SatelliteController: getCarrierRoamingNtnConnectType: config: null
04-26 15:03:22.042  1196  1326 D SatelliteController: getCarrierRoamingNtnConnectType: Falling back to global carrier config connect type: 0
04-26 15:03:22.042  1196  1326 D SatelliteController: updateLastNotifiedCarrierRoamingNtnSignalStrengthAndNotify(1)
04-26 15:03:22.042  1196  1326 D SatelliteController: updateLastNotifiedCarrierRoamingNtnSignalStrengthAndNotify(1) lastNotifiedSignalStrength level: 0
04-26 15:03:22.042  1196  1326 D SatelliteController: updateLastNotifiedCarrierRoamingNtnSignalStrengthAndNotify(1) currSignalStrength level: 0
04-26 15:03:22.185  1029  1029 I wpa_supplicant: wlan0: CTRL-EVENT-BEACON-LOSS 
04-26 15:03:22.848 13583 13672 I MuMain  : PERF fps=1097.3 frameMs=0.91 phase(render=0.03 pad=0.06 present=0.70) renderLevel=4 fxScale=1.00 maxMsg=70 avg(draw=0 verts=0 im=0 vaD=0 vaC=0 qI=0 qE=0) max(draw=0 verts=0)
04-26 15:03:22.848 13583 13672 I MuMain  : PERF_SCENE world=-1 char(live=0 vis=0 ply=0 mon=0 npc=0 pet=0 prio=0 topMon=-1 x0) obj(live=0 vis=0 op=0 trap=0 topObj=-1 x0)
04-26 15:03:22.848 13583 13672 I MuMain  : PERF_BUCKET objMove(cand=0 upd=0 def=0 n=0 m=0 f=0) objRender(cand=0 draw=0 cull=0 n=0 m=0 f=0 visDraw=0 visDef=0) charMove(cand=0 upd=0 def=0 n=0 m=0 f=0) charRender(cand=0 draw=0 def=0 cull=0 n=0 m=0 f=0)
04-26 15:03:22.848 13583 13672 I MuMain  : PERF_TERRAIN world=-1 normal(block=0 tile=0) grass(block=0 tile=0) after(block=0 tile=0)
04-26 15:03:22.871  3865  3873 I artd    : GetBestInfo: odex next to the dex file (/data/app/~~PqdBwR9WSFUNw4iaJMgoGg==/com.google.android.gms-95Dc1VeYXyONiCBDqz_lkA==/oat/x86_64/base.odex) is kOatUpToDate with filter 'speed-profile' executable 'false'
04-26 15:03:22.872  3865  3873 I artd    : GetBestInfo: dm (/data/app/~~PqdBwR9WSFUNw4iaJMgoGg==/com.google.android.gms-95Dc1VeYXyONiCBDqz_lkA==/split_AdsDynamite_installtime.dm) is kOatUpToDate with filter 'verify' executable 'false'
04-26 15:03:22.874  3865  3873 I artd    : GetBestInfo: dm (/data/app/~~PqdBwR9WSFUNw4iaJMgoGg==/com.google.android.gms-95Dc1VeYXyONiCBDqz_lkA==/split_CronetDynamite_installtime.dm) is kOatUpToDate with filter 'verify' executable 'false'
04-26 15:03:22.876  3865  3873 I artd    : GetBestInfo: dm (/data/app/~~PqdBwR9WSFUNw4iaJMgoGg==/com.google.android.gms-95Dc1VeYXyONiCBDqz_lkA==/split_DynamiteLoader_installtime.dm) is kOatUpToDate with filter 'verify' executable 'false'
04-26 15:03:22.879  3865  3873 I artd    : GetBestInfo: dm (/data/app/~~PqdBwR9WSFUNw4iaJMgoGg==/com.google.android.gms-95Dc1VeYXyONiCBDqz_lkA==/split_DynamiteModulesA_installtime.dm) is kOatUpToDate with filter 'verify' executable 'false'
04-26 15:03:22.881  3865  3873 I artd    : GetBestInfo: dm (/data/app/~~PqdBwR9WSFUNw4iaJMgoGg==/com.google.android.gms-95Dc1VeYXyONiCBDqz_lkA==/split_DynamiteModulesC_installtime.dm) is kOatUpToDate with filter 'verify' executable 'false'
04-26 15:03:22.883  3865  3873 I artd    : GetBestInfo: dm (/data/app/~~PqdBwR9WSFUNw4iaJMgoGg==/com.google.android.gms-95Dc1VeYXyONiCBDqz_lkA==/split_GoogleCertificates_installtime.dm) is kOatUpToDate with filter 'verify' executable 'false'
04-26 15:03:22.886  3865  3873 I artd    : GetBestInfo: dm (/data/app/~~PqdBwR9WSFUNw4iaJMgoGg==/com.google.android.gms-95Dc1VeYXyONiCBDqz_lkA==/split_MapsDynamite_installtime.dm) is kOatUpToDate with filter 'verify' executable 'false'
04-26 15:03:22.888  3865  3873 I artd    : GetBestInfo: dm (/data/app/~~PqdBwR9WSFUNw4iaJMgoGg==/com.google.android.gms-95Dc1VeYXyONiCBDqz_lkA==/split_MeasurementDynamite_installtime.dm) is kOatUpToDate with filter 'verify' executable 'false'
04-26 15:03:22.891  3865  3873 I artd    : GetBestInfo: dm (/data/app/~~PqdBwR9WSFUNw4iaJMgoGg==/com.google.android.gms-95Dc1VeYXyONiCBDqz_lkA==/split_all_locale_splits.dm) is kOatUpToDate with filter 'verify' executable 'false'
04-26 15:03:22.892  3865  3873 I artd    : GetBestInfo: /data/user_de/0/com.google.android.gms/app_chimera/m/0000000a/dl-TfliteDynamiteDynamite.integ_252130102100800.apk has no usable artifacts
04-26 15:03:22.893  3865  3873 I artd    : GetBestInfo: /data/user_de/0/com.google.android.gms/app_chimera/m/00000001/CronetDynamite.apk has no usable artifacts
04-26 15:03:22.894  3865  3873 I artd    : GetBestInfo: /data/user_de/0/com.google.android.gms/app_chimera/m/00000016/dl-MlkitOcrCommon.optional_261332100800.apk has no usable artifacts
04-26 15:03:22.895  3865  3873 I artd    : GetBestInfo: /data/user_de/0/com.google.android.gms/app_chimera/m/00000002/DynamiteLoader.apk has no usable artifacts
04-26 15:03:22.897  3865  3873 I artd    : GetBestInfo: /data/user_de/0/com.google.android.gms/app_chimera/m/0000000e/dl-MlkitBarcodeUi.optional_260235100800.apk has no usable artifacts
04-26 15:03:22.898  3865  3873 I artd    : GetBestInfo: /data/user_de/0/com.google.android.gms/app_chimera/m/00000013/dl-Appsearch.optional_261332100800.apk has no usable artifacts
04-26 15:03:22.899  3865  3873 I artd    : GetBestInfo: /data/user_de/0/com.google.android.gms/app_chimera/m/00000005/GoogleCertificates.apk has no usable artifacts
04-26 15:03:22.900  3865  3873 I artd    : GetBestInfo: /data/user_de/0/com.google.android.gms/app_chimera/m/00000012/dl-PlayCloudSearch.optional_261332100000.apk has no usable artifacts
04-26 15:03:22.903  3865  3873 I artd    : GetBestInfo: vdex next to the dex file (/data/user/0/com.google.android.gms/app_dg_cache/B3ED91DEC21F0EB5284BE10D982ABEAAC45F5C48/oat/x86_64/the.vdex) is kOatUpToDate with filter 'verify' executable 'false'
04-26 15:03:22.905  3865  3873 I artd    : GetBestInfo: /data/user_de/0/com.google.android.gms/app_chimera/m/0000000f/dl-PlayCloudSearch.optional_260235100000.apk has no usable artifacts
04-26 15:03:22.906  3865  3873 I artd    : GetBestInfo: /data/user_de/0/com.google.android.gms/app_chimera/m/00000008/dl-VisionOcr.optional_260235100000.apk has no usable artifacts
04-26 15:03:22.908  3865  3873 I artd    : GetBestInfo: /data/user_de/0/com.google.android.gms/app_chimera/m/0000000b/dl-Appsearch.optional_260235100800.apk has no usable artifacts
04-26 15:03:22.910  3865  3873 I artd    : GetBestInfo: /data/user_de/0/com.google.android.gms/app_chimera/m/00000011/dl-VisionOcr.optional_261332100000.apk has no usable artifacts
04-26 15:03:22.912  3865  3873 I artd    : GetBestInfo: /data/user_de/0/com.google.android.gms/app_chimera/m/00000015/dl-MlkitBarcodeUi.optional_261332100800.apk has no usable artifacts
04-26 15:03:22.915  3865  3873 I artd    : GetBestInfo: /data/user_de/0/com.google.android.gms/app_chimera/m/00000009/dl-MlkitOcrCommon.optional_260235100800.apk has no usable artifacts
04-26 15:03:22.917  3865  3873 I artd    : GetBestInfo: vdex next to the dex file (/data/user/0/com.google.android.gms/app_dg_cache/CE973E4DE823F0AA69070767A9FABB590DDD455C/oat/x86_64/the.vdex) is kOatUpToDate with filter 'verify' executable 'false'
04-26 15:03:22.918  3865  3873 I artd    : GetBestInfo: /data/user_de/0/com.google.android.gms/app_chimera/m/00000007/MeasurementDynamite.apk has no usable artifacts
04-26 15:03:22.939   742   940 I HalDevMgr: bestIfaceCreationProposal is null, requestIface=STA, existingIface=[name=wlan0 type=STA]
04-26 15:03:22.952  1146  1303 D IpClient/wlan0: interfaceLinkStateChanged: ifindex 16 up
04-26 15:03:22.960  1146  1303 D IpClient/wlan0: interfaceLinkStateChanged: ifindex 16 up
04-26 15:03:22.960  1146  1303 D IpClient/wlan0: interfaceLinkStateChanged: ifindex 16 up
04-26 15:03:23.159   548   654 D AF::Track: interceptBuffer: took 1719us to intercept 0 tracks
04-26 15:03:23.448   742   877 D ActivityManager: freezing 13029 com.android.vending:background
04-26 15:03:23.558   742   877 D ActivityManager: freezing 12395 com.android.vending
04-26 15:03:23.564   742   946 D InetDiagMessage: Destroyed 0 sockets, proto=IPPROTO_TCP, family=AF_INET, states=14
04-26 15:03:23.566   742   946 D InetDiagMessage: Destroyed 2 sockets, proto=IPPROTO_TCP, family=AF_INET6, states=14
04-26 15:03:23.567   742   946 D InetDiagMessage: Destroyed live tcp sockets for uids={10154} in 5ms
04-26 15:03:23.682   742   877 D ActivityManager: freezing 12219 com.google.android.ext.services
04-26 15:03:23.684   742   946 D InetDiagMessage: Destroyed 0 sockets, proto=IPPROTO_TCP, family=AF_INET, states=14
04-26 15:03:23.685   742   946 D InetDiagMessage: Destroyed 0 sockets, proto=IPPROTO_TCP, family=AF_INET6, states=14
04-26 15:03:23.685   742   946 D InetDiagMessage: Destroyed live tcp sockets for uids={10226} in 1ms
04-26 15:03:23.850 13583 13672 I MuMain  : PERF fps=1135.9 frameMs=0.88 phase(render=0.03 pad=0.04 present=0.68) renderLevel=4 fxScale=1.00 maxMsg=70 avg(draw=0 verts=0 im=0 vaD=0 vaC=0 qI=0 qE=0) max(draw=0 verts=0)
04-26 15:03:23.850 13583 13672 I MuMain  : PERF_SCENE world=-1 char(live=0 vis=0 ply=0 mon=0 npc=0 pet=0 prio=0 topMon=-1 x0) obj(live=0 vis=0 op=0 trap=0 topObj=-1 x0)
04-26 15:03:23.850 13583 13672 I MuMain  : PERF_BUCKET objMove(cand=0 upd=0 def=0 n=0 m=0 f=0) objRender(cand=0 draw=0 cull=0 n=0 m=0 f=0 visDraw=0 visDef=0) charMove(cand=0 upd=0 def=0 n=0 m=0 f=0) charRender(cand=0 draw=0 def=0 cull=0 n=0 m=0 f=0)
04-26 15:03:23.850 13583 13672 I MuMain  : PERF_TERRAIN world=-1 normal(block=0 tile=0) grass(block=0 tile=0) after(block=0 tile=0)
04-26 15:03:24.851 13583 13672 I MuMain  : PERF fps=1597.6 frameMs=0.63 phase(render=0.02 pad=0.04 present=0.44) renderLevel=4 fxScale=1.00 maxMsg=70 avg(draw=0 verts=0 im=0 vaD=0 vaC=0 qI=0 qE=0) max(draw=0 verts=0)
04-26 15:03:24.851 13583 13672 I MuMain  : PERF_SCENE world=-1 char(live=0 vis=0 ply=0 mon=0 npc=0 pet=0 prio=0 topMon=-1 x0) obj(live=0 vis=0 op=0 trap=0 topObj=-1 x0)
04-26 15:03:24.851 13583 13672 I MuMain  : PERF_BUCKET objMove(cand=0 upd=0 def=0 n=0 m=0 f=0) objRender(cand=0 draw=0 cull=0 n=0 m=0 f=0 visDraw=0 visDef=0) charMove(cand=0 upd=0 def=0 n=0 m=0 f=0) charRender(cand=0 draw=0 def=0 cull=0 n=0 m=0 f=0)
04-26 15:03:24.851 13583 13672 I MuMain  : PERF_TERRAIN world=-1 normal(block=0 tile=0) grass(block=0 tile=0) after(block=0 tile=0)
04-26 15:03:25.842   742   946 D InetDiagMessage: Destroyed 0 sockets, proto=IPPROTO_TCP, family=AF_INET, states=14
04-26 15:03:25.843   742   946 D InetDiagMessage: Destroyed 0 sockets, proto=IPPROTO_TCP, family=AF_INET6, states=14
04-26 15:03:25.843   742   946 D InetDiagMessage: Destroyed live tcp sockets for uids={10160} in 1ms
04-26 15:03:25.843   742   946 D InetDiagMessage: Destroyed 0 sockets, proto=IPPROTO_TCP, family=AF_INET, states=14
04-26 15:03:25.844   742   946 D InetDiagMessage: Destroyed 0 sockets, proto=IPPROTO_TCP, family=AF_INET6, states=14
04-26 15:03:25.844   742   946 D InetDiagMessage: Destroyed live tcp sockets for uids={20160} in 1ms
04-26 15:03:25.852 13583 13672 I MuMain  : PERF fps=1599.8 frameMs=0.63 phase(render=0.02 pad=0.03 present=0.45) renderLevel=4 fxScale=1.00 maxMsg=70 avg(draw=0 verts=0 im=0 vaD=0 vaC=0 qI=0 qE=0) max(draw=0 verts=0)
04-26 15:03:25.852 13583 13672 I MuMain  : PERF_SCENE world=-1 char(live=0 vis=0 ply=0 mon=0 npc=0 pet=0 prio=0 topMon=-1 x0) obj(live=0 vis=0 op=0 trap=0 topObj=-1 x0)
04-26 15:03:25.852 13583 13672 I MuMain  : PERF_BUCKET objMove(cand=0 upd=0 def=0 n=0 m=0 f=0) objRender(cand=0 draw=0 cull=0 n=0 m=0 f=0 visDraw=0 visDef=0) charMove(cand=0 upd=0 def=0 n=0 m=0 f=0) charRender(cand=0 draw=0 def=0 cull=0 n=0 m=0 f=0)
04-26 15:03:25.852 13583 13672 I MuMain  : PERF_TERRAIN world=-1 normal(block=0 tile=0) grass(block=0 tile=0) after(block=0 tile=0)
04-26 15:03:25.949   742   940 I HalDevMgr: bestIfaceCreationProposal is null, requestIface=STA, existingIface=[name=wlan0 type=STA]
04-26 15:03:26.854 13583 13672 I MuMain  : PERF fps=1554.8 frameMs=0.64 phase(render=0.02 pad=0.04 present=0.46) renderLevel=4 fxScale=1.00 maxMsg=70 avg(draw=0 verts=0 im=0 vaD=0 vaC=0 qI=0 qE=0) max(draw=0 verts=0)
04-26 15:03:26.854 13583 13672 I MuMain  : PERF_SCENE world=-1 char(live=0 vis=0 ply=0 mon=0 npc=0 pet=0 prio=0 topMon=-1 x0) obj(live=0 vis=0 op=0 trap=0 topObj=-1 x0)
04-26 15:03:26.854 13583 13672 I MuMain  : PERF_BUCKET objMove(cand=0 upd=0 def=0 n=0 m=0 f=0) objRender(cand=0 draw=0 cull=0 n=0 m=0 f=0 visDraw=0 visDef=0) charMove(cand=0 upd=0 def=0 n=0 m=0 f=0) charRender(cand=0 draw=0 def=0 cull=0 n=0 m=0 f=0)
04-26 15:03:26.854 13583 13672 I MuMain  : PERF_TERRAIN world=-1 normal(block=0 tile=0) grass(block=0 tile=0) after(block=0 tile=0)
04-26 15:03:27.854 13583 13672 I MuMain  : PERF fps=1595.6 frameMs=0.63 phase(render=0.02 pad=0.03 present=0.45) renderLevel=4 fxScale=1.00 maxMsg=70 avg(draw=0 verts=0 im=0 vaD=0 vaC=0 qI=0 qE=0) max(draw=0 verts=0)
04-26 15:03:27.854 13583 13672 I MuMain  : PERF_SCENE world=-1 char(live=0 vis=0 ply=0 mon=0 npc=0 pet=0 prio=0 topMon=-1 x0) obj(live=0 vis=0 op=0 trap=0 topObj=-1 x0)
04-26 15:03:27.854 13583 13672 I MuMain  : PERF_BUCKET objMove(cand=0 upd=0 def=0 n=0 m=0 f=0) objRender(cand=0 draw=0 cull=0 n=0 m=0 f=0 visDraw=0 visDef=0) charMove(cand=0 upd=0 def=0 n=0 m=0 f=0) charRender(cand=0 draw=0 def=0 cull=0 n=0 m=0 f=0)
04-26 15:03:27.855 13583 13672 I MuMain  : PERF_TERRAIN world=-1 normal(block=0 tile=0) grass(block=0 tile=0) after(block=0 tile=0)
04-26 15:03:28.856 13583 13672 I MuMain  : PERF fps=1596.6 frameMs=0.63 phase(render=0.02 pad=0.04 present=0.44) renderLevel=4 fxScale=1.00 maxMsg=70 avg(draw=0 verts=0 im=0 vaD=0 vaC=0 qI=0 qE=0) max(draw=0 verts=0)
04-26 15:03:28.856 13583 13672 I MuMain  : PERF_SCENE world=-1 char(live=0 vis=0 ply=0 mon=0 npc=0 pet=0 prio=0 topMon=-1 x0) obj(live=0 vis=0 op=0 trap=0 topObj=-1 x0)
04-26 15:03:28.856 13583 13672 I MuMain  : PERF_BUCKET objMove(cand=0 upd=0 def=0 n=0 m=0 f=0) objRender(cand=0 draw=0 cull=0 n=0 m=0 f=0 visDraw=0 visDef=0) charMove(cand=0 upd=0 def=0 n=0 m=0 f=0) charRender(cand=0 draw=0 def=0 cull=0 n=0 m=0 f=0)
04-26 15:03:28.856 13583 13672 I MuMain  : PERF_TERRAIN world=-1 normal(block=0 tile=0) grass(block=0 tile=0) after(block=0 tile=0)
04-26 15:03:28.958   742   940 I HalDevMgr: bestIfaceCreationProposal is null, requestIface=STA, existingIface=[name=wlan0 type=STA]
04-26 15:03:28.966  1146  1303 D IpClient/wlan0: interfaceLinkStateChanged: ifindex 16 up
04-26 15:03:28.971  1146  1303 D IpClient/wlan0: interfaceLinkStateChanged: ifindex 16 up
04-26 15:03:29.358 12125 12125 D BoundBrokerSvc: onUnbind: Intent { act=com.google.android.gms.libs.gmscorelogger.service.START dat=chimera-action:/... xflg=0x4 cmp=com.google.android.gms/.chimera.PersistentDirectBootAwareApiService }
04-26 15:03:29.359 12193 12193 D BoundBrokerSvc: onUnbind: Intent { act=com.google.android.gms.feedback.internal.IFeedbackService dat=chimera-action:/... xflg=0x4 cmp=com.google.android.gms/.chimera.GmsBoundBrokerService }
04-26 15:03:29.838 12125 12125 D BoundBrokerSvc: onUnbind: Intent { act=com.google.android.gms.icing.LIGHTWEIGHT_INDEX_SERVICE dat=chimera-action:/... xflg=0x4 cmp=com.google.android.gms/.chimera.PersistentApiService }
04-26 15:03:29.857 13583 13672 I MuMain  : PERF fps=1590.4 frameMs=0.63 phase(render=0.02 pad=0.03 present=0.45) renderLevel=4 fxScale=1.00 maxMsg=70 avg(draw=0 verts=0 im=0 vaD=0 vaC=0 qI=0 qE=0) max(draw=0 verts=0)
04-26 15:03:29.857 13583 13672 I MuMain  : PERF_SCENE world=-1 char(live=0 vis=0 ply=0 mon=0 npc=0 pet=0 prio=0 topMon=-1 x0) obj(live=0 vis=0 op=0 trap=0 topObj=-1 x0)
04-26 15:03:29.857 13583 13672 I MuMain  : PERF_BUCKET objMove(cand=0 upd=0 def=0 n=0 m=0 f=0) objRender(cand=0 draw=0 cull=0 n=0 m=0 f=0 visDraw=0 visDef=0) charMove(cand=0 upd=0 def=0 n=0 m=0 f=0) charRender(cand=0 draw=0 def=0 cull=0 n=0 m=0 f=0)
04-26 15:03:29.857 13583 13672 I MuMain  : PERF_TERRAIN world=-1 normal(block=0 tile=0) grass(block=0 tile=0) after(block=0 tile=0)
04-26 15:03:30.121  1029  1029 I wpa_supplicant: wlan0: CTRL-EVENT-BEACON-LOSS 
04-26 15:03:30.858 13583 13672 I MuMain  : PERF fps=1606.0 frameMs=0.62 phase(render=0.02 pad=0.03 present=0.44) renderLevel=4 fxScale=1.00 maxMsg=70 avg(draw=0 verts=0 im=0 vaD=0 vaC=0 qI=0 qE=0) max(draw=0 verts=0)
04-26 15:03:30.858 13583 13672 I MuMain  : PERF_SCENE world=-1 char(live=0 vis=0 ply=0 mon=0 npc=0 pet=0 prio=0 topMon=-1 x0) obj(live=0 vis=0 op=0 trap=0 topObj=-1 x0)
04-26 15:03:30.858 13583 13672 I MuMain  : PERF_BUCKET objMove(cand=0 upd=0 def=0 n=0 m=0 f=0) objRender(cand=0 draw=0 cull=0 n=0 m=0 f=0 visDraw=0 visDef=0) charMove(cand=0 upd=0 def=0 n=0 m=0 f=0) charRender(cand=0 draw=0 def=0 cull=0 n=0 m=0 f=0)
04-26 15:03:30.858 13583 13672 I MuMain  : PERF_TERRAIN world=-1 normal(block=0 tile=0) grass(block=0 tile=0) after(block=0 tile=0)
