04-26 15:03:13.815  1053  1107 V WindowManagerShell: onTransitionReady (#181) android.os.BinderProxy@d583e6b: {id=181 t=CHANGE f=0x0 trk=0 r=[] c=[]}
04-26 15:03:13.816  1053  1107 V WindowManagerShell: No transition roots in (#181) android.os.BinderProxy@d583e6b@0 so abort
04-26 15:03:13.820   509 12908 D android.hardware.audio@7.1-impl.ranchu: 544 frames of silence written
04-26 15:03:13.829  1053  1107 V WindowManagerShell: Transition animation finished (aborted=true), notifying core (#181) android.os.BinderProxy@d583e6b@0
04-26 15:03:13.831   509 12908 D android.hardware.audio@7.1-impl.ranchu: 544 frames of silence written
04-26 15:03:13.837   742   779 V WindowManager: Finish Transition (#181): created at 04-26 15:03:13.722 collect-started=0.06ms started=0.096ms ready=0.154ms sent=1.64ms finished=114.151ms
04-26 15:03:13.837 12126 12126 D PerDisplayTaskbarResource: onDisplayInfoChanged: Rotation changed displayId=0
04-26 15:03:13.837 12126 12126 D PerDisplayTaskbarResource: recreateTaskbarForDisplay displayId=0
04-26 15:03:13.837 12126 12126 D PerDisplayTaskbarResource: recreateTaskbarForDisplay: getting device profile displayId=0
04-26 15:03:13.837 12126 12126 D PerDisplayTaskbarResource: recreateTaskbarForDisplay: destroying taskbar displayId=0
04-26 15:03:13.837 12126 12126 D PerDisplayTaskbarResource: destroyTaskbarForDisplay displayId=0
04-26 15:03:13.837  1053  1107 V WindowManagerShell: Track 0 became idle
04-26 15:03:13.838  1053  1107 V WindowManagerShell: All active transition animations finished
04-26 15:03:13.838 12126 12126 D CueBarController: CuebarController destroy
04-26 15:03:13.839 12126 12126 D TaskbarOverlayController: onDestroy: 	at com.android.launcher3.taskbar.PerDisplayTaskbarResource.destroyTaskbarForDisplay(go/retraceme 7226a759aa2bb3787a79806f85d80eaad84f1f1e15acd6db988f2df789d1680d:455)
04-26 15:03:13.839 12126 12126 D TaskbarOverlayController: 	at com.android.launcher3.taskbar.TaskbarManagerImpl.recreateTaskbarForDisplay(go/retraceme 7226a759aa2bb3787a79806f85d80eaad84f1f1e15acd6db988f2df789d1680d:125)
04-26 15:03:13.839 12126 12126 D TaskbarOverlayController: 	at com.android.launcher3.taskbar.TaskbarManagerImpl$$ExternalSyntheticLambda29.accept(go/retraceme 7226a759aa2bb3787a79806f85d80eaad84f1f1e15acd6db988f2df789d1680d:76)
04-26 15:03:13.839 12126 12126 D TaskbarOverlayController: onDestroy: Was window already present? false
04-26 15:03:13.839 12126 12126 D PerDisplayTaskbarResource: recreateTaskbarForDisplay: isTaskbarEnabled=true [dp != null]=true mUserUnlocked=true dp.isTaskbarPresent=false isTaskbarEnabled=true displayExists=true displayId=0
04-26 15:03:13.839 12126 12126 D PerDisplayTaskbarResource: recreateTaskbarForDisplay: creating taskbar displayId=0
04-26 15:03:13.840 12653 12653 I GoogleInputMethodService: GoogleInputMethodService.onStartInput():1384 onStartInput(EditorInfo{EditorInfo{packageName=com.google.android.apps.nexuslauncher, inputType=0, inputTypeString=NULL, enableLearning=false, autoCorrection=false, autoComplete=false, imeOptions=0, privateImeOptions=null, actionName=UNSPECIFIED, actionLabel=null, initialSelStart=-1, initialSelEnd=-1, initialCapsMode=0, label=null, fieldId=0, fieldName=null, extras=null, hintText=null, hintLocales=[]}}, true)
04-26 15:03:13.840 12653 12653 W SessionManager: SessionManager.beginSession():53 Try to begin an already begun session [INPUT_SESSION], end it first
04-26 15:03:13.842   509 12908 D android.hardware.audio@7.1-impl.ranchu: 544 frames of silence written
04-26 15:03:13.842 12653 12653 W AndroidIME: LatinIMEBase.updateInputViewCoverNavigation():319 Null input view, cannot update padding!
04-26 15:03:13.844 12653 12653 I Module  : DeviceLockedStatusModuleProvider$Module.updateDeviceLockedStatus():103 repeatCheckTimes = 1, locked = false
04-26 15:03:13.848 13029 13122 W PlayCommon: [92] No account for auth token provided
04-26 15:03:13.848 13029 13122 I PlayCommon: [92] Connecting to server: https://play.googleapis.com/play/log?format=raw&proto_v2=true
04-26 15:03:13.851 12653 12653 I HandwritingOfflineSuperpacks: HandwritingOfflineSuperpacks.syncInternal():80 no bundled lm for handwriting.
04-26 15:03:13.851 12653 12653 I HandwritingSuperpacks: HandwritingSuperpacks.register():265 register(): version '94', url 'https://dl.google.com/handwriting/models/handwriting_release.superpack_manifest.20260206.json' [ONLINE]
04-26 15:03:13.853   742  1742 I WindowManager: finishDrawing of orientation change: Window{92ba927 u0 StatusBar} 193ms
04-26 15:03:13.853 12395 12960 W PlayCommon: [84] No account for auth token provided
04-26 15:03:13.853 12395 12960 I PlayCommon: [84] Connecting to server: https://play.googleapis.com/play/log?format=raw&proto_v2=true
04-26 15:03:13.854   509 12908 D android.hardware.audio@7.1-impl.ranchu: 544 frames of silence written
04-26 15:03:13.862 12653 12653 I KeyboardInterfacePrivate: IKeyboard.createKeyboard():67 Keyboard created from HiltKeyboardFactory: com.google.android.apps.inputmethod.latin.keyboard.LatinPrimeKeyboard
04-26 15:03:13.863 12126 12126 W AmbientCueRepository: spoonBarOptedIn not found, default to enabled
04-26 15:03:13.863 12126 12126 W AmbientCueRepository: android.provider.Settings$SettingNotFoundException: spoonBarOptedIn
04-26 15:03:13.863 12126 12126 W AmbientCueRepository: 	at android.provider.Settings.parseIntSetting(Settings.java:4348)
04-26 15:03:13.863 12126 12126 W AmbientCueRepository: 	at android.provider.Settings.-$$Nest$smparseIntSetting(Settings.java:0)
04-26 15:03:13.863 12126 12126 W AmbientCueRepository: 	at android.provider.Settings$Secure.getIntForUser(Settings.java:7792)
04-26 15:03:13.863 12126 12126 W AmbientCueRepository: 	at android.provider.Settings$Secure.getInt(Settings.java:7784)
04-26 15:03:13.863 12126 12126 W AmbientCueRepository: 	at com.android.quickstep.cuebar.data.repository.AmbientCueRepositoryImpl.isAmbientCueSettingEnabled(go/retraceme 7226a759aa2bb3787a79806f85d80eaad84f1f1e15acd6db988f2df789d1680d:9)
04-26 15:03:13.863 12126 12126 W AmbientCueRepository: 	at com.android.quickstep.cuebar.data.repository.AmbientCueRepositoryImpl.<init>(go/retraceme 7226a759aa2bb3787a79806f85d80eaad84f1f1e15acd6db988f2df789d1680d:144)
04-26 15:03:13.863 12126 12126 W AmbientCueRepository: 	at com.android.launcher3.taskbar.CueBarController.<init>(go/retraceme 7226a759aa2bb3787a79806f85d80eaad84f1f1e15acd6db988f2df789d1680d:31)
04-26 15:03:13.863 12126 12126 W AmbientCueRepository: 	at com.android.launcher3.taskbar.TaskbarActivityContext.<init>(go/retraceme 7226a759aa2bb3787a79806f85d80eaad84f1f1e15acd6db988f2df789d1680d:3648)
04-26 15:03:13.863 12126 12126 W AmbientCueRepository: 	at com.android.launcher3.taskbar.TaskbarManagerImpl.createTaskbarActivityContext(go/retraceme 7226a759aa2bb3787a79806f85d80eaad84f1f1e15acd6db988f2df789d1680d:59)
04-26 15:03:13.863 12126 12126 W AmbientCueRepository: 	at com.android.launcher3.taskbar.TaskbarManagerImpl.recreateTaskbarForDisplay(go/retraceme 7226a759aa2bb3787a79806f85d80eaad84f1f1e15acd6db988f2df789d1680d:248)
04-26 15:03:13.863 12126 12126 W AmbientCueRepository: 	at com.android.launcher3.taskbar.TaskbarManagerImpl$$ExternalSyntheticLambda29.accept(go/retraceme 7226a759aa2bb3787a79806f85d80eaad84f1f1e15acd6db988f2df789d1680d:76)
04-26 15:03:13.863 12126 12126 W AmbientCueRepository: 	at com.android.launcher3.taskbar.PerDisplayTaskbarResource$setDisplayChangeListener$1.accept(go/retraceme 7226a759aa2bb3787a79806f85d80eaad84f1f1e15acd6db988f2df789d1680d:74)
04-26 15:03:13.863 12126 12126 W AmbientCueRepository: 	at com.android.launcher3.util.ListenableDiffAwareRef$$ExternalSyntheticLambda0.invoke(go/retraceme 7226a759aa2bb3787a79806f85d80eaad84f1f1e15acd6db988f2df789d1680d:8)
04-26 15:03:13.863 12126 12126 W AmbientCueRepository: 	at com.android.launcher3.util.MutableListenableStream$dispatchValue$1$1.run(go/retraceme 7226a759aa2bb3787a79806f85d80eaad84f1f1e15acd6db988f2df789d1680d:20)
04-26 15:03:13.863 12126 12126 W AmbientCueRepository: 	at com.android.launcher3.util.LooperExecutor.execute(go/retraceme 7226a759aa2bb3787a79806f85d80eaad84f1f1e15acd6db988f2df789d1680d:16)
04-26 15:03:13.863 12126 12126 W AmbientCueRepository: 	at com.android.launcher3.util.MutableListenableStream.dispatchValue(go/retraceme 7226a759aa2bb3787a79806f85d80eaad84f1f1e15acd6db988f2df789d1680d:52)
04-26 15:03:13.863 12126 12126 W AmbientCueRepository: 	at com.android.launcher3.display.DisplayInfoContainer.notifyConfigChange(go/retraceme 7226a759aa2bb3787a79806f85d80eaad84f1f1e15acd6db988f2df789d1680d:168)
04-26 15:03:13.863 12126 12126 W AmbientCueRepository: 	at com.android.launcher3.display.DisplayInfoContainer.onConfigurationChanged(go/retraceme 7226a759aa2bb3787a79806f85d80eaad84f1f1e15acd6db988f2df789d1680d:90)
04-26 15:03:13.863 12126 12126 W AmbientCueRepository: 	at android.content.ComponentCallbacksController.lambda$dispatchConfigurationChanged$0(ComponentCallbacksController.java:92)
04-26 15:03:13.863 12126 12126 W AmbientCueRepository: 	at android.content.ComponentCallbacksController$$ExternalSyntheticLambda2.accept(D8$$SyntheticClass:0)
04-26 15:03:13.863 12126 12126 W AmbientCueRepository: 	at android.content.ComponentCallbacksController.forAllComponentCallbacks(ComponentCallbacksController.java:125)
04-26 15:03:13.863 12126 12126 W AmbientCueRepository: 	at android.content.ComponentCallbacksController.dispatchConfigurationChanged(ComponentCallbacksController.java:92)
04-26 15:03:13.863 12126 12126 W AmbientCueRepository: 	at android.window.WindowContext.dispatchConfigurationChanged(WindowContext.java:281)
04-26 15:03:13.863 12126 12126 W AmbientCueRepository: 	at android.window.WindowTokenClient.onConfigurationChangedInner(WindowTokenClient.java:212)
04-26 15:03:13.863 12126 12126 W AmbientCueRepository: 	at android.window.WindowTokenClient.onConfigurationChanged(WindowTokenClient.java:158)
04-26 15:03:13.863 12126 12126 W AmbientCueRepository: 	at android.window.WindowTokenClient.onConfigurationChanged(WindowTokenClient.java:114)
04-26 15:03:13.863 12126 12126 W AmbientCueRepository: 	at android.window.WindowTokenClientController.onWindowContextInfoChanged(WindowTokenClientController.java:249)
04-26 15:03:13.863 12126 12126 W AmbientCueRepository: 	at android.app.ActivityThread.handleWindowContextInfoChanged(ActivityThread.java:7289)
04-26 15:03:13.863 12126 12126 W AmbientCueRepository: 	at android.app.servertransaction.WindowContextInfoChangeItem.execute(WindowContextInfoChangeItem.java:53)
04-26 15:03:13.863 12126 12126 W AmbientCueRepository: 	at android.app.servertransaction.TransactionExecutor.executeNonLifecycleItem(TransactionExecutor.java:133)
04-26 15:03:13.863 12126 12126 W AmbientCueRepository: 	at android.app.servertransaction.TransactionExecutor.executeTransactionItems(TransactionExecutor.java:103)
04-26 15:03:13.863 12126 12126 W AmbientCueRepository: 	at android.app.servertransaction.TransactionExecutor.execute(TransactionExecutor.java:80)
04-26 15:03:13.863 12126 12126 W AmbientCueRepository: 	at android.app.ActivityThread$H.handleMessage(ActivityThread.java:3024)
04-26 15:03:13.863 12126 12126 W AmbientCueRepository: 	at android.os.Handler.dispatchMessageImpl(Handler.java:142)
04-26 15:03:13.863 12126 12126 W AmbientCueRepository: 	at android.os.Handler.dispatchMessage(Handler.java:125)
04-26 15:03:13.863 12126 12126 W AmbientCueRepository: 	at android.os.Looper.loopOnce(Looper.java:292)
04-26 15:03:13.863 12126 12126 W AmbientCueRepository: 	at android.os.Looper.loop(Looper.java:393)
04-26 15:03:13.863 12126 12126 W AmbientCueRepository: 	at android.app.ActivityThread.main(ActivityThread.java:9486)
04-26 15:03:13.863 12126 12126 W AmbientCueRepository: 	at java.lang.reflect.Method.invoke(Native Method)
04-26 15:03:13.863 12126 12126 W AmbientCueRepository: 	at com.android.internal.os.RuntimeInit$MethodAndArgsCaller.run(RuntimeInit.java:575)
04-26 15:03:13.863 12126 12126 W AmbientCueRepository: 	at com.android.internal.os.ZygoteInit.main(ZygoteInit.java:939)
04-26 15:03:13.865   509 12908 D android.hardware.audio@7.1-impl.ranchu: 544 frames of silence written
04-26 15:03:13.866 12126 12126 D LauncherAmbientCueVM: onUnfilteredActionsChange: []
04-26 15:03:13.869 12126 12126 D AmbientCueRepository: connectToAce: connecting TO ACE and registering
04-26 15:03:13.871   742  2024 W PackageConfigPersister: App-specific configuration not found for packageName: com.google.android.apps.nexuslauncher and userId: 0
04-26 15:03:13.874   509 12908 D android.hardware.audio@7.1-impl.ranchu: 544 frames of silence written
04-26 15:03:13.877 12126 12126 D AllAppsStore: setApps: apps.length=21
04-26 15:03:13.877 12126 12126 D AllAppsStore: notifyUpdate: notifying listeners
04-26 15:03:13.879 12126 12126 D AlphabeticIndexCompat: computeSectionName: cs: Settings sectionName: S
04-26 15:03:13.879 12126 12126 D AlphabeticIndexCompat: computeSectionName: cs: Photos sectionName: P
04-26 15:03:13.880 12126 12126 D AlphabeticIndexCompat: computeSectionName: cs: Battery sectionName: B
04-26 15:03:13.880 12126 12126 D AlphabeticIndexCompat: computeSectionName: cs: Chrome sectionName: C
04-26 15:03:13.881 12126 12126 D AlphabeticIndexCompat: computeSectionName: cs: Gmail sectionName: G
04-26 15:03:13.881 12126 12126 D AlphabeticIndexCompat: computeSectionName: cs: Drive sectionName: D
04-26 15:03:13.881 12126 12126 D AlphabeticIndexCompat: computeSectionName: cs: Clock sectionName: C
04-26 15:03:13.881 12126 12126 D AlphabeticIndexCompat: computeSectionName: cs: Contacts sectionName: C
04-26 15:03:13.882 12126 12126 D AlphabeticIndexCompat: computeSectionName: cs: Calendar sectionName: C
04-26 15:03:13.882 12126 12126 D AlphabeticIndexCompat: computeSectionName: cs: Maps sectionName: M
04-26 15:03:13.882 12126 12126 D AlphabeticIndexCompat: computeSectionName: cs: YouTube Music sectionName: Y
04-26 15:03:13.882 12126 12126 D AlphabeticIndexCompat: computeSectionName: cs: YouTube sectionName: Y
04-26 15:03:13.882 12126 12126 D AlphabeticIndexCompat: computeSectionName: cs: Google sectionName: G
04-26 15:03:13.883 12126 12126 D AlphabeticIndexCompat: computeSectionName: cs: Android System Intelligence sectionName: A
04-26 15:03:13.883 12126 12126 D AlphabeticIndexCompat: computeSectionName: cs: Digital Wellbeing sectionName: D
04-26 15:03:13.883 12126 12126 D AlphabeticIndexCompat: computeSectionName: cs: Conversations sectionName: C
04-26 15:03:13.885 12126 12126 D TaskbarManager: createTaskbarUIControllerForRecentsViewContainer displayId=0 mPrimaryDisplayId=0
04-26 15:03:13.886 12126 12126 D PerDisplayTaskbarResource: recreateTaskbarForDisplay: adding rootView displayId=0
04-26 15:03:13.886 12126 12126 D PerDisplayTaskbarResource: recreateTaskbarForDisplay: adding root layout displayId=0
04-26 15:03:13.886   509 12908 D android.hardware.audio@7.1-impl.ranchu: 544 frames of silence written
04-26 15:03:13.891 12126 12126 D BubbleBarView: BubbleBar RTL properties changed, new layoutDirection=0 previous layoutDirection=-1
04-26 15:03:13.899 13029 13122 I PlayCommon: [92] Successfully uploaded logs.
04-26 15:03:13.905   509 12908 D android.hardware.audio@7.1-impl.ranchu: 544 frames of silence written
04-26 15:03:13.909   509 12908 D android.hardware.audio@7.1-impl.ranchu: 544 frames of silence written
04-26 15:03:13.910 12395 12960 I PlayCommon: [84] Successfully uploaded logs.
04-26 15:03:13.912   742   940 I HalDevMgr: bestIfaceCreationProposal is null, requestIface=STA, existingIface=[name=wlan0 type=STA]
04-26 15:03:13.914   742  1742 I WindowManager: finishDrawing of orientation change: Window{9154298 u0 Taskbar} 254ms
04-26 15:03:13.918   552   613 I libbinder.BpBinder: onLastStrongRef automatically unlinking death recipients for binder (0x781cc7a58ff0) with descriptor: '(not cached)'
04-26 15:03:13.921   509 12908 D android.hardware.audio@7.1-impl.ranchu: 544 frames of silence written
04-26 15:03:13.922  1053  1053 D SsCardRecyclerViewAdapter: Updating Smartspace targets to targets for Lockscreen
04-26 15:03:13.924  1053  1053 D SsCardRecyclerViewAdapter: Updating Smartspace targets to targets for Lockscreen
04-26 15:03:13.925  1053  1053 W BcSmartspaceView: Current card is not present in the Adapter; cannot log.
04-26 15:03:13.926  1053  1053 E DateSmartspaceView: No tap action can be set up
04-26 15:03:13.927  1053  1053 W AlarmManager: Unrecognized alarm listener com.google.android.systemui.smartspace.KeyguardZenAlarmViewController$showNextAlarm$1@73e76f1
04-26 15:03:13.927  1053  1053 W AlarmManager: Unrecognized alarm listener com.google.android.systemui.smartspace.KeyguardZenAlarmViewController$showNextAlarm$1@73e76f1
04-26 15:03:13.927  1053  1053 W BcSmartspaceView: Current card is not present in the Adapter; cannot log.
04-26 15:03:13.928  1053  1053 W BcSmartspaceView: Current card is not present in the Adapter; cannot log.
04-26 15:03:13.928  1053  1053 E DateSmartspaceView: No tap action can be set up
04-26 15:03:13.930  1053  1053 W AlarmManager: Unrecognized alarm listener com.google.android.systemui.smartspace.KeyguardZenAlarmViewController$showNextAlarm$1@73e76f1
04-26 15:03:13.930  1053  1053 W BcSmartspaceView: Current card is not present in the Adapter; cannot log.
04-26 15:03:13.931  1053  1053 W BcSmartspaceView: Current card is not present in the Adapter; cannot log.
04-26 15:03:13.932   509 12908 D android.hardware.audio@7.1-impl.ranchu: 544 frames of silence written
04-26 15:03:13.937 12300 12359 I AiAiEcho: Predicting[0]:  [CONTEXT sampling_count=5 ]
04-26 15:03:13.938 12300 12359 I AiAiEcho: EchoTargets: 
04-26 15:03:13.938 12300 12359 I AiAiEcho: Filtered by AiAi flag check: 
04-26 15:03:13.938 12300 12359 I AiAiEcho: [CONTEXT ratelimit_period="10 SECONDS" ]
04-26 15:03:13.943   509 12908 D android.hardware.audio@7.1-impl.ranchu: 544 frames of silence written
04-26 15:03:13.947 12395 12581 I Finsky  : [53] WM::SCH: Logging work initialize for 12-1
04-26 15:03:13.952 12300 12359 I AiAiEcho: #remoteViewsTwiddler: feature disabled.
04-26 15:03:13.954   509 12908 D android.hardware.audio@7.1-impl.ranchu: 544 frames of silence written
04-26 15:03:13.956 12395 12581 I Finsky  : [53] WM::SCH: Logging work initialize for 12-1
04-26 15:03:13.959 12300 12359 I AiAiEcho: Predicting[0]:  [CONTEXT sampling_count=5 ]
04-26 15:03:13.959 12300 12359 I AiAiEcho: EchoTargets: 
04-26 15:03:13.959 12300 12359 I AiAiEcho: Filtered by AiAi flag check: 
04-26 15:03:13.959 12300 12359 I AiAiEcho: [CONTEXT ratelimit_period="10 SECONDS" ]
04-26 15:03:13.959 12300 12359 I AiAiEcho: #remoteViewsTwiddler: feature disabled.
04-26 15:03:13.960 12300 12359 I AiAiEcho: #postPredictionTargets: Sending updates to UISurface lockscreen with targets# 0 (types=[])
04-26 15:03:13.961 12300 12359 I AiAiEcho: #postPredictionTargets: Sending updates to UISurface home with targets# 0 (types=[])
04-26 15:03:13.967   509 12908 D android.hardware.audio@7.1-impl.ranchu: 544 frames of silence written
04-26 15:03:13.978 12126 12126 D SsBaseTemplateCard: Passed-in item info is null
04-26 15:03:13.978 12126 12126 D SsBaseTemplateCard: Passed-in item info is null
04-26 15:03:13.978 12126 12126 D SsBaseTemplateCard: Passed-in item info is null
04-26 15:03:13.978 12126 12126 D SsBaseTemplateCard: Passed-in item info is null
04-26 15:03:13.978 12126 12126 I SsBaseTemplateCard: Secondary card pane is null
04-26 15:03:13.978   509 12908 D android.hardware.audio@7.1-impl.ranchu: 544 frames of silence written
04-26 15:03:13.983 12395 12601 I Finsky  : [60] SCH: Scheduling phonesky job Id: 12-1, CT: 1777190593325, Constraints: [{ L: 15000, D: 86400000, C: CHARGING_NONE, I: IDLE_NONE, N: NET_ANY, B: BATTERY_ANY }]
04-26 15:03:13.984   742  2026 I WindowManager: finishDrawing of orientation change: Window{6e09d68 u0 ScreenDecorOverlay} 324ms
04-26 15:03:13.989   509 12908 D android.hardware.audio@7.1-impl.ranchu: 544 frames of silence written
04-26 15:03:13.995 12395 12612 I Finsky  : [62] SCH: Scheduling 1 system job(s)
04-26 15:03:13.995 12395 12612 I Finsky  : [62] SCH: Scheduling system job Id: 9707, L: 14330, D: 63283692, C: false, I: false, N: 1
04-26 15:03:13.998 12300 12359 I AiAiEcho: Predicting[0]:  [CONTEXT sampling_count=5 ]
04-26 15:03:13.998 12300 12359 I AiAiEcho: EchoTargets: 
04-26 15:03:13.998 12300 12359 I AiAiEcho: Filtered by AiAi flag check: 
04-26 15:03:13.998 12300 12359 I AiAiEcho: [CONTEXT ratelimit_period="10 SECONDS" ]
04-26 15:03:13.998 12300 12359 I AiAiEcho: #remoteViewsTwiddler: feature disabled.
04-26 15:03:13.998 12300 12359 I AiAiEcho: Predicting[0]:  [CONTEXT sampling_count=5 ]
04-26 15:03:13.999 12300 12359 I AiAiEcho: EchoTargets: 
04-26 15:03:13.999 12300 12359 I AiAiEcho: Filtered by AiAi flag check: 
04-26 15:03:13.999 12300 12359 I AiAiEcho: [CONTEXT ratelimit_period="10 SECONDS" ]
04-26 15:03:14.000 12300 12359 I AiAiEcho: #remoteViewsTwiddler: feature disabled.
04-26 15:03:14.001   509 12908 D android.hardware.audio@7.1-impl.ranchu: 544 frames of silence written
04-26 15:03:14.001 12300 12359 I AiAiEcho: #postPredictionTargets: Sending updates to UISurface lockscreen with targets# 0 (types=[])
04-26 15:03:14.002 12300 12359 I AiAiEcho: #postPredictionTargets: Sending updates to UISurface home with targets# 0 (types=[])
04-26 15:03:14.010   509 12908 D android.hardware.audio@7.1-impl.ranchu: 544 frames of silence written
04-26 15:03:14.010 12126 12126 D SsBaseTemplateCard: Passed-in item info is null
04-26 15:03:14.010 12126 12126 D SsBaseTemplateCard: Passed-in item info is null
04-26 15:03:14.010 12126 12126 D SsBaseTemplateCard: Passed-in item info is null
04-26 15:03:14.010 12126 12126 D SsBaseTemplateCard: Passed-in item info is null
04-26 15:03:14.010 12126 12126 I SsBaseTemplateCard: Secondary card pane is null
04-26 15:03:14.011   742   779 I ActivityTaskManager: Displayed com.muonline.client/.PreloadActivity for user 0: +1s230ms
04-26 15:03:14.017 12300 12359 I AiAiEcho: Predicting[0]:  [CONTEXT sampling_count=5 ]
04-26 15:03:14.017 12300 12359 I AiAiEcho: EchoTargets: 
04-26 15:03:14.017 12300 12359 I AiAiEcho: Filtered by AiAi flag check: 
04-26 15:03:14.017 12300 12359 I AiAiEcho: [CONTEXT ratelimit_period="10 SECONDS" ]
04-26 15:03:14.018 12300 12359 I AiAiEcho: #remoteViewsTwiddler: feature disabled.
04-26 15:03:14.018 12300 12359 I AiAiEcho: Predicting[0]:  [CONTEXT sampling_count=5 ]
04-26 15:03:14.018 12300 12359 I AiAiEcho: EchoTargets: 
04-26 15:03:14.018 12300 12359 I AiAiEcho: Filtered by AiAi flag check: 
04-26 15:03:14.018 12300 12359 I AiAiEcho: [CONTEXT ratelimit_period="10 SECONDS" ]
04-26 15:03:14.019 12300 12359 I AiAiEcho: #remoteViewsTwiddler: feature disabled.
04-26 15:03:14.019 12300 12359 I AiAiEcho: Predicting[0]:  [CONTEXT sampling_count=5 ]
04-26 15:03:14.019 12300 12359 I AiAiEcho: EchoTargets: 
04-26 15:03:14.019 12300 12359 I AiAiEcho: Filtered by AiAi flag check: 
04-26 15:03:14.019 12300 12359 I AiAiEcho: [CONTEXT ratelimit_period="10 SECONDS" ]
04-26 15:03:14.020 12193 12480 E native  : E0000 00:00:1777190594.020079   12480 flash-index.cc:2699] Lite index docid 1578 ahead of clip 1576
04-26 15:03:14.020 12300 12359 I AiAiEcho: #remoteViewsTwiddler: feature disabled.
04-26 15:03:14.020 12300 12359 I AiAiEcho: Predicting[0]:  [CONTEXT sampling_count=5 ]
04-26 15:03:14.021 12300 12359 I AiAiEcho: EchoTargets: 
04-26 15:03:14.021 12300 12359 I AiAiEcho: Filtered by AiAi flag check: 
04-26 15:03:14.021 12300 12359 I AiAiEcho: [CONTEXT ratelimit_period="10 SECONDS" ]
04-26 15:03:14.022   742   848 I WindowManager: finishDrawing of orientation change: Window{5768eb2 u0 ScreenDecorOverlayBottom} 361ms
04-26 15:03:14.022 12300 12359 I AiAiEcho: #remoteViewsTwiddler: feature disabled.
04-26 15:03:14.023 12300 12359 I AiAiEcho: #postPredictionTargets: Sending updates to UISurface lockscreen with targets# 0 (types=[])
04-26 15:03:14.023 12300 12359 I AiAiEcho: #postPredictionTargets: Sending updates to UISurface home with targets# 0 (types=[])
04-26 15:03:14.024 12300 12359 I AiAiEcho: #postPredictionTargets: Sending updates to UISurface lockscreen with targets# 0 (types=[])
04-26 15:03:14.024   742  2026 V GrammaticalInflectionUtils: AttributionSource: android.content.AttributionSource@6ea68a05 does not have READ_SYSTEM_GRAMMATICAL_GENDER permission.
04-26 15:03:14.024   509 12908 D android.hardware.audio@7.1-impl.ranchu: 544 frames of silence written
04-26 15:03:14.024 12300 12359 I AiAiEcho: #postPredictionTargets: Sending updates to UISurface home with targets# 0 (types=[])
04-26 15:03:14.027  1053  1053 W KeyguardRootViewBinder: Skipping onNotificationContainerBoundsChanged during transition
04-26 15:03:14.027 12126 12126 D SsBaseTemplateCard: Passed-in item info is null
04-26 15:03:14.027 12126 12126 D SsBaseTemplateCard: Passed-in item info is null
04-26 15:03:14.027 12126 12126 D SsBaseTemplateCard: Passed-in item info is null
04-26 15:03:14.027 12126 12126 D SsBaseTemplateCard: Passed-in item info is null
04-26 15:03:14.027 12126 12126 I SsBaseTemplateCard: Secondary card pane is null
04-26 15:03:14.027 12395 12601 I Finsky  : [60] SCH: Scheduling phonesky job Id: 12-1, CT: 1777190593395, Constraints: [{ L: 15000, D: 86400000, C: CHARGING_NONE, I: IDLE_NONE, N: NET_ANY, B: BATTERY_ANY }]
04-26 15:03:14.029 12395 12583 I Finsky  : [54] [ContentSync] finished, scheduled=true
04-26 15:03:14.034 12653 12873 I SP      : Registering handwriting_recognition.94, url: https://dl.google.com/handwriting/models/handwriting_release.superpack_manifest.20260206.json, constraints: m:*:*:*, flags: *, requested: 94, current: 94
04-26 15:03:14.034   509 12908 D android.hardware.audio@7.1-impl.ranchu: 544 frames of silence written
04-26 15:03:14.035   742  2026 V ActivityTaskManager: TaskLaunchParamsModifier: phase=3 task=Task{179bee3 #88 type=standard A=10230:com.muonline.client} activity=ActivityRecord{217737823 u0 com.muonline.client/.MuMainActivity t-1} display-area-from-source=DefaultTaskDisplayArea@175082416 display-id=0 task-display-area-windowing-mode=1 suggested-display-area=DefaultTaskDisplayArea@175082416 inherit-from-source=fullscreen non-freeform-task-display-area display-area=DefaultTaskDisplayArea@175082416 skip-bounds-fullscreen
04-26 15:03:14.035   742  2026 I ActivityTaskManager: START u0 {flg=0x14000000 xflg=0x4 cmp=com.muonline.client/.MuMainActivity} with LAUNCH_SINGLE_TASK from uid 10230 (com.muonline.client) (sr=71468701) (BAL_ALLOW_VISIBLE_WINDOW) result code=0
04-26 15:03:14.036  1053  1107 V WindowManagerShell: Transition requested (#182): android.os.BinderProxy@96fb845 TransitionRequestInfo { type = OPEN, triggerTask = TaskInfo{userId=0 taskId=88 effectiveUid=10230 displayId=0 isRunning=true baseIntent=Intent { flg=0x10000000 cmp=com.muonline.client/.PreloadActivity } baseActivity=ComponentInfo{com.muonline.client/com.muonline.client.PreloadActivity} topActivity=ComponentInfo{com.muonline.client/com.muonline.client.MuMainActivity} origActivity=null realActivity=ComponentInfo{com.muonline.client/com.muonline.client.PreloadActivity} realActivityIsAppLockEnabled=false numActivities=2 lastActiveTime=5154823 supportsMultiWindow=true supportsMultiWindowWithoutConstraints=true resizeMode=1 isResizeable=true minWidth=-1 minHeight=-1 defaultMinSize=220 token=WCT{android.os.BinderProxy@8a14c10} topActivityType=1 pictureInPictureParams=null shouldDockBigOverlays=false launchIntoPipHostTaskId=-1 lastParentTaskIdBeforePip=-1 displayCutoutSafeInsets=Rect(132, 0 - 0, 0) topActivityInfo=ActivityInfo{914ab9a com.muonline.client.MuMainActivity} launchCookies=[] positionInParent=Point(0, 0) parentTaskId=-1 isFocused=true isInteractive=false isVisible=true isVisibleRequested=true isTopActivityNoDisplay=false isSleeping=false locusId=null displayAreaFeatureId=1 isTopActivityTransparent=false isActivityStackTransparent=false lastNonFullscreenBounds=null leafTaskBoundsFromOptions= false capturedLink=null capturedLinkTimestamp=0 requestedVisibleTypes=503 topActivityRequestOpenInBrowserEducationTimestamp=0 appCompatTaskInfo=AppCompatTaskInfo { topActivityInSizeCompat=false isLeafTask= true eligibleForLetterboxEducation= false isLetterboxEducationEnabled= true isLetterboxDoubleTapEnabled= false eligibleForUserAspectRatioButton= false topActivityBoundsLetterboxed= false isFromLetterboxDoubleTap= false topActivityLetterboxVerticalPosition= -1 topActivityLetterboxHorizontalPosition= -1 topActivityLetterboxWidth=-1 topActivityLetterboxHeight=-1 topActivityAppBounds=Rect(132, 0 - 2400, 1017) isUserFullscreenOverrideEnabled=false isSystemFullscreenOverrideEnabled=false hasMinAspectRatioOverride=false topActivityLetterboxBounds=null topNonResizableActivityAspectRatio=-1.0} topActivityMainWindowFrame=null isAppBubble=false}, pipChange = null, remoteTransitionInfo = null, displayChange = null, requestedLocation = null, userChange = null, windowingLayerChange = null, fullscreenRequestChange = null, flags = 0, debugId = 182 }
04-26 15:03:14.036  1053  1107 W DisconnectHandler: No disconnect change found in the transition, not handling request.
04-26 15:03:14.036  1053  1107 V ShellDesktopMode: DesktopTasksController: skipping handleRequest reason=triggerTask's display doesn't support desktop mode
04-26 15:03:14.036 12395 12611 I Finsky  : [61] SCH: Scheduling 0 system job(s)
04-26 15:03:14.036  1053  1107 D ShellSplitScreen: logExit: no-op, mLoggerSessionId is null
04-26 15:03:14.037 12395 12611 I Finsky  : [61] [ContentSync] finished, scheduled=true
04-26 15:03:14.038 12653 13457 I HandwritingOnlineSuperpacks: HandwritingOnlineSuperpacks.syncInternal():168 syncPackMapping()
04-26 15:03:14.046 12126 12126 D SsBaseTemplateCard: Passed-in item info is null
04-26 15:03:14.046 12126 12126 D SsBaseTemplateCard: Passed-in item info is null
04-26 15:03:14.046 12126 12126 D SsBaseTemplateCard: Passed-in item info is null
04-26 15:03:14.046 12126 12126 D SsBaseTemplateCard: Passed-in item info is null
04-26 15:03:14.046 12126 12126 I SsBaseTemplateCard: Secondary card pane is null
04-26 15:03:14.046   509 12908 D android.hardware.audio@7.1-impl.ranchu: 544 frames of silence written
04-26 15:03:14.056   509 12908 D android.hardware.audio@7.1-impl.ranchu: 544 frames of silence written
04-26 15:03:14.066 13583 13583 I MuMain  : MuMainActivity onCreate
04-26 15:03:14.067   509 12908 D android.hardware.audio@7.1-impl.ranchu: 544 frames of silence written
04-26 15:03:14.068 12193 13598 I GmsModuleInitializer: Using ContainerGservicesDelegate
04-26 15:03:14.071 12653 12873 I SP      : Sync for emoticon_content_description succeeded in 368 ms: no changes
04-26 15:03:14.072 12653 12873 I SP      : GC for 'emoticon_content_description' (10) with ttl of 0 ms took 0 ms (0/0/0)
04-26 15:03:14.074 12653 12873 I HandwritingSlicingStrategy: HandwritingSlicingStrategy.getSlices():44 getSlices(): handwriting_recognition.94 useForeground=true
04-26 15:03:14.074 12653 12873 I HandwritingSlicingStrategy: HandwritingSlicingStrategy.getSlices():103 getSlices(): result {slices=[{handwriting_recognition:pack_mapping_v1_lstm_20260206, m:*:*:*}, {handwriting_recognition:en_us_20251103_compact_fst_zip, m:*:*:*}, {handwriting_recognition:transformer_latin_seg_tflite_20251103_zip, m:*:*:*}, {handwriting_recognition:qrnn_en-US_reco_20251103_fst_20251103_recospec_zip, m:*:*:*}, {handwriting_recognition:transformer_latin_tflite_20251103_zip, m:*:*:*}, {handwriting_recognition:transformer_latin_conf_tflite_20251103_zip, m:*:*:*}, {handwriting_recognition:scribe_latin_20250829tfreco_tflite_zip, m:*:*:*}, {handwriting_recognition:scribe_latin_20250829tfreco_recospec_zip, m:*:*:*}], last batch=true, sync metadata=false}
04-26 15:03:14.074 12653 12873 I SP      : Syncing handwriting_recognition (94) with slices: [{pack_mapping_v1_lstm_20260206, m:*:*:*}, {en_us_20251103_compact_fst_zip, m:*:*:*}, {transformer_latin_seg_tflite_20251103_zip, m:*:*:*}, {qrnn_en-US_reco_20251103_fst_20251103_recospec_zip, m:*:*:*}, {transformer_latin_tflite_20251103_zip, m:*:*:*}, {transformer_latin_conf_tflite_20251103_zip, m:*:*:*}, {scribe_latin_20250829tfreco_tflite_zip, m:*:*:*}, {scribe_latin_20250829tfreco_recospec_zip, m:*:*:*}], metadata: false
04-26 15:03:14.075 13583 13583 I MuMain  : extractGameAssets -> /storage/emulated/0/Android/data/com.muonline.client/files
04-26 15:03:14.077   742  2024 W ApplicationInfo: Large ApplicationInfo parcel: size=17540 package=com.google.android.googlequicksearchbox sharedLibs=3 resDirs=2 overlayPaths=2
04-26 15:03:14.078   742  2024 W PackageInfo: Large parcel: size=17804 pkg=com.google.android.googlequicksearchbox
04-26 15:03:14.079   509 12908 D android.hardware.audio@7.1-impl.ranchu: 544 frames of silence written
04-26 15:03:14.085 13583 13583 V SDL     : Device: emu64xa16k
04-26 15:03:14.085 13583 13583 V SDL     : Model: sdk_gphone16k_x86_64
04-26 15:03:14.085 13583 13583 V SDL     : onCreate()
04-26 15:03:14.087 13583 13583 D nativeloader: Load /data/app/~~n5atSX1qojfuuNQ4AzWYow==/com.muonline.client-dn11dz7Jn55B8K5T4yEKaw==/lib/x86_64/libmpg123.so using class loader ns clns-9 (caller=/data/app/~~n5atSX1qojfuuNQ4AzWYow==/com.muonline.client-dn11dz7Jn55B8K5T4yEKaw==/base.apk): ok
04-26 15:03:14.089 13583 13583 D nativeloader: Load /data/app/~~n5atSX1qojfuuNQ4AzWYow==/com.muonline.client-dn11dz7Jn55B8K5T4yEKaw==/lib/x86_64/libSDL2.so using class loader ns clns-9 (caller=/data/app/~~n5atSX1qojfuuNQ4AzWYow==/com.muonline.client-dn11dz7Jn55B8K5T4yEKaw==/base.apk): ok
04-26 15:03:14.090 13583 13583 D nativeloader: Load /data/app/~~n5atSX1qojfuuNQ4AzWYow==/com.muonline.client-dn11dz7Jn55B8K5T4yEKaw==/lib/x86_64/libSDL2_image.so using class loader ns clns-9 (caller=/data/app/~~n5atSX1qojfuuNQ4AzWYow==/com.muonline.client-dn11dz7Jn55B8K5T4yEKaw==/base.apk): ok
04-26 15:03:14.090   509 12908 D android.hardware.audio@7.1-impl.ranchu: 544 frames of silence written
04-26 15:03:14.091 13583 13583 D nativeloader: Load /data/app/~~n5atSX1qojfuuNQ4AzWYow==/com.muonline.client-dn11dz7Jn55B8K5T4yEKaw==/lib/x86_64/libSDL2_mixer.so using class loader ns clns-9 (caller=/data/app/~~n5atSX1qojfuuNQ4AzWYow==/com.muonline.client-dn11dz7Jn55B8K5T4yEKaw==/base.apk): ok
04-26 15:03:14.091 13583 13583 D nativeloader: Load /data/app/~~n5atSX1qojfuuNQ4AzWYow==/com.muonline.client-dn11dz7Jn55B8K5T4yEKaw==/lib/x86_64/libSDL2_ttf.so using class loader ns clns-9 (caller=/data/app/~~n5atSX1qojfuuNQ4AzWYow==/com.muonline.client-dn11dz7Jn55B8K5T4yEKaw==/base.apk): ok
04-26 15:03:14.101 13583 13583 D nativeloader: Load /data/app/~~n5atSX1qojfuuNQ4AzWYow==/com.muonline.client-dn11dz7Jn55B8K5T4yEKaw==/lib/x86_64/libSDL_net.so using class loader ns clns-9 (caller=/data/app/~~n5atSX1qojfuuNQ4AzWYow==/com.muonline.client-dn11dz7Jn55B8K5T4yEKaw==/base.apk): ok
04-26 15:03:14.101   509 12908 D android.hardware.audio@7.1-impl.ranchu: 544 frames of silence written
04-26 15:03:14.101 13583 13583 D nativeloader: Load /data/app/~~n5atSX1qojfuuNQ4AzWYow==/com.muonline.client-dn11dz7Jn55B8K5T4yEKaw==/lib/x86_64/libbotan.so using class loader ns clns-9 (caller=/data/app/~~n5atSX1qojfuuNQ4AzWYow==/com.muonline.client-dn11dz7Jn55B8K5T4yEKaw==/base.apk): ok
04-26 15:03:14.103 13583 13583 I MuMain  : early chdir(/sdcard/.../files) = 0 (errno=88)
04-26 15:03:14.109 12125 12146 I FontLog : (REDACTED) Received query %s, URI %s
04-26 15:03:14.113 13583 13583 D nativeloader: Load /data/app/~~n5atSX1qojfuuNQ4AzWYow==/com.muonline.client-dn11dz7Jn55B8K5T4yEKaw==/lib/x86_64/libmain.so using class loader ns clns-9 (caller=/data/app/~~n5atSX1qojfuuNQ4AzWYow==/com.muonline.client-dn11dz7Jn55B8K5T4yEKaw==/base.apk): ok
04-26 15:03:14.113   509 12908 D android.hardware.audio@7.1-impl.ranchu: 544 frames of silence written
04-26 15:03:14.113 13583 13583 V SDL     : nativeSetupJNI()
04-26 15:03:14.113 13583 13583 V SDL     : AUDIO nativeSetupJNI()
04-26 15:03:14.113 13583 13583 V SDL     : CONTROLLER nativeSetupJNI()
04-26 15:03:14.113 12125 12146 I FontLog : (REDACTED) Query [%s] resolved to %s
04-26 15:03:14.119 13583 13583 D AudioSystem: onNewService: media.audio_policy service obtained 0x7415b3ac8c30
04-26 15:03:14.123 12193 12480 I Icing   : updateResources: need to parse cgwv{com.google.android.gms}
04-26 15:03:14.124   509 12908 D android.hardware.audio@7.1-impl.ranchu: 544 frames of silence written
04-26 15:03:14.125 13583 13583 D AudioSystem: getService: IAudioPolicyService retrieved: 0x7415b3ac8c30  cached: 0x7415b3ac8c30
04-26 15:03:14.127   548  3604 D NativePermissionController: checkPermission: missing 13 for 10230
04-26 15:03:14.128   548  3604 D NativePermissionController: checkPermission: missing 13 for 10230
04-26 15:03:14.132   548  3604 D NativePermissionController: checkPermission: missing 13 for 10230
04-26 15:03:14.134   548  3604 D NativePermissionController: checkPermission: missing 13 for 10230
04-26 15:03:14.136   509 12908 D android.hardware.audio@7.1-impl.ranchu: 544 frames of silence written
04-26 15:03:14.147   509 12908 D android.hardware.audio@7.1-impl.ranchu: 544 frames of silence written
04-26 15:03:14.148 12125 12137 W .gms.persistent: Suspending all threads took: 6.780ms
04-26 15:03:14.153 13583 13583 V SDL     : onStart()
04-26 15:03:14.153 13583 13583 D MuMain  : onResume
04-26 15:03:14.154 13583 13583 V SDL     : onResume()
04-26 15:03:14.156 13583 13583 D InsetsController: Setting requestedVisibleTypes to 496 (was 503)
04-26 15:03:14.158   509 12908 D android.hardware.audio@7.1-impl.ranchu: 544 frames of silence written
04-26 15:03:14.161   742  2164 W InputChannel-JNI: Channel already disposed.
04-26 15:03:14.166 13583 13583 D VRI[MuMainActivity]: WindowInsets changed: 2268x1080 statusBars:[0,74,0,0] navigationBars:[0,0,0,63] mandatorySystemGestures:[0,74,0,84] 
04-26 15:03:14.166 13583 13583 D WindowOnBackDispatcher: setTopOnBackInvokedCallback (unwrapped): android.view.ViewRootImpl$$ExternalSyntheticLambda13@dd6df9e
04-26 15:03:14.166 13583 13583 D InsetsController: Setting requestedVisibleTypes to 503 (was 496)
04-26 15:03:14.167   742  1088 D CoreBackPreview: Window{9c9ec2 u0 com.muonline.client/com.muonline.client.MuMainActivity}: Setting back callback OnBackInvokedCallbackInfo{mCallback=android.window.IOnBackInvokedCallback$Stub$Proxy@65de810, mPriority=0, mIsAnimationCallback=false, mOverrideBehavior=0}
04-26 15:03:14.168 13583 13665 W InteractionJankMonitor: Initializing without READ_DEVICE_CONFIG permission. enabled=false, interval=1, missedFrameThreshold=3, frameTimeThreshold=64, package=com.muonline.client
04-26 15:03:14.169 12126 12126 D LauncherAmbientCueVM: Debounced empty action: updating state
04-26 15:03:14.170   742   848 D WindowManager: setClientSurface Surface(name=VRI-com.muonline.client/com.muonline.client.MuMainActivity#778)/@0xf10df09 for 9c9ec2 com.muonline.client/com.muonline.client.MuMainActivity
04-26 15:03:14.171  1053  1107 V RecentTasksController: generateList(getRecentTasks)
04-26 15:03:14.171   509 12908 D android.hardware.audio@7.1-impl.ranchu: 544 frames of silence written
04-26 15:03:14.172  1053  1107 V RecentTasksController: initializeDesksMap - allDeskIds: []
04-26 15:03:14.172  1053  1107 V RecentTasksController: Task 88 is not an active desktop task
04-26 15:03:14.172  1053  1107 V RecentTasksController: Added fullscreen task: 88
04-26 15:03:14.172  1053  1107 V RecentTasksController: generateList - complete
04-26 15:03:14.173  1053  1107 V RecentTasksController: Notify recent tasks changed
04-26 15:03:14.173 12126 12126 D RecentTasksList: invalidateLoadedTasks - previous requestLoadId: -1
04-26 15:03:14.183   509 12908 D android.hardware.audio@7.1-impl.ranchu: 544 frames of silence written
04-26 15:03:14.186 13583 13583 I Surface : Creating surface for consumer unnamed-13583-1 with slotExpansion=1 for 64 slots
04-26 15:03:14.187 13583 13583 I Surface : Creating surface for consumer VRI[MuMainActivity]#1(BLAST Consumer)1 with slotExpansion=1 for 64 slots
04-26 15:03:14.193   509 12908 D android.hardware.audio@7.1-impl.ranchu: 544 frames of silence written
04-26 15:03:14.195 13583 13583 I Surface : Creating surface for consumer unnamed-13583-2 with slotExpansion=1 for 64 slots
04-26 15:03:14.196 13583 13583 I Surface : Creating surface for consumer eb1e9d9 SurfaceView[com.muonline.client/com.muonline.client.MuMainActivity]#2(BLAST Consumer)2 with slotExpansion=1 for 64 slots
04-26 15:03:14.196 13583 13583 V SDL     : surfaceCreated()
04-26 15:03:14.196 13583 13583 V SDL     : surfaceChanged()
04-26 15:03:14.196 13583 13583 V SDL     : Window size: 2268x943
04-26 15:03:14.196 13583 13583 V SDL     : Device size: 2400x1080
04-26 15:03:14.206   509 12908 D android.hardware.audio@7.1-impl.ranchu: 544 frames of silence written
04-26 15:03:14.215 13583 13672 V SDL     : Running main function SDL_main from library /data/app/~~n5atSX1qojfuuNQ4AzWYow==/com.muonline.client-dn11dz7Jn55B8K5T4yEKaw==/lib/x86_64/libmain.so
04-26 15:03:14.215 13583 13672 V SDL     : nativeRunMain()
04-26 15:03:14.217   509 12908 D android.hardware.audio@7.1-impl.ranchu: 544 frames of silence written
04-26 15:03:14.221 13583 13672 I MuMain  : === MuMain Android v1.0 starting ===
04-26 15:03:14.227   509 12908 D android.hardware.audio@7.1-impl.ranchu: 544 frames of silence written
04-26 15:03:14.236 12125 12190 I FontLog : (REDACTED) Updating from directory version %d to %d from disk
04-26 15:03:14.238   509 12908 D android.hardware.audio@7.1-impl.ranchu: 544 frames of silence written
04-26 15:03:14.239 13583 13672 I MuMain  : Working dir set to: /storage/emulated/0/Android/data/com.muonline.client/files
04-26 15:03:14.241 12125 12146 I FontLog : (REDACTED) Fetch %s end status %s
04-26 15:03:14.249   509 12908 D android.hardware.audio@7.1-impl.ranchu: 544 frames of silence written
04-26 15:03:14.251  1029  1029 I wpa_supplicant: wlan0: CTRL-EVENT-BEACON-LOSS 
04-26 15:03:14.256 12125 12146 I FontLog : (REDACTED) Pulling font file for id = %d, cache size = %d
04-26 15:03:14.258 12125 12355 I FontLog : (REDACTED) Using directory in FlatBuffer format
04-26 15:03:14.260   509 12908 D android.hardware.audio@7.1-impl.ranchu: 544 frames of silence written
04-26 15:03:14.263 12125 12146 I FontLog : (REDACTED) Pulling font file for id = %d, cache size = %d
04-26 15:03:14.273   509 12908 D android.hardware.audio@7.1-impl.ranchu: 544 frames of silence written
04-26 15:03:14.283   509 12908 D android.hardware.audio@7.1-impl.ranchu: 544 frames of silence written
04-26 15:03:14.294   509 12908 D android.hardware.audio@7.1-impl.ranchu: 544 frames of silence written
04-26 15:03:14.298 12125 12125 D BoundBrokerSvc: onRebind: Intent { act=com.google.android.gms.libs.gmscorelogger.service.START dat=chimera-action:/... xflg=0x4 cmp=com.google.android.gms/.chimera.PersistentDirectBootAwareApiService }
04-26 15:03:14.303   742   779 I ActivityTaskManager: Displayed com.muonline.client/.MuMainActivity for user 0: +267ms
04-26 15:03:14.303  1053 12123 V WindowManagerShell: onTransitionReady(transaction=3186865744175)
04-26 15:03:14.303   742   779 V WindowManager: Sent Transition (#182) createdAt=04-26 15:03:14.024 via request=TransitionRequestInfo { type = OPEN, triggerTask = TaskInfo{userId=0 taskId=88 effectiveUid=10230 displayId=0 isRunning=true baseIntent=Intent { flg=0x10000000 cmp=com.muonline.client/.PreloadActivity } baseActivity=ComponentInfo{com.muonline.client/com.muonline.client.PreloadActivity} topActivity=ComponentInfo{com.muonline.client/com.muonline.client.MuMainActivity} origActivity=null realActivity=ComponentInfo{com.muonline.client/com.muonline.client.PreloadActivity} realActivityIsAppLockEnabled=false numActivities=2 lastActiveTime=5154823 supportsMultiWindow=true supportsMultiWindowWithoutConstraints=true resizeMode=1 isResizeable=true minWidth=-1 minHeight=-1 defaultMinSize=220 token=WCT{RemoteToken{34d3ed0 Task{179bee3 #88 type=standard A=10230:com.muonline.client}}} topActivityType=1 pictureInPictureParams=null shouldDockBigOverlays=false launchIntoPipHostTaskId=-1 lastParentTaskIdBeforePip=-1 displayCutoutSafeInsets=Rect(132, 0 - 0, 0) topActivityInfo=ActivityInfo{a037540 com.muonline.client.MuMainActivity} launchCookies=[] positionInParent=Point(0, 0) parentTaskId=-1 isFocused=true isInteractive=false isVisible=true isVisibleRequested=true isTopActivityNoDisplay=false isSleeping=false locusId=null displayAreaFeatureId=1 isTopActivityTransparent=false isActivityStackTransparent=false lastNonFullscreenBounds=null leafTaskBoundsFromOptions= false capturedLink=null capturedLinkTimestamp=0 requestedVisibleTypes=503 topActivityRequestOpenInBrowserEducationTimestamp=0 appCompatTaskInfo=AppCompatTaskInfo { topActivityInSizeCompat=false isLeafTask= true eligibleForLetterboxEducation= false isLetterboxEducationEnabled= true isLetterboxDoubleTapEnabled= false eligibleForUserAspectRatioButton= false topActivityBoundsLetterboxed= false isFromLetterboxDoubleTap= false topActivityLetterboxVerticalPosition= -1 topActivityLetterboxHorizontalPosition= -1 topActivityLetterboxWidth=-1 topActivityLetterboxHeight=-1 topActivityAppBounds=Rect(132, 0 - 2400, 1017) isUserFullscreenOverrideEnabled=false isSystemFullscreenOverrideEnabled=false hasMinAspectRatioOverride=false topActivityLetterboxBounds=null topNonResizableActivityAspectRatio=-1.0} topActivityMainWindowFrame=null isAppBubble=false}, pipChange = null, remoteTransitionInfo = null, displayChange = null, requestedLocation = null, userChange = null, windowingLayerChange = null, fullscreenRequestChange = null, flags = 0, debugId = 182 }
04-26 15:03:14.303   742   779 V WindowManager:     startWCT=WindowContainerTransaction { changes= {} hops= [] flags= 0 errorCallbackToken=null taskFragmentOrganizer=null }
04-26 15:03:14.303   742   779 V WindowManager:     info={id=182 t=OPEN f=0x0 trk=0 r=[0@Point(0, 0)] c=[
04-26 15:03:14.303   742   779 V WindowManager:         {m=OPEN f=FILLS_TASK leash=Surface(name=ActivityRecord{217737823 u0 com.muonline.client/.MuMainActivity t88}#774)/@0x35e3c72 sb=Rect(0, 0 - 0, 0) eb=Rect(0, 0 - 2400, 1080) epz=Point(2400, 1080) d=-1->0 r=-1->1:-1 bc=ff000000 activity=ActivityTransitionInfo { component = ComponentInfo{com.muonline.client/com.muonline.client.MuMainActivity}, taskId = 88, appCompatTransitionInfo = AppCompatTransitionInfo { letterboxBounds = Rect(132, 0 - 2400, 1080), hasRoundedCorners = false } } opt={t=FROM_STYLE mUserId=0}},
04-26 15:03:14.303   742   779 V WindowManager:         {m=CLOSE f=FILLS_TASK|IS_BEHIND_STARTING_WINDOW leash=Surface(name=ActivityRecord{71468701 u0 com.muonline.client/.PreloadActivity t88}#755)/@0xc84257d sb=Rect(0, 0 - 2400, 1080) eb=Rect(0, 0 - 2400, 1080) epz=Point(2400, 1080) d=0 bc=ff000000 activity=ActivityTransitionInfo { component = ComponentInfo{com.muonline.client/com.muonline.client.PreloadActivity}, taskId = 88, appCompatTransitionInfo = AppCompatTransitionInfo { letterboxBounds = Rect(132, 0 - 2400, 1080), hasRoundedCorners = false } } opt={t=FROM_STYLE mUserId=0}}
04-26 15:03:14.303   742   779 V WindowManager:     ]}
04-26 15:03:14.303  1053  1107 V WindowManagerShell: onTransitionReady (#182) android.os.BinderProxy@96fb845: {id=182 t=OPEN f=0x0 trk=0 r=[0@Point(0, 0)] c=[
04-26 15:03:14.303  1053  1107 V WindowManagerShell:         {m=OPEN f=FILLS_TASK leash=Surface(name=ActivityRecord{217737823 u0 com.muonline.client/.MuMainActivity t88}#774)/@0x499aafd sb=Rect(0, 0 - 0, 0) eb=Rect(0, 0 - 2400, 1080) epz=Point(2400, 1080) d=-1->0 r=-1->1:-1 bc=ff000000 activity=ActivityTransitionInfo { component = ComponentInfo{com.muonline.client/com.muonline.client.MuMainActivity}, taskId = 88, appCompatTransitionInfo = AppCompatTransitionInfo { letterboxBounds = Rect(132, 0 - 2400, 1080), hasRoundedCorners = false } } opt={t=FROM_STYLE mUserId=0}},
04-26 15:03:14.303  1053  1107 V WindowManagerShell:         {m=CLOSE f=FILLS_TASK|IS_BEHIND_STARTING_WINDOW leash=Surface(name=ActivityRecord{71468701 u0 com.muonline.client/.PreloadActivity t88}#755)/@0x43513f2 sb=Rect(0, 0 - 2400, 1080) eb=Rect(0, 0 - 2400, 1080) epz=Point(2400, 1080) d=0 bc=ff000000 activity=ActivityTransitionInfo { component = ComponentInfo{com.muonline.client/com.muonline.client.PreloadActivity}, taskId = 88, appCompatTransitionInfo = AppCompatTransitionInfo { letterboxBounds = Rect(132, 0 - 2400, 1080), hasRoundedCorners = false } } opt={t=FROM_STYLE mUserId=0}}
04-26 15:03:14.303  1053  1107 V WindowManagerShell:     ]}
04-26 15:03:14.306   509 12908 D android.hardware.audio@7.1-impl.ranchu: 544 frames of silence written
04-26 15:03:14.307 12193 12480 I Icing   : Internal init done: storage state 0
04-26 15:03:14.308  1053  1107 V WindowManagerShell: Playing animation for (#182) android.os.BinderProxy@96fb845@0
04-26 15:03:14.308  1053  1107 D ShellSplitScreen: startAnimation: transition=182 isSplitActive=false
04-26 15:03:14.308  1053  1107 V ShellRecents: RecentsTransitionHandler.startAnimation: no controller found
04-26 15:03:14.308  1053  1107 V ShellDesktopMode: DesktopMixedTransitionHandler: No pending desktop transition
