04-27 00:54:29.043 31457 31494 I MuMain  : CHATIME SDL_TEXTINPUT text='E' hasFocusedText=1
04-27 00:54:29.043 31457 31494 I MuMain  : CHATIME SDL_KEYDOWN sym=101 repeat=0 hasFocusedText=1 sdlTextInput=1
04-27 00:54:29.043 31457 31494 I MuMain  : CHATIME SDL_KEYDOWN sym=1073742049 repeat=0 hasFocusedText=1 sdlTextInput=1
04-27 00:54:29.049  4105  4105 I StylusModule: StylusModule.onUpdateToolType():774 Update tool type = 0
04-27 00:54:29.049  4105  4105 I BaseKeyboardSizeHelper: BaseKeyboardSizeHelper.calculateMaxKeyboardBodyHeight():73 leave 281 height for app when ime window height:954, header height:108 and isFullscreenMode:false, so the max keyboard body height is:565
04-27 00:54:29.050  4105  4105 I BaseKeyboardSizeHelper: BaseKeyboardSizeHelper.calculateMaxKeyboardBodyHeight():73 leave 281 height for app when ime window height:954, header height:108 and isFullscreenMode:false, so the max keyboard body height is:565
04-27 00:54:29.054 31457 31457 D VRI[MuMainActivity]: WindowInsets changed: ime:[0,0,0,775] 
04-27 00:54:29.073   566   616 W skia    : AGTM parsing failed flags.readFromStream(s) at 159
04-27 00:54:29.078 31457 31494 I MuMain  : CHATIME SDL_KEYDOWN sym=115 repeat=0 hasFocusedText=1 sdlTextInput=1
04-27 00:54:29.078 31457 31494 I MuMain  : CHATIME SDL_TEXTINPUT text='S' hasFocusedText=1
04-27 00:54:29.078 31457 31494 I MuMain  : CHATIME SDL_KEYDOWN sym=115 repeat=0 hasFocusedText=1 sdlTextInput=1
04-27 00:54:29.096  4105  4105 I StylusModule: StylusModule.onUpdateToolType():774 Update tool type = 0
04-27 00:54:29.102  4105  4105 I StylusModule: StylusModule.onUpdateToolType():774 Update tool type = 0
04-27 00:54:29.103  4105  4105 I BaseKeyboardSizeHelper: BaseKeyboardSizeHelper.calculateMaxKeyboardBodyHeight():73 leave 281 height for app when ime window height:954, header height:108 and isFullscreenMode:false, so the max keyboard body height is:565
04-27 00:54:29.103  4105  4105 I BaseKeyboardSizeHelper: BaseKeyboardSizeHelper.calculateMaxKeyboardBodyHeight():73 leave 281 height for app when ime window height:954, header height:108 and isFullscreenMode:false, so the max keyboard body height is:565
04-27 00:54:29.115 31457 31494 I MuMain  : CHATIME SDL_KEYDOWN sym=1073742049 repeat=0 hasFocusedText=1 sdlTextInput=1
04-27 00:54:29.115 31457 31494 I MuMain  : CHATIME SDL_KEYDOWN sym=116 repeat=0 hasFocusedText=1 sdlTextInput=1
04-27 00:54:29.115 31457 31494 I MuMain  : CHATIME SDL_TEXTINPUT text='T' hasFocusedText=1
04-27 00:54:29.115 31457 31494 I MuMain  : CHATIME SDL_KEYDOWN sym=116 repeat=0 hasFocusedText=1 sdlTextInput=1
04-27 00:54:29.117  4105  4105 I StylusModule: StylusModule.onUpdateToolType():774 Update tool type = 0
04-27 00:54:29.125  4105  4105 I BaseKeyboardSizeHelper: BaseKeyboardSizeHelper.calculateMaxKeyboardBodyHeight():73 leave 281 height for app when ime window height:954, header height:108 and isFullscreenMode:false, so the max keyboard body height is:565
04-27 00:54:29.126  4105  4105 I BaseKeyboardSizeHelper: BaseKeyboardSizeHelper.calculateMaxKeyboardBodyHeight():73 leave 281 height for app when ime window height:954, header height:108 and isFullscreenMode:false, so the max keyboard body height is:565
04-27 00:54:29.128  4105  4105 I StylusModule: StylusModule.onUpdateToolType():774 Update tool type = 0
04-27 00:54:29.132  4105  4105 I StylusModule: StylusModule.onUpdateToolType():774 Update tool type = 0
04-27 00:54:29.157 31457 31494 I MuMain  : CHATIME SDL_KEYDOWN sym=49 repeat=0 hasFocusedText=1 sdlTextInput=1
04-27 00:54:29.157 31457 31494 I MuMain  : CHATIME SDL_TEXTINPUT text='1' hasFocusedText=1
04-27 00:54:29.157 31457 31494 I MuMain  : CHATIME SDL_KEYDOWN sym=49 repeat=0 hasFocusedText=1 sdlTextInput=1
04-27 00:54:29.157 31457 31494 I MuMain  : CHATIME SDL_KEYDOWN sym=50 repeat=0 hasFocusedText=1 sdlTextInput=1
04-27 00:54:29.157 31457 31494 I MuMain  : CHATIME SDL_TEXTINPUT text='2' hasFocusedText=1
04-27 00:54:29.157 31457 31494 I MuMain  : CHATIME SDL_KEYDOWN sym=50 repeat=0 hasFocusedText=1 sdlTextInput=1
04-27 00:54:29.157 31457 31494 I MuMain  : CHATIME SDL_KEYDOWN sym=51 repeat=0 hasFocusedText=1 sdlTextInput=1
04-27 00:54:29.157 31457 31494 I MuMain  : CHATIME SDL_TEXTINPUT text='3' hasFocusedText=1
04-27 00:54:29.157 31457 31494 I MuMain  : CHATIME SDL_KEYDOWN sym=51 repeat=0 hasFocusedText=1 sdlTextInput=1
04-27 00:54:29.173   566   616 W skia    : AGTM parsing failed flags.readFromStream(s) at 159
04-27 00:54:29.173   566   616 W skia    : AGTM parsing failed flags.readFromStream(s) at 159
04-27 00:54:29.257 31457 31457 I ImeTracker: com.google.android.inputmethod.latin:75059384: onShown
04-27 00:54:29.257   736  2220 I ImeTracker: com.google.android.inputmethod.latin:75059384: onFinished on previously finished token at PHASE_NOT_SET with STATUS_SUCCESS
04-27 00:54:29.276   566   616 W skia    : AGTM parsing failed flags.readFromStream(s) at 159
04-27 00:54:29.276   566   616 W skia    : AGTM parsing failed flags.readFromStream(s) at 159
04-27 00:54:29.293 31457 31494 I MuMain  : ADAPT fx scale: fps=27.9 frameMs=35.83 1.00->0.90 target=0.80
04-27 00:54:29.293 31457 31494 I MuMain  : PERF fps=27.9 frameMs=35.83 phase(render=32.43 pad=0.49 present=2.71) renderLevel=4 fxScale=1.00 maxMsg=30 avg(draw=300 verts=103458 im=1803 vaD=0 vaC=0 qI=163 qE=0) max(draw=310 verts=104265)
04-27 00:54:29.293 31457 31494 I MuMain  : PERF_SCENE world=73 char(live=0 vis=0 ply=0 mon=0 npc=0 pet=0 prio=0 topMon=-1 x0) obj(live=375 vis=128 op=0 trap=0 topObj=135 x18)
04-27 00:54:29.293 31457 31494 I MuMain  : PERF_BUCKET objMove(cand=0 upd=0 def=0 n=0 m=0 f=0) objRender(cand=0 draw=0 cull=0 n=0 m=0 f=0 visDraw=0 visDef=0) charMove(cand=0 upd=0 def=0 n=0 m=0 f=0) charRender(cand=0 draw=0 def=0 cull=0 n=0 m=0 f=0)
04-27 00:54:29.293 31457 31494 I MuMain  : PERF_TERRAIN world=73 normal(block=0 tile=0) grass(block=0 tile=0) after(block=0 tile=0)
04-27 00:54:29.377   566   616 W skia    : AGTM parsing failed flags.readFromStream(s) at 159
04-27 00:54:29.378   566   616 W skia    : AGTM parsing failed flags.readFromStream(s) at 159
04-27 00:54:29.479   566   616 W skia    : AGTM parsing failed flags.readFromStream(s) at 159
04-27 00:54:29.480   566   616 W skia    : AGTM parsing failed flags.readFromStream(s) at 159
04-27 00:54:29.580   566   616 W skia    : AGTM parsing failed flags.readFromStream(s) at 159
04-27 00:54:29.581   566   616 W skia    : AGTM parsing failed flags.readFromStream(s) at 159
04-27 00:54:29.682   566   616 W skia    : AGTM parsing failed flags.readFromStream(s) at 159
04-27 00:54:29.682   566   616 W skia    : AGTM parsing failed flags.readFromStream(s) at 159
04-27 00:54:29.785   566   616 W skia    : AGTM parsing failed flags.readFromStream(s) at 159
04-27 00:54:29.785   566   616 W skia    : AGTM parsing failed flags.readFromStream(s) at 159
04-27 00:54:29.795 14925 14925 D BoundBrokerSvc: onUnbind: Intent { act=com.google.android.gms.feedback.internal.IFeedbackService dat=chimera-action:/... xflg=0x4 cmp=com.google.android.gms/.chimera.GmsBoundBrokerService }
04-27 00:54:29.888   566   616 W skia    : AGTM parsing failed flags.readFromStream(s) at 159
04-27 00:54:29.888   566   616 W skia    : AGTM parsing failed flags.readFromStream(s) at 159
04-27 00:54:29.988   566   616 W skia    : AGTM parsing failed flags.readFromStream(s) at 159
04-27 00:54:29.989   566   616 W skia    : AGTM parsing failed flags.readFromStream(s) at 159
04-27 00:54:30.091   566   616 W skia    : AGTM parsing failed flags.readFromStream(s) at 159
04-27 00:54:30.091   566   616 W skia    : AGTM parsing failed flags.readFromStream(s) at 159
04-27 00:54:30.136  1203  1331 D SatelliteController: isInCarrierRoamingNbIotNtn: satellite is disabled
04-27 00:54:30.136  1203  1331 D SatelliteController: getCarrierRoamingNtnConnectType: Checking connect type from PLMN config for subId: 1
04-27 00:54:30.137  1203  1331 D SatelliteController: getSatellitePerPlmnConfiguration: invalid subId or not supported via carrier.
04-27 00:54:30.137  1203  1331 D SatelliteController: getCarrierRoamingNtnConnectType: config: null
04-27 00:54:30.139  1203  1331 D SatelliteController: getCarrierRoamingNtnConnectType: Falling back to global carrier config connect type: 0
04-27 00:54:30.139  1203  1331 D SatelliteController: updateLastNotifiedCarrierRoamingNtnSignalStrengthAndNotify(1)
04-27 00:54:30.139  1203  1331 D SatelliteController: updateLastNotifiedCarrierRoamingNtnSignalStrengthAndNotify(1) lastNotifiedSignalStrength level: 0
04-27 00:54:30.139  1203  1331 D SatelliteController: updateLastNotifiedCarrierRoamingNtnSignalStrengthAndNotify(1) currSignalStrength level: 0
04-27 00:54:30.194   566   616 W skia    : AGTM parsing failed flags.readFromStream(s) at 159
04-27 00:54:30.194   566   616 W skia    : AGTM parsing failed flags.readFromStream(s) at 159
04-27 00:54:30.200 31457 31457 I ImeTracker: com.muonline.client:e25521e7: onRequestHide at ORIGIN_CLIENT reason HIDE_SOFT_INPUT_REQUEST_HIDE_WITH_CONTROL fromUser true userId 0 displayId 0
04-27 00:54:30.200 31457 31457 D InsetsController: hide(ime())
04-27 00:54:30.200 31457 31457 D WindowOnBackDispatcher: setTopOnBackInvokedCallback (unwrapped): android.view.ViewRootImpl$$ExternalSyntheticLambda13@12d5896
04-27 00:54:30.201 31457 31457 D InsetsController: Setting requestedVisibleTypes to 496 (was 504)
04-27 00:54:30.202   736  1827 D CoreBackPreview: Window{1ed54aa u0 com.muonline.client/com.muonline.client.MuMainActivity}: Setting back callback OnBackInvokedCallbackInfo{mCallback=android.window.IOnBackInvokedCallback$Stub$Proxy@3d0ce68, mPriority=0, mIsAnimationCallback=false, mOverrideBehavior=0}
04-27 00:54:30.205   736  1827 I ImeTracker: system_server:cf6fc686: onRequestShow at ORIGIN_SERVER reason IME_REQUESTED_CHANGED_LISTENER fromUser false displayId 0
04-27 00:54:30.206  1036  1091 D WindowManagerShell: PipDesktopState: isPipInDesktopMode isAnyDeskActive=false isDisplayDesktopFirst=false
04-27 00:54:30.211  1036  1091 D Bubbles : BubbleController.BubblesImeListener.onImeVisibilityChanged visible=false runnable=null stackView=null
04-27 00:54:30.213   566  1316 I libbinder.BpBinder: onLastStrongRef automatically unlinking death recipients for binder (0x7eaa36067730) with descriptor: '(not cached)'
04-27 00:54:30.214   736   762 I ImeTracker: system_server:cf6fc686: onCancelled at PHASE_SERVER_ALREADY_VISIBLE
04-27 00:54:30.216  4105  4105 I StylusModule: StylusModule.onUpdateToolType():774 Update tool type = 2
04-27 00:54:30.220 31457 31457 D VRI[MuMainActivity]: WindowInsets changed: ime:null 
04-27 00:54:30.238   736   763 I ImeTracker: system_server:f5a2a19b: onRequestShow at ORIGIN_SERVER reason CONTROLS_CHANGED fromUser false displayId 0
04-27 00:54:30.244 31457 31457 I ImeTracker: system_server:f5a2a19b: onCancelled at PHASE_CLIENT_ON_CONTROLS_CHANGED
04-27 00:54:30.251 31457 31457 D VRI[MuMainActivity]: WindowInsets changed: navigationBars:null 
04-27 00:54:30.347 31457 31494 I MuMain  : PERF fps=31.0 frameMs=32.28 phase(render=31.41 pad=0.02 present=0.77) renderLevel=4 fxScale=1.00 maxMsg=30 avg(draw=362 verts=100809 im=1957 vaD=0 vaC=0 qI=241 qE=0) max(draw=374 verts=103059)
04-27 00:54:30.347 31457 31494 I MuMain  : PERF_SCENE world=73 char(live=0 vis=0 ply=0 mon=0 npc=0 pet=0 prio=0 topMon=-1 x0) obj(live=375 vis=106 op=0 trap=0 topObj=135 x12)
04-27 00:54:30.347 31457 31494 I MuMain  : PERF_BUCKET objMove(cand=0 upd=0 def=0 n=0 m=0 f=0) objRender(cand=0 draw=0 cull=0 n=0 m=0 f=0 visDraw=0 visDef=0) charMove(cand=0 upd=0 def=0 n=0 m=0 f=0) charRender(cand=0 draw=0 def=0 cull=0 n=0 m=0 f=0)
04-27 00:54:30.347 31457 31494 I MuMain  : PERF_TERRAIN world=73 normal(block=0 tile=0) grass(block=0 tile=0) after(block=0 tile=0)
04-27 00:54:30.426  4105  4105 I GoogleInputMethodService: GoogleInputMethodService.onFinishInputView():1601 onFinishInputView(false)
04-27 00:54:30.430  4105  4105 W TooltipLifecycleManager: TooltipLifecycleManager.dismissTooltips():153 Tooltip with id SUGGESTION_VIEW_EDU_MINI_DIALOG not found in tooltipManager.
04-27 00:54:30.431  4105  4105 I GlobeKeyExtension: GlobeKeyExtension.onDeactivate():153 
04-27 00:54:30.431  4105  4105 W TooltipLifecycleManager: TooltipLifecycleManager.dismissTooltips():153 Tooltip with id spell_check_add_to_dictionary not found in tooltipManager.
04-27 00:54:30.432  4105  4105 I VoiceInputManagerWrapper: VoiceInputManagerWrapper.shutdown():131 shutdown()
04-27 00:54:30.432  4105  4105 I AndroidIME: AbstractIme.onDeactivate():213 PasswordIme.onDeactivate()
04-27 00:54:30.436  4105  4105 I PrimesLoggerHolder: FrameMetricServiceImpl.stopAsFuture():239 Measurement not found: OnConfigurationChanged
04-27 00:54:30.438  4105  4105 W TooltipLifecycleManager: TooltipLifecycleManager.dismissTooltips():153 Tooltip with id undo_access_point_promotion_banner not found in tooltipManager.
04-27 00:54:30.438  4105  4105 D ImeBackCallbackSender: Unregister OnBackInvokedCallback at app window (packageName=com.muonline.client)
04-27 00:54:30.439  4105  4105 I ImeTracker: com.muonline.client:e25521e7: onHidden
04-27 00:54:30.449  4105  4105 I BaseKeyboardSizeHelper: BaseKeyboardSizeHelper.calculateMaxKeyboardBodyHeight():73 leave 281 height for app when ime window height:954, header height:108 and isFullscreenMode:false, so the max keyboard body height is:565
04-27 00:54:30.450  4105  4105 I BaseKeyboardSizeHelper: BaseKeyboardSizeHelper.calculateMaxKeyboardBodyHeight():73 leave 281 height for app when ime window height:954, header height:108 and isFullscreenMode:false, so the max keyboard body height is:565
04-27 00:54:30.602 31457 31494 I MuMain  : ADAPT fx scale: fps=31.4 frameMs=31.84 1.00->0.90 target=0.80
04-27 00:54:30.604   736  1602 I ImeTracker: system_server:e88de2bd: onRequestHide at ORIGIN_SERVER reason IME_REQUESTED_CHANGED_LISTENER fromUser false displayId 0
04-27 00:54:30.605   736   762 I ImeTracker: system_server:e88de2bd: onCancelled at PHASE_SERVER_SHOULD_HIDE
04-27 00:54:30.952  4105  4105 W TooltipLifecycleManager: TooltipLifecycleManager.dismissTooltips():153 Tooltip with id undo_access_point_promotion_banner not found in tooltipManager.
04-27 00:54:30.963   736  1602 I ImeTracker: system_server:b65355f0: onRequestHide at ORIGIN_SERVER reason IME_REQUESTED_CHANGED_LISTENER fromUser false displayId 0
04-27 00:54:30.965   736   762 I ImeTracker: system_server:b65355f0: onCancelled at PHASE_SERVER_SHOULD_HIDE
04-27 00:54:31.402 31457 31494 I MuMain  : PERF fps=33.2 frameMs=30.14 phase(render=29.28 pad=0.02 present=0.78) renderLevel=4 fxScale=1.00 maxMsg=30 avg(draw=368 verts=97080 im=1995 vaD=0 vaC=0 qI=249 qE=0) max(draw=381 verts=99630)
04-27 00:54:31.402 31457 31494 I MuMain  : PERF_SCENE world=73 char(live=0 vis=0 ply=0 mon=0 npc=0 pet=0 prio=0 topMon=-1 x0) obj(live=375 vis=90 op=0 trap=0 topObj=129 x7)
04-27 00:54:31.402 31457 31494 I MuMain  : PERF_BUCKET objMove(cand=0 upd=0 def=0 n=0 m=0 f=0) objRender(cand=0 draw=0 cull=0 n=0 m=0 f=0 visDraw=0 visDef=0) charMove(cand=0 upd=0 def=0 n=0 m=0 f=0) charRender(cand=0 draw=0 def=0 cull=0 n=0 m=0 f=0)
04-27 00:54:31.402 31457 31494 I MuMain  : PERF_TERRAIN world=73 normal(block=0 tile=0) grass(block=0 tile=0) after(block=0 tile=0)
04-27 00:54:31.514   736   954 I AdbWifiNetworkMonitor: Wi-Fi network available
04-27 00:54:31.514   736   954 I AdbWifiNetworkMonitor: Received the same Wi-Fi SSID. Ignoring.
04-27 00:54:31.521   736   921 I HalDevMgr: bestIfaceCreationProposal is null, requestIface=STA, existingIface=[name=wlan0 type=STA]
04-27 00:54:31.525   736   931 W libbinder.IPCThreadState: Sending oneway calls to frozen process.
04-27 00:54:31.524  1366  5070 I NullBinder: NullBinder for android.net.action.RECOMMEND_NETWORKS triggering remote TransactionTooLargeException due to Service without Chimera impl, calling uid: 1000, calling pid: 0
04-27 00:54:31.525  1366  5070 W libbinder.Binder: Large reply transaction of 1056768 bytes, interface descriptor , function: UNKNOWN_FUNCTION_NAME, code: 1, flags: 17
04-27 00:54:31.806  4105  4147 W LatinCommonCountersMetricsProcessor: LatinCommonCountersMetricsProcessor$DelightProblemReporter.run():829 Missing LM for 'en'
04-27 00:54:31.930 31457 31494 I MuMain  : ADAPT fx scale: fps=36.6 frameMs=27.32 1.00->0.90 target=0.90
04-27 00:54:32.343  4105  4105 I ImeTracker: com.google.android.inputmethod.latin:2760f0f7: onRequestShow at ORIGIN_IME reason SHOW_SOFT_INPUT_FROM_IME fromUser false userId 0 displayId 0
04-27 00:54:32.346 31457 31457 D InsetsController: show(ime())
04-27 00:54:32.347 31457 31457 D InsetsController: Setting requestedVisibleTypes to 504 (was 496)
04-27 00:54:32.348 31457 31457 D InsetsController: show(ime())
04-27 00:54:32.348 31457 31457 I ImeTracker: com.google.android.inputmethod.latin:2760f0f7: onCancelled at PHASE_CLIENT_REPORT_REQUESTED_VISIBLE_TYPES
04-27 00:54:32.357  4105  4105 I StylusModule: StylusModule.onUpdateToolType():774 Update tool type = 2
04-27 00:54:32.359  4105  4105 I GoogleInputMethodService: GoogleInputMethodService.onStartInputView():1472 onStartInputView(EditorInfo{EditorInfo{packageName=com.muonline.client, inputType=80091, inputTypeString=VisiblePassword[NoSuggestion], enableLearning=false, autoCorrection=false, autoComplete=true, imeOptions=93000006, privateImeOptions=null, actionName=DONE, actionLabel=null, initialSelStart=-1, initialSelEnd=-1, initialCapsMode=0, label=null, fieldId=-1, fieldName=null, extras=null, hintText=null, hintLocales=[]}}, false)
04-27 00:54:32.359  4105  4105 I KeyboardHeightUtil: KeyboardHeightUtil.getOemKeyboardHeightRatio():81 systemKeyboardHeightRatio:1.000000.
04-27 00:54:32.361  4105  4147 W ModuleManager: ModuleManager.loadModule():634 Module pig is not available
04-27 00:54:32.362  4105  4105 I InputContextChangeTracker: InputContextChangeTracker.fixLyingSelectionRangeFromSurroundingText():1678 fixLyingSelectionRangeFromSurroundingText(): [0, 0]([0, 0]) -> [7, 7]([7, 7])
04-27 00:54:32.362  4105  4105 W TooltipLifecycleManager: TooltipLifecycleManager.dismissTooltips():153 Tooltip with id SUGGESTION_VIEW_EDU_MINI_DIALOG not found in tooltipManager.
04-27 00:54:32.362  4105  4105 I AndroidIME: InputBundleManager.loadActiveInputBundleId():531 loadActiveInputBundleId: und-Latn-x-password, password
04-27 00:54:32.363  4105  4105 I AndroidIME: AbstractIme.onActivate():95 PasswordIme.onActivate() : EditorInfo = EditorInfo{packageName=com.muonline.client, inputType=80091, inputTypeString=VisiblePassword[NoSuggestion], enableLearning=false, autoCorrection=false, autoComplete=true, imeOptions=93000006, privateImeOptions=null, actionName=DONE, actionLabel=null, initialSelStart=-1, initialSelEnd=-1, initialCapsMode=0, label=null, fieldId=-1, fieldName=null, extras=null, hintText=null, hintLocales=[]}, IncognitoMode = true, DeviceLocked = false
04-27 00:54:32.363  4105  4105 I KeyboardWrapper: KeyboardWrapper.activateKeyboard():582 activateKeyboard(): type=prime, status=INACTIVE, imeDef=noh{stringId=password, language=und-Latn-x-password, languageTag=und-Latn-x-password, processedConditions={writing_helper_enable_by_word_revert=false, variant=qwerty, true=true, language=en-US, enable_number_row=true, device=phone, enable_number_row_in_password=true, enable_pk_simulator=false}, className=com.google.android.libraries.inputmethod.ime.password.PasswordIme, label=2132019347, keyEventInterpreter=null, inlineComposing=true, autoCapital=true, announceAutoSelectedCandidate=true, statusIcon=0, indicatorIcon=0, indicatorLabel=null, displayAppCompletions=false, extraValues=noa{}, processors=nqa@e1dc12, unacceptableMetaKeys=4098, languageSpecificSettings=0, asciiCapable=false, alwaysShowSuggestions=false, useAsciiPasswordKeyboard=false, keyboardGroupDef=npj@9245fe3, phenotypeFlagId=0, localizationLanguageTag=null, supportsInlineSuggestion=false}
04-27 00:54:32.363  4105  4105 I KeyboardManager: KeyboardManager.requestKeyboard():249 Creating keyboard prime, imeId=password, cacheKey=theme,!gsf,!pgsans,!pgsf,!use_system_font,BORDER,FLAVOR_DPI=XXHDPI,IS_LIGHT,KEYBOARD_MODE=1,KEYBOARD_WIDTH_CATEGORY=NORMAL,KEY_BORDER_SHAPE=1,LANDSCAPE,LIGHT_THEME=true,ORIENTATION=2,PHYSICAL_DIAGONAL=5.9809904,POPUP,SCREEN_SHORTEST_WIDTH=411,SCREEN_SHORTEST_WIDTH_NO_SCALE=411,SW400DP,XXHDPI,enable_popup_on_keypress=true,keyboard_redesign_google_sans=true,non_linear_scale,noshadow,overlay_builtin_dynamic_color_light_base.binarypb:gm3-light-fffaf8fe-ff4c5e8b-4fb1adea13304a190d4abf12326cf60c,silkpopup
04-27 00:54:32.364  4105  4105 I KeyboardWrapper: KeyboardWrapper.onKeyboardReady():224 onKeyboardReady(): type=prime(prime), kb=com.google.android.apps.inputmethod.latin.keyboard.LatinPasswordKeyboard@d746d9d
04-27 00:54:32.364  4105  4105 I KeyboardWrapper: KeyboardWrapper.doActivateKeyboard():612 doActivateKeyboard(): prime
04-27 00:54:32.370  4105  4105 I BaseKeyboardSizeHelper: BaseKeyboardSizeHelper.calculateMaxKeyboardBodyHeight():73 leave 281 height for app when ime window height:954, header height:108 and isFullscreenMode:false, so the max keyboard body height is:565
04-27 00:54:32.370  4105  4105 I GlobeKeyExtension: GlobeKeyExtension.getKeyboardInitialStates():185 
04-27 00:54:32.371  4105  4105 W Keyboard: Keyboard.getKeyboardViewHelper():604 null helper is returned: keyboardDef=npc{processedConditions={show_comma_key=true, enable_more_candidates_view_for_multilingual=false, layout_9key_split=false, enable_secondary_symbols=false, pref_enable_flick_symbols=false, enable_scrub_move=true, language=en-US, deprecate_long_press_space_for_ime_picker=false, show_suggestion_strip=true, expressions=normal, android_software_xr_api_spatial=false, variant=qwerty, free_cursor=false, show_period_key=true, enable_number_row=true, device=phone, keyboard_mode=normal, show_secondary_digits=false, enable_pk_simulator=false, enable_preemptive_decode=true}, globalConditions={global_theme_key=theme,!gsf,!pgsans,!pgsf,!use_system_font,BORDER,FLAVOR_DPI=XXHDPI,IS_LIGHT,KEYBOARD_MODE=1,KEYBOARD_WIDTH_CATEGORY=NORMAL,KEY_BORDER_SHAPE=1,LANDSCAPE,LIGHT_THEME=true,ORIENTATION=2,PHYSICAL_DIAGONAL=5.9809904,POPUP,SCREEN_SHORTEST_WIDTH=411,SCREEN_SHORTEST_WIDTH_NO_SCALE=411,SW400DP,XXHDPI,enable_popup_on_keypress=true,keyboard_redesign_google_sans=true,non_linear_scale,noshadow,overlay_builtin_dynamic_color_light_base.binarypb:gm3-light-fffaf8fe-ff4c5e8b-4fb1adea13304a190d4abf12326cf60c,silkpopup, global_locale=en_US, global_density_dpi=420, global_orientation=2}, className=.latin.keyboard.LatinPasswordKeyboard, resourceIds=[#0x7f1705f8, #0x7f17088a, #0x7f1706b8], initialStates=0, keyboardViewDefs=[npr{direction=null, id=#0x7f0b0226, isScalable=true, layoutId=#0x7f0e02b5, type=BODY, touchable=true, defaultShow=true}, npr{direction=null, id=#0x7f0b0226, isScalable=false, layoutId=#0x7f0e0211, type=FLOATING_CANDIDATES, touchable=false, defaultShow=false}, npr{direction=LOCALE, id=#0x7f0b0226, isScalable=false, layoutId=#0x7f0e0518, type=HEADER, touchable=true, defaultShow=true}], persistentStates=0, persistentStatesPrefKey=null, popupBubbleLayoutId=#0x7f0e0606, recentKeyLayoutId=#0x0, recentKeyPopupLayoutId=#0x0, recentKeyType=null, rememberRecentKey=NONE, sessionStates=17592186044419}, type=WIDGET, helpersCreated={HEADER=nal@795046d, BODY=nal@b1a48a2, FLOATING_CANDIDATES=nal@b9e7933}, context.getResources().getConfiguration(): {1.0 310mcc260mnc [en_US] ldltr sw411dp w914dp h411dp 420dpi nrml long compactNeeded land finger qwerty/v/v dpad/v winConfig={ mBounds=Rect(0, 0 - 2400, 1080) mAppBounds=Rect(0, 0 - 2400, 1080) mMaxBounds=Rect(0, 0 - 2400, 1080) mDisplayRotation=ROTATION_90 mWindowingMode=fullscreen mActivityType=undefined mAlwaysOnTop=undefined mRotation=ROTATION_90} as.3 s.3131 fontWeightAdjustment=0}
04-27 00:54:32.372  4105  4105 I BaseKeyboardSizeHelper: BaseKeyboardSizeHelper.calculateMaxKeyboardBodyHeight():73 leave 281 height for app when ime window height:954, header height:108 and isFullscreenMode:false, so the max keyboard body height is:565
04-27 00:54:32.372  4105  4105 I AndroidIME: InputBundleManager.startInput():361 startInput() with npn[keyboardType=prime, payload=null]
04-27 00:54:32.373  4105  4105 I PkModeUpdater: PkModeUpdater.onActivate():74 onActivate false true
04-27 00:54:32.373  4105  4105 I AccessoryInputModeManager: AccessoryInputModeManager.onModeStarted():324 Accessory input mode started: null
04-27 00:54:32.373  4105  4105 W SupplementaryKeyboardsWrapper: SupplementaryKeyboardsWrapper.deactivateKeyboard():162 keyboard accessory_candidates_consumer is not activated before!
04-27 00:54:32.374  4105  4105 I GlobeKeyExtension: GlobeKeyExtension.onActivate():129 
04-27 00:54:32.375  4105  4105 I BaseKeyboardSizeHelper: BaseKeyboardSizeHelper.calculateMaxKeyboardBodyHeight():73 leave 281 height for app when ime window height:954, header height:108 and isFullscreenMode:false, so the max keyboard body height is:565
04-27 00:54:32.375  4105  4105 I BaseKeyboardSizeHelper: BaseKeyboardSizeHelper.calculateMaxKeyboardBodyHeight():73 leave 281 height for app when ime window height:954, header height:108 and isFullscreenMode:false, so the max keyboard body height is:565
04-27 00:54:32.375  4105  4105 I BaseKeyboardSizeHelper: BaseKeyboardSizeHelper.calculateMaxKeyboardBodyHeight():73 leave 281 height for app when ime window height:954, header height:108 and isFullscreenMode:false, so the max keyboard body height is:565
04-27 00:54:32.376  4105  4105 I BaseKeyboardSizeHelper: BaseKeyboardSizeHelper.calculateMaxKeyboardBodyHeight():73 leave 281 height for app when ime window height:954, header height:108 and isFullscreenMode:false, so the max keyboard body height is:565
04-27 00:54:32.376  4105  4105 W ExtensionWrapper: ExtensionWrapper.setExtensionViewVisibility():876 interface ndx is not activate
04-27 00:54:32.376  4105  4105 I NewLanguagePromptExtension: NewLanguagePromptExtension.onActivate():189 Not activated NewLanguagePromptExtension: not a normal text input box.
04-27 00:54:32.377  4105  4105 I VoiceInputManagerWrapper: VoiceInputManagerWrapper.cancelShutdown():109 cancelShutdown()
04-27 00:54:32.377  4105  4105 I VoiceInputManagerWrapper: VoiceInputManagerWrapper.syncLanguagePacks():121 syncLanguagePacks()
04-27 00:54:32.377  4105  4105 I VoiceInputManager: VoiceInputManager.onKeyboardActivated():1216 onKeyboardActivated() [UD]
04-27 00:54:32.377  4105 30850 I SpeechFactory: SpeechRecognitionFactory.maybeScheduleAutoPackDownloadForFallback():217 maybeScheduleAutoPackDownloadForFallback()
04-27 00:54:32.378  4105  4105 I StylusModule: StylusModule.onUpdateToolType():774 Update tool type = 0
04-27 00:54:32.378  4105 30850 I FallbackOnDeviceRecognitionProvider: FallbackOnDeviceRecognitionProvider.maybeScheduleAutoPackDownload():213 maybeScheduleAutoPackDownload() for language tag en-US
04-27 00:54:32.380  4105  4105 I StylusModule: StylusModule.onUpdateToolType():774 Update tool type = 0
04-27 00:54:32.382  4105  4105 I StylusModule: StylusModule.onUpdateToolType():774 Update tool type = 0
04-27 00:54:32.383  4105  4105 I ContactNoticeModule: ContactNoticeModule.shouldPostContactPermissionNotice():142 Not post contact permission notice: not a normal text input box.
04-27 00:54:32.383  4105  4105 I Module  : DeviceLockedStatusModuleProvider$Module.updateDeviceLockedStatus():103 repeatCheckTimes = 1, locked = false
04-27 00:54:32.386  4105 31169 I SystemHapticSettings: SystemHapticSettings.updateSystemVibrationState():61 update vibration state: true
04-27 00:54:32.387  4105  4105 D ImeBackCallbackSender: Register OnBackInvokedCallback with priority=-1 at app window (packageName=com.muonline.client)
04-27 00:54:32.388  4105  4105 I StylusModule: StylusModule.onUpdateToolType():774 Update tool type = 0
04-27 00:54:32.388 31457 31457 D WindowOnBackDispatcher: setTopOnBackInvokedCallback (unwrapped): android.view.ImeBackAnimationController@85af2e
04-27 00:54:32.388   736  1095 D CoreBackPreview: Window{1ed54aa u0 com.muonline.client/com.muonline.client.MuMainActivity}: Setting back callback OnBackInvokedCallbackInfo{mCallback=android.window.IOnBackInvokedCallback$Stub$Proxy@2b00b0a, mPriority=0, mIsAnimationCallback=true, mOverrideBehavior=0}
04-27 00:54:32.392   736  1095 D WindowManager: setClientSurface Surface(name=VRI-InputMethod#3211)/@0xc0def7b for b8695fc InputMethod
04-27 00:54:32.392  4105  4105 I Surface : Creating surface for consumer unnamed-4105-6 with slotExpansion=1 for 64 slots
04-27 00:54:32.393  4105  4105 I Surface : Creating surface for consumer VRI[InputMethod]#6(BLAST Consumer)6 with slotExpansion=1 for 64 slots
04-27 00:54:32.393 31457 31494 I MuMain  : CHATIME SDL_KEYDOWN sym=49 repeat=0 hasFocusedText=1 sdlTextInput=1
04-27 00:54:32.393 31457 31494 I MuMain  : CHATIME SDL_TEXTINPUT text='1' hasFocusedText=1
04-27 00:54:32.393 31457 31494 I MuMain  : CHATIME SDL_KEYDOWN sym=49 repeat=0 hasFocusedText=1 sdlTextInput=1
04-27 00:54:32.393 31457 31494 I MuMain  : CHATIME SDL_KEYDOWN sym=50 repeat=0 hasFocusedText=1 sdlTextInput=1
04-27 00:54:32.393 31457 31494 I MuMain  : CHATIME SDL_TEXTINPUT text='2' hasFocusedText=1
04-27 00:54:32.393 31457 31494 I MuMain  : CHATIME SDL_KEYDOWN sym=50 repeat=0 hasFocusedText=1 sdlTextInput=1
04-27 00:54:32.394 31457 31494 I MuMain  : CHATIME SDL_KEYDOWN sym=51 repeat=0 hasFocusedText=1 sdlTextInput=1
04-27 00:54:32.394 31457 31494 I MuMain  : CHATIME SDL_TEXTINPUT text='3' hasFocusedText=1
04-27 00:54:32.394 31457 31494 I MuMain  : CHATIME SDL_KEYDOWN sym=51 repeat=0 hasFocusedText=1 sdlTextInput=1
04-27 00:54:32.394 31457 31494 I MuMain  : CHATIME SDL_KEYDOWN sym=52 repeat=0 hasFocusedText=1 sdlTextInput=1
04-27 00:54:32.394 31457 31494 I MuMain  : CHATIME SDL_TEXTINPUT text='4' hasFocusedText=1
04-27 00:54:32.394 31457 31494 I MuMain  : CHATIME SDL_KEYDOWN sym=52 repeat=0 hasFocusedText=1 sdlTextInput=1
04-27 00:54:32.437 31457 31457 D VRI[MuMainActivity]: WindowInsets changed: navigationBars:[0,0,0,63] 
04-27 00:54:32.450  4105  4105 I GoogleInputMethodService: GoogleInputMethodService$1.onKeyboardViewShown():331 onKeyboardViewShown: keyboardType=prime, keyboardViewType=HEADER keyboardView=com.google.android.libraries.inputmethod.widgets.SoftKeyboardView{7201227 V.E...... ........ 0,0-2268,108 aid=718}
04-27 00:54:32.451  1036  1091 D WindowManagerShell: PipDesktopState: isPipInDesktopMode isAnyDeskActive=false isDisplayDesktopFirst=false
04-27 00:54:32.451  1036  1091 D Bubbles : BubbleController.BubblesImeListener.onImeVisibilityChanged visible=true runnable=null stackView=null
04-27 00:54:32.452  4105  4105 I BaseKeyboardSizeHelper: BaseKeyboardSizeHelper.calculateMaxKeyboardBodyHeight():73 leave 281 height for app when ime window height:954, header height:108 and isFullscreenMode:false, so the max keyboard body height is:565
04-27 00:54:32.453  4105  4105 I StylusModule: StylusModule.onUpdateToolType():774 Update tool type = 0
04-27 00:54:32.454  4105  4105 I GoogleInputMethodService: GoogleInputMethodService$1.onKeyboardViewShown():331 onKeyboardViewShown: keyboardType=prime, keyboardViewType=BODY keyboardView=com.google.android.libraries.inputmethod.widgets.SoftKeyboardView{1886dfb V.E...... ........ 0,0-2268,541 aid=926}
04-27 00:54:32.454  4105  4105 I BaseKeyboardSizeHelper: BaseKeyboardSizeHelper.calculateMaxKeyboardBodyHeight():73 leave 281 height for app when ime window height:954, header height:108 and isFullscreenMode:false, so the max keyboard body height is:565
04-27 00:54:32.455  4105  4105 I GlobeKeyExtension: GlobeKeyExtension$1.onKeyboardViewShown():76 maybeDisableLanguageSwitchKeyPref when the keyboard is shown
04-27 00:54:32.455  4105  4105 I GlobeKeyExtension: GlobeKeyExtension.maybeDisableLanguageSwitchKeyPref():210 maybeDisableLanguageSwitchKeyPref hasGlobeKeyBeenDisabled: true, shouldDisableLanguageSwitchKey: true
04-27 00:54:32.455  4105  4105 I NewLanguagePromptExtension: NewLanguagePromptExtension$1.onKeyboardViewShown():88 Not show new language banner: not prime keyboard, or the extension not activated.
04-27 00:54:32.460  4105  4105 I BaseKeyboardSizeHelper: BaseKeyboardSizeHelper.calculateMaxKeyboardBodyHeight():73 leave 281 height for app when ime window height:954, header height:108 and isFullscreenMode:false, so the max keyboard body height is:565
04-27 00:54:32.460  4105  4105 I BaseKeyboardSizeHelper: BaseKeyboardSizeHelper.calculateMaxKeyboardBodyHeight():73 leave 281 height for app when ime window height:954, header height:108 and isFullscreenMode:false, so the max keyboard body height is:565
04-27 00:54:32.462  4105  4105 I StylusModule: StylusModule.onUpdateToolType():774 Update tool type = 0
04-27 00:54:32.477   566   616 W skia    : AGTM parsing failed flags.readFromStream(s) at 159
04-27 00:54:32.486 31457 31494 I MuMain  : PERF fps=31.3 frameMs=31.97 phase(render=30.20 pad=0.02 present=1.62) renderLevel=4 fxScale=1.00 maxMsg=30 avg(draw=358 verts=82736 im=1983 vaD=0 vaC=0 qI=255 qE=0) max(draw=365 verts=84336)
04-27 00:54:32.486 31457 31494 I MuMain  : PERF_SCENE world=73 char(live=0 vis=0 ply=0 mon=0 npc=0 pet=0 prio=0 topMon=-1 x0) obj(live=375 vis=76 op=0 trap=0 topObj=129 x7)
04-27 00:54:32.486 31457 31494 I MuMain  : PERF_BUCKET objMove(cand=0 upd=0 def=0 n=0 m=0 f=0) objRender(cand=0 draw=0 cull=0 n=0 m=0 f=0 visDraw=0 visDef=0) charMove(cand=0 upd=0 def=0 n=0 m=0 f=0) charRender(cand=0 draw=0 def=0 cull=0 n=0 m=0 f=0)
04-27 00:54:32.486 31457 31494 I MuMain  : PERF_TERRAIN world=73 normal(block=0 tile=0) grass(block=0 tile=0) after(block=0 tile=0)
04-27 00:54:32.486 31457 31494 I MuMain  : CHATIME SDL_KEYDOWN sym=53 repeat=0 hasFocusedText=1 sdlTextInput=1
04-27 00:54:32.486 31457 31494 I MuMain  : CHATIME SDL_TEXTINPUT text='5' hasFocusedText=1
04-27 00:54:32.486 31457 31494 I MuMain  : CHATIME SDL_KEYDOWN sym=53 repeat=0 hasFocusedText=1 sdlTextInput=1
04-27 00:54:32.486 31457 31494 I MuMain  : CHATIME SDL_KEYDOWN sym=54 repeat=0 hasFocusedText=1 sdlTextInput=1
04-27 00:54:32.486 31457 31494 I MuMain  : CHATIME SDL_TEXTINPUT text='6' hasFocusedText=1
04-27 00:54:32.486 31457 31494 I MuMain  : CHATIME SDL_KEYDOWN sym=54 repeat=0 hasFocusedText=1 sdlTextInput=1
04-27 00:54:32.486 31457 31457 D VRI[MuMainActivity]: WindowInsets changed: ime:[0,0,0,775] 
04-27 00:54:32.579   566   616 W skia    : AGTM parsing failed flags.readFromStream(s) at 159
04-27 00:54:32.579   566   616 W skia    : AGTM parsing failed flags.readFromStream(s) at 159
04-27 00:54:32.679   566   616 W skia    : AGTM parsing failed flags.readFromStream(s) at 159
04-27 00:54:32.679   566   616 W skia    : AGTM parsing failed flags.readFromStream(s) at 159
04-27 00:54:32.686 31457 31457 I ImeTracker: com.google.android.inputmethod.latin:2760f0f7: onShown
04-27 00:54:32.686   736  1095 I ImeTracker: com.google.android.inputmethod.latin:2760f0f7: onFinished on previously finished token at PHASE_NOT_SET with STATUS_SUCCESS
04-27 00:54:32.789   566   616 W skia    : AGTM parsing failed flags.readFromStream(s) at 159
04-27 00:54:32.789   566   616 W skia    : AGTM parsing failed flags.readFromStream(s) at 159
04-27 00:54:32.889   566   616 W skia    : AGTM parsing failed flags.readFromStream(s) at 159
04-27 00:54:32.889   566   616 W skia    : AGTM parsing failed flags.readFromStream(s) at 159
04-27 00:54:32.991   566   616 W skia    : AGTM parsing failed flags.readFromStream(s) at 159
04-27 00:54:32.991   566   616 W skia    : AGTM parsing failed flags.readFromStream(s) at 159
04-27 00:54:33.093   566   616 W skia    : AGTM parsing failed flags.readFromStream(s) at 159
04-27 00:54:33.093   566   616 W skia    : AGTM parsing failed flags.readFromStream(s) at 159
04-27 00:54:33.195   566   616 W skia    : AGTM parsing failed flags.readFromStream(s) at 159
04-27 00:54:33.196   566   616 W skia    : AGTM parsing failed flags.readFromStream(s) at 159
04-27 00:54:33.275 31457 31494 I MuMain  : ADAPT fx scale: fps=38.8 frameMs=25.78 1.00->0.90 target=0.90
04-27 00:54:33.296   566   616 W skia    : AGTM parsing failed flags.readFromStream(s) at 159
04-27 00:54:33.296   566   616 W skia    : AGTM parsing failed flags.readFromStream(s) at 159
04-27 00:54:33.398   566   616 W skia    : AGTM parsing failed flags.readFromStream(s) at 159
04-27 00:54:33.398   566   616 W skia    : AGTM parsing failed flags.readFromStream(s) at 159
04-27 00:54:33.507   566   616 W skia    : AGTM parsing failed flags.readFromStream(s) at 159
04-27 00:54:33.507   566   616 W skia    : AGTM parsing failed flags.readFromStream(s) at 159
04-27 00:54:33.540 31457 31457 I ImeTracker: com.muonline.client:f532cb4f: onRequestHide at ORIGIN_CLIENT reason HIDE_SOFT_INPUT_REQUEST_HIDE_WITH_CONTROL fromUser true userId 0 displayId 0
04-27 00:54:33.540 31457 31457 D InsetsController: hide(ime())
04-27 00:54:33.540 31457 31457 D WindowOnBackDispatcher: setTopOnBackInvokedCallback (unwrapped): android.view.ViewRootImpl$$ExternalSyntheticLambda13@12d5896
04-27 00:54:33.540 31457 31457 D InsetsController: Setting requestedVisibleTypes to 496 (was 504)
04-27 00:54:33.541   736  2220 D CoreBackPreview: Window{1ed54aa u0 com.muonline.client/com.muonline.client.MuMainActivity}: Setting back callback OnBackInvokedCallbackInfo{mCallback=android.window.IOnBackInvokedCallback$Stub$Proxy@b4d2f3, mPriority=0, mIsAnimationCallback=false, mOverrideBehavior=0}
04-27 00:54:33.542   736  1095 I ImeTracker: system_server:11f12cf8: onRequestShow at ORIGIN_SERVER reason IME_REQUESTED_CHANGED_LISTENER fromUser false displayId 0
04-27 00:54:33.543  1036  1091 D WindowManagerShell: PipDesktopState: isPipInDesktopMode isAnyDeskActive=false isDisplayDesktopFirst=false
04-27 00:54:33.544  1036  1091 D Bubbles : BubbleController.BubblesImeListener.onImeVisibilityChanged visible=false runnable=null stackView=null
04-27 00:54:33.551   566   599 I libbinder.BpBinder: onLastStrongRef automatically unlinking death recipients for binder (0x7eaa360666b0) with descriptor: '(not cached)'
04-27 00:54:33.554 31457 31457 D VRI[MuMainActivity]: WindowInsets changed: ime:null 
04-27 00:54:33.559   736   762 I ImeTracker: system_server:11f12cf8: onCancelled at PHASE_SERVER_ALREADY_VISIBLE
04-27 00:54:33.560  4105  4105 I StylusModule: StylusModule.onUpdateToolType():774 Update tool type = 2
04-27 00:54:33.561 31457 31494 I MuMain  : PERF fps=35.1 frameMs=28.50 phase(render=27.57 pad=0.02 present=0.83) renderLevel=4 fxScale=1.00 maxMsg=30 avg(draw=365 verts=89243 im=1969 vaD=0 vaC=0 qI=263 qE=0) max(draw=372 verts=89316)
04-27 00:54:33.561 31457 31494 I MuMain  : PERF_SCENE world=73 char(live=0 vis=0 ply=0 mon=0 npc=0 pet=0 prio=0 topMon=-1 x0) obj(live=375 vis=64 op=0 trap=0 topObj=129 x6)
04-27 00:54:33.561 31457 31494 I MuMain  : PERF_BUCKET objMove(cand=0 upd=0 def=0 n=0 m=0 f=0) objRender(cand=0 draw=0 cull=0 n=0 m=0 f=0 visDraw=0 visDef=0) charMove(cand=0 upd=0 def=0 n=0 m=0 f=0) charRender(cand=0 draw=0 def=0 cull=0 n=0 m=0 f=0)
04-27 00:54:33.561 31457 31494 I MuMain  : PERF_TERRAIN world=73 normal(block=0 tile=0) grass(block=0 tile=0) after(block=0 tile=0)
04-27 00:54:33.570   736   763 I ImeTracker: system_server:ab369602: onRequestShow at ORIGIN_SERVER reason CONTROLS_CHANGED fromUser false displayId 0
04-27 00:54:33.572 31457 31457 I ImeTracker: system_server:ab369602: onCancelled at PHASE_CLIENT_ON_CONTROLS_CHANGED
04-27 00:54:33.584 31457 31457 D VRI[MuMainActivity]: WindowInsets changed: navigationBars:null 
04-27 00:54:33.599   736   862 D ActivityManager: freezing 4376 com.google.android.permissioncontroller
04-27 00:54:33.603   736   931 D InetDiagMessage: Destroyed 0 sockets, proto=IPPROTO_TCP, family=AF_INET, states=14
04-27 00:54:33.604   736   931 D InetDiagMessage: Destroyed 0 sockets, proto=IPPROTO_TCP, family=AF_INET6, states=14
04-27 00:54:33.604   736   931 D InetDiagMessage: Destroyed live tcp sockets for uids={10211} in 1ms
04-27 00:54:33.763  4105  4105 I GoogleInputMethodService: GoogleInputMethodService.onFinishInputView():1601 onFinishInputView(false)
04-27 00:54:33.764  4105  4105 W TooltipLifecycleManager: TooltipLifecycleManager.dismissTooltips():153 Tooltip with id SUGGESTION_VIEW_EDU_MINI_DIALOG not found in tooltipManager.
04-27 00:54:33.765  4105  4105 I GlobeKeyExtension: GlobeKeyExtension.onDeactivate():153 
04-27 00:54:33.765  4105  4105 W TooltipLifecycleManager: TooltipLifecycleManager.dismissTooltips():153 Tooltip with id spell_check_add_to_dictionary not found in tooltipManager.
04-27 00:54:33.765  4105  4105 I VoiceInputManagerWrapper: VoiceInputManagerWrapper.shutdown():131 shutdown()
04-27 00:54:33.766  4105  4105 I AndroidIME: AbstractIme.onDeactivate():213 PasswordIme.onDeactivate()
04-27 00:54:33.768  4105  4105 I PrimesLoggerHolder: FrameMetricServiceImpl.stopAsFuture():239 Measurement not found: OnConfigurationChanged
04-27 00:54:33.774  4105  4105 W TooltipLifecycleManager: TooltipLifecycleManager.dismissTooltips():153 Tooltip with id undo_access_point_promotion_banner not found in tooltipManager.
04-27 00:54:33.774  4105  4105 D ImeBackCallbackSender: Unregister OnBackInvokedCallback at app window (packageName=com.muonline.client)
04-27 00:54:33.774  4105  4105 I ImeTracker: com.muonline.client:f532cb4f: onHidden
04-27 00:54:33.792  4105  4105 I BaseKeyboardSizeHelper: BaseKeyboardSizeHelper.calculateMaxKeyboardBodyHeight():73 leave 281 height for app when ime window height:954, header height:108 and isFullscreenMode:false, so the max keyboard body height is:565
04-27 00:54:33.793  4105  4105 I BaseKeyboardSizeHelper: BaseKeyboardSizeHelper.calculateMaxKeyboardBodyHeight():73 leave 281 height for app when ime window height:954, header height:108 and isFullscreenMode:false, so the max keyboard body height is:565
04-27 00:54:33.854   560   624 D AF::Track: interceptBuffer: took 1145us to intercept 0 tracks
04-27 00:54:33.944   736  1095 I ImeTracker: system_server:fac8001d: onRequestHide at ORIGIN_SERVER reason IME_REQUESTED_CHANGED_LISTENER fromUser false displayId 0
04-27 00:54:33.947   736   762 I ImeTracker: system_server:fac8001d: onCancelled at PHASE_SERVER_SHOULD_HIDE
04-27 00:54:34.012  2780  2785 I artd    : GetBestInfo: odex next to the dex file (/data/app/~~PqdBwR9WSFUNw4iaJMgoGg==/com.google.android.gms-95Dc1VeYXyONiCBDqz_lkA==/oat/x86_64/base.odex) is kOatUpToDate with filter 'speed-profile' executable 'false'
04-27 00:54:34.015  2780  2785 I artd    : GetBestInfo: dm (/data/app/~~PqdBwR9WSFUNw4iaJMgoGg==/com.google.android.gms-95Dc1VeYXyONiCBDqz_lkA==/split_AdsDynamite_installtime.dm) is kOatUpToDate with filter 'verify' executable 'false'
04-27 00:54:34.017  2780  2785 I artd    : GetBestInfo: dm (/data/app/~~PqdBwR9WSFUNw4iaJMgoGg==/com.google.android.gms-95Dc1VeYXyONiCBDqz_lkA==/split_CronetDynamite_installtime.dm) is kOatUpToDate with filter 'verify' executable 'false'
04-27 00:54:34.019  2780  2785 I artd    : GetBestInfo: dm (/data/app/~~PqdBwR9WSFUNw4iaJMgoGg==/com.google.android.gms-95Dc1VeYXyONiCBDqz_lkA==/split_DynamiteLoader_installtime.dm) is kOatUpToDate with filter 'verify' executable 'false'
04-27 00:54:34.022  2780  2785 I artd    : GetBestInfo: dm (/data/app/~~PqdBwR9WSFUNw4iaJMgoGg==/com.google.android.gms-95Dc1VeYXyONiCBDqz_lkA==/split_DynamiteModulesA_installtime.dm) is kOatUpToDate with filter 'verify' executable 'false'
04-27 00:54:34.025  2780  2785 I artd    : GetBestInfo: dm (/data/app/~~PqdBwR9WSFUNw4iaJMgoGg==/com.google.android.gms-95Dc1VeYXyONiCBDqz_lkA==/split_DynamiteModulesC_installtime.dm) is kOatUpToDate with filter 'verify' executable 'false'
04-27 00:54:34.027  2780  2785 I artd    : GetBestInfo: dm (/data/app/~~PqdBwR9WSFUNw4iaJMgoGg==/com.google.android.gms-95Dc1VeYXyONiCBDqz_lkA==/split_GoogleCertificates_installtime.dm) is kOatUpToDate with filter 'verify' executable 'false'
04-27 00:54:34.029  2780  2785 I artd    : GetBestInfo: dm (/data/app/~~PqdBwR9WSFUNw4iaJMgoGg==/com.google.android.gms-95Dc1VeYXyONiCBDqz_lkA==/split_MapsDynamite_installtime.dm) is kOatUpToDate with filter 'verify' executable 'false'
04-27 00:54:34.031  2780  2785 I artd    : GetBestInfo: dm (/data/app/~~PqdBwR9WSFUNw4iaJMgoGg==/com.google.android.gms-95Dc1VeYXyONiCBDqz_lkA==/split_MeasurementDynamite_installtime.dm) is kOatUpToDate with filter 'verify' executable 'false'
04-27 00:54:34.034  2780  2785 I artd    : GetBestInfo: dm (/data/app/~~PqdBwR9WSFUNw4iaJMgoGg==/com.google.android.gms-95Dc1VeYXyONiCBDqz_lkA==/split_all_locale_splits.dm) is kOatUpToDate with filter 'verify' executable 'false'
04-27 00:54:34.035  2780  2785 I artd    : GetBestInfo: /data/user_de/0/com.google.android.gms/app_chimera/m/0000000a/dl-TfliteDynamiteDynamite.integ_252130102100800.apk has no usable artifacts
04-27 00:54:34.036  2780  2785 I artd    : GetBestInfo: /data/user_de/0/com.google.android.gms/app_chimera/m/00000001/CronetDynamite.apk has no usable artifacts
04-27 00:54:34.037  2780  2785 I artd    : GetBestInfo: /data/user_de/0/com.google.android.gms/app_chimera/m/00000016/dl-MlkitOcrCommon.optional_261332100800.apk has no usable artifacts
04-27 00:54:34.038  2780  2785 I artd    : GetBestInfo: /data/user_de/0/com.google.android.gms/app_chimera/m/00000002/DynamiteLoader.apk has no usable artifacts
04-27 00:54:34.040  2780  2785 I artd    : GetBestInfo: /data/user_de/0/com.google.android.gms/app_chimera/m/0000000e/dl-MlkitBarcodeUi.optional_260235100800.apk has no usable artifacts
04-27 00:54:34.042  2780  2785 I artd    : GetBestInfo: /data/user_de/0/com.google.android.gms/app_chimera/m/00000013/dl-Appsearch.optional_261332100800.apk has no usable artifacts
04-27 00:54:34.042  2780  2785 I artd    : GetBestInfo: /data/user_de/0/com.google.android.gms/app_chimera/m/00000005/GoogleCertificates.apk has no usable artifacts
04-27 00:54:34.044  2780  2785 I artd    : GetBestInfo: /data/user_de/0/com.google.android.gms/app_chimera/m/00000012/dl-PlayCloudSearch.optional_261332100000.apk has no usable artifacts
04-27 00:54:34.047  2780  2785 I artd    : GetBestInfo: vdex next to the dex file (/data/user/0/com.google.android.gms/app_dg_cache/B3ED91DEC21F0EB5284BE10D982ABEAAC45F5C48/oat/x86_64/the.vdex) is kOatUpToDate with filter 'verify' executable 'false'
04-27 00:54:34.049  2780  2785 I artd    : GetBestInfo: /data/user_de/0/com.google.android.gms/app_chimera/m/0000000f/dl-PlayCloudSearch.optional_260235100000.apk has no usable artifacts
04-27 00:54:34.051  2780  2785 I artd    : GetBestInfo: /data/user_de/0/com.google.android.gms/app_chimera/m/00000008/dl-VisionOcr.optional_260235100000.apk has no usable artifacts
04-27 00:54:34.053  2780  2785 I artd    : GetBestInfo: /data/user_de/0/com.google.android.gms/app_chimera/m/0000000b/dl-Appsearch.optional_260235100800.apk has no usable artifacts
04-27 00:54:34.056  2780  2785 I artd    : GetBestInfo: /data/user_de/0/com.google.android.gms/app_chimera/m/00000011/dl-VisionOcr.optional_261332100000.apk has no usable artifacts
04-27 00:54:34.058  2780  2785 I artd    : GetBestInfo: /data/user_de/0/com.google.android.gms/app_chimera/m/00000015/dl-MlkitBarcodeUi.optional_261332100800.apk has no usable artifacts
04-27 00:54:34.060  2780  2785 I artd    : GetBestInfo: /data/user_de/0/com.google.android.gms/app_chimera/m/00000009/dl-MlkitOcrCommon.optional_260235100800.apk has no usable artifacts
04-27 00:54:34.063  2780  2785 I artd    : GetBestInfo: vdex next to the dex file (/data/user/0/com.google.android.gms/app_dg_cache/CE973E4DE823F0AA69070767A9FABB590DDD455C/oat/x86_64/the.vdex) is kOatUpToDate with filter 'verify' executable 'false'
04-27 00:54:34.064  2780  2785 I artd    : GetBestInfo: /data/user_de/0/com.google.android.gms/app_chimera/m/00000007/MeasurementDynamite.apk has no usable artifacts
04-27 00:54:34.287  4105  4105 W TooltipLifecycleManager: TooltipLifecycleManager.dismissTooltips():153 Tooltip with id undo_access_point_promotion_banner not found in tooltipManager.
04-27 00:54:34.293   736  2220 I ImeTracker: system_server:5a1cdeaf: onRequestHide at ORIGIN_SERVER reason IME_REQUESTED_CHANGED_LISTENER fromUser false displayId 0
04-27 00:54:34.294   736   762 I ImeTracker: system_server:5a1cdeaf: onCancelled at PHASE_SERVER_SHOULD_HIDE
04-27 00:54:34.527   736   921 I HalDevMgr: bestIfaceCreationProposal is null, requestIface=STA, existingIface=[name=wlan0 type=STA]
04-27 00:54:34.538  1160  1312 D IpClient/wlan0: interfaceLinkStateChanged: ifindex 16 up
04-27 00:54:34.544  1160  1312 D IpClient/wlan0: interfaceLinkStateChanged: ifindex 16 up
04-27 00:54:34.646 31457 31494 I MuMain  : ADAPT fx scale: fps=37.1 frameMs=26.96 1.00->0.90 target=0.90
04-27 00:54:34.646 31457 31494 I MuMain  : PERF fps=37.1 frameMs=26.96 phase(render=25.90 pad=0.02 present=0.96) renderLevel=4 fxScale=1.00 maxMsg=30 avg(draw=331 verts=94881 im=1921 vaD=0 vaC=0 qI=227 qE=0) max(draw=335 verts=95754)
04-27 00:54:34.647 31457 31494 I MuMain  : PERF_SCENE world=73 char(live=0 vis=0 ply=0 mon=0 npc=0 pet=0 prio=0 topMon=-1 x0) obj(live=375 vis=53 op=0 trap=0 topObj=129 x6)
04-27 00:54:34.647 31457 31494 I MuMain  : PERF_BUCKET objMove(cand=0 upd=0 def=0 n=0 m=0 f=0) objRender(cand=0 draw=0 cull=0 n=0 m=0 f=0 visDraw=0 visDef=0) charMove(cand=0 upd=0 def=0 n=0 m=0 f=0) charRender(cand=0 draw=0 def=0 cull=0 n=0 m=0 f=0)
04-27 00:54:34.647 31457 31494 I MuMain  : PERF_TERRAIN world=73 normal(block=0 tile=0) grass(block=0 tile=0) after(block=0 tile=0)
04-27 00:54:35.365  4105  4147 W LatinCommonCountersMetricsProcessor: LatinCommonCountersMetricsProcessor$DelightProblemReporter.run():829 Missing LM for 'en'
04-27 00:54:35.711 31457 31494 I MuMain  : PERF fps=41.4 frameMs=24.17 phase(render=23.15 pad=0.02 present=0.83) renderLevel=4 fxScale=1.00 maxMsg=30 avg(draw=311 verts=91597 im=2023 vaD=0 vaC=0 qI=211 qE=0) max(draw=328 verts=92646)
04-27 00:54:35.711 31457 31494 I MuMain  : PERF_SCENE world=73 char(live=0 vis=0 ply=0 mon=0 npc=0 pet=0 prio=0 topMon=-1 x0) obj(live=375 vis=50 op=0 trap=0 topObj=129 x7)
