--------- beginning of main
04-27 00:54:13.403  1219  1219 V BaseDepthController: Applying blur: 0 to Surface(name=VRI-com.google.android.apps.nexuslauncher/com.google.android.apps.nexuslauncher.NexusLauncherActivity#3155)/@0xd45637f applyImmediately: false
04-27 00:54:13.403  1219  1219 D BaseDepthController: shouldBlurWorkspace: false targetState: Normal currentStableState: Normal mCurrentBlur: 0 mLauncher.getDepthBlurTargets(): [com.android.launcher3.Workspace{573bc60 V.ED..... ........ 0,0-1080,2400 #7f0a047d app:id/workspace}, com.android.launcher3.Hotseat{7eca519 V.ED..... ........ 0,1905-1080,2400 #7f0a01f1 app:id/hotseat}]
04-27 00:54:13.430  4164  4164 I Finsky  : [2] ajjp - Received: android.intent.action.PACKAGE_ADDED, [n076RJLEETmEZ61FBJHrGFwh-0szukPG_iaeB-mhrwQ]
04-27 00:54:13.432  4276  4276 I Finsky:background: [2] ajje - Received: android.intent.action.PACKAGE_ADDED, [n076RJLEETmEZ61FBJHrGFwh-0szukPG_iaeB-mhrwQ]
04-27 00:54:13.433   736  2220 W ApplicationInfo: Large ApplicationInfo parcel: size=17540 package=com.google.android.googlequicksearchbox sharedLibs=3 resDirs=2 overlayPaths=2
04-27 00:54:13.436  1219  1219 V BaseDepthController: Applying blur: 0 to Surface(name=VRI-com.google.android.apps.nexuslauncher/com.google.android.apps.nexuslauncher.NexusLauncherActivity#3155)/@0xd45637f applyImmediately: false
04-27 00:54:13.436  1219  1219 D BaseDepthController: shouldBlurWorkspace: false targetState: Normal currentStableState: Normal mCurrentBlur: 0 mLauncher.getDepthBlurTargets(): [com.android.launcher3.Workspace{573bc60 V.ED..... ........ 0,0-1080,2400 #7f0a047d app:id/workspace}, com.android.launcher3.Hotseat{7eca519 V.ED..... ........ 0,1905-1080,2400 #7f0a01f1 app:id/hotseat}]
04-27 00:54:13.453  1219  1219 V BaseDepthController: Applying blur: 0 to Surface(name=VRI-com.google.android.apps.nexuslauncher/com.google.android.apps.nexuslauncher.NexusLauncherActivity#3155)/@0xd45637f applyImmediately: false
04-27 00:54:13.453  1219  1219 D BaseDepthController: shouldBlurWorkspace: false targetState: Normal currentStableState: Normal mCurrentBlur: 0 mLauncher.getDepthBlurTargets(): [com.android.launcher3.Workspace{573bc60 V.ED..... ........ 0,0-1080,2400 #7f0a047d app:id/workspace}, com.android.launcher3.Hotseat{7eca519 V.ED..... ........ 0,1905-1080,2400 #7f0a01f1 app:id/hotseat}]
--------- beginning of system
04-27 00:54:13.454   736   736 W AlarmManager: Package com.muonline.client, uid 10230 lost permission to set exact alarms!
04-27 00:54:13.455  4276  4276 I Finsky:background: [2] ajje - Deduping intent android.intent.action.PACKAGE_ADDED
04-27 00:54:13.458   736   736 D ActivityThread: Package [com.muonline.client] reported as REPLACED, but missing application info. Assuming REMOVED.
04-27 00:54:13.467   736   886 V AccessibilityUserState: updateShortcutTargets: type:accessibility_shortcut_target_service, current:{}, new:{}
04-27 00:54:13.469   736   762 I ImeTracker: system_server:956dc20: onCancelled at PHASE_SERVER_SHOULD_HIDE
04-27 00:54:13.472   736  1848 W ApplicationInfo: Large ApplicationInfo parcel: size=17540 package=com.google.android.googlequicksearchbox sharedLibs=3 resDirs=2 overlayPaths=2
04-27 00:54:13.473  4276  4276 I Finsky:background: [2] ajje - Received: android.intent.action.PACKAGE_ADDED, [n076RJLEETmEZ61FBJHrGFwh-0szukPG_iaeB-mhrwQ]
04-27 00:54:13.479   736  1076 D IntervalStats: Unable to parse usage stats packages: [266, 267, 268, 269, 270, 271, 272, 273]
04-27 00:54:13.481  4164  4164 I Finsky  : [2] DTU: Received onPackageAdded, replacing: true
04-27 00:54:13.484   736   886 V AccessibilityUserState: updateShortcutTargets: type:accessibility_qs_targets, current:{}, new:{}
04-27 00:54:13.487  1219  1219 V BaseDepthController: Applying blur: 0 to Surface(name=VRI-com.google.android.apps.nexuslauncher/com.google.android.apps.nexuslauncher.NexusLauncherActivity#3155)/@0xd45637f applyImmediately: false
04-27 00:54:13.487  1219  1219 D BaseDepthController: shouldBlurWorkspace: false targetState: Normal currentStableState: Normal mCurrentBlur: 0 mLauncher.getDepthBlurTargets(): [com.android.launcher3.Workspace{573bc60 V.ED..... ........ 0,0-1080,2400 #7f0a047d app:id/workspace}, com.android.launcher3.Hotseat{7eca519 V.ED..... ........ 0,1905-1080,2400 #7f0a01f1 app:id/hotseat}]
04-27 00:54:13.490   566   616 W skia    : AGTM parsing failed flags.readFromStream(s) at 159
04-27 00:54:13.491   566   616 W skia    : AGTM parsing failed flags.readFromStream(s) at 159
04-27 00:54:13.494  4164 31384 I Finsky  : [707] SCH: Received scheduling request: Id: 12-1, Constraints: [{ L: 15000, D: 86400000, C: CHARGING_NONE, I: IDLE_NONE, N: NET_ANY, B: BATTERY_ANY }]
04-27 00:54:13.495 14925 14925 D ActivityThread: Package [com.muonline.client] reported as REPLACED, but missing application info. Assuming REMOVED.
04-27 00:54:13.497 14925 14925 D ActivityThread: Package [com.muonline.client] reported as REPLACED, but missing application info. Assuming REMOVED.
04-27 00:54:13.497   736   886 V AccessibilityUserState: updateShortcutTargets: type:accessibility_button_targets, current:{}, new:{}
04-27 00:54:13.502   736   999 D ActivityManager: sync unfroze 14925 com.google.android.gms for 6
04-27 00:54:13.512   736   886 V AccessibilityUserState: updateShortcutTargets: type:accessibility_gesture_targets, current:{}, new:{}
04-27 00:54:13.512  3743 31394 I AiAiEcho: AppIndexer Package:[com.muonline.client] UserProfile:[0] Enabled:[true].
04-27 00:54:13.512  3743 31394 I AiAiEcho: AppFetcherImplV2 updateApps package:[com.muonline.client], userId:[0], reason:[package is updated.].
04-27 00:54:13.512   736   886 V AccessibilityUserState: updateShortcutTargets: type:accessibility_key_gesture_targets, current:{}, new:{}
04-27 00:54:13.512   736   886 V AccessibilityUserState: updateShortcutTargets: type:accessibility_top_row_key_targets, current:{}, new:{}
04-27 00:54:13.514   736   886 V AccessibilityUserState: updateShortcutTargets: type:accessibility_quick_access_targets, current:{}, new:{}
04-27 00:54:13.517   736  1076 D IntervalStats: Unable to parse usage stats packages: [273]
04-27 00:54:13.518   736  5314 I Role    : com.google.android.gms not qualified for android.app.role.SYSTEM_DEPENDENCY_INSTALLER due to missing RequiredComponent{mFlags='0', mIntentFilterData=IntentFilterData{mAction='android.content.pm.action.INSTALL_DEPENDENCY', mCategories='[]', mDataScheme='null', mDataType='null'}, mMetaData=[], mPermission='android.permission.BIND_DEPENDENCY_INSTALLER', mQueryFlags=0} Requirement{mFeatureFlag=null, mMinTargetSdkVersion=1}
04-27 00:54:13.518   736  5314 E RoleControllerServiceImpl: Default/fallback role holder package doesn't qualify for the role, package: com.google.android.gms, role: android.app.role.SYSTEM_DEPENDENCY_INSTALLER, user: 0
04-27 00:54:13.520  1219  1219 V BaseDepthController: Applying blur: 0 to Surface(name=VRI-com.google.android.apps.nexuslauncher/com.google.android.apps.nexuslauncher.NexusLauncherActivity#3155)/@0xd45637f applyImmediately: false
04-27 00:54:13.520  1219  1219 D BaseDepthController: shouldBlurWorkspace: false targetState: Normal currentStableState: Normal mCurrentBlur: 0 mLauncher.getDepthBlurTargets(): [com.android.launcher3.Workspace{573bc60 V.ED..... ........ 0,0-1080,2400 #7f0a047d app:id/workspace}, com.android.launcher3.Hotseat{7eca519 V.ED..... ........ 0,1905-1080,2400 #7f0a01f1 app:id/hotseat}]
04-27 00:54:13.555   736   886 V AccessibilityManagerService: onUserStateChangedLocked for userId: 0, forceUpdate: false
04-27 00:54:13.555   736   886 V AccessibilityUserState: updateShortcutTargets: type:accessibility_shortcut_target_service, current:{}, new:{}
04-27 00:54:13.556   736   886 V AccessibilityUserState: updateShortcutTargets: type:accessibility_button_targets, current:{}, new:{}
04-27 00:54:13.557   736   886 V AccessibilityUserState: updateShortcutTargets: type:accessibility_gesture_targets, current:{}, new:{}
04-27 00:54:13.559   736  1076 D IntervalStats: Unable to parse usage stats packages: [273]
04-27 00:54:13.559  1219  1270 W LauncherActivityCachingLogic: loadIcon: Default app icon returned from PackageManager. component=ComponentInfo{com.muonline.client/com.muonline.client.PreloadActivity}, user=UserHandle{0}
04-27 00:54:13.559  1219  1270 W LauncherActivityCachingLogic: java.lang.Exception
04-27 00:54:13.559  1219  1270 W LauncherActivityCachingLogic: 	at com.android.launcher3.icons.cache.LauncherActivityCachingLogic.loadIcon(go/retraceme 7226a759aa2bb3787a79806f85d80eaad84f1f1e15acd6db988f2df789d1680d:62)
04-27 00:54:13.559  1219  1270 W LauncherActivityCachingLogic: 	at com.android.launcher3.icons.cache.BaseIconCache.addIconToDBAndMemCache(go/retraceme 7226a759aa2bb3787a79806f85d80eaad84f1f1e15acd6db988f2df789d1680d:22)
04-27 00:54:13.559  1219  1270 W LauncherActivityCachingLogic: 	at com.android.launcher3.model.tasks.PackageUpdatedTask.execute(go/retraceme 7226a759aa2bb3787a79806f85d80eaad84f1f1e15acd6db988f2df789d1680d:177)
04-27 00:54:13.559  1219  1270 W LauncherActivityCachingLogic: 	at com.android.launcher3.LauncherModel$enqueueModelUpdateTask$1.run(go/retraceme 7226a759aa2bb3787a79806f85d80eaad84f1f1e15acd6db988f2df789d1680d:27)
04-27 00:54:13.559  1219  1270 W LauncherActivityCachingLogic: 	at com.android.launcher3.util.LooperExecutor.execute(go/retraceme 7226a759aa2bb3787a79806f85d80eaad84f1f1e15acd6db988f2df789d1680d:16)
04-27 00:54:13.559  1219  1270 W LauncherActivityCachingLogic: 	at com.android.launcher3.LauncherModel.enqueueModelUpdateTask(go/retraceme 7226a759aa2bb3787a79806f85d80eaad84f1f1e15acd6db988f2df789d1680d:19)
04-27 00:54:13.559  1219  1270 W LauncherActivityCachingLogic: 	at com.android.launcher3.LauncherModel$newModelCallbacks$1.accept(go/retraceme 7226a759aa2bb3787a79806f85d80eaad84f1f1e15acd6db988f2df789d1680d:4)
04-27 00:54:13.559  1219  1270 W LauncherActivityCachingLogic: 	at com.android.launcher3.model.ModelLauncherCallbacks.onPackageChanged(go/retraceme 7226a759aa2bb3787a79806f85d80eaad84f1f1e15acd6db988f2df789d1680d:12)
04-27 00:54:13.559  1219  1270 W LauncherActivityCachingLogic: 	at android.content.pm.LauncherApps$CallbackMessageHandler.handleMessage(LauncherApps.java:2329)
04-27 00:54:13.559  1219  1270 W LauncherActivityCachingLogic: 	at android.os.Handler.dispatchMessageImpl(Handler.java:142)
04-27 00:54:13.559  1219  1270 W LauncherActivityCachingLogic: 	at android.os.Handler.dispatchMessage(Handler.java:125)
04-27 00:54:13.559  1219  1270 W LauncherActivityCachingLogic: 	at android.os.Looper.loopOnce(Looper.java:292)
04-27 00:54:13.559  1219  1270 W LauncherActivityCachingLogic: 	at android.os.Looper.loop(Looper.java:393)
04-27 00:54:13.559  1219  1270 W LauncherActivityCachingLogic: 	at android.os.HandlerThread.run(HandlerThread.java:139)
04-27 00:54:13.561   736   886 V AccessibilityUserState: updateShortcutTargets: type:accessibility_qs_targets, current:{}, new:{}
04-27 00:54:13.562   736   886 V AccessibilityUserState: updateShortcutTargets: type:accessibility_key_gesture_targets, current:{}, new:{}
04-27 00:54:13.566 14925 14925 D BoundBrokerSvc: onUnbind: Intent { act=com.google.android.gms.common.BIND_SHARED_PREFS xflg=0x4 pkg=com.google.android.gms }
04-27 00:54:13.567  1219  1270 W LauncherActivityCachingLogic: loadIcon: Default app icon returned from PackageManager. component=ComponentInfo{com.muonline.client/com.muonline.client.PreloadActivity}, user=UserHandle{0}
04-27 00:54:13.567  1219  1270 W LauncherActivityCachingLogic: java.lang.Exception
04-27 00:54:13.567  1219  1270 W LauncherActivityCachingLogic: 	at com.android.launcher3.icons.cache.LauncherActivityCachingLogic.loadIcon(go/retraceme 7226a759aa2bb3787a79806f85d80eaad84f1f1e15acd6db988f2df789d1680d:62)
04-27 00:54:13.567  1219  1270 W LauncherActivityCachingLogic: 	at com.android.launcher3.icons.cache.BaseIconCache.loadFallbackIcon(go/retraceme 7226a759aa2bb3787a79806f85d80eaad84f1f1e15acd6db988f2df789d1680d:8)
04-27 00:54:13.567  1219  1270 W LauncherActivityCachingLogic: 	at com.android.launcher3.icons.cache.BaseIconCache.cacheLocked(go/retraceme 7226a759aa2bb3787a79806f85d80eaad84f1f1e15acd6db988f2df789d1680d:99)
04-27 00:54:13.567  1219  1270 W LauncherActivityCachingLogic: 	at com.android.launcher3.icons.IconCache.getTitleAndIcon(go/retraceme 7226a759aa2bb3787a79806f85d80eaad84f1f1e15acd6db988f2df789d1680d:233)
04-27 00:54:13.567  1219  1270 W LauncherActivityCachingLogic: 	at com.android.launcher3.icons.IconCache.getTitleAndIcon(go/retraceme 7226a759aa2bb3787a79806f85d80eaad84f1f1e15acd6db988f2df789d1680d:230)
04-27 00:54:13.567  1219  1270 W LauncherActivityCachingLogic: 	at com.android.launcher3.model.tasks.PackageUpdatedTask.execute(go/retraceme 7226a759aa2bb3787a79806f85d80eaad84f1f1e15acd6db988f2df789d1680d:371)
04-27 00:54:13.567  1219  1270 W LauncherActivityCachingLogic: 	at com.android.launcher3.LauncherModel$enqueueModelUpdateTask$1.run(go/retraceme 7226a759aa2bb3787a79806f85d80eaad84f1f1e15acd6db988f2df789d1680d:27)
04-27 00:54:13.567  1219  1270 W LauncherActivityCachingLogic: 	at com.android.launcher3.util.LooperExecutor.execute(go/retraceme 7226a759aa2bb3787a79806f85d80eaad84f1f1e15acd6db988f2df789d1680d:16)
04-27 00:54:13.567  1219  1270 W LauncherActivityCachingLogic: 	at com.android.launcher3.LauncherModel.enqueueModelUpdateTask(go/retraceme 7226a759aa2bb3787a79806f85d80eaad84f1f1e15acd6db988f2df789d1680d:19)
04-27 00:54:13.567  1219  1270 W LauncherActivityCachingLogic: 	at com.android.launcher3.LauncherModel$newModelCallbacks$1.accept(go/retraceme 7226a759aa2bb3787a79806f85d80eaad84f1f1e15acd6db988f2df789d1680d:4)
04-27 00:54:13.567  1219  1270 W LauncherActivityCachingLogic: 	at com.android.launcher3.model.ModelLauncherCallbacks.onPackageChanged(go/retraceme 7226a759aa2bb3787a79806f85d80eaad84f1f1e15acd6db988f2df789d1680d:12)
04-27 00:54:13.567  1219  1270 W LauncherActivityCachingLogic: 	at android.content.pm.LauncherApps$CallbackMessageHandler.handleMessage(LauncherApps.java:2329)
04-27 00:54:13.567  1219  1270 W LauncherActivityCachingLogic: 	at android.os.Handler.dispatchMessageImpl(Handler.java:142)
04-27 00:54:13.567  1219  1270 W LauncherActivityCachingLogic: 	at android.os.Handler.dispatchMessage(Handler.java:125)
04-27 00:54:13.567  1219  1270 W LauncherActivityCachingLogic: 	at android.os.Looper.loopOnce(Looper.java:292)
04-27 00:54:13.567  1219  1270 W LauncherActivityCachingLogic: 	at android.os.Looper.loop(Looper.java:393)
04-27 00:54:13.567  1219  1270 W LauncherActivityCachingLogic: 	at android.os.HandlerThread.run(HandlerThread.java:139)
04-27 00:54:13.570  4164  4164 I Finsky  : [2] ajjp - Received: android.intent.action.PACKAGE_ADDED, [n076RJLEETmEZ61FBJHrGFwh-0szukPG_iaeB-mhrwQ]
04-27 00:54:13.571  1219  1219 V BaseDepthController: Applying blur: 0 to Surface(name=VRI-com.google.android.apps.nexuslauncher/com.google.android.apps.nexuslauncher.NexusLauncherActivity#3155)/@0xd45637f applyImmediately: false
04-27 00:54:13.571  1219  1219 D BaseDepthController: shouldBlurWorkspace: false targetState: Normal currentStableState: Normal mCurrentBlur: 0 mLauncher.getDepthBlurTargets(): [com.android.launcher3.Workspace{573bc60 V.ED..... ........ 0,0-1080,2400 #7f0a047d app:id/workspace}, com.android.launcher3.Hotseat{7eca519 V.ED..... ........ 0,1905-1080,2400 #7f0a01f1 app:id/hotseat}]
04-27 00:54:13.573  1219  1270 D AlphabeticIndexCompat: computeSectionName: cs: MU Online sectionName: M
04-27 00:54:13.574   736   886 V AccessibilityUserState: updateShortcutTargets: type:accessibility_top_row_key_targets, current:{}, new:{}
04-27 00:54:13.574   736   886 V AccessibilityUserState: updateShortcutTargets: type:accessibility_quick_access_targets, current:{}, new:{}
04-27 00:54:13.574   736   886 W MagnificationConnectionManager: requestConnection duplicated request: connect=false, mConnectionState=DISCONNECTED
04-27 00:54:13.575   736  1076 D IntervalStats: Unable to parse usage stats packages: [273]
04-27 00:54:13.576  4276  4284 W ding:background: Suspending all threads took: 94.873ms
04-27 00:54:13.578  1219  1219 D AllAppsStore: setApps: apps.length=21
04-27 00:54:13.578  1219  1219 D AllAppsStore: notifyUpdate: notifying listeners
04-27 00:54:13.578  1219  1219 D ActivityAllAppsContainerView: onAppsUpdated; number of apps: 21
04-27 00:54:13.579  1219  1219 D ActivityAllAppsContainerView: rebindAdapters: force: false
04-27 00:54:13.579  1219  1219 D ActivityAllAppsContainerView: rebindAdapters: Not needed.
04-27 00:54:13.579  1219  1219 D StatsLog: LAUNCHER_ALLAPPS_COUNT
04-27 00:54:13.579  1219  1219 D AlphabeticalAppsList: Clearing FastScrollerSections.
04-27 00:54:13.579  1219  1219 D AlphabeticalAppsList: Adding apps with sections. HasPrivateApps: false
04-27 00:54:13.579  1219  1219 D AlphabeticalAppsList: addAppsWithSections: adding sectionName: C with appInfoTitle: Calendar
04-27 00:54:13.579  1219  1219 D AlphabeticalAppsList: addAppsWithSections: adding sectionName: D with appInfoTitle: Drive
04-27 00:54:13.579  1219  1219 D AlphabeticalAppsList: addAppsWithSections: adding sectionName: F with appInfoTitle: Files
04-27 00:54:13.579  1219  1219 D AlphabeticalAppsList: addAppsWithSections: adding sectionName: G with appInfoTitle: Glasses
04-27 00:54:13.579  1219  1219 D AlphabeticalAppsList: addAppsWithSections: adding sectionName: M with appInfoTitle: Maps
04-27 00:54:13.581  1219  1219 D AlphabeticalAppsList: addAppsWithSections: adding sectionName: P with appInfoTitle: Phone
04-27 00:54:13.581  1219  1219 D AlphabeticalAppsList: addAppsWithSections: adding sectionName: S with appInfoTitle: Safety
04-27 00:54:13.581  1219  1219 D AlphabeticalAppsList: addAppsWithSections: adding sectionName: T with appInfoTitle: TMoble
04-27 00:54:13.581  1219  1219 D AlphabeticalAppsList: addAppsWithSections: adding sectionName: Y with appInfoTitle: YouTube
04-27 00:54:13.581  1219  1219 D AlphabeticalAppsList: Adding FastScrollSection duplicate to scroll to the bottom.
04-27 00:54:13.582  1219  1219 D AlphabeticalAppsList: Clearing FastScrollerSections.
04-27 00:54:13.582  1219  1219 D AlphabeticalAppsList: Adding apps with sections. HasPrivateApps: false
04-27 00:54:13.582  1219  1219 D AlphabeticalAppsList: addAppsWithSections: adding sectionName: C with appInfoTitle: Calendar
04-27 00:54:13.582  1219  1219 D AlphabeticalAppsList: addAppsWithSections: adding sectionName: D with appInfoTitle: Drive
04-27 00:54:13.582  1219  1219 D AlphabeticalAppsList: addAppsWithSections: adding sectionName: F with appInfoTitle: Files
04-27 00:54:13.583  1219  1219 D AlphabeticalAppsList: addAppsWithSections: adding sectionName: G with appInfoTitle: Glasses
04-27 00:54:13.583  1219  1219 D AlphabeticalAppsList: addAppsWithSections: adding sectionName: M with appInfoTitle: Maps
04-27 00:54:13.583  1219  1219 D AlphabeticalAppsList: addAppsWithSections: adding sectionName: P with appInfoTitle: Phone
04-27 00:54:13.583  1219  1219 D AlphabeticalAppsList: addAppsWithSections: adding sectionName: S with appInfoTitle: Safety
04-27 00:54:13.583  1219  1219 D AlphabeticalAppsList: addAppsWithSections: adding sectionName: T with appInfoTitle: TMoble
04-27 00:54:13.583  1219  1219 D AlphabeticalAppsList: addAppsWithSections: adding sectionName: Y with appInfoTitle: YouTube
04-27 00:54:13.583  1219  1219 D AlphabeticalAppsList: Adding FastScrollSection duplicate to scroll to the bottom.
04-27 00:54:13.583  1219  1219 D AllAppsStore: setApps: apps.length=21
04-27 00:54:13.583  1219  1219 D AllAppsStore: notifyUpdate: notifying listeners
04-27 00:54:13.583  1219  1219 D b/387844520: getOutlineOffsetX: measured width = 173, mNormalizedIconSize = 159, last updated width = 173
04-27 00:54:13.586  4164  4164 I Finsky  : [2] ajjp - Deduping intent android.intent.action.PACKAGE_ADDED
04-27 00:54:13.592   566   616 W skia    : AGTM parsing failed flags.readFromStream(s) at 159
04-27 00:54:13.593   566   616 W skia    : AGTM parsing failed flags.readFromStream(s) at 159
04-27 00:54:13.602   736   736 W Looper  : Slow dispatch took 140ms main app=system_server main=true group=FOREGROUND h=android.app.ActivityThread$H c=android.app.LoadedApk$ReceiverDispatcher$Args$$ExternalSyntheticLambda0@a156fc3 m=0
04-27 00:54:13.605   736   736 D AS.AudioService: received android.intent.action.PACKAGE_REPLACED replacing: true archival: false for package com.muonline.client with uid 10230
04-27 00:54:13.605   736   736 D AppSearchAppsIndexerManagerS: userid in package receiver: 10230
04-27 00:54:13.606  4164  4164 I Finsky  : [2] ajjp - Received: android.intent.action.PACKAGE_ADDED, [n076RJLEETmEZ61FBJHrGFwh-0szukPG_iaeB-mhrwQ]
04-27 00:54:13.610   736  1076 D IntervalStats: Unable to parse usage stats packages: [273, 276, 277, 278]
04-27 00:54:13.611   736  1076 D IntervalStats: Unable to parse usage stats packages: [278, 280, 281, 282, 283]
04-27 00:54:13.629   736  5314 E RoleControllerServiceImpl: Default/fallback role holder package doesn't qualify for the role, package: com.google.android.gms, role: android.app.role.WALLET, user: 0
04-27 00:54:13.630   736  1076 D IntervalStats: Unable to parse usage stats packages: [283]
04-27 00:54:13.634   736  1076 D IntervalStats: Unable to parse usage stats packages: [283]
04-27 00:54:13.635   736   736 D ActivityThread: Package [com.muonline.client] reported as REPLACED, but missing application info. Assuming REMOVED.
04-27 00:54:13.635   736  1076 D IntervalStats: Unable to parse usage stats packages: [283, 284]
04-27 00:54:13.635  1219  1219 V BaseDepthController: Applying blur: 0 to Surface(name=VRI-com.google.android.apps.nexuslauncher/com.google.android.apps.nexuslauncher.NexusLauncherActivity#3155)/@0xd45637f applyImmediately: false
04-27 00:54:13.635  1219  1219 D BaseDepthController: setEarlyWakeup: false
04-27 00:54:13.635  1219  1219 D BaseDepthController: shouldBlurWorkspace: false targetState: Normal currentStableState: Normal mCurrentBlur: 0 mLauncher.getDepthBlurTargets(): [com.android.launcher3.Workspace{573bc60 V.ED..... ........ 0,0-1080,2400 #7f0a047d app:id/workspace}, com.android.launcher3.Hotseat{7eca519 V.ED..... ........ 0,1905-1080,2400 #7f0a01f1 app:id/hotseat}]
04-27 00:54:13.635   736   736 V AccessibilityManagerService: onUserStateChangedLocked for userId: 0, forceUpdate: false
04-27 00:54:13.638   736   736 V AccessibilityUserState: updateShortcutTargets: type:accessibility_shortcut_target_service, current:{}, new:{}
04-27 00:54:13.638   736   736 V AccessibilityUserState: updateShortcutTargets: type:accessibility_button_targets, current:{}, new:{}
04-27 00:54:13.638   736   736 V AccessibilityUserState: updateShortcutTargets: type:accessibility_gesture_targets, current:{}, new:{}
04-27 00:54:13.638   736   736 V AccessibilityUserState: updateShortcutTargets: type:accessibility_qs_targets, current:{}, new:{}
04-27 00:54:13.638   736   736 V AccessibilityUserState: updateShortcutTargets: type:accessibility_key_gesture_targets, current:{}, new:{}
04-27 00:54:13.638   736   736 V AccessibilityUserState: updateShortcutTargets: type:accessibility_top_row_key_targets, current:{}, new:{}
04-27 00:54:13.638   736   736 V AccessibilityUserState: updateShortcutTargets: type:accessibility_quick_access_targets, current:{}, new:{}
04-27 00:54:13.642   736   736 W MagnificationConnectionManager: requestConnection duplicated request: connect=false, mConnectionState=DISCONNECTED
04-27 00:54:13.643   736   736 W libbinder.IPCThreadState: Sending oneway calls to frozen process.
04-27 00:54:13.646   736  5314 W SignedPackage: Cannot get ApplicationInfo for package: com.google.android.devicelockcontroller
04-27 00:54:13.647   736   736 W libbinder.IPCThreadState: Sending oneway calls to frozen process.
04-27 00:54:13.647   736   736 W libbinder.IPCThreadState: Sending oneway calls to frozen process.
04-27 00:54:13.647   736   736 W libbinder.IPCThreadState: Sending oneway calls to frozen process.
04-27 00:54:13.650   736   736 V AccessibilityManagerService: onUserStateChangedLocked for userId: 0, forceUpdate: false
04-27 00:54:13.650   736   736 V AccessibilityUserState: updateShortcutTargets: type:accessibility_shortcut_target_service, current:{}, new:{}
04-27 00:54:13.651   736   736 V AccessibilityUserState: updateShortcutTargets: type:accessibility_button_targets, current:{}, new:{}
04-27 00:54:13.651   736   736 V AccessibilityUserState: updateShortcutTargets: type:accessibility_gesture_targets, current:{}, new:{}
04-27 00:54:13.651   736   736 V AccessibilityUserState: updateShortcutTargets: type:accessibility_qs_targets, current:{}, new:{}
04-27 00:54:13.651   736   736 V AccessibilityUserState: updateShortcutTargets: type:accessibility_key_gesture_targets, current:{}, new:{}
04-27 00:54:13.651   736   736 V AccessibilityUserState: updateShortcutTargets: type:accessibility_top_row_key_targets, current:{}, new:{}
04-27 00:54:13.651   736   736 V AccessibilityUserState: updateShortcutTargets: type:accessibility_quick_access_targets, current:{}, new:{}
04-27 00:54:13.651   736   736 W MagnificationConnectionManager: requestConnection duplicated request: connect=false, mConnectionState=DISCONNECTED
04-27 00:54:13.658  4164  4164 I Finsky  : [2] ajjp - Deduping intent android.intent.action.PACKAGE_ADDED
04-27 00:54:13.658  4164  4164 D ActivityThread: Package [com.muonline.client] reported as REPLACED, but missing application info. Assuming REMOVED.
04-27 00:54:13.659  4164  4207 I Finsky  : [43] RECEIVER_PACKAGE_MONITOR#logWorkEndAndFinishGoAsync: SUCCESS
04-27 00:54:13.659  1366 31403 I ProximityAuth: [RecentAppsMediator] Package added: (user=UserHandle{0}) com.muonline.client
04-27 00:54:13.661  4164  4164 D ActivityThread: Package [com.muonline.client] reported as REPLACED, but missing application info. Assuming REMOVED.
04-27 00:54:13.661   736  1828 E AppOps  : attributionTag VCN not declared in manifest of android
04-27 00:54:13.664  4276 31386 I Finsky:background: [309] Wrote row to frosting DB: 3320
04-27 00:54:13.665  4276  4276 I Finsky:background: [2] ajje - Deduping intent android.intent.action.PACKAGE_ADDED
04-27 00:54:13.668  4276  4276 D ActivityThread: Package [com.muonline.client] reported as REPLACED, but missing application info. Assuming REMOVED.
04-27 00:54:13.669  4276  4276 D ActivityThread: Package [com.muonline.client] reported as REPLACED, but missing application info. Assuming REMOVED.
04-27 00:54:13.671  4276  4310 I Finsky:background: [51] RECEIVER_PACKAGE_MONITOR_BACKGROUND#logWorkEndAndFinishGoAsync: SUCCESS
04-27 00:54:13.679   736   736 W libbinder.IPCThreadState: Sending oneway calls to frozen process.
04-27 00:54:13.679   736   736 W libbinder.IPCThreadState: Sending oneway calls to frozen process.
04-27 00:54:13.679   736   736 W libbinder.IPCThreadState: Sending oneway calls to frozen process.
04-27 00:54:13.682   736   736 W libbinder.IPCThreadState: Sending oneway calls to frozen process.
04-27 00:54:13.689  1366 31397 I Fitness : (REDACTED) FitCleanupIntentOperation received Intent %s
04-27 00:54:13.691   736   736 W libbinder.IPCThreadState: Sending oneway calls to frozen process.
04-27 00:54:13.691   736   736 W libbinder.IPCThreadState: Sending oneway calls to frozen process.
04-27 00:54:13.691   736   736 W libbinder.IPCThreadState: Sending oneway calls to frozen process.
04-27 00:54:13.692   566   616 W skia    : AGTM parsing failed flags.readFromStream(s) at 159
04-27 00:54:13.694   566   616 W skia    : AGTM parsing failed flags.readFromStream(s) at 159
04-27 00:54:13.703   736   736 W libbinder.IPCThreadState: Sending oneway calls to frozen process.
04-27 00:54:13.707   736   736 W libbinder.IPCThreadState: Sending oneway calls to frozen process.
04-27 00:54:13.708   736   736 W libbinder.IPCThreadState: Sending oneway calls to frozen process.
04-27 00:54:13.713   736   736 W libbinder.IPCThreadState: Sending oneway calls to frozen process.
04-27 00:54:13.713   736   736 W libbinder.IPCThreadState: Sending oneway calls to frozen process.
04-27 00:54:13.726 31396 31396 D AndroidRuntime: >>>>>> START com.android.internal.os.RuntimeInit uid 2000 <<<<<<
04-27 00:54:13.738 31396 31396 I AndroidRuntime: Using default boot image
04-27 00:54:13.738 31396 31396 I AndroidRuntime: Leaving lock profiling enabled
04-27 00:54:13.739   736   736 W Looper  : Drained
04-27 00:54:13.741 31396 31396 I app_process: Core platform API enforcement enabled from the hiddenapi_platform_enforcement flag and the device API level
04-27 00:54:13.743 31396 31396 I app_process: Using generational CollectorTypeCMC GC.
04-27 00:54:13.748 14925 31405 I AppBackupPkgRemovedIO: Backup state cleanup on uninstall is disabled. [CONTEXT service_id=229 ]
04-27 00:54:13.752 14925 31423 I PackageInstalledIntentO: Test flag v2 is disabled [CONTEXT service_id=469 ]
04-27 00:54:13.756   736  1954 V SafetySourceDataValidat: Package: com.android.vending has expected signature
04-27 00:54:13.756  1366 31399 I FontLog : (REDACTED) Package %s has no metadata
04-27 00:54:13.777  4276 31386 I Finsky:background: [309] Wrote row to frosting DB: 3321
04-27 00:54:13.795   566   616 W skia    : AGTM parsing failed flags.readFromStream(s) at 159
04-27 00:54:13.795   566   616 W skia    : AGTM parsing failed flags.readFromStream(s) at 159
04-27 00:54:13.803  1219  1219 D ScalingWorkspaceRevealAnim: onAnimationEnd, workspace and hotseat are visible
04-27 00:54:13.803  1219  1219 V BaseDepthController: Applying blur: 0 to Surface(name=VRI-com.google.android.apps.nexuslauncher/com.google.android.apps.nexuslauncher.NexusLauncherActivity#3155)/@0xd45637f applyImmediately: false
04-27 00:54:13.804  1219  1219 D BaseDepthController: shouldBlurWorkspace: false targetState: Normal currentStableState: Normal mCurrentBlur: 0 mLauncher.getDepthBlurTargets(): [com.android.launcher3.Workspace{573bc60 V.ED..... ......ID 0,0-1080,2400 #7f0a047d app:id/workspace}, com.android.launcher3.Hotseat{7eca519 V.ED..... ......ID 0,1905-1080,2400 #7f0a01f1 app:id/hotseat}]
04-27 00:54:13.805  1036  1417 V WindowManagerShell: Received remote transition finished callback for (#301)
04-27 00:54:13.806  1036  1091 V WindowManagerShell: Transition animation finished (aborted=false), notifying core (#301) android.os.BinderProxy@63152aa@0
04-27 00:54:13.815   736   759 V WindowManager: Finish Transition (#301): created at 04-27 00:54:12.591 collect-started=0.15ms request-sent=0.214ms started=14.965ms ready=22.513ms sent=183.632ms commit=13.282ms finished=1222.676ms
04-27 00:54:13.835  4276 31386 I Finsky:background: [309] Wrote row to frosting DB: 3322
04-27 00:54:13.856   736  1602 E libbinder.IPCThreadState: Binder transaction failure. id: 8997862, cmd: BR_DEAD_REPLY (29189), error: -22 (Invalid argument)
04-27 00:54:13.856   736  1602 W ActivityManager: pid 736 system sent binder code 7 with flags 1 and got error -32
04-27 00:54:13.857   736  1602 W WindowManager: Exception thrown during dispatchAppVisibility Window{c64f000 u0 com.muonline.client/com.muonline.client.MuMainActivity EXITING}
04-27 00:54:13.857   736  1602 W WindowManager: android.os.DeadObjectException
04-27 00:54:13.857   736  1602 W WindowManager: 	at android.os.BinderProxy.transactNative(Native Method)
04-27 00:54:13.857   736  1602 W WindowManager: 	at android.os.BinderProxy.transact(BinderProxy.java:617)
04-27 00:54:13.857   736  1602 W WindowManager: 	at android.view.IWindow$Stub$Proxy.dispatchAppVisibility(IWindow.java:596)
04-27 00:54:13.857   736  1602 W WindowManager: 	at com.android.server.wm.WindowState.sendAppVisibilityToClients(WindowState.java:3335)
04-27 00:54:13.857   736  1602 W WindowManager: 	at com.android.server.wm.WindowContainer.sendAppVisibilityToClients(WindowContainer.java:1245)
04-27 00:54:13.857   736  1602 W WindowManager: 	at com.android.server.wm.WindowToken.setClientVisible(WindowToken.java:392)
04-27 00:54:13.857   736  1602 W WindowManager: 	at com.android.server.wm.ActivityRecord.commitVisibility(ActivityRecord.java:5599)
04-27 00:54:13.857   736  1602 W WindowManager: 	at com.android.server.wm.Transition.finishTransition(Transition.java:1570)
04-27 00:54:13.857   736  1602 W WindowManager: 	at com.android.server.wm.TransitionController.finishTransition(TransitionController.java:1205)
04-27 00:54:13.857   736  1602 W WindowManager: 	at com.android.server.wm.WindowOrganizerController.finishTransition(WindowOrganizerController.java:533)
04-27 00:54:13.857   736  1602 W WindowManager: 	at android.window.IWindowOrganizerController$Stub.onTransact(IWindowOrganizerController.java:265)
04-27 00:54:13.857   736  1602 W WindowManager: 	at com.android.server.wm.WindowOrganizerController.onTransact(WindowOrganizerController.java:239)
04-27 00:54:13.857   736  1602 W WindowManager: 	at android.os.Binder.execTransactInternal(Binder.java:1466)
04-27 00:54:13.857   736  1602 W WindowManager: 	at android.os.Binder.execTransact(Binder.java:1411)
04-27 00:54:13.857   736  1602 W Process : Unable to open /proc/30977/status
04-27 00:54:13.912   736  1602 I WindowManager: Display id=0 rotation changed to 0 from 1, lastOrientation=5 userRotationMode=0 userRotation=0 lastSensorRotation=1
04-27 00:54:13.917   566   616 W skia    : AGTM parsing failed flags.readFromStream(s) at 159
04-27 00:54:13.918   566   616 W skia    : AGTM parsing failed flags.readFromStream(s) at 159
04-27 00:54:13.923 31396 31396 D nativeloader: InitDefaultPublicLibraries for_preload=1: libandroid.so:libaaudio.so:libamidi.so:libbinder_ndk.so:libc.so:libcamera2ndk.so:libdl.so:libEGL.so:libGLESv1_CM.so:libGLESv2.so:libGLESv3.so:libicu.so:libicui18n.so:libicuuc.so:libjnigraphics.so:liblog.so:libmediandk.so:libm.so:libnativehelper.so:libnativewindow.so:libOpenMAXAL.so:libOpenSLES.so:libRS.so:libstdc++.so:libsync.so:libvulkan.so:libwebviewchromium_plat_support.so:libz.so
04-27 00:54:13.930 14925 31401 I Auth    : (REDACTED) [SupervisedAccountIntentOperation] onHandleIntent: %s
04-27 00:54:13.931 14925 31420 I PackageInstalledIntentO: Test flag v2 is disabled [CONTEXT service_id=469 ]
04-27 00:54:13.941 31396 31396 D nativeloader: Load libicu_jni.so using APEX ns com_android_art for caller /apex/com.android.art/javalib/core-oj.jar: ok
04-27 00:54:13.942 31396 31396 D app_process: u_setTimeZoneFilesDirectory("/apex/com.android.tzdata/etc/tz/versioned/10/icu") succeeded. 
04-27 00:54:13.942 31396 31396 D app_process: I18n APEX ICU file found: /apex/com.android.i18n/etc/icu/icudt78l.dat
04-27 00:54:13.946 31396 31396 D nativeloader: Load libjavacore.so using APEX ns com_android_art for caller /apex/com.android.art/javalib/core-oj.jar: ok
04-27 00:54:13.951 31396 31396 D nativeloader: Load libopenjdk.so using APEX ns com_android_art for caller /apex/com.android.art/javalib/core-oj.jar: ok
04-27 00:54:13.954 31396 31396 I app_process: Priority-to-niceness mapping: 19, 16, 13, 10, 0, -2, -4, -5, -6, -8
04-27 00:54:13.954 31396 31396 W app_process: Unexpected CPU variant for x86: x86_64.
04-27 00:54:13.954 31396 31396 W app_process: Known variants: atom, sandybridge, silvermont, goldmont, goldmont-plus, goldmont-without-sha-xsaves, tremont, kabylake, alderlake, lunarlake, default
04-27 00:54:13.998 31396 31396 D nativeloader: Load libframework-connectivity-tiramisu-jni.so using APEX ns com_android_tethering for caller /apex/com.android.tethering/javalib/framework-connectivity-t.jar: ok
04-27 00:54:14.003 31396 31396 D AndroidRuntime: Calling main entry com.android.commands.monkey.Monkey
04-27 00:54:14.005 31396 31396 D nativeloader: Load /system/lib64/libmonkey_jni.so using ns default for caller /system/framework/monkey.jar in same partition (is_bridged=0): ok
04-27 00:54:14.009 31396 31396 W Monkey  : args: [-p, com.muonline.client, -c, android.intent.category.LAUNCHER, 1]
04-27 00:54:14.017   566   616 W skia    : AGTM parsing failed flags.readFromStream(s) at 159
04-27 00:54:14.018   566   616 W skia    : AGTM parsing failed flags.readFromStream(s) at 159
04-27 00:54:14.018 31396 31396 I AconfigPackage: android.media.swcodec.flags is mapped to com.android.media.swcodec
04-27 00:54:14.019 31396 31396 I AconfigPackage: com.android.permission.flags is mapped to com.android.permission
04-27 00:54:14.019 31396 31396 I AconfigPackage: com.android.permissioncontroller.flags is mapped to com.android.permission
04-27 00:54:14.019 31396 31396 I AconfigPackage: com.google.android.widevine.flags is mapped to com.google.android.widevine
04-27 00:54:14.019 31396 31396 I AconfigPackage: com.android.icu is mapped to com.android.i18n
04-27 00:54:14.019 31396 31396 I AconfigPackage: com.android.appsearch.flags is mapped to com.android.appsearch
04-27 00:54:14.019 31396 31396 I AconfigPackage: com.android.uprobestats.flags is mapped to com.android.uprobestats
04-27 00:54:14.020 31396 31396 I AconfigPackage: android.uprobestats.mainline.flags is mapped to com.android.uprobestats
04-27 00:54:14.020 31396 31396 I AconfigPackage: com.android.crashrecovery.flags is mapped to com.android.crashrecovery
04-27 00:54:14.020 31396 31396 I AconfigPackage: android.provider.flags is mapped to com.android.configinfrastructure
04-27 00:54:14.020 31396 31396 I AconfigPackage: com.android.server.deviceconfig is mapped to com.android.configinfrastructure
04-27 00:54:14.020 31396 31396 I AconfigPackage: com.android.art.flags is mapped to com.android.art
04-27 00:54:14.020 31396 31396 I AconfigPackage: com.android.art.rw.flags is mapped to com.android.art
04-27 00:54:14.020 31396 31396 I AconfigPackage: com.android.libcore is mapped to com.android.art
04-27 00:54:14.020 31396 31396 I AconfigPackage: android.telecom.flags is mapped to com.android.telephonycore
04-27 00:54:14.020 31396 31396 I AconfigPackage: com.android.internal.telecom.flags is mapped to com.android.telephonycore
04-27 00:54:14.020 31396 31396 I AconfigPackage: com.android.telephony.flags is mapped to com.android.telephonycore
04-27 00:54:14.020 31396 31396 I AconfigPackage: com.android.media.extractor.flags is mapped to com.android.media
04-27 00:54:14.020 31396 31396 I AconfigPackage: com.android.media.mainline.flags is mapped to com.android.media
04-27 00:54:14.020 31396 31396 I AconfigPackage: com.android.wifi.flags is mapped to com.android.wifi
04-27 00:54:14.021 31396 31396 I AconfigPackage: com.android.org.conscrypt.flags is mapped to com.android.conscrypt
04-27 00:54:14.021 31396 31396 I AconfigPackage: com.android.org.conscrypt.net.flags is mapped to com.android.conscrypt
04-27 00:54:14.021 31396 31396 I AconfigPackage: com.android.healthfitness.flags is mapped to com.android.healthfitness
04-27 00:54:14.021 31396 31396 I AconfigPackage: com.android.ipsec.flags is mapped to com.android.ipsec
04-27 00:54:14.021  1036  1091 V WindowManagerShell: Track 0 became idle
04-27 00:54:14.021  1036  1091 V WindowManagerShell: All active transition animations finished
04-27 00:54:14.021 31396 31396 I AconfigPackage: com.android.nfc.module.flags is mapped to com.android.nfcservices
04-27 00:54:14.021 31396 31396 I AconfigPackage: com.android.nfc.module.nonexported.flags is mapped to com.android.nfcservices
04-27 00:54:14.021 31396 31396 I AconfigPackage: com.android.adservices.ondevicepersonalization.flags is mapped to com.android.ondevicepersonalization
04-27 00:54:14.022 31396 31396 I AconfigPackage: com.android.adbd.flags is mapped to com.android.adbd
04-27 00:54:14.022 31396 31396 I AconfigPackage: com.android.bluetooth.flags is mapped to com.android.bt
04-27 00:54:14.022 31396 31396 I AconfigPackage: com.android.devicelock.flags is mapped to com.android.devicelock
04-27 00:54:14.022  1036  1091 V RecentTasksController: generateList(getRecentTasks)
04-27 00:54:14.025  1036  1091 V RecentTasksController: initializeDesksMap - allDeskIds: []
04-27 00:54:14.025  1036  1091 V RecentTasksController: Task 143 is not an active desktop task
04-27 00:54:14.026 31396 31396 I AconfigPackage: android.os.profiling is mapped to com.android.profiling
04-27 00:54:14.026 31396 31396 I AconfigPackage: android.os.profiling.anomaly.flags is mapped to com.android.profiling
04-27 00:54:14.029 31396 31396 I AconfigPackage: com.android.os.statsd.flags is mapped to com.android.os.statsd
04-27 00:54:14.030 31396 31396 I AconfigPackage: com.android.webapp.flags is mapped to com.android.webapp
04-27 00:54:14.030 31396 31396 I AconfigPackage: com.android.rkpd.flags is mapped to com.android.rkpd
04-27 00:54:14.030 31396 31396 I AconfigPackage: com.android.cellbroadcastreceiver.flags is mapped to com.android.cellbroadcast
04-27 00:54:14.030 31396 31396 I AconfigPackage: com.android.adservices.flags is mapped to com.android.adservices
04-27 00:54:14.030 31396 31396 I AconfigPackage: com.android.sdksandbox.flags is mapped to com.android.adservices
04-27 00:54:14.030 31396 31396 I AconfigPackage: android.app.sdksandbox.flags is mapped to com.android.adservices
04-27 00:54:14.030  1036  1091 V RecentTasksController: Added fullscreen task: 143
04-27 00:54:14.030  1036  1091 V RecentTasksController: generateList - complete
04-27 00:54:14.030 31396 31396 I AconfigPackage: com.android.uwb.flags is mapped to com.android.uwb
04-27 00:54:14.030 31396 31396 I AconfigPackage: com.android.ranging.flags is mapped to com.android.uwb
04-27 00:54:14.031  1036  1091 V WindowManagerShell: Transition requested (#302): android.os.BinderProxy@c9a968 TransitionRequestInfo { type = CHANGE, triggerTask = null, pipChange = null, remoteTransitionInfo = null, displayChange = DisplayChange { displayId = 0, startAbsBounds = null, endAbsBounds = null, startRotation = 1, endRotation = 0, physicalDisplayChanged = false, disconnectReparentDisplay = -1, endInsetsState = null }, requestedLocation = null, userChange = null, windowingLayerChange = null, fullscreenRequestChange = null, flags = 0, debugId = 302 }
04-27 00:54:14.031  1036  1091 V ShellDesktopMode: DisconnectHandler: handleRequest: no reparent display; returning
04-27 00:54:14.033 31396 31396 I AconfigPackage: com.android.npumanager is mapped to com.android.npumanager
04-27 00:54:14.035 31396 31396 I AconfigPackage: android.graphics.pdf.flags is mapped to com.android.mediaprovider
04-27 00:54:14.035 31396 31396 I AconfigPackage: com.android.providers.media.flags is mapped to com.android.mediaprovider
04-27 00:54:14.035 31396 31396 I AconfigPackage: android.graphics.pdf.flags.readonly is mapped to com.android.mediaprovider
04-27 00:54:14.035 31396 31396 I AconfigPackage: com.android.tethering.mainline.beta is mapped to com.android.tethering
04-27 00:54:14.035 31396 31396 I AconfigPackage: android.net.http is mapped to com.android.tethering
04-27 00:54:14.035 31396 31396 I AconfigPackage: com.android.tethering.readonly.flags is mapped to com.android.tethering
04-27 00:54:14.035 31396 31396 I AconfigPackage: android.net.vcn is mapped to com.android.tethering
04-27 00:54:14.035 31396 31396 I AconfigPackage: com.android.net.flags is mapped to com.android.tethering
04-27 00:54:14.035 31396 31396 I AconfigPackage: com.android.tethering.flags is mapped to com.android.tethering
04-27 00:54:14.035 31396 31396 I AconfigPackage: com.android.tethering.beta.test is mapped to com.android.tethering
04-27 00:54:14.035 31396 31396 I AconfigPackage: com.android.nearby.flags is mapped to com.android.tethering
04-27 00:54:14.035 31396 31396 I AconfigPackage: com.android.net.thread.flags is mapped to com.android.tethering
04-27 00:54:14.035 31396 31396 I AconfigPackage: com.android.net.ct.flags is mapped to com.android.tethering
04-27 00:54:14.035 31396 31396 I AconfigPackage: com.android.system.virtualmachine.flags is mapped to com.android.virt
04-27 00:54:14.035 31396 31396 E FeatureFlagsImplExport: android.os.flagging.AconfigStorageReadException: ERROR_PACKAGE_NOT_FOUND: package android.xr cannot be found on the device
04-27 00:54:14.041  1036  1091 V ShellDesktopMode: DesktopTasksController: skipping handleRequest reason=triggerTask is null
04-27 00:54:14.058   566   598 I libbinder.BpBinder: onLastStrongRef automatically unlinking death recipients for binder (0x7eaa36058c10) with descriptor: '(not cached)'
04-27 00:54:14.061  4276 31386 I Finsky:background: [309] Wrote row to frosting DB: 3323
04-27 00:54:14.082   736  1005 I Surface : Creating surface for consumer unnamed-736-48 with slotExpansion=1 for 64 slots
04-27 00:54:14.082   736  1005 I Surface : Creating surface for consumer ImageReader-1920x864f1m1-736-43 with slotExpansion=1 for 64 slots
04-27 00:54:14.082   736  1005 W ImageReader_JNI: Unable to acquire a buffer item, very likely client tried to acquire more than maxImages buffers
04-27 00:54:14.101  4276 31386 I Finsky:background: [309] Wrote row to frosting DB: 3324
04-27 00:54:14.109   736   873 D EventHub: No input device configuration file found for device 'Monkey touch'.
04-27 00:54:14.110   736   873 I EventHub: usingClockIoctl=true
04-27 00:54:14.110   736   873 I EventHub: New device: id=29, fd=742, path='/dev/input/event14', name='Monkey touch', classes=TOUCH | TOUCH_MT, configuration='', keyLayout='', keyCharacterMap='', builtinKeyboard=false, 
04-27 00:54:14.111   736   873 I InputReader: Device reconfigured: id=29, name='Monkey touch', size 1080x2400, orientation Rotation0, mode DIRECT, display id 0
04-27 00:54:14.111   736   873 I InputReader: Device added: id=29, eventHubId=29, name='Monkey touch', descriptor='e1fe28b90f915c7d1febbd52c1ef84b3c4cbed9f',sources=TOUCHSCREEN
04-27 00:54:14.112 31396 31396 W Monkey  :  arg: "-p"
04-27 00:54:14.112 31396 31396 W Monkey  :  arg: "com.muonline.client"
04-27 00:54:14.112 31396 31396 W Monkey  :  arg: "-c"
04-27 00:54:14.112 31396 31396 W Monkey  :  arg: "android.intent.category.LAUNCHER"
04-27 00:54:14.112 31396 31396 W Monkey  :  arg: "1"
04-27 00:54:14.112 31396 31396 W Monkey  : data="com.muonline.client"
04-27 00:54:14.112 31396 31396 W Monkey  : data="android.intent.category.LAUNCHER"
04-27 00:54:14.117   566   616 W skia    : AGTM parsing failed flags.readFromStream(s) at 159
04-27 00:54:14.117   566   616 W skia    : AGTM parsing failed flags.readFromStream(s) at 159
04-27 00:54:14.128   736   762 I DisplayTopology: Display with ID 0 updated, new logical width: 1080, new logicalHeight: 2400, new density: 420
04-27 00:54:14.128   736   791 D BrightnessThermalClamper: Thermal status observer already started
04-27 00:54:14.135   736  1005 E ConsumerBase: [ImageReader-1920x864f1m1-736-43] abandonLocked: ConsumerBase is abandoned!
04-27 00:54:14.139   736   762 I ActivityTaskManager: Config changes=20000480 {1.0 310mcc260mnc [en_US] ldltr sw411dp w411dp h914dp 420dpi nrml long compactNeeded port finger qwerty/v/v dpad/v winConfig={ mBounds=Rect(0, 0 - 1080, 2400) mAppBounds=Rect(0, 0 - 1080, 2400) mMaxBounds=Rect(0, 0 - 1080, 2400) mDisplayRotation=ROTATION_0 mWindowingMode=fullscreen mActivityType=undefined mAlwaysOnTop=undefined mRotation=ROTATION_0} as.3 s.3272 fontWeightAdjustment=0}
04-27 00:54:14.175  4276 31386 I Finsky:background: [309] Wrote row to frosting DB: 3325
04-27 00:54:14.183  4164  4164 I Finsky  : [2] Memory trim requested to level 40
04-27 00:54:14.184  4164  4164 I Finsky  : [2] Flushing in-memory image cache
04-27 00:54:14.190 14925 31421 I NearbyDiscovery: (REDACTED) processGrantSlicePermission: %s
04-27 00:54:14.210   566   616 W skia    : AGTM parsing failed flags.readFromStream(s) at 159
04-27 00:54:14.210   566   616 W skia    : AGTM parsing failed flags.readFromStream(s) at 159
04-27 00:54:14.215   736   762 I WindowManager: Override config changes=20000480 {1.0 310mcc260mnc [en_US] ldltr sw411dp w411dp h914dp 420dpi nrml long compactNeeded port finger qwerty/v/v dpad/v winConfig={ mBounds=Rect(0, 0 - 1080, 2400) mAppBounds=Rect(0, 0 - 1080, 2400) mMaxBounds=Rect(0, 0 - 1080, 2400) mDisplayRotation=ROTATION_0 mWindowingMode=fullscreen mActivityType=undefined mAlwaysOnTop=undefined mRotation=ROTATION_0} as.3 s.3272 fontWeightAdjustment=0} for displayId=0
04-27 00:54:14.215   736   762 W TransitionChain: Combining dispOverCfg into #302(CHANGE|R|0x0) from updateRot
04-27 00:54:14.218   736   762 W libbinder.IPCThreadState: Sending oneway calls to frozen process.
04-27 00:54:14.219   736   762 W PackageConfigPersister: App-specific configuration not found for packageName: com.google.android.apps.nexuslauncher and userId: 0
04-27 00:54:14.221  2780  2785 I artd    : GetBestInfo: odex next to the dex file (/data/app/~~PqdBwR9WSFUNw4iaJMgoGg==/com.google.android.gms-95Dc1VeYXyONiCBDqz_lkA==/oat/x86_64/base.odex) is kOatUpToDate with filter 'speed-profile' executable 'false'
04-27 00:54:14.221  1036  1091 V ShellDesktopMode: DesktopDisplayEventHandler: displayAreaChanged in displayId=0, keyguardLocked=false
04-27 00:54:14.221  1036  1091 V ShellDesktopMode: DesktopDisplayEventHandler: handlePotentialReconnect: default display; aborting.
04-27 00:54:14.222  1036  1091 V ShellDesktopMode: DesktopDisplayEventHandler: createDefaultDesksIfNeeded displays=[0] userId=null
04-27 00:54:14.223  1036  1091 V ShellDesktopMode: DesktopDisplayEventHandler: shouldCreateOrWarmUpDesk skipping displayId=0 reason: desktop ineligible
04-27 00:54:14.223  2780  2785 I artd    : GetBestInfo: dm (/data/app/~~PqdBwR9WSFUNw4iaJMgoGg==/com.google.android.gms-95Dc1VeYXyONiCBDqz_lkA==/split_AdsDynamite_installtime.dm) is kOatUpToDate with filter 'verify' executable 'false'
04-27 00:54:14.223  1036  1091 V ShellDragAndDrop: Display changed: 0
04-27 00:54:14.227  2780  2785 I artd    : GetBestInfo: dm (/data/app/~~PqdBwR9WSFUNw4iaJMgoGg==/com.google.android.gms-95Dc1VeYXyONiCBDqz_lkA==/split_CronetDynamite_installtime.dm) is kOatUpToDate with filter 'verify' executable 'false'
04-27 00:54:14.232  2780  2785 I artd    : GetBestInfo: dm (/data/app/~~PqdBwR9WSFUNw4iaJMgoGg==/com.google.android.gms-95Dc1VeYXyONiCBDqz_lkA==/split_DynamiteLoader_installtime.dm) is kOatUpToDate with filter 'verify' executable 'false'
