04-27 00:54:16.819  1219  1219 W AmbientCueRepository: 	at android.window.WindowTokenClientController.onWindowContextInfoChanged(WindowTokenClientController.java:249)
04-27 00:54:16.819  1219  1219 W AmbientCueRepository: 	at android.app.ActivityThread.handleWindowContextInfoChanged(ActivityThread.java:7289)
04-27 00:54:16.819  1219  1219 W AmbientCueRepository: 	at android.app.servertransaction.WindowContextInfoChangeItem.execute(WindowContextInfoChangeItem.java:53)
04-27 00:54:16.819  1219  1219 W AmbientCueRepository: 	at android.app.servertransaction.TransactionExecutor.executeNonLifecycleItem(TransactionExecutor.java:133)
04-27 00:54:16.819  1219  1219 W AmbientCueRepository: 	at android.app.servertransaction.TransactionExecutor.executeTransactionItems(TransactionExecutor.java:103)
04-27 00:54:16.819  1219  1219 W AmbientCueRepository: 	at android.app.servertransaction.TransactionExecutor.execute(TransactionExecutor.java:80)
04-27 00:54:16.819  1219  1219 W AmbientCueRepository: 	at android.app.ActivityThread$H.handleMessage(ActivityThread.java:3024)
04-27 00:54:16.819  1219  1219 W AmbientCueRepository: 	at android.os.Handler.dispatchMessageImpl(Handler.java:142)
04-27 00:54:16.819  1219  1219 W AmbientCueRepository: 	at android.os.Handler.dispatchMessage(Handler.java:125)
04-27 00:54:16.819  1219  1219 W AmbientCueRepository: 	at android.os.Looper.loopOnce(Looper.java:292)
04-27 00:54:16.819  1219  1219 W AmbientCueRepository: 	at android.os.Looper.loop(Looper.java:393)
04-27 00:54:16.819  1219  1219 W AmbientCueRepository: 	at android.app.ActivityThread.main(ActivityThread.java:9486)
04-27 00:54:16.819  1219  1219 W AmbientCueRepository: 	at java.lang.reflect.Method.invoke(Native Method)
04-27 00:54:16.819  1219  1219 W AmbientCueRepository: 	at com.android.internal.os.RuntimeInit$MethodAndArgsCaller.run(RuntimeInit.java:575)
04-27 00:54:16.819  1219  1219 W AmbientCueRepository: 	at com.android.internal.os.ZygoteInit.main(ZygoteInit.java:939)
04-27 00:54:16.821  1219  1219 D LauncherAmbientCueVM: onUnfilteredActionsChange: []
04-27 00:54:16.826  1219  1219 D AmbientCueRepository: connectToAce: connecting TO ACE and registering
04-27 00:54:16.829  4105  4105 I GoogleInputMethodService: GoogleInputMethodService.onStartInput():1384 onStartInput(EditorInfo{EditorInfo{packageName=com.muonline.client, inputType=0, inputTypeString=NULL, enableLearning=false, autoCorrection=false, autoComplete=false, imeOptions=0, privateImeOptions=null, actionName=UNSPECIFIED, actionLabel=null, initialSelStart=-1, initialSelEnd=-1, initialCapsMode=0, label=null, fieldId=0, fieldName=null, extras=null, hintText=null, hintLocales=[]}}, true)
04-27 00:54:16.829  4105  4105 W SessionManager: SessionManager.beginSession():53 Try to begin an already begun session [INPUT_SESSION], end it first
04-27 00:54:16.829  1219  1219 D AllAppsStore: setApps: apps.length=21
04-27 00:54:16.829  1219  1219 D AllAppsStore: notifyUpdate: notifying listeners
04-27 00:54:16.829  4105  4105 W AndroidIME: LatinIMEBase.updateInputViewCoverNavigation():319 Null input view, cannot update padding!
04-27 00:54:16.831  1219  1219 D AlphabeticIndexCompat: computeSectionName: cs: Settings sectionName: S
04-27 00:54:16.831  1219  1219 D AlphabeticIndexCompat: computeSectionName: cs: Photos sectionName: P
04-27 00:54:16.831  4105  4105 I Module  : DeviceLockedStatusModuleProvider$Module.updateDeviceLockedStatus():103 repeatCheckTimes = 1, locked = false
04-27 00:54:16.833  1219  1219 D AlphabeticIndexCompat: computeSectionName: cs: Battery sectionName: B
04-27 00:54:16.833  1219  1219 D AlphabeticIndexCompat: computeSectionName: cs: Chrome sectionName: C
04-27 00:54:16.833  1219  1219 D AlphabeticIndexCompat: computeSectionName: cs: Gmail sectionName: G
04-27 00:54:16.834  1219  1219 D AlphabeticIndexCompat: computeSectionName: cs: Drive sectionName: D
04-27 00:54:16.834   736  1957 W PackageConfigPersister: App-specific configuration not found for packageName: com.muonline.client and userId: 0
04-27 00:54:16.834  1219  1219 D AlphabeticIndexCompat: computeSectionName: cs: Clock sectionName: C
04-27 00:54:16.834  1219  1219 D AlphabeticIndexCompat: computeSectionName: cs: Contacts sectionName: C
04-27 00:54:16.834  1219  1219 D AlphabeticIndexCompat: computeSectionName: cs: Calendar sectionName: C
04-27 00:54:16.835  1219  1219 D AlphabeticIndexCompat: computeSectionName: cs: Maps sectionName: M
04-27 00:54:16.835  4105  4105 W PrimesLoggerHolder: FrameMetricServiceImpl.start():188 measurement already started: MeasurementKey{rawStringEventName=null, noPiiEventName=OnConfigurationChanged, isActivity=false}
04-27 00:54:16.835  1219  1219 D AlphabeticIndexCompat: computeSectionName: cs: YouTube Music sectionName: Y
04-27 00:54:16.836  1219  1219 D AlphabeticIndexCompat: computeSectionName: cs: YouTube sectionName: Y
04-27 00:54:16.836  1219  1219 D AlphabeticIndexCompat: computeSectionName: cs: Google sectionName: G
04-27 00:54:16.838  1219  1219 D AlphabeticIndexCompat: computeSectionName: cs: Android System Intelligence sectionName: A
04-27 00:54:16.839  4105  4105 I KeyboardInterfacePrivate: IKeyboard.createKeyboard():67 Keyboard created from HiltKeyboardFactory: com.google.android.apps.inputmethod.latin.keyboard.LatinPrimeKeyboard
04-27 00:54:16.839  1219  1219 D AlphabeticIndexCompat: computeSectionName: cs: Digital Wellbeing sectionName: D
04-27 00:54:16.839  1219  1219 D AlphabeticIndexCompat: computeSectionName: cs: Conversations sectionName: C
04-27 00:54:16.841  1219  1219 D TaskbarManager: createTaskbarUIControllerForRecentsViewContainer displayId=0 mPrimaryDisplayId=0
04-27 00:54:16.842  1219  1219 D PerDisplayTaskbarResource: recreateTaskbarForDisplay: adding rootView displayId=0
04-27 00:54:16.842  1219  1219 D PerDisplayTaskbarResource: recreateTaskbarForDisplay: adding root layout displayId=0
04-27 00:54:16.847  1219  1219 D BubbleBarView: BubbleBar RTL properties changed, new layoutDirection=0 previous layoutDirection=-1
04-27 00:54:16.849 31457 31494 I TakumiErrorReport: > First Load Files OK.
04-27 00:54:16.866  4105  4150 I SP      : Syncing emoticon_content_description (2022081613) with slices: [7a635888cb828dfa2fc744b7b9b50f04], metadata: false
04-27 00:54:16.911  1036  1036 D SsCardRecyclerViewAdapter: Updating Smartspace targets to targets for Lockscreen
04-27 00:54:16.918  1036  1036 D SsCardRecyclerViewAdapter: Updating Smartspace targets to targets for Lockscreen
04-27 00:54:16.921  1036  1036 W BcSmartspaceView: Current card is not present in the Adapter; cannot log.
04-27 00:54:16.927  1036  1036 E DateSmartspaceView: No tap action can be set up
04-27 00:54:16.929  1036  1036 W AlarmManager: Unrecognized alarm listener com.google.android.systemui.smartspace.KeyguardZenAlarmViewController$showNextAlarm$1@c306cb1
04-27 00:54:16.930  1036  1036 W AlarmManager: Unrecognized alarm listener com.google.android.systemui.smartspace.KeyguardZenAlarmViewController$showNextAlarm$1@c306cb1
04-27 00:54:16.930  1036  1036 W BcSmartspaceView: Current card is not present in the Adapter; cannot log.
04-27 00:54:16.932  1036  1036 W BcSmartspaceView: Current card is not present in the Adapter; cannot log.
04-27 00:54:16.932  1036  1036 E DateSmartspaceView: No tap action can be set up
04-27 00:54:16.937  1036  1036 W AlarmManager: Unrecognized alarm listener com.google.android.systemui.smartspace.KeyguardZenAlarmViewController$showNextAlarm$1@c306cb1
04-27 00:54:16.938  1036  1036 W BcSmartspaceView: Current card is not present in the Adapter; cannot log.
04-27 00:54:16.947  1036  1036 W BcSmartspaceView: Current card is not present in the Adapter; cannot log.
04-27 00:54:16.953   736   836 I WindowManager: finishDrawing of orientation change: Window{904d21f u0 ScreenDecorOverlay} 233ms
04-27 00:54:16.959  3743  3773 I AiAiEcho: Predicting[0]:  [CONTEXT sampling_count=5 ]
04-27 00:54:16.960  3743  3773 I AiAiEcho: EchoTargets: 
04-27 00:54:16.960  3743  3773 I AiAiEcho: Filtered by AiAi flag check: 
04-27 00:54:16.960  3743  3773 I AiAiEcho: [CONTEXT ratelimit_period="10 SECONDS" ]
04-27 00:54:16.960  3743  3773 I AiAiEcho: #remoteViewsTwiddler: feature disabled.
04-27 00:54:16.961  3743  3773 I AiAiEcho: Predicting[0]:  [CONTEXT sampling_count=5 ]
04-27 00:54:16.961  3743  3773 I AiAiEcho: EchoTargets: 
04-27 00:54:16.961  3743  3773 I AiAiEcho: Filtered by AiAi flag check: 
04-27 00:54:16.961  3743  3773 I AiAiEcho: [CONTEXT ratelimit_period="10 SECONDS" ]
04-27 00:54:16.961  3743  3773 I AiAiEcho: #remoteViewsTwiddler: feature disabled.
04-27 00:54:16.961  3743  3773 I AiAiEcho: #postPredictionTargets: Sending updates to UISurface lockscreen with targets# 0 (types=[])
04-27 00:54:16.962  3743  3773 I AiAiEcho: #postPredictionTargets: Sending updates to UISurface home with targets# 0 (types=[])
04-27 00:54:16.972   736  1827 I WindowManager: finishDrawing of orientation change: Window{ff56b7a u0 ScreenDecorOverlayBottom} 253ms
04-27 00:54:16.975  1036  1036 W AodBurnInViewModel: minViewY is below topInset: BurnInParameters(topInset=com.android.systemui.keyguard.ui.binder.KeyguardRootViewBinder$OnLayoutChange$$ExternalSyntheticLambda0@a2468f2, minViewY=com.android.systemui.keyguard.ui.binder.KeyguardRootViewBinder$OnLayoutChange$$ExternalSyntheticLambda0@1e50e6b, translationY=com.android.systemui.keyguard.ui.binder.KeyguardRootViewBinder$$ExternalSyntheticLambda1@110b5c0, translationX=com.android.systemui.keyguard.ui.binder.KeyguardRootViewBinder$$ExternalSyntheticLambda1@dfe12f9) minViewY=74 topInset=132
04-27 00:54:16.996  3743  3773 I AiAiEcho: Predicting[0]:  [CONTEXT sampling_count=5 ]
04-27 00:54:16.997  3743  3773 I AiAiEcho: EchoTargets: 
04-27 00:54:16.997  3743  3773 I AiAiEcho: Filtered by AiAi flag check: 
04-27 00:54:16.997  3743  3773 I AiAiEcho: [CONTEXT ratelimit_period="10 SECONDS" ]
04-27 00:54:16.998  3743  3773 I AiAiEcho: #remoteViewsTwiddler: feature disabled.
04-27 00:54:16.998  3743  3773 I AiAiEcho: Predicting[0]:  [CONTEXT sampling_count=5 ]
04-27 00:54:16.998  3743  3773 I AiAiEcho: EchoTargets: 
04-27 00:54:16.998  3743  3773 I AiAiEcho: Filtered by AiAi flag check: 
04-27 00:54:16.998  3743  3773 I AiAiEcho: [CONTEXT ratelimit_period="10 SECONDS" ]
04-27 00:54:17.000  3743  3773 I AiAiEcho: #remoteViewsTwiddler: feature disabled.
04-27 00:54:17.008  3743  3773 I AiAiEcho: #postPredictionTargets: Sending updates to UISurface lockscreen with targets# 0 (types=[])
04-27 00:54:17.009  3743  3773 I AiAiEcho: #postPredictionTargets: Sending updates to UISurface home with targets# 0 (types=[])
04-27 00:54:17.010  4105  4150 I SP      : Sync for emoticon_content_description succeeded in 144 ms: no changes
04-27 00:54:17.011  3743  3773 I AiAiEcho: Predicting[0]:  [CONTEXT sampling_count=5 ]
04-27 00:54:17.011  3743  3773 I AiAiEcho: EchoTargets: 
04-27 00:54:17.011  3743  3773 I AiAiEcho: Filtered by AiAi flag check: 
04-27 00:54:17.011  3743  3773 I AiAiEcho: [CONTEXT ratelimit_period="10 SECONDS" ]
04-27 00:54:17.011  4105  4150 I SP      : GC for 'emoticon_content_description' (10) with ttl of 0 ms took 0 ms (0/0/0)
04-27 00:54:17.011  3743  3773 I AiAiEcho: #remoteViewsTwiddler: feature disabled.
04-27 00:54:17.012  3743  3773 I AiAiEcho: Predicting[0]:  [CONTEXT sampling_count=5 ]
04-27 00:54:17.012  3743  3773 I AiAiEcho: EchoTargets: 
04-27 00:54:17.012  3743  3773 I AiAiEcho: Filtered by AiAi flag check: 
04-27 00:54:17.012  3743  3773 I AiAiEcho: [CONTEXT ratelimit_period="10 SECONDS" ]
04-27 00:54:17.012  3743  3773 I AiAiEcho: #remoteViewsTwiddler: feature disabled.
04-27 00:54:17.013  3743  3773 I AiAiEcho: #postPredictionTargets: Sending updates to UISurface lockscreen with targets# 0 (types=[])
04-27 00:54:17.013  3743  3773 I AiAiEcho: #postPredictionTargets: Sending updates to UISurface home with targets# 0 (types=[])
04-27 00:54:17.124  1219  1219 D LauncherAmbientCueVM: Debounced empty action: updating state
04-27 00:54:17.599 31457 31462 I muonline.client: Compiler allocated 5228KB to compile void android.view.ViewRootImpl.performTraversals(long)
04-27 00:54:18.382   736  1699 E TaskPersister: File error accessing recents directory (directory doesn't exist?).
04-27 00:54:19.453   736   954 I AdbWifiNetworkMonitor: Wi-Fi network available
04-27 00:54:19.453   736   954 I AdbWifiNetworkMonitor: Received the same Wi-Fi SSID. Ignoring.
04-27 00:54:19.460   736   931 W libbinder.IPCThreadState: Sending oneway calls to frozen process.
04-27 00:54:19.460   736   921 I HalDevMgr: bestIfaceCreationProposal is null, requestIface=STA, existingIface=[name=wlan0 type=STA]
04-27 00:54:19.463  1366  2586 I NullBinder: NullBinder for android.net.action.RECOMMEND_NETWORKS triggering remote TransactionTooLargeException due to Service without Chimera impl, calling uid: 1000, calling pid: 0
04-27 00:54:19.463  1366  2586 W libbinder.Binder: Large reply transaction of 1056768 bytes, interface descriptor , function: UNKNOWN_FUNCTION_NAME, code: 1, flags: 17
04-27 00:54:19.789 31457 31494 I MuMain  : OPENBASIC: OpenImages begin
04-27 00:54:19.795 31457 31494 I MuMain  : OPENBASIC: OpenImages done
04-27 00:54:19.796 31457 31494 I MuMain  : OPENBASIC: OpenSounds begin
04-27 00:54:19.796 31457 31494 I MuMain  : OPENBASIC: OpenSounds done
04-27 00:54:19.797 31457 31494 I MuMain  : OPENBASIC: scripts begin
04-27 00:54:19.801 31457 31494 I MuMain  : OPENBASIC: OpenTextData begin
04-27 00:54:19.803 31457 31494 I MuMain  : OPENBASIC: OpenTextData done
04-27 00:54:19.806 31457 31494 I MuMain  : OPENBASIC: master/gate/filter done
04-27 00:54:19.808 31457 31494 I MuMain  : WEBZEN: OpenBasicData done
04-27 00:54:19.955 31457 31494 I TakumiErrorReport: File not found Data\Interface\InGameShop\ingame_Bt_page_L.tga (32485)->Data\Custom\Maps\CRadar.tga
04-27 00:54:19.957 31457 31494 I TakumiErrorReport: File not found Data\Interface\InGameShop\IGS_Storage_Page.tga (32487)->Data\Custom\Maps\map_radar.tga
04-27 00:54:19.961 31457 31494 I TakumiErrorReport: File not found Data\Interface\InGameShop\IGS_Storage_Page_Left.tga (32488)->Data\Custom\Maps\background-tcp.tga
04-27 00:54:19.964 31457 31494 I TakumiErrorReport: File not found Data\Interface\InGameShop\IGS_Storage_Page_Right.tga (32489)->Data\Interface\newui_option_check.tga
04-27 00:54:20.135  1203  1331 D SatelliteController: isInCarrierRoamingNbIotNtn: satellite is disabled
04-27 00:54:20.135  1203  1331 D SatelliteController: getCarrierRoamingNtnConnectType: Checking connect type from PLMN config for subId: 1
04-27 00:54:20.136  1203  1331 D SatelliteController: getSatellitePerPlmnConfiguration: invalid subId or not supported via carrier.
04-27 00:54:20.137  1203  1331 D SatelliteController: getCarrierRoamingNtnConnectType: config: null
04-27 00:54:20.137  1203  1331 D SatelliteController: getCarrierRoamingNtnConnectType: Falling back to global carrier config connect type: 0
04-27 00:54:20.137  1203  1331 D SatelliteController: updateLastNotifiedCarrierRoamingNtnSignalStrengthAndNotify(1)
04-27 00:54:20.137  1203  1331 D SatelliteController: updateLastNotifiedCarrierRoamingNtnSignalStrengthAndNotify(1) lastNotifiedSignalStrength level: 0
04-27 00:54:20.137  1203  1331 D SatelliteController: updateLastNotifiedCarrierRoamingNtnSignalStrengthAndNotify(1) currSignalStrength level: 0
04-27 00:54:20.266 31457 31494 I TakumiErrorReport: File not found Data\Interface\newui_item_back01.tga (31373)->Data\Interface\newui_item_back04.tga
04-27 00:54:20.267 31457 31494 I TakumiErrorReport: File not found Data\Interface\newui_item_back04.tga (31373)->Data\Interface\newui_item_back01.tga
04-27 00:54:20.270 31457 31494 I MuMain  : WEBZEN: LoadMainSceneInterface done
04-27 00:54:20.271 31457 31494 I TakumiErrorReport: > Loading ok.
04-27 00:54:20.273 31457 31494 E BLASTBufferQueue: [c134bb1 SurfaceView[com.muonline.client/com.muonline.client.MuMainActivity]#2](f:0,a:0) rejecting buffer:active_size=2268x1080, requested_size=2268x1080 buffer{size=2268x943 transform=0}
04-27 00:54:20.334 31457 31494 I MuMain  : ADAPT fx scale: fps=0.3 frameMs=3901.69 1.00->0.90 target=0.55
04-27 00:54:20.334 31457 31494 I MuMain  : PERF fps=0.3 frameMs=3901.69 phase(render=3838.08 pad=0.03 present=62.62) renderLevel=4 fxScale=1.00 maxMsg=70 avg(draw=132 verts=792 im=132 vaD=0 vaC=0 qI=0 qE=0) max(draw=132 verts=792)
04-27 00:54:20.334 31457 31494 I MuMain  : PERF_SCENE world=-1 char(live=0 vis=0 ply=0 mon=0 npc=0 pet=0 prio=0 topMon=-1 x0) obj(live=0 vis=0 op=0 trap=0 topObj=-1 x0)
04-27 00:54:20.334 31457 31494 I MuMain  : PERF_BUCKET objMove(cand=0 upd=0 def=0 n=0 m=0 f=0) objRender(cand=0 draw=0 cull=0 n=0 m=0 f=0 visDraw=0 visDef=0) charMove(cand=0 upd=0 def=0 n=0 m=0 f=0) charRender(cand=0 draw=0 def=0 cull=0 n=0 m=0 f=0)
04-27 00:54:20.334 31457 31494 I MuMain  : PERF_TERRAIN world=-1 normal(block=0 tile=0) grass(block=0 tile=0) after(block=0 tile=0)
04-27 00:54:20.334 31457 31494 I MuMain  : Frame 0 — drawCalls=132 verts=792 paths(im=132 vaD=0 vaC=0 qI=0 qE=0) SDL_err='Couldn't open asset '/storage/emulated/0/Android/data/com.muonline.client/files/Data/fonts/font_.ttf''
04-27 00:54:20.338 31457 31494 I MuMain  : OpenTga logo file=Data\Logo\MU-logo.OZT size=512x256 alphaMin=0 alphaMax=255 alphaZero=80277 cornerRGBA=74,76,87,0
04-27 00:54:20.340 31457 31494 I MuMain  : OpenJpeg turbo file=Data\Logo\MU-logo_g.OZJ jpeg=512x256 tex=512x256 idx=31019 texNo=2016
04-27 00:54:20.381  1016  1016 I wpa_supplicant: wlan0: CTRL-EVENT-BEACON-LOSS 
04-27 00:54:20.563 31457 31494 I MuMain  : LoadWorld OpenTerrainMapping enc world=74 result=74 file=Data\World74\EncTerrain74.map
04-27 00:54:20.564 31457 31494 I MuMain  : LoadWorld OpenTerrainAttribute enc world=74 result=74 file=Data\World74\EncTerrain74.att
04-27 00:54:20.565 31457 31494 I MuMain  : LoadWorld OpenObjectsEnc enc world=74 result=74 file=Data\World74\EncTerrain74.obj
04-27 00:54:20.566 31457 31494 I MuMain  : OpenJpegBuffer turbo file=Data\World74\TerrainLight.OZJ jpeg=256x256 firstRGB=0.341,0.341,0.435
04-27 00:54:20.569 31457 31494 I MuMain  : OpenJpeg turbo file=Data\World74\TileGrass01.OZJ jpeg=256x256 tex=256x256 idx=30256 texNo=2180
04-27 00:54:20.572 31457 31494 I MuMain  : OpenJpeg turbo file=Data\World74\TileGrass02.OZJ jpeg=256x256 tex=256x256 idx=30257 texNo=2181
04-27 00:54:20.574 31457 31494 I MuMain  : OpenJpeg turbo file=Data\World74\TileGround01.OZJ jpeg=256x256 tex=256x256 idx=30258 texNo=2182
04-27 00:54:20.576 31457 31494 I MuMain  : OpenJpeg turbo file=Data\World74\TileGround02.OZJ jpeg=256x256 tex=256x256 idx=30259 texNo=2183
04-27 00:54:20.578 31457 31494 I MuMain  : OpenJpeg turbo file=Data\World74\TileGround03.OZJ jpeg=256x256 tex=256x256 idx=30260 texNo=2184
04-27 00:54:20.579 31457 31494 I MuMain  : OpenJpeg turbo file=Data\World74\TileWater01.OZJ jpeg=256x256 tex=256x256 idx=30261 texNo=2185
04-27 00:54:20.581 31457 31494 I MuMain  : OpenJpeg turbo file=Data\World74\TileWood01.OZJ jpeg=256x256 tex=256x256 idx=30262 texNo=2186
04-27 00:54:20.583 31457 31494 I MuMain  : OpenJpeg turbo file=Data\World74\TileRock01.OZJ jpeg=256x256 tex=256x256 idx=30263 texNo=2187
04-27 00:54:20.585 31457 31494 I MuMain  : OpenJpeg turbo file=Data\World74\TileRock02.OZJ jpeg=256x256 tex=256x256 idx=30264 texNo=2188
04-27 00:54:20.587 31457 31494 I MuMain  : OpenJpeg turbo file=Data\World74\TileRock03.OZJ jpeg=256x256 tex=256x256 idx=30265 texNo=2189
04-27 00:54:20.589 31457 31494 I MuMain  : OpenJpeg turbo file=Data\World74\TileRock05.OZJ jpeg=256x256 tex=256x256 idx=30267 texNo=2191
04-27 00:54:20.590 31457 31494 I MuMain  : OpenJpeg turbo file=Data\World74\TileRock06.OZJ jpeg=128x128 tex=128x128 idx=30268 texNo=2192
04-27 00:54:20.591 31457 31494 I MuMain  : OpenJpeg turbo file=Data\World74\TileRock07.OZJ jpeg=256x256 tex=256x256 idx=30269 texNo=2193
04-27 00:54:20.597 31457 31494 I TakumiErrorReport: File not found Data\World74\leaf01.tga (30357)->Data\World74\leaf01.jpg
04-27 00:54:20.597 31457 31494 I MuMain  : OpenJpeg turbo file=Data\World74\leaf01.OZJ jpeg=16x16 tex=16x16 idx=30357 texNo=2198
04-27 00:54:20.597 31457 31494 I MuMain  : OpenJpeg turbo file=Data\World74\leaf02.OZJ jpeg=16x16 tex=16x16 idx=30358 texNo=2199
04-27 00:54:20.602 31457 31494 I AndroidGDI: Font OK: /system/fonts/DroidSans-Bold.ttf sz=10
04-27 00:54:20.602 31457 31494 I TakumiErrorReport: [Connect to Server 33] ip address = 192.168.99.200, port = 63000
04-27 00:54:20.602 31457 31494 I MuNet   : connect start 192.168.99.200:63000
04-27 00:54:20.800 31457 31494 I MuNet   : connect success 192.168.99.200:63000 fd=112
04-27 00:54:20.800 31457 31494 I TakumiErrorReport: [Android Socket] connected ip=192.168.99.200 port=63000 handle=112
04-27 00:54:20.800 31457 31502 I MuNet   : [fd=112] recv thread started
04-27 00:54:20.800 31457 31494 I TakumiErrorReport: [Android Socket] server list requested handle=112
04-27 00:54:20.802 31457 31494 E MuMain  : PlayMp3 failed requested=[data\music\login_theme.mp3] resolved=[data/music/login_theme.mp3] reqExists=0 resolvedExists=0 cwd=[/storage/emulated/0/Android/data/com.muonline.client/files]: Couldn't open 'data/music/login_theme.mp3'
04-27 00:54:20.802 31457 31494 I TakumiErrorReport: > Login Scene init success.
04-27 00:54:20.812 31457 31494 I MuMain  : RenderBitmap logo texture=31019 texNo=2016 file=Data\Logo\MU-logo_g.jpg size=512x256 comp=3 ref=1 colorAlpha=0.000 alphaArg=0.000
04-27 00:54:20.813 31457 31494 I MuMain  : RenderBitmap logo texture=31018 texNo=2015 file=Data\Logo\MU-logo.tga size=512x256 comp=4 ref=1 colorAlpha=0.000 alphaArg=0.000
04-27 00:54:20.813 31457 31494 I AndroidGDI: AndroidTextOut ENTRY len=34 hdc=0x733fdca9bf20 bmp=0x733fdca9c2e0 text[0]=40
04-27 00:54:20.814 31457 31494 I AndroidGDI: TextOut surf=241x18 fmt=0x16362004 maxA=255 dib[0..2]=0,0,0
04-27 00:54:20.814 31457 31494 I AndroidGDI: AndroidTextOut ENTRY len=25 hdc=0x733fdca9bf20 bmp=0x733fdca9c2e0 text[0]=32
04-27 00:54:20.814 31457 31494 I AndroidGDI: TextOut surf=177x18 fmt=0x16362004 maxA=255 dib[0..2]=0,0,0
04-27 00:54:20.815 31457 31494 I AndroidGDI: AndroidTextOut ENTRY len=14 hdc=0x733fdca9bf20 bmp=0x733fdca9c2e0 text[0]=80
04-27 00:54:20.815 31457 31494 I AndroidGDI: TextOut surf=95x18 fmt=0x16362004 maxA=255 dib[0..2]=0,0,0
04-27 00:54:20.832 31457 31494 I MuMain  : Frame 1 — drawCalls=122 verts=43017 paths(im=885 vaD=0 vaC=0 qI=4 qE=0) SDL_err='Couldn't open 'data/music/login_theme.mp3''
04-27 00:54:20.855 31457 31494 I AndroidGDI: AndroidTextOut ENTRY len=34 hdc=0x733fdca9bf20 bmp=0x733fdca9c2e0 text[0]=40
04-27 00:54:20.855 31457 31494 I AndroidGDI: TextOut surf=241x18 fmt=0x16362004 maxA=255 dib[0..2]=0,0,0
04-27 00:54:20.855 31457 31494 I AndroidGDI: AndroidTextOut ENTRY len=25 hdc=0x733fdca9bf20 bmp=0x733fdca9c2e0 text[0]=32
04-27 00:54:20.855 31457 31494 I AndroidGDI: TextOut surf=177x18 fmt=0x16362004 maxA=255 dib[0..2]=0,0,0
04-27 00:54:20.855 31457 31494 I AndroidGDI: AndroidTextOut ENTRY len=14 hdc=0x733fdca9bf20 bmp=0x733fdca9c2e0 text[0]=80
04-27 00:54:20.867 31457 31494 I MuMain  : Frame 2 — drawCalls=311 verts=70086 paths(im=1525 vaD=0 vaC=0 qI=16 qE=0) SDL_err=''
04-27 00:54:20.890 31457 31494 I AndroidGDI: AndroidTextOut ENTRY len=34 hdc=0x733fdca9bf20 bmp=0x733fdca9c2e0 text[0]=40
04-27 00:54:20.890 31457 31494 I AndroidGDI: AndroidTextOut ENTRY len=25 hdc=0x733fdca9bf20 bmp=0x733fdca9c2e0 text[0]=32
04-27 00:54:20.890 31457 31494 I AndroidGDI: AndroidTextOut ENTRY len=14 hdc=0x733fdca9bf20 bmp=0x733fdca9c2e0 text[0]=80
04-27 00:54:20.891 31457 31494 I MuMain  : Frame 3 — drawCalls=313 verts=69192 paths(im=1511 vaD=0 vaC=0 qI=28 qE=0) SDL_err=''
04-27 00:54:20.920 31457 31494 I AndroidGDI: AndroidTextOut ENTRY len=34 hdc=0x733fdca9bf20 bmp=0x733fdca9c2e0 text[0]=40
04-27 00:54:20.922 31457 31494 I MuMain  : Frame 4 — drawCalls=323 verts=69252 paths(im=1521 vaD=0 vaC=0 qI=40 qE=0) SDL_err=''
04-27 00:54:20.958 31457 31494 I MuMain  : Frame 5 — drawCalls=333 verts=73647 paths(im=1537 vaD=0 vaC=0 qI=49 qE=0) SDL_err=''
04-27 00:54:20.986 31457 31494 I MuMain  : Frame 6 — drawCalls=349 verts=73761 paths(im=1556 vaD=0 vaC=0 qI=63 qE=0) SDL_err=''
04-27 00:54:21.011 31457 31494 I MuMain  : Frame 7 — drawCalls=361 verts=73815 paths(im=1565 vaD=0 vaC=0 qI=79 qE=0) SDL_err=''
04-27 00:54:21.037 31457 31494 I MuMain  : Frame 8 — drawCalls=376 verts=73995 paths(im=1581 vaD=0 vaC=0 qI=93 qE=0) SDL_err=''
04-27 00:54:21.062 31457 31494 I MuMain  : Frame 9 — drawCalls=380 verts=74115 paths(im=1587 vaD=0 vaC=0 qI=99 qE=0) SDL_err=''
04-27 00:54:21.089 31457 31494 W MuMain  : ADAPT net budget down: fps=35.0 frameMs=28.61 maxMsg 70->60
04-27 00:54:21.309 31457 31502 D MuNet   : [fd=112] recv chunk size=15 b0=0xC1 b1=0x04 b2=0x00 b3=0x01
04-27 00:54:21.310 31457 31502 I TakumiErrorReport: [Android Socket] parsed packet handle=112 type=0xC1 size=4 head=0x00 sub=0x01
04-27 00:54:21.310 31457 31502 I TakumiErrorReport: [Android Socket] parsed packet handle=112 type=0xC2 size=11 head=0x0B sub=0xF4
04-27 00:54:21.317 31457 31494 I TakumiErrorReport: Send Request Server List.
04-27 00:54:21.317 31457 31494 I TakumiErrorReport: [Android Socket] send packet handle=112 type=0xC1 size=4 head=0xF4 sub=0x06
04-27 00:54:21.317 31457 31494 I TakumiErrorReport: [Android Socket] send packet handle=112 type=0xC1 size=6 head=0xF4 sub=0x03
04-27 00:54:21.318 31457 31494 I TakumiErrorReport: Success Receive Server List.
04-27 00:54:21.319 31457 31502 D MuNet   : [fd=112] recv chunk size=11 b0=0xC2 b1=0x00 b2=0x0B b3=0xF4
04-27 00:54:21.319 31457 31502 I TakumiErrorReport: [Android Socket] parsed packet handle=112 type=0xC2 size=11 head=0x0B sub=0xF4
04-27 00:54:21.320 31457 31502 D MuNet   : [fd=112] recv chunk size=22 b0=0xC1 b1=0x16 b2=0xF4 b3=0x03
04-27 00:54:21.321 31457 31502 I TakumiErrorReport: [Android Socket] parsed packet handle=112 type=0xC1 size=22 head=0xF4 sub=0x03
04-27 00:54:21.349 31457 31494 W MuMain  : ADAPT net budget down: fps=34.7 frameMs=28.83 maxMsg 60->50
04-27 00:54:21.349 31457 31494 I TakumiErrorReport: Success Receive Server List.
04-27 00:54:21.349 31457 31494 I TakumiErrorReport: [ReceiveServerConnect]
04-27 00:54:21.351 31457 31502 E MuNet   : [fd=112] recv failed: count=0 errno=0
04-27 00:54:21.351 31457 31502 I MuNet   : [fd=112] recv thread stopped
04-27 00:54:21.352 31457 31494 I TakumiErrorReport: [Connect to Server 33] ip address = 192.168.99.200, port = 55901
04-27 00:54:21.352 31457 31494 I MuNet   : connect start 192.168.99.200:55901
04-27 00:54:21.855 31457 31494 I MuNet   : connect success 192.168.99.200:55901 fd=112
04-27 00:54:21.855 31457 31494 I TakumiErrorReport: [Android Socket] connected ip=192.168.99.200 port=55901 handle=112
04-27 00:54:21.855 31457 31503 I MuNet   : [fd=112] recv thread started
04-27 00:54:21.885 31457 31494 I MuMain  : ADAPT fx scale: fps=1.9 frameMs=535.82 1.00->0.90 target=0.55
04-27 00:54:21.885 31457 31494 W MuMain  : ADAPT net budget down: fps=1.9 frameMs=535.82 maxMsg 50->40
04-27 00:54:21.885 31457 31494 I MuMain  : PERF fps=1.9 frameMs=535.82 phase(render=27.76 pad=0.02 present=1.57) renderLevel=4 fxScale=1.00 maxMsg=40 avg(draw=421 verts=76527 im=1791 vaD=0 vaC=0 qI=163 qE=0) max(draw=421 verts=76527)
04-27 00:54:21.885 31457 31494 I MuMain  : PERF_SCENE world=73 char(live=0 vis=0 ply=0 mon=0 npc=0 pet=0 prio=0 topMon=-1 x0) obj(live=375 vis=173 op=0 trap=0 topObj=155 x31)
04-27 00:54:21.885 31457 31494 I MuMain  : PERF_BUCKET objMove(cand=0 upd=0 def=0 n=0 m=0 f=0) objRender(cand=0 draw=0 cull=0 n=0 m=0 f=0 visDraw=0 visDef=0) charMove(cand=0 upd=0 def=0 n=0 m=0 f=0) charRender(cand=0 draw=0 def=0 cull=0 n=0 m=0 f=0)
04-27 00:54:21.885 31457 31494 I MuMain  : PERF_TERRAIN world=73 normal(block=0 tile=0) grass(block=0 tile=0) after(block=0 tile=0)
04-27 00:54:22.138 31457 31494 W MuMain  : ADAPT net budget down: fps=35.5 frameMs=28.15 maxMsg 40->30
04-27 00:54:22.366 31457 31503 D MuNet   : [fd=112] recv chunk size=12 b0=0x74 b1=0xB9 b2=0x84 b3=0xB5
04-27 00:54:22.366 31457 31503 I TakumiErrorReport: [Android Socket] parsed packet handle=112 type=0xC1 size=12 head=0xF1 sub=0x00
04-27 00:54:22.398 31457 31494 I MuMain  : CHATIME IME state changed focused=1 sdlTextInput=1
04-27 00:54:22.416 31457 31457 I ImeTracker: com.muonline.client:8f22a71a: onRequestShow at ORIGIN_CLIENT reason SHOW_SOFT_INPUT fromUser false userId 0 displayId 0
04-27 00:54:22.430 31457 31457 D InsetsController: show(ime())
04-27 00:54:22.431   736   881 W InputChannel-JNI: Channel already disposed.
04-27 00:54:22.431 31457 31457 D InsetsController: Setting requestedVisibleTypes to 504 (was 496)
04-27 00:54:22.431  4105  4105 I GoogleInputMethodService: GoogleInputMethodService.onFinishInput():2113 
04-27 00:54:22.435  4105  4105 I Module  : DeviceLockedStatusModuleProvider$Module.updateDeviceLockedStatus():103 repeatCheckTimes = 0, locked = false
04-27 00:54:22.439  4105  4105 I GoogleInputMethodService: GoogleInputMethodService.onStartInput():1384 onStartInput(EditorInfo{EditorInfo{packageName=com.muonline.client, inputType=80091, inputTypeString=VisiblePassword[NoSuggestion], enableLearning=false, autoCorrection=false, autoComplete=true, imeOptions=93000006, privateImeOptions=null, actionName=DONE, actionLabel=null, initialSelStart=-1, initialSelEnd=-1, initialCapsMode=0, label=null, fieldId=-1, fieldName=null, extras=null, hintText=null, hintLocales=[]}}, false)
04-27 00:54:22.439  4105  4105 W AndroidIME: LatinIMEBase.updateInputViewCoverNavigation():319 Null input view, cannot update padding!
04-27 00:54:22.440  4105  4105 I HardKeyTracker: HardKeyTracker.unregisterKeySequence():229 Unregister key sequence omh{labelResId=0, callback=gvh@a8c14a6, lastModifier=0, keyCodes=[57, 57], actions=[1, 0]}
04-27 00:54:22.440  4105  4105 I HardKeyTracker: HardKeyTracker.unregisterKeySequence():229 Unregister key sequence omh{labelResId=0, callback=gvh@a538ee7, lastModifier=0, keyCodes=[58, 58], actions=[1, 0]}
04-27 00:54:22.440  4105  4105 I Module  : DeviceLockedStatusModuleProvider$Module.updateDeviceLockedStatus():103 repeatCheckTimes = 1, locked = false
04-27 00:54:22.445   736  1095 W PackageConfigPersister: App-specific configuration not found for packageName: com.muonline.client and userId: 0
04-27 00:54:22.446 31457 31463 I muonline.client: NativeAlloc concurrent mark compact GC freed 6860KB AllocSpace bytes, 0(0B) LOS objects, 49% free, 2812KB/5624KB, paused 2.094ms,11.924ms total 40.340ms
04-27 00:54:22.448  4105  4105 I StylusModule: StylusModule.onUpdateToolType():774 Update tool type = 2
04-27 00:54:22.450  4105  4105 I GoogleInputMethodService: GoogleInputMethodService.onCreateInputView():1324 onCreateInputView()
04-27 00:54:22.452  4105  4105 I AndroidIME: LatinIMEBase.updateInputViewCoverNavigation():314 Update input view padding, extendsTouchBelowSpace=true, bottom inset=126
04-27 00:54:22.453  4105  4105 I GoogleInputMethodService: GoogleInputMethodService.onStartInputView():1472 onStartInputView(EditorInfo{EditorInfo{packageName=com.muonline.client, inputType=80091, inputTypeString=VisiblePassword[NoSuggestion], enableLearning=false, autoCorrection=false, autoComplete=true, imeOptions=93000006, privateImeOptions=null, actionName=DONE, actionLabel=null, initialSelStart=-1, initialSelEnd=-1, initialCapsMode=0, label=null, fieldId=-1, fieldName=null, extras=null, hintText=null, hintLocales=[]}}, false)
04-27 00:54:22.453  4105  4105 I KeyboardHeightUtil: KeyboardHeightUtil.getOemKeyboardHeightRatio():81 systemKeyboardHeightRatio:1.000000.
04-27 00:54:22.456  4105  4147 W ModuleManager: ModuleManager.loadModule():634 Module pig is not available
04-27 00:54:22.458  4105  4105 I InputContextChangeTracker: InputContextChangeTracker.fixLyingSelectionRangeFromSurroundingText():1678 fixLyingSelectionRangeFromSurroundingText(): [-1, -1]([-1, -1]) -> [0, 0]([0, 0])
04-27 00:54:22.461  4105  4105 I AndroidIME: InputBundleManager.loadActiveInputBundleId():531 loadActiveInputBundleId: und-Latn-x-password, password
04-27 00:54:22.462  4105  4105 I ImeInterfacePrivate: IIme.createImeWithClassName():62 IIme created from HiltImeFactory: com.google.android.libraries.inputmethod.ime.password.PasswordIme
04-27 00:54:22.463  4105  4105 I AndroidIME: AbstractIme.onActivate():95 PasswordIme.onActivate() : EditorInfo = EditorInfo{packageName=com.muonline.client, inputType=80091, inputTypeString=VisiblePassword[NoSuggestion], enableLearning=false, autoCorrection=false, autoComplete=true, imeOptions=93000006, privateImeOptions=null, actionName=DONE, actionLabel=null, initialSelStart=-1, initialSelEnd=-1, initialCapsMode=0, label=null, fieldId=-1, fieldName=null, extras=null, hintText=null, hintLocales=[]}, IncognitoMode = true, DeviceLocked = false
04-27 00:54:22.464  4105  4105 I KeyboardWrapper: KeyboardWrapper.activateKeyboard():582 activateKeyboard(): type=prime, status=INACTIVE, imeDef=noh{stringId=password, language=und-Latn-x-password, languageTag=und-Latn-x-password, processedConditions={writing_helper_enable_by_word_revert=false, variant=qwerty, true=true, language=en-US, enable_number_row=true, device=phone, enable_number_row_in_password=true, enable_pk_simulator=false}, className=com.google.android.libraries.inputmethod.ime.password.PasswordIme, label=2132019347, keyEventInterpreter=null, inlineComposing=true, autoCapital=true, announceAutoSelectedCandidate=true, statusIcon=0, indicatorIcon=0, indicatorLabel=null, displayAppCompletions=false, extraValues=noa{}, processors=nqa@e1dc12, unacceptableMetaKeys=4098, languageSpecificSettings=0, asciiCapable=false, alwaysShowSuggestions=false, useAsciiPasswordKeyboard=false, keyboardGroupDef=npj@9245fe3, phenotypeFlagId=0, localizationLanguageTag=null, supportsInlineSuggestion=false}
04-27 00:54:22.464  4105  4105 I KeyboardManager: KeyboardManager.requestKeyboard():249 Creating keyboard prime, imeId=password, cacheKey=theme,!gsf,!pgsans,!pgsf,!use_system_font,BORDER,FLAVOR_DPI=XXHDPI,IS_LIGHT,KEYBOARD_MODE=1,KEYBOARD_WIDTH_CATEGORY=NORMAL,KEY_BORDER_SHAPE=1,LANDSCAPE,LIGHT_THEME=true,ORIENTATION=2,PHYSICAL_DIAGONAL=5.9809904,POPUP,SCREEN_SHORTEST_WIDTH=411,SCREEN_SHORTEST_WIDTH_NO_SCALE=411,SW400DP,XXHDPI,enable_popup_on_keypress=true,keyboard_redesign_google_sans=true,non_linear_scale,noshadow,overlay_builtin_dynamic_color_light_base.binarypb:gm3-light-fffaf8fe-ff4c5e8b-4fb1adea13304a190d4abf12326cf60c,silkpopup
04-27 00:54:22.465  4105  4105 I AndroidIME: InputBundleManager.startInput():361 startInput() with npn[keyboardType=prime, payload=null]
04-27 00:54:22.466  4105  4105 I PkModeUpdater: PkModeUpdater.onActivate():74 onActivate false true
04-27 00:54:22.466  4105  4105 I AccessoryInputModeManager: AccessoryInputModeManager.onModeStarted():324 Accessory input mode started: null
04-27 00:54:22.466  4105  4105 I KeyboardWrapper: KeyboardWrapper.consumeEvent():429 Skip consuming an event as current keyboard is deactivated (state=ACTIVE, keyboard existence=false)
04-27 00:54:22.467  4105  4105 W SupplementaryKeyboardsWrapper: SupplementaryKeyboardsWrapper.deactivateKeyboard():162 keyboard accessory_candidates_consumer is not activated before!
04-27 00:54:22.475  4105  4105 I GlobeKeyExtension: GlobeKeyExtension.onActivate():129 
04-27 00:54:22.476  4105  4105 W ExtensionWrapper: ExtensionWrapper.setExtensionViewVisibility():876 interface ndx is not activate
04-27 00:54:22.477  4105  4105 I NewLanguagePromptExtension: NewLanguagePromptExtension.onActivate():189 Not activated NewLanguagePromptExtension: not a normal text input box.
04-27 00:54:22.478  4105  4105 I VoiceInputManagerWrapper: VoiceInputManagerWrapper.cancelShutdown():109 cancelShutdown()
04-27 00:54:22.478  4105  4105 I VoiceInputManagerWrapper: VoiceInputManagerWrapper.syncLanguagePacks():121 syncLanguagePacks()
04-27 00:54:22.479  4105  4147 I NetworkInfoNotification: NetworkInfoNotification$Listener.onReceive():107 onNetworkAvailable: networkState = NON_METERED, isAirplaneModeOn = false
04-27 00:54:22.479  4105 30850 I SpeechFactory: SpeechRecognitionFactory.maybeScheduleAutoPackDownloadForFallback():217 maybeScheduleAutoPackDownloadForFallback()
04-27 00:54:22.479  4105 30850 I FallbackOnDeviceRecognitionProvider: FallbackOnDeviceRecognitionProvider.maybeScheduleAutoPackDownload():213 maybeScheduleAutoPackDownload() for language tag en-US
04-27 00:54:22.480  4105  4105 I ContactNoticeModule: ContactNoticeModule.shouldPostContactPermissionNotice():142 Not post contact permission notice: not a normal text input box.
04-27 00:54:22.480   736   921 I HalDevMgr: bestIfaceCreationProposal is null, requestIface=STA, existingIface=[name=wlan0 type=STA]
04-27 00:54:22.482  4105  4105 I Module  : DeviceLockedStatusModuleProvider$Module.updateDeviceLockedStatus():103 repeatCheckTimes = 1, locked = false
04-27 00:54:22.484  4105 31499 I SystemHapticSettings: SystemHapticSettings.updateSystemVibrationState():61 update vibration state: true
04-27 00:54:22.486  4105  4105 D ImeBackCallbackSender: Register OnBackInvokedCallback with priority=-1 at app window (packageName=com.muonline.client)
04-27 00:54:22.486  1160  1312 D IpClient/wlan0: interfaceLinkStateChanged: ifindex 16 up
04-27 00:54:22.487 31457 31457 D WindowOnBackDispatcher: setTopOnBackInvokedCallback (unwrapped): android.view.ImeBackAnimationController@85af2e
04-27 00:54:22.488   736  1095 D WindowManager: setClientSurface Surface(name=VRI-InputMethod#3203)/@0xcc8f596 for b8695fc InputMethod
04-27 00:54:22.489 14925 14925 D BoundBrokerSvc: onBind: Intent { act=com.google.firebase.dynamiclinks.service.START xflg=0x4 pkg=com.google.android.gms }
04-27 00:54:22.490 14925 14925 D BoundBrokerSvc: Loading bound service for intent: Intent { act=com.google.firebase.dynamiclinks.service.START xflg=0x4 pkg=com.google.android.gms }
04-27 00:54:22.493   736  2220 D CoreBackPreview: Window{1ed54aa u0 com.muonline.client/com.muonline.client.MuMainActivity}: Setting back callback OnBackInvokedCallbackInfo{mCallback=android.window.IOnBackInvokedCallback$Stub$Proxy@fb1f2ed, mPriority=0, mIsAnimationCallback=true, mOverrideBehavior=0}
04-27 00:54:22.495  1160  1312 D IpClient/wlan0: interfaceLinkStateChanged: ifindex 16 up
04-27 00:54:22.495  4105  4105 I Surface : Creating surface for consumer unnamed-4105-4 with slotExpansion=1 for 64 slots
04-27 00:54:22.497  4105  4105 I Surface : Creating surface for consumer VRI[InputMethod]#4(BLAST Consumer)4 with slotExpansion=1 for 64 slots
04-27 00:54:22.498  4105  4105 I WindowMetricsNotification: WindowMetricsNotification.notifyWithWindow():166 
04-27 00:54:22.499  4105  4105 I DeviceModeModule: DeviceModeModule.calculateAndNotify():225 Device mode 'phone' from display metrics 'DisplayMetrics{density=0.0, width=2400, height=1080, scaledDensity=0.0, xdpi=420.0, ydpi=420.0}' or smallestScreenWidthDp: 411
04-27 00:54:22.500  4105  4105 I GoogleInputMethodService: GoogleInputMethodService$8.onWindowMetricsChanged():817 windowMetrics: bounds() = Rect(132, 0 - 2400, 1080), insets() = Rect(0, 0 - 0, 126)
04-27 00:54:22.500  4105  4105 I AndroidIME: LatinIMEBase.updateInputViewCoverNavigation():314 Update input view padding, extendsTouchBelowSpace=true, bottom inset=126
04-27 00:54:22.500  4105  4105 I WindowMetricsNotification: WindowMetricsNotification.notify():159 qnx[bounds=Rect(132, 0 - 2400, 1080), insets=Rect(0, 0 - 0, 126), densityDpi=420, smallestScreenWidthDp=411, displayWidth=2400, displayHeight=1080, xdpi=420.0, ydpi=420.0, isTrustable=true, displayId=0]; DisplayMetrics{density=2.625, width=2400, height=1080, scaledDensity=2.625, xdpi=420.0, ydpi=420.0}
04-27 00:54:22.501  4105  4105 I DynamicLanguageSetterModule: DynamicLanguageSetterModule.handleAppSpecificLanguages():369 Only enable the ascii capable keyboard
04-27 00:54:22.501  4105  4105 I InputMethodEntryManager: InputMethodEntryManager.enableLanguagesAndChangeCurrentTemporarily():1869 enabledLanguages: [zz], specifiedCurrentLanguage null
04-27 00:54:22.501  4105  4105 I InputMethodEntryManager: InputMethodEntryManager.enableInputMethodEntriesTemporarily():2095 temporarilyEnabledEntryTuples []
04-27 00:54:22.501  4105  4105 I InputMethodEntryManager: InputMethodEntryManager.enableLanguagesAndChangeCurrentTemporarily():1905 Update temporary current entry(en-US, qwerty)
04-27 00:54:22.503  4105  4105 I KeyboardInterfacePrivate: IKeyboard.createKeyboard():67 Keyboard created from HiltKeyboardFactory: com.google.android.apps.inputmethod.latin.keyboard.LatinPasswordKeyboard
04-27 00:54:22.504  4105  4105 I KeyboardWrapper: KeyboardWrapper.onKeyboardReady():224 onKeyboardReady(): type=null(prime), kb=com.google.android.apps.inputmethod.latin.keyboard.LatinPasswordKeyboard@d746d9d
04-27 00:54:22.505  4105  4105 W TooltipLifecycleManager: TooltipLifecycleManager.dismissTooltips():153 Tooltip with id autofill_banner_fallback_toast not found in tooltipManager.
04-27 00:54:22.506  4105  4105 I VoiceInputManager: VoiceInputManager.onKeyboardActivated():1216 onKeyboardActivated() [UD]
04-27 00:54:22.506  4105  4105 I KeyboardWrapper: KeyboardWrapper.doActivateKeyboard():612 doActivateKeyboard(): prime
04-27 00:54:22.528   566   616 W skia    : AGTM parsing failed flags.readFromStream(s) at 159
04-27 00:54:22.552 31457 31457 D VRI[MuMainActivity]: WindowInsets changed: navigationBars:[0,0,0,63] 
04-27 00:54:22.559  4105  4105 I KeyboardViewHelper: KeyboardViewHelper.getView():180 Get view with height ratio:1.000000
04-27 00:54:22.563  4105  4118 I putmethod.latin: Waiting for a blocking GC ProfileSaver
04-27 00:54:22.590  4105  4118 I putmethod.latin: WaitForGcToComplete blocked ProfileSaver on Background for 26.544ms
04-27 00:54:22.608  4105  4105 I BaseKeyboardSizeHelper: BaseKeyboardSizeHelper.calculateMaxKeyboardBodyHeight():73 leave 281 height for app when ime window height:954, header height:108 and isFullscreenMode:false, so the max keyboard body height is:565
04-27 00:54:22.608  4105  4105 I SoftKeyboardView: SoftKeyboardView.setMaxHeight():1102 Set max keyboard height:565.
04-27 00:54:22.609  4105  4105 I AndroidIME: KeyboardViewManager.updateKeyboardBackgroundFrameVisibility():360 Set background frame visibility. old:8, new:8
04-27 00:54:22.610  4105  4105 I BaseKeyboardSizeHelper: BaseKeyboardSizeHelper.calculateMaxKeyboardBodyHeight():73 leave 281 height for app when ime window height:954, header height:108 and isFullscreenMode:false, so the max keyboard body height is:565
04-27 00:54:22.610  4105  4105 I BaseKeyboardSizeHelper: BaseKeyboardSizeHelper.calculateMaxKeyboardBodyHeight():73 leave 281 height for app when ime window height:954, header height:108 and isFullscreenMode:false, so the max keyboard body height is:565
04-27 00:54:22.611  4105  4105 I GlobeKeyExtension: GlobeKeyExtension.getKeyboardInitialStates():185 
04-27 00:54:22.612  4105  4105 W KeyboardDef: KeyboardDef.getKeyboardViewDef():739 KeyboardViewDef is not found: keyboardDef=npc{processedConditions={show_comma_key=true, enable_more_candidates_view_for_multilingual=false, layout_9key_split=false, enable_secondary_symbols=false, pref_enable_flick_symbols=false, enable_scrub_move=true, language=en-US, deprecate_long_press_space_for_ime_picker=false, show_suggestion_strip=true, expressions=normal, android_software_xr_api_spatial=false, variant=qwerty, free_cursor=false, show_period_key=true, enable_number_row=true, device=phone, keyboard_mode=normal, show_secondary_digits=false, enable_pk_simulator=false, enable_preemptive_decode=true}, globalConditions={global_theme_key=theme,!gsf,!pgsans,!pgsf,!use_system_font,BORDER,FLAVOR_DPI=XXHDPI,IS_LIGHT,KEYBOARD_MODE=1,KEYBOARD_WIDTH_CATEGORY=NORMAL,KEY_BORDER_SHAPE=1,LANDSCAPE,LIGHT_THEME=true,ORIENTATION=2,PHYSICAL_DIAGONAL=5.9809904,POPUP,SCREEN_SHORTEST_WIDTH=411,SCREEN_SHORTEST_WIDTH_NO_SCALE=411,SW400DP,XXHDPI,enable_popup_on_keypress=true,keyboard_redesign_google_sans=true,non_linear_scale,noshadow,overlay_builtin_dynamic_color_light_base.binarypb:gm3-light-fffaf8fe-ff4c5e8b-4fb1adea13304a190d4abf12326cf60c,silkpopup, global_locale=en_US, global_density_dpi=420, global_orientation=2}, className=.latin.keyboard.LatinPasswordKeyboard, resourceIds=[#0x7f1705f8, #0x7f17088a, #0x7f1706b8], initialStates=0, keyboardViewDefs=[npr{direction=null, id=#0x7f0b0226, isScalable=true, layoutId=#0x7f0e02b5, type=BODY, touchable=true, defaultShow=true}, npr{direction=null, id=#0x7f0b0226, isScalable=false, layoutId=#0x7f0e0211, type=FLOATING_CANDIDATES, touchable=false, defaultShow=false}, npr{direction=LOCALE, id=#0x7f0b0226, isScalable=false, layoutId=#0x7f0e0518, type=HEADER, touchable=true, defaultShow=true}], persistentStates=0, persistentStatesPrefKey=null, popupBubbleLayoutId=#0x7f0e0606, recentKeyLayoutId=#0x0, recentKeyPopupLayoutId=#0x0, recentKeyType=null, rememberRecentKey=NONE, sessionStates=17592186044419}, type=WIDGET, id=2131427878
04-27 00:54:22.612  4105  4105 W Keyboard: Keyboard.getKeyboardViewHelper():604 null helper is returned: keyboardDef=npc{processedConditions={show_comma_key=true, enable_more_candidates_view_for_multilingual=false, layout_9key_split=false, enable_secondary_symbols=false, pref_enable_flick_symbols=false, enable_scrub_move=true, language=en-US, deprecate_long_press_space_for_ime_picker=false, show_suggestion_strip=true, expressions=normal, android_software_xr_api_spatial=false, variant=qwerty, free_cursor=false, show_period_key=true, enable_number_row=true, device=phone, keyboard_mode=normal, show_secondary_digits=false, enable_pk_simulator=false, enable_preemptive_decode=true}, globalConditions={global_theme_key=theme,!gsf,!pgsans,!pgsf,!use_system_font,BORDER,FLAVOR_DPI=XXHDPI,IS_LIGHT,KEYBOARD_MODE=1,KEYBOARD_WIDTH_CATEGORY=NORMAL,KEY_BORDER_SHAPE=1,LANDSCAPE,LIGHT_THEME=true,ORIENTATION=2,PHYSICAL_DIAGONAL=5.9809904,POPUP,SCREEN_SHORTEST_WIDTH=411,SCREEN_SHORTEST_WIDTH_NO_SCALE=411,SW400DP,XXHDPI,enable_popup_on_keypress=true,keyboard_redesign_google_sans=true,non_linear_scale,noshadow,overlay_builtin_dynamic_color_light_base.binarypb:gm3-light-fffaf8fe-ff4c5e8b-4fb1adea13304a190d4abf12326cf60c,silkpopup, global_locale=en_US, global_density_dpi=420, global_orientation=2}, className=.latin.keyboard.LatinPasswordKeyboard, resourceIds=[#0x7f1705f8, #0x7f17088a, #0x7f1706b8], initialStates=0, keyboardViewDefs=[npr{direction=null, id=#0x7f0b0226, isScalable=true, layoutId=#0x7f0e02b5, type=BODY, touchable=true, defaultShow=true}, npr{direction=null, id=#0x7f0b0226, isScalable=false, layoutId=#0x7f0e0211, type=FLOATING_CANDIDATES, touchable=false, defaultShow=false}, npr{direction=LOCALE, id=#0x7f0b0226, isScalable=false, layoutId=#0x7f0e0518, type=HEADER, touchable=true, defaultShow=true}], persistentStates=0, persistentStatesPrefKey=null, popupBubbleLayoutId=#0x7f0e0606, recentKeyLayoutId=#0x0, recentKeyPopupLayoutId=#0x0, recentKeyType=null, rememberRecentKey=NONE, sessionStates=17592186044419}, type=WIDGET, helpersCreated={HEADER=nal@795046d, BODY=nal@b1a48a2, FLOATING_CANDIDATES=nal@b9e7933}, context.getResources().getConfiguration(): {1.0 310mcc260mnc [en_US] ldltr sw411dp w914dp h411dp 420dpi nrml long compactNeeded land finger qwerty/v/v dpad/v winConfig={ mBounds=Rect(0, 0 - 2400, 1080) mAppBounds=Rect(0, 0 - 2400, 1080) mMaxBounds=Rect(0, 0 - 2400, 1080) mDisplayRotation=ROTATION_90 mWindowingMode=fullscreen mActivityType=undefined mAlwaysOnTop=undefined mRotation=ROTATION_90} as.3 s.3131 fontWeightAdjustment=0}
04-27 00:54:22.613  4105  4105 I MotionEventHandlerManager: MotionEventHandlerManager.newHandlerInstance():562 Created handler instance from HiltMotionEventHandlerFactory com.google.android.libraries.inputmethod.motioneventhandler.BasicMotionEventHandler
04-27 00:54:22.613  4105  4105 I MotionEventHandlerManager: MotionEventHandlerManager.newHandlerInstance():562 Created handler instance from HiltMotionEventHandlerFactory .motioneventhandler.BasicMotionEventHandler
04-27 00:54:22.613  4105  4105 I MotionEventHandlerManager: MotionEventHandlerManager.newHandlerInstance():562 Created handler instance from HiltMotionEventHandlerFactory .motioneventhandler.scrubmove.ScrubDeleteMotionEventHandler
04-27 00:54:22.613  4105  4105 I MotionEventHandlerManager: MotionEventHandlerManager.newHandlerInstance():562 Created handler instance from HiltMotionEventHandlerFactory .motioneventhandler.scrubmove.ScrubMoveMotionEventHandler
04-27 00:54:22.613  4105  4105 I MotionEventHandlerManager: MotionEventHandlerManager.newHandlerInstance():562 Created handler instance from HiltMotionEventHandlerFactory com.google.android.libraries.inputmethod.motioneventhandler.BasicMotionEventHandler
04-27 00:54:22.613  4105  4105 I BaseKeyboardSizeHelper: BaseKeyboardSizeHelper.calculateMaxKeyboardBodyHeight():73 leave 281 height for app when ime window height:954, header height:108 and isFullscreenMode:false, so the max keyboard body height is:565
04-27 00:54:22.629  4105  4105 I AndroidIME: KeyboardViewManager.updateKeyboardBackgroundFrameVisibility():360 Set background frame visibility. old:8, new:8
04-27 00:54:22.629  4105  4105 W View    : requestLayout() improperly called by com.google.android.libraries.inputmethod.widgets.SoftKeyView{35f2db2 VFE...C.. ......ID 0,0-142,108 #7f0b04f5 app:id/key_pos_header_access_points_menu} during layout: running second layout pass
04-27 00:54:22.629  4105  4105 W View    : requestLayout() improperly called by com.google.android.libraries.inputmethod.widgets.CopyImageSourceView{91ee103 V.ED..... ......ID 0,0-2268,108 #7f0b01e3 app:id/0_resource_name_obfuscated} during layout: running second layout pass
04-27 00:54:22.629  4105  4105 W View    : requestLayout() improperly called by android.widget.LinearLayout{606e880 V.E...... ......ID 142,0-2126,108 #7f0b0396 app:id/0_resource_name_obfuscated} during layout: running second layout pass
04-27 00:54:22.629   566   616 W skia    : AGTM parsing failed flags.readFromStream(s) at 159
