04-27 00:54:14.399  1219  1219 W AmbientCueRepository: 	at com.android.launcher3.util.ListenableDiffAwareRef$$ExternalSyntheticLambda0.invoke(go/retraceme 7226a759aa2bb3787a79806f85d80eaad84f1f1e15acd6db988f2df789d1680d:8)
04-27 00:54:14.399  1219  1219 W AmbientCueRepository: 	at com.android.launcher3.util.MutableListenableStream$dispatchValue$1$1.run(go/retraceme 7226a759aa2bb3787a79806f85d80eaad84f1f1e15acd6db988f2df789d1680d:20)
04-27 00:54:14.399  1219  1219 W AmbientCueRepository: 	at com.android.launcher3.util.LooperExecutor.execute(go/retraceme 7226a759aa2bb3787a79806f85d80eaad84f1f1e15acd6db988f2df789d1680d:16)
04-27 00:54:14.399  1219  1219 W AmbientCueRepository: 	at com.android.launcher3.util.MutableListenableStream.dispatchValue(go/retraceme 7226a759aa2bb3787a79806f85d80eaad84f1f1e15acd6db988f2df789d1680d:52)
04-27 00:54:14.399  1219  1219 W AmbientCueRepository: 	at com.android.launcher3.display.DisplayInfoContainer.notifyConfigChange(go/retraceme 7226a759aa2bb3787a79806f85d80eaad84f1f1e15acd6db988f2df789d1680d:168)
04-27 00:54:14.399  1219  1219 W AmbientCueRepository: 	at com.android.launcher3.display.DisplayInfoContainer.onConfigurationChanged(go/retraceme 7226a759aa2bb3787a79806f85d80eaad84f1f1e15acd6db988f2df789d1680d:90)
04-27 00:54:14.399  1219  1219 W AmbientCueRepository: 	at android.content.ComponentCallbacksController.lambda$dispatchConfigurationChanged$0(ComponentCallbacksController.java:92)
04-27 00:54:14.399  1219  1219 W AmbientCueRepository: 	at android.content.ComponentCallbacksController$$ExternalSyntheticLambda2.accept(D8$$SyntheticClass:0)
04-27 00:54:14.399  1219  1219 W AmbientCueRepository: 	at android.content.ComponentCallbacksController.forAllComponentCallbacks(ComponentCallbacksController.java:125)
04-27 00:54:14.399  1219  1219 W AmbientCueRepository: 	at android.content.ComponentCallbacksController.dispatchConfigurationChanged(ComponentCallbacksController.java:92)
04-27 00:54:14.399  1219  1219 W AmbientCueRepository: 	at android.window.WindowContext.dispatchConfigurationChanged(WindowContext.java:281)
04-27 00:54:14.399  1219  1219 W AmbientCueRepository: 	at android.window.WindowTokenClient.onConfigurationChangedInner(WindowTokenClient.java:212)
04-27 00:54:14.399  1219  1219 W AmbientCueRepository: 	at android.window.WindowTokenClient.onConfigurationChanged(WindowTokenClient.java:158)
04-27 00:54:14.399  1219  1219 W AmbientCueRepository: 	at android.window.WindowTokenClient.onConfigurationChanged(WindowTokenClient.java:114)
04-27 00:54:14.399  1219  1219 W AmbientCueRepository: 	at android.window.WindowTokenClientController.onWindowContextInfoChanged(WindowTokenClientController.java:249)
04-27 00:54:14.399  1219  1219 W AmbientCueRepository: 	at android.app.ActivityThread.handleWindowContextInfoChanged(ActivityThread.java:7289)
04-27 00:54:14.399  1219  1219 W AmbientCueRepository: 	at android.app.servertransaction.WindowContextInfoChangeItem.execute(WindowContextInfoChangeItem.java:53)
04-27 00:54:14.399  1219  1219 W AmbientCueRepository: 	at android.app.servertransaction.TransactionExecutor.executeNonLifecycleItem(TransactionExecutor.java:133)
04-27 00:54:14.399  1219  1219 W AmbientCueRepository: 	at android.app.servertransaction.TransactionExecutor.executeTransactionItems(TransactionExecutor.java:103)
04-27 00:54:14.400  1219  1219 W AmbientCueRepository: 	at android.app.servertransaction.TransactionExecutor.execute(TransactionExecutor.java:80)
04-27 00:54:14.400  1219  1219 W AmbientCueRepository: 	at android.app.ActivityThread$H.handleMessage(ActivityThread.java:3024)
04-27 00:54:14.400  1219  1219 W AmbientCueRepository: 	at android.os.Handler.dispatchMessageImpl(Handler.java:142)
04-27 00:54:14.400  1219  1219 W AmbientCueRepository: 	at android.os.Handler.dispatchMessage(Handler.java:125)
04-27 00:54:14.400  1219  1219 W AmbientCueRepository: 	at android.os.Looper.loopOnce(Looper.java:292)
04-27 00:54:14.400  1219  1219 W AmbientCueRepository: 	at android.os.Looper.loop(Looper.java:393)
04-27 00:54:14.400  1219  1219 W AmbientCueRepository: 	at android.app.ActivityThread.main(ActivityThread.java:9486)
04-27 00:54:14.400  1219  1219 W AmbientCueRepository: 	at java.lang.reflect.Method.invoke(Native Method)
04-27 00:54:14.400  1219  1219 W AmbientCueRepository: 	at com.android.internal.os.RuntimeInit$MethodAndArgsCaller.run(RuntimeInit.java:575)
04-27 00:54:14.400  1219  1219 W AmbientCueRepository: 	at com.android.internal.os.ZygoteInit.main(ZygoteInit.java:939)
04-27 00:54:14.405 31396 31396 I Monkey  : ## Network stats: elapsed time=106ms (0ms mobile, 0ms wifi, 106ms not connected)
04-27 00:54:14.404  1036  1132 D WindowOnBackDispatcher: setTopOnBackInvokedCallback (unwrapped): android.view.ViewRootImpl$$ExternalSyntheticLambda13@a463e5
04-27 00:54:14.409   736  1410 D CoreBackPreview: Window{143a5b1 u0 Splash Screen com.muonline.client}: Setting back callback OnBackInvokedCallbackInfo{mCallback=android.window.IOnBackInvokedCallback$Stub$Proxy@b3da22, mPriority=0, mIsAnimationCallback=false, mOverrideBehavior=0}
04-27 00:54:14.412 31396 31396 I app_process: System.exit called, status: 0
04-27 00:54:14.412 31396 31396 I AndroidRuntime: VM exiting with result code 0.
04-27 00:54:14.413  1219  1219 D LauncherAmbientCueVM: onUnfilteredActionsChange: []
04-27 00:54:14.417   736  1959 D WindowManager: setClientSurface Surface(name=VRI-Splash Screen com.muonline.client#3167)/@0xb67d59c for 143a5b1 Splash Screen com.muonline.client
04-27 00:54:14.417  4105  4105 I PkDeviceHelper: PkDeviceHelper.refreshDevices():87 refreshing devices
04-27 00:54:14.417  4105  4105 I PkDeviceHelper: PkDeviceHelper.addDevice():125 device qwerty2 added
04-27 00:54:14.417  4105  4105 I PkDeviceHelper: PkDeviceHelper.addDevice():125 device AT Translated Set 2 keyboard added
04-27 00:54:14.425 14925 14956 I gle.android.gms: WaitForGcToComplete blocked ProfileSaver on Background for 185.531ms
04-27 00:54:14.425 14925 14956 I gle.android.gms: Waiting for a blocking GC ProfileSaver
04-27 00:54:14.426   736   762 V GrammaticalInflectionUtils: AttributionSource: android.content.AttributionSource@d322a4fb does not have READ_SYSTEM_GRAMMATICAL_GENDER permission.
04-27 00:54:14.428  1036  1091 V RecentTasksController: Notify recent tasks changed
04-27 00:54:14.428  1036  1091 D ShellDesktopMode: DesktopRepository(0): Removes freeform task: taskId=143
04-27 00:54:14.430  1036  1091 W ShellDesktopMode: DesktopRepository(0): No display id found for task: taskId=143
04-27 00:54:14.430  1036  1091 V RecentTasksController: Notify recent tasks changed
04-27 00:54:14.432  1036  1132 I Surface : Creating surface for consumer unnamed-1036-62 with slotExpansion=1 for 64 slots
04-27 00:54:14.433  1036  1132 I Surface : Creating surface for consumer VRI[client]#62(BLAST Consumer)62 with slotExpansion=1 for 64 slots
04-27 00:54:14.444 14925 31405 W SQLiteLog: (28) double-quoted string literal: "com.muonline.client"
04-27 00:54:14.446   499   499 D Zygote  : Forked child process 31457
04-27 00:54:14.447  1219  1219 D AmbientCueRepository: connectToAce: connecting TO ACE and registering
04-27 00:54:14.450  1219  1219 D AllAppsStore: setApps: apps.length=21
04-27 00:54:14.492   736   873 I EventHub: Removing device Monkey touch due to epoll hang-up event.
04-27 00:54:14.492   736   873 I EventHub: Removed device: path=/dev/input/event14 name=Monkey touch id=29 fd=742 classes=TOUCH | TOUCH_MT
04-27 00:54:14.500  1219  1219 D AllAppsStore: notifyUpdate: notifying listeners
04-27 00:54:14.500   736  1145 W ActivityManager: Skipping manifest association check for null package. SourceUid: 10214, SourcePkg: null, TargetUid: 10214, TargetPkg: com.google.android.gms
04-27 00:54:14.503   736   769 W ActivityManager: Slow operation: 76ms so far, now at startProcess: returned from zygote!
04-27 00:54:14.507  1219  1219 D AlphabeticIndexCompat: computeSectionName: cs: Settings sectionName: S
04-27 00:54:14.508   736   769 W ActivityManager: Slow operation: 82ms so far, now at startProcess: done updating battery stats
04-27 00:54:14.509   736   769 W ActivityManager: Slow operation: 82ms so far, now at startProcess: building log message
04-27 00:54:14.509   736   769 I ActivityManager: Start proc 31457:com.muonline.client/u0a230 for next-top-activity {com.muonline.client/com.muonline.client.PreloadActivity}
04-27 00:54:14.509   736   769 W ActivityManager: Slow operation: 82ms so far, now at startProcess: starting to update pids map
04-27 00:54:14.510 31457 31457 I Zygote  : Process 31457 created for com.muonline.client
04-27 00:54:14.513  1219  1219 D AlphabeticIndexCompat: computeSectionName: cs: Photos sectionName: P
04-27 00:54:14.513 31457 31457 I muonline.client: Late-enabling -Xcheck:jni
04-27 00:54:14.513  1219  1219 D AlphabeticIndexCompat: computeSectionName: cs: Battery sectionName: B
04-27 00:54:14.513  1219  1219 D AlphabeticIndexCompat: computeSectionName: cs: Chrome sectionName: C
04-27 00:54:14.517  1219  1219 D AlphabeticIndexCompat: computeSectionName: cs: Gmail sectionName: G
04-27 00:54:14.519   736   873 I InputReader: Device removed: id=29, eventHubId=29, name='Monkey touch', descriptor='e1fe28b90f915c7d1febbd52c1ef84b3c4cbed9f', sources=TOUCHSCREEN
04-27 00:54:14.520  1219  1219 D AlphabeticIndexCompat: computeSectionName: cs: Drive sectionName: D
04-27 00:54:14.521  1219  1219 D AlphabeticIndexCompat: computeSectionName: cs: Clock sectionName: C
04-27 00:54:14.521  1219  1219 D AlphabeticIndexCompat: computeSectionName: cs: Contacts sectionName: C
04-27 00:54:14.521  1219  1219 D AlphabeticIndexCompat: computeSectionName: cs: Calendar sectionName: C
04-27 00:54:14.521  1219  1219 D AlphabeticIndexCompat: computeSectionName: cs: Maps sectionName: M
04-27 00:54:14.521  1219  1219 D AlphabeticIndexCompat: computeSectionName: cs: YouTube Music sectionName: Y
04-27 00:54:14.522  1219  1219 D AlphabeticIndexCompat: computeSectionName: cs: YouTube sectionName: Y
04-27 00:54:14.524  1219  1219 D AlphabeticIndexCompat: computeSectionName: cs: Google sectionName: G
04-27 00:54:14.527  4105  4150 I SP      : Sync for emoticon_content_description succeeded in 228 ms: no changes
04-27 00:54:14.527  1219  1219 D AlphabeticIndexCompat: computeSectionName: cs: Android System Intelligence sectionName: A
04-27 00:54:14.527  4105  4150 I SP      : GC for 'emoticon_content_description' (10) with ttl of 0 ms took 0 ms (0/0/0)
04-27 00:54:14.528  1219  1219 D AlphabeticIndexCompat: computeSectionName: cs: Digital Wellbeing sectionName: D
04-27 00:54:14.529  1219  1219 D AlphabeticIndexCompat: computeSectionName: cs: Conversations sectionName: C
04-27 00:54:14.538 14925 14956 I gle.android.gms: WaitForGcToComplete blocked ProfileSaver on Background for 112.087ms
04-27 00:54:14.542   736   769 W ActivityManager: Slow operation: 115ms so far, now at startProcess: done updating pids map
04-27 00:54:14.543  1219  1219 D TaskbarManager: createTaskbarUIControllerForRecentsViewContainer displayId=0 mPrimaryDisplayId=0
04-27 00:54:14.544 31457 31457 I muonline.client: Using generational CollectorTypeCMC GC.
04-27 00:54:14.547   736   873 I EventHub: Removing device '/dev/input/event14' due to inotify event
04-27 00:54:14.548 31457 31457 W muonline.client: Unexpected CPU variant for x86: x86_64.
04-27 00:54:14.548 31457 31457 W muonline.client: Known variants: atom, sandybridge, silvermont, goldmont, goldmont-plus, goldmont-without-sha-xsaves, tremont, kabylake, alderlake, lunarlake, default
04-27 00:54:14.550  1219  1219 D PerDisplayTaskbarResource: recreateTaskbarForDisplay: adding rootView displayId=0
04-27 00:54:14.550  1219  1219 D PerDisplayTaskbarResource: recreateTaskbarForDisplay: adding root layout displayId=0
04-27 00:54:14.555   577   610 I adbd    : jdwp connection from 31457
04-27 00:54:14.559 14925 15005 I Icing   : IndexChimeraService.getServiceInterface callingPackage=com.google.android.gms componentName=AppsCorpus serviceId=36
04-27 00:54:14.573  1160  1234 E SystemServiceRegistry: No service published for: ethernet
04-27 00:54:14.573  1160  1234 E SystemServiceRegistry: android.os.ServiceManager$ServiceNotFoundException: No service published for: ethernet
04-27 00:54:14.573  1160  1234 E SystemServiceRegistry: 	at android.os.ServiceManager.getServiceOrThrow(ServiceManager.java:176)
04-27 00:54:14.573  1160  1234 E SystemServiceRegistry: 	at android.app.SystemServiceRegistry$168.createService(SystemServiceRegistry.java:2638)
04-27 00:54:14.573  1160  1234 E SystemServiceRegistry: 	at android.app.SystemServiceRegistry$CachedServiceFetcher.getService(SystemServiceRegistry.java:2768)
04-27 00:54:14.573  1160  1234 E SystemServiceRegistry: 	at android.app.SystemServiceRegistry.getSystemService(SystemServiceRegistry.java:2285)
04-27 00:54:14.573  1160  1234 E SystemServiceRegistry: 	at android.app.ContextImpl.getSystemService(ContextImpl.java:2448)
04-27 00:54:14.573  1160  1234 E SystemServiceRegistry: 	at android.content.ContextWrapper.getSystemService(ContextWrapper.java:991)
04-27 00:54:14.573  1160  1234 E SystemServiceRegistry: 	at com.android.networkstack.tethering.Tethering.isEthernetSupported(Tethering.java:1849)
04-27 00:54:14.573  1160  1234 E SystemServiceRegistry: 	at com.android.networkstack.tethering.Tethering.makeSupportedDownstreams(Tethering.java:2830)
04-27 00:54:14.573  1160  1234 E SystemServiceRegistry: 	at com.android.networkstack.tethering.Tethering.updateSupportedDownstreams(Tethering.java:2804)
04-27 00:54:14.573  1160  1234 E SystemServiceRegistry: 	at com.android.networkstack.tethering.Tethering.updateConfiguration(Tethering.java:558)
04-27 00:54:14.573  1160  1234 E SystemServiceRegistry: 	at com.android.networkstack.tethering.Tethering.-$$Nest$mupdateConfiguration(Tethering.java:0)
04-27 00:54:14.573  1160  1234 E SystemServiceRegistry: 	at com.android.networkstack.tethering.Tethering$StateReceiver.onReceive(Tethering.java:1372)
04-27 00:54:14.573  1160  1234 E SystemServiceRegistry: 	at android.app.LoadedApk$ReceiverDispatcher$Args.lambda$getRunnable$0(LoadedApk.java:2050)
04-27 00:54:14.573  1160  1234 E SystemServiceRegistry: 	at android.app.LoadedApk$ReceiverDispatcher$Args.$r8$lambda$mcNAAl1SQ4MyJPyDg8TJ2x2h0Rk(LoadedApk.java:0)
04-27 00:54:14.573  1160  1234 E SystemServiceRegistry: 	at android.app.LoadedApk$ReceiverDispatcher$Args$$ExternalSyntheticLambda0.run(D8$$SyntheticClass:0)
04-27 00:54:14.573  1160  1234 E SystemServiceRegistry: 	at android.os.Handler.handleCallback(Handler.java:1095)
04-27 00:54:14.573  1160  1234 E SystemServiceRegistry: 	at android.os.Handler.dispatchMessageImpl(Handler.java:135)
04-27 00:54:14.573  1160  1234 E SystemServiceRegistry: 	at android.os.Handler.dispatchMessage(Handler.java:125)
04-27 00:54:14.573  1160  1234 E SystemServiceRegistry: 	at android.os.Looper.loopOnce(Looper.java:292)
04-27 00:54:14.573  1160  1234 E SystemServiceRegistry: 	at android.os.Looper.loop(Looper.java:393)
04-27 00:54:14.573  1160  1234 E SystemServiceRegistry: 	at android.os.HandlerThread.run(HandlerThread.java:139)
04-27 00:54:14.586  1219  1219 D BubbleBarView: BubbleBar RTL properties changed, new layoutDirection=0 previous layoutDirection=-1
04-27 00:54:14.600   736  1145 I WindowManager: finishDrawing of orientation change: Window{728c45f u0 StatusBar} 362ms
04-27 00:54:14.602  1036  1091 V ShellDesktopMode: DesktopDisplayModeController: canDesktopFirstModeBeEnabledOnDefaultDisplay: isDefaultDisplayDesktopEligible=false
04-27 00:54:14.602  1036  1091 V WindowManagerShell: Directly starting a new transition type=CHANGE wct=WindowContainerTransaction { changes= {android.os.BinderProxy@d845049={isTaskMoveAllowed:false,}} hops= [] flags= 0 errorCallbackToken=null taskFragmentOrganizer=null } handler=null
04-27 00:54:14.603   736  1145 V WindowManager: Queueing transition: TransitionRecord{69491e8 id=-1 type=CHANGE flags=0x0 parallelCollectType=NONE recentsDisplayId=-1}
04-27 00:54:14.605 14925 14925 D BoundBrokerSvc: onBind: Intent { act=com.google.android.gms.feedback.internal.IFeedbackService dat=chimera-action:/... xflg=0x4 cmp=com.google.android.gms/.chimera.GmsBoundBrokerService }
04-27 00:54:14.605 14925 14925 D BoundBrokerSvc: Loading bound service for intent: Intent { act=com.google.android.gms.feedback.internal.IFeedbackService dat=chimera-action:/... xflg=0x4 cmp=com.google.android.gms/.chimera.GmsBoundBrokerService }
04-27 00:54:14.620 31457 31457 D nativeloader: Load libframework-connectivity-tiramisu-jni.so using APEX ns com_android_tethering for caller /apex/com.android.tethering/javalib/framework-connectivity-t.jar: ok
04-27 00:54:14.630  4105  4105 I PkDeviceHelper: PkDeviceHelper.refreshDevices():87 refreshing devices
04-27 00:54:14.630  4105  4105 I PkDeviceHelper: PkDeviceHelper.addDevice():125 device qwerty2 added
04-27 00:54:14.630  4105  4105 I PkDeviceHelper: PkDeviceHelper.addDevice():125 device AT Translated Set 2 keyboard added
04-27 00:54:14.637   736  2220 I WindowManager: finishDrawing of orientation change: Window{904d21f u0 ScreenDecorOverlay} 399ms
04-27 00:54:14.662   736  1827 I WindowManager: finishDrawing of orientation change: Window{2cde9a6 u0 Taskbar} 424ms
04-27 00:54:14.669   736   762 W PermissionService: getPermissionFlags: Unknown user -1
04-27 00:54:14.669   736   762 W PermissionService: getPermissionFlags: Unknown user -1
04-27 00:54:14.679   623 27770 W libbinder.IPCThreadState: Sending oneway calls to frozen process.
04-27 00:54:14.687  1036  1036 D SsCardRecyclerViewAdapter: Updating Smartspace targets to targets for Lockscreen
04-27 00:54:14.687   736   736 E PersonalContext: No user state for user -1
04-27 00:54:14.689  1036  1036 D SsCardRecyclerViewAdapter: Updating Smartspace targets to targets for Lockscreen
04-27 00:54:14.690  1036  1036 W BcSmartspaceView: Current card is not present in the Adapter; cannot log.
04-27 00:54:14.690  1036  1036 E DateSmartspaceView: No tap action can be set up
04-27 00:54:14.692 14925 27715 I Icing   : Usage reports ok 1, Failed Usage reports 0, indexed 0, rejected 0
04-27 00:54:14.693  1036  1036 W AlarmManager: Unrecognized alarm listener com.google.android.systemui.smartspace.KeyguardZenAlarmViewController$showNextAlarm$1@c306cb1
04-27 00:54:14.693  1036  1036 W AlarmManager: Unrecognized alarm listener com.google.android.systemui.smartspace.KeyguardZenAlarmViewController$showNextAlarm$1@c306cb1
04-27 00:54:14.693  1036  1036 W BcSmartspaceView: Current card is not present in the Adapter; cannot log.
04-27 00:54:14.695  1036  1036 W BcSmartspaceView: Current card is not present in the Adapter; cannot log.
04-27 00:54:14.697  1036  1036 E DateSmartspaceView: No tap action can be set up
04-27 00:54:14.697   736  1602 I WindowManager: finishDrawing of orientation change: Window{ff56b7a u0 ScreenDecorOverlayBottom} 459ms
04-27 00:54:14.697  1036  1036 W AlarmManager: Unrecognized alarm listener com.google.android.systemui.smartspace.KeyguardZenAlarmViewController$showNextAlarm$1@c306cb1
04-27 00:54:14.697  1036  1036 W BcSmartspaceView: Current card is not present in the Adapter; cannot log.
04-27 00:54:14.699  1036  1036 W BcSmartspaceView: Current card is not present in the Adapter; cannot log.
04-27 00:54:14.703  1036  1036 D NavigationModeController: getCurrentUserContext: contextUser=0 currentUser=0
04-27 00:54:14.705  1219  1219 D BaseActivity: Launcher flags updated: [state_started|state_resumed|state_deferred_resumed|state_window_focused|state_user_active] -[]
04-27 00:54:14.706 31457 31457 D CompatChangeReporter: Compat change id reported: 242716250; UID 10230; state: ENABLED
04-27 00:54:14.716  3743  3773 I AiAiEcho: Predicting[0]:  [CONTEXT sampling_count=5 ]
04-27 00:54:14.716  1219  1219 D BaseActivity: Launcher flags updated: [state_started|state_resumed|state_deferred_resumed|state_window_focused] -[state_user_active]
04-27 00:54:14.716  3743  3773 I AiAiEcho: EchoTargets: 
04-27 00:54:14.716  3743  3773 I AiAiEcho: Filtered by AiAi flag check: 
04-27 00:54:14.716  3743  3773 I AiAiEcho: [CONTEXT ratelimit_period="10 SECONDS" ]
04-27 00:54:14.716  3743  3773 I AiAiEcho: #remoteViewsTwiddler: feature disabled.
04-27 00:54:14.717  1219  1219 D BaseActivity: Launcher flags updated: [state_started|state_window_focused] -[state_resumed|state_deferred_resumed]
04-27 00:54:14.718  3743  3773 I AiAiEcho: Predicting[0]:  [CONTEXT sampling_count=5 ]
04-27 00:54:14.718  3743  3773 I AiAiEcho: EchoTargets: 
04-27 00:54:14.718  3743  3773 I AiAiEcho: Filtered by AiAi flag check: 
04-27 00:54:14.718  3743  3773 I AiAiEcho: [CONTEXT ratelimit_period="10 SECONDS" ]
04-27 00:54:14.719  3743  3773 I AiAiEcho: #remoteViewsTwiddler: feature disabled.
04-27 00:54:14.720  3743  3773 I AiAiEcho: #postPredictionTargets: Sending updates to UISurface lockscreen with targets# 0 (types=[])
04-27 00:54:14.721  3743  3773 I AiAiEcho: #postPredictionTargets: Sending updates to UISurface home with targets# 0 (types=[])
04-27 00:54:14.722  1036  1091 D WindowManagerShell: setLauncherKeepClearAreaHeight: visible=false, height=495
04-27 00:54:14.722   736  1145 V WindowManager: Continue transition id=302 for TaskFragmentTransaction=android.os.Binder@49909db
04-27 00:54:14.734  1219  1219 W SplitSelectStateCtor: Missing session instanceIds
04-27 00:54:14.735  1219  1219 D StatsLog: LAUNCHER_SPLIT_SELECTION_EXIT_INTERRUPTED
04-27 00:54:14.742 14925 14976 I Icing   : IndexChimeraService.getServiceInterface callingPackage=com.google.android.gms componentName=null serviceId=30
04-27 00:54:14.753   736  2215 V WindowManager: Defer transition id=302 for TaskFragmentTransaction=android.os.Binder@635cdad
04-27 00:54:14.754  1219  1219 D RecentsView: onTaskDisplayChanged: 144, new displayId = 0
04-27 00:54:14.754  1219  1219 D RecentTasksList: invalidateLoadedTasks - previous requestLoadId: -1
04-27 00:54:14.754  1219  1219 D RecentTasksList: invalidateLoadedTasks - previous requestLoadId: -1
04-27 00:54:14.758  1219  1219 D LauncherAmbientCueVM: Debounced empty action: updating state
04-27 00:54:14.761   736  1145 V WindowManager: Continue transition id=302 for TaskFragmentTransaction=android.os.Binder@635cdad
04-27 00:54:14.778   736   762 V WindowManager: deferTransitionReady deferReadyDepth=1 stack=com.android.server.wm.WindowOrganizerController.applyTransaction:717 com.android.server.wm.WindowOrganizerController.applyTransaction:641 com.android.server.wm.WindowOrganizerController.lambda$startTransition$3:388 com.android.server.wm.WindowOrganizerController.$r8$lambda$PHnU0rj5Bcvaq0dL-Wi7kOJt8bo:0 com.android.server.wm.WindowOrganizerController$$ExternalSyntheticLambda5.onCollectStarted:0 
04-27 00:54:14.779   736   759 V WindowManager: Sent Transition (#302) createdAt=04-27 00:54:13.917 via request=TransitionRequestInfo { type = CHANGE, triggerTask = null, pipChange = null, remoteTransitionInfo = null, displayChange = DisplayChange { displayId = 0, startAbsBounds = null, endAbsBounds = null, startRotation = 1, endRotation = 0, physicalDisplayChanged = false, disconnectReparentDisplay = -1, endInsetsState = null }, requestedLocation = null, userChange = null, windowingLayerChange = null, fullscreenRequestChange = null, flags = 0, debugId = 302 }
04-27 00:54:14.779   736   759 V WindowManager:     startWCT=WindowContainerTransaction { changes= {} hops= [] flags= 0 errorCallbackToken=null taskFragmentOrganizer=null }
04-27 00:54:14.779   736   759 V WindowManager:     info={id=302 t=CHANGE f=0x0 trk=0 r=[0@Point(0, 0)] c=[
04-27 00:54:14.779   736   759 V WindowManager:         {WCT{RemoteToken{be43460 Task{c427072 #144 type=standard A=10230:com.muonline.client}}} m=OPEN f=MOVE_TO_TOP p=WCT{RemoteToken{c11d292 DefaultTaskDisplayArea@125646128}} leash=Surface(name=Task=144#3164)/@0xb9dde92 sb=Rect(0, 0 - 1080, 2400) eb=Rect(0, 0 - 1080, 2400) epz=Point(1080, 2400) d=0 endFixedRotation=1 taskParent=-1 winMode=1 userId=0},
04-27 00:54:14.779   736   759 V WindowManager:         {WCT{RemoteToken{4853fd5 Task{13e540b #1 type=home}}} m=TO_BACK f=SHOW_WALLPAPER p=WCT{RemoteToken{c11d292 DefaultTaskDisplayArea@125646128}} leash=Surface(name=Task=1#34)/@0x499be06 sb=Rect(0, 0 - 2400, 1080) eb=Rect(0, 0 - 1080, 2400) epz=Point(1080, 2400) d=0 r=1->0:-1 taskParent=-1 winMode=1 userId=0},
04-27 00:54:14.779   736   759 V WindowManager:         {WCT{RemoteToken{c11d292 DefaultTaskDisplayArea@125646128}} m=CHANGE f=SHOW_WALLPAPER|FLAG_IS_TASK_DISPLAY_AREA p=WCT{RemoteToken{5194fac AppZoomOut:2:14@13750468}} leash=Surface(name=DefaultTaskDisplayArea#9)/@0x7ec752e sb=Rect(0, 0 - 2400, 1080) eb=Rect(0, 0 - 1080, 2400) epz=Point(1080, 2400) d=0 r=1->0:-1},
04-27 00:54:14.779   736   759 V WindowManager:         {WCT{RemoteToken{5194fac AppZoomOut:2:14@13750468}} m=CHANGE f=SHOW_WALLPAPER p=WCT{RemoteToken{d158475 WindowedMagnification:0:31@119458816}} leash=Surface(name=AppZoomOut:2:14#8)/@0x8565169 sb=Rect(0, 0 - 2400, 1080) eb=Rect(0, 0 - 1080, 2400) epz=Point(1080, 2400) d=0 r=1->0:-1},
04-27 00:54:14.779   736   759 V WindowManager:         {m=TO_BACK f=IS_WALLPAPER p=WCT{RemoteToken{f199 Display{#0 state=ON size=1080x2400 ROTATION_0}}} leash=Surface(name=WallpaperWindowToken{3bea6dd}#54)/@0x4e520e1 sb=Rect(0, 0 - 1080, 2400) eb=Rect(0, 0 - 1080, 2400) epz=Point(1080, 2400) d=0},
04-27 00:54:14.779   736   759 V WindowManager:         {WCT{RemoteToken{d158475 WindowedMagnification:0:31@119458816}} m=CHANGE f=SHOW_WALLPAPER p=WCT{RemoteToken{f199 Display{#0 state=ON size=1080x2400 ROTATION_0}}} leash=Surface(name=WindowedMagnification:0:31#3)/@0x62e2663 sb=Rect(0, 0 - 2400, 1080) eb=Rect(0, 0 - 1080, 2400) epz=Point(1080, 2400) d=0 r=1->0:-1},
04-27 00:54:14.779   736   759 V WindowManager:         {WCT{RemoteToken{f199 Display{#0 state=ON size=1080x2400 ROTATION_0}}} m=CHANGE f=SHOW_WALLPAPER|IS_DISPLAY leash=Surface(name=WindowedMagnification:0:31#3)/@0x62e2663 sb=Rect(0, 0 - 2400, 1080) eb=Rect(0, 0 - 1080, 2400) epz=Point(1080, 2400) d=0 r=1->0:3}
04-27 00:54:14.779   736   759 V WindowManager:     ]}
04-27 00:54:14.779   736   762 V WindowManager: continueTransitionReady deferReadyDepth=0 stack=com.android.server.wm.WindowOrganizerController.applyTransaction:864 com.android.server.wm.WindowOrganizerController.applyTransaction:641 com.android.server.wm.WindowOrganizerController.lambda$startTransition$3:388 com.android.server.wm.WindowOrganizerController.$r8$lambda$PHnU0rj5Bcvaq0dL-Wi7kOJt8bo:0 com.android.server.wm.WindowOrganizerController$$ExternalSyntheticLambda5.onCollectStarted:0 
04-27 00:54:14.781  1036  1418 V WindowManagerShell: onTransitionReady(transaction=3161095962806)
04-27 00:54:14.781  1036  1091 V WindowManagerShell: onTransitionReady (#302) android.os.BinderProxy@c9a968: {id=302 t=CHANGE f=0x0 trk=0 r=[0@Point(0, 0)] c=[
04-27 00:54:14.781  1036  1091 V WindowManagerShell:         {m=OPEN f=MOVE_TO_TOP p=WCT{android.os.BinderProxy@d845049} leash=Surface(name=Task=144#3164)/@0x595e673 sb=Rect(0, 0 - 1080, 2400) eb=Rect(0, 0 - 1080, 2400) epz=Point(1080, 2400) d=0 endFixedRotation=1 taskParent=-1 winMode=1 userId=0},
04-27 00:54:14.781  1036  1091 V WindowManagerShell:         {m=TO_BACK f=SHOW_WALLPAPER p=WCT{android.os.BinderProxy@d845049} leash=Surface(name=Task=1#34)/@0xcfc5930 sb=Rect(0, 0 - 2400, 1080) eb=Rect(0, 0 - 1080, 2400) epz=Point(1080, 2400) d=0 r=1->0:-1 taskParent=-1 winMode=1 userId=0},
04-27 00:54:14.781  1036  1091 V WindowManagerShell:         {m=CHANGE f=SHOW_WALLPAPER|FLAG_IS_TASK_DISPLAY_AREA p=WCT{android.os.BinderProxy@38a5576} leash=Surface(name=DefaultTaskDisplayArea#9)/@0x5bec9a9 sb=Rect(0, 0 - 2400, 1080) eb=Rect(0, 0 - 1080, 2400) epz=Point(1080, 2400) d=0 r=1->0:-1},
04-27 00:54:14.781  1036  1091 V WindowManagerShell:         {m=CHANGE f=SHOW_WALLPAPER p=WCT{android.os.BinderProxy@7be5302} leash=Surface(name=AppZoomOut:2:14#8)/@0x5638b2e sb=Rect(0, 0 - 2400, 1080) eb=Rect(0, 0 - 1080, 2400) epz=Point(1080, 2400) d=0 r=1->0:-1},
04-27 00:54:14.781  1036  1091 V WindowManagerShell:         {m=TO_BACK f=IS_WALLPAPER p=WCT{android.os.BinderProxy@9b57942} leash=Surface(name=WallpaperWindowToken{3bea6dd}#54)/@0x35e76cf sb=Rect(0, 0 - 1080, 2400) eb=Rect(0, 0 - 1080, 2400) epz=Point(1080, 2400) d=0},
04-27 00:54:14.781  1036  1091 V WindowManagerShell:         {m=CHANGE f=SHOW_WALLPAPER p=WCT{android.os.BinderProxy@9b57942} leash=Surface(name=WindowedMagnification:0:31#3)/@0xa85d85c sb=Rect(0, 0 - 2400, 1080) eb=Rect(0, 0 - 1080, 2400) epz=Point(1080, 2400) d=0 r=1->0:-1},
04-27 00:54:14.781  1036  1091 V WindowManagerShell:         {m=CHANGE f=SHOW_WALLPAPER|IS_DISPLAY leash=Surface(name=WindowedMagnification:0:31#3)/@0x6115765 sb=Rect(0, 0 - 2400, 1080) eb=Rect(0, 0 - 1080, 2400) epz=Point(1080, 2400) d=0 r=1->0:3}
04-27 00:54:14.781  1036  1091 V WindowManagerShell:     ]}
04-27 00:54:14.782  1219  1219 D SsBaseTemplateCard: Passed-in item info is null
04-27 00:54:14.782  1219  1219 D SsBaseTemplateCard: Passed-in item info is null
04-27 00:54:14.782  1219  1219 D SsBaseTemplateCard: Passed-in item info is null
04-27 00:54:14.782  1219  1219 D SsBaseTemplateCard: Passed-in item info is null
04-27 00:54:14.782  1219  1219 I SsBaseTemplateCard: Secondary card pane is null
04-27 00:54:14.789   736  2215 W InputChannel-JNI: Channel already disposed.
04-27 00:54:14.797  1036  1091 V WindowManagerShell: Directly starting a new transition type=CHANGE wct=WindowContainerTransaction { changes= {} hops= [] flags= 0 errorCallbackToken=null taskFragmentOrganizer=null } handler=null
04-27 00:54:14.798   736   836 V WindowManager: Queueing transition: TransitionRecord{efd88db id=-1 type=CHANGE flags=0x0 parallelCollectType=NONE recentsDisplayId=-1}
04-27 00:54:14.800  1036  1091 V WindowManagerShell: Playing animation for (#302) android.os.BinderProxy@c9a968@0
04-27 00:54:14.800  1036  1091 V WindowManagerShell: PipTransitionState: Set mIsDisplayChangeScheduled=false
04-27 00:54:14.800  1036  1091 D ShellSplitScreen: startAnimation: transition=302 isSplitActive=false
04-27 00:54:14.800  1036  1091 V ShellRecents: RecentsTransitionHandler.startAnimation: no controller found
04-27 00:54:14.801  1036  1091 V ShellDesktopMode: DesktopMixedTransitionHandler: No pending desktop transition
04-27 00:54:14.802  1036  1091 V WindowManagerShell: start default transition animation, info = {id=302 t=CHANGE f=0x0 trk=0 r=[0@Point(0, 0)] c=[{m=OPEN f=MOVE_TO_TOP p=WCT{android.os.BinderProxy@d845049} leash=Surface(name=Task=144#3164)/@0x595e673 sb=Rect(0, 0 - 1080, 2400) eb=Rect(0, 0 - 1080, 2400) epz=Point(1080, 2400) d=0 endFixedRotation=1 taskParent=-1 winMode=1 userId=0},{m=TO_BACK f=SHOW_WALLPAPER p=WCT{android.os.BinderProxy@d845049} leash=Surface(name=Task=1#34)/@0xcfc5930 sb=Rect(0, 0 - 2400, 1080) eb=Rect(0, 0 - 1080, 2400) epz=Point(1080, 2400) d=0 r=1->0:-1 taskParent=-1 winMode=1 userId=0},{m=CHANGE f=SHOW_WALLPAPER|FLAG_IS_TASK_DISPLAY_AREA p=WCT{android.os.BinderProxy@38a5576} leash=Surface(name=DefaultTaskDisplayArea#9)/@0x5bec9a9 sb=Rect(0, 0 - 2400, 1080) eb=Rect(0, 0 - 1080, 2400) epz=Point(1080, 2400) d=0 r=1->0:-1},{m=CHANGE f=SHOW_WALLPAPER p=WCT{android.os.BinderProxy@7be5302} leash=Surface(name=AppZoomOut:2:14#8)/@0x5638b2e sb=Rect(0, 0 - 2400, 1080) eb=Rect(0, 0 - 1080, 2400) epz=Point(1080, 2400) d=0 r=1->0:-1},{m=TO_BACK f=IS_WALLPAPER p=WCT{android.os.BinderProxy@9b57942} leash=Surface(name=WallpaperWindowToken{3bea6dd}#54)/@0x35e76cf sb=Rect(0, 0 - 1080, 2400) eb=Rect(0, 0 - 1080, 2400) epz=Point(1080, 2400) d=0},{m=CHANGE f=SHOW_WALLPAPER p=WCT{android.os.BinderProxy@9b57942} leash=Surface(name=WindowedMagnification:0:31#3)/@0xa85d85c sb=Rect(0, 0 - 2400, 1080) eb=Rect(0, 0 - 1080, 2400) epz=Point(1080, 2400) d=0 r=1->0:-1},{m=CHANGE f=SHOW_WALLPAPER|IS_DISPLAY leash=Surface(name=WindowedMagnification:0:31#3)/@0x6115765 sb=Rect(0, 0 - 2400, 1080) eb=Rect(0, 0 - 1080, 2400) epz=Point(1080, 2400) d=0 r=1->0:3}]}
04-27 00:54:14.802  1036  1091 V WindowManagerShell: Display is changing, resolve the animation hint.
04-27 00:54:14.802  1036  1091 V WindowManagerShell:   display requests explicit seamless
04-27 00:54:14.803  1036  1091 V WindowManagerShell: loadAnimation: anim=android.view.animation.AnimationSet@cec2f90 animAttr=0x13 type=CHANGE isEntrance=false
04-27 00:54:14.805  1036  1091 V WindowManagerShell: loadAnimation: anim=android.view.animation.AnimationSet@b0cb4bc animAttr=0x12 type=CHANGE isEntrance=true
04-27 00:54:14.809  1036  1091 V WindowManagerShell:  animated by com.android.wm.shell.transition.DefaultTransitionHandler@11f9e32
04-27 00:54:14.809  1036  1091 V ShellTaskOrganizer: Task appeared taskId=144 listener=FullscreenTaskListener
04-27 00:54:14.809  1036  1091 V ShellTaskOrganizer: Fullscreen Task Appeared: #144
04-27 00:54:14.813  1036  1091 V RecentTasksController: Notify recent tasks changed
04-27 00:54:14.831  3743  3773 I AiAiEcho: Predicting[0]:  [CONTEXT sampling_count=5 ]
04-27 00:54:14.833  3743  3773 I AiAiEcho: EchoTargets: 
04-27 00:54:14.833  3743  3773 I AiAiEcho: Filtered by AiAi flag check: 
04-27 00:54:14.833  3743  3773 I AiAiEcho: [CONTEXT ratelimit_period="10 SECONDS" ]
04-27 00:54:14.833  3743  3773 I AiAiEcho: #remoteViewsTwiddler: feature disabled.
04-27 00:54:14.835  3743  3773 I AiAiEcho: Predicting[0]:  [CONTEXT sampling_count=5 ]
04-27 00:54:14.838  3743  3773 I AiAiEcho: EchoTargets: 
04-27 00:54:14.838  3743  3773 I AiAiEcho: Filtered by AiAi flag check: 
04-27 00:54:14.838  3743  3773 I AiAiEcho: [CONTEXT ratelimit_period="10 SECONDS" ]
04-27 00:54:14.840  3743  3773 I AiAiEcho: #remoteViewsTwiddler: feature disabled.
04-27 00:54:14.841  3743  3773 I AiAiEcho: #postPredictionTargets: Sending updates to UISurface lockscreen with targets# 0 (types=[])
04-27 00:54:14.841  3743  3773 I AiAiEcho: Predicting[0]:  [CONTEXT sampling_count=5 ]
04-27 00:54:14.843  3743  3773 I AiAiEcho: EchoTargets: 
04-27 00:54:14.843  3743  3773 I AiAiEcho: Filtered by AiAi flag check: 
04-27 00:54:14.843  3743  3773 I AiAiEcho: [CONTEXT ratelimit_period="10 SECONDS" ]
04-27 00:54:14.845  3743  3773 I AiAiEcho: #remoteViewsTwiddler: feature disabled.
04-27 00:54:14.845  3743  3773 I AiAiEcho: Predicting[0]:  [CONTEXT sampling_count=5 ]
04-27 00:54:14.846  3743  3773 I AiAiEcho: EchoTargets: 
04-27 00:54:14.846  3743  3773 I AiAiEcho: Filtered by AiAi flag check: 
04-27 00:54:14.846  3743  3773 I AiAiEcho: [CONTEXT ratelimit_period="10 SECONDS" ]
04-27 00:54:14.846  3743  3773 I AiAiEcho: #remoteViewsTwiddler: feature disabled.
04-27 00:54:14.846  3743  3773 I AiAiEcho: #postPredictionTargets: Sending updates to UISurface home with targets# 0 (types=[])
04-27 00:54:14.847 31457 31457 D nativeloader: Configuring clns-9 for other apk /data/app/~~kbRZzhA-dZMc62ZrKQbNmg==/com.muonline.client-LWDgCnIa-B1RqABQJHb9jQ==/base.apk. target_sdk_version=34, uses_libraries=, library_path=/data/app/~~kbRZzhA-dZMc62ZrKQbNmg==/com.muonline.client-LWDgCnIa-B1RqABQJHb9jQ==/lib/x86_64:/data/app/~~kbRZzhA-dZMc62ZrKQbNmg==/com.muonline.client-LWDgCnIa-B1RqABQJHb9jQ==/base.apk!/lib/x86_64, permitted_path=/data:/mnt/expand:/data/user/0/com.muonline.client
04-27 00:54:14.848  3743  3773 I AiAiEcho: #postPredictionTargets: Sending updates to UISurface lockscreen with targets# 0 (types=[])
04-27 00:54:14.848  3743  3773 I AiAiEcho: #postPredictionTargets: Sending updates to UISurface home with targets# 0 (types=[])
04-27 00:54:14.850 14925 27715 I Icing   : Usage reports ok 1, Failed Usage reports 0, indexed 0, rejected 0
04-27 00:54:14.850 14925 27715 I Icing   : Indexing com.google.android.gms-apps from com.google.android.gms
04-27 00:54:14.855  1036  1091 V RecentTasksController: Notify recent tasks changed
04-27 00:54:14.860  1219  1219 D RecentTasksList: invalidateLoadedTasks - previous requestLoadId: -1
04-27 00:54:14.860  1219  1219 D BaseActivity: Launcher flags updated: [state_started] -[state_window_focused]
04-27 00:54:14.862   566  1316 I libbinder.BpBinder: onLastStrongRef automatically unlinking death recipients for binder (0x7eaa36069200) with descriptor: '(not cached)'
04-27 00:54:14.868  1036  1091 V RecentTasksController: generateList(getRecentTasks)
04-27 00:54:14.868  1036  1091 V RecentTasksController: initializeDesksMap - allDeskIds: []
04-27 00:54:14.868  1036  1091 V RecentTasksController: Task 144 is not an active desktop task
04-27 00:54:14.868  1036  1091 V RecentTasksController: Added fullscreen task: 144
04-27 00:54:14.868  1036  1091 V RecentTasksController: generateList - complete
04-27 00:54:14.874 31457 31457 V GraphicsEnvironment: Currently set values for:
04-27 00:54:14.874 31457 31457 V GraphicsEnvironment:   angle_gl_driver_selection_pkgs=[]
04-27 00:54:14.874 31457 31457 V GraphicsEnvironment:   angle_gl_driver_selection_values=[]
04-27 00:54:14.874 31457 31457 V GraphicsEnvironment: com.muonline.client is not listed in per-application setting
04-27 00:54:14.875 31457 31457 V GraphicsEnvironment: No special selections for ANGLE, returning default driver choice
04-27 00:54:14.892 31457 31457 V GraphicsEnvironment: Neither updatable production driver nor prerelease driver is supported.
04-27 00:54:14.893   736   759 V WindowManager: Sent Transition (#303) createdAt=04-27 00:54:14.385
04-27 00:54:14.893   736   759 V WindowManager:     startWCT=WindowContainerTransaction { changes= {RemoteToken{c11d292 DefaultTaskDisplayArea@125646128}={isTaskMoveAllowed:false,}} hops= [] flags= 0 errorCallbackToken=null taskFragmentOrganizer=null }
04-27 00:54:14.893   736   759 V WindowManager:     info={id=303 t=CHANGE f=0x0 trk=0 r=[] c=[]}
04-27 00:54:14.894 14925 27715 I Icing   : Indexing done com.google.android.gms-apps
04-27 00:54:14.896  1036  1939 V WindowManagerShell: onTransitionReady(transaction=3161095962924)
04-27 00:54:14.898 14925 27715 I Icing   : Indexing com.google.android.gms-apps from com.google.android.gms
04-27 00:54:14.898 14925 27715 I Icing   : Indexing done com.google.android.gms-apps
04-27 00:54:14.903  1036  1091 V WindowManagerShell: onTransitionReady (#303) android.os.BinderProxy@a246c57: {id=303 t=CHANGE f=0x0 trk=0 r=[] c=[]}
04-27 00:54:14.903  1036  1091 V WindowManagerShell: No transition roots in (#303) android.os.BinderProxy@a246c57@0 so abort
04-27 00:54:14.903  1036  1091 V WindowManagerShell: Transition was merged: (#303) android.os.BinderProxy@a246c57@0 into (#302) android.os.BinderProxy@c9a968@0
04-27 00:54:14.906   736  1602 W ActivityManager: Skipping manifest association check for null package. SourceUid: 10214, SourcePkg: null, TargetUid: 10214, TargetPkg: com.google.android.gms
04-27 00:54:14.907   736   762 V WindowManager: deferTransitionReady deferReadyDepth=1 stack=com.android.server.wm.WindowOrganizerController.applyTransaction:717 com.android.server.wm.WindowOrganizerController.applyTransaction:641 com.android.server.wm.WindowOrganizerController.lambda$startTransition$3:388 com.android.server.wm.WindowOrganizerController.$r8$lambda$PHnU0rj5Bcvaq0dL-Wi7kOJt8bo:0 com.android.server.wm.WindowOrganizerController$$ExternalSyntheticLambda5.onCollectStarted:0 
04-27 00:54:14.909  1219  1219 D RecentTasksList: invalidateLoadedTasks - previous requestLoadId: -1
04-27 00:54:14.911   736   762 V WindowManager: continueTransitionReady deferReadyDepth=0 stack=com.android.server.wm.WindowOrganizerController.applyTransaction:864 com.android.server.wm.WindowOrganizerController.applyTransaction:641 com.android.server.wm.WindowOrganizerController.lambda$startTransition$3:388 com.android.server.wm.WindowOrganizerController.$r8$lambda$PHnU0rj5Bcvaq0dL-Wi7kOJt8bo:0 com.android.server.wm.WindowOrganizerController$$ExternalSyntheticLambda5.onCollectStarted:0 
04-27 00:54:14.922   736   759 V WindowManager: Sent Transition (#304) createdAt=04-27 00:54:14.603
04-27 00:54:14.922   736   759 V WindowManager:     startWCT=WindowContainerTransaction { changes= {RemoteToken{c11d292 DefaultTaskDisplayArea@125646128}={isTaskMoveAllowed:false,}} hops= [] flags= 0 errorCallbackToken=null taskFragmentOrganizer=null }
04-27 00:54:14.922   736   759 V WindowManager:     info={id=304 t=CHANGE f=0x0 trk=0 r=[] c=[]}
04-27 00:54:14.925  1036  1939 V WindowManagerShell: onTransitionReady(transaction=3161095962948)
04-27 00:54:14.925  1036  1091 V WindowManagerShell: onTransitionReady (#304) android.os.BinderProxy@f61e65e: {id=304 t=CHANGE f=0x0 trk=0 r=[] c=[]}
04-27 00:54:14.925  1036  1091 V WindowManagerShell: No transition roots in (#304) android.os.BinderProxy@f61e65e@0 so abort
04-27 00:54:14.925  1036  1091 V WindowManagerShell: Transition was merged: (#304) android.os.BinderProxy@f61e65e@0 into (#302) android.os.BinderProxy@c9a968@0
04-27 00:54:14.931  3743  3835 W AiAiEcho: LyftNotificationParser Ridesharing ETA not enabled
04-27 00:54:14.931  3743  3835 I AiAiEcho: SmartspaceNotificationPredictor no parser can handle this notification or notification is invalid
04-27 00:54:14.933   566   711 I libbinder.BpBinder: onLastStrongRef automatically unlinking death recipients for binder (0x7eaa3606e480) with descriptor: '(not cached)'
04-27 00:54:14.941  1219  1219 D SsBaseTemplateCard: Passed-in item info is null
04-27 00:54:14.941  1219  1219 D SsBaseTemplateCard: Passed-in item info is null
04-27 00:54:14.941  1219  1219 D SsBaseTemplateCard: Passed-in item info is null
04-27 00:54:14.941  1219  1219 D SsBaseTemplateCard: Passed-in item info is null
04-27 00:54:14.942  1219  1219 I SsBaseTemplateCard: Secondary card pane is null
04-27 00:54:14.950  1036  1939 V WindowManagerShell: onTransitionReady(transaction=3161095962974)
04-27 00:54:14.950  1036  1091 V WindowManagerShell: onTransitionReady (#305) android.os.BinderProxy@306e60: {id=305 t=CHANGE f=0x0 trk=0 r=[] c=[]}
04-27 00:54:14.950   736   759 V WindowManager: Sent Transition (#305) createdAt=04-27 00:54:14.798
04-27 00:54:14.950  1036  1091 V WindowManagerShell: No transition roots in (#305) android.os.BinderProxy@306e60@0 so abort
04-27 00:54:14.950   736   759 V WindowManager:     startWCT=WindowContainerTransaction { changes= {} hops= [] flags= 0 errorCallbackToken=null taskFragmentOrganizer=null }
04-27 00:54:14.950   736   759 V WindowManager:     info={id=305 t=CHANGE f=0x0 trk=0 r=[] c=[]}
04-27 00:54:14.950  1036  1091 V WindowManagerShell: Transition was merged: (#305) android.os.BinderProxy@306e60@0 into (#302) android.os.BinderProxy@c9a968@0
04-27 00:54:14.979 31457 31475 I DisplayManager: Choreographer implicitly registered for the refresh rate.
04-27 00:54:15.041   566   616 W skia    : AGTM parsing failed flags.readFromStream(s) at 159
04-27 00:54:15.042 31457 31475 I GFXSTREAM: [eglDisplay.cpp(297)] Opening libGLESv1_CM_emulation.so
04-27 00:54:15.046 31457 31457 D DesktopExperienceFlags: Toggle override initialized to: false
04-27 00:54:15.047 31457 31457 D DesktopModeFlags: Toggle override initialized to: OVERRIDE_UNSET
04-27 00:54:15.047 31457 31475 I GFXSTREAM: [eglDisplay.cpp(297)] Opening libGLESv2_emulation.so
04-27 00:54:15.063 31457 31475 W HWUI    : Failed to choose config with EGL_SWAP_BEHAVIOR_PRESERVED, retrying without...
04-27 00:54:15.064 31457 31475 W HWUI    : Failed to initialize 101010-2 format, error = EGL_SUCCESS
04-27 00:54:15.118  1036  1091 V WindowManagerShell: Transition animation finished (aborted=false), notifying core (#302) android.os.BinderProxy@c9a968@0
04-27 00:54:15.123   736   759 V WindowManager: Finish Transition (#302): created at 04-27 00:54:13.917 collect-started=0.578ms request-sent=0.628ms started=205.135ms ready=844.188ms sent=854.529ms commit=48.411ms finished=1205.131ms
04-27 00:54:15.126  1219  1219 D VRI[NexusLauncherActivity]: visibilityChanged oldVisibility=true newVisibility=false
04-27 00:54:15.126  1036  1344 D WallpaperService: onVisibilityChanged(false): com.android.systemui.wallpapers.ImageWallpaper$CanvasEngine@85e2344
04-27 00:54:15.129   736   759 V WindowManager: Finish Transition (#303): created at 04-27 00:54:14.385 collect-started=392.183ms started=392.741ms ready=395.113ms sent=506.145ms finished=742.316ms
04-27 00:54:15.130   736   759 V WindowManager: Finish Transition (#304): created at 04-27 00:54:14.603 collect-started=291.2ms started=303.642ms ready=310.313ms sent=318.529ms finished=526.571ms
04-27 00:54:15.132   736   759 V WindowManager: Finish Transition (#305): created at 04-27 00:54:14.798 collect-started=124.85ms started=149.591ms ready=149.736ms sent=150.467ms finished=333.959ms
04-27 00:54:15.133  1036  1091 V WindowManagerShell: Track 0 became idle
04-27 00:54:15.134  1036  1091 V WindowManagerShell: All active transition animations finished
04-27 00:54:15.135  1219  1219 D SmartspaceInteractor: notifySmartspaceEvent: SmartspaceTargetEvent{mSmartspaceTarget=null, mSmartspaceActionId='null', mEventType=7}
04-27 00:54:15.137 31457 31457 W HWUI    : Unknown dataspace 0
04-27 00:54:15.141   566   616 W skia    : AGTM parsing failed flags.readFromStream(s) at 159
04-27 00:54:15.145  1036  1091 D Bubbles : BubbleData.onLocusVisibilityChanged() locusId=Overview|DISABLED visible=false taskId=1
04-27 00:54:15.161 31457 31457 D InsetsController: Setting requestedVisibleTypes to 496 (was 503)
04-27 00:54:15.162  1036  1091 V ShellTaskOrganizer: Task vanished taskId=143
04-27 00:54:15.162  1036  1091 V ShellTaskOrganizer: Fullscreen Task Vanished: #143
04-27 00:54:15.162  1036  1091 V ShellDesktopMode: Task Vanished: #143 closed=true
04-27 00:54:15.162  1036  1091 V RecentTasksController: Notify recent tasks changed
04-27 00:54:15.163  1036  1091 D ShellDesktopMode: AppToWebRepository: Task 143 is vanishing. Removing task data from repository
04-27 00:54:15.164  1036  1091 V AppCompat: SingleSurfaceLetterboxController: [144]
04-27 00:54:15.164  1036  1091 V AppCompat: MultiSurfaceLetterboxController: []
04-27 00:54:15.164  1036  1091 V AppCompat: LetterboxInputController: [144]
04-27 00:54:15.164  1036  1091 V AppCompat: RoundedCornersLetterboxController: {}
04-27 00:54:15.164   736   872 W InputDispatcher: channel 'Embedded{LetterboxInputDetector of Surface(name=Task=143#3102)/@0x8193716}' ~ Consumer closed input channel or an error occurred.  events=0x9
04-27 00:54:15.164   736   872 E InputDispatcher: channel 'Embedded{LetterboxInputDetector of Surface(name=Task=143#3102)/@0x8193716}' ~ Channel is unrecoverably broken and will be disposed!
04-27 00:54:15.165  1219  1219 D RecentTasksList: invalidateLoadedTasks - previous requestLoadId: -1
04-27 00:54:15.165   736  1827 W WindowManager: Failed looking up window session=Session{597bd89 1036:u0a10196} callers=com.android.server.wm.WindowManagerService.removeClientToken:2272 com.android.server.wm.Session.remove:282 android.view.IWindowSession$Stub.onTransact:637 
04-27 00:54:15.166   736   836 W InputChannel-JNI: Channel already disposed.
04-27 00:54:15.169  1219  1219 D RecentsView: onTaskRemoved: 143, not handling task stack changes
04-27 00:54:15.175  1219  1219 D RecentsView: onTaskRemoved: 143, not handling task stack changes
04-27 00:54:15.182 31457 31457 D VRI[PreloadActivity]: WindowInsets changed: 2268x1080 statusBars:[0,74,0,0] navigationBars:[0,0,0,63] mandatorySystemGestures:[0,74,0,84] 
04-27 00:54:15.182 31457 31457 D WindowOnBackDispatcher: setTopOnBackInvokedCallback (unwrapped): android.view.ViewRootImpl$$ExternalSyntheticLambda13@7a716e3
04-27 00:54:15.184   736  1827 D CoreBackPreview: Window{6adbbf9 u0 com.muonline.client/com.muonline.client.PreloadActivity}: Setting back callback OnBackInvokedCallbackInfo{mCallback=android.window.IOnBackInvokedCallback$Stub$Proxy@e051eb5, mPriority=0, mIsAnimationCallback=false, mOverrideBehavior=0}
04-27 00:54:15.185 31457 31457 I HWUI    : Using FreeType backend (prop=Auto)
04-27 00:54:15.185   566   566 E BpTransactionCompletedListener: Failed to transact (-32)
04-27 00:54:15.185   566   566 E BpTransactionCompletedListener: Failed to transact (-32)
04-27 00:54:15.197   736  2215 D WindowManager: setClientSurface Surface(name=VRI-com.muonline.client/com.muonline.client.PreloadActivity#3178)/@0xc87694a for 6adbbf9 com.muonline.client/com.muonline.client.PreloadActivity
04-27 00:54:15.207  4164  4215 I Finsky  : [46] WM::SCH: Logging work initialize for 12-1
04-27 00:54:15.220 31457 31457 I Surface : Creating surface for consumer unnamed-31457-0 with slotExpansion=1 for 64 slots
04-27 00:54:15.220  4164  4215 I Finsky  : [46] WM::SCH: Logging work initialize for 12-1
04-27 00:54:15.221   566   598 I libbinder.BpBinder: onLastStrongRef automatically unlinking death recipients for binder (0x7eaa3606a490) with descriptor: '(not cached)'
04-27 00:54:15.222 31457 31457 I Surface : Creating surface for consumer VRI[PreloadActivity]#0(BLAST Consumer)0 with slotExpansion=1 for 64 slots
04-27 00:54:15.232 31457 31457 D VRI[PreloadActivity]: WindowInsets changed: statusBars:null navigationBars:null 
04-27 00:54:15.255  4164  4224 I Finsky  : [55] SCH: Scheduling phonesky job Id: 12-1, CT: 1777226053496, Constraints: [{ L: 15000, D: 86400000, C: CHARGING_NONE, I: IDLE_NONE, N: NET_ANY, B: BATTERY_ANY }]
04-27 00:54:15.278  4164  4223 I Finsky  : [54] SCH: Scheduling 1 system job(s)
04-27 00:54:15.279  4164  4223 I Finsky  : [54] SCH: Scheduling system job Id: 9870, L: 13218, D: 71022416, C: false, I: false, N: 1
04-27 00:54:15.304 31457 31478 I MuPreload: Check data root: /storage/emulated/0/Android/data/com.muonline.client/files existingDataDir=/storage/emulated/0/Android/data/com.muonline.client/files/Data usable=true marker=true
04-27 00:54:15.324  4164  4224 I Finsky  : [55] SCH: Scheduling phonesky job Id: 12-1, CT: 1777226053305, Constraints: [{ L: 15000, D: 86400000, C: CHARGING_NONE, I: IDLE_NONE, N: NET_ANY, B: BATTERY_ANY }]
04-27 00:54:15.324  4164  4217 I Finsky  : [48] [ContentSync] finished, scheduled=true
04-27 00:54:15.333  4164  4222 I Finsky  : [53] SCH: Scheduling 1 system job(s)
04-27 00:54:15.333  4164  4222 I Finsky  : [53] SCH: Scheduling system job Id: 9870, L: 12972, D: 71022361, C: false, I: false, N: 1
04-27 00:54:15.365  4164  4216 I Finsky  : [47] [ContentSync] finished, scheduled=true
