04-26 15:50:48.653 D/VRI[MuMainActivity]( 6376): WindowInsets changed: statusBars:null navigationBars:null 
04-26 15:50:48.654 V/SDL     ( 6376): surfaceChanged()
04-26 15:50:48.654 V/SDL     ( 6376): Window size: 2268x1080
04-26 15:50:48.654 V/SDL     ( 6376): Device size: 2400x1080
04-26 15:50:48.654 I/RanchuHwc(  521): logCompositionFallbackIfChanged: layer 96 CompositionType fallback from 2 to 1
04-26 15:50:48.654 I/RanchuHwc(  521): logCompositionFallbackIfChanged: layer 97 CompositionType fallback from 2 to 1
04-26 15:50:48.655 W/skia    (  566): AGTM parsing failed flags.readFromStream(s) at 159
04-26 15:50:48.655 W/skia    (  566): AGTM parsing failed flags.readFromStream(s) at 159
04-26 15:50:48.655 W/skia    (  566): AGTM parsing failed flags.readFromStream(s) at 159
04-26 15:50:48.655 W/skia    (  566): AGTM parsing failed flags.readFromStream(s) at 159
04-26 15:50:48.655 W/skia    (  566): AGTM parsing failed flags.readFromStream(s) at 159
04-26 15:50:48.676 I/MuMain  ( 6376): Screen size (drawable): 2268x943 (scale: 3.54 x 1.96)
04-26 15:50:48.682 I/GL_Compat( 6376): GL_Compat_Init: OK (prog=3, vbo=1, ebo=2)
04-26 15:50:48.682 I/MuRender( 6376): OpenGLCompat initialized (drawable=2268x943)
04-26 15:50:48.682 I/MuMain  ( 6376): Render backend active: OpenGLCompat
04-26 15:50:48.682 I/GL_Compat( 6376): GL path switch: preferDirectVA=1
04-26 15:50:48.682 I/MuMain  ( 6376): GL compat VA policy: preferDirect=1 (emulator=1)
04-26 15:50:48.682 I/AndroidGDI( 6376): SDL2_ttf initialized, defaultSize=15
04-26 15:50:48.683 I/AndroidGDI( 6376): Font OK: /system/fonts/DroidSans.ttf sz=15
04-26 15:50:48.685 I/AndroidGDI( 6376): Font OK: /system/fonts/DroidSans-Bold.ttf sz=15
04-26 15:50:48.688 W/skia    (  566): AGTM parsing failed flags.readFromStream(s) at 159
04-26 15:50:48.688 W/skia    (  566): AGTM parsing failed flags.readFromStream(s) at 159
04-26 15:50:48.688 W/skia    (  566): AGTM parsing failed flags.readFromStream(s) at 159
04-26 15:50:48.688 W/skia    (  566): AGTM parsing failed flags.readFromStream(s) at 159
04-26 15:50:48.689 W/skia    (  566): AGTM parsing failed flags.readFromStream(s) at 159
04-26 15:50:48.689 I/AndroidGDI( 6376): Font OK: /system/fonts/DroidSans-Bold.ttf sz=30
04-26 15:50:48.689 I/AndroidGDI( 6376): Font OK: /system/fonts/DroidSans.ttf sz=14
04-26 15:50:48.689 I/MuMain  ( 6376): GDI fonts created: size=15 big=30
04-26 15:50:48.689 I/MuMain  ( 6376): Audio config: sound=1 music=1 rememberMe=0
04-26 15:50:48.690 I/MuMain  ( 6376): 
04-26 15:50:48.690 I/MuMain  ( 6376): Mix_Init requested=0x8 loaded=0x8
04-26 15:50:48.690 D/AudioSystem( 6376): onNewServiceWithAdapter: media.audio_flinger service obtained 0x733fdca994c0
04-26 15:50:48.694 W/AudioFlinger(  560): onStateChanged: pid:6376  uid:10230  state:unfrozen
04-26 15:50:48.695 W/libbinder.Binder( 4511): Binder transaction to android.content.IContentProvider, function: UNKNOWN_FUNCTION_NAME, code: 21, took 1670ms. Data bytes: 480 Reply bytes: 432 Flags: 18
04-26 15:50:48.696 D/AudioSystem( 6376): getService: IAudioFlingerService retrieved: 0x73401cab1350  IAudioFlinger cached: 0x733fdca994c0
04-26 15:50:48.697 I/libbinder.BpBinder(  566): onLastStrongRef automatically unlinking death recipients for binder (0x7eaa36064f50) with descriptor: '(not cached)'
04-26 15:50:48.697 D/muonline.client( 6376): PlayerBase::PlayerBase()
04-26 15:50:48.698 D/muonline.client( 6376): TrackPlayerBase::TrackPlayerBase()
04-26 15:50:48.698 I/libOpenSLES( 6376): Emulating old channel mask behavior (ignoring positional mask 0x3, using default mask 0x3 based on channel count of 2)
04-26 15:50:48.699 D/NativePermissionController(  560): checkPermission: missing 1 for 10230
04-26 15:50:48.699 D/NativePermissionController(  560): checkPermission: missing 3 for 10230
04-26 15:50:48.699 D/NativePermissionController(  560): checkPermission: missing 5 for 10230
04-26 15:50:48.699 W/System  ( 1036): A resource failed to call release. 
04-26 15:50:48.699 W/AudioFlinger(  560): createTrack_l(): mismatch between requested flags (00000104) and output flags (00000002)
04-26 15:50:48.699 W/System  ( 1036): A resource failed to call release. 
04-26 15:50:48.699 W/System  ( 1036): A resource failed to call release. 
04-26 15:50:48.699 D/AudioFlinger(  560): Client defaulted notificationFrames to 882 for frameCount 4012
04-26 15:50:48.699 I/AF::AfPlaybackCommon(  560): creating track with enforcement level 2 shouldHarden 1
04-26 15:50:48.704 W/skia    (  566): AGTM parsing failed flags.readFromStream(s) at 159
04-26 15:50:48.704 W/skia    (  566): AGTM parsing failed flags.readFromStream(s) at 159
04-26 15:50:48.704 W/skia    (  566): AGTM parsing failed flags.readFromStream(s) at 159
04-26 15:50:48.704 W/skia    (  566): AGTM parsing failed flags.readFromStream(s) at 159
04-26 15:50:48.704 W/skia    (  566): AGTM parsing failed flags.readFromStream(s) at 159
04-26 15:50:48.704 W/skia    (  566): AGTM parsing failed flags.readFromStream(s) at 159
04-26 15:50:48.708 V/SDL     ( 6376): onWindowFocusChanged(): true
04-26 15:50:48.708 V/SDL     ( 6376): nativeFocusChanged()
04-26 15:50:48.710 I/ImeTracker(  736): com.muonline.client:15285ffd: onRequestHide at ORIGIN_SERVER reason HIDE_UNSPECIFIED_WINDOW fromUser false userId 0 displayId 0
04-26 15:50:48.711 D/InsetsController( 6376): hide(ime())
04-26 15:50:48.711 I/ImeTracker( 6376): com.muonline.client:15285ffd: onCancelled at PHASE_CLIENT_ALREADY_HIDDEN
04-26 15:50:48.712 W/InputChannel-JNI(  736): Channel already disposed.
04-26 15:50:48.714 I/bluetooth( 1174): system/btif/avrcp/avrcp_service.cc:533 SendMediaUpdate: track_changed=false :  play_state=true :  queue=false
04-26 15:50:48.714 E/MediaControlProfile( 1174): onCurrentPlayerStateUpdated: base actions not supported, player actions= 0, expected at least= 7f
04-26 15:50:48.714 E/AppOps  (  736): attributionTag  not declared in manifest of com.muonline.client
04-26 15:50:48.714 W/MediaControlGattService( 1174): Feature PLAYBACK_SPEED support: true
04-26 15:50:48.714 W/MediaControlGattService( 1174): Feature PLAYBACK_SPEED support: true
04-26 15:50:48.714 W/MediaControlGattService( 1174): Feature PLAYBACK_SPEED support: true
04-26 15:50:48.714 W/MediaControlGattService( 1174): Feature PLAYBACK_SPEED_NOTIFY support: true
04-26 15:50:48.715 I/GoogleInputMethodService( 4105): GoogleInputMethodService.onFinishInput():2113 
04-26 15:50:48.715 E/AppOps  (  736): attributionTag  not declared in manifest of com.muonline.client
04-26 15:50:48.715 I/BluetoothAdapterProperties( 1174): getBondedDevices: length=0
04-26 15:50:48.715 W/MediaControlGattService( 1174): Feature TRACK_POSITION support: true
04-26 15:50:48.715 W/MediaControlGattService( 1174): Feature TRACK_POSITION_NOTIFY support: true
04-26 15:50:48.715 W/MediaControlGattService( 1174): Feature MEDIA_STATE support: true
04-26 15:50:48.716 D/muonline.client( 6376): PlayerBase::stop() from IPlayer
04-26 15:50:48.716 D/AudioTrack( 6376): stop(20): called with 0 frames delivered
04-26 15:50:48.716 I/Module  ( 4105): DeviceLockedStatusModuleProvider$Module.updateDeviceLockedStatus():103 repeatCheckTimes = 0, locked = false
04-26 15:50:48.716 I/ImeTracker(  736): system_server:b3aeb9f0: onRequestHide at ORIGIN_SERVER reason IME_REQUESTED_CHANGED_LISTENER fromUser false displayId 0
04-26 15:50:48.717 E/AppOps  (  736): attributionTag  not declared in manifest of com.muonline.client
04-26 15:50:48.717 E/AppOps  (  736): attributionTag  not declared in manifest of com.muonline.client
04-26 15:50:48.717 I/MuMain  ( 6376): SDL_mixer initialized (32 channels)
04-26 15:50:48.717 I/MuMain  ( 6376): INIT: srand
04-26 15:50:48.717 I/MuMain  ( 6376): INIT: alloc GateAttribute
04-26 15:50:48.717 I/MuMain  ( 6376): INIT: alloc SkillAttribute
04-26 15:50:48.717 I/MuMain  ( 6376): INIT: alloc ItemAttRibute
04-26 15:50:48.718 I/MuMain  ( 6376): INIT: alloc CharacterMemoryDump
04-26 15:50:48.718 I/GoogleInputMethodService( 4105): GoogleInputMethodService.onStartInput():1384 onStartInput(EditorInfo{EditorInfo{packageName=com.muonline.client, inputType=0, inputTypeString=NULL, enableLearning=false, autoCorrection=false, autoComplete=false, imeOptions=0, privateImeOptions=null, actionName=UNSPECIFIED, actionLabel=null, initialSelStart=-1, initialSelEnd=-1, initialCapsMode=0, label=null, fieldId=0, fieldName=null, extras=null, hintText=null, hintLocales=[]}}, false)
04-26 15:50:48.718 I/BluetoothAdapterProperties( 1174): getBondedDevices: length=0
04-26 15:50:48.718 W/MediaControlGattService( 1174): Feature MEDIA_CONTROL_POINT_OPCODES_SUPPORTED support: true
04-26 15:50:48.718 W/AndroidIME( 4105): LatinIMEBase.updateInputViewCoverNavigation():319 Null input view, cannot update padding!
04-26 15:50:48.718 W/MediaControlGattService( 1174): Feature MEDIA_STATE support: true
04-26 15:50:48.718 W/MediaControlGattService( 1174): Feature MEDIA_STATE support: true
04-26 15:50:48.719 I/ImeTracker(  736): system_server:b3aeb9f0: onCancelled at PHASE_SERVER_SHOULD_HIDE
04-26 15:50:48.720 E/AppOps  (  736): attributionTag  not declared in manifest of com.muonline.client
04-26 15:50:48.720 I/Module  ( 4105): DeviceLockedStatusModuleProvider$Module.updateDeviceLockedStatus():103 repeatCheckTimes = 1, locked = false
04-26 15:50:48.720 I/BluetoothAdapterProperties( 1174): getBondedDevices: length=0
04-26 15:50:48.720 E/AppOps  (  736): attributionTag  not declared in manifest of com.muonline.client
04-26 15:50:48.720 W/MediaControlGattService( 1174): Feature MEDIA_STATE support: true
04-26 15:50:48.720 W/MediaControlGattService( 1174): Feature SEEKING_SPEED support: true
04-26 15:50:48.720 W/MediaControlGattService( 1174): Feature SEEKING_SPEED support: true
04-26 15:50:48.720 W/MediaControlGattService( 1174): Feature SEEKING_SPEED support: true
04-26 15:50:48.720 W/MediaControlProfile( 1174): MCS service state fields left unhandled: 
04-26 15:50:48.720 W/MediaControlProfile( 1174):    > PLAYER_NAME
04-26 15:50:48.720 W/MediaControlProfile( 1174):    > PLAYING_ORDER_SUPPORTED
04-26 15:50:48.721 W/skia    (  566): AGTM parsing failed flags.readFromStream(s) at 159
04-26 15:50:48.721 W/skia    (  566): AGTM parsing failed flags.readFromStream(s) at 159
04-26 15:50:48.721 W/skia    (  566): AGTM parsing failed flags.readFromStream(s) at 159
04-26 15:50:48.721 W/skia    (  566): AGTM parsing failed flags.readFromStream(s) at 159
04-26 15:50:48.721 W/skia    (  566): AGTM parsing failed flags.readFromStream(s) at 159
04-26 15:50:48.721 W/skia    (  566): AGTM parsing failed flags.readFromStream(s) at 159
04-26 15:50:48.722 I/bluetooth( 1174): system/btif/avrcp/avrcp_service.cc:533 SendMediaUpdate: track_changed=false :  play_state=true :  queue=false
04-26 15:50:48.723 I/bluetooth( 1174): system/btif/avrcp/avrcp_service.cc:533 SendMediaUpdate: track_changed=false :  play_state=true :  queue=false
04-26 15:50:48.724 I/MuMain  ( 6376): INIT: alloc CharacterMachine
04-26 15:50:48.725 W/PackageConfigPersister(  736): App-specific configuration not found for packageName: com.muonline.client and userId: 0
04-26 15:50:48.725 I/MuMain  ( 6376): INIT: CharacterMachine->Init()
04-26 15:50:48.725 I/MuMain  ( 6376): INIT: new UI objects
04-26 15:50:48.727 I/MuMain  ( 6376): INIT: BuffStateSystem::Make()
04-26 15:50:48.728 I/MuMain  ( 6376): INIT: MapProcess::Make()
04-26 15:50:48.728 I/MuMain  ( 6376): INIT: PetProcess::Make()
04-26 15:50:48.729 I/MuMain  ( 6376): INIT: CUIMng::Create()
04-26 15:50:48.729 I/MuMain  ( 6376): INIT: g_pNewUISystem->Create()
04-26 15:50:48.729 I/MuMain  ( 6376): LoadBitmap begin idx=31269 file=Data\Interface\newui_scrollbar_up.tga
04-26 15:50:48.729 W/GFXSTREAM( 6376): [GLESv2Validation.cpp(1217)] Error internal format: 0x4 is invalid.
04-26 15:50:48.729 E/GFXSTREAM( 6376): [GL2Encoder.cpp(2814)] GL error 0x501 condition [!GLESv2Validation::pixelFormat(ctx, internalformat) && !GLESv2Validation::pixelInternalFormat(internalformat)].
04-26 15:50:48.729 I/MuMain  ( 6376): LoadBitmap begin idx=31270 file=Data\Interface\newui_scrollbar_m.tga
04-26 15:50:48.730 W/GFXSTREAM( 6376): [GLESv2Validation.cpp(1217)] Error internal format: 0x4 is invalid.
04-26 15:50:48.730 E/GFXSTREAM( 6376): [GL2Encoder.cpp(2814)] GL error 0x501 condition [!GLESv2Validation::pixelFormat(ctx, internalformat) && !GLESv2Validation::pixelInternalFormat(internalformat)].
04-26 15:50:48.730 I/MuMain  ( 6376): LoadBitmap begin idx=31271 file=Data\Interface\newui_scrollbar_down.tga
04-26 15:50:48.730 W/GFXSTREAM( 6376): [GLESv2Validation.cpp(1217)] Error internal format: 0x4 is invalid.
04-26 15:50:48.730 E/GFXSTREAM( 6376): [GL2Encoder.cpp(2814)] GL error 0x501 condition [!GLESv2Validation::pixelFormat(ctx, internalformat) && !GLESv2Validation::pixelInternalFormat(internalformat)].
04-26 15:50:48.730 I/MuMain  ( 6376): LoadBitmap begin idx=31272 file=Data\Interface\newui_scroll_on.tga
04-26 15:50:48.730 W/GFXSTREAM( 6376): [GLESv2Validation.cpp(1217)] Error internal format: 0x4 is invalid.
04-26 15:50:48.730 E/GFXSTREAM( 6376): [GL2Encoder.cpp(2814)] GL error 0x501 condition [!GLESv2Validation::pixelFormat(ctx, internalformat) && !GLESv2Validation::pixelInternalFormat(internalformat)].
04-26 15:50:48.730 I/MuMain  ( 6376): LoadBitmap begin idx=31273 file=Data\Interface\newui_scroll_off.tga
04-26 15:50:48.730 W/GFXSTREAM( 6376): [GLESv2Validation.cpp(1217)] Error internal format: 0x4 is invalid.
04-26 15:50:48.730 E/GFXSTREAM( 6376): [GL2Encoder.cpp(2814)] GL error 0x501 condition [!GLESv2Validation::pixelFormat(ctx, internalformat) && !GLESv2Validation::pixelInternalFormat(internalformat)].
04-26 15:50:48.730 I/MuMain  ( 6376): LoadBitmap begin idx=31274 file=Data\Interface\newui_scrollbar_stretch.jpg
04-26 15:50:48.731 W/GFXSTREAM( 6376): [GLESv2Validation.cpp(1217)] Error internal format: 0x3 is invalid.
04-26 15:50:48.731 E/GFXSTREAM( 6376): [GL2Encoder.cpp(2814)] GL error 0x501 condition [!GLESv2Validation::pixelFormat(ctx, internalformat) && !GLESv2Validation::pixelInternalFormat(internalformat)].
04-26 15:50:48.731 I/MuMain  ( 6376): LoadBitmap begin idx=31334 file=Data\Interface\newui_button_close.tga
04-26 15:50:48.731 W/GFXSTREAM( 6376): [GLESv2Validation.cpp(1217)] Error internal format: 0x4 is invalid.
04-26 15:50:48.731 E/GFXSTREAM( 6376): [GL2Encoder.cpp(2814)] GL error 0x501 condition [!GLESv2Validation::pixelFormat(ctx, internalformat) && !GLESv2Validation::pixelInternalFormat(internalformat)].
04-26 15:50:48.731 I/MuMain  ( 6376): LoadBitmap begin idx=31331 file=Data\Interface\newui_msgbox_back.jpg
04-26 15:50:48.731 W/GFXSTREAM( 6376): [GLESv2Validation.cpp(1217)] Error internal format: 0x3 is invalid.
04-26 15:50:48.731 E/GFXSTREAM( 6376): [GL2Encoder.cpp(2814)] GL error 0x501 condition [!GLESv2Validation::pixelFormat(ctx, internalformat) && !GLESv2Validation::pixelInternalFormat(internalformat)].
04-26 15:50:48.731 I/MuMain  ( 6376): LoadBitmap begin idx=31377 file=Data\Interface\newui_item_back03.tga
04-26 15:50:48.732 W/GFXSTREAM( 6376): [GLESv2Validation.cpp(1217)] Error internal format: 0x4 is invalid.
04-26 15:50:48.732 E/GFXSTREAM( 6376): [GL2Encoder.cpp(2814)] GL error 0x501 condition [!GLESv2Validation::pixelFormat(ctx, internalformat) && !GLESv2Validation::pixelInternalFormat(internalformat)].
04-26 15:50:48.732 I/MuMain  ( 6376): LoadBitmap begin idx=31608 file=Data\Interface\newui_option_top.tga
04-26 15:50:48.733 W/GFXSTREAM( 6376): [GLESv2Validation.cpp(1217)] Error internal format: 0x4 is invalid.
04-26 15:50:48.733 E/GFXSTREAM( 6376): [GL2Encoder.cpp(2814)] GL error 0x501 condition [!GLESv2Validation::pixelFormat(ctx, internalformat) && !GLESv2Validation::pixelInternalFormat(internalformat)].
04-26 15:50:48.733 I/MuMain  ( 6376): LoadBitmap begin idx=31609 file=Data\Interface\newui_option_back06(L).tga
04-26 15:50:48.734 W/GFXSTREAM( 6376): [GLESv2Validation.cpp(1217)] Error internal format: 0x4 is invalid.
04-26 15:50:48.734 E/GFXSTREAM( 6376): [GL2Encoder.cpp(2814)] GL error 0x501 condition [!GLESv2Validation::pixelFormat(ctx, internalformat) && !GLESv2Validation::pixelInternalFormat(internalformat)].
04-26 15:50:48.734 I/MuMain  ( 6376): LoadBitmap begin idx=31610 file=Data\Interface\newui_option_back06(R).tga
04-26 15:50:48.734 W/GFXSTREAM( 6376): [GLESv2Validation.cpp(1217)] Error internal format: 0x4 is invalid.
04-26 15:50:48.734 E/GFXSTREAM( 6376): [GL2Encoder.cpp(2814)] GL error 0x501 condition [!GLESv2Validation::pixelFormat(ctx, internalformat) && !GLESv2Validation::pixelInternalFormat(internalformat)].
04-26 15:50:48.734 I/MuMain  ( 6376): LoadBitmap begin idx=31611 file=Data\Interface\newui_option_line.jpg
04-26 15:50:48.735 W/GFXSTREAM( 6376): [GLESv2Validation.cpp(1217)] Error internal format: 0x3 is invalid.
04-26 15:50:48.735 E/GFXSTREAM( 6376): [GL2Encoder.cpp(2814)] GL error 0x501 condition [!GLESv2Validation::pixelFormat(ctx, internalformat) && !GLESv2Validation::pixelInternalFormat(internalformat)].
04-26 15:50:48.735 I/MuMain  ( 6376): LoadBitmap begin idx=31612 file=Data\Interface\newui_option_point.tga
04-26 15:50:48.736 W/skia    (  566): AGTM parsing failed flags.readFromStream(s) at 159
04-26 15:50:48.736 W/skia    (  566): AGTM parsing failed flags.readFromStream(s) at 159
04-26 15:50:48.736 W/skia    (  566): AGTM parsing failed flags.readFromStream(s) at 159
04-26 15:50:48.736 W/skia    (  566): AGTM parsing failed flags.readFromStream(s) at 159
04-26 15:50:48.736 W/skia    (  566): AGTM parsing failed flags.readFromStream(s) at 159
04-26 15:50:48.736 W/skia    (  566): AGTM parsing failed flags.readFromStream(s) at 159
04-26 15:50:48.736 W/GFXSTREAM( 6376): [GLESv2Validation.cpp(1217)] Error internal format: 0x4 is invalid.
04-26 15:50:48.736 E/GFXSTREAM( 6376): [GL2Encoder.cpp(2814)] GL error 0x501 condition [!GLESv2Validation::pixelFormat(ctx, internalformat) && !GLESv2Validation::pixelInternalFormat(internalformat)].
04-26 15:50:48.736 I/MuMain  ( 6376): LoadBitmap begin idx=31613 file=Data\Interface\newui_option_check.tga
04-26 15:50:48.737 W/GFXSTREAM( 6376): [GLESv2Validation.cpp(1217)] Error internal format: 0x4 is invalid.
04-26 15:50:48.737 E/GFXSTREAM( 6376): [GL2Encoder.cpp(2814)] GL error 0x501 condition [!GLESv2Validation::pixelFormat(ctx, internalformat) && !GLESv2Validation::pixelInternalFormat(internalformat)].
04-26 15:50:48.737 I/MuMain  ( 6376): LoadBitmap begin idx=31614 file=Data\Interface\newui_option_effect03.tga
04-26 15:50:48.739 W/GFXSTREAM( 6376): [GLESv2Validation.cpp(1217)] Error internal format: 0x4 is invalid.
04-26 15:50:48.739 E/GFXSTREAM( 6376): [GL2Encoder.cpp(2814)] GL error 0x501 condition [!GLESv2Validation::pixelFormat(ctx, internalformat) && !GLESv2Validation::pixelInternalFormat(internalformat)].
04-26 15:50:48.739 I/MuMain  ( 6376): LoadBitmap begin idx=31615 file=Data\Interface\newui_option_effect04.tga
04-26 15:50:48.740 W/GFXSTREAM( 6376): [GLESv2Validation.cpp(1217)] Error internal format: 0x4 is invalid.
04-26 15:50:48.740 E/GFXSTREAM( 6376): [GL2Encoder.cpp(2814)] GL error 0x501 condition [!GLESv2Validation::pixelFormat(ctx, internalformat) && !GLESv2Validation::pixelInternalFormat(internalformat)].
04-26 15:50:48.740 I/MuMain  ( 6376): LoadBitmap begin idx=31616 file=Data\Interface\newui_option_volume01.tga
04-26 15:50:48.741 W/GFXSTREAM( 6376): [GLESv2Validation.cpp(1217)] Error internal format: 0x4 is invalid.
04-26 15:50:48.741 E/GFXSTREAM( 6376): [GL2Encoder.cpp(2814)] GL error 0x501 condition [!GLESv2Validation::pixelFormat(ctx, internalformat) && !GLESv2Validation::pixelInternalFormat(internalformat)].
04-26 15:50:48.741 I/MuMain  ( 6376): LoadBitmap begin idx=31617 file=Data\Interface\newui_option_volume02.tga
04-26 15:50:48.742 W/GFXSTREAM( 6376): [GLESv2Validation.cpp(1217)] Error internal format: 0x4 is invalid.
04-26 15:50:48.742 E/GFXSTREAM( 6376): [GL2Encoder.cpp(2814)] GL error 0x501 condition [!GLESv2Validation::pixelFormat(ctx, internalformat) && !GLESv2Validation::pixelInternalFormat(internalformat)].
04-26 15:50:48.743 I/MuMain  ( 6376): LoadBitmap begin idx=31328 file=Data\Interface\newui_msgbox_top.tga
04-26 15:50:48.743 W/GFXSTREAM( 6376): [GLESv2Validation.cpp(1217)] Error internal format: 0x4 is invalid.
04-26 15:50:48.743 E/GFXSTREAM( 6376): [GL2Encoder.cpp(2814)] GL error 0x501 condition [!GLESv2Validation::pixelFormat(ctx, internalformat) && !GLESv2Validation::pixelInternalFormat(internalformat)].
04-26 15:50:48.743 I/MuMain  ( 6376): LoadBitmap begin idx=31329 file=Data\Interface\newui_msgbox_middle.tga
04-26 15:50:48.744 W/GFXSTREAM( 6376): [GLESv2Validation.cpp(1217)] Error internal format: 0x4 is invalid.
04-26 15:50:48.744 E/GFXSTREAM( 6376): [GL2Encoder.cpp(2814)] GL error 0x501 condition [!GLESv2Validation::pixelFormat(ctx, internalformat) && !GLESv2Validation::pixelInternalFormat(internalformat)].
04-26 15:50:48.744 I/MuMain  ( 6376): LoadBitmap begin idx=31330 file=Data\Interface\newui_msgbox_bottom.tga
04-26 15:50:48.745 W/GFXSTREAM( 6376): [GLESv2Validation.cpp(1217)] Error internal format: 0x4 is invalid.
04-26 15:50:48.745 E/GFXSTREAM( 6376): [GL2Encoder.cpp(2814)] GL error 0x501 condition [!GLESv2Validation::pixelFormat(ctx, internalformat) && !GLESv2Validation::pixelInternalFormat(internalformat)].
04-26 15:50:48.745 I/MuMain  ( 6376): LoadBitmap begin idx=31331 file=Data\Interface\newui_msgbox_back.jpg
04-26 15:50:48.745 I/MuMain  ( 6376): LoadBitmap begin idx=31339 file=Data\Interface\newui_Message_Line.tga
04-26 15:50:48.746 W/GFXSTREAM( 6376): [GLESv2Validation.cpp(1217)] Error internal format: 0x4 is invalid.
04-26 15:50:48.746 E/GFXSTREAM( 6376): [GL2Encoder.cpp(2814)] GL error 0x501 condition [!GLESv2Validation::pixelFormat(ctx, internalformat) && !GLESv2Validation::pixelInternalFormat(internalformat)].
04-26 15:50:48.746 I/MuMain  ( 6376): LoadBitmap begin idx=31340 file=Data\Interface\newui_Message_03.tga
04-26 15:50:48.747 W/GFXSTREAM( 6376): [GLESv2Validation.cpp(1217)] Error internal format: 0x4 is invalid.
04-26 15:50:48.747 E/GFXSTREAM( 6376): [GL2Encoder.cpp(2814)] GL error 0x501 condition [!GLESv2Validation::pixelFormat(ctx, internalformat) && !GLESv2Validation::pixelInternalFormat(internalformat)].
04-26 15:50:48.747 I/MuMain  ( 6376): LoadBitmap begin idx=31341 file=Data\Interface\newui_separate_line.jpg
04-26 15:50:48.747 W/GFXSTREAM( 6376): [GLESv2Validation.cpp(1217)] Error internal format: 0x3 is invalid.
04-26 15:50:48.747 E/GFXSTREAM( 6376): [GL2Encoder.cpp(2814)] GL error 0x501 condition [!GLESv2Validation::pixelFormat(ctx, internalformat) && !GLESv2Validation::pixelInternalFormat(internalformat)].
04-26 15:50:48.747 I/MuMain  ( 6376): LoadBitmap begin idx=31332 file=Data\Interface\newui_button_ok.tga
04-26 15:50:48.748 W/GFXSTREAM( 6376): [GLESv2Validation.cpp(1217)] Error internal format: 0x4 is invalid.
04-26 15:50:48.748 E/GFXSTREAM( 6376): [GL2Encoder.cpp(2814)] GL error 0x501 condition [!GLESv2Validation::pixelFormat(ctx, internalformat) && !GLESv2Validation::pixelInternalFormat(internalformat)].
04-26 15:50:48.748 I/MuMain  ( 6376): LoadBitmap begin idx=31333 file=Data\Interface\newui_button_cancel.tga
04-26 15:50:48.748 W/GFXSTREAM( 6376): [GLESv2Validation.cpp(1217)] Error internal format: 0x4 is invalid.
04-26 15:50:48.748 E/GFXSTREAM( 6376): [GL2Encoder.cpp(2814)] GL error 0x501 condition [!GLESv2Validation::pixelFormat(ctx, internalformat) && !GLESv2Validation::pixelInternalFormat(internalformat)].
04-26 15:50:48.748 I/MuMain  ( 6376): LoadBitmap begin idx=31334 file=Data\Interface\newui_button_close.tga
04-26 15:50:48.748 I/MuMain  ( 6376): LoadBitmap begin idx=31335 file=Data\Interface\newui_btn_empty.tga
04-26 15:50:48.749 W/GFXSTREAM( 6376): [GLESv2Validation.cpp(1217)] Error internal format: 0x4 is invalid.
04-26 15:50:48.749 E/GFXSTREAM( 6376): [GL2Encoder.cpp(2814)] GL error 0x501 condition [!GLESv2Validation::pixelFormat(ctx, internalformat) && !GLESv2Validation::pixelInternalFormat(internalformat)].
04-26 15:50:48.749 I/MuMain  ( 6376): LoadBitmap begin idx=31336 file=Data\Interface\newui_btn_empty_small.tga
04-26 15:50:48.750 W/GFXSTREAM( 6376): [GLESv2Validation.cpp(1217)] Error internal format: 0x4 is invalid.
04-26 15:50:48.750 E/GFXSTREAM( 6376): [GL2Encoder.cpp(2814)] GL error 0x501 condition [!GLESv2Validation::pixelFormat(ctx, internalformat) && !GLESv2Validation::pixelInternalFormat(internalformat)].
04-26 15:50:48.750 I/MuMain  ( 6376): LoadBitmap begin idx=31337 file=Data\Interface\newui_btn_empty_big.tga
04-26 15:50:48.751 W/GFXSTREAM( 6376): [GLESv2Validation.cpp(1217)] Error internal format: 0x4 is invalid.
04-26 15:50:48.751 E/GFXSTREAM( 6376): [GL2Encoder.cpp(2814)] GL error 0x501 condition [!GLESv2Validation::pixelFormat(ctx, internalformat) && !GLESv2Validation::pixelInternalFormat(internalformat)].
04-26 15:50:48.751 I/MuMain  ( 6376): LoadBitmap begin idx=31338 file=Data\Interface\newui_btn_empty_very_small.tga
04-26 15:50:48.751 W/GFXSTREAM( 6376): [GLESv2Validation.cpp(1217)] Error internal format: 0x4 is invalid.
04-26 15:50:48.752 E/GFXSTREAM( 6376): [GL2Encoder.cpp(2814)] GL error 0x501 condition [!GLESv2Validation::pixelFormat(ctx, internalformat) && !GLESv2Validation::pixelInternalFormat(internalformat)].
04-26 15:50:48.752 I/MuMain  ( 6376): LoadBitmap begin idx=31342 file=Data\Interface\newui_Bar_switch01.jpg
04-26 15:50:48.752 W/GFXSTREAM( 6376): [GLESv2Validation.cpp(1217)] Error internal format: 0x3 is invalid.
04-26 15:50:48.752 E/GFXSTREAM( 6376): [GL2Encoder.cpp(2814)] GL error 0x501 condition [!GLESv2Validation::pixelFormat(ctx, internalformat) && !GLESv2Validation::pixelInternalFormat(internalformat)].
04-26 15:50:48.752 I/MuMain  ( 6376): LoadBitmap begin idx=31343 file=Data\Interface\newui_Bar_switch02.jpg
04-26 15:50:48.752 W/GFXSTREAM( 6376): [GLESv2Validation.cpp(1217)] Error internal format: 0x3 is invalid.
04-26 15:50:48.752 E/GFXSTREAM( 6376): [GL2Encoder.cpp(2814)] GL error 0x501 condition [!GLESv2Validation::pixelFormat(ctx, internalformat) && !GLESv2Validation::pixelInternalFormat(internalformat)].
04-26 15:50:48.752 I/MuMain  ( 6376): LoadBitmap begin idx=31344 file=Data\Interface\newui_DuelWindow.tga
04-26 15:50:48.753 W/GFXSTREAM( 6376): [GLESv2Validation.cpp(1217)] Error internal format: 0x4 is invalid.
04-26 15:50:48.753 E/GFXSTREAM( 6376): [GL2Encoder.cpp(2814)] GL error 0x501 condition [!GLESv2Validation::pixelFormat(ctx, internalformat) && !GLESv2Validation::pixelInternalFormat(internalformat)].
04-26 15:50:48.753 I/MuMain  ( 6376): INIT: UI creation done
04-26 15:50:48.753 W/skia    (  566): AGTM parsing failed flags.readFromStream(s) at 159
04-26 15:50:48.754 W/skia    (  566): AGTM parsing failed flags.readFromStream(s) at 159
04-26 15:50:48.754 I/MuMain  ( 6376): VirtualPad: slots loaded version=4 idx=[-1,-1,-1,-1,-1] type=[0,0,0,0,0] path=Data/Local/android_touch_skill_slots.cfg
04-26 15:50:48.754 I/MuMain  ( 6376): VirtualPad slots: [-1,-1,-1,-1,-1]
04-26 15:50:48.754 W/skia    (  566): AGTM parsing failed flags.readFromStream(s) at 159
04-26 15:50:48.754 I/MuMain  ( 6376): Android perf defaults: maxMsgPerCycle=70 targetFps=-1.0 fxScale=1.00 adaptive=on isEmulator=1
04-26 15:50:48.754 W/skia    (  566): AGTM parsing failed flags.readFromStream(s) at 159
04-26 15:50:48.754 I/MuMain  ( 6376): SDL mixer volume set: level=5 sdl=71
04-26 15:50:48.754 I/MuMain  ( 6376): FPS overlay enabled
04-26 15:50:48.754 W/skia    (  566): AGTM parsing failed flags.readFromStream(s) at 159
04-26 15:50:48.754 W/skia    (  566): AGTM parsing failed flags.readFromStream(s) at 159
04-26 15:50:48.754 I/MuMain  ( 6376): All systems initialized — entering main loop
04-26 15:50:48.754 I/MuMain  ( 6376): Window resized → drawable: 2268x1080
04-26 15:50:48.754 I/MuMain  ( 6376): CHATIME IME state changed focused=0 sdlTextInput=1
04-26 15:50:48.754 I/MuMain  ( 6376): WEBZEN: enter
04-26 15:50:48.754 I/MuMain  ( 6376): LoadBitmap begin idx=30002 file=Data\Interface\FontInput.tga
04-26 15:50:48.755 W/GFXSTREAM( 6376): [GLESv2Validation.cpp(1217)] Error internal format: 0x4 is invalid.
04-26 15:50:48.755 E/GFXSTREAM( 6376): [GL2Encoder.cpp(2814)] GL error 0x501 condition [!GLESv2Validation::pixelFormat(ctx, internalformat) && !GLESv2Validation::pixelInternalFormat(internalformat)].
04-26 15:50:48.755 I/MuMain  ( 6376): LoadBitmap begin idx=30003 file=Data\Interface\FontTest.tga
04-26 15:50:48.758 W/GFXSTREAM( 6376): [GLESv2Validation.cpp(1217)] Error internal format: 0x4 is invalid.
04-26 15:50:48.758 E/GFXSTREAM( 6376): [GL2Encoder.cpp(2814)] GL error 0x501 condition [!GLESv2Validation::pixelFormat(ctx, internalformat) && !GLESv2Validation::pixelInternalFormat(internalformat)].
04-26 15:50:48.758 I/MuMain  ( 6376): LoadBitmap begin idx=31798 file=Data\Interface\Hit.tga
04-26 15:50:48.759 W/GFXSTREAM( 6376): [GLESv2Validation.cpp(1217)] Error internal format: 0x4 is invalid.
04-26 15:50:48.759 E/GFXSTREAM( 6376): [GL2Encoder.cpp(2814)] GL error 0x501 condition [!GLESv2Validation::pixelFormat(ctx, internalformat) && !GLESv2Validation::pixelInternalFormat(internalformat)].
04-26 15:50:48.759 I/MuMain  ( 6376): WEBZEN: loading title bitmaps
04-26 15:50:48.759 I/MuMain  ( 6376): LoadBitmap begin idx=31117 file=Data\Interface\New_lo_back_01.jpg
04-26 15:50:48.759 W/GFXSTREAM( 6376): [GLESv2Validation.cpp(1217)] Error internal format: 0x3 is invalid.
04-26 15:50:48.759 E/GFXSTREAM( 6376): [GL2Encoder.cpp(2814)] GL error 0x501 condition [!GLESv2Validation::pixelFormat(ctx, internalformat) && !GLESv2Validation::pixelInternalFormat(internalformat)].
04-26 15:50:48.759 I/MuMain  ( 6376): LoadBitmap begin idx=31118 file=Data\Interface\New_lo_back_02.jpg
04-26 15:50:48.759 W/GFXSTREAM( 6376): [GLESv2Validation.cpp(1217)] Error internal format: 0x3 is invalid.
04-26 15:50:48.759 E/GFXSTREAM( 6376): [GL2Encoder.cpp(2814)] GL error 0x501 condition [!GLESv2Validation::pixelFormat(ctx, internalformat) && !GLESv2Validation::pixelInternalFormat(internalformat)].
04-26 15:50:48.759 I/MuMain  ( 6376): LoadBitmap begin idx=31119 file=Data\Interface\MU_TITLE.tga
04-26 15:50:48.760 W/GFXSTREAM( 6376): [GLESv2Validation.cpp(1217)] Error internal format: 0x4 is invalid.
04-26 15:50:48.760 E/GFXSTREAM( 6376): [GL2Encoder.cpp(2814)] GL error 0x501 condition [!GLESv2Validation::pixelFormat(ctx, internalformat) && !GLESv2Validation::pixelInternalFormat(internalformat)].
04-26 15:50:48.760 I/MuMain  ( 6376): LoadBitmap begin idx=31120 file=Data\Interface\lo_121518.tga
04-26 15:50:48.760 W/GFXSTREAM( 6376): [GLESv2Validation.cpp(1217)] Error internal format: 0x4 is invalid.
04-26 15:50:48.760 E/GFXSTREAM( 6376): [GL2Encoder.cpp(2814)] GL error 0x501 condition [!GLESv2Validation::pixelFormat(ctx, internalformat) && !GLESv2Validation::pixelInternalFormat(internalformat)].
04-26 15:50:48.760 I/MuMain  ( 6376): LoadBitmap begin idx=31121 file=Data\Interface\New_lo_webzen_logo.tga
04-26 15:50:48.761 W/GFXSTREAM( 6376): [GLESv2Validation.cpp(1217)] Error internal format: 0x4 is invalid.
04-26 15:50:48.761 E/GFXSTREAM( 6376): [GL2Encoder.cpp(2814)] GL error 0x501 condition [!GLESv2Validation::pixelFormat(ctx, internalformat) && !GLESv2Validation::pixelInternalFormat(internalformat)].
04-26 15:50:48.761 I/MuMain  ( 6376): LoadBitmap begin idx=31122 file=Data\Interface\lo_lo.jpg
04-26 15:50:48.761 W/GFXSTREAM( 6376): [GLESv2Validation.cpp(1217)] Error internal format: 0x3 is invalid.
04-26 15:50:48.761 E/GFXSTREAM( 6376): [GL2Encoder.cpp(2814)] GL error 0x501 condition [!GLESv2Validation::pixelFormat(ctx, internalformat) && !GLESv2Validation::pixelInternalFormat(internalformat)].
04-26 15:50:48.761 I/MuMain  ( 6376): LoadBitmap begin idx=31123 file=Data\Interface\lo_back_s5_03.jpg
04-26 15:50:48.762 W/GFXSTREAM( 6376): [GLESv2Validation.cpp(1217)] Error internal format: 0x3 is invalid.
04-26 15:50:48.762 E/GFXSTREAM( 6376): [GL2Encoder.cpp(2814)] GL error 0x501 condition [!GLESv2Validation::pixelFormat(ctx, internalformat) && !GLESv2Validation::pixelInternalFormat(internalformat)].
04-26 15:50:48.762 I/MuMain  ( 6376): LoadBitmap begin idx=31124 file=Data\Interface\lo_back_s5_04.jpg
04-26 15:50:48.762 W/GFXSTREAM( 6376): [GLESv2Validation.cpp(1217)] Error internal format: 0x3 is invalid.
04-26 15:50:48.762 E/GFXSTREAM( 6376): [GL2Encoder.cpp(2814)] GL error 0x501 condition [!GLESv2Validation::pixelFormat(ctx, internalformat) && !GLESv2Validation::pixelInternalFormat(internalformat)].
04-26 15:50:48.762 I/MuMain  ( 6376): LoadBitmap begin idx=31125 file=Data\Interface\lo_back_im01.jpg
04-26 15:50:48.762 W/GFXSTREAM( 6376): [GLESv2Validation.cpp(1217)] Error internal format: 0x3 is invalid.
04-26 15:50:48.762 E/GFXSTREAM( 6376): [GL2Encoder.cpp(2814)] GL error 0x501 condition [!GLESv2Validation::pixelFormat(ctx, internalformat) && !GLESv2Validation::pixelInternalFormat(internalformat)].
04-26 15:50:48.762 I/MuMain  ( 6376): LoadBitmap begin idx=31126 file=Data\Interface\lo_back_im02.jpg
04-26 15:50:48.763 W/GFXSTREAM( 6376): [GLESv2Validation.cpp(1217)] Error internal format: 0x3 is invalid.
04-26 15:50:48.763 E/GFXSTREAM( 6376): [GL2Encoder.cpp(2814)] GL error 0x501 condition [!GLESv2Validation::pixelFormat(ctx, internalformat) && !GLESv2Validation::pixelInternalFormat(internalformat)].
04-26 15:50:48.763 I/MuMain  ( 6376): LoadBitmap begin idx=31127 file=Data\Interface\lo_back_im03.jpg
04-26 15:50:48.763 W/GFXSTREAM( 6376): [GLESv2Validation.cpp(1217)] Error internal format: 0x3 is invalid.
04-26 15:50:48.763 E/GFXSTREAM( 6376): [GL2Encoder.cpp(2814)] GL error 0x501 condition [!GLESv2Validation::pixelFormat(ctx, internalformat) && !GLESv2Validation::pixelInternalFormat(internalformat)].
04-26 15:50:48.763 I/MuMain  ( 6376): LoadBitmap begin idx=31128 file=Data\Interface\lo_back_im04.jpg
04-26 15:50:48.763 W/GFXSTREAM( 6376): [GLESv2Validation.cpp(1217)] Error internal format: 0x3 is invalid.
04-26 15:50:48.763 E/GFXSTREAM( 6376): [GL2Encoder.cpp(2814)] GL error 0x501 condition [!GLESv2Validation::pixelFormat(ctx, internalformat) && !GLESv2Validation::pixelInternalFormat(internalformat)].
04-26 15:50:48.763 I/MuMain  ( 6376): LoadBitmap begin idx=31129 file=Data\Interface\lo_back_im05.jpg
04-26 15:50:48.763 W/GFXSTREAM( 6376): [GLESv2Validation.cpp(1217)] Error internal format: 0x3 is invalid.
04-26 15:50:48.763 E/GFXSTREAM( 6376): [GL2Encoder.cpp(2814)] GL error 0x501 condition [!GLESv2Validation::pixelFormat(ctx, internalformat) && !GLESv2Validation::pixelInternalFormat(internalformat)].
04-26 15:50:48.763 I/MuMain  ( 6376): LoadBitmap begin idx=31130 file=Data\Interface\lo_back_im06.jpg
04-26 15:50:48.764 W/GFXSTREAM( 6376): [GLESv2Validation.cpp(1217)] Error internal format: 0x3 is invalid.
04-26 15:50:48.764 E/GFXSTREAM( 6376): [GL2Encoder.cpp(2814)] GL error 0x501 condition [!GLESv2Validation::pixelFormat(ctx, internalformat) && !GLESv2Validation::pixelInternalFormat(internalformat)].
04-26 15:50:48.764 I/MuMain  ( 6376): LoadBitmap begin idx=30004 file=Data\Interface\gamecensorship_12.tga
04-26 15:50:48.765 W/GFXSTREAM( 6376): [GLESv2Validation.cpp(1217)] Error internal format: 0x4 is invalid.
04-26 15:50:48.765 E/GFXSTREAM( 6376): [GL2Encoder.cpp(2814)] GL error 0x501 condition [!GLESv2Validation::pixelFormat(ctx, internalformat) && !GLESv2Validation::pixelInternalFormat(internalformat)].
04-26 15:50:48.766 I/MuMain  ( 6376): LoadBitmap begin idx=30005 file=Data\Interface\gamecensorship_15.tga
04-26 15:50:48.767 W/GFXSTREAM( 6376): [GLESv2Validation.cpp(1217)] Error internal format: 0x4 is invalid.
04-26 15:50:48.767 E/GFXSTREAM( 6376): [GL2Encoder.cpp(2814)] GL error 0x501 condition [!GLESv2Validation::pixelFormat(ctx, internalformat) && !GLESv2Validation::pixelInternalFormat(internalformat)].
04-26 15:50:48.767 I/MuMain  ( 6376): LoadBitmap begin idx=30006 file=Data\Interface\gamecensorship_18.tga
04-26 15:50:48.767 W/GFXSTREAM( 6376): [GLESv2Validation.cpp(1217)] Error internal format: 0x4 is invalid.
04-26 15:50:48.767 E/GFXSTREAM( 6376): [GL2Encoder.cpp(2814)] GL error 0x501 condition [!GLESv2Validation::pixelFormat(ctx, internalformat) && !GLESv2Validation::pixelInternalFormat(internalformat)].
04-26 15:50:48.767 I/MuMain  ( 6376): LoadBitmap begin idx=30007 file=Data\Interface\gamecensorship_fear.tga
04-26 15:50:48.769 W/GFXSTREAM( 6376): [GLESv2Validation.cpp(1217)] Error internal format: 0x4 is invalid.
04-26 15:50:48.769 E/GFXSTREAM( 6376): [GL2Encoder.cpp(2814)] GL error 0x501 condition [!GLESv2Validation::pixelFormat(ctx, internalformat) && !GLESv2Validation::pixelInternalFormat(internalformat)].
04-26 15:50:48.769 I/MuMain  ( 6376): LoadBitmap begin idx=30008 file=Data\Interface\gamecensorship_vio.tga
04-26 15:50:48.769 W/skia    (  566): AGTM parsing failed flags.readFromStream(s) at 159
04-26 15:50:48.770 W/skia    (  566): AGTM parsing failed flags.readFromStream(s) at 159
04-26 15:50:48.770 W/skia    (  566): AGTM parsing failed flags.readFromStream(s) at 159
04-26 15:50:48.770 W/skia    (  566): AGTM parsing failed flags.readFromStream(s) at 159
04-26 15:50:48.770 W/skia    (  566): AGTM parsing failed flags.readFromStream(s) at 159
04-26 15:50:48.770 W/skia    (  566): AGTM parsing failed flags.readFromStream(s) at 159
04-26 15:50:48.770 W/GFXSTREAM( 6376): [GLESv2Validation.cpp(1217)] Error internal format: 0x4 is invalid.
04-26 15:50:48.770 E/GFXSTREAM( 6376): [GL2Encoder.cpp(2814)] GL error 0x501 condition [!GLESv2Validation::pixelFormat(ctx, internalformat) && !GLESv2Validation::pixelInternalFormat(internalformat)].
04-26 15:50:48.771 I/MuMain  ( 6376): WEBZEN: OpenBasicData begin
04-26 15:50:48.771 I/MuMain  ( 6376): OPENBASIC: enter
04-26 15:50:48.771 I/MuMain  ( 6376): OPENBASIC: RenderTitle 0 begin
04-26 15:50:48.772 I/MuMain  ( 6376): OPENBASIC: RenderTitle 0 done
04-26 15:50:48.772 I/MuMain  ( 6376): OPENBASIC: first bitmap group begin
04-26 15:50:48.773 I/MuMain  ( 6376): LoadBitmap begin idx=30012 file=Data\Interface\Cursor.tga
04-26 15:50:48.773 W/GFXSTREAM( 6376): [GLESv2Validation.cpp(1217)] Error internal format: 0x4 is invalid.
04-26 15:50:48.774 E/GFXSTREAM( 6376): [GL2Encoder.cpp(2814)] GL error 0x501 condition [!GLESv2Validation::pixelFormat(ctx, internalformat) && !GLESv2Validation::pixelInternalFormat(internalformat)].
04-26 15:50:48.774 I/MuMain  ( 6376): LoadBitmap begin idx=30013 file=Data\Interface\CursorPush.tga
04-26 15:50:48.774 W/GFXSTREAM( 6376): [GLESv2Validation.cpp(1217)] Error internal format: 0x4 is invalid.
04-26 15:50:48.774 E/GFXSTREAM( 6376): [GL2Encoder.cpp(2814)] GL error 0x501 condition [!GLESv2Validation::pixelFormat(ctx, internalformat) && !GLESv2Validation::pixelInternalFormat(internalformat)].
04-26 15:50:48.774 I/MuMain  ( 6376): LoadBitmap begin idx=30014 file=Data\Interface\CursorAttack.tga
04-26 15:50:48.775 W/GFXSTREAM( 6376): [GLESv2Validation.cpp(1217)] Error internal format: 0x4 is invalid.
04-26 15:50:48.775 E/GFXSTREAM( 6376): [GL2Encoder.cpp(2814)] GL error 0x501 condition [!GLESv2Validation::pixelFormat(ctx, internalformat) && !GLESv2Validation::pixelInternalFormat(internalformat)].
04-26 15:50:48.775 I/MuMain  ( 6376): LoadBitmap begin idx=30015 file=Data\Interface\CursorGet.tga
04-26 15:50:48.776 W/GFXSTREAM( 6376): [GLESv2Validation.cpp(1217)] Error internal format: 0x4 is invalid.
04-26 15:50:48.776 E/GFXSTREAM( 6376): [GL2Encoder.cpp(2814)] GL error 0x501 condition [!GLESv2Validation::pixelFormat(ctx, internalformat) && !GLESv2Validation::pixelInternalFormat(internalformat)].
04-26 15:50:48.776 I/MuMain  ( 6376): LoadBitmap begin idx=30016 file=Data\Interface\CursorTalk.tga
04-26 15:50:48.777 W/GFXSTREAM( 6376): [GLESv2Validation.cpp(1217)] Error internal format: 0x4 is invalid.
04-26 15:50:48.777 E/GFXSTREAM( 6376): [GL2Encoder.cpp(2814)] GL error 0x501 condition [!GLESv2Validation::pixelFormat(ctx, internalformat) && !GLESv2Validation::pixelInternalFormat(internalformat)].
04-26 15:50:48.777 I/MuMain  ( 6376): LoadBitmap begin idx=30017 file=Data\Interface\CursorRepair.tga
04-26 15:50:48.778 W/GFXSTREAM( 6376): [GLESv2Validation.cpp(1217)] Error internal format: 0x4 is invalid.
04-26 15:50:48.779 E/GFXSTREAM( 6376): [GL2Encoder.cpp(2814)] GL error 0x501 condition [!GLESv2Validation::pixelFormat(ctx, internalformat) && !GLESv2Validation::pixelInternalFormat(internalformat)].
04-26 15:50:48.779 I/MuMain  ( 6376): LoadBitmap begin idx=30018 file=Data\Interface\CursorLeanAgainst.tga
04-26 15:50:48.780 W/GFXSTREAM( 6376): [GLESv2Validation.cpp(1217)] Error internal format: 0x4 is invalid.
04-26 15:50:48.780 E/GFXSTREAM( 6376): [GL2Encoder.cpp(2814)] GL error 0x501 condition [!GLESv2Validation::pixelFormat(ctx, internalformat) && !GLESv2Validation::pixelInternalFormat(internalformat)].
04-26 15:50:48.780 I/MuMain  ( 6376): LoadBitmap begin idx=30019 file=Data\Interface\CursorSitDown.tga
04-26 15:50:48.780 W/GFXSTREAM( 6376): [GLESv2Validation.cpp(1217)] Error internal format: 0x4 is invalid.
04-26 15:50:48.780 E/GFXSTREAM( 6376): [GL2Encoder.cpp(2814)] GL error 0x501 condition [!GLESv2Validation::pixelFormat(ctx, internalformat) && !GLESv2Validation::pixelInternalFormat(internalformat)].
04-26 15:50:48.780 I/MuMain  ( 6376): LoadBitmap begin idx=30020 file=Data\Interface\CursorDontMove.tga
04-26 15:50:48.781 W/GFXSTREAM( 6376): [GLESv2Validation.cpp(1217)] Error internal format: 0x4 is invalid.
04-26 15:50:48.781 E/GFXSTREAM( 6376): [GL2Encoder.cpp(2814)] GL error 0x501 condition [!GLESv2Validation::pixelFormat(ctx, internalformat) && !GLESv2Validation::pixelInternalFormat(internalformat)].
04-26 15:50:48.781 I/MuMain  ( 6376): LoadBitmap begin idx=31034 file=Data\Interface\ok.jpg
04-26 15:50:48.782 W/GFXSTREAM( 6376): [GLESv2Validation.cpp(1217)] Error internal format: 0x3 is invalid.
04-26 15:50:48.782 E/GFXSTREAM( 6376): [GL2Encoder.cpp(2814)] GL error 0x501 condition [!GLESv2Validation::pixelFormat(ctx, internalformat) && !GLESv2Validation::pixelInternalFormat(internalformat)].
04-26 15:50:48.782 I/MuMain  ( 6376): LoadBitmap begin idx=31035 file=Data\Interface\ok2.jpg
04-26 15:50:48.782 W/GFXSTREAM( 6376): [GLESv2Validation.cpp(1217)] Error internal format: 0x3 is invalid.
04-26 15:50:48.782 E/GFXSTREAM( 6376): [GL2Encoder.cpp(2814)] GL error 0x501 condition [!GLESv2Validation::pixelFormat(ctx, internalformat) && !GLESv2Validation::pixelInternalFormat(internalformat)].
04-26 15:50:48.782 I/MuMain  ( 6376): LoadBitmap begin idx=31036 file=Data\Interface\cancel.jpg
04-26 15:50:48.782 W/GFXSTREAM( 6376): [GLESv2Validation.cpp(1217)] Error internal format: 0x3 is invalid.
04-26 15:50:48.782 E/GFXSTREAM( 6376): [GL2Encoder.cpp(2814)] GL error 0x501 condition [!GLESv2Validation::pixelFormat(ctx, internalformat) && !GLESv2Validation::pixelInternalFormat(internalformat)].
04-26 15:50:48.782 I/MuMain  ( 6376): LoadBitmap begin idx=31037 file=Data\Interface\cancel2.jpg
04-26 15:50:48.782 W/GFXSTREAM( 6376): [GLESv2Validation.cpp(1217)] Error internal format: 0x3 is invalid.
04-26 15:50:48.782 E/GFXSTREAM( 6376): [GL2Encoder.cpp(2814)] GL error 0x501 condition [!GLESv2Validation::pixelFormat(ctx, internalformat) && !GLESv2Validation::pixelInternalFormat(internalformat)].
04-26 15:50:48.783 I/MuMain  ( 6376): LoadBitmap begin idx=31217 file=Data\Interface\win_titlebar.jpg
04-26 15:50:48.783 W/GFXSTREAM( 6376): [GLESv2Validation.cpp(1217)] Error internal format: 0x3 is invalid.
04-26 15:50:48.783 E/GFXSTREAM( 6376): [GL2Encoder.cpp(2814)] GL error 0x501 condition [!GLESv2Validation::pixelFormat(ctx, internalformat) && !GLESv2Validation::pixelInternalFormat(internalformat)].
04-26 15:50:48.783 I/MuMain  ( 6376): LoadBitmap begin idx=31218 file=Data\Interface\win_button.tga
04-26 15:50:48.784 W/GFXSTREAM( 6376): [GLESv2Validation.cpp(1217)] Error internal format: 0x4 is invalid.
04-26 15:50:48.784 E/GFXSTREAM( 6376): [GL2Encoder.cpp(2814)] GL error 0x501 condition [!GLESv2Validation::pixelFormat(ctx, internalformat) && !GLESv2Validation::pixelInternalFormat(internalformat)].
04-26 15:50:48.784 I/MuMain  ( 6376): LoadBitmap begin idx=31219 file=Data\Interface\win_size.jpg
04-26 15:50:48.784 W/GFXSTREAM( 6376): [GLESv2Validation.cpp(1217)] Error internal format: 0x3 is invalid.
04-26 15:50:48.784 E/GFXSTREAM( 6376): [GL2Encoder.cpp(2814)] GL error 0x501 condition [!GLESv2Validation::pixelFormat(ctx, internalformat) && !GLESv2Validation::pixelInternalFormat(internalformat)].
04-26 15:50:48.784 I/MuMain  ( 6376): LoadBitmap begin idx=31220 file=Data\Interface\win_resize.tga
04-26 15:50:48.786 W/GFXSTREAM( 6376): [GLESv2Validation.cpp(1217)] Error internal format: 0x4 is invalid.
04-26 15:50:48.786 E/GFXSTREAM( 6376): [GL2Encoder.cpp(2814)] GL error 0x501 condition [!GLESv2Validation::pixelFormat(ctx, internalformat) && !GLESv2Validation::pixelInternalFormat(internalformat)].
04-26 15:50:48.786 I/MuMain  ( 6376): LoadBitmap begin idx=31221 file=Data\Interface\win_scrollbar.jpg
04-26 15:50:48.786 W/GFXSTREAM( 6376): [GLESv2Validation.cpp(1217)] Error internal format: 0x3 is invalid.
04-26 15:50:48.786 E/GFXSTREAM( 6376): [GL2Encoder.cpp(2814)] GL error 0x501 condition [!GLESv2Validation::pixelFormat(ctx, internalformat) && !GLESv2Validation::pixelInternalFormat(internalformat)].
04-26 15:50:48.787 I/MuMain  ( 6376): LoadBitmap begin idx=31222 file=Data\Interface\win_check.tga
04-26 15:50:48.787 W/skia    (  566): AGTM parsing failed flags.readFromStream(s) at 159
04-26 15:50:48.787 W/skia    (  566): AGTM parsing failed flags.readFromStream(s) at 159
04-26 15:50:48.787 W/skia    (  566): AGTM parsing failed flags.readFromStream(s) at 159
04-26 15:50:48.787 W/skia    (  566): AGTM parsing failed flags.readFromStream(s) at 159
04-26 15:50:48.787 W/skia    (  566): AGTM parsing failed flags.readFromStream(s) at 159
04-26 15:50:48.787 W/skia    (  566): AGTM parsing failed flags.readFromStream(s) at 159
04-26 15:50:48.787 W/GFXSTREAM( 6376): [GLESv2Validation.cpp(1217)] Error internal format: 0x4 is invalid.
04-26 15:50:48.788 E/GFXSTREAM( 6376): [GL2Encoder.cpp(2814)] GL error 0x501 condition [!GLESv2Validation::pixelFormat(ctx, internalformat) && !GLESv2Validation::pixelInternalFormat(internalformat)].
04-26 15:50:48.788 I/MuMain  ( 6376): LoadBitmap begin idx=31223 file=Data\Interface\win_mail.tga
04-26 15:50:48.788 W/GFXSTREAM( 6376): [GLESv2Validation.cpp(1217)] Error internal format: 0x4 is invalid.
04-26 15:50:48.788 E/GFXSTREAM( 6376): [GL2Encoder.cpp(2814)] GL error 0x501 condition [!GLESv2Validation::pixelFormat(ctx, internalformat) && !GLESv2Validation::pixelInternalFormat(internalformat)].
04-26 15:50:48.788 I/MuMain  ( 6376): LoadBitmap begin idx=31224 file=Data\Interface\win_mark.tga
04-26 15:50:48.789 W/GFXSTREAM( 6376): [GLESv2Validation.cpp(1217)] Error internal format: 0x4 is invalid.
04-26 15:50:48.789 E/GFXSTREAM( 6376): [GL2Encoder.cpp(2814)] GL error 0x501 condition [!GLESv2Validation::pixelFormat(ctx, internalformat) && !GLESv2Validation::pixelInternalFormat(internalformat)].
04-26 15:50:48.789 I/MuMain  ( 6376): LoadBitmap begin idx=31225 file=Data\Interface\win_letter.jpg
04-26 15:50:48.789 W/GFXSTREAM( 6376): [GLESv2Validation.cpp(1217)] Error internal format: 0x3 is invalid.
04-26 15:50:48.789 E/GFXSTREAM( 6376): [GL2Encoder.cpp(2814)] GL error 0x501 condition [!GLESv2Validation::pixelFormat(ctx, internalformat) && !GLESv2Validation::pixelInternalFormat(internalformat)].
04-26 15:50:48.789 I/MuMain  ( 6376): LoadBitmap begin idx=31226 file=Data\Interface\win_man.jpg
04-26 15:50:48.790 W/GFXSTREAM( 6376): [GLESv2Validation.cpp(1217)] Error internal format: 0x3 is invalid.
04-26 15:50:48.790 E/GFXSTREAM( 6376): [GL2Encoder.cpp(2814)] GL error 0x501 condition [!GLESv2Validation::pixelFormat(ctx, internalformat) && !GLESv2Validation::pixelInternalFormat(internalformat)].
04-26 15:50:48.790 I/MuMain  ( 6376): LoadBitmap begin idx=31227 file=Data\Interface\win_push.jpg
04-26 15:50:48.790 W/GFXSTREAM( 6376): [GLESv2Validation.cpp(1217)] Error internal format: 0x3 is invalid.
04-26 15:50:48.790 E/GFXSTREAM( 6376): [GL2Encoder.cpp(2814)] GL error 0x501 condition [!GLESv2Validation::pixelFormat(ctx, internalformat) && !GLESv2Validation::pixelInternalFormat(internalformat)].
04-26 15:50:48.790 I/MuMain  ( 6376): LoadBitmap begin idx=31229 file=Data\Interface\win_question.tga
04-26 15:50:48.791 W/GFXSTREAM( 6376): [GLESv2Validation.cpp(1217)] Error internal format: 0x4 is invalid.
04-26 15:50:48.791 E/GFXSTREAM( 6376): [GL2Encoder.cpp(2814)] GL error 0x501 condition [!GLESv2Validation::pixelFormat(ctx, internalformat) && !GLESv2Validation::pixelInternalFormat(internalformat)].
04-26 15:50:48.791 I/MuMain  ( 6376): LoadBitmap begin idx=31231 file=Data\Local\Webzenlogo.jpg
04-26 15:50:48.791 W/GFXSTREAM( 6376): [GLESv2Validation.cpp(1217)] Error internal format: 0x3 is invalid.
04-26 15:50:48.791 E/GFXSTREAM( 6376): [GL2Encoder.cpp(2814)] GL error 0x501 condition [!GLESv2Validation::pixelFormat(ctx, internalformat) && !GLESv2Validation::pixelInternalFormat(internalformat)].
04-26 15:50:48.791 I/MuMain  ( 6376): LoadBitmap begin idx=31238 file=Data\Interface\CursorID.tga
04-26 15:50:48.792 W/GFXSTREAM( 6376): [GLESv2Validation.cpp(1217)] Error internal format: 0x4 is invalid.
04-26 15:50:48.792 E/GFXSTREAM( 6376): [GL2Encoder.cpp(2814)] GL error 0x501 condition [!GLESv2Validation::pixelFormat(ctx, internalformat) && !GLESv2Validation::pixelInternalFormat(internalformat)].
04-26 15:50:48.792 I/MuMain  ( 6376): LoadBitmap begin idx=31046 file=Data\Interface\bar.jpg
04-26 15:50:48.792 W/GFXSTREAM( 6376): [GLESv2Validation.cpp(1217)] Error internal format: 0x3 is invalid.
04-26 15:50:48.792 E/GFXSTREAM( 6376): [GL2Encoder.cpp(2814)] GL error 0x501 condition [!GLESv2Validation::pixelFormat(ctx, internalformat) && !GLESv2Validation::pixelInternalFormat(internalformat)].
04-26 15:50:48.792 I/MuMain  ( 6376): LoadBitmap begin idx=31047 file=Data\Interface\back1.jpg
04-26 15:50:48.792 W/GFXSTREAM( 6376): [GLESv2Validation.cpp(1217)] Error internal format: 0x3 is invalid.
