04-26 19:08:17.305  4105  4105 I KeyboardThemeProvider: KeyboardThemeProvider.applyKeyboardTheme():27 Apply keyboard theme: theme,!gsf,!pgsans,!pgsf,!use_system_font,BORDER,FLAVOR_DPI=XXHDPI,IS_LIGHT,KEYBOARD_MODE=1,KEYBOARD_WIDTH_CATEGORY=NORMAL,KEY_BORDER_SHAPE=1,LANDSCAPE,LIGHT_THEME=true,ORIENTATION=2,PHYSICAL_DIAGONAL=5.9073825,POPUP,SCREEN_SHORTEST_WIDTH=411,SCREEN_SHORTEST_WIDTH_NO_SCALE=411,SW400DP,XXHDPI,enable_popup_on_keypress=true,keyboard_redesign_google_sans=true,non_linear_scale,noshadow,overlay_builtin_dynamic_color_light_base.binarypb:gm3-light-fffaf8fe-ff4c5e8b-4fb1adea13304a190d4abf12326cf60c,silkpopup
04-26 19:08:17.308  4105 14998 I KeyboardGroupDefParser: KeyboardGroupDefParser.parseKeyboardGroupDef():86 parseKeyboardGroupDef() 2132213997 -> 0_resource_name_obfuscated : WaitTime = 17 ms : RunTime = 0 ms
04-26 19:08:17.309  4105  4105 I KeyboardInterfacePrivate: IKeyboard.createKeyboard():67 Keyboard created from HiltKeyboardFactory: com.google.android.apps.inputmethod.latin.keyboard.LatinPrimeKeyboard
04-26 19:08:17.314 14925 15005 I Icing   : IndexChimeraService.getServiceInterface callingPackage=com.google.android.gms componentName=AppsCorpus serviceId=32
04-26 19:08:17.314  4105  4105 I AndroidIME: InputBundleManager.loadActiveInputBundleId():531 loadActiveInputBundleId: und-Latn-x-password, password
04-26 19:08:17.315 14925 14990 D nativeloader: Load /data/app/~~PqdBwR9WSFUNw4iaJMgoGg==/com.google.android.gms-95Dc1VeYXyONiCBDqz_lkA==/base.apk!/lib/x86_64/libAppDataSearch.so using class loader ns clns-10 (caller=/data/app/~~PqdBwR9WSFUNw4iaJMgoGg==/com.google.android.gms-95Dc1VeYXyONiCBDqz_lkA==/base.apk): ok
04-26 19:08:17.319 14925 14977 I Icing   : IndexChimeraService.getServiceInterface callingPackage=com.google.android.gms componentName=AppsCorpus serviceId=36
04-26 19:08:17.321  4105  4147 W ModuleManager: ModuleManager.loadModule():634 Module pig is not available
04-26 19:08:17.322   736   759 V WindowManager: Finish Transition (#107): created at 04-26 19:08:17.146 collect-started=0.146ms request-sent=0.168ms started=5.104ms ready=48.281ms sent=53.856ms commit=102.776ms finished=175.091ms
04-26 19:08:17.322 14925 14990 W native  : W0000 00:00:1777205297.322451   14990 model-utils.cc:17] No CRC32, most likely an old model; skip CRC32 check
04-26 19:08:17.325 14925 14990 I native  : I0000 00:00:1777205297.325694   14990 permission-checker.cc:82] Creating PermissionChecker based on ACL with config_version 1 having 9 permissions defined.
04-26 19:08:17.324  4105  4147 W LatinCommonMetricsProcessor: LatinCommonMetricsProcessor.processInputMethodEntryChanged():2554 The new entry is equal to the old entry
04-26 19:08:17.327 14925 14990 W native  : W0000 00:00:1777205297.327168   14990 words-map.cc:34] INVALID_ARGUMENT: Empty URI
04-26 19:08:17.327 14925 14990 W native  : W0000 00:00:1777205297.327263   14990 words-map.cc:38] WordsMap was not properly initialized
04-26 19:08:17.329  1036  1091 V WindowManagerShell: Track 0 became idle
04-26 19:08:17.330   736   881 I ImeTracker: com.muonline.client:8fae4ca3: onRequestHide at ORIGIN_SERVER reason HIDE_UNSPECIFIED_WINDOW fromUser false userId 0 displayId 0
04-26 19:08:17.331  1036  1091 V WindowManagerShell: All active transition animations finished
04-26 19:08:17.331  1036  1091 V WindowManagerShell:  animated by com.android.wm.shell.transition.DefaultTransitionHandler@11f9e32
04-26 19:08:17.331  1036  1091 V WindowManagerShell: Track 0 became idle
04-26 19:08:17.331  1036  1091 V WindowManagerShell: All active transition animations finished
04-26 19:08:17.337  1036  1091 D ShellWindowDecoration: MultiDisplayTaskMover: onTopologyChanged: displayIds=[0]
04-26 19:08:17.350  1219  1219 W AmbientCueRepository: spoonBarOptedIn not found, default to enabled
04-26 19:08:17.350  1219  1219 W AmbientCueRepository: android.provider.Settings$SettingNotFoundException: spoonBarOptedIn
04-26 19:08:17.350  1219  1219 W AmbientCueRepository: 	at android.provider.Settings.parseIntSetting(Settings.java:4348)
04-26 19:08:17.350  1219  1219 W AmbientCueRepository: 	at android.provider.Settings.-$$Nest$smparseIntSetting(Settings.java:0)
04-26 19:08:17.350  1219  1219 W AmbientCueRepository: 	at android.provider.Settings$Secure.getIntForUser(Settings.java:7792)
04-26 19:08:17.350  1219  1219 W AmbientCueRepository: 	at android.provider.Settings$Secure.getInt(Settings.java:7784)
04-26 19:08:17.350  1219  1219 W AmbientCueRepository: 	at com.android.quickstep.cuebar.data.repository.AmbientCueRepositoryImpl.isAmbientCueSettingEnabled(go/retraceme 7226a759aa2bb3787a79806f85d80eaad84f1f1e15acd6db988f2df789d1680d:9)
04-26 19:08:17.350  1219  1219 W AmbientCueRepository: 	at com.android.quickstep.cuebar.data.repository.AmbientCueRepositoryImpl.<init>(go/retraceme 7226a759aa2bb3787a79806f85d80eaad84f1f1e15acd6db988f2df789d1680d:144)
04-26 19:08:17.350  1219  1219 W AmbientCueRepository: 	at com.android.launcher3.taskbar.CueBarController.<init>(go/retraceme 7226a759aa2bb3787a79806f85d80eaad84f1f1e15acd6db988f2df789d1680d:31)
04-26 19:08:17.350  1219  1219 W AmbientCueRepository: 	at com.android.launcher3.taskbar.TaskbarActivityContext.<init>(go/retraceme 7226a759aa2bb3787a79806f85d80eaad84f1f1e15acd6db988f2df789d1680d:3648)
04-26 19:08:17.350  1219  1219 W AmbientCueRepository: 	at com.android.launcher3.taskbar.TaskbarManagerImpl.createTaskbarActivityContext(go/retraceme 7226a759aa2bb3787a79806f85d80eaad84f1f1e15acd6db988f2df789d1680d:59)
04-26 19:08:17.350  1219  1219 W AmbientCueRepository: 	at com.android.launcher3.taskbar.TaskbarManagerImpl.recreateTaskbarForDisplay(go/retraceme 7226a759aa2bb3787a79806f85d80eaad84f1f1e15acd6db988f2df789d1680d:248)
04-26 19:08:17.350  1219  1219 W AmbientCueRepository: 	at com.android.launcher3.taskbar.TaskbarManagerImpl$$ExternalSyntheticLambda29.accept(go/retraceme 7226a759aa2bb3787a79806f85d80eaad84f1f1e15acd6db988f2df789d1680d:76)
04-26 19:08:17.350  1219  1219 W AmbientCueRepository: 	at com.android.launcher3.taskbar.PerDisplayTaskbarResource$setDisplayChangeListener$1.accept(go/retraceme 7226a759aa2bb3787a79806f85d80eaad84f1f1e15acd6db988f2df789d1680d:74)
04-26 19:08:17.350  1219  1219 W AmbientCueRepository: 	at com.android.launcher3.util.ListenableDiffAwareRef$$ExternalSyntheticLambda0.invoke(go/retraceme 7226a759aa2bb3787a79806f85d80eaad84f1f1e15acd6db988f2df789d1680d:8)
04-26 19:08:17.350  1219  1219 W AmbientCueRepository: 	at com.android.launcher3.util.MutableListenableStream$dispatchValue$1$1.run(go/retraceme 7226a759aa2bb3787a79806f85d80eaad84f1f1e15acd6db988f2df789d1680d:20)
04-26 19:08:17.350  1219  1219 W AmbientCueRepository: 	at com.android.launcher3.util.LooperExecutor.execute(go/retraceme 7226a759aa2bb3787a79806f85d80eaad84f1f1e15acd6db988f2df789d1680d:16)
04-26 19:08:17.350  1219  1219 W AmbientCueRepository: 	at com.android.launcher3.util.MutableListenableStream.dispatchValue(go/retraceme 7226a759aa2bb3787a79806f85d80eaad84f1f1e15acd6db988f2df789d1680d:52)
04-26 19:08:17.350  1219  1219 W AmbientCueRepository: 	at com.android.launcher3.display.DisplayInfoContainer.notifyConfigChange(go/retraceme 7226a759aa2bb3787a79806f85d80eaad84f1f1e15acd6db988f2df789d1680d:168)
04-26 19:08:17.350  1219  1219 W AmbientCueRepository: 	at com.android.launcher3.display.DisplayInfoContainer.onConfigurationChanged(go/retraceme 7226a759aa2bb3787a79806f85d80eaad84f1f1e15acd6db988f2df789d1680d:90)
04-26 19:08:17.350  1219  1219 W AmbientCueRepository: 	at android.content.ComponentCallbacksController.lambda$dispatchConfigurationChanged$0(ComponentCallbacksController.java:92)
04-26 19:08:17.350  1219  1219 W AmbientCueRepository: 	at android.content.ComponentCallbacksController$$ExternalSyntheticLambda2.accept(D8$$SyntheticClass:0)
04-26 19:08:17.350  1219  1219 W AmbientCueRepository: 	at android.content.ComponentCallbacksController.forAllComponentCallbacks(ComponentCallbacksController.java:125)
04-26 19:08:17.350  1219  1219 W AmbientCueRepository: 	at android.content.ComponentCallbacksController.dispatchConfigurationChanged(ComponentCallbacksController.java:92)
04-26 19:08:17.350  1219  1219 W AmbientCueRepository: 	at android.window.WindowContext.dispatchConfigurationChanged(WindowContext.java:281)
04-26 19:08:17.350  1219  1219 W AmbientCueRepository: 	at android.window.WindowTokenClient.onConfigurationChangedInner(WindowTokenClient.java:212)
04-26 19:08:17.350  1219  1219 W AmbientCueRepository: 	at android.window.WindowTokenClient.onConfigurationChanged(WindowTokenClient.java:158)
04-26 19:08:17.350  1219  1219 W AmbientCueRepository: 	at android.window.WindowTokenClient.onConfigurationChanged(WindowTokenClient.java:114)
04-26 19:08:17.350  1219  1219 W AmbientCueRepository: 	at android.window.WindowTokenClientController.onWindowContextInfoChanged(WindowTokenClientController.java:249)
04-26 19:08:17.350  1219  1219 W AmbientCueRepository: 	at android.app.ActivityThread.handleWindowContextInfoChanged(ActivityThread.java:7289)
04-26 19:08:17.350  1219  1219 W AmbientCueRepository: 	at android.app.servertransaction.WindowContextInfoChangeItem.execute(WindowContextInfoChangeItem.java:53)
04-26 19:08:17.350  1219  1219 W AmbientCueRepository: 	at android.app.servertransaction.TransactionExecutor.executeNonLifecycleItem(TransactionExecutor.java:133)
04-26 19:08:17.350  1219  1219 W AmbientCueRepository: 	at android.app.servertransaction.TransactionExecutor.executeTransactionItems(TransactionExecutor.java:103)
04-26 19:08:17.350  1219  1219 W AmbientCueRepository: 	at android.app.servertransaction.TransactionExecutor.execute(TransactionExecutor.java:80)
04-26 19:08:17.350  1219  1219 W AmbientCueRepository: 	at android.app.ActivityThread$H.handleMessage(ActivityThread.java:3024)
04-26 19:08:17.350  1219  1219 W AmbientCueRepository: 	at android.os.Handler.dispatchMessageImpl(Handler.java:142)
04-26 19:08:17.350  1219  1219 W AmbientCueRepository: 	at android.os.Handler.dispatchMessage(Handler.java:125)
04-26 19:08:17.350  1219  1219 W AmbientCueRepository: 	at android.os.Looper.loopOnce(Looper.java:292)
04-26 19:08:17.350  1219  1219 W AmbientCueRepository: 	at android.os.Looper.loop(Looper.java:393)
04-26 19:08:17.350  1219  1219 W AmbientCueRepository: 	at android.app.ActivityThread.main(ActivityThread.java:9486)
04-26 19:08:17.350  1219  1219 W AmbientCueRepository: 	at java.lang.reflect.Method.invoke(Native Method)
04-26 19:08:17.350  1219  1219 W AmbientCueRepository: 	at com.android.internal.os.RuntimeInit$MethodAndArgsCaller.run(RuntimeInit.java:575)
04-26 19:08:17.350  1219  1219 W AmbientCueRepository: 	at com.android.internal.os.ZygoteInit.main(ZygoteInit.java:939)
04-26 19:08:17.350  1219  1219 D LauncherAmbientCueVM: onUnfilteredActionsChange: []
04-26 19:08:17.353  4105  4105 I GoogleInputMethodService: GoogleInputMethodService.onStartInput():1384 onStartInput(EditorInfo{EditorInfo{packageName=com.google.android.apps.nexuslauncher, inputType=0, inputTypeString=NULL, enableLearning=false, autoCorrection=false, autoComplete=false, imeOptions=0, privateImeOptions=null, actionName=UNSPECIFIED, actionLabel=null, initialSelStart=-1, initialSelEnd=-1, initialCapsMode=0, label=null, fieldId=0, fieldName=null, extras=null, hintText=null, hintLocales=[]}}, true)
04-26 19:08:17.353  4105  4105 W SessionManager: SessionManager.beginSession():53 Try to begin an already begun session [INPUT_SESSION], end it first
04-26 19:08:17.353  4105  4105 W AndroidIME: LatinIMEBase.updateInputViewCoverNavigation():319 Null input view, cannot update padding!
04-26 19:08:17.358  4105  4118 I putmethod.latin: Waiting for a blocking GC ProfileSaver
04-26 19:08:17.359  4105  4105 I Module  : DeviceLockedStatusModuleProvider$Module.updateDeviceLockedStatus():103 repeatCheckTimes = 1, locked = false
04-26 19:08:17.361  1219  1219 D AmbientCueRepository: connectToAce: connecting TO ACE and registering
04-26 19:08:17.362 14936 14936 D InsetsController: hide(ime())
04-26 19:08:17.362 14936 14936 I ImeTracker: com.muonline.client:8fae4ca3: onCancelled at PHASE_CLIENT_ALREADY_HIDDEN
04-26 19:08:17.366  4105  4105 W PrimesLoggerHolder: FrameMetricServiceImpl.start():188 measurement already started: MeasurementKey{rawStringEventName=null, noPiiEventName=OnConfigurationChanged, isActivity=false}
04-26 19:08:17.367   736  1715 W PackageConfigPersister: App-specific configuration not found for packageName: com.google.android.apps.nexuslauncher and userId: 0
04-26 19:08:17.372  1219  1219 D AllAppsStore: setApps: apps.length=21
04-26 19:08:17.373  1219  1219 D AllAppsStore: notifyUpdate: notifying listeners
04-26 19:08:17.377  1219  1219 D AlphabeticIndexCompat: computeSectionName: cs: Settings sectionName: S
04-26 19:08:17.378  1219  1219 D AlphabeticIndexCompat: computeSectionName: cs: Photos sectionName: P
04-26 19:08:17.378  1219  1219 D AlphabeticIndexCompat: computeSectionName: cs: Battery sectionName: B
04-26 19:08:17.379  1219  1219 D AlphabeticIndexCompat: computeSectionName: cs: Chrome sectionName: C
04-26 19:08:17.380  1219  1219 D AlphabeticIndexCompat: computeSectionName: cs: Gmail sectionName: G
04-26 19:08:17.380  1219  1219 D AlphabeticIndexCompat: computeSectionName: cs: Drive sectionName: D
04-26 19:08:17.381  1219  1219 D AlphabeticIndexCompat: computeSectionName: cs: Clock sectionName: C
04-26 19:08:17.381 14925 14990 E native  : E0000 00:00:1777205297.381400   14990 array-storage.cc:101] Array storage bad crc 90219389 vs 2220985048
04-26 19:08:17.381 14925 14990 E native  : E0000 00:00:1777205297.381599   14990 array-storage-crc.cc:176] File /data/data/com.google.android.gms/files/AppDataSearch/main/cur/ds.docids failed to init (elt_size 4 num_elts 1646 array_crc 2220985048)
04-26 19:08:17.381  1219  1219 D AlphabeticIndexCompat: computeSectionName: cs: Contacts sectionName: C
04-26 19:08:17.382  1219  1219 D AlphabeticIndexCompat: computeSectionName: cs: Calendar sectionName: C
04-26 19:08:17.382  1219  1219 D AlphabeticIndexCompat: computeSectionName: cs: Maps sectionName: M
04-26 19:08:17.383  1219  1219 D AlphabeticIndexCompat: computeSectionName: cs: YouTube Music sectionName: Y
04-26 19:08:17.383 14925 14990 E native  : E0000 00:00:1777205297.383330   14990 array-storage.cc:101] Array storage bad crc 1044722701 vs 3896498386
04-26 19:08:17.383  1219  1219 D AlphabeticIndexCompat: computeSectionName: cs: YouTube sectionName: Y
04-26 19:08:17.383 14925 14990 E native  : E0000 00:00:1777205297.383406   14990 array-storage-crc.cc:176] File /data/data/com.google.android.gms/files/AppDataSearch/main/cur/ds.perdocdata failed to init (elt_size 26 num_elts 1646 array_crc 3896498386)
04-26 19:08:17.383  1219  1219 D AlphabeticIndexCompat: computeSectionName: cs: Google sectionName: G
04-26 19:08:17.383  1219  1219 D AlphabeticIndexCompat: computeSectionName: cs: Android System Intelligence sectionName: A
04-26 19:08:17.384  1219  1219 D AlphabeticIndexCompat: computeSectionName: cs: Digital Wellbeing sectionName: D
04-26 19:08:17.384  1219  1219 D AlphabeticIndexCompat: computeSectionName: cs: Conversations sectionName: C
04-26 19:08:17.385  1219  1219 D TaskbarManager: createTaskbarUIControllerForRecentsViewContainer displayId=0 mPrimaryDisplayId=0
04-26 19:08:17.386  1219  1219 D PerDisplayTaskbarResource: recreateTaskbarForDisplay: adding rootView displayId=0
04-26 19:08:17.386  1219  1219 D PerDisplayTaskbarResource: recreateTaskbarForDisplay: adding root layout displayId=0
04-26 19:08:17.390  1219  1219 D BubbleBarView: BubbleBar RTL properties changed, new layoutDirection=0 previous layoutDirection=-1
04-26 19:08:17.390 14925 14925 D BoundBrokerSvc: onBind: Intent { act=com.google.android.gms.feedback.internal.IFeedbackService dat=chimera-action:/... xflg=0x4 cmp=com.google.android.gms/.chimera.GmsBoundBrokerService }
04-26 19:08:17.390 14925 14925 D BoundBrokerSvc: Loading bound service for intent: Intent { act=com.google.android.gms.feedback.internal.IFeedbackService dat=chimera-action:/... xflg=0x4 cmp=com.google.android.gms/.chimera.GmsBoundBrokerService }
04-26 19:08:17.395  4105  4105 I GoogleInputMethodService: GoogleInputMethodService.onFinishInput():2113 
04-26 19:08:17.397   736   753 D InputMethodManagerService: Attach new input but force hide
04-26 19:08:17.398   736   753 I ImeTracker: com.muonline.client:13280a02: onRequestHide at ORIGIN_SERVER reason HIDE_SOFT_INPUT fromUser false userId 0 displayId 0
04-26 19:08:17.398   736   753 I ImeTracker: com.muonline.client:13280a02: onCancelled at PHASE_SERVER_SHOULD_HIDE
04-26 19:08:17.399 14925 14976 I Icing   : IndexChimeraService.getServiceInterface callingPackage=com.google.android.gms componentName=null serviceId=30
04-26 19:08:17.399   736   753 W InputChannel-JNI: Channel already disposed.
04-26 19:08:17.400  4105  4105 I Module  : DeviceLockedStatusModuleProvider$Module.updateDeviceLockedStatus():103 repeatCheckTimes = 0, locked = false
04-26 19:08:17.404  4105  4105 I GoogleInputMethodService: GoogleInputMethodService.onStartInput():1384 onStartInput(EditorInfo{EditorInfo{packageName=com.muonline.client, inputType=0, inputTypeString=NULL, enableLearning=false, autoCorrection=false, autoComplete=false, imeOptions=0, privateImeOptions=null, actionName=UNSPECIFIED, actionLabel=null, initialSelStart=-1, initialSelEnd=-1, initialCapsMode=0, label=null, fieldId=0, fieldName=null, extras=null, hintText=null, hintLocales=[]}}, false)
04-26 19:08:17.405  4105  4105 W AndroidIME: LatinIMEBase.updateInputViewCoverNavigation():319 Null input view, cannot update padding!
04-26 19:08:17.409   736  1715 I ImeTracker: system_server:fb520609: onRequestHide at ORIGIN_SERVER reason IME_REQUESTED_CHANGED_LISTENER fromUser false displayId 0
04-26 19:08:17.412   736   762 I ImeTracker: system_server:fb520609: onCancelled at PHASE_SERVER_SHOULD_HIDE
04-26 19:08:17.415  4105  4105 I Module  : DeviceLockedStatusModuleProvider$Module.updateDeviceLockedStatus():103 repeatCheckTimes = 1, locked = false
04-26 19:08:17.423 14925 14982 I DynamiteModule: Considering local module com.google.android.gms.googlecertificates:7 and remote module com.google.android.gms.googlecertificates:0
04-26 19:08:17.423 14925 14982 I DynamiteModule: Selected local version of com.google.android.gms.googlecertificates
04-26 19:08:17.423   736   753 W PackageConfigPersister: App-specific configuration not found for packageName: com.muonline.client and userId: 0
04-26 19:08:17.437  1219  1228 W s.nexuslauncher: Reducing the number of considered missed Gc histogram windows from 784 to 100
04-26 19:08:17.441  1036  1036 D SsCardRecyclerViewAdapter: Updating Smartspace targets to targets for Lockscreen
04-26 19:08:17.445 14925 14982 D DesktopExperienceFlags: Toggle override initialized to: false
04-26 19:08:17.446  1036  1036 D SsCardRecyclerViewAdapter: Updating Smartspace targets to targets for Lockscreen
04-26 19:08:17.447  1219  1219 D BaseActivity: Launcher flags updated: [] -[state_started]
04-26 19:08:17.447  1219  1219 D BaseDepthController: setSurface:
04-26 19:08:17.447  1219  1219 D BaseDepthController: 	mWaitingOnSurfaceValidity: false
04-26 19:08:17.447  1219  1219 D BaseDepthController: 	mBaseSurface: null
04-26 19:08:17.447  1219  1219 D BaseDepthController: mSurface is null and mCurrentBlur is: 0
04-26 19:08:17.448  1219  1219 D LauncherStateManager: StateManager.goToState: fromState: Normal, toState: Normal, partial trace:
04-26 19:08:17.448  1219  1219 D LauncherStateManager: 	at com.android.launcher3.statemanager.StateManager.moveToRestState(go/retraceme 7226a759aa2bb3787a79806f85d80eaad84f1f1e15acd6db988f2df789d1680d:26)
04-26 19:08:17.448  1219  1219 D LauncherStateManager: 	at com.android.launcher3.statemanager.StateManager.moveToRestState(go/retraceme 7226a759aa2bb3787a79806f85d80eaad84f1f1e15acd6db988f2df789d1680d:35)
04-26 19:08:17.448  1219  1219 D LauncherStateManager: 	at com.android.launcher3.statemanager.StatefulActivity.onStop(go/retraceme 7226a759aa2bb3787a79806f85d80eaad84f1f1e15acd6db988f2df789d1680d:31)
04-26 19:08:17.448  1219  1219 D LauncherStateManager: StateManager.onRepeatStateSetAborted: state: Normal
04-26 19:08:17.448  1219  1219 D KeyboardStateManager: hideKeyboard
04-26 19:08:17.448  1219  1219 D KeyboardStateManager: isImeShown: false
04-26 19:08:17.448  1219  1219 D StatsLog: LAUNCHER_ONSTOP
04-26 19:08:17.450  1036  1036 W BcSmartspaceView: Current card is not present in the Adapter; cannot log.
04-26 19:08:17.450  1036  1036 E DateSmartspaceView: No tap action can be set up
04-26 19:08:17.451  1036  1036 W AlarmManager: Unrecognized alarm listener com.google.android.systemui.smartspace.KeyguardZenAlarmViewController$showNextAlarm$1@c306cb1
04-26 19:08:17.451  1036  1036 W AlarmManager: Unrecognized alarm listener com.google.android.systemui.smartspace.KeyguardZenAlarmViewController$showNextAlarm$1@c306cb1
04-26 19:08:17.451  1036  1036 W BcSmartspaceView: Current card is not present in the Adapter; cannot log.
04-26 19:08:17.453  1036  1036 W BcSmartspaceView: Current card is not present in the Adapter; cannot log.
04-26 19:08:17.453  1036  1036 E DateSmartspaceView: No tap action can be set up
04-26 19:08:17.453  1219  1219 D StatsLog: LAUNCHER_GOOGLE_SEARCH_RESTORE_LIST_SIZE_AFTER_ACTIVITY_RESTART
04-26 19:08:17.454  1036  1036 W AlarmManager: Unrecognized alarm listener com.google.android.systemui.smartspace.KeyguardZenAlarmViewController$showNextAlarm$1@c306cb1
04-26 19:08:17.454  1036  1036 W BcSmartspaceView: Current card is not present in the Adapter; cannot log.
04-26 19:08:17.454  1036  1036 W BcSmartspaceView: Current card is not present in the Adapter; cannot log.
04-26 19:08:17.460  3743  3773 I AiAiEcho: Predicting[0]:  [CONTEXT sampling_count=5 ]
04-26 19:08:17.461  1219  1230 W System  : A resource failed to call release. 
04-26 19:08:17.461  1219  1230 W System  : A resource failed to call release. 
04-26 19:08:17.461  1219  1230 W System  : A resource failed to call release. 
04-26 19:08:17.461  1219  1230 W System  : A resource failed to call release. 
04-26 19:08:17.464  3743  3773 I AiAiEcho: EchoTargets: 
04-26 19:08:17.464  3743  3773 I AiAiEcho: Filtered by AiAi flag check: 
04-26 19:08:17.464  3743  3773 I AiAiEcho: [CONTEXT ratelimit_period="10 SECONDS" ]
04-26 19:08:17.465  3743  3773 I AiAiEcho: #remoteViewsTwiddler: feature disabled.
04-26 19:08:17.466  3743  3773 I AiAiEcho: Predicting[0]:  [CONTEXT sampling_count=5 ]
04-26 19:08:17.468  3743  3773 I AiAiEcho: EchoTargets: 
04-26 19:08:17.468  3743  3773 I AiAiEcho: Filtered by AiAi flag check: 
04-26 19:08:17.468  3743  3773 I AiAiEcho: [CONTEXT ratelimit_period="10 SECONDS" ]
04-26 19:08:17.470   736  1145 V GrammaticalInflectionUtils: AttributionSource: android.content.AttributionSource@d322a4fb does not have READ_SYSTEM_GRAMMATICAL_GENDER permission.
04-26 19:08:17.470  3743  3773 I AiAiEcho: #remoteViewsTwiddler: feature disabled.
04-26 19:08:17.473 14925 14990 W native  : W0000 00:00:1777205297.473320   14990 document-store.cc:174] Docstore bad crc 0xff7b73c1 vs 0x24cb93ac
04-26 19:08:17.481   736  1145 V ActivityTaskManager: TaskLaunchParamsModifier: phase=3 task=Task{cde266c #106 type=standard A=10230:com.muonline.client} activity=ActivityRecord{265447913 u0 com.muonline.client/.MuMainActivity t-1} display-area-from-source=DefaultTaskDisplayArea@125646128 display-id=0 task-display-area-windowing-mode=1 suggested-display-area=DefaultTaskDisplayArea@125646128 inherit-from-source=fullscreen non-freeform-task-display-area display-area=DefaultTaskDisplayArea@125646128 skip-bounds-fullscreen
04-26 19:08:17.481   736  1145 I ActivityTaskManager: START u0 {flg=0x14000000 xflg=0x4 cmp=com.muonline.client/.MuMainActivity} with LAUNCH_SINGLE_TASK from uid 10230 (com.muonline.client) (sr=234469753) (BAL_ALLOW_VISIBLE_WINDOW) result code=0
04-26 19:08:17.482  1036  1091 V WindowManagerShell: Transition requested (#108): android.os.BinderProxy@80a3d02 TransitionRequestInfo { type = OPEN, triggerTask = TaskInfo{userId=0 taskId=106 effectiveUid=10230 displayId=0 isRunning=true baseIntent=Intent { flg=0x10000000 cmp=com.muonline.client/.PreloadActivity } baseActivity=ComponentInfo{com.muonline.client/com.muonline.client.PreloadActivity} topActivity=ComponentInfo{com.muonline.client/com.muonline.client.MuMainActivity} origActivity=null realActivity=ComponentInfo{com.muonline.client/com.muonline.client.PreloadActivity} realActivityIsAppLockEnabled=false numActivities=2 lastActiveTime=13072076 supportsMultiWindow=true supportsMultiWindowWithoutConstraints=true resizeMode=1 isResizeable=true minWidth=-1 minHeight=-1 defaultMinSize=220 token=WCT{android.os.BinderProxy@bd4f33d} topActivityType=1 pictureInPictureParams=null shouldDockBigOverlays=false launchIntoPipHostTaskId=-1 lastParentTaskIdBeforePip=-1 displayCutoutSafeInsets=Rect(132, 0 - 0, 0) topActivityInfo=ActivityInfo{c7ec613 com.muonline.client.MuMainActivity} launchCookies=[] positionInParent=Point(0, 0) parentTaskId=-1 isFocused=true isInteractive=false isVisible=true isVisibleRequested=true isTopActivityNoDisplay=false isSleeping=false locusId=null displayAreaFeatureId=1 isTopActivityTransparent=false isActivityStackTransparent=false lastNonFullscreenBounds=null leafTaskBoundsFromOptions= false capturedLink=null capturedLinkTimestamp=0 requestedVisibleTypes=503 topActivityRequestOpenInBrowserEducationTimestamp=0 appCompatTaskInfo=AppCompatTaskInfo { topActivityInSizeCompat=false isLeafTask= true eligibleForLetterboxEducation= false isLetterboxEducationEnabled= true isLetterboxDoubleTapEnabled= false eligibleForUserAspectRatioButton= false topActivityBoundsLetterboxed= false isFromLetterboxDoubleTap= false topActivityLetterboxVerticalPosition= -1 topActivityLetterboxHorizontalPosition= -1 topActivityLetterboxWidth=-1 topActivityLetterboxHeight=-1 topActivityAppBounds=Rect(132, 0 - 2400, 1017) isUserFullscreenOverrideEnabled=false isSystemFullscreenOverrideEnabled=false hasMinAspectRatioOverride=false topActivityLetterboxBounds=null topNonResizableActivityAspectRatio=-1.0} topActivityMainWindowFrame=null isAppBubble=false}, pipChange = null, remoteTransitionInfo = null, displayChange = null, requestedLocation = null, userChange = null, windowingLayerChange = null, fullscreenRequestChange = null, flags = 0, debugId = 108 }
04-26 19:08:17.482  1036  1091 W DisconnectHandler: No disconnect change found in the transition, not handling request.
04-26 19:08:17.482   736  1953 I WindowManager: finishDrawing of orientation change: Window{904d21f u0 ScreenDecorOverlay} 285ms
04-26 19:08:17.483  1036  1091 V ShellDesktopMode: DesktopTasksController: skipping handleRequest reason=triggerTask's display doesn't support desktop mode
04-26 19:08:17.484  1036  1091 D ShellSplitScreen: logExit: no-op, mLoggerSessionId is null
04-26 19:08:17.485  3743  3773 I AiAiEcho: #postPredictionTargets: Sending updates to UISurface lockscreen with targets# 0 (types=[])
04-26 19:08:17.485  3743  3773 I AiAiEcho: #postPredictionTargets: Sending updates to UISurface home with targets# 0 (types=[])
04-26 19:08:17.493  1036  1036 W AodBurnInViewModel: minViewY is below topInset: BurnInParameters(topInset=com.android.systemui.keyguard.ui.binder.KeyguardRootViewBinder$OnLayoutChange$$ExternalSyntheticLambda0@a2468f2, minViewY=com.android.systemui.keyguard.ui.binder.KeyguardRootViewBinder$OnLayoutChange$$ExternalSyntheticLambda0@8065050, translationY=com.android.systemui.keyguard.ui.binder.KeyguardRootViewBinder$$ExternalSyntheticLambda1@110b5c0, translationX=com.android.systemui.keyguard.ui.binder.KeyguardRootViewBinder$$ExternalSyntheticLambda1@dfe12f9) minViewY=74 topInset=132
04-26 19:08:17.509 14936 14936 I MuMain  : MuMainActivity onCreate
04-26 19:08:17.516 14936 14936 I MuMain  : extractGameAssets -> /storage/emulated/0/Android/data/com.muonline.client/files
04-26 19:08:17.526 14936 14936 V SDL     : Device: emu64xa16k
04-26 19:08:17.526 14936 14936 V SDL     : Model: sdk_gphone16k_x86_64
04-26 19:08:17.526 14936 14936 V SDL     : onCreate()
04-26 19:08:17.527 14936 14936 D nativeloader: Load /data/app/~~Y_mergCc1o0t9YVxesoXhQ==/com.muonline.client-5MNoaCgSrTJdzn98yNnnlA==/lib/x86_64/libmpg123.so using class loader ns clns-9 (caller=/data/app/~~Y_mergCc1o0t9YVxesoXhQ==/com.muonline.client-5MNoaCgSrTJdzn98yNnnlA==/base.apk): ok
04-26 19:08:17.527   736  1953 I WindowManager: finishDrawing of orientation change: Window{ff56b7a u0 ScreenDecorOverlayBottom} 331ms
04-26 19:08:17.527 14936 14936 D nativeloader: Load /data/app/~~Y_mergCc1o0t9YVxesoXhQ==/com.muonline.client-5MNoaCgSrTJdzn98yNnnlA==/lib/x86_64/libSDL2.so using class loader ns clns-9 (caller=/data/app/~~Y_mergCc1o0t9YVxesoXhQ==/com.muonline.client-5MNoaCgSrTJdzn98yNnnlA==/base.apk): ok
04-26 19:08:17.530  4105  4118 I putmethod.latin: WaitForGcToComplete blocked ProfileSaver on Background for 171.826ms
04-26 19:08:17.531 14936 14936 D nativeloader: Load /data/app/~~Y_mergCc1o0t9YVxesoXhQ==/com.muonline.client-5MNoaCgSrTJdzn98yNnnlA==/lib/x86_64/libSDL2_image.so using class loader ns clns-9 (caller=/data/app/~~Y_mergCc1o0t9YVxesoXhQ==/com.muonline.client-5MNoaCgSrTJdzn98yNnnlA==/base.apk): ok
04-26 19:08:17.532 14936 14936 D nativeloader: Load /data/app/~~Y_mergCc1o0t9YVxesoXhQ==/com.muonline.client-5MNoaCgSrTJdzn98yNnnlA==/lib/x86_64/libSDL2_mixer.so using class loader ns clns-9 (caller=/data/app/~~Y_mergCc1o0t9YVxesoXhQ==/com.muonline.client-5MNoaCgSrTJdzn98yNnnlA==/base.apk): ok
04-26 19:08:17.532 14936 14936 D nativeloader: Load /data/app/~~Y_mergCc1o0t9YVxesoXhQ==/com.muonline.client-5MNoaCgSrTJdzn98yNnnlA==/lib/x86_64/libSDL2_ttf.so using class loader ns clns-9 (caller=/data/app/~~Y_mergCc1o0t9YVxesoXhQ==/com.muonline.client-5MNoaCgSrTJdzn98yNnnlA==/base.apk): ok
04-26 19:08:17.532  3743  3773 I AiAiEcho: Predicting[0]:  [CONTEXT sampling_count=5 ]
04-26 19:08:17.533  3743  3773 I AiAiEcho: EchoTargets: 
04-26 19:08:17.533  3743  3773 I AiAiEcho: Filtered by AiAi flag check: 
04-26 19:08:17.533  3743  3773 I AiAiEcho: [CONTEXT ratelimit_period="10 SECONDS" ]
04-26 19:08:17.533 14936 14936 D nativeloader: Load /data/app/~~Y_mergCc1o0t9YVxesoXhQ==/com.muonline.client-5MNoaCgSrTJdzn98yNnnlA==/lib/x86_64/libSDL_net.so using class loader ns clns-9 (caller=/data/app/~~Y_mergCc1o0t9YVxesoXhQ==/com.muonline.client-5MNoaCgSrTJdzn98yNnnlA==/base.apk): ok
04-26 19:08:17.533  3743  3773 I AiAiEcho: #remoteViewsTwiddler: feature disabled.
04-26 19:08:17.533  3743  3773 I AiAiEcho: Predicting[0]:  [CONTEXT sampling_count=5 ]
04-26 19:08:17.533  3743  3773 I AiAiEcho: EchoTargets: 
04-26 19:08:17.533  3743  3773 I AiAiEcho: Filtered by AiAi flag check: 
04-26 19:08:17.533  3743  3773 I AiAiEcho: [CONTEXT ratelimit_period="10 SECONDS" ]
04-26 19:08:17.533 14936 14936 D nativeloader: Load /data/app/~~Y_mergCc1o0t9YVxesoXhQ==/com.muonline.client-5MNoaCgSrTJdzn98yNnnlA==/lib/x86_64/libbotan.so using class loader ns clns-9 (caller=/data/app/~~Y_mergCc1o0t9YVxesoXhQ==/com.muonline.client-5MNoaCgSrTJdzn98yNnnlA==/base.apk): ok
04-26 19:08:17.534  3743  3773 I AiAiEcho: #remoteViewsTwiddler: feature disabled.
04-26 19:08:17.535  3743  3773 I AiAiEcho: #postPredictionTargets: Sending updates to UISurface lockscreen with targets# 0 (types=[])
04-26 19:08:17.536  3743  3773 I AiAiEcho: #postPredictionTargets: Sending updates to UISurface home with targets# 0 (types=[])
04-26 19:08:17.536 14936 14936 I MuMain  : early chdir(/sdcard/.../files) = 0 (errno=88)
04-26 19:08:17.542  3743  3773 I AiAiEcho: Predicting[0]:  [CONTEXT sampling_count=5 ]
04-26 19:08:17.543  3743  3773 I AiAiEcho: EchoTargets: 
04-26 19:08:17.543  3743  3773 I AiAiEcho: Filtered by AiAi flag check: 
04-26 19:08:17.543  3743  3773 I AiAiEcho: [CONTEXT ratelimit_period="10 SECONDS" ]
04-26 19:08:17.544  3743  3773 I AiAiEcho: #remoteViewsTwiddler: feature disabled.
04-26 19:08:17.544  3743  3773 I AiAiEcho: Predicting[0]:  [CONTEXT sampling_count=5 ]
04-26 19:08:17.544  3743  3773 I AiAiEcho: EchoTargets: 
04-26 19:08:17.544  3743  3773 I AiAiEcho: Filtered by AiAi flag check: 
04-26 19:08:17.544  3743  3773 I AiAiEcho: [CONTEXT ratelimit_period="10 SECONDS" ]
04-26 19:08:17.545  3743  3773 I AiAiEcho: #remoteViewsTwiddler: feature disabled.
04-26 19:08:17.546  3743  3773 I AiAiEcho: #postPredictionTargets: Sending updates to UISurface lockscreen with targets# 0 (types=[])
04-26 19:08:17.547  3743  3773 I AiAiEcho: #postPredictionTargets: Sending updates to UISurface home with targets# 0 (types=[])
04-26 19:08:17.547 14936 14936 D nativeloader: Load /data/app/~~Y_mergCc1o0t9YVxesoXhQ==/com.muonline.client-5MNoaCgSrTJdzn98yNnnlA==/lib/x86_64/libmain.so using class loader ns clns-9 (caller=/data/app/~~Y_mergCc1o0t9YVxesoXhQ==/com.muonline.client-5MNoaCgSrTJdzn98yNnnlA==/base.apk): ok
04-26 19:08:17.547 14936 14936 V SDL     : nativeSetupJNI()
04-26 19:08:17.547 14936 14936 V SDL     : AUDIO nativeSetupJNI()
04-26 19:08:17.547 14936 14936 V SDL     : CONTROLLER nativeSetupJNI()
04-26 19:08:17.564 14936 14936 D AudioSystem: onNewService: media.audio_policy service obtained 0x73401cab4140
04-26 19:08:17.567 14936 14936 D AudioSystem: getService: IAudioPolicyService retrieved: 0x73401cab4140  cached: 0x73401cab4140
04-26 19:08:17.568   560  1697 D NativePermissionController: checkPermission: missing 13 for 10230
04-26 19:08:17.570   560  1697 D NativePermissionController: checkPermission: missing 13 for 10230
04-26 19:08:17.574   560  1697 D NativePermissionController: checkPermission: missing 13 for 10230
04-26 19:08:17.576   560  1697 D NativePermissionController: checkPermission: missing 13 for 10230
04-26 19:08:17.589 14936 14936 V SDL     : onStart()
04-26 19:08:17.590 14936 14936 D MuMain  : onResume
04-26 19:08:17.591 14936 14936 V SDL     : onResume()
04-26 19:08:17.596 14936 14936 D InsetsController: Setting requestedVisibleTypes to 496 (was 503)
04-26 19:08:17.599   736  1953 W InputChannel-JNI: Channel already disposed.
04-26 19:08:17.599  4105  4150 I SP      : Sync for emoticon_content_description succeeded in 324 ms: no changes
04-26 19:08:17.599  4105  4150 I SP      : GC for 'emoticon_content_description' (10) with ttl of 0 ms took 0 ms (0/0/0)
04-26 19:08:17.601   736  1953 I ImeTracker: system_server:59241889: onRequestHide at ORIGIN_SERVER reason IME_REQUESTED_CHANGED_LISTENER fromUser false displayId 0
04-26 19:08:17.601   736   762 I ImeTracker: system_server:59241889: onCancelled at PHASE_SERVER_SHOULD_HIDE
04-26 19:08:17.603 14936 14936 D VRI[MuMainActivity]: WindowInsets changed: 2268x1080 statusBars:[0,74,0,0] navigationBars:[0,0,0,63] mandatorySystemGestures:[0,74,0,84] 
04-26 19:08:17.603 14936 14936 D WindowOnBackDispatcher: setTopOnBackInvokedCallback (unwrapped): android.view.ViewRootImpl$$ExternalSyntheticLambda13@e46c73b
04-26 19:08:17.603 14936 14936 D InsetsController: Setting requestedVisibleTypes to 503 (was 496)
04-26 19:08:17.604 14936 14995 W InteractionJankMonitor: Initializing without READ_DEVICE_CONFIG permission. enabled=false, interval=1, missedFrameThreshold=3, frameTimeThreshold=64, package=com.muonline.client
04-26 19:08:17.605  1036  1091 V RecentTasksController: Notify recent tasks changed
04-26 19:08:17.605   736  1953 D CoreBackPreview: Window{2868c34 u0 com.muonline.client/com.muonline.client.MuMainActivity}: Setting back callback OnBackInvokedCallbackInfo{mCallback=android.window.IOnBackInvokedCallback$Stub$Proxy@e4adfd2, mPriority=0, mIsAnimationCallback=false, mOverrideBehavior=0}
04-26 19:08:17.606   736  1145 D WindowManager: setClientSurface Surface(name=VRI-com.muonline.client/com.muonline.client.MuMainActivity#1078)/@0x21a37a0 for 2868c34 com.muonline.client/com.muonline.client.MuMainActivity
04-26 19:08:17.609  1219  1219 D RecentTasksList: invalidateLoadedTasks - previous requestLoadId: -1
04-26 19:08:17.611 14936 14936 I Surface : Creating surface for consumer unnamed-14936-1 with slotExpansion=1 for 64 slots
04-26 19:08:17.611 14936 14936 I Surface : Creating surface for consumer VRI[MuMainActivity]#1(BLAST Consumer)1 with slotExpansion=1 for 64 slots
04-26 19:08:17.616 14936 14936 I Surface : Creating surface for consumer unnamed-14936-2 with slotExpansion=1 for 64 slots
04-26 19:08:17.617 14936 14936 I Surface : Creating surface for consumer aea69ca SurfaceView[com.muonline.client/com.muonline.client.MuMainActivity]#2(BLAST Consumer)2 with slotExpansion=1 for 64 slots
04-26 19:08:17.617 14936 14936 V SDL     : surfaceCreated()
04-26 19:08:17.617 14936 14936 V SDL     : surfaceChanged()
04-26 19:08:17.618 14936 14936 V SDL     : Window size: 2268x943
04-26 19:08:17.618 14936 14936 V SDL     : Device size: 2400x1080
04-26 19:08:17.626  1366  3046 I FontLog : (REDACTED) Received query %s, URI %s
04-26 19:08:17.626  1366  3046 I FontLog : (REDACTED) Query [%s] resolved to %s
04-26 19:08:17.629  1366  3046 I FontLog : (REDACTED) Fetch %s end status %s
04-26 19:08:17.630 14936 15015 V SDL     : Running main function SDL_main from library /data/app/~~Y_mergCc1o0t9YVxesoXhQ==/com.muonline.client-5MNoaCgSrTJdzn98yNnnlA==/lib/x86_64/libmain.so
04-26 19:08:17.630 14936 15015 V SDL     : nativeRunMain()
04-26 19:08:17.632 14936 15015 I MuMain  : === MuMain Android v1.0 starting ===
04-26 19:08:17.634  1366  3046 I FontLog : (REDACTED) Pulling font file for id = %d, cache size = %d
04-26 19:08:17.639 14936 15015 I MuMain  : Working dir set to: /storage/emulated/0/Android/data/com.muonline.client/files
04-26 19:08:17.646  1366  3046 I FontLog : (REDACTED) Pulling font file for id = %d, cache size = %d
04-26 19:08:17.654  1219  1219 D LauncherAmbientCueVM: Debounced empty action: updating state
04-26 19:08:17.668 14936 15015 W libOpenSLES: class OutputMix interface 0 requested but unavailable MPH=43
04-26 19:08:17.668 14936 15015 I MuMain  : SDL2 initialized
04-26 19:08:17.668 14936 15015 I MuMain  : Render backend request env=(null) -> opengl
04-26 19:08:17.670 14936 15015 V SDL     : setOrientation() requestedOrientation=6 width=2400 height=1080 resizable=false hint=
04-26 19:08:17.690   736   759 I ActivityTaskManager: Displayed com.muonline.client/.MuMainActivity for user 0: +213ms
04-26 19:08:17.691   736   759 V WindowManager: Sent Transition (#108) createdAt=04-26 19:08:17.471 via request=TransitionRequestInfo { type = OPEN, triggerTask = TaskInfo{userId=0 taskId=106 effectiveUid=10230 displayId=0 isRunning=true baseIntent=Intent { flg=0x10000000 cmp=com.muonline.client/.PreloadActivity } baseActivity=ComponentInfo{com.muonline.client/com.muonline.client.PreloadActivity} topActivity=ComponentInfo{com.muonline.client/com.muonline.client.MuMainActivity} origActivity=null realActivity=ComponentInfo{com.muonline.client/com.muonline.client.PreloadActivity} realActivityIsAppLockEnabled=false numActivities=2 lastActiveTime=13072076 supportsMultiWindow=true supportsMultiWindowWithoutConstraints=true resizeMode=1 isResizeable=true minWidth=-1 minHeight=-1 defaultMinSize=220 token=WCT{RemoteToken{bd61f2c Task{cde266c #106 type=standard A=10230:com.muonline.client}}} topActivityType=1 pictureInPictureParams=null shouldDockBigOverlays=false launchIntoPipHostTaskId=-1 lastParentTaskIdBeforePip=-1 displayCutoutSafeInsets=Rect(132, 0 - 0, 0) topActivityInfo=ActivityInfo{e135ab8 com.muonline.client.MuMainActivity} launchCookies=[] positionInParent=Point(0, 0) parentTaskId=-1 isFocused=true isInteractive=false isVisible=true isVisibleRequested=true isTopActivityNoDisplay=false isSleeping=false locusId=null displayAreaFeatureId=1 isTopActivityTransparent=false isActivityStackTransparent=false lastNonFullscreenBounds=null leafTaskBoundsFromOptions= false capturedLink=null capturedLinkTimestamp=0 requestedVisibleTypes=503 topActivityRequestOpenInBrowserEducationTimestamp=0 appCompatTaskInfo=AppCompatTaskInfo { topActivityInSizeCompat=false isLeafTask= true eligibleForLetterboxEducation= false isLetterboxEducationEnabled= true isLetterboxDoubleTapEnabled= false eligibleForUserAspectRatioButton= false topActivityBoundsLetterboxed= false isFromLetterboxDoubleTap= false topActivityLetterboxVerticalPosition= -1 topActivityLetterboxHorizontalPosition= -1 topActivityLetterboxWidth=-1 topActivityLetterboxHeight=-1 topActivityAppBounds=Rect(132, 0 - 2400, 1017) isUserFullscreenOverrideEnabled=false isSystemFullscreenOverrideEnabled=false hasMinAspectRatioOverride=false topActivityLetterboxBounds=null topNonResizableActivityAspectRatio=-1.0} topActivityMainWindowFrame=null isAppBubble=false}, pipChange = null, remoteTransitionInfo = null, displayChange = null, requestedLocation = null, userChange = null, windowingLayerChange = null, fullscreenRequestChange = null, flags = 0, debugId = 108 }
04-26 19:08:17.691   736   759 V WindowManager:     startWCT=WindowContainerTransaction { changes= {} hops= [] flags= 0 errorCallbackToken=null taskFragmentOrganizer=null }
04-26 19:08:17.691   736   759 V WindowManager:     info={id=108 t=OPEN f=0x0 trk=0 r=[0@Point(0, 0)] c=[
04-26 19:08:17.691   736   759 V WindowManager:         {m=OPEN f=FILLS_TASK leash=Surface(name=ActivityRecord{265447913 u0 com.muonline.client/.MuMainActivity t106}#1074)/@0x406972a sb=Rect(0, 0 - 0, 0) eb=Rect(0, 0 - 2400, 1080) epz=Point(2400, 1080) d=-1->0 r=-1->1:-1 bc=ff000000 activity=ActivityTransitionInfo { component = ComponentInfo{com.muonline.client/com.muonline.client.MuMainActivity}, taskId = 106, appCompatTransitionInfo = AppCompatTransitionInfo { letterboxBounds = Rect(132, 0 - 2400, 1080), hasRoundedCorners = false } } opt={t=FROM_STYLE mUserId=0}},
04-26 19:08:17.691   736   759 V WindowManager:         {m=CLOSE f=FILLS_TASK|IS_BEHIND_STARTING_WINDOW leash=Surface(name=ActivityRecord{234469753 u0 com.muonline.client/.PreloadActivity t106}#1054)/@0x92ed815 sb=Rect(0, 0 - 2400, 1080) eb=Rect(0, 0 - 2400, 1080) epz=Point(2400, 1080) d=0 bc=ff000000 activity=ActivityTransitionInfo { component = ComponentInfo{com.muonline.client/com.muonline.client.PreloadActivity}, taskId = 106, appCompatTransitionInfo = AppCompatTransitionInfo { letterboxBounds = Rect(132, 0 - 2400, 1080), hasRoundedCorners = false } } opt={t=FROM_STYLE mUserId=0}}
04-26 19:08:17.691   736   759 V WindowManager:     ]}
04-26 19:08:17.700  1036  1144 V WindowManagerShell: onTransitionReady(transaction=3161095941116)
04-26 19:08:17.701  1036  1091 V WindowManagerShell: onTransitionReady (#108) android.os.BinderProxy@80a3d02: {id=108 t=OPEN f=0x0 trk=0 r=[0@Point(0, 0)] c=[
04-26 19:08:17.701  1036  1091 V WindowManagerShell:         {m=OPEN f=FILLS_TASK leash=Surface(name=ActivityRecord{265447913 u0 com.muonline.client/.MuMainActivity t106}#1074)/@0xad4e1ac sb=Rect(0, 0 - 0, 0) eb=Rect(0, 0 - 2400, 1080) epz=Point(2400, 1080) d=-1->0 r=-1->1:-1 bc=ff000000 activity=ActivityTransitionInfo { component = ComponentInfo{com.muonline.client/com.muonline.client.MuMainActivity}, taskId = 106, appCompatTransitionInfo = AppCompatTransitionInfo { letterboxBounds = Rect(132, 0 - 2400, 1080), hasRoundedCorners = false } } opt={t=FROM_STYLE mUserId=0}},
04-26 19:08:17.701  1036  1091 V WindowManagerShell:         {m=CLOSE f=FILLS_TASK|IS_BEHIND_STARTING_WINDOW leash=Surface(name=ActivityRecord{234469753 u0 com.muonline.client/.PreloadActivity t106}#1054)/@0x6eae75 sb=Rect(0, 0 - 2400, 1080) eb=Rect(0, 0 - 2400, 1080) epz=Point(2400, 1080) d=0 bc=ff000000 activity=ActivityTransitionInfo { component = ComponentInfo{com.muonline.client/com.muonline.client.PreloadActivity}, taskId = 106, appCompatTransitionInfo = AppCompatTransitionInfo { letterboxBounds = Rect(132, 0 - 2400, 1080), hasRoundedCorners = false } } opt={t=FROM_STYLE mUserId=0}}
04-26 19:08:17.701  1036  1091 V WindowManagerShell:     ]}
04-26 19:08:17.701  1036  1091 V WindowManagerShell: Playing animation for (#108) android.os.BinderProxy@80a3d02@0
04-26 19:08:17.701  1036  1091 D ShellSplitScreen: startAnimation: transition=108 isSplitActive=false
04-26 19:08:17.701  1036  1091 V ShellRecents: RecentsTransitionHandler.startAnimation: no controller found
04-26 19:08:17.701  1036  1091 V ShellDesktopMode: DesktopMixedTransitionHandler: No pending desktop transition
04-26 19:08:17.701  1036  1091 V WindowManagerShell: Transition doesn't have explicit remote, search filters for match for {id=108 t=OPEN f=0x0 trk=0 r=[0@Point(0, 0)] c=[{m=OPEN f=FILLS_TASK leash=Surface(name=ActivityRecord{265447913 u0 com.muonline.client/.MuMainActivity t106}#1074)/@0xad4e1ac sb=Rect(0, 0 - 0, 0) eb=Rect(0, 0 - 2400, 1080) epz=Point(2400, 1080) d=-1->0 r=-1->1:-1 bc=ff000000 activity=ActivityTransitionInfo { component = ComponentInfo{com.muonline.client/com.muonline.client.MuMainActivity}, taskId = 106, appCompatTransitionInfo = AppCompatTransitionInfo { letterboxBounds = Rect(132, 0 - 2400, 1080), hasRoundedCorners = false } } opt={t=FROM_STYLE mUserId=0}},{m=CLOSE f=FILLS_TASK|IS_BEHIND_STARTING_WINDOW leash=Surface(name=ActivityRecord{234469753 u0 com.muonline.client/.PreloadActivity t106}#1054)/@0x6eae75 sb=Rect(0, 0 - 2400, 1080) eb=Rect(0, 0 - 2400, 1080) epz=Point(2400, 1080) d=0 bc=ff000000 activity=ActivityTransitionInfo { component = ComponentInfo{com.muonline.client/com.muonline.client.PreloadActivity}, taskId = 106, appCompatTransitionInfo = AppCompatTransitionInfo { letterboxBounds = Rect(132, 0 - 2400, 1080), hasRoundedCorners = false } } opt={t=FROM_STYLE mUserId=0}}]}
04-26 19:08:17.701  1036  1091 V WindowManagerShell:  Checking filter Pair{{types=[] flags=0x0 notFlags=0x0 checks=[{atype=undefined independent=true modes=[CLOSE,TO_BACK] flags=IN_TASK_WITH_EMBEDDED_ACTIVITY mustBeTask=false order=ANY topActivity=null launchCookie=null taskFragmentToken=android.os.BinderProxy@e90ae30 windowingMode=undefined isCrossDisplayMove=false}]} RemoteTransition { remoteTransition = android.window.IRemoteTransition$Stub$Proxy@1ccfaa9, appThread = android.app.IApplicationThread$Stub$Proxy@5c682e, debugName = overlayBackTransition, filter = {types=[] flags=0x0 notFlags=0x0 checks=[{atype=undefined independent=true modes=[CLOSE,TO_BACK] flags=IN_TASK_WITH_EMBEDDED_ACTIVITY mustBeTask=false order=ANY topActivity=null launchCookie=null taskFragmentToken=android.os.BinderProxy@e90ae30 windowingMode=undefined isCrossDisplayMove=false}]} }}
04-26 19:08:17.702 14936 15015 I SDL/APP : pixel format wanted SDL_PIXELFORMAT_RGBX8888 (2), got SDL_PIXELFORMAT_RGBX8888 (2)
04-26 19:08:17.703  1036  1091 V WindowManagerShell:  Checking filter Pair{{types=[] flags=0x0 notFlags=0x0 checks=[{atype=dream independent=true modes=[OPEN,TO_FRONT] flags=NONE mustBeTask=false order=ANY topActivity=null launchCookie=null windowingMode=undefined isCrossDisplayMove=false},{atype=home independent=true modes=[CLOSE,TO_BACK] flags=NONE mustBeTask=false order=ANY topActivity=null launchCookie=null windowingMode=undefined isCrossDisplayMove=false}]} RemoteTransition { remoteTransition = android.window.IRemoteTransition$Stub$Proxy@aa8fcf, appThread = android.app.IApplicationThread$Stub$Proxy@98a7d5c, debugName = LauncherToDream, filter = {types=[] flags=0x0 notFlags=0x0 checks=[{atype=dream independent=true modes=[OPEN,TO_FRONT] flags=NONE mustBeTask=false order=ANY topActivity=null launchCookie=null windowingMode=undefined isCrossDisplayMove=false},{atype=home independent=true modes=[CLOSE,TO_BACK] flags=NONE mustBeTask=false order=ANY topActivity=null launchCookie=null windowingMode=undefined isCrossDisplayMove=false}]} }}
04-26 19:08:17.704  1036  1091 V WindowManagerShell:  Checking filter Pair{{types=[] flags=0x0 notFlags=0x0 checks=[{atype=standard independent=false modes=[CHANGE] flags=NONE mustBeTask=true order=ANY topActivity=null launchCookie=null windowingMode=undefined isCrossDisplayMove=true}]} RemoteTransition { remoteTransition = android.window.IRemoteTransition$Stub$Proxy@3519865, appThread = android.app.IApplicationThread$Stub$Proxy@94ad93a, debugName = QuickstepDisplayMove, filter = {types=[] flags=0x0 notFlags=0x0 checks=[{atype=standard independent=false modes=[CHANGE] flags=NONE mustBeTask=true order=ANY topActivity=null launchCookie=null windowingMode=undefined isCrossDisplayMove=true}]} }}
04-26 19:08:17.704  1036  1091 V WindowManagerShell:  Checking filter Pair{{types=[] flags=0x0 notFlags=0x100 checks=[{atype=home independent=true modes=[OPEN,TO_FRONT] flags=NONE mustBeTask=false order=ANY topActivity=ComponentInfo{com.google.android.apps.nexuslauncher/com.google.android.apps.nexuslauncher.NexusLauncherActivity} launchCookie=null windowingMode=undefined isCrossDisplayMove=false},{atype=standard independent=true modes=[CLOSE,TO_BACK] flags=NONE mustBeTask=false order=ANY topActivity=null launchCookie=null windowingMode=undefined isCrossDisplayMove=false},{NOT atype=undefined independent=true modes=[] flags=NONE mustBeTask=true order=ANY topActivity=null launchCookie=null customAnim=true windowingMode=undefined isCrossDisplayMove=false}]} RemoteTransition { remoteTransition = android.window.IRemoteTransition$Stub$Proxy@fea59eb, appThread = android.app.IApplicationThread$Stub$Proxy@4f01348, debugName = QuickstepLaunchHome, filter = {types=[] flags=0x0 notFlags=0x100 checks=[{atype=home independent=true modes=[OPEN,TO_FRONT] flags=NONE mustBeTask=false order=ANY topActivity=ComponentInfo{com.google.android.apps.nexuslauncher/com.google.android.apps.nexuslauncher.NexusLauncherActivity} launchCookie=null windowingMode=undefined isCrossDisplayMove=false},{atype=standard independent=true modes=[CLOSE,TO_BACK] flags=NONE mustBeTask=false order=ANY topActivity=null launchCookie=null windowingMode=undefined isCrossDisplayMove=false},{NOT atype=undefined independent=true modes=[] flags=NONE mustBeTask=true order=ANY topActivity=null launchCookie=null customAnim=true windowingMode=undefined isCrossDisplayMove=false}]} }}
