04-26 16:49:30.697  4511  8984 W libbinder.Binder: Binder transaction to android.content.IContentProvider, function: UNKNOWN_FUNCTION_NAME, code: 21, took 2330ms. Data bytes: 480 Reply bytes: 432 Flags: 18
04-26 16:49:30.703   566   616 W skia    : AGTM parsing failed flags.readFromStream(s) at 159
04-26 16:49:30.704   566   616 W skia    : AGTM parsing failed flags.readFromStream(s) at 159
04-26 16:49:30.704   566   616 W skia    : AGTM parsing failed flags.readFromStream(s) at 159
04-26 16:49:30.704   566   616 W skia    : AGTM parsing failed flags.readFromStream(s) at 159
04-26 16:49:30.704   566   616 W skia    : AGTM parsing failed flags.readFromStream(s) at 159
04-26 16:49:30.704   566   616 W skia    : AGTM parsing failed flags.readFromStream(s) at 159
04-26 16:49:30.722   566   616 W skia    : AGTM parsing failed flags.readFromStream(s) at 159
04-26 16:49:30.723   566   616 W skia    : AGTM parsing failed flags.readFromStream(s) at 159
04-26 16:49:30.723   566   616 W skia    : AGTM parsing failed flags.readFromStream(s) at 159
04-26 16:49:30.723   566   616 W skia    : AGTM parsing failed flags.readFromStream(s) at 159
04-26 16:49:30.738   566   616 W skia    : AGTM parsing failed flags.readFromStream(s) at 159
04-26 16:49:30.738   566   616 W skia    : AGTM parsing failed flags.readFromStream(s) at 159
04-26 16:49:30.738   566   616 W skia    : AGTM parsing failed flags.readFromStream(s) at 159
04-26 16:49:30.738   566   616 W skia    : AGTM parsing failed flags.readFromStream(s) at 159
04-26 16:49:30.755   566   616 W skia    : AGTM parsing failed flags.readFromStream(s) at 159
04-26 16:49:30.755   566   616 W skia    : AGTM parsing failed flags.readFromStream(s) at 159
04-26 16:49:30.755   566   616 W skia    : AGTM parsing failed flags.readFromStream(s) at 159
04-26 16:49:30.755   566   616 W skia    : AGTM parsing failed flags.readFromStream(s) at 159
04-26 16:49:30.762   736  1067 I ImeTracker: system_server:fdf94e35: onRequestHide at ORIGIN_SERVER reason IME_REQUESTED_CHANGED_LISTENER fromUser false displayId 0
04-26 16:49:30.763   736   762 I ImeTracker: system_server:fdf94e35: onCancelled at PHASE_SERVER_SHOULD_HIDE
04-26 16:49:30.771   566   616 W skia    : AGTM parsing failed flags.readFromStream(s) at 159
04-26 16:49:30.771   566   616 W skia    : AGTM parsing failed flags.readFromStream(s) at 159
04-26 16:49:30.771   566   616 W skia    : AGTM parsing failed flags.readFromStream(s) at 159
04-26 16:49:30.772   566   616 W skia    : AGTM parsing failed flags.readFromStream(s) at 159
04-26 16:49:30.781  9020  9112 I TakumiErrorReport: > First Load Files OK.
04-26 16:49:30.787   566   616 W skia    : AGTM parsing failed flags.readFromStream(s) at 159
04-26 16:49:30.788   566   616 W skia    : AGTM parsing failed flags.readFromStream(s) at 159
04-26 16:49:30.788   566   616 W skia    : AGTM parsing failed flags.readFromStream(s) at 159
04-26 16:49:30.788   566   616 W skia    : AGTM parsing failed flags.readFromStream(s) at 159
04-26 16:49:30.804   566   616 W skia    : AGTM parsing failed flags.readFromStream(s) at 159
04-26 16:49:30.804   566   616 W skia    : AGTM parsing failed flags.readFromStream(s) at 159
04-26 16:49:30.804   566   616 W skia    : AGTM parsing failed flags.readFromStream(s) at 159
04-26 16:49:30.804   566   616 W skia    : AGTM parsing failed flags.readFromStream(s) at 159
04-26 16:49:30.821   566   616 W skia    : AGTM parsing failed flags.readFromStream(s) at 159
04-26 16:49:30.822   566   616 W skia    : AGTM parsing failed flags.readFromStream(s) at 159
04-26 16:49:30.822   566   616 W skia    : AGTM parsing failed flags.readFromStream(s) at 159
04-26 16:49:30.822   566   616 W skia    : AGTM parsing failed flags.readFromStream(s) at 159
04-26 16:49:30.836  1036  1091 V WindowManagerShell: Transition animation finished (aborted=false), notifying core (#59) android.os.BinderProxy@bf23cff@0
04-26 16:49:30.838   566   616 W skia    : AGTM parsing failed flags.readFromStream(s) at 159
04-26 16:49:30.838   566   616 W skia    : AGTM parsing failed flags.readFromStream(s) at 159
04-26 16:49:30.838   566   616 W skia    : AGTM parsing failed flags.readFromStream(s) at 159
04-26 16:49:30.838   566   616 W skia    : AGTM parsing failed flags.readFromStream(s) at 159
04-26 16:49:30.843   736   759 V WindowManager: Finish Transition (#59): created at 04-26 16:49:30.050 collect-started=0.114ms request-sent=10.281ms started=17.391ms ready=40.74ms sent=301.476ms commit=19.648ms finished=791.671ms
04-26 16:49:30.849  9020  9020 D VRI[PreloadActivity]: visibilityChanged oldVisibility=true newVisibility=false
04-26 16:49:30.851  1036  1091 V WindowManagerShell: Track 0 became idle
04-26 16:49:30.852  1036  1091 V WindowManagerShell: All active transition animations finished
04-26 16:49:30.867  9020  9020 D WindowOnBackDispatcher: setTopOnBackInvokedCallback (unwrapped): null
04-26 16:49:30.869  9020  9020 D ViewRootImpl: Skipping stats log for color mode
04-26 16:49:30.870   736  1067 D CoreBackPreview: Window{5ec6ac5 u0 com.muonline.client/com.muonline.client.PreloadActivity}: Setting back callback null
04-26 16:49:31.735   736   921 I HalDevMgr: bestIfaceCreationProposal is null, requestIface=STA, existingIface=[name=wlan0 type=STA]
04-26 16:49:31.742  1160  1312 D IpClient/wlan0: interfaceLinkStateChanged: ifindex 16 up
04-26 16:49:31.748  1160  1312 D IpClient/wlan0: interfaceLinkStateChanged: ifindex 16 up
04-26 16:49:31.807  9020  9112 I MuMain  : OPENBASIC: OpenImages begin
04-26 16:49:31.809  9020  9112 I MuMain  : OPENBASIC: OpenImages done
04-26 16:49:31.810  9020  9112 I MuMain  : OPENBASIC: OpenSounds begin
04-26 16:49:31.810  9020  9112 I MuMain  : OPENBASIC: OpenSounds done
04-26 16:49:31.811  9020  9112 I MuMain  : OPENBASIC: scripts begin
04-26 16:49:31.820  9020  9112 I MuMain  : OPENBASIC: OpenTextData begin
04-26 16:49:31.824  9020  9112 I MuMain  : OPENBASIC: OpenTextData done
04-26 16:49:31.835  9020  9112 I MuMain  : OPENBASIC: master/gate/filter done
04-26 16:49:31.836  9020  9112 I MuMain  : WEBZEN: OpenBasicData done
04-26 16:49:31.879   736  9139 I AnomalyDetectorController: Rules saved to storage.
04-26 16:49:31.882   736  9139 I AnomalyDetectorController: Rules saved to storage.
04-26 16:49:31.887   736  9139 I AnomalyDetectorController: Rules saved to storage.
04-26 16:49:31.888   736  1185 D CompatChangeReporter: Compat change id reported: 311208629; UID 10156; state: ENABLED
04-26 16:49:31.916  9020  9112 I TakumiErrorReport: File not found Data\Interface\InGameShop\ingame_Bt_page_L.tga (32485)->Data\Custom\Maps\CRadar.tga
04-26 16:49:31.918  9020  9112 I TakumiErrorReport: File not found Data\Interface\InGameShop\IGS_Storage_Page.tga (32487)->Data\Custom\Maps\map_radar.tga
04-26 16:49:31.921  9020  9112 I TakumiErrorReport: File not found Data\Interface\InGameShop\IGS_Storage_Page_Left.tga (32488)->Data\Custom\Maps\background-tcp.tga
04-26 16:49:31.923  9020  9112 I TakumiErrorReport: File not found Data\Interface\InGameShop\IGS_Storage_Page_Right.tga (32489)->Data\Interface\newui_option_check.tga
04-26 16:49:32.019  9145  9145 W libbinder.BackendUnifiedServiceManager: Thread Pool max thread count is 0. Cannot cache binder as linkToDeath cannot be implemented. serviceName: DockObserver
04-26 16:49:32.020  9145  9145 E libbinder.Parcel: Reading a NULL string not supported here.
04-26 16:49:32.021  9145  9145 W libbinder.BackendUnifiedServiceManager: Thread Pool max thread count is 0. Cannot cache binder as linkToDeath cannot be implemented. serviceName: SurfaceFlinger
04-26 16:49:32.023  9145  9145 W libbinder.BackendUnifiedServiceManager: Thread Pool max thread count is 0. Cannot cache binder as linkToDeath cannot be implemented. serviceName: SurfaceFlingerAIDL
04-26 16:49:32.025  9145  9145 W libbinder.BackendUnifiedServiceManager: Thread Pool max thread count is 0. Cannot cache binder as linkToDeath cannot be implemented. serviceName: accessibility
04-26 16:49:32.027  9145  9145 W libbinder.BackendUnifiedServiceManager: Thread Pool max thread count is 0. Cannot cache binder as linkToDeath cannot be implemented. serviceName: account
04-26 16:49:32.029  9145  9145 W libbinder.BackendUnifiedServiceManager: Thread Pool max thread count is 0. Cannot cache binder as linkToDeath cannot be implemented. serviceName: activity
04-26 16:49:32.031  9145  9145 W libbinder.BackendUnifiedServiceManager: Thread Pool max thread count is 0. Cannot cache binder as linkToDeath cannot be implemented. serviceName: activity_structured
04-26 16:49:32.034  9145  9145 W libbinder.BackendUnifiedServiceManager: Thread Pool max thread count is 0. Cannot cache binder as linkToDeath cannot be implemented. serviceName: activity_task
04-26 16:49:32.036  9145  9145 W libbinder.BackendUnifiedServiceManager: Thread Pool max thread count is 0. Cannot cache binder as linkToDeath cannot be implemented. serviceName: adb
04-26 16:49:32.037  9145  9145 W libbinder.BackendUnifiedServiceManager: Thread Pool max thread count is 0. Cannot cache binder as linkToDeath cannot be implemented. serviceName: adservices_manager
04-26 16:49:32.039  9145  9145 W libbinder.BackendUnifiedServiceManager: Thread Pool max thread count is 0. Cannot cache binder as linkToDeath cannot be implemented. serviceName: advanced_protection
04-26 16:49:32.042  9145  9145 W libbinder.BackendUnifiedServiceManager: Thread Pool max thread count is 0. Cannot cache binder as linkToDeath cannot be implemented. serviceName: alarm
04-26 16:49:32.044  9145  9145 W libbinder.BackendUnifiedServiceManager: Thread Pool max thread count is 0. Cannot cache binder as linkToDeath cannot be implemented. serviceName: allowlist
04-26 16:49:32.047  9145  9145 W libbinder.BackendUnifiedServiceManager: Thread Pool max thread count is 0. Cannot cache binder as linkToDeath cannot be implemented. serviceName: ambient_context
04-26 16:49:32.048  9145  9145 W libbinder.BackendUnifiedServiceManager: Thread Pool max thread count is 0. Cannot cache binder as linkToDeath cannot be implemented. serviceName: android.frameworks.cameraservice.service.ICameraService/default
04-26 16:49:32.051  9145  9145 W libbinder.BackendUnifiedServiceManager: Thread Pool max thread count is 0. Cannot cache binder as linkToDeath cannot be implemented. serviceName: android.frameworks.devicestate.IDeviceStateService/default
04-26 16:49:32.054  9145  9145 W libbinder.BackendUnifiedServiceManager: Thread Pool max thread count is 0. Cannot cache binder as linkToDeath cannot be implemented. serviceName: android.frameworks.location.altitude.IAltitudeService/default
04-26 16:49:32.057  9145  9145 W libbinder.BackendUnifiedServiceManager: Thread Pool max thread count is 0. Cannot cache binder as linkToDeath cannot be implemented. serviceName: android.frameworks.sensorservice.ISensorManager/default
04-26 16:49:32.059  9145  9145 W libbinder.BackendUnifiedServiceManager: Thread Pool max thread count is 0. Cannot cache binder as linkToDeath cannot be implemented. serviceName: android.frameworks.stats.IStats/default
04-26 16:49:32.061  9145  9145 W libbinder.BackendUnifiedServiceManager: Thread Pool max thread count is 0. Cannot cache binder as linkToDeath cannot be implemented. serviceName: android.frameworks.vibrator.IVibratorControlService/default
04-26 16:49:32.063  9145  9145 W libbinder.BackendUnifiedServiceManager: Thread Pool max thread count is 0. Cannot cache binder as linkToDeath cannot be implemented. serviceName: android.hardware.authsecret.IAuthSecret/default
04-26 16:49:32.057  9145  9145 W service : type=1400 audit(0.0:89): avc:  denied  { call } for  scontext=u:r:shell:s0 tcontext=u:r:hal_authsecret_default:s0 tclass=binder permissive=0
04-26 16:49:32.067  9145  9145 E libbinder.IPCThreadState: Binder transaction failure. id: 908563, cmd: BR_FAILED_REPLY (29201), error: -1 (Operation not permitted)
04-26 16:49:32.065  9145  9145 W service : type=1400 audit(0.0:90): avc:  denied  { call } for  scontext=u:r:shell:s0 tcontext=u:r:hal_fingerprint_default:s0 tclass=binder permissive=0
04-26 16:49:32.072  9145  9145 E libbinder.IPCThreadState: Binder transaction failure. id: 908568, cmd: BR_FAILED_REPLY (29201), error: -1 (Operation not permitted)
04-26 16:49:32.073  9145  9145 W libbinder.BackendUnifiedServiceManager: Thread Pool max thread count is 0. Cannot cache binder as linkToDeath cannot be implemented. serviceName: android.hardware.bluetooth.IBluetoothHci/default
04-26 16:49:32.069  9145  9145 W service : type=1400 audit(0.0:91): avc:  denied  { call } for  scontext=u:r:shell:s0 tcontext=u:r:hal_bluetooth_default:s0 tclass=binder permissive=0
04-26 16:49:32.077  9145  9145 E libbinder.IPCThreadState: Binder transaction failure. id: 908572, cmd: BR_FAILED_REPLY (29201), error: -1 (Operation not permitted)
04-26 16:49:32.078  9145  9145 W libbinder.BackendUnifiedServiceManager: Thread Pool max thread count is 0. Cannot cache binder as linkToDeath cannot be implemented. serviceName: android.hardware.bluetooth.audio.IBluetoothAudioProviderFactory/default
04-26 16:49:32.073  9145  9145 W service : type=1400 audit(0.0:92): avc:  denied  { call } for  scontext=u:r:shell:s0 tcontext=u:r:hal_audio_default:s0 tclass=binder permissive=0
04-26 16:49:32.082  9145  9145 E libbinder.IPCThreadState: Binder transaction failure. id: 908576, cmd: BR_FAILED_REPLY (29201), error: -1 (Operation not permitted)
04-26 16:49:32.083  9145  9145 W libbinder.BackendUnifiedServiceManager: Thread Pool max thread count is 0. Cannot cache binder as linkToDeath cannot be implemented. serviceName: android.hardware.bluetooth.offload.leaudio.IHciProxy/default
04-26 16:49:32.084  9145  9145 E libbinder.IPCThreadState: Binder transaction failure. id: 908580, cmd: BR_FAILED_REPLY (29201), error: -1 (Operation not permitted)
04-26 16:49:32.085  9145  9145 W libbinder.BackendUnifiedServiceManager: Thread Pool max thread count is 0. Cannot cache binder as linkToDeath cannot be implemented. serviceName: android.hardware.camera.provider.ICameraProvider/internal/0
04-26 16:49:32.085  9145  9145 E libbinder.IPCThreadState: Binder transaction failure. id: 908585, cmd: BR_FAILED_REPLY (29201), error: -1 (Operation not permitted)
04-26 16:49:32.081  9145  9145 W service : type=1400 audit(0.0:93): avc:  denied  { call } for  scontext=u:r:shell:s0 tcontext=u:r:hal_bluetooth_default:s0 tclass=binder permissive=0
04-26 16:49:32.087  9145  9145 W libbinder.BackendUnifiedServiceManager: Thread Pool max thread count is 0. Cannot cache binder as linkToDeath cannot be implemented. serviceName: android.hardware.camera.provider.ICameraProvider/internal/1
04-26 16:49:32.087  9145  9145 E libbinder.IPCThreadState: Binder transaction failure. id: 908589, cmd: BR_FAILED_REPLY (29201), error: -1 (Operation not permitted)
04-26 16:49:32.088  9145  9145 W libbinder.BackendUnifiedServiceManager: Thread Pool max thread count is 0. Cannot cache binder as linkToDeath cannot be implemented. serviceName: android.hardware.cas.IMediaCasService/default
04-26 16:49:32.081  9145  9145 W service : type=1400 audit(0.0:94): avc:  denied  { call } for  scontext=u:r:shell:s0 tcontext=u:r:hal_camera_default:s0 tclass=binder permissive=0
04-26 16:49:32.091  9145  9145 W libbinder.BackendUnifiedServiceManager: Thread Pool max thread count is 0. Cannot cache binder as linkToDeath cannot be implemented. serviceName: android.hardware.contexthub.IContextHub/default
04-26 16:49:32.091  9145  9145 E libbinder.IPCThreadState: Binder transaction failure. id: 908598, cmd: BR_FAILED_REPLY (29201), error: -1 (Operation not permitted)
04-26 16:49:32.081  9145  9145 W service : type=1400 audit(0.0:95): avc:  denied  { call } for  scontext=u:r:shell:s0 tcontext=u:r:hal_camera_default:s0 tclass=binder permissive=0
04-26 16:49:32.092  9145  9145 W libbinder.BackendUnifiedServiceManager: Thread Pool max thread count is 0. Cannot cache binder as linkToDeath cannot be implemented. serviceName: android.hardware.drm.IDrmFactory/widevine
04-26 16:49:32.085  9145  9145 W service : type=1400 audit(0.0:96): avc:  denied  { call } for  scontext=u:r:shell:s0 tcontext=u:r:hal_contexthub_default:s0 tclass=binder permissive=0
04-26 16:49:32.094  9145  9145 W libbinder.BackendUnifiedServiceManager: Thread Pool max thread count is 0. Cannot cache binder as linkToDeath cannot be implemented. serviceName: android.hardware.gatekeeper.IGatekeeper/default
04-26 16:49:32.095  9145  9145 E libbinder.IPCThreadState: Binder transaction failure. id: 908607, cmd: BR_FAILED_REPLY (29201), error: -1 (Operation not permitted)
04-26 16:49:32.097  9145  9145 E libbinder.IPCThreadState: Binder transaction failure. id: 908611, cmd: BR_FAILED_REPLY (29201), error: -1 (Operation not permitted)
04-26 16:49:32.097  9145  9145 W libbinder.BackendUnifiedServiceManager: Thread Pool max thread count is 0. Cannot cache binder as linkToDeath cannot be implemented. serviceName: android.hardware.graphics.allocator.IAllocator/default
04-26 16:49:32.099  9145  9145 W libbinder.BackendUnifiedServiceManager: Thread Pool max thread count is 0. Cannot cache binder as linkToDeath cannot be implemented. serviceName: android.hardware.graphics.composer3.IComposer/default
04-26 16:49:32.100  9145  9145 E libbinder.IPCThreadState: Binder transaction failure. id: 908620, cmd: BR_FAILED_REPLY (29201), error: -1 (Operation not permitted)
04-26 16:49:32.101  9145  9145 W libbinder.BackendUnifiedServiceManager: Thread Pool max thread count is 0. Cannot cache binder as linkToDeath cannot be implemented. serviceName: android.hardware.health.IHealth/default
04-26 16:49:32.101  9145  9145 E libbinder.IPCThreadState: Binder transaction failure. id: 908624, cmd: BR_FAILED_REPLY (29201), error: -1 (Operation not permitted)
04-26 16:49:32.102  9145  9145 W libbinder.BackendUnifiedServiceManager: Thread Pool max thread count is 0. Cannot cache binder as linkToDeath cannot be implemented. serviceName: android.hardware.identity.IIdentityCredentialStore/default
04-26 16:49:32.103  9145  9145 E libbinder.IPCThreadState: Binder transaction failure. id: 908629, cmd: BR_FAILED_REPLY (29201), error: -1 (Operation not permitted)
04-26 16:49:32.103  9145  9145 W libbinder.BackendUnifiedServiceManager: Thread Pool max thread count is 0. Cannot cache binder as linkToDeath cannot be implemented. serviceName: android.hardware.light.ILights/default
04-26 16:49:32.103  9145  9145 E libbinder.IPCThreadState: Binder transaction failure. id: 908633, cmd: BR_FAILED_REPLY (29201), error: -1 (Operation not permitted)
04-26 16:49:32.104  9145  9145 W libbinder.BackendUnifiedServiceManager: Thread Pool max thread count is 0. Cannot cache binder as linkToDeath cannot be implemented. serviceName: android.hardware.media.c2.IComponentStore/default
04-26 16:49:32.106  9145  9145 W libbinder.BackendUnifiedServiceManager: Thread Pool max thread count is 0. Cannot cache binder as linkToDeath cannot be implemented. serviceName: android.hardware.media.c2.IComponentStore/software
04-26 16:49:32.108  9145  9145 W libbinder.BackendUnifiedServiceManager: Thread Pool max thread count is 0. Cannot cache binder as linkToDeath cannot be implemented. serviceName: android.hardware.neuralnetworks.IDevice/nnapi-sample_all
04-26 16:49:32.109  9020  9112 I TakumiErrorReport: File not found Data\Interface\newui_item_back01.tga (31373)->Data\Interface\newui_item_back04.tga
04-26 16:49:32.110  9145  9145 W libbinder.BackendUnifiedServiceManager: Thread Pool max thread count is 0. Cannot cache binder as linkToDeath cannot be implemented. serviceName: android.hardware.neuralnetworks.IDevice/nnapi-sample_quant
04-26 16:49:32.111  9145  9145 W libbinder.BackendUnifiedServiceManager: Thread Pool max thread count is 0. Cannot cache binder as linkToDeath cannot be implemented. serviceName: android.hardware.neuralnetworks.IDevice/nnapi-sample_sl_shim
04-26 16:49:32.113  9020  9112 I TakumiErrorReport: File not found Data\Interface\newui_item_back04.tga (31373)->Data\Interface\newui_item_back01.tga
04-26 16:49:32.113  9145  9145 W libbinder.BackendUnifiedServiceManager: Thread Pool max thread count is 0. Cannot cache binder as linkToDeath cannot be implemented. serviceName: android.hardware.power.IPower/default
04-26 16:49:32.113  9145  9145 E libbinder.IPCThreadState: Binder transaction failure. id: 908662, cmd: BR_FAILED_REPLY (29201), error: -1 (Operation not permitted)
04-26 16:49:32.114  9145  9145 W libbinder.BackendUnifiedServiceManager: Thread Pool max thread count is 0. Cannot cache binder as linkToDeath cannot be implemented. serviceName: android.hardware.power.stats.IPowerStats/default
04-26 16:49:32.114  9145  9145 E libbinder.IPCThreadState: Binder transaction failure. id: 908666, cmd: BR_FAILED_REPLY (29201), error: -1 (Operation not permitted)
04-26 16:49:32.115  9145  9145 W libbinder.BackendUnifiedServiceManager: Thread Pool max thread count is 0. Cannot cache binder as linkToDeath cannot be implemented. serviceName: android.hardware.radio.config.IRadioConfig/default
04-26 16:49:32.116  9145  9145 E libbinder.IPCThreadState: Binder transaction failure. id: 908670, cmd: BR_FAILED_REPLY (29201), error: -1 (Operation not permitted)
04-26 16:49:32.117  9145  9145 W libbinder.BackendUnifiedServiceManager: Thread Pool max thread count is 0. Cannot cache binder as linkToDeath cannot be implemented. serviceName: android.hardware.radio.data.IRadioData/slot1
04-26 16:49:32.117  9145  9145 E libbinder.IPCThreadState: Binder transaction failure. id: 908674, cmd: BR_FAILED_REPLY (29201), error: -1 (Operation not permitted)
04-26 16:49:32.118  9145  9145 W libbinder.BackendUnifiedServiceManager: Thread Pool max thread count is 0. Cannot cache binder as linkToDeath cannot be implemented. serviceName: android.hardware.radio.ims.IRadioIms/slot1
04-26 16:49:32.118  9145  9145 E libbinder.IPCThreadState: Binder transaction failure. id: 908679, cmd: BR_FAILED_REPLY (29201), error: -1 (Operation not permitted)
04-26 16:49:32.119  9145  9145 W libbinder.BackendUnifiedServiceManager: Thread Pool max thread count is 0. Cannot cache binder as linkToDeath cannot be implemented. serviceName: android.hardware.radio.ims.media.IImsMedia/default
04-26 16:49:32.119  9145  9145 E libbinder.IPCThreadState: Binder transaction failure. id: 908683, cmd: BR_FAILED_REPLY (29201), error: -1 (Operation not permitted)
04-26 16:49:32.120  9145  9145 W libbinder.BackendUnifiedServiceManager: Thread Pool max thread count is 0. Cannot cache binder as linkToDeath cannot be implemented. serviceName: android.hardware.radio.messaging.IRadioMessaging/slot1
04-26 16:49:32.120  9145  9145 E libbinder.IPCThreadState: Binder transaction failure. id: 908687, cmd: BR_FAILED_REPLY (29201), error: -1 (Operation not permitted)
04-26 16:49:32.121  9020  9112 I MuMain  : WEBZEN: LoadMainSceneInterface done
04-26 16:49:32.121  9145  9145 W libbinder.BackendUnifiedServiceManager: Thread Pool max thread count is 0. Cannot cache binder as linkToDeath cannot be implemented. serviceName: android.hardware.radio.modem.IRadioModem/slot1
04-26 16:49:32.121  9145  9145 E libbinder.IPCThreadState: Binder transaction failure. id: 908691, cmd: BR_FAILED_REPLY (29201), error: -1 (Operation not permitted)
04-26 16:49:32.122  9020  9112 I TakumiErrorReport: > Loading ok.
04-26 16:49:32.122  9145  9145 W libbinder.BackendUnifiedServiceManager: Thread Pool max thread count is 0. Cannot cache binder as linkToDeath cannot be implemented. serviceName: android.hardware.radio.network.IRadioNetwork/slot1
04-26 16:49:32.122  9145  9145 E libbinder.IPCThreadState: Binder transaction failure. id: 908695, cmd: BR_FAILED_REPLY (29201), error: -1 (Operation not permitted)
04-26 16:49:32.123  9145  9145 W libbinder.BackendUnifiedServiceManager: Thread Pool max thread count is 0. Cannot cache binder as linkToDeath cannot be implemented. serviceName: android.hardware.radio.sap.ISap/slot1
04-26 16:49:32.124  9145  9145 E libbinder.IPCThreadState: Binder transaction failure. id: 908699, cmd: BR_FAILED_REPLY (29201), error: -1 (Operation not permitted)
04-26 16:49:32.124  9145  9145 W libbinder.BackendUnifiedServiceManager: Thread Pool max thread count is 0. Cannot cache binder as linkToDeath cannot be implemented. serviceName: android.hardware.radio.sim.IRadioSim/slot1
04-26 16:49:32.124  9145  9145 E libbinder.IPCThreadState: Binder transaction failure. id: 908703, cmd: BR_FAILED_REPLY (29201), error: -1 (Operation not permitted)
04-26 16:49:32.124  9020  9112 E BLASTBufferQueue: [c134bb1 SurfaceView[com.muonline.client/com.muonline.client.MuMainActivity]#2](f:0,a:0) rejecting buffer:active_size=2268x1080, requested_size=2268x1080 buffer{size=2268x943 transform=0}
04-26 16:49:32.125  9145  9145 W libbinder.BackendUnifiedServiceManager: Thread Pool max thread count is 0. Cannot cache binder as linkToDeath cannot be implemented. serviceName: android.hardware.radio.voice.IRadioVoice/slot1
04-26 16:49:32.125  9145  9145 E libbinder.IPCThreadState: Binder transaction failure. id: 908708, cmd: BR_FAILED_REPLY (29201), error: -1 (Operation not permitted)
04-26 16:49:32.126  9145  9145 W libbinder.BackendUnifiedServiceManager: Thread Pool max thread count is 0. Cannot cache binder as linkToDeath cannot be implemented. serviceName: android.hardware.rebootescrow.IRebootEscrow/default
04-26 16:49:32.126  9145  9145 E libbinder.IPCThreadState: Binder transaction failure. id: 908712, cmd: BR_FAILED_REPLY (29201), error: -1 (Operation not permitted)
04-26 16:49:32.129  9145  9145 W libbinder.BackendUnifiedServiceManager: Thread Pool max thread count is 0. Cannot cache binder as linkToDeath cannot be implemented. serviceName: android.hardware.security.keymint.IRemotelyProvisionedComponent/default
04-26 16:49:32.136  9145  9145 W libbinder.BackendUnifiedServiceManager: Thread Pool max thread count is 0. Cannot cache binder as linkToDeath cannot be implemented. serviceName: android.hardware.security.sharedsecret.ISharedSecret/gatekeeper
04-26 16:49:32.136  9145  9145 E libbinder.IPCThreadState: Binder transaction failure. id: 908728, cmd: BR_FAILED_REPLY (29201), error: -1 (Operation not permitted)
04-26 16:49:32.137  9145  9145 W libbinder.BackendUnifiedServiceManager: Thread Pool max thread count is 0. Cannot cache binder as linkToDeath cannot be implemented. serviceName: android.hardware.sensors.ISensors/default
04-26 16:49:32.137  9145  9145 E libbinder.IPCThreadState: Binder transaction failure. id: 908732, cmd: BR_FAILED_REPLY (29201), error: -1 (Operation not permitted)
04-26 16:49:32.139  9145  9145 W libbinder.BackendUnifiedServiceManager: Thread Pool max thread count is 0. Cannot cache binder as linkToDeath cannot be implemented. serviceName: android.hardware.thermal.IThermal/default
04-26 16:49:32.139  9145  9145 E libbinder.IPCThreadState: Binder transaction failure. id: 908736, cmd: BR_FAILED_REPLY (29201), error: -1 (Operation not permitted)
04-26 16:49:32.142  9145  9145 W libbinder.BackendUnifiedServiceManager: Thread Pool max thread count is 0. Cannot cache binder as linkToDeath cannot be implemented. serviceName: android.hardware.threadnetwork.IThreadChip/chip0
04-26 16:49:32.143  9145  9145 E libbinder.IPCThreadState: Binder transaction failure. id: 908740, cmd: BR_FAILED_REPLY (29201), error: -1 (Operation not permitted)
04-26 16:49:32.143  9145  9145 W libbinder.BackendUnifiedServiceManager: Thread Pool max thread count is 0. Cannot cache binder as linkToDeath cannot be implemented. serviceName: android.hardware.usb.IUsb/default
04-26 16:49:32.143  9145  9145 E libbinder.IPCThreadState: Binder transaction failure. id: 908744, cmd: BR_FAILED_REPLY (29201), error: -1 (Operation not permitted)
04-26 16:49:32.146  9145  9145 W libbinder.BackendUnifiedServiceManager: Thread Pool max thread count is 0. Cannot cache binder as linkToDeath cannot be implemented. serviceName: android.hardware.uwb.IUwb/default
04-26 16:49:32.147  9145  9145 E libbinder.IPCThreadState: Binder transaction failure. id: 908748, cmd: BR_FAILED_REPLY (29201), error: -1 (Operation not permitted)
04-26 16:49:32.149  9145  9145 W libbinder.BackendUnifiedServiceManager: Thread Pool max thread count is 0. Cannot cache binder as linkToDeath cannot be implemented. serviceName: android.hardware.vibrator.IVibrator/default
04-26 16:49:32.149  9145  9145 E libbinder.IPCThreadState: Binder transaction failure. id: 908752, cmd: BR_FAILED_REPLY (29201), error: -1 (Operation not permitted)
04-26 16:49:32.153  9145  9145 W libbinder.BackendUnifiedServiceManager: Thread Pool max thread count is 0. Cannot cache binder as linkToDeath cannot be implemented. serviceName: android.hardware.vibrator.IVibratorManager/default
04-26 16:49:32.153  9145  9145 E libbinder.IPCThreadState: Binder transaction failure. id: 908757, cmd: BR_FAILED_REPLY (29201), error: -1 (Operation not permitted)
04-26 16:49:32.156  9145  9145 W libbinder.BackendUnifiedServiceManager: Thread Pool max thread count is 0. Cannot cache binder as linkToDeath cannot be implemented. serviceName: android.hardware.wifi.IWifi/default
04-26 16:49:32.157  9145  9145 E libbinder.IPCThreadState: Binder transaction failure. id: 908761, cmd: BR_FAILED_REPLY (29201), error: -1 (Operation not permitted)
04-26 16:49:32.161  9145  9145 W libbinder.BackendUnifiedServiceManager: Thread Pool max thread count is 0. Cannot cache binder as linkToDeath cannot be implemented. serviceName: android.hardware.wifi.supplicant.ISupplicant/default
04-26 16:49:32.161  9145  9145 E libbinder.IPCThreadState: Binder transaction failure. id: 908765, cmd: BR_FAILED_REPLY (29201), error: -1 (Operation not permitted)
04-26 16:49:32.163  9145  9145 W libbinder.BackendUnifiedServiceManager: Thread Pool max thread count is 0. Cannot cache binder as linkToDeath cannot be implemented. serviceName: android.security.apc
04-26 16:49:32.167  9145  9145 W libbinder.BackendUnifiedServiceManager: Thread Pool max thread count is 0. Cannot cache binder as linkToDeath cannot be implemented. serviceName: android.security.authorization
04-26 16:49:32.168  9020  9112 I MuMain  : ADAPT fx scale: fps=0.6 frameMs=1594.78 1.00->0.90 target=0.55
04-26 16:49:32.168  9020  9112 I MuMain  : PERF fps=0.6 frameMs=1594.78 phase(render=1549.05 pad=0.08 present=45.24) renderLevel=4 fxScale=1.00 maxMsg=70 avg(draw=132 verts=792 im=132 vaD=0 vaC=0 qI=0 qE=0) max(draw=132 verts=792)
04-26 16:49:32.168  9020  9112 I MuMain  : PERF_SCENE world=-1 char(live=0 vis=0 ply=0 mon=0 npc=0 pet=0 prio=0 topMon=-1 x0) obj(live=0 vis=0 op=0 trap=0 topObj=-1 x0)
04-26 16:49:32.168  9020  9112 I MuMain  : PERF_BUCKET objMove(cand=0 upd=0 def=0 n=0 m=0 f=0) objRender(cand=0 draw=0 cull=0 n=0 m=0 f=0 visDraw=0 visDef=0) charMove(cand=0 upd=0 def=0 n=0 m=0 f=0) charRender(cand=0 draw=0 def=0 cull=0 n=0 m=0 f=0)
04-26 16:49:32.169  9020  9112 I MuMain  : PERF_TERRAIN world=-1 normal(block=0 tile=0) grass(block=0 tile=0) after(block=0 tile=0)
04-26 16:49:32.169  9020  9112 I MuMain  : Frame 0 — drawCalls=132 verts=792 paths(im=132 vaD=0 vaC=0 qI=0 qE=0) SDL_err='Couldn't open asset '/storage/emulated/0/Android/data/com.muonline.client/files/Data/fonts/font_.ttf''
04-26 16:49:32.169  9145  9145 W libbinder.BackendUnifiedServiceManager: Thread Pool max thread count is 0. Cannot cache binder as linkToDeath cannot be implemented. serviceName: android.security.compat
04-26 16:49:32.171  9145  9145 W libbinder.BackendUnifiedServiceManager: Thread Pool max thread count is 0. Cannot cache binder as linkToDeath cannot be implemented. serviceName: android.security.identity
04-26 16:49:32.172  9145  9145 W libbinder.BackendUnifiedServiceManager: Thread Pool max thread count is 0. Cannot cache binder as linkToDeath cannot be implemented. serviceName: android.security.legacykeystore
04-26 16:49:32.174  9145  9145 W libbinder.BackendUnifiedServiceManager: Thread Pool max thread count is 0. Cannot cache binder as linkToDeath cannot be implemented. serviceName: android.security.maintenance
04-26 16:49:32.177  9145  9145 W libbinder.BackendUnifiedServiceManager: Thread Pool max thread count is 0. Cannot cache binder as linkToDeath cannot be implemented. serviceName: android.security.metrics
04-26 16:49:32.181  9145  9145 W libbinder.BackendUnifiedServiceManager: Thread Pool max thread count is 0. Cannot cache binder as linkToDeath cannot be implemented. serviceName: android.system.keystore2.IKeystoreService/default
04-26 16:49:32.182  9145  9145 W libbinder.BackendUnifiedServiceManager: Thread Pool max thread count is 0. Cannot cache binder as linkToDeath cannot be implemented. serviceName: android.system.net.netd.INetd/default
04-26 16:49:32.183  9145  9145 E libbinder.IPCThreadState: Binder transaction failure. id: 908813, cmd: BR_FAILED_REPLY (29201), error: -1 (Operation not permitted)
04-26 16:49:32.184  9145  9145 W libbinder.BackendUnifiedServiceManager: Thread Pool max thread count is 0. Cannot cache binder as linkToDeath cannot be implemented. serviceName: android.system.suspend.ISystemSuspend/default
04-26 16:49:32.184  9145  9145 E libbinder.IPCThreadState: Binder transaction failure. id: 908817, cmd: BR_FAILED_REPLY (29201), error: -1 (Operation not permitted)
04-26 16:49:32.185  9145  9145 W libbinder.BackendUnifiedServiceManager: Thread Pool max thread count is 0. Cannot cache binder as linkToDeath cannot be implemented. serviceName: android.system.vold.IVold/default
04-26 16:49:32.185  9145  9145 E libbinder.IPCThreadState: Binder transaction failure. id: 908822, cmd: BR_FAILED_REPLY (29201), error: -1 (Operation not permitted)
04-26 16:49:32.187  9145  9145 W libbinder.BackendUnifiedServiceManager: Thread Pool max thread count is 0. Cannot cache binder as linkToDeath cannot be implemented. serviceName: anomaly_detector
04-26 16:49:32.190  9145  9145 W libbinder.BackendUnifiedServiceManager: Thread Pool max thread count is 0. Cannot cache binder as linkToDeath cannot be implemented. serviceName: app_binding
04-26 16:49:32.190  9145  9145 E libbinder.Parcel: Reading a NULL string not supported here.
04-26 16:49:32.191  9145  9145 W libbinder.BackendUnifiedServiceManager: Thread Pool max thread count is 0. Cannot cache binder as linkToDeath cannot be implemented. serviceName: app_function
04-26 16:49:32.192  9145  9145 W libbinder.BackendUnifiedServiceManager: Thread Pool max thread count is 0. Cannot cache binder as linkToDeath cannot be implemented. serviceName: app_hibernation
04-26 16:49:32.194  9145  9145 W libbinder.BackendUnifiedServiceManager: Thread Pool max thread count is 0. Cannot cache binder as linkToDeath cannot be implemented. serviceName: app_integrity
04-26 16:49:32.197  9145  9145 W libbinder.BackendUnifiedServiceManager: Thread Pool max thread count is 0. Cannot cache binder as linkToDeath cannot be implemented. serviceName: app_prediction
04-26 16:49:32.199  9145  9145 W libbinder.BackendUnifiedServiceManager: Thread Pool max thread count is 0. Cannot cache binder as linkToDeath cannot be implemented. serviceName: app_search
04-26 16:49:32.202  9145  9145 W libbinder.BackendUnifiedServiceManager: Thread Pool max thread count is 0. Cannot cache binder as linkToDeath cannot be implemented. serviceName: appops
04-26 16:49:32.204  9145  9145 W libbinder.BackendUnifiedServiceManager: Thread Pool max thread count is 0. Cannot cache binder as linkToDeath cannot be implemented. serviceName: appwidget
04-26 16:49:32.205  9145  9145 E libbinder.IPCThreadState: Binder transaction failure. id: 908872, cmd: BR_FAILED_REPLY (29201), error: -1 (Operation not permitted)
04-26 16:49:32.206  9145  9145 W libbinder.BackendUnifiedServiceManager: Thread Pool max thread count is 0. Cannot cache binder as linkToDeath cannot be implemented. serviceName: attestation_verification
04-26 16:49:32.207  9145  9145 W libbinder.BackendUnifiedServiceManager: Thread Pool max thread count is 0. Cannot cache binder as linkToDeath cannot be implemented. serviceName: audio
04-26 16:49:32.209  9145  9145 W libbinder.BackendUnifiedServiceManager: Thread Pool max thread count is 0. Cannot cache binder as linkToDeath cannot be implemented. serviceName: auth
04-26 16:49:32.211  9145  9145 W libbinder.BackendUnifiedServiceManager: Thread Pool max thread count is 0. Cannot cache binder as linkToDeath cannot be implemented. serviceName: authentication_policy
04-26 16:49:32.213  9145  9145 W libbinder.BackendUnifiedServiceManager: Thread Pool max thread count is 0. Cannot cache binder as linkToDeath cannot be implemented. serviceName: autofill
04-26 16:49:32.214  9145  9145 W libbinder.BackendUnifiedServiceManager: Thread Pool max thread count is 0. Cannot cache binder as linkToDeath cannot be implemented. serviceName: background_install_control
04-26 16:49:32.215  9145  9145 W libbinder.BackendUnifiedServiceManager: Thread Pool max thread count is 0. Cannot cache binder as linkToDeath cannot be implemented. serviceName: backup
04-26 16:49:32.216  9145  9145 W libbinder.BackendUnifiedServiceManager: Thread Pool max thread count is 0. Cannot cache binder as linkToDeath cannot be implemented. serviceName: battery
04-26 16:49:32.217  9145  9145 E libbinder.Parcel: Reading a NULL string not supported here.
04-26 16:49:32.217  9145  9145 W libbinder.BackendUnifiedServiceManager: Thread Pool max thread count is 0. Cannot cache binder as linkToDeath cannot be implemented. serviceName: batteryproperties
04-26 16:49:32.219  9145  9145 W libbinder.BackendUnifiedServiceManager: Thread Pool max thread count is 0. Cannot cache binder as linkToDeath cannot be implemented. serviceName: batterystats
04-26 16:49:32.221  9145  9145 W libbinder.BackendUnifiedServiceManager: Thread Pool max thread count is 0. Cannot cache binder as linkToDeath cannot be implemented. serviceName: binder_calls_stats
04-26 16:49:32.222  9145  9145 E libbinder.Parcel: Reading a NULL string not supported here.
04-26 16:49:32.222  9145  9145 W libbinder.BackendUnifiedServiceManager: Thread Pool max thread count is 0. Cannot cache binder as linkToDeath cannot be implemented. serviceName: binder_stats_consumer
04-26 16:49:32.224  9145  9145 W libbinder.BackendUnifiedServiceManager: Thread Pool max thread count is 0. Cannot cache binder as linkToDeath cannot be implemented. serviceName: biometric
04-26 16:49:32.225  9145  9145 W libbinder.BackendUnifiedServiceManager: Thread Pool max thread count is 0. Cannot cache binder as linkToDeath cannot be implemented. serviceName: blob_store
04-26 16:49:32.226  9145  9145 W libbinder.BackendUnifiedServiceManager: Thread Pool max thread count is 0. Cannot cache binder as linkToDeath cannot be implemented. serviceName: bluetooth_manager
04-26 16:49:32.227  9145  9145 W libbinder.BackendUnifiedServiceManager: Thread Pool max thread count is 0. Cannot cache binder as linkToDeath cannot be implemented. serviceName: bugreport
04-26 16:49:32.228  9145  9145 W libbinder.BackendUnifiedServiceManager: Thread Pool max thread count is 0. Cannot cache binder as linkToDeath cannot be implemented. serviceName: cacheinfo
04-26 16:49:32.229  9145  9145 E libbinder.Parcel: Reading a NULL string not supported here.
04-26 16:49:32.230  9145  9145 W libbinder.BackendUnifiedServiceManager: Thread Pool max thread count is 0. Cannot cache binder as linkToDeath cannot be implemented. serviceName: carrier_config
04-26 16:49:32.231  9145  9145 W libbinder.BackendUnifiedServiceManager: Thread Pool max thread count is 0. Cannot cache binder as linkToDeath cannot be implemented. serviceName: clipboard
04-26 16:49:32.233  9145  9145 W libbinder.BackendUnifiedServiceManager: Thread Pool max thread count is 0. Cannot cache binder as linkToDeath cannot be implemented. serviceName: color_display
04-26 16:49:32.236  9145  9145 W libbinder.BackendUnifiedServiceManager: Thread Pool max thread count is 0. Cannot cache binder as linkToDeath cannot be implemented. serviceName: companiondevice
04-26 16:49:32.238  9145  9145 W libbinder.BackendUnifiedServiceManager: Thread Pool max thread count is 0. Cannot cache binder as linkToDeath cannot be implemented. serviceName: connectivity
04-26 16:49:32.240  9145  9145 W libbinder.BackendUnifiedServiceManager: Thread Pool max thread count is 0. Cannot cache binder as linkToDeath cannot be implemented. serviceName: connectivity_native
04-26 16:49:32.241  9145  9145 W libbinder.BackendUnifiedServiceManager: Thread Pool max thread count is 0. Cannot cache binder as linkToDeath cannot be implemented. serviceName: connmetrics
04-26 16:49:32.243  9145  9145 W libbinder.BackendUnifiedServiceManager: Thread Pool max thread count is 0. Cannot cache binder as linkToDeath cannot be implemented. serviceName: content
04-26 16:49:32.244  9145  9145 W libbinder.BackendUnifiedServiceManager: Thread Pool max thread count is 0. Cannot cache binder as linkToDeath cannot be implemented. serviceName: content_capture
04-26 16:49:32.246  9145  9145 W libbinder.BackendUnifiedServiceManager: Thread Pool max thread count is 0. Cannot cache binder as linkToDeath cannot be implemented. serviceName: content_safety
04-26 16:49:32.247  9145  9145 W libbinder.BackendUnifiedServiceManager: Thread Pool max thread count is 0. Cannot cache binder as linkToDeath cannot be implemented. serviceName: content_suggestions
04-26 16:49:32.248  9145  9145 W libbinder.BackendUnifiedServiceManager: Thread Pool max thread count is 0. Cannot cache binder as linkToDeath cannot be implemented. serviceName: contexthub
04-26 16:49:32.249  9145  9145 W libbinder.BackendUnifiedServiceManager: Thread Pool max thread count is 0. Cannot cache binder as linkToDeath cannot be implemented. serviceName: contextual_mode
04-26 16:49:32.250  9145  9145 W libbinder.BackendUnifiedServiceManager: Thread Pool max thread count is 0. Cannot cache binder as linkToDeath cannot be implemented. serviceName: country_detector
04-26 16:49:32.251  9145  9145 W libbinder.BackendUnifiedServiceManager: Thread Pool max thread count is 0. Cannot cache binder as linkToDeath cannot be implemented. serviceName: cpuinfo
04-26 16:49:32.252  9145  9145 E libbinder.Parcel: Reading a NULL string not supported here.
04-26 16:49:32.253  9145  9145 W libbinder.BackendUnifiedServiceManager: Thread Pool max thread count is 0. Cannot cache binder as linkToDeath cannot be implemented. serviceName: credential
04-26 16:49:32.254  9145  9145 W libbinder.BackendUnifiedServiceManager: Thread Pool max thread count is 0. Cannot cache binder as linkToDeath cannot be implemented. serviceName: crossprofileapps
04-26 16:49:32.257  9145  9145 W libbinder.BackendUnifiedServiceManager: Thread Pool max thread count is 0. Cannot cache binder as linkToDeath cannot be implemented. serviceName: dataloader_manager
04-26 16:49:32.259  9145  9145 W libbinder.BackendUnifiedServiceManager: Thread Pool max thread count is 0. Cannot cache binder as linkToDeath cannot be implemented. serviceName: dbinfo
04-26 16:49:32.259  9145  9145 E libbinder.Parcel: Reading a NULL string not supported here.
04-26 16:49:32.260  9145  9145 W libbinder.BackendUnifiedServiceManager: Thread Pool max thread count is 0. Cannot cache binder as linkToDeath cannot be implemented. serviceName: device_config
04-26 16:49:32.261  9145  9145 E libbinder.Parcel: Reading a NULL string not supported here.
04-26 16:49:32.261  9145  9145 W libbinder.BackendUnifiedServiceManager: Thread Pool max thread count is 0. Cannot cache binder as linkToDeath cannot be implemented. serviceName: device_identifiers
04-26 16:49:32.262  9145  9145 W libbinder.BackendUnifiedServiceManager: Thread Pool max thread count is 0. Cannot cache binder as linkToDeath cannot be implemented. serviceName: device_lock
04-26 16:49:32.264  9145  9145 W libbinder.BackendUnifiedServiceManager: Thread Pool max thread count is 0. Cannot cache binder as linkToDeath cannot be implemented. serviceName: device_policy
04-26 16:49:32.264  9145  9145 W libbinder.BackendUnifiedServiceManager: Thread Pool max thread count is 0. Cannot cache binder as linkToDeath cannot be implemented. serviceName: device_state
04-26 16:49:32.266  9145  9145 W libbinder.BackendUnifiedServiceManager: Thread Pool max thread count is 0. Cannot cache binder as linkToDeath cannot be implemented. serviceName: deviceidle
04-26 16:49:32.268  9145  9145 W libbinder.BackendUnifiedServiceManager: Thread Pool max thread count is 0. Cannot cache binder as linkToDeath cannot be implemented. serviceName: devicestoragemonitor
04-26 16:49:32.269  9145  9145 E libbinder.Parcel: Reading a NULL string not supported here.
04-26 16:49:32.269  9145  9145 W libbinder.BackendUnifiedServiceManager: Thread Pool max thread count is 0. Cannot cache binder as linkToDeath cannot be implemented. serviceName: diskstats
04-26 16:49:32.270  9145  9145 E libbinder.Parcel: Reading a NULL string not supported here.
04-26 16:49:32.271  9145  9145 W libbinder.BackendUnifiedServiceManager: Thread Pool max thread count is 0. Cannot cache binder as linkToDeath cannot be implemented. serviceName: display
04-26 16:49:32.276  9145  9145 W libbinder.BackendUnifiedServiceManager: Thread Pool max thread count is 0. Cannot cache binder as linkToDeath cannot be implemented. serviceName: domain_verification
04-26 16:49:32.278  9145  9145 W libbinder.BackendUnifiedServiceManager: Thread Pool max thread count is 0. Cannot cache binder as linkToDeath cannot be implemented. serviceName: dreams
04-26 16:49:32.281  9145  9145 W libbinder.BackendUnifiedServiceManager: Thread Pool max thread count is 0. Cannot cache binder as linkToDeath cannot be implemented. serviceName: drm.drmManager
04-26 16:49:32.282  9145  9145 W libbinder.BackendUnifiedServiceManager: Thread Pool max thread count is 0. Cannot cache binder as linkToDeath cannot be implemented. serviceName: dropbox
04-26 16:49:32.283  9145  9145 W libbinder.BackendUnifiedServiceManager: Thread Pool max thread count is 0. Cannot cache binder as linkToDeath cannot be implemented. serviceName: dynamic_instrumentation
04-26 16:49:32.285  9145  9145 W libbinder.BackendUnifiedServiceManager: Thread Pool max thread count is 0. Cannot cache binder as linkToDeath cannot be implemented. serviceName: dynamic_system
04-26 16:49:32.287  9145  9145 W libbinder.BackendUnifiedServiceManager: Thread Pool max thread count is 0. Cannot cache binder as linkToDeath cannot be implemented. serviceName: ecm_enhanced_confirmation
04-26 16:49:32.290  9145  9145 W libbinder.BackendUnifiedServiceManager: Thread Pool max thread count is 0. Cannot cache binder as linkToDeath cannot be implemented. serviceName: emergency_affordance
04-26 16:49:32.291  9145  9145 E libbinder.Parcel: Reading a NULL string not supported here.
04-26 16:49:32.292  9145  9145 W libbinder.BackendUnifiedServiceManager: Thread Pool max thread count is 0. Cannot cache binder as linkToDeath cannot be implemented. serviceName: external_vibrator_service
04-26 16:49:32.294  9145  9145 W libbinder.BackendUnifiedServiceManager: Thread Pool max thread count is 0. Cannot cache binder as linkToDeath cannot be implemented. serviceName: feature_flags
04-26 16:49:32.297  9145  9145 W libbinder.BackendUnifiedServiceManager: Thread Pool max thread count is 0. Cannot cache binder as linkToDeath cannot be implemented. serviceName: file
04-26 16:49:32.298  9145  9145 W libbinder.BackendUnifiedServiceManager: Thread Pool max thread count is 0. Cannot cache binder as linkToDeath cannot be implemented. serviceName: file_integrity
04-26 16:49:32.299  9145  9145 W libbinder.BackendUnifiedServiceManager: Thread Pool max thread count is 0. Cannot cache binder as linkToDeath cannot be implemented. serviceName: fingerprint
04-26 16:49:32.301  9145  9145 W libbinder.BackendUnifiedServiceManager: Thread Pool max thread count is 0. Cannot cache binder as linkToDeath cannot be implemented. serviceName: font
04-26 16:49:32.303  9145  9145 W libbinder.BackendUnifiedServiceManager: Thread Pool max thread count is 0. Cannot cache binder as linkToDeath cannot be implemented. serviceName: game
04-26 16:49:32.305  9145  9145 W libbinder.BackendUnifiedServiceManager: Thread Pool max thread count is 0. Cannot cache binder as linkToDeath cannot be implemented. serviceName: gfxinfo
04-26 16:49:32.306  9145  9145 E libbinder.Parcel: Reading a NULL string not supported here.
04-26 16:49:32.307  9145  9145 W libbinder.BackendUnifiedServiceManager: Thread Pool max thread count is 0. Cannot cache binder as linkToDeath cannot be implemented. serviceName: gpu
04-26 16:49:32.309  9145  9145 W libbinder.BackendUnifiedServiceManager: Thread Pool max thread count is 0. Cannot cache binder as linkToDeath cannot be implemented. serviceName: grammatical_inflection
04-26 16:49:32.312  9145  9145 W libbinder.BackendUnifiedServiceManager: Thread Pool max thread count is 0. Cannot cache binder as linkToDeath cannot be implemented. serviceName: graphicsstats
04-26 16:49:32.314  9145  9145 W libbinder.BackendUnifiedServiceManager: Thread Pool max thread count is 0. Cannot cache binder as linkToDeath cannot be implemented. serviceName: hardware_properties
04-26 16:49:32.316  9145  9145 W libbinder.BackendUnifiedServiceManager: Thread Pool max thread count is 0. Cannot cache binder as linkToDeath cannot be implemented. serviceName: healthconnect
04-26 16:49:32.318  9145  9145 W libbinder.BackendUnifiedServiceManager: Thread Pool max thread count is 0. Cannot cache binder as linkToDeath cannot be implemented. serviceName: imms
04-26 16:49:32.322  9145  9145 W libbinder.BackendUnifiedServiceManager: Thread Pool max thread count is 0. Cannot cache binder as linkToDeath cannot be implemented. serviceName: incidentcompanion
04-26 16:49:32.324  9145  9145 W libbinder.BackendUnifiedServiceManager: Thread Pool max thread count is 0. Cannot cache binder as linkToDeath cannot be implemented. serviceName: incremental
04-26 16:49:32.326  9145  9145 W libbinder.BackendUnifiedServiceManager: Thread Pool max thread count is 0. Cannot cache binder as linkToDeath cannot be implemented. serviceName: input
