--------- beginning of main
04-26 22:15:56.566  1219  1219 D AllAppsStore: notifyUpdate: notifying listeners
04-26 22:15:56.567  1219  1219 V BaseDepthController: Applying blur: 0 to Surface(name=VRI-com.google.android.apps.nexuslauncher/com.google.android.apps.nexuslauncher.NexusLauncherActivity#1790)/@0xd45637f applyImmediately: false
04-26 22:15:56.567  1219  1219 D BaseDepthController: shouldBlurWorkspace: false targetState: Normal currentStableState: Normal mCurrentBlur: 0 mLauncher.getDepthBlurTargets(): [com.android.launcher3.Workspace{573bc60 V.ED..... ........ 0,0-1080,2400 #7f0a047d app:id/workspace}, com.android.launcher3.Hotseat{7eca519 V.ED..... ........ 0,1905-1080,2400 #7f0a01f1 app:id/hotseat}]
04-26 22:15:56.581   566   616 W skia    : AGTM parsing failed flags.readFromStream(s) at 159
04-26 22:15:56.581   566   616 W skia    : AGTM parsing failed flags.readFromStream(s) at 159
04-26 22:15:56.597  1203  1423 D ImsResolver: maybeAddedImsService, packageName: com.muonline.client
04-26 22:15:56.597  1203  1423 V ImsResolver: searchForImsServices: package=com.muonline.client, users=[UserHandle{0}]
04-26 22:15:56.600  1219  1219 V BaseDepthController: Applying blur: 0 to Surface(name=VRI-com.google.android.apps.nexuslauncher/com.google.android.apps.nexuslauncher.NexusLauncherActivity#1790)/@0xd45637f applyImmediately: false
04-26 22:15:56.601  1219  1219 D BaseDepthController: shouldBlurWorkspace: false targetState: Normal currentStableState: Normal mCurrentBlur: 0 mLauncher.getDepthBlurTargets(): [com.android.launcher3.Workspace{573bc60 V.ED..... ........ 0,0-1080,2400 #7f0a047d app:id/workspace}, com.android.launcher3.Hotseat{7eca519 V.ED..... ........ 0,1905-1080,2400 #7f0a01f1 app:id/hotseat}]
04-26 22:15:56.602   736  5314 I Role    : com.google.android.gms not qualified for android.app.role.SYSTEM_DEPENDENCY_INSTALLER due to missing RequiredComponent{mFlags='0', mIntentFilterData=IntentFilterData{mAction='android.content.pm.action.INSTALL_DEPENDENCY', mCategories='[]', mDataScheme='null', mDataType='null'}, mMetaData=[], mPermission='android.permission.BIND_DEPENDENCY_INSTALLER', mQueryFlags=0} Requirement{mFeatureFlag=null, mMinTargetSdkVersion=1}
04-26 22:15:56.602   736  5314 E RoleControllerServiceImpl: Default/fallback role holder package doesn't qualify for the role, package: com.google.android.gms, role: android.app.role.SYSTEM_DEPENDENCY_INSTALLER, user: 0
04-26 22:15:56.604  1203  1423 V ImsResolver: searchForImsServices: package=com.muonline.client, users=[UserHandle{0}]
04-26 22:15:56.606  1219  1219 D b/387844520: getOutlineOffsetX: measured width = 173, mNormalizedIconSize = 159, last updated width = 173
04-26 22:15:56.608  1219  1219 V BaseDepthController: Applying blur: 0 to Surface(name=VRI-com.google.android.apps.nexuslauncher/com.google.android.apps.nexuslauncher.NexusLauncherActivity#1790)/@0xd45637f applyImmediately: false
04-26 22:15:56.608  1219  1219 D BaseDepthController: shouldBlurWorkspace: false targetState: Normal currentStableState: Normal mCurrentBlur: 0 mLauncher.getDepthBlurTargets(): [com.android.launcher3.Workspace{573bc60 V.ED..... ......ID 0,0-1080,2400 #7f0a047d app:id/workspace}, com.android.launcher3.Hotseat{7eca519 V.ED..... .......D 0,1905-1080,2400 #7f0a01f1 app:id/hotseat}]
04-26 22:15:56.613  1203  1203 W VvmPkgInstalledRcvr: carrierVvmPkgAdded: carrier vvm packages doesn't contain com.muonline.client
04-26 22:15:56.615  4376  6338 I PermissionControllerServiceImpl: Updating user sensitive for uid 10230
04-26 22:15:56.638  1219  1219 V BaseDepthController: Applying blur: 0 to Surface(name=VRI-com.google.android.apps.nexuslauncher/com.google.android.apps.nexuslauncher.NexusLauncherActivity#1790)/@0xd45637f applyImmediately: false
04-26 22:15:56.638  1219  1219 D BaseDepthController: shouldBlurWorkspace: false targetState: Normal currentStableState: Normal mCurrentBlur: 0 mLauncher.getDepthBlurTargets(): [com.android.launcher3.Workspace{573bc60 V.ED..... ........ 0,0-1080,2400 #7f0a047d app:id/workspace}, com.android.launcher3.Hotseat{7eca519 V.ED..... ........ 0,1905-1080,2400 #7f0a01f1 app:id/hotseat}]
--------- beginning of system
04-26 22:15:56.641   736  1962 I ImeTracker: system_server:fd26f015: onRequestHide at ORIGIN_SERVER reason IME_REQUESTED_CHANGED_LISTENER fromUser false displayId 0
04-26 22:15:56.642   736   762 I ImeTracker: system_server:fd26f015: onCancelled at PHASE_SERVER_SHOULD_HIDE
04-26 22:15:56.643  1203  1203 D ActivityThread: Package [com.muonline.client] reported as REPLACED, but missing application info. Assuming REMOVED.
04-26 22:15:56.656  1203  1203 D ActivityThread: Package [com.muonline.client] reported as REPLACED, but missing application info. Assuming REMOVED.
04-26 22:15:56.665  1219  1219 V BaseDepthController: Applying blur: 0 to Surface(name=VRI-com.google.android.apps.nexuslauncher/com.google.android.apps.nexuslauncher.NexusLauncherActivity#1790)/@0xd45637f applyImmediately: false
04-26 22:15:56.665  1219  1219 D BaseDepthController: shouldBlurWorkspace: false targetState: Normal currentStableState: Normal mCurrentBlur: 0 mLauncher.getDepthBlurTargets(): [com.android.launcher3.Workspace{573bc60 V.ED..... ........ 0,0-1080,2400 #7f0a047d app:id/workspace}, com.android.launcher3.Hotseat{7eca519 V.ED..... ........ 0,1905-1080,2400 #7f0a01f1 app:id/hotseat}]
04-26 22:15:56.676   566   616 W skia    : AGTM parsing failed flags.readFromStream(s) at 159
04-26 22:15:56.676   566   616 W skia    : AGTM parsing failed flags.readFromStream(s) at 159
04-26 22:15:56.677  1219  1219 V BaseDepthController: Applying blur: 0 to Surface(name=VRI-com.google.android.apps.nexuslauncher/com.google.android.apps.nexuslauncher.NexusLauncherActivity#1790)/@0xd45637f applyImmediately: false
04-26 22:15:56.677  1219  1219 D BaseDepthController: shouldBlurWorkspace: false targetState: Normal currentStableState: Normal mCurrentBlur: 0 mLauncher.getDepthBlurTargets(): [com.android.launcher3.Workspace{573bc60 V.ED..... ........ 0,0-1080,2400 #7f0a047d app:id/workspace}, com.android.launcher3.Hotseat{7eca519 V.ED..... ........ 0,1905-1080,2400 #7f0a01f1 app:id/hotseat}]
04-26 22:15:56.699   736   736 I BackupManagerService: No delayed restore requests for the given dependency: com.muonline.client
04-26 22:15:56.709  4276  4276 I Finsky:background: [2] ajje - Received: android.intent.action.PACKAGE_ADDED, [n076RJLEETmEZ61FBJHrGFwh-0szukPG_iaeB-mhrwQ]
04-26 22:15:56.709  1203  1203 D SatelliteController: packageStateChanged: package:com.muonline.client defaultSmsPackageName: com.google.android.apps.messaging satelliteGatewayServicePackageName: 
04-26 22:15:56.710  1203  1203 D CarrierSvcBindHelper: onHandleForceStop: [com.muonline.client]
04-26 22:15:56.710  1203  1203 D CarrierSvcBindHelper: No carrier app for: 0
04-26 22:15:56.715  1219  1219 V BaseDepthController: Applying blur: 0 to Surface(name=VRI-com.google.android.apps.nexuslauncher/com.google.android.apps.nexuslauncher.NexusLauncherActivity#1790)/@0xd45637f applyImmediately: false
04-26 22:15:56.715  1219  1219 D BaseDepthController: shouldBlurWorkspace: false targetState: Normal currentStableState: Normal mCurrentBlur: 0 mLauncher.getDepthBlurTargets(): [com.android.launcher3.Workspace{573bc60 V.ED..... ........ 0,0-1080,2400 #7f0a047d app:id/workspace}, com.android.launcher3.Hotseat{7eca519 V.ED..... ........ 0,1905-1080,2400 #7f0a01f1 app:id/hotseat}]
04-26 22:15:56.717 14925 14925 D ActivityThread: Package [com.muonline.client] reported as REPLACED, but missing application info. Assuming REMOVED.
04-26 22:15:56.721 14925 14925 D ActivityThread: Package [com.muonline.client] reported as REPLACED, but missing application info. Assuming REMOVED.
04-26 22:15:56.726   736   736 W Looper  : Slow dispatch took 145ms main app=system_server main=true group=FOREGROUND h=android.app.ActivityThread$H c=android.app.LoadedApk$ReceiverDispatcher$Args$$ExternalSyntheticLambda0@b77c6c7 m=0
04-26 22:15:56.727  4164  4164 I Finsky  : [2] ajjp - Received: android.intent.action.PACKAGE_ADDED, [n076RJLEETmEZ61FBJHrGFwh-0szukPG_iaeB-mhrwQ]
04-26 22:15:56.729   736  5314 E RoleControllerServiceImpl: Default/fallback role holder package doesn't qualify for the role, package: com.google.android.gms, role: android.app.role.WALLET, user: 0
04-26 22:15:56.729  1219  1219 V BaseDepthController: Applying blur: 0 to Surface(name=VRI-com.google.android.apps.nexuslauncher/com.google.android.apps.nexuslauncher.NexusLauncherActivity#1790)/@0xd45637f applyImmediately: false
04-26 22:15:56.729  1219  1219 D BaseDepthController: shouldBlurWorkspace: false targetState: Normal currentStableState: Normal mCurrentBlur: 0 mLauncher.getDepthBlurTargets(): [com.android.launcher3.Workspace{573bc60 V.ED..... ........ 0,0-1080,2400 #7f0a047d app:id/workspace}, com.android.launcher3.Hotseat{7eca519 V.ED..... ........ 0,1905-1080,2400 #7f0a01f1 app:id/hotseat}]
04-26 22:15:56.748  1219  1219 V BaseDepthController: Applying blur: 0 to Surface(name=VRI-com.google.android.apps.nexuslauncher/com.google.android.apps.nexuslauncher.NexusLauncherActivity#1790)/@0xd45637f applyImmediately: false
04-26 22:15:56.748   736  5314 W SignedPackage: Cannot get ApplicationInfo for package: com.google.android.devicelockcontroller
04-26 22:15:56.748  1219  1219 D BaseDepthController: shouldBlurWorkspace: false targetState: Normal currentStableState: Normal mCurrentBlur: 0 mLauncher.getDepthBlurTargets(): [com.android.launcher3.Workspace{573bc60 V.ED..... ........ 0,0-1080,2400 #7f0a047d app:id/workspace}, com.android.launcher3.Hotseat{7eca519 V.ED..... ........ 0,1905-1080,2400 #7f0a01f1 app:id/hotseat}]
04-26 22:15:56.749   736  2215 D ActivityManager: sync unfroze 14925 com.google.android.gms for 6
04-26 22:15:56.759  4164 23243 I Finsky  : [531] SCH: Received scheduling request: Id: 12-1, Constraints: [{ L: 15000, D: 86400000, C: CHARGING_NONE, I: IDLE_NONE, N: NET_ANY, B: BATTERY_ANY }]
04-26 22:15:56.766   736   736 D ActivityThread: Package [com.muonline.client] reported as REPLACED, but missing application info. Assuming REMOVED.
04-26 22:15:56.766   736   736 D ActivityThread: Package [com.muonline.client] reported as REPLACED, but missing application info. Assuming REMOVED.
04-26 22:15:56.773  4276 23242 I Finsky:background: [251] Wrote row to frosting DB: 3248
04-26 22:15:56.777  1219  1219 V BaseDepthController: Applying blur: 0 to Surface(name=VRI-com.google.android.apps.nexuslauncher/com.google.android.apps.nexuslauncher.NexusLauncherActivity#1790)/@0xd45637f applyImmediately: false
04-26 22:15:56.777  1219  1219 D BaseDepthController: shouldBlurWorkspace: false targetState: Normal currentStableState: Normal mCurrentBlur: 0 mLauncher.getDepthBlurTargets(): [com.android.launcher3.Workspace{573bc60 V.ED..... ........ 0,0-1080,2400 #7f0a047d app:id/workspace}, com.android.launcher3.Hotseat{7eca519 V.ED..... ........ 0,1905-1080,2400 #7f0a01f1 app:id/hotseat}]
04-26 22:15:56.784   736  1640 W ActivityTaskManager: callingPackage for (uid=2000, pid=23247) has no WPC
04-26 22:15:56.792   566   616 W skia    : AGTM parsing failed flags.readFromStream(s) at 159
04-26 22:15:56.792   566   616 W skia    : AGTM parsing failed flags.readFromStream(s) at 159
04-26 22:15:56.793  1219  1219 V BaseDepthController: Applying blur: 0 to Surface(name=VRI-com.google.android.apps.nexuslauncher/com.google.android.apps.nexuslauncher.NexusLauncherActivity#1790)/@0xd45637f applyImmediately: false
04-26 22:15:56.794  1219  1219 D BaseDepthController: shouldBlurWorkspace: false targetState: Normal currentStableState: Normal mCurrentBlur: 0 mLauncher.getDepthBlurTargets(): [com.android.launcher3.Workspace{573bc60 V.ED..... ........ 0,0-1080,2400 #7f0a047d app:id/workspace}, com.android.launcher3.Hotseat{7eca519 V.ED..... ........ 0,1905-1080,2400 #7f0a01f1 app:id/hotseat}]
04-26 22:15:56.794  4276  4311 I Finsky:background: [52] IQ:PSL: skipping onPackageRemoved(replacing=true) for untracked package=com.muonline.client
04-26 22:15:56.800  4276 23242 I Finsky:background: [251] Wrote row to frosting DB: 3249
04-26 22:15:56.803  4276  4276 I Finsky:background: [2] ajje - Received: android.intent.action.PACKAGE_ADDED, [n076RJLEETmEZ61FBJHrGFwh-0szukPG_iaeB-mhrwQ]
04-26 22:15:56.812   736  1640 V GrammaticalInflectionUtils: AttributionSource: android.content.AttributionSource@d322a4fb does not have READ_SYSTEM_GRAMMATICAL_GENDER permission.
04-26 22:15:56.815  4164  4164 I Finsky  : [2] DTU: Received onPackageAdded, replacing: true
04-26 22:15:56.817  4164 23243 I Finsky  : [531] SCH: Received scheduling request: Id: 12-1, Constraints: [{ L: 15000, D: 86400000, C: CHARGING_NONE, I: IDLE_NONE, N: NET_ANY, B: BATTERY_ANY }]
04-26 22:15:56.821  4276 23242 I Finsky:background: [251] Wrote row to frosting DB: 3250
04-26 22:15:56.830 14925 14925 D BoundBrokerSvc: onUnbind: Intent { act=com.google.android.gms.common.BIND_SHARED_PREFS xflg=0x4 pkg=com.google.android.gms }
04-26 22:15:56.838  4276  4276 I Finsky:background: [2] ajje - Deduping intent android.intent.action.PACKAGE_ADDED
04-26 22:15:56.840  1219  1219 V BaseDepthController: Applying blur: 0 to Surface(name=VRI-com.google.android.apps.nexuslauncher/com.google.android.apps.nexuslauncher.NexusLauncherActivity#1790)/@0xd45637f applyImmediately: false
04-26 22:15:56.841  1219  1219 D BaseDepthController: shouldBlurWorkspace: false targetState: Normal currentStableState: Normal mCurrentBlur: 0 mLauncher.getDepthBlurTargets(): [com.android.launcher3.Workspace{573bc60 V.ED..... ........ 0,0-1080,2400 #7f0a047d app:id/workspace}, com.android.launcher3.Hotseat{7eca519 V.ED..... ........ 0,1905-1080,2400 #7f0a01f1 app:id/hotseat}]
04-26 22:15:56.846  4276 23242 I Finsky:background: [251] Wrote row to frosting DB: 3251
04-26 22:15:56.859   736  1640 I ActivityTaskManager: Add Task{9c6bce8 #120 type=standard A=10230:com.muonline.client} to hidden list because adding Task{4a0b966 #121 type=standard A=10230:com.muonline.client}
04-26 22:15:56.861  1219  1219 D RecentsView: onTaskDisplayChanged: 121, new displayId = 0
04-26 22:15:56.862  1219  1219 V BaseDepthController: Applying blur: 0 to Surface(name=VRI-com.google.android.apps.nexuslauncher/com.google.android.apps.nexuslauncher.NexusLauncherActivity#1790)/@0xd45637f applyImmediately: false
04-26 22:15:56.862  1219  1219 D BaseDepthController: shouldBlurWorkspace: false targetState: Normal currentStableState: Normal mCurrentBlur: 0 mLauncher.getDepthBlurTargets(): [com.android.launcher3.Workspace{573bc60 V.ED..... ........ 0,0-1080,2400 #7f0a047d app:id/workspace}, com.android.launcher3.Hotseat{7eca519 V.ED..... ........ 0,1905-1080,2400 #7f0a01f1 app:id/hotseat}]
04-26 22:15:56.870   736  1640 V ActivityTaskManager: TaskLaunchParamsModifier: phase=3 task=Task{4a0b966 #121 type=standard A=10230:com.muonline.client} activity=ActivityRecord{151092877 u0 com.muonline.client/.PreloadActivity t-1} display-from-task=0 display-id=0 task-display-area-windowing-mode=1 suggested-display-area=DefaultTaskDisplayArea@125646128 inherit-from-task=fullscreen non-freeform-task-display-area display-area=DefaultTaskDisplayArea@125646128 skip-bounds-fullscreen
04-26 22:15:56.871   736  1640 I ActivityTaskManager: START u0 {flg=0x10000000 xflg=0x5 cmp=com.muonline.client/.PreloadActivity} with LAUNCH_SINGLE_TASK from uid 2000 (com.android.shell) (BAL_ALLOW_PERMISSION) result code=0
04-26 22:15:56.872  1036  1091 V WindowManagerShell: Transition requested (#159): android.os.BinderProxy@8f93e0b TransitionRequestInfo { type = OPEN, triggerTask = TaskInfo{userId=0 taskId=121 effectiveUid=10230 displayId=0 isRunning=true baseIntent=Intent { flg=0x10000000 cmp=com.muonline.client/.PreloadActivity } baseActivity=ComponentInfo{com.muonline.client/com.muonline.client.PreloadActivity} topActivity=ComponentInfo{com.muonline.client/com.muonline.client.PreloadActivity} origActivity=null realActivity=ComponentInfo{com.muonline.client/com.muonline.client.PreloadActivity} realActivityIsAppLockEnabled=false numActivities=1 lastActiveTime=24331461 supportsMultiWindow=true supportsMultiWindowWithoutConstraints=true resizeMode=1 isResizeable=true minWidth=-1 minHeight=-1 defaultMinSize=220 token=WCT{android.os.BinderProxy@a88f4e8} topActivityType=1 pictureInPictureParams=null shouldDockBigOverlays=false launchIntoPipHostTaskId=-1 lastParentTaskIdBeforePip=-1 displayCutoutSafeInsets=Rect(132, 0 - 0, 0) topActivityInfo=ActivityInfo{a5f2701 com.muonline.client.PreloadActivity} launchCookies=[] positionInParent=Point(0, 0) parentTaskId=-1 isFocused=false isInteractive=false isVisible=false isVisibleRequested=false isTopActivityNoDisplay=false isSleeping=false locusId=null displayAreaFeatureId=1 isTopActivityTransparent=false isActivityStackTransparent=false lastNonFullscreenBounds=null leafTaskBoundsFromOptions= false capturedLink=null capturedLinkTimestamp=0 requestedVisibleTypes=503 topActivityRequestOpenInBrowserEducationTimestamp=0 appCompatTaskInfo=AppCompatTaskInfo { topActivityInSizeCompat=false isLeafTask= true eligibleForLetterboxEducation= false isLetterboxEducationEnabled= true isLetterboxDoubleTapEnabled= false eligibleForUserAspectRatioButton= false topActivityBoundsLetterboxed= false isFromLetterboxDoubleTap= false topActivityLetterboxVerticalPosition= -1 topActivityLetterboxHorizontalPosition= -1 topActivityLetterboxWidth=-1 topActivityLetterboxHeight=-1 topActivityAppBounds=Rect(132, 0 - 2400, 1017) isUserFullscreenOverrideEnabled=false isSystemFullscreenOverrideEnabled=false hasMinAspectRatioOverride=false topActivityLetterboxBounds=null topNonResizableActivityAspectRatio=-1.0} topActivityMainWindowFrame=null isAppBubble=false}, pipChange = null, remoteTransitionInfo = null, displayChange = null, requestedLocation = null, userChange = null, windowingLayerChange = null, fullscreenRequestChange = null, flags = 0, debugId = 159 }
04-26 22:15:56.872  1036  1091 W DisconnectHandler: No disconnect change found in the transition, not handling request.
04-26 22:15:56.872  1036  1091 V ShellDesktopMode: DesktopTasksController: skipping handleRequest reason=triggerTask's display doesn't support desktop mode
04-26 22:15:56.873  1036  1091 D ShellSplitScreen: logExit: no-op, mLoggerSessionId is null
04-26 22:15:56.878   566   996 I libbinder.BpBinder: onLastStrongRef automatically unlinking death recipients for binder (0x7eaa3604d270) with descriptor: '(not cached)'
04-26 22:15:56.878  4164  4164 I Finsky  : [2] ajjp - Received: android.intent.action.PACKAGE_ADDED, [n076RJLEETmEZ61FBJHrGFwh-0szukPG_iaeB-mhrwQ]
04-26 22:15:56.879  1219  1219 D BaseActivity: Launcher flags updated: [state_started|state_resumed|state_deferred_resumed|state_window_focused|state_user_active] -[]
04-26 22:15:56.879  4276  4276 I Finsky:background: [2] ajje - Received: android.intent.action.PACKAGE_ADDED, [n076RJLEETmEZ61FBJHrGFwh-0szukPG_iaeB-mhrwQ]
04-26 22:15:56.879   736   753 W InputChannel-JNI: Channel already disposed.
04-26 22:15:56.884  1219  1219 D BaseActivity: Launcher flags updated: [state_started|state_resumed|state_deferred_resumed|state_window_focused] -[state_user_active]
04-26 22:15:56.886  1219  1219 D BaseActivity: Launcher flags updated: [state_started|state_window_focused] -[state_resumed|state_deferred_resumed]
04-26 22:15:56.887  1219  1219 W SplitSelectStateCtor: Missing session instanceIds
04-26 22:15:56.887  1219  1219 D StatsLog: LAUNCHER_SPLIT_SELECTION_EXIT_INTERRUPTED
04-26 22:15:56.891  1036  1132 D WindowOnBackDispatcher: setTopOnBackInvokedCallback (unwrapped): android.view.ViewRootImpl$$ExternalSyntheticLambda13@9dd24ad
04-26 22:15:56.891  4276 23242 I Finsky:background: [251] Wrote row to frosting DB: 3252
04-26 22:15:56.892  1036  1091 D WindowManagerShell: setLauncherKeepClearAreaHeight: visible=false, height=495
04-26 22:15:56.903   736  1145 V WindowManager: Defer transition id=159 for TaskFragmentTransaction=android.os.Binder@5a3cb7f
04-26 22:15:56.905   736   999 D WindowManager: setClientSurface Surface(name=VRI-Splash Screen com.muonline.client#1802)/@0xd2f395 for be0b0fa Splash Screen com.muonline.client
04-26 22:15:56.906  1219  1219 V BaseDepthController: Applying blur: 0 to Surface(name=VRI-com.google.android.apps.nexuslauncher/com.google.android.apps.nexuslauncher.NexusLauncherActivity#1790)/@0xd45637f applyImmediately: false
04-26 22:15:56.906  4276  4276 I Finsky:background: [2] ajje - Deduping intent android.intent.action.PACKAGE_ADDED
04-26 22:15:56.906  1219  1219 D BaseDepthController: shouldBlurWorkspace: false targetState: Normal currentStableState: Normal mCurrentBlur: 0 mLauncher.getDepthBlurTargets(): [com.android.launcher3.Workspace{573bc60 V.ED..... ........ 0,0-1080,2400 #7f0a047d app:id/workspace}, com.android.launcher3.Hotseat{7eca519 V.ED..... ........ 0,1905-1080,2400 #7f0a01f1 app:id/hotseat}]
04-26 22:15:56.906   736   736 W Looper  : Slow dispatch took 140ms main app=system_server main=true group=FOREGROUND h=android.app.ActivityThread$H c=android.app.LoadedApk$ReceiverDispatcher$Args$$ExternalSyntheticLambda0@a474caa m=0
04-26 22:15:56.907  4276  4310 I Finsky:background: [51] RECEIVER_PACKAGE_MONITOR_BACKGROUND#logWorkEndAndFinishGoAsync: SUCCESS
04-26 22:15:56.918   736  1095 D CoreBackPreview: Window{be0b0fa u0 Splash Screen com.muonline.client}: Setting back callback OnBackInvokedCallbackInfo{mCallback=android.window.IOnBackInvokedCallback$Stub$Proxy@6cccc38, mPriority=0, mIsAnimationCallback=false, mOverrideBehavior=0}
04-26 22:15:56.926   736   753 V WindowManager: Continue transition id=159 for TaskFragmentTransaction=android.os.Binder@5a3cb7f
04-26 22:15:56.929  1036  1132 I Surface : Creating surface for consumer unnamed-1036-37 with slotExpansion=1 for 64 slots
04-26 22:15:56.929   736   736 D AS.AudioService: received android.intent.action.PACKAGE_REPLACED replacing: true archival: false for package com.muonline.client with uid 10230
04-26 22:15:56.930   736   736 D AppSearchAppsIndexerManagerS: userid in package receiver: 10230
04-26 22:15:56.933  1036  1132 I Surface : Creating surface for consumer VRI[client]#37(BLAST Consumer)37 with slotExpansion=1 for 64 slots
04-26 22:15:56.934   736   762 V GrammaticalInflectionUtils: AttributionSource: android.content.AttributionSource@d322a4fb does not have READ_SYSTEM_GRAMMATICAL_GENDER permission.
04-26 22:15:56.935   736   736 V AccessibilityManagerService: onUserStateChangedLocked for userId: 0, forceUpdate: false
04-26 22:15:56.935   736   736 V AccessibilityUserState: updateShortcutTargets: type:accessibility_shortcut_target_service, current:{}, new:{}
04-26 22:15:56.935   736   736 V AccessibilityUserState: updateShortcutTargets: type:accessibility_button_targets, current:{}, new:{}
04-26 22:15:56.935   736   736 V AccessibilityUserState: updateShortcutTargets: type:accessibility_gesture_targets, current:{}, new:{}
04-26 22:15:56.935   736   736 V AccessibilityUserState: updateShortcutTargets: type:accessibility_qs_targets, current:{}, new:{}
04-26 22:15:56.936   736   736 V AccessibilityUserState: updateShortcutTargets: type:accessibility_key_gesture_targets, current:{}, new:{}
04-26 22:15:56.936   736   736 V AccessibilityUserState: updateShortcutTargets: type:accessibility_top_row_key_targets, current:{}, new:{}
04-26 22:15:56.936   736   736 V AccessibilityUserState: updateShortcutTargets: type:accessibility_quick_access_targets, current:{}, new:{}
04-26 22:15:56.939  1036  1091 V RecentTasksController: Notify recent tasks changed
04-26 22:15:56.939  1036  1091 D ShellDesktopMode: DesktopRepository(0): Removes freeform task: taskId=120
04-26 22:15:56.939  1036  1091 W ShellDesktopMode: DesktopRepository(0): No display id found for task: taskId=120
04-26 22:15:56.939  1036  1091 V RecentTasksController: Notify recent tasks changed
04-26 22:15:56.947   499   499 D Zygote  : Forked child process 23264
04-26 22:15:56.947   736   736 W MagnificationConnectionManager: requestConnection duplicated request: connect=false, mConnectionState=DISCONNECTED
04-26 22:15:56.948  4164  4164 I Finsky  : [2] ajjp - Deduping intent android.intent.action.PACKAGE_ADDED
04-26 22:15:56.950   736   736 W libbinder.IPCThreadState: Sending oneway calls to frozen process.
04-26 22:15:56.950   736   736 W libbinder.IPCThreadState: Sending oneway calls to frozen process.
04-26 22:15:56.950   736   736 W libbinder.IPCThreadState: Sending oneway calls to frozen process.
04-26 22:15:56.952   736   736 W libbinder.IPCThreadState: Sending oneway calls to frozen process.
04-26 22:15:56.953   736   736 V AccessibilityManagerService: onUserStateChangedLocked for userId: 0, forceUpdate: false
04-26 22:15:56.954   736   736 V AccessibilityUserState: updateShortcutTargets: type:accessibility_shortcut_target_service, current:{}, new:{}
04-26 22:15:56.954   736   736 V AccessibilityUserState: updateShortcutTargets: type:accessibility_button_targets, current:{}, new:{}
04-26 22:15:56.954   736   736 V AccessibilityUserState: updateShortcutTargets: type:accessibility_gesture_targets, current:{}, new:{}
04-26 22:15:56.954   736   736 V AccessibilityUserState: updateShortcutTargets: type:accessibility_qs_targets, current:{}, new:{}
04-26 22:15:56.954   736   736 V AccessibilityUserState: updateShortcutTargets: type:accessibility_key_gesture_targets, current:{}, new:{}
04-26 22:15:56.954   736   736 V AccessibilityUserState: updateShortcutTargets: type:accessibility_top_row_key_targets, current:{}, new:{}
04-26 22:15:56.954   736   736 V AccessibilityUserState: updateShortcutTargets: type:accessibility_quick_access_targets, current:{}, new:{}
04-26 22:15:56.954   736   736 W MagnificationConnectionManager: requestConnection duplicated request: connect=false, mConnectionState=DISCONNECTED
04-26 22:15:56.956   736   736 W libbinder.IPCThreadState: Sending oneway calls to frozen process.
04-26 22:15:56.957   736   736 W libbinder.IPCThreadState: Sending oneway calls to frozen process.
04-26 22:15:56.957   736   736 W libbinder.IPCThreadState: Sending oneway calls to frozen process.
04-26 22:15:56.958   736   736 W libbinder.IPCThreadState: Sending oneway calls to frozen process.
04-26 22:15:56.963   736   736 W AlarmManager: Package com.muonline.client, uid 10230 lost permission to set exact alarms!
04-26 22:15:56.964  1219  1219 V BaseDepthController: Applying blur: 0 to Surface(name=VRI-com.google.android.apps.nexuslauncher/com.google.android.apps.nexuslauncher.NexusLauncherActivity#1790)/@0xd45637f applyImmediately: false
04-26 22:15:56.964  1219  1219 D BaseDepthController: setEarlyWakeup: false
04-26 22:15:56.964  1219  1219 D BaseDepthController: shouldBlurWorkspace: false targetState: Normal currentStableState: Normal mCurrentBlur: 0 mLauncher.getDepthBlurTargets(): [com.android.launcher3.Workspace{573bc60 V.ED..... ........ 0,0-1080,2400 #7f0a047d app:id/workspace}, com.android.launcher3.Hotseat{7eca519 V.ED..... ........ 0,1905-1080,2400 #7f0a01f1 app:id/hotseat}]
04-26 22:15:56.970  4164  4164 I Finsky  : [2] ajjp - Received: android.intent.action.PACKAGE_ADDED, [n076RJLEETmEZ61FBJHrGFwh-0szukPG_iaeB-mhrwQ]
04-26 22:15:56.977   736  1076 D IntervalStats: Unable to parse usage stats packages: [266, 267, 268, 269, 270, 271, 272, 273]
04-26 22:15:56.979   736  1076 D IntervalStats: Unable to parse usage stats packages: [273]
04-26 22:15:56.979 23264 23264 I Zygote  : Process 23264 created for com.muonline.client
04-26 22:15:56.980 23264 23264 I muonline.client: Using generational CollectorTypeCMC GC.
04-26 22:15:56.981 23264 23264 W muonline.client: Unexpected CPU variant for x86: x86_64.
04-26 22:15:56.981 23264 23264 W muonline.client: Known variants: atom, sandybridge, silvermont, goldmont, goldmont-plus, goldmont-without-sha-xsaves, tremont, kabylake, alderlake, lunarlake, default
04-26 22:15:56.983   736  1076 D IntervalStats: Unable to parse usage stats packages: [273]
04-26 22:15:56.992   736   769 W ActivityManager: Slow operation: 58ms so far, now at startProcess: done updating battery stats
04-26 22:15:56.993   736   769 W ActivityManager: Slow operation: 58ms so far, now at startProcess: building log message
04-26 22:15:56.993   736   769 I ActivityManager: Start proc 23264:com.muonline.client/u0a230 for next-top-activity {com.muonline.client/com.muonline.client.PreloadActivity}
04-26 22:15:56.993   736   769 W ActivityManager: Slow operation: 59ms so far, now at startProcess: starting to update pids map
04-26 22:15:56.993   736   736 W libbinder.IPCThreadState: Sending oneway calls to frozen process.
04-26 22:15:56.995  4511  4518 W .apps.wellbeing: Suspending all threads took: 41.361ms
04-26 22:15:56.995   736   769 W ActivityManager: Slow operation: 61ms so far, now at startProcess: done updating pids map
04-26 22:15:56.997   736   736 W libbinder.IPCThreadState: Sending oneway calls to frozen process.
04-26 22:15:56.998   736   736 W libbinder.IPCThreadState: Sending oneway calls to frozen process.
04-26 22:15:56.998   736   736 W libbinder.IPCThreadState: Sending oneway calls to frozen process.
04-26 22:15:57.001 23264 23264 D nativeloader: Load libframework-connectivity-tiramisu-jni.so using APEX ns com_android_tethering for caller /apex/com.android.tethering/javalib/framework-connectivity-t.jar: ok
04-26 22:15:57.001   736   736 W libbinder.IPCThreadState: Sending oneway calls to frozen process.
04-26 22:15:57.002   736   736 W libbinder.IPCThreadState: Sending oneway calls to frozen process.
04-26 22:15:57.002   736   736 W libbinder.IPCThreadState: Sending oneway calls to frozen process.
04-26 22:15:57.002   736   736 W libbinder.IPCThreadState: Sending oneway calls to frozen process.
04-26 22:15:57.004   736   736 W Looper  : Drained
04-26 22:15:57.010  1036  1091 V RecentTasksController: Notify recent tasks changed
04-26 22:15:57.018   736  1076 D IntervalStats: Unable to parse usage stats packages: [273]
04-26 22:15:57.018  1036  1939 V WindowManagerShell: onTransitionReady(transaction=3161095946804)
04-26 22:15:57.019   736  1076 D IntervalStats: Unable to parse usage stats packages: [273, 276, 277, 278]
04-26 22:15:57.019  4164  4164 I Finsky  : [2] ajjp - Deduping intent android.intent.action.PACKAGE_ADDED
04-26 22:15:57.020  1036  1091 V WindowManagerShell: onTransitionReady (#159) android.os.BinderProxy@8f93e0b: {id=159 t=OPEN f=0x0 trk=0 r=[0@Point(0, 0)] c=[
04-26 22:15:57.020  1036  1091 V WindowManagerShell:         {m=OPEN f=MOVE_TO_TOP leash=Surface(name=Task=121#1799)/@0x8adad3a sb=Rect(0, 0 - 2400, 1080) eb=Rect(0, 0 - 2400, 1080) epz=Point(2400, 1080) d=0 taskParent=-1 winMode=1 userId=0},
04-26 22:15:57.020  1036  1091 V WindowManagerShell:         {m=TO_BACK f=SHOW_WALLPAPER leash=Surface(name=Task=1#34)/@0x1969deb sb=Rect(0, 0 - 2400, 1080) eb=Rect(0, 0 - 2400, 1080) epz=Point(2400, 1080) d=0 taskParent=-1 winMode=1 userId=0},
04-26 22:15:57.020  1036  1091 V WindowManagerShell:         {m=TO_BACK f=IS_WALLPAPER leash=Surface(name=Surface(name=WallpaperWindowToken{3bea6dd}#54)/@0x4e520e1 - rotation-leash#1794)/@0x10748 sb=Rect(0, 0 - 1080, 2400) eb=Rect(0, 0 - 2400, 1080) epz=Point(2400, 1080) d=0 r=0->1:-1}
04-26 22:15:57.020  1036  1091 V WindowManagerShell:     ]}
04-26 22:15:57.020  4164  4208 I Finsky  : [44] RECEIVER_PACKAGE_MONITOR#logWorkEndAndFinishGoAsync: SUCCESS
04-26 22:15:57.022   736  1076 D IntervalStats: Unable to parse usage stats packages: [278, 280, 281, 282, 283]
04-26 22:15:57.025   736  1076 D IntervalStats: Unable to parse usage stats packages: [283]
04-26 22:15:57.026   736  1076 D IntervalStats: Unable to parse usage stats packages: [283]
04-26 22:15:57.026   736  1076 D IntervalStats: Unable to parse usage stats packages: [283, 284]
04-26 22:15:57.029   736   759 V WindowManager: Sent Transition (#159) createdAt=04-26 22:15:56.814 via request=TransitionRequestInfo { type = OPEN, triggerTask = TaskInfo{userId=0 taskId=121 effectiveUid=10230 displayId=0 isRunning=true baseIntent=Intent { flg=0x10000000 cmp=com.muonline.client/.PreloadActivity } baseActivity=ComponentInfo{com.muonline.client/com.muonline.client.PreloadActivity} topActivity=ComponentInfo{com.muonline.client/com.muonline.client.PreloadActivity} origActivity=null realActivity=ComponentInfo{com.muonline.client/com.muonline.client.PreloadActivity} realActivityIsAppLockEnabled=false numActivities=1 lastActiveTime=24331461 supportsMultiWindow=true supportsMultiWindowWithoutConstraints=true resizeMode=1 isResizeable=true minWidth=-1 minHeight=-1 defaultMinSize=220 token=WCT{RemoteToken{b74420d Task{4a0b966 #121 type=standard A=10230:com.muonline.client}}} topActivityType=1 pictureInPictureParams=null shouldDockBigOverlays=false launchIntoPipHostTaskId=-1 lastParentTaskIdBeforePip=-1 displayCutoutSafeInsets=Rect(132, 0 - 0, 0) topActivityInfo=ActivityInfo{fae45c2 com.muonline.client.PreloadActivity} launchCookies=[] positionInParent=Point(0, 0) parentTaskId=-1 isFocused=false isInteractive=false isVisible=false isVisibleRequested=false isTopActivityNoDisplay=false isSleeping=false locusId=null displayAreaFeatureId=1 isTopActivityTransparent=false isActivityStackTransparent=false lastNonFullscreenBounds=null leafTaskBoundsFromOptions= false capturedLink=null capturedLinkTimestamp=0 requestedVisibleTypes=503 topActivityRequestOpenInBrowserEducationTimestamp=0 appCompatTaskInfo=AppCompatTaskInfo { topActivityInSizeCompat=false isLeafTask= true eligibleForLetterboxEducation= false isLetterboxEducationEnabled= true isLetterboxDoubleTapEnabled= false eligibleForUserAspectRatioButton= false topActivityBoundsLetterboxed= false isFromLetterboxDoubleTap= false topActivityLetterboxVerticalPosition= -1 topActivityLetterboxHorizontalPosition= -1 topActivityLetterboxWidth=-1 topActivityLetterboxHeight=-1 topActivityAppBounds=Rect(132, 0 - 2400, 1017) isUserFullscreenOverrideEnabled=false isSystemFullscreenOverrideEnabled=false hasMinAspectRatioOverride=false topActivityLetterboxBounds=null topNonResizableActivityAspectRatio=-1.0} topActivityMainWindowFrame=null isAppBubble=false}, pipChange = null, remoteTransitionInfo = null, displayChange = null, requestedLocation = null, userChange = null, windowingLayerChange = null, fullscreenRequestChange = null, flags = 0, debugId = 159 }
04-26 22:15:57.029   736   759 V WindowManager:     startWCT=WindowContainerTransaction { changes= {} hops= [] flags= 0 errorCallbackToken=null taskFragmentOrganizer=null }
04-26 22:15:57.029   736   759 V WindowManager:     info={id=159 t=OPEN f=0x0 trk=0 r=[0@Point(0, 0)] c=[
04-26 22:15:57.029   736   759 V WindowManager:         {WCT{RemoteToken{b74420d Task{4a0b966 #121 type=standard A=10230:com.muonline.client}}} m=OPEN f=MOVE_TO_TOP leash=Surface(name=Task=121#1799)/@0x9a6a92d sb=Rect(0, 0 - 2400, 1080) eb=Rect(0, 0 - 2400, 1080) epz=Point(2400, 1080) d=0 taskParent=-1 winMode=1 userId=0},
04-26 22:15:57.029   736   759 V WindowManager:         {WCT{RemoteToken{4853fd5 Task{13e540b #1 type=home}}} m=TO_BACK f=SHOW_WALLPAPER leash=Surface(name=Task=1#34)/@0x499be06 sb=Rect(0, 0 - 2400, 1080) eb=Rect(0, 0 - 2400, 1080) epz=Point(2400, 1080) d=0 taskParent=-1 winMode=1 userId=0},
04-26 22:15:57.029   736   759 V WindowManager:         {m=TO_BACK f=IS_WALLPAPER leash=Surface(name=Surface(name=WallpaperWindowToken{3bea6dd}#54)/@0x4e520e1 - rotation-leash#1794)/@0xfadb93e sb=Rect(0, 0 - 1080, 2400) eb=Rect(0, 0 - 2400, 1080) epz=Point(2400, 1080) d=0 r=0->1:-1}
04-26 22:15:57.029   736   759 V WindowManager:     ]}
04-26 22:15:57.034   736  1602 W InputChannel-JNI: Channel already disposed.
04-26 22:15:57.041   736  1640 E AppOps  : attributionTag VCN not declared in manifest of android
04-26 22:15:57.043  1036  1091 V WindowManagerShell: Transition (#159) android.os.BinderProxy@8f93e0b@0 ready while (#158) android.os.BinderProxy@1e70046@0 is still animating. Notify the animating transition in case they can be merged
04-26 22:15:57.047  1036  1091 V WindowManagerShell:    Requesting merge (#159) into remote: RemoteTransition { remoteTransition = android.window.IRemoteTransition$Stub$Proxy@fea59eb, appThread = android.app.IApplicationThread$Stub$Proxy@4f01348, debugName = QuickstepLaunchHome, filter = {types=[] flags=0x0 notFlags=0x100 checks=[{atype=home independent=true modes=[OPEN,TO_FRONT] flags=NONE mustBeTask=false order=ANY topActivity=ComponentInfo{com.google.android.apps.nexuslauncher/com.google.android.apps.nexuslauncher.NexusLauncherActivity} launchCookie=null windowingMode=undefined isCrossDisplayMove=false},{atype=standard independent=true modes=[CLOSE,TO_BACK] flags=NONE mustBeTask=false order=ANY topActivity=null launchCookie=null windowingMode=undefined isCrossDisplayMove=false},{NOT atype=undefined independent=true modes=[] flags=NONE mustBeTask=true order=ANY topActivity=null launchCookie=null customAnim=true windowingMode=undefined isCrossDisplayMove=false}]} }
04-26 22:15:57.052 14925 23284 I AppBackupPkgRemovedIO: Backup state cleanup on uninstall is disabled. [CONTEXT service_id=229 ]
04-26 22:15:57.054  1036  1091 V ShellTaskOrganizer: Task appeared taskId=121 listener=FullscreenTaskListener
04-26 22:15:57.056  1036  1091 V ShellTaskOrganizer: Fullscreen Task Appeared: #121
04-26 22:15:57.057  1036  1091 V RecentTasksController: Notify recent tasks changed
04-26 22:15:57.057  1036  1939 V WindowManagerShell: Received remote transition finished callback for (#158)
04-26 22:15:57.058  1036  1091 V WindowManagerShell: Transition animation finished (aborted=false), notifying core (#158) android.os.BinderProxy@1e70046@0
04-26 22:15:57.058 14925 23284 I PackageInstalledIntentO: Test flag v2 is disabled [CONTEXT service_id=469 ]
04-26 22:15:57.072   736   759 V WindowManager: Finish Transition (#158): created at 04-26 22:15:55.902 collect-started=0.088ms request-sent=0.16ms started=16.0ms ready=26.32ms sent=163.954ms commit=38.715ms finished=1162.43ms
04-26 22:15:57.078   736   836 V SafetySourceDataValidat: Package: com.android.vending has expected signature
04-26 22:15:57.078   736  1000 E libbinder.IPCThreadState: Binder transaction failure. id: 5941187, cmd: BR_DEAD_REPLY (29189), error: -22 (Invalid argument)
04-26 22:15:57.079   736  1000 W ActivityManager: pid 736 system sent binder code 7 with flags 1 and got error -32
04-26 22:15:57.083   736  1000 W WindowManager: Exception thrown during dispatchAppVisibility Window{bfa5388 u0 com.muonline.client/com.muonline.client.MuMainActivity EXITING}
04-26 22:15:57.083   736  1000 W WindowManager: android.os.DeadObjectException
04-26 22:15:57.083   736  1000 W WindowManager: 	at android.os.BinderProxy.transactNative(Native Method)
04-26 22:15:57.083   736  1000 W WindowManager: 	at android.os.BinderProxy.transact(BinderProxy.java:617)
04-26 22:15:57.083   736  1000 W WindowManager: 	at android.view.IWindow$Stub$Proxy.dispatchAppVisibility(IWindow.java:596)
04-26 22:15:57.083   736  1000 W WindowManager: 	at com.android.server.wm.WindowState.sendAppVisibilityToClients(WindowState.java:3335)
04-26 22:15:57.083   736  1000 W WindowManager: 	at com.android.server.wm.WindowContainer.sendAppVisibilityToClients(WindowContainer.java:1245)
04-26 22:15:57.083   736  1000 W WindowManager: 	at com.android.server.wm.WindowToken.setClientVisible(WindowToken.java:392)
04-26 22:15:57.083   736  1000 W WindowManager: 	at com.android.server.wm.ActivityRecord.commitVisibility(ActivityRecord.java:5599)
04-26 22:15:57.083   736  1000 W WindowManager: 	at com.android.server.wm.Transition.finishTransition(Transition.java:1570)
04-26 22:15:57.083   736  1000 W WindowManager: 	at com.android.server.wm.TransitionController.finishTransition(TransitionController.java:1205)
04-26 22:15:57.083   736  1000 W WindowManager: 	at com.android.server.wm.WindowOrganizerController.finishTransition(WindowOrganizerController.java:533)
04-26 22:15:57.083   736  1000 W WindowManager: 	at android.window.IWindowOrganizerController$Stub.onTransact(IWindowOrganizerController.java:265)
04-26 22:15:57.083   736  1000 W WindowManager: 	at com.android.server.wm.WindowOrganizerController.onTransact(WindowOrganizerController.java:239)
04-26 22:15:57.083   736  1000 W WindowManager: 	at android.os.Binder.execTransactInternal(Binder.java:1466)
04-26 22:15:57.083   736  1000 W WindowManager: 	at android.os.Binder.execTransact(Binder.java:1411)
04-26 22:15:57.084   736  1000 W Process : Unable to open /proc/22914/status
04-26 22:15:57.086 23264 23264 D CompatChangeReporter: Compat change id reported: 242716250; UID 10230; state: ENABLED
04-26 22:15:57.088  1219  1219 D RecentTasksList: invalidateLoadedTasks - previous requestLoadId: -1
04-26 22:15:57.089  1219  1219 D RecentTasksList: invalidateLoadedTasks - previous requestLoadId: -1
04-26 22:15:57.089  1219  1219 D BaseActivity: Launcher flags updated: [state_started] -[state_window_focused]
04-26 22:15:57.100 23264 23264 D nativeloader: Configuring clns-9 for other apk /data/app/~~txjaBH_snJ1UEv_biKy2Vg==/com.muonline.client-dE7Q2Om0kidE00A7O-Wxuw==/base.apk. target_sdk_version=34, uses_libraries=, library_path=/data/app/~~txjaBH_snJ1UEv_biKy2Vg==/com.muonline.client-dE7Q2Om0kidE00A7O-Wxuw==/lib/x86_64:/data/app/~~txjaBH_snJ1UEv_biKy2Vg==/com.muonline.client-dE7Q2Om0kidE00A7O-Wxuw==/base.apk!/lib/x86_64, permitted_path=/data:/mnt/expand:/data/user/0/com.muonline.client
04-26 22:15:57.105  1219  1219 D RecentTasksList: invalidateLoadedTasks - previous requestLoadId: -1
04-26 22:15:57.105  1219  1219 D RecentTasksList: invalidateLoadedTasks - previous requestLoadId: -1
04-26 22:15:57.108  4276 23242 I Finsky:background: [251] Wrote row to frosting DB: 3253
04-26 22:15:57.111  1219  1219 D ScalingWorkspaceRevealAnim: onAnimationEnd, workspace and hotseat are visible
04-26 22:15:57.111  1036  1091 V WindowManagerShell: Playing animation for (#159) android.os.BinderProxy@8f93e0b@0
04-26 22:15:57.111  1036  1091 D ShellSplitScreen: startAnimation: transition=159 isSplitActive=false
04-26 22:15:57.116  1219  1219 V BaseDepthController: Applying blur: 0 to Surface(name=VRI-com.google.android.apps.nexuslauncher/com.google.android.apps.nexuslauncher.NexusLauncherActivity#1790)/@0xd45637f applyImmediately: false
04-26 22:15:57.116  1219  1219 D BaseDepthController: shouldBlurWorkspace: false targetState: Normal currentStableState: Normal mCurrentBlur: 0 mLauncher.getDepthBlurTargets(): [com.android.launcher3.Workspace{573bc60 V.ED..... ......ID 0,0-1080,2400 #7f0a047d app:id/workspace}, com.android.launcher3.Hotseat{7eca519 V.ED..... ......ID 0,1905-1080,2400 #7f0a01f1 app:id/hotseat}]
04-26 22:15:57.117  1036  1091 V ShellRecents: RecentsTransitionHandler.startAnimation: no controller found
04-26 22:15:57.119  1036  1091 V ShellDesktopMode: DesktopMixedTransitionHandler: No pending desktop transition
04-26 22:15:57.119  1036  1091 V WindowManagerShell: Transition doesn't have explicit remote, search filters for match for {id=159 t=OPEN f=0x0 trk=0 r=[0@Point(0, 0)] c=[{m=OPEN f=MOVE_TO_TOP leash=Surface(name=Task=121#1799)/@0x8adad3a sb=Rect(0, 0 - 2400, 1080) eb=Rect(0, 0 - 2400, 1080) epz=Point(2400, 1080) d=0 taskParent=-1 winMode=1 userId=0},{m=TO_BACK f=SHOW_WALLPAPER leash=Surface(name=Task=1#34)/@0x1969deb sb=Rect(0, 0 - 2400, 1080) eb=Rect(0, 0 - 2400, 1080) epz=Point(2400, 1080) d=0 taskParent=-1 winMode=1 userId=0},{m=TO_BACK f=IS_WALLPAPER leash=Surface(name=Surface(name=WallpaperWindowToken{3bea6dd}#54)/@0x4e520e1 - rotation-leash#1794)/@0x10748 sb=Rect(0, 0 - 1080, 2400) eb=Rect(0, 0 - 2400, 1080) epz=Point(2400, 1080) d=0 r=0->1:-1}]}
04-26 22:15:57.121  1036  1091 V WindowManagerShell:  Checking filter Pair{{types=[] flags=0x0 notFlags=0x0 checks=[{atype=undefined independent=true modes=[CLOSE,TO_BACK] flags=IN_TASK_WITH_EMBEDDED_ACTIVITY mustBeTask=false order=ANY topActivity=null launchCookie=null taskFragmentToken=android.os.BinderProxy@e90ae30 windowingMode=undefined isCrossDisplayMove=false}]} RemoteTransition { remoteTransition = android.window.IRemoteTransition$Stub$Proxy@1ccfaa9, appThread = android.app.IApplicationThread$Stub$Proxy@5c682e, debugName = overlayBackTransition, filter = {types=[] flags=0x0 notFlags=0x0 checks=[{atype=undefined independent=true modes=[CLOSE,TO_BACK] flags=IN_TASK_WITH_EMBEDDED_ACTIVITY mustBeTask=false order=ANY topActivity=null launchCookie=null taskFragmentToken=android.os.BinderProxy@e90ae30 windowingMode=undefined isCrossDisplayMove=false}]} }}
04-26 22:15:57.121  1036  1091 V WindowManagerShell:  Checking filter Pair{{types=[] flags=0x0 notFlags=0x0 checks=[{atype=dream independent=true modes=[OPEN,TO_FRONT] flags=NONE mustBeTask=false order=ANY topActivity=null launchCookie=null windowingMode=undefined isCrossDisplayMove=false},{atype=home independent=true modes=[CLOSE,TO_BACK] flags=NONE mustBeTask=false order=ANY topActivity=null launchCookie=null windowingMode=undefined isCrossDisplayMove=false}]} RemoteTransition { remoteTransition = android.window.IRemoteTransition$Stub$Proxy@aa8fcf, appThread = android.app.IApplicationThread$Stub$Proxy@98a7d5c, debugName = LauncherToDream, filter = {types=[] flags=0x0 notFlags=0x0 checks=[{atype=dream independent=true modes=[OPEN,TO_FRONT] flags=NONE mustBeTask=false order=ANY topActivity=null launchCookie=null windowingMode=undefined isCrossDisplayMove=false},{atype=home independent=true modes=[CLOSE,TO_BACK] flags=NONE mustBeTask=false order=ANY topActivity=null launchCookie=null windowingMode=undefined isCrossDisplayMove=false}]} }}
04-26 22:15:57.121  1036  1091 V WindowManagerShell:  Checking filter Pair{{types=[] flags=0x0 notFlags=0x0 checks=[{atype=standard independent=false modes=[CHANGE] flags=NONE mustBeTask=true order=ANY topActivity=null launchCookie=null windowingMode=undefined isCrossDisplayMove=true}]} RemoteTransition { remoteTransition = android.window.IRemoteTransition$Stub$Proxy@3519865, appThread = android.app.IApplicationThread$Stub$Proxy@94ad93a, debugName = QuickstepDisplayMove, filter = {types=[] flags=0x0 notFlags=0x0 checks=[{atype=standard independent=false modes=[CHANGE] flags=NONE mustBeTask=true order=ANY topActivity=null launchCookie=null windowingMode=undefined isCrossDisplayMove=true}]} }}
04-26 22:15:57.122  1036  1091 V WindowManagerShell:  Checking filter Pair{{types=[] flags=0x0 notFlags=0x100 checks=[{atype=home independent=true modes=[OPEN,TO_FRONT] flags=NONE mustBeTask=false order=ANY topActivity=ComponentInfo{com.google.android.apps.nexuslauncher/com.google.android.apps.nexuslauncher.NexusLauncherActivity} launchCookie=null windowingMode=undefined isCrossDisplayMove=false},{atype=standard independent=true modes=[CLOSE,TO_BACK] flags=NONE mustBeTask=false order=ANY topActivity=null launchCookie=null windowingMode=undefined isCrossDisplayMove=false},{NOT atype=undefined independent=true modes=[] flags=NONE mustBeTask=true order=ANY topActivity=null launchCookie=null customAnim=true windowingMode=undefined isCrossDisplayMove=false}]} RemoteTransition { remoteTransition = android.window.IRemoteTransition$Stub$Proxy@fea59eb, appThread = android.app.IApplicationThread$Stub$Proxy@4f01348, debugName = QuickstepLaunchHome, filter = {types=[] flags=0x0 notFlags=0x100 checks=[{atype=home independent=true modes=[OPEN,TO_FRONT] flags=NONE mustBeTask=false order=ANY topActivity=ComponentInfo{com.google.android.apps.nexuslauncher/com.google.android.apps.nexuslauncher.NexusLauncherActivity} launchCookie=null windowingMode=undefined isCrossDisplayMove=false},{atype=standard independent=true modes=[CLOSE,TO_BACK] flags=NONE mustBeTask=false order=ANY topActivity=null launchCookie=null windowingMode=undefined isCrossDisplayMove=false},{NOT atype=undefined independent=true modes=[] flags=NONE mustBeTask=true order=ANY topActivity=null launchCookie=null customAnim=true windowingMode=undefined isCrossDisplayMove=false}]} }}
04-26 22:15:57.123  1036  1091 V WindowManagerShell:  Checking filter Pair{{types=[OPEN,TO_FRONT] flags=0x0 notFlags=0x0 checks=[{atype=standard independent=true modes=[OPEN,TO_FRONT] flags=NONE mustBeTask=true order=ANY topActivity=null launchCookie=null windowingMode=freeform isCrossDisplayMove=false}]} RemoteTransition { remoteTransition = android.window.IRemoteTransition$Stub$Proxy@5987ffe, appThread = null, debugName = DesktopWindowLimitUnminimize, filter = {types=[OPEN,TO_FRONT] flags=0x0 notFlags=0x0 checks=[{atype=standard independent=true modes=[OPEN,TO_FRONT] flags=NONE mustBeTask=true order=ANY topActivity=null launchCookie=null windowingMode=freeform isCrossDisplayMove=false}]} }}
04-26 22:15:57.123  1036  1091 V WindowManagerShell:  Delegate animation for (#159) to null
04-26 22:15:57.125  1036  1091 V WindowManagerShell: start default transition animation, info = {id=159 t=OPEN f=0x0 trk=0 r=[0@Point(0, 0)] c=[{m=OPEN f=MOVE_TO_TOP leash=Surface(name=Task=121#1799)/@0x8adad3a sb=Rect(0, 0 - 2400, 1080) eb=Rect(0, 0 - 2400, 1080) epz=Point(2400, 1080) d=0 taskParent=-1 winMode=1 userId=0},{m=TO_BACK f=SHOW_WALLPAPER leash=Surface(name=Task=1#34)/@0x1969deb sb=Rect(0, 0 - 2400, 1080) eb=Rect(0, 0 - 2400, 1080) epz=Point(2400, 1080) d=0 taskParent=-1 winMode=1 userId=0},{m=TO_BACK f=IS_WALLPAPER leash=Surface(name=Surface(name=WallpaperWindowToken{3bea6dd}#54)/@0x4e520e1 - rotation-leash#1794)/@0x10748 sb=Rect(0, 0 - 1080, 2400) eb=Rect(0, 0 - 2400, 1080) epz=Point(2400, 1080) d=0 r=0->1:-1}]}
04-26 22:15:57.128  1036  1091 V WindowManagerShell: loadAnimation: anim=android.view.animation.AnimationSet@3bf7760 animAttr=0x13 type=OPEN isEntrance=false
04-26 22:15:57.129  1219  1219 D RecentsView: onTaskRemoved: 120, not handling task stack changes
04-26 22:15:57.129  1219  1219 D RecentsView: onTaskRemoved: 120, not handling task stack changes
04-26 22:15:57.133  1036  1091 V WindowManagerShell: loadAnimation: anim=android.view.animation.AnimationSet@2ee0ebf animAttr=0x12 type=OPEN isEntrance=true
04-26 22:15:57.134  1036  1091 V WindowManagerShell:  animated by com.android.wm.shell.transition.DefaultTransitionHandler@11f9e32
