04-26 20:13:15.750   736   759 V WindowManager: Sent Transition (#131) createdAt=04-26 20:13:15.535 via request=TransitionRequestInfo { type = OPEN, triggerTask = TaskInfo{userId=0 taskId=112 effectiveUid=10230 displayId=0 isRunning=true baseIntent=Intent { flg=0x10000000 cmp=com.muonline.client/.PreloadActivity } baseActivity=ComponentInfo{com.muonline.client/com.muonline.client.PreloadActivity} topActivity=ComponentInfo{com.muonline.client/com.muonline.client.MuMainActivity} origActivity=null realActivity=ComponentInfo{com.muonline.client/com.muonline.client.PreloadActivity} realActivityIsAppLockEnabled=false numActivities=2 lastActiveTime=16970137 supportsMultiWindow=true supportsMultiWindowWithoutConstraints=true resizeMode=1 isResizeable=true minWidth=-1 minHeight=-1 defaultMinSize=220 token=WCT{RemoteToken{60be980 Task{a9de8af #112 type=standard A=10230:com.muonline.client}}} topActivityType=1 pictureInPictureParams=null shouldDockBigOverlays=false launchIntoPipHostTaskId=-1 lastParentTaskIdBeforePip=-1 displayCutoutSafeInsets=Rect(132, 0 - 0, 0) topActivityInfo=ActivityInfo{ce90fbb com.muonline.client.MuMainActivity} launchCookies=[] positionInParent=Point(0, 0) parentTaskId=-1 isFocused=true isInteractive=false isVisible=true isVisibleRequested=true isTopActivityNoDisplay=false isSleeping=false locusId=null displayAreaFeatureId=1 isTopActivityTransparent=false isActivityStackTransparent=false lastNonFullscreenBounds=null leafTaskBoundsFromOptions= false capturedLink=null capturedLinkTimestamp=0 requestedVisibleTypes=503 topActivityRequestOpenInBrowserEducationTimestamp=0 appCompatTaskInfo=AppCompatTaskInfo { topActivityInSizeCompat=false isLeafTask= true eligibleForLetterboxEducation= false isLetterboxEducationEnabled= true isLetterboxDoubleTapEnabled= false eligibleForUserAspectRatioButton= false topActivityBoundsLetterboxed= false isFromLetterboxDoubleTap= false topActivityLetterboxVerticalPosition= -1 topActivityLetterboxHorizontalPosition= -1 topActivityLetterboxWidth=-1 topActivityLetterboxHeight=-1 topActivityAppBounds=Rect(132, 0 - 2400, 1017) isUserFullscreenOverrideEnabled=false isSystemFullscreenOverrideEnabled=false hasMinAspectRatioOverride=false topActivityLetterboxBounds=null topNonResizableActivityAspectRatio=-1.0} topActivityMainWindowFrame=null isAppBubble=false}, pipChange = null, remoteTransitionInfo = null, displayChange = null, requestedLocation = null, userChange = null, windowingLayerChange = null, fullscreenRequestChange = null, flags = 0, debugId = 131 }
04-26 20:13:15.750   736   759 V WindowManager:     startWCT=WindowContainerTransaction { changes= {} hops= [] flags= 0 errorCallbackToken=null taskFragmentOrganizer=null }
04-26 20:13:15.751   736   759 V WindowManager:     info={id=131 t=OPEN f=0x0 trk=0 r=[0@Point(0, 0)] c=[
04-26 20:13:15.751   736   759 V WindowManager:         {m=OPEN f=FILLS_TASK p=WCT{RemoteToken{60be980 Task{a9de8af #112 type=standard A=10230:com.muonline.client}}} leash=Surface(name=ActivityRecord{114256016 u0 com.muonline.client/.MuMainActivity t112}#1377)/@0xacbc5b5 sb=Rect(0, 0 - 0, 0) eb=Rect(0, 0 - 2400, 1080) epz=Point(2400, 1080) d=-1->0 r=-1->1:-1 bc=ff000000 activity=ActivityTransitionInfo { component = ComponentInfo{com.muonline.client/com.muonline.client.MuMainActivity}, taskId = 112, appCompatTransitionInfo = AppCompatTransitionInfo { letterboxBounds = Rect(132, 0 - 2400, 1080), hasRoundedCorners = false } }},
04-26 20:13:15.751   736   759 V WindowManager:         {m=CLOSE f=FILLS_TASK|IS_BEHIND_STARTING_WINDOW p=WCT{RemoteToken{60be980 Task{a9de8af #112 type=standard A=10230:com.muonline.client}}} leash=Surface(name=ActivityRecord{164894862 u0 com.muonline.client/.PreloadActivity t112}#1359)/@0x326cdec sb=Rect(0, 0 - 2400, 1080) eb=Rect(0, 0 - 2400, 1080) epz=Point(2400, 1080) d=0 bc=ff000000 activity=ActivityTransitionInfo { component = ComponentInfo{com.muonline.client/com.muonline.client.PreloadActivity}, taskId = 112, appCompatTransitionInfo = AppCompatTransitionInfo { letterboxBounds = Rect(132, 0 - 2400, 1080), hasRoundedCorners = false } }},
04-26 20:13:15.751   736   759 V WindowManager:         {WCT{RemoteToken{60be980 Task{a9de8af #112 type=standard A=10230:com.muonline.client}}} m=CHANGE f=NONE leash=Surface(name=Task=112#1358)/@0x453508b sb=Rect(0, 0 - 2400, 1080) eb=Rect(0, 0 - 2400, 1080) epz=Point(2400, 1080) d=0 taskParent=-1 winMode=1 userId=0}
04-26 20:13:15.751   736   759 V WindowManager:     ]}
04-26 20:13:15.752  1036  1132 D WindowOnBackDispatcher: setTopOnBackInvokedCallback (unwrapped): null
04-26 20:13:15.753  1036  1047 V WindowManagerShell: onTransitionReady(transaction=3161095943809)
04-26 20:13:15.757   736  2215 D CoreBackPreview: Window{93c3ea7 u0 Splash Screen com.muonline.client EXITING}: Setting back callback null
04-26 20:13:15.758  1036  1091 V WindowManagerShell: onTransitionReady (#131) android.os.BinderProxy@7a7ae1c: {id=131 t=OPEN f=0x0 trk=0 r=[0@Point(0, 0)] c=[
04-26 20:13:15.758  1036  1091 V WindowManagerShell:         {m=OPEN f=FILLS_TASK p=WCT{android.os.BinderProxy@dbc8363} leash=Surface(name=ActivityRecord{114256016 u0 com.muonline.client/.MuMainActivity t112}#1377)/@0xc91a4b4 sb=Rect(0, 0 - 0, 0) eb=Rect(0, 0 - 2400, 1080) epz=Point(2400, 1080) d=-1->0 r=-1->1:-1 bc=ff000000 activity=ActivityTransitionInfo { component = ComponentInfo{com.muonline.client/com.muonline.client.MuMainActivity}, taskId = 112, appCompatTransitionInfo = AppCompatTransitionInfo { letterboxBounds = Rect(132, 0 - 2400, 1080), hasRoundedCorners = false } }},
04-26 20:13:15.758  1036  1091 V WindowManagerShell:         {m=CLOSE f=FILLS_TASK|IS_BEHIND_STARTING_WINDOW p=WCT{android.os.BinderProxy@dbc8363} leash=Surface(name=ActivityRecord{164894862 u0 com.muonline.client/.PreloadActivity t112}#1359)/@0x16a28dd sb=Rect(0, 0 - 2400, 1080) eb=Rect(0, 0 - 2400, 1080) epz=Point(2400, 1080) d=0 bc=ff000000 activity=ActivityTransitionInfo { component = ComponentInfo{com.muonline.client/com.muonline.client.PreloadActivity}, taskId = 112, appCompatTransitionInfo = AppCompatTransitionInfo { letterboxBounds = Rect(132, 0 - 2400, 1080), hasRoundedCorners = false } }},
04-26 20:13:15.758  1036  1091 V WindowManagerShell:         {m=CHANGE f=NONE leash=Surface(name=Task=112#1358)/@0xa94ec52 sb=Rect(0, 0 - 2400, 1080) eb=Rect(0, 0 - 2400, 1080) epz=Point(2400, 1080) d=0 taskParent=-1 winMode=1 userId=0}
04-26 20:13:15.758  1036  1091 V WindowManagerShell:     ]}
04-26 20:13:15.758   566   616 W skia    : AGTM parsing failed flags.readFromStream(s) at 159
04-26 20:13:15.758   566   616 W skia    : AGTM parsing failed flags.readFromStream(s) at 159
04-26 20:13:15.759  1036  1091 V WindowManagerShell: Playing animation for (#131) android.os.BinderProxy@7a7ae1c@0
04-26 20:13:15.759  1036  1091 D ShellSplitScreen: startAnimation: transition=131 isSplitActive=false
04-26 20:13:15.759  1036  1091 V ShellRecents: RecentsTransitionHandler.startAnimation: no controller found
04-26 20:13:15.760  1036  1091 V ShellDesktopMode: DesktopMixedTransitionHandler: No pending desktop transition
04-26 20:13:15.760  1036  1091 V WindowManagerShell: Transition doesn't have explicit remote, search filters for match for {id=131 t=OPEN f=0x0 trk=0 r=[0@Point(0, 0)] c=[{m=OPEN f=FILLS_TASK p=WCT{android.os.BinderProxy@dbc8363} leash=Surface(name=ActivityRecord{114256016 u0 com.muonline.client/.MuMainActivity t112}#1377)/@0xc91a4b4 sb=Rect(0, 0 - 0, 0) eb=Rect(0, 0 - 2400, 1080) epz=Point(2400, 1080) d=-1->0 r=-1->1:-1 bc=ff000000 activity=ActivityTransitionInfo { component = ComponentInfo{com.muonline.client/com.muonline.client.MuMainActivity}, taskId = 112, appCompatTransitionInfo = AppCompatTransitionInfo { letterboxBounds = Rect(132, 0 - 2400, 1080), hasRoundedCorners = false } }},{m=CLOSE f=FILLS_TASK|IS_BEHIND_STARTING_WINDOW p=WCT{android.os.BinderProxy@dbc8363} leash=Surface(name=ActivityRecord{164894862 u0 com.muonline.client/.PreloadActivity t112}#1359)/@0x16a28dd sb=Rect(0, 0 - 2400, 1080) eb=Rect(0, 0 - 2400, 1080) epz=Point(2400, 1080) d=0 bc=ff000000 activity=ActivityTransitionInfo { component = ComponentInfo{com.muonline.client/com.muonline.client.PreloadActivity}, taskId = 112, appCompatTransitionInfo = AppCompatTransitionInfo { letterboxBounds = Rect(132, 0 - 2400, 1080), hasRoundedCorners = false } }},{m=CHANGE f=NONE leash=Surface(name=Task=112#1358)/@0xa94ec52 sb=Rect(0, 0 - 2400, 1080) eb=Rect(0, 0 - 2400, 1080) epz=Point(2400, 1080) d=0 taskParent=-1 winMode=1 userId=0}]}
04-26 20:13:15.760  1036  1091 V WindowManagerShell:  Checking filter Pair{{types=[] flags=0x0 notFlags=0x0 checks=[{atype=undefined independent=true modes=[CLOSE,TO_BACK] flags=IN_TASK_WITH_EMBEDDED_ACTIVITY mustBeTask=false order=ANY topActivity=null launchCookie=null taskFragmentToken=android.os.BinderProxy@e90ae30 windowingMode=undefined isCrossDisplayMove=false}]} RemoteTransition { remoteTransition = android.window.IRemoteTransition$Stub$Proxy@1ccfaa9, appThread = android.app.IApplicationThread$Stub$Proxy@5c682e, debugName = overlayBackTransition, filter = {types=[] flags=0x0 notFlags=0x0 checks=[{atype=undefined independent=true modes=[CLOSE,TO_BACK] flags=IN_TASK_WITH_EMBEDDED_ACTIVITY mustBeTask=false order=ANY topActivity=null launchCookie=null taskFragmentToken=android.os.BinderProxy@e90ae30 windowingMode=undefined isCrossDisplayMove=false}]} }}
04-26 20:13:15.760  1036  1091 V WindowManagerShell:  Checking filter Pair{{types=[] flags=0x0 notFlags=0x0 checks=[{atype=dream independent=true modes=[OPEN,TO_FRONT] flags=NONE mustBeTask=false order=ANY topActivity=null launchCookie=null windowingMode=undefined isCrossDisplayMove=false},{atype=home independent=true modes=[CLOSE,TO_BACK] flags=NONE mustBeTask=false order=ANY topActivity=null launchCookie=null windowingMode=undefined isCrossDisplayMove=false}]} RemoteTransition { remoteTransition = android.window.IRemoteTransition$Stub$Proxy@aa8fcf, appThread = android.app.IApplicationThread$Stub$Proxy@98a7d5c, debugName = LauncherToDream, filter = {types=[] flags=0x0 notFlags=0x0 checks=[{atype=dream independent=true modes=[OPEN,TO_FRONT] flags=NONE mustBeTask=false order=ANY topActivity=null launchCookie=null windowingMode=undefined isCrossDisplayMove=false},{atype=home independent=true modes=[CLOSE,TO_BACK] flags=NONE mustBeTask=false order=ANY topActivity=null launchCookie=null windowingMode=undefined isCrossDisplayMove=false}]} }}
04-26 20:13:15.760  1036  1091 V WindowManagerShell:  Checking filter Pair{{types=[] flags=0x0 notFlags=0x0 checks=[{atype=standard independent=false modes=[CHANGE] flags=NONE mustBeTask=true order=ANY topActivity=null launchCookie=null windowingMode=undefined isCrossDisplayMove=true}]} RemoteTransition { remoteTransition = android.window.IRemoteTransition$Stub$Proxy@3519865, appThread = android.app.IApplicationThread$Stub$Proxy@94ad93a, debugName = QuickstepDisplayMove, filter = {types=[] flags=0x0 notFlags=0x0 checks=[{atype=standard independent=false modes=[CHANGE] flags=NONE mustBeTask=true order=ANY topActivity=null launchCookie=null windowingMode=undefined isCrossDisplayMove=true}]} }}
04-26 20:13:15.760  1036  1091 V WindowManagerShell:  Checking filter Pair{{types=[] flags=0x0 notFlags=0x100 checks=[{atype=home independent=true modes=[OPEN,TO_FRONT] flags=NONE mustBeTask=false order=ANY topActivity=ComponentInfo{com.google.android.apps.nexuslauncher/com.google.android.apps.nexuslauncher.NexusLauncherActivity} launchCookie=null windowingMode=undefined isCrossDisplayMove=false},{atype=standard independent=true modes=[CLOSE,TO_BACK] flags=NONE mustBeTask=false order=ANY topActivity=null launchCookie=null windowingMode=undefined isCrossDisplayMove=false},{NOT atype=undefined independent=true modes=[] flags=NONE mustBeTask=true order=ANY topActivity=null launchCookie=null customAnim=true windowingMode=undefined isCrossDisplayMove=false}]} RemoteTransition { remoteTransition = android.window.IRemoteTransition$Stub$Proxy@fea59eb, appThread = android.app.IApplicationThread$Stub$Proxy@4f01348, debugName = QuickstepLaunchHome, filter = {types=[] flags=0x0 notFlags=0x100 checks=[{atype=home independent=true modes=[OPEN,TO_FRONT] flags=NONE mustBeTask=false order=ANY topActivity=ComponentInfo{com.google.android.apps.nexuslauncher/com.google.android.apps.nexuslauncher.NexusLauncherActivity} launchCookie=null windowingMode=undefined isCrossDisplayMove=false},{atype=standard independent=true modes=[CLOSE,TO_BACK] flags=NONE mustBeTask=false order=ANY topActivity=null launchCookie=null windowingMode=undefined isCrossDisplayMove=false},{NOT atype=undefined independent=true modes=[] flags=NONE mustBeTask=true order=ANY topActivity=null launchCookie=null customAnim=true windowingMode=undefined isCrossDisplayMove=false}]} }}
04-26 20:13:15.761  1036  1091 V WindowManagerShell:  Checking filter Pair{{types=[OPEN,TO_FRONT] flags=0x0 notFlags=0x0 checks=[{atype=standard independent=true modes=[OPEN,TO_FRONT] flags=NONE mustBeTask=true order=ANY topActivity=null launchCookie=null windowingMode=freeform isCrossDisplayMove=false}]} RemoteTransition { remoteTransition = android.window.IRemoteTransition$Stub$Proxy@5987ffe, appThread = null, debugName = DesktopWindowLimitUnminimize, filter = {types=[OPEN,TO_FRONT] flags=0x0 notFlags=0x0 checks=[{atype=standard independent=true modes=[OPEN,TO_FRONT] flags=NONE mustBeTask=true order=ANY topActivity=null launchCookie=null windowingMode=freeform isCrossDisplayMove=false}]} }}
04-26 20:13:15.761  1036  1091 V WindowManagerShell:  Delegate animation for (#131) to null
04-26 20:13:15.761  1036  1091 V WindowManagerShell: start default transition animation, info = {id=131 t=OPEN f=0x0 trk=0 r=[0@Point(0, 0)] c=[{m=OPEN f=FILLS_TASK p=WCT{android.os.BinderProxy@dbc8363} leash=Surface(name=ActivityRecord{114256016 u0 com.muonline.client/.MuMainActivity t112}#1377)/@0xc91a4b4 sb=Rect(0, 0 - 0, 0) eb=Rect(0, 0 - 2400, 1080) epz=Point(2400, 1080) d=-1->0 r=-1->1:-1 bc=ff000000 activity=ActivityTransitionInfo { component = ComponentInfo{com.muonline.client/com.muonline.client.MuMainActivity}, taskId = 112, appCompatTransitionInfo = AppCompatTransitionInfo { letterboxBounds = Rect(132, 0 - 2400, 1080), hasRoundedCorners = false } }},{m=CLOSE f=FILLS_TASK|IS_BEHIND_STARTING_WINDOW p=WCT{android.os.BinderProxy@dbc8363} leash=Surface(name=ActivityRecord{164894862 u0 com.muonline.client/.PreloadActivity t112}#1359)/@0x16a28dd sb=Rect(0, 0 - 2400, 1080) eb=Rect(0, 0 - 2400, 1080) epz=Point(2400, 1080) d=0 bc=ff000000 activity=ActivityTransitionInfo { component = ComponentInfo{com.muonline.client/com.muonline.client.PreloadActivity}, taskId = 112, appCompatTransitionInfo = AppCompatTransitionInfo { letterboxBounds = Rect(132, 0 - 2400, 1080), hasRoundedCorners = false } }},{m=CHANGE f=NONE leash=Surface(name=Task=112#1358)/@0xa94ec52 sb=Rect(0, 0 - 2400, 1080) eb=Rect(0, 0 - 2400, 1080) epz=Point(2400, 1080) d=0 taskParent=-1 winMode=1 userId=0}]}
04-26 20:13:15.761  1036  1091 V WindowManagerShell: loadAnimation: anim=android.view.animation.AnimationSet@b2ff67f animAttr=0x5 type=OPEN isEntrance=false
04-26 20:13:15.762  1036  1091 V WindowManagerShell: loadAnimation: anim=android.view.animation.AnimationSet@8d77b9b animAttr=0x4 type=OPEN isEntrance=true
04-26 20:13:15.764  1036  1091 V WindowManagerShell:  animated by com.android.wm.shell.transition.DefaultTransitionHandler@11f9e32
04-26 20:13:15.770 17980 17980 D InsetsController: Setting requestedVisibleTypes to 496 (was 503)
04-26 20:13:15.773 17980 17980 D VRI[MuMainActivity]: WindowInsets changed: statusBars:null navigationBars:null 
04-26 20:13:15.773 17980 17980 V SDL     : surfaceChanged()
04-26 20:13:15.773 17980 17980 V SDL     : Window size: 2268x1080
04-26 20:13:15.774 17980 17980 V SDL     : Device size: 2400x1080
04-26 20:13:15.779   566   598 I libbinder.BpBinder: onLastStrongRef automatically unlinking death recipients for binder (0x7eaa360642f0) with descriptor: '(not cached)'
04-26 20:13:15.796 17980 18030 I MuMain  : Screen size (drawable): 2268x943 (scale: 3.54 x 1.96)
04-26 20:13:15.828  4511  8282 W libbinder.Binder: Binder transaction to android.content.IContentProvider, function: UNKNOWN_FUNCTION_NAME, code: 21, took 2007ms. Data bytes: 480 Reply bytes: 432 Flags: 18
04-26 20:13:15.841 17980 18030 I GL_Compat: GL_Compat_Init: OK (prog=3, vbo=1, ebo=2)
04-26 20:13:15.841 17980 18030 I MuRender: OpenGLCompat initialized (drawable=2268x943)
04-26 20:13:15.841 17980 18030 I MuMain  : Render backend active: OpenGLCompat
04-26 20:13:15.841 17980 18030 I GL_Compat: GL path switch: preferDirectVA=1
04-26 20:13:15.841 17980 18030 I MuMain  : GL compat VA policy: preferDirect=1 (emulator=1)
04-26 20:13:15.841 17980 18030 I AndroidGDI: SDL2_ttf initialized, defaultSize=15
04-26 20:13:15.842 17980 18030 I AndroidGDI: Font OK: /system/fonts/DroidSans.ttf sz=15
04-26 20:13:15.843 17980 18030 I AndroidGDI: Font OK: /system/fonts/DroidSans-Bold.ttf sz=15
04-26 20:13:15.843 17980 18030 I AndroidGDI: Font OK: /system/fonts/DroidSans-Bold.ttf sz=30
04-26 20:13:15.844 17980 18030 I AndroidGDI: Font OK: /system/fonts/DroidSans.ttf sz=14
04-26 20:13:15.844 17980 18030 I MuMain  : GDI fonts created: size=15 big=30
04-26 20:13:15.844 17980 18030 I MuMain  : Audio config: sound=1 music=1 rememberMe=0
04-26 20:13:15.844 17980 18030 I MuMain  : 
04-26 20:13:15.844 17980 18030 I MuMain  : Mix_Init requested=0x8 loaded=0x8
04-26 20:13:15.844 17980 18030 D AudioSystem: onNewServiceWithAdapter: media.audio_flinger service obtained 0x733fdca98e00
04-26 20:13:15.849   560 17589 W AudioFlinger: onStateChanged: pid:17980  uid:10230  state:unfrozen
04-26 20:13:15.852 17980 18030 D AudioSystem: getService: IAudioFlingerService retrieved: 0x73401cab0cc0  IAudioFlinger cached: 0x733fdca98e00
04-26 20:13:15.854 17980 18030 D muonline.client: PlayerBase::PlayerBase()
04-26 20:13:15.854 17980 18030 D muonline.client: TrackPlayerBase::TrackPlayerBase()
04-26 20:13:15.854   521  6964 I RanchuHwc: logCompositionFallbackIfChanged: layer 424 CompositionType fallback from 2 to 1
04-26 20:13:15.854   521  6964 I RanchuHwc: logCompositionFallbackIfChanged: layer 423 CompositionType fallback from 2 to 1
04-26 20:13:15.854 17980 18030 I libOpenSLES: Emulating old channel mask behavior (ignoring positional mask 0x3, using default mask 0x3 based on channel count of 2)
04-26 20:13:15.854   521  6964 I RanchuHwc: logCompositionFallbackIfChanged: layer 419 CompositionType fallback from 3 to 1
04-26 20:13:15.855   566   616 W skia    : AGTM parsing failed flags.readFromStream(s) at 159
04-26 20:13:15.855   566   616 W skia    : AGTM parsing failed flags.readFromStream(s) at 159
04-26 20:13:15.856   566   616 W skia    : AGTM parsing failed flags.readFromStream(s) at 159
04-26 20:13:15.856   566   616 W skia    : AGTM parsing failed flags.readFromStream(s) at 159
04-26 20:13:15.856   566   616 W skia    : AGTM parsing failed flags.readFromStream(s) at 159
04-26 20:13:15.857   560 17589 D NativePermissionController: checkPermission: missing 1 for 10230
04-26 20:13:15.857   560 17589 D NativePermissionController: checkPermission: missing 3 for 10230
04-26 20:13:15.857   560 17589 D NativePermissionController: checkPermission: missing 5 for 10230
04-26 20:13:15.858   560 17589 W AudioFlinger: createTrack_l(): mismatch between requested flags (00000104) and output flags (00000002)
04-26 20:13:15.859   560 17589 D AudioFlinger: Client defaulted notificationFrames to 882 for frameCount 4012
04-26 20:13:15.859   560 17589 I AF::AfPlaybackCommon: creating track with enforcement level 2 shouldHarden 1
04-26 20:13:15.863 17980 17980 V SDL     : onWindowFocusChanged(): true
04-26 20:13:15.863 17980 17980 V SDL     : nativeFocusChanged()
04-26 20:13:15.864   736   881 I ImeTracker: com.muonline.client:cad3de52: onRequestHide at ORIGIN_SERVER reason HIDE_UNSPECIFIED_WINDOW fromUser false userId 0 displayId 0
04-26 20:13:15.865 17980 17980 D InsetsController: hide(ime())
04-26 20:13:15.865 17980 17980 I ImeTracker: com.muonline.client:cad3de52: onCancelled at PHASE_CLIENT_ALREADY_HIDDEN
04-26 20:13:15.866   736   881 W InputChannel-JNI: Channel already disposed.
04-26 20:13:15.867  4105  4105 I GoogleInputMethodService: GoogleInputMethodService.onFinishInput():2113 
04-26 20:13:15.868  4105  4105 I Module  : DeviceLockedStatusModuleProvider$Module.updateDeviceLockedStatus():103 repeatCheckTimes = 0, locked = false
04-26 20:13:15.869   736  1603 I ImeTracker: system_server:c4f27c87: onRequestHide at ORIGIN_SERVER reason IME_REQUESTED_CHANGED_LISTENER fromUser false displayId 0
04-26 20:13:15.870  4105  4105 I GoogleInputMethodService: GoogleInputMethodService.onStartInput():1384 onStartInput(EditorInfo{EditorInfo{packageName=com.muonline.client, inputType=0, inputTypeString=NULL, enableLearning=false, autoCorrection=false, autoComplete=false, imeOptions=0, privateImeOptions=null, actionName=UNSPECIFIED, actionLabel=null, initialSelStart=-1, initialSelEnd=-1, initialCapsMode=0, label=null, fieldId=0, fieldName=null, extras=null, hintText=null, hintLocales=[]}}, false)
04-26 20:13:15.870  4105  4105 W AndroidIME: LatinIMEBase.updateInputViewCoverNavigation():319 Null input view, cannot update padding!
04-26 20:13:15.871   566   616 W skia    : AGTM parsing failed flags.readFromStream(s) at 159
04-26 20:13:15.871   566   616 W skia    : AGTM parsing failed flags.readFromStream(s) at 159
04-26 20:13:15.871   566   616 W skia    : AGTM parsing failed flags.readFromStream(s) at 159
04-26 20:13:15.871   566   616 W skia    : AGTM parsing failed flags.readFromStream(s) at 159
04-26 20:13:15.871   566   616 W skia    : AGTM parsing failed flags.readFromStream(s) at 159
04-26 20:13:15.872  4105  4105 I Module  : DeviceLockedStatusModuleProvider$Module.updateDeviceLockedStatus():103 repeatCheckTimes = 1, locked = false
04-26 20:13:15.872   736   762 I ImeTracker: system_server:c4f27c87: onCancelled at PHASE_SERVER_SHOULD_HIDE
04-26 20:13:15.875   736  2215 W PackageConfigPersister: App-specific configuration not found for packageName: com.muonline.client and userId: 0
04-26 20:13:15.878   736  2221 E AppOps  : attributionTag  not declared in manifest of com.muonline.client
04-26 20:13:15.881   736  2221 E AppOps  : attributionTag  not declared in manifest of com.muonline.client
04-26 20:13:15.882 17980 18032 D muonline.client: PlayerBase::stop() from IPlayer
04-26 20:13:15.882 17980 18032 D AudioTrack: stop(33): called with 0 frames delivered
04-26 20:13:15.883 17980 18030 I MuMain  : SDL_mixer initialized (32 channels)
04-26 20:13:15.884 17980 18030 I MuMain  : INIT: srand
04-26 20:13:15.884 17980 18030 I MuMain  : INIT: alloc GateAttribute
04-26 20:13:15.884   736  2215 E AppOps  : attributionTag  not declared in manifest of com.muonline.client
04-26 20:13:15.884 17980 18030 I MuMain  : INIT: alloc SkillAttribute
04-26 20:13:15.884 17980 18030 I MuMain  : INIT: alloc ItemAttRibute
04-26 20:13:15.884  1174  1174 I bluetooth: system/btif/avrcp/avrcp_service.cc:533 SendMediaUpdate: track_changed=false :  play_state=true :  queue=false
04-26 20:13:15.885   736  1145 E AppOps  : attributionTag  not declared in manifest of com.muonline.client
04-26 20:13:15.885 17980 18030 I MuMain  : INIT: alloc CharacterMemoryDump
04-26 20:13:15.887   566   616 W skia    : AGTM parsing failed flags.readFromStream(s) at 159
04-26 20:13:15.888   566   616 W skia    : AGTM parsing failed flags.readFromStream(s) at 159
04-26 20:13:15.888 17980 18030 I MuMain  : INIT: alloc CharacterMachine
04-26 20:13:15.888   566   616 W skia    : AGTM parsing failed flags.readFromStream(s) at 159
04-26 20:13:15.888   566   616 W skia    : AGTM parsing failed flags.readFromStream(s) at 159
04-26 20:13:15.888 17980 18030 I MuMain  : INIT: CharacterMachine->Init()
04-26 20:13:15.888 17980 18030 I MuMain  : INIT: new UI objects
04-26 20:13:15.888   566   616 W skia    : AGTM parsing failed flags.readFromStream(s) at 159
04-26 20:13:15.888   736  2221 E AppOps  : attributionTag  not declared in manifest of com.muonline.client
04-26 20:13:15.891  1174  1174 E MediaControlProfile: onCurrentPlayerStateUpdated: base actions not supported, player actions= 0, expected at least= 7f
04-26 20:13:15.891  1174  1174 W MediaControlGattService: Feature PLAYBACK_SPEED support: true
04-26 20:13:15.891  1174  1174 W MediaControlGattService: Feature PLAYBACK_SPEED support: true
04-26 20:13:15.891  1174  1174 W MediaControlGattService: Feature PLAYBACK_SPEED support: true
04-26 20:13:15.891  1174  1174 W MediaControlGattService: Feature PLAYBACK_SPEED_NOTIFY support: true
04-26 20:13:15.891   736  2221 E AppOps  : attributionTag  not declared in manifest of com.muonline.client
04-26 20:13:15.891 17980 18030 I MuMain  : INIT: BuffStateSystem::Make()
04-26 20:13:15.891 17980 18030 I MuMain  : INIT: MapProcess::Make()
04-26 20:13:15.891 17980 18030 I MuMain  : INIT: PetProcess::Make()
04-26 20:13:15.891 17980 18030 I MuMain  : INIT: CUIMng::Create()
04-26 20:13:15.893  1174  1361 I BluetoothAdapterProperties: getBondedDevices: length=0
04-26 20:13:15.893 17980 18030 I MuMain  : INIT: g_pNewUISystem->Create()
04-26 20:13:15.894  1174  1174 W MediaControlGattService: Feature TRACK_POSITION support: true
04-26 20:13:15.894  1174  1174 W MediaControlGattService: Feature TRACK_POSITION_NOTIFY support: true
04-26 20:13:15.894  1174  1174 W MediaControlGattService: Feature MEDIA_STATE support: true
04-26 20:13:15.898  1174  1361 I BluetoothAdapterProperties: getBondedDevices: length=0
04-26 20:13:15.898  1174  1174 W MediaControlGattService: Feature MEDIA_CONTROL_POINT_OPCODES_SUPPORTED support: true
04-26 20:13:15.899  1174  1174 W MediaControlGattService: Feature MEDIA_STATE support: true
04-26 20:13:15.899  1174  1174 W MediaControlGattService: Feature MEDIA_STATE support: true
04-26 20:13:15.901  1174  1361 I BluetoothAdapterProperties: getBondedDevices: length=0
04-26 20:13:15.902  1174  1174 W MediaControlGattService: Feature MEDIA_STATE support: true
04-26 20:13:15.902  1174  1174 W MediaControlGattService: Feature SEEKING_SPEED support: true
04-26 20:13:15.902  1174  1174 W MediaControlGattService: Feature SEEKING_SPEED support: true
04-26 20:13:15.902  1174  1174 W MediaControlGattService: Feature SEEKING_SPEED support: true
04-26 20:13:15.905   566   616 W skia    : AGTM parsing failed flags.readFromStream(s) at 159
04-26 20:13:15.905   566   616 W skia    : AGTM parsing failed flags.readFromStream(s) at 159
04-26 20:13:15.905   566   616 W skia    : AGTM parsing failed flags.readFromStream(s) at 159
04-26 20:13:15.905   566   616 W skia    : AGTM parsing failed flags.readFromStream(s) at 159
04-26 20:13:15.905   566   616 W skia    : AGTM parsing failed flags.readFromStream(s) at 159
04-26 20:13:15.907  1174  1174 W MediaControlProfile: MCS service state fields left unhandled: 
04-26 20:13:15.907  1174  1174 W MediaControlProfile:    > PLAYER_NAME
04-26 20:13:15.907  1174  1174 W MediaControlProfile:    > PLAYING_ORDER_SUPPORTED
04-26 20:13:15.921   566   616 W skia    : AGTM parsing failed flags.readFromStream(s) at 159
04-26 20:13:15.922   566   616 W skia    : AGTM parsing failed flags.readFromStream(s) at 159
04-26 20:13:15.922   566   616 W skia    : AGTM parsing failed flags.readFromStream(s) at 159
04-26 20:13:15.922   566   616 W skia    : AGTM parsing failed flags.readFromStream(s) at 159
04-26 20:13:15.922   566   616 W skia    : AGTM parsing failed flags.readFromStream(s) at 159
04-26 20:13:15.932  4164  4218 I Finsky  : [49] WM::SCH: Logging work initialize for 12-1
04-26 20:13:15.940   566   616 W skia    : AGTM parsing failed flags.readFromStream(s) at 159
04-26 20:13:15.940   566   616 W skia    : AGTM parsing failed flags.readFromStream(s) at 159
04-26 20:13:15.941   566   616 W skia    : AGTM parsing failed flags.readFromStream(s) at 159
04-26 20:13:15.941   566   616 W skia    : AGTM parsing failed flags.readFromStream(s) at 159
04-26 20:13:15.941   566   616 W skia    : AGTM parsing failed flags.readFromStream(s) at 159
04-26 20:13:15.945 17980 18030 I MuMain  : INIT: UI creation done
04-26 20:13:15.948 17980 18030 I MuMain  : VirtualPad: slots loaded version=4 idx=[-1,-1,-1,-1,-1] type=[0,0,0,0,0] path=Data/Local/android_touch_skill_slots.cfg
04-26 20:13:15.948 17980 18030 I MuMain  : VirtualPad slots: [-1,-1,-1,-1,-1]
04-26 20:13:15.948 17980 18030 I MuMain  : Android perf defaults: maxMsgPerCycle=70 targetFps=-1.0 fxScale=1.00 adaptive=on isEmulator=1
04-26 20:13:15.948 17980 18030 I MuMain  : SDL mixer volume set: level=5 sdl=71
04-26 20:13:15.948 17980 18030 I MuMain  : FPS overlay enabled
04-26 20:13:15.948 17980 18030 I MuMain  : All systems initialized — entering main loop
04-26 20:13:15.948 17980 18030 I MuMain  : Window resized → drawable: 2268x1080
04-26 20:13:15.948 17980 18030 I MuMain  : CHATIME IME state changed focused=0 sdlTextInput=1
04-26 20:13:15.949 17980 18030 I MuMain  : WEBZEN: enter
04-26 20:13:15.952  4164  4218 I Finsky  : [49] WM::SCH: Logging work initialize for 12-1
04-26 20:13:15.955   566   616 W skia    : AGTM parsing failed flags.readFromStream(s) at 159
04-26 20:13:15.955   566   616 W skia    : AGTM parsing failed flags.readFromStream(s) at 159
04-26 20:13:15.955   566   616 W skia    : AGTM parsing failed flags.readFromStream(s) at 159
04-26 20:13:15.955   566   616 W skia    : AGTM parsing failed flags.readFromStream(s) at 159
04-26 20:13:15.955   566   616 W skia    : AGTM parsing failed flags.readFromStream(s) at 159
04-26 20:13:15.961 17980 18030 I MuMain  : WEBZEN: loading title bitmaps
04-26 20:13:15.972   566   616 W skia    : AGTM parsing failed flags.readFromStream(s) at 159
04-26 20:13:15.972   566   616 W skia    : AGTM parsing failed flags.readFromStream(s) at 159
04-26 20:13:15.972   566   616 W skia    : AGTM parsing failed flags.readFromStream(s) at 159
04-26 20:13:15.972   566   616 W skia    : AGTM parsing failed flags.readFromStream(s) at 159
04-26 20:13:15.972   566   616 W skia    : AGTM parsing failed flags.readFromStream(s) at 159
04-26 20:13:15.976  4164  4224 I Finsky  : [55] SCH: Scheduling phonesky job Id: 12-1, CT: 1777209194446, Constraints: [{ L: 15000, D: 86400000, C: CHARGING_NONE, I: IDLE_NONE, N: NET_ANY, B: BATTERY_ANY }]
04-26 20:13:15.977 17980 18030 I MuMain  : WEBZEN: OpenBasicData begin
04-26 20:13:15.977 17980 18030 I MuMain  : OPENBASIC: enter
04-26 20:13:15.977 17980 18030 I MuMain  : OPENBASIC: RenderTitle 0 begin
04-26 20:13:15.978 17980 18030 I MuMain  : OPENBASIC: RenderTitle 0 done
04-26 20:13:15.978 17980 18030 I MuMain  : OPENBASIC: first bitmap group begin
04-26 20:13:15.988   566   616 W skia    : AGTM parsing failed flags.readFromStream(s) at 159
04-26 20:13:15.988   566   616 W skia    : AGTM parsing failed flags.readFromStream(s) at 159
04-26 20:13:15.988   566   616 W skia    : AGTM parsing failed flags.readFromStream(s) at 159
04-26 20:13:15.988   566   616 W skia    : AGTM parsing failed flags.readFromStream(s) at 159
04-26 20:13:15.988   566   616 W skia    : AGTM parsing failed flags.readFromStream(s) at 159
04-26 20:13:15.993  4164  4223 I Finsky  : [54] SCH: Scheduling 1 system job(s)
04-26 20:13:15.993  4164  4223 I Finsky  : [54] SCH: Scheduling system job Id: 9789, L: 13453, D: 44681694, C: false, I: false, N: 1
04-26 20:13:16.004   566   616 W skia    : AGTM parsing failed flags.readFromStream(s) at 159
04-26 20:13:16.004   566   616 W skia    : AGTM parsing failed flags.readFromStream(s) at 159
04-26 20:13:16.004   566   616 W skia    : AGTM parsing failed flags.readFromStream(s) at 159
04-26 20:13:16.004   566   616 W skia    : AGTM parsing failed flags.readFromStream(s) at 159
04-26 20:13:16.004   566   616 W skia    : AGTM parsing failed flags.readFromStream(s) at 159
04-26 20:13:16.021   566   616 W skia    : AGTM parsing failed flags.readFromStream(s) at 159
04-26 20:13:16.021   566   616 W skia    : AGTM parsing failed flags.readFromStream(s) at 159
04-26 20:13:16.021   566   616 W skia    : AGTM parsing failed flags.readFromStream(s) at 159
04-26 20:13:16.021   566   616 W skia    : AGTM parsing failed flags.readFromStream(s) at 159
04-26 20:13:16.022   566   616 W skia    : AGTM parsing failed flags.readFromStream(s) at 159
04-26 20:13:16.024  4164  4216 I Finsky  : [47] [ContentSync] finished, scheduled=true
04-26 20:13:16.025  4164  4224 I Finsky  : [55] SCH: Scheduling phonesky job Id: 12-1, CT: 1777209194264, Constraints: [{ L: 15000, D: 86400000, C: CHARGING_NONE, I: IDLE_NONE, N: NET_ANY, B: BATTERY_ANY }]
04-26 20:13:16.025 17980 18030 I MuMain  : OPENBASIC: first bitmap group done
04-26 20:13:16.032  4164  4225 I Finsky  : [56] SCH: Scheduling 1 system job(s)
04-26 20:13:16.032  4164  4225 I Finsky  : [56] SCH: Scheduling system job Id: 9789, L: 13232, D: 44681655, C: false, I: false, N: 1
04-26 20:13:16.038   566   616 W skia    : AGTM parsing failed flags.readFromStream(s) at 159
04-26 20:13:16.038   566   616 W skia    : AGTM parsing failed flags.readFromStream(s) at 159
04-26 20:13:16.038   566   616 W skia    : AGTM parsing failed flags.readFromStream(s) at 159
04-26 20:13:16.038   566   616 W skia    : AGTM parsing failed flags.readFromStream(s) at 159
04-26 20:13:16.038   566   616 W skia    : AGTM parsing failed flags.readFromStream(s) at 159
04-26 20:13:16.055   566   616 W skia    : AGTM parsing failed flags.readFromStream(s) at 159
04-26 20:13:16.055   566   616 W skia    : AGTM parsing failed flags.readFromStream(s) at 159
04-26 20:13:16.055   566   616 W skia    : AGTM parsing failed flags.readFromStream(s) at 159
04-26 20:13:16.055   566   616 W skia    : AGTM parsing failed flags.readFromStream(s) at 159
04-26 20:13:16.056   566   616 W skia    : AGTM parsing failed flags.readFromStream(s) at 159
04-26 20:13:16.056  4164  4218 I Finsky  : [49] [ContentSync] finished, scheduled=true
04-26 20:13:16.071   566   616 W skia    : AGTM parsing failed flags.readFromStream(s) at 159
04-26 20:13:16.071   566   616 W skia    : AGTM parsing failed flags.readFromStream(s) at 159
04-26 20:13:16.071   566   616 W skia    : AGTM parsing failed flags.readFromStream(s) at 159
04-26 20:13:16.071   566   616 W skia    : AGTM parsing failed flags.readFromStream(s) at 159
04-26 20:13:16.071   566   616 W skia    : AGTM parsing failed flags.readFromStream(s) at 159
04-26 20:13:16.077 17980 18030 I TakumiErrorReport: File not found Data\Effect\Shiny04.jpg (32118)->Data\Effect\Shiny05.jpg
04-26 20:13:16.087   566   616 W skia    : AGTM parsing failed flags.readFromStream(s) at 159
04-26 20:13:16.087   566   616 W skia    : AGTM parsing failed flags.readFromStream(s) at 159
04-26 20:13:16.087   566   616 W skia    : AGTM parsing failed flags.readFromStream(s) at 159
04-26 20:13:16.087   566   616 W skia    : AGTM parsing failed flags.readFromStream(s) at 159
04-26 20:13:16.087   566   616 W skia    : AGTM parsing failed flags.readFromStream(s) at 159
04-26 20:13:16.104   566   616 W skia    : AGTM parsing failed flags.readFromStream(s) at 159
04-26 20:13:16.104   566   616 W skia    : AGTM parsing failed flags.readFromStream(s) at 159
04-26 20:13:16.105   566   616 W skia    : AGTM parsing failed flags.readFromStream(s) at 159
04-26 20:13:16.120   566   616 W skia    : AGTM parsing failed flags.readFromStream(s) at 159
04-26 20:13:16.120   566   616 W skia    : AGTM parsing failed flags.readFromStream(s) at 159
04-26 20:13:16.120   566   616 W skia    : AGTM parsing failed flags.readFromStream(s) at 159
04-26 20:13:16.139   566   616 W skia    : AGTM parsing failed flags.readFromStream(s) at 159
04-26 20:13:16.139   566   616 W skia    : AGTM parsing failed flags.readFromStream(s) at 159
04-26 20:13:16.139   566   616 W skia    : AGTM parsing failed flags.readFromStream(s) at 159
04-26 20:13:16.140   736  1145 I ImeTracker: system_server:9f05e679: onRequestHide at ORIGIN_SERVER reason IME_REQUESTED_CHANGED_LISTENER fromUser false displayId 0
04-26 20:13:16.141   736   762 I ImeTracker: system_server:9f05e679: onCancelled at PHASE_SERVER_SHOULD_HIDE
04-26 20:13:16.155   566   616 W skia    : AGTM parsing failed flags.readFromStream(s) at 159
04-26 20:13:16.155   566   616 W skia    : AGTM parsing failed flags.readFromStream(s) at 159
04-26 20:13:16.155   566   616 W skia    : AGTM parsing failed flags.readFromStream(s) at 159
04-26 20:13:16.163 17980 18030 I TakumiErrorReport: > First Load Files OK.
04-26 20:13:16.170   566   616 W skia    : AGTM parsing failed flags.readFromStream(s) at 159
04-26 20:13:16.170   566   616 W skia    : AGTM parsing failed flags.readFromStream(s) at 159
04-26 20:13:16.170   566   616 W skia    : AGTM parsing failed flags.readFromStream(s) at 159
04-26 20:13:16.187   566   616 W skia    : AGTM parsing failed flags.readFromStream(s) at 159
04-26 20:13:16.187   566   616 W skia    : AGTM parsing failed flags.readFromStream(s) at 159
04-26 20:13:16.187   566   616 W skia    : AGTM parsing failed flags.readFromStream(s) at 159
04-26 20:13:16.205   566   616 W skia    : AGTM parsing failed flags.readFromStream(s) at 159
04-26 20:13:16.206   566   616 W skia    : AGTM parsing failed flags.readFromStream(s) at 159
04-26 20:13:16.206   566   616 W skia    : AGTM parsing failed flags.readFromStream(s) at 159
04-26 20:13:16.221   566   616 W skia    : AGTM parsing failed flags.readFromStream(s) at 159
04-26 20:13:16.221   566   616 W skia    : AGTM parsing failed flags.readFromStream(s) at 159
04-26 20:13:16.221   566   616 W skia    : AGTM parsing failed flags.readFromStream(s) at 159
04-26 20:13:16.237  1036  1091 V WindowManagerShell: Transition animation finished (aborted=false), notifying core (#131) android.os.BinderProxy@7a7ae1c@0
04-26 20:13:16.237   566   616 W skia    : AGTM parsing failed flags.readFromStream(s) at 159
04-26 20:13:16.237   566   616 W skia    : AGTM parsing failed flags.readFromStream(s) at 159
04-26 20:13:16.237   566   616 W skia    : AGTM parsing failed flags.readFromStream(s) at 159
04-26 20:13:16.241   736   759 V WindowManager: Finish Transition (#131): created at 04-26 20:13:15.535 collect-started=0.049ms request-sent=6.704ms started=9.464ms ready=20.912ms sent=210.511ms commit=23.908ms finished=705.265ms
04-26 20:13:16.243 17980 17980 D VRI[PreloadActivity]: visibilityChanged oldVisibility=true newVisibility=false
04-26 20:13:16.245  1036  1091 V WindowManagerShell: Track 0 became idle
04-26 20:13:16.245  1036  1091 V WindowManagerShell: All active transition animations finished
04-26 20:13:16.260 17980 17980 D WindowOnBackDispatcher: setTopOnBackInvokedCallback (unwrapped): null
04-26 20:13:16.261   736  1603 D CoreBackPreview: Window{742152c u0 com.muonline.client/com.muonline.client.PreloadActivity}: Setting back callback null
04-26 20:13:16.262 17980 17980 D ViewRootImpl: Skipping stats log for color mode
04-26 20:13:16.381  1016  1016 I wpa_supplicant: wlan0: CTRL-EVENT-BEACON-LOSS 
04-26 20:13:16.688   560   624 D AF::Track: interceptBuffer: took 517us to intercept 0 tracks
04-26 20:13:17.319   736   954 I AdbWifiNetworkMonitor: Wi-Fi network available
04-26 20:13:17.319   736   954 I AdbWifiNetworkMonitor: Received the same Wi-Fi SSID. Ignoring.
04-26 20:13:17.325   736   921 I HalDevMgr: bestIfaceCreationProposal is null, requestIface=STA, existingIface=[name=wlan0 type=STA]
04-26 20:13:17.330  1366  1481 I NullBinder: NullBinder for android.net.action.RECOMMEND_NETWORKS triggering remote TransactionTooLargeException due to Service without Chimera impl, calling uid: 1000, calling pid: 0
04-26 20:13:17.330  1366  1481 W libbinder.Binder: Large reply transaction of 1056768 bytes, interface descriptor , function: UNKNOWN_FUNCTION_NAME, code: 1, flags: 17
04-26 20:13:17.837 17980 18030 I MuMain  : OPENBASIC: OpenImages begin
04-26 20:13:17.840 17980 18030 I MuMain  : OPENBASIC: OpenImages done
04-26 20:13:17.841 17980 18030 I MuMain  : OPENBASIC: OpenSounds begin
04-26 20:13:17.841 17980 18030 I MuMain  : OPENBASIC: OpenSounds done
04-26 20:13:17.841 17980 18030 I MuMain  : OPENBASIC: scripts begin
04-26 20:13:17.865 17980 18030 I MuMain  : OPENBASIC: OpenTextData begin
04-26 20:13:17.871 17980 18030 I MuMain  : OPENBASIC: OpenTextData done
04-26 20:13:17.882 17980 18030 I MuMain  : OPENBASIC: master/gate/filter done
04-26 20:13:17.883 17980 18030 I MuMain  : WEBZEN: OpenBasicData done
04-26 20:13:17.973 17980 18030 I TakumiErrorReport: File not found Data\Interface\InGameShop\ingame_Bt_page_L.tga (32485)->Data\Custom\Maps\CRadar.tga
04-26 20:13:17.975 17980 18030 I TakumiErrorReport: File not found Data\Interface\InGameShop\IGS_Storage_Page.tga (32487)->Data\Custom\Maps\map_radar.tga
04-26 20:13:17.978 17980 18030 I TakumiErrorReport: File not found Data\Interface\InGameShop\IGS_Storage_Page_Left.tga (32488)->Data\Custom\Maps\background-tcp.tga
04-26 20:13:17.979 17980 18030 I TakumiErrorReport: File not found Data\Interface\InGameShop\IGS_Storage_Page_Right.tga (32489)->Data\Interface\newui_option_check.tga
04-26 20:13:18.081 17980 18030 I TakumiErrorReport: File not found Data\Interface\newui_item_back01.tga (31373)->Data\Interface\newui_item_back04.tga
04-26 20:13:18.083 17980 18030 I TakumiErrorReport: File not found Data\Interface\newui_item_back04.tga (31373)->Data\Interface\newui_item_back01.tga
04-26 20:13:18.089 17980 18030 I MuMain  : WEBZEN: LoadMainSceneInterface done
04-26 20:13:18.090 17980 18030 I TakumiErrorReport: > Loading ok.
04-26 20:13:18.091 17980 18030 E BLASTBufferQueue: [aea69ca SurfaceView[com.muonline.client/com.muonline.client.MuMainActivity]#2](f:0,a:0) rejecting buffer:active_size=2268x1080, requested_size=2268x1080 buffer{size=2268x943 transform=0}
04-26 20:13:18.140 17980 18030 I MuMain  : ADAPT fx scale: fps=0.5 frameMs=2191.85 1.00->0.90 target=0.55
04-26 20:13:18.140 17980 18030 I MuMain  : PERF fps=0.5 frameMs=2191.85 phase(render=2140.75 pad=0.03 present=50.41) renderLevel=4 fxScale=1.00 maxMsg=70 avg(draw=132 verts=792 im=132 vaD=0 vaC=0 qI=0 qE=0) max(draw=132 verts=792)
04-26 20:13:18.140 17980 18030 I MuMain  : PERF_SCENE world=-1 char(live=0 vis=0 ply=0 mon=0 npc=0 pet=0 prio=0 topMon=-1 x0) obj(live=0 vis=0 op=0 trap=0 topObj=-1 x0)
04-26 20:13:18.140 17980 18030 I MuMain  : PERF_BUCKET objMove(cand=0 upd=0 def=0 n=0 m=0 f=0) objRender(cand=0 draw=0 cull=0 n=0 m=0 f=0 visDraw=0 visDef=0) charMove(cand=0 upd=0 def=0 n=0 m=0 f=0) charRender(cand=0 draw=0 def=0 cull=0 n=0 m=0 f=0)
04-26 20:13:18.140 17980 18030 I MuMain  : PERF_TERRAIN world=-1 normal(block=0 tile=0) grass(block=0 tile=0) after(block=0 tile=0)
04-26 20:13:18.140 17980 18030 I MuMain  : Frame 0 — drawCalls=132 verts=792 paths(im=132 vaD=0 vaC=0 qI=0 qE=0) SDL_err='Couldn't open asset '/storage/emulated/0/Android/data/com.muonline.client/files/Data/fonts/font_.ttf''
04-26 20:13:18.275   560   624 D AF::Track: interceptBuffer: took 546us to intercept 0 tracks
04-26 20:13:18.304 17980 18030 I TakumiErrorReport: File not found Data\World74\leaf01.tga (30357)->Data\World74\leaf01.jpg
04-26 20:13:18.310 17980 18030 I AndroidGDI: Font OK: /system/fonts/DroidSans-Bold.ttf sz=10
04-26 20:13:18.310 17980 18030 I TakumiErrorReport: [Connect to Server 33] ip address = 171.235.182.88, port = 44405
04-26 20:13:18.311 17980 18030 E MuMain  : PlayMp3 failed requested=[data\music\login_theme.mp3] resolved=[data/music/login_theme.mp3] reqExists=0 resolvedExists=0 cwd=[/storage/emulated/0/Android/data/com.muonline.client/files]: Couldn't open 'data/music/login_theme.mp3'
04-26 20:13:18.311 17980 18030 I TakumiErrorReport: > Login Scene init success.
04-26 20:13:18.324 17980 18030 I AndroidGDI: AndroidTextOut ENTRY len=34 hdc=0x733fdca9c0d0 bmp=0x733fdca9c0a0 text[0]=40
04-26 20:13:18.324 17980 18030 I AndroidGDI: TextOut surf=241x18 fmt=0x16362004 maxA=255 dib[0..2]=0,0,0
04-26 20:13:18.325 17980 18030 I AndroidGDI: AndroidTextOut ENTRY len=25 hdc=0x733fdca9c0d0 bmp=0x733fdca9c0a0 text[0]=32
04-26 20:13:18.325 17980 18030 I AndroidGDI: TextOut surf=177x18 fmt=0x16362004 maxA=255 dib[0..2]=0,0,0
04-26 20:13:18.325 17980 18030 I AndroidGDI: AndroidTextOut ENTRY len=14 hdc=0x733fdca9c0d0 bmp=0x733fdca9c0a0 text[0]=80
04-26 20:13:18.326 17980 18030 I AndroidGDI: TextOut surf=95x18 fmt=0x16362004 maxA=255 dib[0..2]=0,0,0
04-26 20:13:18.339 17980 18030 I MuMain  : Frame 1 — drawCalls=123 verts=43017 paths(im=885 vaD=0 vaC=0 qI=5 qE=0) SDL_err='Couldn't open 'data/music/login_theme.mp3''
04-26 20:13:18.359 17980 18030 I AndroidGDI: AndroidTextOut ENTRY len=34 hdc=0x733fdca9c0d0 bmp=0x733fdca9c0a0 text[0]=40
04-26 20:13:18.359 17980 18030 I AndroidGDI: TextOut surf=241x18 fmt=0x16362004 maxA=255 dib[0..2]=0,0,0
04-26 20:13:18.360 17980 18030 I AndroidGDI: AndroidTextOut ENTRY len=25 hdc=0x733fdca9c0d0 bmp=0x733fdca9c0a0 text[0]=32
04-26 20:13:18.360 17980 18030 I AndroidGDI: TextOut surf=177x18 fmt=0x16362004 maxA=255 dib[0..2]=0,0,0
04-26 20:13:18.360 17980 18030 I AndroidGDI: AndroidTextOut ENTRY len=14 hdc=0x733fdca9c0d0 bmp=0x733fdca9c0a0 text[0]=80
04-26 20:13:18.373 17980 18030 I MuMain  : Frame 2 — drawCalls=313 verts=70092 paths(im=1526 vaD=0 vaC=0 qI=18 qE=0) SDL_err=''
04-26 20:13:18.392 17980 18030 I AndroidGDI: AndroidTextOut ENTRY len=34 hdc=0x733fdca9c0d0 bmp=0x733fdca9c0a0 text[0]=40
04-26 20:13:18.392 17980 18030 I AndroidGDI: AndroidTextOut ENTRY len=25 hdc=0x733fdca9c0d0 bmp=0x733fdca9c0a0 text[0]=32
04-26 20:13:18.392 17980 18030 I AndroidGDI: AndroidTextOut ENTRY len=14 hdc=0x733fdca9c0d0 bmp=0x733fdca9c0a0 text[0]=80
04-26 20:13:18.393 17980 18030 I MuMain  : Frame 3 — drawCalls=313 verts=69204 paths(im=1513 vaD=0 vaC=0 qI=28 qE=0) SDL_err=''
04-26 20:13:18.413 17980 18030 I AndroidGDI: AndroidTextOut ENTRY len=34 hdc=0x733fdca9c0d0 bmp=0x733fdca9c0a0 text[0]=40
04-26 20:13:18.415 17980 18030 I MuMain  : Frame 4 — drawCalls=323 verts=69264 paths(im=1523 vaD=0 vaC=0 qI=40 qE=0) SDL_err=''
04-26 20:13:18.439 17980 18030 I MuMain  : Frame 5 — drawCalls=339 verts=73677 paths(im=1542 vaD=0 vaC=0 qI=53 qE=0) SDL_err=''
04-26 20:13:18.463 17980 18030 I MuMain  : Frame 6 — drawCalls=353 verts=73779 paths(im=1559 vaD=0 vaC=0 qI=67 qE=0) SDL_err=''
04-26 20:13:18.475   736  1699 E TaskPersister: File error accessing recents directory (directory doesn't exist?).
04-26 20:13:18.488 17980 18030 I MuMain  : Frame 7 — drawCalls=361 verts=73857 paths(im=1572 vaD=0 vaC=0 qI=79 qE=0) SDL_err=''
04-26 20:13:18.512 17980 18030 I MuMain  : Frame 8 — drawCalls=375 verts=74031 paths(im=1587 vaD=0 vaC=0 qI=92 qE=0) SDL_err=''
04-26 20:13:18.539 17980 18030 I MuMain  : Frame 9 — drawCalls=383 verts=74187 paths(im=1599 vaD=0 vaC=0 qI=102 qE=0) SDL_err=''
04-26 20:13:18.645 17980 18030 W MuMain  : ADAPT net budget down: fps=39.8 frameMs=25.16 maxMsg 70->60
04-26 20:13:18.900 17980 18030 W MuMain  : ADAPT net budget down: fps=35.2 frameMs=28.41 maxMsg 60->50
04-26 20:13:19.159 17980 18030 W MuMain  : ADAPT net budget down: fps=34.8 frameMs=28.76 maxMsg 50->40
04-26 20:13:19.159 17980 18030 I MuMain  : PERF fps=34.8 frameMs=28.76 phase(render=27.76 pad=0.04 present=0.89) renderLevel=4 fxScale=1.00 maxMsg=40 avg(draw=449 verts=75322 im=1829 vaD=0 vaC=0 qI=215 qE=0) max(draw=455 verts=76833)
04-26 20:13:19.159 17980 18030 I MuMain  : PERF_SCENE world=73 char(live=0 vis=0 ply=0 mon=0 npc=0 pet=0 prio=0 topMon=-1 x0) obj(live=375 vis=169 op=0 trap=0 topObj=155 x30)
04-26 20:13:19.159 17980 18030 I MuMain  : PERF_BUCKET objMove(cand=0 upd=0 def=0 n=0 m=0 f=0) objRender(cand=0 draw=0 cull=0 n=0 m=0 f=0 visDraw=0 visDef=0) charMove(cand=0 upd=0 def=0 n=0 m=0 f=0) charRender(cand=0 draw=0 def=0 cull=0 n=0 m=0 f=0)
04-26 20:13:19.159 17980 18030 I MuMain  : PERF_TERRAIN world=73 normal(block=0 tile=0) grass(block=0 tile=0) after(block=0 tile=0)
04-26 20:13:19.411 17980 18030 I MuMain  : ADAPT fx scale: fps=35.8 frameMs=27.93 1.00->0.90 target=0.80
04-26 20:13:19.411 17980 18030 W MuMain  : ADAPT net budget down: fps=35.8 frameMs=27.93 maxMsg 40->30
04-26 20:13:19.544  1203  1331 D SatelliteController: isInCarrierRoamingNbIotNtn: satellite is disabled
04-26 20:13:19.545  1203  1331 D SatelliteController: getCarrierRoamingNtnConnectType: Checking connect type from PLMN config for subId: 1
04-26 20:13:19.548  1203  1331 D SatelliteController: getSatellitePerPlmnConfiguration: invalid subId or not supported via carrier.
04-26 20:13:19.548  1203  1331 D SatelliteController: getCarrierRoamingNtnConnectType: config: null
04-26 20:13:19.549  1203  1331 D SatelliteController: getCarrierRoamingNtnConnectType: Falling back to global carrier config connect type: 0
04-26 20:13:19.549  1203  1331 D SatelliteController: updateLastNotifiedCarrierRoamingNtnSignalStrengthAndNotify(1)
04-26 20:13:19.549  1203  1331 D SatelliteController: updateLastNotifiedCarrierRoamingNtnSignalStrengthAndNotify(1) lastNotifiedSignalStrength level: 0
04-26 20:13:19.549  1203  1331 D SatelliteController: updateLastNotifiedCarrierRoamingNtnSignalStrengthAndNotify(1) currSignalStrength level: 0
04-26 20:13:20.214 17980 18030 I MuMain  : PERF fps=40.4 frameMs=24.76 phase(render=23.98 pad=0.02 present=0.70) renderLevel=4 fxScale=1.00 maxMsg=30 avg(draw=386 verts=81273 im=1783 vaD=0 vaC=0 qI=191 qE=0) max(draw=398 verts=81717)
04-26 20:13:20.214 17980 18030 I MuMain  : PERF_SCENE world=73 char(live=0 vis=0 ply=0 mon=0 npc=0 pet=0 prio=0 topMon=-1 x0) obj(live=375 vis=188 op=0 trap=0 topObj=79 x23)
04-26 20:13:20.214 17980 18030 I MuMain  : PERF_BUCKET objMove(cand=0 upd=0 def=0 n=0 m=0 f=0) objRender(cand=0 draw=0 cull=0 n=0 m=0 f=0 visDraw=0 visDef=0) charMove(cand=0 upd=0 def=0 n=0 m=0 f=0) charRender(cand=0 draw=0 def=0 cull=0 n=0 m=0 f=0)
04-26 20:13:20.214 17980 18030 I MuMain  : PERF_TERRAIN world=73 normal(block=0 tile=0) grass(block=0 tile=0) after(block=0 tile=0)
04-26 20:13:20.333   736   954 I AdbWifiNetworkMonitor: Wi-Fi network available
04-26 20:13:20.333   736   954 I AdbWifiNetworkMonitor: Received the same Wi-Fi SSID. Ignoring.
