--------- beginning of main
04-26 22:29:30.785  1219  1219 D AllAppsStore: setApps: apps.length=21
04-26 22:29:30.785  1219  1219 D AllAppsStore: notifyUpdate: notifying listeners
04-26 22:29:30.786  1219  1219 D b/387844520: getOutlineOffsetX: measured width = 173, mNormalizedIconSize = 159, last updated width = 173
04-26 22:29:30.790  1219  1219 V BaseDepthController: Applying blur: 0 to Surface(name=VRI-com.google.android.apps.nexuslauncher/com.google.android.apps.nexuslauncher.NexusLauncherActivity#1888)/@0xd45637f applyImmediately: false
04-26 22:29:30.790  1219  1219 D BaseDepthController: shouldBlurWorkspace: false targetState: Normal currentStableState: Normal mCurrentBlur: 0 mLauncher.getDepthBlurTargets(): [com.android.launcher3.Workspace{573bc60 V.ED..... ......ID 0,0-1080,2400 #7f0a047d app:id/workspace}, com.android.launcher3.Hotseat{7eca519 V.ED..... .......D 0,1905-1080,2400 #7f0a01f1 app:id/hotseat}]
04-26 22:29:30.802  1203  1203 D CarrierSvcBindHelper: No carrier app for: 0
04-26 22:29:30.805  1219  1219 V BaseDepthController: Applying blur: 0 to Surface(name=VRI-com.google.android.apps.nexuslauncher/com.google.android.apps.nexuslauncher.NexusLauncherActivity#1888)/@0xd45637f applyImmediately: false
04-26 22:29:30.805  1219  1219 D BaseDepthController: shouldBlurWorkspace: false targetState: Normal currentStableState: Normal mCurrentBlur: 0 mLauncher.getDepthBlurTargets(): [com.android.launcher3.Workspace{573bc60 V.ED..... ........ 0,0-1080,2400 #7f0a047d app:id/workspace}, com.android.launcher3.Hotseat{7eca519 V.ED..... ........ 0,1905-1080,2400 #7f0a01f1 app:id/hotseat}]
04-26 22:29:30.814   566   616 W skia    : AGTM parsing failed flags.readFromStream(s) at 159
04-26 22:29:30.814   566   616 W skia    : AGTM parsing failed flags.readFromStream(s) at 159
04-26 22:29:30.823  1219  1219 V BaseDepthController: Applying blur: 0 to Surface(name=VRI-com.google.android.apps.nexuslauncher/com.google.android.apps.nexuslauncher.NexusLauncherActivity#1888)/@0xd45637f applyImmediately: false
04-26 22:29:30.823  1219  1219 D BaseDepthController: shouldBlurWorkspace: false targetState: Normal currentStableState: Normal mCurrentBlur: 0 mLauncher.getDepthBlurTargets(): [com.android.launcher3.Workspace{573bc60 V.ED..... ........ 0,0-1080,2400 #7f0a047d app:id/workspace}, com.android.launcher3.Hotseat{7eca519 V.ED..... ........ 0,1905-1080,2400 #7f0a01f1 app:id/hotseat}]
--------- beginning of system
04-26 22:29:30.831   736   762 I ImeTracker: system_server:e6ed93eb: onCancelled at PHASE_SERVER_SHOULD_HIDE
04-26 22:29:30.834  4376  4385 I PermissionControllerServiceImpl: Updating user sensitive for uid 10230
04-26 22:29:30.835  1219  1219 V BaseDepthController: Applying blur: 0 to Surface(name=VRI-com.google.android.apps.nexuslauncher/com.google.android.apps.nexuslauncher.NexusLauncherActivity#1888)/@0xd45637f applyImmediately: false
04-26 22:29:30.835  1219  1219 D BaseDepthController: shouldBlurWorkspace: false targetState: Normal currentStableState: Normal mCurrentBlur: 0 mLauncher.getDepthBlurTargets(): [com.android.launcher3.Workspace{573bc60 V.ED..... ........ 0,0-1080,2400 #7f0a047d app:id/workspace}, com.android.launcher3.Hotseat{7eca519 V.ED..... ........ 0,1905-1080,2400 #7f0a01f1 app:id/hotseat}]
04-26 22:29:30.846   736   760 W Looper  : Slow dispatch took 169ms android.ui app=system_server main=false group=TOP_APP h=com.android.server.am.ActivityManagerService$UiHandler c=com.android.server.am.UidObserverController$$ExternalSyntheticLambda0@627c3dc m=0
04-26 22:29:30.852  4276  4276 I Finsky:background: [2] ajje - Deduping intent android.intent.action.PACKAGE_ADDED
04-26 22:29:30.854  1219  1219 V BaseDepthController: Applying blur: 0 to Surface(name=VRI-com.google.android.apps.nexuslauncher/com.google.android.apps.nexuslauncher.NexusLauncherActivity#1888)/@0xd45637f applyImmediately: false
04-26 22:29:30.854  1219  1219 D BaseDepthController: shouldBlurWorkspace: false targetState: Normal currentStableState: Normal mCurrentBlur: 0 mLauncher.getDepthBlurTargets(): [com.android.launcher3.Workspace{573bc60 V.ED..... ........ 0,0-1080,2400 #7f0a047d app:id/workspace}, com.android.launcher3.Hotseat{7eca519 V.ED..... ........ 0,1905-1080,2400 #7f0a01f1 app:id/hotseat}]
04-26 22:29:30.862  4164  4164 I Finsky  : [2] ajjp - Received: android.intent.action.PACKAGE_ADDED, [n076RJLEETmEZ61FBJHrGFwh-0szukPG_iaeB-mhrwQ]
04-26 22:29:30.864  4276  4276 I Finsky:background: [2] ajje - Received: android.intent.action.PACKAGE_ADDED, [n076RJLEETmEZ61FBJHrGFwh-0szukPG_iaeB-mhrwQ]
04-26 22:29:30.873   736   736 I BackupManagerService: No delayed restore requests for the given dependency: com.muonline.client
04-26 22:29:30.873   736   736 W Looper  : Slow dispatch took 187ms main app=system_server main=true group=FOREGROUND h=android.app.ActivityThread$H c=android.app.LoadedApk$ReceiverDispatcher$Args$$ExternalSyntheticLambda0@8857cb9 m=0
04-26 22:29:30.887  1219  1219 V BaseDepthController: Applying blur: 0 to Surface(name=VRI-com.google.android.apps.nexuslauncher/com.google.android.apps.nexuslauncher.NexusLauncherActivity#1888)/@0xd45637f applyImmediately: false
04-26 22:29:30.887  1219  1219 D BaseDepthController: shouldBlurWorkspace: false targetState: Normal currentStableState: Normal mCurrentBlur: 0 mLauncher.getDepthBlurTargets(): [com.android.launcher3.Workspace{573bc60 V.ED..... ........ 0,0-1080,2400 #7f0a047d app:id/workspace}, com.android.launcher3.Hotseat{7eca519 V.ED..... ........ 0,1905-1080,2400 #7f0a01f1 app:id/hotseat}]
04-26 22:29:30.906  1219  1219 V BaseDepthController: Applying blur: 0 to Surface(name=VRI-com.google.android.apps.nexuslauncher/com.google.android.apps.nexuslauncher.NexusLauncherActivity#1888)/@0xd45637f applyImmediately: false
04-26 22:29:30.907  1219  1219 D BaseDepthController: shouldBlurWorkspace: false targetState: Normal currentStableState: Normal mCurrentBlur: 0 mLauncher.getDepthBlurTargets(): [com.android.launcher3.Workspace{573bc60 V.ED..... ........ 0,0-1080,2400 #7f0a047d app:id/workspace}, com.android.launcher3.Hotseat{7eca519 V.ED..... ........ 0,1905-1080,2400 #7f0a01f1 app:id/hotseat}]
04-26 22:29:30.912   736   736 D AS.AudioService: received android.intent.action.PACKAGE_REPLACED replacing: true archival: false for package com.muonline.client with uid 10230
04-26 22:29:30.915   736   736 D AppSearchAppsIndexerManagerS: userid in package receiver: 10230
04-26 22:29:30.920  4276  4276 I Finsky:background: [2] ajje - Deduping intent android.intent.action.PACKAGE_ADDED
04-26 22:29:30.921  1219  1219 V BaseDepthController: Applying blur: 0 to Surface(name=VRI-com.google.android.apps.nexuslauncher/com.google.android.apps.nexuslauncher.NexusLauncherActivity#1888)/@0xd45637f applyImmediately: false
04-26 22:29:30.921  1219  1219 D BaseDepthController: shouldBlurWorkspace: false targetState: Normal currentStableState: Normal mCurrentBlur: 0 mLauncher.getDepthBlurTargets(): [com.android.launcher3.Workspace{573bc60 V.ED..... ........ 0,0-1080,2400 #7f0a047d app:id/workspace}, com.android.launcher3.Hotseat{7eca519 V.ED..... ........ 0,1905-1080,2400 #7f0a01f1 app:id/hotseat}]
04-26 22:29:30.920  4276  4276 D ActivityThread: Package [com.muonline.client] reported as REPLACED, but missing application info. Assuming REMOVED.
04-26 22:29:30.921  4276  4319 I Finsky:background: [60] RECEIVER_PACKAGE_MONITOR_BACKGROUND#logWorkEndAndFinishGoAsync: SUCCESS
04-26 22:29:30.924   566   616 W skia    : AGTM parsing failed flags.readFromStream(s) at 159
04-26 22:29:30.924   566   616 W skia    : AGTM parsing failed flags.readFromStream(s) at 159
04-26 22:29:30.924   736   736 D ActivityThread: Package [com.muonline.client] reported as REPLACED, but missing application info. Assuming REMOVED.
04-26 22:29:30.927   736   736 W AlarmManager: Package com.muonline.client, uid 10230 lost permission to set exact alarms!
04-26 22:29:30.941  1219  1219 V BaseDepthController: Applying blur: 0 to Surface(name=VRI-com.google.android.apps.nexuslauncher/com.google.android.apps.nexuslauncher.NexusLauncherActivity#1888)/@0xd45637f applyImmediately: false
04-26 22:29:30.941  1219  1219 D BaseDepthController: shouldBlurWorkspace: false targetState: Normal currentStableState: Normal mCurrentBlur: 0 mLauncher.getDepthBlurTargets(): [com.android.launcher3.Workspace{573bc60 V.ED..... ........ 0,0-1080,2400 #7f0a047d app:id/workspace}, com.android.launcher3.Hotseat{7eca519 V.ED..... ........ 0,1905-1080,2400 #7f0a01f1 app:id/hotseat}]
04-26 22:29:30.955  1219  1219 V BaseDepthController: Applying blur: 0 to Surface(name=VRI-com.google.android.apps.nexuslauncher/com.google.android.apps.nexuslauncher.NexusLauncherActivity#1888)/@0xd45637f applyImmediately: false
04-26 22:29:30.955  1219  1219 D BaseDepthController: shouldBlurWorkspace: false targetState: Normal currentStableState: Normal mCurrentBlur: 0 mLauncher.getDepthBlurTargets(): [com.android.launcher3.Workspace{573bc60 V.ED..... ........ 0,0-1080,2400 #7f0a047d app:id/workspace}, com.android.launcher3.Hotseat{7eca519 V.ED..... ........ 0,1905-1080,2400 #7f0a01f1 app:id/hotseat}]
04-26 22:29:30.975  1219  1219 V BaseDepthController: Applying blur: 0 to Surface(name=VRI-com.google.android.apps.nexuslauncher/com.google.android.apps.nexuslauncher.NexusLauncherActivity#1888)/@0xd45637f applyImmediately: false
04-26 22:29:30.975  1219  1219 D BaseDepthController: shouldBlurWorkspace: false targetState: Normal currentStableState: Normal mCurrentBlur: 0 mLauncher.getDepthBlurTargets(): [com.android.launcher3.Workspace{573bc60 V.ED..... ........ 0,0-1080,2400 #7f0a047d app:id/workspace}, com.android.launcher3.Hotseat{7eca519 V.ED..... ........ 0,1905-1080,2400 #7f0a01f1 app:id/hotseat}]
04-26 22:29:30.977   736   736 V AccessibilityManagerService: onUserStateChangedLocked for userId: 0, forceUpdate: false
04-26 22:29:30.977   736   736 V AccessibilityUserState: updateShortcutTargets: type:accessibility_shortcut_target_service, current:{}, new:{}
04-26 22:29:30.977   736   736 V AccessibilityUserState: updateShortcutTargets: type:accessibility_button_targets, current:{}, new:{}
04-26 22:29:30.977   736   736 V AccessibilityUserState: updateShortcutTargets: type:accessibility_gesture_targets, current:{}, new:{}
04-26 22:29:30.977   736   736 V AccessibilityUserState: updateShortcutTargets: type:accessibility_qs_targets, current:{}, new:{}
04-26 22:29:30.977   736   736 V AccessibilityUserState: updateShortcutTargets: type:accessibility_key_gesture_targets, current:{}, new:{}
04-26 22:29:30.977   736   736 V AccessibilityUserState: updateShortcutTargets: type:accessibility_top_row_key_targets, current:{}, new:{}
04-26 22:29:30.977   736   736 V AccessibilityUserState: updateShortcutTargets: type:accessibility_quick_access_targets, current:{}, new:{}
04-26 22:29:30.978   736   736 W MagnificationConnectionManager: requestConnection duplicated request: connect=false, mConnectionState=DISCONNECTED
04-26 22:29:30.978   736  1640 W ActivityTaskManager: callingPackage for (uid=2000, pid=23959) has no WPC
04-26 22:29:30.979   736   736 W libbinder.IPCThreadState: Sending oneway calls to frozen process.
04-26 22:29:30.979   736   736 W libbinder.IPCThreadState: Sending oneway calls to frozen process.
04-26 22:29:30.979   736   736 W libbinder.IPCThreadState: Sending oneway calls to frozen process.
04-26 22:29:30.980   736   736 W libbinder.IPCThreadState: Sending oneway calls to frozen process.
04-26 22:29:30.981   736   736 V AccessibilityManagerService: onUserStateChangedLocked for userId: 0, forceUpdate: false
04-26 22:29:30.983   736  1640 V GrammaticalInflectionUtils: AttributionSource: android.content.AttributionSource@d322a4fb does not have READ_SYSTEM_GRAMMATICAL_GENDER permission.
04-26 22:29:30.988  1219  1219 V BaseDepthController: Applying blur: 0 to Surface(name=VRI-com.google.android.apps.nexuslauncher/com.google.android.apps.nexuslauncher.NexusLauncherActivity#1888)/@0xd45637f applyImmediately: false
04-26 22:29:30.989  1219  1219 D BaseDepthController: shouldBlurWorkspace: false targetState: Normal currentStableState: Normal mCurrentBlur: 0 mLauncher.getDepthBlurTargets(): [com.android.launcher3.Workspace{573bc60 V.ED..... ........ 0,0-1080,2400 #7f0a047d app:id/workspace}, com.android.launcher3.Hotseat{7eca519 V.ED..... ........ 0,1905-1080,2400 #7f0a01f1 app:id/hotseat}]
04-26 22:29:30.992  1219  1219 D RecentsView: onTaskDisplayChanged: 123, new displayId = 0
04-26 22:29:31.003  4276 23938 I Finsky:background: [261] Wrote row to frosting DB: 3263
04-26 22:29:31.006   736  1076 D IntervalStats: Unable to parse usage stats packages: [266, 267, 268, 269, 270, 271, 272, 273]
04-26 22:29:31.010   566  1316 I libbinder.BpBinder: onLastStrongRef automatically unlinking death recipients for binder (0x7eaa360643a0) with descriptor: '(not cached)'
04-26 22:29:31.020  1219  1219 V BaseDepthController: Applying blur: 0 to Surface(name=VRI-com.google.android.apps.nexuslauncher/com.google.android.apps.nexuslauncher.NexusLauncherActivity#1888)/@0xd45637f applyImmediately: false
04-26 22:29:31.020  1219  1219 D BaseDepthController: shouldBlurWorkspace: false targetState: Normal currentStableState: Normal mCurrentBlur: 0 mLauncher.getDepthBlurTargets(): [com.android.launcher3.Workspace{573bc60 V.ED..... ........ 0,0-1080,2400 #7f0a047d app:id/workspace}, com.android.launcher3.Hotseat{7eca519 V.ED..... ........ 0,1905-1080,2400 #7f0a01f1 app:id/hotseat}]
04-26 22:29:31.024  4276 23938 I Finsky:background: [261] Wrote row to frosting DB: 3264
04-26 22:29:31.025   736  1076 D IntervalStats: Unable to parse usage stats packages: [273]
04-26 22:29:31.027   736  1076 D IntervalStats: Unable to parse usage stats packages: [273]
04-26 22:29:31.027   736  1640 I ActivityTaskManager: Add Task{45d6f2e #122 type=standard A=10230:com.muonline.client} to hidden list because adding Task{73494c2 #123 type=standard A=10230:com.muonline.client}
04-26 22:29:31.029   736  1640 V ActivityTaskManager: TaskLaunchParamsModifier: phase=3 task=Task{73494c2 #123 type=standard A=10230:com.muonline.client} activity=ActivityRecord{209143631 u0 com.muonline.client/.PreloadActivity t-1} display-from-task=0 display-id=0 task-display-area-windowing-mode=1 suggested-display-area=DefaultTaskDisplayArea@125646128 inherit-from-task=fullscreen non-freeform-task-display-area display-area=DefaultTaskDisplayArea@125646128 skip-bounds-fullscreen
04-26 22:29:31.029   736  1640 I ActivityTaskManager: START u0 {flg=0x10000000 xflg=0x5 cmp=com.muonline.client/.PreloadActivity} with LAUNCH_SINGLE_TASK from uid 2000 (com.android.shell) (BAL_ALLOW_PERMISSION) result code=0
04-26 22:29:31.030  1036  1091 V WindowManagerShell: Transition requested (#165): android.os.BinderProxy@77ed768 TransitionRequestInfo { type = OPEN, triggerTask = TaskInfo{userId=0 taskId=123 effectiveUid=10230 displayId=0 isRunning=true baseIntent=Intent { flg=0x10000000 cmp=com.muonline.client/.PreloadActivity } baseActivity=ComponentInfo{com.muonline.client/com.muonline.client.PreloadActivity} topActivity=ComponentInfo{com.muonline.client/com.muonline.client.PreloadActivity} origActivity=null realActivity=ComponentInfo{com.muonline.client/com.muonline.client.PreloadActivity} realActivityIsAppLockEnabled=false numActivities=1 lastActiveTime=25145625 supportsMultiWindow=true supportsMultiWindowWithoutConstraints=true resizeMode=1 isResizeable=true minWidth=-1 minHeight=-1 defaultMinSize=220 token=WCT{android.os.BinderProxy@9139781} topActivityType=1 pictureInPictureParams=null shouldDockBigOverlays=false launchIntoPipHostTaskId=-1 lastParentTaskIdBeforePip=-1 displayCutoutSafeInsets=Rect(132, 0 - 0, 0) topActivityInfo=ActivityInfo{4470026 com.muonline.client.PreloadActivity} launchCookies=[] positionInParent=Point(0, 0) parentTaskId=-1 isFocused=false isInteractive=false isVisible=false isVisibleRequested=false isTopActivityNoDisplay=false isSleeping=false locusId=null displayAreaFeatureId=1 isTopActivityTransparent=false isActivityStackTransparent=false lastNonFullscreenBounds=null leafTaskBoundsFromOptions= false capturedLink=null capturedLinkTimestamp=0 requestedVisibleTypes=503 topActivityRequestOpenInBrowserEducationTimestamp=0 appCompatTaskInfo=AppCompatTaskInfo { topActivityInSizeCompat=false isLeafTask= true eligibleForLetterboxEducation= false isLetterboxEducationEnabled= true isLetterboxDoubleTapEnabled= false eligibleForUserAspectRatioButton= false topActivityBoundsLetterboxed= false isFromLetterboxDoubleTap= false topActivityLetterboxVerticalPosition= -1 topActivityLetterboxHorizontalPosition= -1 topActivityLetterboxWidth=-1 topActivityLetterboxHeight=-1 topActivityAppBounds=Rect(132, 0 - 2400, 1017) isUserFullscreenOverrideEnabled=false isSystemFullscreenOverrideEnabled=false hasMinAspectRatioOverride=false topActivityLetterboxBounds=null topNonResizableActivityAspectRatio=-1.0} topActivityMainWindowFrame=null isAppBubble=false}, pipChange = null, remoteTransitionInfo = null, displayChange = null, requestedLocation = null, userChange = null, windowingLayerChange = null, fullscreenRequestChange = null, flags = 0, debugId = 165 }
04-26 22:29:31.030  1036  1091 W DisconnectHandler: No disconnect change found in the transition, not handling request.
04-26 22:29:31.030  1036  1091 V ShellDesktopMode: DesktopTasksController: skipping handleRequest reason=triggerTask's display doesn't support desktop mode
04-26 22:29:31.030  1219  1219 D BaseActivity: Launcher flags updated: [state_started|state_resumed|state_deferred_resumed|state_window_focused|state_user_active] -[]
04-26 22:29:31.030  1036  1091 D ShellSplitScreen: logExit: no-op, mLoggerSessionId is null
04-26 22:29:31.030   736   736 V AccessibilityUserState: updateShortcutTargets: type:accessibility_shortcut_target_service, current:{}, new:{}
04-26 22:29:31.030   736   736 V AccessibilityUserState: updateShortcutTargets: type:accessibility_button_targets, current:{}, new:{}
04-26 22:29:31.030   736   736 V AccessibilityUserState: updateShortcutTargets: type:accessibility_gesture_targets, current:{}, new:{}
04-26 22:29:31.031   736   736 V AccessibilityUserState: updateShortcutTargets: type:accessibility_qs_targets, current:{}, new:{}
04-26 22:29:31.031   736   736 V AccessibilityUserState: updateShortcutTargets: type:accessibility_key_gesture_targets, current:{}, new:{}
04-26 22:29:31.031   736   736 V AccessibilityUserState: updateShortcutTargets: type:accessibility_top_row_key_targets, current:{}, new:{}
04-26 22:29:31.031   736   736 V AccessibilityUserState: updateShortcutTargets: type:accessibility_quick_access_targets, current:{}, new:{}
04-26 22:29:31.031   736   736 W MagnificationConnectionManager: requestConnection duplicated request: connect=false, mConnectionState=DISCONNECTED
04-26 22:29:31.035  1219  1219 D BaseActivity: Launcher flags updated: [state_started|state_resumed|state_deferred_resumed|state_window_focused] -[state_user_active]
04-26 22:29:31.036  1219  1219 D BaseActivity: Launcher flags updated: [state_started|state_window_focused] -[state_resumed|state_deferred_resumed]
04-26 22:29:31.037  1219  1219 W SplitSelectStateCtor: Missing session instanceIds
04-26 22:29:31.037  1219  1219 D StatsLog: LAUNCHER_SPLIT_SELECTION_EXIT_INTERRUPTED
04-26 22:29:31.044   736  1076 D IntervalStats: Unable to parse usage stats packages: [273]
04-26 22:29:31.045   736  1076 D IntervalStats: Unable to parse usage stats packages: [273, 276, 277, 278]
04-26 22:29:31.047  4276 23938 I Finsky:background: [261] Wrote row to frosting DB: 3265
04-26 22:29:31.052   736  1076 D IntervalStats: Unable to parse usage stats packages: [278, 280, 281, 282, 283]
04-26 22:29:31.053   736  1076 D IntervalStats: Unable to parse usage stats packages: [283]
04-26 22:29:31.057   736  1715 V WindowManager: Defer transition id=165 for TaskFragmentTransaction=android.os.Binder@8f68fb1
04-26 22:29:31.057   736  1076 D IntervalStats: Unable to parse usage stats packages: [283]
04-26 22:29:31.059   736  1076 D IntervalStats: Unable to parse usage stats packages: [283, 284]
04-26 22:29:31.059  1219  1219 V BaseDepthController: Applying blur: 0 to Surface(name=VRI-com.google.android.apps.nexuslauncher/com.google.android.apps.nexuslauncher.NexusLauncherActivity#1888)/@0xd45637f applyImmediately: false
04-26 22:29:31.059  1219  1219 D BaseDepthController: shouldBlurWorkspace: false targetState: Normal currentStableState: Normal mCurrentBlur: 0 mLauncher.getDepthBlurTargets(): [com.android.launcher3.Workspace{573bc60 V.ED..... ........ 0,0-1080,2400 #7f0a047d app:id/workspace}, com.android.launcher3.Hotseat{7eca519 V.ED..... ........ 0,1905-1080,2400 #7f0a01f1 app:id/hotseat}]
04-26 22:29:31.060  1036  1091 D WindowManagerShell: setLauncherKeepClearAreaHeight: visible=false, height=495
04-26 22:29:31.063  4164  4164 I Finsky  : [2] SCH: Received scheduling request: Id: 12-1, Constraints: [{ L: 15000, D: 86400000, C: CHARGING_NONE, I: IDLE_NONE, N: NET_ANY, B: BATTERY_ANY }]
04-26 22:29:31.063  4164  4164 I Finsky  : [2] DTU: Received onPackageAdded, replacing: true
04-26 22:29:31.063   736   762 V GrammaticalInflectionUtils: AttributionSource: android.content.AttributionSource@d322a4fb does not have READ_SYSTEM_GRAMMATICAL_GENDER permission.
04-26 22:29:31.065   736   999 W InputChannel-JNI: Channel already disposed.
04-26 22:29:31.071  1219  1219 V BaseDepthController: Applying blur: 0 to Surface(name=VRI-com.google.android.apps.nexuslauncher/com.google.android.apps.nexuslauncher.NexusLauncherActivity#1888)/@0xd45637f applyImmediately: false
04-26 22:29:31.072  1036  1091 V RecentTasksController: Notify recent tasks changed
04-26 22:29:31.072  1219  1219 D BaseDepthController: shouldBlurWorkspace: false targetState: Normal currentStableState: Normal mCurrentBlur: 0 mLauncher.getDepthBlurTargets(): [com.android.launcher3.Workspace{573bc60 V.ED..... ........ 0,0-1080,2400 #7f0a047d app:id/workspace}, com.android.launcher3.Hotseat{7eca519 V.ED..... ........ 0,1905-1080,2400 #7f0a01f1 app:id/hotseat}]
04-26 22:29:31.073  1036  1091 D ShellDesktopMode: DesktopRepository(0): Removes freeform task: taskId=122
04-26 22:29:31.074  1036  1091 W ShellDesktopMode: DesktopRepository(0): No display id found for task: taskId=122
04-26 22:29:31.074  1036  1091 V RecentTasksController: Notify recent tasks changed
04-26 22:29:31.074   736   736 W libbinder.IPCThreadState: Sending oneway calls to frozen process.
04-26 22:29:31.076  1036  1132 D WindowOnBackDispatcher: setTopOnBackInvokedCallback (unwrapped): android.view.ViewRootImpl$$ExternalSyntheticLambda13@ed874b0
04-26 22:29:31.077   736   736 W libbinder.IPCThreadState: Sending oneway calls to frozen process.
04-26 22:29:31.077   736  5314 I Role    : com.google.android.gms not qualified for android.app.role.SYSTEM_DEPENDENCY_INSTALLER due to missing RequiredComponent{mFlags='0', mIntentFilterData=IntentFilterData{mAction='android.content.pm.action.INSTALL_DEPENDENCY', mCategories='[]', mDataScheme='null', mDataType='null'}, mMetaData=[], mPermission='android.permission.BIND_DEPENDENCY_INSTALLER', mQueryFlags=0} Requirement{mFeatureFlag=null, mMinTargetSdkVersion=1}
04-26 22:29:31.077   736  5314 E RoleControllerServiceImpl: Default/fallback role holder package doesn't qualify for the role, package: com.google.android.gms, role: android.app.role.SYSTEM_DEPENDENCY_INSTALLER, user: 0
04-26 22:29:31.077   736   736 W libbinder.IPCThreadState: Sending oneway calls to frozen process.
04-26 22:29:31.077   736   736 W libbinder.IPCThreadState: Sending oneway calls to frozen process.
04-26 22:29:31.078   736  1185 V WindowManager: Continue transition id=165 for TaskFragmentTransaction=android.os.Binder@8f68fb1
04-26 22:29:31.080   499   499 D Zygote  : Forked child process 23974
04-26 22:29:31.080   736  1640 D WindowManager: setClientSurface Surface(name=VRI-Splash Screen com.muonline.client#1900)/@0x6b99470 for 2259c22 Splash Screen com.muonline.client
04-26 22:29:31.081   736   736 W libbinder.IPCThreadState: Sending oneway calls to frozen process.
04-26 22:29:31.081   736   736 W libbinder.IPCThreadState: Sending oneway calls to frozen process.
04-26 22:29:31.081   736   736 W libbinder.IPCThreadState: Sending oneway calls to frozen process.
04-26 22:29:31.081   736   736 W libbinder.IPCThreadState: Sending oneway calls to frozen process.
04-26 22:29:31.082   736   736 W libbinder.IPCThreadState: Sending oneway calls to frozen process.
04-26 22:29:31.082  1036  1132 I Surface : Creating surface for consumer unnamed-1036-39 with slotExpansion=1 for 64 slots
04-26 22:29:31.082   736   736 W libbinder.IPCThreadState: Sending oneway calls to frozen process.
04-26 22:29:31.083   736   736 W libbinder.IPCThreadState: Sending oneway calls to frozen process.
04-26 22:29:31.083   736  1067 D CoreBackPreview: Window{2259c22 u0 Splash Screen com.muonline.client}: Setting back callback OnBackInvokedCallbackInfo{mCallback=android.window.IOnBackInvokedCallback$Stub$Proxy@6de83e9, mPriority=0, mIsAnimationCallback=false, mOverrideBehavior=0}
04-26 22:29:31.083   736   736 W libbinder.IPCThreadState: Sending oneway calls to frozen process.
04-26 22:29:31.083  1036  1132 I Surface : Creating surface for consumer VRI[client]#39(BLAST Consumer)39 with slotExpansion=1 for 64 slots
04-26 22:29:31.105 23974 23974 I Zygote  : Process 23974 created for com.muonline.client
04-26 22:29:31.106 23974 23974 I muonline.client: Using generational CollectorTypeCMC GC.
04-26 22:29:31.107 23974 23974 W muonline.client: Unexpected CPU variant for x86: x86_64.
04-26 22:29:31.107 23974 23974 W muonline.client: Known variants: atom, sandybridge, silvermont, goldmont, goldmont-plus, goldmont-without-sha-xsaves, tremont, kabylake, alderlake, lunarlake, default
04-26 22:29:31.124 23974 23974 D nativeloader: Load libframework-connectivity-tiramisu-jni.so using APEX ns com_android_tethering for caller /apex/com.android.tethering/javalib/framework-connectivity-t.jar: ok
04-26 22:29:31.129  1219  1219 D RecentTasksList: invalidateLoadedTasks - previous requestLoadId: -1
04-26 22:29:31.129  1219  1219 D RecentTasksList: invalidateLoadedTasks - previous requestLoadId: -1
04-26 22:29:31.129   736   748 W system_server: Suspending all threads took: 12.247ms
04-26 22:29:31.136  1219  1219 V BaseDepthController: Applying blur: 0 to Surface(name=VRI-com.google.android.apps.nexuslauncher/com.google.android.apps.nexuslauncher.NexusLauncherActivity#1888)/@0xd45637f applyImmediately: false
04-26 22:29:31.136  1219  1219 D BaseDepthController: shouldBlurWorkspace: false targetState: Normal currentStableState: Normal mCurrentBlur: 0 mLauncher.getDepthBlurTargets(): [com.android.launcher3.Workspace{573bc60 V.ED..... ........ 0,0-1080,2400 #7f0a047d app:id/workspace}, com.android.launcher3.Hotseat{7eca519 V.ED..... ........ 0,1905-1080,2400 #7f0a01f1 app:id/hotseat}]
04-26 22:29:31.144 14925 23965 I AppBackupPkgRemovedIO: Backup state cleanup on uninstall is disabled. [CONTEXT service_id=229 ]
04-26 22:29:31.145   736   736 W Looper  : Drained
04-26 22:29:31.147 14925 23986 I PackageInstalledIntentO: Test flag v2 is disabled [CONTEXT service_id=469 ]
04-26 22:29:31.165  1219  1219 D BaseActivity: Launcher flags updated: [state_started] -[state_window_focused]
04-26 22:29:31.166  1219  1219 V BaseDepthController: Applying blur: 0 to Surface(name=VRI-com.google.android.apps.nexuslauncher/com.google.android.apps.nexuslauncher.NexusLauncherActivity#1888)/@0xd45637f applyImmediately: false
04-26 22:29:31.166  1219  1219 D BaseDepthController: shouldBlurWorkspace: false targetState: Normal currentStableState: Normal mCurrentBlur: 0 mLauncher.getDepthBlurTargets(): [com.android.launcher3.Workspace{573bc60 V.ED..... ........ 0,0-1080,2400 #7f0a047d app:id/workspace}, com.android.launcher3.Hotseat{7eca519 V.ED..... .......D 0,1905-1080,2400 #7f0a01f1 app:id/hotseat}]
04-26 22:29:31.207  1219  1219 V BaseDepthController: Applying blur: 0 to Surface(name=VRI-com.google.android.apps.nexuslauncher/com.google.android.apps.nexuslauncher.NexusLauncherActivity#1888)/@0xd45637f applyImmediately: false
04-26 22:29:31.207  1219  1219 D BaseDepthController: setEarlyWakeup: false
04-26 22:29:31.207  1219  1219 D BaseDepthController: shouldBlurWorkspace: false targetState: Normal currentStableState: Normal mCurrentBlur: 0 mLauncher.getDepthBlurTargets(): [com.android.launcher3.Workspace{573bc60 V.ED..... ........ 0,0-1080,2400 #7f0a047d app:id/workspace}, com.android.launcher3.Hotseat{7eca519 V.ED..... ........ 0,1905-1080,2400 #7f0a01f1 app:id/hotseat}]
04-26 22:29:31.234   736  1958 E AppOps  : attributionTag VCN not declared in manifest of android
04-26 22:29:31.237  1036  1046 V WindowManagerShell: onTransitionReady(transaction=3161095947372)
04-26 22:29:31.238  1036  1091 V WindowManagerShell: onTransitionReady (#165) android.os.BinderProxy@77ed768: {id=165 t=OPEN f=0x0 trk=0 r=[0@Point(0, 0)] c=[
04-26 22:29:31.238  1036  1091 V WindowManagerShell:         {m=OPEN f=MOVE_TO_TOP leash=Surface(name=Task=123#1897)/@0x30eea61 sb=Rect(0, 0 - 2400, 1080) eb=Rect(0, 0 - 2400, 1080) epz=Point(2400, 1080) d=0 taskParent=-1 winMode=1 userId=0},
04-26 22:29:31.238  1036  1091 V WindowManagerShell:         {m=TO_BACK f=SHOW_WALLPAPER leash=Surface(name=Task=1#34)/@0xc98986 sb=Rect(0, 0 - 2400, 1080) eb=Rect(0, 0 - 2400, 1080) epz=Point(2400, 1080) d=0 taskParent=-1 winMode=1 userId=0},
04-26 22:29:31.238  1036  1091 V WindowManagerShell:         {m=TO_BACK f=IS_WALLPAPER leash=Surface(name=Surface(name=WallpaperWindowToken{3bea6dd}#54)/@0x4e520e1 - rotation-leash#1892)/@0x15a9247 sb=Rect(0, 0 - 1080, 2400) eb=Rect(0, 0 - 2400, 1080) epz=Point(2400, 1080) d=0 r=0->1:-1}
04-26 22:29:31.238  1036  1091 V WindowManagerShell:     ]}
04-26 22:29:31.244   736   759 V WindowManager: Sent Transition (#165) createdAt=04-26 22:29:30.985 via request=TransitionRequestInfo { type = OPEN, triggerTask = TaskInfo{userId=0 taskId=123 effectiveUid=10230 displayId=0 isRunning=true baseIntent=Intent { flg=0x10000000 cmp=com.muonline.client/.PreloadActivity } baseActivity=ComponentInfo{com.muonline.client/com.muonline.client.PreloadActivity} topActivity=ComponentInfo{com.muonline.client/com.muonline.client.PreloadActivity} origActivity=null realActivity=ComponentInfo{com.muonline.client/com.muonline.client.PreloadActivity} realActivityIsAppLockEnabled=false numActivities=1 lastActiveTime=25145625 supportsMultiWindow=true supportsMultiWindowWithoutConstraints=true resizeMode=1 isResizeable=true minWidth=-1 minHeight=-1 defaultMinSize=220 token=WCT{RemoteToken{a0dd694 Task{73494c2 #123 type=standard A=10230:com.muonline.client}}} topActivityType=1 pictureInPictureParams=null shouldDockBigOverlays=false launchIntoPipHostTaskId=-1 lastParentTaskIdBeforePip=-1 displayCutoutSafeInsets=Rect(132, 0 - 0, 0) topActivityInfo=ActivityInfo{9bda53d com.muonline.client.PreloadActivity} launchCookies=[] positionInParent=Point(0, 0) parentTaskId=-1 isFocused=false isInteractive=false isVisible=false isVisibleRequested=false isTopActivityNoDisplay=false isSleeping=false locusId=null displayAreaFeatureId=1 isTopActivityTransparent=false isActivityStackTransparent=false lastNonFullscreenBounds=null leafTaskBoundsFromOptions= false capturedLink=null capturedLinkTimestamp=0 requestedVisibleTypes=503 topActivityRequestOpenInBrowserEducationTimestamp=0 appCompatTaskInfo=AppCompatTaskInfo { topActivityInSizeCompat=false isLeafTask= true eligibleForLetterboxEducation= false isLetterboxEducationEnabled= true isLetterboxDoubleTapEnabled= false eligibleForUserAspectRatioButton= false topActivityBoundsLetterboxed= false isFromLetterboxDoubleTap= false topActivityLetterboxVerticalPosition= -1 topActivityLetterboxHorizontalPosition= -1 topActivityLetterboxWidth=-1 topActivityLetterboxHeight=-1 topActivityAppBounds=Rect(132, 0 - 2400, 1017) isUserFullscreenOverrideEnabled=false isSystemFullscreenOverrideEnabled=false hasMinAspectRatioOverride=false topActivityLetterboxBounds=null topNonResizableActivityAspectRatio=-1.0} topActivityMainWindowFrame=null isAppBubble=false}, pipChange = null, remoteTransitionInfo = null, displayChange = null, requestedLocation = null, userChange = null, windowingLayerChange = null, fullscreenRequestChange = null, flags = 0, debugId = 165 }
04-26 22:29:31.244   736   759 V WindowManager:     startWCT=WindowContainerTransaction { changes= {} hops= [] flags= 0 errorCallbackToken=null taskFragmentOrganizer=null }
04-26 22:29:31.244   736   759 V WindowManager:     info={id=165 t=OPEN f=0x0 trk=0 r=[0@Point(0, 0)] c=[
04-26 22:29:31.244   736   759 V WindowManager:         {WCT{RemoteToken{a0dd694 Task{73494c2 #123 type=standard A=10230:com.muonline.client}}} m=OPEN f=MOVE_TO_TOP leash=Surface(name=Task=123#1897)/@0xd4faa85 sb=Rect(0, 0 - 2400, 1080) eb=Rect(0, 0 - 2400, 1080) epz=Point(2400, 1080) d=0 taskParent=-1 winMode=1 userId=0},
04-26 22:29:31.244   736   759 V WindowManager:         {WCT{RemoteToken{4853fd5 Task{13e540b #1 type=home}}} m=TO_BACK f=SHOW_WALLPAPER leash=Surface(name=Task=1#34)/@0x499be06 sb=Rect(0, 0 - 2400, 1080) eb=Rect(0, 0 - 2400, 1080) epz=Point(2400, 1080) d=0 taskParent=-1 winMode=1 userId=0},
04-26 22:29:31.244   736   759 V WindowManager:         {m=TO_BACK f=IS_WALLPAPER leash=Surface(name=Surface(name=WallpaperWindowToken{3bea6dd}#54)/@0x4e520e1 - rotation-leash#1892)/@0xeba133f sb=Rect(0, 0 - 1080, 2400) eb=Rect(0, 0 - 2400, 1080) epz=Point(2400, 1080) d=0 r=0->1:-1}
04-26 22:29:31.244   736   759 V WindowManager:     ]}
04-26 22:29:31.246   736   748 I system_server: Background concurrent mark compact GC freed 28MB AllocSpace bytes, 27(1008KB) LOS objects, 38% free, 38MB/62MB, paused 20.774ms,69.007ms total 1.164s
04-26 22:29:31.246   736   769 W ActivityManager: Slow operation: 182ms so far, now at startProcess: done updating battery stats
04-26 22:29:31.248   736   749 I libbinder.BpBinder: onLastStrongRef automatically unlinking death recipients for binder (0x733fbcafe7c0) with descriptor: '(not cached)'
04-26 22:29:31.250   736   769 W ActivityManager: Slow operation: 186ms so far, now at startProcess: building log message
04-26 22:29:31.250   736   769 I ActivityManager: Start proc 23974:com.muonline.client/u0a230 for next-top-activity {com.muonline.client/com.muonline.client.PreloadActivity}
04-26 22:29:31.251   736   769 W ActivityManager: Slow operation: 186ms so far, now at startProcess: starting to update pids map
04-26 22:29:31.259   736   769 W ActivityManager: Slow operation: 194ms so far, now at startProcess: done updating pids map
04-26 22:29:31.267   736   999 W InputChannel-JNI: Channel already disposed.
04-26 22:29:31.268  1036  1091 V WindowManagerShell: Transition (#165) android.os.BinderProxy@77ed768@0 ready while (#164) android.os.BinderProxy@34334a1@0 is still animating. Notify the animating transition in case they can be merged
04-26 22:29:31.269  1036  1091 V WindowManagerShell:    Requesting merge (#165) into remote: RemoteTransition { remoteTransition = android.window.IRemoteTransition$Stub$Proxy@fea59eb, appThread = android.app.IApplicationThread$Stub$Proxy@4f01348, debugName = QuickstepLaunchHome, filter = {types=[] flags=0x0 notFlags=0x100 checks=[{atype=home independent=true modes=[OPEN,TO_FRONT] flags=NONE mustBeTask=false order=ANY topActivity=ComponentInfo{com.google.android.apps.nexuslauncher/com.google.android.apps.nexuslauncher.NexusLauncherActivity} launchCookie=null windowingMode=undefined isCrossDisplayMove=false},{atype=standard independent=true modes=[CLOSE,TO_BACK] flags=NONE mustBeTask=false order=ANY topActivity=null launchCookie=null windowingMode=undefined isCrossDisplayMove=false},{NOT atype=undefined independent=true modes=[] flags=NONE mustBeTask=true order=ANY topActivity=null launchCookie=null customAnim=true windowingMode=undefined isCrossDisplayMove=false}]} }
04-26 22:29:31.270  1036  1091 V ShellTaskOrganizer: Task appeared taskId=123 listener=FullscreenTaskListener
04-26 22:29:31.271  1036  1091 V ShellTaskOrganizer: Fullscreen Task Appeared: #123
04-26 22:29:31.271  1036  1091 V RecentTasksController: Notify recent tasks changed
04-26 22:29:31.272  1036  1047 V WindowManagerShell: Received remote transition finished callback for (#164)
04-26 22:29:31.273  1036  1091 V WindowManagerShell: Transition animation finished (aborted=false), notifying core (#164) android.os.BinderProxy@34334a1@0
04-26 22:29:31.276   736   999 V SafetySourceDataValidat: Package: com.android.vending has expected signature
04-26 22:29:31.278   736   759 V WindowManager: Finish Transition (#164): created at 04-26 22:29:30.050 collect-started=0.641ms request-sent=0.812ms started=10.978ms ready=18.369ms sent=237.699ms commit=107.283ms finished=1227.185ms
04-26 22:29:31.291  4164  4164 I Finsky  : [2] ajjp - Received: android.intent.action.PACKAGE_ADDED, [n076RJLEETmEZ61FBJHrGFwh-0szukPG_iaeB-mhrwQ]
04-26 22:29:31.292   736  5314 E RoleControllerServiceImpl: Default/fallback role holder package doesn't qualify for the role, package: com.google.android.gms, role: android.app.role.WALLET, user: 0
04-26 22:29:31.293   736  1958 E libbinder.IPCThreadState: Binder transaction failure. id: 6262200, cmd: BR_DEAD_REPLY (29189), error: -22 (Invalid argument)
04-26 22:29:31.293   736  1958 W ActivityManager: pid 736 system sent binder code 7 with flags 1 and got error -32
04-26 22:29:31.294   736  1958 W WindowManager: Exception thrown during dispatchAppVisibility Window{2bfde26 u0 com.muonline.client/com.muonline.client.MuMainActivity EXITING}
04-26 22:29:31.294   736  1958 W WindowManager: android.os.DeadObjectException
04-26 22:29:31.294   736  1958 W WindowManager: 	at android.os.BinderProxy.transactNative(Native Method)
04-26 22:29:31.294   736  1958 W WindowManager: 	at android.os.BinderProxy.transact(BinderProxy.java:617)
04-26 22:29:31.294   736  1958 W WindowManager: 	at android.view.IWindow$Stub$Proxy.dispatchAppVisibility(IWindow.java:596)
04-26 22:29:31.294   736  1958 W WindowManager: 	at com.android.server.wm.WindowState.sendAppVisibilityToClients(WindowState.java:3335)
04-26 22:29:31.294   736  1958 W WindowManager: 	at com.android.server.wm.WindowContainer.sendAppVisibilityToClients(WindowContainer.java:1245)
04-26 22:29:31.294   736  1958 W WindowManager: 	at com.android.server.wm.WindowToken.setClientVisible(WindowToken.java:392)
04-26 22:29:31.294   736  1958 W WindowManager: 	at com.android.server.wm.ActivityRecord.commitVisibility(ActivityRecord.java:5599)
04-26 22:29:31.294   736  1958 W WindowManager: 	at com.android.server.wm.Transition.finishTransition(Transition.java:1570)
04-26 22:29:31.294   736  1958 W WindowManager: 	at com.android.server.wm.TransitionController.finishTransition(TransitionController.java:1205)
04-26 22:29:31.294   736  1958 W WindowManager: 	at com.android.server.wm.WindowOrganizerController.finishTransition(WindowOrganizerController.java:533)
04-26 22:29:31.294   736  1958 W WindowManager: 	at android.window.IWindowOrganizerController$Stub.onTransact(IWindowOrganizerController.java:265)
04-26 22:29:31.294   736  1958 W WindowManager: 	at com.android.server.wm.WindowOrganizerController.onTransact(WindowOrganizerController.java:239)
04-26 22:29:31.294   736  1958 W WindowManager: 	at android.os.Binder.execTransactInternal(Binder.java:1466)
04-26 22:29:31.294   736  1958 W WindowManager: 	at android.os.Binder.execTransact(Binder.java:1411)
04-26 22:29:31.295   736  1958 W Process : Unable to open /proc/23654/status
04-26 22:29:31.308  1219  1219 D RecentTasksList: invalidateLoadedTasks - previous requestLoadId: -1
04-26 22:29:31.310  4164  4164 I Finsky  : [2] ajjp - Deduping intent android.intent.action.PACKAGE_ADDED
04-26 22:29:31.319  1036  1091 V WindowManagerShell: Playing animation for (#165) android.os.BinderProxy@77ed768@0
04-26 22:29:31.319  1036  1091 D ShellSplitScreen: startAnimation: transition=165 isSplitActive=false
04-26 22:29:31.319  1036  1091 V ShellRecents: RecentsTransitionHandler.startAnimation: no controller found
04-26 22:29:31.320  1036  1091 V ShellDesktopMode: DesktopMixedTransitionHandler: No pending desktop transition
04-26 22:29:31.320  1036  1091 V WindowManagerShell: Transition doesn't have explicit remote, search filters for match for {id=165 t=OPEN f=0x0 trk=0 r=[0@Point(0, 0)] c=[{m=OPEN f=MOVE_TO_TOP leash=Surface(name=Task=123#1897)/@0x30eea61 sb=Rect(0, 0 - 2400, 1080) eb=Rect(0, 0 - 2400, 1080) epz=Point(2400, 1080) d=0 taskParent=-1 winMode=1 userId=0},{m=TO_BACK f=SHOW_WALLPAPER leash=Surface(name=Task=1#34)/@0xc98986 sb=Rect(0, 0 - 2400, 1080) eb=Rect(0, 0 - 2400, 1080) epz=Point(2400, 1080) d=0 taskParent=-1 winMode=1 userId=0},{m=TO_BACK f=IS_WALLPAPER leash=Surface(name=Surface(name=WallpaperWindowToken{3bea6dd}#54)/@0x4e520e1 - rotation-leash#1892)/@0x15a9247 sb=Rect(0, 0 - 1080, 2400) eb=Rect(0, 0 - 2400, 1080) epz=Point(2400, 1080) d=0 r=0->1:-1}]}
04-26 22:29:31.321  1036  1091 V WindowManagerShell:  Checking filter Pair{{types=[] flags=0x0 notFlags=0x0 checks=[{atype=undefined independent=true modes=[CLOSE,TO_BACK] flags=IN_TASK_WITH_EMBEDDED_ACTIVITY mustBeTask=false order=ANY topActivity=null launchCookie=null taskFragmentToken=android.os.BinderProxy@e90ae30 windowingMode=undefined isCrossDisplayMove=false}]} RemoteTransition { remoteTransition = android.window.IRemoteTransition$Stub$Proxy@1ccfaa9, appThread = android.app.IApplicationThread$Stub$Proxy@5c682e, debugName = overlayBackTransition, filter = {types=[] flags=0x0 notFlags=0x0 checks=[{atype=undefined independent=true modes=[CLOSE,TO_BACK] flags=IN_TASK_WITH_EMBEDDED_ACTIVITY mustBeTask=false order=ANY topActivity=null launchCookie=null taskFragmentToken=android.os.BinderProxy@e90ae30 windowingMode=undefined isCrossDisplayMove=false}]} }}
04-26 22:29:31.321  1036  1091 V WindowManagerShell:  Checking filter Pair{{types=[] flags=0x0 notFlags=0x0 checks=[{atype=dream independent=true modes=[OPEN,TO_FRONT] flags=NONE mustBeTask=false order=ANY topActivity=null launchCookie=null windowingMode=undefined isCrossDisplayMove=false},{atype=home independent=true modes=[CLOSE,TO_BACK] flags=NONE mustBeTask=false order=ANY topActivity=null launchCookie=null windowingMode=undefined isCrossDisplayMove=false}]} RemoteTransition { remoteTransition = android.window.IRemoteTransition$Stub$Proxy@aa8fcf, appThread = android.app.IApplicationThread$Stub$Proxy@98a7d5c, debugName = LauncherToDream, filter = {types=[] flags=0x0 notFlags=0x0 checks=[{atype=dream independent=true modes=[OPEN,TO_FRONT] flags=NONE mustBeTask=false order=ANY topActivity=null launchCookie=null windowingMode=undefined isCrossDisplayMove=false},{atype=home independent=true modes=[CLOSE,TO_BACK] flags=NONE mustBeTask=false order=ANY topActivity=null launchCookie=null windowingMode=undefined isCrossDisplayMove=false}]} }}
04-26 22:29:31.322  1036  1091 V WindowManagerShell:  Checking filter Pair{{types=[] flags=0x0 notFlags=0x0 checks=[{atype=standard independent=false modes=[CHANGE] flags=NONE mustBeTask=true order=ANY topActivity=null launchCookie=null windowingMode=undefined isCrossDisplayMove=true}]} RemoteTransition { remoteTransition = android.window.IRemoteTransition$Stub$Proxy@3519865, appThread = android.app.IApplicationThread$Stub$Proxy@94ad93a, debugName = QuickstepDisplayMove, filter = {types=[] flags=0x0 notFlags=0x0 checks=[{atype=standard independent=false modes=[CHANGE] flags=NONE mustBeTask=true order=ANY topActivity=null launchCookie=null windowingMode=undefined isCrossDisplayMove=true}]} }}
04-26 22:29:31.322  1036  1091 V WindowManagerShell:  Checking filter Pair{{types=[] flags=0x0 notFlags=0x100 checks=[{atype=home independent=true modes=[OPEN,TO_FRONT] flags=NONE mustBeTask=false order=ANY topActivity=ComponentInfo{com.google.android.apps.nexuslauncher/com.google.android.apps.nexuslauncher.NexusLauncherActivity} launchCookie=null windowingMode=undefined isCrossDisplayMove=false},{atype=standard independent=true modes=[CLOSE,TO_BACK] flags=NONE mustBeTask=false order=ANY topActivity=null launchCookie=null windowingMode=undefined isCrossDisplayMove=false},{NOT atype=undefined independent=true modes=[] flags=NONE mustBeTask=true order=ANY topActivity=null launchCookie=null customAnim=true windowingMode=undefined isCrossDisplayMove=false}]} RemoteTransition { remoteTransition = android.window.IRemoteTransition$Stub$Proxy@fea59eb, appThread = android.app.IApplicationThread$Stub$Proxy@4f01348, debugName = QuickstepLaunchHome, filter = {types=[] flags=0x0 notFlags=0x100 checks=[{atype=home independent=true modes=[OPEN,TO_FRONT] flags=NONE mustBeTask=false order=ANY topActivity=ComponentInfo{com.google.android.apps.nexuslauncher/com.google.android.apps.nexuslauncher.NexusLauncherActivity} launchCookie=null windowingMode=undefined isCrossDisplayMove=false},{atype=standard independent=true modes=[CLOSE,TO_BACK] flags=NONE mustBeTask=false order=ANY topActivity=null launchCookie=null windowingMode=undefined isCrossDisplayMove=false},{NOT atype=undefined independent=true modes=[] flags=NONE mustBeTask=true order=ANY topActivity=null launchCookie=null customAnim=true windowingMode=undefined isCrossDisplayMove=false}]} }}
04-26 22:29:31.325  1036  1091 V WindowManagerShell:  Checking filter Pair{{types=[OPEN,TO_FRONT] flags=0x0 notFlags=0x0 checks=[{atype=standard independent=true modes=[OPEN,TO_FRONT] flags=NONE mustBeTask=true order=ANY topActivity=null launchCookie=null windowingMode=freeform isCrossDisplayMove=false}]} RemoteTransition { remoteTransition = android.window.IRemoteTransition$Stub$Proxy@5987ffe, appThread = null, debugName = DesktopWindowLimitUnminimize, filter = {types=[OPEN,TO_FRONT] flags=0x0 notFlags=0x0 checks=[{atype=standard independent=true modes=[OPEN,TO_FRONT] flags=NONE mustBeTask=true order=ANY topActivity=null launchCookie=null windowingMode=freeform isCrossDisplayMove=false}]} }}
04-26 22:29:31.325  1036  1091 V WindowManagerShell:  Delegate animation for (#165) to null
04-26 22:29:31.325  1036  1091 V WindowManagerShell: start default transition animation, info = {id=165 t=OPEN f=0x0 trk=0 r=[0@Point(0, 0)] c=[{m=OPEN f=MOVE_TO_TOP leash=Surface(name=Task=123#1897)/@0x30eea61 sb=Rect(0, 0 - 2400, 1080) eb=Rect(0, 0 - 2400, 1080) epz=Point(2400, 1080) d=0 taskParent=-1 winMode=1 userId=0},{m=TO_BACK f=SHOW_WALLPAPER leash=Surface(name=Task=1#34)/@0xc98986 sb=Rect(0, 0 - 2400, 1080) eb=Rect(0, 0 - 2400, 1080) epz=Point(2400, 1080) d=0 taskParent=-1 winMode=1 userId=0},{m=TO_BACK f=IS_WALLPAPER leash=Surface(name=Surface(name=WallpaperWindowToken{3bea6dd}#54)/@0x4e520e1 - rotation-leash#1892)/@0x15a9247 sb=Rect(0, 0 - 1080, 2400) eb=Rect(0, 0 - 2400, 1080) epz=Point(2400, 1080) d=0 r=0->1:-1}]}
04-26 22:29:31.325  1036  1091 V WindowManagerShell: loadAnimation: anim=android.view.animation.AnimationSet@f81833f animAttr=0x13 type=OPEN isEntrance=false
04-26 22:29:31.326  1036  1091 V WindowManagerShell: loadAnimation: anim=android.view.animation.AnimationSet@fbb376a animAttr=0x12 type=OPEN isEntrance=true
04-26 22:29:31.330   736  5314 W SignedPackage: Cannot get ApplicationInfo for package: com.google.android.devicelockcontroller
04-26 22:29:31.330   736   750 W System  : A resource failed to call close. 
04-26 22:29:31.333   736   750 W System  : A resource failed to call close. 
04-26 22:29:31.337   566   566 E BpTransactionCompletedListener: Failed to transact (-32)
04-26 22:29:31.337   566   566 E BpTransactionCompletedListener: Failed to transact (-32)
04-26 22:29:31.337  4164  4164 I Finsky  : [2] ajjp - Received: android.intent.action.PACKAGE_ADDED, [n076RJLEETmEZ61FBJHrGFwh-0szukPG_iaeB-mhrwQ]
04-26 22:29:31.344   566   616 W skia    : AGTM parsing failed flags.readFromStream(s) at 159
04-26 22:29:31.345   566   616 W skia    : AGTM parsing failed flags.readFromStream(s) at 159
04-26 22:29:31.349  4164  4164 I Finsky  : [2] ajjp - Deduping intent android.intent.action.PACKAGE_ADDED
04-26 22:29:31.349  4164  4164 D ActivityThread: Package [com.muonline.client] reported as REPLACED, but missing application info. Assuming REMOVED.
04-26 22:29:31.351  4164  4206 I Finsky  : [42] RECEIVER_PACKAGE_MONITOR#logWorkEndAndFinishGoAsync: SUCCESS
04-26 22:29:31.356 23974 23974 D CompatChangeReporter: Compat change id reported: 242716250; UID 10230; state: ENABLED
04-26 22:29:31.366  1366 23970 I ProximityAuth: [RecentAppsMediator] Package added: (user=UserHandle{0}) com.muonline.client
04-26 22:29:31.374 23974 23974 D nativeloader: Configuring clns-9 for other apk /data/app/~~ucWbfpfr9c9KLbdky5arRg==/com.muonline.client-3wkiB342oVlsRYKYFwHkvA==/base.apk. target_sdk_version=34, uses_libraries=, library_path=/data/app/~~ucWbfpfr9c9KLbdky5arRg==/com.muonline.client-3wkiB342oVlsRYKYFwHkvA==/lib/x86_64:/data/app/~~ucWbfpfr9c9KLbdky5arRg==/com.muonline.client-3wkiB342oVlsRYKYFwHkvA==/base.apk!/lib/x86_64, permitted_path=/data:/mnt/expand:/data/user/0/com.muonline.client
04-26 22:29:31.377  1219  1219 D RecentsView: onTaskRemoved: 122, not handling task stack changes
04-26 22:29:31.377  1219  1219 D RecentsView: onTaskRemoved: 122, not handling task stack changes
04-26 22:29:31.379  1036  1091 V WindowManagerShell:  animated by com.android.wm.shell.transition.DefaultTransitionHandler@11f9e32
04-26 22:29:31.381  1036  1091 V RecentTasksController: generateList(getRecentTasks)
04-26 22:29:31.381  1036  1091 V RecentTasksController: initializeDesksMap - allDeskIds: []
04-26 22:29:31.381  1036  1091 V RecentTasksController: Task 123 is not an active desktop task
04-26 22:29:31.381  1036  1091 V RecentTasksController: Added fullscreen task: 123
04-26 22:29:31.381  1036  1091 V RecentTasksController: generateList - complete
04-26 22:29:31.381  1036  1091 V ShellTaskOrganizer: Task vanished taskId=122
04-26 22:29:31.381  1036  1091 V ShellTaskOrganizer: Fullscreen Task Vanished: #122
04-26 22:29:31.381  1036  1091 V ShellDesktopMode: Task Vanished: #122 closed=true
