04-26 23:09:46.542  4432  4432 D ActivityThread: Package [com.muonline.client] reported as REPLACED, but missing application info. Assuming REMOVED.
04-26 23:09:46.542  4432  4432 D ActivityThread: Package [com.muonline.client] reported as REPLACED, but missing application info. Assuming REMOVED.
04-26 23:09:46.543   736  1095 W PackageManager: Cannot suspend package "com.android.server.telecom": has OP_SYSTEM_EXEMPT_FROM_SUSPENSION set
04-26 23:09:46.544   736  1095 W PackageManager: Cannot suspend package "com.android.keychain": has OP_SYSTEM_EXEMPT_FROM_SUSPENSION set
04-26 23:09:46.545  4432  4432 D ActivityThread: Package [com.muonline.client] reported as REPLACED, but missing application info. Assuming REMOVED.
04-26 23:09:46.546  4432  4432 D ActivityThread: Package [com.muonline.client] reported as REPLACED, but missing application info. Assuming REMOVED.
04-26 23:09:46.548  4432  4432 D ActivityThread: Package [com.muonline.client] reported as REPLACED, but missing application info. Assuming REMOVED.
04-26 23:09:46.549  4432  4432 D ActivityThread: Package [com.muonline.client] reported as REPLACED, but missing application info. Assuming REMOVED.
04-26 23:09:46.551   736  1095 W PackageManager: Cannot suspend package "com.google.android.packageinstaller": required for package installation
04-26 23:09:46.551  4432  4432 D ActivityThread: Package [com.muonline.client] reported as REPLACED, but missing application info. Assuming REMOVED.
04-26 23:09:46.556   499   499 D Zygote  : Forked child process 26147
04-26 23:09:46.556  4432  4432 D ActivityThread: Package [com.muonline.client] reported as REPLACED, but missing application info. Assuming REMOVED.
04-26 23:09:46.558  4432  4432 D ActivityThread: Package [com.muonline.client] reported as REPLACED, but missing application info. Assuming REMOVED.
04-26 23:09:46.561  4432  4432 D ActivityThread: Package [com.muonline.client] reported as REPLACED, but missing application info. Assuming REMOVED.
04-26 23:09:46.561   736  1095 W PackageManager: Cannot suspend package "com.android.localtransport": has OP_SYSTEM_EXEMPT_FROM_SUSPENSION set
04-26 23:09:46.562   736  1095 W PackageManager: Cannot suspend package "com.google.android.apps.nexuslauncher": contains the active launcher
04-26 23:09:46.562   736   769 I ActivityManager: Start proc 26147:com.google.android.deskclock/u0a174 for content provider {com.google.android.deskclock/com.android.deskclock.provider.ClockContentProvider}
04-26 23:09:46.563  4432  4432 D ActivityThread: Package [com.muonline.client] reported as REPLACED, but missing application info. Assuming REMOVED.
04-26 23:09:46.564  4432  4432 D ActivityThread: Package [com.muonline.client] reported as REPLACED, but missing application info. Assuming REMOVED.
04-26 23:09:46.565   736  1095 W PackageManager: Cannot suspend package "com.android.DeviceAsWebcam": has OP_SYSTEM_EXEMPT_FROM_SUSPENSION set
04-26 23:09:46.565  4432  4432 D ActivityThread: Package [com.muonline.client] reported as REPLACED, but missing application info. Assuming REMOVED.
04-26 23:09:46.566  4432  4432 D ActivityThread: Package [com.muonline.client] reported as REPLACED, but missing application info. Assuming REMOVED.
04-26 23:09:46.567  4432  4432 D ActivityThread: Package [com.muonline.client] reported as REPLACED, but missing application info. Assuming REMOVED.
04-26 23:09:46.567  4432  4432 D ActivityThread: Package [com.muonline.client] reported as REPLACED, but missing application info. Assuming REMOVED.
04-26 23:09:46.568  4432  4432 D ActivityThread: Package [com.muonline.client] reported as REPLACED, but missing application info. Assuming REMOVED.
04-26 23:09:46.569  4432  4432 D ActivityThread: Package [com.muonline.client] reported as REPLACED, but missing application info. Assuming REMOVED.
04-26 23:09:46.570  4432  4432 D ActivityThread: Package [com.muonline.client] reported as REPLACED, but missing application info. Assuming REMOVED.
04-26 23:09:46.571  4432  4432 D ActivityThread: Package [com.muonline.client] reported as REPLACED, but missing application info. Assuming REMOVED.
04-26 23:09:46.574  4432  4432 D ActivityThread: Package [com.muonline.client] reported as REPLACED, but missing application info. Assuming REMOVED.
04-26 23:09:46.574  4432  4432 D ActivityThread: Package [com.muonline.client] reported as REPLACED, but missing application info. Assuming REMOVED.
04-26 23:09:46.577 26147 26147 I Zygote  : Process 26147 created for com.google.android.deskclock
04-26 23:09:46.578 26147 26147 I droid.deskclock: Using generational CollectorTypeCMC GC.
04-26 23:09:46.579 26147 26147 W droid.deskclock: Unexpected CPU variant for x86: x86_64.
04-26 23:09:46.579 26147 26147 W droid.deskclock: Known variants: atom, sandybridge, silvermont, goldmont, goldmont-plus, goldmont-without-sha-xsaves, tremont, kabylake, alderlake, lunarlake, default
04-26 23:09:46.580  4432  4432 D ActivityThread: Package [com.muonline.client] reported as REPLACED, but missing application info. Assuming REMOVED.
04-26 23:09:46.583  4432  4432 D ActivityThread: Package [com.muonline.client] reported as REPLACED, but missing application info. Assuming REMOVED.
04-26 23:09:46.585  4432  4432 D ActivityThread: Package [com.muonline.client] reported as REPLACED, but missing application info. Assuming REMOVED.
04-26 23:09:46.586  4432  4432 D ActivityThread: Package [com.muonline.client] reported as REPLACED, but missing application info. Assuming REMOVED.
04-26 23:09:46.589   736  1814 D IntervalStats: Unable to parse usage stats packages: [283, 284]
04-26 23:09:46.590  4432  4432 D ActivityThread: Package [com.muonline.client] reported as REPLACED, but missing application info. Assuming REMOVED.
04-26 23:09:46.590 26147 26147 D nativeloader: Load libframework-connectivity-tiramisu-jni.so using APEX ns com_android_tethering for caller /apex/com.android.tethering/javalib/framework-connectivity-t.jar: ok
04-26 23:09:46.591  4432  4432 D ActivityThread: Package [com.muonline.client] reported as REPLACED, but missing application info. Assuming REMOVED.
04-26 23:09:46.592  4432  4432 D ActivityThread: Package [com.muonline.client] reported as REPLACED, but missing application info. Assuming REMOVED.
04-26 23:09:46.594  4432  4432 D ActivityThread: Package [com.muonline.client] reported as REPLACED, but missing application info. Assuming REMOVED.
04-26 23:09:46.595  4432  4432 D ActivityThread: Package [com.muonline.client] reported as REPLACED, but missing application info. Assuming REMOVED.
04-26 23:09:46.595  4432  4432 D ActivityThread: Package [com.muonline.client] reported as REPLACED, but missing application info. Assuming REMOVED.
04-26 23:09:46.596   736  1095 W PackageManager: Cannot suspend package "com.android.emulator.multidisplay": has OP_SYSTEM_EXEMPT_FROM_SUSPENSION set
04-26 23:09:46.597  4432  4432 D ActivityThread: Package [com.muonline.client] reported as REPLACED, but missing application info. Assuming REMOVED.
04-26 23:09:46.597  4432  4432 D ActivityThread: Package [com.muonline.client] reported as REPLACED, but missing application info. Assuming REMOVED.
04-26 23:09:46.598  4432  4432 D ActivityThread: Package [com.muonline.client] reported as REPLACED, but missing application info. Assuming REMOVED.
04-26 23:09:46.599  4432  4432 D ActivityThread: Package [com.muonline.client] reported as REPLACED, but missing application info. Assuming REMOVED.
04-26 23:09:46.600  4432  4432 D ActivityThread: Package [com.muonline.client] reported as REPLACED, but missing application info. Assuming REMOVED.
04-26 23:09:46.604  4432  4432 D ActivityThread: Package [com.muonline.client] reported as REPLACED, but missing application info. Assuming REMOVED.
04-26 23:09:46.626  1366 26086 E ctxmgr  : [ShushGestureSensor] Context hub handle not found [CONTEXT service_id=47 ]
04-26 23:09:46.637  1366 26086 W ctxmgr  : [UpdateFenceRegistrationOperation] Gesture nano app is not available. [CONTEXT service_id=47 ]
04-26 23:09:46.646   736  1095 W PackageManager: Cannot suspend package "com.android.settings": has OP_SYSTEM_EXEMPT_FROM_SUSPENSION set
04-26 23:09:46.649 26147 26147 D ApplicationLoaders: Returning zygote-cached class loader: /system/framework/org.apache.http.legacy.jar
04-26 23:09:46.649 26147 26147 D ApplicationLoaders: Returning zygote-cached class loader: /system_ext/framework/androidx.window.extensions.jar
04-26 23:09:46.649 26147 26147 D ApplicationLoaders: Returning zygote-cached class loader: /system_ext/framework/androidx.window.sidecar.jar
04-26 23:09:46.710 26147 26147 D nativeloader: InitLlndkLibrariesProduct: libEGL.so:libGLESv1_CM.so:libGLESv2.so:libGLESv3.so:libRS.so:libandroid_net.so:libapexsupport.so:libavf.so:libbinder_ndk.so:libc.so:libcamera_metadata.so:libcgrouprc.so:libclang_rt.asan-x86_64-android.so:libcom.android.tethering.connectivity_native.so:libdl.so:libft2.so:liblog.so:libm.so:libmediandk.so:libnativewindow.so:libneuralnetworks.so:libselinux.so:libsync.so:libvendorsupport.so:libvndksupport.so:libvulkan.so
04-26 23:09:46.710 26147 26147 D nativeloader: Configuring product-clns-9 for unbundled product apk /product/app/PrebuiltDeskClockGoogle/PrebuiltDeskClockGoogle.apk. target_sdk_version=33, uses_libraries=, library_path=/product/app/PrebuiltDeskClockGoogle/lib/x86_64:/product/lib64:/system/product/lib64, permitted_path=/data:/mnt/expand:/data/user/0/com.google.android.deskclock:/product/lib64:/system/product/lib64
04-26 23:09:46.711 26147 26147 D nativeloader: InitVndkspLibrariesProduct: VNDK is deprecated with product
04-26 23:09:46.722   736  1095 W PackageManager: Cannot suspend package "com.android.location.fused": has OP_SYSTEM_EXEMPT_FROM_SUSPENSION set
04-26 23:09:46.752 26147 26147 V GraphicsEnvironment: Currently set values for:
04-26 23:09:46.752 26147 26147 V GraphicsEnvironment:   angle_gl_driver_selection_pkgs=[]
04-26 23:09:46.752 26147 26147 V GraphicsEnvironment:   angle_gl_driver_selection_values=[]
04-26 23:09:46.752 26147 26147 V GraphicsEnvironment: com.google.android.deskclock is not listed in per-application setting
04-26 23:09:46.752 26147 26147 V GraphicsEnvironment: No special selections for ANGLE, returning default driver choice
04-26 23:09:46.755 26147 26147 V GraphicsEnvironment: Neither updatable production driver nor prerelease driver is supported.
04-26 23:09:46.793  1036  1036 D TileServices: Couldn't find tile for ComponentInfo{com.google.android.apps.wellbeing/com.google.android.apps.wellbeing.focusmode.quicksettings.FocusModeTileService}(0)
04-26 23:09:46.837  1366  1688 I FontLog : (REDACTED) Received query %s, URI %s
04-26 23:09:46.837  1366  1688 I FontLog : (REDACTED) Query [%s] resolved to %s
04-26 23:09:46.840  1366  1688 I FontLog : (REDACTED) Font PFD returned from cache for %s
04-26 23:09:46.841  1366  1688 I FontLog : (REDACTED) Fetch %s end status %s
04-26 23:09:46.853 26043 26121 I MuMain  : PERF fps=22.7 frameMs=44.11 phase(render=42.33 pad=0.03 present=1.60) renderLevel=4 fxScale=1.00 maxMsg=30 avg(draw=222 verts=93146 im=1684 vaD=0 vaC=0 qI=112 qE=0) max(draw=234 verts=94575)
04-26 23:09:46.853 26043 26121 I MuMain  : PERF_SCENE world=73 char(live=0 vis=0 ply=0 mon=0 npc=0 pet=0 prio=0 topMon=-1 x0) obj(live=375 vis=156 op=0 trap=0 topObj=135 x18)
04-26 23:09:46.854 26043 26121 I MuMain  : PERF_BUCKET objMove(cand=0 upd=0 def=0 n=0 m=0 f=0) objRender(cand=0 draw=0 cull=0 n=0 m=0 f=0 visDraw=0 visDef=0) charMove(cand=0 upd=0 def=0 n=0 m=0 f=0) charRender(cand=0 draw=0 def=0 cull=0 n=0 m=0 f=0)
04-26 23:09:46.854 26043 26121 I MuMain  : PERF_TERRAIN world=73 normal(block=0 tile=0) grass(block=0 tile=0) after(block=0 tile=0)
04-26 23:09:46.857  4432  4432 I cr_DisplayManager: Is Display Topology available: true
04-26 23:09:46.860 26147 26147 D PrimesApiImpl: Primes instant initialization
04-26 23:09:46.862  1366  1688 I FontLog : (REDACTED) Pulling font file for id = %d, cache size = %d
04-26 23:09:46.863 26147 26160 I HWUI    : Using FreeType backend (prop=Auto)
04-26 23:09:46.875 26147 26147 D CompatChangeReporter: Compat change id reported: 183155436; UID 10174; state: ENABLED
04-26 23:09:46.897  1366  1688 I FontLog : (REDACTED) Received query %s, URI %s
04-26 23:09:46.897  1366  1688 I FontLog : (REDACTED) Query [%s] resolved to %s
04-26 23:09:46.898  1366  1688 I FontLog : (REDACTED) Font PFD returned from cache for %s
04-26 23:09:46.902  4432 26162 W DynamiteModule: Local module descriptor class for com.google.android.gms.googlecertificates not found.
04-26 23:09:46.905 26147 26171 E droid.deskclock: hiddenapi: Accessing hidden field Ljava/util/Collections$SynchronizedCollection;->mutex:Ljava/lang/Object; (runtime_flags=0, domain=core-platform, api=max-target-o) from Lj$/util/DesugarCollections; (domain=app, TargetSdkVersion=33) using reflection: denied
04-26 23:09:46.911 26147 26171 E droid.deskclock: hiddenapi: Accessing hidden method Ljava/util/Collections$SynchronizedSet;-><init>(Ljava/util/Set;Ljava/lang/Object;)V (runtime_flags=0, domain=core-platform, api=max-target-o) from Lj$/util/DesugarCollections; (domain=app, TargetSdkVersion=33) using reflection: denied
04-26 23:09:46.912 26147 26171 E droid.deskclock: hiddenapi: Accessing hidden method Ljava/util/Collections$SynchronizedCollection;-><init>(Ljava/util/Collection;Ljava/lang/Object;)V (runtime_flags=0, domain=core-platform, api=max-target-o) from Lj$/util/DesugarCollections; (domain=app, TargetSdkVersion=33) using reflection: denied
04-26 23:09:46.913  1366  1688 I FontLog : (REDACTED) Fetch %s end status %s
04-26 23:09:46.929  1366  1688 I FontLog : (REDACTED) Pulling font file for id = %d, cache size = %d
04-26 23:09:46.937  4432 26162 I DynamiteModule: Considering local module com.google.android.gms.googlecertificates:0 and remote module com.google.android.gms.googlecertificates:7
04-26 23:09:46.937  4432 26162 I DynamiteModule: Selected remote version of com.google.android.gms.googlecertificates, version >= 7
04-26 23:09:46.960  1366  1761 I FontLog : (REDACTED) Received query %s, URI %s
04-26 23:09:46.960  1366  1761 I FontLog : (REDACTED) Query [%s] resolved to %s
04-26 23:09:46.961  1366  1761 I FontLog : (REDACTED) Font PFD returned from cache for %s
04-26 23:09:46.961  1366  1761 I FontLog : (REDACTED) Fetch %s end status %s
04-26 23:09:46.961  4432 26162 W System  : ClassLoader referenced unknown path: 
04-26 23:09:46.961  4432  4432 D DesktopExperienceFlags: Toggle override initialized to: false
04-26 23:09:46.961  4432  4432 D DesktopModeFlags: Toggle override initialized to: OVERRIDE_UNSET
04-26 23:09:46.962  4432 26162 D nativeloader: Configuring clns-11 for other apk . target_sdk_version=37, uses_libraries=, library_path=/data/app/~~PqdBwR9WSFUNw4iaJMgoGg==/com.google.android.gms-95Dc1VeYXyONiCBDqz_lkA==/lib/x86_64:/data/app/~~PqdBwR9WSFUNw4iaJMgoGg==/com.google.android.gms-95Dc1VeYXyONiCBDqz_lkA==/base.apk!/lib/x86_64, permitted_path=/data:/mnt/expand:/data/user/0/com.google.android.gms
04-26 23:09:46.962  4432  4432 I DisplayManager: Implicitly registering for refresh rate
04-26 23:09:46.974  1366  1688 I FontLog : (REDACTED) Pulling font file for id = %d, cache size = %d
04-26 23:09:46.980  4432  4436 W .android.chrome: Suspending all threads took: 6.422ms
04-26 23:09:46.989  4511  4517 W .apps.wellbeing: Missing inline cache for int bgf.compare(java.lang.Object, java.lang.Object)
04-26 23:09:47.006  4432  4436 W .android.chrome: Reducing the number of considered missed Gc histogram windows from 2701 to 100
04-26 23:09:47.131  1366  1366 D BoundBrokerSvc: onRebind: Intent { act=com.google.android.gms.libs.gmscorelogger.service.START dat=chimera-action:/... xflg=0x4 cmp=com.google.android.gms/.chimera.PersistentDirectBootAwareApiService }
04-26 23:09:47.178   736   921 I HalDevMgr: bestIfaceCreationProposal is null, requestIface=STA, existingIface=[name=wlan0 type=STA]
04-26 23:09:47.191  1160  1312 D IpClient/wlan0: interfaceLinkStateChanged: ifindex 16 up
04-26 23:09:47.200  1160  1312 D IpClient/wlan0: interfaceLinkStateChanged: ifindex 16 up
04-26 23:09:47.613  4432  4432 I cr_CombinedPProvider: #linkNativeInternal() 0
04-26 23:09:47.613  4432  4432 I cr_PolicyProvider: #setManagerAndSource() 0
04-26 23:09:47.617  4432  4432 I cr_PolicyCacheProvider: #refresh() true
04-26 23:09:47.659 26043 26121 I MuMain  : ADAPT fx scale: fps=32.7 frameMs=30.57 1.00->0.90 target=0.80
04-26 23:09:47.951 26043 26121 I MuMain  : PERF fps=30.8 frameMs=32.46 phase(render=31.31 pad=0.03 present=1.01) renderLevel=4 fxScale=1.00 maxMsg=30 avg(draw=313 verts=104078 im=1806 vaD=0 vaC=0 qI=197 qE=0) max(draw=320 verts=104193)
04-26 23:09:47.951 26043 26121 I MuMain  : PERF_SCENE world=73 char(live=0 vis=0 ply=0 mon=0 npc=0 pet=0 prio=0 topMon=-1 x0) obj(live=375 vis=126 op=0 trap=0 topObj=135 x18)
04-26 23:09:47.951 26043 26121 I MuMain  : PERF_BUCKET objMove(cand=0 upd=0 def=0 n=0 m=0 f=0) objRender(cand=0 draw=0 cull=0 n=0 m=0 f=0 visDraw=0 visDef=0) charMove(cand=0 upd=0 def=0 n=0 m=0 f=0) charRender(cand=0 draw=0 def=0 cull=0 n=0 m=0 f=0)
04-26 23:09:47.951 26043 26121 I MuMain  : PERF_TERRAIN world=73 normal(block=0 tile=0) grass(block=0 tile=0) after(block=0 tile=0)
04-26 23:09:48.109  4432  4432 I cr_SUCFiltersObserver: setting=browser_content_filters_enabled updating with false
04-26 23:09:48.111  4432  4432 I cr_SUCFiltersObserver: setting=search_content_filters_enabled updating with false
04-26 23:09:48.313  4432 26180 I PlayCore: UID: [10163]  PID: [4432] AppUpdateService : requestUpdateInfo(com.android.chrome)
04-26 23:09:48.314  4432 26189 I PlayCore: UID: [10163]  PID: [4432] AppUpdateService : Initiate binding to the service.
04-26 23:09:48.344   736  1938 D ActivityManager: sync unfroze 4164 com.android.vending for 6
04-26 23:09:48.352   736  1938 D ActivityManager: sync unfroze 4276 com.android.vending:background for 6
04-26 23:09:48.354  4432  4432 I chromium: [INFO:components/enterprise/browser/controller/chrome_browser_cloud_management_controller.cc:302] Deferring CBCM Controller Initialization until it is unblocked.
04-26 23:09:48.366   736   850 W ProcessStats: Tracking association SourceState{6b4f380 system/1000 ImpBg #8939} whose proc state 6 is better than process ProcessState{2c5a08d com.android.vending/10154 pkg=com.android.vending} proc state 14 (13 skipped)
04-26 23:09:48.380  1016  1016 I wpa_supplicant: wlan0: CTRL-EVENT-BEACON-LOSS 
04-26 23:09:48.521  4432 26186 E FilePhenotypeFlags: Config package com.google.android.gms.auth_account_client#com.android.chrome cannot use FILE backing without declarative registration. See go/phenotype-android-integration#phenotype for more information. This will lead to stale flags.
04-26 23:09:48.543  4432  4432 W cr_SearchEngineDelegate: ensureIsDeviceChoiceRequiredSupplier() called on ineligible device
04-26 23:09:48.714   736  1938 D ActivityManager: sync unfroze 5068 com.google.android.adservices.api for 4
04-26 23:09:48.718  5068  5068 D ActivityThread: Package [com.muonline.client] reported as REPLACED, but missing application info. Assuming REMOVED.
04-26 23:09:48.723  5068  5068 D ActivityThread: Package [com.muonline.client] reported as REPLACED, but missing application info. Assuming REMOVED.
04-26 23:09:48.730  5068 26196 W adservices: Skip logging because Cobalt is disabled.
04-26 23:09:48.730  5068 26195 W adservices: Skip logging because Cobalt logger is null
04-26 23:09:48.732   560   624 D AF::Track: interceptBuffer: took 625us to intercept 0 tracks
04-26 23:09:48.815 14925 14925 D BoundBrokerSvc: onBind: Intent { act=com.google.android.gms.auth.key.retrieval.service.START dat=chimera-action:/... xflg=0x4 cmp=com.google.android.gms/.chimera.GmsApiService }
04-26 23:09:48.815 14925 14925 D BoundBrokerSvc: Loading bound service for intent: Intent { act=com.google.android.gms.auth.key.retrieval.service.START dat=chimera-action:/... xflg=0x4 cmp=com.google.android.gms/.chimera.GmsApiService }
04-26 23:09:48.824 14925 14925 D BoundBrokerSvc: onBind: Intent { act=com.google.android.gms.credential.manager.service.firstparty.START dat=chimera-action:/... xflg=0x4 cmp=com.google.android.gms/.chimera.GmsApiService }
04-26 23:09:48.824 14925 14925 D BoundBrokerSvc: Loading bound service for intent: Intent { act=com.google.android.gms.credential.manager.service.firstparty.START dat=chimera-action:/... xflg=0x4 cmp=com.google.android.gms/.chimera.GmsApiService }
04-26 23:09:48.877  4432  4432 W chromium: [WARNING:components/gcm_driver/instance_id/instance_id_android.cc:101] Non-zero TTL requested for InstanceID token, while TTLs are not supported by Android Firebase IID API.
04-26 23:09:48.877  4432  4432 W chromium: [WARNING:components/gcm_driver/instance_id/instance_id_android.cc:101] Non-zero TTL requested for InstanceID token, while TTLs are not supported by Android Firebase IID API.
04-26 23:09:48.880  4432 26180 W InstanceID: Instance ID SDK is deprecated, com.android.chrome should update to use Firebase Instance ID
04-26 23:09:48.884  4432  4432 I cr_SmsProviderGms: construction successfull zym@fdfcacf, wym@d2e9c5c
04-26 23:09:48.972  4164  4164 I Finsky  : [2] Setup::DSE: Phenotype experiments synced with status: NO_UPDATE
04-26 23:09:49.005  4432  4432 W cr_KnoxSettingsProvider: Permission to read device policy denied.
04-26 23:09:49.005  4432  4432 I cr_CombinedPProvider: #registerProvider() provider:vdh@6ffd48c isPolicyCacheEnabled:true policyProvidersSize:0
04-26 23:09:49.005  4432  4432 I cr_PolicyProvider: #setManagerAndSource() 0
04-26 23:09:49.005  4432  4432 I cr_CombinedPProvider: #registerProvider() provider:jq0@df857d5 isPolicyCacheEnabled:false policyProvidersSize:1
04-26 23:09:49.007  4432  4432 I cr_PolicyProvider: #setManagerAndSource() 1
04-26 23:09:49.007  4432  4432 I cr_AppResProvider: #getApplicationRestrictionsFromUserManager() Bundle[EMPTY_PARCEL]
04-26 23:09:49.007  4432  4432 I cr_PolicyProvider: #notifySettingsAvailable() 1
04-26 23:09:49.007  4432  4432 I cr_CombinedPProvider: #onSettingsAvailable() 1
04-26 23:09:49.017 26043 26121 I MuMain  : ADAPT fx scale: fps=18.6 frameMs=53.79 1.00->0.90 target=0.55
04-26 23:09:49.017 26043 26121 I MuMain  : PERF fps=18.6 frameMs=53.79 phase(render=52.10 pad=0.04 present=1.59) renderLevel=4 fxScale=1.00 maxMsg=30 avg(draw=267 verts=97610 im=1788 vaD=0 vaC=0 qI=170 qE=0) max(draw=286 verts=98856)
04-26 23:09:49.017 26043 26121 I MuMain  : PERF_SCENE world=73 char(live=0 vis=0 ply=0 mon=0 npc=0 pet=0 prio=0 topMon=-1 x0) obj(live=375 vis=105 op=0 trap=0 topObj=135 x12)
04-26 23:09:49.017 26043 26121 I MuMain  : PERF_BUCKET objMove(cand=0 upd=0 def=0 n=0 m=0 f=0) objRender(cand=0 draw=0 cull=0 n=0 m=0 f=0 visDraw=0 visDef=0) charMove(cand=0 upd=0 def=0 n=0 m=0 f=0) charRender(cand=0 draw=0 def=0 cull=0 n=0 m=0 f=0)
04-26 23:09:49.017 26043 26121 I MuMain  : PERF_TERRAIN world=73 normal(block=0 tile=0) grass(block=0 tile=0) after(block=0 tile=0)
04-26 23:09:49.040  4164  4164 I Finsky  : [2] SCH: job service start with id 9846.
04-26 23:09:49.083  4164 26021 I Finsky  : [587] SCH: Satisfied jobs for 9846 are: 12-1
04-26 23:09:49.090   736  1938 D ConnectivityService: requestNetwork for uid/pid:10163/4432 activeRequest: null callbackRequest: 249 [NetworkRequest [ REQUEST id=250, [ Capabilities: INTERNET&NOT_RESTRICTED&TRUSTED&NOT_VCN_MANAGED&NOT_BANDWIDTH_CONSTRAINED Uid: 10163 RequestorUid: 10163 RequestorPkg: com.android.chrome UnderlyingNetworks: Null] ]] callback flags: 0 order: 2147483647 isUidTracked: false declaredMethods: AVAIL|LOST|NC|LP
04-26 23:09:49.093  4164 26198 I Finsky  : [596] SCH: Job 12-1 starting
04-26 23:09:49.097   736   921 D WifiNetworkFactory: got request NetworkRequest [ REQUEST id=250, [ Capabilities: INTERNET&NOT_RESTRICTED&TRUSTED&NOT_VCN_MANAGED&NOT_BANDWIDTH_CONSTRAINED Uid: 10163 RequestorUid: 10163 RequestorPkg: com.android.chrome UnderlyingNetworks: Null] ]
04-26 23:09:49.097   736   921 D UntrustedWifiNetworkFactory: got request NetworkRequest [ REQUEST id=250, [ Capabilities: INTERNET&NOT_RESTRICTED&TRUSTED&NOT_VCN_MANAGED&NOT_BANDWIDTH_CONSTRAINED Uid: 10163 RequestorUid: 10163 RequestorPkg: com.android.chrome UnderlyingNetworks: Null] ]
04-26 23:09:49.097   736   921 D OemPaidWifiNetworkFactory: got request NetworkRequest [ REQUEST id=250, [ Capabilities: INTERNET&NOT_RESTRICTED&TRUSTED&NOT_VCN_MANAGED&NOT_BANDWIDTH_CONSTRAINED Uid: 10163 RequestorUid: 10163 RequestorPkg: com.android.chrome UnderlyingNetworks: Null] ]
04-26 23:09:49.097   736   921 D MultiInternetWifiNetworkFactory: got request NetworkRequest [ REQUEST id=250, [ Capabilities: INTERNET&NOT_RESTRICTED&TRUSTED&NOT_VCN_MANAGED&NOT_BANDWIDTH_CONSTRAINED Uid: 10163 RequestorUid: 10163 RequestorPkg: com.android.chrome UnderlyingNetworks: Null] ]
04-26 23:09:49.097   736   931 D ConnectivityService: NetReassign [250 : null → 100] [c 0] [a 4] [i 1]
04-26 23:09:49.100  4164  4164 I Finsky  : [2] WM::SCH: Logging work start for 12-1
04-26 23:09:49.105   736   931 D ConnectivityService: NetReassign [no changes] [c 0] [a 1] [i 1]
04-26 23:09:49.108  4164  4164 I Finsky  : [2] [ContentSync] job started
04-26 23:09:49.289  4432 26203 I CameraManagerGlobal: Connecting to camera service
04-26 23:09:49.378  4432  4432 I cr_EnterpriseInfoImpl: #setCacheResult() deviceOwned:false profileOwned:false
04-26 23:09:49.378  4432  4432 I cr_EnterpriseInfo: #getManagedStateForNative() s68@603dbb4
04-26 23:09:49.398  4432  4432 I cr_PolicyProvider: #notifySettingsAvailable() 0
04-26 23:09:49.398  4432  4432 I cr_CombinedPProvider: #onSettingsAvailable() 0
04-26 23:09:49.398  4432  4432 I cr_CombinedPProvider: #flushPolicies()
04-26 23:09:49.399  4432  4432 I cr_PolicyService: #onPolicyServiceInitialized()
04-26 23:09:49.399  4432  4432 I cr_PolicyProvider: #notifySettingsAvailable() 0
04-26 23:09:49.399  4432  4432 I cr_CombinedPProvider: #onSettingsAvailable() 0
04-26 23:09:49.399  4432  4432 I cr_CombinedPProvider: #flushPolicies()
04-26 23:09:49.410   623 16120 W libbinder.IPCThreadState: Sending oneway calls to frozen process.
04-26 23:09:49.411  4432  4432 I PlayCore: UID: [10163]  PID: [4432] AppUpdateService : ServiceConnectionImpl.onServiceConnected(ComponentInfo{com.android.vending/com.google.android.finsky.installservice.DevTriggeredUpdateService})
04-26 23:09:49.412  4432 26189 I PlayCore: UID: [10163]  PID: [4432] AppUpdateService : linkToDeath
04-26 23:09:49.422  4164 26202 I Finsky  : [599] App states replicator found 7 unowned apps
04-26 23:09:49.445  4511 14905 W BrowserUsageLoader: <DWB> Failed to query website usage
04-26 23:09:49.445  4511 14905 W BrowserUsageLoader: ihg: Service rejected request (status=5)
04-26 23:09:49.445  4511 14905 W BrowserUsageLoader: 	at ihl.a(PG:28)
04-26 23:09:49.445  4511 14905 W BrowserUsageLoader: 	at ofr.a(PG:57)
04-26 23:09:49.445  4511 14905 W BrowserUsageLoader: 	at off.e(PG:3)
04-26 23:09:49.445  4511 14905 W BrowserUsageLoader: 	at ofh.run(PG:38)
04-26 23:09:49.445  4511 14905 W BrowserUsageLoader: 	at kpo.run(PG:7)
04-26 23:09:49.445  4511 14905 W BrowserUsageLoader: 	at odi.run(PG:44)
04-26 23:09:49.445  4511 14905 W BrowserUsageLoader: 	at bm.run(PG:389)
04-26 23:09:49.445  4511 14905 W BrowserUsageLoader: 	at java.lang.Thread.run(Thread.java:1572)
04-26 23:09:49.445  4511 14905 W BrowserUsageLoader: 	at kra.run(PG:61)
04-26 23:09:49.446  4511  4569 E CombinedComponentSuspen: <DWB> Failed to fetch suspensions in com.android.chrome
04-26 23:09:49.446  4511  4569 E CombinedComponentSuspen: java.util.concurrent.ExecutionException: ihg: Service rejected request (status=5)
04-26 23:09:49.446  4511  4569 E CombinedComponentSuspen: 	at oev.i(PG:21)
04-26 23:09:49.446  4511  4569 E CombinedComponentSuspen: 	at ofd.s(PG:23)
04-26 23:09:49.446  4511  4569 E CombinedComponentSuspen: 	at oev.get(PG:1)
04-26 23:09:49.446  4511  4569 E CombinedComponentSuspen: 	at ogs.get(PG:5)
04-26 23:09:49.446  4511  4569 E CombinedComponentSuspen: 	at a.B(PG:2)
04-26 23:09:49.446  4511  4569 E CombinedComponentSuspen: 	at obf.H(PG:10)
04-26 23:09:49.446  4511  4569 E CombinedComponentSuspen: 	at ctm.call(PG:849)
04-26 23:09:49.446  4511  4569 E CombinedComponentSuspen: 	at nlk.call(PG:31)
04-26 23:09:49.446  4511  4569 E CombinedComponentSuspen: 	at ogc.a(PG:3)
04-26 23:09:49.446  4511  4569 E CombinedComponentSuspen: 	at ohj.run(PG:19)
04-26 23:09:49.446  4511  4569 E CombinedComponentSuspen: 	at kpo.run(PG:7)
04-26 23:09:49.446  4511  4569 E CombinedComponentSuspen: 	at odi.run(PG:44)
04-26 23:09:49.446  4511  4569 E CombinedComponentSuspen: 	at bm.run(PG:389)
04-26 23:09:49.446  4511  4569 E CombinedComponentSuspen: 	at java.lang.Thread.run(Thread.java:1572)
04-26 23:09:49.446  4511  4569 E CombinedComponentSuspen: 	at kra.run(PG:61)
04-26 23:09:49.446  4511  4569 E CombinedComponentSuspen: Caused by: ihg: Service rejected request (status=5)
04-26 23:09:49.446  4511  4569 E CombinedComponentSuspen: 	at ihl.a(PG:28)
04-26 23:09:49.446  4511  4569 E CombinedComponentSuspen: 	at ofr.a(PG:57)
04-26 23:09:49.446  4511  4569 E CombinedComponentSuspen: 	at off.e(PG:3)
04-26 23:09:49.446  4511  4569 E CombinedComponentSuspen: 	at ofh.run(PG:38)
04-26 23:09:49.446  4511  4569 E CombinedComponentSuspen: 	... 5 more
04-26 23:09:49.456  4164  4225 I Finsky  : [56] Completed 0 account content syncs with 0 successful.
04-26 23:09:49.458  4164  4164 I Finsky  : [2] [ContentSync] Installation state replication succeeded.
04-26 23:09:49.458  4164  4164 I Finsky  : [2] SCH: jobFinished: 12-1. TimeElapsed: 362ms.
04-26 23:09:49.459  4164  4164 I Finsky  : [2] WM::SCH: Logging work end for 12-1
04-26 23:09:49.485   560   624 D AF::Track: interceptBuffer: took 663us to intercept 0 tracks
04-26 23:09:49.506  1366  5764 W PhBaseOp: Phenotype API error. Event: # izgi@bf9b34f2, EventCode: GET_EXP [CONTEXT service_id=51 ]
04-26 23:09:49.506  1366  5764 W PhBaseOp: eyys: 29505: No config packages for log source, or config package not registered
04-26 23:09:49.506  1366  5764 W PhBaseOp: 	at ezbj.f(:com.google.android.gms@261332038@26.13.32 (260800-895912391):77)
04-26 23:09:49.506  1366  5764 W PhBaseOp: 	at ezbh.i(:com.google.android.gms@261332038@26.13.32 (260800-895912391):3)
04-26 23:09:49.506  1366  5764 W PhBaseOp: 	at ezal.h(:com.google.android.gms@261332038@26.13.32 (260800-895912391):31)
04-26 23:09:49.506  1366  5764 W PhBaseOp: 	at ezal.f(:com.google.android.gms@261332038@26.13.32 (260800-895912391):13)
04-26 23:09:49.506  1366  5764 W PhBaseOp: 	at cwsh.fD(:com.google.android.gms@261332038@26.13.32 (260800-895912391):1)
04-26 23:09:49.506  1366  5764 W PhBaseOp: 	at cwss.run(:com.google.android.gms@261332038@26.13.32 (260800-895912391):118)
04-26 23:09:49.506  1366  5764 W PhBaseOp: 	at gztk.run(:com.google.android.gms@261332038@26.13.32 (260800-895912391):19)
04-26 23:09:49.506  1366  5764 W PhBaseOp: 	at bjmb.c(:com.google.android.gms@261332038@26.13.32 (260800-895912391):50)
04-26 23:09:49.506  1366  5764 W PhBaseOp: 	at bjmb.run(:com.google.android.gms@261332038@26.13.32 (260800-895912391):73)
04-26 23:09:49.506  1366  5764 W PhBaseOp: 	at java.util.concurrent.ThreadPoolExecutor.runWorker(ThreadPoolExecutor.java:1100)
04-26 23:09:49.506  1366  5764 W PhBaseOp: 	at java.util.concurrent.ThreadPoolExecutor$Worker.run(ThreadPoolExecutor.java:624)
04-26 23:09:49.506  1366  5764 W PhBaseOp: 	at bjrs.run(:com.google.android.gms@261332038@26.13.32 (260800-895912391):8)
04-26 23:09:49.506  1366  5764 W PhBaseOp: 	at java.lang.Thread.run(Thread.java:1572)
04-26 23:09:49.507  1366  5764 W AsyncOperation: operation=GetExperimentTokensOperationCall, opStatusCode=29505 [CONTEXT service_id=51 ]
04-26 23:09:49.507  1366  5764 W AsyncOperation: OperationException[Status{statusCode=No config packages for log source, or config package not registered, resolution=null}]
04-26 23:09:49.507  1366  5764 W AsyncOperation: 	at ezal.h(:com.google.android.gms@261332038@26.13.32 (260800-895912391):61)
04-26 23:09:49.507  1366  5764 W AsyncOperation: 	at ezal.f(:com.google.android.gms@261332038@26.13.32 (260800-895912391):13)
04-26 23:09:49.507  1366  5764 W AsyncOperation: 	at cwsh.fD(:com.google.android.gms@261332038@26.13.32 (260800-895912391):1)
04-26 23:09:49.507  1366  5764 W AsyncOperation: 	at cwss.run(:com.google.android.gms@261332038@26.13.32 (260800-895912391):118)
04-26 23:09:49.507  1366  5764 W AsyncOperation: 	at gztk.run(:com.google.android.gms@261332038@26.13.32 (260800-895912391):19)
04-26 23:09:49.507  1366  5764 W AsyncOperation: 	at bjmb.c(:com.google.android.gms@261332038@26.13.32 (260800-895912391):50)
04-26 23:09:49.507  1366  5764 W AsyncOperation: 	at bjmb.run(:com.google.android.gms@261332038@26.13.32 (260800-895912391):73)
04-26 23:09:49.507  1366  5764 W AsyncOperation: 	at java.util.concurrent.ThreadPoolExecutor.runWorker(ThreadPoolExecutor.java:1100)
04-26 23:09:49.507  1366  5764 W AsyncOperation: 	at java.util.concurrent.ThreadPoolExecutor$Worker.run(ThreadPoolExecutor.java:624)
04-26 23:09:49.507  1366  5764 W AsyncOperation: 	at bjrs.run(:com.google.android.gms@261332038@26.13.32 (260800-895912391):8)
04-26 23:09:49.507  1366  5764 W AsyncOperation: 	at java.lang.Thread.run(Thread.java:1572)
04-26 23:09:49.539  1366  1366 D BoundBrokerSvc: onRebind: Intent { act=com.google.android.gms.auth.aang.events.services.START dat=chimera-action:/... xflg=0x4 cmp=com.google.android.gms/.chimera.PersistentApiService }
04-26 23:09:49.540  4164  4222 I Finsky  : [53] SCH: Scheduling phonesky job Id: 1-1337, CT: 1777210749994, Constraints: [{ L: 43127700, D: 86327700, C: CHARGING_NONE, I: IDLE_NONE, N: NET_ANY, B: BATTERY_ANY }]
04-26 23:09:49.560  4511  4544 I WM-WorkerWrapper: Worker result SUCCESS for Work [ id=4771efb8-1f9d-48e5-8fda-1b348e5cd563, tags={ com.google.apps.tiktok.contrib.work.TikTokListenableWorker,com.google.apps.tiktok.sync.impl.workmanager.SyncWorker,sync_constraint:none,TikTokWorker#com.google.apps.tiktok.sync.impl.workmanager.SyncWorker } ]
04-26 23:09:49.611  4164  4223 I Finsky  : [54] SCH: Scheduling 1 system job(s)
04-26 23:09:49.612  4164  4223 I Finsky  : [54] SCH: Scheduling system job Id: 9849, L: 34088083, D: 77288083, C: false, I: false, N: 1
04-26 23:09:49.676  4164 26198 I Finsky  : [596] SCH: job service finished with id 9846.
04-26 23:09:49.696   736  1620 W ActivityManager: Skipping manifest association check for null package. SourceUid: -1, SourcePkg: null, TargetUid: 10163, TargetPkg: com.android.chrome
04-26 23:09:49.763  4164  5854 I Finsky  : [139] Setup::DSE: Android ID is non-zero.
04-26 23:09:49.764  4164  5854 I Finsky  : [139] Setup::DSE: Phenotype experiments synced with status: NO_UPDATE
04-26 23:09:49.790  4164  5854 I Finsky  : [139] Package com.android.chrome is verified.
04-26 23:09:49.807  4164  5854 I Finsky  : [139] Setup::DSE: Using server-driven eligibility
04-26 23:09:49.838  4164  4222 I Finsky  : [53] Setup::DSE: cache enabled: true, key: unauth;ClNnb29nbGUvc2RrX2dwaG9uZTE2a194ODZfNjQvZW11NjR4YTE2azoxNy9DUDIxLjI2MDMwNi4wMTcuQTEvMTUwODcxNjU6dXNlci9kZXYta2V5cxAAGAEgACgAMAA6AhAB
04-26 23:09:49.852  4164  4222 I Finsky  : [53] Setup::DSE: response is cached
04-26 23:09:49.893  4164  4164 E Finsky  : [2] bpdv failed GRPC call!
04-26 23:09:49.893  4164  4164 E Finsky  : java.lang.UnsupportedOperationException: Unauth not supported in gRPC BrowseService.
04-26 23:09:49.893  4164  4164 E Finsky  : 	at aagj.c(PG:181)
04-26 23:09:49.893  4164  4164 E Finsky  : 	at aagh.b(PG:181)
04-26 23:09:49.893  4164  4164 E Finsky  : 	at aagh.a(PG:34)
04-26 23:09:49.893  4164  4164 E Finsky  : 	at org.chromium.net.AndroidNetworkLibrary.t(PG:14)
04-26 23:09:49.893  4164  4164 E Finsky  : 	at byvc.C(PG:29)
04-26 23:09:49.893  4164  4164 E Finsky  : 	at byvc.D(PG:12)
04-26 23:09:49.893  4164  4164 E Finsky  : 	at aagi.b(PG:37)
04-26 23:09:49.893  4164  4164 E Finsky  : 	at aagi.mi(PG:23)
04-26 23:09:49.893  4164  4164 E Finsky  : 	at ryf.b(PG:25)
04-26 23:09:49.893  4164  4164 E Finsky  : 	at carn.qr(PG:5)
04-26 23:09:49.893  4164  4164 E Finsky  : 	at cayv.run(PG:109)
04-26 23:09:49.893  4164  4164 E Finsky  : 	at java.util.concurrent.ThreadPoolExecutor.runWorker(ThreadPoolExecutor.java:1100)
04-26 23:09:49.893  4164  4164 E Finsky  : 	at java.util.concurrent.ThreadPoolExecutor$Worker.run(ThreadPoolExecutor.java:624)
04-26 23:09:49.893  4164  4164 E Finsky  : 	at vof.run(PG:618)
04-26 23:09:49.893  4164  4164 E Finsky  : 	at java.lang.Thread.run(Thread.java:1572)
04-26 23:09:49.915  4164  4223 E Finsky  : [54] ItemStore: getItems RPC failed for item com.android.chrome
04-26 23:09:49.927  4432  4441 I PlayCore: UID: [10163]  PID: [4432] OnRequestInstallCallback : onRequestInfo
04-26 23:09:49.930  4432 26189 I PlayCore: UID: [10163]  PID: [4432] AppUpdateService : Unbind from service.
04-26 23:09:49.931  1203  1331 D SatelliteController: isInCarrierRoamingNbIotNtn: satellite is disabled
04-26 23:09:49.932  1203  1331 D SatelliteController: getCarrierRoamingNtnConnectType: Checking connect type from PLMN config for subId: 1
04-26 23:09:49.941  1203  1331 D SatelliteController: getSatellitePerPlmnConfiguration: invalid subId or not supported via carrier.
04-26 23:09:49.941  1203  1331 D SatelliteController: getCarrierRoamingNtnConnectType: config: null
04-26 23:09:49.942  1203  1331 D SatelliteController: getCarrierRoamingNtnConnectType: Falling back to global carrier config connect type: 0
04-26 23:09:49.944  1203  1331 D SatelliteController: updateLastNotifiedCarrierRoamingNtnSignalStrengthAndNotify(1)
04-26 23:09:49.945  1203  1331 D SatelliteController: updateLastNotifiedCarrierRoamingNtnSignalStrengthAndNotify(1) lastNotifiedSignalStrength level: 0
04-26 23:09:49.945  1203  1331 D SatelliteController: updateLastNotifiedCarrierRoamingNtnSignalStrengthAndNotify(1) currSignalStrength level: 0
04-26 23:09:49.978  4511  4569 W WM-Processor: Didn't find WorkSpec for id WorkGenerationalId(workSpecId=4771efb8-1f9d-48e5-8fda-1b348e5cd563, generation=0)
04-26 23:09:49.983   736  1620 W JobScheduler: Job didn't exist in JobStore: 60cbf8e {androidx.work.systemjobscheduler} #u0a160/235 #TikTokWorker#com.google.apps.tiktok.sync.impl.workmanager.SyncWorker#@androidx.work.systemjobscheduler@com.google.android.apps.wellbeing/androidx.work.impl.background.systemjob.SystemJobService
04-26 23:09:50.107 26043 26121 I MuMain  : PERF fps=30.6 frameMs=32.72 phase(render=31.22 pad=0.06 present=1.37) renderLevel=4 fxScale=1.00 maxMsg=30 avg(draw=273 verts=95138 im=1790 vaD=0 vaC=0 qI=176 qE=0) max(draw=299 verts=95544)
04-26 23:09:50.107 26043 26121 I MuMain  : PERF_SCENE world=73 char(live=0 vis=0 ply=0 mon=0 npc=0 pet=0 prio=0 topMon=-1 x0) obj(live=375 vis=86 op=0 trap=0 topObj=129 x7)
04-26 23:09:50.107 26043 26121 I MuMain  : PERF_BUCKET objMove(cand=0 upd=0 def=0 n=0 m=0 f=0) objRender(cand=0 draw=0 cull=0 n=0 m=0 f=0 visDraw=0 visDef=0) charMove(cand=0 upd=0 def=0 n=0 m=0 f=0) charRender(cand=0 draw=0 def=0 cull=0 n=0 m=0 f=0)
04-26 23:09:50.107 26043 26121 I MuMain  : PERF_TERRAIN world=73 normal(block=0 tile=0) grass(block=0 tile=0) after(block=0 tile=0)
04-26 23:09:50.185   736   954 I AdbWifiNetworkMonitor: Wi-Fi network available
04-26 23:09:50.185   736   954 I AdbWifiNetworkMonitor: Received the same Wi-Fi SSID. Ignoring.
04-26 23:09:50.198   736   768 W ActivityManager: Skipping manifest association check for null package. SourceUid: -1, SourcePkg: null, TargetUid: 10163, TargetPkg: com.android.chrome
04-26 23:09:50.198   736   921 I HalDevMgr: bestIfaceCreationProposal is null, requestIface=STA, existingIface=[name=wlan0 type=STA]
04-26 23:09:50.202   736   931 W libbinder.IPCThreadState: Sending oneway calls to frozen process.
04-26 23:09:50.202   736   931 W libbinder.IPCThreadState: Sending oneway calls to frozen process.
04-26 23:09:50.202   736   931 W libbinder.IPCThreadState: Sending oneway calls to frozen process.
04-26 23:09:50.203  1366  1970 I NullBinder: NullBinder for android.net.action.RECOMMEND_NETWORKS triggering remote TransactionTooLargeException due to Service without Chimera impl, calling uid: 1000, calling pid: 0
04-26 23:09:50.203  1366  1970 W libbinder.Binder: Large reply transaction of 1056768 bytes, interface descriptor , function: UNKNOWN_FUNCTION_NAME, code: 1, flags: 17
04-26 23:09:50.274  4432 26179 W chromium: [WARNING:net/cert/ev_root_ca_metadata.cc:118] Not implemented
04-26 23:09:50.359 26043 26121 I MuMain  : ADAPT fx scale: fps=31.7 frameMs=31.53 1.00->0.90 target=0.80
04-26 23:09:50.368  4432 26179 W chromium: [WARNING:net/cert/ev_root_ca_metadata.cc:118] Not implemented
04-26 23:09:51.142 26043 26121 I MuMain  : PERF fps=38.8 frameMs=25.80 phase(render=24.63 pad=0.02 present=1.05) renderLevel=4 fxScale=1.00 maxMsg=30 avg(draw=332 verts=82893 im=1883 vaD=0 vaC=0 qI=251 qE=0) max(draw=338 verts=85341)
04-26 23:09:51.142 26043 26121 I MuMain  : PERF_SCENE world=73 char(live=0 vis=0 ply=0 mon=0 npc=0 pet=0 prio=0 topMon=-1 x0) obj(live=375 vis=70 op=0 trap=0 topObj=129 x7)
04-26 23:09:51.142 26043 26121 I MuMain  : PERF_BUCKET objMove(cand=0 upd=0 def=0 n=0 m=0 f=0) objRender(cand=0 draw=0 cull=0 n=0 m=0 f=0 visDraw=0 visDef=0) charMove(cand=0 upd=0 def=0 n=0 m=0 f=0) charRender(cand=0 draw=0 def=0 cull=0 n=0 m=0 f=0)
04-26 23:09:51.142 26043 26121 I MuMain  : PERF_TERRAIN world=73 normal(block=0 tile=0) grass(block=0 tile=0) after(block=0 tile=0)
04-26 23:09:51.442  4432 26179 W chromium: [WARNING:net/cert/ev_root_ca_metadata.cc:118] Not implemented
04-26 23:09:51.665 26043 26121 I MuMain  : ADAPT fx scale: fps=36.8 frameMs=27.15 1.00->0.90 target=0.90
04-26 23:09:52.179 26043 26121 I MuMain  : PERF fps=39.5 frameMs=25.34 phase(render=24.31 pad=0.02 present=0.93) renderLevel=4 fxScale=1.00 maxMsg=30 avg(draw=334 verts=92281 im=1889 vaD=0 vaC=0 qI=253 qE=0) max(draw=345 verts=95481)
04-26 23:09:52.179 26043 26121 I MuMain  : PERF_SCENE world=73 char(live=0 vis=0 ply=0 mon=0 npc=0 pet=0 prio=0 topMon=-1 x0) obj(live=375 vis=58 op=0 trap=0 topObj=129 x6)
04-26 23:09:52.179 26043 26121 I MuMain  : PERF_BUCKET objMove(cand=0 upd=0 def=0 n=0 m=0 f=0) objRender(cand=0 draw=0 cull=0 n=0 m=0 f=0 visDraw=0 visDef=0) charMove(cand=0 upd=0 def=0 n=0 m=0 f=0) charRender(cand=0 draw=0 def=0 cull=0 n=0 m=0 f=0)
04-26 23:09:52.179 26043 26121 I MuMain  : PERF_TERRAIN world=73 normal(block=0 tile=0) grass(block=0 tile=0) after(block=0 tile=0)
04-26 23:09:52.455   736   862 D ActivityManager: freezing 4376 com.google.android.permissioncontroller
04-26 23:09:52.458   736   931 D InetDiagMessage: Destroyed 0 sockets, proto=IPPROTO_TCP, family=AF_INET, states=14
04-26 23:09:52.459   736   931 D InetDiagMessage: Destroyed 0 sockets, proto=IPPROTO_TCP, family=AF_INET6, states=14
04-26 23:09:52.459   736   931 D InetDiagMessage: Destroyed live tcp sockets for uids={10211} in 1ms
04-26 23:09:52.946   623 19057 W libbinder.IPCThreadState: Sending oneway calls to frozen process.
04-26 23:09:52.965 26043 26121 I MuMain  : ADAPT fx scale: fps=40.1 frameMs=24.94 1.00->0.90 target=0.90
04-26 23:09:53.204   736   954 I AdbWifiNetworkMonitor: Wi-Fi network available
04-26 23:09:53.204   736   954 I AdbWifiNetworkMonitor: Received the same Wi-Fi SSID. Ignoring.
04-26 23:09:53.207   736   921 I HalDevMgr: bestIfaceCreationProposal is null, requestIface=STA, existingIface=[name=wlan0 type=STA]
04-26 23:09:53.213   736   931 W libbinder.IPCThreadState: Sending oneway calls to frozen process.
04-26 23:09:53.213   736   931 W libbinder.IPCThreadState: Sending oneway calls to frozen process.
04-26 23:09:53.213   736   931 W libbinder.IPCThreadState: Sending oneway calls to frozen process.
04-26 23:09:53.216  1366  1377 I NullBinder: NullBinder for android.net.action.RECOMMEND_NETWORKS triggering remote TransactionTooLargeException due to Service without Chimera impl, calling uid: 1000, calling pid: 0
04-26 23:09:53.216  1366  1377 W libbinder.Binder: Large reply transaction of 1056768 bytes, interface descriptor , function: UNKNOWN_FUNCTION_NAME, code: 1, flags: 17
04-26 23:09:53.232 26043 26121 I MuMain  : PERF fps=41.2 frameMs=24.24 phase(render=23.23 pad=0.03 present=0.92) renderLevel=4 fxScale=1.00 maxMsg=30 avg(draw=308 verts=93867 im=1871 vaD=0 vaC=0 qI=225 qE=0) max(draw=317 verts=95640)
04-26 23:09:53.232 26043 26121 I MuMain  : PERF_SCENE world=73 char(live=0 vis=0 ply=0 mon=0 npc=0 pet=0 prio=0 topMon=-1 x0) obj(live=375 vis=49 op=0 trap=0 topObj=129 x6)
04-26 23:09:53.232 26043 26121 I MuMain  : PERF_BUCKET objMove(cand=0 upd=0 def=0 n=0 m=0 f=0) objRender(cand=0 draw=0 cull=0 n=0 m=0 f=0 visDraw=0 visDef=0) charMove(cand=0 upd=0 def=0 n=0 m=0 f=0) charRender(cand=0 draw=0 def=0 cull=0 n=0 m=0 f=0)
04-26 23:09:53.232 26043 26121 I MuMain  : PERF_TERRAIN world=73 normal(block=0 tile=0) grass(block=0 tile=0) after(block=0 tile=0)
04-26 23:09:53.853  2780 18838 I artd    : GetBestInfo: odex next to the dex file (/data/app/~~PqdBwR9WSFUNw4iaJMgoGg==/com.google.android.gms-95Dc1VeYXyONiCBDqz_lkA==/oat/x86_64/base.odex) is kOatUpToDate with filter 'speed-profile' executable 'false'
04-26 23:09:53.856  2780 18838 I artd    : GetBestInfo: dm (/data/app/~~PqdBwR9WSFUNw4iaJMgoGg==/com.google.android.gms-95Dc1VeYXyONiCBDqz_lkA==/split_AdsDynamite_installtime.dm) is kOatUpToDate with filter 'verify' executable 'false'
04-26 23:09:53.858  2780 18838 I artd    : GetBestInfo: dm (/data/app/~~PqdBwR9WSFUNw4iaJMgoGg==/com.google.android.gms-95Dc1VeYXyONiCBDqz_lkA==/split_CronetDynamite_installtime.dm) is kOatUpToDate with filter 'verify' executable 'false'
04-26 23:09:53.860  2780 18838 I artd    : GetBestInfo: dm (/data/app/~~PqdBwR9WSFUNw4iaJMgoGg==/com.google.android.gms-95Dc1VeYXyONiCBDqz_lkA==/split_DynamiteLoader_installtime.dm) is kOatUpToDate with filter 'verify' executable 'false'
04-26 23:09:53.861  2780 18838 I artd    : GetBestInfo: dm (/data/app/~~PqdBwR9WSFUNw4iaJMgoGg==/com.google.android.gms-95Dc1VeYXyONiCBDqz_lkA==/split_DynamiteModulesA_installtime.dm) is kOatUpToDate with filter 'verify' executable 'false'
04-26 23:09:53.863  2780 18838 I artd    : GetBestInfo: dm (/data/app/~~PqdBwR9WSFUNw4iaJMgoGg==/com.google.android.gms-95Dc1VeYXyONiCBDqz_lkA==/split_DynamiteModulesC_installtime.dm) is kOatUpToDate with filter 'verify' executable 'false'
04-26 23:09:53.865  2780 18838 I artd    : GetBestInfo: dm (/data/app/~~PqdBwR9WSFUNw4iaJMgoGg==/com.google.android.gms-95Dc1VeYXyONiCBDqz_lkA==/split_GoogleCertificates_installtime.dm) is kOatUpToDate with filter 'verify' executable 'false'
04-26 23:09:53.867  2780 18838 I artd    : GetBestInfo: dm (/data/app/~~PqdBwR9WSFUNw4iaJMgoGg==/com.google.android.gms-95Dc1VeYXyONiCBDqz_lkA==/split_MapsDynamite_installtime.dm) is kOatUpToDate with filter 'verify' executable 'false'
04-26 23:09:53.867 26147 26166 D DeferrableExecutor: DeferrableExecutor unblocked after max task delay
04-26 23:09:53.869  2780 18838 I artd    : GetBestInfo: dm (/data/app/~~PqdBwR9WSFUNw4iaJMgoGg==/com.google.android.gms-95Dc1VeYXyONiCBDqz_lkA==/split_MeasurementDynamite_installtime.dm) is kOatUpToDate with filter 'verify' executable 'false'
04-26 23:09:53.873  2780 18838 I artd    : GetBestInfo: dm (/data/app/~~PqdBwR9WSFUNw4iaJMgoGg==/com.google.android.gms-95Dc1VeYXyONiCBDqz_lkA==/split_all_locale_splits.dm) is kOatUpToDate with filter 'verify' executable 'false'
04-26 23:09:53.875  2780 18838 I artd    : GetBestInfo: /data/user_de/0/com.google.android.gms/app_chimera/m/0000000a/dl-TfliteDynamiteDynamite.integ_252130102100800.apk has no usable artifacts
04-26 23:09:53.877  2780 18838 I artd    : GetBestInfo: /data/user_de/0/com.google.android.gms/app_chimera/m/00000001/CronetDynamite.apk has no usable artifacts
04-26 23:09:53.879  2780 18838 I artd    : GetBestInfo: /data/user_de/0/com.google.android.gms/app_chimera/m/00000016/dl-MlkitOcrCommon.optional_261332100800.apk has no usable artifacts
04-26 23:09:53.880  2780 18838 I artd    : GetBestInfo: /data/user_de/0/com.google.android.gms/app_chimera/m/00000002/DynamiteLoader.apk has no usable artifacts
04-26 23:09:53.883  2780 18838 I artd    : GetBestInfo: /data/user_de/0/com.google.android.gms/app_chimera/m/0000000e/dl-MlkitBarcodeUi.optional_260235100800.apk has no usable artifacts
04-26 23:09:53.886  2780 18838 I artd    : GetBestInfo: /data/user_de/0/com.google.android.gms/app_chimera/m/00000013/dl-Appsearch.optional_261332100800.apk has no usable artifacts
04-26 23:09:53.888  2780 18838 I artd    : GetBestInfo: /data/user_de/0/com.google.android.gms/app_chimera/m/00000005/GoogleCertificates.apk has no usable artifacts
04-26 23:09:53.891  2780 18838 I artd    : GetBestInfo: /data/user_de/0/com.google.android.gms/app_chimera/m/00000012/dl-PlayCloudSearch.optional_261332100000.apk has no usable artifacts
04-26 23:09:53.895  2780 18838 I artd    : GetBestInfo: vdex next to the dex file (/data/user/0/com.google.android.gms/app_dg_cache/B3ED91DEC21F0EB5284BE10D982ABEAAC45F5C48/oat/x86_64/the.vdex) is kOatUpToDate with filter 'verify' executable 'false'
04-26 23:09:53.898  2780 18838 I artd    : GetBestInfo: /data/user_de/0/com.google.android.gms/app_chimera/m/0000000f/dl-PlayCloudSearch.optional_260235100000.apk has no usable artifacts
04-26 23:09:53.901  2780 18838 I artd    : GetBestInfo: /data/user_de/0/com.google.android.gms/app_chimera/m/00000008/dl-VisionOcr.optional_260235100000.apk has no usable artifacts
04-26 23:09:53.902 26147 26166 V ClearcutMetricSnapshotT: Sending Primes unknown: # hhg@a7598fb5
04-26 23:09:53.902  2780 18838 I artd    : GetBestInfo: /data/user_de/0/com.google.android.gms/app_chimera/m/0000000b/dl-Appsearch.optional_260235100800.apk has no usable artifacts
04-26 23:09:53.903 26147 26166 V ClearcutMetricSnapshotT: KjcKHGNvbS5nb29nbGUuYW5kcm9pZC5kZXNrY2xvY2sSDzcuNSAoNTYzMTM3OTk2KRgBIM/RiPwBugEKCOz1pQEQ4JzzAvIBAhgCggJBCjMKHGNvbS5nb29nbGUuYW5kcm9pZC5kZXNrY2xvY2sQAxgAIAgoyNSnx9wzMAA4iPEIQAESCAgGCAQIBQgDGAE=
04-26 23:09:53.904  2780 18838 I artd    : GetBestInfo: /data/user_de/0/com.google.android.gms/app_chimera/m/00000011/dl-VisionOcr.optional_261332100000.apk has no usable artifacts
