04-26 22:23:53.918   736   759 V WindowManager: Sent Transition (#163) createdAt=04-26 22:23:53.590 via request=TransitionRequestInfo { type = OPEN, triggerTask = TaskInfo{userId=0 taskId=122 effectiveUid=10230 displayId=0 isRunning=true baseIntent=Intent { flg=0x10000000 cmp=com.muonline.client/.PreloadActivity } baseActivity=ComponentInfo{com.muonline.client/com.muonline.client.PreloadActivity} topActivity=ComponentInfo{com.muonline.client/com.muonline.client.MuMainActivity} origActivity=null realActivity=ComponentInfo{com.muonline.client/com.muonline.client.PreloadActivity} realActivityIsAppLockEnabled=false numActivities=2 lastActiveTime=24808191 supportsMultiWindow=true supportsMultiWindowWithoutConstraints=true resizeMode=1 isResizeable=true minWidth=-1 minHeight=-1 defaultMinSize=220 token=WCT{RemoteToken{fcbc3eb Task{45d6f2e #122 type=standard A=10230:com.muonline.client}}} topActivityType=1 pictureInPictureParams=null shouldDockBigOverlays=false launchIntoPipHostTaskId=-1 lastParentTaskIdBeforePip=-1 displayCutoutSafeInsets=Rect(132, 0 - 0, 0) topActivityInfo=ActivityInfo{b9f6a0a com.muonline.client.MuMainActivity} launchCookies=[] positionInParent=Point(0, 0) parentTaskId=-1 isFocused=true isInteractive=false isVisible=true isVisibleRequested=true isTopActivityNoDisplay=false isSleeping=false locusId=null displayAreaFeatureId=1 isTopActivityTransparent=false isActivityStackTransparent=false lastNonFullscreenBounds=null leafTaskBoundsFromOptions= false capturedLink=null capturedLinkTimestamp=0 requestedVisibleTypes=503 topActivityRequestOpenInBrowserEducationTimestamp=0 appCompatTaskInfo=AppCompatTaskInfo { topActivityInSizeCompat=false isLeafTask= true eligibleForLetterboxEducation= false isLetterboxEducationEnabled= true isLetterboxDoubleTapEnabled= false eligibleForUserAspectRatioButton= false topActivityBoundsLetterboxed= false isFromLetterboxDoubleTap= false topActivityLetterboxVerticalPosition= -1 topActivityLetterboxHorizontalPosition= -1 topActivityLetterboxWidth=-1 topActivityLetterboxHeight=-1 topActivityAppBounds=Rect(132, 0 - 2400, 1017) isUserFullscreenOverrideEnabled=false isSystemFullscreenOverrideEnabled=false hasMinAspectRatioOverride=false topActivityLetterboxBounds=null topNonResizableActivityAspectRatio=-1.0} topActivityMainWindowFrame=null isAppBubble=false}, pipChange = null, remoteTransitionInfo = null, displayChange = null, requestedLocation = null, userChange = null, windowingLayerChange = null, fullscreenRequestChange = null, flags = 0, debugId = 163 }
04-26 22:23:53.918   736   759 V WindowManager:     startWCT=WindowContainerTransaction { changes= {} hops= [] flags= 0 errorCallbackToken=null taskFragmentOrganizer=null }
04-26 22:23:53.919   736   759 V WindowManager:     info={id=163 t=OPEN f=0x0 trk=0 r=[0@Point(0, 0)] c=[
04-26 22:23:53.919   736   759 V WindowManager:         {m=OPEN f=FILLS_TASK p=WCT{RemoteToken{fcbc3eb Task{45d6f2e #122 type=standard A=10230:com.muonline.client}}} leash=Surface(name=ActivityRecord{37414452 u0 com.muonline.client/.MuMainActivity t122}#1867)/@0x3424dac sb=Rect(0, 0 - 0, 0) eb=Rect(0, 0 - 2400, 1080) epz=Point(2400, 1080) d=-1->0 r=-1->1:-1 bc=ff000000 activity=ActivityTransitionInfo { component = ComponentInfo{com.muonline.client/com.muonline.client.MuMainActivity}, taskId = 122, appCompatTransitionInfo = AppCompatTransitionInfo { letterboxBounds = Rect(132, 0 - 2400, 1080), hasRoundedCorners = false } }},
04-26 22:23:53.919   736   759 V WindowManager:         {m=CLOSE f=FILLS_TASK p=WCT{RemoteToken{fcbc3eb Task{45d6f2e #122 type=standard A=10230:com.muonline.client}}} leash=Surface(name=ActivityRecord{257444694 u0 com.muonline.client/.PreloadActivity t122}#1849)/@0xc392f5f sb=Rect(0, 0 - 2400, 1080) eb=Rect(0, 0 - 2400, 1080) epz=Point(2400, 1080) d=0 bc=ff000000 activity=ActivityTransitionInfo { component = ComponentInfo{com.muonline.client/com.muonline.client.PreloadActivity}, taskId = 122, appCompatTransitionInfo = AppCompatTransitionInfo { letterboxBounds = Rect(132, 0 - 2400, 1080), hasRoundedCorners = false } }},
04-26 22:23:53.919   736   759 V WindowManager:         {WCT{RemoteToken{fcbc3eb Task{45d6f2e #122 type=standard A=10230:com.muonline.client}}} m=CHANGE f=NONE leash=Surface(name=Task=122#1848)/@0xb5f06bb sb=Rect(0, 0 - 2400, 1080) eb=Rect(0, 0 - 2400, 1080) epz=Point(2400, 1080) d=0 taskParent=-1 winMode=1 userId=0}
04-26 22:23:53.919   736   759 V WindowManager:     ]}
04-26 22:23:53.921  2780 18838 I artd    : GetBestInfo: /data/user_de/0/com.google.android.gms/app_chimera/m/00000008/dl-VisionOcr.optional_260235100000.apk has no usable artifacts
04-26 22:23:53.922  1036  1144 V WindowManagerShell: onTransitionReady(transaction=3161095947213)
04-26 22:23:53.923   736  1848 I ImeTracker: system_server:fc0d3876: onRequestHide at ORIGIN_SERVER reason IME_REQUESTED_CHANGED_LISTENER fromUser false displayId 0
04-26 22:23:53.925   736   762 I ImeTracker: system_server:fc0d3876: onCancelled at PHASE_SERVER_SHOULD_HIDE
04-26 22:23:53.925  2780 18838 I artd    : GetBestInfo: /data/user_de/0/com.google.android.gms/app_chimera/m/0000000b/dl-Appsearch.optional_260235100800.apk has no usable artifacts
04-26 22:23:53.926 23654 23705 I SDL/APP : pixel format wanted SDL_PIXELFORMAT_RGBX8888 (2), got SDL_PIXELFORMAT_RGBX8888 (2)
04-26 22:23:53.927  1036  1091 V WindowManagerShell: onTransitionReady (#163) android.os.BinderProxy@2f92bab: {id=163 t=OPEN f=0x0 trk=0 r=[0@Point(0, 0)] c=[
04-26 22:23:53.927  1036  1091 V WindowManagerShell:         {m=OPEN f=FILLS_TASK p=WCT{android.os.BinderProxy@8977f8e} leash=Surface(name=ActivityRecord{37414452 u0 com.muonline.client/.MuMainActivity t122}#1867)/@0x98eea20 sb=Rect(0, 0 - 0, 0) eb=Rect(0, 0 - 2400, 1080) epz=Point(2400, 1080) d=-1->0 r=-1->1:-1 bc=ff000000 activity=ActivityTransitionInfo { component = ComponentInfo{com.muonline.client/com.muonline.client.MuMainActivity}, taskId = 122, appCompatTransitionInfo = AppCompatTransitionInfo { letterboxBounds = Rect(132, 0 - 2400, 1080), hasRoundedCorners = false } }},
04-26 22:23:53.927  1036  1091 V WindowManagerShell:         {m=CLOSE f=FILLS_TASK p=WCT{android.os.BinderProxy@8977f8e} leash=Surface(name=ActivityRecord{257444694 u0 com.muonline.client/.PreloadActivity t122}#1849)/@0x1ef9fd9 sb=Rect(0, 0 - 2400, 1080) eb=Rect(0, 0 - 2400, 1080) epz=Point(2400, 1080) d=0 bc=ff000000 activity=ActivityTransitionInfo { component = ComponentInfo{com.muonline.client/com.muonline.client.PreloadActivity}, taskId = 122, appCompatTransitionInfo = AppCompatTransitionInfo { letterboxBounds = Rect(132, 0 - 2400, 1080), hasRoundedCorners = false } }},
04-26 22:23:53.927  1036  1091 V WindowManagerShell:         {m=CHANGE f=NONE leash=Surface(name=Task=122#1848)/@0x915d9e sb=Rect(0, 0 - 2400, 1080) eb=Rect(0, 0 - 2400, 1080) epz=Point(2400, 1080) d=0 taskParent=-1 winMode=1 userId=0}
04-26 22:23:53.927  1036  1091 V WindowManagerShell:     ]}
04-26 22:23:53.928  1036  1091 V WindowManagerShell: Playing animation for (#163) android.os.BinderProxy@2f92bab@0
04-26 22:23:53.928  1036  1091 D ShellSplitScreen: startAnimation: transition=163 isSplitActive=false
04-26 22:23:53.928  1036  1091 V ShellRecents: RecentsTransitionHandler.startAnimation: no controller found
04-26 22:23:53.928  1036  1091 V ShellDesktopMode: DesktopMixedTransitionHandler: No pending desktop transition
04-26 22:23:53.928  1036  1091 V WindowManagerShell: Transition doesn't have explicit remote, search filters for match for {id=163 t=OPEN f=0x0 trk=0 r=[0@Point(0, 0)] c=[{m=OPEN f=FILLS_TASK p=WCT{android.os.BinderProxy@8977f8e} leash=Surface(name=ActivityRecord{37414452 u0 com.muonline.client/.MuMainActivity t122}#1867)/@0x98eea20 sb=Rect(0, 0 - 0, 0) eb=Rect(0, 0 - 2400, 1080) epz=Point(2400, 1080) d=-1->0 r=-1->1:-1 bc=ff000000 activity=ActivityTransitionInfo { component = ComponentInfo{com.muonline.client/com.muonline.client.MuMainActivity}, taskId = 122, appCompatTransitionInfo = AppCompatTransitionInfo { letterboxBounds = Rect(132, 0 - 2400, 1080), hasRoundedCorners = false } }},{m=CLOSE f=FILLS_TASK p=WCT{android.os.BinderProxy@8977f8e} leash=Surface(name=ActivityRecord{257444694 u0 com.muonline.client/.PreloadActivity t122}#1849)/@0x1ef9fd9 sb=Rect(0, 0 - 2400, 1080) eb=Rect(0, 0 - 2400, 1080) epz=Point(2400, 1080) d=0 bc=ff000000 activity=ActivityTransitionInfo { component = ComponentInfo{com.muonline.client/com.muonline.client.PreloadActivity}, taskId = 122, appCompatTransitionInfo = AppCompatTransitionInfo { letterboxBounds = Rect(132, 0 - 2400, 1080), hasRoundedCorners = false } }},{m=CHANGE f=NONE leash=Surface(name=Task=122#1848)/@0x915d9e sb=Rect(0, 0 - 2400, 1080) eb=Rect(0, 0 - 2400, 1080) epz=Point(2400, 1080) d=0 taskParent=-1 winMode=1 userId=0}]}
04-26 22:23:53.928  1036  1091 V WindowManagerShell:  Checking filter Pair{{types=[] flags=0x0 notFlags=0x0 checks=[{atype=undefined independent=true modes=[CLOSE,TO_BACK] flags=IN_TASK_WITH_EMBEDDED_ACTIVITY mustBeTask=false order=ANY topActivity=null launchCookie=null taskFragmentToken=android.os.BinderProxy@e90ae30 windowingMode=undefined isCrossDisplayMove=false}]} RemoteTransition { remoteTransition = android.window.IRemoteTransition$Stub$Proxy@1ccfaa9, appThread = android.app.IApplicationThread$Stub$Proxy@5c682e, debugName = overlayBackTransition, filter = {types=[] flags=0x0 notFlags=0x0 checks=[{atype=undefined independent=true modes=[CLOSE,TO_BACK] flags=IN_TASK_WITH_EMBEDDED_ACTIVITY mustBeTask=false order=ANY topActivity=null launchCookie=null taskFragmentToken=android.os.BinderProxy@e90ae30 windowingMode=undefined isCrossDisplayMove=false}]} }}
04-26 22:23:53.928  1036  1091 V WindowManagerShell:  Checking filter Pair{{types=[] flags=0x0 notFlags=0x0 checks=[{atype=dream independent=true modes=[OPEN,TO_FRONT] flags=NONE mustBeTask=false order=ANY topActivity=null launchCookie=null windowingMode=undefined isCrossDisplayMove=false},{atype=home independent=true modes=[CLOSE,TO_BACK] flags=NONE mustBeTask=false order=ANY topActivity=null launchCookie=null windowingMode=undefined isCrossDisplayMove=false}]} RemoteTransition { remoteTransition = android.window.IRemoteTransition$Stub$Proxy@aa8fcf, appThread = android.app.IApplicationThread$Stub$Proxy@98a7d5c, debugName = LauncherToDream, filter = {types=[] flags=0x0 notFlags=0x0 checks=[{atype=dream independent=true modes=[OPEN,TO_FRONT] flags=NONE mustBeTask=false order=ANY topActivity=null launchCookie=null windowingMode=undefined isCrossDisplayMove=false},{atype=home independent=true modes=[CLOSE,TO_BACK] flags=NONE mustBeTask=false order=ANY topActivity=null launchCookie=null windowingMode=undefined isCrossDisplayMove=false}]} }}
04-26 22:23:53.928  1036  1091 V WindowManagerShell:  Checking filter Pair{{types=[] flags=0x0 notFlags=0x0 checks=[{atype=standard independent=false modes=[CHANGE] flags=NONE mustBeTask=true order=ANY topActivity=null launchCookie=null windowingMode=undefined isCrossDisplayMove=true}]} RemoteTransition { remoteTransition = android.window.IRemoteTransition$Stub$Proxy@3519865, appThread = android.app.IApplicationThread$Stub$Proxy@94ad93a, debugName = QuickstepDisplayMove, filter = {types=[] flags=0x0 notFlags=0x0 checks=[{atype=standard independent=false modes=[CHANGE] flags=NONE mustBeTask=true order=ANY topActivity=null launchCookie=null windowingMode=undefined isCrossDisplayMove=true}]} }}
04-26 22:23:53.928  1036  1091 V WindowManagerShell:  Checking filter Pair{{types=[] flags=0x0 notFlags=0x100 checks=[{atype=home independent=true modes=[OPEN,TO_FRONT] flags=NONE mustBeTask=false order=ANY topActivity=ComponentInfo{com.google.android.apps.nexuslauncher/com.google.android.apps.nexuslauncher.NexusLauncherActivity} launchCookie=null windowingMode=undefined isCrossDisplayMove=false},{atype=standard independent=true modes=[CLOSE,TO_BACK] flags=NONE mustBeTask=false order=ANY topActivity=null launchCookie=null windowingMode=undefined isCrossDisplayMove=false},{NOT atype=undefined independent=true modes=[] flags=NONE mustBeTask=true order=ANY topActivity=null launchCookie=null customAnim=true windowingMode=undefined isCrossDisplayMove=false}]} RemoteTransition { remoteTransition = android.window.IRemoteTransition$Stub$Proxy@fea59eb, appThread = android.app.IApplicationThread$Stub$Proxy@4f01348, debugName = QuickstepLaunchHome, filter = {types=[] flags=0x0 notFlags=0x100 checks=[{atype=home independent=true modes=[OPEN,TO_FRONT] flags=NONE mustBeTask=false order=ANY topActivity=ComponentInfo{com.google.android.apps.nexuslauncher/com.google.android.apps.nexuslauncher.NexusLauncherActivity} launchCookie=null windowingMode=undefined isCrossDisplayMove=false},{atype=standard independent=true modes=[CLOSE,TO_BACK] flags=NONE mustBeTask=false order=ANY topActivity=null launchCookie=null windowingMode=undefined isCrossDisplayMove=false},{NOT atype=undefined independent=true modes=[] flags=NONE mustBeTask=true order=ANY topActivity=null launchCookie=null customAnim=true windowingMode=undefined isCrossDisplayMove=false}]} }}
04-26 22:23:53.928  1036  1091 V WindowManagerShell:  Checking filter Pair{{types=[OPEN,TO_FRONT] flags=0x0 notFlags=0x0 checks=[{atype=standard independent=true modes=[OPEN,TO_FRONT] flags=NONE mustBeTask=true order=ANY topActivity=null launchCookie=null windowingMode=freeform isCrossDisplayMove=false}]} RemoteTransition { remoteTransition = android.window.IRemoteTransition$Stub$Proxy@5987ffe, appThread = null, debugName = DesktopWindowLimitUnminimize, filter = {types=[OPEN,TO_FRONT] flags=0x0 notFlags=0x0 checks=[{atype=standard independent=true modes=[OPEN,TO_FRONT] flags=NONE mustBeTask=true order=ANY topActivity=null launchCookie=null windowingMode=freeform isCrossDisplayMove=false}]} }}
04-26 22:23:53.928  1036  1091 V WindowManagerShell:  Delegate animation for (#163) to null
04-26 22:23:53.929  1036  1091 V WindowManagerShell: start default transition animation, info = {id=163 t=OPEN f=0x0 trk=0 r=[0@Point(0, 0)] c=[{m=OPEN f=FILLS_TASK p=WCT{android.os.BinderProxy@8977f8e} leash=Surface(name=ActivityRecord{37414452 u0 com.muonline.client/.MuMainActivity t122}#1867)/@0x98eea20 sb=Rect(0, 0 - 0, 0) eb=Rect(0, 0 - 2400, 1080) epz=Point(2400, 1080) d=-1->0 r=-1->1:-1 bc=ff000000 activity=ActivityTransitionInfo { component = ComponentInfo{com.muonline.client/com.muonline.client.MuMainActivity}, taskId = 122, appCompatTransitionInfo = AppCompatTransitionInfo { letterboxBounds = Rect(132, 0 - 2400, 1080), hasRoundedCorners = false } }},{m=CLOSE f=FILLS_TASK p=WCT{android.os.BinderProxy@8977f8e} leash=Surface(name=ActivityRecord{257444694 u0 com.muonline.client/.PreloadActivity t122}#1849)/@0x1ef9fd9 sb=Rect(0, 0 - 2400, 1080) eb=Rect(0, 0 - 2400, 1080) epz=Point(2400, 1080) d=0 bc=ff000000 activity=ActivityTransitionInfo { component = ComponentInfo{com.muonline.client/com.muonline.client.PreloadActivity}, taskId = 122, appCompatTransitionInfo = AppCompatTransitionInfo { letterboxBounds = Rect(132, 0 - 2400, 1080), hasRoundedCorners = false } }},{m=CHANGE f=NONE leash=Surface(name=Task=122#1848)/@0x915d9e sb=Rect(0, 0 - 2400, 1080) eb=Rect(0, 0 - 2400, 1080) epz=Point(2400, 1080) d=0 taskParent=-1 winMode=1 userId=0}]}
04-26 22:23:53.931  2780 18838 I artd    : GetBestInfo: /data/user_de/0/com.google.android.gms/app_chimera/m/00000011/dl-VisionOcr.optional_261332100000.apk has no usable artifacts
04-26 22:23:53.932  2780 18838 I artd    : GetBestInfo: /data/user_de/0/com.google.android.gms/app_chimera/m/00000015/dl-MlkitBarcodeUi.optional_261332100800.apk has no usable artifacts
04-26 22:23:53.933  1036  1091 V WindowManagerShell: loadAnimation: anim=android.view.animation.AnimationSet@d00559b animAttr=0x5 type=OPEN isEntrance=false
04-26 22:23:53.935  1036  1091 V WindowManagerShell: loadAnimation: anim=android.view.animation.AnimationSet@984b077 animAttr=0x4 type=OPEN isEntrance=true
04-26 22:23:53.937  2780 18838 I artd    : GetBestInfo: /data/user_de/0/com.google.android.gms/app_chimera/m/00000009/dl-MlkitOcrCommon.optional_260235100800.apk has no usable artifacts
04-26 22:23:53.941  1036  1091 V WindowManagerShell:  animated by com.android.wm.shell.transition.DefaultTransitionHandler@11f9e32
04-26 22:23:53.941  2780 18838 I artd    : GetBestInfo: vdex next to the dex file (/data/user/0/com.google.android.gms/app_dg_cache/CE973E4DE823F0AA69070767A9FABB590DDD455C/oat/x86_64/the.vdex) is kOatUpToDate with filter 'verify' executable 'false'
04-26 22:23:53.941  2780 18838 I artd    : GetBestInfo: /data/user_de/0/com.google.android.gms/app_chimera/m/00000007/MeasurementDynamite.apk has no usable artifacts
04-26 22:23:53.969 23654 23654 D InsetsController: Setting requestedVisibleTypes to 496 (was 503)
04-26 22:23:53.971 23654 23654 D VRI[MuMainActivity]: WindowInsets changed: statusBars:null navigationBars:null 
04-26 22:23:53.971 23654 23654 V SDL     : surfaceChanged()
04-26 22:23:53.971 23654 23654 V SDL     : Window size: 2268x1080
04-26 22:23:53.971 23654 23654 V SDL     : Device size: 2400x1080
04-26 22:23:53.982   566   598 I libbinder.BpBinder: onLastStrongRef automatically unlinking death recipients for binder (0x7eaa36065790) with descriptor: '(not cached)'
04-26 22:23:53.995 23654 23705 I MuMain  : Screen size (drawable): 2268x1080 (scale: 3.54 x 2.25)
04-26 22:23:54.003 23654 23705 I GL_Compat: GL_Compat_Init: OK (prog=3, vbo=1, ebo=2)
04-26 22:23:54.005 23654 23705 I MuRender: OpenGLCompat initialized (drawable=2268x1080)
04-26 22:23:54.005 23654 23705 I MuMain  : Render backend active: OpenGLCompat
04-26 22:23:54.005 23654 23705 I GL_Compat: GL path switch: preferDirectVA=1
04-26 22:23:54.005 23654 23705 I MuMain  : GL compat VA policy: preferDirect=1 (emulator=1)
04-26 22:23:54.005 23654 23705 I AndroidGDI: SDL2_ttf initialized, defaultSize=15
04-26 22:23:54.009 23654 23705 I AndroidGDI: Font OK: /system/fonts/DroidSans.ttf sz=15
04-26 22:23:54.010 23654 23705 I AndroidGDI: Font OK: /system/fonts/DroidSans-Bold.ttf sz=15
04-26 22:23:54.010 23654 23705 I AndroidGDI: Font OK: /system/fonts/DroidSans-Bold.ttf sz=30
04-26 22:23:54.011 23654 23705 I AndroidGDI: Font OK: /system/fonts/DroidSans.ttf sz=14
04-26 22:23:54.012 23654 23705 I MuMain  : GDI fonts created: size=15 big=30
04-26 22:23:54.012 23654 23705 I MuMain  : Audio config: sound=1 music=1 rememberMe=0
04-26 22:23:54.012 23654 23705 I MuMain  : 
04-26 22:23:54.012 23654 23705 I MuMain  : Mix_Init requested=0x8 loaded=0x8
04-26 22:23:54.014 23654 23705 D AudioSystem: onNewServiceWithAdapter: media.audio_flinger service obtained 0x733fdca99010
04-26 22:23:54.017  4164  4217 I Finsky  : [48] WM::SCH: Logging work initialize for 12-1
04-26 22:23:54.018   560   839 W AudioFlinger: onStateChanged: pid:23654  uid:10230  state:unfrozen
04-26 22:23:54.018 23654 23705 D AudioSystem: getService: IAudioFlingerService retrieved: 0x73401cab0ae0  IAudioFlinger cached: 0x733fdca99010
04-26 22:23:54.019 23654 23705 D muonline.client: PlayerBase::PlayerBase()
04-26 22:23:54.020 23654 23705 D muonline.client: TrackPlayerBase::TrackPlayerBase()
04-26 22:23:54.020 23654 23705 I libOpenSLES: Emulating old channel mask behavior (ignoring positional mask 0x3, using default mask 0x3 based on channel count of 2)
04-26 22:23:54.024   560   839 D NativePermissionController: checkPermission: missing 1 for 10230
04-26 22:23:54.024   560   839 D NativePermissionController: checkPermission: missing 3 for 10230
04-26 22:23:54.024   560   839 D NativePermissionController: checkPermission: missing 5 for 10230
04-26 22:23:54.024   560   839 W AudioFlinger: createTrack_l(): mismatch between requested flags (00000104) and output flags (00000002)
04-26 22:23:54.026   560   839 D AudioFlinger: Client defaulted notificationFrames to 882 for frameCount 4012
04-26 22:23:54.026   560   839 I AF::AfPlaybackCommon: creating track with enforcement level 2 shouldHarden 1
04-26 22:23:54.038   521   521 I RanchuHwc: logCompositionFallbackIfChanged: layer 571 CompositionType fallback from 2 to 1
04-26 22:23:54.039   521   521 I RanchuHwc: logCompositionFallbackIfChanged: layer 572 CompositionType fallback from 2 to 1
04-26 22:23:54.039   521   521 I RanchuHwc: logCompositionFallbackIfChanged: layer 565 CompositionType fallback from 3 to 1
04-26 22:23:54.041   566   616 W skia    : AGTM parsing failed flags.readFromStream(s) at 159
04-26 22:23:54.041   566   616 W skia    : AGTM parsing failed flags.readFromStream(s) at 159
04-26 22:23:54.041   566   616 W skia    : AGTM parsing failed flags.readFromStream(s) at 159
04-26 22:23:54.041   566   616 W skia    : AGTM parsing failed flags.readFromStream(s) at 159
04-26 22:23:54.041   566   616 W skia    : AGTM parsing failed flags.readFromStream(s) at 159
04-26 22:23:54.041  4164  4215 I Finsky  : [46] WM::SCH: Logging work initialize for 12-1
04-26 22:23:54.054   566   616 W skia    : AGTM parsing failed flags.readFromStream(s) at 159
04-26 22:23:54.054   566   616 W skia    : AGTM parsing failed flags.readFromStream(s) at 159
04-26 22:23:54.054   566   616 W skia    : AGTM parsing failed flags.readFromStream(s) at 159
04-26 22:23:54.054   566   616 W skia    : AGTM parsing failed flags.readFromStream(s) at 159
04-26 22:23:54.054   566   616 W skia    : AGTM parsing failed flags.readFromStream(s) at 159
04-26 22:23:54.056 23654 23654 V SDL     : onWindowFocusChanged(): true
04-26 22:23:54.056 23654 23654 V SDL     : nativeFocusChanged()
04-26 22:23:54.058  4164  4223 I Finsky  : [54] SCH: Scheduling phonesky job Id: 12-1, CT: 1777217032290, Constraints: [{ L: 15000, D: 86400000, C: CHARGING_NONE, I: IDLE_NONE, N: NET_ANY, B: BATTERY_ANY }]
04-26 22:23:54.063   736   881 I ImeTracker: com.muonline.client:66e8e53f: onRequestHide at ORIGIN_SERVER reason HIDE_UNSPECIFIED_WINDOW fromUser false userId 0 displayId 0
04-26 22:23:54.065   736   881 W InputChannel-JNI: Channel already disposed.
04-26 22:23:54.067  4105  4105 I GoogleInputMethodService: GoogleInputMethodService.onFinishInput():2113 
04-26 22:23:54.070  4105  4105 I Module  : DeviceLockedStatusModuleProvider$Module.updateDeviceLockedStatus():103 repeatCheckTimes = 0, locked = false
04-26 22:23:54.071   566   616 W skia    : AGTM parsing failed flags.readFromStream(s) at 159
04-26 22:23:54.071   566   616 W skia    : AGTM parsing failed flags.readFromStream(s) at 159
04-26 22:23:54.072   566   616 W skia    : AGTM parsing failed flags.readFromStream(s) at 159
04-26 22:23:54.072  4164  4222 I Finsky  : [53] SCH: Scheduling 1 system job(s)
04-26 22:23:54.072   566   616 W skia    : AGTM parsing failed flags.readFromStream(s) at 159
04-26 22:23:54.072   566   616 W skia    : AGTM parsing failed flags.readFromStream(s) at 159
04-26 22:23:54.072  4164  4222 I Finsky  : [53] SCH: Scheduling system job Id: 9837, L: 13218, D: 80043622, C: false, I: false, N: 1
04-26 22:23:54.077 23654 23654 D InsetsController: hide(ime())
04-26 22:23:54.077 23654 23654 I ImeTracker: com.muonline.client:66e8e53f: onCancelled at PHASE_CLIENT_ALREADY_HIDDEN
04-26 22:23:54.078  4105  4105 I GoogleInputMethodService: GoogleInputMethodService.onStartInput():1384 onStartInput(EditorInfo{EditorInfo{packageName=com.muonline.client, inputType=0, inputTypeString=NULL, enableLearning=false, autoCorrection=false, autoComplete=false, imeOptions=0, privateImeOptions=null, actionName=UNSPECIFIED, actionLabel=null, initialSelStart=-1, initialSelEnd=-1, initialCapsMode=0, label=null, fieldId=0, fieldName=null, extras=null, hintText=null, hintLocales=[]}}, false)
04-26 22:23:54.079   736  1954 E AppOps  : attributionTag  not declared in manifest of com.muonline.client
04-26 22:23:54.079  4105  4105 W AndroidIME: LatinIMEBase.updateInputViewCoverNavigation():319 Null input view, cannot update padding!
04-26 22:23:54.079   736  1602 I ImeTracker: system_server:9ca9c6da: onRequestHide at ORIGIN_SERVER reason IME_REQUESTED_CHANGED_LISTENER fromUser false displayId 0
04-26 22:23:54.080   736  1067 E AppOps  : attributionTag  not declared in manifest of com.muonline.client
04-26 22:23:54.080  1174  1174 I bluetooth: system/btif/avrcp/avrcp_service.cc:533 SendMediaUpdate: track_changed=false :  play_state=true :  queue=false
04-26 22:23:54.081  1174  1174 E MediaControlProfile: onCurrentPlayerStateUpdated: base actions not supported, player actions= 0, expected at least= 7f
04-26 22:23:54.082 23654 23709 D muonline.client: PlayerBase::stop() from IPlayer
04-26 22:23:54.082 23654 23709 D AudioTrack: stop(43): called with 0 frames delivered
04-26 22:23:54.082  1174  1174 W MediaControlGattService: Feature PLAYBACK_SPEED support: true
04-26 22:23:54.082  1174  1174 W MediaControlGattService: Feature PLAYBACK_SPEED support: true
04-26 22:23:54.082  1174  1174 W MediaControlGattService: Feature PLAYBACK_SPEED support: true
04-26 22:23:54.082  1174  1174 W MediaControlGattService: Feature PLAYBACK_SPEED_NOTIFY support: true
04-26 22:23:54.083  4105  4105 I Module  : DeviceLockedStatusModuleProvider$Module.updateDeviceLockedStatus():103 repeatCheckTimes = 1, locked = false
04-26 22:23:54.084 23654 23705 I MuMain  : SDL_mixer initialized (32 channels)
04-26 22:23:54.084 23654 23705 I MuMain  : INIT: srand
04-26 22:23:54.084 23654 23705 I MuMain  : INIT: alloc GateAttribute
04-26 22:23:54.084 23654 23705 I MuMain  : INIT: alloc SkillAttribute
04-26 22:23:54.085   736   762 I ImeTracker: system_server:9ca9c6da: onCancelled at PHASE_SERVER_SHOULD_HIDE
04-26 22:23:54.084 23654 23705 I MuMain  : INIT: alloc ItemAttRibute
04-26 22:23:54.088   566   616 W skia    : AGTM parsing failed flags.readFromStream(s) at 159
04-26 22:23:54.088   566   616 W skia    : AGTM parsing failed flags.readFromStream(s) at 159
04-26 22:23:54.088   566   616 W skia    : AGTM parsing failed flags.readFromStream(s) at 159
04-26 22:23:54.088   566   616 W skia    : AGTM parsing failed flags.readFromStream(s) at 159
04-26 22:23:54.088   566   616 W skia    : AGTM parsing failed flags.readFromStream(s) at 159
04-26 22:23:54.088 23654 23705 I MuMain  : INIT: alloc CharacterMemoryDump
04-26 22:23:54.090 23654 23705 I MuMain  : INIT: alloc CharacterMachine
04-26 22:23:54.091   736  1827 E AppOps  : attributionTag  not declared in manifest of com.muonline.client
04-26 22:23:54.091 23654 23705 I MuMain  : INIT: CharacterMachine->Init()
04-26 22:23:54.091  1174  1361 I BluetoothAdapterProperties: getBondedDevices: length=0
04-26 22:23:54.091   736  1602 W PackageConfigPersister: App-specific configuration not found for packageName: com.muonline.client and userId: 0
04-26 22:23:54.091 23654 23705 I MuMain  : INIT: new UI objects
04-26 22:23:54.091   736  1827 E AppOps  : attributionTag  not declared in manifest of com.muonline.client
04-26 22:23:54.092  1174  1174 W MediaControlGattService: Feature TRACK_POSITION support: true
04-26 22:23:54.092  1174  1174 W MediaControlGattService: Feature TRACK_POSITION_NOTIFY support: true
04-26 22:23:54.092  1174  1174 W MediaControlGattService: Feature MEDIA_STATE support: true
04-26 22:23:54.094  1174  1361 I BluetoothAdapterProperties: getBondedDevices: length=0
04-26 22:23:54.094  1174  1174 W MediaControlGattService: Feature MEDIA_CONTROL_POINT_OPCODES_SUPPORTED support: true
04-26 22:23:54.094  1174  1174 W MediaControlGattService: Feature MEDIA_STATE support: true
04-26 22:23:54.094  1174  1174 W MediaControlGattService: Feature MEDIA_STATE support: true
04-26 22:23:54.096   736  1603 E AppOps  : attributionTag  not declared in manifest of com.muonline.client
04-26 22:23:54.097 23654 23705 I MuMain  : INIT: BuffStateSystem::Make()
04-26 22:23:54.097  4511  5291 W libbinder.Binder: Binder transaction to android.content.IContentProvider, function: UNKNOWN_FUNCTION_NAME, code: 21, took 2135ms. Data bytes: 480 Reply bytes: 432 Flags: 18
04-26 22:23:54.098  1174  1361 I BluetoothAdapterProperties: getBondedDevices: length=0
04-26 22:23:54.098  1174  1174 W MediaControlGattService: Feature MEDIA_STATE support: true
04-26 22:23:54.098  1174  1174 W MediaControlGattService: Feature SEEKING_SPEED support: true
04-26 22:23:54.098  1174  1174 W MediaControlGattService: Feature SEEKING_SPEED support: true
04-26 22:23:54.098  1174  1174 W MediaControlGattService: Feature SEEKING_SPEED support: true
04-26 22:23:54.098   736  1959 E AppOps  : attributionTag  not declared in manifest of com.muonline.client
04-26 22:23:54.098  1174  1174 W MediaControlProfile: MCS service state fields left unhandled: 
04-26 22:23:54.098  1174  1174 W MediaControlProfile:    > PLAYER_NAME
04-26 22:23:54.098  1174  1174 W MediaControlProfile:    > PLAYING_ORDER_SUPPORTED
04-26 22:23:54.100 23654 23705 I MuMain  : INIT: MapProcess::Make()
04-26 22:23:54.100 23654 23705 I MuMain  : INIT: PetProcess::Make()
04-26 22:23:54.101 23654 23705 I MuMain  : INIT: CUIMng::Create()
04-26 22:23:54.101 23654 23705 I MuMain  : INIT: g_pNewUISystem->Create()
04-26 22:23:54.103   566   616 W skia    : AGTM parsing failed flags.readFromStream(s) at 159
04-26 22:23:54.103   566   616 W skia    : AGTM parsing failed flags.readFromStream(s) at 159
04-26 22:23:54.103   566   616 W skia    : AGTM parsing failed flags.readFromStream(s) at 159
04-26 22:23:54.104   566   616 W skia    : AGTM parsing failed flags.readFromStream(s) at 159
04-26 22:23:54.104   566   616 W skia    : AGTM parsing failed flags.readFromStream(s) at 159
04-26 22:23:54.120   566   616 W skia    : AGTM parsing failed flags.readFromStream(s) at 159
04-26 22:23:54.120   566   616 W skia    : AGTM parsing failed flags.readFromStream(s) at 159
04-26 22:23:54.120   566   616 W skia    : AGTM parsing failed flags.readFromStream(s) at 159
04-26 22:23:54.120   566   616 W skia    : AGTM parsing failed flags.readFromStream(s) at 159
04-26 22:23:54.120   566   616 W skia    : AGTM parsing failed flags.readFromStream(s) at 159
04-26 22:23:54.121  4164  4218 I Finsky  : [49] [ContentSync] finished, scheduled=true
04-26 22:23:54.121  4164  4225 I Finsky  : [56] SCH: Scheduling phonesky job Id: 12-1, CT: 1777217032153, Constraints: [{ L: 15000, D: 86400000, C: CHARGING_NONE, I: IDLE_NONE, N: NET_ANY, B: BATTERY_ANY }]
04-26 22:23:54.129  4164  4224 I Finsky  : [55] SCH: Scheduling 1 system job(s)
04-26 22:23:54.129  4164  4224 I Finsky  : [55] SCH: Scheduling system job Id: 9837, L: 13024, D: 80043565, C: false, I: false, N: 1
04-26 22:23:54.137   566   616 W skia    : AGTM parsing failed flags.readFromStream(s) at 159
04-26 22:23:54.137   566   616 W skia    : AGTM parsing failed flags.readFromStream(s) at 159
04-26 22:23:54.137   566   616 W skia    : AGTM parsing failed flags.readFromStream(s) at 159
04-26 22:23:54.137   566   616 W skia    : AGTM parsing failed flags.readFromStream(s) at 159
04-26 22:23:54.137   566   616 W skia    : AGTM parsing failed flags.readFromStream(s) at 159
04-26 22:23:54.155   566   616 W skia    : AGTM parsing failed flags.readFromStream(s) at 159
04-26 22:23:54.155   566   616 W skia    : AGTM parsing failed flags.readFromStream(s) at 159
04-26 22:23:54.155   566   616 W skia    : AGTM parsing failed flags.readFromStream(s) at 159
04-26 22:23:54.156   566   616 W skia    : AGTM parsing failed flags.readFromStream(s) at 159
04-26 22:23:54.156   566   616 W skia    : AGTM parsing failed flags.readFromStream(s) at 159
04-26 22:23:54.159  4164  4215 I Finsky  : [46] [ContentSync] finished, scheduled=true
04-26 22:23:54.170   566   616 W skia    : AGTM parsing failed flags.readFromStream(s) at 159
04-26 22:23:54.170   566   616 W skia    : AGTM parsing failed flags.readFromStream(s) at 159
04-26 22:23:54.170   566   616 W skia    : AGTM parsing failed flags.readFromStream(s) at 159
04-26 22:23:54.170   566   616 W skia    : AGTM parsing failed flags.readFromStream(s) at 159
04-26 22:23:54.171   566   616 W skia    : AGTM parsing failed flags.readFromStream(s) at 159
04-26 22:23:54.174 23654 23705 I MuMain  : INIT: UI creation done
04-26 22:23:54.175 23654 23705 I MuMain  : VirtualPad: slots loaded version=4 idx=[-1,-1,-1,-1,-1] type=[0,0,0,0,0] path=Data/Local/android_touch_skill_slots.cfg
04-26 22:23:54.175 23654 23705 I MuMain  : VirtualPad slots: [-1,-1,-1,-1,-1]
04-26 22:23:54.175 23654 23705 I MuMain  : Android perf defaults: maxMsgPerCycle=70 targetFps=-1.0 fxScale=1.00 adaptive=on isEmulator=1
04-26 22:23:54.175 23654 23705 I MuMain  : SDL mixer volume set: level=5 sdl=71
04-26 22:23:54.176 23654 23705 I MuMain  : FPS overlay enabled
04-26 22:23:54.176 23654 23705 I MuMain  : All systems initialized — entering main loop
04-26 22:23:54.176 23654 23705 I MuMain  : Window resized → drawable: 2268x1080
04-26 22:23:54.176 23654 23705 I MuMain  : CHATIME IME state changed focused=0 sdlTextInput=1
04-26 22:23:54.176 23654 23705 I MuMain  : WEBZEN: enter
04-26 22:23:54.181 23654 23705 I MuMain  : WEBZEN: loading title bitmaps
04-26 22:23:54.186   566   616 W skia    : AGTM parsing failed flags.readFromStream(s) at 159
04-26 22:23:54.186   566   616 W skia    : AGTM parsing failed flags.readFromStream(s) at 159
04-26 22:23:54.186   566   616 W skia    : AGTM parsing failed flags.readFromStream(s) at 159
04-26 22:23:54.186   566   616 W skia    : AGTM parsing failed flags.readFromStream(s) at 159
04-26 22:23:54.186   566   616 W skia    : AGTM parsing failed flags.readFromStream(s) at 159
04-26 22:23:54.202   566   616 W skia    : AGTM parsing failed flags.readFromStream(s) at 159
04-26 22:23:54.202   566   616 W skia    : AGTM parsing failed flags.readFromStream(s) at 159
04-26 22:23:54.202   566   616 W skia    : AGTM parsing failed flags.readFromStream(s) at 159
04-26 22:23:54.202   566   616 W skia    : AGTM parsing failed flags.readFromStream(s) at 159
04-26 22:23:54.202   566   616 W skia    : AGTM parsing failed flags.readFromStream(s) at 159
04-26 22:23:54.220   566   616 W skia    : AGTM parsing failed flags.readFromStream(s) at 159
04-26 22:23:54.220   566   616 W skia    : AGTM parsing failed flags.readFromStream(s) at 159
04-26 22:23:54.220   566   616 W skia    : AGTM parsing failed flags.readFromStream(s) at 159
04-26 22:23:54.221   566   616 W skia    : AGTM parsing failed flags.readFromStream(s) at 159
04-26 22:23:54.221   566   616 W skia    : AGTM parsing failed flags.readFromStream(s) at 159
04-26 22:23:54.227 23654 23705 I MuMain  : WEBZEN: OpenBasicData begin
04-26 22:23:54.227 23654 23705 I MuMain  : OPENBASIC: enter
04-26 22:23:54.227 23654 23705 I MuMain  : OPENBASIC: RenderTitle 0 begin
04-26 22:23:54.228 23654 23705 I MuMain  : OPENBASIC: RenderTitle 0 done
04-26 22:23:54.228 23654 23705 I MuMain  : OPENBASIC: first bitmap group begin
04-26 22:23:54.236   566   616 W skia    : AGTM parsing failed flags.readFromStream(s) at 159
04-26 22:23:54.236   566   616 W skia    : AGTM parsing failed flags.readFromStream(s) at 159
04-26 22:23:54.236   566   616 W skia    : AGTM parsing failed flags.readFromStream(s) at 159
04-26 22:23:54.237   566   616 W skia    : AGTM parsing failed flags.readFromStream(s) at 159
04-26 22:23:54.237   566   616 W skia    : AGTM parsing failed flags.readFromStream(s) at 159
04-26 22:23:54.255   566   616 W skia    : AGTM parsing failed flags.readFromStream(s) at 159
04-26 22:23:54.256   566   616 W skia    : AGTM parsing failed flags.readFromStream(s) at 159
04-26 22:23:54.256   566   616 W skia    : AGTM parsing failed flags.readFromStream(s) at 159
04-26 22:23:54.256   566   616 W skia    : AGTM parsing failed flags.readFromStream(s) at 159
04-26 22:23:54.256   566   616 W skia    : AGTM parsing failed flags.readFromStream(s) at 159
04-26 22:23:54.270   566   616 W skia    : AGTM parsing failed flags.readFromStream(s) at 159
04-26 22:23:54.270   566   616 W skia    : AGTM parsing failed flags.readFromStream(s) at 159
04-26 22:23:54.270   566   616 W skia    : AGTM parsing failed flags.readFromStream(s) at 159
04-26 22:23:54.270   566   616 W skia    : AGTM parsing failed flags.readFromStream(s) at 159
04-26 22:23:54.271   566   616 W skia    : AGTM parsing failed flags.readFromStream(s) at 159
04-26 22:23:54.272   560   624 D AF::Track: interceptBuffer: took 617us to intercept 0 tracks
04-26 22:23:54.286   566   616 W skia    : AGTM parsing failed flags.readFromStream(s) at 159
04-26 22:23:54.286   566   616 W skia    : AGTM parsing failed flags.readFromStream(s) at 159
04-26 22:23:54.286   566   616 W skia    : AGTM parsing failed flags.readFromStream(s) at 159
04-26 22:23:54.286   566   616 W skia    : AGTM parsing failed flags.readFromStream(s) at 159
04-26 22:23:54.286   566   616 W skia    : AGTM parsing failed flags.readFromStream(s) at 159
04-26 22:23:54.301 23654 23705 I MuMain  : OPENBASIC: first bitmap group done
04-26 22:23:54.305   566   616 W skia    : AGTM parsing failed flags.readFromStream(s) at 159
04-26 22:23:54.306   566   616 W skia    : AGTM parsing failed flags.readFromStream(s) at 159
04-26 22:23:54.306   566   616 W skia    : AGTM parsing failed flags.readFromStream(s) at 159
04-26 22:23:54.319   566   616 W skia    : AGTM parsing failed flags.readFromStream(s) at 159
04-26 22:23:54.319   566   616 W skia    : AGTM parsing failed flags.readFromStream(s) at 159
04-26 22:23:54.319   566   616 W skia    : AGTM parsing failed flags.readFromStream(s) at 159
04-26 22:23:54.338   566   616 W skia    : AGTM parsing failed flags.readFromStream(s) at 159
04-26 22:23:54.338   566   616 W skia    : AGTM parsing failed flags.readFromStream(s) at 159
04-26 22:23:54.338   566   616 W skia    : AGTM parsing failed flags.readFromStream(s) at 159
04-26 22:23:54.342   736  1848 I ImeTracker: system_server:752d9beb: onRequestHide at ORIGIN_SERVER reason IME_REQUESTED_CHANGED_LISTENER fromUser false displayId 0
04-26 22:23:54.344   736   762 I ImeTracker: system_server:752d9beb: onCancelled at PHASE_SERVER_SHOULD_HIDE
04-26 22:23:54.354   566   616 W skia    : AGTM parsing failed flags.readFromStream(s) at 159
04-26 22:23:54.354   566   616 W skia    : AGTM parsing failed flags.readFromStream(s) at 159
04-26 22:23:54.354   566   616 W skia    : AGTM parsing failed flags.readFromStream(s) at 159
04-26 22:23:54.371   566   616 W skia    : AGTM parsing failed flags.readFromStream(s) at 159
04-26 22:23:54.371   566   616 W skia    : AGTM parsing failed flags.readFromStream(s) at 159
04-26 22:23:54.371   566   616 W skia    : AGTM parsing failed flags.readFromStream(s) at 159
04-26 22:23:54.386   566   616 W skia    : AGTM parsing failed flags.readFromStream(s) at 159
04-26 22:23:54.386   566   616 W skia    : AGTM parsing failed flags.readFromStream(s) at 159
04-26 22:23:54.386   566   616 W skia    : AGTM parsing failed flags.readFromStream(s) at 159
04-26 22:23:54.403   566   616 W skia    : AGTM parsing failed flags.readFromStream(s) at 159
04-26 22:23:54.403   566   616 W skia    : AGTM parsing failed flags.readFromStream(s) at 159
04-26 22:23:54.403   566   616 W skia    : AGTM parsing failed flags.readFromStream(s) at 159
04-26 22:23:54.420  1036  1091 V WindowManagerShell: Transition animation finished (aborted=false), notifying core (#163) android.os.BinderProxy@2f92bab@0
04-26 22:23:54.421   566   616 W skia    : AGTM parsing failed flags.readFromStream(s) at 159
04-26 22:23:54.421   566   616 W skia    : AGTM parsing failed flags.readFromStream(s) at 159
04-26 22:23:54.421   566   616 W skia    : AGTM parsing failed flags.readFromStream(s) at 159
04-26 22:23:54.425   736   759 V WindowManager: Finish Transition (#163): created at 04-26 22:23:53.590 collect-started=0.057ms request-sent=6.54ms started=8.723ms ready=27.376ms sent=326.573ms commit=37.275ms finished=833.634ms
04-26 22:23:54.427 23654 23654 D VRI[PreloadActivity]: visibilityChanged oldVisibility=true newVisibility=false
04-26 22:23:54.428  1036  1091 V WindowManagerShell: Track 0 became idle
04-26 22:23:54.429  1036  1091 V WindowManagerShell: All active transition animations finished
04-26 22:23:54.444 23654 23654 D WindowOnBackDispatcher: setTopOnBackInvokedCallback (unwrapped): null
04-26 22:23:54.445   736  1848 D CoreBackPreview: Window{81bad3 u0 com.muonline.client/com.muonline.client.PreloadActivity}: Setting back callback null
04-26 22:23:54.446 23654 23654 D ViewRootImpl: Skipping stats log for color mode
04-26 22:23:54.466 23654 23705 I TakumiErrorReport: File not found Data\Effect\Shiny04.jpg (32118)->Data\Effect\Shiny05.jpg
04-26 22:23:54.612   736   954 I AdbWifiNetworkMonitor: Wi-Fi network available
04-26 22:23:54.612   736   954 I AdbWifiNetworkMonitor: Received the same Wi-Fi SSID. Ignoring.
04-26 22:23:54.620   736   921 I HalDevMgr: bestIfaceCreationProposal is null, requestIface=STA, existingIface=[name=wlan0 type=STA]
04-26 22:23:54.624  1366  1481 I NullBinder: NullBinder for android.net.action.RECOMMEND_NETWORKS triggering remote TransactionTooLargeException due to Service without Chimera impl, calling uid: 1000, calling pid: 0
04-26 22:23:54.625  1366  1481 W libbinder.Binder: Large reply transaction of 1056768 bytes, interface descriptor , function: UNKNOWN_FUNCTION_NAME, code: 1, flags: 17
04-26 22:23:54.633  1160  1312 D IpClient/wlan0: interfaceLinkStateChanged: ifindex 16 up
04-26 22:23:54.641  1160  1312 D IpClient/wlan0: interfaceLinkStateChanged: ifindex 16 up
04-26 22:23:54.703 23654 23705 I TakumiErrorReport: > First Load Files OK.
04-26 22:23:55.860   560   624 D AF::Track: interceptBuffer: took 530us to intercept 0 tracks
04-26 22:23:56.380  1016  1016 I wpa_supplicant: wlan0: CTRL-EVENT-BEACON-LOSS 
04-26 22:23:56.432   736  1699 E TaskPersister: File error accessing recents directory (directory doesn't exist?).
04-26 22:23:57.535   560   624 D AF::Track: interceptBuffer: took 553us to intercept 0 tracks
04-26 22:23:57.588 23654 23705 I MuMain  : OPENBASIC: OpenImages begin
04-26 22:23:57.594 23654 23705 I MuMain  : OPENBASIC: OpenImages done
04-26 22:23:57.594 23654 23705 I MuMain  : OPENBASIC: OpenSounds begin
04-26 22:23:57.594 23654 23705 I MuMain  : OPENBASIC: OpenSounds done
04-26 22:23:57.595 23654 23705 I MuMain  : OPENBASIC: scripts begin
04-26 22:23:57.612 23654 23705 I MuMain  : OPENBASIC: OpenTextData begin
04-26 22:23:57.614 23654 23705 I MuMain  : OPENBASIC: OpenTextData done
04-26 22:23:57.626   736   954 I AdbWifiNetworkMonitor: Wi-Fi network available
04-26 22:23:57.626   736   954 I AdbWifiNetworkMonitor: Received the same Wi-Fi SSID. Ignoring.
04-26 22:23:57.628 23654 23705 I MuMain  : OPENBASIC: master/gate/filter done
04-26 22:23:57.629   736   921 I HalDevMgr: bestIfaceCreationProposal is null, requestIface=STA, existingIface=[name=wlan0 type=STA]
04-26 22:23:57.631 23654 23705 I MuMain  : WEBZEN: OpenBasicData done
04-26 22:23:57.633  1366  5070 I NullBinder: NullBinder for android.net.action.RECOMMEND_NETWORKS triggering remote TransactionTooLargeException due to Service without Chimera impl, calling uid: 1000, calling pid: 0
04-26 22:23:57.634  1366  5070 W libbinder.Binder: Large reply transaction of 1056768 bytes, interface descriptor , function: UNKNOWN_FUNCTION_NAME, code: 1, flags: 17
04-26 22:23:57.785 23654 23705 I TakumiErrorReport: File not found Data\Interface\InGameShop\ingame_Bt_page_L.tga (32485)->Data\Custom\Maps\CRadar.tga
04-26 22:23:57.787 23654 23705 I TakumiErrorReport: File not found Data\Interface\InGameShop\IGS_Storage_Page.tga (32487)->Data\Custom\Maps\map_radar.tga
04-26 22:23:57.790 23654 23705 I TakumiErrorReport: File not found Data\Interface\InGameShop\IGS_Storage_Page_Left.tga (32488)->Data\Custom\Maps\background-tcp.tga
04-26 22:23:57.792 23654 23705 I TakumiErrorReport: File not found Data\Interface\InGameShop\IGS_Storage_Page_Right.tga (32489)->Data\Interface\newui_option_check.tga
04-26 22:23:58.114 23654 23705 I TakumiErrorReport: File not found Data\Interface\newui_item_back01.tga (31373)->Data\Interface\newui_item_back04.tga
04-26 22:23:58.116 23654 23705 I TakumiErrorReport: File not found Data\Interface\newui_item_back04.tga (31373)->Data\Interface\newui_item_back01.tga
04-26 22:23:58.122 23654 23705 I MuMain  : WEBZEN: LoadMainSceneInterface done
04-26 22:23:58.122 23654 23705 I TakumiErrorReport: > Loading ok.
04-26 22:23:58.124 23654 23705 E BLASTBufferQueue: [1aba804 SurfaceView[com.muonline.client/com.muonline.client.MuMainActivity]#2](f:0,a:0) rejecting buffer:active_size=2268x1080, requested_size=2268x1080 buffer{size=2268x943 transform=0}
04-26 22:23:58.189 23654 23705 I MuMain  : ADAPT fx scale: fps=0.2 frameMs=4013.78 1.00->0.90 target=0.55
04-26 22:23:58.189 23654 23705 I MuMain  : PERF fps=0.2 frameMs=4013.78 phase(render=3946.64 pad=0.03 present=66.82) renderLevel=4 fxScale=1.00 maxMsg=70 avg(draw=132 verts=792 im=132 vaD=0 vaC=0 qI=0 qE=0) max(draw=132 verts=792)
04-26 22:23:58.189 23654 23705 I MuMain  : PERF_SCENE world=-1 char(live=0 vis=0 ply=0 mon=0 npc=0 pet=0 prio=0 topMon=-1 x0) obj(live=0 vis=0 op=0 trap=0 topObj=-1 x0)
04-26 22:23:58.189 23654 23705 I MuMain  : PERF_BUCKET objMove(cand=0 upd=0 def=0 n=0 m=0 f=0) objRender(cand=0 draw=0 cull=0 n=0 m=0 f=0 visDraw=0 visDef=0) charMove(cand=0 upd=0 def=0 n=0 m=0 f=0) charRender(cand=0 draw=0 def=0 cull=0 n=0 m=0 f=0)
04-26 22:23:58.189 23654 23705 I MuMain  : PERF_TERRAIN world=-1 normal(block=0 tile=0) grass(block=0 tile=0) after(block=0 tile=0)
04-26 22:23:58.189 23654 23705 I MuMain  : Frame 0 — drawCalls=132 verts=792 paths(im=132 vaD=0 vaC=0 qI=0 qE=0) SDL_err='Couldn't open asset '/storage/emulated/0/Android/data/com.muonline.client/files/Data/fonts/font_.ttf''
04-26 22:23:58.196 23654 23705 I MuMain  : OpenTga logo file=Data\Logo\MU-logo.OZT size=512x256 alphaMin=0 alphaMax=255 alphaZero=80277 cornerRGBA=74,76,87,0
04-26 22:23:58.198 23654 23705 I MuMain  : OpenJpeg turbo file=Data\Logo\MU-logo_g.OZJ jpeg=512x256 tex=512x256 idx=31019 texNo=2016
04-26 22:23:58.662 23654 23705 I MuMain  : LoadWorld OpenTerrainMapping enc world=74 result=74 file=Data\World74\EncTerrain74.map
04-26 22:23:58.664 23654 23705 I MuMain  : LoadWorld OpenTerrainAttribute enc world=74 result=74 file=Data\World74\EncTerrain74.att
04-26 22:23:58.665 23654 23705 I MuMain  : LoadWorld OpenObjectsEnc enc world=74 result=74 file=Data\World74\EncTerrain74.obj
04-26 22:23:58.669 23654 23705 I MuMain  : OpenJpegBuffer turbo file=Data\World74\TerrainLight.OZJ jpeg=256x256 firstRGB=0.341,0.341,0.435
04-26 22:23:58.675 23654 23705 I MuMain  : OpenJpeg turbo file=Data\World74\TileGrass01.OZJ jpeg=256x256 tex=256x256 idx=30256 texNo=2180
04-26 22:23:58.680 23654 23705 I MuMain  : OpenJpeg turbo file=Data\World74\TileGrass02.OZJ jpeg=256x256 tex=256x256 idx=30257 texNo=2181
04-26 22:23:58.685 23654 23705 I MuMain  : OpenJpeg turbo file=Data\World74\TileGround01.OZJ jpeg=256x256 tex=256x256 idx=30258 texNo=2182
04-26 22:23:58.689 23654 23705 I MuMain  : OpenJpeg turbo file=Data\World74\TileGround02.OZJ jpeg=256x256 tex=256x256 idx=30259 texNo=2183
04-26 22:23:58.693 23654 23705 I MuMain  : OpenJpeg turbo file=Data\World74\TileGround03.OZJ jpeg=256x256 tex=256x256 idx=30260 texNo=2184
04-26 22:23:58.695 23654 23705 I MuMain  : OpenJpeg turbo file=Data\World74\TileWater01.OZJ jpeg=256x256 tex=256x256 idx=30261 texNo=2185
04-26 22:23:58.699 23654 23705 I MuMain  : OpenJpeg turbo file=Data\World74\TileWood01.OZJ jpeg=256x256 tex=256x256 idx=30262 texNo=2186
04-26 22:23:58.702 23654 23705 I MuMain  : OpenJpeg turbo file=Data\World74\TileRock01.OZJ jpeg=256x256 tex=256x256 idx=30263 texNo=2187
04-26 22:23:58.706 23654 23705 I MuMain  : OpenJpeg turbo file=Data\World74\TileRock02.OZJ jpeg=256x256 tex=256x256 idx=30264 texNo=2188
04-26 22:23:58.709 23654 23705 I MuMain  : OpenJpeg turbo file=Data\World74\TileRock03.OZJ jpeg=256x256 tex=256x256 idx=30265 texNo=2189
04-26 22:23:58.715 23654 23705 I MuMain  : OpenJpeg turbo file=Data\World74\TileRock05.OZJ jpeg=256x256 tex=256x256 idx=30267 texNo=2191
04-26 22:23:58.716 23654 23705 I MuMain  : OpenJpeg turbo file=Data\World74\TileRock06.OZJ jpeg=128x128 tex=128x128 idx=30268 texNo=2192
04-26 22:23:58.719 23654 23705 I MuMain  : OpenJpeg turbo file=Data\World74\TileRock07.OZJ jpeg=256x256 tex=256x256 idx=30269 texNo=2193
04-26 22:23:58.728 23654 23705 I TakumiErrorReport: File not found Data\World74\leaf01.tga (30357)->Data\World74\leaf01.jpg
04-26 22:23:58.728 23654 23705 I MuMain  : OpenJpeg turbo file=Data\World74\leaf01.OZJ jpeg=16x16 tex=16x16 idx=30357 texNo=2198
04-26 22:23:58.729 23654 23705 I MuMain  : OpenJpeg turbo file=Data\World74\leaf02.OZJ jpeg=16x16 tex=16x16 idx=30358 texNo=2199
04-26 22:23:58.745 23654 23705 I AndroidGDI: Font OK: /system/fonts/DroidSans-Bold.ttf sz=10
04-26 22:23:58.746 23654 23705 I TakumiErrorReport: [Connect to Server 33] ip address = 171.235.182.88, port = 44405
04-26 22:23:58.747 23654 23705 E MuMain  : PlayMp3 failed requested=[data\music\login_theme.mp3] resolved=[data/music/login_theme.mp3] reqExists=0 resolvedExists=0 cwd=[/storage/emulated/0/Android/data/com.muonline.client/files]: Couldn't open 'data/music/login_theme.mp3'
04-26 22:23:58.747 23654 23705 I TakumiErrorReport: > Login Scene init success.
04-26 22:23:58.758 23654 23705 I MuMain  : RenderBitmap logo texture=31019 texNo=2016 file=Data\Logo\MU-logo_g.jpg size=512x256 comp=3 ref=1 colorAlpha=0.000 alphaArg=0.000
04-26 22:23:58.758 23654 23705 I MuMain  : RenderBitmap logo texture=31018 texNo=2015 file=Data\Logo\MU-logo.tga size=512x256 comp=4 ref=1 colorAlpha=0.000 alphaArg=0.000
04-26 22:23:58.758 23654 23705 I AndroidGDI: AndroidTextOut ENTRY len=34 hdc=0x733fdca9c520 bmp=0x733fdca9c310 text[0]=40
04-26 22:23:58.759 23654 23705 I AndroidGDI: TextOut surf=241x18 fmt=0x16362004 maxA=255 dib[0..2]=0,0,0
04-26 22:23:58.759 23654 23705 I AndroidGDI: AndroidTextOut ENTRY len=25 hdc=0x733fdca9c520 bmp=0x733fdca9c310 text[0]=32
04-26 22:23:58.760 23654 23705 I AndroidGDI: TextOut surf=177x18 fmt=0x16362004 maxA=255 dib[0..2]=0,0,0
04-26 22:23:58.760 23654 23705 I AndroidGDI: AndroidTextOut ENTRY len=14 hdc=0x733fdca9c520 bmp=0x733fdca9c310 text[0]=80
04-26 22:23:58.760 23654 23705 I AndroidGDI: TextOut surf=95x18 fmt=0x16362004 maxA=255 dib[0..2]=0,0,0
