--------- beginning of main
04-26 20:07:04.313  1219  1219 V BaseDepthController: Applying blur: 0 to Surface(name=VRI-com.google.android.apps.nexuslauncher/com.google.android.apps.nexuslauncher.NexusLauncherActivity#1300)/@0xd45637f applyImmediately: false
04-26 20:07:04.314  1219  1219 D BaseDepthController: shouldBlurWorkspace: false targetState: Normal currentStableState: Normal mCurrentBlur: 0 mLauncher.getDepthBlurTargets(): [com.android.launcher3.Workspace{573bc60 V.ED..... ........ 0,0-1080,2400 #7f0a047d app:id/workspace}, com.android.launcher3.Hotseat{7eca519 V.ED..... ........ 0,1905-1080,2400 #7f0a01f1 app:id/hotseat}]
04-26 20:07:04.313  4276  4315 I Finsky:background: [56] IQ:PSL: skipping onPackageRemoved(replacing=true) for untracked package=com.muonline.client
04-26 20:07:04.318  4276 17605 I Finsky:background: [193] Wrote row to frosting DB: 3190
04-26 20:07:04.328   566   616 W skia    : AGTM parsing failed flags.readFromStream(s) at 159
04-26 20:07:04.328   566   616 W skia    : AGTM parsing failed flags.readFromStream(s) at 159
04-26 20:07:04.328  4276  4276 I Finsky:background: [2] ajje - Received: android.intent.action.PACKAGE_ADDED, [n076RJLEETmEZ61FBJHrGFwh-0szukPG_iaeB-mhrwQ]
04-26 20:07:04.332  1219  1219 V BaseDepthController: Applying blur: 0 to Surface(name=VRI-com.google.android.apps.nexuslauncher/com.google.android.apps.nexuslauncher.NexusLauncherActivity#1300)/@0xd45637f applyImmediately: false
04-26 20:07:04.332  1219  1219 D BaseDepthController: shouldBlurWorkspace: false targetState: Normal currentStableState: Normal mCurrentBlur: 0 mLauncher.getDepthBlurTargets(): [com.android.launcher3.Workspace{573bc60 V.ED..... ........ 0,0-1080,2400 #7f0a047d app:id/workspace}, com.android.launcher3.Hotseat{7eca519 V.ED..... ........ 0,1905-1080,2400 #7f0a01f1 app:id/hotseat}]
04-26 20:07:04.338  4276 17605 I Finsky:background: [193] Wrote row to frosting DB: 3191
04-26 20:07:04.340  4276  4276 I Finsky:background: [2] ajje - Deduping intent android.intent.action.PACKAGE_ADDED
04-26 20:07:04.341  1219  1219 V BaseDepthController: Applying blur: 0 to Surface(name=VRI-com.google.android.apps.nexuslauncher/com.google.android.apps.nexuslauncher.NexusLauncherActivity#1300)/@0xd45637f applyImmediately: false
04-26 20:07:04.341  1219  1219 D BaseDepthController: shouldBlurWorkspace: false targetState: Normal currentStableState: Normal mCurrentBlur: 0 mLauncher.getDepthBlurTargets(): [com.android.launcher3.Workspace{573bc60 V.ED..... ........ 0,0-1080,2400 #7f0a047d app:id/workspace}, com.android.launcher3.Hotseat{7eca519 V.ED..... ........ 0,1905-1080,2400 #7f0a01f1 app:id/hotseat}]
04-26 20:07:04.350  4276  4276 I Finsky:background: [2] ajje - Received: android.intent.action.PACKAGE_ADDED, [n076RJLEETmEZ61FBJHrGFwh-0szukPG_iaeB-mhrwQ]
04-26 20:07:04.368  1219  1270 W LauncherActivityCachingLogic: loadIcon: Default app icon returned from PackageManager. component=ComponentInfo{com.muonline.client/com.muonline.client.PreloadActivity}, user=UserHandle{0}
04-26 20:07:04.368  1219  1270 W LauncherActivityCachingLogic: java.lang.Exception
04-26 20:07:04.368  1219  1270 W LauncherActivityCachingLogic: 	at com.android.launcher3.icons.cache.LauncherActivityCachingLogic.loadIcon(go/retraceme 7226a759aa2bb3787a79806f85d80eaad84f1f1e15acd6db988f2df789d1680d:62)
04-26 20:07:04.368  1219  1270 W LauncherActivityCachingLogic: 	at com.android.launcher3.icons.cache.BaseIconCache.loadFallbackIcon(go/retraceme 7226a759aa2bb3787a79806f85d80eaad84f1f1e15acd6db988f2df789d1680d:8)
04-26 20:07:04.368  1219  1270 W LauncherActivityCachingLogic: 	at com.android.launcher3.icons.cache.BaseIconCache.cacheLocked(go/retraceme 7226a759aa2bb3787a79806f85d80eaad84f1f1e15acd6db988f2df789d1680d:99)
04-26 20:07:04.368  1219  1270 W LauncherActivityCachingLogic: 	at com.android.launcher3.icons.IconCache.getTitleAndIcon(go/retraceme 7226a759aa2bb3787a79806f85d80eaad84f1f1e15acd6db988f2df789d1680d:233)
04-26 20:07:04.368  1219  1270 W LauncherActivityCachingLogic: 	at com.android.launcher3.icons.IconCache.getTitleAndIcon(go/retraceme 7226a759aa2bb3787a79806f85d80eaad84f1f1e15acd6db988f2df789d1680d:230)
04-26 20:07:04.368  1219  1270 W LauncherActivityCachingLogic: 	at com.android.launcher3.model.tasks.PackageUpdatedTask.execute(go/retraceme 7226a759aa2bb3787a79806f85d80eaad84f1f1e15acd6db988f2df789d1680d:371)
04-26 20:07:04.368  1219  1270 W LauncherActivityCachingLogic: 	at com.android.launcher3.LauncherModel$enqueueModelUpdateTask$1.run(go/retraceme 7226a759aa2bb3787a79806f85d80eaad84f1f1e15acd6db988f2df789d1680d:27)
04-26 20:07:04.368  1219  1270 W LauncherActivityCachingLogic: 	at com.android.launcher3.util.LooperExecutor.execute(go/retraceme 7226a759aa2bb3787a79806f85d80eaad84f1f1e15acd6db988f2df789d1680d:16)
04-26 20:07:04.368  1219  1270 W LauncherActivityCachingLogic: 	at com.android.launcher3.LauncherModel.enqueueModelUpdateTask(go/retraceme 7226a759aa2bb3787a79806f85d80eaad84f1f1e15acd6db988f2df789d1680d:19)
04-26 20:07:04.368  1219  1270 W LauncherActivityCachingLogic: 	at com.android.launcher3.LauncherModel$newModelCallbacks$1.accept(go/retraceme 7226a759aa2bb3787a79806f85d80eaad84f1f1e15acd6db988f2df789d1680d:4)
04-26 20:07:04.368  1219  1270 W LauncherActivityCachingLogic: 	at com.android.launcher3.model.ModelLauncherCallbacks.onPackageChanged(go/retraceme 7226a759aa2bb3787a79806f85d80eaad84f1f1e15acd6db988f2df789d1680d:12)
04-26 20:07:04.368  1219  1270 W LauncherActivityCachingLogic: 	at android.content.pm.LauncherApps$CallbackMessageHandler.handleMessage(LauncherApps.java:2329)
04-26 20:07:04.368  1219  1270 W LauncherActivityCachingLogic: 	at android.os.Handler.dispatchMessageImpl(Handler.java:142)
04-26 20:07:04.368  1219  1270 W LauncherActivityCachingLogic: 	at android.os.Handler.dispatchMessage(Handler.java:125)
04-26 20:07:04.368  1219  1270 W LauncherActivityCachingLogic: 	at android.os.Looper.loopOnce(Looper.java:292)
04-26 20:07:04.368  1219  1270 W LauncherActivityCachingLogic: 	at android.os.Looper.loop(Looper.java:393)
04-26 20:07:04.368  1219  1270 W LauncherActivityCachingLogic: 	at android.os.HandlerThread.run(HandlerThread.java:139)
04-26 20:07:04.368  4276  4276 I Finsky:background: [2] ajje - Deduping intent android.intent.action.PACKAGE_ADDED
--------- beginning of system
04-26 20:07:04.369  4276  4276 D ActivityThread: Package [com.muonline.client] reported as REPLACED, but missing application info. Assuming REMOVED.
04-26 20:07:04.369  4276  4325 I Finsky:background: [64] RECEIVER_PACKAGE_MONITOR_BACKGROUND#logWorkEndAndFinishGoAsync: SUCCESS
04-26 20:07:04.370  1219  1219 V BaseDepthController: Applying blur: 0 to Surface(name=VRI-com.google.android.apps.nexuslauncher/com.google.android.apps.nexuslauncher.NexusLauncherActivity#1300)/@0xd45637f applyImmediately: false
04-26 20:07:04.371  1219  1219 D BaseDepthController: shouldBlurWorkspace: false targetState: Normal currentStableState: Normal mCurrentBlur: 0 mLauncher.getDepthBlurTargets(): [com.android.launcher3.Workspace{573bc60 V.ED..... ........ 0,0-1080,2400 #7f0a047d app:id/workspace}, com.android.launcher3.Hotseat{7eca519 V.ED..... ........ 0,1905-1080,2400 #7f0a01f1 app:id/hotseat}]
04-26 20:07:04.376  4276 17605 I Finsky:background: [193] Wrote row to frosting DB: 3192
04-26 20:07:04.386  1219  1219 V BaseDepthController: Applying blur: 0 to Surface(name=VRI-com.google.android.apps.nexuslauncher/com.google.android.apps.nexuslauncher.NexusLauncherActivity#1300)/@0xd45637f applyImmediately: false
04-26 20:07:04.386  1219  1219 D BaseDepthController: shouldBlurWorkspace: false targetState: Normal currentStableState: Normal mCurrentBlur: 0 mLauncher.getDepthBlurTargets(): [com.android.launcher3.Workspace{573bc60 V.ED..... ........ 0,0-1080,2400 #7f0a047d app:id/workspace}, com.android.launcher3.Hotseat{7eca519 V.ED..... ........ 0,1905-1080,2400 #7f0a01f1 app:id/hotseat}]
04-26 20:07:04.390  4276  4276 D ActivityThread: Package [com.muonline.client] reported as REPLACED, but missing application info. Assuming REMOVED.
04-26 20:07:04.396  1219  1270 D AlphabeticIndexCompat: computeSectionName: cs: MU Online sectionName: M
04-26 20:07:04.399  1219  1219 D AllAppsStore: setApps: apps.length=21
04-26 20:07:04.399  1219  1219 D AllAppsStore: notifyUpdate: notifying listeners
04-26 20:07:04.399  1219  1219 D ActivityAllAppsContainerView: onAppsUpdated; number of apps: 21
04-26 20:07:04.400  1219  1219 D ActivityAllAppsContainerView: rebindAdapters: force: false
04-26 20:07:04.400  1219  1219 D ActivityAllAppsContainerView: rebindAdapters: Not needed.
04-26 20:07:04.400  1219  1219 D StatsLog: LAUNCHER_ALLAPPS_COUNT
04-26 20:07:04.400  1219  1219 D AlphabeticalAppsList: Clearing FastScrollerSections.
04-26 20:07:04.400  1219  1219 D AlphabeticalAppsList: Adding apps with sections. HasPrivateApps: false
04-26 20:07:04.400  1219  1219 D AlphabeticalAppsList: addAppsWithSections: adding sectionName: C with appInfoTitle: Calendar
04-26 20:07:04.400  1219  1219 D AlphabeticalAppsList: addAppsWithSections: adding sectionName: D with appInfoTitle: Drive
04-26 20:07:04.400  1219  1219 D AlphabeticalAppsList: addAppsWithSections: adding sectionName: F with appInfoTitle: Files
04-26 20:07:04.400  1219  1219 D AlphabeticalAppsList: addAppsWithSections: adding sectionName: G with appInfoTitle: Glasses
04-26 20:07:04.400  1219  1219 D AlphabeticalAppsList: addAppsWithSections: adding sectionName: M with appInfoTitle: Maps
04-26 20:07:04.400  1219  1219 D AlphabeticalAppsList: addAppsWithSections: adding sectionName: P with appInfoTitle: Phone
04-26 20:07:04.400  1219  1219 D AlphabeticalAppsList: addAppsWithSections: adding sectionName: S with appInfoTitle: Safety
04-26 20:07:04.400  1219  1219 D AlphabeticalAppsList: addAppsWithSections: adding sectionName: T with appInfoTitle: TMoble
04-26 20:07:04.400  1219  1219 D AlphabeticalAppsList: addAppsWithSections: adding sectionName: Y with appInfoTitle: YouTube
04-26 20:07:04.400  1219  1219 D AlphabeticalAppsList: Adding FastScrollSection duplicate to scroll to the bottom.
04-26 20:07:04.400  1219  1219 D AlphabeticalAppsList: Clearing FastScrollerSections.
04-26 20:07:04.400  1219  1219 D AlphabeticalAppsList: Adding apps with sections. HasPrivateApps: false
04-26 20:07:04.400  1219  1219 D AlphabeticalAppsList: addAppsWithSections: adding sectionName: C with appInfoTitle: Calendar
04-26 20:07:04.400  1219  1219 D AlphabeticalAppsList: addAppsWithSections: adding sectionName: D with appInfoTitle: Drive
04-26 20:07:04.400  1219  1219 D AlphabeticalAppsList: addAppsWithSections: adding sectionName: F with appInfoTitle: Files
04-26 20:07:04.400  1219  1219 D AlphabeticalAppsList: addAppsWithSections: adding sectionName: G with appInfoTitle: Glasses
04-26 20:07:04.401  1219  1219 D AlphabeticalAppsList: addAppsWithSections: adding sectionName: M with appInfoTitle: Maps
04-26 20:07:04.401  1219  1219 D AlphabeticalAppsList: addAppsWithSections: adding sectionName: P with appInfoTitle: Phone
04-26 20:07:04.401  1219  1219 D AlphabeticalAppsList: addAppsWithSections: adding sectionName: S with appInfoTitle: Safety
04-26 20:07:04.401  1219  1219 D AlphabeticalAppsList: addAppsWithSections: adding sectionName: T with appInfoTitle: TMoble
04-26 20:07:04.401  1219  1219 D AlphabeticalAppsList: addAppsWithSections: adding sectionName: Y with appInfoTitle: YouTube
04-26 20:07:04.401  1219  1219 D AlphabeticalAppsList: Adding FastScrollSection duplicate to scroll to the bottom.
04-26 20:07:04.401  1219  1219 V BaseDepthController: Applying blur: 0 to Surface(name=VRI-com.google.android.apps.nexuslauncher/com.google.android.apps.nexuslauncher.NexusLauncherActivity#1300)/@0xd45637f applyImmediately: false
04-26 20:07:04.401  1219  1219 D BaseDepthController: shouldBlurWorkspace: false targetState: Normal currentStableState: Normal mCurrentBlur: 0 mLauncher.getDepthBlurTargets(): [com.android.launcher3.Workspace{573bc60 V.ED..... ........ 0,0-1080,2400 #7f0a047d app:id/workspace}, com.android.launcher3.Hotseat{7eca519 V.ED..... ........ 0,1905-1080,2400 #7f0a01f1 app:id/hotseat}]
04-26 20:07:04.410  4164  4164 I Finsky  : [2] ajjp - Received: android.intent.action.PACKAGE_ADDED, [n076RJLEETmEZ61FBJHrGFwh-0szukPG_iaeB-mhrwQ]
04-26 20:07:04.415  1219  1219 D AllAppsStore: setApps: apps.length=21
04-26 20:07:04.416  1219  1219 D AllAppsStore: notifyUpdate: notifying listeners
04-26 20:07:04.416  1219  1219 D b/387844520: getOutlineOffsetX: measured width = 173, mNormalizedIconSize = 159, last updated width = 173
04-26 20:07:04.424  4276 17619 I Finsky:background: [195] Wrote row to frosting DB: 3193
04-26 20:07:04.425   566   616 W skia    : AGTM parsing failed flags.readFromStream(s) at 159
04-26 20:07:04.425   566   616 W skia    : AGTM parsing failed flags.readFromStream(s) at 159
04-26 20:07:04.448  1219  1219 V BaseDepthController: Applying blur: 0 to Surface(name=VRI-com.google.android.apps.nexuslauncher/com.google.android.apps.nexuslauncher.NexusLauncherActivity#1300)/@0xd45637f applyImmediately: false
04-26 20:07:04.448  1219  1219 D BaseDepthController: shouldBlurWorkspace: false targetState: Normal currentStableState: Normal mCurrentBlur: 0 mLauncher.getDepthBlurTargets(): [com.android.launcher3.Workspace{573bc60 V.ED..... ........ 0,0-1080,2400 #7f0a047d app:id/workspace}, com.android.launcher3.Hotseat{7eca519 V.ED..... ........ 0,1905-1080,2400 #7f0a01f1 app:id/hotseat}]
04-26 20:07:04.470  1219  1219 V BaseDepthController: Applying blur: 0 to Surface(name=VRI-com.google.android.apps.nexuslauncher/com.google.android.apps.nexuslauncher.NexusLauncherActivity#1300)/@0xd45637f applyImmediately: false
04-26 20:07:04.470  1219  1219 D BaseDepthController: shouldBlurWorkspace: false targetState: Normal currentStableState: Normal mCurrentBlur: 0 mLauncher.getDepthBlurTargets(): [com.android.launcher3.Workspace{573bc60 V.ED..... ........ 0,0-1080,2400 #7f0a047d app:id/workspace}, com.android.launcher3.Hotseat{7eca519 V.ED..... ........ 0,1905-1080,2400 #7f0a01f1 app:id/hotseat}]
04-26 20:07:04.520  1219  1219 V BaseDepthController: Applying blur: 0 to Surface(name=VRI-com.google.android.apps.nexuslauncher/com.google.android.apps.nexuslauncher.NexusLauncherActivity#1300)/@0xd45637f applyImmediately: false
04-26 20:07:04.520  1219  1219 D BaseDepthController: shouldBlurWorkspace: false targetState: Normal currentStableState: Normal mCurrentBlur: 0 mLauncher.getDepthBlurTargets(): [com.android.launcher3.Workspace{573bc60 V.ED..... ........ 0,0-1080,2400 #7f0a047d app:id/workspace}, com.android.launcher3.Hotseat{7eca519 V.ED..... ........ 0,1905-1080,2400 #7f0a01f1 app:id/hotseat}]
04-26 20:07:04.528   566   616 W skia    : AGTM parsing failed flags.readFromStream(s) at 159
04-26 20:07:04.529   566   616 W skia    : AGTM parsing failed flags.readFromStream(s) at 159
04-26 20:07:04.547  4164  4164 I Finsky  : [2] DTU: Received onPackageAdded, replacing: true
04-26 20:07:04.548  4164 17614 I Finsky  : [373] SCH: Received scheduling request: Id: 12-1, Constraints: [{ L: 15000, D: 86400000, C: CHARGING_NONE, I: IDLE_NONE, N: NET_ANY, B: BATTERY_ANY }]
04-26 20:07:04.550  4276  4276 I Finsky:background: [2] Memory trim requested to level 40
04-26 20:07:04.559   736   748 I system_server: Background concurrent mark compact GC freed 29MB AllocSpace bytes, 51(1856KB) LOS objects, 39% free, 36MB/60MB, paused 26.268ms,76.763ms total 1.039s
04-26 20:07:04.561   736  1824 W ActivityTaskManager: callingPackage for (uid=2000, pid=17633) has no WPC
04-26 20:07:04.562 14925 17637 I AppBackupPkgRemovedIO: Backup state cleanup on uninstall is disabled. [CONTEXT service_id=229 ]
04-26 20:07:04.565   736   749 I libbinder.BpBinder: onLastStrongRef automatically unlinking death recipients for binder (0x733fbcad02a0) with descriptor: '(not cached)'
04-26 20:07:04.567 14925 17638 I PackageInstalledIntentO: Test flag v2 is disabled [CONTEXT service_id=469 ]
04-26 20:07:04.570   736  1824 V GrammaticalInflectionUtils: AttributionSource: android.content.AttributionSource@d322a4fb does not have READ_SYSTEM_GRAMMATICAL_GENDER permission.
04-26 20:07:04.578   736  1828 E AppOps  : attributionTag VCN not declared in manifest of android
04-26 20:07:04.579   736   749 I libbinder.BpBinder: onLastStrongRef automatically unlinking death recipients for binder (0x733fbcaccdb0) with descriptor: '(not cached)'
04-26 20:07:04.582  3743  3743 I AiAiTextClassifier: onDestroyTextClassificationSession = TextClassificationSessionId {2f186808-5bd4-44ef-911c-fb35a60e8450}
04-26 20:07:04.583  1366 17620 I Fitness : (REDACTED) FitCleanupIntentOperation received Intent %s
04-26 20:07:04.586  1219  1219 D RecentsView: onTaskDisplayChanged: 111, new displayId = 0
04-26 20:07:04.588  4164  4164 I Finsky  : [2] ajjp - Received: android.intent.action.PACKAGE_ADDED, [n076RJLEETmEZ61FBJHrGFwh-0szukPG_iaeB-mhrwQ]
04-26 20:07:04.591  1219  1219 V BaseDepthController: Applying blur: 0 to Surface(name=VRI-com.google.android.apps.nexuslauncher/com.google.android.apps.nexuslauncher.NexusLauncherActivity#1300)/@0xd45637f applyImmediately: false
04-26 20:07:04.591  1219  1219 D BaseDepthController: setEarlyWakeup: false
04-26 20:07:04.591  1219  1219 D BaseDepthController: shouldBlurWorkspace: false targetState: Normal currentStableState: Normal mCurrentBlur: 0 mLauncher.getDepthBlurTargets(): [com.android.launcher3.Workspace{573bc60 V.ED..... ........ 0,0-1080,2400 #7f0a047d app:id/workspace}, com.android.launcher3.Hotseat{7eca519 V.ED..... ........ 0,1905-1080,2400 #7f0a01f1 app:id/hotseat}]
04-26 20:07:04.592  1036  1044 W System  : A resource failed to call release. 
04-26 20:07:04.592  1036  1044 W System  : A resource failed to call release. 
04-26 20:07:04.592  1036  1044 W System  : A resource failed to call release. 
04-26 20:07:04.592  1036  1044 W System  : A resource failed to call release. 
04-26 20:07:04.593   566  1316 I libbinder.BpBinder: onLastStrongRef automatically unlinking death recipients for binder (0x7eaa360643a0) with descriptor: '(not cached)'
04-26 20:07:04.596  4164  4164 I Finsky  : [2] ajjp - Deduping intent android.intent.action.PACKAGE_ADDED
04-26 20:07:04.607   736   750 W System  : A resource failed to call close. 
04-26 20:07:04.609  4164  4164 I Finsky  : [2] ajjp - Received: android.intent.action.PACKAGE_ADDED, [n076RJLEETmEZ61FBJHrGFwh-0szukPG_iaeB-mhrwQ]
04-26 20:07:04.612   736  1824 I ActivityTaskManager: Add Task{584373 #110 type=standard A=10230:com.muonline.client} to hidden list because adding Task{3f8a5bd #111 type=standard A=10230:com.muonline.client}
04-26 20:07:04.621   736  1824 V ActivityTaskManager: TaskLaunchParamsModifier: phase=3 task=Task{3f8a5bd #111 type=standard A=10230:com.muonline.client} activity=ActivityRecord{180238170 u0 com.muonline.client/.PreloadActivity t-1} display-from-task=0 display-id=0 task-display-area-windowing-mode=1 suggested-display-area=DefaultTaskDisplayArea@125646128 inherit-from-task=fullscreen non-freeform-task-display-area display-area=DefaultTaskDisplayArea@125646128 skip-bounds-fullscreen
04-26 20:07:04.621   736  1824 I ActivityTaskManager: START u0 {flg=0x10000000 xflg=0x5 cmp=com.muonline.client/.PreloadActivity} with LAUNCH_SINGLE_TASK from uid 2000 (com.android.shell) (BAL_ALLOW_PERMISSION) result code=0
04-26 20:07:04.621  1036  1091 V WindowManagerShell: Transition requested (#127): android.os.BinderProxy@2225942 TransitionRequestInfo { type = OPEN, triggerTask = TaskInfo{userId=0 taskId=111 effectiveUid=10230 displayId=0 isRunning=true baseIntent=Intent { flg=0x10000000 cmp=com.muonline.client/.PreloadActivity } baseActivity=ComponentInfo{com.muonline.client/com.muonline.client.PreloadActivity} topActivity=ComponentInfo{com.muonline.client/com.muonline.client.PreloadActivity} origActivity=null realActivity=ComponentInfo{com.muonline.client/com.muonline.client.PreloadActivity} realActivityIsAppLockEnabled=false numActivities=1 lastActiveTime=16599211 supportsMultiWindow=true supportsMultiWindowWithoutConstraints=true resizeMode=1 isResizeable=true minWidth=-1 minHeight=-1 defaultMinSize=220 token=WCT{android.os.BinderProxy@ade4d53} topActivityType=1 pictureInPictureParams=null shouldDockBigOverlays=false launchIntoPipHostTaskId=-1 lastParentTaskIdBeforePip=-1 displayCutoutSafeInsets=Rect(132, 0 - 0, 0) topActivityInfo=ActivityInfo{d686690 com.muonline.client.PreloadActivity} launchCookies=[] positionInParent=Point(0, 0) parentTaskId=-1 isFocused=false isInteractive=false isVisible=false isVisibleRequested=false isTopActivityNoDisplay=false isSleeping=false locusId=null displayAreaFeatureId=1 isTopActivityTransparent=false isActivityStackTransparent=false lastNonFullscreenBounds=null leafTaskBoundsFromOptions= false capturedLink=null capturedLinkTimestamp=0 requestedVisibleTypes=503 topActivityRequestOpenInBrowserEducationTimestamp=0 appCompatTaskInfo=AppCompatTaskInfo { topActivityInSizeCompat=false isLeafTask= true eligibleForLetterboxEducation= false isLetterboxEducationEnabled= true isLetterboxDoubleTapEnabled= false eligibleForUserAspectRatioButton= false topActivityBoundsLetterboxed= false isFromLetterboxDoubleTap= false topActivityLetterboxVerticalPosition= -1 topActivityLetterboxHorizontalPosition= -1 topActivityLetterboxWidth=-1 topActivityLetterboxHeight=-1 topActivityAppBounds=Rect(132, 0 - 2400, 1017) isUserFullscreenOverrideEnabled=false isSystemFullscreenOverrideEnabled=false hasMinAspectRatioOverride=false topActivityLetterboxBounds=null topNonResizableActivityAspectRatio=-1.0} topActivityMainWindowFrame=null isAppBubble=false}, pipChange = null, remoteTransitionInfo = null, displayChange = null, requestedLocation = null, userChange = null, windowingLayerChange = null, fullscreenRequestChange = null, flags = 0, debugId = 127 }
04-26 20:07:04.621  1036  1091 W DisconnectHandler: No disconnect change found in the transition, not handling request.
04-26 20:07:04.621  1036  1091 V ShellDesktopMode: DesktopTasksController: skipping handleRequest reason=triggerTask's display doesn't support desktop mode
04-26 20:07:04.622  1036  1091 D ShellSplitScreen: logExit: no-op, mLoggerSessionId is null
04-26 20:07:04.627   736   750 W System  : A resource failed to call close. 
04-26 20:07:04.627  1219  1219 D BaseActivity: Launcher flags updated: [state_started|state_resumed|state_deferred_resumed|state_window_focused|state_user_active] -[]
04-26 20:07:04.629  1219  1219 D BaseActivity: Launcher flags updated: [state_started|state_resumed|state_deferred_resumed|state_window_focused] -[state_user_active]
04-26 20:07:04.630  1219  1219 D BaseActivity: Launcher flags updated: [state_started|state_window_focused] -[state_resumed|state_deferred_resumed]
04-26 20:07:04.630  1219  1219 W SplitSelectStateCtor: Missing session instanceIds
04-26 20:07:04.630  1219  1219 D StatsLog: LAUNCHER_SPLIT_SELECTION_EXIT_INTERRUPTED
04-26 20:07:04.634   736  1957 W InputChannel-JNI: Channel already disposed.
04-26 20:07:04.634  4164  4164 I Finsky  : [2] ajjp - Deduping intent android.intent.action.PACKAGE_ADDED
04-26 20:07:04.634  4164  4164 D ActivityThread: Package [com.muonline.client] reported as REPLACED, but missing application info. Assuming REMOVED.
04-26 20:07:04.639  1036  1132 D WindowOnBackDispatcher: setTopOnBackInvokedCallback (unwrapped): android.view.ViewRootImpl$$ExternalSyntheticLambda13@44a52c1
04-26 20:07:04.641  1036  1091 D WindowManagerShell: setLauncherKeepClearAreaHeight: visible=false, height=495
04-26 20:07:04.641  4164  4205 I Finsky  : [41] RECEIVER_PACKAGE_MONITOR#logWorkEndAndFinishGoAsync: SUCCESS
04-26 20:07:04.645  4164  4164 D ActivityThread: Package [com.muonline.client] reported as REPLACED, but missing application info. Assuming REMOVED.
04-26 20:07:04.658   736  1620 V WindowManager: Defer transition id=127 for TaskFragmentTransaction=android.os.Binder@803782d
04-26 20:07:04.670   736  1828 D WindowManager: setClientSurface Surface(name=VRI-Splash Screen com.muonline.client#1312)/@0xa0d72f3 for d70edd6 Splash Screen com.muonline.client
04-26 20:07:04.673   736  1959 D CoreBackPreview: Window{d70edd6 u0 Splash Screen com.muonline.client}: Setting back callback OnBackInvokedCallbackInfo{mCallback=android.window.IOnBackInvokedCallback$Stub$Proxy@bb22bb0, mPriority=0, mIsAnimationCallback=false, mOverrideBehavior=0}
04-26 20:07:04.677  1036  1132 I Surface : Creating surface for consumer unnamed-1036-27 with slotExpansion=1 for 64 slots
04-26 20:07:04.679  1036  1132 I Surface : Creating surface for consumer VRI[client]#27(BLAST Consumer)27 with slotExpansion=1 for 64 slots
04-26 20:07:04.681   736  1828 V SafetySourceDataValidat: Package: com.android.vending has expected signature
04-26 20:07:04.681   736  1957 V WindowManager: Continue transition id=127 for TaskFragmentTransaction=android.os.Binder@803782d
04-26 20:07:04.701   736   762 V GrammaticalInflectionUtils: AttributionSource: android.content.AttributionSource@d322a4fb does not have READ_SYSTEM_GRAMMATICAL_GENDER permission.
04-26 20:07:04.706 14925 17637 I Auth    : (REDACTED) [SupervisedAccountIntentOperation] onHandleIntent: %s
04-26 20:07:04.708 14925 17640 I PackageInstalledIntentO: Test flag v2 is disabled [CONTEXT service_id=469 ]
04-26 20:07:04.717 14925 14925 D BoundBrokerSvc: onBind: Intent { act=com.google.android.gms.common.BIND_SHARED_PREFS xflg=0x4 pkg=com.google.android.gms }
04-26 20:07:04.717 14925 14925 D BoundBrokerSvc: Loading bound service for intent: Intent { act=com.google.android.gms.common.BIND_SHARED_PREFS xflg=0x4 pkg=com.google.android.gms }
04-26 20:07:04.719   499   499 D Zygote  : Forked child process 17653
04-26 20:07:04.723   736   769 I ActivityManager: Start proc 17653:com.muonline.client/u0a230 for next-top-activity {com.muonline.client/com.muonline.client.PreloadActivity}
04-26 20:07:04.732  1036  1091 V RecentTasksController: Notify recent tasks changed
04-26 20:07:04.733 17653 17653 I Zygote  : Process 17653 created for com.muonline.client
04-26 20:07:04.733  1219  1219 D BaseActivity: Launcher flags updated: [state_started] -[state_window_focused]
04-26 20:07:04.733 17653 17653 I muonline.client: Using generational CollectorTypeCMC GC.
04-26 20:07:04.734 17653 17653 W muonline.client: Unexpected CPU variant for x86: x86_64.
04-26 20:07:04.734 17653 17653 W muonline.client: Known variants: atom, sandybridge, silvermont, goldmont, goldmont-plus, goldmont-without-sha-xsaves, tremont, kabylake, alderlake, lunarlake, default
04-26 20:07:04.744  1036  1091 D ShellDesktopMode: DesktopRepository(0): Removes freeform task: taskId=110
04-26 20:07:04.744  1036  1091 W ShellDesktopMode: DesktopRepository(0): No display id found for task: taskId=110
04-26 20:07:04.745  1036  1091 V RecentTasksController: Notify recent tasks changed
04-26 20:07:04.745 17653 17653 D nativeloader: Load libframework-connectivity-tiramisu-jni.so using APEX ns com_android_tethering for caller /apex/com.android.tethering/javalib/framework-connectivity-t.jar: ok
04-26 20:07:04.747  1219  1219 D ScalingWorkspaceRevealAnim: onAnimationEnd, workspace and hotseat are visible
04-26 20:07:04.755   736   759 V WindowManager: Sent Transition (#127) createdAt=04-26 20:07:04.576 via request=TransitionRequestInfo { type = OPEN, triggerTask = TaskInfo{userId=0 taskId=111 effectiveUid=10230 displayId=0 isRunning=true baseIntent=Intent { flg=0x10000000 cmp=com.muonline.client/.PreloadActivity } baseActivity=ComponentInfo{com.muonline.client/com.muonline.client.PreloadActivity} topActivity=ComponentInfo{com.muonline.client/com.muonline.client.PreloadActivity} origActivity=null realActivity=ComponentInfo{com.muonline.client/com.muonline.client.PreloadActivity} realActivityIsAppLockEnabled=false numActivities=1 lastActiveTime=16599211 supportsMultiWindow=true supportsMultiWindowWithoutConstraints=true resizeMode=1 isResizeable=true minWidth=-1 minHeight=-1 defaultMinSize=220 token=WCT{RemoteToken{131f08 Task{3f8a5bd #111 type=standard A=10230:com.muonline.client}}} topActivityType=1 pictureInPictureParams=null shouldDockBigOverlays=false launchIntoPipHostTaskId=-1 lastParentTaskIdBeforePip=-1 displayCutoutSafeInsets=Rect(132, 0 - 0, 0) topActivityInfo=ActivityInfo{3c8d6a1 com.muonline.client.PreloadActivity} launchCookies=[] positionInParent=Point(0, 0) parentTaskId=-1 isFocused=false isInteractive=false isVisible=false isVisibleRequested=false isTopActivityNoDisplay=false isSleeping=false locusId=null displayAreaFeatureId=1 isTopActivityTransparent=false isActivityStackTransparent=false lastNonFullscreenBounds=null leafTaskBoundsFromOptions= false capturedLink=null capturedLinkTimestamp=0 requestedVisibleTypes=503 topActivityRequestOpenInBrowserEducationTimestamp=0 appCompatTaskInfo=AppCompatTaskInfo { topActivityInSizeCompat=false isLeafTask= true eligibleForLetterboxEducation= false isLetterboxEducationEnabled= true isLetterboxDoubleTapEnabled= false eligibleForUserAspectRatioButton= false topActivityBoundsLetterboxed= false isFromLetterboxDoubleTap= false topActivityLetterboxVerticalPosition= -1 topActivityLetterboxHorizontalPosition= -1 topActivityLetterboxWidth=-1 topActivityLetterboxHeight=-1 topActivityAppBounds=Rect(132, 0 - 2400, 1017) isUserFullscreenOverrideEnabled=false isSystemFullscreenOverrideEnabled=false hasMinAspectRatioOverride=false topActivityLetterboxBounds=null topNonResizableActivityAspectRatio=-1.0} topActivityMainWindowFrame=null isAppBubble=false}, pipChange = null, remoteTransitionInfo = null, displayChange = null, requestedLocation = null, userChange = null, windowingLayerChange = null, fullscreenRequestChange = null, flags = 0, debugId = 127 }
04-26 20:07:04.755   736   759 V WindowManager:     startWCT=WindowContainerTransaction { changes= {} hops= [] flags= 0 errorCallbackToken=null taskFragmentOrganizer=null }
04-26 20:07:04.755   736   759 V WindowManager:     info={id=127 t=OPEN f=0x0 trk=0 r=[0@Point(0, 0)] c=[
04-26 20:07:04.755   736   759 V WindowManager:         {WCT{RemoteToken{131f08 Task{3f8a5bd #111 type=standard A=10230:com.muonline.client}}} m=OPEN f=MOVE_TO_TOP leash=Surface(name=Task=111#1309)/@0x9078d25 sb=Rect(0, 0 - 2400, 1080) eb=Rect(0, 0 - 2400, 1080) epz=Point(2400, 1080) d=0 taskParent=-1 winMode=1 userId=0},
04-26 20:07:04.755   736   759 V WindowManager:         {WCT{RemoteToken{4853fd5 Task{13e540b #1 type=home}}} m=TO_BACK f=SHOW_WALLPAPER leash=Surface(name=Task=1#34)/@0x499be06 sb=Rect(0, 0 - 2400, 1080) eb=Rect(0, 0 - 2400, 1080) epz=Point(2400, 1080) d=0 taskParent=-1 winMode=1 userId=0},
04-26 20:07:04.755   736   759 V WindowManager:         {m=TO_BACK f=IS_WALLPAPER leash=Surface(name=Surface(name=WallpaperWindowToken{3bea6dd}#54)/@0x4e520e1 - rotation-leash#1304)/@0x6772138 sb=Rect(0, 0 - 1080, 2400) eb=Rect(0, 0 - 2400, 1080) epz=Point(2400, 1080) d=0 r=0->1:-1}
04-26 20:07:04.755   736   759 V WindowManager:     ]}
04-26 20:07:04.762 14925 17639 I NearbyDiscovery: (REDACTED) processGrantSlicePermission: %s
04-26 20:07:04.766  1219  1219 V BaseDepthController: Applying blur: 0 to Surface(name=VRI-com.google.android.apps.nexuslauncher/com.google.android.apps.nexuslauncher.NexusLauncherActivity#1300)/@0xd45637f applyImmediately: false
04-26 20:07:04.766  1219  1219 D BaseDepthController: shouldBlurWorkspace: false targetState: Normal currentStableState: Normal mCurrentBlur: 0 mLauncher.getDepthBlurTargets(): [com.android.launcher3.Workspace{573bc60 V.ED..... ......ID 0,0-1080,2400 #7f0a047d app:id/workspace}, com.android.launcher3.Hotseat{7eca519 V.ED..... ......ID 0,1905-1080,2400 #7f0a01f1 app:id/hotseat}]
04-26 20:07:04.766  1036  1417 V WindowManagerShell: Received remote transition finished callback for (#126)
04-26 20:07:04.767  1036  1419 V WindowManagerShell: onTransitionReady(transaction=3161095943376)
04-26 20:07:04.767  1036  1091 V WindowManagerShell: Transition animation finished (aborted=false), notifying core (#126) android.os.BinderProxy@252732c@0
04-26 20:07:04.771   736   759 V WindowManager: Finish Transition (#126): created at 04-26 20:07:03.430 collect-started=0.087ms request-sent=0.139ms started=14.354ms ready=24.012ms sent=173.049ms commit=136.449ms finished=1340.308ms
04-26 20:07:04.774   736  1962 E libbinder.IPCThreadState: Binder transaction failure. id: 3035743, cmd: BR_DEAD_REPLY (29189), error: -22 (Invalid argument)
04-26 20:07:04.775   736  1962 W ActivityManager: pid 736 system sent binder code 7 with flags 1 and got error -32
04-26 20:07:04.775   736  1962 W WindowManager: Exception thrown during dispatchAppVisibility Window{97d70f5 u0 com.muonline.client/com.muonline.client.MuMainActivity EXITING}
04-26 20:07:04.775   736  1962 W WindowManager: android.os.DeadObjectException
04-26 20:07:04.775   736  1962 W WindowManager: 	at android.os.BinderProxy.transactNative(Native Method)
04-26 20:07:04.775   736  1962 W WindowManager: 	at android.os.BinderProxy.transact(BinderProxy.java:617)
04-26 20:07:04.775   736  1962 W WindowManager: 	at android.view.IWindow$Stub$Proxy.dispatchAppVisibility(IWindow.java:596)
04-26 20:07:04.775   736  1962 W WindowManager: 	at com.android.server.wm.WindowState.sendAppVisibilityToClients(WindowState.java:3335)
04-26 20:07:04.775   736  1962 W WindowManager: 	at com.android.server.wm.WindowContainer.sendAppVisibilityToClients(WindowContainer.java:1245)
04-26 20:07:04.775   736  1962 W WindowManager: 	at com.android.server.wm.WindowToken.setClientVisible(WindowToken.java:392)
04-26 20:07:04.775   736  1962 W WindowManager: 	at com.android.server.wm.ActivityRecord.commitVisibility(ActivityRecord.java:5599)
04-26 20:07:04.775   736  1962 W WindowManager: 	at com.android.server.wm.Transition.finishTransition(Transition.java:1570)
04-26 20:07:04.775   736  1962 W WindowManager: 	at com.android.server.wm.TransitionController.finishTransition(TransitionController.java:1205)
04-26 20:07:04.775   736  1962 W WindowManager: 	at com.android.server.wm.WindowOrganizerController.finishTransition(WindowOrganizerController.java:533)
04-26 20:07:04.775   736  1962 W WindowManager: 	at android.window.IWindowOrganizerController$Stub.onTransact(IWindowOrganizerController.java:265)
04-26 20:07:04.775   736  1962 W WindowManager: 	at com.android.server.wm.WindowOrganizerController.onTransact(WindowOrganizerController.java:239)
04-26 20:07:04.775   736  1962 W WindowManager: 	at android.os.Binder.execTransactInternal(Binder.java:1466)
04-26 20:07:04.775   736  1962 W WindowManager: 	at android.os.Binder.execTransact(Binder.java:1411)
04-26 20:07:04.775   736  1962 W Process : Unable to open /proc/16944/status
04-26 20:07:04.784  1036  1091 V WindowManagerShell: Track 0 became idle
04-26 20:07:04.784  1036  1091 V WindowManagerShell: onTransitionReady (#127) android.os.BinderProxy@2225942: {id=127 t=OPEN f=0x0 trk=0 r=[0@Point(0, 0)] c=[
04-26 20:07:04.784  1036  1091 V WindowManagerShell:         {m=OPEN f=MOVE_TO_TOP leash=Surface(name=Task=111#1309)/@0x174303e sb=Rect(0, 0 - 2400, 1080) eb=Rect(0, 0 - 2400, 1080) epz=Point(2400, 1080) d=0 taskParent=-1 winMode=1 userId=0},
04-26 20:07:04.784  1036  1091 V WindowManagerShell:         {m=TO_BACK f=SHOW_WALLPAPER leash=Surface(name=Task=1#34)/@0x31f9e9f sb=Rect(0, 0 - 2400, 1080) eb=Rect(0, 0 - 2400, 1080) epz=Point(2400, 1080) d=0 taskParent=-1 winMode=1 userId=0},
04-26 20:07:04.784  1036  1091 V WindowManagerShell:         {m=TO_BACK f=IS_WALLPAPER leash=Surface(name=Surface(name=WallpaperWindowToken{3bea6dd}#54)/@0x4e520e1 - rotation-leash#1304)/@0x4c52bec sb=Rect(0, 0 - 1080, 2400) eb=Rect(0, 0 - 2400, 1080) epz=Point(2400, 1080) d=0 r=0->1:-1}
04-26 20:07:04.784  1036  1091 V WindowManagerShell:     ]}
04-26 20:07:04.792   736  1962 W InputChannel-JNI: Channel already disposed.
04-26 20:07:04.795  1036  1091 V WindowManagerShell: Playing animation for (#127) android.os.BinderProxy@2225942@0
04-26 20:07:04.795  1036  1091 D ShellSplitScreen: startAnimation: transition=127 isSplitActive=false
04-26 20:07:04.795  1036  1091 V ShellRecents: RecentsTransitionHandler.startAnimation: no controller found
04-26 20:07:04.795  1036  1091 V ShellDesktopMode: DesktopMixedTransitionHandler: No pending desktop transition
04-26 20:07:04.795  1036  1091 V WindowManagerShell: Transition doesn't have explicit remote, search filters for match for {id=127 t=OPEN f=0x0 trk=0 r=[0@Point(0, 0)] c=[{m=OPEN f=MOVE_TO_TOP leash=Surface(name=Task=111#1309)/@0x174303e sb=Rect(0, 0 - 2400, 1080) eb=Rect(0, 0 - 2400, 1080) epz=Point(2400, 1080) d=0 taskParent=-1 winMode=1 userId=0},{m=TO_BACK f=SHOW_WALLPAPER leash=Surface(name=Task=1#34)/@0x31f9e9f sb=Rect(0, 0 - 2400, 1080) eb=Rect(0, 0 - 2400, 1080) epz=Point(2400, 1080) d=0 taskParent=-1 winMode=1 userId=0},{m=TO_BACK f=IS_WALLPAPER leash=Surface(name=Surface(name=WallpaperWindowToken{3bea6dd}#54)/@0x4e520e1 - rotation-leash#1304)/@0x4c52bec sb=Rect(0, 0 - 1080, 2400) eb=Rect(0, 0 - 2400, 1080) epz=Point(2400, 1080) d=0 r=0->1:-1}]}
04-26 20:07:04.795  1036  1091 V WindowManagerShell:  Checking filter Pair{{types=[] flags=0x0 notFlags=0x0 checks=[{atype=undefined independent=true modes=[CLOSE,TO_BACK] flags=IN_TASK_WITH_EMBEDDED_ACTIVITY mustBeTask=false order=ANY topActivity=null launchCookie=null taskFragmentToken=android.os.BinderProxy@e90ae30 windowingMode=undefined isCrossDisplayMove=false}]} RemoteTransition { remoteTransition = android.window.IRemoteTransition$Stub$Proxy@1ccfaa9, appThread = android.app.IApplicationThread$Stub$Proxy@5c682e, debugName = overlayBackTransition, filter = {types=[] flags=0x0 notFlags=0x0 checks=[{atype=undefined independent=true modes=[CLOSE,TO_BACK] flags=IN_TASK_WITH_EMBEDDED_ACTIVITY mustBeTask=false order=ANY topActivity=null launchCookie=null taskFragmentToken=android.os.BinderProxy@e90ae30 windowingMode=undefined isCrossDisplayMove=false}]} }}
04-26 20:07:04.795  1036  1091 V WindowManagerShell:  Checking filter Pair{{types=[] flags=0x0 notFlags=0x0 checks=[{atype=dream independent=true modes=[OPEN,TO_FRONT] flags=NONE mustBeTask=false order=ANY topActivity=null launchCookie=null windowingMode=undefined isCrossDisplayMove=false},{atype=home independent=true modes=[CLOSE,TO_BACK] flags=NONE mustBeTask=false order=ANY topActivity=null launchCookie=null windowingMode=undefined isCrossDisplayMove=false}]} RemoteTransition { remoteTransition = android.window.IRemoteTransition$Stub$Proxy@aa8fcf, appThread = android.app.IApplicationThread$Stub$Proxy@98a7d5c, debugName = LauncherToDream, filter = {types=[] flags=0x0 notFlags=0x0 checks=[{atype=dream independent=true modes=[OPEN,TO_FRONT] flags=NONE mustBeTask=false order=ANY topActivity=null launchCookie=null windowingMode=undefined isCrossDisplayMove=false},{atype=home independent=true modes=[CLOSE,TO_BACK] flags=NONE mustBeTask=false order=ANY topActivity=null launchCookie=null windowingMode=undefined isCrossDisplayMove=false}]} }}
04-26 20:07:04.795  1036  1091 V WindowManagerShell:  Checking filter Pair{{types=[] flags=0x0 notFlags=0x0 checks=[{atype=standard independent=false modes=[CHANGE] flags=NONE mustBeTask=true order=ANY topActivity=null launchCookie=null windowingMode=undefined isCrossDisplayMove=true}]} RemoteTransition { remoteTransition = android.window.IRemoteTransition$Stub$Proxy@3519865, appThread = android.app.IApplicationThread$Stub$Proxy@94ad93a, debugName = QuickstepDisplayMove, filter = {types=[] flags=0x0 notFlags=0x0 checks=[{atype=standard independent=false modes=[CHANGE] flags=NONE mustBeTask=true order=ANY topActivity=null launchCookie=null windowingMode=undefined isCrossDisplayMove=true}]} }}
04-26 20:07:04.796  1036  1091 V WindowManagerShell:  Checking filter Pair{{types=[] flags=0x0 notFlags=0x100 checks=[{atype=home independent=true modes=[OPEN,TO_FRONT] flags=NONE mustBeTask=false order=ANY topActivity=ComponentInfo{com.google.android.apps.nexuslauncher/com.google.android.apps.nexuslauncher.NexusLauncherActivity} launchCookie=null windowingMode=undefined isCrossDisplayMove=false},{atype=standard independent=true modes=[CLOSE,TO_BACK] flags=NONE mustBeTask=false order=ANY topActivity=null launchCookie=null windowingMode=undefined isCrossDisplayMove=false},{NOT atype=undefined independent=true modes=[] flags=NONE mustBeTask=true order=ANY topActivity=null launchCookie=null customAnim=true windowingMode=undefined isCrossDisplayMove=false}]} RemoteTransition { remoteTransition = android.window.IRemoteTransition$Stub$Proxy@fea59eb, appThread = android.app.IApplicationThread$Stub$Proxy@4f01348, debugName = QuickstepLaunchHome, filter = {types=[] flags=0x0 notFlags=0x100 checks=[{atype=home independent=true modes=[OPEN,TO_FRONT] flags=NONE mustBeTask=false order=ANY topActivity=ComponentInfo{com.google.android.apps.nexuslauncher/com.google.android.apps.nexuslauncher.NexusLauncherActivity} launchCookie=null windowingMode=undefined isCrossDisplayMove=false},{atype=standard independent=true modes=[CLOSE,TO_BACK] flags=NONE mustBeTask=false order=ANY topActivity=null launchCookie=null windowingMode=undefined isCrossDisplayMove=false},{NOT atype=undefined independent=true modes=[] flags=NONE mustBeTask=true order=ANY topActivity=null launchCookie=null customAnim=true windowingMode=undefined isCrossDisplayMove=false}]} }}
04-26 20:07:04.796  1036  1091 V WindowManagerShell:  Checking filter Pair{{types=[OPEN,TO_FRONT] flags=0x0 notFlags=0x0 checks=[{atype=standard independent=true modes=[OPEN,TO_FRONT] flags=NONE mustBeTask=true order=ANY topActivity=null launchCookie=null windowingMode=freeform isCrossDisplayMove=false}]} RemoteTransition { remoteTransition = android.window.IRemoteTransition$Stub$Proxy@5987ffe, appThread = null, debugName = DesktopWindowLimitUnminimize, filter = {types=[OPEN,TO_FRONT] flags=0x0 notFlags=0x0 checks=[{atype=standard independent=true modes=[OPEN,TO_FRONT] flags=NONE mustBeTask=true order=ANY topActivity=null launchCookie=null windowingMode=freeform isCrossDisplayMove=false}]} }}
04-26 20:07:04.796  1036  1091 V WindowManagerShell:  Delegate animation for (#127) to null
04-26 20:07:04.796  1036  1091 V WindowManagerShell: start default transition animation, info = {id=127 t=OPEN f=0x0 trk=0 r=[0@Point(0, 0)] c=[{m=OPEN f=MOVE_TO_TOP leash=Surface(name=Task=111#1309)/@0x174303e sb=Rect(0, 0 - 2400, 1080) eb=Rect(0, 0 - 2400, 1080) epz=Point(2400, 1080) d=0 taskParent=-1 winMode=1 userId=0},{m=TO_BACK f=SHOW_WALLPAPER leash=Surface(name=Task=1#34)/@0x31f9e9f sb=Rect(0, 0 - 2400, 1080) eb=Rect(0, 0 - 2400, 1080) epz=Point(2400, 1080) d=0 taskParent=-1 winMode=1 userId=0},{m=TO_BACK f=IS_WALLPAPER leash=Surface(name=Surface(name=WallpaperWindowToken{3bea6dd}#54)/@0x4e520e1 - rotation-leash#1304)/@0x4c52bec sb=Rect(0, 0 - 1080, 2400) eb=Rect(0, 0 - 2400, 1080) epz=Point(2400, 1080) d=0 r=0->1:-1}]}
04-26 20:07:04.796  1036  1091 V WindowManagerShell: loadAnimation: anim=android.view.animation.AnimationSet@a870c84 animAttr=0x13 type=OPEN isEntrance=false
04-26 20:07:04.796  1036  1091 V WindowManagerShell: loadAnimation: anim=android.view.animation.AnimationSet@224f133 animAttr=0x12 type=OPEN isEntrance=true
04-26 20:07:04.799  1036  1091 V WindowManagerShell:  animated by com.android.wm.shell.transition.DefaultTransitionHandler@11f9e32
04-26 20:07:04.800  1036  1091 V ShellTaskOrganizer: Task appeared taskId=111 listener=FullscreenTaskListener
04-26 20:07:04.800  1036  1091 V ShellTaskOrganizer: Fullscreen Task Appeared: #111
04-26 20:07:04.800  1036  1091 V RecentTasksController: Notify recent tasks changed
04-26 20:07:04.801  1036  1091 V ShellTaskOrganizer: Task vanished taskId=110
04-26 20:07:04.801  1036  1091 V ShellTaskOrganizer: Fullscreen Task Vanished: #110
04-26 20:07:04.801  1036  1091 V ShellDesktopMode: Task Vanished: #110 closed=true
04-26 20:07:04.801  1036  1091 V RecentTasksController: Notify recent tasks changed
04-26 20:07:04.801  1036  1091 D ShellDesktopMode: AppToWebRepository: Task 110 is vanishing. Removing task data from repository
04-26 20:07:04.802  1036  1091 V AppCompat: SingleSurfaceLetterboxController: [111]
04-26 20:07:04.802  1036  1091 V AppCompat: MultiSurfaceLetterboxController: []
04-26 20:07:04.802  1036  1091 V AppCompat: LetterboxInputController: [111]
04-26 20:07:04.802  1036  1091 V AppCompat: RoundedCornersLetterboxController: {}
04-26 20:07:04.803   736   872 W InputDispatcher: channel 'Embedded{LetterboxInputDetector of Surface(name=Task=110#1262)/@0x2d2c1c9}' ~ Consumer closed input channel or an error occurred.  events=0x9
04-26 20:07:04.803   736   872 E InputDispatcher: channel 'Embedded{LetterboxInputDetector of Surface(name=Task=110#1262)/@0x2d2c1c9}' ~ Channel is unrecoverably broken and will be disposed!
04-26 20:07:04.804   736  1602 W WindowManager: Failed looking up window session=Session{597bd89 1036:u0a10196} callers=com.android.server.wm.WindowManagerService.removeClientToken:2272 com.android.server.wm.Session.remove:282 android.view.IWindowSession$Stub.onTransact:637 
04-26 20:07:04.809   736   762 W ActivityManager: Slow operation: 52ms so far, now at startProcess: done, added package to proc
04-26 20:07:04.811  1036  1091 V RecentTasksController: Notify recent tasks changed
04-26 20:07:04.814  1366 17628 I ProximityAuth: [RecentAppsMediator] Package added: (user=UserHandle{0}) com.muonline.client
04-26 20:07:04.818   566   566 E BpTransactionCompletedListener: Failed to transact (-32)
04-26 20:07:04.819   566   566 E BpTransactionCompletedListener: Failed to transact (-32)
04-26 20:07:04.836 17653 17653 D CompatChangeReporter: Compat change id reported: 242716250; UID 10230; state: ENABLED
04-26 20:07:04.850 17653 17653 D nativeloader: Configuring clns-9 for other apk /data/app/~~kDwIVkMQcOBOFQdvWjrj9g==/com.muonline.client-cnaSYs9IFgQPB50T8PilZw==/base.apk. target_sdk_version=34, uses_libraries=, library_path=/data/app/~~kDwIVkMQcOBOFQdvWjrj9g==/com.muonline.client-cnaSYs9IFgQPB50T8PilZw==/lib/x86_64:/data/app/~~kDwIVkMQcOBOFQdvWjrj9g==/com.muonline.client-cnaSYs9IFgQPB50T8PilZw==/base.apk!/lib/x86_64, permitted_path=/data:/mnt/expand:/data/user/0/com.muonline.client
04-26 20:07:04.862   736  1962 W ActivityManager: Skipping manifest association check for null package. SourceUid: 10214, SourcePkg: null, TargetUid: 10214, TargetPkg: com.google.android.gms
04-26 20:07:04.876  4164  4164 I Finsky  : [2] Memory trim requested to level 40
04-26 20:07:04.876  4164  4164 I Finsky  : [2] Flushing in-memory image cache
04-26 20:07:04.882  1219  1219 D RecentTasksList: invalidateLoadedTasks - previous requestLoadId: -1
04-26 20:07:04.882 17653 17653 V GraphicsEnvironment: Currently set values for:
04-26 20:07:04.882 17653 17653 V GraphicsEnvironment:   angle_gl_driver_selection_pkgs=[]
04-26 20:07:04.882 17653 17653 V GraphicsEnvironment:   angle_gl_driver_selection_values=[]
04-26 20:07:04.882 17653 17653 V GraphicsEnvironment: com.muonline.client is not listed in per-application setting
04-26 20:07:04.882 17653 17653 V GraphicsEnvironment: No special selections for ANGLE, returning default driver choice
04-26 20:07:04.882  1219  1219 D RecentTasksList: invalidateLoadedTasks - previous requestLoadId: -1
04-26 20:07:04.883 17653 17653 V GraphicsEnvironment: Neither updatable production driver nor prerelease driver is supported.
04-26 20:07:04.890  1366 17628 I FontLog : (REDACTED) Package %s has no metadata
04-26 20:07:04.898  1219  1219 D RecentTasksList: invalidateLoadedTasks - previous requestLoadId: -1
04-26 20:07:04.898  1219  1219 D RecentTasksList: invalidateLoadedTasks - previous requestLoadId: -1
04-26 20:07:04.898  1219  1219 D RecentTasksList: invalidateLoadedTasks - previous requestLoadId: -1
04-26 20:07:04.898  1219  1219 D RecentsView: onTaskRemoved: 110, not handling task stack changes
04-26 20:07:04.899  1219  1219 D RecentsView: onTaskRemoved: 110, not handling task stack changes
04-26 20:07:04.908  1036  1091 V RecentTasksController: generateList(getRecentTasks)
04-26 20:07:04.908  1036  1091 V RecentTasksController: initializeDesksMap - allDeskIds: []
04-26 20:07:04.908  1036  1091 V RecentTasksController: Task 111 is not an active desktop task
04-26 20:07:04.908  1036  1091 V RecentTasksController: Added fullscreen task: 111
04-26 20:07:04.908  1036  1091 V RecentTasksController: generateList - complete
04-26 20:07:04.955 14925 17669 W SQLiteLog: (28) double-quoted string literal: "com.muonline.client"
04-26 20:07:04.959   566   616 W skia    : AGTM parsing failed flags.readFromStream(s) at 159
04-26 20:07:04.962   566   616 W skia    : AGTM parsing failed flags.readFromStream(s) at 159
04-26 20:07:04.962   566   616 W skia    : AGTM parsing failed flags.readFromStream(s) at 159
04-26 20:07:04.963 14925 14992 I Icing   : IndexChimeraService.getServiceInterface callingPackage=com.google.android.gms componentName=AppsCorpus serviceId=36
04-26 20:07:04.993 17653 17672 I DisplayManager: Choreographer implicitly registered for the refresh rate.
04-26 20:07:05.007 14925 14925 D BoundBrokerSvc: onBind: Intent { act=com.google.android.gms.feedback.internal.IFeedbackService dat=chimera-action:/... xflg=0x4 cmp=com.google.android.gms/.chimera.GmsBoundBrokerService }
04-26 20:07:05.007 14925 14925 D BoundBrokerSvc: Loading bound service for intent: Intent { act=com.google.android.gms.feedback.internal.IFeedbackService dat=chimera-action:/... xflg=0x4 cmp=com.google.android.gms/.chimera.GmsBoundBrokerService }
04-26 20:07:05.030 14925 14992 I Icing   : IndexChimeraService.getServiceInterface callingPackage=com.google.android.gms componentName=null serviceId=30
04-26 20:07:05.036 14925 15001 I Icing   : Usage reports ok 1, Failed Usage reports 0, indexed 0, rejected 0
04-26 20:07:05.045 17653 17653 D DesktopExperienceFlags: Toggle override initialized to: false
04-26 20:07:05.045 17653 17653 D DesktopModeFlags: Toggle override initialized to: OVERRIDE_UNSET
04-26 20:07:05.055 17653 17672 I GFXSTREAM: [eglDisplay.cpp(297)] Opening libGLESv1_CM_emulation.so
04-26 20:07:05.057 17653 17672 I GFXSTREAM: [eglDisplay.cpp(297)] Opening libGLESv2_emulation.so
