04-26 15:41:29.867 D/TaskbarOverlayController( 1219): onDestroy: 	at com.android.launcher3.taskbar.PerDisplayTaskbarResource.destroyTaskbarForDisplay(go/retraceme 7226a759aa2bb3787a79806f85d80eaad84f1f1e15acd6db988f2df789d1680d:455)
04-26 15:41:29.867 D/TaskbarOverlayController( 1219): 	at com.android.launcher3.taskbar.TaskbarManagerImpl.recreateTaskbarForDisplay(go/retraceme 7226a759aa2bb3787a79806f85d80eaad84f1f1e15acd6db988f2df789d1680d:125)
04-26 15:41:29.867 D/TaskbarOverlayController( 1219): 	at com.android.launcher3.taskbar.TaskbarManagerImpl$$ExternalSyntheticLambda29.accept(go/retraceme 7226a759aa2bb3787a79806f85d80eaad84f1f1e15acd6db988f2df789d1680d:76)
04-26 15:41:29.867 D/TaskbarOverlayController( 1219): onDestroy: Was window already present? false
04-26 15:41:29.867 D/PerDisplayTaskbarResource( 1219): recreateTaskbarForDisplay: isTaskbarEnabled=true [dp != null]=true mUserUnlocked=true dp.isTaskbarPresent=false isTaskbarEnabled=true displayExists=true displayId=0
04-26 15:41:29.869 D/PerDisplayTaskbarResource( 1219): recreateTaskbarForDisplay: creating taskbar displayId=0
04-26 15:41:29.881 D/BoundBrokerSvc( 1366): onRebind: Intent { act=com.google.android.gms.libs.gmscorelogger.service.START dat=chimera-action:/... xflg=0x4 cmp=com.google.android.gms/.chimera.PersistentDirectBootAwareApiService }
04-26 15:41:29.887 W/AmbientCueRepository( 1219): spoonBarOptedIn not found, default to enabled
04-26 15:41:29.887 W/AmbientCueRepository( 1219): android.provider.Settings$SettingNotFoundException: spoonBarOptedIn
04-26 15:41:29.887 W/AmbientCueRepository( 1219): 	at android.provider.Settings.parseIntSetting(Settings.java:4348)
04-26 15:41:29.887 W/AmbientCueRepository( 1219): 	at android.provider.Settings.-$$Nest$smparseIntSetting(Settings.java:0)
04-26 15:41:29.887 W/AmbientCueRepository( 1219): 	at android.provider.Settings$Secure.getIntForUser(Settings.java:7792)
04-26 15:41:29.887 W/AmbientCueRepository( 1219): 	at android.provider.Settings$Secure.getInt(Settings.java:7784)
04-26 15:41:29.887 W/AmbientCueRepository( 1219): 	at com.android.quickstep.cuebar.data.repository.AmbientCueRepositoryImpl.isAmbientCueSettingEnabled(go/retraceme 7226a759aa2bb3787a79806f85d80eaad84f1f1e15acd6db988f2df789d1680d:9)
04-26 15:41:29.887 W/AmbientCueRepository( 1219): 	at com.android.quickstep.cuebar.data.repository.AmbientCueRepositoryImpl.<init>(go/retraceme 7226a759aa2bb3787a79806f85d80eaad84f1f1e15acd6db988f2df789d1680d:144)
04-26 15:41:29.887 W/AmbientCueRepository( 1219): 	at com.android.launcher3.taskbar.CueBarController.<init>(go/retraceme 7226a759aa2bb3787a79806f85d80eaad84f1f1e15acd6db988f2df789d1680d:31)
04-26 15:41:29.887 W/AmbientCueRepository( 1219): 	at com.android.launcher3.taskbar.TaskbarActivityContext.<init>(go/retraceme 7226a759aa2bb3787a79806f85d80eaad84f1f1e15acd6db988f2df789d1680d:3648)
04-26 15:41:29.887 W/AmbientCueRepository( 1219): 	at com.android.launcher3.taskbar.TaskbarManagerImpl.createTaskbarActivityContext(go/retraceme 7226a759aa2bb3787a79806f85d80eaad84f1f1e15acd6db988f2df789d1680d:59)
04-26 15:41:29.887 W/AmbientCueRepository( 1219): 	at com.android.launcher3.taskbar.TaskbarManagerImpl.recreateTaskbarForDisplay(go/retraceme 7226a759aa2bb3787a79806f85d80eaad84f1f1e15acd6db988f2df789d1680d:248)
04-26 15:41:29.887 W/AmbientCueRepository( 1219): 	at com.android.launcher3.taskbar.TaskbarManagerImpl$$ExternalSyntheticLambda29.accept(go/retraceme 7226a759aa2bb3787a79806f85d80eaad84f1f1e15acd6db988f2df789d1680d:76)
04-26 15:41:29.887 W/AmbientCueRepository( 1219): 	at com.android.launcher3.taskbar.PerDisplayTaskbarResource$setDisplayChangeListener$1.accept(go/retraceme 7226a759aa2bb3787a79806f85d80eaad84f1f1e15acd6db988f2df789d1680d:74)
04-26 15:41:29.887 W/AmbientCueRepository( 1219): 	at com.android.launcher3.util.ListenableDiffAwareRef$$ExternalSyntheticLambda0.invoke(go/retraceme 7226a759aa2bb3787a79806f85d80eaad84f1f1e15acd6db988f2df789d1680d:8)
04-26 15:41:29.887 W/AmbientCueRepository( 1219): 	at com.android.launcher3.util.MutableListenableStream$dispatchValue$1$1.run(go/retraceme 7226a759aa2bb3787a79806f85d80eaad84f1f1e15acd6db988f2df789d1680d:20)
04-26 15:41:29.887 W/AmbientCueRepository( 1219): 	at com.android.launcher3.util.LooperExecutor.execute(go/retraceme 7226a759aa2bb3787a79806f85d80eaad84f1f1e15acd6db988f2df789d1680d:16)
04-26 15:41:29.887 W/AmbientCueRepository( 1219): 	at com.android.launcher3.util.MutableListenableStream.dispatchValue(go/retraceme 7226a759aa2bb3787a79806f85d80eaad84f1f1e15acd6db988f2df789d1680d:52)
04-26 15:41:29.887 W/AmbientCueRepository( 1219): 	at com.android.launcher3.display.DisplayInfoContainer.notifyConfigChange(go/retraceme 7226a759aa2bb3787a79806f85d80eaad84f1f1e15acd6db988f2df789d1680d:168)
04-26 15:41:29.887 W/AmbientCueRepository( 1219): 	at com.android.launcher3.display.DisplayInfoContainer.onConfigurationChanged(go/retraceme 7226a759aa2bb3787a79806f85d80eaad84f1f1e15acd6db988f2df789d1680d:90)
04-26 15:41:29.887 W/AmbientCueRepository( 1219): 	at android.content.ComponentCallbacksController.lambda$dispatchConfigurationChanged$0(ComponentCallbacksController.java:92)
04-26 15:41:29.887 W/AmbientCueRepository( 1219): 	at android.content.ComponentCallbacksController$$ExternalSyntheticLambda2.accept(D8$$SyntheticClass:0)
04-26 15:41:29.887 W/AmbientCueRepository( 1219): 	at android.content.ComponentCallbacksController.forAllComponentCallbacks(ComponentCallbacksController.java:125)
04-26 15:41:29.887 W/AmbientCueRepository( 1219): 	at android.content.ComponentCallbacksController.dispatchConfigurationChanged(ComponentCallbacksController.java:92)
04-26 15:41:29.887 W/AmbientCueRepository( 1219): 	at android.window.WindowContext.dispatchConfigurationChanged(WindowContext.java:281)
04-26 15:41:29.887 W/AmbientCueRepository( 1219): 	at android.window.WindowTokenClient.onConfigurationChangedInner(WindowTokenClient.java:212)
04-26 15:41:29.887 W/AmbientCueRepository( 1219): 	at android.window.WindowTokenClient.onConfigurationChanged(WindowTokenClient.java:158)
04-26 15:41:29.887 W/AmbientCueRepository( 1219): 	at android.window.WindowTokenClient.onConfigurationChanged(WindowTokenClient.java:114)
04-26 15:41:29.887 W/AmbientCueRepository( 1219): 	at android.window.WindowTokenClientController.onWindowContextInfoChanged(WindowTokenClientController.java:249)
04-26 15:41:29.887 W/AmbientCueRepository( 1219): 	at android.app.ActivityThread.handleWindowContextInfoChanged(ActivityThread.java:7289)
04-26 15:41:29.887 W/AmbientCueRepository( 1219): 	at android.app.servertransaction.WindowContextInfoChangeItem.execute(WindowContextInfoChangeItem.java:53)
04-26 15:41:29.887 W/AmbientCueRepository( 1219): 	at android.app.servertransaction.TransactionExecutor.executeNonLifecycleItem(TransactionExecutor.java:133)
04-26 15:41:29.887 W/AmbientCueRepository( 1219): 	at android.app.servertransaction.TransactionExecutor.executeTransactionItems(TransactionExecutor.java:103)
04-26 15:41:29.887 W/AmbientCueRepository( 1219): 	at android.app.servertransaction.TransactionExecutor.execute(TransactionExecutor.java:80)
04-26 15:41:29.887 W/AmbientCueRepository( 1219): 	at android.app.ActivityThread$H.handleMessage(ActivityThread.java:3024)
04-26 15:41:29.887 W/AmbientCueRepository( 1219): 	at android.os.Handler.dispatchMessageImpl(Handler.java:142)
04-26 15:41:29.887 W/AmbientCueRepository( 1219): 	at android.os.Handler.dispatchMessage(Handler.java:125)
04-26 15:41:29.887 W/AmbientCueRepository( 1219): 	at android.os.Looper.loopOnce(Looper.java:292)
04-26 15:41:29.887 W/AmbientCueRepository( 1219): 	at android.os.Looper.loop(Looper.java:393)
04-26 15:41:29.887 W/AmbientCueRepository( 1219): 	at android.app.ActivityThread.main(ActivityThread.java:9486)
04-26 15:41:29.887 W/AmbientCueRepository( 1219): 	at java.lang.reflect.Method.invoke(Native Method)
04-26 15:41:29.887 W/AmbientCueRepository( 1219): 	at com.android.internal.os.RuntimeInit$MethodAndArgsCaller.run(RuntimeInit.java:575)
04-26 15:41:29.887 W/AmbientCueRepository( 1219): 	at com.android.internal.os.ZygoteInit.main(ZygoteInit.java:939)
04-26 15:41:29.891 D/LauncherAmbientCueVM( 1219): onUnfilteredActionsChange: []
04-26 15:41:29.897 D/AmbientCueRepository( 1219): connectToAce: connecting TO ACE and registering
04-26 15:41:29.904 D/AllAppsStore( 1219): setApps: apps.length=21
04-26 15:41:29.904 D/AllAppsStore( 1219): notifyUpdate: notifying listeners
04-26 15:41:29.905 D/AlphabeticIndexCompat( 1219): computeSectionName: cs: Settings sectionName: S
04-26 15:41:29.906 D/AlphabeticIndexCompat( 1219): computeSectionName: cs: Photos sectionName: P
04-26 15:41:29.906 D/AlphabeticIndexCompat( 1219): computeSectionName: cs: Battery sectionName: B
04-26 15:41:29.906 D/AlphabeticIndexCompat( 1219): computeSectionName: cs: Chrome sectionName: C
04-26 15:41:29.913 D/AlphabeticIndexCompat( 1219): computeSectionName: cs: Gmail sectionName: G
04-26 15:41:29.913 D/AlphabeticIndexCompat( 1219): computeSectionName: cs: Drive sectionName: D
04-26 15:41:29.914 I/GoogleInputMethodService( 4105): GoogleInputMethodService.onStartInput():1384 onStartInput(EditorInfo{EditorInfo{packageName=com.google.android.apps.nexuslauncher, inputType=0, inputTypeString=NULL, enableLearning=false, autoCorrection=false, autoComplete=false, imeOptions=0, privateImeOptions=null, actionName=UNSPECIFIED, actionLabel=null, initialSelStart=-1, initialSelEnd=-1, initialCapsMode=0, label=null, fieldId=0, fieldName=null, extras=null, hintText=null, hintLocales=[]}}, true)
04-26 15:41:29.914 D/AlphabeticIndexCompat( 1219): computeSectionName: cs: Clock sectionName: C
04-26 15:41:29.914 W/SessionManager( 4105): SessionManager.beginSession():53 Try to begin an already begun session [INPUT_SESSION], end it first
04-26 15:41:29.914 D/AlphabeticIndexCompat( 1219): computeSectionName: cs: Contacts sectionName: C
04-26 15:41:29.914 W/AndroidIME( 4105): LatinIMEBase.updateInputViewCoverNavigation():319 Null input view, cannot update padding!
04-26 15:41:29.914 D/AlphabeticIndexCompat( 1219): computeSectionName: cs: Calendar sectionName: C
04-26 15:41:29.915 D/AlphabeticIndexCompat( 1219): computeSectionName: cs: Maps sectionName: M
04-26 15:41:29.915 D/AlphabeticIndexCompat( 1219): computeSectionName: cs: YouTube Music sectionName: Y
04-26 15:41:29.915 D/AlphabeticIndexCompat( 1219): computeSectionName: cs: YouTube sectionName: Y
04-26 15:41:29.915 D/AlphabeticIndexCompat( 1219): computeSectionName: cs: Google sectionName: G
04-26 15:41:29.915 D/AlphabeticIndexCompat( 1219): computeSectionName: cs: Android System Intelligence sectionName: A
04-26 15:41:29.916 D/AlphabeticIndexCompat( 1219): computeSectionName: cs: Digital Wellbeing sectionName: D
04-26 15:41:29.916 D/AlphabeticIndexCompat( 1219): computeSectionName: cs: Conversations sectionName: C
04-26 15:41:29.919 I/Module  ( 4105): DeviceLockedStatusModuleProvider$Module.updateDeviceLockedStatus():103 repeatCheckTimes = 1, locked = false
04-26 15:41:29.920 D/TaskbarManager( 1219): createTaskbarUIControllerForRecentsViewContainer displayId=0 mPrimaryDisplayId=0
04-26 15:41:29.920 D/PerDisplayTaskbarResource( 1219): recreateTaskbarForDisplay: adding rootView displayId=0
04-26 15:41:29.920 D/PerDisplayTaskbarResource( 1219): recreateTaskbarForDisplay: adding root layout displayId=0
04-26 15:41:29.924 W/PackageConfigPersister(  736): App-specific configuration not found for packageName: com.google.android.apps.nexuslauncher and userId: 0
04-26 15:41:29.928 I/KeyboardInterfacePrivate( 4105): IKeyboard.createKeyboard():67 Keyboard created from HiltKeyboardFactory: com.google.android.apps.inputmethod.latin.keyboard.LatinPrimeKeyboard
04-26 15:41:29.929 D/InputMethodManagerService(  736): Attach new input but force hide
04-26 15:41:29.929 I/ImeTracker(  736): com.muonline.client:a5e3abf9: onRequestHide at ORIGIN_SERVER reason HIDE_SOFT_INPUT fromUser false userId 0 displayId 0
04-26 15:41:29.930 D/BubbleBarView( 1219): BubbleBar RTL properties changed, new layoutDirection=0 previous layoutDirection=-1
04-26 15:41:29.930 I/ImeTracker(  736): com.muonline.client:a5e3abf9: onCancelled at PHASE_SERVER_SHOULD_HIDE
04-26 15:41:29.931 I/GoogleInputMethodService( 4105): GoogleInputMethodService.onFinishInput():2113 
04-26 15:41:29.932 W/InputChannel-JNI(  736): Channel already disposed.
04-26 15:41:29.933 I/Module  ( 4105): DeviceLockedStatusModuleProvider$Module.updateDeviceLockedStatus():103 repeatCheckTimes = 0, locked = false
04-26 15:41:29.936 I/GoogleInputMethodService( 4105): GoogleInputMethodService.onStartInput():1384 onStartInput(EditorInfo{EditorInfo{packageName=com.muonline.client, inputType=0, inputTypeString=NULL, enableLearning=false, autoCorrection=false, autoComplete=false, imeOptions=0, privateImeOptions=null, actionName=UNSPECIFIED, actionLabel=null, initialSelStart=-1, initialSelEnd=-1, initialCapsMode=0, label=null, fieldId=0, fieldName=null, extras=null, hintText=null, hintLocales=[]}}, false)
04-26 15:41:29.937 W/AndroidIME( 4105): LatinIMEBase.updateInputViewCoverNavigation():319 Null input view, cannot update padding!
04-26 15:41:29.940 I/ImeTracker(  736): system_server:cd11100: onRequestHide at ORIGIN_SERVER reason IME_REQUESTED_CHANGED_LISTENER fromUser false displayId 0
04-26 15:41:29.941 I/Module  ( 4105): DeviceLockedStatusModuleProvider$Module.updateDeviceLockedStatus():103 repeatCheckTimes = 1, locked = false
04-26 15:41:29.943 W/PackageConfigPersister(  736): App-specific configuration not found for packageName: com.muonline.client and userId: 0
04-26 15:41:29.946 I/ImeTracker(  736): system_server:cd11100: onCancelled at PHASE_SERVER_SHOULD_HIDE
04-26 15:41:29.961 I/gle.android.gms( 1867): WaitForGcToComplete blocked ProfileSaver on Background for 101.132ms
04-26 15:41:29.967 I/Icing   ( 1867): Indexing com.google.android.gms-apps from com.google.android.gms
04-26 15:41:29.981 I/FontLog ( 1366): (REDACTED) Received query %s, URI %s
04-26 15:41:29.981 I/FontLog ( 1366): (REDACTED) Query [%s] resolved to %s
04-26 15:41:29.989 I/FontLog ( 1366): (REDACTED) Fetch %s end status %s
04-26 15:41:29.999 D/BaseActivity( 1219): Launcher flags updated: [] -[state_started]
04-26 15:41:29.999 D/BaseDepthController( 1219): setSurface:
04-26 15:41:29.999 D/BaseDepthController( 1219): 	mWaitingOnSurfaceValidity: false
04-26 15:41:29.999 D/BaseDepthController( 1219): 	mBaseSurface: null
04-26 15:41:29.999 D/BaseDepthController( 1219): mSurface is null and mCurrentBlur is: 0
04-26 15:41:30.000 I/ActivityThread( 1219): Schedule relaunch activity: com.google.android.apps.nexuslauncher.NexusLauncherActivity
04-26 15:41:30.000 D/LauncherStateManager( 1219): StateManager.goToState: fromState: Normal, toState: Normal, partial trace:
04-26 15:41:30.000 D/LauncherStateManager( 1219): 	at com.android.launcher3.statemanager.StateManager.moveToRestState(go/retraceme 7226a759aa2bb3787a79806f85d80eaad84f1f1e15acd6db988f2df789d1680d:26)
04-26 15:41:30.000 D/LauncherStateManager( 1219): 	at com.android.launcher3.statemanager.StateManager.moveToRestState(go/retraceme 7226a759aa2bb3787a79806f85d80eaad84f1f1e15acd6db988f2df789d1680d:35)
04-26 15:41:30.000 D/LauncherStateManager( 1219): 	at com.android.launcher3.statemanager.StatefulActivity.onStop(go/retraceme 7226a759aa2bb3787a79806f85d80eaad84f1f1e15acd6db988f2df789d1680d:31)
04-26 15:41:30.000 D/LauncherStateManager( 1219): StateManager.onRepeatStateSetAborted: state: Normal
04-26 15:41:30.000 D/KeyboardStateManager( 1219): hideKeyboard
04-26 15:41:30.000 D/KeyboardStateManager( 1219): isImeShown: false
04-26 15:41:30.002 D/StatsLog( 1219): LAUNCHER_ONSTOP
04-26 15:41:30.006 D/StatsLog( 1219): LAUNCHER_GOOGLE_SEARCH_RESTORE_LIST_SIZE_AFTER_ACTIVITY_RESTART
04-26 15:41:30.008 I/FontLog ( 1366): (REDACTED) Pulling font file for id = %d, cache size = %d
04-26 15:41:30.010 D/Current state display 0( 1219): newValue: DESTROYED
04-26 15:41:30.010 D/CannedAnimCoordinator( 1219): Wrong controller access from w6.t@6a293cc, actual provider null
04-26 15:41:30.014 D/RecentsView( 1219): destroy
04-26 15:41:30.014 D/TaskbarManager( 1219): onActivityDestroyed: displayId=0 mPrimaryDisplayId=0
04-26 15:41:30.014 D/TaskbarManager( 1219): onActivityDestroyed: unregistering callbacks displayId=0 mPrimaryDisplayId=0
04-26 15:41:30.014 D/TaskbarManager( 1219): onActivityDestroyed: setting taskbarUIController displayId=0 mPrimaryDisplayId=0
04-26 15:41:30.014 D/TaskFragmentComponent( 1219): destroy task fragment
04-26 15:41:30.014 D/TaskFragmentComponent( 1219): java.lang.Exception
04-26 15:41:30.014 D/TaskFragmentComponent( 1219): 	at com.google.android.apps.nexuslauncher.overlay.TaskFragmentOverlayManager.onActivityDestroyed(go/retraceme 7226a759aa2bb3787a79806f85d80eaad84f1f1e15acd6db988f2df789d1680d:58)
04-26 15:41:30.014 D/TaskFragmentComponent( 1219): 	at com.android.launcher3.Launcher.onDestroy(go/retraceme 7226a759aa2bb3787a79806f85d80eaad84f1f1e15acd6db988f2df789d1680d:115)
04-26 15:41:30.014 D/TaskFragmentComponent( 1219): 	at com.android.launcher3.uioverrides.QuickstepLauncher.onDestroy(go/retraceme 7226a759aa2bb3787a79806f85d80eaad84f1f1e15acd6db988f2df789d1680d:134)
04-26 15:41:30.014 D/TaskFragmentComponent( 1219): 	at com.google.android.apps.nexuslauncher.NexusLauncherActivity.onDestroy(go/retraceme 7226a759aa2bb3787a79806f85d80eaad84f1f1e15acd6db988f2df789d1680d:67)
04-26 15:41:30.014 D/TaskFragmentComponent( 1219): 	at android.app.Activity.performDestroy(Activity.java:9652)
04-26 15:41:30.014 D/TaskFragmentComponent( 1219): 	at android.app.Instrumentation.callActivityOnDestroy(Instrumentation.java:1578)
04-26 15:41:30.014 D/TaskFragmentComponent( 1219): 	at android.app.ActivityThread.performDestroyActivity(ActivityThread.java:6601)
04-26 15:41:30.014 D/TaskFragmentComponent( 1219): 	at android.app.ActivityThread.handleDestroyActivity(ActivityThread.java:6646)
04-26 15:41:30.014 D/TaskFragmentComponent( 1219): 	at android.app.ActivityThread.handleRelaunchActivityInner(ActivityThread.java:6932)
04-26 15:41:30.014 D/TaskFragmentComponent( 1219): 	at android.app.ActivityThread.handleRelaunchActivity(ActivityThread.java:6847)
04-26 15:41:30.014 D/TaskFragmentComponent( 1219): 	at android.app.servertransaction.ActivityRelaunchItem.execute(ActivityRelaunchItem.java:109)
04-26 15:41:30.014 D/TaskFragmentComponent( 1219): 	at android.app.servertransaction.ActivityTransactionItem.execute(ActivityTransactionItem.java:63)
04-26 15:41:30.014 D/TaskFragmentComponent( 1219): 	at android.app.servertransaction.TransactionExecutor.executeNonLifecycleItem(TransactionExecutor.java:133)
04-26 15:41:30.014 D/TaskFragmentComponent( 1219): 	at android.app.servertransaction.TransactionExecutor.executeTransactionItems(TransactionExecutor.java:103)
04-26 15:41:30.014 D/TaskFragmentComponent( 1219): 	at android.app.servertransaction.TransactionExecutor.execute(TransactionExecutor.java:80)
04-26 15:41:30.014 D/TaskFragmentComponent( 1219): 	at android.app.ClientTransactionHandler.executeTransaction(ClientTransactionHandler.java:71)
04-26 15:41:30.014 D/TaskFragmentComponent( 1219): 	at android.app.ActivityThread.handleRelaunchActivityLocally(ActivityThread.java:6913)
04-26 15:41:30.014 D/TaskFragmentComponent( 1219): 	at android.app.ActivityThread$H.handleMessage(ActivityThread.java:3030)
04-26 15:41:30.014 D/TaskFragmentComponent( 1219): 	at android.os.Handler.dispatchMessageImpl(Handler.java:142)
04-26 15:41:30.014 D/TaskFragmentComponent( 1219): 	at android.os.Handler.dispatchMessage(Handler.java:125)
04-26 15:41:30.014 D/TaskFragmentComponent( 1219): 	at android.os.Looper.loopOnce(Looper.java:292)
04-26 15:41:30.014 D/TaskFragmentComponent( 1219): 	at android.os.Looper.loop(Looper.java:393)
04-26 15:41:30.014 D/TaskFragmentComponent( 1219): 	at android.app.ActivityThread.main(ActivityThread.java:9486)
04-26 15:41:30.014 D/TaskFragmentComponent( 1219): 	at java.lang.reflect.Method.invoke(Native Method)
04-26 15:41:30.014 D/TaskFragmentComponent( 1219): 	at com.android.internal.os.RuntimeInit$MethodAndArgsCaller.run(RuntimeInit.java:575)
04-26 15:41:30.014 D/TaskFragmentComponent( 1219): 	at com.android.internal.os.ZygoteInit.main(ZygoteInit.java:939)
04-26 15:41:30.016 I/ImeTracker(  736): system_server:1108ce82: onRequestHide at ORIGIN_SERVER reason IME_REQUESTED_CHANGED_LISTENER fromUser false displayId 0
04-26 15:41:30.016 V/WindowManager(  736): deferTransitionReady deferReadyDepth=1 stack=com.android.server.wm.WindowOrganizerController.applyTransaction:717 com.android.server.wm.WindowOrganizerController.applyTransaction:651 com.android.server.wm.WindowOrganizerController.lambda$applyTaskFragmentTransactionLocked$5:617 com.android.server.wm.WindowOrganizerController.$r8$lambda$b9SZ7IAloD3MuUhvAJTdz5zHJ5k:0 com.android.server.wm.WindowOrganizerController$$ExternalSyntheticLambda4.onCollectStarted:0 
04-26 15:41:30.017 D/ActivityTaskManager(  736): Remove task fragment: deleteTaskFragment
04-26 15:41:30.017 V/WindowManager(  736): continueTransitionReady deferReadyDepth=0 stack=com.android.server.wm.WindowOrganizerController.applyTransaction:864 com.android.server.wm.WindowOrganizerController.applyTransaction:651 com.android.server.wm.WindowOrganizerController.lambda$applyTaskFragmentTransactionLocked$5:617 com.android.server.wm.WindowOrganizerController.$r8$lambda$b9SZ7IAloD3MuUhvAJTdz5zHJ5k:0 com.android.server.wm.WindowOrganizerController$$ExternalSyntheticLambda4.onCollectStarted:0 
04-26 15:41:30.018 V/WindowManager(  736): Defer transition id=15 for TaskFragmentTransaction=android.os.Binder@975229d
04-26 15:41:30.020 I/putmethod.latin( 4105): Waiting for a blocking GC ProfileSaver
04-26 15:41:30.021 I/SP      ( 4105): Sync for emoticon_content_description succeeded in 186 ms: no changes
04-26 15:41:30.021 I/SP      ( 4105): GC for 'emoticon_content_description' (10) with ttl of 0 ms took 0 ms (0/0/0)
04-26 15:41:30.024 I/FontLog ( 1366): (REDACTED) Pulling font file for id = %d, cache size = %d
04-26 15:41:30.026 W/TransitionChain(  736): Combining tfTransact into #15(CLOSE|R|0x0) from tfTransact
04-26 15:41:30.026 V/WindowManager(  736): deferTransitionReady deferReadyDepth=1 stack=com.android.server.wm.WindowOrganizerController.applyTransaction:717 com.android.server.wm.WindowOrganizerController.applyTaskFragmentTransactionLocked:600 com.android.server.wm.TaskFragmentOrganizerController.applyTransaction:761 android.window.ITaskFragmentOrganizerController$Stub.onTransact:235 android.os.Binder.execTransactInternal:1466 
04-26 15:41:30.026 V/WindowManager(  736): continueTransitionReady deferReadyDepth=0 stack=com.android.server.wm.WindowOrganizerController.applyTransaction:864 com.android.server.wm.WindowOrganizerController.applyTaskFragmentTransactionLocked:600 com.android.server.wm.TaskFragmentOrganizerController.applyTransaction:761 android.window.ITaskFragmentOrganizerController$Stub.onTransact:235 android.os.Binder.execTransactInternal:1466 
04-26 15:41:30.029 V/WindowManager(  736): Defer transition id=15 for TaskFragmentTransaction=android.os.Binder@703ae34
04-26 15:41:30.032 W/InteractionJankMonitor( 5343): Initializing without READ_DEVICE_CONFIG permission. enabled=false, interval=1, missedFrameThreshold=3, frameTimeThreshold=64, package=com.muonline.client
04-26 15:41:30.034 D/RecentsView( 1219): reset - mEnableDrawingLiveTile: false, mRecentsAnimationController: null
04-26 15:41:30.040 D/UnlockComponentFactory( 1219): instantiateActivity() com.google.android.apps.nexuslauncher.NexusLauncherActivity isUserLocked: false
04-26 15:41:30.040 D/WindowOnBackDispatcher( 1219): setTopOnBackInvokedCallback (unwrapped): null
04-26 15:41:30.041 D/CoreBackPreview(  736): Window{7d08289 u0 com.google.android.apps.nexuslauncher/com.google.android.apps.nexuslauncher.NexusLauncherActivity}: Setting back callback null
04-26 15:41:30.042 D/WindowOnBackDispatcher( 1219): setTopOnBackInvokedCallback (unwrapped): android.app.Activity$$ExternalSyntheticLambda0@af2abe5
04-26 15:41:30.042 D/WindowOnBackDispatcher( 1219): setTopOnBackInvokedCallback (unwrapped): com.android.launcher3.uioverrides.QuickstepLauncher$2@db6596b
04-26 15:41:30.042 D/CoreBackPreview(  736): Window{7d08289 u0 com.google.android.apps.nexuslauncher/com.google.android.apps.nexuslauncher.NexusLauncherActivity}: Setting back callback OnBackInvokedCallbackInfo{mCallback=android.window.IOnBackInvokedCallback$Stub$Proxy@d3db959, mPriority=-1, mIsAnimationCallback=false, mOverrideBehavior=0}
04-26 15:41:30.043 D/CoreBackPreview(  736): Window{7d08289 u0 com.google.android.apps.nexuslauncher/com.google.android.apps.nexuslauncher.NexusLauncherActivity}: Setting back callback OnBackInvokedCallbackInfo{mCallback=android.window.IOnBackInvokedCallback$Stub$Proxy@597391e, mPriority=0, mIsAnimationCallback=true, mOverrideBehavior=0}
04-26 15:41:30.044 D/SearchTargetUtil( 1219): queryLength=0 size=0
04-26 15:41:30.045 E/SearchUiService( 3743): Failed to unregister for updates for unknown session: com.google.android.apps.nexuslauncher:ece8a56e-3b7a-473d-bb70-4271b64dde80,0
04-26 15:41:30.052 I/ImeTracker(  736): system_server:1108ce82: onCancelled at PHASE_SERVER_SHOULD_HIDE
04-26 15:41:30.054 V/WindowManagerShell( 1036): Transition requested (#15): android.os.BinderProxy@a5e8f09 TransitionRequestInfo { type = CLOSE, triggerTask = null, pipChange = null, remoteTransitionInfo = RemoteTransitionInfo { remoteTransition = android.window.IRemoteTransition$Stub$Proxy@3cdd50e, debugName = TaskFragmentComponent, filter = null }, displayChange = null, requestedLocation = null, userChange = null, windowingLayerChange = null, fullscreenRequestChange = null, flags = 0, debugId = 15 }
04-26 15:41:30.054 W/DisconnectHandler( 1036): No disconnect change found in the transition, not handling request.
04-26 15:41:30.055 V/ShellDesktopMode( 1036): DesktopTasksController: skipping handleRequest reason=triggerTask is null
04-26 15:41:30.055 V/WindowManagerShell( 1036): RemoteTransition directly requested for (#15) android.os.BinderProxy@a5e8f09: RemoteTransition { remoteTransition = android.window.IRemoteTransition$Stub$Proxy@3cdd50e, appThread = null, debugName = TaskFragmentComponent, filter = null }
04-26 15:41:30.055 V/WindowManagerShell( 1036): Transition (#15): request handled by RemoteTransitionHandler
04-26 15:41:30.073 I/Icing   ( 1867): Indexing done com.google.android.gms-apps
04-26 15:41:30.076 E/RecyclerView( 1219): Cannot scroll to position a LayoutManager set. Call setLayoutManager with a non-null argument.
04-26 15:41:30.076 I/putmethod.latin( 4105): WaitForGcToComplete blocked ProfileSaver on Background for 57.097ms
04-26 15:41:30.076 D/ActivityAllAppsContainerView( 1219): rebindAdapters: force: true
04-26 15:41:30.076 D/ActivityAllAppsContainerView( 1219): replaceAppsRVContainer: showTabs: false
04-26 15:41:30.078 D/AlphabeticalAppsList( 1219): Clearing FastScrollerSections.
04-26 15:41:30.078 W/ActivityManager(  736): Skipping manifest association check for null package. SourceUid: 10214, SourcePkg: null, TargetUid: 10214, TargetPkg: com.google.android.gms
04-26 15:41:30.078 D/AlphabeticalAppsList( 1219): Adding apps with sections. HasPrivateApps: true
04-26 15:41:30.078 E/RecyclerView( 1219): Cannot scroll to position a LayoutManager set. Call setLayoutManager with a non-null argument.
04-26 15:41:30.080 D/DeviceSearchAlg( 1219): search timeout = 200
04-26 15:41:30.081 D/OverviewActionsView( 1219): updateActionButtonsVisibility() called: showSingleTaskActions = [true], showGroupActions = [false]
04-26 15:41:30.091 I/WindowManager(  736): finishDrawing of orientation change: Window{904d21f u0 ScreenDecorOverlay} 383ms
04-26 15:41:30.093 D/SsCardRecyclerViewAdapter( 1036): Updating Smartspace targets to targets for Lockscreen
04-26 15:41:30.097 D/SsCardRecyclerViewAdapter( 1036): Updating Smartspace targets to targets for Lockscreen
04-26 15:41:30.098 W/BcSmartspaceView( 1036): Current card is not present in the Adapter; cannot log.
04-26 15:41:30.098 E/DateSmartspaceView( 1036): No tap action can be set up
04-26 15:41:30.099 W/AlarmManager( 1036): Unrecognized alarm listener com.google.android.systemui.smartspace.KeyguardZenAlarmViewController$showNextAlarm$1@c306cb1
04-26 15:41:30.099 W/AlarmManager( 1036): Unrecognized alarm listener com.google.android.systemui.smartspace.KeyguardZenAlarmViewController$showNextAlarm$1@c306cb1
04-26 15:41:30.100 W/BcSmartspaceView( 1036): Current card is not present in the Adapter; cannot log.
04-26 15:41:30.101 W/BcSmartspaceView( 1036): Current card is not present in the Adapter; cannot log.
04-26 15:41:30.102 E/DateSmartspaceView( 1036): No tap action can be set up
04-26 15:41:30.103 W/AlarmManager( 1036): Unrecognized alarm listener com.google.android.systemui.smartspace.KeyguardZenAlarmViewController$showNextAlarm$1@c306cb1
04-26 15:41:30.103 W/BcSmartspaceView( 1036): Current card is not present in the Adapter; cannot log.
04-26 15:41:30.104 D/WindowOnBackDispatcher( 1036): setTopOnBackInvokedCallback (unwrapped): null
04-26 15:41:30.105 W/BcSmartspaceView( 1036): Current card is not present in the Adapter; cannot log.
04-26 15:41:30.106 I/WindowManager(  736): finishDrawing of orientation change: Window{ff56b7a u0 ScreenDecorOverlayBottom} 397ms
04-26 15:41:30.109 D/CoreBackPreview(  736): Window{26ca9d4 u0 Splash Screen com.muonline.client EXITING}: Setting back callback null
04-26 15:41:30.112 D/PerDisplayTaskbarResource( 1219): setActivityInteractor: mActivityInteractor=null displayId=0
04-26 15:41:30.113 D/PerDisplayTaskbarResource( 1219): updateTaskbarsVisibility displayId=0
04-26 15:41:30.113 D/PerDisplayTaskbarResource( 1219): setActivityInteractor: registering activity lifecycle callbacks. displayId=0
04-26 15:41:30.113 D/PerDisplayTaskbarResource( 1219): setRecentsViewContainer displayId=0
04-26 15:41:30.113 D/TaskbarManager( 1219): createTaskbarUIControllerForRecentsViewContainer displayId=0 mPrimaryDisplayId=0
04-26 15:41:30.117 V/GrammaticalInflectionUtils(  736): AttributionSource: android.content.AttributionSource@d322a4fb does not have READ_SYSTEM_GRAMMATICAL_GENDER permission.
04-26 15:41:30.118 W/TransitionChain(  736): Combining startAct into #15(CLOSE|R|0x0) from tfTransact
04-26 15:41:30.128 V/ActivityTaskManager(  736): TaskLaunchParamsModifier: phase=3 task=Task{5ad6b0c #89 type=standard A=10230:com.muonline.client} activity=ActivityRecord{227740911 u0 com.muonline.client/.MuMainActivity t-1} display-area-from-source=DefaultTaskDisplayArea@125646128 display-id=0 task-display-area-windowing-mode=1 suggested-display-area=DefaultTaskDisplayArea@125646128 inherit-from-source=fullscreen non-freeform-task-display-area display-area=DefaultTaskDisplayArea@125646128 skip-bounds-fullscreen
04-26 15:41:30.128 I/ActivityTaskManager(  736): START u0 {flg=0x14000000 xflg=0x4 cmp=com.muonline.client/.MuMainActivity} with LAUNCH_SINGLE_TASK from uid 10230 (com.muonline.client) (sr=248702527) (BAL_ALLOW_VISIBLE_WINDOW) result code=0
04-26 15:41:30.130 D/AllAppsTransitionController( 1219): shouldProtectHeader: false skipScrim: false state: Normal stateManager.getState(): Normal
04-26 15:41:30.132 I/AiAiEcho( 3743): Predicting[0]:  [CONTEXT sampling_count=5 ]
04-26 15:41:30.132 I/AiAiEcho( 3743): EchoTargets: 
04-26 15:41:30.132 I/AiAiEcho( 3743): Filtered by AiAi flag check: 
04-26 15:41:30.132 I/AiAiEcho( 3743): [CONTEXT ratelimit_period="10 SECONDS" ]
04-26 15:41:30.134 I/AiAiEcho( 3743): #remoteViewsTwiddler: feature disabled.
04-26 15:41:30.134 D/KeyboardInsetsHandler( 1219): setState, toState:Normal StateManager(mLastStableState:Normal, mCurrentStableState:Normal, mState:Normal, mRestState:null, isInTransition:false)
04-26 15:41:30.134 D/KeyboardInsetsHandler( 1219): removePendingImeController: pendingImeController=null
04-26 15:41:30.134 D/KeyboardStateManager( 1219): hideKeyboard
04-26 15:41:30.134 D/KeyboardStateManager( 1219): isImeShown: false
04-26 15:41:30.135 D/KeyboardStateManager( 1219): hideKeyboard: WIC IS NULL
04-26 15:41:30.135 D/KeyboardStateManager( 1219): InputMethodManager: android.view.inputmethod.InputMethodManager@deab9c6 token: null
04-26 15:41:30.135 D/ModelCallbacks( 1219): startBinding: hotseat layout was vertical: false and is setting to false
04-26 15:41:30.137 D/SsCardRecyclerViewAdapter( 1219): Updating Smartspace targets to targets for Lockscreen
04-26 15:41:30.139 I/AiAiEcho( 3743): Predicting[0]:  [CONTEXT sampling_count=5 ]
04-26 15:41:30.139 I/AiAiEcho( 3743): EchoTargets: 
04-26 15:41:30.139 I/AiAiEcho( 3743): Filtered by AiAi flag check: 
04-26 15:41:30.139 I/AiAiEcho( 3743): [CONTEXT ratelimit_period="10 SECONDS" ]
04-26 15:41:30.140 I/AiAiEcho( 3743): #remoteViewsTwiddler: feature disabled.
04-26 15:41:30.140 W/AodBurnInViewModel( 1036): minViewY is below topInset: BurnInParameters(topInset=com.android.systemui.keyguard.ui.binder.KeyguardRootViewBinder$OnLayoutChange$$ExternalSyntheticLambda0@a2468f2, minViewY=com.android.systemui.keyguard.ui.binder.KeyguardRootViewBinder$OnLayoutChange$$ExternalSyntheticLambda0@1c1f4a1, translationY=com.android.systemui.keyguard.ui.binder.KeyguardRootViewBinder$$ExternalSyntheticLambda1@110b5c0, translationX=com.android.systemui.keyguard.ui.binder.KeyguardRootViewBinder$$ExternalSyntheticLambda1@dfe12f9) minViewY=74 topInset=132
04-26 15:41:30.142 I/AiAiEcho( 3743): #postPredictionTargets: Sending updates to UISurface lockscreen with targets# 0 (types=[])
04-26 15:41:30.143 D/SsCardRecyclerViewAdapter( 1219): Updating Smartspace targets to targets for Lockscreen
04-26 15:41:30.143 W/BcSmartspaceView( 1219): Current card is not present in the Adapter; cannot log.
04-26 15:41:30.143 D/Launcher.Workspace( 1219): addInScreenFromBind: hotseat inflation with x = 0 and y = 0
04-26 15:41:30.144 I/AiAiEcho( 3743): #postPredictionTargets: Sending updates to UISurface home with targets# 0 (types=[])
04-26 15:41:30.144 D/CellLayout( 1219): Adding view to ShortcutsAndWidgetsContainer: com.android.launcher3.views.DoubleShadowBubbleTextView{97dc2a1 VFED..C.. ......ID 0,0-0,0 #1}
04-26 15:41:30.144 D/Launcher.Workspace( 1219): addInScreenFromBind: hotseat inflation with x = 1 and y = 0
04-26 15:41:30.144 D/CellLayout( 1219): Adding view to ShortcutsAndWidgetsContainer: com.android.launcher3.views.DoubleShadowBubbleTextView{55f1cc6 VFED..C.. ......ID 0,0-0,0 #2}
04-26 15:41:30.144 D/Launcher.Workspace( 1219): addInScreenFromBind: hotseat inflation with x = 2 and y = 0
04-26 15:41:30.144 D/CellLayout( 1219): Adding view to ShortcutsAndWidgetsContainer: com.android.launcher3.views.DoubleShadowBubbleTextView{b67c487 VFED..C.. ......ID 0,0-0,0 #3}
04-26 15:41:30.144 D/CellLayout( 1219): Adding view to ShortcutsAndWidgetsContainer: com.android.launcher3.views.DoubleShadowBubbleTextView{79ffb4 VFED..C.. ......ID 0,0-0,0 #4}
04-26 15:41:30.144 D/CellLayout( 1219): Adding view to ShortcutsAndWidgetsContainer: com.android.launcher3.views.DoubleShadowBubbleTextView{912e7dd VFED..C.. ......ID 0,0-0,0 #5}
04-26 15:41:30.144 D/CellLayout( 1219): Adding view to ShortcutsAndWidgetsContainer: com.android.launcher3.views.DoubleShadowBubbleTextView{1a03f52 VFED..C.. ......ID 0,0-0,0 #6}
04-26 15:41:30.144 D/CellLayout( 1219): Adding view to ShortcutsAndWidgetsContainer: com.android.launcher3.views.DoubleShadowBubbleTextView{ff22223 VFED..C.. ......ID 0,0-0,0 #7}
04-26 15:41:30.144 D/CellLayout( 1219): Adding view to ShortcutsAndWidgetsContainer: com.google.android.apps.nexuslauncher.qsb.SmartspaceViewContainer{a916320 V.E...... ......I. 0,0-0,0 #7f0a033a app:id/search_container_workspace}
04-26 15:41:30.146 D/b/387844520( 1219): getOutlineOffsetX: measured width = 0, mNormalizedIconSize = 159, last updated width = 0
04-26 15:41:30.146 D/Launcher.Workspace( 1219): addInScreenFromBind: hotseat inflation with x = 3 and y = 0
04-26 15:41:30.146 D/CellLayout( 1219): Adding view to ShortcutsAndWidgetsContainer: com.android.launcher3.views.PredictedAppIcon{b3abd7f VFED..C.. ......ID 0,0-0,0}
04-26 15:41:30.151 D/AllAppsStore( 1219): setApps: apps.length=21
04-26 15:41:30.151 D/AllAppsStore( 1219): notifyUpdate: notifying listeners
04-26 15:41:30.151 D/ActivityAllAppsContainerView( 1219): onAppsUpdated; number of apps: 21
04-26 15:41:30.151 D/ActivityAllAppsContainerView( 1219): rebindAdapters: force: false
04-26 15:41:30.151 D/ActivityAllAppsContainerView( 1219): rebindAdapters: Not needed.
04-26 15:41:30.151 D/StatsLog( 1219): LAUNCHER_ALLAPPS_COUNT
04-26 15:41:30.151 D/AlphabeticalAppsList( 1219): Clearing FastScrollerSections.
04-26 15:41:30.151 D/AlphabeticalAppsList( 1219): Adding apps with sections. HasPrivateApps: false
04-26 15:41:30.151 D/AlphabeticalAppsList( 1219): addAppsWithSections: adding sectionName: C with appInfoTitle: Calendar
04-26 15:41:30.151 D/AlphabeticalAppsList( 1219): addAppsWithSections: adding sectionName: D with appInfoTitle: Drive
04-26 15:41:30.151 D/AlphabeticalAppsList( 1219): addAppsWithSections: adding sectionName: F with appInfoTitle: Files
04-26 15:41:30.151 D/AlphabeticalAppsList( 1219): addAppsWithSections: adding sectionName: G with appInfoTitle: Glasses
04-26 15:41:30.151 D/AlphabeticalAppsList( 1219): addAppsWithSections: adding sectionName: M with appInfoTitle: Maps
04-26 15:41:30.151 D/AlphabeticalAppsList( 1219): addAppsWithSections: adding sectionName: P with appInfoTitle: Phone
04-26 15:41:30.151 D/AlphabeticalAppsList( 1219): addAppsWithSections: adding sectionName: S with appInfoTitle: Safety
04-26 15:41:30.151 D/AlphabeticalAppsList( 1219): addAppsWithSections: adding sectionName: T with appInfoTitle: TMoble
04-26 15:41:30.151 D/AlphabeticalAppsList( 1219): addAppsWithSections: adding sectionName: Y with appInfoTitle: YouTube
04-26 15:41:30.151 D/AlphabeticalAppsList( 1219): Adding FastScrollSection duplicate to scroll to the bottom.
04-26 15:41:30.151 I/AiAiEcho( 3743): Predicting[0]:  [CONTEXT sampling_count=5 ]
04-26 15:41:30.151 D/AlphabeticalAppsList( 1219): Clearing FastScrollerSections.
04-26 15:41:30.151 D/AlphabeticalAppsList( 1219): Adding apps with sections. HasPrivateApps: false
04-26 15:41:30.152 D/AlphabeticalAppsList( 1219): addAppsWithSections: adding sectionName: C with appInfoTitle: Calendar
04-26 15:41:30.152 D/AlphabeticalAppsList( 1219): addAppsWithSections: adding sectionName: D with appInfoTitle: Drive
04-26 15:41:30.152 D/AlphabeticalAppsList( 1219): addAppsWithSections: adding sectionName: F with appInfoTitle: Files
04-26 15:41:30.152 D/AlphabeticalAppsList( 1219): addAppsWithSections: adding sectionName: G with appInfoTitle: Glasses
04-26 15:41:30.152 D/AlphabeticalAppsList( 1219): addAppsWithSections: adding sectionName: M with appInfoTitle: Maps
04-26 15:41:30.152 D/AlphabeticalAppsList( 1219): addAppsWithSections: adding sectionName: P with appInfoTitle: Phone
04-26 15:41:30.152 D/AlphabeticalAppsList( 1219): addAppsWithSections: adding sectionName: S with appInfoTitle: Safety
04-26 15:41:30.152 D/AlphabeticalAppsList( 1219): addAppsWithSections: adding sectionName: T with appInfoTitle: TMoble
04-26 15:41:30.152 D/AlphabeticalAppsList( 1219): addAppsWithSections: adding sectionName: Y with appInfoTitle: YouTube
04-26 15:41:30.153 I/MuMain  ( 5343): MuMainActivity onCreate
04-26 15:41:30.153 D/AlphabeticalAppsList( 1219): Adding FastScrollSection duplicate to scroll to the bottom.
04-26 15:41:30.152 I/AiAiEcho( 3743): EchoTargets: 
04-26 15:41:30.152 I/AiAiEcho( 3743): Filtered by AiAi flag check: 
04-26 15:41:30.152 I/AiAiEcho( 3743): [CONTEXT ratelimit_period="10 SECONDS" ]
04-26 15:41:30.155 I/AiAiEcho( 3743): #remoteViewsTwiddler: feature disabled.
04-26 15:41:30.155 D/AlphabeticIndexCompat( 1219): computeSectionName: cs: Settings sectionName: S
04-26 15:41:30.155 I/AiAiEcho( 3743): Predicting[0]:  [CONTEXT sampling_count=5 ]
04-26 15:41:30.156 D/AlphabeticIndexCompat( 1219): computeSectionName: cs: Photos sectionName: P
04-26 15:41:30.157 D/AlphabeticIndexCompat( 1219): computeSectionName: cs: Battery sectionName: B
04-26 15:41:30.158 D/AlphabeticIndexCompat( 1219): computeSectionName: cs: Chrome sectionName: C
04-26 15:41:30.158 D/AlphabeticIndexCompat( 1219): computeSectionName: cs: Gmail sectionName: G
04-26 15:41:30.158 D/AlphabeticIndexCompat( 1219): computeSectionName: cs: Drive sectionName: D
04-26 15:41:30.159 D/AlphabeticIndexCompat( 1219): computeSectionName: cs: Clock sectionName: C
04-26 15:41:30.159 I/AiAiEcho( 3743): EchoTargets: 
04-26 15:41:30.159 I/AiAiEcho( 3743): Filtered by AiAi flag check: 
04-26 15:41:30.159 I/AiAiEcho( 3743): [CONTEXT ratelimit_period="10 SECONDS" ]
04-26 15:41:30.159 D/AlphabeticIndexCompat( 1219): computeSectionName: cs: Contacts sectionName: C
04-26 15:41:30.159 D/AlphabeticIndexCompat( 1219): computeSectionName: cs: Calendar sectionName: C
04-26 15:41:30.160 I/AiAiEcho( 3743): #remoteViewsTwiddler: feature disabled.
04-26 15:41:30.161 I/MuMain  ( 5343): extractGameAssets -> /storage/emulated/0/Android/data/com.muonline.client/files
04-26 15:41:30.164 I/AiAiEcho( 3743): #postPredictionTargets: Sending updates to UISurface lockscreen with targets# 0 (types=[])
04-26 15:41:30.165 I/AiAiEcho( 3743): SearchContextManagerImpl::setSearchContext resultTypes=[139867] extras=[Bundle[{launcher.maxInlineIcons=3, dynamic_ranking_m3_enabled=true, qs_tiles_asi_enabled=true, allowlist_enabled=false, one_search_enabled=true, system_clock=true, version_code=12, gms_play_query_lower_bound=2, gms_play_query_upper_bound=20, recent_search_block_enabled=true, gms_play_feature_supported=true, launcher.gridSize=4, showhiddentargets_enabled=false, ose_info=1}]] sessionId=[com.google.android.apps.nexuslauncher:f6ec2ffc-02f1-4fe2-923e-aeea99c806f6,0]
04-26 15:41:30.165 I/AiAiEcho( 3743): #postPredictionTargets: Sending updates to UISurface home with targets# 0 (types=[])
04-26 15:41:30.172 V/SDL     ( 5343): Device: emu64xa16k
04-26 15:41:30.173 V/SDL     ( 5343): Model: sdk_gphone16k_x86_64
04-26 15:41:30.173 V/SDL     ( 5343): onCreate()
04-26 15:41:30.174 D/AlphabeticIndexCompat( 1219): computeSectionName: cs: Maps sectionName: M
04-26 15:41:30.174 W/PlayCommon( 4276): [86] No account for auth token provided
04-26 15:41:30.174 I/PlayCommon( 4276): [86] Connecting to server: https://play.googleapis.com/play/log?format=raw&proto_v2=true
04-26 15:41:30.175 I/s.nexuslauncher( 1219): Waiting for a blocking GC ProfileSaver
04-26 15:41:30.176 D/SearchTargetUtil( 1219): queryLength=0 size=1
04-26 15:41:30.176 D/AlphabeticIndexCompat( 1219): computeSectionName: cs: YouTube Music sectionName: Y
04-26 15:41:30.176 D/SearchTargetUtil( 1219): layoutType=icon_row resultType=4096 packageName=
04-26 15:41:30.177 I/AiAiEcho( 3743): Predicting[0]:  [CONTEXT sampling_count=5 ]
04-26 15:41:30.177 I/AiAiEcho( 3743): EchoTargets: 
04-26 15:41:30.177 I/AiAiEcho( 3743): Filtered by AiAi flag check: 
04-26 15:41:30.177 I/AiAiEcho( 3743): [CONTEXT ratelimit_period="10 SECONDS" ]
04-26 15:41:30.177 I/AiAiEcho( 3743): #remoteViewsTwiddler: feature disabled.
04-26 15:41:30.178 D/AlphabeticIndexCompat( 1219): computeSectionName: cs: YouTube sectionName: Y
04-26 15:41:30.178 I/AiAiEcho( 3743): Predicting[0]:  [CONTEXT sampling_count=5 ]
04-26 15:41:30.178 I/AiAiEcho( 3743): EchoTargets: 
04-26 15:41:30.178 I/AiAiEcho( 3743): Filtered by AiAi flag check: 
04-26 15:41:30.178 I/AiAiEcho( 3743): [CONTEXT ratelimit_period="10 SECONDS" ]
04-26 15:41:30.178 D/AlphabeticIndexCompat( 1219): computeSectionName: cs: Google sectionName: G
04-26 15:41:30.179 D/AlphabeticIndexCompat( 1219): computeSectionName: cs: Android System Intelligence sectionName: A
04-26 15:41:30.180 D/nativeloader( 5343): Load /data/app/~~5nhHV9BqPIpxj3LtPWuhzQ==/com.muonline.client-xHaxqqdQytFQLQs3nbkMHQ==/lib/x86_64/libmpg123.so using class loader ns clns-9 (caller=/data/app/~~5nhHV9BqPIpxj3LtPWuhzQ==/com.muonline.client-xHaxqqdQytFQLQs3nbkMHQ==/base.apk): ok
04-26 15:41:30.180 D/AlphabeticIndexCompat( 1219): computeSectionName: cs: Digital Wellbeing sectionName: D
04-26 15:41:30.180 D/AlphabeticIndexCompat( 1219): computeSectionName: cs: Conversations sectionName: C
04-26 15:41:30.181 I/AiAiEcho( 3743): #remoteViewsTwiddler: feature disabled.
04-26 15:41:30.181 D/nativeloader( 5343): Load /data/app/~~5nhHV9BqPIpxj3LtPWuhzQ==/com.muonline.client-xHaxqqdQytFQLQs3nbkMHQ==/lib/x86_64/libSDL2.so using class loader ns clns-9 (caller=/data/app/~~5nhHV9BqPIpxj3LtPWuhzQ==/com.muonline.client-xHaxqqdQytFQLQs3nbkMHQ==/base.apk): ok
04-26 15:41:30.181 I/AiAiEcho( 3743): #postPredictionTargets: Sending updates to UISurface lockscreen with targets# 0 (types=[])
04-26 15:41:30.182 D/nativeloader( 5343): Load /data/app/~~5nhHV9BqPIpxj3LtPWuhzQ==/com.muonline.client-xHaxqqdQytFQLQs3nbkMHQ==/lib/x86_64/libSDL2_image.so using class loader ns clns-9 (caller=/data/app/~~5nhHV9BqPIpxj3LtPWuhzQ==/com.muonline.client-xHaxqqdQytFQLQs3nbkMHQ==/base.apk): ok
04-26 15:41:30.183 W/PlayCommon( 4164): [80] No account for auth token provided
04-26 15:41:30.183 D/nativeloader( 5343): Load /data/app/~~5nhHV9BqPIpxj3LtPWuhzQ==/com.muonline.client-xHaxqqdQytFQLQs3nbkMHQ==/lib/x86_64/libSDL2_mixer.so using class loader ns clns-9 (caller=/data/app/~~5nhHV9BqPIpxj3LtPWuhzQ==/com.muonline.client-xHaxqqdQytFQLQs3nbkMHQ==/base.apk): ok
04-26 15:41:30.183 I/PlayCommon( 4164): [80] Connecting to server: https://play.googleapis.com/play/log?format=raw&proto_v2=true
04-26 15:41:30.183 D/nativeloader( 5343): Load /data/app/~~5nhHV9BqPIpxj3LtPWuhzQ==/com.muonline.client-xHaxqqdQytFQLQs3nbkMHQ==/lib/x86_64/libSDL2_ttf.so using class loader ns clns-9 (caller=/data/app/~~5nhHV9BqPIpxj3LtPWuhzQ==/com.muonline.client-xHaxqqdQytFQLQs3nbkMHQ==/base.apk): ok
04-26 15:41:30.184 D/nativeloader( 5343): Load /data/app/~~5nhHV9BqPIpxj3LtPWuhzQ==/com.muonline.client-xHaxqqdQytFQLQs3nbkMHQ==/lib/x86_64/libSDL_net.so using class loader ns clns-9 (caller=/data/app/~~5nhHV9BqPIpxj3LtPWuhzQ==/com.muonline.client-xHaxqqdQytFQLQs3nbkMHQ==/base.apk): ok
04-26 15:41:30.185 D/nativeloader( 5343): Load /data/app/~~5nhHV9BqPIpxj3LtPWuhzQ==/com.muonline.client-xHaxqqdQytFQLQs3nbkMHQ==/lib/x86_64/libbotan.so using class loader ns clns-9 (caller=/data/app/~~5nhHV9BqPIpxj3LtPWuhzQ==/com.muonline.client-xHaxqqdQytFQLQs3nbkMHQ==/base.apk): ok
04-26 15:41:30.185 I/AiAiEcho( 3743): #postPredictionTargets: Sending updates to UISurface home with targets# 0 (types=[])
04-26 15:41:30.186 I/MuMain  ( 5343): early chdir(/sdcard/.../files) = 0 (errno=88)
04-26 15:41:30.198 D/nativeloader( 5343): Load /data/app/~~5nhHV9BqPIpxj3LtPWuhzQ==/com.muonline.client-xHaxqqdQytFQLQs3nbkMHQ==/lib/x86_64/libmain.so using class loader ns clns-9 (caller=/data/app/~~5nhHV9BqPIpxj3LtPWuhzQ==/com.muonline.client-xHaxqqdQytFQLQs3nbkMHQ==/base.apk): ok
04-26 15:41:30.198 V/SDL     ( 5343): nativeSetupJNI()
04-26 15:41:30.199 V/SDL     ( 5343): AUDIO nativeSetupJNI()
04-26 15:41:30.199 V/SDL     ( 5343): CONTROLLER nativeSetupJNI()
04-26 15:41:30.199 I/s.nexuslauncher( 1219): WaitForGcToComplete blocked ProfileSaver on Background for 23.390ms
04-26 15:41:30.199 E/s.nexuslauncher( 1219): Invalid resource ID 0x00000000.
04-26 15:41:30.198 I/OseWidgetView( 1219): setAppWidget providerInfo= AppWidgetProviderInfo(UserHandle{0}/ComponentInfo{com.google.android.googlequicksearchbox/com.google.android.apps.gsa.staticplugins.searchwidget.GoogleSearchWidgetProvider})
04-26 15:41:30.199 I/OseWidgetView( 1219): updateAppWidget view= android.widget.RemoteViews@a174522
04-26 15:41:30.201 D/AudioSystem( 5343): onNewService: media.audio_policy service obtained 0x73401cab3e70
04-26 15:41:30.203 D/AudioSystem( 5343): getService: IAudioPolicyService retrieved: 0x73401cab3e70  cached: 0x73401cab3e70
04-26 15:41:30.204 D/NativePermissionController(  560): checkPermission: missing 13 for 10230
04-26 15:41:30.205 D/NativePermissionController(  560): checkPermission: missing 13 for 10230
04-26 15:41:30.206 D/OverviewActionsView( 1219): updateActionButtonsVisibility() called: showSingleTaskActions = [true], showGroupActions = [false]
04-26 15:41:30.207 D/LauncherStateManager( 1219): StateManager.cancelAnimation: animation ongoing: false, partial trace:
04-26 15:41:30.207 D/LauncherStateManager( 1219): 	at com.android.launcher3.statemanager.StateManager.reapplyState(go/retraceme 7226a759aa2bb3787a79806f85d80eaad84f1f1e15acd6db988f2df789d1680d:39)
04-26 15:41:30.207 D/LauncherStateManager( 1219): 	at com.android.launcher3.LauncherRootView.updateInsets(go/retraceme 7226a759aa2bb3787a79806f85d80eaad84f1f1e15acd6db988f2df789d1680d:55)
04-26 15:41:30.207 D/LauncherStateManager( 1219): 	at com.android.launcher3.LauncherRootView.dispatchInsets(go/retraceme 7226a759aa2bb3787a79806f85d80eaad84f1f1e15acd6db988f2df789d1680d:10)
04-26 15:41:30.207 D/NativePermissionController(  560): checkPermission: missing 13 for 10230
04-26 15:41:30.208 D/AllAppsTransitionController( 1219): shouldProtectHeader: false skipScrim: false state: Normal stateManager.getState(): Normal
04-26 15:41:30.208 D/KeyboardInsetsHandler( 1219): setState, toState:Normal StateManager(mLastStableState:Normal, mCurrentStableState:Normal, mState:Normal, mRestState:null, isInTransition:false)
04-26 15:41:30.208 D/KeyboardInsetsHandler( 1219): removePendingImeController: pendingImeController=null
04-26 15:41:30.208 D/KeyboardStateManager( 1219): hideKeyboard
04-26 15:41:30.208 D/KeyboardStateManager( 1219): isImeShown: false
04-26 15:41:30.209 D/NativePermissionController(  560): checkPermission: missing 13 for 10230
04-26 15:41:30.209 D/OverviewActionsView( 1219): updateActionButtonsVisibility() called: showSingleTaskActions = [true], showGroupActions = [false]
04-26 15:41:30.211 D/b/475447538( 1219): Rotation Helper = [mStateHandlerRequest=0, mCurrentStateRequest=0, mLastActivityFlags=5, mIgnoreAutoRotateSettings=false, mForceAllowRotationForTesting=false, mDestroyed=false, mIsFixedLandscape=false]
04-26 15:41:30.211 D/BaseActivity( 1219): Launcher flags updated: [state_started] +[state_started]
