04-26 20:34:16.493  1036  1091 V WindowManagerShell:         {m=CLOSE f=FILLS_TASK|IS_BEHIND_STARTING_WINDOW p=WCT{android.os.BinderProxy@cc9010c} leash=Surface(name=ActivityRecord{230885002 u0 com.muonline.client/.PreloadActivity t117}#1600)/@0x9047622 sb=Rect(0, 0 - 2400, 1080) eb=Rect(0, 0 - 2400, 1080) epz=Point(2400, 1080) d=0 bc=ff000000 activity=ActivityTransitionInfo { component = ComponentInfo{com.muonline.client/com.muonline.client.PreloadActivity}, taskId = 117, appCompatTransitionInfo = AppCompatTransitionInfo { letterboxBounds = Rect(132, 0 - 2400, 1080), hasRoundedCorners = false } }},
04-26 20:34:16.493  1036  1091 V WindowManagerShell:         {m=CHANGE f=NONE leash=Surface(name=Task=117#1599)/@0x330d8b3 sb=Rect(0, 0 - 2400, 1080) eb=Rect(0, 0 - 2400, 1080) epz=Point(2400, 1080) d=0 taskParent=-1 winMode=1 userId=0}
04-26 20:34:16.493  1036  1091 V WindowManagerShell:     ]}
04-26 20:34:16.493  1036  1091 V WindowManagerShell: Playing animation for (#146) android.os.BinderProxy@bcdfd3b@0
04-26 20:34:16.493  1036  1091 D ShellSplitScreen: startAnimation: transition=146 isSplitActive=false
04-26 20:34:16.493  1036  1091 V ShellRecents: RecentsTransitionHandler.startAnimation: no controller found
04-26 20:34:16.493  1036  1091 V ShellDesktopMode: DesktopMixedTransitionHandler: No pending desktop transition
04-26 20:34:16.493  1036  1091 V WindowManagerShell: Transition doesn't have explicit remote, search filters for match for {id=146 t=OPEN f=0x0 trk=0 r=[0@Point(0, 0)] c=[{m=OPEN f=FILLS_TASK p=WCT{android.os.BinderProxy@cc9010c} leash=Surface(name=ActivityRecord{6637969 u0 com.muonline.client/.MuMainActivity t117}#1618)/@0xe3d77ed sb=Rect(0, 0 - 0, 0) eb=Rect(0, 0 - 2400, 1080) epz=Point(2400, 1080) d=-1->0 r=-1->1:-1 bc=ff000000 activity=ActivityTransitionInfo { component = ComponentInfo{com.muonline.client/com.muonline.client.MuMainActivity}, taskId = 117, appCompatTransitionInfo = AppCompatTransitionInfo { letterboxBounds = Rect(132, 0 - 2400, 1080), hasRoundedCorners = false } }},{m=CLOSE f=FILLS_TASK|IS_BEHIND_STARTING_WINDOW p=WCT{android.os.BinderProxy@cc9010c} leash=Surface(name=ActivityRecord{230885002 u0 com.muonline.client/.PreloadActivity t117}#1600)/@0x9047622 sb=Rect(0, 0 - 2400, 1080) eb=Rect(0, 0 - 2400, 1080) epz=Point(2400, 1080) d=0 bc=ff000000 activity=ActivityTransitionInfo { component = ComponentInfo{com.muonline.client/com.muonline.client.PreloadActivity}, taskId = 117, appCompatTransitionInfo = AppCompatTransitionInfo { letterboxBounds = Rect(132, 0 - 2400, 1080), hasRoundedCorners = false } }},{m=CHANGE f=NONE leash=Surface(name=Task=117#1599)/@0x330d8b3 sb=Rect(0, 0 - 2400, 1080) eb=Rect(0, 0 - 2400, 1080) epz=Point(2400, 1080) d=0 taskParent=-1 winMode=1 userId=0}]}
04-26 20:34:16.494  1036  1091 V WindowManagerShell:  Checking filter Pair{{types=[] flags=0x0 notFlags=0x0 checks=[{atype=undefined independent=true modes=[CLOSE,TO_BACK] flags=IN_TASK_WITH_EMBEDDED_ACTIVITY mustBeTask=false order=ANY topActivity=null launchCookie=null taskFragmentToken=android.os.BinderProxy@e90ae30 windowingMode=undefined isCrossDisplayMove=false}]} RemoteTransition { remoteTransition = android.window.IRemoteTransition$Stub$Proxy@1ccfaa9, appThread = android.app.IApplicationThread$Stub$Proxy@5c682e, debugName = overlayBackTransition, filter = {types=[] flags=0x0 notFlags=0x0 checks=[{atype=undefined independent=true modes=[CLOSE,TO_BACK] flags=IN_TASK_WITH_EMBEDDED_ACTIVITY mustBeTask=false order=ANY topActivity=null launchCookie=null taskFragmentToken=android.os.BinderProxy@e90ae30 windowingMode=undefined isCrossDisplayMove=false}]} }}
04-26 20:34:16.494  1036  1091 V WindowManagerShell:  Checking filter Pair{{types=[] flags=0x0 notFlags=0x0 checks=[{atype=dream independent=true modes=[OPEN,TO_FRONT] flags=NONE mustBeTask=false order=ANY topActivity=null launchCookie=null windowingMode=undefined isCrossDisplayMove=false},{atype=home independent=true modes=[CLOSE,TO_BACK] flags=NONE mustBeTask=false order=ANY topActivity=null launchCookie=null windowingMode=undefined isCrossDisplayMove=false}]} RemoteTransition { remoteTransition = android.window.IRemoteTransition$Stub$Proxy@aa8fcf, appThread = android.app.IApplicationThread$Stub$Proxy@98a7d5c, debugName = LauncherToDream, filter = {types=[] flags=0x0 notFlags=0x0 checks=[{atype=dream independent=true modes=[OPEN,TO_FRONT] flags=NONE mustBeTask=false order=ANY topActivity=null launchCookie=null windowingMode=undefined isCrossDisplayMove=false},{atype=home independent=true modes=[CLOSE,TO_BACK] flags=NONE mustBeTask=false order=ANY topActivity=null launchCookie=null windowingMode=undefined isCrossDisplayMove=false}]} }}
04-26 20:34:16.494  1036  1091 V WindowManagerShell:  Checking filter Pair{{types=[] flags=0x0 notFlags=0x0 checks=[{atype=standard independent=false modes=[CHANGE] flags=NONE mustBeTask=true order=ANY topActivity=null launchCookie=null windowingMode=undefined isCrossDisplayMove=true}]} RemoteTransition { remoteTransition = android.window.IRemoteTransition$Stub$Proxy@3519865, appThread = android.app.IApplicationThread$Stub$Proxy@94ad93a, debugName = QuickstepDisplayMove, filter = {types=[] flags=0x0 notFlags=0x0 checks=[{atype=standard independent=false modes=[CHANGE] flags=NONE mustBeTask=true order=ANY topActivity=null launchCookie=null windowingMode=undefined isCrossDisplayMove=true}]} }}
04-26 20:34:16.494  1036  1091 V WindowManagerShell:  Checking filter Pair{{types=[] flags=0x0 notFlags=0x100 checks=[{atype=home independent=true modes=[OPEN,TO_FRONT] flags=NONE mustBeTask=false order=ANY topActivity=ComponentInfo{com.google.android.apps.nexuslauncher/com.google.android.apps.nexuslauncher.NexusLauncherActivity} launchCookie=null windowingMode=undefined isCrossDisplayMove=false},{atype=standard independent=true modes=[CLOSE,TO_BACK] flags=NONE mustBeTask=false order=ANY topActivity=null launchCookie=null windowingMode=undefined isCrossDisplayMove=false},{NOT atype=undefined independent=true modes=[] flags=NONE mustBeTask=true order=ANY topActivity=null launchCookie=null customAnim=true windowingMode=undefined isCrossDisplayMove=false}]} RemoteTransition { remoteTransition = android.window.IRemoteTransition$Stub$Proxy@fea59eb, appThread = android.app.IApplicationThread$Stub$Proxy@4f01348, debugName = QuickstepLaunchHome, filter = {types=[] flags=0x0 notFlags=0x100 checks=[{atype=home independent=true modes=[OPEN,TO_FRONT] flags=NONE mustBeTask=false order=ANY topActivity=ComponentInfo{com.google.android.apps.nexuslauncher/com.google.android.apps.nexuslauncher.NexusLauncherActivity} launchCookie=null windowingMode=undefined isCrossDisplayMove=false},{atype=standard independent=true modes=[CLOSE,TO_BACK] flags=NONE mustBeTask=false order=ANY topActivity=null launchCookie=null windowingMode=undefined isCrossDisplayMove=false},{NOT atype=undefined independent=true modes=[] flags=NONE mustBeTask=true order=ANY topActivity=null launchCookie=null customAnim=true windowingMode=undefined isCrossDisplayMove=false}]} }}
04-26 20:34:16.495  1036  1091 V WindowManagerShell:  Checking filter Pair{{types=[OPEN,TO_FRONT] flags=0x0 notFlags=0x0 checks=[{atype=standard independent=true modes=[OPEN,TO_FRONT] flags=NONE mustBeTask=true order=ANY topActivity=null launchCookie=null windowingMode=freeform isCrossDisplayMove=false}]} RemoteTransition { remoteTransition = android.window.IRemoteTransition$Stub$Proxy@5987ffe, appThread = null, debugName = DesktopWindowLimitUnminimize, filter = {types=[OPEN,TO_FRONT] flags=0x0 notFlags=0x0 checks=[{atype=standard independent=true modes=[OPEN,TO_FRONT] flags=NONE mustBeTask=true order=ANY topActivity=null launchCookie=null windowingMode=freeform isCrossDisplayMove=false}]} }}
04-26 20:34:16.495  1036  1091 V WindowManagerShell:  Delegate animation for (#146) to null
04-26 20:34:16.495  1036  1091 V WindowManagerShell: start default transition animation, info = {id=146 t=OPEN f=0x0 trk=0 r=[0@Point(0, 0)] c=[{m=OPEN f=FILLS_TASK p=WCT{android.os.BinderProxy@cc9010c} leash=Surface(name=ActivityRecord{6637969 u0 com.muonline.client/.MuMainActivity t117}#1618)/@0xe3d77ed sb=Rect(0, 0 - 0, 0) eb=Rect(0, 0 - 2400, 1080) epz=Point(2400, 1080) d=-1->0 r=-1->1:-1 bc=ff000000 activity=ActivityTransitionInfo { component = ComponentInfo{com.muonline.client/com.muonline.client.MuMainActivity}, taskId = 117, appCompatTransitionInfo = AppCompatTransitionInfo { letterboxBounds = Rect(132, 0 - 2400, 1080), hasRoundedCorners = false } }},{m=CLOSE f=FILLS_TASK|IS_BEHIND_STARTING_WINDOW p=WCT{android.os.BinderProxy@cc9010c} leash=Surface(name=ActivityRecord{230885002 u0 com.muonline.client/.PreloadActivity t117}#1600)/@0x9047622 sb=Rect(0, 0 - 2400, 1080) eb=Rect(0, 0 - 2400, 1080) epz=Point(2400, 1080) d=0 bc=ff000000 activity=ActivityTransitionInfo { component = ComponentInfo{com.muonline.client/com.muonline.client.PreloadActivity}, taskId = 117, appCompatTransitionInfo = AppCompatTransitionInfo { letterboxBounds = Rect(132, 0 - 2400, 1080), hasRoundedCorners = false } }},{m=CHANGE f=NONE leash=Surface(name=Task=117#1599)/@0x330d8b3 sb=Rect(0, 0 - 2400, 1080) eb=Rect(0, 0 - 2400, 1080) epz=Point(2400, 1080) d=0 taskParent=-1 winMode=1 userId=0}]}
04-26 20:34:16.495  1036  1091 V WindowManagerShell: loadAnimation: anim=android.view.animation.AnimationSet@6d3919c animAttr=0x5 type=OPEN isEntrance=false
04-26 20:34:16.498   736  1954 I ImeTracker: system_server:a6b0b9c5: onRequestHide at ORIGIN_SERVER reason IME_REQUESTED_CHANGED_LISTENER fromUser false displayId 0
04-26 20:34:16.498  1036  1091 V WindowManagerShell: loadAnimation: anim=android.view.animation.AnimationSet@1562b88 animAttr=0x4 type=OPEN isEntrance=true
04-26 20:34:16.501   736   762 I ImeTracker: system_server:a6b0b9c5: onCancelled at PHASE_SERVER_SHOULD_HIDE
04-26 20:34:16.501  1036  1091 V WindowManagerShell:  animated by com.android.wm.shell.transition.DefaultTransitionHandler@11f9e32
04-26 20:34:16.536 19303 19303 D InsetsController: Setting requestedVisibleTypes to 496 (was 503)
04-26 20:34:16.537 19303 19303 D VRI[MuMainActivity]: WindowInsets changed: statusBars:null navigationBars:null 
04-26 20:34:16.538 19303 19303 V SDL     : surfaceChanged()
04-26 20:34:16.538 19303 19303 V SDL     : Window size: 2268x1080
04-26 20:34:16.538 19303 19303 V SDL     : Device size: 2400x1080
04-26 20:34:16.546   566   598 I libbinder.BpBinder: onLastStrongRef automatically unlinking death recipients for binder (0x7eaa3606c2d0) with descriptor: '(not cached)'
04-26 20:34:16.558 19303 19345 I MuMain  : Screen size (drawable): 2268x943 (scale: 3.54 x 1.96)
04-26 20:34:16.574 19303 19345 I GL_Compat: GL_Compat_Init: OK (prog=3, vbo=1, ebo=2)
04-26 20:34:16.574 19303 19345 I MuRender: OpenGLCompat initialized (drawable=2268x943)
04-26 20:34:16.574 19303 19345 I MuMain  : Render backend active: OpenGLCompat
04-26 20:34:16.574 19303 19345 I GL_Compat: GL path switch: preferDirectVA=1
04-26 20:34:16.574 19303 19345 I MuMain  : GL compat VA policy: preferDirect=1 (emulator=1)
04-26 20:34:16.574 19303 19345 I AndroidGDI: SDL2_ttf initialized, defaultSize=15
04-26 20:34:16.576 19303 19345 I AndroidGDI: Font OK: /system/fonts/DroidSans.ttf sz=15
04-26 20:34:16.577 19303 19345 I AndroidGDI: Font OK: /system/fonts/DroidSans-Bold.ttf sz=15
04-26 20:34:16.577 19303 19345 I AndroidGDI: Font OK: /system/fonts/DroidSans-Bold.ttf sz=30
04-26 20:34:16.578 19303 19345 I AndroidGDI: Font OK: /system/fonts/DroidSans.ttf sz=14
04-26 20:34:16.578 19303 19345 I MuMain  : GDI fonts created: size=15 big=30
04-26 20:34:16.578 19303 19345 I MuMain  : Audio config: sound=1 music=1 rememberMe=0
04-26 20:34:16.578 19303 19345 I MuMain  : 
04-26 20:34:16.578 19303 19345 I MuMain  : Mix_Init requested=0x8 loaded=0x8
04-26 20:34:16.579 19303 19345 D AudioSystem: onNewServiceWithAdapter: media.audio_flinger service obtained 0x733fdca98e90
04-26 20:34:16.581   560   593 W AudioFlinger: onStateChanged: pid:19303  uid:10230  state:unfrozen
04-26 20:34:16.581 19303 19345 D AudioSystem: getService: IAudioFlingerService retrieved: 0x73401cab1580  IAudioFlinger cached: 0x733fdca98e90
04-26 20:34:16.581 19303 19345 D muonline.client: PlayerBase::PlayerBase()
04-26 20:34:16.581 19303 19345 D muonline.client: TrackPlayerBase::TrackPlayerBase()
04-26 20:34:16.581 19303 19345 I libOpenSLES: Emulating old channel mask behavior (ignoring positional mask 0x3, using default mask 0x3 based on channel count of 2)
04-26 20:34:16.582   560  5851 D NativePermissionController: checkPermission: missing 1 for 10230
04-26 20:34:16.582   560  5851 D NativePermissionController: checkPermission: missing 3 for 10230
04-26 20:34:16.582   560  5851 D NativePermissionController: checkPermission: missing 5 for 10230
04-26 20:34:16.583   560  5851 W AudioFlinger: createTrack_l(): mismatch between requested flags (00000104) and output flags (00000002)
04-26 20:34:16.583   560  5851 D AudioFlinger: Client defaulted notificationFrames to 882 for frameCount 4012
04-26 20:34:16.583   560  5851 I AF::AfPlaybackCommon: creating track with enforcement level 2 shouldHarden 1
04-26 20:34:16.586   521  6964 I RanchuHwc: logCompositionFallbackIfChanged: layer 494 CompositionType fallback from 2 to 1
04-26 20:34:16.586   521  6964 I RanchuHwc: logCompositionFallbackIfChanged: layer 495 CompositionType fallback from 2 to 1
04-26 20:34:16.586   521  6964 I RanchuHwc: logCompositionFallbackIfChanged: layer 488 CompositionType fallback from 3 to 1
04-26 20:34:16.587   566   616 W skia    : AGTM parsing failed flags.readFromStream(s) at 159
04-26 20:34:16.588   566   616 W skia    : AGTM parsing failed flags.readFromStream(s) at 159
04-26 20:34:16.588   566   616 W skia    : AGTM parsing failed flags.readFromStream(s) at 159
04-26 20:34:16.588   566   616 W skia    : AGTM parsing failed flags.readFromStream(s) at 159
04-26 20:34:16.588   566   616 W skia    : AGTM parsing failed flags.readFromStream(s) at 159
04-26 20:34:16.591 19303 19303 V SDL     : onWindowFocusChanged(): true
04-26 20:34:16.591 19303 19303 V SDL     : nativeFocusChanged()
04-26 20:34:16.593   736   881 I ImeTracker: com.muonline.client:9d36be41: onRequestHide at ORIGIN_SERVER reason HIDE_UNSPECIFIED_WINDOW fromUser false userId 0 displayId 0
04-26 20:34:16.594 19303 19303 D InsetsController: hide(ime())
04-26 20:34:16.594 19303 19303 I ImeTracker: com.muonline.client:9d36be41: onCancelled at PHASE_CLIENT_ALREADY_HIDDEN
04-26 20:34:16.594   736   881 W InputChannel-JNI: Channel already disposed.
04-26 20:34:16.595  4105  4105 I GoogleInputMethodService: GoogleInputMethodService.onFinishInput():2113 
04-26 20:34:16.596   736  2221 E AppOps  : attributionTag  not declared in manifest of com.muonline.client
04-26 20:34:16.597   736  1959 I ImeTracker: system_server:af9d338d: onRequestHide at ORIGIN_SERVER reason IME_REQUESTED_CHANGED_LISTENER fromUser false displayId 0
04-26 20:34:16.597  4105  4105 I Module  : DeviceLockedStatusModuleProvider$Module.updateDeviceLockedStatus():103 repeatCheckTimes = 0, locked = false
04-26 20:34:16.597   736   762 I ImeTracker: system_server:af9d338d: onCancelled at PHASE_SERVER_SHOULD_HIDE
04-26 20:34:16.598   736  1959 E AppOps  : attributionTag  not declared in manifest of com.muonline.client
04-26 20:34:16.603  4105  4105 I GoogleInputMethodService: GoogleInputMethodService.onStartInput():1384 onStartInput(EditorInfo{EditorInfo{packageName=com.muonline.client, inputType=0, inputTypeString=NULL, enableLearning=false, autoCorrection=false, autoComplete=false, imeOptions=0, privateImeOptions=null, actionName=UNSPECIFIED, actionLabel=null, initialSelStart=-1, initialSelEnd=-1, initialCapsMode=0, label=null, fieldId=0, fieldName=null, extras=null, hintText=null, hintLocales=[]}}, false)
04-26 20:34:16.603  4105  4105 W AndroidIME: LatinIMEBase.updateInputViewCoverNavigation():319 Null input view, cannot update padding!
04-26 20:34:16.605   566   616 W skia    : AGTM parsing failed flags.readFromStream(s) at 159
04-26 20:34:16.605   566   616 W skia    : AGTM parsing failed flags.readFromStream(s) at 159
04-26 20:34:16.605   566   616 W skia    : AGTM parsing failed flags.readFromStream(s) at 159
04-26 20:34:16.605   566   616 W skia    : AGTM parsing failed flags.readFromStream(s) at 159
04-26 20:34:16.605   566   616 W skia    : AGTM parsing failed flags.readFromStream(s) at 159
04-26 20:34:16.605  1174  1174 I bluetooth: system/btif/avrcp/avrcp_service.cc:533 SendMediaUpdate: track_changed=false :  play_state=true :  queue=false
04-26 20:34:16.605 19303 19347 D muonline.client: PlayerBase::stop() from IPlayer
04-26 20:34:16.605 19303 19347 D AudioTrack: stop(38): called with 0 frames delivered
04-26 20:34:16.605  1174  1174 E MediaControlProfile: onCurrentPlayerStateUpdated: base actions not supported, player actions= 0, expected at least= 7f
04-26 20:34:16.606  4105  4105 I Module  : DeviceLockedStatusModuleProvider$Module.updateDeviceLockedStatus():103 repeatCheckTimes = 1, locked = false
04-26 20:34:16.606 19303 19345 I MuMain  : SDL_mixer initialized (32 channels)
04-26 20:34:16.606 19303 19345 I MuMain  : INIT: srand
04-26 20:34:16.606 19303 19345 I MuMain  : INIT: alloc GateAttribute
04-26 20:34:16.606 19303 19345 I MuMain  : INIT: alloc SkillAttribute
04-26 20:34:16.606 19303 19345 I MuMain  : INIT: alloc ItemAttRibute
04-26 20:34:16.607 19303 19345 I MuMain  : INIT: alloc CharacterMemoryDump
04-26 20:34:16.607   736  1959 E AppOps  : attributionTag  not declared in manifest of com.muonline.client
04-26 20:34:16.607   736  1953 W PackageConfigPersister: App-specific configuration not found for packageName: com.muonline.client and userId: 0
04-26 20:34:16.607  1174  1174 W MediaControlGattService: Feature PLAYBACK_SPEED support: true
04-26 20:34:16.608  1174  1174 W MediaControlGattService: Feature PLAYBACK_SPEED support: true
04-26 20:34:16.608  1174  1174 W MediaControlGattService: Feature PLAYBACK_SPEED support: true
04-26 20:34:16.608  1174  1174 W MediaControlGattService: Feature PLAYBACK_SPEED_NOTIFY support: true
04-26 20:34:16.608   736  2221 E AppOps  : attributionTag  not declared in manifest of com.muonline.client
04-26 20:34:16.609  1174  1361 I BluetoothAdapterProperties: getBondedDevices: length=0
04-26 20:34:16.609 19303 19345 I MuMain  : INIT: alloc CharacterMachine
04-26 20:34:16.609 19303 19345 I MuMain  : INIT: CharacterMachine->Init()
04-26 20:34:16.609 19303 19345 I MuMain  : INIT: new UI objects
04-26 20:34:16.610   736  1957 E AppOps  : attributionTag  not declared in manifest of com.muonline.client
04-26 20:34:16.610 19303 19345 I MuMain  : INIT: BuffStateSystem::Make()
04-26 20:34:16.610 19303 19345 I MuMain  : INIT: MapProcess::Make()
04-26 20:34:16.611 19303 19345 I MuMain  : INIT: PetProcess::Make()
04-26 20:34:16.611 19303 19345 I MuMain  : INIT: CUIMng::Create()
04-26 20:34:16.611 19303 19345 I MuMain  : INIT: g_pNewUISystem->Create()
04-26 20:34:16.611   736  1959 E AppOps  : attributionTag  not declared in manifest of com.muonline.client
04-26 20:34:16.612  1174  1174 W MediaControlGattService: Feature TRACK_POSITION support: true
04-26 20:34:16.612  1174  1174 W MediaControlGattService: Feature TRACK_POSITION_NOTIFY support: true
04-26 20:34:16.612  1174  1174 W MediaControlGattService: Feature MEDIA_STATE support: true
04-26 20:34:16.616  1174  1361 I BluetoothAdapterProperties: getBondedDevices: length=0
04-26 20:34:16.616  1174  1174 W MediaControlGattService: Feature MEDIA_CONTROL_POINT_OPCODES_SUPPORTED support: true
04-26 20:34:16.616  1174  1174 W MediaControlGattService: Feature MEDIA_STATE support: true
04-26 20:34:16.616  1174  1174 W MediaControlGattService: Feature MEDIA_STATE support: true
04-26 20:34:16.617  1174  1361 I BluetoothAdapterProperties: getBondedDevices: length=0
04-26 20:34:16.617  1174  1174 W MediaControlGattService: Feature MEDIA_STATE support: true
04-26 20:34:16.618  1174  1174 W MediaControlGattService: Feature SEEKING_SPEED support: true
04-26 20:34:16.618  1174  1174 W MediaControlGattService: Feature SEEKING_SPEED support: true
04-26 20:34:16.618  1174  1174 W MediaControlGattService: Feature SEEKING_SPEED support: true
04-26 20:34:16.618  1174  1174 W MediaControlProfile: MCS service state fields left unhandled: 
04-26 20:34:16.618  1174  1174 W MediaControlProfile:    > PLAYER_NAME
04-26 20:34:16.618  1174  1174 W MediaControlProfile:    > PLAYING_ORDER_SUPPORTED
04-26 20:34:16.621   566   616 W skia    : AGTM parsing failed flags.readFromStream(s) at 159
04-26 20:34:16.621   566   616 W skia    : AGTM parsing failed flags.readFromStream(s) at 159
04-26 20:34:16.622   566   616 W skia    : AGTM parsing failed flags.readFromStream(s) at 159
04-26 20:34:16.622   566   616 W skia    : AGTM parsing failed flags.readFromStream(s) at 159
04-26 20:34:16.622   566   616 W skia    : AGTM parsing failed flags.readFromStream(s) at 159
04-26 20:34:16.628 19303 19345 I MuMain  : INIT: UI creation done
04-26 20:34:16.628 19303 19345 I MuMain  : VirtualPad: slots loaded version=4 idx=[-1,-1,-1,-1,-1] type=[0,0,0,0,0] path=Data/Local/android_touch_skill_slots.cfg
04-26 20:34:16.628 19303 19345 I MuMain  : VirtualPad slots: [-1,-1,-1,-1,-1]
04-26 20:34:16.628 19303 19345 I MuMain  : Android perf defaults: maxMsgPerCycle=70 targetFps=-1.0 fxScale=1.00 adaptive=on isEmulator=1
04-26 20:34:16.628 19303 19345 I MuMain  : SDL mixer volume set: level=5 sdl=71
04-26 20:34:16.628 19303 19345 I MuMain  : FPS overlay enabled
04-26 20:34:16.629 19303 19345 I MuMain  : All systems initialized — entering main loop
04-26 20:34:16.629 19303 19345 I MuMain  : Window resized → drawable: 2268x1080
04-26 20:34:16.629 19303 19345 I MuMain  : CHATIME IME state changed focused=0 sdlTextInput=1
04-26 20:34:16.629 19303 19345 I MuMain  : WEBZEN: enter
04-26 20:34:16.632 19303 19345 I MuMain  : WEBZEN: loading title bitmaps
04-26 20:34:16.634 19303 19345 I MuMain  : WEBZEN: OpenBasicData begin
04-26 20:34:16.635 19303 19345 I MuMain  : OPENBASIC: enter
04-26 20:34:16.635 19303 19345 I MuMain  : OPENBASIC: RenderTitle 0 begin
04-26 20:34:16.638   566   616 W skia    : AGTM parsing failed flags.readFromStream(s) at 159
04-26 20:34:16.638   566   616 W skia    : AGTM parsing failed flags.readFromStream(s) at 159
04-26 20:34:16.638 19303 19345 I MuMain  : OPENBASIC: RenderTitle 0 done
04-26 20:34:16.638 19303 19345 I MuMain  : OPENBASIC: first bitmap group begin
04-26 20:34:16.638   566   616 W skia    : AGTM parsing failed flags.readFromStream(s) at 159
04-26 20:34:16.638   566   616 W skia    : AGTM parsing failed flags.readFromStream(s) at 159
04-26 20:34:16.639   566   616 W skia    : AGTM parsing failed flags.readFromStream(s) at 159
04-26 20:34:16.653   566   616 W skia    : AGTM parsing failed flags.readFromStream(s) at 159
04-26 20:34:16.653   566   616 W skia    : AGTM parsing failed flags.readFromStream(s) at 159
04-26 20:34:16.653   566   616 W skia    : AGTM parsing failed flags.readFromStream(s) at 159
04-26 20:34:16.653   566   616 W skia    : AGTM parsing failed flags.readFromStream(s) at 159
04-26 20:34:16.653   566   616 W skia    : AGTM parsing failed flags.readFromStream(s) at 159
04-26 20:34:16.662 19303 19345 I MuMain  : OPENBASIC: first bitmap group done
04-26 20:34:16.670   566   616 W skia    : AGTM parsing failed flags.readFromStream(s) at 159
04-26 20:34:16.670   566   616 W skia    : AGTM parsing failed flags.readFromStream(s) at 159
04-26 20:34:16.670   566   616 W skia    : AGTM parsing failed flags.readFromStream(s) at 159
04-26 20:34:16.670   566   616 W skia    : AGTM parsing failed flags.readFromStream(s) at 159
04-26 20:34:16.670   566   616 W skia    : AGTM parsing failed flags.readFromStream(s) at 159
04-26 20:34:16.686   566   616 W skia    : AGTM parsing failed flags.readFromStream(s) at 159
04-26 20:34:16.686   566   616 W skia    : AGTM parsing failed flags.readFromStream(s) at 159
04-26 20:34:16.686   566   616 W skia    : AGTM parsing failed flags.readFromStream(s) at 159
04-26 20:34:16.686   566   616 W skia    : AGTM parsing failed flags.readFromStream(s) at 159
04-26 20:34:16.686   566   616 W skia    : AGTM parsing failed flags.readFromStream(s) at 159
04-26 20:34:16.699 19303 19345 I TakumiErrorReport: File not found Data\Effect\Shiny04.jpg (32118)->Data\Effect\Shiny05.jpg
04-26 20:34:16.703   566   616 W skia    : AGTM parsing failed flags.readFromStream(s) at 159
04-26 20:34:16.704   566   616 W skia    : AGTM parsing failed flags.readFromStream(s) at 159
04-26 20:34:16.704   566   616 W skia    : AGTM parsing failed flags.readFromStream(s) at 159
04-26 20:34:16.704   566   616 W skia    : AGTM parsing failed flags.readFromStream(s) at 159
04-26 20:34:16.704   566   616 W skia    : AGTM parsing failed flags.readFromStream(s) at 159
04-26 20:34:16.721   566   616 W skia    : AGTM parsing failed flags.readFromStream(s) at 159
04-26 20:34:16.721   566   616 W skia    : AGTM parsing failed flags.readFromStream(s) at 159
04-26 20:34:16.721   566   616 W skia    : AGTM parsing failed flags.readFromStream(s) at 159
04-26 20:34:16.721   566   616 W skia    : AGTM parsing failed flags.readFromStream(s) at 159
04-26 20:34:16.721   566   616 W skia    : AGTM parsing failed flags.readFromStream(s) at 159
04-26 20:34:16.737   566   616 W skia    : AGTM parsing failed flags.readFromStream(s) at 159
04-26 20:34:16.737   566   616 W skia    : AGTM parsing failed flags.readFromStream(s) at 159
04-26 20:34:16.737   566   616 W skia    : AGTM parsing failed flags.readFromStream(s) at 159
04-26 20:34:16.737   566   616 W skia    : AGTM parsing failed flags.readFromStream(s) at 159
04-26 20:34:16.738   566   616 W skia    : AGTM parsing failed flags.readFromStream(s) at 159
04-26 20:34:16.752   566   616 W skia    : AGTM parsing failed flags.readFromStream(s) at 159
04-26 20:34:16.753   566   616 W skia    : AGTM parsing failed flags.readFromStream(s) at 159
04-26 20:34:16.753   566   616 W skia    : AGTM parsing failed flags.readFromStream(s) at 159
04-26 20:34:16.753   566   616 W skia    : AGTM parsing failed flags.readFromStream(s) at 159
04-26 20:34:16.753   566   616 W skia    : AGTM parsing failed flags.readFromStream(s) at 159
04-26 20:34:16.762 19303 19345 I TakumiErrorReport: > First Load Files OK.
04-26 20:34:16.770   566   616 W skia    : AGTM parsing failed flags.readFromStream(s) at 159
04-26 20:34:16.770   566   616 W skia    : AGTM parsing failed flags.readFromStream(s) at 159
04-26 20:34:16.770   566   616 W skia    : AGTM parsing failed flags.readFromStream(s) at 159
04-26 20:34:16.770   566   616 W skia    : AGTM parsing failed flags.readFromStream(s) at 159
04-26 20:34:16.770   566   616 W skia    : AGTM parsing failed flags.readFromStream(s) at 159
04-26 20:34:16.788   566   616 W skia    : AGTM parsing failed flags.readFromStream(s) at 159
04-26 20:34:16.788   566   616 W skia    : AGTM parsing failed flags.readFromStream(s) at 159
04-26 20:34:16.788   566   616 W skia    : AGTM parsing failed flags.readFromStream(s) at 159
04-26 20:34:16.788   566   616 W skia    : AGTM parsing failed flags.readFromStream(s) at 159
04-26 20:34:16.788   566   616 W skia    : AGTM parsing failed flags.readFromStream(s) at 159
04-26 20:34:16.789  4164  4217 I Finsky  : [48] WM::SCH: Logging work initialize for 12-1
04-26 20:34:16.804   566   616 W skia    : AGTM parsing failed flags.readFromStream(s) at 159
04-26 20:34:16.805   566   616 W skia    : AGTM parsing failed flags.readFromStream(s) at 159
04-26 20:34:16.805   566   616 W skia    : AGTM parsing failed flags.readFromStream(s) at 159
04-26 20:34:16.805   566   616 W skia    : AGTM parsing failed flags.readFromStream(s) at 159
04-26 20:34:16.805   566   616 W skia    : AGTM parsing failed flags.readFromStream(s) at 159
04-26 20:34:16.805  4164  4217 I Finsky  : [48] WM::SCH: Logging work initialize for 12-1
04-26 20:34:16.822   566   616 W skia    : AGTM parsing failed flags.readFromStream(s) at 159
04-26 20:34:16.822   566   616 W skia    : AGTM parsing failed flags.readFromStream(s) at 159
04-26 20:34:16.822   566   616 W skia    : AGTM parsing failed flags.readFromStream(s) at 159
04-26 20:34:16.822   566   616 W skia    : AGTM parsing failed flags.readFromStream(s) at 159
04-26 20:34:16.822   566   616 W skia    : AGTM parsing failed flags.readFromStream(s) at 159
04-26 20:34:16.828  4164  4225 I Finsky  : [56] SCH: Scheduling phonesky job Id: 12-1, CT: 1777210455091, Constraints: [{ L: 15000, D: 86400000, C: CHARGING_NONE, I: IDLE_NONE, N: NET_ANY, B: BATTERY_ANY }]
04-26 20:34:16.837   566   616 W skia    : AGTM parsing failed flags.readFromStream(s) at 159
04-26 20:34:16.838   566   616 W skia    : AGTM parsing failed flags.readFromStream(s) at 159
04-26 20:34:16.838   566   616 W skia    : AGTM parsing failed flags.readFromStream(s) at 159
04-26 20:34:16.838   566   616 W skia    : AGTM parsing failed flags.readFromStream(s) at 159
04-26 20:34:16.838   566   616 W skia    : AGTM parsing failed flags.readFromStream(s) at 159
04-26 20:34:16.841   560   624 D AF::Track: interceptBuffer: took 807us to intercept 0 tracks
04-26 20:34:16.846  4164  4222 I Finsky  : [53] SCH: Scheduling 1 system job(s)
04-26 20:34:16.847  4164  4222 I Finsky  : [53] SCH: Scheduling system job Id: 9801, L: 13245, D: 43420841, C: false, I: false, N: 1
04-26 20:34:16.854   566   616 W skia    : AGTM parsing failed flags.readFromStream(s) at 159
04-26 20:34:16.854   566   616 W skia    : AGTM parsing failed flags.readFromStream(s) at 159
04-26 20:34:16.854   566   616 W skia    : AGTM parsing failed flags.readFromStream(s) at 159
04-26 20:34:16.854   566   616 W skia    : AGTM parsing failed flags.readFromStream(s) at 159
04-26 20:34:16.854   566   616 W skia    : AGTM parsing failed flags.readFromStream(s) at 159
04-26 20:34:16.871   566   616 W skia    : AGTM parsing failed flags.readFromStream(s) at 159
04-26 20:34:16.871   566   616 W skia    : AGTM parsing failed flags.readFromStream(s) at 159
04-26 20:34:16.871   566   616 W skia    : AGTM parsing failed flags.readFromStream(s) at 159
04-26 20:34:16.886   566   616 W skia    : AGTM parsing failed flags.readFromStream(s) at 159
04-26 20:34:16.887   566   616 W skia    : AGTM parsing failed flags.readFromStream(s) at 159
04-26 20:34:16.887   566   616 W skia    : AGTM parsing failed flags.readFromStream(s) at 159
04-26 20:34:16.893  4164  4223 I Finsky  : [54] SCH: Scheduling phonesky job Id: 12-1, CT: 1777210455220, Constraints: [{ L: 15000, D: 86400000, C: CHARGING_NONE, I: IDLE_NONE, N: NET_ANY, B: BATTERY_ANY }]
04-26 20:34:16.894  4164  4218 I Finsky  : [49] [ContentSync] finished, scheduled=true
04-26 20:34:16.900  4164  4224 I Finsky  : [55] SCH: Scheduling 0 system job(s)
04-26 20:34:16.902  4164  4224 I Finsky  : [55] [ContentSync] finished, scheduled=true
04-26 20:34:16.904   566   616 W skia    : AGTM parsing failed flags.readFromStream(s) at 159
04-26 20:34:16.905   566   616 W skia    : AGTM parsing failed flags.readFromStream(s) at 159
04-26 20:34:16.905   566   616 W skia    : AGTM parsing failed flags.readFromStream(s) at 159
04-26 20:34:16.908   736  2221 I ImeTracker: system_server:5c388cfe: onRequestHide at ORIGIN_SERVER reason IME_REQUESTED_CHANGED_LISTENER fromUser false displayId 0
04-26 20:34:16.909   736   762 I ImeTracker: system_server:5c388cfe: onCancelled at PHASE_SERVER_SHOULD_HIDE
04-26 20:34:16.920   566   616 W skia    : AGTM parsing failed flags.readFromStream(s) at 159
04-26 20:34:16.920   566   616 W skia    : AGTM parsing failed flags.readFromStream(s) at 159
04-26 20:34:16.920   566   616 W skia    : AGTM parsing failed flags.readFromStream(s) at 159
04-26 20:34:16.936   566   616 W skia    : AGTM parsing failed flags.readFromStream(s) at 159
04-26 20:34:16.937   566   616 W skia    : AGTM parsing failed flags.readFromStream(s) at 159
04-26 20:34:16.937   566   616 W skia    : AGTM parsing failed flags.readFromStream(s) at 159
04-26 20:34:16.953   566   616 W skia    : AGTM parsing failed flags.readFromStream(s) at 159
04-26 20:34:16.953   566   616 W skia    : AGTM parsing failed flags.readFromStream(s) at 159
04-26 20:34:16.953   566   616 W skia    : AGTM parsing failed flags.readFromStream(s) at 159
04-26 20:34:16.969  1036  1091 V WindowManagerShell: Transition animation finished (aborted=false), notifying core (#146) android.os.BinderProxy@bcdfd3b@0
04-26 20:34:16.969   566   616 W skia    : AGTM parsing failed flags.readFromStream(s) at 159
04-26 20:34:16.969   566   616 W skia    : AGTM parsing failed flags.readFromStream(s) at 159
04-26 20:34:16.969   566   616 W skia    : AGTM parsing failed flags.readFromStream(s) at 159
04-26 20:34:16.973   736   759 V WindowManager: Finish Transition (#146): created at 04-26 20:34:16.291 collect-started=0.049ms request-sent=5.501ms started=7.054ms ready=22.598ms sent=198.121ms commit=13.679ms finished=681.501ms
04-26 20:34:16.975 19303 19303 D VRI[PreloadActivity]: visibilityChanged oldVisibility=true newVisibility=false
04-26 20:34:16.979  1036  1091 V WindowManagerShell: Track 0 became idle
04-26 20:34:16.979  1036  1091 V WindowManagerShell: All active transition animations finished
04-26 20:34:16.992 19303 19303 D WindowOnBackDispatcher: setTopOnBackInvokedCallback (unwrapped): null
04-26 20:34:16.993   736  1959 D CoreBackPreview: Window{ca554a5 u0 com.muonline.client/com.muonline.client.PreloadActivity}: Setting back callback null
04-26 20:34:16.993 19303 19303 D ViewRootImpl: Skipping stats log for color mode
04-26 20:34:17.785 19303 19345 I MuMain  : OPENBASIC: OpenImages begin
04-26 20:34:17.787 19303 19345 I MuMain  : OPENBASIC: OpenImages done
04-26 20:34:17.788 19303 19345 I MuMain  : OPENBASIC: OpenSounds begin
04-26 20:34:17.788 19303 19345 I MuMain  : OPENBASIC: OpenSounds done
04-26 20:34:17.788 19303 19345 I MuMain  : OPENBASIC: scripts begin
04-26 20:34:17.793 19303 19345 I MuMain  : OPENBASIC: OpenTextData begin
04-26 20:34:17.796 19303 19345 I MuMain  : OPENBASIC: OpenTextData done
04-26 20:34:17.798 19303 19345 I MuMain  : OPENBASIC: master/gate/filter done
04-26 20:34:17.800 19303 19345 I MuMain  : WEBZEN: OpenBasicData done
04-26 20:34:17.827 19303 19345 I TakumiErrorReport: File not found Data\Interface\InGameShop\ingame_Bt_page_L.tga (32485)->Data\Custom\Maps\CRadar.tga
04-26 20:34:17.828 19303 19345 I TakumiErrorReport: File not found Data\Interface\InGameShop\IGS_Storage_Page.tga (32487)->Data\Custom\Maps\map_radar.tga
04-26 20:34:17.830 19303 19345 I TakumiErrorReport: File not found Data\Interface\InGameShop\IGS_Storage_Page_Left.tga (32488)->Data\Custom\Maps\background-tcp.tga
04-26 20:34:17.831 19303 19345 I TakumiErrorReport: File not found Data\Interface\InGameShop\IGS_Storage_Page_Right.tga (32489)->Data\Interface\newui_option_check.tga
04-26 20:34:17.896 19303 19345 I TakumiErrorReport: File not found Data\Interface\newui_item_back01.tga (31373)->Data\Interface\newui_item_back04.tga
04-26 20:34:17.897 19303 19345 I TakumiErrorReport: File not found Data\Interface\newui_item_back04.tga (31373)->Data\Interface\newui_item_back01.tga
04-26 20:34:17.900 19303 19345 I MuMain  : WEBZEN: LoadMainSceneInterface done
04-26 20:34:17.901 19303 19345 I TakumiErrorReport: > Loading ok.
04-26 20:34:17.903 19303 19345 E BLASTBufferQueue: [778fe58 SurfaceView[com.muonline.client/com.muonline.client.MuMainActivity]#2](f:0,a:0) rejecting buffer:active_size=2268x1080, requested_size=2268x1080 buffer{size=2268x943 transform=0}
04-26 20:34:17.956 19303 19345 I MuMain  : ADAPT fx scale: fps=0.8 frameMs=1327.78 1.00->0.90 target=0.55
04-26 20:34:17.957 19303 19345 I MuMain  : PERF fps=0.8 frameMs=1327.78 phase(render=1272.17 pad=0.03 present=55.30) renderLevel=4 fxScale=1.00 maxMsg=70 avg(draw=132 verts=792 im=132 vaD=0 vaC=0 qI=0 qE=0) max(draw=132 verts=792)
04-26 20:34:17.957 19303 19345 I MuMain  : PERF_SCENE world=-1 char(live=0 vis=0 ply=0 mon=0 npc=0 pet=0 prio=0 topMon=-1 x0) obj(live=0 vis=0 op=0 trap=0 topObj=-1 x0)
04-26 20:34:17.957 19303 19345 I MuMain  : PERF_BUCKET objMove(cand=0 upd=0 def=0 n=0 m=0 f=0) objRender(cand=0 draw=0 cull=0 n=0 m=0 f=0 visDraw=0 visDef=0) charMove(cand=0 upd=0 def=0 n=0 m=0 f=0) charRender(cand=0 draw=0 def=0 cull=0 n=0 m=0 f=0)
04-26 20:34:17.957 19303 19345 I MuMain  : PERF_TERRAIN world=-1 normal(block=0 tile=0) grass(block=0 tile=0) after(block=0 tile=0)
04-26 20:34:17.957 19303 19345 I MuMain  : Frame 0 — drawCalls=132 verts=792 paths(im=132 vaD=0 vaC=0 qI=0 qE=0) SDL_err='Couldn't open asset '/storage/emulated/0/Android/data/com.muonline.client/files/Data/fonts/font_.ttf''
04-26 20:34:17.961 19303 19345 I MuMain  : OpenTga logo file=Data\Logo\MU-logo.OZT size=512x256 alphaMin=0 alphaMax=255 alphaZero=80277 cornerRGBA=74,76,87,0
04-26 20:34:18.052 19303 19345 I TakumiErrorReport: File not found Data\World74\leaf01.tga (30357)->Data\World74\leaf01.jpg
04-26 20:34:18.056 19303 19345 I AndroidGDI: Font OK: /system/fonts/DroidSans-Bold.ttf sz=10
04-26 20:34:18.057 19303 19345 I TakumiErrorReport: [Connect to Server 33] ip address = 171.235.182.88, port = 44405
04-26 20:34:18.058 19303 19345 E MuMain  : PlayMp3 failed requested=[data\music\login_theme.mp3] resolved=[data/music/login_theme.mp3] reqExists=0 resolvedExists=0 cwd=[/storage/emulated/0/Android/data/com.muonline.client/files]: Couldn't open 'data/music/login_theme.mp3'
04-26 20:34:18.058 19303 19345 I TakumiErrorReport: > Login Scene init success.
04-26 20:34:18.069 19303 19345 I AndroidGDI: AndroidTextOut ENTRY len=34 hdc=0x733fdca9bdd0 bmp=0x733fdca9c190 text[0]=40
04-26 20:34:18.070 19303 19345 I AndroidGDI: TextOut surf=241x18 fmt=0x16362004 maxA=255 dib[0..2]=0,0,0
04-26 20:34:18.070 19303 19345 I AndroidGDI: AndroidTextOut ENTRY len=25 hdc=0x733fdca9bdd0 bmp=0x733fdca9c190 text[0]=32
04-26 20:34:18.071 19303 19345 I AndroidGDI: TextOut surf=177x18 fmt=0x16362004 maxA=255 dib[0..2]=0,0,0
04-26 20:34:18.071 19303 19345 I AndroidGDI: AndroidTextOut ENTRY len=14 hdc=0x733fdca9bdd0 bmp=0x733fdca9c190 text[0]=80
04-26 20:34:18.071 19303 19345 I AndroidGDI: TextOut surf=95x18 fmt=0x16362004 maxA=255 dib[0..2]=0,0,0
04-26 20:34:18.082 19303 19345 I MuMain  : Frame 1 — drawCalls=123 verts=43017 paths(im=885 vaD=0 vaC=0 qI=5 qE=0) SDL_err='Couldn't open 'data/music/login_theme.mp3''
04-26 20:34:18.105 19303 19345 I AndroidGDI: AndroidTextOut ENTRY len=34 hdc=0x733fdca9bdd0 bmp=0x733fdca9c190 text[0]=40
04-26 20:34:18.105 19303 19345 I AndroidGDI: TextOut surf=241x18 fmt=0x16362004 maxA=255 dib[0..2]=0,0,0
04-26 20:34:18.105 19303 19345 I AndroidGDI: AndroidTextOut ENTRY len=25 hdc=0x733fdca9bdd0 bmp=0x733fdca9c190 text[0]=32
04-26 20:34:18.105 19303 19345 I AndroidGDI: TextOut surf=177x18 fmt=0x16362004 maxA=255 dib[0..2]=0,0,0
04-26 20:34:18.105 19303 19345 I AndroidGDI: AndroidTextOut ENTRY len=14 hdc=0x733fdca9bdd0 bmp=0x733fdca9c190 text[0]=80
04-26 20:34:18.115 19303 19345 I MuMain  : Frame 2 — drawCalls=314 verts=70086 paths(im=1525 vaD=0 vaC=0 qI=19 qE=0) SDL_err=''
04-26 20:34:18.137 19303 19345 I AndroidGDI: AndroidTextOut ENTRY len=34 hdc=0x733fdca9bdd0 bmp=0x733fdca9c190 text[0]=40
04-26 20:34:18.137 19303 19345 I AndroidGDI: AndroidTextOut ENTRY len=25 hdc=0x733fdca9bdd0 bmp=0x733fdca9c190 text[0]=32
04-26 20:34:18.137 19303 19345 I AndroidGDI: AndroidTextOut ENTRY len=14 hdc=0x733fdca9bdd0 bmp=0x733fdca9c190 text[0]=80
04-26 20:34:18.138 19303 19345 I MuMain  : Frame 3 — drawCalls=317 verts=69198 paths(im=1512 vaD=0 vaC=0 qI=32 qE=0) SDL_err=''
04-26 20:34:18.160 19303 19345 I AndroidGDI: AndroidTextOut ENTRY len=34 hdc=0x733fdca9bdd0 bmp=0x733fdca9c190 text[0]=40
04-26 20:34:18.161 19303 19345 I MuMain  : Frame 4 — drawCalls=323 verts=69258 paths(im=1522 vaD=0 vaC=0 qI=40 qE=0) SDL_err=''
04-26 20:34:18.187 19303 19345 I MuMain  : Frame 5 — drawCalls=339 verts=73659 paths(im=1539 vaD=0 vaC=0 qI=55 qE=0) SDL_err=''
04-26 20:34:18.213 19303 19345 I MuMain  : Frame 6 — drawCalls=354 verts=73773 paths(im=1558 vaD=0 vaC=0 qI=68 qE=0) SDL_err=''
04-26 20:34:18.238 19303 19345 I MuMain  : Frame 7 — drawCalls=364 verts=73845 paths(im=1570 vaD=0 vaC=0 qI=82 qE=0) SDL_err=''
04-26 20:34:18.262 19303 19345 I MuMain  : Frame 8 — drawCalls=377 verts=74019 paths(im=1585 vaD=0 vaC=0 qI=94 qE=0) SDL_err=''
04-26 20:34:18.288 19303 19345 I MuMain  : Frame 9 — drawCalls=386 verts=74139 paths(im=1591 vaD=0 vaC=0 qI=105 qE=0) SDL_err=''
04-26 20:34:18.471 19303 19345 W MuMain  : ADAPT net budget down: fps=38.7 frameMs=25.83 maxMsg 70->60
04-26 20:34:18.599   736   954 I AdbWifiNetworkMonitor: Wi-Fi network available
04-26 20:34:18.599   736   954 I AdbWifiNetworkMonitor: Received the same Wi-Fi SSID. Ignoring.
04-26 20:34:18.606  1366  1970 I NullBinder: NullBinder for android.net.action.RECOMMEND_NETWORKS triggering remote TransactionTooLargeException due to Service without Chimera impl, calling uid: 1000, calling pid: 0
04-26 20:34:18.606  1366  1970 W libbinder.Binder: Large reply transaction of 1056768 bytes, interface descriptor , function: UNKNOWN_FUNCTION_NAME, code: 1, flags: 17
04-26 20:34:18.608   736   921 I HalDevMgr: bestIfaceCreationProposal is null, requestIface=STA, existingIface=[name=wlan0 type=STA]
04-26 20:34:18.749 19303 19345 W MuMain  : ADAPT net budget down: fps=36.0 frameMs=27.78 maxMsg 60->50
04-26 20:34:19.013 19303 19345 W MuMain  : ADAPT net budget down: fps=38.0 frameMs=26.34 maxMsg 50->40
04-26 20:34:19.013 19303 19345 I MuMain  : PERF fps=38.0 frameMs=26.34 phase(render=25.54 pad=0.02 present=0.69) renderLevel=4 fxScale=1.00 maxMsg=40 avg(draw=415 verts=74785 im=1807 vaD=0 vaC=0 qI=189 qE=0) max(draw=426 verts=76866)
04-26 20:34:19.013 19303 19345 I MuMain  : PERF_SCENE world=73 char(live=0 vis=0 ply=0 mon=0 npc=0 pet=0 prio=0 topMon=-1 x0) obj(live=375 vis=173 op=0 trap=0 topObj=155 x29)
04-26 20:34:19.013 19303 19345 I MuMain  : PERF_BUCKET objMove(cand=0 upd=0 def=0 n=0 m=0 f=0) objRender(cand=0 draw=0 cull=0 n=0 m=0 f=0 visDraw=0 visDef=0) charMove(cand=0 upd=0 def=0 n=0 m=0 f=0) charRender(cand=0 draw=0 def=0 cull=0 n=0 m=0 f=0)
04-26 20:34:19.013 19303 19345 I MuMain  : PERF_TERRAIN world=73 normal(block=0 tile=0) grass(block=0 tile=0) after(block=0 tile=0)
04-26 20:34:19.248   736  1699 E TaskPersister: File error accessing recents directory (directory doesn't exist?).
04-26 20:34:19.287 19303 19345 I MuMain  : ADAPT fx scale: fps=36.5 frameMs=27.43 1.00->0.90 target=0.90
04-26 20:34:19.287 19303 19345 W MuMain  : ADAPT net budget down: fps=36.5 frameMs=27.43 maxMsg 40->30
04-26 20:34:19.425 19303 19345 I MuMain  : ZzzScene android logo alpha raw=1.020 clamp=1.000 glow=0.700
04-26 20:34:19.568  1203  1331 D SatelliteController: isInCarrierRoamingNbIotNtn: satellite is disabled
04-26 20:34:19.568  1203  1331 D SatelliteController: getCarrierRoamingNtnConnectType: Checking connect type from PLMN config for subId: 1
04-26 20:34:19.573  1203  1331 D SatelliteController: getSatellitePerPlmnConfiguration: invalid subId or not supported via carrier.
04-26 20:34:19.573  1203  1331 D SatelliteController: getCarrierRoamingNtnConnectType: config: null
04-26 20:34:19.573  1203  1331 D SatelliteController: getCarrierRoamingNtnConnectType: Falling back to global carrier config connect type: 0
04-26 20:34:19.573  1203  1331 D SatelliteController: updateLastNotifiedCarrierRoamingNtnSignalStrengthAndNotify(1)
04-26 20:34:19.573  1203  1331 D SatelliteController: updateLastNotifiedCarrierRoamingNtnSignalStrengthAndNotify(1) lastNotifiedSignalStrength level: 0
04-26 20:34:19.574  1203  1331 D SatelliteController: updateLastNotifiedCarrierRoamingNtnSignalStrengthAndNotify(1) currSignalStrength level: 0
04-26 20:34:20.080 19303 19345 I MuMain  : PERF fps=41.6 frameMs=24.06 phase(render=23.27 pad=0.02 present=0.69) renderLevel=4 fxScale=1.00 maxMsg=30 avg(draw=367 verts=77912 im=1724 vaD=0 vaC=0 qI=180 qE=0) max(draw=393 verts=81471)
04-26 20:34:20.080 19303 19345 I MuMain  : PERF_SCENE world=73 char(live=0 vis=0 ply=0 mon=0 npc=0 pet=0 prio=0 topMon=-1 x0) obj(live=375 vis=176 op=0 trap=0 topObj=79 x20)
04-26 20:34:20.080 19303 19345 I MuMain  : PERF_BUCKET objMove(cand=0 upd=0 def=0 n=0 m=0 f=0) objRender(cand=0 draw=0 cull=0 n=0 m=0 f=0 visDraw=0 visDef=0) charMove(cand=0 upd=0 def=0 n=0 m=0 f=0) charRender(cand=0 draw=0 def=0 cull=0 n=0 m=0 f=0)
04-26 20:34:20.080 19303 19345 I MuMain  : PERF_TERRAIN world=73 normal(block=0 tile=0) grass(block=0 tile=0) after(block=0 tile=0)
04-26 20:34:20.257  1016  1016 I wpa_supplicant: wlan0: CTRL-EVENT-BEACON-LOSS 
04-26 20:34:20.614 19303 19345 I MuMain  : ADAPT fx scale: fps=45.6 frameMs=21.93 1.00->0.90 target=0.90
04-26 20:34:21.148 19303 19345 I MuMain  : PERF fps=56.2 frameMs=17.78 phase(render=16.94 pad=0.03 present=0.75) renderLevel=4 fxScale=1.00 maxMsg=30 avg(draw=246 verts=71116 im=1602 vaD=0 vaC=0 qI=103 qE=0) max(draw=259 verts=72348)
04-26 20:34:21.148 19303 19345 I MuMain  : PERF_SCENE world=73 char(live=0 vis=0 ply=0 mon=0 npc=0 pet=0 prio=0 topMon=-1 x0) obj(live=375 vis=180 op=0 trap=0 topObj=79 x24)
04-26 20:34:21.148 19303 19345 I MuMain  : PERF_BUCKET objMove(cand=0 upd=0 def=0 n=0 m=0 f=0) objRender(cand=0 draw=0 cull=0 n=0 m=0 f=0 visDraw=0 visDef=0) charMove(cand=0 upd=0 def=0 n=0 m=0 f=0) charRender(cand=0 draw=0 def=0 cull=0 n=0 m=0 f=0)
04-26 20:34:21.148 19303 19345 I MuMain  : PERF_TERRAIN world=73 normal(block=0 tile=0) grass(block=0 tile=0) after(block=0 tile=0)
04-26 20:34:21.614   736   954 I AdbWifiNetworkMonitor: Wi-Fi network available
04-26 20:34:21.614   736   954 I AdbWifiNetworkMonitor: Received the same Wi-Fi SSID. Ignoring.
04-26 20:34:21.624   736   921 I HalDevMgr: bestIfaceCreationProposal is null, requestIface=STA, existingIface=[name=wlan0 type=STA]
04-26 20:34:21.630  1366  1970 I NullBinder: NullBinder for android.net.action.RECOMMEND_NETWORKS triggering remote TransactionTooLargeException due to Service without Chimera impl, calling uid: 1000, calling pid: 0
04-26 20:34:21.630  1366  1970 W libbinder.Binder: Large reply transaction of 1056768 bytes, interface descriptor , function: UNKNOWN_FUNCTION_NAME, code: 1, flags: 17
04-26 20:34:21.635  1160  1312 D IpClient/wlan0: interfaceLinkStateChanged: ifindex 16 up
04-26 20:34:21.646  1160  1312 D IpClient/wlan0: interfaceLinkStateChanged: ifindex 16 up
04-26 20:34:22.182 19303 19345 I MuMain  : ADAPT net budget up: fps=68.6 frameMs=14.58 maxMsg 30->35
04-26 20:34:22.182 19303 19345 I MuMain  : PERF fps=68.6 frameMs=14.58 phase(render=13.96 pad=0.03 present=0.53) renderLevel=4 fxScale=1.00 maxMsg=35 avg(draw=180 verts=81386 im=1572 vaD=0 vaC=0 qI=66 qE=0) max(draw=192 verts=87201)
04-26 20:34:22.182 19303 19345 I MuMain  : PERF_SCENE world=73 char(live=0 vis=0 ply=0 mon=0 npc=0 pet=0 prio=0 topMon=-1 x0) obj(live=375 vis=155 op=0 trap=0 topObj=79 x23)
04-26 20:34:22.182 19303 19345 I MuMain  : PERF_BUCKET objMove(cand=0 upd=0 def=0 n=0 m=0 f=0) objRender(cand=0 draw=0 cull=0 n=0 m=0 f=0 visDraw=0 visDef=0) charMove(cand=0 upd=0 def=0 n=0 m=0 f=0) charRender(cand=0 draw=0 def=0 cull=0 n=0 m=0 f=0)
04-26 20:34:22.182 19303 19345 I MuMain  : PERF_TERRAIN world=73 normal(block=0 tile=0) grass(block=0 tile=0) after(block=0 tile=0)
04-26 20:34:22.316   736   919 D NetworkStatsObservers: Registering observer for RequestInfo from pid/uid:736/1000(android) for DataUsageRequest [ requestId=18, networkTemplate=NetworkTemplate: matchRule=MOBILE, matchSubscriberIds=[310260...], matchWifiNetworkKeys=[], metered=YES, defaultNetwork=NO, thresholdInBytes=5905261 ] accessLevel:3
04-26 20:34:22.317   736  1030 D NetworkStatsObservers: Unregistering RequestInfo from pid/uid:736/1000(android) for DataUsageRequest [ requestId=17, networkTemplate=NetworkTemplate: matchRule=MOBILE, matchSubscriberIds=[310260...], matchWifiNetworkKeys=[], metered=YES, defaultNetwork=NO, thresholdInBytes=5905645 ] accessLevel:3
04-26 20:34:22.800   736   836 W AppOps  : Noting op not finished: uid 10214 pkg com.google.android.gms code 113 startTime of in progress event=1777192258833
04-26 20:34:22.815   736   836 W AppOps  : Noting op not finished: uid 10214 pkg com.google.android.gms code 79 startTime of in progress event=1777192269278
04-26 20:34:22.840  1366  2230 I ActivityScheduler: nextTriggerTime: 18475537, in 238100ms, detectorType: 39, FULL_TYPE alarmWindowMillis: 80000
04-26 20:34:23.232 19303 19345 I MuMain  : PERF fps=64.2 frameMs=15.57 phase(render=14.86 pad=0.04 present=0.62) renderLevel=4 fxScale=1.00 maxMsg=35 avg(draw=192 verts=94192 im=1611 vaD=0 vaC=0 qI=88 qE=0) max(draw=194 verts=94422)
04-26 20:34:23.232 19303 19345 I MuMain  : PERF_SCENE world=73 char(live=0 vis=0 ply=0 mon=0 npc=0 pet=0 prio=0 topMon=-1 x0) obj(live=375 vis=168 op=0 trap=0 topObj=79 x29)
04-26 20:34:23.232 19303 19345 I MuMain  : PERF_BUCKET objMove(cand=0 upd=0 def=0 n=0 m=0 f=0) objRender(cand=0 draw=0 cull=0 n=0 m=0 f=0 visDraw=0 visDef=0) charMove(cand=0 upd=0 def=0 n=0 m=0 f=0) charRender(cand=0 draw=0 def=0 cull=0 n=0 m=0 f=0)
04-26 20:34:23.232 19303 19345 I MuMain  : PERF_TERRAIN world=73 normal(block=0 tile=0) grass(block=0 tile=0) after(block=0 tile=0)
04-26 20:34:23.749 19303 19345 I MuMain  : ADAPT fx scale: fps=34.7 frameMs=28.79 1.00->0.90 target=0.80
04-26 20:34:23.785  2780  2783 I artd    : GetBestInfo: odex next to the dex file (/data/app/~~PqdBwR9WSFUNw4iaJMgoGg==/com.google.android.gms-95Dc1VeYXyONiCBDqz_lkA==/oat/x86_64/base.odex) is kOatUpToDate with filter 'speed-profile' executable 'false'
04-26 20:34:23.788  2780  2783 I artd    : GetBestInfo: dm (/data/app/~~PqdBwR9WSFUNw4iaJMgoGg==/com.google.android.gms-95Dc1VeYXyONiCBDqz_lkA==/split_AdsDynamite_installtime.dm) is kOatUpToDate with filter 'verify' executable 'false'
04-26 20:34:23.790  2780  2783 I artd    : GetBestInfo: dm (/data/app/~~PqdBwR9WSFUNw4iaJMgoGg==/com.google.android.gms-95Dc1VeYXyONiCBDqz_lkA==/split_CronetDynamite_installtime.dm) is kOatUpToDate with filter 'verify' executable 'false'
