04-26 19:35:28.604   566   616 W skia    : AGTM parsing failed flags.readFromStream(s) at 159
04-26 19:35:28.604   566   616 W skia    : AGTM parsing failed flags.readFromStream(s) at 159
04-26 19:35:28.604   566   616 W skia    : AGTM parsing failed flags.readFromStream(s) at 159
04-26 19:35:28.605   566   616 W skia    : AGTM parsing failed flags.readFromStream(s) at 159
04-26 19:35:28.605   566   616 W skia    : AGTM parsing failed flags.readFromStream(s) at 159
04-26 19:35:28.605   566   616 W skia    : AGTM parsing failed flags.readFromStream(s) at 159
04-26 19:35:28.620   566   616 W skia    : AGTM parsing failed flags.readFromStream(s) at 159
04-26 19:35:28.621   566   616 W skia    : AGTM parsing failed flags.readFromStream(s) at 159
04-26 19:35:28.621   566   616 W skia    : AGTM parsing failed flags.readFromStream(s) at 159
04-26 19:35:28.621   566   616 W skia    : AGTM parsing failed flags.readFromStream(s) at 159
04-26 19:35:28.621   566   616 W skia    : AGTM parsing failed flags.readFromStream(s) at 159
04-26 19:35:28.621   566   616 W skia    : AGTM parsing failed flags.readFromStream(s) at 159
04-26 19:35:28.636   566   616 W skia    : AGTM parsing failed flags.readFromStream(s) at 159
04-26 19:35:28.637   566   616 W skia    : AGTM parsing failed flags.readFromStream(s) at 159
04-26 19:35:28.637   566   616 W skia    : AGTM parsing failed flags.readFromStream(s) at 159
04-26 19:35:28.637   566   616 W skia    : AGTM parsing failed flags.readFromStream(s) at 159
04-26 19:35:28.637   566   616 W skia    : AGTM parsing failed flags.readFromStream(s) at 159
04-26 19:35:28.637   566   616 W skia    : AGTM parsing failed flags.readFromStream(s) at 159
04-26 19:35:28.654   566   616 W skia    : AGTM parsing failed flags.readFromStream(s) at 159
04-26 19:35:28.654   566   616 W skia    : AGTM parsing failed flags.readFromStream(s) at 159
04-26 19:35:28.654   566   616 W skia    : AGTM parsing failed flags.readFromStream(s) at 159
04-26 19:35:28.654   566   616 W skia    : AGTM parsing failed flags.readFromStream(s) at 159
04-26 19:35:28.654   566   616 W skia    : AGTM parsing failed flags.readFromStream(s) at 159
04-26 19:35:28.654   566   616 W skia    : AGTM parsing failed flags.readFromStream(s) at 159
04-26 19:35:28.671   566   616 W skia    : AGTM parsing failed flags.readFromStream(s) at 159
04-26 19:35:28.672   566   616 W skia    : AGTM parsing failed flags.readFromStream(s) at 159
04-26 19:35:28.672   566   616 W skia    : AGTM parsing failed flags.readFromStream(s) at 159
04-26 19:35:28.672   566   616 W skia    : AGTM parsing failed flags.readFromStream(s) at 159
04-26 19:35:28.672   566   616 W skia    : AGTM parsing failed flags.readFromStream(s) at 159
04-26 19:35:28.672   566   616 W skia    : AGTM parsing failed flags.readFromStream(s) at 159
04-26 19:35:28.677 16168 16219 I TakumiErrorReport: > First Load Files OK.
04-26 19:35:28.688   566   616 W skia    : AGTM parsing failed flags.readFromStream(s) at 159
04-26 19:35:28.688   566   616 W skia    : AGTM parsing failed flags.readFromStream(s) at 159
04-26 19:35:28.688   566   616 W skia    : AGTM parsing failed flags.readFromStream(s) at 159
04-26 19:35:28.688   566   616 W skia    : AGTM parsing failed flags.readFromStream(s) at 159
04-26 19:35:28.703   566   616 W skia    : AGTM parsing failed flags.readFromStream(s) at 159
04-26 19:35:28.703   566   616 W skia    : AGTM parsing failed flags.readFromStream(s) at 159
04-26 19:35:28.703   566   616 W skia    : AGTM parsing failed flags.readFromStream(s) at 159
04-26 19:35:28.703   566   616 W skia    : AGTM parsing failed flags.readFromStream(s) at 159
04-26 19:35:28.721   566   616 W skia    : AGTM parsing failed flags.readFromStream(s) at 159
04-26 19:35:28.722   566   616 W skia    : AGTM parsing failed flags.readFromStream(s) at 159
04-26 19:35:28.722   566   616 W skia    : AGTM parsing failed flags.readFromStream(s) at 159
04-26 19:35:28.722   566   616 W skia    : AGTM parsing failed flags.readFromStream(s) at 159
04-26 19:35:28.722   736  2215 I ImeTracker: system_server:b2380536: onRequestHide at ORIGIN_SERVER reason IME_REQUESTED_CHANGED_LISTENER fromUser false displayId 0
04-26 19:35:28.723   736   762 I ImeTracker: system_server:b2380536: onCancelled at PHASE_SERVER_SHOULD_HIDE
04-26 19:35:28.738   566   616 W skia    : AGTM parsing failed flags.readFromStream(s) at 159
04-26 19:35:28.738   566   616 W skia    : AGTM parsing failed flags.readFromStream(s) at 159
04-26 19:35:28.738   566   616 W skia    : AGTM parsing failed flags.readFromStream(s) at 159
04-26 19:35:28.738   566   616 W skia    : AGTM parsing failed flags.readFromStream(s) at 159
04-26 19:35:28.753   566   616 W skia    : AGTM parsing failed flags.readFromStream(s) at 159
04-26 19:35:28.754   566   616 W skia    : AGTM parsing failed flags.readFromStream(s) at 159
04-26 19:35:28.754   566   616 W skia    : AGTM parsing failed flags.readFromStream(s) at 159
04-26 19:35:28.754   566   616 W skia    : AGTM parsing failed flags.readFromStream(s) at 159
04-26 19:35:28.770   566   616 W skia    : AGTM parsing failed flags.readFromStream(s) at 159
04-26 19:35:28.770   566   616 W skia    : AGTM parsing failed flags.readFromStream(s) at 159
04-26 19:35:28.770   566   616 W skia    : AGTM parsing failed flags.readFromStream(s) at 159
04-26 19:35:28.771   566   616 W skia    : AGTM parsing failed flags.readFromStream(s) at 159
04-26 19:35:28.789   566   616 W skia    : AGTM parsing failed flags.readFromStream(s) at 159
04-26 19:35:28.789   566   616 W skia    : AGTM parsing failed flags.readFromStream(s) at 159
04-26 19:35:28.789   566   616 W skia    : AGTM parsing failed flags.readFromStream(s) at 159
04-26 19:35:28.789   566   616 W skia    : AGTM parsing failed flags.readFromStream(s) at 159
04-26 19:35:28.802  1036  1091 V WindowManagerShell: Transition animation finished (aborted=false), notifying core (#117) android.os.BinderProxy@8e6accd@0
04-26 19:35:28.802   566   616 W skia    : AGTM parsing failed flags.readFromStream(s) at 159
04-26 19:35:28.802   566   616 W skia    : AGTM parsing failed flags.readFromStream(s) at 159
04-26 19:35:28.802   566   616 W skia    : AGTM parsing failed flags.readFromStream(s) at 159
04-26 19:35:28.802   566   616 W skia    : AGTM parsing failed flags.readFromStream(s) at 159
04-26 19:35:28.806   736   759 V WindowManager: Finish Transition (#117): created at 04-26 19:35:28.119 collect-started=0.118ms request-sent=7.074ms started=11.014ms ready=18.25ms sent=195.629ms commit=21.466ms finished=686.871ms
04-26 19:35:28.808 16168 16168 D VRI[PreloadActivity]: visibilityChanged oldVisibility=true newVisibility=false
04-26 19:35:28.810  1036  1091 V WindowManagerShell: Track 0 became idle
04-26 19:35:28.810  1036  1091 V WindowManagerShell: All active transition animations finished
04-26 19:35:28.825 16168 16168 D WindowOnBackDispatcher: setTopOnBackInvokedCallback (unwrapped): null
04-26 19:35:28.825 16168 16168 D ViewRootImpl: Skipping stats log for color mode
04-26 19:35:28.826   736  1715 D CoreBackPreview: Window{2402d3d u0 com.muonline.client/com.muonline.client.PreloadActivity}: Setting back callback null
04-26 19:35:28.964  4164  4218 I Finsky  : [49] WM::SCH: Logging work initialize for 12-1
04-26 19:35:29.009  4164  4218 I Finsky  : [49] WM::SCH: Logging work initialize for 12-1
04-26 19:35:29.037  4164  4224 I Finsky  : [55] SCH: Scheduling phonesky job Id: 12-1, CT: 1777206926868, Constraints: [{ L: 15000, D: 86400000, C: CHARGING_NONE, I: IDLE_NONE, N: NET_ANY, B: BATTERY_ANY }]
04-26 19:35:29.046  4164  4222 I Finsky  : [53] SCH: Scheduling 1 system job(s)
04-26 19:35:29.047  4164  4222 I Finsky  : [53] SCH: Scheduling system job Id: 9777, L: 12822, D: 46948641, C: false, I: false, N: 1
04-26 19:35:29.151  4164  4224 I Finsky  : [55] SCH: Scheduling phonesky job Id: 12-1, CT: 1777206927203, Constraints: [{ L: 15000, D: 86400000, C: CHARGING_NONE, I: IDLE_NONE, N: NET_ANY, B: BATTERY_ANY }]
04-26 19:35:29.151  4164  4217 I Finsky  : [48] [ContentSync] finished, scheduled=true
04-26 19:35:29.159  4164  4223 I Finsky  : [54] SCH: Scheduling 0 system job(s)
04-26 19:35:29.159  4164  4223 I Finsky  : [54] [ContentSync] finished, scheduled=true
04-26 19:35:29.332  1203  1331 D SatelliteController: isInCarrierRoamingNbIotNtn: satellite is disabled
04-26 19:35:29.332  1203  1331 D SatelliteController: getCarrierRoamingNtnConnectType: Checking connect type from PLMN config for subId: 1
04-26 19:35:29.335  1203  1331 D SatelliteController: getSatellitePerPlmnConfiguration: invalid subId or not supported via carrier.
04-26 19:35:29.335  1203  1331 D SatelliteController: getCarrierRoamingNtnConnectType: config: null
04-26 19:35:29.336  1203  1331 D SatelliteController: getCarrierRoamingNtnConnectType: Falling back to global carrier config connect type: 0
04-26 19:35:29.336  1203  1331 D SatelliteController: updateLastNotifiedCarrierRoamingNtnSignalStrengthAndNotify(1)
04-26 19:35:29.336  1203  1331 D SatelliteController: updateLastNotifiedCarrierRoamingNtnSignalStrengthAndNotify(1) lastNotifiedSignalStrength level: 0
04-26 19:35:29.336  1203  1331 D SatelliteController: updateLastNotifiedCarrierRoamingNtnSignalStrengthAndNotify(1) currSignalStrength level: 0
04-26 19:35:30.652   736   921 I HalDevMgr: bestIfaceCreationProposal is null, requestIface=STA, existingIface=[name=wlan0 type=STA]
04-26 19:35:31.233   736  1699 E TaskPersister: File error accessing recents directory (directory doesn't exist?).
04-26 19:35:32.321  1016  1016 I wpa_supplicant: wlan0: CTRL-EVENT-BEACON-LOSS 
04-26 19:35:33.035 16168 16219 I MuMain  : OPENBASIC: OpenImages begin
04-26 19:35:33.049 16168 16219 I MuMain  : OPENBASIC: OpenImages done
04-26 19:35:33.049 16168 16219 I MuMain  : OPENBASIC: OpenSounds begin
04-26 19:35:33.049 16168 16219 I MuMain  : OPENBASIC: OpenSounds done
04-26 19:35:33.050 16168 16219 I MuMain  : OPENBASIC: scripts begin
04-26 19:35:33.135 16168 16219 I MuMain  : OPENBASIC: OpenTextData begin
04-26 19:35:33.160 16168 16219 I MuMain  : OPENBASIC: OpenTextData done
04-26 19:35:33.173 16168 16219 I MuMain  : OPENBASIC: master/gate/filter done
04-26 19:35:33.174 16168 16219 I MuMain  : WEBZEN: OpenBasicData done
04-26 19:35:33.295 16168 16219 I TakumiErrorReport: File not found Data\Interface\InGameShop\ingame_Bt_page_L.tga (32485)->Data\Custom\Maps\CRadar.tga
04-26 19:35:33.298 16168 16219 I TakumiErrorReport: File not found Data\Interface\InGameShop\IGS_Storage_Page.tga (32487)->Data\Custom\Maps\map_radar.tga
04-26 19:35:33.300 16168 16219 I TakumiErrorReport: File not found Data\Interface\InGameShop\IGS_Storage_Page_Left.tga (32488)->Data\Custom\Maps\background-tcp.tga
04-26 19:35:33.301 16168 16219 I TakumiErrorReport: File not found Data\Interface\InGameShop\IGS_Storage_Page_Right.tga (32489)->Data\Interface\newui_option_check.tga
04-26 19:35:33.665   736   954 I AdbWifiNetworkMonitor: Wi-Fi network available
04-26 19:35:33.665   736   954 I AdbWifiNetworkMonitor: Received the same Wi-Fi SSID. Ignoring.
04-26 19:35:33.667   736   921 I HalDevMgr: bestIfaceCreationProposal is null, requestIface=STA, existingIface=[name=wlan0 type=STA]
04-26 19:35:33.672  1366  1377 I NullBinder: NullBinder for android.net.action.RECOMMEND_NETWORKS triggering remote TransactionTooLargeException due to Service without Chimera impl, calling uid: 1000, calling pid: 0
04-26 19:35:33.672  1366  1377 W libbinder.Binder: Large reply transaction of 1056768 bytes, interface descriptor , function: UNKNOWN_FUNCTION_NAME, code: 1, flags: 17
04-26 19:35:33.672  2780  2783 I artd    : GetBestInfo: odex next to the dex file (/data/app/~~PqdBwR9WSFUNw4iaJMgoGg==/com.google.android.gms-95Dc1VeYXyONiCBDqz_lkA==/oat/x86_64/base.odex) is kOatUpToDate with filter 'speed-profile' executable 'false'
04-26 19:35:33.674  1160  1312 D IpClient/wlan0: interfaceLinkStateChanged: ifindex 16 up
04-26 19:35:33.674  2780  2785 I artd    : GetBestInfo: dm (/data/app/~~PqdBwR9WSFUNw4iaJMgoGg==/com.google.android.gms-95Dc1VeYXyONiCBDqz_lkA==/split_AdsDynamite_installtime.dm) is kOatUpToDate with filter 'verify' executable 'false'
04-26 19:35:33.677  2780  2783 I artd    : GetBestInfo: dm (/data/app/~~PqdBwR9WSFUNw4iaJMgoGg==/com.google.android.gms-95Dc1VeYXyONiCBDqz_lkA==/split_CronetDynamite_installtime.dm) is kOatUpToDate with filter 'verify' executable 'false'
04-26 19:35:33.679  2780  2783 I artd    : GetBestInfo: dm (/data/app/~~PqdBwR9WSFUNw4iaJMgoGg==/com.google.android.gms-95Dc1VeYXyONiCBDqz_lkA==/split_DynamiteLoader_installtime.dm) is kOatUpToDate with filter 'verify' executable 'false'
04-26 19:35:33.680  1160  1312 D IpClient/wlan0: interfaceLinkStateChanged: ifindex 16 up
04-26 19:35:33.681  2780  2783 I artd    : GetBestInfo: dm (/data/app/~~PqdBwR9WSFUNw4iaJMgoGg==/com.google.android.gms-95Dc1VeYXyONiCBDqz_lkA==/split_DynamiteModulesA_installtime.dm) is kOatUpToDate with filter 'verify' executable 'false'
04-26 19:35:33.682  2780  2783 I artd    : GetBestInfo: dm (/data/app/~~PqdBwR9WSFUNw4iaJMgoGg==/com.google.android.gms-95Dc1VeYXyONiCBDqz_lkA==/split_DynamiteModulesC_installtime.dm) is kOatUpToDate with filter 'verify' executable 'false'
04-26 19:35:33.684  2780  2783 I artd    : GetBestInfo: dm (/data/app/~~PqdBwR9WSFUNw4iaJMgoGg==/com.google.android.gms-95Dc1VeYXyONiCBDqz_lkA==/split_GoogleCertificates_installtime.dm) is kOatUpToDate with filter 'verify' executable 'false'
04-26 19:35:33.686  2780  2783 I artd    : GetBestInfo: dm (/data/app/~~PqdBwR9WSFUNw4iaJMgoGg==/com.google.android.gms-95Dc1VeYXyONiCBDqz_lkA==/split_MapsDynamite_installtime.dm) is kOatUpToDate with filter 'verify' executable 'false'
04-26 19:35:33.688  2780  2783 I artd    : GetBestInfo: dm (/data/app/~~PqdBwR9WSFUNw4iaJMgoGg==/com.google.android.gms-95Dc1VeYXyONiCBDqz_lkA==/split_MeasurementDynamite_installtime.dm) is kOatUpToDate with filter 'verify' executable 'false'
04-26 19:35:33.690  2780  2783 I artd    : GetBestInfo: dm (/data/app/~~PqdBwR9WSFUNw4iaJMgoGg==/com.google.android.gms-95Dc1VeYXyONiCBDqz_lkA==/split_all_locale_splits.dm) is kOatUpToDate with filter 'verify' executable 'false'
04-26 19:35:33.691  2780  2783 I artd    : GetBestInfo: /data/user_de/0/com.google.android.gms/app_chimera/m/0000000a/dl-TfliteDynamiteDynamite.integ_252130102100800.apk has no usable artifacts
04-26 19:35:33.692  2780  2783 I artd    : GetBestInfo: /data/user_de/0/com.google.android.gms/app_chimera/m/00000001/CronetDynamite.apk has no usable artifacts
04-26 19:35:33.694  2780  2783 I artd    : GetBestInfo: /data/user_de/0/com.google.android.gms/app_chimera/m/00000016/dl-MlkitOcrCommon.optional_261332100800.apk has no usable artifacts
04-26 19:35:33.695  2780  2783 I artd    : GetBestInfo: /data/user_de/0/com.google.android.gms/app_chimera/m/00000002/DynamiteLoader.apk has no usable artifacts
04-26 19:35:33.696  2780  2783 I artd    : GetBestInfo: /data/user_de/0/com.google.android.gms/app_chimera/m/0000000e/dl-MlkitBarcodeUi.optional_260235100800.apk has no usable artifacts
04-26 19:35:33.697  2780  2783 I artd    : GetBestInfo: /data/user_de/0/com.google.android.gms/app_chimera/m/00000013/dl-Appsearch.optional_261332100800.apk has no usable artifacts
04-26 19:35:33.698  2780  2783 I artd    : GetBestInfo: /data/user_de/0/com.google.android.gms/app_chimera/m/00000005/GoogleCertificates.apk has no usable artifacts
04-26 19:35:33.699  2780  2783 I artd    : GetBestInfo: /data/user_de/0/com.google.android.gms/app_chimera/m/00000012/dl-PlayCloudSearch.optional_261332100000.apk has no usable artifacts
04-26 19:35:33.701  2780  2783 I artd    : GetBestInfo: vdex next to the dex file (/data/user/0/com.google.android.gms/app_dg_cache/B3ED91DEC21F0EB5284BE10D982ABEAAC45F5C48/oat/x86_64/the.vdex) is kOatUpToDate with filter 'verify' executable 'false'
04-26 19:35:33.702  2780  2783 I artd    : GetBestInfo: /data/user_de/0/com.google.android.gms/app_chimera/m/0000000f/dl-PlayCloudSearch.optional_260235100000.apk has no usable artifacts
04-26 19:35:33.704  2780  2783 I artd    : GetBestInfo: /data/user_de/0/com.google.android.gms/app_chimera/m/00000008/dl-VisionOcr.optional_260235100000.apk has no usable artifacts
04-26 19:35:33.706  2780  2783 I artd    : GetBestInfo: /data/user_de/0/com.google.android.gms/app_chimera/m/0000000b/dl-Appsearch.optional_260235100800.apk has no usable artifacts
04-26 19:35:33.707  2780  2783 I artd    : GetBestInfo: /data/user_de/0/com.google.android.gms/app_chimera/m/00000011/dl-VisionOcr.optional_261332100000.apk has no usable artifacts
04-26 19:35:33.708  2780  2783 I artd    : GetBestInfo: /data/user_de/0/com.google.android.gms/app_chimera/m/00000015/dl-MlkitBarcodeUi.optional_261332100800.apk has no usable artifacts
04-26 19:35:33.710  2780  2783 I artd    : GetBestInfo: /data/user_de/0/com.google.android.gms/app_chimera/m/00000009/dl-MlkitOcrCommon.optional_260235100800.apk has no usable artifacts
04-26 19:35:33.712  2780  2783 I artd    : GetBestInfo: vdex next to the dex file (/data/user/0/com.google.android.gms/app_dg_cache/CE973E4DE823F0AA69070767A9FABB590DDD455C/oat/x86_64/the.vdex) is kOatUpToDate with filter 'verify' executable 'false'
04-26 19:35:33.713  2780  2783 I artd    : GetBestInfo: /data/user_de/0/com.google.android.gms/app_chimera/m/00000007/MeasurementDynamite.apk has no usable artifacts
04-26 19:35:34.061 16168 16219 I TakumiErrorReport: File not found Data\Interface\newui_item_back01.tga (31373)->Data\Interface\newui_item_back04.tga
04-26 19:35:34.064 16168 16219 I TakumiErrorReport: File not found Data\Interface\newui_item_back04.tga (31373)->Data\Interface\newui_item_back01.tga
04-26 19:35:34.071 16168 16219 I MuMain  : WEBZEN: LoadMainSceneInterface done
04-26 19:35:34.072 16168 16219 I TakumiErrorReport: > Loading ok.
04-26 19:35:34.074 16168 16219 E BLASTBufferQueue: [aea69ca SurfaceView[com.muonline.client/com.muonline.client.MuMainActivity]#2](f:0,a:0) rejecting buffer:active_size=2268x1080, requested_size=2268x1080 buffer{size=2268x943 transform=0}
04-26 19:35:34.138 16168 16219 I MuMain  : ADAPT fx scale: fps=0.2 frameMs=5636.57 1.00->0.90 target=0.55
04-26 19:35:34.138 16168 16219 I MuMain  : PERF fps=0.2 frameMs=5636.57 phase(render=5570.29 pad=0.03 present=66.03) renderLevel=4 fxScale=1.00 maxMsg=70 avg(draw=132 verts=792 im=132 vaD=0 vaC=0 qI=0 qE=0) max(draw=132 verts=792)
04-26 19:35:34.138 16168 16219 I MuMain  : PERF_SCENE world=-1 char(live=0 vis=0 ply=0 mon=0 npc=0 pet=0 prio=0 topMon=-1 x0) obj(live=0 vis=0 op=0 trap=0 topObj=-1 x0)
04-26 19:35:34.138 16168 16219 I MuMain  : PERF_BUCKET objMove(cand=0 upd=0 def=0 n=0 m=0 f=0) objRender(cand=0 draw=0 cull=0 n=0 m=0 f=0 visDraw=0 visDef=0) charMove(cand=0 upd=0 def=0 n=0 m=0 f=0) charRender(cand=0 draw=0 def=0 cull=0 n=0 m=0 f=0)
04-26 19:35:34.138 16168 16219 I MuMain  : PERF_TERRAIN world=-1 normal(block=0 tile=0) grass(block=0 tile=0) after(block=0 tile=0)
04-26 19:35:34.138 16168 16219 I MuMain  : Frame 0 — drawCalls=132 verts=792 paths(im=132 vaD=0 vaC=0 qI=0 qE=0) SDL_err='Couldn't open asset '/storage/emulated/0/Android/data/com.muonline.client/files/Data/fonts/font_.ttf''
04-26 19:35:34.509 16168 16219 I TakumiErrorReport: File not found Data\World74\leaf01.tga (30357)->Data\World74\leaf01.jpg
04-26 19:35:34.525 16168 16219 I AndroidGDI: Font OK: /system/fonts/DroidSans-Bold.ttf sz=10
04-26 19:35:34.526 16168 16219 I TakumiErrorReport: [Connect to Server 33] ip address = 171.235.182.88, port = 44405
04-26 19:35:34.527 16168 16219 E MuMain  : PlayMp3 failed requested=[data\music\login_theme.mp3] resolved=[data/music/login_theme.mp3] reqExists=0 resolvedExists=0 cwd=[/storage/emulated/0/Android/data/com.muonline.client/files]: Couldn't open 'data/music/login_theme.mp3'
04-26 19:35:34.527 16168 16219 I TakumiErrorReport: > Login Scene init success.
04-26 19:35:34.538 16168 16219 I AndroidGDI: AndroidTextOut ENTRY len=34 hdc=0x733fdca9c6d0 bmp=0x733fdca9c280 text[0]=40
04-26 19:35:34.539 16168 16219 I AndroidGDI: TextOut surf=241x18 fmt=0x16362004 maxA=255 dib[0..2]=0,0,0
04-26 19:35:34.539 16168 16219 I AndroidGDI: AndroidTextOut ENTRY len=25 hdc=0x733fdca9c6d0 bmp=0x733fdca9c280 text[0]=32
04-26 19:35:34.539 16168 16219 I AndroidGDI: TextOut surf=177x18 fmt=0x16362004 maxA=255 dib[0..2]=0,0,0
04-26 19:35:34.540 16168 16219 I AndroidGDI: AndroidTextOut ENTRY len=14 hdc=0x733fdca9c6d0 bmp=0x733fdca9c280 text[0]=80
04-26 19:35:34.540 16168 16219 I AndroidGDI: TextOut surf=95x18 fmt=0x16362004 maxA=255 dib[0..2]=0,0,0
04-26 19:35:34.556 16168 16219 I MuMain  : Frame 1 — drawCalls=122 verts=43017 paths(im=885 vaD=0 vaC=0 qI=4 qE=0) SDL_err='Couldn't open 'data/music/login_theme.mp3''
04-26 19:35:34.574 16168 16219 I AndroidGDI: AndroidTextOut ENTRY len=34 hdc=0x733fdca9c6d0 bmp=0x733fdca9c280 text[0]=40
04-26 19:35:34.574 16168 16219 I AndroidGDI: TextOut surf=241x18 fmt=0x16362004 maxA=255 dib[0..2]=0,0,0
04-26 19:35:34.574 16168 16219 I AndroidGDI: AndroidTextOut ENTRY len=25 hdc=0x733fdca9c6d0 bmp=0x733fdca9c280 text[0]=32
04-26 19:35:34.574 16168 16219 I AndroidGDI: TextOut surf=177x18 fmt=0x16362004 maxA=255 dib[0..2]=0,0,0
04-26 19:35:34.574 16168 16219 I AndroidGDI: AndroidTextOut ENTRY len=14 hdc=0x733fdca9c6d0 bmp=0x733fdca9c280 text[0]=80
04-26 19:35:34.589 16168 16219 I MuMain  : Frame 2 — drawCalls=315 verts=70092 paths(im=1526 vaD=0 vaC=0 qI=20 qE=0) SDL_err=''
04-26 19:35:34.608 16168 16219 I AndroidGDI: AndroidTextOut ENTRY len=34 hdc=0x733fdca9c6d0 bmp=0x733fdca9c280 text[0]=40
04-26 19:35:34.609 16168 16219 I AndroidGDI: AndroidTextOut ENTRY len=25 hdc=0x733fdca9c6d0 bmp=0x733fdca9c280 text[0]=32
04-26 19:35:34.609 16168 16219 I AndroidGDI: AndroidTextOut ENTRY len=14 hdc=0x733fdca9c6d0 bmp=0x733fdca9c280 text[0]=80
04-26 19:35:34.610 16168 16219 I MuMain  : Frame 3 — drawCalls=319 verts=69204 paths(im=1513 vaD=0 vaC=0 qI=34 qE=0) SDL_err=''
04-26 19:35:34.631 16168 16219 I AndroidGDI: AndroidTextOut ENTRY len=34 hdc=0x733fdca9c6d0 bmp=0x733fdca9c280 text[0]=40
04-26 19:35:34.633 16168 16219 I MuMain  : Frame 4 — drawCalls=332 verts=69264 paths(im=1523 vaD=0 vaC=0 qI=49 qE=0) SDL_err=''
04-26 19:35:34.657 16168 16219 I MuMain  : Frame 5 — drawCalls=351 verts=73683 paths(im=1543 vaD=0 vaC=0 qI=65 qE=0) SDL_err=''
04-26 19:35:34.686 16168 16219 I MuMain  : Frame 6 — drawCalls=368 verts=73791 paths(im=1561 vaD=0 vaC=0 qI=82 qE=0) SDL_err=''
04-26 19:35:34.714 16168 16219 I MuMain  : Frame 7 — drawCalls=374 verts=73863 paths(im=1573 vaD=0 vaC=0 qI=92 qE=0) SDL_err=''
04-26 19:35:34.739 16168 16219 I MuMain  : Frame 8 — drawCalls=386 verts=74025 paths(im=1586 vaD=0 vaC=0 qI=103 qE=0) SDL_err=''
04-26 19:35:34.764 16168 16219 I MuMain  : Frame 9 — drawCalls=392 verts=74133 paths(im=1590 vaD=0 vaC=0 qI=111 qE=0) SDL_err=''
04-26 19:35:34.816 16168 16219 W MuMain  : ADAPT net budget down: fps=38.4 frameMs=26.03 maxMsg 70->60
04-26 19:35:35.073 16168 16219 W MuMain  : ADAPT net budget down: fps=35.0 frameMs=28.53 maxMsg 60->50
04-26 19:35:35.326 16168 16219 W MuMain  : ADAPT net budget down: fps=35.5 frameMs=28.14 maxMsg 50->40
04-26 19:35:35.326 16168 16219 I MuMain  : PERF fps=35.5 frameMs=28.14 phase(render=27.42 pad=0.02 present=0.65) renderLevel=4 fxScale=1.00 maxMsg=40 avg(draw=442 verts=76226 im=1820 vaD=0 vaC=0 qI=204 qE=0) max(draw=452 verts=76743)
04-26 19:35:35.327 16168 16219 I MuMain  : PERF_SCENE world=73 char(live=0 vis=0 ply=0 mon=0 npc=0 pet=0 prio=0 topMon=-1 x0) obj(live=375 vis=170 op=0 trap=0 topObj=155 x30)
04-26 19:35:35.327 16168 16219 I MuMain  : PERF_BUCKET objMove(cand=0 upd=0 def=0 n=0 m=0 f=0) objRender(cand=0 draw=0 cull=0 n=0 m=0 f=0 visDraw=0 visDef=0) charMove(cand=0 upd=0 def=0 n=0 m=0 f=0) charRender(cand=0 draw=0 def=0 cull=0 n=0 m=0 f=0)
04-26 19:35:35.327 16168 16219 I MuMain  : PERF_TERRAIN world=73 normal(block=0 tile=0) grass(block=0 tile=0) after(block=0 tile=0)
04-26 19:35:35.578 16168 16219 I MuMain  : ADAPT fx scale: fps=35.8 frameMs=27.91 1.00->0.90 target=0.80
04-26 19:35:35.578 16168 16219 W MuMain  : ADAPT net budget down: fps=35.8 frameMs=27.91 maxMsg 40->30
04-26 19:35:36.369 16168 16219 I MuMain  : PERF fps=41.3 frameMs=24.21 phase(render=23.43 pad=0.02 present=0.68) renderLevel=4 fxScale=1.00 maxMsg=30 avg(draw=399 verts=81455 im=1752 vaD=0 vaC=0 qI=202 qE=0) max(draw=404 verts=81711)
04-26 19:35:36.369 16168 16219 I MuMain  : PERF_SCENE world=73 char(live=0 vis=0 ply=0 mon=0 npc=0 pet=0 prio=0 topMon=-1 x0) obj(live=375 vis=186 op=0 trap=0 topObj=79 x21)
04-26 19:35:36.369 16168 16219 I MuMain  : PERF_BUCKET objMove(cand=0 upd=0 def=0 n=0 m=0 f=0) objRender(cand=0 draw=0 cull=0 n=0 m=0 f=0 visDraw=0 visDef=0) charMove(cand=0 upd=0 def=0 n=0 m=0 f=0) charRender(cand=0 draw=0 def=0 cull=0 n=0 m=0 f=0)
04-26 19:35:36.369 16168 16219 I MuMain  : PERF_TERRAIN world=73 normal(block=0 tile=0) grass(block=0 tile=0) after(block=0 tile=0)
04-26 19:35:36.674   736   954 I AdbWifiNetworkMonitor: Wi-Fi network available
04-26 19:35:36.675   736   954 I AdbWifiNetworkMonitor: Received the same Wi-Fi SSID. Ignoring.
04-26 19:35:36.683  1366  2579 I NullBinder: NullBinder for android.net.action.RECOMMEND_NETWORKS triggering remote TransactionTooLargeException due to Service without Chimera impl, calling uid: 1000, calling pid: 0
04-26 19:35:36.683  1366  2579 W libbinder.Binder: Large reply transaction of 1056768 bytes, interface descriptor , function: UNKNOWN_FUNCTION_NAME, code: 1, flags: 17
04-26 19:35:36.686   736   921 I HalDevMgr: bestIfaceCreationProposal is null, requestIface=STA, existingIface=[name=wlan0 type=STA]
04-26 19:35:36.887 16168 16219 I MuMain  : ADAPT fx scale: fps=44.7 frameMs=22.37 1.00->0.90 target=0.90
04-26 19:35:37.082  4376  4380 W ssioncontroller: Reducing the number of considered missed Gc histogram windows from 163 to 100
04-26 19:35:37.121   736   862 D ActivityManager: freezing 4276 com.android.vending:background
04-26 19:35:37.415 16168 16219 I MuMain  : PERF fps=49.9 frameMs=20.02 phase(render=19.13 pad=0.03 present=0.80) renderLevel=4 fxScale=1.00 maxMsg=30 avg(draw=282 verts=70521 im=1648 vaD=0 vaC=0 qI=132 qE=0) max(draw=297 verts=72948)
04-26 19:35:37.415 16168 16219 I MuMain  : PERF_SCENE world=73 char(live=0 vis=0 ply=0 mon=0 npc=0 pet=0 prio=0 topMon=-1 x0) obj(live=375 vis=186 op=0 trap=0 topObj=79 x24)
04-26 19:35:37.415 16168 16219 I MuMain  : PERF_BUCKET objMove(cand=0 upd=0 def=0 n=0 m=0 f=0) objRender(cand=0 draw=0 cull=0 n=0 m=0 f=0 visDraw=0 visDef=0) charMove(cand=0 upd=0 def=0 n=0 m=0 f=0) charRender(cand=0 draw=0 def=0 cull=0 n=0 m=0 f=0)
04-26 19:35:37.415 16168 16219 I MuMain  : PERF_TERRAIN world=73 normal(block=0 tile=0) grass(block=0 tile=0) after(block=0 tile=0)
04-26 19:35:37.531   736   862 D ActivityManager: freezing 4164 com.android.vending
04-26 19:35:37.540   736   931 D InetDiagMessage: Destroyed 0 sockets, proto=IPPROTO_TCP, family=AF_INET, states=14
04-26 19:35:37.542   736   931 D InetDiagMessage: Destroyed 2 sockets, proto=IPPROTO_TCP, family=AF_INET6, states=14
04-26 19:35:37.542   736   931 D InetDiagMessage: Destroyed live tcp sockets for uids={10154} in 4ms
04-26 19:35:38.458 16168 16219 I MuMain  : PERF fps=68.3 frameMs=14.65 phase(render=14.05 pad=0.02 present=0.53) renderLevel=4 fxScale=1.00 maxMsg=30 avg(draw=198 verts=78907 im=1616 vaD=0 vaC=0 qI=79 qE=0) max(draw=208 verts=79680)
04-26 19:35:38.458 16168 16219 I MuMain  : PERF_SCENE world=73 char(live=0 vis=0 ply=0 mon=0 npc=0 pet=0 prio=0 topMon=-1 x0) obj(live=375 vis=169 op=0 trap=0 topObj=79 x24)
04-26 19:35:38.458 16168 16219 I MuMain  : PERF_BUCKET objMove(cand=0 upd=0 def=0 n=0 m=0 f=0) objRender(cand=0 draw=0 cull=0 n=0 m=0 f=0 visDraw=0 visDef=0) charMove(cand=0 upd=0 def=0 n=0 m=0 f=0) charRender(cand=0 draw=0 def=0 cull=0 n=0 m=0 f=0)
04-26 19:35:38.458 16168 16219 I MuMain  : PERF_TERRAIN world=73 normal(block=0 tile=0) grass(block=0 tile=0) after(block=0 tile=0)
04-26 19:35:39.135   736   931 D InetDiagMessage: Destroyed 0 sockets, proto=IPPROTO_TCP, family=AF_INET, states=14
04-26 19:35:39.139   736   931 D InetDiagMessage: Destroyed 0 sockets, proto=IPPROTO_TCP, family=AF_INET6, states=14
04-26 19:35:39.139   736   931 D InetDiagMessage: Destroyed live tcp sockets for uids={10160} in 5ms
04-26 19:35:39.140   736   931 D InetDiagMessage: Destroyed 0 sockets, proto=IPPROTO_TCP, family=AF_INET, states=14
04-26 19:35:39.140   736   931 D InetDiagMessage: Destroyed 0 sockets, proto=IPPROTO_TCP, family=AF_INET6, states=14
04-26 19:35:39.140   736   931 D InetDiagMessage: Destroyed live tcp sockets for uids={20160} in 1ms
04-26 19:35:39.333  1203  1331 D SatelliteController: isInCarrierRoamingNbIotNtn: satellite is disabled
04-26 19:35:39.333  1203  1331 D SatelliteController: getCarrierRoamingNtnConnectType: Checking connect type from PLMN config for subId: 1
04-26 19:35:39.339  1203  1331 D SatelliteController: getSatellitePerPlmnConfiguration: invalid subId or not supported via carrier.
04-26 19:35:39.340  1203  1331 D SatelliteController: getCarrierRoamingNtnConnectType: config: null
04-26 19:35:39.340  1203  1331 D SatelliteController: getCarrierRoamingNtnConnectType: Falling back to global carrier config connect type: 0
04-26 19:35:39.340  1203  1331 D SatelliteController: updateLastNotifiedCarrierRoamingNtnSignalStrengthAndNotify(1)
04-26 19:35:39.340  1203  1331 D SatelliteController: updateLastNotifiedCarrierRoamingNtnSignalStrengthAndNotify(1) lastNotifiedSignalStrength level: 0
04-26 19:35:39.340  1203  1331 D SatelliteController: updateLastNotifiedCarrierRoamingNtnSignalStrengthAndNotify(1) currSignalStrength level: 0
04-26 19:35:39.490 16168 16219 I MuMain  : PERF fps=61.8 frameMs=16.18 phase(render=15.60 pad=0.02 present=0.49) renderLevel=4 fxScale=1.00 maxMsg=30 avg(draw=219 verts=95534 im=1671 vaD=0 vaC=0 qI=115 qE=0) max(draw=225 verts=98340)
04-26 19:35:39.491 16168 16219 I MuMain  : PERF_SCENE world=73 char(live=0 vis=0 ply=0 mon=0 npc=0 pet=0 prio=0 topMon=-1 x0) obj(live=375 vis=170 op=0 trap=0 topObj=79 x29)
04-26 19:35:39.491 16168 16219 I MuMain  : PERF_BUCKET objMove(cand=0 upd=0 def=0 n=0 m=0 f=0) objRender(cand=0 draw=0 cull=0 n=0 m=0 f=0 visDraw=0 visDef=0) charMove(cand=0 upd=0 def=0 n=0 m=0 f=0) charRender(cand=0 draw=0 def=0 cull=0 n=0 m=0 f=0)
04-26 19:35:39.491 16168 16219 I MuMain  : PERF_TERRAIN world=73 normal(block=0 tile=0) grass(block=0 tile=0) after(block=0 tile=0)
04-26 19:35:39.695   736   921 I HalDevMgr: bestIfaceCreationProposal is null, requestIface=STA, existingIface=[name=wlan0 type=STA]
04-26 19:35:39.700  1160  1312 D IpClient/wlan0: interfaceLinkStateChanged: ifindex 16 up
04-26 19:35:39.707  1160  1312 D IpClient/wlan0: interfaceLinkStateChanged: ifindex 16 up
04-26 19:35:40.252  1016  1016 I wpa_supplicant: wlan0: CTRL-EVENT-BEACON-LOSS 
04-26 19:35:40.527 16168 16219 I MuMain  : PERF fps=61.3 frameMs=16.31 phase(render=15.79 pad=0.02 present=0.45) renderLevel=4 fxScale=1.00 maxMsg=30 avg(draw=217 verts=97104 im=1683 vaD=0 vaC=0 qI=109 qE=0) max(draw=224 verts=98010)
04-26 19:35:40.527 16168 16219 I MuMain  : PERF_SCENE world=73 char(live=0 vis=0 ply=0 mon=0 npc=0 pet=0 prio=0 topMon=-1 x0) obj(live=375 vis=163 op=0 trap=0 topObj=79 x28)
04-26 19:35:40.527 16168 16219 I MuMain  : PERF_BUCKET objMove(cand=0 upd=0 def=0 n=0 m=0 f=0) objRender(cand=0 draw=0 cull=0 n=0 m=0 f=0 visDraw=0 visDef=0) charMove(cand=0 upd=0 def=0 n=0 m=0 f=0) charRender(cand=0 draw=0 def=0 cull=0 n=0 m=0 f=0)
04-26 19:35:40.527 16168 16219 I MuMain  : PERF_TERRAIN world=73 normal(block=0 tile=0) grass(block=0 tile=0) after(block=0 tile=0)
04-26 19:35:41.579 16168 16219 I MuMain  : PERF fps=56.1 frameMs=17.82 phase(render=16.99 pad=0.03 present=0.74) renderLevel=4 fxScale=1.00 maxMsg=30 avg(draw=251 verts=92688 im=1722 vaD=0 vaC=0 qI=142 qE=0) max(draw=261 verts=94923)
04-26 19:35:41.579 16168 16219 I MuMain  : PERF_SCENE world=73 char(live=0 vis=0 ply=0 mon=0 npc=0 pet=0 prio=0 topMon=-1 x0) obj(live=375 vis=160 op=0 trap=0 topObj=135 x18)
04-26 19:35:41.579 16168 16219 I MuMain  : PERF_BUCKET objMove(cand=0 upd=0 def=0 n=0 m=0 f=0) objRender(cand=0 draw=0 cull=0 n=0 m=0 f=0 visDraw=0 visDef=0) charMove(cand=0 upd=0 def=0 n=0 m=0 f=0) charRender(cand=0 draw=0 def=0 cull=0 n=0 m=0 f=0)
04-26 19:35:41.579 16168 16219 I MuMain  : PERF_TERRAIN world=73 normal(block=0 tile=0) grass(block=0 tile=0) after(block=0 tile=0)
04-26 19:35:42.597 16168 16219 I MuMain  : ADAPT fx scale: fps=46.7 frameMs=21.41 1.00->0.90 target=0.90
04-26 19:35:42.597 16168 16219 I MuMain  : PERF fps=46.7 frameMs=21.41 phase(render=20.66 pad=0.03 present=0.68) renderLevel=4 fxScale=1.00 maxMsg=30 avg(draw=322 verts=104102 im=1850 vaD=0 vaC=0 qI=205 qE=0) max(draw=349 verts=105369)
04-26 19:35:42.597 16168 16219 I MuMain  : PERF_SCENE world=73 char(live=0 vis=0 ply=0 mon=0 npc=0 pet=0 prio=0 topMon=-1 x0) obj(live=375 vis=128 op=0 trap=0 topObj=135 x18)
04-26 19:35:42.597 16168 16219 I MuMain  : PERF_BUCKET objMove(cand=0 upd=0 def=0 n=0 m=0 f=0) objRender(cand=0 draw=0 cull=0 n=0 m=0 f=0 visDraw=0 visDef=0) charMove(cand=0 upd=0 def=0 n=0 m=0 f=0) charRender(cand=0 draw=0 def=0 cull=0 n=0 m=0 f=0)
04-26 19:35:42.597 16168 16219 I MuMain  : PERF_TERRAIN world=73 normal(block=0 tile=0) grass(block=0 tile=0) after(block=0 tile=0)
04-26 19:35:42.622 14925 14925 D BoundBrokerSvc: onUnbind: Intent { act=com.google.android.gms.feedback.internal.IFeedbackService dat=chimera-action:/... xflg=0x4 cmp=com.google.android.gms/.chimera.GmsBoundBrokerService }
04-26 19:35:42.704   736   921 I HalDevMgr: bestIfaceCreationProposal is null, requestIface=STA, existingIface=[name=wlan0 type=STA]
04-26 19:35:43.631 16168 16219 I MuMain  : PERF fps=34.1 frameMs=29.30 phase(render=28.17 pad=0.05 present=1.02) renderLevel=4 fxScale=1.00 maxMsg=30 avg(draw=372 verts=102169 im=1985 vaD=0 vaC=0 qI=271 qE=0) max(draw=382 verts=103161)
04-26 19:35:43.631 16168 16219 I MuMain  : PERF_SCENE world=73 char(live=0 vis=0 ply=0 mon=0 npc=0 pet=0 prio=0 topMon=-1 x0) obj(live=375 vis=107 op=0 trap=0 topObj=135 x12)
04-26 19:35:43.631 16168 16219 I MuMain  : PERF_BUCKET objMove(cand=0 upd=0 def=0 n=0 m=0 f=0) objRender(cand=0 draw=0 cull=0 n=0 m=0 f=0 visDraw=0 visDef=0) charMove(cand=0 upd=0 def=0 n=0 m=0 f=0) charRender(cand=0 draw=0 def=0 cull=0 n=0 m=0 f=0)
04-26 19:35:43.631 16168 16219 I MuMain  : PERF_TERRAIN world=73 normal(block=0 tile=0) grass(block=0 tile=0) after(block=0 tile=0)
04-26 19:35:43.734  2780  2783 I artd    : GetBestInfo: odex next to the dex file (/data/app/~~PqdBwR9WSFUNw4iaJMgoGg==/com.google.android.gms-95Dc1VeYXyONiCBDqz_lkA==/oat/x86_64/base.odex) is kOatUpToDate with filter 'speed-profile' executable 'false'
04-26 19:35:43.737  2780  2783 I artd    : GetBestInfo: dm (/data/app/~~PqdBwR9WSFUNw4iaJMgoGg==/com.google.android.gms-95Dc1VeYXyONiCBDqz_lkA==/split_AdsDynamite_installtime.dm) is kOatUpToDate with filter 'verify' executable 'false'
04-26 19:35:43.739  2780  2783 I artd    : GetBestInfo: dm (/data/app/~~PqdBwR9WSFUNw4iaJMgoGg==/com.google.android.gms-95Dc1VeYXyONiCBDqz_lkA==/split_CronetDynamite_installtime.dm) is kOatUpToDate with filter 'verify' executable 'false'
04-26 19:35:43.741  2780  2783 I artd    : GetBestInfo: dm (/data/app/~~PqdBwR9WSFUNw4iaJMgoGg==/com.google.android.gms-95Dc1VeYXyONiCBDqz_lkA==/split_DynamiteLoader_installtime.dm) is kOatUpToDate with filter 'verify' executable 'false'
04-26 19:35:43.743  2780  2783 I artd    : GetBestInfo: dm (/data/app/~~PqdBwR9WSFUNw4iaJMgoGg==/com.google.android.gms-95Dc1VeYXyONiCBDqz_lkA==/split_DynamiteModulesA_installtime.dm) is kOatUpToDate with filter 'verify' executable 'false'
04-26 19:35:43.745  2780  2783 I artd    : GetBestInfo: dm (/data/app/~~PqdBwR9WSFUNw4iaJMgoGg==/com.google.android.gms-95Dc1VeYXyONiCBDqz_lkA==/split_DynamiteModulesC_installtime.dm) is kOatUpToDate with filter 'verify' executable 'false'
04-26 19:35:43.747  2780  2783 I artd    : GetBestInfo: dm (/data/app/~~PqdBwR9WSFUNw4iaJMgoGg==/com.google.android.gms-95Dc1VeYXyONiCBDqz_lkA==/split_GoogleCertificates_installtime.dm) is kOatUpToDate with filter 'verify' executable 'false'
04-26 19:35:43.749  2780  2783 I artd    : GetBestInfo: dm (/data/app/~~PqdBwR9WSFUNw4iaJMgoGg==/com.google.android.gms-95Dc1VeYXyONiCBDqz_lkA==/split_MapsDynamite_installtime.dm) is kOatUpToDate with filter 'verify' executable 'false'
04-26 19:35:43.752  2780  2783 I artd    : GetBestInfo: dm (/data/app/~~PqdBwR9WSFUNw4iaJMgoGg==/com.google.android.gms-95Dc1VeYXyONiCBDqz_lkA==/split_MeasurementDynamite_installtime.dm) is kOatUpToDate with filter 'verify' executable 'false'
04-26 19:35:43.753  2780  2783 I artd    : GetBestInfo: dm (/data/app/~~PqdBwR9WSFUNw4iaJMgoGg==/com.google.android.gms-95Dc1VeYXyONiCBDqz_lkA==/split_all_locale_splits.dm) is kOatUpToDate with filter 'verify' executable 'false'
04-26 19:35:43.756  2780  2783 I artd    : GetBestInfo: /data/user_de/0/com.google.android.gms/app_chimera/m/0000000a/dl-TfliteDynamiteDynamite.integ_252130102100800.apk has no usable artifacts
04-26 19:35:43.757  2780  2783 I artd    : GetBestInfo: /data/user_de/0/com.google.android.gms/app_chimera/m/00000001/CronetDynamite.apk has no usable artifacts
04-26 19:35:43.759  2780  2783 I artd    : GetBestInfo: /data/user_de/0/com.google.android.gms/app_chimera/m/00000016/dl-MlkitOcrCommon.optional_261332100800.apk has no usable artifacts
04-26 19:35:43.760  2780  2783 I artd    : GetBestInfo: /data/user_de/0/com.google.android.gms/app_chimera/m/00000002/DynamiteLoader.apk has no usable artifacts
04-26 19:35:43.761  2780  2783 I artd    : GetBestInfo: /data/user_de/0/com.google.android.gms/app_chimera/m/0000000e/dl-MlkitBarcodeUi.optional_260235100800.apk has no usable artifacts
04-26 19:35:43.762  2780  2783 I artd    : GetBestInfo: /data/user_de/0/com.google.android.gms/app_chimera/m/00000013/dl-Appsearch.optional_261332100800.apk has no usable artifacts
04-26 19:35:43.763  2780  2783 I artd    : GetBestInfo: /data/user_de/0/com.google.android.gms/app_chimera/m/00000005/GoogleCertificates.apk has no usable artifacts
04-26 19:35:43.765  2780  2783 I artd    : GetBestInfo: /data/user_de/0/com.google.android.gms/app_chimera/m/00000012/dl-PlayCloudSearch.optional_261332100000.apk has no usable artifacts
04-26 19:35:43.767  2780  2783 I artd    : GetBestInfo: vdex next to the dex file (/data/user/0/com.google.android.gms/app_dg_cache/B3ED91DEC21F0EB5284BE10D982ABEAAC45F5C48/oat/x86_64/the.vdex) is kOatUpToDate with filter 'verify' executable 'false'
04-26 19:35:43.768  2780  2783 I artd    : GetBestInfo: /data/user_de/0/com.google.android.gms/app_chimera/m/0000000f/dl-PlayCloudSearch.optional_260235100000.apk has no usable artifacts
04-26 19:35:43.770  2780  2783 I artd    : GetBestInfo: /data/user_de/0/com.google.android.gms/app_chimera/m/00000008/dl-VisionOcr.optional_260235100000.apk has no usable artifacts
04-26 19:35:43.772  2780  2783 I artd    : GetBestInfo: /data/user_de/0/com.google.android.gms/app_chimera/m/0000000b/dl-Appsearch.optional_260235100800.apk has no usable artifacts
04-26 19:35:43.774  2780  2783 I artd    : GetBestInfo: /data/user_de/0/com.google.android.gms/app_chimera/m/00000011/dl-VisionOcr.optional_261332100000.apk has no usable artifacts
04-26 19:35:43.775  2780  2783 I artd    : GetBestInfo: /data/user_de/0/com.google.android.gms/app_chimera/m/00000015/dl-MlkitBarcodeUi.optional_261332100800.apk has no usable artifacts
04-26 19:35:43.777  2780  2783 I artd    : GetBestInfo: /data/user_de/0/com.google.android.gms/app_chimera/m/00000009/dl-MlkitOcrCommon.optional_260235100800.apk has no usable artifacts
04-26 19:35:43.779  2780  2783 I artd    : GetBestInfo: vdex next to the dex file (/data/user/0/com.google.android.gms/app_dg_cache/CE973E4DE823F0AA69070767A9FABB590DDD455C/oat/x86_64/the.vdex) is kOatUpToDate with filter 'verify' executable 'false'
04-26 19:35:43.780  2780  2783 I artd    : GetBestInfo: /data/user_de/0/com.google.android.gms/app_chimera/m/00000007/MeasurementDynamite.apk has no usable artifacts
04-26 19:35:43.883 16168 16219 I MuMain  : ADAPT fx scale: fps=35.7 frameMs=28.00 1.00->0.90 target=0.80
04-26 19:35:44.657 16168 16219 I MuMain  : PERF fps=40.0 frameMs=25.01 phase(render=24.31 pad=0.02 present=0.63) renderLevel=4 fxScale=1.00 maxMsg=30 avg(draw=402 verts=97572 im=2034 vaD=0 vaC=0 qI=304 qE=0) max(draw=407 verts=99876)
04-26 19:35:44.657 16168 16219 I MuMain  : PERF_SCENE world=73 char(live=0 vis=0 ply=0 mon=0 npc=0 pet=0 prio=0 topMon=-1 x0) obj(live=375 vis=90 op=0 trap=0 topObj=129 x7)
04-26 19:35:44.657 16168 16219 I MuMain  : PERF_BUCKET objMove(cand=0 upd=0 def=0 n=0 m=0 f=0) objRender(cand=0 draw=0 cull=0 n=0 m=0 f=0 visDraw=0 visDef=0) charMove(cand=0 upd=0 def=0 n=0 m=0 f=0) charRender(cand=0 draw=0 def=0 cull=0 n=0 m=0 f=0)
04-26 19:35:44.657 16168 16219 I MuMain  : PERF_TERRAIN world=73 normal(block=0 tile=0) grass(block=0 tile=0) after(block=0 tile=0)
04-26 19:35:45.180 16168 16219 I MuMain  : ADAPT fx scale: fps=40.6 frameMs=24.65 1.00->0.90 target=0.90
04-26 19:35:45.701 16168 16219 I MuMain  : PERF fps=43.3 frameMs=23.09 phase(render=22.32 pad=0.02 present=0.68) renderLevel=4 fxScale=1.00 maxMsg=30 avg(draw=377 verts=85024 im=2014 vaD=0 vaC=0 qI=293 qE=0) max(draw=399 verts=90696)
04-26 19:35:45.701 16168 16219 I MuMain  : PERF_SCENE world=73 char(live=0 vis=0 ply=0 mon=0 npc=0 pet=0 prio=0 topMon=-1 x0) obj(live=375 vis=76 op=0 trap=0 topObj=129 x7)
04-26 19:35:45.701 16168 16219 I MuMain  : PERF_BUCKET objMove(cand=0 upd=0 def=0 n=0 m=0 f=0) objRender(cand=0 draw=0 cull=0 n=0 m=0 f=0 visDraw=0 visDef=0) charMove(cand=0 upd=0 def=0 n=0 m=0 f=0) charRender(cand=0 draw=0 def=0 cull=0 n=0 m=0 f=0)
04-26 19:35:45.702 16168 16219 I MuMain  : PERF_TERRAIN world=73 normal(block=0 tile=0) grass(block=0 tile=0) after(block=0 tile=0)
04-26 19:35:45.709   736   921 I HalDevMgr: bestIfaceCreationProposal is null, requestIface=STA, existingIface=[name=wlan0 type=STA]
04-26 19:35:46.514 16168 16219 I MuMain  : ADAPT fx scale: fps=44.2 frameMs=22.63 1.00->0.90 target=0.90
04-26 19:35:46.774 16168 16219 I MuMain  : PERF fps=42.3 frameMs=23.64 phase(render=22.63 pad=0.02 present=0.92) renderLevel=4 fxScale=1.00 maxMsg=30 avg(draw=367 verts=89431 im=2001 vaD=0 vaC=0 qI=286 qE=0) max(draw=385 verts=89502)
04-26 19:35:46.774 16168 16219 I MuMain  : PERF_SCENE world=73 char(live=0 vis=0 ply=0 mon=0 npc=0 pet=0 prio=0 topMon=-1 x0) obj(live=375 vis=64 op=0 trap=0 topObj=129 x6)
04-26 19:35:46.774 16168 16219 I MuMain  : PERF_BUCKET objMove(cand=0 upd=0 def=0 n=0 m=0 f=0) objRender(cand=0 draw=0 cull=0 n=0 m=0 f=0 visDraw=0 visDef=0) charMove(cand=0 upd=0 def=0 n=0 m=0 f=0) charRender(cand=0 draw=0 def=0 cull=0 n=0 m=0 f=0)
04-26 19:35:46.774 16168 16219 I MuMain  : PERF_TERRAIN world=73 normal(block=0 tile=0) grass(block=0 tile=0) after(block=0 tile=0)
04-26 19:35:47.104   736   862 D ActivityManager: freezing 4376 com.google.android.permissioncontroller
04-26 19:35:47.107   736   931 D InetDiagMessage: Destroyed 0 sockets, proto=IPPROTO_TCP, family=AF_INET, states=14
04-26 19:35:47.108   736   931 D InetDiagMessage: Destroyed 0 sockets, proto=IPPROTO_TCP, family=AF_INET6, states=14
04-26 19:35:47.108   736   931 D InetDiagMessage: Destroyed live tcp sockets for uids={10211} in 2ms
04-26 19:35:47.384 16238 16238 W libbinder.BackendUnifiedServiceManager: Thread Pool max thread count is 0. Cannot cache binder as linkToDeath cannot be implemented. serviceName: SurfaceFlingerAIDL
04-26 19:35:47.385 16238 16238 W libbinder.BpBinder: Linking to death on android.gui.ISurfaceComposer but there are no threads (yet?) listening to incoming transactions. See ProcessState::startThreadPool and ProcessState::setThreadPoolMaxThreadCount. Generally you should setup the binder threadpool before other initialization steps.
04-26 19:35:47.385 16238 16238 W libbinder.ProcessState: Extra binder thread started, but 0 threads requested. Do not use *startThreadPool when zero threads are requested.
04-26 19:35:47.452   566   616 W skia    : AGTM parsing failed flags.readFromStream(s) at 159
