04-26 15:48:53.910 V/WindowManager(  736):         {m=CLOSE f=FILLS_TASK|IS_BEHIND_STARTING_WINDOW p=WCT{RemoteToken{e2b887c Task{a8a90f0 #92 type=standard A=10230:com.muonline.client}}} leash=Surface(name=ActivityRecord{121775266 u0 com.muonline.client/.PreloadActivity t92}#259)/@0xf8d146b sb=Rect(0, 0 - 2400, 1080) eb=Rect(0, 0 - 2400, 1080) epz=Point(2400, 1080) d=0 bc=ff000000 activity=ActivityTransitionInfo { component = ComponentInfo{com.muonline.client/com.muonline.client.PreloadActivity}, taskId = 92, appCompatTransitionInfo = AppCompatTransitionInfo { letterboxBounds = Rect(132, 0 - 2400, 1080), hasRoundedCorners = false } }},
04-26 15:48:53.910 V/WindowManager(  736):         {WCT{RemoteToken{e2b887c Task{a8a90f0 #92 type=standard A=10230:com.muonline.client}}} m=CHANGE f=NONE leash=Surface(name=Task=92#258)/@0x9d8764e sb=Rect(0, 0 - 2400, 1080) eb=Rect(0, 0 - 2400, 1080) epz=Point(2400, 1080) d=0 taskParent=-1 winMode=1 userId=0}
04-26 15:48:53.910 V/WindowManager(  736):     ]}
04-26 15:48:53.911 V/WindowManagerShell( 1036): onTransitionReady (#26) android.os.BinderProxy@7b22b5d: {id=26 t=OPEN f=0x0 trk=0 r=[0@Point(0, 0)] c=[
04-26 15:48:53.911 V/WindowManagerShell( 1036):         {m=OPEN f=FILLS_TASK p=WCT{android.os.BinderProxy@5897af8} leash=Surface(name=ActivityRecord{176707091 u0 com.muonline.client/.MuMainActivity t92}#277)/@0xfc3542a sb=Rect(0, 0 - 0, 0) eb=Rect(0, 0 - 2400, 1080) epz=Point(2400, 1080) d=-1->0 r=-1->1:-1 bc=ff000000 activity=ActivityTransitionInfo { component = ComponentInfo{com.muonline.client/com.muonline.client.MuMainActivity}, taskId = 92, appCompatTransitionInfo = AppCompatTransitionInfo { letterboxBounds = Rect(132, 0 - 2400, 1080), hasRoundedCorners = false } }},
04-26 15:48:53.911 V/WindowManagerShell( 1036):         {m=CLOSE f=FILLS_TASK|IS_BEHIND_STARTING_WINDOW p=WCT{android.os.BinderProxy@5897af8} leash=Surface(name=ActivityRecord{121775266 u0 com.muonline.client/.PreloadActivity t92}#259)/@0xc4bd21b sb=Rect(0, 0 - 2400, 1080) eb=Rect(0, 0 - 2400, 1080) epz=Point(2400, 1080) d=0 bc=ff000000 activity=ActivityTransitionInfo { component = ComponentInfo{com.muonline.client/com.muonline.client.PreloadActivity}, taskId = 92, appCompatTransitionInfo = AppCompatTransitionInfo { letterboxBounds = Rect(132, 0 - 2400, 1080), hasRoundedCorners = false } }},
04-26 15:48:53.911 V/WindowManagerShell( 1036):         {m=CHANGE f=NONE leash=Surface(name=Task=92#258)/@0x22edfb8 sb=Rect(0, 0 - 2400, 1080) eb=Rect(0, 0 - 2400, 1080) epz=Point(2400, 1080) d=0 taskParent=-1 winMode=1 userId=0}
04-26 15:48:53.911 V/WindowManagerShell( 1036):     ]}
04-26 15:48:53.911 V/WindowManagerShell( 1036): Playing animation for (#26) android.os.BinderProxy@7b22b5d@0
04-26 15:48:53.912 D/ShellSplitScreen( 1036): startAnimation: transition=26 isSplitActive=false
04-26 15:48:53.912 V/ShellRecents( 1036): RecentsTransitionHandler.startAnimation: no controller found
04-26 15:48:53.912 V/ShellDesktopMode( 1036): DesktopMixedTransitionHandler: No pending desktop transition
04-26 15:48:53.912 V/WindowManagerShell( 1036): Transition doesn't have explicit remote, search filters for match for {id=26 t=OPEN f=0x0 trk=0 r=[0@Point(0, 0)] c=[{m=OPEN f=FILLS_TASK p=WCT{android.os.BinderProxy@5897af8} leash=Surface(name=ActivityRecord{176707091 u0 com.muonline.client/.MuMainActivity t92}#277)/@0xfc3542a sb=Rect(0, 0 - 0, 0) eb=Rect(0, 0 - 2400, 1080) epz=Point(2400, 1080) d=-1->0 r=-1->1:-1 bc=ff000000 activity=ActivityTransitionInfo { component = ComponentInfo{com.muonline.client/com.muonline.client.MuMainActivity}, taskId = 92, appCompatTransitionInfo = AppCompatTransitionInfo { letterboxBounds = Rect(132, 0 - 2400, 1080), hasRoundedCorners = false } }},{m=CLOSE f=FILLS_TASK|IS_BEHIND_STARTING_WINDOW p=WCT{android.os.BinderProxy@5897af8} leash=Surface(name=ActivityRecord{121775266 u0 com.muonline.client/.PreloadActivity t92}#259)/@0xc4bd21b sb=Rect(0, 0 - 2400, 1080) eb=Rect(0, 0 - 2400, 1080) epz=Point(2400, 1080) d=0 bc=ff000000 activity=ActivityTransitionInfo { component = ComponentInfo{com.muonline.client/com.muonline.client.PreloadActivity}, taskId = 92, appCompatTransitionInfo = AppCompatTransitionInfo { letterboxBounds = Rect(132, 0 - 2400, 1080), hasRoundedCorners = false } }},{m=CHANGE f=NONE leash=Surface(name=Task=92#258)/@0x22edfb8 sb=Rect(0, 0 - 2400, 1080) eb=Rect(0, 0 - 2400, 1080) epz=Point(2400, 1080) d=0 taskParent=-1 winMode=1 userId=0}]}
04-26 15:48:53.912 V/WindowManagerShell( 1036):  Checking filter Pair{{types=[] flags=0x0 notFlags=0x0 checks=[{atype=undefined independent=true modes=[CLOSE,TO_BACK] flags=IN_TASK_WITH_EMBEDDED_ACTIVITY mustBeTask=false order=ANY topActivity=null launchCookie=null taskFragmentToken=android.os.BinderProxy@e90ae30 windowingMode=undefined isCrossDisplayMove=false}]} RemoteTransition { remoteTransition = android.window.IRemoteTransition$Stub$Proxy@1ccfaa9, appThread = android.app.IApplicationThread$Stub$Proxy@5c682e, debugName = overlayBackTransition, filter = {types=[] flags=0x0 notFlags=0x0 checks=[{atype=undefined independent=true modes=[CLOSE,TO_BACK] flags=IN_TASK_WITH_EMBEDDED_ACTIVITY mustBeTask=false order=ANY topActivity=null launchCookie=null taskFragmentToken=android.os.BinderProxy@e90ae30 windowingMode=undefined isCrossDisplayMove=false}]} }}
04-26 15:48:53.912 V/WindowManagerShell( 1036):  Checking filter Pair{{types=[] flags=0x0 notFlags=0x0 checks=[{atype=dream independent=true modes=[OPEN,TO_FRONT] flags=NONE mustBeTask=false order=ANY topActivity=null launchCookie=null windowingMode=undefined isCrossDisplayMove=false},{atype=home independent=true modes=[CLOSE,TO_BACK] flags=NONE mustBeTask=false order=ANY topActivity=null launchCookie=null windowingMode=undefined isCrossDisplayMove=false}]} RemoteTransition { remoteTransition = android.window.IRemoteTransition$Stub$Proxy@aa8fcf, appThread = android.app.IApplicationThread$Stub$Proxy@98a7d5c, debugName = LauncherToDream, filter = {types=[] flags=0x0 notFlags=0x0 checks=[{atype=dream independent=true modes=[OPEN,TO_FRONT] flags=NONE mustBeTask=false order=ANY topActivity=null launchCookie=null windowingMode=undefined isCrossDisplayMove=false},{atype=home independent=true modes=[CLOSE,TO_BACK] flags=NONE mustBeTask=false order=ANY topActivity=null launchCookie=null windowingMode=undefined isCrossDisplayMove=false}]} }}
04-26 15:48:53.912 V/WindowManagerShell( 1036):  Checking filter Pair{{types=[] flags=0x0 notFlags=0x0 checks=[{atype=standard independent=false modes=[CHANGE] flags=NONE mustBeTask=true order=ANY topActivity=null launchCookie=null windowingMode=undefined isCrossDisplayMove=true}]} RemoteTransition { remoteTransition = android.window.IRemoteTransition$Stub$Proxy@3519865, appThread = android.app.IApplicationThread$Stub$Proxy@94ad93a, debugName = QuickstepDisplayMove, filter = {types=[] flags=0x0 notFlags=0x0 checks=[{atype=standard independent=false modes=[CHANGE] flags=NONE mustBeTask=true order=ANY topActivity=null launchCookie=null windowingMode=undefined isCrossDisplayMove=true}]} }}
04-26 15:48:53.913 V/WindowManagerShell( 1036):  Checking filter Pair{{types=[] flags=0x0 notFlags=0x100 checks=[{atype=home independent=true modes=[OPEN,TO_FRONT] flags=NONE mustBeTask=false order=ANY topActivity=ComponentInfo{com.google.android.apps.nexuslauncher/com.google.android.apps.nexuslauncher.NexusLauncherActivity} launchCookie=null windowingMode=undefined isCrossDisplayMove=false},{atype=standard independent=true modes=[CLOSE,TO_BACK] flags=NONE mustBeTask=false order=ANY topActivity=null launchCookie=null windowingMode=undefined isCrossDisplayMove=false},{NOT atype=undefined independent=true modes=[] flags=NONE mustBeTask=true order=ANY topActivity=null launchCookie=null customAnim=true windowingMode=undefined isCrossDisplayMove=false}]} RemoteTransition { remoteTransition = android.window.IRemoteTransition$Stub$Proxy@fea59eb, appThread = android.app.IApplicationThread$Stub$Proxy@4f01348, debugName = QuickstepLaunchHome, filter = {types=[] flags=0x0 notFlags=0x100 checks=[{atype=home independent=true modes=[OPEN,TO_FRONT] flags=NONE mustBeTask=false order=ANY topActivity=ComponentInfo{com.google.android.apps.nexuslauncher/com.google.android.apps.nexuslauncher.NexusLauncherActivity} launchCookie=null windowingMode=undefined isCrossDisplayMove=false},{atype=standard independent=true modes=[CLOSE,TO_BACK] flags=NONE mustBeTask=false order=ANY topActivity=null launchCookie=null windowingMode=undefined isCrossDisplayMove=false},{NOT atype=undefined independent=true modes=[] flags=NONE mustBeTask=true order=ANY topActivity=null launchCookie=null customAnim=true windowingMode=undefined isCrossDisplayMove=false}]} }}
04-26 15:48:53.913 V/WindowManagerShell( 1036):  Checking filter Pair{{types=[OPEN,TO_FRONT] flags=0x0 notFlags=0x0 checks=[{atype=standard independent=true modes=[OPEN,TO_FRONT] flags=NONE mustBeTask=true order=ANY topActivity=null launchCookie=null windowingMode=freeform isCrossDisplayMove=false}]} RemoteTransition { remoteTransition = android.window.IRemoteTransition$Stub$Proxy@5987ffe, appThread = null, debugName = DesktopWindowLimitUnminimize, filter = {types=[OPEN,TO_FRONT] flags=0x0 notFlags=0x0 checks=[{atype=standard independent=true modes=[OPEN,TO_FRONT] flags=NONE mustBeTask=true order=ANY topActivity=null launchCookie=null windowingMode=freeform isCrossDisplayMove=false}]} }}
04-26 15:48:53.913 V/WindowManagerShell( 1036):  Delegate animation for (#26) to null
04-26 15:48:53.913 V/WindowManagerShell( 1036): start default transition animation, info = {id=26 t=OPEN f=0x0 trk=0 r=[0@Point(0, 0)] c=[{m=OPEN f=FILLS_TASK p=WCT{android.os.BinderProxy@5897af8} leash=Surface(name=ActivityRecord{176707091 u0 com.muonline.client/.MuMainActivity t92}#277)/@0xfc3542a sb=Rect(0, 0 - 0, 0) eb=Rect(0, 0 - 2400, 1080) epz=Point(2400, 1080) d=-1->0 r=-1->1:-1 bc=ff000000 activity=ActivityTransitionInfo { component = ComponentInfo{com.muonline.client/com.muonline.client.MuMainActivity}, taskId = 92, appCompatTransitionInfo = AppCompatTransitionInfo { letterboxBounds = Rect(132, 0 - 2400, 1080), hasRoundedCorners = false } }},{m=CLOSE f=FILLS_TASK|IS_BEHIND_STARTING_WINDOW p=WCT{android.os.BinderProxy@5897af8} leash=Surface(name=ActivityRecord{121775266 u0 com.muonline.client/.PreloadActivity t92}#259)/@0xc4bd21b sb=Rect(0, 0 - 2400, 1080) eb=Rect(0, 0 - 2400, 1080) epz=Point(2400, 1080) d=0 bc=ff000000 activity=ActivityTransitionInfo { component = ComponentInfo{com.muonline.client/com.muonline.client.PreloadActivity}, taskId = 92, appCompatTransitionInfo = AppCompatTransitionInfo { letterboxBounds = Rect(132, 0 - 2400, 1080), hasRoundedCorners = false } }},{m=CHANGE f=NONE leash=Surface(name=Task=92#258)/@0x22edfb8 sb=Rect(0, 0 - 2400, 1080) eb=Rect(0, 0 - 2400, 1080) epz=Point(2400, 1080) d=0 taskParent=-1 winMode=1 userId=0}]}
04-26 15:48:53.913 V/WindowManagerShell( 1036): loadAnimation: anim=android.view.animation.AnimationSet@c79a5cd animAttr=0x5 type=OPEN isEntrance=false
04-26 15:48:53.914 I/SDL/APP ( 6050): pixel format wanted SDL_PIXELFORMAT_RGBX8888 (2), got SDL_PIXELFORMAT_RGBX8888 (2)
04-26 15:48:53.915 V/WindowManagerShell( 1036): loadAnimation: anim=android.view.animation.AnimationSet@c87d1c9 animAttr=0x4 type=OPEN isEntrance=true
04-26 15:48:53.916 V/WindowManagerShell( 1036):  animated by com.android.wm.shell.transition.DefaultTransitionHandler@11f9e32
04-26 15:48:53.937 D/InsetsController( 6050): Setting requestedVisibleTypes to 496 (was 503)
04-26 15:48:53.938 D/VRI[MuMainActivity]( 6050): WindowInsets changed: statusBars:null navigationBars:null 
04-26 15:48:53.938 V/SDL     ( 6050): surfaceChanged()
04-26 15:48:53.938 V/SDL     ( 6050): Window size: 2268x1080
04-26 15:48:53.938 V/SDL     ( 6050): Device size: 2400x1080
04-26 15:48:53.943 I/libbinder.BpBinder(  566): onLastStrongRef automatically unlinking death recipients for binder (0x7eaa36066d90) with descriptor: '(not cached)'
04-26 15:48:53.959 I/MuMain  ( 6050): Screen size (drawable): 2268x1080 (scale: 3.54 x 2.25)
04-26 15:48:53.967 I/GL_Compat( 6050): GL_Compat_Init: OK (prog=3, vbo=1, ebo=2)
04-26 15:48:53.967 I/MuRender( 6050): OpenGLCompat initialized (drawable=2268x1080)
04-26 15:48:53.967 I/MuMain  ( 6050): Render backend active: OpenGLCompat
04-26 15:48:53.967 I/GL_Compat( 6050): GL path switch: preferDirectVA=1
04-26 15:48:53.967 I/MuMain  ( 6050): GL compat VA policy: preferDirect=1 (emulator=1)
04-26 15:48:53.967 I/AndroidGDI( 6050): SDL2_ttf initialized, defaultSize=15
04-26 15:48:53.968 I/AndroidGDI( 6050): Font OK: /system/fonts/DroidSans.ttf sz=15
04-26 15:48:53.968 I/AndroidGDI( 6050): Font OK: /system/fonts/DroidSans-Bold.ttf sz=15
04-26 15:48:53.970 I/AndroidGDI( 6050): Font OK: /system/fonts/DroidSans-Bold.ttf sz=30
04-26 15:48:53.971 I/AndroidGDI( 6050): Font OK: /system/fonts/DroidSans.ttf sz=14
04-26 15:48:53.971 I/MuMain  ( 6050): GDI fonts created: size=15 big=30
04-26 15:48:53.971 I/MuMain  ( 6050): Audio config: sound=1 music=1 rememberMe=0
04-26 15:48:53.972 I/MuMain  ( 6050): 
04-26 15:48:53.972 I/MuMain  ( 6050): Mix_Init requested=0x8 loaded=0x8
04-26 15:48:53.973 D/AudioSystem( 6050): onNewServiceWithAdapter: media.audio_flinger service obtained 0x733fdca90280
04-26 15:48:53.973 W/AudioFlinger(  560): onStateChanged: pid:6050  uid:10230  state:unfrozen
04-26 15:48:53.974 D/AudioSystem( 6050): getService: IAudioFlingerService retrieved: 0x73401cab07c0  IAudioFlinger cached: 0x733fdca90280
04-26 15:48:53.974 D/muonline.client( 6050): PlayerBase::PlayerBase()
04-26 15:48:53.975 D/muonline.client( 6050): TrackPlayerBase::TrackPlayerBase()
04-26 15:48:53.975 I/libOpenSLES( 6050): Emulating old channel mask behavior (ignoring positional mask 0x3, using default mask 0x3 based on channel count of 2)
04-26 15:48:53.976 D/NativePermissionController(  560): checkPermission: missing 1 for 10230
04-26 15:48:53.976 D/NativePermissionController(  560): checkPermission: missing 3 for 10230
04-26 15:48:53.976 D/NativePermissionController(  560): checkPermission: missing 5 for 10230
04-26 15:48:53.976 W/AudioFlinger(  560): createTrack_l(): mismatch between requested flags (00000104) and output flags (00000002)
04-26 15:48:53.977 D/AudioFlinger(  560): Client defaulted notificationFrames to 882 for frameCount 4012
04-26 15:48:53.977 I/AF::AfPlaybackCommon(  560): creating track with enforcement level 2 shouldHarden 1
04-26 15:48:53.990 I/bluetooth( 1174): system/btif/avrcp/avrcp_service.cc:533 SendMediaUpdate: track_changed=false :  play_state=true :  queue=false
04-26 15:48:53.990 E/MediaControlProfile( 1174): onCurrentPlayerStateUpdated: base actions not supported, player actions= 0, expected at least= 7f
04-26 15:48:53.990 W/MediaControlGattService( 1174): Feature PLAYBACK_SPEED support: true
04-26 15:48:53.990 W/MediaControlGattService( 1174): Feature PLAYBACK_SPEED support: true
04-26 15:48:53.990 W/MediaControlGattService( 1174): Feature PLAYBACK_SPEED support: true
04-26 15:48:53.990 W/MediaControlGattService( 1174): Feature PLAYBACK_SPEED_NOTIFY support: true
04-26 15:48:53.991 E/AppOps  (  736): attributionTag  not declared in manifest of com.muonline.client
04-26 15:48:53.992 I/BluetoothAdapterProperties( 1174): getBondedDevices: length=0
04-26 15:48:53.992 W/MediaControlGattService( 1174): Feature TRACK_POSITION support: true
04-26 15:48:53.992 W/MediaControlGattService( 1174): Feature TRACK_POSITION_NOTIFY support: true
04-26 15:48:53.992 W/MediaControlGattService( 1174): Feature MEDIA_STATE support: true
04-26 15:48:53.993 E/AppOps  (  736): attributionTag  not declared in manifest of com.muonline.client
04-26 15:48:53.993 I/BluetoothAdapterProperties( 1174): getBondedDevices: length=0
04-26 15:48:53.993 W/MediaControlGattService( 1174): Feature MEDIA_CONTROL_POINT_OPCODES_SUPPORTED support: true
04-26 15:48:53.993 W/MediaControlGattService( 1174): Feature MEDIA_STATE support: true
04-26 15:48:53.993 W/MediaControlGattService( 1174): Feature MEDIA_STATE support: true
04-26 15:48:53.994 D/muonline.client( 6050): PlayerBase::stop() from IPlayer
04-26 15:48:53.994 D/AudioTrack( 6050): stop(18): called with 0 frames delivered
04-26 15:48:53.994 I/BluetoothAdapterProperties( 1174): getBondedDevices: length=0
04-26 15:48:53.994 W/MediaControlGattService( 1174): Feature MEDIA_STATE support: true
04-26 15:48:53.994 W/MediaControlGattService( 1174): Feature SEEKING_SPEED support: true
04-26 15:48:53.994 W/MediaControlGattService( 1174): Feature SEEKING_SPEED support: true
04-26 15:48:53.994 W/MediaControlGattService( 1174): Feature SEEKING_SPEED support: true
04-26 15:48:53.994 I/MuMain  ( 6050): SDL_mixer initialized (32 channels)
04-26 15:48:53.994 I/MuMain  ( 6050): INIT: srand
04-26 15:48:53.994 I/MuMain  ( 6050): INIT: alloc GateAttribute
04-26 15:48:53.994 W/MediaControlProfile( 1174): MCS service state fields left unhandled: 
04-26 15:48:53.994 I/MuMain  ( 6050): INIT: alloc SkillAttribute
04-26 15:48:53.994 W/MediaControlProfile( 1174):    > PLAYER_NAME
04-26 15:48:53.994 W/MediaControlProfile( 1174):    > PLAYING_ORDER_SUPPORTED
04-26 15:48:53.994 I/MuMain  ( 6050): INIT: alloc ItemAttRibute
04-26 15:48:53.994 E/AppOps  (  736): attributionTag  not declared in manifest of com.muonline.client
04-26 15:48:53.995 I/MuMain  ( 6050): INIT: alloc CharacterMemoryDump
04-26 15:48:53.995 I/MuMain  ( 6050): INIT: alloc CharacterMachine
04-26 15:48:53.995 I/MuMain  ( 6050): INIT: CharacterMachine->Init()
04-26 15:48:53.995 I/MuMain  ( 6050): INIT: new UI objects
04-26 15:48:53.996 E/AppOps  (  736): attributionTag  not declared in manifest of com.muonline.client
04-26 15:48:53.997 I/MuMain  ( 6050): INIT: BuffStateSystem::Make()
04-26 15:48:53.997 E/AppOps  (  736): attributionTag  not declared in manifest of com.muonline.client
04-26 15:48:53.997 I/MuMain  ( 6050): INIT: MapProcess::Make()
04-26 15:48:53.997 I/MuMain  ( 6050): INIT: PetProcess::Make()
04-26 15:48:53.997 I/MuMain  ( 6050): INIT: CUIMng::Create()
04-26 15:48:53.998 I/MuMain  ( 6050): INIT: g_pNewUISystem->Create()
04-26 15:48:53.998 E/AppOps  (  736): attributionTag  not declared in manifest of com.muonline.client
04-26 15:48:53.998 I/bluetooth( 1174): system/btif/avrcp/avrcp_service.cc:533 SendMediaUpdate: track_changed=false :  play_state=true :  queue=false
04-26 15:48:53.998 E/MediaControlProfile( 1174): onCurrentPlayerStateUpdated: base actions not supported, player actions= 0, expected at least= 7f
04-26 15:48:53.998 W/MediaControlGattService( 1174): Feature PLAYBACK_SPEED support: true
04-26 15:48:53.999 W/MediaControlGattService( 1174): Feature PLAYBACK_SPEED support: true
04-26 15:48:53.999 W/GFXSTREAM( 6050): [GLESv2Validation.cpp(1217)] Error internal format: 0x4 is invalid.
04-26 15:48:53.999 E/GFXSTREAM( 6050): [GL2Encoder.cpp(2814)] GL error 0x501 condition [!GLESv2Validation::pixelFormat(ctx, internalformat) && !GLESv2Validation::pixelInternalFormat(internalformat)].
04-26 15:48:53.999 W/GFXSTREAM( 6050): [GLESv2Validation.cpp(1217)] Error internal format: 0x4 is invalid.
04-26 15:48:54.000 W/MediaControlGattService( 1174): Feature PLAYBACK_SPEED support: true
04-26 15:48:54.000 W/MediaControlGattService( 1174): Feature PLAYBACK_SPEED_NOTIFY support: true
04-26 15:48:54.000 E/GFXSTREAM( 6050): [GL2Encoder.cpp(2814)] GL error 0x501 condition [!GLESv2Validation::pixelFormat(ctx, internalformat) && !GLESv2Validation::pixelInternalFormat(internalformat)].
04-26 15:48:54.000 W/GFXSTREAM( 6050): [GLESv2Validation.cpp(1217)] Error internal format: 0x4 is invalid.
04-26 15:48:54.000 E/GFXSTREAM( 6050): [GL2Encoder.cpp(2814)] GL error 0x501 condition [!GLESv2Validation::pixelFormat(ctx, internalformat) && !GLESv2Validation::pixelInternalFormat(internalformat)].
04-26 15:48:54.000 W/GFXSTREAM( 6050): [GLESv2Validation.cpp(1217)] Error internal format: 0x4 is invalid.
04-26 15:48:54.001 E/GFXSTREAM( 6050): [GL2Encoder.cpp(2814)] GL error 0x501 condition [!GLESv2Validation::pixelFormat(ctx, internalformat) && !GLESv2Validation::pixelInternalFormat(internalformat)].
04-26 15:48:54.001 I/BluetoothAdapterProperties( 1174): getBondedDevices: length=0
04-26 15:48:54.001 W/GFXSTREAM( 6050): [GLESv2Validation.cpp(1217)] Error internal format: 0x4 is invalid.
04-26 15:48:54.001 E/GFXSTREAM( 6050): [GL2Encoder.cpp(2814)] GL error 0x501 condition [!GLESv2Validation::pixelFormat(ctx, internalformat) && !GLESv2Validation::pixelInternalFormat(internalformat)].
04-26 15:48:54.002 W/MediaControlGattService( 1174): Feature TRACK_POSITION support: true
04-26 15:48:54.003 W/MediaControlGattService( 1174): Feature TRACK_POSITION_NOTIFY support: true
04-26 15:48:54.003 W/MediaControlGattService( 1174): Feature MEDIA_STATE support: true
04-26 15:48:54.003 W/MediaControlGattService( 1174): Feature MEDIA_STATE support: true
04-26 15:48:54.004 I/RanchuHwc(  521): logCompositionFallbackIfChanged: layer 65 CompositionType fallback from 2 to 1
04-26 15:48:54.004 I/RanchuHwc(  521): logCompositionFallbackIfChanged: layer 66 CompositionType fallback from 2 to 1
04-26 15:48:54.004 I/RanchuHwc(  521): logCompositionFallbackIfChanged: layer 61 CompositionType fallback from 3 to 1
04-26 15:48:54.005 I/BluetoothAdapterProperties( 1174): getBondedDevices: length=0
04-26 15:48:54.005 W/GFXSTREAM( 6050): [GLESv2Validation.cpp(1217)] Error internal format: 0x3 is invalid.
04-26 15:48:54.005 E/GFXSTREAM( 6050): [GL2Encoder.cpp(2814)] GL error 0x501 condition [!GLESv2Validation::pixelFormat(ctx, internalformat) && !GLESv2Validation::pixelInternalFormat(internalformat)].
04-26 15:48:54.005 W/skia    (  566): AGTM parsing failed flags.readFromStream(s) at 159
04-26 15:48:54.005 W/skia    (  566): AGTM parsing failed flags.readFromStream(s) at 159
04-26 15:48:54.005 W/MediaControlGattService( 1174): Feature MEDIA_CONTROL_POINT_OPCODES_SUPPORTED support: true
04-26 15:48:54.005 W/skia    (  566): AGTM parsing failed flags.readFromStream(s) at 159
04-26 15:48:54.005 W/MediaControlGattService( 1174): Feature MEDIA_STATE support: true
04-26 15:48:54.005 W/MediaControlGattService( 1174): Feature MEDIA_STATE support: true
04-26 15:48:54.005 W/GFXSTREAM( 6050): [GLESv2Validation.cpp(1217)] Error internal format: 0x4 is invalid.
04-26 15:48:54.005 E/GFXSTREAM( 6050): [GL2Encoder.cpp(2814)] GL error 0x501 condition [!GLESv2Validation::pixelFormat(ctx, internalformat) && !GLESv2Validation::pixelInternalFormat(internalformat)].
04-26 15:48:54.005 W/skia    (  566): AGTM parsing failed flags.readFromStream(s) at 159
04-26 15:48:54.005 W/skia    (  566): AGTM parsing failed flags.readFromStream(s) at 159
04-26 15:48:54.005 W/GFXSTREAM( 6050): [GLESv2Validation.cpp(1217)] Error internal format: 0x3 is invalid.
04-26 15:48:54.005 E/GFXSTREAM( 6050): [GL2Encoder.cpp(2814)] GL error 0x501 condition [!GLESv2Validation::pixelFormat(ctx, internalformat) && !GLESv2Validation::pixelInternalFormat(internalformat)].
04-26 15:48:54.006 I/BluetoothAdapterProperties( 1174): getBondedDevices: length=0
04-26 15:48:54.006 W/MediaControlGattService( 1174): Feature MEDIA_STATE support: true
04-26 15:48:54.006 W/MediaControlGattService( 1174): Feature SEEKING_SPEED support: true
04-26 15:48:54.006 W/MediaControlGattService( 1174): Feature SEEKING_SPEED support: true
04-26 15:48:54.006 W/GFXSTREAM( 6050): [GLESv2Validation.cpp(1217)] Error internal format: 0x4 is invalid.
04-26 15:48:54.006 E/GFXSTREAM( 6050): [GL2Encoder.cpp(2814)] GL error 0x501 condition [!GLESv2Validation::pixelFormat(ctx, internalformat) && !GLESv2Validation::pixelInternalFormat(internalformat)].
04-26 15:48:54.006 W/MediaControlGattService( 1174): Feature SEEKING_SPEED support: true
04-26 15:48:54.006 W/MediaControlProfile( 1174): MCS service state fields left unhandled: 
04-26 15:48:54.006 W/MediaControlProfile( 1174):    > PLAYER_NAME
04-26 15:48:54.006 W/MediaControlProfile( 1174):    > PLAYING_ORDER_SUPPORTED
04-26 15:48:54.006 W/GFXSTREAM( 6050): [GLESv2Validation.cpp(1217)] Error internal format: 0x4 is invalid.
04-26 15:48:54.006 E/GFXSTREAM( 6050): [GL2Encoder.cpp(2814)] GL error 0x501 condition [!GLESv2Validation::pixelFormat(ctx, internalformat) && !GLESv2Validation::pixelInternalFormat(internalformat)].
04-26 15:48:54.006 I/bluetooth( 1174): system/btif/avrcp/avrcp_service.cc:533 SendMediaUpdate: track_changed=false :  play_state=true :  queue=false
04-26 15:48:54.007 E/MediaControlProfile( 1174): onCurrentPlayerStateUpdated: base actions not supported, player actions= 0, expected at least= 7f
04-26 15:48:54.007 W/MediaControlGattService( 1174): Feature PLAYBACK_SPEED support: true
04-26 15:48:54.007 W/MediaControlGattService( 1174): Feature PLAYBACK_SPEED support: true
04-26 15:48:54.007 W/MediaControlGattService( 1174): Feature PLAYBACK_SPEED support: true
04-26 15:48:54.007 W/MediaControlGattService( 1174): Feature PLAYBACK_SPEED_NOTIFY support: true
04-26 15:48:54.008 I/BluetoothAdapterProperties( 1174): getBondedDevices: length=0
04-26 15:48:54.006 W/GFXSTREAM( 6050): [GLESv2Validation.cpp(1217)] Error internal format: 0x4 is invalid.
04-26 15:48:54.008 E/GFXSTREAM( 6050): [GL2Encoder.cpp(2814)] GL error 0x501 condition [!GLESv2Validation::pixelFormat(ctx, internalformat) && !GLESv2Validation::pixelInternalFormat(internalformat)].
04-26 15:48:54.008 W/MediaControlGattService( 1174): Feature TRACK_POSITION support: true
04-26 15:48:54.008 W/MediaControlGattService( 1174): Feature TRACK_POSITION_NOTIFY support: true
04-26 15:48:54.008 W/MediaControlGattService( 1174): Feature MEDIA_STATE support: true
04-26 15:48:54.009 W/GFXSTREAM( 6050): [GLESv2Validation.cpp(1217)] Error internal format: 0x4 is invalid.
04-26 15:48:54.009 E/GFXSTREAM( 6050): [GL2Encoder.cpp(2814)] GL error 0x501 condition [!GLESv2Validation::pixelFormat(ctx, internalformat) && !GLESv2Validation::pixelInternalFormat(internalformat)].
04-26 15:48:54.009 I/BluetoothAdapterProperties( 1174): getBondedDevices: length=0
04-26 15:48:54.009 V/SDL     ( 6050): onWindowFocusChanged(): true
04-26 15:48:54.009 V/SDL     ( 6050): nativeFocusChanged()
04-26 15:48:54.009 W/GFXSTREAM( 6050): [GLESv2Validation.cpp(1217)] Error internal format: 0x3 is invalid.
04-26 15:48:54.009 E/GFXSTREAM( 6050): [GL2Encoder.cpp(2814)] GL error 0x501 condition [!GLESv2Validation::pixelFormat(ctx, internalformat) && !GLESv2Validation::pixelInternalFormat(internalformat)].
04-26 15:48:54.010 W/GFXSTREAM( 6050): [GLESv2Validation.cpp(1217)] Error internal format: 0x4 is invalid.
04-26 15:48:54.010 E/GFXSTREAM( 6050): [GL2Encoder.cpp(2814)] GL error 0x501 condition [!GLESv2Validation::pixelFormat(ctx, internalformat) && !GLESv2Validation::pixelInternalFormat(internalformat)].
04-26 15:48:54.010 W/GFXSTREAM( 6050): [GLESv2Validation.cpp(1217)] Error internal format: 0x4 is invalid.
04-26 15:48:54.010 E/GFXSTREAM( 6050): [GL2Encoder.cpp(2814)] GL error 0x501 condition [!GLESv2Validation::pixelFormat(ctx, internalformat) && !GLESv2Validation::pixelInternalFormat(internalformat)].
04-26 15:48:54.010 W/GFXSTREAM( 6050): [GLESv2Validation.cpp(1217)] Error internal format: 0x4 is invalid.
04-26 15:48:54.010 E/GFXSTREAM( 6050): [GL2Encoder.cpp(2814)] GL error 0x501 condition [!GLESv2Validation::pixelFormat(ctx, internalformat) && !GLESv2Validation::pixelInternalFormat(internalformat)].
04-26 15:48:54.010 W/GFXSTREAM( 6050): [GLESv2Validation.cpp(1217)] Error internal format: 0x4 is invalid.
04-26 15:48:54.010 E/GFXSTREAM( 6050): [GL2Encoder.cpp(2814)] GL error 0x501 condition [!GLESv2Validation::pixelFormat(ctx, internalformat) && !GLESv2Validation::pixelInternalFormat(internalformat)].
04-26 15:48:54.011 W/GFXSTREAM( 6050): [GLESv2Validation.cpp(1217)] Error internal format: 0x4 is invalid.
04-26 15:48:54.011 E/GFXSTREAM( 6050): [GL2Encoder.cpp(2814)] GL error 0x501 condition [!GLESv2Validation::pixelFormat(ctx, internalformat) && !GLESv2Validation::pixelInternalFormat(internalformat)].
04-26 15:48:54.011 I/ImeTracker(  736): com.muonline.client:b961cab3: onRequestHide at ORIGIN_SERVER reason HIDE_UNSPECIFIED_WINDOW fromUser false userId 0 displayId 0
04-26 15:48:54.011 W/GFXSTREAM( 6050): [GLESv2Validation.cpp(1217)] Error internal format: 0x4 is invalid.
04-26 15:48:54.011 E/GFXSTREAM( 6050): [GL2Encoder.cpp(2814)] GL error 0x501 condition [!GLESv2Validation::pixelFormat(ctx, internalformat) && !GLESv2Validation::pixelInternalFormat(internalformat)].
04-26 15:48:54.011 W/GFXSTREAM( 6050): [GLESv2Validation.cpp(1217)] Error internal format: 0x4 is invalid.
04-26 15:48:54.012 E/GFXSTREAM( 6050): [GL2Encoder.cpp(2814)] GL error 0x501 condition [!GLESv2Validation::pixelFormat(ctx, internalformat) && !GLESv2Validation::pixelInternalFormat(internalformat)].
04-26 15:48:54.012 D/InsetsController( 6050): hide(ime())
04-26 15:48:54.012 W/GFXSTREAM( 6050): [GLESv2Validation.cpp(1217)] Error internal format: 0x4 is invalid.
04-26 15:48:54.012 W/MediaControlGattService( 1174): Feature MEDIA_CONTROL_POINT_OPCODES_SUPPORTED support: true
04-26 15:48:54.012 E/GFXSTREAM( 6050): [GL2Encoder.cpp(2814)] GL error 0x501 condition [!GLESv2Validation::pixelFormat(ctx, internalformat) && !GLESv2Validation::pixelInternalFormat(internalformat)].
04-26 15:48:54.012 W/MediaControlGattService( 1174): Feature MEDIA_STATE support: true
04-26 15:48:54.012 W/MediaControlGattService( 1174): Feature MEDIA_STATE support: true
04-26 15:48:54.012 W/GFXSTREAM( 6050): [GLESv2Validation.cpp(1217)] Error internal format: 0x4 is invalid.
04-26 15:48:54.012 W/InputChannel-JNI(  736): Channel already disposed.
04-26 15:48:54.012 E/GFXSTREAM( 6050): [GL2Encoder.cpp(2814)] GL error 0x501 condition [!GLESv2Validation::pixelFormat(ctx, internalformat) && !GLESv2Validation::pixelInternalFormat(internalformat)].
04-26 15:48:54.013 W/GFXSTREAM( 6050): [GLESv2Validation.cpp(1217)] Error internal format: 0x4 is invalid.
04-26 15:48:54.013 E/GFXSTREAM( 6050): [GL2Encoder.cpp(2814)] GL error 0x501 condition [!GLESv2Validation::pixelFormat(ctx, internalformat) && !GLESv2Validation::pixelInternalFormat(internalformat)].
04-26 15:48:54.013 I/ImeTracker( 6050): com.muonline.client:b961cab3: onCancelled at PHASE_CLIENT_ALREADY_HIDDEN
04-26 15:48:54.013 I/BluetoothAdapterProperties( 1174): getBondedDevices: length=0
04-26 15:48:54.014 I/GoogleInputMethodService( 4105): GoogleInputMethodService.onFinishInput():2113 
04-26 15:48:54.014 W/MediaControlGattService( 1174): Feature MEDIA_STATE support: true
04-26 15:48:54.014 W/GFXSTREAM( 6050): [GLESv2Validation.cpp(1217)] Error internal format: 0x4 is invalid.
04-26 15:48:54.014 W/MediaControlGattService( 1174): Feature SEEKING_SPEED support: true
04-26 15:48:54.014 E/GFXSTREAM( 6050): [GL2Encoder.cpp(2814)] GL error 0x501 condition [!GLESv2Validation::pixelFormat(ctx, internalformat) && !GLESv2Validation::pixelInternalFormat(internalformat)].
04-26 15:48:54.014 W/MediaControlGattService( 1174): Feature SEEKING_SPEED support: true
04-26 15:48:54.014 W/MediaControlGattService( 1174): Feature SEEKING_SPEED support: true
04-26 15:48:54.014 W/MediaControlProfile( 1174): MCS service state fields left unhandled: 
04-26 15:48:54.014 W/MediaControlProfile( 1174):    > PLAYER_NAME
04-26 15:48:54.014 W/GFXSTREAM( 6050): [GLESv2Validation.cpp(1217)] Error internal format: 0x3 is invalid.
04-26 15:48:54.014 E/GFXSTREAM( 6050): [GL2Encoder.cpp(2814)] GL error 0x501 condition [!GLESv2Validation::pixelFormat(ctx, internalformat) && !GLESv2Validation::pixelInternalFormat(internalformat)].
04-26 15:48:54.014 W/MediaControlProfile( 1174):    > PLAYING_ORDER_SUPPORTED
04-26 15:48:54.014 W/GFXSTREAM( 6050): [GLESv2Validation.cpp(1217)] Error internal format: 0x4 is invalid.
04-26 15:48:54.014 E/GFXSTREAM( 6050): [GL2Encoder.cpp(2814)] GL error 0x501 condition [!GLESv2Validation::pixelFormat(ctx, internalformat) && !GLESv2Validation::pixelInternalFormat(internalformat)].
04-26 15:48:54.014 I/Module  ( 4105): DeviceLockedStatusModuleProvider$Module.updateDeviceLockedStatus():103 repeatCheckTimes = 0, locked = false
04-26 15:48:54.014 W/GFXSTREAM( 6050): [GLESv2Validation.cpp(1217)] Error internal format: 0x4 is invalid.
04-26 15:48:54.014 E/GFXSTREAM( 6050): [GL2Encoder.cpp(2814)] GL error 0x501 condition [!GLESv2Validation::pixelFormat(ctx, internalformat) && !GLESv2Validation::pixelInternalFormat(internalformat)].
04-26 15:48:54.014 W/GFXSTREAM( 6050): [GLESv2Validation.cpp(1217)] Error internal format: 0x4 is invalid.
04-26 15:48:54.014 E/GFXSTREAM( 6050): [GL2Encoder.cpp(2814)] GL error 0x501 condition [!GLESv2Validation::pixelFormat(ctx, internalformat) && !GLESv2Validation::pixelInternalFormat(internalformat)].
04-26 15:48:54.015 W/GFXSTREAM( 6050): [GLESv2Validation.cpp(1217)] Error internal format: 0x4 is invalid.
04-26 15:48:54.015 E/GFXSTREAM( 6050): [GL2Encoder.cpp(2814)] GL error 0x501 condition [!GLESv2Validation::pixelFormat(ctx, internalformat) && !GLESv2Validation::pixelInternalFormat(internalformat)].
04-26 15:48:54.015 W/GFXSTREAM( 6050): [GLESv2Validation.cpp(1217)] Error internal format: 0x4 is invalid.
04-26 15:48:54.015 E/GFXSTREAM( 6050): [GL2Encoder.cpp(2814)] GL error 0x501 condition [!GLESv2Validation::pixelFormat(ctx, internalformat) && !GLESv2Validation::pixelInternalFormat(internalformat)].
04-26 15:48:54.015 W/GFXSTREAM( 6050): [GLESv2Validation.cpp(1217)] Error internal format: 0x4 is invalid.
04-26 15:48:54.015 E/GFXSTREAM( 6050): [GL2Encoder.cpp(2814)] GL error 0x501 condition [!GLESv2Validation::pixelFormat(ctx, internalformat) && !GLESv2Validation::pixelInternalFormat(internalformat)].
04-26 15:48:54.015 W/GFXSTREAM( 6050): [GLESv2Validation.cpp(1217)] Error internal format: 0x3 is invalid.
04-26 15:48:54.015 E/GFXSTREAM( 6050): [GL2Encoder.cpp(2814)] GL error 0x501 condition [!GLESv2Validation::pixelFormat(ctx, internalformat) && !GLESv2Validation::pixelInternalFormat(internalformat)].
04-26 15:48:54.015 W/GFXSTREAM( 6050): [GLESv2Validation.cpp(1217)] Error internal format: 0x3 is invalid.
04-26 15:48:54.015 E/GFXSTREAM( 6050): [GL2Encoder.cpp(2814)] GL error 0x501 condition [!GLESv2Validation::pixelFormat(ctx, internalformat) && !GLESv2Validation::pixelInternalFormat(internalformat)].
04-26 15:48:54.016 I/GoogleInputMethodService( 4105): GoogleInputMethodService.onStartInput():1384 onStartInput(EditorInfo{EditorInfo{packageName=com.muonline.client, inputType=0, inputTypeString=NULL, enableLearning=false, autoCorrection=false, autoComplete=false, imeOptions=0, privateImeOptions=null, actionName=UNSPECIFIED, actionLabel=null, initialSelStart=-1, initialSelEnd=-1, initialCapsMode=0, label=null, fieldId=0, fieldName=null, extras=null, hintText=null, hintLocales=[]}}, false)
04-26 15:48:54.016 W/GFXSTREAM( 6050): [GLESv2Validation.cpp(1217)] Error internal format: 0x4 is invalid.
04-26 15:48:54.016 E/GFXSTREAM( 6050): [GL2Encoder.cpp(2814)] GL error 0x501 condition [!GLESv2Validation::pixelFormat(ctx, internalformat) && !GLESv2Validation::pixelInternalFormat(internalformat)].
04-26 15:48:54.016 I/MuMain  ( 6050): INIT: UI creation done
04-26 15:48:54.016 I/MuMain  ( 6050): VirtualPad: slots loaded version=4 idx=[-1,-1,-1,-1,-1] type=[0,0,0,0,0] path=Data/Local/android_touch_skill_slots.cfg
04-26 15:48:54.016 I/MuMain  ( 6050): VirtualPad slots: [-1,-1,-1,-1,-1]
04-26 15:48:54.016 I/MuMain  ( 6050): Android perf defaults: maxMsgPerCycle=70 targetFps=-1.0 fxScale=1.00 adaptive=on isEmulator=1
04-26 15:48:54.016 W/AndroidIME( 4105): LatinIMEBase.updateInputViewCoverNavigation():319 Null input view, cannot update padding!
04-26 15:48:54.016 I/MuMain  ( 6050): SDL mixer volume set: level=5 sdl=71
04-26 15:48:54.016 I/MuMain  ( 6050): FPS overlay enabled
04-26 15:48:54.016 I/MuMain  ( 6050): All systems initialized — entering main loop
04-26 15:48:54.016 I/MuMain  ( 6050): Window resized → drawable: 2268x1080
04-26 15:48:54.016 I/MuMain  ( 6050): CHATIME IME state changed focused=0 sdlTextInput=1
04-26 15:48:54.016 I/MuMain  ( 6050): WEBZEN: enter
04-26 15:48:54.017 W/GFXSTREAM( 6050): [GLESv2Validation.cpp(1217)] Error internal format: 0x4 is invalid.
04-26 15:48:54.017 E/GFXSTREAM( 6050): [GL2Encoder.cpp(2814)] GL error 0x501 condition [!GLESv2Validation::pixelFormat(ctx, internalformat) && !GLESv2Validation::pixelInternalFormat(internalformat)].
04-26 15:48:54.017 I/Module  ( 4105): DeviceLockedStatusModuleProvider$Module.updateDeviceLockedStatus():103 repeatCheckTimes = 1, locked = false
04-26 15:48:54.018 I/ImeTracker(  736): system_server:ca926ac4: onRequestHide at ORIGIN_SERVER reason IME_REQUESTED_CHANGED_LISTENER fromUser false displayId 0
04-26 15:48:54.018 W/GFXSTREAM( 6050): [GLESv2Validation.cpp(1217)] Error internal format: 0x4 is invalid.
04-26 15:48:54.018 E/GFXSTREAM( 6050): [GL2Encoder.cpp(2814)] GL error 0x501 condition [!GLESv2Validation::pixelFormat(ctx, internalformat) && !GLESv2Validation::pixelInternalFormat(internalformat)].
04-26 15:48:54.018 W/GFXSTREAM( 6050): [GLESv2Validation.cpp(1217)] Error internal format: 0x4 is invalid.
04-26 15:48:54.018 E/GFXSTREAM( 6050): [GL2Encoder.cpp(2814)] GL error 0x501 condition [!GLESv2Validation::pixelFormat(ctx, internalformat) && !GLESv2Validation::pixelInternalFormat(internalformat)].
04-26 15:48:54.018 I/MuMain  ( 6050): WEBZEN: loading title bitmaps
04-26 15:48:54.018 W/GFXSTREAM( 6050): [GLESv2Validation.cpp(1217)] Error internal format: 0x3 is invalid.
04-26 15:48:54.018 E/GFXSTREAM( 6050): [GL2Encoder.cpp(2814)] GL error 0x501 condition [!GLESv2Validation::pixelFormat(ctx, internalformat) && !GLESv2Validation::pixelInternalFormat(internalformat)].
04-26 15:48:54.018 W/GFXSTREAM( 6050): [GLESv2Validation.cpp(1217)] Error internal format: 0x3 is invalid.
04-26 15:48:54.018 E/GFXSTREAM( 6050): [GL2Encoder.cpp(2814)] GL error 0x501 condition [!GLESv2Validation::pixelFormat(ctx, internalformat) && !GLESv2Validation::pixelInternalFormat(internalformat)].
04-26 15:48:54.018 W/GFXSTREAM( 6050): [GLESv2Validation.cpp(1217)] Error internal format: 0x4 is invalid.
04-26 15:48:54.018 E/GFXSTREAM( 6050): [GL2Encoder.cpp(2814)] GL error 0x501 condition [!GLESv2Validation::pixelFormat(ctx, internalformat) && !GLESv2Validation::pixelInternalFormat(internalformat)].
04-26 15:48:54.019 W/GFXSTREAM( 6050): [GLESv2Validation.cpp(1217)] Error internal format: 0x4 is invalid.
04-26 15:48:54.019 W/PackageConfigPersister(  736): App-specific configuration not found for packageName: com.muonline.client and userId: 0
04-26 15:48:54.019 E/GFXSTREAM( 6050): [GL2Encoder.cpp(2814)] GL error 0x501 condition [!GLESv2Validation::pixelFormat(ctx, internalformat) && !GLESv2Validation::pixelInternalFormat(internalformat)].
04-26 15:48:54.019 W/GFXSTREAM( 6050): [GLESv2Validation.cpp(1217)] Error internal format: 0x4 is invalid.
04-26 15:48:54.019 E/GFXSTREAM( 6050): [GL2Encoder.cpp(2814)] GL error 0x501 condition [!GLESv2Validation::pixelFormat(ctx, internalformat) && !GLESv2Validation::pixelInternalFormat(internalformat)].
04-26 15:48:54.019 I/ImeTracker(  736): system_server:ca926ac4: onCancelled at PHASE_SERVER_SHOULD_HIDE
04-26 15:48:54.019 W/GFXSTREAM( 6050): [GLESv2Validation.cpp(1217)] Error internal format: 0x3 is invalid.
04-26 15:48:54.019 E/GFXSTREAM( 6050): [GL2Encoder.cpp(2814)] GL error 0x501 condition [!GLESv2Validation::pixelFormat(ctx, internalformat) && !GLESv2Validation::pixelInternalFormat(internalformat)].
04-26 15:48:54.021 W/GFXSTREAM( 6050): [GLESv2Validation.cpp(1217)] Error internal format: 0x3 is invalid.
04-26 15:48:54.021 E/GFXSTREAM( 6050): [GL2Encoder.cpp(2814)] GL error 0x501 condition [!GLESv2Validation::pixelFormat(ctx, internalformat) && !GLESv2Validation::pixelInternalFormat(internalformat)].
04-26 15:48:54.021 W/skia    (  566): AGTM parsing failed flags.readFromStream(s) at 159
04-26 15:48:54.021 W/GFXSTREAM( 6050): [GLESv2Validation.cpp(1217)] Error internal format: 0x3 is invalid.
04-26 15:48:54.021 E/GFXSTREAM( 6050): [GL2Encoder.cpp(2814)] GL error 0x501 condition [!GLESv2Validation::pixelFormat(ctx, internalformat) && !GLESv2Validation::pixelInternalFormat(internalformat)].
04-26 15:48:54.021 W/skia    (  566): AGTM parsing failed flags.readFromStream(s) at 159
04-26 15:48:54.021 W/skia    (  566): AGTM parsing failed flags.readFromStream(s) at 159
04-26 15:48:54.021 W/skia    (  566): AGTM parsing failed flags.readFromStream(s) at 159
04-26 15:48:54.021 W/skia    (  566): AGTM parsing failed flags.readFromStream(s) at 159
04-26 15:48:54.021 W/GFXSTREAM( 6050): [GLESv2Validation.cpp(1217)] Error internal format: 0x3 is invalid.
04-26 15:48:54.021 E/GFXSTREAM( 6050): [GL2Encoder.cpp(2814)] GL error 0x501 condition [!GLESv2Validation::pixelFormat(ctx, internalformat) && !GLESv2Validation::pixelInternalFormat(internalformat)].
04-26 15:48:54.022 W/GFXSTREAM( 6050): [GLESv2Validation.cpp(1217)] Error internal format: 0x3 is invalid.
04-26 15:48:54.022 E/GFXSTREAM( 6050): [GL2Encoder.cpp(2814)] GL error 0x501 condition [!GLESv2Validation::pixelFormat(ctx, internalformat) && !GLESv2Validation::pixelInternalFormat(internalformat)].
04-26 15:48:54.022 W/GFXSTREAM( 6050): [GLESv2Validation.cpp(1217)] Error internal format: 0x3 is invalid.
04-26 15:48:54.022 E/GFXSTREAM( 6050): [GL2Encoder.cpp(2814)] GL error 0x501 condition [!GLESv2Validation::pixelFormat(ctx, internalformat) && !GLESv2Validation::pixelInternalFormat(internalformat)].
04-26 15:48:54.022 W/GFXSTREAM( 6050): [GLESv2Validation.cpp(1217)] Error internal format: 0x3 is invalid.
04-26 15:48:54.024 E/GFXSTREAM( 6050): [GL2Encoder.cpp(2814)] GL error 0x501 condition [!GLESv2Validation::pixelFormat(ctx, internalformat) && !GLESv2Validation::pixelInternalFormat(internalformat)].
04-26 15:48:54.025 W/GFXSTREAM( 6050): [GLESv2Validation.cpp(1217)] Error internal format: 0x3 is invalid.
04-26 15:48:54.025 E/GFXSTREAM( 6050): [GL2Encoder.cpp(2814)] GL error 0x501 condition [!GLESv2Validation::pixelFormat(ctx, internalformat) && !GLESv2Validation::pixelInternalFormat(internalformat)].
04-26 15:48:54.025 W/GFXSTREAM( 6050): [GLESv2Validation.cpp(1217)] Error internal format: 0x3 is invalid.
04-26 15:48:54.026 E/GFXSTREAM( 6050): [GL2Encoder.cpp(2814)] GL error 0x501 condition [!GLESv2Validation::pixelFormat(ctx, internalformat) && !GLESv2Validation::pixelInternalFormat(internalformat)].
04-26 15:48:54.026 W/GFXSTREAM( 6050): [GLESv2Validation.cpp(1217)] Error internal format: 0x4 is invalid.
04-26 15:48:54.026 E/GFXSTREAM( 6050): [GL2Encoder.cpp(2814)] GL error 0x501 condition [!GLESv2Validation::pixelFormat(ctx, internalformat) && !GLESv2Validation::pixelInternalFormat(internalformat)].
04-26 15:48:54.026 W/GFXSTREAM( 6050): [GLESv2Validation.cpp(1217)] Error internal format: 0x4 is invalid.
04-26 15:48:54.026 E/GFXSTREAM( 6050): [GL2Encoder.cpp(2814)] GL error 0x501 condition [!GLESv2Validation::pixelFormat(ctx, internalformat) && !GLESv2Validation::pixelInternalFormat(internalformat)].
04-26 15:48:54.027 W/GFXSTREAM( 6050): [GLESv2Validation.cpp(1217)] Error internal format: 0x4 is invalid.
04-26 15:48:54.027 E/GFXSTREAM( 6050): [GL2Encoder.cpp(2814)] GL error 0x501 condition [!GLESv2Validation::pixelFormat(ctx, internalformat) && !GLESv2Validation::pixelInternalFormat(internalformat)].
04-26 15:48:54.027 W/GFXSTREAM( 6050): [GLESv2Validation.cpp(1217)] Error internal format: 0x4 is invalid.
04-26 15:48:54.027 E/GFXSTREAM( 6050): [GL2Encoder.cpp(2814)] GL error 0x501 condition [!GLESv2Validation::pixelFormat(ctx, internalformat) && !GLESv2Validation::pixelInternalFormat(internalformat)].
04-26 15:48:54.027 W/GFXSTREAM( 6050): [GLESv2Validation.cpp(1217)] Error internal format: 0x4 is invalid.
04-26 15:48:54.027 E/GFXSTREAM( 6050): [GL2Encoder.cpp(2814)] GL error 0x501 condition [!GLESv2Validation::pixelFormat(ctx, internalformat) && !GLESv2Validation::pixelInternalFormat(internalformat)].
04-26 15:48:54.027 I/MuMain  ( 6050): WEBZEN: OpenBasicData begin
04-26 15:48:54.027 I/MuMain  ( 6050): OPENBASIC: enter
04-26 15:48:54.030 W/GFXSTREAM( 6050): [GLESv2Validation.cpp(1217)] Error internal format: 0x4 is invalid.
04-26 15:48:54.030 E/GFXSTREAM( 6050): [GL2Encoder.cpp(2814)] GL error 0x501 condition [!GLESv2Validation::pixelFormat(ctx, internalformat) && !GLESv2Validation::pixelInternalFormat(internalformat)].
04-26 15:48:54.030 W/GFXSTREAM( 6050): [GLESv2Validation.cpp(1217)] Error internal format: 0x4 is invalid.
04-26 15:48:54.031 E/GFXSTREAM( 6050): [GL2Encoder.cpp(2814)] GL error 0x501 condition [!GLESv2Validation::pixelFormat(ctx, internalformat) && !GLESv2Validation::pixelInternalFormat(internalformat)].
04-26 15:48:54.031 W/GFXSTREAM( 6050): [GLESv2Validation.cpp(1217)] Error internal format: 0x4 is invalid.
04-26 15:48:54.031 E/GFXSTREAM( 6050): [GL2Encoder.cpp(2814)] GL error 0x501 condition [!GLESv2Validation::pixelFormat(ctx, internalformat) && !GLESv2Validation::pixelInternalFormat(internalformat)].
04-26 15:48:54.031 W/GFXSTREAM( 6050): [GLESv2Validation.cpp(1217)] Error internal format: 0x4 is invalid.
04-26 15:48:54.031 E/GFXSTREAM( 6050): [GL2Encoder.cpp(2814)] GL error 0x501 condition [!GLESv2Validation::pixelFormat(ctx, internalformat) && !GLESv2Validation::pixelInternalFormat(internalformat)].
04-26 15:48:54.031 W/GFXSTREAM( 6050): [GLESv2Validation.cpp(1217)] Error internal format: 0x4 is invalid.
04-26 15:48:54.031 E/GFXSTREAM( 6050): [GL2Encoder.cpp(2814)] GL error 0x501 condition [!GLESv2Validation::pixelFormat(ctx, internalformat) && !GLESv2Validation::pixelInternalFormat(internalformat)].
04-26 15:48:54.031 W/GFXSTREAM( 6050): [GLESv2Validation.cpp(1217)] Error internal format: 0x4 is invalid.
04-26 15:48:54.031 E/GFXSTREAM( 6050): [GL2Encoder.cpp(2814)] GL error 0x501 condition [!GLESv2Validation::pixelFormat(ctx, internalformat) && !GLESv2Validation::pixelInternalFormat(internalformat)].
04-26 15:48:54.031 W/GFXSTREAM( 6050): [GLESv2Validation.cpp(1217)] Error internal format: 0x4 is invalid.
04-26 15:48:54.031 E/GFXSTREAM( 6050): [GL2Encoder.cpp(2814)] GL error 0x501 condition [!GLESv2Validation::pixelFormat(ctx, internalformat) && !GLESv2Validation::pixelInternalFormat(internalformat)].
04-26 15:48:54.031 W/GFXSTREAM( 6050): [GLESv2Validation.cpp(1217)] Error internal format: 0x4 is invalid.
04-26 15:48:54.032 E/GFXSTREAM( 6050): [GL2Encoder.cpp(2814)] GL error 0x501 condition [!GLESv2Validation::pixelFormat(ctx, internalformat) && !GLESv2Validation::pixelInternalFormat(internalformat)].
04-26 15:48:54.032 W/GFXSTREAM( 6050): [GLESv2Validation.cpp(1217)] Error internal format: 0x4 is invalid.
04-26 15:48:54.032 E/GFXSTREAM( 6050): [GL2Encoder.cpp(2814)] GL error 0x501 condition [!GLESv2Validation::pixelFormat(ctx, internalformat) && !GLESv2Validation::pixelInternalFormat(internalformat)].
04-26 15:48:54.032 W/GFXSTREAM( 6050): [GLESv2Validation.cpp(1217)] Error internal format: 0x3 is invalid.
04-26 15:48:54.032 E/GFXSTREAM( 6050): [GL2Encoder.cpp(2814)] GL error 0x501 condition [!GLESv2Validation::pixelFormat(ctx, internalformat) && !GLESv2Validation::pixelInternalFormat(internalformat)].
04-26 15:48:54.032 W/GFXSTREAM( 6050): [GLESv2Validation.cpp(1217)] Error internal format: 0x3 is invalid.
04-26 15:48:54.032 E/GFXSTREAM( 6050): [GL2Encoder.cpp(2814)] GL error 0x501 condition [!GLESv2Validation::pixelFormat(ctx, internalformat) && !GLESv2Validation::pixelInternalFormat(internalformat)].
04-26 15:48:54.034 W/GFXSTREAM( 6050): [GLESv2Validation.cpp(1217)] Error internal format: 0x3 is invalid.
04-26 15:48:54.034 E/GFXSTREAM( 6050): [GL2Encoder.cpp(2814)] GL error 0x501 condition [!GLESv2Validation::pixelFormat(ctx, internalformat) && !GLESv2Validation::pixelInternalFormat(internalformat)].
04-26 15:48:54.034 W/GFXSTREAM( 6050): [GLESv2Validation.cpp(1217)] Error internal format: 0x3 is invalid.
04-26 15:48:54.034 E/GFXSTREAM( 6050): [GL2Encoder.cpp(2814)] GL error 0x501 condition [!GLESv2Validation::pixelFormat(ctx, internalformat) && !GLESv2Validation::pixelInternalFormat(internalformat)].
04-26 15:48:54.035 W/GFXSTREAM( 6050): [GLESv2Validation.cpp(1217)] Error internal format: 0x3 is invalid.
04-26 15:48:54.035 E/GFXSTREAM( 6050): [GL2Encoder.cpp(2814)] GL error 0x501 condition [!GLESv2Validation::pixelFormat(ctx, internalformat) && !GLESv2Validation::pixelInternalFormat(internalformat)].
04-26 15:48:54.037 W/GFXSTREAM( 6050): [GLESv2Validation.cpp(1217)] Error internal format: 0x4 is invalid.
04-26 15:48:54.037 W/skia    (  566): AGTM parsing failed flags.readFromStream(s) at 159
04-26 15:48:54.037 E/GFXSTREAM( 6050): [GL2Encoder.cpp(2814)] GL error 0x501 condition [!GLESv2Validation::pixelFormat(ctx, internalformat) && !GLESv2Validation::pixelInternalFormat(internalformat)].
04-26 15:48:54.037 W/skia    (  566): AGTM parsing failed flags.readFromStream(s) at 159
04-26 15:48:54.037 W/skia    (  566): AGTM parsing failed flags.readFromStream(s) at 159
04-26 15:48:54.037 W/skia    (  566): AGTM parsing failed flags.readFromStream(s) at 159
04-26 15:48:54.037 W/skia    (  566): AGTM parsing failed flags.readFromStream(s) at 159
04-26 15:48:54.037 W/GFXSTREAM( 6050): [GLESv2Validation.cpp(1217)] Error internal format: 0x3 is invalid.
04-26 15:48:54.037 E/GFXSTREAM( 6050): [GL2Encoder.cpp(2814)] GL error 0x501 condition [!GLESv2Validation::pixelFormat(ctx, internalformat) && !GLESv2Validation::pixelInternalFormat(internalformat)].
04-26 15:48:54.037 W/GFXSTREAM( 6050): [GLESv2Validation.cpp(1217)] Error internal format: 0x4 is invalid.
04-26 15:48:54.037 E/GFXSTREAM( 6050): [GL2Encoder.cpp(2814)] GL error 0x501 condition [!GLESv2Validation::pixelFormat(ctx, internalformat) && !GLESv2Validation::pixelInternalFormat(internalformat)].
04-26 15:48:54.037 W/GFXSTREAM( 6050): [GLESv2Validation.cpp(1217)] Error internal format: 0x3 is invalid.
04-26 15:48:54.038 E/GFXSTREAM( 6050): [GL2Encoder.cpp(2814)] GL error 0x501 condition [!GLESv2Validation::pixelFormat(ctx, internalformat) && !GLESv2Validation::pixelInternalFormat(internalformat)].
04-26 15:48:54.038 W/GFXSTREAM( 6050): [GLESv2Validation.cpp(1217)] Error internal format: 0x4 is invalid.
