04-26 22:15:58.326 23264 23264 V SDL     : nativeFocusChanged()
04-26 22:15:58.329   736   881 I ImeTracker: com.muonline.client:b901eb9d: onRequestHide at ORIGIN_SERVER reason HIDE_UNSPECIFIED_WINDOW fromUser false userId 0 displayId 0
04-26 22:15:58.332 23264 23264 D InsetsController: hide(ime())
04-26 22:15:58.332   736   881 W InputChannel-JNI: Channel already disposed.
04-26 22:15:58.332 23264 23264 I ImeTracker: com.muonline.client:b901eb9d: onCancelled at PHASE_CLIENT_ALREADY_HIDDEN
04-26 22:15:58.333  4105  4105 I GoogleInputMethodService: GoogleInputMethodService.onFinishInput():2113 
04-26 22:15:58.335  4105  4105 I Module  : DeviceLockedStatusModuleProvider$Module.updateDeviceLockedStatus():103 repeatCheckTimes = 0, locked = false
04-26 22:15:58.335   736  1953 I ImeTracker: system_server:eb4e1922: onRequestHide at ORIGIN_SERVER reason IME_REQUESTED_CHANGED_LISTENER fromUser false displayId 0
04-26 22:15:58.337   566   616 W skia    : AGTM parsing failed flags.readFromStream(s) at 159
04-26 22:15:58.337   566   616 W skia    : AGTM parsing failed flags.readFromStream(s) at 159
04-26 22:15:58.338   566   616 W skia    : AGTM parsing failed flags.readFromStream(s) at 159
04-26 22:15:58.338   566   616 W skia    : AGTM parsing failed flags.readFromStream(s) at 159
04-26 22:15:58.338   566   616 W skia    : AGTM parsing failed flags.readFromStream(s) at 159
04-26 22:15:58.340   736   762 I ImeTracker: system_server:eb4e1922: onCancelled at PHASE_SERVER_SHOULD_HIDE
04-26 22:15:58.342  4105  4105 I GoogleInputMethodService: GoogleInputMethodService.onStartInput():1384 onStartInput(EditorInfo{EditorInfo{packageName=com.muonline.client, inputType=0, inputTypeString=NULL, enableLearning=false, autoCorrection=false, autoComplete=false, imeOptions=0, privateImeOptions=null, actionName=UNSPECIFIED, actionLabel=null, initialSelStart=-1, initialSelEnd=-1, initialCapsMode=0, label=null, fieldId=0, fieldName=null, extras=null, hintText=null, hintLocales=[]}}, false)
04-26 22:15:58.344  4105  4105 W AndroidIME: LatinIMEBase.updateInputViewCoverNavigation():319 Null input view, cannot update padding!
04-26 22:15:58.345  4105  4105 I Module  : DeviceLockedStatusModuleProvider$Module.updateDeviceLockedStatus():103 repeatCheckTimes = 1, locked = false
04-26 22:15:58.346   736  1953 W PackageConfigPersister: App-specific configuration not found for packageName: com.muonline.client and userId: 0
04-26 22:15:58.354   566   616 W skia    : AGTM parsing failed flags.readFromStream(s) at 159
04-26 22:15:58.354   566   616 W skia    : AGTM parsing failed flags.readFromStream(s) at 159
04-26 22:15:58.355   566   616 W skia    : AGTM parsing failed flags.readFromStream(s) at 159
04-26 22:15:58.355   566   616 W skia    : AGTM parsing failed flags.readFromStream(s) at 159
04-26 22:15:58.355   566   616 W skia    : AGTM parsing failed flags.readFromStream(s) at 159
04-26 22:15:58.357 23264 23321 I MuMain  : INIT: UI creation done
04-26 22:15:58.357 23264 23321 I MuMain  : VirtualPad: slots loaded version=4 idx=[-1,-1,-1,-1,-1] type=[0,0,0,0,0] path=Data/Local/android_touch_skill_slots.cfg
04-26 22:15:58.357 23264 23321 I MuMain  : VirtualPad slots: [-1,-1,-1,-1,-1]
04-26 22:15:58.357 23264 23321 I MuMain  : Android perf defaults: maxMsgPerCycle=70 targetFps=-1.0 fxScale=1.00 adaptive=on isEmulator=1
04-26 22:15:58.357 23264 23321 I MuMain  : SDL mixer volume set: level=5 sdl=71
04-26 22:15:58.357 23264 23321 I MuMain  : FPS overlay enabled
04-26 22:15:58.357 23264 23321 I MuMain  : All systems initialized — entering main loop
04-26 22:15:58.357 23264 23321 I MuMain  : Window resized → drawable: 2268x1080
04-26 22:15:58.357 23264 23321 I MuMain  : CHATIME IME state changed focused=0 sdlTextInput=1
04-26 22:15:58.357 23264 23321 I MuMain  : WEBZEN: enter
04-26 22:15:58.363 23264 23321 I MuMain  : WEBZEN: loading title bitmaps
04-26 22:15:58.370   566   616 W skia    : AGTM parsing failed flags.readFromStream(s) at 159
04-26 22:15:58.371   566   616 W skia    : AGTM parsing failed flags.readFromStream(s) at 159
04-26 22:15:58.371   566   616 W skia    : AGTM parsing failed flags.readFromStream(s) at 159
04-26 22:15:58.371   566   616 W skia    : AGTM parsing failed flags.readFromStream(s) at 159
04-26 22:15:58.371   566   616 W skia    : AGTM parsing failed flags.readFromStream(s) at 159
04-26 22:15:58.386   566   616 W skia    : AGTM parsing failed flags.readFromStream(s) at 159
04-26 22:15:58.386   566   616 W skia    : AGTM parsing failed flags.readFromStream(s) at 159
04-26 22:15:58.386   566   616 W skia    : AGTM parsing failed flags.readFromStream(s) at 159
04-26 22:15:58.387   566   616 W skia    : AGTM parsing failed flags.readFromStream(s) at 159
04-26 22:15:58.387   566   616 W skia    : AGTM parsing failed flags.readFromStream(s) at 159
04-26 22:15:58.403   566   616 W skia    : AGTM parsing failed flags.readFromStream(s) at 159
04-26 22:15:58.403   566   616 W skia    : AGTM parsing failed flags.readFromStream(s) at 159
04-26 22:15:58.403   566   616 W skia    : AGTM parsing failed flags.readFromStream(s) at 159
04-26 22:15:58.403   566   616 W skia    : AGTM parsing failed flags.readFromStream(s) at 159
04-26 22:15:58.403   566   616 W skia    : AGTM parsing failed flags.readFromStream(s) at 159
04-26 22:15:58.416  4164  4217 I Finsky  : [48] WM::SCH: Logging work initialize for 12-1
04-26 22:15:58.416 23264 23321 I MuMain  : WEBZEN: OpenBasicData begin
04-26 22:15:58.416 23264 23321 I MuMain  : OPENBASIC: enter
04-26 22:15:58.417 23264 23321 I MuMain  : OPENBASIC: RenderTitle 0 begin
04-26 22:15:58.418 23264 23321 I MuMain  : OPENBASIC: RenderTitle 0 done
04-26 22:15:58.418 23264 23321 I MuMain  : OPENBASIC: first bitmap group begin
04-26 22:15:58.422   566   616 W skia    : AGTM parsing failed flags.readFromStream(s) at 159
04-26 22:15:58.422   566   616 W skia    : AGTM parsing failed flags.readFromStream(s) at 159
04-26 22:15:58.423   566   616 W skia    : AGTM parsing failed flags.readFromStream(s) at 159
04-26 22:15:58.423   566   616 W skia    : AGTM parsing failed flags.readFromStream(s) at 159
04-26 22:15:58.423   566   616 W skia    : AGTM parsing failed flags.readFromStream(s) at 159
04-26 22:15:58.427  4164  4217 I Finsky  : [48] WM::SCH: Logging work initialize for 12-1
04-26 22:15:58.437   566   616 W skia    : AGTM parsing failed flags.readFromStream(s) at 159
04-26 22:15:58.437   566   616 W skia    : AGTM parsing failed flags.readFromStream(s) at 159
04-26 22:15:58.437   566   616 W skia    : AGTM parsing failed flags.readFromStream(s) at 159
04-26 22:15:58.438   566   616 W skia    : AGTM parsing failed flags.readFromStream(s) at 159
04-26 22:15:58.438   566   616 W skia    : AGTM parsing failed flags.readFromStream(s) at 159
04-26 22:15:58.457   566   616 W skia    : AGTM parsing failed flags.readFromStream(s) at 159
04-26 22:15:58.458   566   616 W skia    : AGTM parsing failed flags.readFromStream(s) at 159
04-26 22:15:58.458   566   616 W skia    : AGTM parsing failed flags.readFromStream(s) at 159
04-26 22:15:58.458   566   616 W skia    : AGTM parsing failed flags.readFromStream(s) at 159
04-26 22:15:58.458   566   616 W skia    : AGTM parsing failed flags.readFromStream(s) at 159
04-26 22:15:58.459  4164  4225 I Finsky  : [56] SCH: Scheduling phonesky job Id: 12-1, CT: 1777216556761, Constraints: [{ L: 15000, D: 86400000, C: CHARGING_NONE, I: IDLE_NONE, N: NET_ANY, B: BATTERY_ANY }]
04-26 22:15:58.471   566   616 W skia    : AGTM parsing failed flags.readFromStream(s) at 159
04-26 22:15:58.472   566   616 W skia    : AGTM parsing failed flags.readFromStream(s) at 159
04-26 22:15:58.472  4164  4224 I Finsky  : [55] SCH: Scheduling 1 system job(s)
04-26 22:15:58.472   566   616 W skia    : AGTM parsing failed flags.readFromStream(s) at 159
04-26 22:15:58.472  4164  4224 I Finsky  : [55] SCH: Scheduling system job Id: 9834, L: 13289, D: 80519222, C: false, I: false, N: 1
04-26 22:15:58.472   566   616 W skia    : AGTM parsing failed flags.readFromStream(s) at 159
04-26 22:15:58.472   566   616 W skia    : AGTM parsing failed flags.readFromStream(s) at 159
04-26 22:15:58.487   566   616 W skia    : AGTM parsing failed flags.readFromStream(s) at 159
04-26 22:15:58.488   566   616 W skia    : AGTM parsing failed flags.readFromStream(s) at 159
04-26 22:15:58.488   566   616 W skia    : AGTM parsing failed flags.readFromStream(s) at 159
04-26 22:15:58.488   566   616 W skia    : AGTM parsing failed flags.readFromStream(s) at 159
04-26 22:15:58.489   566   616 W skia    : AGTM parsing failed flags.readFromStream(s) at 159
04-26 22:15:58.503   566   616 W skia    : AGTM parsing failed flags.readFromStream(s) at 159
04-26 22:15:58.504   566   616 W skia    : AGTM parsing failed flags.readFromStream(s) at 159
04-26 22:15:58.504   566   616 W skia    : AGTM parsing failed flags.readFromStream(s) at 159
04-26 22:15:58.504   566   616 W skia    : AGTM parsing failed flags.readFromStream(s) at 159
04-26 22:15:58.504   566   616 W skia    : AGTM parsing failed flags.readFromStream(s) at 159
04-26 22:15:58.521   566   616 W skia    : AGTM parsing failed flags.readFromStream(s) at 159
04-26 22:15:58.521   566   616 W skia    : AGTM parsing failed flags.readFromStream(s) at 159
04-26 22:15:58.521   566   616 W skia    : AGTM parsing failed flags.readFromStream(s) at 159
04-26 22:15:58.521   566   616 W skia    : AGTM parsing failed flags.readFromStream(s) at 159
04-26 22:15:58.521   566   616 W skia    : AGTM parsing failed flags.readFromStream(s) at 159
04-26 22:15:58.523  4164  4215 I Finsky  : [46] [ContentSync] finished, scheduled=true
04-26 22:15:58.523  4164  4225 I Finsky  : [56] SCH: Scheduling phonesky job Id: 12-1, CT: 1777216556817, Constraints: [{ L: 15000, D: 86400000, C: CHARGING_NONE, I: IDLE_NONE, N: NET_ANY, B: BATTERY_ANY }]
04-26 22:15:58.534  4164  4223 I Finsky  : [54] SCH: Scheduling 0 system job(s)
04-26 22:15:58.536  4164  4223 I Finsky  : [54] [ContentSync] finished, scheduled=true
04-26 22:15:58.536   566   616 W skia    : AGTM parsing failed flags.readFromStream(s) at 159
04-26 22:15:58.536   566   616 W skia    : AGTM parsing failed flags.readFromStream(s) at 159
04-26 22:15:58.536   566   616 W skia    : AGTM parsing failed flags.readFromStream(s) at 159
04-26 22:15:58.536   566   616 W skia    : AGTM parsing failed flags.readFromStream(s) at 159
04-26 22:15:58.536   566   616 W skia    : AGTM parsing failed flags.readFromStream(s) at 159
04-26 22:15:58.547 23264 23321 I MuMain  : OPENBASIC: first bitmap group done
04-26 22:15:58.555   566   616 W skia    : AGTM parsing failed flags.readFromStream(s) at 159
04-26 22:15:58.556   566   616 W skia    : AGTM parsing failed flags.readFromStream(s) at 159
04-26 22:15:58.556   566   616 W skia    : AGTM parsing failed flags.readFromStream(s) at 159
04-26 22:15:58.556   566   616 W skia    : AGTM parsing failed flags.readFromStream(s) at 159
04-26 22:15:58.556   566   616 W skia    : AGTM parsing failed flags.readFromStream(s) at 159
04-26 22:15:58.571   566   616 W skia    : AGTM parsing failed flags.readFromStream(s) at 159
04-26 22:15:58.572   566   616 W skia    : AGTM parsing failed flags.readFromStream(s) at 159
04-26 22:15:58.572   566   616 W skia    : AGTM parsing failed flags.readFromStream(s) at 159
04-26 22:15:58.588   566   616 W skia    : AGTM parsing failed flags.readFromStream(s) at 159
04-26 22:15:58.589   566   616 W skia    : AGTM parsing failed flags.readFromStream(s) at 159
04-26 22:15:58.589   566   616 W skia    : AGTM parsing failed flags.readFromStream(s) at 159
04-26 22:15:58.604   566   616 W skia    : AGTM parsing failed flags.readFromStream(s) at 159
04-26 22:15:58.605   566   616 W skia    : AGTM parsing failed flags.readFromStream(s) at 159
04-26 22:15:58.605   566   616 W skia    : AGTM parsing failed flags.readFromStream(s) at 159
04-26 22:15:58.608   736   836 I ImeTracker: system_server:2908ad92: onRequestHide at ORIGIN_SERVER reason IME_REQUESTED_CHANGED_LISTENER fromUser false displayId 0
04-26 22:15:58.609   736   762 I ImeTracker: system_server:2908ad92: onCancelled at PHASE_SERVER_SHOULD_HIDE
04-26 22:15:58.621   566   616 W skia    : AGTM parsing failed flags.readFromStream(s) at 159
04-26 22:15:58.621   566   616 W skia    : AGTM parsing failed flags.readFromStream(s) at 159
04-26 22:15:58.621   566   616 W skia    : AGTM parsing failed flags.readFromStream(s) at 159
04-26 22:15:58.637   566   616 W skia    : AGTM parsing failed flags.readFromStream(s) at 159
04-26 22:15:58.637   566   616 W skia    : AGTM parsing failed flags.readFromStream(s) at 159
04-26 22:15:58.637   566   616 W skia    : AGTM parsing failed flags.readFromStream(s) at 159
04-26 22:15:58.653   566   616 W skia    : AGTM parsing failed flags.readFromStream(s) at 159
04-26 22:15:58.653   566   616 W skia    : AGTM parsing failed flags.readFromStream(s) at 159
04-26 22:15:58.653   566   616 W skia    : AGTM parsing failed flags.readFromStream(s) at 159
04-26 22:15:58.670   566   616 W skia    : AGTM parsing failed flags.readFromStream(s) at 159
04-26 22:15:58.670   566   616 W skia    : AGTM parsing failed flags.readFromStream(s) at 159
04-26 22:15:58.670   566   616 W skia    : AGTM parsing failed flags.readFromStream(s) at 159
04-26 22:15:58.687   566   616 W skia    : AGTM parsing failed flags.readFromStream(s) at 159
04-26 22:15:58.687   566   616 W skia    : AGTM parsing failed flags.readFromStream(s) at 159
04-26 22:15:58.687   566   616 W skia    : AGTM parsing failed flags.readFromStream(s) at 159
04-26 22:15:58.705   566   616 W skia    : AGTM parsing failed flags.readFromStream(s) at 159
04-26 22:15:58.705   566   616 W skia    : AGTM parsing failed flags.readFromStream(s) at 159
04-26 22:15:58.705   566   616 W skia    : AGTM parsing failed flags.readFromStream(s) at 159
04-26 22:15:58.706  1036  1091 V WindowManagerShell: Transition animation finished (aborted=false), notifying core (#160) android.os.BinderProxy@88916b7@0
04-26 22:15:58.714   736   759 V WindowManager: Finish Transition (#160): created at 04-26 22:15:57.999 collect-started=0.074ms request-sent=8.902ms started=19.007ms ready=36.327ms sent=225.079ms commit=11.7ms finished=713.927ms
04-26 22:15:58.716 23264 23264 D VRI[PreloadActivity]: visibilityChanged oldVisibility=true newVisibility=false
04-26 22:15:58.718  1036  1091 V WindowManagerShell: Track 0 became idle
04-26 22:15:58.718  1036  1091 V WindowManagerShell: All active transition animations finished
04-26 22:15:58.732 23264 23264 D WindowOnBackDispatcher: setTopOnBackInvokedCallback (unwrapped): null
04-26 22:15:58.734 23264 23264 D ViewRootImpl: Skipping stats log for color mode
04-26 22:15:58.734   736  1067 D CoreBackPreview: Window{1a9932c u0 com.muonline.client/com.muonline.client.PreloadActivity}: Setting back callback null
04-26 22:15:58.748 23264 23321 I TakumiErrorReport: File not found Data\Effect\Shiny04.jpg (32118)->Data\Effect\Shiny05.jpg
04-26 22:15:59.019 23264 23321 I TakumiErrorReport: > First Load Files OK.
04-26 22:15:59.099   736   954 I AdbWifiNetworkMonitor: Wi-Fi network available
04-26 22:15:59.099   736   954 I AdbWifiNetworkMonitor: Received the same Wi-Fi SSID. Ignoring.
04-26 22:15:59.107   736   921 I HalDevMgr: bestIfaceCreationProposal is null, requestIface=STA, existingIface=[name=wlan0 type=STA]
04-26 22:15:59.108  1366  2579 I NullBinder: NullBinder for android.net.action.RECOMMEND_NETWORKS triggering remote TransactionTooLargeException due to Service without Chimera impl, calling uid: 1000, calling pid: 0
04-26 22:15:59.108  1366  2579 W libbinder.Binder: Large reply transaction of 1056768 bytes, interface descriptor , function: UNKNOWN_FUNCTION_NAME, code: 1, flags: 17
04-26 22:15:59.113  1160  1312 D IpClient/wlan0: interfaceLinkStateChanged: ifindex 16 up
04-26 22:15:59.121  1160  1312 D IpClient/wlan0: interfaceLinkStateChanged: ifindex 16 up
04-26 22:15:59.690  1203  1331 D SatelliteController: isInCarrierRoamingNbIotNtn: satellite is disabled
04-26 22:15:59.690  1203  1331 D SatelliteController: getCarrierRoamingNtnConnectType: Checking connect type from PLMN config for subId: 1
04-26 22:15:59.693  1203  1331 D SatelliteController: getSatellitePerPlmnConfiguration: invalid subId or not supported via carrier.
04-26 22:15:59.693  1203  1331 D SatelliteController: getCarrierRoamingNtnConnectType: config: null
04-26 22:15:59.693  1203  1331 D SatelliteController: getCarrierRoamingNtnConnectType: Falling back to global carrier config connect type: 0
04-26 22:15:59.694  1203  1331 D SatelliteController: updateLastNotifiedCarrierRoamingNtnSignalStrengthAndNotify(1)
04-26 22:15:59.694  1203  1331 D SatelliteController: updateLastNotifiedCarrierRoamingNtnSignalStrengthAndNotify(1) lastNotifiedSignalStrength level: 0
04-26 22:15:59.694  1203  1331 D SatelliteController: updateLastNotifiedCarrierRoamingNtnSignalStrengthAndNotify(1) currSignalStrength level: 0
04-26 22:16:00.874   736  1699 E TaskPersister: File error accessing recents directory (directory doesn't exist?).
04-26 22:16:02.115   736   954 I AdbWifiNetworkMonitor: Wi-Fi network available
04-26 22:16:02.115   736   954 I AdbWifiNetworkMonitor: Received the same Wi-Fi SSID. Ignoring.
04-26 22:16:02.121   736   921 I HalDevMgr: bestIfaceCreationProposal is null, requestIface=STA, existingIface=[name=wlan0 type=STA]
04-26 22:16:02.123  1366  5070 I NullBinder: NullBinder for android.net.action.RECOMMEND_NETWORKS triggering remote TransactionTooLargeException due to Service without Chimera impl, calling uid: 1000, calling pid: 0
04-26 22:16:02.123  1366  5070 W libbinder.Binder: Large reply transaction of 1056768 bytes, interface descriptor , function: UNKNOWN_FUNCTION_NAME, code: 1, flags: 17
04-26 22:16:02.237 23264 23321 I MuMain  : OPENBASIC: OpenImages begin
04-26 22:16:02.260 23264 23321 I MuMain  : OPENBASIC: OpenImages done
04-26 22:16:02.261 23264 23321 I MuMain  : OPENBASIC: OpenSounds begin
04-26 22:16:02.261 23264 23321 I MuMain  : OPENBASIC: OpenSounds done
04-26 22:16:02.262 23264 23321 I MuMain  : OPENBASIC: scripts begin
04-26 22:16:02.266 23264 23321 I MuMain  : OPENBASIC: OpenTextData begin
04-26 22:16:02.269 23264 23321 I MuMain  : OPENBASIC: OpenTextData done
04-26 22:16:02.271 23264 23321 I MuMain  : OPENBASIC: master/gate/filter done
04-26 22:16:02.272 23264 23321 I MuMain  : WEBZEN: OpenBasicData done
04-26 22:16:02.420 23264 23321 I TakumiErrorReport: File not found Data\Interface\InGameShop\ingame_Bt_page_L.tga (32485)->Data\Custom\Maps\CRadar.tga
04-26 22:16:02.421 23264 23321 I TakumiErrorReport: File not found Data\Interface\InGameShop\IGS_Storage_Page.tga (32487)->Data\Custom\Maps\map_radar.tga
04-26 22:16:02.422 23264 23321 I TakumiErrorReport: File not found Data\Interface\InGameShop\IGS_Storage_Page_Left.tga (32488)->Data\Custom\Maps\background-tcp.tga
04-26 22:16:02.423 23264 23321 I TakumiErrorReport: File not found Data\Interface\InGameShop\IGS_Storage_Page_Right.tga (32489)->Data\Interface\newui_option_check.tga
04-26 22:16:02.639 23264 23321 I TakumiErrorReport: File not found Data\Interface\newui_item_back01.tga (31373)->Data\Interface\newui_item_back04.tga
04-26 22:16:02.640 23264 23321 I TakumiErrorReport: File not found Data\Interface\newui_item_back04.tga (31373)->Data\Interface\newui_item_back01.tga
04-26 22:16:02.644 23264 23321 I MuMain  : WEBZEN: LoadMainSceneInterface done
04-26 22:16:02.644 23264 23321 I TakumiErrorReport: > Loading ok.
04-26 22:16:02.646 23264 23321 E BLASTBufferQueue: [b509c17 SurfaceView[com.muonline.client/com.muonline.client.MuMainActivity]#2](f:0,a:0) rejecting buffer:active_size=2268x1080, requested_size=2268x1080 buffer{size=2268x943 transform=0}
04-26 22:16:02.712 23264 23321 I MuMain  : ADAPT fx scale: fps=0.2 frameMs=4355.49 1.00->0.90 target=0.55
04-26 22:16:02.712 23264 23321 I MuMain  : PERF fps=0.2 frameMs=4355.49 phase(render=4287.32 pad=0.02 present=67.77) renderLevel=4 fxScale=1.00 maxMsg=70 avg(draw=132 verts=792 im=132 vaD=0 vaC=0 qI=0 qE=0) max(draw=132 verts=792)
04-26 22:16:02.712 23264 23321 I MuMain  : PERF_SCENE world=-1 char(live=0 vis=0 ply=0 mon=0 npc=0 pet=0 prio=0 topMon=-1 x0) obj(live=0 vis=0 op=0 trap=0 topObj=-1 x0)
04-26 22:16:02.712 23264 23321 I MuMain  : PERF_BUCKET objMove(cand=0 upd=0 def=0 n=0 m=0 f=0) objRender(cand=0 draw=0 cull=0 n=0 m=0 f=0 visDraw=0 visDef=0) charMove(cand=0 upd=0 def=0 n=0 m=0 f=0) charRender(cand=0 draw=0 def=0 cull=0 n=0 m=0 f=0)
04-26 22:16:02.712 23264 23321 I MuMain  : PERF_TERRAIN world=-1 normal(block=0 tile=0) grass(block=0 tile=0) after(block=0 tile=0)
04-26 22:16:02.712 23264 23321 I MuMain  : Frame 0 — drawCalls=132 verts=792 paths(im=132 vaD=0 vaC=0 qI=0 qE=0) SDL_err='Couldn't open asset '/storage/emulated/0/Android/data/com.muonline.client/files/Data/fonts/font_.ttf''
04-26 22:16:02.717 23264 23321 I MuMain  : OpenTga logo file=Data\Logo\MU-logo.OZT size=512x256 alphaMin=0 alphaMax=255 alphaZero=80277 cornerRGBA=74,76,87,0
04-26 22:16:02.718 23264 23321 I MuMain  : OpenJpeg turbo file=Data\Logo\MU-logo_g.OZJ jpeg=512x256 tex=512x256 idx=31019 texNo=2016
04-26 22:16:03.153 23264 23321 I MuMain  : LoadWorld OpenTerrainMapping enc world=74 result=74 file=Data\World74\EncTerrain74.map
04-26 22:16:03.154 23264 23321 I MuMain  : LoadWorld OpenTerrainAttribute enc world=74 result=74 file=Data\World74\EncTerrain74.att
04-26 22:16:03.154 23264 23321 I MuMain  : LoadWorld OpenObjectsEnc enc world=74 result=74 file=Data\World74\EncTerrain74.obj
04-26 22:16:03.164 23264 23321 I MuMain  : OpenJpeg turbo file=Data\World74\TileGrass01.OZJ jpeg=256x256 tex=256x256 idx=30256 texNo=2180
04-26 22:16:03.170 23264 23321 I MuMain  : OpenJpeg turbo file=Data\World74\TileGrass02.OZJ jpeg=256x256 tex=256x256 idx=30257 texNo=2181
04-26 22:16:03.177 23264 23321 I MuMain  : OpenJpeg turbo file=Data\World74\TileGround01.OZJ jpeg=256x256 tex=256x256 idx=30258 texNo=2182
04-26 22:16:03.182 23264 23321 I MuMain  : OpenJpeg turbo file=Data\World74\TileGround02.OZJ jpeg=256x256 tex=256x256 idx=30259 texNo=2183
04-26 22:16:03.186 23264 23321 I MuMain  : OpenJpeg turbo file=Data\World74\TileGround03.OZJ jpeg=256x256 tex=256x256 idx=30260 texNo=2184
04-26 22:16:03.191 23264 23321 I MuMain  : OpenJpeg turbo file=Data\World74\TileWater01.OZJ jpeg=256x256 tex=256x256 idx=30261 texNo=2185
04-26 22:16:03.197 23264 23321 I MuMain  : OpenJpeg turbo file=Data\World74\TileWood01.OZJ jpeg=256x256 tex=256x256 idx=30262 texNo=2186
04-26 22:16:03.202 23264 23321 I MuMain  : OpenJpeg turbo file=Data\World74\TileRock01.OZJ jpeg=256x256 tex=256x256 idx=30263 texNo=2187
04-26 22:16:03.214 23264 23321 I MuMain  : OpenJpeg turbo file=Data\World74\TileRock02.OZJ jpeg=256x256 tex=256x256 idx=30264 texNo=2188
04-26 22:16:03.218 23264 23321 I MuMain  : OpenJpeg turbo file=Data\World74\TileRock03.OZJ jpeg=256x256 tex=256x256 idx=30265 texNo=2189
04-26 22:16:03.225 23264 23321 I MuMain  : OpenJpeg turbo file=Data\World74\TileRock05.OZJ jpeg=256x256 tex=256x256 idx=30267 texNo=2191
04-26 22:16:03.227 23264 23321 I MuMain  : OpenJpeg turbo file=Data\World74\TileRock06.OZJ jpeg=128x128 tex=128x128 idx=30268 texNo=2192
04-26 22:16:03.229 23264 23321 I MuMain  : OpenJpeg turbo file=Data\World74\TileRock07.OZJ jpeg=256x256 tex=256x256 idx=30269 texNo=2193
04-26 22:16:03.235 23264 23321 I TakumiErrorReport: File not found Data\World74\leaf01.tga (30357)->Data\World74\leaf01.jpg
04-26 22:16:03.236 23264 23321 I MuMain  : OpenJpeg turbo file=Data\World74\leaf01.OZJ jpeg=16x16 tex=16x16 idx=30357 texNo=2198
04-26 22:16:03.237 23264 23321 I MuMain  : OpenJpeg turbo file=Data\World74\leaf02.OZJ jpeg=16x16 tex=16x16 idx=30358 texNo=2199
04-26 22:16:03.245 23264 23321 I AndroidGDI: Font OK: /system/fonts/DroidSans-Bold.ttf sz=10
04-26 22:16:03.245 23264 23321 I TakumiErrorReport: [Connect to Server 33] ip address = 171.235.182.88, port = 44405
04-26 22:16:03.246 23264 23321 E MuMain  : PlayMp3 failed requested=[data\music\login_theme.mp3] resolved=[data/music/login_theme.mp3] reqExists=0 resolvedExists=0 cwd=[/storage/emulated/0/Android/data/com.muonline.client/files]: Couldn't open 'data/music/login_theme.mp3'
04-26 22:16:03.246 23264 23321 I TakumiErrorReport: > Login Scene init success.
04-26 22:16:03.256 23264 23321 I MuMain  : RenderBitmap logo texture=31019 texNo=2016 file=Data\Logo\MU-logo_g.jpg size=512x256 comp=3 ref=1 colorAlpha=0.000 alphaArg=0.000
04-26 22:16:03.257 23264 23321 I MuMain  : RenderBitmap logo texture=31018 texNo=2015 file=Data\Logo\MU-logo.tga size=512x256 comp=4 ref=1 colorAlpha=0.000 alphaArg=0.000
04-26 22:16:03.257 23264 23321 I AndroidGDI: AndroidTextOut ENTRY len=34 hdc=0x733fdca9c280 bmp=0x733fdca9c1f0 text[0]=40
04-26 22:16:03.258 23264 23321 I AndroidGDI: TextOut surf=241x18 fmt=0x16362004 maxA=255 dib[0..2]=0,0,0
04-26 22:16:03.258 23264 23321 I AndroidGDI: AndroidTextOut ENTRY len=25 hdc=0x733fdca9c280 bmp=0x733fdca9c1f0 text[0]=32
04-26 22:16:03.259 23264 23321 I AndroidGDI: TextOut surf=177x18 fmt=0x16362004 maxA=255 dib[0..2]=0,0,0
04-26 22:16:03.259 23264 23321 I AndroidGDI: AndroidTextOut ENTRY len=14 hdc=0x733fdca9c280 bmp=0x733fdca9c1f0 text[0]=80
04-26 22:16:03.259 23264 23321 I AndroidGDI: TextOut surf=95x18 fmt=0x16362004 maxA=255 dib[0..2]=0,0,0
04-26 22:16:03.276 23264 23321 I MuMain  : Frame 1 — drawCalls=123 verts=43017 paths(im=885 vaD=0 vaC=0 qI=5 qE=0) SDL_err='Couldn't open 'data/music/login_theme.mp3''
04-26 22:16:03.299 23264 23321 I AndroidGDI: AndroidTextOut ENTRY len=34 hdc=0x733fdca9c280 bmp=0x733fdca9c1f0 text[0]=40
04-26 22:16:03.299 23264 23321 I AndroidGDI: TextOut surf=241x18 fmt=0x16362004 maxA=255 dib[0..2]=0,0,0
04-26 22:16:03.300 23264 23321 I AndroidGDI: AndroidTextOut ENTRY len=25 hdc=0x733fdca9c280 bmp=0x733fdca9c1f0 text[0]=32
04-26 22:16:03.300 23264 23321 I AndroidGDI: TextOut surf=177x18 fmt=0x16362004 maxA=255 dib[0..2]=0,0,0
04-26 22:16:03.300 23264 23321 I AndroidGDI: AndroidTextOut ENTRY len=14 hdc=0x733fdca9c280 bmp=0x733fdca9c1f0 text[0]=80
04-26 22:16:03.313 23264 23321 I MuMain  : Frame 2 — drawCalls=312 verts=70092 paths(im=1526 vaD=0 vaC=0 qI=17 qE=0) SDL_err=''
04-26 22:16:03.335 23264 23321 I AndroidGDI: AndroidTextOut ENTRY len=34 hdc=0x733fdca9c280 bmp=0x733fdca9c1f0 text[0]=40
04-26 22:16:03.335 23264 23321 I AndroidGDI: AndroidTextOut ENTRY len=25 hdc=0x733fdca9c280 bmp=0x733fdca9c1f0 text[0]=32
04-26 22:16:03.335 23264 23321 I AndroidGDI: AndroidTextOut ENTRY len=14 hdc=0x733fdca9c280 bmp=0x733fdca9c1f0 text[0]=80
04-26 22:16:03.337 23264 23321 I MuMain  : Frame 3 — drawCalls=313 verts=69198 paths(im=1512 vaD=0 vaC=0 qI=28 qE=0) SDL_err=''
04-26 22:16:03.358 23264 23321 I AndroidGDI: AndroidTextOut ENTRY len=34 hdc=0x733fdca9c280 bmp=0x733fdca9c1f0 text[0]=40
04-26 22:16:03.359 23264 23321 I MuMain  : Frame 4 — drawCalls=327 verts=69276 paths(im=1525 vaD=0 vaC=0 qI=44 qE=0) SDL_err=''
04-26 22:16:03.388 23264 23321 I MuMain  : Frame 5 — drawCalls=342 verts=73665 paths(im=1540 vaD=0 vaC=0 qI=58 qE=0) SDL_err=''
04-26 22:16:03.415 23264 23321 I MuMain  : Frame 6 — drawCalls=357 verts=73791 paths(im=1561 vaD=0 vaC=0 qI=71 qE=0) SDL_err=''
04-26 22:16:03.440 23264 23321 I MuMain  : Frame 7 — drawCalls=368 verts=73941 paths(im=1572 vaD=0 vaC=0 qI=85 qE=0) SDL_err=''
04-26 22:16:03.467 23264 23321 I MuMain  : Frame 8 — drawCalls=383 verts=74031 paths(im=1587 vaD=0 vaC=0 qI=100 qE=0) SDL_err=''
04-26 22:16:03.497 23264 23321 I MuMain  : Frame 9 — drawCalls=392 verts=74163 paths(im=1595 vaD=0 vaC=0 qI=111 qE=0) SDL_err=''
04-26 22:16:03.549 23264 23321 W MuMain  : ADAPT net budget down: fps=36.5 frameMs=27.37 maxMsg 70->60
04-26 22:16:03.770  2780  2785 I artd    : GetBestInfo: odex next to the dex file (/data/app/~~PqdBwR9WSFUNw4iaJMgoGg==/com.google.android.gms-95Dc1VeYXyONiCBDqz_lkA==/oat/x86_64/base.odex) is kOatUpToDate with filter 'speed-profile' executable 'false'
04-26 22:16:03.772  2780  2785 I artd    : GetBestInfo: dm (/data/app/~~PqdBwR9WSFUNw4iaJMgoGg==/com.google.android.gms-95Dc1VeYXyONiCBDqz_lkA==/split_AdsDynamite_installtime.dm) is kOatUpToDate with filter 'verify' executable 'false'
04-26 22:16:03.775  2780  2785 I artd    : GetBestInfo: dm (/data/app/~~PqdBwR9WSFUNw4iaJMgoGg==/com.google.android.gms-95Dc1VeYXyONiCBDqz_lkA==/split_CronetDynamite_installtime.dm) is kOatUpToDate with filter 'verify' executable 'false'
04-26 22:16:03.776  2780  2785 I artd    : GetBestInfo: dm (/data/app/~~PqdBwR9WSFUNw4iaJMgoGg==/com.google.android.gms-95Dc1VeYXyONiCBDqz_lkA==/split_DynamiteLoader_installtime.dm) is kOatUpToDate with filter 'verify' executable 'false'
04-26 22:16:03.778  2780  2785 I artd    : GetBestInfo: dm (/data/app/~~PqdBwR9WSFUNw4iaJMgoGg==/com.google.android.gms-95Dc1VeYXyONiCBDqz_lkA==/split_DynamiteModulesA_installtime.dm) is kOatUpToDate with filter 'verify' executable 'false'
04-26 22:16:03.780  2780  2785 I artd    : GetBestInfo: dm (/data/app/~~PqdBwR9WSFUNw4iaJMgoGg==/com.google.android.gms-95Dc1VeYXyONiCBDqz_lkA==/split_DynamiteModulesC_installtime.dm) is kOatUpToDate with filter 'verify' executable 'false'
04-26 22:16:03.781  2780  2785 I artd    : GetBestInfo: dm (/data/app/~~PqdBwR9WSFUNw4iaJMgoGg==/com.google.android.gms-95Dc1VeYXyONiCBDqz_lkA==/split_GoogleCertificates_installtime.dm) is kOatUpToDate with filter 'verify' executable 'false'
04-26 22:16:03.784  2780  2785 I artd    : GetBestInfo: dm (/data/app/~~PqdBwR9WSFUNw4iaJMgoGg==/com.google.android.gms-95Dc1VeYXyONiCBDqz_lkA==/split_MapsDynamite_installtime.dm) is kOatUpToDate with filter 'verify' executable 'false'
04-26 22:16:03.786  2780  2785 I artd    : GetBestInfo: dm (/data/app/~~PqdBwR9WSFUNw4iaJMgoGg==/com.google.android.gms-95Dc1VeYXyONiCBDqz_lkA==/split_MeasurementDynamite_installtime.dm) is kOatUpToDate with filter 'verify' executable 'false'
04-26 22:16:03.789  2780  2785 I artd    : GetBestInfo: dm (/data/app/~~PqdBwR9WSFUNw4iaJMgoGg==/com.google.android.gms-95Dc1VeYXyONiCBDqz_lkA==/split_all_locale_splits.dm) is kOatUpToDate with filter 'verify' executable 'false'
04-26 22:16:03.791  2780  2785 I artd    : GetBestInfo: /data/user_de/0/com.google.android.gms/app_chimera/m/0000000a/dl-TfliteDynamiteDynamite.integ_252130102100800.apk has no usable artifacts
04-26 22:16:03.792  2780  2785 I artd    : GetBestInfo: /data/user_de/0/com.google.android.gms/app_chimera/m/00000001/CronetDynamite.apk has no usable artifacts
04-26 22:16:03.793  2780  2785 I artd    : GetBestInfo: /data/user_de/0/com.google.android.gms/app_chimera/m/00000016/dl-MlkitOcrCommon.optional_261332100800.apk has no usable artifacts
04-26 22:16:03.794  2780  2785 I artd    : GetBestInfo: /data/user_de/0/com.google.android.gms/app_chimera/m/00000002/DynamiteLoader.apk has no usable artifacts
04-26 22:16:03.796  2780  2785 I artd    : GetBestInfo: /data/user_de/0/com.google.android.gms/app_chimera/m/0000000e/dl-MlkitBarcodeUi.optional_260235100800.apk has no usable artifacts
04-26 22:16:03.798  2780  2785 I artd    : GetBestInfo: /data/user_de/0/com.google.android.gms/app_chimera/m/00000013/dl-Appsearch.optional_261332100800.apk has no usable artifacts
04-26 22:16:03.799  2780  2785 I artd    : GetBestInfo: /data/user_de/0/com.google.android.gms/app_chimera/m/00000005/GoogleCertificates.apk has no usable artifacts
04-26 22:16:03.800  2780  2785 I artd    : GetBestInfo: /data/user_de/0/com.google.android.gms/app_chimera/m/00000012/dl-PlayCloudSearch.optional_261332100000.apk has no usable artifacts
04-26 22:16:03.802  2780  2785 I artd    : GetBestInfo: vdex next to the dex file (/data/user/0/com.google.android.gms/app_dg_cache/B3ED91DEC21F0EB5284BE10D982ABEAAC45F5C48/oat/x86_64/the.vdex) is kOatUpToDate with filter 'verify' executable 'false'
04-26 22:16:03.804  2780  2785 I artd    : GetBestInfo: /data/user_de/0/com.google.android.gms/app_chimera/m/0000000f/dl-PlayCloudSearch.optional_260235100000.apk has no usable artifacts
04-26 22:16:03.805  2780  2785 I artd    : GetBestInfo: /data/user_de/0/com.google.android.gms/app_chimera/m/00000008/dl-VisionOcr.optional_260235100000.apk has no usable artifacts
04-26 22:16:03.807  2780  2785 I artd    : GetBestInfo: /data/user_de/0/com.google.android.gms/app_chimera/m/0000000b/dl-Appsearch.optional_260235100800.apk has no usable artifacts
04-26 22:16:03.807 23264 23321 W MuMain  : ADAPT net budget down: fps=23.3 frameMs=42.97 maxMsg 60->50
04-26 22:16:03.808  2780  2785 I artd    : GetBestInfo: /data/user_de/0/com.google.android.gms/app_chimera/m/00000011/dl-VisionOcr.optional_261332100000.apk has no usable artifacts
04-26 22:16:03.810  2780  2785 I artd    : GetBestInfo: /data/user_de/0/com.google.android.gms/app_chimera/m/00000015/dl-MlkitBarcodeUi.optional_261332100800.apk has no usable artifacts
04-26 22:16:03.812  2780  2785 I artd    : GetBestInfo: /data/user_de/0/com.google.android.gms/app_chimera/m/00000009/dl-MlkitOcrCommon.optional_260235100800.apk has no usable artifacts
04-26 22:16:03.814  2780  2785 I artd    : GetBestInfo: vdex next to the dex file (/data/user/0/com.google.android.gms/app_dg_cache/CE973E4DE823F0AA69070767A9FABB590DDD455C/oat/x86_64/the.vdex) is kOatUpToDate with filter 'verify' executable 'false'
04-26 22:16:03.815  2780  2785 I artd    : GetBestInfo: /data/user_de/0/com.google.android.gms/app_chimera/m/00000007/MeasurementDynamite.apk has no usable artifacts
04-26 22:16:04.076 23264 23321 I MuMain  : ADAPT fx scale: fps=37.2 frameMs=26.90 1.00->0.90 target=0.90
04-26 22:16:04.076 23264 23321 W MuMain  : ADAPT net budget down: fps=37.2 frameMs=26.90 maxMsg 50->40
04-26 22:16:04.076 23264 23321 I MuMain  : PERF fps=37.2 frameMs=26.90 phase(render=26.14 pad=0.02 present=0.68) renderLevel=4 fxScale=1.00 maxMsg=40 avg(draw=400 verts=75496 im=1762 vaD=0 vaC=0 qI=164 qE=0) max(draw=409 verts=76413)
04-26 22:16:04.076 23264 23321 I MuMain  : PERF_SCENE world=73 char(live=0 vis=0 ply=0 mon=0 npc=0 pet=0 prio=0 topMon=-1 x0) obj(live=375 vis=171 op=0 trap=0 topObj=155 x30)
04-26 22:16:04.076 23264 23321 I MuMain  : PERF_BUCKET objMove(cand=0 upd=0 def=0 n=0 m=0 f=0) objRender(cand=0 draw=0 cull=0 n=0 m=0 f=0 visDraw=0 visDef=0) charMove(cand=0 upd=0 def=0 n=0 m=0 f=0) charRender(cand=0 draw=0 def=0 cull=0 n=0 m=0 f=0)
04-26 22:16:04.077 23264 23321 I MuMain  : PERF_TERRAIN world=73 normal(block=0 tile=0) grass(block=0 tile=0) after(block=0 tile=0)
04-26 22:16:04.321  1016  1016 I wpa_supplicant: wlan0: CTRL-EVENT-BEACON-LOSS 
04-26 22:16:04.331 23264 23321 W MuMain  : ADAPT net budget down: fps=35.3 frameMs=28.31 maxMsg 40->30
04-26 22:16:04.735 23264 23321 I MuMain  : ZzzScene android logo alpha raw=1.020 clamp=1.000 glow=0.700
04-26 22:16:05.122 23264 23321 I MuMain  : PERF fps=39.5 frameMs=25.34 phase(render=24.59 pad=0.02 present=0.68) renderLevel=4 fxScale=1.00 maxMsg=30 avg(draw=386 verts=81115 im=1742 vaD=0 vaC=0 qI=190 qE=0) max(draw=395 verts=81507)
04-26 22:16:05.122 23264 23321 I MuMain  : PERF_SCENE world=73 char(live=0 vis=0 ply=0 mon=0 npc=0 pet=0 prio=0 topMon=-1 x0) obj(live=375 vis=187 op=0 trap=0 topObj=79 x22)
04-26 22:16:05.122 23264 23321 I MuMain  : PERF_BUCKET objMove(cand=0 upd=0 def=0 n=0 m=0 f=0) objRender(cand=0 draw=0 cull=0 n=0 m=0 f=0 visDraw=0 visDef=0) charMove(cand=0 upd=0 def=0 n=0 m=0 f=0) charRender(cand=0 draw=0 def=0 cull=0 n=0 m=0 f=0)
04-26 22:16:05.122 23264 23321 I MuMain  : PERF_TERRAIN world=73 normal(block=0 tile=0) grass(block=0 tile=0) after(block=0 tile=0)
04-26 22:16:05.126   736   954 I AdbWifiNetworkMonitor: Wi-Fi network available
04-26 22:16:05.126   736   954 I AdbWifiNetworkMonitor: Received the same Wi-Fi SSID. Ignoring.
04-26 22:16:05.132   736   921 I HalDevMgr: bestIfaceCreationProposal is null, requestIface=STA, existingIface=[name=wlan0 type=STA]
04-26 22:16:05.138  1366  5070 I NullBinder: NullBinder for android.net.action.RECOMMEND_NETWORKS triggering remote TransactionTooLargeException due to Service without Chimera impl, calling uid: 1000, calling pid: 0
04-26 22:16:05.138  1366  5070 W libbinder.Binder: Large reply transaction of 1056768 bytes, interface descriptor , function: UNKNOWN_FUNCTION_NAME, code: 1, flags: 17
04-26 22:16:05.147  1160  1312 D IpClient/wlan0: interfaceLinkStateChanged: ifindex 16 up
04-26 22:16:05.150  1160  1312 D IpClient/wlan0: interfaceLinkStateChanged: ifindex 16 up
04-26 22:16:05.214   736   748 I system_server: Background young concurrent mark compact GC freed 24MB AllocSpace bytes, 25(1296KB) LOS objects, 40% free, 35MB/59MB, paused 2.950ms,39.964ms total 86.104ms
04-26 22:16:05.395 23264 23321 I MuMain  : ADAPT fx scale: fps=40.3 frameMs=24.83 1.00->0.90 target=0.90
04-26 22:16:06.160 23264 23321 I MuMain  : PERF fps=50.1 frameMs=19.94 phase(render=18.09 pad=0.05 present=1.75) renderLevel=4 fxScale=1.00 maxMsg=30 avg(draw=263 verts=69955 im=1644 vaD=0 vaC=0 qI=115 qE=0) max(draw=273 verts=72588)
04-26 22:16:06.160 23264 23321 I MuMain  : PERF_SCENE world=73 char(live=0 vis=0 ply=0 mon=0 npc=0 pet=0 prio=0 topMon=-1 x0) obj(live=375 vis=184 op=0 trap=0 topObj=79 x24)
04-26 22:16:06.160 23264 23321 I MuMain  : PERF_BUCKET objMove(cand=0 upd=0 def=0 n=0 m=0 f=0) objRender(cand=0 draw=0 cull=0 n=0 m=0 f=0 visDraw=0 visDef=0) charMove(cand=0 upd=0 def=0 n=0 m=0 f=0) charRender(cand=0 draw=0 def=0 cull=0 n=0 m=0 f=0)
04-26 22:16:06.160 23264 23321 I MuMain  : PERF_TERRAIN world=73 normal(block=0 tile=0) grass(block=0 tile=0) after(block=0 tile=0)
04-26 22:16:07.195 23264 23321 I MuMain  : PERF fps=66.7 frameMs=14.99 phase(render=14.10 pad=0.03 present=0.80) renderLevel=4 fxScale=1.00 maxMsg=30 avg(draw=183 verts=78940 im=1601 vaD=0 vaC=0 qI=65 qE=0) max(draw=198 verts=79608)
04-26 22:16:07.195 23264 23321 I MuMain  : PERF_SCENE world=73 char(live=0 vis=0 ply=0 mon=0 npc=0 pet=0 prio=0 topMon=-1 x0) obj(live=375 vis=168 op=0 trap=0 topObj=79 x24)
04-26 22:16:07.195 23264 23321 I MuMain  : PERF_BUCKET objMove(cand=0 upd=0 def=0 n=0 m=0 f=0) objRender(cand=0 draw=0 cull=0 n=0 m=0 f=0 visDraw=0 visDef=0) charMove(cand=0 upd=0 def=0 n=0 m=0 f=0) charRender(cand=0 draw=0 def=0 cull=0 n=0 m=0 f=0)
04-26 22:16:07.195 23264 23321 I MuMain  : PERF_TERRAIN world=73 normal(block=0 tile=0) grass(block=0 tile=0) after(block=0 tile=0)
04-26 22:16:07.328   736   862 D ActivityManager: freezing 4276 com.android.vending:background
04-26 22:16:07.330   736   862 D ActivityManager: freezing 4164 com.android.vending
04-26 22:16:07.411   736   931 D InetDiagMessage: Destroyed 0 sockets, proto=IPPROTO_TCP, family=AF_INET, states=14
04-26 22:16:07.413   736   931 D InetDiagMessage: Destroyed 2 sockets, proto=IPPROTO_TCP, family=AF_INET6, states=14
04-26 22:16:07.414   736   931 D InetDiagMessage: Destroyed live tcp sockets for uids={10154} in 3ms
04-26 22:16:08.140   736   954 I AdbWifiNetworkMonitor: Wi-Fi network available
04-26 22:16:08.141   736   954 I AdbWifiNetworkMonitor: Received the same Wi-Fi SSID. Ignoring.
04-26 22:16:08.146   736   921 I HalDevMgr: bestIfaceCreationProposal is null, requestIface=STA, existingIface=[name=wlan0 type=STA]
04-26 22:16:08.154  1366  5070 I NullBinder: NullBinder for android.net.action.RECOMMEND_NETWORKS triggering remote TransactionTooLargeException due to Service without Chimera impl, calling uid: 1000, calling pid: 0
04-26 22:16:08.154  1366  5070 W libbinder.Binder: Large reply transaction of 1056768 bytes, interface descriptor , function: UNKNOWN_FUNCTION_NAME, code: 1, flags: 17
04-26 22:16:08.233 23264 23321 I MuMain  : PERF fps=59.0 frameMs=16.94 phase(render=16.08 pad=0.03 present=0.78) renderLevel=4 fxScale=1.00 maxMsg=30 avg(draw=202 verts=95168 im=1648 vaD=0 vaC=0 qI=98 qE=0) max(draw=207 verts=97650)
04-26 22:16:08.233 23264 23321 I MuMain  : PERF_SCENE world=73 char(live=0 vis=0 ply=0 mon=0 npc=0 pet=0 prio=0 topMon=-1 x0) obj(live=375 vis=170 op=0 trap=0 topObj=79 x29)
04-26 22:16:08.233 23264 23321 I MuMain  : PERF_BUCKET objMove(cand=0 upd=0 def=0 n=0 m=0 f=0) objRender(cand=0 draw=0 cull=0 n=0 m=0 f=0 visDraw=0 visDef=0) charMove(cand=0 upd=0 def=0 n=0 m=0 f=0) charRender(cand=0 draw=0 def=0 cull=0 n=0 m=0 f=0)
04-26 22:16:08.233 23264 23321 I MuMain  : PERF_TERRAIN world=73 normal(block=0 tile=0) grass(block=0 tile=0) after(block=0 tile=0)
04-26 22:16:09.141   736   931 D InetDiagMessage: Destroyed 0 sockets, proto=IPPROTO_TCP, family=AF_INET, states=14
04-26 22:16:09.141   736   931 D InetDiagMessage: Destroyed 0 sockets, proto=IPPROTO_TCP, family=AF_INET6, states=14
04-26 22:16:09.141   736   931 D InetDiagMessage: Destroyed live tcp sockets for uids={10160} in 1ms
04-26 22:16:09.142   736   931 D InetDiagMessage: Destroyed 0 sockets, proto=IPPROTO_TCP, family=AF_INET, states=14
04-26 22:16:09.142   736   931 D InetDiagMessage: Destroyed 0 sockets, proto=IPPROTO_TCP, family=AF_INET6, states=14
04-26 22:16:09.142   736   931 D InetDiagMessage: Destroyed live tcp sockets for uids={20160} in 1ms
04-26 22:16:09.257 23264 23321 I MuMain  : PERF fps=55.2 frameMs=18.13 phase(render=17.16 pad=0.02 present=0.88) renderLevel=4 fxScale=1.00 maxMsg=30 avg(draw=224 verts=96651 im=1679 vaD=0 vaC=0 qI=117 qE=0) max(draw=232 verts=98070)
04-26 22:16:09.257 23264 23321 I MuMain  : PERF_SCENE world=73 char(live=0 vis=0 ply=0 mon=0 npc=0 pet=0 prio=0 topMon=-1 x0) obj(live=375 vis=163 op=0 trap=0 topObj=79 x28)
04-26 22:16:09.258 23264 23321 I MuMain  : PERF_BUCKET objMove(cand=0 upd=0 def=0 n=0 m=0 f=0) objRender(cand=0 draw=0 cull=0 n=0 m=0 f=0 visDraw=0 visDef=0) charMove(cand=0 upd=0 def=0 n=0 m=0 f=0) charRender(cand=0 draw=0 def=0 cull=0 n=0 m=0 f=0)
04-26 22:16:09.258 23264 23321 I MuMain  : PERF_TERRAIN world=73 normal(block=0 tile=0) grass(block=0 tile=0) after(block=0 tile=0)
04-26 22:16:09.690  1203  1331 D SatelliteController: isInCarrierRoamingNbIotNtn: satellite is disabled
04-26 22:16:09.690  1203  1331 D SatelliteController: getCarrierRoamingNtnConnectType: Checking connect type from PLMN config for subId: 1
04-26 22:16:09.695  1203  1331 D SatelliteController: getSatellitePerPlmnConfiguration: invalid subId or not supported via carrier.
04-26 22:16:09.695  1203  1331 D SatelliteController: getCarrierRoamingNtnConnectType: config: null
04-26 22:16:09.696  1203  1331 D SatelliteController: getCarrierRoamingNtnConnectType: Falling back to global carrier config connect type: 0
04-26 22:16:09.700  1203  1331 D SatelliteController: updateLastNotifiedCarrierRoamingNtnSignalStrengthAndNotify(1)
04-26 22:16:09.700  1203  1331 D SatelliteController: updateLastNotifiedCarrierRoamingNtnSignalStrengthAndNotify(1) lastNotifiedSignalStrength level: 0
04-26 22:16:09.700  1203  1331 D SatelliteController: updateLastNotifiedCarrierRoamingNtnSignalStrengthAndNotify(1) currSignalStrength level: 0
04-26 22:16:10.294 23264 23321 I MuMain  : PERF fps=53.6 frameMs=18.67 phase(render=17.84 pad=0.02 present=0.75) renderLevel=4 fxScale=1.00 maxMsg=30 avg(draw=243 verts=92435 im=1711 vaD=0 vaC=0 qI=134 qE=0) max(draw=248 verts=94803)
04-26 22:16:10.294 23264 23321 I MuMain  : PERF_SCENE world=73 char(live=0 vis=0 ply=0 mon=0 npc=0 pet=0 prio=0 topMon=-1 x0) obj(live=375 vis=160 op=0 trap=0 topObj=135 x18)
04-26 22:16:10.294 23264 23321 I MuMain  : PERF_BUCKET objMove(cand=0 upd=0 def=0 n=0 m=0 f=0) objRender(cand=0 draw=0 cull=0 n=0 m=0 f=0 visDraw=0 visDef=0) charMove(cand=0 upd=0 def=0 n=0 m=0 f=0) charRender(cand=0 draw=0 def=0 cull=0 n=0 m=0 f=0)
04-26 22:16:10.294 23264 23321 I MuMain  : PERF_TERRAIN world=73 normal(block=0 tile=0) grass(block=0 tile=0) after(block=0 tile=0)
04-26 22:16:10.806 23264 23321 I MuMain  : ADAPT fx scale: fps=47.4 frameMs=21.10 1.00->0.90 target=0.90
04-26 22:16:11.158   736   921 I HalDevMgr: bestIfaceCreationProposal is null, requestIface=STA, existingIface=[name=wlan0 type=STA]
04-26 22:16:11.165  1160  1312 D IpClient/wlan0: interfaceLinkStateChanged: ifindex 16 up
04-26 22:16:11.168  1160  1312 D IpClient/wlan0: interfaceLinkStateChanged: ifindex 16 up
04-26 22:16:11.338 23264 23321 I MuMain  : PERF fps=42.1 frameMs=23.74 phase(render=23.01 pad=0.02 present=0.66) renderLevel=4 fxScale=1.00 maxMsg=30 avg(draw=334 verts=104571 im=1883 vaD=0 vaC=0 qI=217 qE=0) max(draw=343 verts=104775)
04-26 22:16:11.338 23264 23321 I MuMain  : PERF_SCENE world=73 char(live=0 vis=0 ply=0 mon=0 npc=0 pet=0 prio=0 topMon=-1 x0) obj(live=375 vis=128 op=0 trap=0 topObj=135 x18)
04-26 22:16:11.338 23264 23321 I MuMain  : PERF_BUCKET objMove(cand=0 upd=0 def=0 n=0 m=0 f=0) objRender(cand=0 draw=0 cull=0 n=0 m=0 f=0 visDraw=0 visDef=0) charMove(cand=0 upd=0 def=0 n=0 m=0 f=0) charRender(cand=0 draw=0 def=0 cull=0 n=0 m=0 f=0)
04-26 22:16:11.338 23264 23321 I MuMain  : PERF_TERRAIN world=73 normal(block=0 tile=0) grass(block=0 tile=0) after(block=0 tile=0)
04-26 22:16:12.130 23264 23321 I MuMain  : ADAPT fx scale: fps=39.4 frameMs=25.38 1.00->0.90 target=0.90
04-26 22:16:12.252  1016  1016 I wpa_supplicant: wlan0: CTRL-EVENT-BEACON-LOSS 
04-26 22:16:12.384 23264 23321 I MuMain  : PERF fps=39.4 frameMs=25.40 phase(render=24.58 pad=0.03 present=0.73) renderLevel=4 fxScale=1.00 maxMsg=30 avg(draw=372 verts=100481 im=1953 vaD=0 vaC=0 qI=273 qE=0) max(draw=380 verts=103059)
04-26 22:16:12.385 23264 23321 I MuMain  : PERF_SCENE world=73 char(live=0 vis=0 ply=0 mon=0 npc=0 pet=0 prio=0 topMon=-1 x0) obj(live=375 vis=106 op=0 trap=0 topObj=135 x12)
04-26 22:16:12.385 23264 23321 I MuMain  : PERF_BUCKET objMove(cand=0 upd=0 def=0 n=0 m=0 f=0) objRender(cand=0 draw=0 cull=0 n=0 m=0 f=0 visDraw=0 visDef=0) charMove(cand=0 upd=0 def=0 n=0 m=0 f=0) charRender(cand=0 draw=0 def=0 cull=0 n=0 m=0 f=0)
04-26 22:16:12.385 23264 23321 I MuMain  : PERF_TERRAIN world=73 normal(block=0 tile=0) grass(block=0 tile=0) after(block=0 tile=0)
04-26 22:16:12.419   736   927 E Nl80211Native: getChannelsMhzForBand: Wiphy index not recorded for band 8
04-26 22:16:12.419   736   927 E Nl80211Native: getChannelsMhzForBand: Wiphy index not recorded for band 16
04-26 22:16:12.419   736   927 D Nl80211Native: Ignoring unsupported scan type 2
04-26 22:16:12.419   736   927 I Nl80211Proxy: Sending Nl80211 message: GenericNetlinkMsg{ nlHeader{StructNlMsgHdr{ nlmsg_len{56}, nlmsg_type{30()}, nlmsg_flags{5(NLM_F_REQUEST|NLM_F_ACK)}, nlmsg_seq{480}, nlmsg_pid{0} }}, genNlHeader{StructGenNlMsgHdr{ command{33}, version{1}, reserved{0} }}, attributes{[StructNlAttr{ nla_len{8}, nla_type{-32723}, nla_value{04000000}, }, StructNlAttr{ nla_len{8}, nla_type{3}, nla_value{10000000}, }, StructNlAttr{ nla_len{12}, nla_type{-32724}, nla_value{080000008F090000}, }, StructNlAttr{ nla_len{8}, nla_type{158}, nla_value{00000000}, }]} }
04-26 22:16:12.422   736   927 I Nl80211Proxy: Received NLMSG_ERROR with error 0 for message GenericNetlinkMsg{ nlHeader{StructNlMsgHdr{ nlmsg_len{56}, nlmsg_type{30()}, nlmsg_flags{5(NLM_F_REQUEST|NLM_F_ACK)}, nlmsg_seq{480}, nlmsg_pid{0} }}, genNlHeader{StructGenNlMsgHdr{ command{33}, version{1}, reserved{0} }}, attributes{[StructNlAttr{ nla_len{8}, nla_type{-32723}, nla_value{04000000}, }, StructNlAttr{ nla_len{8}, nla_type{3}, nla_value{10000000}, }, StructNlAttr{ nla_len{12}, nla_type{-32724}, nla_value{080000008F090000}, }, StructNlAttr{ nla_len{8}, nla_type{158}, nla_value{00000000}, }]} }
04-26 22:16:12.467   736   921 D WifiNative: Scan result ready event
04-26 22:16:12.469   736   927 I Nl80211Proxy: Sending Nl80211 message: GenericNetlinkMsg{ nlHeader{StructNlMsgHdr{ nlmsg_len{20}, nlmsg_type{30()}, nlmsg_flags{769(NLM_F_REQUEST|NLM_F_DUMP)}, nlmsg_seq{481}, nlmsg_pid{0} }}, genNlHeader{StructGenNlMsgHdr{ command{5}, version{1}, reserved{0} }}, attributes{[]} }
04-26 22:16:12.469   736   927 I Nl80211Proxy: Received NLMSG_DONE for message GenericNetlinkMsg{ nlHeader{StructNlMsgHdr{ nlmsg_len{20}, nlmsg_type{30()}, nlmsg_flags{769(NLM_F_REQUEST|NLM_F_DUMP)}, nlmsg_seq{481}, nlmsg_pid{0} }}, genNlHeader{StructGenNlMsgHdr{ command{5}, version{1}, reserved{0} }}, attributes{[]} }
04-26 22:16:12.469   736   927 W Nl80211Utils: Malformed NEW_INTERFACE response: missing attributes
04-26 22:16:12.469   736   927 I Nl80211Proxy: Sending Nl80211 message: GenericNetlinkMsg{ nlHeader{StructNlMsgHdr{ nlmsg_len{28}, nlmsg_type{30()}, nlmsg_flags{769(NLM_F_REQUEST|NLM_F_DUMP)}, nlmsg_seq{482}, nlmsg_pid{0} }}, genNlHeader{StructGenNlMsgHdr{ command{32}, version{1}, reserved{0} }}, attributes{[StructNlAttr{ nla_len{8}, nla_type{3}, nla_value{10000000}, }]} }
04-26 22:16:12.469   736   927 I Nl80211Proxy: Received NLMSG_DONE for message GenericNetlinkMsg{ nlHeader{StructNlMsgHdr{ nlmsg_len{28}, nlmsg_type{30()}, nlmsg_flags{769(NLM_F_REQUEST|NLM_F_DUMP)}, nlmsg_seq{482}, nlmsg_pid{0} }}, genNlHeader{StructGenNlMsgHdr{ command{32}, version{1}, reserved{0} }}, attributes{[StructNlAttr{ nla_len{8}, nla_type{3}, nla_value{10000000}, }]} }
04-26 22:16:12.471  1366  2579 I WifiScanner: onFullResults
04-26 22:16:12.471  1366  5070 I WifiScanner: onFullResults
04-26 22:16:12.475   736   921 I HalDevMgr: bestIfaceCreationProposal is null, requestIface=STA, existingIface=[name=wlan0 type=STA]
04-26 22:16:12.605 14925 14925 D BoundBrokerSvc: onUnbind: Intent { act=com.google.android.gms.feedback.internal.IFeedbackService dat=chimera-action:/... xflg=0x4 cmp=com.google.android.gms/.chimera.GmsBoundBrokerService }
04-26 22:16:13.410 23264 23321 I MuMain  : ADAPT fx scale: fps=38.5 frameMs=25.95 1.00->0.90 target=0.90
04-26 22:16:13.410 23264 23321 I MuMain  : PERF fps=38.5 frameMs=25.95 phase(render=25.06 pad=0.02 present=0.80) renderLevel=4 fxScale=1.00 maxMsg=30 avg(draw=383 verts=96826 im=2002 vaD=0 vaC=0 qI=285 qE=0) max(draw=392 verts=97014)
04-26 22:16:13.410 23264 23321 I MuMain  : PERF_SCENE world=73 char(live=0 vis=0 ply=0 mon=0 npc=0 pet=0 prio=0 topMon=-1 x0) obj(live=375 vis=90 op=0 trap=0 topObj=129 x7)
04-26 22:16:13.410 23264 23321 I MuMain  : PERF_BUCKET objMove(cand=0 upd=0 def=0 n=0 m=0 f=0) objRender(cand=0 draw=0 cull=0 n=0 m=0 f=0 visDraw=0 visDef=0) charMove(cand=0 upd=0 def=0 n=0 m=0 f=0) charRender(cand=0 draw=0 def=0 cull=0 n=0 m=0 f=0)
