04-26 15:50:47.505 I/GoogleInputMethodService( 4105): GoogleInputMethodService.initializeInputMethodServiceData():872 initializeInputMethodServiceData for mua{languageTag=en-US, variant=qwerty, hasLocalizedResources=true, conditionCacheKey=_android_software_xr_api_spatial=false_app_first_start_timestamp=1776337405505_cache_additional_ime_defs_for_condition_change=false_cache_ime_defs_for_condition_change=false_deprecate_long_press_space_for_ime_picker=false_device=phone_device_size=default_enable_more_candidates_view_for_multilingual=false_enable_number_row=false_enable_number_row_in_password=true_enable_pk_simulator=false_enable_pk_simulator_setting=false_enable_preemptive_decode=true_enable_scrub_move=true_enable_secondary_digits=true_enable_secondary_symbols=false_expressions=normal_four_or_more_letter_rows=false_free_cursor=false_free_cursor_spacebar_popup=false_keyboard_font_size_setting=_keyboard_mode=normal_language=en-US_layout_9key_split=false_orientation=portrait_physical_keyboard=qwerty_pk_simulator_vk_ready=false_pref_enable_flick_symbols=false_rtl_layout=false_show_comma_key=true_show_period_key=true_show_secondary_digits=true_show_suggestion_strip=true_show_suggestions=true_split_with_duplicate_keys=true_true=true_variant=qwerty_writing_helper_enable_by_word_revert=false, imeDef.stringId=ime_english_united_states, imeDef.className=com.google.android.apps.inputmethod.libs.latin5.LatinIme, imeDef.languageTag=en-US}
04-26 15:50:47.506 I/Gm3ColorTokenStyleSheetProvider( 4105): Gm3ColorTokenStyleSheetProvider.isHigherContrastMode():326 Detected higher contrast mode: 72.432045
04-26 15:50:47.509 I/KeyboardThemeProvider( 4105): KeyboardThemeProvider.applyKeyboardTheme():27 Apply keyboard theme: theme,!gsf,!pgsans,!pgsf,!use_system_font,BORDER,FLAVOR_DPI=XXHDPI,IS_LIGHT,KEYBOARD_WIDTH_CATEGORY=NORMAL,KEY_BORDER_SHAPE=1,LIGHT_THEME=true,PHYSICAL_DIAGONAL=5.9809904,POPUP,SCREEN_SHORTEST_WIDTH=411,SCREEN_SHORTEST_WIDTH_NO_SCALE=411,SW400DP,XXHDPI,bottom4dp,enable_popup_on_keypress=true,keyboard_redesign_google_sans=true,non_linear_scale,noshadow,overlay_builtin_dynamic_color_light_base.binarypb:gm3-light-fffaf8fe-ff4c5e8b-4fb1adea13304a190d4abf12326cf60c,silkpopup
04-26 15:50:47.511 I/KeyboardGroupDefParser( 4105): KeyboardGroupDefParser.parseKeyboardGroupDef():86 parseKeyboardGroupDef() 2132213994 -> 0_resource_name_obfuscated : WaitTime = 65 ms : RunTime = 1 ms
04-26 15:50:47.512 I/Finsky:background( 4276): [2] Memory trim requested to level 40
04-26 15:50:47.512 W/AmbientCueRepository( 1219): spoonBarOptedIn not found, default to enabled
04-26 15:50:47.512 W/AmbientCueRepository( 1219): android.provider.Settings$SettingNotFoundException: spoonBarOptedIn
04-26 15:50:47.512 W/AmbientCueRepository( 1219): 	at android.provider.Settings.parseIntSetting(Settings.java:4348)
04-26 15:50:47.512 W/AmbientCueRepository( 1219): 	at android.provider.Settings.-$$Nest$smparseIntSetting(Settings.java:0)
04-26 15:50:47.512 W/AmbientCueRepository( 1219): 	at android.provider.Settings$Secure.getIntForUser(Settings.java:7792)
04-26 15:50:47.512 W/AmbientCueRepository( 1219): 	at android.provider.Settings$Secure.getInt(Settings.java:7784)
04-26 15:50:47.512 W/AmbientCueRepository( 1219): 	at com.android.quickstep.cuebar.data.repository.AmbientCueRepositoryImpl.isAmbientCueSettingEnabled(go/retraceme 7226a759aa2bb3787a79806f85d80eaad84f1f1e15acd6db988f2df789d1680d:9)
04-26 15:50:47.512 W/AmbientCueRepository( 1219): 	at com.android.quickstep.cuebar.data.repository.AmbientCueRepositoryImpl.<init>(go/retraceme 7226a759aa2bb3787a79806f85d80eaad84f1f1e15acd6db988f2df789d1680d:144)
04-26 15:50:47.512 W/AmbientCueRepository( 1219): 	at com.android.launcher3.taskbar.CueBarController.<init>(go/retraceme 7226a759aa2bb3787a79806f85d80eaad84f1f1e15acd6db988f2df789d1680d:31)
04-26 15:50:47.512 W/AmbientCueRepository( 1219): 	at com.android.launcher3.taskbar.TaskbarActivityContext.<init>(go/retraceme 7226a759aa2bb3787a79806f85d80eaad84f1f1e15acd6db988f2df789d1680d:3648)
04-26 15:50:47.512 W/AmbientCueRepository( 1219): 	at com.android.launcher3.taskbar.TaskbarManagerImpl.createTaskbarActivityContext(go/retraceme 7226a759aa2bb3787a79806f85d80eaad84f1f1e15acd6db988f2df789d1680d:59)
04-26 15:50:47.512 W/AmbientCueRepository( 1219): 	at com.android.launcher3.taskbar.TaskbarManagerImpl.recreateTaskbarForDisplay(go/retraceme 7226a759aa2bb3787a79806f85d80eaad84f1f1e15acd6db988f2df789d1680d:248)
04-26 15:50:47.512 W/AmbientCueRepository( 1219): 	at com.android.launcher3.taskbar.TaskbarManagerImpl$$ExternalSyntheticLambda29.accept(go/retraceme 7226a759aa2bb3787a79806f85d80eaad84f1f1e15acd6db988f2df789d1680d:76)
04-26 15:50:47.512 W/AmbientCueRepository( 1219): 	at com.android.launcher3.taskbar.PerDisplayTaskbarResource$setDisplayChangeListener$1.accept(go/retraceme 7226a759aa2bb3787a79806f85d80eaad84f1f1e15acd6db988f2df789d1680d:74)
04-26 15:50:47.512 W/AmbientCueRepository( 1219): 	at com.android.launcher3.util.ListenableDiffAwareRef$$ExternalSyntheticLambda0.invoke(go/retraceme 7226a759aa2bb3787a79806f85d80eaad84f1f1e15acd6db988f2df789d1680d:8)
04-26 15:50:47.512 W/AmbientCueRepository( 1219): 	at com.android.launcher3.util.MutableListenableStream$dispatchValue$1$1.run(go/retraceme 7226a759aa2bb3787a79806f85d80eaad84f1f1e15acd6db988f2df789d1680d:20)
04-26 15:50:47.512 W/AmbientCueRepository( 1219): 	at com.android.launcher3.util.LooperExecutor.execute(go/retraceme 7226a759aa2bb3787a79806f85d80eaad84f1f1e15acd6db988f2df789d1680d:16)
04-26 15:50:47.512 W/AmbientCueRepository( 1219): 	at com.android.launcher3.util.MutableListenableStream.dispatchValue(go/retraceme 7226a759aa2bb3787a79806f85d80eaad84f1f1e15acd6db988f2df789d1680d:52)
04-26 15:50:47.512 W/AmbientCueRepository( 1219): 	at com.android.launcher3.display.DisplayInfoContainer.notifyConfigChange(go/retraceme 7226a759aa2bb3787a79806f85d80eaad84f1f1e15acd6db988f2df789d1680d:168)
04-26 15:50:47.512 W/AmbientCueRepository( 1219): 	at com.android.launcher3.display.DisplayInfoContainer.onConfigurationChanged(go/retraceme 7226a759aa2bb3787a79806f85d80eaad84f1f1e15acd6db988f2df789d1680d:90)
04-26 15:50:47.512 W/AmbientCueRepository( 1219): 	at android.content.ComponentCallbacksController.lambda$dispatchConfigurationChanged$0(ComponentCallbacksController.java:92)
04-26 15:50:47.512 W/AmbientCueRepository( 1219): 	at android.content.ComponentCallbacksController$$ExternalSyntheticLambda2.accept(D8$$SyntheticClass:0)
04-26 15:50:47.512 W/AmbientCueRepository( 1219): 	at android.content.ComponentCallbacksController.forAllComponentCallbacks(ComponentCallbacksController.java:125)
04-26 15:50:47.512 W/AmbientCueRepository( 1219): 	at android.content.ComponentCallbacksController.dispatchConfigurationChanged(ComponentCallbacksController.java:92)
04-26 15:50:47.512 W/AmbientCueRepository( 1219): 	at android.window.WindowContext.dispatchConfigurationChanged(WindowContext.java:281)
04-26 15:50:47.512 W/AmbientCueRepository( 1219): 	at android.window.WindowTokenClient.onConfigurationChangedInner(WindowTokenClient.java:212)
04-26 15:50:47.512 W/AmbientCueRepository( 1219): 	at android.window.WindowTokenClient.onConfigurationChanged(WindowTokenClient.java:158)
04-26 15:50:47.512 W/AmbientCueRepository( 1219): 	at android.window.WindowTokenClient.onConfigurationChanged(WindowTokenClient.java:114)
04-26 15:50:47.512 W/AmbientCueRepository( 1219): 	at android.window.WindowTokenClientController.onWindowContextInfoChanged(WindowTokenClientController.java:249)
04-26 15:50:47.512 W/AmbientCueRepository( 1219): 	at android.app.ActivityThread.handleWindowContextInfoChanged(ActivityThread.java:7289)
04-26 15:50:47.512 W/AmbientCueRepository( 1219): 	at android.app.servertransaction.WindowContextInfoChangeItem.execute(WindowContextInfoChangeItem.java:53)
04-26 15:50:47.512 W/AmbientCueRepository( 1219): 	at android.app.servertransaction.TransactionExecutor.executeNonLifecycleItem(TransactionExecutor.java:133)
04-26 15:50:47.512 W/AmbientCueRepository( 1219): 	at android.app.servertransaction.TransactionExecutor.executeTransactionItems(TransactionExecutor.java:103)
04-26 15:50:47.513 W/AmbientCueRepository( 1219): 	at android.app.servertransaction.TransactionExecutor.execute(TransactionExecutor.java:80)
04-26 15:50:47.513 W/AmbientCueRepository( 1219): 	at android.app.ActivityThread$H.handleMessage(ActivityThread.java:3024)
04-26 15:50:47.513 W/AmbientCueRepository( 1219): 	at android.os.Handler.dispatchMessageImpl(Handler.java:142)
04-26 15:50:47.513 W/AmbientCueRepository( 1219): 	at android.os.Handler.dispatchMessage(Handler.java:125)
04-26 15:50:47.513 W/AmbientCueRepository( 1219): 	at android.os.Looper.loopOnce(Looper.java:292)
04-26 15:50:47.513 W/AmbientCueRepository( 1219): 	at android.os.Looper.loop(Looper.java:393)
04-26 15:50:47.513 W/AmbientCueRepository( 1219): 	at android.app.ActivityThread.main(ActivityThread.java:9486)
04-26 15:50:47.513 W/AmbientCueRepository( 1219): 	at java.lang.reflect.Method.invoke(Native Method)
04-26 15:50:47.513 W/AmbientCueRepository( 1219): 	at com.android.internal.os.RuntimeInit$MethodAndArgsCaller.run(RuntimeInit.java:575)
04-26 15:50:47.513 W/AmbientCueRepository( 1219): 	at com.android.internal.os.ZygoteInit.main(ZygoteInit.java:939)
04-26 15:50:47.514 I/KeyboardGroupDefParser( 4105): KeyboardGroupDefParser.parseKeyboardGroupDef():86 parseKeyboardGroupDef() 2132213997 -> 0_resource_name_obfuscated : WaitTime = 68 ms : RunTime = 0 ms
04-26 15:50:47.516 D/LauncherAmbientCueVM( 1219): onUnfilteredActionsChange: []
04-26 15:50:47.519 I/KeyboardInterfacePrivate( 4105): IKeyboard.createKeyboard():67 Keyboard created from HiltKeyboardFactory: com.google.android.apps.inputmethod.latin.keyboard.LatinPrimeKeyboard
04-26 15:50:47.520 I/AndroidIME( 4105): InputBundleManager.loadActiveInputBundleId():531 loadActiveInputBundleId: und-Latn-x-password, password
04-26 15:50:47.522 I/KeyboardGroupDefParser( 4105): KeyboardGroupDefParser.parseKeyboardGroupDef():86 parseKeyboardGroupDef() 2132213998 -> 0_resource_name_obfuscated : WaitTime = 68 ms : RunTime = 9 ms
04-26 15:50:47.525 D/AmbientCueRepository( 1219): connectToAce: connecting TO ACE and registering
04-26 15:50:47.531 D/AllAppsStore( 1219): setApps: apps.length=21
04-26 15:50:47.532 I/SP      ( 4105): Syncing emoticon_content_description (2022081613) with slices: [7a635888cb828dfa2fc744b7b9b50f04], metadata: false
04-26 15:50:47.533 D/AllAppsStore( 1219): notifyUpdate: notifying listeners
04-26 15:50:47.537 E/SystemServiceRegistry( 1160): No service published for: ethernet
04-26 15:50:47.537 E/SystemServiceRegistry( 1160): android.os.ServiceManager$ServiceNotFoundException: No service published for: ethernet
04-26 15:50:47.537 E/SystemServiceRegistry( 1160): 	at android.os.ServiceManager.getServiceOrThrow(ServiceManager.java:176)
04-26 15:50:47.537 E/SystemServiceRegistry( 1160): 	at android.app.SystemServiceRegistry$168.createService(SystemServiceRegistry.java:2638)
04-26 15:50:47.537 E/SystemServiceRegistry( 1160): 	at android.app.SystemServiceRegistry$CachedServiceFetcher.getService(SystemServiceRegistry.java:2768)
04-26 15:50:47.537 E/SystemServiceRegistry( 1160): 	at android.app.SystemServiceRegistry.getSystemService(SystemServiceRegistry.java:2285)
04-26 15:50:47.537 E/SystemServiceRegistry( 1160): 	at android.app.ContextImpl.getSystemService(ContextImpl.java:2448)
04-26 15:50:47.537 E/SystemServiceRegistry( 1160): 	at android.content.ContextWrapper.getSystemService(ContextWrapper.java:991)
04-26 15:50:47.537 E/SystemServiceRegistry( 1160): 	at com.android.networkstack.tethering.Tethering.isEthernetSupported(Tethering.java:1849)
04-26 15:50:47.537 E/SystemServiceRegistry( 1160): 	at com.android.networkstack.tethering.Tethering.makeSupportedDownstreams(Tethering.java:2830)
04-26 15:50:47.537 E/SystemServiceRegistry( 1160): 	at com.android.networkstack.tethering.Tethering.updateSupportedDownstreams(Tethering.java:2804)
04-26 15:50:47.537 E/SystemServiceRegistry( 1160): 	at com.android.networkstack.tethering.Tethering.updateConfiguration(Tethering.java:558)
04-26 15:50:47.537 E/SystemServiceRegistry( 1160): 	at com.android.networkstack.tethering.Tethering.-$$Nest$mupdateConfiguration(Tethering.java:0)
04-26 15:50:47.537 E/SystemServiceRegistry( 1160): 	at com.android.networkstack.tethering.Tethering$StateReceiver.onReceive(Tethering.java:1372)
04-26 15:50:47.537 E/SystemServiceRegistry( 1160): 	at android.app.LoadedApk$ReceiverDispatcher$Args.lambda$getRunnable$0(LoadedApk.java:2050)
04-26 15:50:47.537 E/SystemServiceRegistry( 1160): 	at android.app.LoadedApk$ReceiverDispatcher$Args.$r8$lambda$mcNAAl1SQ4MyJPyDg8TJ2x2h0Rk(LoadedApk.java:0)
04-26 15:50:47.537 E/SystemServiceRegistry( 1160): 	at android.app.LoadedApk$ReceiverDispatcher$Args$$ExternalSyntheticLambda0.run(D8$$SyntheticClass:0)
04-26 15:50:47.537 E/SystemServiceRegistry( 1160): 	at android.os.Handler.handleCallback(Handler.java:1095)
04-26 15:50:47.537 E/SystemServiceRegistry( 1160): 	at android.os.Handler.dispatchMessageImpl(Handler.java:135)
04-26 15:50:47.537 E/SystemServiceRegistry( 1160): 	at android.os.Handler.dispatchMessage(Handler.java:125)
04-26 15:50:47.537 E/SystemServiceRegistry( 1160): 	at android.os.Looper.loopOnce(Looper.java:292)
04-26 15:50:47.537 E/SystemServiceRegistry( 1160): 	at android.os.Looper.loop(Looper.java:393)
04-26 15:50:47.537 E/SystemServiceRegistry( 1160): 	at android.os.HandlerThread.run(HandlerThread.java:139)
04-26 15:50:47.539 D/ActivityManager(  736): sync unfroze 1867 com.google.android.gms for 6
04-26 15:50:47.540 D/AlphabeticIndexCompat( 1219): computeSectionName: cs: Settings sectionName: S
04-26 15:50:47.542 D/AlphabeticIndexCompat( 1219): computeSectionName: cs: Photos sectionName: P
04-26 15:50:47.542 V/AccessibilityUserState(  736): updateShortcutTargets: type:accessibility_shortcut_target_service, current:{}, new:{}
04-26 15:50:47.542 W/ActivityTaskManager(  736): callingPackage for (uid=2000, pid=6365) has no WPC
04-26 15:50:47.543 D/AlphabeticIndexCompat( 1219): computeSectionName: cs: Battery sectionName: B
04-26 15:50:47.543 D/AlphabeticIndexCompat( 1219): computeSectionName: cs: Chrome sectionName: C
04-26 15:50:47.544 D/AlphabeticIndexCompat( 1219): computeSectionName: cs: Gmail sectionName: G
04-26 15:50:47.548 D/AlphabeticIndexCompat( 1219): computeSectionName: cs: Drive sectionName: D
04-26 15:50:47.548 D/AlphabeticIndexCompat( 1219): computeSectionName: cs: Clock sectionName: C
04-26 15:50:47.550 V/GrammaticalInflectionUtils(  736): AttributionSource: android.content.AttributionSource@d322a4fb does not have READ_SYSTEM_GRAMMATICAL_GENDER permission.
04-26 15:50:47.550 D/AlphabeticIndexCompat( 1219): computeSectionName: cs: Contacts sectionName: C
04-26 15:50:47.551 W/TransitionChain(  736): Combining startAct into #31(CHANGE|R|0x0) from updateRot
04-26 15:50:47.551 D/AlphabeticIndexCompat( 1219): computeSectionName: cs: Calendar sectionName: C
04-26 15:50:47.552 V/AccessibilityUserState(  736): updateShortcutTargets: type:accessibility_button_targets, current:{}, new:{}
04-26 15:50:47.552 V/AccessibilityUserState(  736): updateShortcutTargets: type:accessibility_gesture_targets, current:{}, new:{}
04-26 15:50:47.552 V/AccessibilityUserState(  736): updateShortcutTargets: type:accessibility_qs_targets, current:{}, new:{}
04-26 15:50:47.552 V/AccessibilityUserState(  736): updateShortcutTargets: type:accessibility_key_gesture_targets, current:{}, new:{}
04-26 15:50:47.552 V/AccessibilityUserState(  736): updateShortcutTargets: type:accessibility_top_row_key_targets, current:{}, new:{}
04-26 15:50:47.552 V/AccessibilityUserState(  736): updateShortcutTargets: type:accessibility_quick_access_targets, current:{}, new:{}
04-26 15:50:47.553 D/AlphabeticIndexCompat( 1219): computeSectionName: cs: Maps sectionName: M
04-26 15:50:47.554 D/ActivityThread( 1867): Package [com.muonline.client] reported as REPLACED, but missing application info. Assuming REMOVED.
04-26 15:50:47.554 D/AlphabeticIndexCompat( 1219): computeSectionName: cs: YouTube Music sectionName: Y
04-26 15:50:47.554 D/AlphabeticIndexCompat( 1219): computeSectionName: cs: YouTube sectionName: Y
04-26 15:50:47.555 D/ActivityThread( 1867): Package [com.muonline.client] reported as REPLACED, but missing application info. Assuming REMOVED.
04-26 15:50:47.557 D/AlphabeticIndexCompat( 1219): computeSectionName: cs: Google sectionName: G
04-26 15:50:47.558 D/AlphabeticIndexCompat( 1219): computeSectionName: cs: Android System Intelligence sectionName: A
04-26 15:50:47.558 D/AlphabeticIndexCompat( 1219): computeSectionName: cs: Digital Wellbeing sectionName: D
04-26 15:50:47.558 D/AlphabeticIndexCompat( 1219): computeSectionName: cs: Conversations sectionName: C
04-26 15:50:47.562 D/TaskbarManager( 1219): createTaskbarUIControllerForRecentsViewContainer displayId=0 mPrimaryDisplayId=0
04-26 15:50:47.563 D/PerDisplayTaskbarResource( 1219): recreateTaskbarForDisplay: adding rootView displayId=0
04-26 15:50:47.566 D/PerDisplayTaskbarResource( 1219): recreateTaskbarForDisplay: adding root layout displayId=0
04-26 15:50:47.569 D/TFOManager( 1219): No activity in overlay, closing
04-26 15:50:47.575 D/BubbleBarView( 1219): BubbleBar RTL properties changed, new layoutDirection=0 previous layoutDirection=-1
04-26 15:50:47.580 V/SafetySourceDataValidat(  736): Package: com.android.vending has expected signature
04-26 15:50:47.584 W/MagnificationConnectionManager(  736): requestConnection duplicated request: connect=false, mConnectionState=DISCONNECTED
04-26 15:50:47.586 W/libbinder.IPCThreadState(  736): Sending oneway calls to frozen process.
04-26 15:50:47.586 I/GoogleInputMethodService( 4105): GoogleInputMethodService.onStartInput():1384 onStartInput(EditorInfo{EditorInfo{packageName=com.google.android.apps.nexuslauncher, inputType=0, inputTypeString=NULL, enableLearning=false, autoCorrection=false, autoComplete=false, imeOptions=0, privateImeOptions=null, actionName=UNSPECIFIED, actionLabel=null, initialSelStart=-1, initialSelEnd=-1, initialCapsMode=0, label=null, fieldId=0, fieldName=null, extras=null, hintText=null, hintLocales=[]}}, true)
04-26 15:50:47.587 W/SessionManager( 4105): SessionManager.beginSession():53 Try to begin an already begun session [INPUT_SESSION], end it first
04-26 15:50:47.587 W/AndroidIME( 4105): LatinIMEBase.updateInputViewCoverNavigation():319 Null input view, cannot update padding!
04-26 15:50:47.588 I/Module  ( 4105): DeviceLockedStatusModuleProvider$Module.updateDeviceLockedStatus():103 repeatCheckTimes = 1, locked = false
04-26 15:50:47.590 W/PrimesLoggerHolder( 4105): FrameMetricServiceImpl.start():188 measurement already started: MeasurementKey{rawStringEventName=null, noPiiEventName=OnConfigurationChanged, isActivity=false}
04-26 15:50:47.597 W/libbinder.IPCThreadState(  736): Sending oneway calls to frozen process.
04-26 15:50:47.597 V/ActivityTaskManager(  736): TaskLaunchParamsModifier: phase=3 task=Task{f5121bb #94 type=standard A=10230:com.muonline.client} activity=ActivityRecord{194223690 u0 com.muonline.client/.PreloadActivity t-1} display-from-task=0 display-id=0 task-display-area-windowing-mode=1 suggested-display-area=DefaultTaskDisplayArea@125646128 inherit-from-task=fullscreen non-freeform-task-display-area display-area=DefaultTaskDisplayArea@125646128 skip-bounds-fullscreen
04-26 15:50:47.597 I/ActivityTaskManager(  736): START u0 {flg=0x10000000 xflg=0x5 cmp=com.muonline.client/.PreloadActivity} with LAUNCH_SINGLE_TASK from uid 2000 (com.android.shell) (BAL_ALLOW_PERMISSION) result code=0
04-26 15:50:47.600 W/PackageConfigPersister(  736): App-specific configuration not found for packageName: com.google.android.apps.nexuslauncher and userId: 0
04-26 15:50:47.602 W/ModuleManager( 4105): ModuleManager.loadModule():634 Module pig is not available
04-26 15:50:47.605 W/InputChannel-JNI(  736): Channel already disposed.
04-26 15:50:47.606 W/libbinder.IPCThreadState(  736): Sending oneway calls to frozen process.
04-26 15:50:47.610 I/ImeTracker(  736): system_server:2cef0877: onRequestHide at ORIGIN_SERVER reason IME_REQUESTED_CHANGED_LISTENER fromUser false displayId 0
04-26 15:50:47.610 V/WindowManager(  736): Continue transition id=31 for TaskFragmentTransaction=android.os.Binder@3bdd300
04-26 15:50:47.611 W/LatinCommonMetricsProcessor( 4105): LatinCommonMetricsProcessor.processInputMethodEntryChanged():2554 The new entry is equal to the old entry
04-26 15:50:47.611 D/WindowOnBackDispatcher( 1036): setTopOnBackInvokedCallback (unwrapped): android.view.ViewRootImpl$$ExternalSyntheticLambda13@984fb3a
04-26 15:50:47.615 D/CoreBackPreview(  736): Window{759f0ee u0 Splash Screen com.muonline.client}: Setting back callback OnBackInvokedCallbackInfo{mCallback=android.window.IOnBackInvokedCallback$Stub$Proxy@54b141c, mPriority=0, mIsAnimationCallback=false, mOverrideBehavior=0}
04-26 15:50:47.623 D/WindowManager(  736): setClientSurface Surface(name=VRI-Splash Screen com.muonline.client#356)/@0x4147e4e for 759f0ee Splash Screen com.muonline.client
04-26 15:50:47.629 I/WindowManager(  736): finishDrawing of orientation change: Window{2cde9a6 u0 Taskbar} 232ms
04-26 15:50:47.632 I/Finsky  ( 4164): [2] Memory trim requested to level 40
04-26 15:50:47.632 I/Finsky  ( 4164): [2] Flushing in-memory image cache
04-26 15:50:47.645 I/Surface ( 1036): Creating surface for consumer unnamed-1036-10 with slotExpansion=1 for 64 slots
04-26 15:50:47.646 I/Surface ( 1036): Creating surface for consumer VRI[client]#10(BLAST Consumer)10 with slotExpansion=1 for 64 slots
04-26 15:50:47.647 I/SP      ( 4105): Sync for emoticon_content_description succeeded in 126 ms: no changes
04-26 15:50:47.648 V/GrammaticalInflectionUtils(  736): AttributionSource: android.content.AttributionSource@d322a4fb does not have READ_SYSTEM_GRAMMATICAL_GENDER permission.
04-26 15:50:47.650 D/BaseActivity( 1219): Launcher flags updated: [state_started|state_resumed|state_deferred_resumed|state_window_focused|state_user_active] -[]
04-26 15:50:47.650 W/libbinder.IPCThreadState(  736): Sending oneway calls to frozen process.
04-26 15:50:47.651 I/SP      ( 4105): GC for 'emoticon_content_description' (10) with ttl of 0 ms took 3 ms (0/0/3)
04-26 15:50:47.651 V/RecentTasksController( 1036): Notify recent tasks changed
04-26 15:50:47.652 D/BaseActivity( 1219): Launcher flags updated: [state_started|state_resumed|state_deferred_resumed|state_window_focused] -[state_user_active]
04-26 15:50:47.652 D/BaseActivity( 1219): Launcher flags updated: [state_started|state_window_focused] -[state_resumed|state_deferred_resumed]
04-26 15:50:47.652 W/SplitSelectStateCtor( 1219): Missing session instanceIds
04-26 15:50:47.652 D/StatsLog( 1219): LAUNCHER_SPLIT_SELECTION_EXIT_INTERRUPTED
04-26 15:50:47.655 W/libbinder.IPCThreadState(  736): Sending oneway calls to frozen process.
04-26 15:50:47.656 D/WindowManagerShell( 1036): setLauncherKeepClearAreaHeight: visible=false, height=495
04-26 15:50:47.656 D/ShellDesktopMode( 1036): DesktopRepository(0): Removes freeform task: taskId=93
04-26 15:50:47.656 W/ShellDesktopMode( 1036): DesktopRepository(0): No display id found for task: taskId=93
04-26 15:50:47.657 W/libbinder.IPCThreadState(  736): Sending oneway calls to frozen process.
04-26 15:50:47.658 V/WindowManager(  736): Defer transition id=31 for TaskFragmentTransaction=android.os.Binder@3e315a
04-26 15:50:47.658 V/RecentTasksController( 1036): Notify recent tasks changed
04-26 15:50:47.659 D/RecentsView( 1219): onTaskDisplayChanged: 94, new displayId = 0
04-26 15:50:47.660 I/ImeTracker(  736): system_server:2cef0877: onCancelled at PHASE_SERVER_SHOULD_HIDE
04-26 15:50:47.661 D/RecentTasksList( 1219): invalidateLoadedTasks - previous requestLoadId: -1
04-26 15:50:47.661 D/RecentTasksList( 1219): invalidateLoadedTasks - previous requestLoadId: -1
04-26 15:50:47.664 W/libbinder.IPCThreadState(  736): Sending oneway calls to frozen process.
04-26 15:50:47.667 D/Zygote  (  499): Forked child process 6376
04-26 15:50:47.668 W/libbinder.IPCThreadState(  736): Sending oneway calls to frozen process.
04-26 15:50:47.671 W/libbinder.IPCThreadState(  736): Sending oneway calls to frozen process.
04-26 15:50:47.672 V/WindowManager(  736): Continue transition id=31 for TaskFragmentTransaction=android.os.Binder@3e315a
04-26 15:50:47.674 I/ActivityManager(  736): Start proc 6376:com.muonline.client/u0a230 for next-top-activity {com.muonline.client/com.muonline.client.PreloadActivity}
04-26 15:50:47.678 I/Zygote  ( 6376): Process 6376 created for com.muonline.client
04-26 15:50:47.679 I/muonline.client( 6376): Using generational CollectorTypeCMC GC.
04-26 15:50:47.681 W/muonline.client( 6376): Unexpected CPU variant for x86: x86_64.
04-26 15:50:47.681 W/muonline.client( 6376): Known variants: atom, sandybridge, silvermont, goldmont, goldmont-plus, goldmont-without-sha-xsaves, tremont, kabylake, alderlake, lunarlake, default
04-26 15:50:47.684 W/Looper  (  736): Drained
04-26 15:50:47.686 D/nativeloader( 6376): Load libframework-connectivity-tiramisu-jni.so using APEX ns com_android_tethering for caller /apex/com.android.tethering/javalib/framework-connectivity-t.jar: ok
04-26 15:50:47.690 D/BaseActivity( 1219): Launcher flags updated: [state_started] -[state_window_focused]
04-26 15:50:47.695 I/WindowManager(  736): finishDrawing of orientation change: Window{728c45f u0 StatusBar} 299ms
04-26 15:50:47.724 D/CompatChangeReporter( 6376): Compat change id reported: 242716250; UID 10230; state: ENABLED
04-26 15:50:47.729 D/nativeloader( 6376): Configuring clns-9 for other apk /data/app/~~ztv9HGsqGZb-IqOTow_V4A==/com.muonline.client-1dP7sOsagK1DHyUx2zvBcg==/base.apk. target_sdk_version=34, uses_libraries=, library_path=/data/app/~~ztv9HGsqGZb-IqOTow_V4A==/com.muonline.client-1dP7sOsagK1DHyUx2zvBcg==/lib/x86_64:/data/app/~~ztv9HGsqGZb-IqOTow_V4A==/com.muonline.client-1dP7sOsagK1DHyUx2zvBcg==/base.apk!/lib/x86_64, permitted_path=/data:/mnt/expand:/data/user/0/com.muonline.client
04-26 15:50:47.731 E/RoleControllerServiceImpl(  736): Default/fallback role holder package doesn't qualify for the role, package: com.google.android.gms, role: android.app.role.WALLET, user: 0
04-26 15:50:47.734 V/GraphicsEnvironment( 6376): Currently set values for:
04-26 15:50:47.734 V/GraphicsEnvironment( 6376):   angle_gl_driver_selection_pkgs=[]
04-26 15:50:47.734 V/GraphicsEnvironment( 6376):   angle_gl_driver_selection_values=[]
04-26 15:50:47.734 V/GraphicsEnvironment( 6376): com.muonline.client is not listed in per-application setting
04-26 15:50:47.734 V/GraphicsEnvironment( 6376): No special selections for ANGLE, returning default driver choice
04-26 15:50:47.739 V/GraphicsEnvironment( 6376): Neither updatable production driver nor prerelease driver is supported.
04-26 15:50:47.745 W/SignedPackage(  736): Cannot get ApplicationInfo for package: com.google.android.devicelockcontroller
04-26 15:50:47.746 I/AppBackupPkgRemovedIO( 1867): Backup state cleanup on uninstall is disabled. [CONTEXT service_id=229 ]
04-26 15:50:47.754 I/WindowManager(  736): finishDrawing of orientation change: Window{904d21f u0 ScreenDecorOverlay} 358ms
04-26 15:50:47.758 V/RecentTasksController( 1036): Notify recent tasks changed
04-26 15:50:47.759 I/PackageInstalledIntentO( 1867): Test flag v2 is disabled [CONTEXT service_id=469 ]
04-26 15:50:47.762 I/ProximityAuth( 1366): [RecentAppsMediator] Package added: (user=UserHandle{0}) com.muonline.client
04-26 15:50:47.770 I/DisplayManager( 6376): Choreographer implicitly registered for the refresh rate.
04-26 15:50:47.772 V/WindowManager(  736): Sent Transition (#31) createdAt=04-26 15:50:47.322 via request=TransitionRequestInfo { type = CHANGE, triggerTask = null, pipChange = null, remoteTransitionInfo = null, displayChange = DisplayChange { displayId = 0, startAbsBounds = null, endAbsBounds = null, startRotation = 1, endRotation = 0, physicalDisplayChanged = false, disconnectReparentDisplay = -1, endInsetsState = null }, requestedLocation = null, userChange = null, windowingLayerChange = null, fullscreenRequestChange = null, flags = 0, debugId = 31 }
04-26 15:50:47.772 V/WindowManager(  736):     startWCT=WindowContainerTransaction { changes= {} hops= [] flags= 0 errorCallbackToken=null taskFragmentOrganizer=null }
04-26 15:50:47.773 V/WindowManager(  736):     info={id=31 t=CHANGE f=0x0 trk=0 r=[0@Point(0, 0)] c=[
04-26 15:50:47.773 V/WindowManager(  736):         {WCT{RemoteToken{9d54b74 Task{f5121bb #94 type=standard A=10230:com.muonline.client}}} m=OPEN f=MOVE_TO_TOP p=WCT{RemoteToken{c11d292 DefaultTaskDisplayArea@125646128}} leash=Surface(name=Task=94#353)/@0x7824ac8 sb=Rect(0, 0 - 1080, 2400) eb=Rect(0, 0 - 1080, 2400) epz=Point(1080, 2400) d=0 endFixedRotation=1 taskParent=-1 winMode=1 userId=0},
04-26 15:50:47.773 V/WindowManager(  736):         {WCT{RemoteToken{4853fd5 Task{13e540b #1 type=home}}} m=TO_BACK f=SHOW_WALLPAPER p=WCT{RemoteToken{c11d292 DefaultTaskDisplayArea@125646128}} leash=Surface(name=Task=1#34)/@0x499be06 sb=Rect(0, 0 - 2400, 1080) eb=Rect(0, 0 - 1080, 2400) epz=Point(1080, 2400) d=0 r=1->0:-1 taskParent=-1 winMode=1 userId=0},
04-26 15:50:47.773 V/WindowManager(  736):         {WCT{RemoteToken{c11d292 DefaultTaskDisplayArea@125646128}} m=CHANGE f=SHOW_WALLPAPER|FLAG_IS_TASK_DISPLAY_AREA p=WCT{RemoteToken{5194fac AppZoomOut:2:14@13750468}} leash=Surface(name=DefaultTaskDisplayArea#9)/@0x7ec752e sb=Rect(0, 0 - 2400, 1080) eb=Rect(0, 0 - 1080, 2400) epz=Point(1080, 2400) d=0 r=1->0:-1},
04-26 15:50:47.773 V/WindowManager(  736):         {WCT{RemoteToken{5194fac AppZoomOut:2:14@13750468}} m=CHANGE f=SHOW_WALLPAPER p=WCT{RemoteToken{d158475 WindowedMagnification:0:31@119458816}} leash=Surface(name=AppZoomOut:2:14#8)/@0x8565169 sb=Rect(0, 0 - 2400, 1080) eb=Rect(0, 0 - 1080, 2400) epz=Point(1080, 2400) d=0 r=1->0:-1},
04-26 15:50:47.773 V/WindowManager(  736):         {m=TO_BACK f=IS_WALLPAPER p=WCT{RemoteToken{f199 Display{#0 state=ON size=1080x2400 ROTATION_0}}} leash=Surface(name=WallpaperWindowToken{3bea6dd}#54)/@0x4e520e1 sb=Rect(0, 0 - 1080, 2400) eb=Rect(0, 0 - 1080, 2400) epz=Point(1080, 2400) d=0},
04-26 15:50:47.773 V/WindowManager(  736):         {WCT{RemoteToken{d158475 WindowedMagnification:0:31@119458816}} m=CHANGE f=SHOW_WALLPAPER p=WCT{RemoteToken{f199 Display{#0 state=ON size=1080x2400 ROTATION_0}}} leash=Surface(name=WindowedMagnification:0:31#3)/@0x62e2663 sb=Rect(0, 0 - 2400, 1080) eb=Rect(0, 0 - 1080, 2400) epz=Point(1080, 2400) d=0 r=1->0:-1},
04-26 15:50:47.773 V/WindowManager(  736):         {WCT{RemoteToken{f199 Display{#0 state=ON size=1080x2400 ROTATION_0}}} m=CHANGE f=SHOW_WALLPAPER|IS_DISPLAY leash=Surface(name=WindowedMagnification:0:31#3)/@0x62e2663 sb=Rect(0, 0 - 2400, 1080) eb=Rect(0, 0 - 1080, 2400) epz=Point(1080, 2400) d=0 r=1->0:3}
04-26 15:50:47.773 V/WindowManager(  736):     ]}
04-26 15:50:47.774 V/WindowManagerShell( 1036): onTransitionReady(transaction=3161095932625)
04-26 15:50:47.774 V/WindowManagerShell( 1036): onTransitionReady (#31) android.os.BinderProxy@3330d27: {id=31 t=CHANGE f=0x0 trk=0 r=[0@Point(0, 0)] c=[
04-26 15:50:47.774 V/WindowManagerShell( 1036):         {m=OPEN f=MOVE_TO_TOP p=WCT{android.os.BinderProxy@d845049} leash=Surface(name=Task=94#353)/@0xf5e4daa sb=Rect(0, 0 - 1080, 2400) eb=Rect(0, 0 - 1080, 2400) epz=Point(1080, 2400) d=0 endFixedRotation=1 taskParent=-1 winMode=1 userId=0},
04-26 15:50:47.774 V/WindowManagerShell( 1036):         {m=TO_BACK f=SHOW_WALLPAPER p=WCT{android.os.BinderProxy@d845049} leash=Surface(name=Task=1#34)/@0x24d0d9b sb=Rect(0, 0 - 2400, 1080) eb=Rect(0, 0 - 1080, 2400) epz=Point(1080, 2400) d=0 r=1->0:-1 taskParent=-1 winMode=1 userId=0},
04-26 15:50:47.774 V/WindowManagerShell( 1036):         {m=CHANGE f=SHOW_WALLPAPER|FLAG_IS_TASK_DISPLAY_AREA p=WCT{android.os.BinderProxy@38a5576} leash=Surface(name=DefaultTaskDisplayArea#9)/@0x5d63538 sb=Rect(0, 0 - 2400, 1080) eb=Rect(0, 0 - 1080, 2400) epz=Point(1080, 2400) d=0 r=1->0:-1},
04-26 15:50:47.774 V/WindowManagerShell( 1036):         {m=CHANGE f=SHOW_WALLPAPER p=WCT{android.os.BinderProxy@7be5302} leash=Surface(name=AppZoomOut:2:14#8)/@0x1bbe911 sb=Rect(0, 0 - 2400, 1080) eb=Rect(0, 0 - 1080, 2400) epz=Point(1080, 2400) d=0 r=1->0:-1},
04-26 15:50:47.774 V/WindowManagerShell( 1036):         {m=TO_BACK f=IS_WALLPAPER p=WCT{android.os.BinderProxy@9b57942} leash=Surface(name=WallpaperWindowToken{3bea6dd}#54)/@0x22b9a76 sb=Rect(0, 0 - 1080, 2400) eb=Rect(0, 0 - 1080, 2400) epz=Point(1080, 2400) d=0},
04-26 15:50:47.774 V/WindowManagerShell( 1036):         {m=CHANGE f=SHOW_WALLPAPER p=WCT{android.os.BinderProxy@9b57942} leash=Surface(name=WindowedMagnification:0:31#3)/@0x2e4e877 sb=Rect(0, 0 - 2400, 1080) eb=Rect(0, 0 - 1080, 2400) epz=Point(1080, 2400) d=0 r=1->0:-1},
04-26 15:50:47.774 V/WindowManagerShell( 1036):         {m=CHANGE f=SHOW_WALLPAPER|IS_DISPLAY leash=Surface(name=WindowedMagnification:0:31#3)/@0xd556ce4 sb=Rect(0, 0 - 2400, 1080) eb=Rect(0, 0 - 1080, 2400) epz=Point(1080, 2400) d=0 r=1->0:3}
04-26 15:50:47.774 V/WindowManagerShell( 1036):     ]}
04-26 15:50:47.782 I/Fitness ( 1366): (REDACTED) FitCleanupIntentOperation received Intent %s
04-26 15:50:47.783 I/WindowManager(  736): finishDrawing of orientation change: Window{ff56b7a u0 ScreenDecorOverlayBottom} 386ms
04-26 15:50:47.783 W/InputChannel-JNI(  736): Channel already disposed.
04-26 15:50:47.784 V/WindowManagerShell( 1036): Directly starting a new transition type=CHANGE wct=WindowContainerTransaction { changes= {} hops= [] flags= 0 errorCallbackToken=null taskFragmentOrganizer=null } handler=null
04-26 15:50:47.788 I/FontLog ( 1366): (REDACTED) Package %s has no metadata
04-26 15:50:47.793 V/WindowManagerShell( 1036): Playing animation for (#31) android.os.BinderProxy@3330d27@0
04-26 15:50:47.794 V/WindowManagerShell( 1036): PipTransitionState: Set mIsDisplayChangeScheduled=false
04-26 15:50:47.794 D/ShellSplitScreen( 1036): startAnimation: transition=31 isSplitActive=false
04-26 15:50:47.794 V/ShellRecents( 1036): RecentsTransitionHandler.startAnimation: no controller found
04-26 15:50:47.794 V/ShellDesktopMode( 1036): DesktopMixedTransitionHandler: No pending desktop transition
04-26 15:50:47.795 V/WindowManagerShell( 1036): start default transition animation, info = {id=31 t=CHANGE f=0x0 trk=0 r=[0@Point(0, 0)] c=[{m=OPEN f=MOVE_TO_TOP p=WCT{android.os.BinderProxy@d845049} leash=Surface(name=Task=94#353)/@0xf5e4daa sb=Rect(0, 0 - 1080, 2400) eb=Rect(0, 0 - 1080, 2400) epz=Point(1080, 2400) d=0 endFixedRotation=1 taskParent=-1 winMode=1 userId=0},{m=TO_BACK f=SHOW_WALLPAPER p=WCT{android.os.BinderProxy@d845049} leash=Surface(name=Task=1#34)/@0x24d0d9b sb=Rect(0, 0 - 2400, 1080) eb=Rect(0, 0 - 1080, 2400) epz=Point(1080, 2400) d=0 r=1->0:-1 taskParent=-1 winMode=1 userId=0},{m=CHANGE f=SHOW_WALLPAPER|FLAG_IS_TASK_DISPLAY_AREA p=WCT{android.os.BinderProxy@38a5576} leash=Surface(name=DefaultTaskDisplayArea#9)/@0x5d63538 sb=Rect(0, 0 - 2400, 1080) eb=Rect(0, 0 - 1080, 2400) epz=Point(1080, 2400) d=0 r=1->0:-1},{m=CHANGE f=SHOW_WALLPAPER p=WCT{android.os.BinderProxy@7be5302} leash=Surface(name=AppZoomOut:2:14#8)/@0x1bbe911 sb=Rect(0, 0 - 2400, 1080) eb=Rect(0, 0 - 1080, 2400) epz=Point(1080, 2400) d=0 r=1->0:-1},{m=TO_BACK f=IS_WALLPAPER p=WCT{android.os.BinderProxy@9b57942} leash=Surface(name=WallpaperWindowToken{3bea6dd}#54)/@0x22b9a76 sb=Rect(0, 0 - 1080, 2400) eb=Rect(0, 0 - 1080, 2400) epz=Point(1080, 2400) d=0},{m=CHANGE f=SHOW_WALLPAPER p=WCT{android.os.BinderProxy@9b57942} leash=Surface(name=WindowedMagnification:0:31#3)/@0x2e4e877 sb=Rect(0, 0 - 2400, 1080) eb=Rect(0, 0 - 1080, 2400) epz=Point(1080, 2400) d=0 r=1->0:-1},{m=CHANGE f=SHOW_WALLPAPER|IS_DISPLAY leash=Surface(name=WindowedMagnification:0:31#3)/@0xd556ce4 sb=Rect(0, 0 - 2400, 1080) eb=Rect(0, 0 - 1080, 2400) epz=Point(1080, 2400) d=0 r=1->0:3}]}
04-26 15:50:47.795 V/WindowManagerShell( 1036): Display is changing, resolve the animation hint.
04-26 15:50:47.795 V/WindowManagerShell( 1036):   display requests explicit seamless
04-26 15:50:47.796 V/WindowManagerShell( 1036): onTransitionReady(transaction=3161095932682)
04-26 15:50:47.796 V/WindowManager(  736): Sent Transition (#32) createdAt=04-26 15:50:47.784
04-26 15:50:47.796 V/WindowManager(  736):     startWCT=WindowContainerTransaction { changes= {} hops= [] flags= 0 errorCallbackToken=null taskFragmentOrganizer=null }
04-26 15:50:47.796 V/WindowManager(  736):     info={id=32 t=CHANGE f=0x0 trk=0 r=[] c=[]}
04-26 15:50:47.797 D/SsCardRecyclerViewAdapter( 1036): Updating Smartspace targets to targets for Lockscreen
04-26 15:50:47.797 V/WindowManagerShell( 1036): loadAnimation: anim=android.view.animation.AnimationSet@a16f4ac animAttr=0x13 type=CHANGE isEntrance=false
04-26 15:50:47.798 V/WindowManagerShell( 1036): loadAnimation: anim=android.view.animation.AnimationSet@7698bd6 animAttr=0x12 type=CHANGE isEntrance=true
04-26 15:50:47.801 V/WindowManagerShell( 1036):  animated by com.android.wm.shell.transition.DefaultTransitionHandler@11f9e32
04-26 15:50:47.801 V/ShellTaskOrganizer( 1036): Task appeared taskId=94 listener=FullscreenTaskListener
04-26 15:50:47.802 V/ShellTaskOrganizer( 1036): Fullscreen Task Appeared: #94
04-26 15:50:47.804 D/SsCardRecyclerViewAdapter( 1036): Updating Smartspace targets to targets for Lockscreen
04-26 15:50:47.804 W/BcSmartspaceView( 1036): Current card is not present in the Adapter; cannot log.
04-26 15:50:47.805 E/DateSmartspaceView( 1036): No tap action can be set up
04-26 15:50:47.806 W/AlarmManager( 1036): Unrecognized alarm listener com.google.android.systemui.smartspace.KeyguardZenAlarmViewController$showNextAlarm$1@c306cb1
04-26 15:50:47.806 W/AlarmManager( 1036): Unrecognized alarm listener com.google.android.systemui.smartspace.KeyguardZenAlarmViewController$showNextAlarm$1@c306cb1
04-26 15:50:47.806 W/BcSmartspaceView( 1036): Current card is not present in the Adapter; cannot log.
04-26 15:50:47.808 W/BcSmartspaceView( 1036): Current card is not present in the Adapter; cannot log.
04-26 15:50:47.808 V/RecentTasksController( 1036): Notify recent tasks changed
04-26 15:50:47.810 E/DateSmartspaceView( 1036): No tap action can be set up
04-26 15:50:47.811 W/AlarmManager( 1036): Unrecognized alarm listener com.google.android.systemui.smartspace.KeyguardZenAlarmViewController$showNextAlarm$1@c306cb1
04-26 15:50:47.811 W/BcSmartspaceView( 1036): Current card is not present in the Adapter; cannot log.
04-26 15:50:47.813 W/BcSmartspaceView( 1036): Current card is not present in the Adapter; cannot log.
04-26 15:50:47.814 V/RecentTasksController( 1036): generateList(getRecentTasks)
04-26 15:50:47.814 V/RecentTasksController( 1036): initializeDesksMap - allDeskIds: []
04-26 15:50:47.814 V/RecentTasksController( 1036): Task 94 is not an active desktop task
04-26 15:50:47.815 V/RecentTasksController( 1036): Added fullscreen task: 94
04-26 15:50:47.815 V/RecentTasksController( 1036): generateList - complete
04-26 15:50:47.815 V/WindowManagerShell( 1036): onTransitionReady (#32) android.os.BinderProxy@c5fd714: {id=32 t=CHANGE f=0x0 trk=0 r=[] c=[]}
04-26 15:50:47.815 V/WindowManagerShell( 1036): No transition roots in (#32) android.os.BinderProxy@c5fd714@0 so abort
04-26 15:50:47.815 V/WindowManagerShell( 1036): Transition was merged: (#32) android.os.BinderProxy@c5fd714@0 into (#31) android.os.BinderProxy@3330d27@0
04-26 15:50:47.827 I/AiAiEcho( 3743): Predicting[0]:  [CONTEXT sampling_count=5 ]
04-26 15:50:47.827 I/AiAiEcho( 3743): EchoTargets: 
04-26 15:50:47.827 I/AiAiEcho( 3743): Filtered by AiAi flag check: 
04-26 15:50:47.827 I/AiAiEcho( 3743): [CONTEXT ratelimit_period="10 SECONDS" ]
04-26 15:50:47.828 I/AiAiEcho( 3743): #remoteViewsTwiddler: feature disabled.
04-26 15:50:47.828 I/AiAiEcho( 3743): Predicting[0]:  [CONTEXT sampling_count=5 ]
04-26 15:50:47.829 I/Auth    ( 1867): (REDACTED) [SupervisedAccountIntentOperation] onHandleIntent: %s
04-26 15:50:47.830 I/GFXSTREAM( 6376): [eglDisplay.cpp(297)] Opening libGLESv1_CM_emulation.so
04-26 15:50:47.830 I/GFXSTREAM( 6376): [eglDisplay.cpp(297)] Opening libGLESv2_emulation.so
04-26 15:50:47.838 I/PackageInstalledIntentO( 1867): Test flag v2 is disabled [CONTEXT service_id=469 ]
04-26 15:50:47.845 I/NearbyDiscovery( 1867): (REDACTED) processGrantSlicePermission: %s
04-26 15:50:47.851 I/AiAiEcho( 3743): EchoTargets: 
04-26 15:50:47.851 I/AiAiEcho( 3743): Filtered by AiAi flag check: 
04-26 15:50:47.851 I/AiAiEcho( 3743): [CONTEXT ratelimit_period="10 SECONDS" ]
04-26 15:50:47.851 W/HWUI    ( 6376): Failed to choose config with EGL_SWAP_BEHAVIOR_PRESERVED, retrying without...
04-26 15:50:47.852 W/HWUI    ( 6376): Failed to initialize 101010-2 format, error = EGL_SUCCESS
04-26 15:50:47.859 D/DesktopExperienceFlags( 6376): Toggle override initialized to: false
04-26 15:50:47.860 D/DesktopModeFlags( 6376): Toggle override initialized to: OVERRIDE_UNSET
04-26 15:50:47.861 I/AiAiEcho( 3743): #remoteViewsTwiddler: feature disabled.
04-26 15:50:47.862 I/AiAiEcho( 3743): #postPredictionTargets: Sending updates to UISurface lockscreen with targets# 0 (types=[])
04-26 15:50:47.862 I/AiAiEcho( 3743): #postPredictionTargets: Sending updates to UISurface home with targets# 0 (types=[])
04-26 15:50:47.873 I/AiAiEcho( 3743): Predicting[0]:  [CONTEXT sampling_count=5 ]
04-26 15:50:47.873 I/AiAiEcho( 3743): EchoTargets: 
04-26 15:50:47.873 I/AiAiEcho( 3743): Filtered by AiAi flag check: 
04-26 15:50:47.873 I/AiAiEcho( 3743): [CONTEXT ratelimit_period="10 SECONDS" ]
04-26 15:50:47.874 I/AiAiEcho( 3743): #remoteViewsTwiddler: feature disabled.
04-26 15:50:47.874 I/AiAiEcho( 3743): Predicting[0]:  [CONTEXT sampling_count=5 ]
04-26 15:50:47.874 I/AiAiEcho( 3743): EchoTargets: 
04-26 15:50:47.874 I/AiAiEcho( 3743): Filtered by AiAi flag check: 
04-26 15:50:47.874 I/AiAiEcho( 3743): [CONTEXT ratelimit_period="10 SECONDS" ]
04-26 15:50:47.874 I/AiAiEcho( 3743): #remoteViewsTwiddler: feature disabled.
04-26 15:50:47.875 I/AiAiEcho( 3743): #postPredictionTargets: Sending updates to UISurface lockscreen with targets# 0 (types=[])
04-26 15:50:47.876 I/AiAiEcho( 3743): #postPredictionTargets: Sending updates to UISurface home with targets# 0 (types=[])
04-26 15:50:47.876 D/RecentTasksList( 1219): invalidateLoadedTasks - previous requestLoadId: -1
04-26 15:50:47.878 D/RecentTasksList( 1219): invalidateLoadedTasks - previous requestLoadId: -1
04-26 15:50:47.878 D/LauncherAmbientCueVM( 1219): Debounced empty action: updating state
04-26 15:50:47.887 D/SsBaseTemplateCard( 1219): Passed-in item info is null
04-26 15:50:47.887 D/SsBaseTemplateCard( 1219): Passed-in item info is null
04-26 15:50:47.888 D/SsBaseTemplateCard( 1219): Passed-in item info is null
04-26 15:50:47.888 D/SsBaseTemplateCard( 1219): Passed-in item info is null
04-26 15:50:47.888 I/SsBaseTemplateCard( 1219): Secondary card pane is null
04-26 15:50:47.890 I/AiAiEcho( 3743): Predicting[0]:  [CONTEXT sampling_count=5 ]
04-26 15:50:47.890 I/AiAiEcho( 3743): EchoTargets: 
04-26 15:50:47.890 I/AiAiEcho( 3743): Filtered by AiAi flag check: 
04-26 15:50:47.890 I/AiAiEcho( 3743): [CONTEXT ratelimit_period="10 SECONDS" ]
04-26 15:50:47.893 I/AiAiEcho( 3743): #remoteViewsTwiddler: feature disabled.
04-26 15:50:47.893 I/AiAiEcho( 3743): Predicting[0]:  [CONTEXT sampling_count=5 ]
04-26 15:50:47.893 I/AiAiEcho( 3743): EchoTargets: 
04-26 15:50:47.893 I/AiAiEcho( 3743): Filtered by AiAi flag check: 
04-26 15:50:47.893 I/AiAiEcho( 3743): [CONTEXT ratelimit_period="10 SECONDS" ]
04-26 15:50:47.897 W/skia    (  566): AGTM parsing failed flags.readFromStream(s) at 159
04-26 15:50:47.897 W/skia    (  566): AGTM parsing failed flags.readFromStream(s) at 159
04-26 15:50:47.902 I/AiAiEcho( 3743): #remoteViewsTwiddler: feature disabled.
04-26 15:50:47.903 I/AiAiEcho( 3743): #postPredictionTargets: Sending updates to UISurface lockscreen with targets# 0 (types=[])
04-26 15:50:47.903 I/AiAiEcho( 3743): #postPredictionTargets: Sending updates to UISurface home with targets# 0 (types=[])
04-26 15:50:47.905 W/KeyguardRootViewBinder( 1036): Skipping onNotificationContainerBoundsChanged during transition
04-26 15:50:47.906 I/AiAiEcho( 3743): Predicting[0]:  [CONTEXT sampling_count=5 ]
04-26 15:50:47.906 I/AiAiEcho( 3743): EchoTargets: 
04-26 15:50:47.906 I/AiAiEcho( 3743): Filtered by AiAi flag check: 
04-26 15:50:47.906 I/AiAiEcho( 3743): [CONTEXT ratelimit_period="10 SECONDS" ]
04-26 15:50:47.906 I/AiAiEcho( 3743): #remoteViewsTwiddler: feature disabled.
04-26 15:50:47.906 I/AiAiEcho( 3743): Predicting[0]:  [CONTEXT sampling_count=5 ]
04-26 15:50:47.907 I/AiAiEcho( 3743): EchoTargets: 
04-26 15:50:47.907 I/AiAiEcho( 3743): Filtered by AiAi flag check: 
04-26 15:50:47.907 I/AiAiEcho( 3743): [CONTEXT ratelimit_period="10 SECONDS" ]
04-26 15:50:47.914 I/AiAiEcho( 3743): #remoteViewsTwiddler: feature disabled.
04-26 15:50:47.922 W/HWUI    ( 6376): Unknown dataspace 0
04-26 15:50:47.924 I/AiAiEcho( 3743): #postPredictionTargets: Sending updates to UISurface lockscreen with targets# 0 (types=[])
04-26 15:50:47.929 D/InsetsController( 6376): Setting requestedVisibleTypes to 496 (was 503)
04-26 15:50:47.930 I/AiAiEcho( 3743): #postPredictionTargets: Sending updates to UISurface home with targets# 0 (types=[])
04-26 15:50:47.932 W/InputChannel-JNI(  736): Channel already disposed.
04-26 15:50:47.940 I/Icing   ( 1867): IndexChimeraService.getServiceInterface callingPackage=com.google.android.gms componentName=AppsCorpus serviceId=36
04-26 15:50:47.943 D/VRI[PreloadActivity]( 6376): WindowInsets changed: 2268x1080 statusBars:[0,74,0,0] navigationBars:[0,0,0,63] mandatorySystemGestures:[0,74,0,84] 
04-26 15:50:47.943 D/WindowOnBackDispatcher( 6376): setTopOnBackInvokedCallback (unwrapped): android.view.ViewRootImpl$$ExternalSyntheticLambda13@7a716e3
04-26 15:50:47.943 I/HWUI    ( 6376): Using FreeType backend (prop=Auto)
04-26 15:50:47.945 D/CoreBackPreview(  736): Window{168f16e u0 com.muonline.client/com.muonline.client.PreloadActivity}: Setting back callback OnBackInvokedCallbackInfo{mCallback=android.window.IOnBackInvokedCallback$Stub$Proxy@1c6c421, mPriority=0, mIsAnimationCallback=false, mOverrideBehavior=0}
04-26 15:50:47.946 D/WindowManager(  736): setClientSurface Surface(name=VRI-com.muonline.client/com.muonline.client.PreloadActivity#364)/@0x3e9c046 for 168f16e com.muonline.client/com.muonline.client.PreloadActivity
04-26 15:50:47.951 I/Surface ( 6376): Creating surface for consumer unnamed-6376-0 with slotExpansion=1 for 64 slots
04-26 15:50:47.954 I/Surface ( 6376): Creating surface for consumer VRI[PreloadActivity]#0(BLAST Consumer)0 with slotExpansion=1 for 64 slots
04-26 15:50:47.955 D/VRI[PreloadActivity]( 6376): WindowInsets changed: statusBars:null navigationBars:null 
04-26 15:50:47.956 D/SsBaseTemplateCard( 1219): Passed-in item info is null
04-26 15:50:47.956 D/SsBaseTemplateCard( 1219): Passed-in item info is null
04-26 15:50:47.956 D/SsBaseTemplateCard( 1219): Passed-in item info is null
04-26 15:50:47.956 D/SsBaseTemplateCard( 1219): Passed-in item info is null
04-26 15:50:47.956 I/SsBaseTemplateCard( 1219): Secondary card pane is null
04-26 15:50:47.964 E/AppOps  (  736): attributionTag VCN not declared in manifest of android
04-26 15:50:47.990 I/MuPreload( 6376): Check data root: /storage/emulated/0/Android/data/com.muonline.client/files existingDataDir=/storage/emulated/0/Android/data/com.muonline.client/files/Data usable=true marker=true
04-26 15:50:47.995 D/BoundBrokerSvc( 1867): onBind: Intent { act=com.google.android.gms.feedback.internal.IFeedbackService dat=chimera-action:/... xflg=0x4 cmp=com.google.android.gms/.chimera.GmsBoundBrokerService }
04-26 15:50:47.995 D/BoundBrokerSvc( 1867): Loading bound service for intent: Intent { act=com.google.android.gms.feedback.internal.IFeedbackService dat=chimera-action:/... xflg=0x4 cmp=com.google.android.gms/.chimera.GmsBoundBrokerService }
04-26 15:50:47.997 W/skia    (  566): AGTM parsing failed flags.readFromStream(s) at 159
04-26 15:50:47.997 W/skia    (  566): AGTM parsing failed flags.readFromStream(s) at 159
04-26 15:50:48.006 D/SsBaseTemplateCard( 1219): Passed-in item info is null
04-26 15:50:48.007 D/SsBaseTemplateCard( 1219): Passed-in item info is null
04-26 15:50:48.007 D/SsBaseTemplateCard( 1219): Passed-in item info is null
04-26 15:50:48.007 D/SsBaseTemplateCard( 1219): Passed-in item info is null
04-26 15:50:48.007 I/SsBaseTemplateCard( 1219): Secondary card pane is null
04-26 15:50:48.009 I/libbinder.BpBinder(  566): onLastStrongRef automatically unlinking death recipients for binder (0x7eaa3605fcd0) with descriptor: '(not cached)'
04-26 15:50:48.022 I/MuPreload( 6376): Skip download, usable data exists: /storage/emulated/0/Android/data/com.muonline.client/files/Data markerWasPresent=true
04-26 15:50:48.029 W/SQLiteLog( 1867): (28) double-quoted string literal: "com.muonline.client"
04-26 15:50:48.064 I/Icing   ( 1867): Usage reports ok 1, Failed Usage reports 0, indexed 0, rejected 0
04-26 15:50:48.067 I/Icing   ( 1867): IndexChimeraService.getServiceInterface callingPackage=com.google.android.gms componentName=null serviceId=30
04-26 15:50:48.082 I/ActivityTaskManager(  736): Displayed com.muonline.client/.PreloadActivity for user 0: +545ms
04-26 15:50:48.085 I/HalDevMgr(  736): bestIfaceCreationProposal is null, requestIface=STA, existingIface=[name=wlan0 type=STA]
04-26 15:50:48.106 D/IpClient/wlan0( 1160): interfaceLinkStateChanged: ifindex 16 up
04-26 15:50:48.114 D/IpClient/wlan0( 1160): interfaceLinkStateChanged: ifindex 16 up
04-26 15:50:48.115 I/ImeTracker(  736): com.muonline.client:c31bfb29: onRequestHide at ORIGIN_SERVER reason HIDE_UNSPECIFIED_WINDOW fromUser false userId 0 displayId 0
04-26 15:50:48.117 D/InsetsController( 6376): hide(ime())
04-26 15:50:48.117 I/ImeTracker( 6376): com.muonline.client:c31bfb29: onCancelled at PHASE_CLIENT_ALREADY_HIDDEN
