04-26 23:09:53.907  2780 18838 I artd    : GetBestInfo: /data/user_de/0/com.google.android.gms/app_chimera/m/00000015/dl-MlkitBarcodeUi.optional_261332100800.apk has no usable artifacts
04-26 23:09:53.910  2780 18838 I artd    : GetBestInfo: /data/user_de/0/com.google.android.gms/app_chimera/m/00000009/dl-MlkitOcrCommon.optional_260235100800.apk has no usable artifacts
04-26 23:09:53.912  2780 18838 I artd    : GetBestInfo: vdex next to the dex file (/data/user/0/com.google.android.gms/app_dg_cache/CE973E4DE823F0AA69070767A9FABB590DDD455C/oat/x86_64/the.vdex) is kOatUpToDate with filter 'verify' executable 'false'
04-26 23:09:53.914  2780 18838 I artd    : GetBestInfo: /data/user_de/0/com.google.android.gms/app_chimera/m/00000007/MeasurementDynamite.apk has no usable artifacts
04-26 23:09:53.977 26147 26175 V ClearcutMetricXmitter: Transmission is done.
04-26 23:09:54.285 26043 26121 I MuMain  : PERF fps=50.3 frameMs=19.90 phase(render=18.96 pad=0.02 present=0.83) renderLevel=4 fxScale=1.00 maxMsg=30 avg(draw=236 verts=90361 im=1969 vaD=0 vaC=0 qI=158 qE=0) max(draw=246 verts=92196)
04-26 23:09:54.285 26043 26121 I MuMain  : PERF_SCENE world=73 char(live=0 vis=0 ply=0 mon=0 npc=0 pet=0 prio=0 topMon=-1 x0) obj(live=375 vis=57 op=0 trap=0 topObj=129 x7)
04-26 23:09:54.285 26043 26121 I MuMain  : PERF_BUCKET objMove(cand=0 upd=0 def=0 n=0 m=0 f=0) objRender(cand=0 draw=0 cull=0 n=0 m=0 f=0 visDraw=0 visDef=0) charMove(cand=0 upd=0 def=0 n=0 m=0 f=0) charRender(cand=0 draw=0 def=0 cull=0 n=0 m=0 f=0)
04-26 23:09:54.285 26043 26121 I MuMain  : PERF_TERRAIN world=73 normal(block=0 tile=0) grass(block=0 tile=0) after(block=0 tile=0)
04-26 23:09:54.803 26043 26121 I MuMain  : ADAPT fx scale: fps=46.0 frameMs=21.74 1.00->0.90 target=0.90
04-26 23:09:55.327 26043 26121 I MuMain  : PERF fps=43.4 frameMs=23.07 phase(render=22.00 pad=0.05 present=0.83) renderLevel=4 fxScale=1.00 maxMsg=30 avg(draw=302 verts=87286 im=2172 vaD=0 vaC=0 qI=228 qE=0) max(draw=313 verts=92286)
04-26 23:09:55.327 26043 26121 I MuMain  : PERF_SCENE world=73 char(live=0 vis=0 ply=0 mon=0 npc=0 pet=0 prio=0 topMon=-1 x0) obj(live=375 vis=106 op=0 trap=0 topObj=146 x8)
04-26 23:09:55.327 26043 26121 I MuMain  : PERF_BUCKET objMove(cand=0 upd=0 def=0 n=0 m=0 f=0) objRender(cand=0 draw=0 cull=0 n=0 m=0 f=0 visDraw=0 visDef=0) charMove(cand=0 upd=0 def=0 n=0 m=0 f=0) charRender(cand=0 draw=0 def=0 cull=0 n=0 m=0 f=0)
04-26 23:09:55.327 26043 26121 I MuMain  : PERF_TERRAIN world=73 normal(block=0 tile=0) grass(block=0 tile=0) after(block=0 tile=0)
04-26 23:09:56.112 26043 26121 I MuMain  : ADAPT fx scale: fps=39.5 frameMs=25.30 1.00->0.90 target=0.90
04-26 23:09:56.215   736   921 I HalDevMgr: bestIfaceCreationProposal is null, requestIface=STA, existingIface=[name=wlan0 type=STA]
04-26 23:09:56.259 26043 26053 I muonline.client: Background concurrent mark compact GC freed 3595KB AllocSpace bytes, 0(0B) LOS objects, 49% free, 2681KB/5363KB, paused 1.538ms,8.208ms total 22.463ms
04-26 23:09:56.317  1016  1016 I wpa_supplicant: wlan0: CTRL-EVENT-BEACON-LOSS 
04-26 23:09:56.368 26043 26121 I MuMain  : PERF fps=42.9 frameMs=23.33 phase(render=22.13 pad=0.12 present=1.01) renderLevel=4 fxScale=1.00 maxMsg=30 avg(draw=299 verts=88652 im=2001 vaD=0 vaC=0 qI=222 qE=0) max(draw=314 verts=93396)
04-26 23:09:56.369 26043 26121 I MuMain  : PERF_SCENE world=73 char(live=0 vis=0 ply=0 mon=0 npc=0 pet=0 prio=0 topMon=-1 x0) obj(live=375 vis=105 op=0 trap=0 topObj=79 x14)
04-26 23:09:56.369 26043 26121 I MuMain  : PERF_BUCKET objMove(cand=0 upd=0 def=0 n=0 m=0 f=0) objRender(cand=0 draw=0 cull=0 n=0 m=0 f=0 visDraw=0 visDef=0) charMove(cand=0 upd=0 def=0 n=0 m=0 f=0) charRender(cand=0 draw=0 def=0 cull=0 n=0 m=0 f=0)
04-26 23:09:56.369 26043 26121 I MuMain  : PERF_TERRAIN world=73 normal(block=0 tile=0) grass(block=0 tile=0) after(block=0 tile=0)
04-26 23:09:57.411 26043 26121 I MuMain  : PERF fps=48.2 frameMs=20.75 phase(render=19.77 pad=0.02 present=0.86) renderLevel=4 fxScale=1.00 maxMsg=30 avg(draw=260 verts=82272 im=1853 vaD=0 vaC=0 qI=189 qE=0) max(draw=265 verts=85500)
04-26 23:09:57.412 26043 26121 I MuMain  : PERF_SCENE world=73 char(live=0 vis=0 ply=0 mon=0 npc=0 pet=0 prio=0 topMon=-1 x0) obj(live=375 vis=88 op=0 trap=0 topObj=79 x12)
04-26 23:09:57.412 26043 26121 I MuMain  : PERF_BUCKET objMove(cand=0 upd=0 def=0 n=0 m=0 f=0) objRender(cand=0 draw=0 cull=0 n=0 m=0 f=0 visDraw=0 visDef=0) charMove(cand=0 upd=0 def=0 n=0 m=0 f=0) charRender(cand=0 draw=0 def=0 cull=0 n=0 m=0 f=0)
04-26 23:09:57.412 26043 26121 I MuMain  : PERF_TERRAIN world=73 normal(block=0 tile=0) grass(block=0 tile=0) after(block=0 tile=0)
04-26 23:09:57.665 26043 26121 I MuMain  : ADAPT fx scale: fps=47.4 frameMs=21.09 1.00->0.90 target=0.90
04-26 23:09:57.959   736   931 D InetDiagMessage: Destroyed 0 sockets, proto=IPPROTO_TCP, family=AF_INET, states=14
04-26 23:09:57.961   736   931 D InetDiagMessage: Destroyed 0 sockets, proto=IPPROTO_TCP, family=AF_INET6, states=14
04-26 23:09:57.961   736   931 D InetDiagMessage: Destroyed live tcp sockets for uids={10220} in 2ms
04-26 23:09:57.961   736   931 D InetDiagMessage: Destroyed 0 sockets, proto=IPPROTO_TCP, family=AF_INET, states=14
04-26 23:09:57.962   736   931 D InetDiagMessage: Destroyed 0 sockets, proto=IPPROTO_TCP, family=AF_INET6, states=14
04-26 23:09:57.962   736   931 D InetDiagMessage: Destroyed live tcp sockets for uids={20220} in 1ms
04-26 23:09:57.967   736   931 D InetDiagMessage: Destroyed 0 sockets, proto=IPPROTO_TCP, family=AF_INET, states=14
04-26 23:09:57.968   736   931 D InetDiagMessage: Destroyed 0 sockets, proto=IPPROTO_TCP, family=AF_INET6, states=14
04-26 23:09:57.968   736   931 D InetDiagMessage: Destroyed live tcp sockets for uids={10174} in 6ms
04-26 23:09:57.968   736   931 D InetDiagMessage: Destroyed 0 sockets, proto=IPPROTO_TCP, family=AF_INET, states=14
04-26 23:09:57.969   736   931 D InetDiagMessage: Destroyed 0 sockets, proto=IPPROTO_TCP, family=AF_INET6, states=14
04-26 23:09:57.969   736   931 D InetDiagMessage: Destroyed live tcp sockets for uids={20174} in 0ms
04-26 23:09:57.970   736   931 D InetDiagMessage: Destroyed 2 sockets, proto=IPPROTO_TCP, family=AF_INET, states=14
04-26 23:09:57.970   736   931 D InetDiagMessage: Destroyed 0 sockets, proto=IPPROTO_TCP, family=AF_INET6, states=14
04-26 23:09:57.970   736   931 D InetDiagMessage: Destroyed live tcp sockets for uids={10163} in 1ms
04-26 23:09:57.972   736   931 D InetDiagMessage: Destroyed 0 sockets, proto=IPPROTO_TCP, family=AF_INET, states=14
04-26 23:09:57.972   736   931 D InetDiagMessage: Destroyed 0 sockets, proto=IPPROTO_TCP, family=AF_INET6, states=14
04-26 23:09:57.973   736   931 D InetDiagMessage: Destroyed live tcp sockets for uids={20163} in 2ms
04-26 23:09:57.974   736   931 D InetDiagMessage: Destroyed 0 sockets, proto=IPPROTO_TCP, family=AF_INET, states=14
04-26 23:09:57.974   736   931 D InetDiagMessage: Destroyed 0 sockets, proto=IPPROTO_TCP, family=AF_INET6, states=14
04-26 23:09:57.975   736   931 D InetDiagMessage: Destroyed live tcp sockets for uids={10160} in 1ms
04-26 23:09:57.975   736   931 D InetDiagMessage: Destroyed 0 sockets, proto=IPPROTO_TCP, family=AF_INET, states=14
04-26 23:09:57.976   736   931 D InetDiagMessage: Destroyed 0 sockets, proto=IPPROTO_TCP, family=AF_INET6, states=14
04-26 23:09:57.976   736   931 D InetDiagMessage: Destroyed live tcp sockets for uids={20160} in 1ms
04-26 23:09:58.366   560   624 D AF::Track: interceptBuffer: took 890us to intercept 0 tracks
04-26 23:09:58.448 26043 26121 I MuMain  : PERF fps=57.3 frameMs=17.46 phase(render=16.56 pad=0.02 present=0.78) renderLevel=4 fxScale=1.00 maxMsg=30 avg(draw=215 verts=59309 im=1657 vaD=0 vaC=0 qI=159 qE=0) max(draw=232 verts=60978)
04-26 23:09:58.448 26043 26121 I MuMain  : PERF_SCENE world=73 char(live=0 vis=0 ply=0 mon=0 npc=0 pet=0 prio=0 topMon=-1 x0) obj(live=375 vis=76 op=0 trap=0 topObj=79 x13)
04-26 23:09:58.448 26043 26121 I MuMain  : PERF_BUCKET objMove(cand=0 upd=0 def=0 n=0 m=0 f=0) objRender(cand=0 draw=0 cull=0 n=0 m=0 f=0 visDraw=0 visDef=0) charMove(cand=0 upd=0 def=0 n=0 m=0 f=0) charRender(cand=0 draw=0 def=0 cull=0 n=0 m=0 f=0)
04-26 23:09:58.448 26043 26121 I MuMain  : PERF_TERRAIN world=73 normal(block=0 tile=0) grass(block=0 tile=0) after(block=0 tile=0)
04-26 23:09:58.570   560   624 D AF::Track: interceptBuffer: took 619us to intercept 0 tracks
04-26 23:09:59.226   736   921 I HalDevMgr: bestIfaceCreationProposal is null, requestIface=STA, existingIface=[name=wlan0 type=STA]
04-26 23:09:59.456   623 16120 W libbinder.IPCThreadState: Sending oneway calls to frozen process.
04-26 23:09:59.473  4164  4164 I Finsky  : [2] Memory trim requested to level 40
04-26 23:09:59.473  4164  4164 I Finsky  : [2] Flushing in-memory image cache
04-26 23:09:59.475  4276  4276 I Finsky:background: [2] Memory trim requested to level 40
04-26 23:09:59.476   623 19057 W libbinder.IPCThreadState: Sending oneway calls to frozen process.
04-26 23:09:59.476 26043 26121 I MuMain  : PERF fps=54.6 frameMs=18.33 phase(render=17.32 pad=0.03 present=0.89) renderLevel=4 fxScale=1.00 maxMsg=30 avg(draw=210 verts=71502 im=1540 vaD=0 vaC=0 qI=145 qE=0) max(draw=216 verts=72576)
04-26 23:09:59.476 26043 26121 I MuMain  : PERF_SCENE world=73 char(live=0 vis=0 ply=0 mon=0 npc=0 pet=0 prio=0 topMon=-1 x0) obj(live=375 vis=45 op=0 trap=0 topObj=146 x7)
04-26 23:09:59.476 26043 26121 I MuMain  : PERF_BUCKET objMove(cand=0 upd=0 def=0 n=0 m=0 f=0) objRender(cand=0 draw=0 cull=0 n=0 m=0 f=0 visDraw=0 visDef=0) charMove(cand=0 upd=0 def=0 n=0 m=0 f=0) charRender(cand=0 draw=0 def=0 cull=0 n=0 m=0 f=0)
04-26 23:09:59.476 26043 26121 I MuMain  : PERF_TERRAIN world=73 normal(block=0 tile=0) grass(block=0 tile=0) after(block=0 tile=0)
04-26 23:09:59.931  1203  1331 D SatelliteController: isInCarrierRoamingNbIotNtn: satellite is disabled
04-26 23:09:59.931  1203  1331 D SatelliteController: getCarrierRoamingNtnConnectType: Checking connect type from PLMN config for subId: 1
04-26 23:09:59.936  1203  1331 D SatelliteController: getSatellitePerPlmnConfiguration: invalid subId or not supported via carrier.
04-26 23:09:59.936  1203  1331 D SatelliteController: getCarrierRoamingNtnConnectType: config: null
04-26 23:09:59.936  1203  1331 D SatelliteController: getCarrierRoamingNtnConnectType: Falling back to global carrier config connect type: 0
04-26 23:09:59.937  1203  1331 D SatelliteController: updateLastNotifiedCarrierRoamingNtnSignalStrengthAndNotify(1)
04-26 23:09:59.937  1203  1331 D SatelliteController: updateLastNotifiedCarrierRoamingNtnSignalStrengthAndNotify(1) lastNotifiedSignalStrength level: 0
04-26 23:09:59.937  1203  1331 D SatelliteController: updateLastNotifiedCarrierRoamingNtnSignalStrengthAndNotify(1) currSignalStrength level: 0
04-26 23:10:00.510 26043 26121 I MuMain  : PERF fps=50.9 frameMs=19.66 phase(render=18.64 pad=0.04 present=0.90) renderLevel=4 fxScale=1.00 maxMsg=30 avg(draw=246 verts=62621 im=1405 vaD=0 vaC=0 qI=175 qE=0) max(draw=256 verts=64533)
04-26 23:10:00.510 26043 26121 I MuMain  : PERF_SCENE world=73 char(live=0 vis=0 ply=0 mon=0 npc=0 pet=0 prio=0 topMon=-1 x0) obj(live=375 vis=83 op=0 trap=0 topObj=20 x10)
04-26 23:10:00.510 26043 26121 I MuMain  : PERF_BUCKET objMove(cand=0 upd=0 def=0 n=0 m=0 f=0) objRender(cand=0 draw=0 cull=0 n=0 m=0 f=0 visDraw=0 visDef=0) charMove(cand=0 upd=0 def=0 n=0 m=0 f=0) charRender(cand=0 draw=0 def=0 cull=0 n=0 m=0 f=0)
04-26 23:10:00.510 26043 26121 I MuMain  : PERF_TERRAIN world=73 normal(block=0 tile=0) grass(block=0 tile=0) after(block=0 tile=0)
04-26 23:10:00.740   736  1095 D ConnectivityService: requestNetwork for uid/pid:10163/4432 activeRequest: null callbackRequest: 252 [NetworkRequest [ REQUEST id=253, [ Capabilities: INTERNET&NOT_RESTRICTED&TRUSTED&NOT_VCN_MANAGED&NOT_BANDWIDTH_CONSTRAINED Uid: 10163 RequestorUid: 10163 RequestorPkg: com.android.chrome UnderlyingNetworks: Null] ]] callback flags: 0 order: 2147483647 isUidTracked: false declaredMethods: AVAIL|LOST|NC|LP
04-26 23:10:00.742   736   921 D WifiNetworkFactory: got request NetworkRequest [ REQUEST id=253, [ Capabilities: INTERNET&NOT_RESTRICTED&TRUSTED&NOT_VCN_MANAGED&NOT_BANDWIDTH_CONSTRAINED Uid: 10163 RequestorUid: 10163 RequestorPkg: com.android.chrome UnderlyingNetworks: Null] ]
04-26 23:10:00.742   736   921 D UntrustedWifiNetworkFactory: got request NetworkRequest [ REQUEST id=253, [ Capabilities: INTERNET&NOT_RESTRICTED&TRUSTED&NOT_VCN_MANAGED&NOT_BANDWIDTH_CONSTRAINED Uid: 10163 RequestorUid: 10163 RequestorPkg: com.android.chrome UnderlyingNetworks: Null] ]
04-26 23:10:00.742   736   921 D OemPaidWifiNetworkFactory: got request NetworkRequest [ REQUEST id=253, [ Capabilities: INTERNET&NOT_RESTRICTED&TRUSTED&NOT_VCN_MANAGED&NOT_BANDWIDTH_CONSTRAINED Uid: 10163 RequestorUid: 10163 RequestorPkg: com.android.chrome UnderlyingNetworks: Null] ]
04-26 23:10:00.742   736   921 D MultiInternetWifiNetworkFactory: got request NetworkRequest [ REQUEST id=253, [ Capabilities: INTERNET&NOT_RESTRICTED&TRUSTED&NOT_VCN_MANAGED&NOT_BANDWIDTH_CONSTRAINED Uid: 10163 RequestorUid: 10163 RequestorPkg: com.android.chrome UnderlyingNetworks: Null] ]
04-26 23:10:00.742   736   931 D ConnectivityService: NetReassign [253 : null → 100] [c 0] [a 1] [i 1]
04-26 23:10:00.747   736   931 D ConnectivityService: NetReassign [no changes] [c 1] [a 0] [i 1]
04-26 23:10:00.761 26043 26121 I MuMain  : ADAPT fx scale: fps=47.7 frameMs=20.96 1.00->0.90 target=0.90
04-26 23:10:01.461 14925 14925 D BoundBrokerSvc: onUnbind: Intent { act=com.google.android.gms.feedback.internal.IFeedbackService dat=chimera-action:/... xflg=0x4 cmp=com.google.android.gms/.chimera.GmsBoundBrokerService }
04-26 23:10:01.523 26043 26121 I MuMain  : PERF fps=39.4 frameMs=25.37 phase(render=24.17 pad=0.05 present=1.10) renderLevel=4 fxScale=1.00 maxMsg=30 avg(draw=365 verts=57724 im=1481 vaD=0 vaC=0 qI=176 qE=0) max(draw=372 verts=62745)
04-26 23:10:01.523 26043 26121 I MuMain  : PERF_SCENE world=73 char(live=0 vis=0 ply=0 mon=0 npc=0 pet=0 prio=0 topMon=-1 x0) obj(live=375 vis=132 op=0 trap=0 topObj=79 x13)
04-26 23:10:01.523 26043 26121 I MuMain  : PERF_BUCKET objMove(cand=0 upd=0 def=0 n=0 m=0 f=0) objRender(cand=0 draw=0 cull=0 n=0 m=0 f=0 visDraw=0 visDef=0) charMove(cand=0 upd=0 def=0 n=0 m=0 f=0) charRender(cand=0 draw=0 def=0 cull=0 n=0 m=0 f=0)
04-26 23:10:01.524 26043 26121 I MuMain  : PERF_TERRAIN world=73 normal(block=0 tile=0) grass(block=0 tile=0) after(block=0 tile=0)
04-26 23:10:02.041 26043 26121 I MuMain  : ADAPT fx scale: fps=38.3 frameMs=26.12 1.00->0.90 target=0.90
04-26 23:10:02.155  1366  1366 D BoundBrokerSvc: onUnbind: Intent { act=com.google.android.gms.libs.gmscorelogger.service.START dat=chimera-action:/... xflg=0x4 cmp=com.google.android.gms/.chimera.PersistentDirectBootAwareApiService }
04-26 23:10:02.237   736   921 I HalDevMgr: bestIfaceCreationProposal is null, requestIface=STA, existingIface=[name=wlan0 type=STA]
04-26 23:10:02.574 26043 26121 I MuMain  : PERF fps=37.9 frameMs=26.36 phase(render=25.44 pad=0.02 present=0.79) renderLevel=4 fxScale=1.00 maxMsg=30 avg(draw=387 verts=62912 im=1385 vaD=0 vaC=0 qI=194 qE=0) max(draw=395 verts=64044)
04-26 23:10:02.574 26043 26121 I MuMain  : PERF_SCENE world=73 char(live=0 vis=0 ply=0 mon=0 npc=0 pet=0 prio=0 topMon=-1 x0) obj(live=375 vis=180 op=0 trap=0 topObj=155 x19)
04-26 23:10:02.574 26043 26121 I MuMain  : PERF_BUCKET objMove(cand=0 upd=0 def=0 n=0 m=0 f=0) objRender(cand=0 draw=0 cull=0 n=0 m=0 f=0 visDraw=0 visDef=0) charMove(cand=0 upd=0 def=0 n=0 m=0 f=0) charRender(cand=0 draw=0 def=0 cull=0 n=0 m=0 f=0)
04-26 23:10:02.574 26043 26121 I MuMain  : PERF_TERRAIN world=73 normal(block=0 tile=0) grass(block=0 tile=0) after(block=0 tile=0)
04-26 23:10:02.989   736   862 D ActivityManager: freezing 26147 com.google.android.deskclock
04-26 23:10:02.992   736   931 D InetDiagMessage: Destroyed 0 sockets, proto=IPPROTO_TCP, family=AF_INET, states=14
04-26 23:10:02.992   736   931 D InetDiagMessage: Destroyed 0 sockets, proto=IPPROTO_TCP, family=AF_INET6, states=14
04-26 23:10:02.992   736   931 D InetDiagMessage: Destroyed live tcp sockets for uids={10174} in 2ms
04-26 23:10:03.405 26043 26121 I MuMain  : ADAPT fx scale: fps=32.0 frameMs=31.25 1.00->0.90 target=0.80
04-26 23:10:03.680 26043 26121 I MuMain  : PERF fps=32.7 frameMs=30.56 phase(render=29.56 pad=0.02 present=0.92) renderLevel=4 fxScale=1.00 maxMsg=30 avg(draw=462 verts=49588 im=1445 vaD=0 vaC=0 qI=194 qE=0) max(draw=472 verts=51024)
04-26 23:10:03.680 26043 26121 I MuMain  : PERF_SCENE world=73 char(live=0 vis=0 ply=0 mon=0 npc=0 pet=0 prio=0 topMon=-1 x0) obj(live=375 vis=184 op=0 trap=0 topObj=155 x22)
04-26 23:10:03.680 26043 26121 I MuMain  : PERF_BUCKET objMove(cand=0 upd=0 def=0 n=0 m=0 f=0) objRender(cand=0 draw=0 cull=0 n=0 m=0 f=0 visDraw=0 visDef=0) charMove(cand=0 upd=0 def=0 n=0 m=0 f=0) charRender(cand=0 draw=0 def=0 cull=0 n=0 m=0 f=0)
04-26 23:10:03.680 26043 26121 I MuMain  : PERF_TERRAIN world=73 normal(block=0 tile=0) grass(block=0 tile=0) after(block=0 tile=0)
04-26 23:10:03.945  2780 18838 I artd    : GetBestInfo: odex next to the dex file (/data/app/~~PqdBwR9WSFUNw4iaJMgoGg==/com.google.android.gms-95Dc1VeYXyONiCBDqz_lkA==/oat/x86_64/base.odex) is kOatUpToDate with filter 'speed-profile' executable 'false'
04-26 23:10:03.947  2780 18838 I artd    : GetBestInfo: dm (/data/app/~~PqdBwR9WSFUNw4iaJMgoGg==/com.google.android.gms-95Dc1VeYXyONiCBDqz_lkA==/split_AdsDynamite_installtime.dm) is kOatUpToDate with filter 'verify' executable 'false'
04-26 23:10:03.949  2780 18838 I artd    : GetBestInfo: dm (/data/app/~~PqdBwR9WSFUNw4iaJMgoGg==/com.google.android.gms-95Dc1VeYXyONiCBDqz_lkA==/split_CronetDynamite_installtime.dm) is kOatUpToDate with filter 'verify' executable 'false'
04-26 23:10:03.953  2780 18838 I artd    : GetBestInfo: dm (/data/app/~~PqdBwR9WSFUNw4iaJMgoGg==/com.google.android.gms-95Dc1VeYXyONiCBDqz_lkA==/split_DynamiteLoader_installtime.dm) is kOatUpToDate with filter 'verify' executable 'false'
04-26 23:10:03.955  2780 18838 I artd    : GetBestInfo: dm (/data/app/~~PqdBwR9WSFUNw4iaJMgoGg==/com.google.android.gms-95Dc1VeYXyONiCBDqz_lkA==/split_DynamiteModulesA_installtime.dm) is kOatUpToDate with filter 'verify' executable 'false'
04-26 23:10:03.956  2780 18838 I artd    : GetBestInfo: dm (/data/app/~~PqdBwR9WSFUNw4iaJMgoGg==/com.google.android.gms-95Dc1VeYXyONiCBDqz_lkA==/split_DynamiteModulesC_installtime.dm) is kOatUpToDate with filter 'verify' executable 'false'
04-26 23:10:03.959  2780 18838 I artd    : GetBestInfo: dm (/data/app/~~PqdBwR9WSFUNw4iaJMgoGg==/com.google.android.gms-95Dc1VeYXyONiCBDqz_lkA==/split_GoogleCertificates_installtime.dm) is kOatUpToDate with filter 'verify' executable 'false'
04-26 23:10:03.960  2780 18838 I artd    : GetBestInfo: dm (/data/app/~~PqdBwR9WSFUNw4iaJMgoGg==/com.google.android.gms-95Dc1VeYXyONiCBDqz_lkA==/split_MapsDynamite_installtime.dm) is kOatUpToDate with filter 'verify' executable 'false'
04-26 23:10:03.962  2780 18838 I artd    : GetBestInfo: dm (/data/app/~~PqdBwR9WSFUNw4iaJMgoGg==/com.google.android.gms-95Dc1VeYXyONiCBDqz_lkA==/split_MeasurementDynamite_installtime.dm) is kOatUpToDate with filter 'verify' executable 'false'
04-26 23:10:03.964  2780 18838 I artd    : GetBestInfo: dm (/data/app/~~PqdBwR9WSFUNw4iaJMgoGg==/com.google.android.gms-95Dc1VeYXyONiCBDqz_lkA==/split_all_locale_splits.dm) is kOatUpToDate with filter 'verify' executable 'false'
04-26 23:10:03.965  2780 18838 I artd    : GetBestInfo: /data/user_de/0/com.google.android.gms/app_chimera/m/0000000a/dl-TfliteDynamiteDynamite.integ_252130102100800.apk has no usable artifacts
04-26 23:10:03.967  2780 18838 I artd    : GetBestInfo: /data/user_de/0/com.google.android.gms/app_chimera/m/00000001/CronetDynamite.apk has no usable artifacts
04-26 23:10:03.969  2780 18838 I artd    : GetBestInfo: /data/user_de/0/com.google.android.gms/app_chimera/m/00000016/dl-MlkitOcrCommon.optional_261332100800.apk has no usable artifacts
04-26 23:10:03.970  2780 18838 I artd    : GetBestInfo: /data/user_de/0/com.google.android.gms/app_chimera/m/00000002/DynamiteLoader.apk has no usable artifacts
04-26 23:10:03.974  2780 18838 I artd    : GetBestInfo: /data/user_de/0/com.google.android.gms/app_chimera/m/0000000e/dl-MlkitBarcodeUi.optional_260235100800.apk has no usable artifacts
04-26 23:10:03.977  2780 18838 I artd    : GetBestInfo: /data/user_de/0/com.google.android.gms/app_chimera/m/00000013/dl-Appsearch.optional_261332100800.apk has no usable artifacts
04-26 23:10:03.978  2780 18838 I artd    : GetBestInfo: /data/user_de/0/com.google.android.gms/app_chimera/m/00000005/GoogleCertificates.apk has no usable artifacts
04-26 23:10:03.980  2780 18838 I artd    : GetBestInfo: /data/user_de/0/com.google.android.gms/app_chimera/m/00000012/dl-PlayCloudSearch.optional_261332100000.apk has no usable artifacts
04-26 23:10:03.982  2780 18838 I artd    : GetBestInfo: vdex next to the dex file (/data/user/0/com.google.android.gms/app_dg_cache/B3ED91DEC21F0EB5284BE10D982ABEAAC45F5C48/oat/x86_64/the.vdex) is kOatUpToDate with filter 'verify' executable 'false'
04-26 23:10:03.985  2780 18838 I artd    : GetBestInfo: /data/user_de/0/com.google.android.gms/app_chimera/m/0000000f/dl-PlayCloudSearch.optional_260235100000.apk has no usable artifacts
04-26 23:10:03.987  2780 18838 I artd    : GetBestInfo: /data/user_de/0/com.google.android.gms/app_chimera/m/00000008/dl-VisionOcr.optional_260235100000.apk has no usable artifacts
04-26 23:10:03.988  2780 18838 I artd    : GetBestInfo: /data/user_de/0/com.google.android.gms/app_chimera/m/0000000b/dl-Appsearch.optional_260235100800.apk has no usable artifacts
04-26 23:10:03.990  2780 18838 I artd    : GetBestInfo: /data/user_de/0/com.google.android.gms/app_chimera/m/00000011/dl-VisionOcr.optional_261332100000.apk has no usable artifacts
04-26 23:10:03.993  2780 18838 I artd    : GetBestInfo: /data/user_de/0/com.google.android.gms/app_chimera/m/00000015/dl-MlkitBarcodeUi.optional_261332100800.apk has no usable artifacts
04-26 23:10:03.996  2780 18838 I artd    : GetBestInfo: /data/user_de/0/com.google.android.gms/app_chimera/m/00000009/dl-MlkitOcrCommon.optional_260235100800.apk has no usable artifacts
04-26 23:10:03.997  2780 18838 I artd    : GetBestInfo: vdex next to the dex file (/data/user/0/com.google.android.gms/app_dg_cache/CE973E4DE823F0AA69070767A9FABB590DDD455C/oat/x86_64/the.vdex) is kOatUpToDate with filter 'verify' executable 'false'
04-26 23:10:03.998  2780 18838 I artd    : GetBestInfo: /data/user_de/0/com.google.android.gms/app_chimera/m/00000007/MeasurementDynamite.apk has no usable artifacts
04-26 23:10:04.253  1016  1016 I wpa_supplicant: wlan0: CTRL-EVENT-BEACON-LOSS 
04-26 23:10:04.484   736   931 D InetDiagMessage: Destroyed 0 sockets, proto=IPPROTO_TCP, family=AF_INET, states=14
04-26 23:10:04.485   736   931 D InetDiagMessage: Destroyed 0 sockets, proto=IPPROTO_TCP, family=AF_INET6, states=14
04-26 23:10:04.485   736   931 D InetDiagMessage: Destroyed live tcp sockets for uids={10220} in 2ms
04-26 23:10:04.486   736   931 D InetDiagMessage: Destroyed 0 sockets, proto=IPPROTO_TCP, family=AF_INET, states=14
04-26 23:10:04.486   736   931 D InetDiagMessage: Destroyed 0 sockets, proto=IPPROTO_TCP, family=AF_INET6, states=14
04-26 23:10:04.486   736   931 D InetDiagMessage: Destroyed live tcp sockets for uids={20220} in 1ms
04-26 23:10:04.487   736   931 D InetDiagMessage: Destroyed 0 sockets, proto=IPPROTO_TCP, family=AF_INET, states=14
04-26 23:10:04.487   736   931 D InetDiagMessage: Destroyed 0 sockets, proto=IPPROTO_TCP, family=AF_INET6, states=14
04-26 23:10:04.487   736   931 D InetDiagMessage: Destroyed live tcp sockets for uids={10163} in 1ms
04-26 23:10:04.488   736   931 D InetDiagMessage: Destroyed 0 sockets, proto=IPPROTO_TCP, family=AF_INET, states=14
04-26 23:10:04.488   736   931 D InetDiagMessage: Destroyed 0 sockets, proto=IPPROTO_TCP, family=AF_INET6, states=14
04-26 23:10:04.488   736   931 D InetDiagMessage: Destroyed live tcp sockets for uids={20163} in 1ms
04-26 23:10:04.519 14925 14925 D BoundBrokerSvc: onUnbind: Intent { act=com.google.android.gms.auth.key.retrieval.service.START dat=chimera-action:/... xflg=0x4 cmp=com.google.android.gms/.chimera.GmsApiService }
04-26 23:10:04.544 14925 14925 D BoundBrokerSvc: onUnbind: Intent { act=com.google.android.gms.credential.manager.service.firstparty.START dat=chimera-action:/... xflg=0x4 cmp=com.google.android.gms/.chimera.GmsApiService }
04-26 23:10:04.583  1366  1366 D BoundBrokerSvc: onUnbind: Intent { act=com.google.android.gms.auth.aang.events.services.START dat=chimera-action:/... xflg=0x4 cmp=com.google.android.gms/.chimera.PersistentApiService }
04-26 23:10:04.744 26043 26121 I MuMain  : ADAPT fx scale: fps=27.4 frameMs=36.49 1.00->0.90 target=0.80
04-26 23:10:04.744 26043 26121 I MuMain  : PERF fps=27.4 frameMs=36.49 phase(render=35.50 pad=0.02 present=0.87) renderLevel=4 fxScale=1.00 maxMsg=30 avg(draw=589 verts=45066 im=1617 vaD=0 vaC=0 qI=165 qE=0) max(draw=597 verts=46482)
04-26 23:10:04.744 26043 26121 I MuMain  : PERF_SCENE world=73 char(live=0 vis=0 ply=0 mon=0 npc=0 pet=0 prio=0 topMon=-1 x0) obj(live=375 vis=150 op=0 trap=0 topObj=77 x17)
04-26 23:10:04.744 26043 26121 I MuMain  : PERF_BUCKET objMove(cand=0 upd=0 def=0 n=0 m=0 f=0) objRender(cand=0 draw=0 cull=0 n=0 m=0 f=0 visDraw=0 visDef=0) charMove(cand=0 upd=0 def=0 n=0 m=0 f=0) charRender(cand=0 draw=0 def=0 cull=0 n=0 m=0 f=0)
04-26 23:10:04.744 26043 26121 I MuMain  : PERF_TERRAIN world=73 normal(block=0 tile=0) grass(block=0 tile=0) after(block=0 tile=0)
04-26 23:10:05.245   736   921 I HalDevMgr: bestIfaceCreationProposal is null, requestIface=STA, existingIface=[name=wlan0 type=STA]
04-26 23:10:05.853 26043 26121 I MuMain  : PERF fps=24.7 frameMs=40.42 phase(render=39.67 pad=0.02 present=0.66) renderLevel=4 fxScale=1.00 maxMsg=30 avg(draw=670 verts=51833 im=1694 vaD=0 vaC=0 qI=113 qE=0) max(draw=687 verts=52647)
04-26 23:10:05.853 26043 26121 I MuMain  : PERF_SCENE world=73 char(live=0 vis=0 ply=0 mon=0 npc=0 pet=0 prio=0 topMon=-1 x0) obj(live=375 vis=182 op=0 trap=0 topObj=79 x25)
04-26 23:10:05.853 26043 26121 I MuMain  : PERF_BUCKET objMove(cand=0 upd=0 def=0 n=0 m=0 f=0) objRender(cand=0 draw=0 cull=0 n=0 m=0 f=0 visDraw=0 visDef=0) charMove(cand=0 upd=0 def=0 n=0 m=0 f=0) charRender(cand=0 draw=0 def=0 cull=0 n=0 m=0 f=0)
04-26 23:10:05.853 26043 26121 I MuMain  : PERF_TERRAIN world=73 normal(block=0 tile=0) grass(block=0 tile=0) after(block=0 tile=0)
04-26 23:10:06.129 26043 26121 I MuMain  : ADAPT fx scale: fps=25.4 frameMs=39.39 1.00->0.90 target=0.65
04-26 23:10:06.923 26043 26121 I MuMain  : PERF fps=23.3 frameMs=42.91 phase(render=42.12 pad=0.02 present=0.71) renderLevel=4 fxScale=1.00 maxMsg=30 avg(draw=717 verts=48927 im=1666 vaD=0 vaC=0 qI=55 qE=0) max(draw=762 verts=50709)
04-26 23:10:06.923 26043 26121 I MuMain  : PERF_SCENE world=73 char(live=0 vis=0 ply=0 mon=0 npc=0 pet=0 prio=0 topMon=-1 x0) obj(live=375 vis=156 op=0 trap=0 topObj=155 x19)
04-26 23:10:06.923 26043 26121 I MuMain  : PERF_BUCKET objMove(cand=0 upd=0 def=0 n=0 m=0 f=0) objRender(cand=0 draw=0 cull=0 n=0 m=0 f=0 visDraw=0 visDef=0) charMove(cand=0 upd=0 def=0 n=0 m=0 f=0) charRender(cand=0 draw=0 def=0 cull=0 n=0 m=0 f=0)
04-26 23:10:06.923 26043 26121 I MuMain  : PERF_TERRAIN world=73 normal(block=0 tile=0) grass(block=0 tile=0) after(block=0 tile=0)
04-26 23:10:07.453 26043 26121 I MuMain  : ADAPT fx scale: fps=22.8 frameMs=43.90 1.00->0.90 target=0.65
04-26 23:10:07.992 26043 26121 I MuMain  : PERF fps=24.5 frameMs=40.74 phase(render=39.68 pad=0.13 present=0.85) renderLevel=4 fxScale=1.00 maxMsg=30 avg(draw=670 verts=54144 im=1447 vaD=0 vaC=0 qI=14 qE=0) max(draw=682 verts=54972)
04-26 23:10:07.992 26043 26121 I MuMain  : PERF_SCENE world=73 char(live=0 vis=0 ply=0 mon=0 npc=0 pet=0 prio=0 topMon=-1 x0) obj(live=375 vis=109 op=0 trap=0 topObj=155 x11)
04-26 23:10:07.992 26043 26121 I MuMain  : PERF_BUCKET objMove(cand=0 upd=0 def=0 n=0 m=0 f=0) objRender(cand=0 draw=0 cull=0 n=0 m=0 f=0 visDraw=0 visDef=0) charMove(cand=0 upd=0 def=0 n=0 m=0 f=0) charRender(cand=0 draw=0 def=0 cull=0 n=0 m=0 f=0)
04-26 23:10:07.992 26043 26121 I MuMain  : PERF_TERRAIN world=73 normal(block=0 tile=0) grass(block=0 tile=0) after(block=0 tile=0)
04-26 23:10:08.253   736   921 I HalDevMgr: bestIfaceCreationProposal is null, requestIface=STA, existingIface=[name=wlan0 type=STA]
04-26 23:10:08.792 26043 26121 I MuMain  : ADAPT fx scale: fps=28.5 frameMs=35.05 1.00->0.90 target=0.80
04-26 23:10:09.075 26043 26121 I MuMain  : PERF fps=28.2 frameMs=35.40 phase(render=34.55 pad=0.02 present=0.77) renderLevel=4 fxScale=1.00 maxMsg=30 avg(draw=570 verts=51991 im=1143 vaD=0 vaC=0 qI=55 qE=0) max(draw=578 verts=53229)
04-26 23:10:09.075 26043 26121 I MuMain  : PERF_SCENE world=73 char(live=0 vis=0 ply=0 mon=0 npc=0 pet=0 prio=0 topMon=-1 x0) obj(live=375 vis=82 op=0 trap=0 topObj=136 x9)
04-26 23:10:09.075 26043 26121 I MuMain  : PERF_BUCKET objMove(cand=0 upd=0 def=0 n=0 m=0 f=0) objRender(cand=0 draw=0 cull=0 n=0 m=0 f=0 visDraw=0 visDef=0) charMove(cand=0 upd=0 def=0 n=0 m=0 f=0) charRender(cand=0 draw=0 def=0 cull=0 n=0 m=0 f=0)
04-26 23:10:09.076 26043 26121 I MuMain  : PERF_TERRAIN world=73 normal(block=0 tile=0) grass(block=0 tile=0) after(block=0 tile=0)
04-26 23:10:09.495   736   862 D ActivityManager: freezing 5068 com.google.android.adservices.api
04-26 23:10:09.497   736   862 D ActivityManager: freezing 4432 com.android.chrome
04-26 23:10:09.501   736   862 D ActivityManager: freezing 4164 com.android.vending
04-26 23:10:09.504   736   862 D ActivityManager: freezing 4276 com.android.vending:background
04-26 23:10:09.507   736   931 D InetDiagMessage: Destroyed 0 sockets, proto=IPPROTO_TCP, family=AF_INET, states=14
04-26 23:10:09.508   736   931 D InetDiagMessage: Destroyed 0 sockets, proto=IPPROTO_TCP, family=AF_INET6, states=14
04-26 23:10:09.508   736   931 D InetDiagMessage: Destroyed live tcp sockets for uids={10220} in 2ms
04-26 23:10:09.524   736   931 D InetDiagMessage: Destroyed 0 sockets, proto=IPPROTO_TCP, family=AF_INET, states=14
04-26 23:10:09.525   736   931 D InetDiagMessage: Destroyed 0 sockets, proto=IPPROTO_TCP, family=AF_INET6, states=14
04-26 23:10:09.525   736   931 D InetDiagMessage: Destroyed live tcp sockets for uids={10163} in 1ms
04-26 23:10:09.802   736   931 D InetDiagMessage: Destroyed 0 sockets, proto=IPPROTO_TCP, family=AF_INET, states=14
04-26 23:10:09.803   736   931 D InetDiagMessage: Destroyed 0 sockets, proto=IPPROTO_TCP, family=AF_INET6, states=14
04-26 23:10:09.803   736   931 D InetDiagMessage: Destroyed live tcp sockets for uids={10154} in 2ms
04-26 23:10:09.932  1203  1331 D SatelliteController: isInCarrierRoamingNbIotNtn: satellite is disabled
04-26 23:10:09.932  1203  1331 D SatelliteController: getCarrierRoamingNtnConnectType: Checking connect type from PLMN config for subId: 1
04-26 23:10:09.933  1203  1331 D SatelliteController: getSatellitePerPlmnConfiguration: invalid subId or not supported via carrier.
04-26 23:10:09.936  1203  1331 D SatelliteController: getCarrierRoamingNtnConnectType: config: null
04-26 23:10:09.936  1203  1331 D SatelliteController: getCarrierRoamingNtnConnectType: Falling back to global carrier config connect type: 0
04-26 23:10:09.936  1203  1331 D SatelliteController: updateLastNotifiedCarrierRoamingNtnSignalStrengthAndNotify(1)
04-26 23:10:09.937  1203  1331 D SatelliteController: updateLastNotifiedCarrierRoamingNtnSignalStrengthAndNotify(1) lastNotifiedSignalStrength level: 0
04-26 23:10:09.937  1203  1331 D SatelliteController: updateLastNotifiedCarrierRoamingNtnSignalStrengthAndNotify(1) currSignalStrength level: 0
04-26 23:10:10.143 26043 26121 I MuMain  : ADAPT fx scale: fps=29.7 frameMs=33.71 1.00->0.90 target=0.80
04-26 23:10:10.143 26043 26121 I MuMain  : PERF fps=29.7 frameMs=33.71 phase(render=32.93 pad=0.02 present=0.70) renderLevel=4 fxScale=1.00 maxMsg=30 avg(draw=535 verts=53692 im=1017 vaD=0 vaC=0 qI=143 qE=0) max(draw=541 verts=54051)
04-26 23:10:10.143 26043 26121 I MuMain  : PERF_SCENE world=73 char(live=0 vis=0 ply=0 mon=0 npc=0 pet=0 prio=0 topMon=-1 x0) obj(live=375 vis=60 op=0 trap=0 topObj=79 x19)
04-26 23:10:10.143 26043 26121 I MuMain  : PERF_BUCKET objMove(cand=0 upd=0 def=0 n=0 m=0 f=0) objRender(cand=0 draw=0 cull=0 n=0 m=0 f=0 visDraw=0 visDef=0) charMove(cand=0 upd=0 def=0 n=0 m=0 f=0) charRender(cand=0 draw=0 def=0 cull=0 n=0 m=0 f=0)
04-26 23:10:10.143 26043 26121 I MuMain  : PERF_TERRAIN world=73 normal(block=0 tile=0) grass(block=0 tile=0) after(block=0 tile=0)
04-26 23:10:11.202 26043 26121 I MuMain  : PERF fps=27.0 frameMs=37.05 phase(render=36.28 pad=0.02 present=0.69) renderLevel=4 fxScale=1.00 maxMsg=30 avg(draw=606 verts=54809 im=1271 vaD=0 vaC=0 qI=201 qE=0) max(draw=614 verts=57924)
04-26 23:10:11.202 26043 26121 I MuMain  : PERF_SCENE world=73 char(live=0 vis=0 ply=0 mon=0 npc=0 pet=0 prio=0 topMon=-1 x0) obj(live=375 vis=78 op=0 trap=0 topObj=79 x23)
04-26 23:10:11.202 26043 26121 I MuMain  : PERF_BUCKET objMove(cand=0 upd=0 def=0 n=0 m=0 f=0) objRender(cand=0 draw=0 cull=0 n=0 m=0 f=0 visDraw=0 visDef=0) charMove(cand=0 upd=0 def=0 n=0 m=0 f=0) charRender(cand=0 draw=0 def=0 cull=0 n=0 m=0 f=0)
04-26 23:10:11.202 26043 26121 I MuMain  : PERF_TERRAIN world=73 normal(block=0 tile=0) grass(block=0 tile=0) after(block=0 tile=0)
04-26 23:10:11.266   736   921 I HalDevMgr: bestIfaceCreationProposal is null, requestIface=STA, existingIface=[name=wlan0 type=STA]
04-26 23:10:11.453 26043 26121 I MuMain  : ADAPT fx scale: fps=27.8 frameMs=35.91 1.00->0.90 target=0.80
04-26 23:10:12.101   736   862 D ActivityManager: freezing 5305 com.android.keychain
04-26 23:10:12.103   736   862 D ActivityManager: freezing 4453 com.android.settings
04-26 23:10:12.279 26043 26121 I MuMain  : PERF fps=28.3 frameMs=35.36 phase(render=34.57 pad=0.06 present=0.68) renderLevel=4 fxScale=1.00 maxMsg=30 avg(draw=570 verts=53485 im=1440 vaD=0 vaC=0 qI=233 qE=0) max(draw=577 verts=57177)
04-26 23:10:12.279 26043 26121 I MuMain  : PERF_SCENE world=73 char(live=0 vis=0 ply=0 mon=0 npc=0 pet=0 prio=0 topMon=-1 x0) obj(live=375 vis=114 op=0 trap=0 topObj=155 x24)
04-26 23:10:12.279 26043 26121 I MuMain  : PERF_BUCKET objMove(cand=0 upd=0 def=0 n=0 m=0 f=0) objRender(cand=0 draw=0 cull=0 n=0 m=0 f=0 visDraw=0 visDef=0) charMove(cand=0 upd=0 def=0 n=0 m=0 f=0) charRender(cand=0 draw=0 def=0 cull=0 n=0 m=0 f=0)
04-26 23:10:12.279 26043 26121 I MuMain  : PERF_TERRAIN world=73 normal(block=0 tile=0) grass(block=0 tile=0) after(block=0 tile=0)
04-26 23:10:12.446  1016  1016 I wpa_supplicant: wlan0: CTRL-EVENT-BEACON-LOSS 
04-26 23:10:12.832 26043 26121 I MuMain  : ADAPT fx scale: fps=29.6 frameMs=33.76 1.00->0.90 target=0.80
04-26 23:10:13.350 26043 26121 I MuMain  : PERF fps=29.9 frameMs=33.50 phase(render=32.51 pad=0.02 present=0.86) renderLevel=4 fxScale=1.00 maxMsg=30 avg(draw=523 verts=57509 im=1480 vaD=0 vaC=0 qI=248 qE=0) max(draw=531 verts=57663)
04-26 23:10:13.350 26043 26121 I MuMain  : PERF_SCENE world=73 char(live=0 vis=0 ply=0 mon=0 npc=0 pet=0 prio=0 topMon=-1 x0) obj(live=375 vis=139 op=0 trap=0 topObj=155 x30)
04-26 23:10:13.350 26043 26121 I MuMain  : PERF_BUCKET objMove(cand=0 upd=0 def=0 n=0 m=0 f=0) objRender(cand=0 draw=0 cull=0 n=0 m=0 f=0 visDraw=0 visDef=0) charMove(cand=0 upd=0 def=0 n=0 m=0 f=0) charRender(cand=0 draw=0 def=0 cull=0 n=0 m=0 f=0)
04-26 23:10:13.350 26043 26121 I MuMain  : PERF_TERRAIN world=73 normal(block=0 tile=0) grass(block=0 tile=0) after(block=0 tile=0)
04-26 23:10:13.802   560   624 D AF::Track: interceptBuffer: took 633us to intercept 0 tracks
04-26 23:10:13.824  2780 18838 I artd    : GetBestInfo: odex next to the dex file (/data/app/~~PqdBwR9WSFUNw4iaJMgoGg==/com.google.android.gms-95Dc1VeYXyONiCBDqz_lkA==/oat/x86_64/base.odex) is kOatUpToDate with filter 'speed-profile' executable 'false'
04-26 23:10:13.826  2780 18838 I artd    : GetBestInfo: dm (/data/app/~~PqdBwR9WSFUNw4iaJMgoGg==/com.google.android.gms-95Dc1VeYXyONiCBDqz_lkA==/split_AdsDynamite_installtime.dm) is kOatUpToDate with filter 'verify' executable 'false'
04-26 23:10:13.828  2780 18838 I artd    : GetBestInfo: dm (/data/app/~~PqdBwR9WSFUNw4iaJMgoGg==/com.google.android.gms-95Dc1VeYXyONiCBDqz_lkA==/split_CronetDynamite_installtime.dm) is kOatUpToDate with filter 'verify' executable 'false'
04-26 23:10:13.830  2780 18838 I artd    : GetBestInfo: dm (/data/app/~~PqdBwR9WSFUNw4iaJMgoGg==/com.google.android.gms-95Dc1VeYXyONiCBDqz_lkA==/split_DynamiteLoader_installtime.dm) is kOatUpToDate with filter 'verify' executable 'false'
04-26 23:10:13.832  2780 18838 I artd    : GetBestInfo: dm (/data/app/~~PqdBwR9WSFUNw4iaJMgoGg==/com.google.android.gms-95Dc1VeYXyONiCBDqz_lkA==/split_DynamiteModulesA_installtime.dm) is kOatUpToDate with filter 'verify' executable 'false'
04-26 23:10:13.834  2780 18838 I artd    : GetBestInfo: dm (/data/app/~~PqdBwR9WSFUNw4iaJMgoGg==/com.google.android.gms-95Dc1VeYXyONiCBDqz_lkA==/split_DynamiteModulesC_installtime.dm) is kOatUpToDate with filter 'verify' executable 'false'
04-26 23:10:13.837  2780 18838 I artd    : GetBestInfo: dm (/data/app/~~PqdBwR9WSFUNw4iaJMgoGg==/com.google.android.gms-95Dc1VeYXyONiCBDqz_lkA==/split_GoogleCertificates_installtime.dm) is kOatUpToDate with filter 'verify' executable 'false'
04-26 23:10:13.840  2780 18838 I artd    : GetBestInfo: dm (/data/app/~~PqdBwR9WSFUNw4iaJMgoGg==/com.google.android.gms-95Dc1VeYXyONiCBDqz_lkA==/split_MapsDynamite_installtime.dm) is kOatUpToDate with filter 'verify' executable 'false'
04-26 23:10:13.843  2780 18838 I artd    : GetBestInfo: dm (/data/app/~~PqdBwR9WSFUNw4iaJMgoGg==/com.google.android.gms-95Dc1VeYXyONiCBDqz_lkA==/split_MeasurementDynamite_installtime.dm) is kOatUpToDate with filter 'verify' executable 'false'
04-26 23:10:13.845  2780 18838 I artd    : GetBestInfo: dm (/data/app/~~PqdBwR9WSFUNw4iaJMgoGg==/com.google.android.gms-95Dc1VeYXyONiCBDqz_lkA==/split_all_locale_splits.dm) is kOatUpToDate with filter 'verify' executable 'false'
04-26 23:10:13.847  2780 18838 I artd    : GetBestInfo: /data/user_de/0/com.google.android.gms/app_chimera/m/0000000a/dl-TfliteDynamiteDynamite.integ_252130102100800.apk has no usable artifacts
04-26 23:10:13.848  2780 18838 I artd    : GetBestInfo: /data/user_de/0/com.google.android.gms/app_chimera/m/00000001/CronetDynamite.apk has no usable artifacts
04-26 23:10:13.850  2780 18838 I artd    : GetBestInfo: /data/user_de/0/com.google.android.gms/app_chimera/m/00000016/dl-MlkitOcrCommon.optional_261332100800.apk has no usable artifacts
04-26 23:10:13.851  2780 18838 I artd    : GetBestInfo: /data/user_de/0/com.google.android.gms/app_chimera/m/00000002/DynamiteLoader.apk has no usable artifacts
04-26 23:10:13.854  2780 18838 I artd    : GetBestInfo: /data/user_de/0/com.google.android.gms/app_chimera/m/0000000e/dl-MlkitBarcodeUi.optional_260235100800.apk has no usable artifacts
04-26 23:10:13.856  2780 18838 I artd    : GetBestInfo: /data/user_de/0/com.google.android.gms/app_chimera/m/00000013/dl-Appsearch.optional_261332100800.apk has no usable artifacts
04-26 23:10:13.857  2780 18838 I artd    : GetBestInfo: /data/user_de/0/com.google.android.gms/app_chimera/m/00000005/GoogleCertificates.apk has no usable artifacts
04-26 23:10:13.858  2780 18838 I artd    : GetBestInfo: /data/user_de/0/com.google.android.gms/app_chimera/m/00000012/dl-PlayCloudSearch.optional_261332100000.apk has no usable artifacts
04-26 23:10:13.860  2780 18838 I artd    : GetBestInfo: vdex next to the dex file (/data/user/0/com.google.android.gms/app_dg_cache/B3ED91DEC21F0EB5284BE10D982ABEAAC45F5C48/oat/x86_64/the.vdex) is kOatUpToDate with filter 'verify' executable 'false'
04-26 23:10:13.861  2780 18838 I artd    : GetBestInfo: /data/user_de/0/com.google.android.gms/app_chimera/m/0000000f/dl-PlayCloudSearch.optional_260235100000.apk has no usable artifacts
04-26 23:10:13.863  2780 18838 I artd    : GetBestInfo: /data/user_de/0/com.google.android.gms/app_chimera/m/00000008/dl-VisionOcr.optional_260235100000.apk has no usable artifacts
04-26 23:10:13.865  2780 18838 I artd    : GetBestInfo: /data/user_de/0/com.google.android.gms/app_chimera/m/0000000b/dl-Appsearch.optional_260235100800.apk has no usable artifacts
04-26 23:10:13.866  2780 18838 I artd    : GetBestInfo: /data/user_de/0/com.google.android.gms/app_chimera/m/00000011/dl-VisionOcr.optional_261332100000.apk has no usable artifacts
04-26 23:10:13.868  2780 18838 I artd    : GetBestInfo: /data/user_de/0/com.google.android.gms/app_chimera/m/00000015/dl-MlkitBarcodeUi.optional_261332100800.apk has no usable artifacts
04-26 23:10:13.873  2780 18838 I artd    : GetBestInfo: /data/user_de/0/com.google.android.gms/app_chimera/m/00000009/dl-MlkitOcrCommon.optional_260235100800.apk has no usable artifacts
04-26 23:10:13.875  2780 18838 I artd    : GetBestInfo: vdex next to the dex file (/data/user/0/com.google.android.gms/app_dg_cache/CE973E4DE823F0AA69070767A9FABB590DDD455C/oat/x86_64/the.vdex) is kOatUpToDate with filter 'verify' executable 'false'
04-26 23:10:13.876  2780 18838 I artd    : GetBestInfo: /data/user_de/0/com.google.android.gms/app_chimera/m/00000007/MeasurementDynamite.apk has no usable artifacts
04-26 23:10:14.176 26043 26121 I MuMain  : ADAPT fx scale: fps=28.4 frameMs=35.16 1.00->0.90 target=0.80
04-26 23:10:14.276   736   921 I HalDevMgr: bestIfaceCreationProposal is null, requestIface=STA, existingIface=[name=wlan0 type=STA]
04-26 23:10:14.448 26043 26121 I MuMain  : PERF fps=29.5 frameMs=33.87 phase(render=32.83 pad=0.02 present=0.88) renderLevel=4 fxScale=1.00 maxMsg=30 avg(draw=528 verts=55083 im=1482 vaD=0 vaC=0 qI=205 qE=0) max(draw=541 verts=57882)
04-26 23:10:14.448 26043 26121 I MuMain  : PERF_SCENE world=73 char(live=0 vis=0 ply=0 mon=0 npc=0 pet=0 prio=0 topMon=-1 x0) obj(live=375 vis=132 op=0 trap=0 topObj=155 x29)
04-26 23:10:14.448 26043 26121 I MuMain  : PERF_BUCKET objMove(cand=0 upd=0 def=0 n=0 m=0 f=0) objRender(cand=0 draw=0 cull=0 n=0 m=0 f=0 visDraw=0 visDef=0) charMove(cand=0 upd=0 def=0 n=0 m=0 f=0) charRender(cand=0 draw=0 def=0 cull=0 n=0 m=0 f=0)
04-26 23:10:14.448 26043 26121 I MuMain  : PERF_TERRAIN world=73 normal(block=0 tile=0) grass(block=0 tile=0) after(block=0 tile=0)
04-26 23:10:14.552   736   862 D ActivityManager: freezing 14925 com.google.android.gms
04-26 23:10:15.511 26043 26121 I MuMain  : ADAPT fx scale: fps=25.4 frameMs=39.38 1.00->0.90 target=0.65
04-26 23:10:15.511 26043 26121 I MuMain  : PERF fps=25.4 frameMs=39.38 phase(render=38.57 pad=0.02 present=0.74) renderLevel=4 fxScale=1.00 maxMsg=30 avg(draw=619 verts=76488 im=1542 vaD=0 vaC=0 qI=227 qE=0) max(draw=638 verts=77853)
04-26 23:10:15.511 26043 26121 I MuMain  : PERF_SCENE world=73 char(live=0 vis=0 ply=0 mon=0 npc=0 pet=0 prio=0 topMon=-1 x0) obj(live=375 vis=118 op=0 trap=0 topObj=155 x29)
04-26 23:10:15.511 26043 26121 I MuMain  : PERF_BUCKET objMove(cand=0 upd=0 def=0 n=0 m=0 f=0) objRender(cand=0 draw=0 cull=0 n=0 m=0 f=0 visDraw=0 visDef=0) charMove(cand=0 upd=0 def=0 n=0 m=0 f=0) charRender(cand=0 draw=0 def=0 cull=0 n=0 m=0 f=0)
04-26 23:10:15.511 26043 26121 I MuMain  : PERF_TERRAIN world=73 normal(block=0 tile=0) grass(block=0 tile=0) after(block=0 tile=0)
04-26 23:10:16.617 26043 26121 I MuMain  : PERF fps=25.9 frameMs=38.66 phase(render=37.91 pad=0.03 present=0.67) renderLevel=4 fxScale=1.00 maxMsg=30 avg(draw=612 verts=79458 im=1708 vaD=0 vaC=0 qI=216 qE=0) max(draw=622 verts=79989)
04-26 23:10:16.617 26043 26121 I MuMain  : PERF_SCENE world=73 char(live=0 vis=0 ply=0 mon=0 npc=0 pet=0 prio=0 topMon=-1 x0) obj(live=375 vis=179 op=0 trap=0 topObj=135 x17)
04-26 23:10:16.617 26043 26121 I MuMain  : PERF_BUCKET objMove(cand=0 upd=0 def=0 n=0 m=0 f=0) objRender(cand=0 draw=0 cull=0 n=0 m=0 f=0 visDraw=0 visDef=0) charMove(cand=0 upd=0 def=0 n=0 m=0 f=0) charRender(cand=0 draw=0 def=0 cull=0 n=0 m=0 f=0)
04-26 23:10:16.617 26043 26121 I MuMain  : PERF_TERRAIN world=73 normal(block=0 tile=0) grass(block=0 tile=0) after(block=0 tile=0)
04-26 23:10:16.885 26043 26121 I MuMain  : ADAPT fx scale: fps=26.1 frameMs=38.25 1.00->0.90 target=0.80
04-26 23:10:17.285   736   921 I HalDevMgr: bestIfaceCreationProposal is null, requestIface=STA, existingIface=[name=wlan0 type=STA]
04-26 23:10:17.687 26043 26121 I MuMain  : PERF fps=33.0 frameMs=30.33 phase(render=29.44 pad=0.05 present=0.78) renderLevel=4 fxScale=1.00 maxMsg=30 avg(draw=416 verts=77436 im=1732 vaD=0 vaC=0 qI=185 qE=0) max(draw=429 verts=78570)
04-26 23:10:17.687 26043 26121 I MuMain  : PERF_SCENE world=73 char(live=0 vis=0 ply=0 mon=0 npc=0 pet=0 prio=0 topMon=-1 x0) obj(live=375 vis=182 op=0 trap=0 topObj=79 x23)
04-26 23:10:17.687 26043 26121 I MuMain  : PERF_BUCKET objMove(cand=0 upd=0 def=0 n=0 m=0 f=0) objRender(cand=0 draw=0 cull=0 n=0 m=0 f=0 visDraw=0 visDef=0) charMove(cand=0 upd=0 def=0 n=0 m=0 f=0) charRender(cand=0 draw=0 def=0 cull=0 n=0 m=0 f=0)
04-26 23:10:17.687 26043 26121 I MuMain  : PERF_TERRAIN world=73 normal(block=0 tile=0) grass(block=0 tile=0) after(block=0 tile=0)
04-26 23:10:18.208 26043 26121 I MuMain  : ADAPT fx scale: fps=37.6 frameMs=26.63 1.00->0.90 target=0.90
04-26 23:10:18.737 26043 26121 I MuMain  : PERF fps=42.9 frameMs=23.30 phase(render=22.49 pad=0.02 present=0.74) renderLevel=4 fxScale=1.00 maxMsg=30 avg(draw=313 verts=76747 im=1628 vaD=0 vaC=0 qI=153 qE=0) max(draw=331 verts=78396)
04-26 23:10:18.738 26043 26121 I MuMain  : PERF_SCENE world=73 char(live=0 vis=0 ply=0 mon=0 npc=0 pet=0 prio=0 topMon=-1 x0) obj(live=375 vis=183 op=0 trap=0 topObj=79 x22)
04-26 23:10:18.738 26043 26121 I MuMain  : PERF_BUCKET objMove(cand=0 upd=0 def=0 n=0 m=0 f=0) objRender(cand=0 draw=0 cull=0 n=0 m=0 f=0 visDraw=0 visDef=0) charMove(cand=0 upd=0 def=0 n=0 m=0 f=0) charRender(cand=0 draw=0 def=0 cull=0 n=0 m=0 f=0)
04-26 23:10:18.738 26043 26121 I MuMain  : PERF_TERRAIN world=73 normal(block=0 tile=0) grass(block=0 tile=0) after(block=0 tile=0)
04-26 23:10:19.513 26043 26121 I MuMain  : ADAPT fx scale: fps=46.7 frameMs=21.41 1.00->0.90 target=0.90
04-26 23:10:19.766 26043 26121 I MuMain  : PERF fps=47.5 frameMs=21.03 phase(render=19.99 pad=0.07 present=0.87) renderLevel=4 fxScale=1.00 maxMsg=30 avg(draw=255 verts=72976 im=1579 vaD=0 vaC=0 qI=118 qE=0) max(draw=267 verts=75702)
04-26 23:10:19.766 26043 26121 I MuMain  : PERF_SCENE world=73 char(live=0 vis=0 ply=0 mon=0 npc=0 pet=0 prio=0 topMon=-1 x0) obj(live=375 vis=180 op=0 trap=0 topObj=79 x24)
04-26 23:10:19.766 26043 26121 I MuMain  : PERF_BUCKET objMove(cand=0 upd=0 def=0 n=0 m=0 f=0) objRender(cand=0 draw=0 cull=0 n=0 m=0 f=0 visDraw=0 visDef=0) charMove(cand=0 upd=0 def=0 n=0 m=0 f=0) charRender(cand=0 draw=0 def=0 cull=0 n=0 m=0 f=0)
04-26 23:10:19.766 26043 26121 I MuMain  : PERF_TERRAIN world=73 normal(block=0 tile=0) grass(block=0 tile=0) after(block=0 tile=0)
04-26 23:10:19.932  1203  1331 D SatelliteController: isInCarrierRoamingNbIotNtn: satellite is disabled
04-26 23:10:19.932  1203  1331 D SatelliteController: getCarrierRoamingNtnConnectType: Checking connect type from PLMN config for subId: 1
04-26 23:10:19.933  1203  1331 D SatelliteController: getSatellitePerPlmnConfiguration: invalid subId or not supported via carrier.
04-26 23:10:19.933  1203  1331 D SatelliteController: getCarrierRoamingNtnConnectType: config: null
04-26 23:10:19.934  1203  1331 D SatelliteController: getCarrierRoamingNtnConnectType: Falling back to global carrier config connect type: 0
04-26 23:10:19.934  1203  1331 D SatelliteController: updateLastNotifiedCarrierRoamingNtnSignalStrengthAndNotify(1)
04-26 23:10:19.934  1203  1331 D SatelliteController: updateLastNotifiedCarrierRoamingNtnSignalStrengthAndNotify(1) lastNotifiedSignalStrength level: 0
04-26 23:10:19.934  1203  1331 D SatelliteController: updateLastNotifiedCarrierRoamingNtnSignalStrengthAndNotify(1) currSignalStrength level: 0
04-26 23:10:20.295   736   921 I HalDevMgr: bestIfaceCreationProposal is null, requestIface=STA, existingIface=[name=wlan0 type=STA]
04-26 23:10:20.386  1016  1016 I wpa_supplicant: wlan0: CTRL-EVENT-BEACON-LOSS 
04-26 23:10:20.817 26043 26121 I MuMain  : PERF fps=55.8 frameMs=17.92 phase(render=16.86 pad=0.02 present=0.95) renderLevel=4 fxScale=1.00 maxMsg=30 avg(draw=202 verts=88071 im=1561 vaD=0 vaC=0 qI=85 qE=0) max(draw=219 verts=94920)
04-26 23:10:20.817 26043 26121 I MuMain  : PERF_SCENE world=73 char(live=0 vis=0 ply=0 mon=0 npc=0 pet=0 prio=0 topMon=-1 x0) obj(live=375 vis=151 op=0 trap=0 topObj=79 x23)
04-26 23:10:20.817 26043 26121 I MuMain  : PERF_BUCKET objMove(cand=0 upd=0 def=0 n=0 m=0 f=0) objRender(cand=0 draw=0 cull=0 n=0 m=0 f=0 visDraw=0 visDef=0) charMove(cand=0 upd=0 def=0 n=0 m=0 f=0) charRender(cand=0 draw=0 def=0 cull=0 n=0 m=0 f=0)
04-26 23:10:20.817 26043 26121 I MuMain  : PERF_TERRAIN world=73 normal(block=0 tile=0) grass(block=0 tile=0) after(block=0 tile=0)
04-26 23:10:21.068 26043 26121 I MuMain  : ADAPT fx scale: fps=47.8 frameMs=20.90 1.00->0.90 target=0.90
04-26 23:10:21.831 26043 26121 I MuMain  : PERF fps=51.3 frameMs=19.50 phase(render=18.52 pad=0.03 present=0.89) renderLevel=4 fxScale=1.00 maxMsg=30 avg(draw=213 verts=95808 im=1608 vaD=0 vaC=0 qI=107 qE=0) max(draw=223 verts=98184)
04-26 23:10:21.831 26043 26121 I MuMain  : PERF_SCENE world=73 char(live=0 vis=0 ply=0 mon=0 npc=0 pet=0 prio=0 topMon=-1 x0) obj(live=375 vis=167 op=0 trap=0 topObj=79 x29)
04-26 23:10:21.831 26043 26121 I MuMain  : PERF_BUCKET objMove(cand=0 upd=0 def=0 n=0 m=0 f=0) objRender(cand=0 draw=0 cull=0 n=0 m=0 f=0 visDraw=0 visDef=0) charMove(cand=0 upd=0 def=0 n=0 m=0 f=0) charRender(cand=0 draw=0 def=0 cull=0 n=0 m=0 f=0)
04-26 23:10:21.831 26043 26121 I MuMain  : PERF_TERRAIN world=73 normal(block=0 tile=0) grass(block=0 tile=0) after(block=0 tile=0)
04-26 23:10:22.256   560   624 D AF::Track: interceptBuffer: took 720us to intercept 0 tracks
