04-26 20:07:06.045 17653 17692 I MuMain  : OPENBASIC: enter
04-26 20:07:06.045 17653 17692 I MuMain  : OPENBASIC: RenderTitle 0 begin
04-26 20:07:06.046 17653 17692 I MuMain  : OPENBASIC: RenderTitle 0 done
04-26 20:07:06.046 17653 17692 I MuMain  : OPENBASIC: first bitmap group begin
04-26 20:07:06.054   566   616 W skia    : AGTM parsing failed flags.readFromStream(s) at 159
04-26 20:07:06.054   566   616 W skia    : AGTM parsing failed flags.readFromStream(s) at 159
04-26 20:07:06.054   566   616 W skia    : AGTM parsing failed flags.readFromStream(s) at 159
04-26 20:07:06.054   566   616 W skia    : AGTM parsing failed flags.readFromStream(s) at 159
04-26 20:07:06.054   566   616 W skia    : AGTM parsing failed flags.readFromStream(s) at 159
04-26 20:07:06.069   566   616 W skia    : AGTM parsing failed flags.readFromStream(s) at 159
04-26 20:07:06.069   566   616 W skia    : AGTM parsing failed flags.readFromStream(s) at 159
04-26 20:07:06.069   566   616 W skia    : AGTM parsing failed flags.readFromStream(s) at 159
04-26 20:07:06.069   566   616 W skia    : AGTM parsing failed flags.readFromStream(s) at 159
04-26 20:07:06.069   566   616 W skia    : AGTM parsing failed flags.readFromStream(s) at 159
04-26 20:07:06.079 17653 17692 I MuMain  : OPENBASIC: first bitmap group done
04-26 20:07:06.089   566   616 W skia    : AGTM parsing failed flags.readFromStream(s) at 159
04-26 20:07:06.089   566   616 W skia    : AGTM parsing failed flags.readFromStream(s) at 159
04-26 20:07:06.089   566   616 W skia    : AGTM parsing failed flags.readFromStream(s) at 159
04-26 20:07:06.089   566   616 W skia    : AGTM parsing failed flags.readFromStream(s) at 159
04-26 20:07:06.089   566   616 W skia    : AGTM parsing failed flags.readFromStream(s) at 159
04-26 20:07:06.104   566   616 W skia    : AGTM parsing failed flags.readFromStream(s) at 159
04-26 20:07:06.104   566   616 W skia    : AGTM parsing failed flags.readFromStream(s) at 159
04-26 20:07:06.104   566   616 W skia    : AGTM parsing failed flags.readFromStream(s) at 159
04-26 20:07:06.105   566   616 W skia    : AGTM parsing failed flags.readFromStream(s) at 159
04-26 20:07:06.105   566   616 W skia    : AGTM parsing failed flags.readFromStream(s) at 159
04-26 20:07:06.119   566   616 W skia    : AGTM parsing failed flags.readFromStream(s) at 159
04-26 20:07:06.119   566   616 W skia    : AGTM parsing failed flags.readFromStream(s) at 159
04-26 20:07:06.119   566   616 W skia    : AGTM parsing failed flags.readFromStream(s) at 159
04-26 20:07:06.119   566   616 W skia    : AGTM parsing failed flags.readFromStream(s) at 159
04-26 20:07:06.119   566   616 W skia    : AGTM parsing failed flags.readFromStream(s) at 159
04-26 20:07:06.120 17653 17692 I TakumiErrorReport: File not found Data\Effect\Shiny04.jpg (32118)->Data\Effect\Shiny05.jpg
04-26 20:07:06.138   566   616 W skia    : AGTM parsing failed flags.readFromStream(s) at 159
04-26 20:07:06.138   566   616 W skia    : AGTM parsing failed flags.readFromStream(s) at 159
04-26 20:07:06.138   566   616 W skia    : AGTM parsing failed flags.readFromStream(s) at 159
04-26 20:07:06.138   566   616 W skia    : AGTM parsing failed flags.readFromStream(s) at 159
04-26 20:07:06.138   566   616 W skia    : AGTM parsing failed flags.readFromStream(s) at 159
04-26 20:07:06.153   566   616 W skia    : AGTM parsing failed flags.readFromStream(s) at 159
04-26 20:07:06.154   566   616 W skia    : AGTM parsing failed flags.readFromStream(s) at 159
04-26 20:07:06.154   566   616 W skia    : AGTM parsing failed flags.readFromStream(s) at 159
04-26 20:07:06.154   566   616 W skia    : AGTM parsing failed flags.readFromStream(s) at 159
04-26 20:07:06.154   566   616 W skia    : AGTM parsing failed flags.readFromStream(s) at 159
04-26 20:07:06.169   566   616 W skia    : AGTM parsing failed flags.readFromStream(s) at 159
04-26 20:07:06.169   566   616 W skia    : AGTM parsing failed flags.readFromStream(s) at 159
04-26 20:07:06.169   566   616 W skia    : AGTM parsing failed flags.readFromStream(s) at 159
04-26 20:07:06.169   566   616 W skia    : AGTM parsing failed flags.readFromStream(s) at 159
04-26 20:07:06.169   566   616 W skia    : AGTM parsing failed flags.readFromStream(s) at 159
04-26 20:07:06.186   566   616 W skia    : AGTM parsing failed flags.readFromStream(s) at 159
04-26 20:07:06.187   566   616 W skia    : AGTM parsing failed flags.readFromStream(s) at 159
04-26 20:07:06.187   566   616 W skia    : AGTM parsing failed flags.readFromStream(s) at 159
04-26 20:07:06.187   566   616 W skia    : AGTM parsing failed flags.readFromStream(s) at 159
04-26 20:07:06.187   566   616 W skia    : AGTM parsing failed flags.readFromStream(s) at 159
04-26 20:07:06.203   566   616 W skia    : AGTM parsing failed flags.readFromStream(s) at 159
04-26 20:07:06.203   566   616 W skia    : AGTM parsing failed flags.readFromStream(s) at 159
04-26 20:07:06.203   566   616 W skia    : AGTM parsing failed flags.readFromStream(s) at 159
04-26 20:07:06.203   566   616 W skia    : AGTM parsing failed flags.readFromStream(s) at 159
04-26 20:07:06.203   566   616 W skia    : AGTM parsing failed flags.readFromStream(s) at 159
04-26 20:07:06.206 17653 17692 I TakumiErrorReport: > First Load Files OK.
04-26 20:07:06.219   566   616 W skia    : AGTM parsing failed flags.readFromStream(s) at 159
04-26 20:07:06.219   566   616 W skia    : AGTM parsing failed flags.readFromStream(s) at 159
04-26 20:07:06.219   566   616 W skia    : AGTM parsing failed flags.readFromStream(s) at 159
04-26 20:07:06.219   566   616 W skia    : AGTM parsing failed flags.readFromStream(s) at 159
04-26 20:07:06.219   566   616 W skia    : AGTM parsing failed flags.readFromStream(s) at 159
04-26 20:07:06.238   566   616 W skia    : AGTM parsing failed flags.readFromStream(s) at 159
04-26 20:07:06.238   566   616 W skia    : AGTM parsing failed flags.readFromStream(s) at 159
04-26 20:07:06.238   566   616 W skia    : AGTM parsing failed flags.readFromStream(s) at 159
04-26 20:07:06.254   566   616 W skia    : AGTM parsing failed flags.readFromStream(s) at 159
04-26 20:07:06.254   566   616 W skia    : AGTM parsing failed flags.readFromStream(s) at 159
04-26 20:07:06.254   566   616 W skia    : AGTM parsing failed flags.readFromStream(s) at 159
04-26 20:07:06.270   566   616 W skia    : AGTM parsing failed flags.readFromStream(s) at 159
04-26 20:07:06.271   566   616 W skia    : AGTM parsing failed flags.readFromStream(s) at 159
04-26 20:07:06.271   566   616 W skia    : AGTM parsing failed flags.readFromStream(s) at 159
04-26 20:07:06.273   736  1827 I ImeTracker: system_server:a574bce1: onRequestHide at ORIGIN_SERVER reason IME_REQUESTED_CHANGED_LISTENER fromUser false displayId 0
04-26 20:07:06.275   736   762 I ImeTracker: system_server:a574bce1: onCancelled at PHASE_SERVER_SHOULD_HIDE
04-26 20:07:06.287   566   616 W skia    : AGTM parsing failed flags.readFromStream(s) at 159
04-26 20:07:06.287   566   616 W skia    : AGTM parsing failed flags.readFromStream(s) at 159
04-26 20:07:06.287   566   616 W skia    : AGTM parsing failed flags.readFromStream(s) at 159
04-26 20:07:06.304   566   616 W skia    : AGTM parsing failed flags.readFromStream(s) at 159
04-26 20:07:06.304   566   616 W skia    : AGTM parsing failed flags.readFromStream(s) at 159
04-26 20:07:06.304   566   616 W skia    : AGTM parsing failed flags.readFromStream(s) at 159
04-26 20:07:06.321   566   616 W skia    : AGTM parsing failed flags.readFromStream(s) at 159
04-26 20:07:06.321   566   616 W skia    : AGTM parsing failed flags.readFromStream(s) at 159
04-26 20:07:06.321   566   616 W skia    : AGTM parsing failed flags.readFromStream(s) at 159
04-26 20:07:06.336   566   616 W skia    : AGTM parsing failed flags.readFromStream(s) at 159
04-26 20:07:06.336   566   616 W skia    : AGTM parsing failed flags.readFromStream(s) at 159
04-26 20:07:06.336   566   616 W skia    : AGTM parsing failed flags.readFromStream(s) at 159
04-26 20:07:06.354   566   616 W skia    : AGTM parsing failed flags.readFromStream(s) at 159
04-26 20:07:06.354   566   616 W skia    : AGTM parsing failed flags.readFromStream(s) at 159
04-26 20:07:06.354   566   616 W skia    : AGTM parsing failed flags.readFromStream(s) at 159
04-26 20:07:06.369  1036  1091 V WindowManagerShell: Transition animation finished (aborted=false), notifying core (#128) android.os.BinderProxy@80353ab@0
04-26 20:07:06.370   566   616 W skia    : AGTM parsing failed flags.readFromStream(s) at 159
04-26 20:07:06.370   566   616 W skia    : AGTM parsing failed flags.readFromStream(s) at 159
04-26 20:07:06.370   566   616 W skia    : AGTM parsing failed flags.readFromStream(s) at 159
04-26 20:07:06.374   736   759 V WindowManager: Finish Transition (#128): created at 04-26 20:07:05.607 collect-started=0.053ms request-sent=7.526ms started=9.655ms ready=24.857ms sent=237.597ms commit=59.048ms finished=766.115ms
04-26 20:07:06.378 17653 17653 D VRI[PreloadActivity]: visibilityChanged oldVisibility=true newVisibility=false
04-26 20:07:06.378  1036  1091 V WindowManagerShell: Track 0 became idle
04-26 20:07:06.379  1036  1091 V WindowManagerShell: All active transition animations finished
04-26 20:07:06.397 17653 17653 D WindowOnBackDispatcher: setTopOnBackInvokedCallback (unwrapped): null
04-26 20:07:06.398   736  1410 D CoreBackPreview: Window{2f28a2f u0 com.muonline.client/com.muonline.client.PreloadActivity}: Setting back callback null
04-26 20:07:06.399 17653 17653 D ViewRootImpl: Skipping stats log for color mode
04-26 20:07:07.034   736   954 I AdbWifiNetworkMonitor: Wi-Fi network available
04-26 20:07:07.034   736   954 I AdbWifiNetworkMonitor: Received the same Wi-Fi SSID. Ignoring.
04-26 20:07:07.042  1366  5070 I NullBinder: NullBinder for android.net.action.RECOMMEND_NETWORKS triggering remote TransactionTooLargeException due to Service without Chimera impl, calling uid: 1000, calling pid: 0
04-26 20:07:07.043  1366  5070 W libbinder.Binder: Large reply transaction of 1056768 bytes, interface descriptor , function: UNKNOWN_FUNCTION_NAME, code: 1, flags: 17
04-26 20:07:07.045   736   921 I HalDevMgr: bestIfaceCreationProposal is null, requestIface=STA, existingIface=[name=wlan0 type=STA]
04-26 20:07:07.054  1160  1312 D IpClient/wlan0: interfaceLinkStateChanged: ifindex 16 up
04-26 20:07:07.061  1160  1312 D IpClient/wlan0: interfaceLinkStateChanged: ifindex 16 up
04-26 20:07:07.622   560   624 D AF::Track: interceptBuffer: took 628us to intercept 0 tracks
04-26 20:07:07.670 17653 17692 I MuMain  : OPENBASIC: OpenImages begin
04-26 20:07:07.673 17653 17692 I MuMain  : OPENBASIC: OpenImages done
04-26 20:07:07.674 17653 17692 I MuMain  : OPENBASIC: OpenSounds begin
04-26 20:07:07.674 17653 17692 I MuMain  : OPENBASIC: OpenSounds done
04-26 20:07:07.674 17653 17692 I MuMain  : OPENBASIC: scripts begin
04-26 20:07:07.692 17653 17692 I MuMain  : OPENBASIC: OpenTextData begin
04-26 20:07:07.697 17653 17692 I MuMain  : OPENBASIC: OpenTextData done
04-26 20:07:07.709 17653 17692 I MuMain  : OPENBASIC: master/gate/filter done
04-26 20:07:07.710 17653 17692 I MuMain  : WEBZEN: OpenBasicData done
04-26 20:07:07.792 17653 17692 I TakumiErrorReport: File not found Data\Interface\InGameShop\ingame_Bt_page_L.tga (32485)->Data\Custom\Maps\CRadar.tga
04-26 20:07:07.794 17653 17692 I TakumiErrorReport: File not found Data\Interface\InGameShop\IGS_Storage_Page.tga (32487)->Data\Custom\Maps\map_radar.tga
04-26 20:07:07.797 17653 17692 I TakumiErrorReport: File not found Data\Interface\InGameShop\IGS_Storage_Page_Left.tga (32488)->Data\Custom\Maps\background-tcp.tga
04-26 20:07:07.798 17653 17692 I TakumiErrorReport: File not found Data\Interface\InGameShop\IGS_Storage_Page_Right.tga (32489)->Data\Interface\newui_option_check.tga
04-26 20:07:08.020   560   624 D AudioFlinger: mixer(0x718908b67790) throttle end: throttle time(40)
04-26 20:07:08.050 17653 17692 I TakumiErrorReport: File not found Data\Interface\newui_item_back01.tga (31373)->Data\Interface\newui_item_back04.tga
04-26 20:07:08.051 17653 17692 I TakumiErrorReport: File not found Data\Interface\newui_item_back04.tga (31373)->Data\Interface\newui_item_back01.tga
04-26 20:07:08.054 17653 17692 I MuMain  : WEBZEN: LoadMainSceneInterface done
04-26 20:07:08.055 17653 17692 I TakumiErrorReport: > Loading ok.
04-26 20:07:08.057 17653 17692 E BLASTBufferQueue: [1aba804 SurfaceView[com.muonline.client/com.muonline.client.MuMainActivity]#2](f:0,a:0) rejecting buffer:active_size=2268x1080, requested_size=2268x1080 buffer{size=2268x943 transform=0}
04-26 20:07:08.110 17653 17692 I MuMain  : ADAPT fx scale: fps=0.5 frameMs=2083.06 1.00->0.90 target=0.55
04-26 20:07:08.110 17653 17692 I MuMain  : PERF fps=0.5 frameMs=2083.06 phase(render=2027.22 pad=0.03 present=55.35) renderLevel=4 fxScale=1.00 maxMsg=70 avg(draw=132 verts=792 im=132 vaD=0 vaC=0 qI=0 qE=0) max(draw=132 verts=792)
04-26 20:07:08.110 17653 17692 I MuMain  : PERF_SCENE world=-1 char(live=0 vis=0 ply=0 mon=0 npc=0 pet=0 prio=0 topMon=-1 x0) obj(live=0 vis=0 op=0 trap=0 topObj=-1 x0)
04-26 20:07:08.110 17653 17692 I MuMain  : PERF_BUCKET objMove(cand=0 upd=0 def=0 n=0 m=0 f=0) objRender(cand=0 draw=0 cull=0 n=0 m=0 f=0 visDraw=0 visDef=0) charMove(cand=0 upd=0 def=0 n=0 m=0 f=0) charRender(cand=0 draw=0 def=0 cull=0 n=0 m=0 f=0)
04-26 20:07:08.110 17653 17692 I MuMain  : PERF_TERRAIN world=-1 normal(block=0 tile=0) grass(block=0 tile=0) after(block=0 tile=0)
04-26 20:07:08.111 17653 17692 I MuMain  : Frame 0 — drawCalls=132 verts=792 paths(im=132 vaD=0 vaC=0 qI=0 qE=0) SDL_err='Couldn't open asset '/storage/emulated/0/Android/data/com.muonline.client/files/Data/fonts/font_.ttf''
04-26 20:07:08.221 17653 17692 I TakumiErrorReport: File not found Data\World74\leaf01.tga (30357)->Data\World74\leaf01.jpg
04-26 20:07:08.234 17653 17692 I AndroidGDI: Font OK: /system/fonts/DroidSans-Bold.ttf sz=10
04-26 20:07:08.234 17653 17692 I TakumiErrorReport: [Connect to Server 33] ip address = 171.235.182.88, port = 44405
04-26 20:07:08.236 17653 17692 E MuMain  : PlayMp3 failed requested=[data\music\login_theme.mp3] resolved=[data/music/login_theme.mp3] reqExists=0 resolvedExists=0 cwd=[/storage/emulated/0/Android/data/com.muonline.client/files]: Couldn't open 'data/music/login_theme.mp3'
04-26 20:07:08.236 17653 17692 I TakumiErrorReport: > Login Scene init success.
04-26 20:07:08.247 17653 17692 I AndroidGDI: AndroidTextOut ENTRY len=34 hdc=0x733fdca9c4f0 bmp=0x733fdca9c760 text[0]=40
04-26 20:07:08.248 17653 17692 I AndroidGDI: TextOut surf=241x18 fmt=0x16362004 maxA=255 dib[0..2]=0,0,0
04-26 20:07:08.248 17653 17692 I AndroidGDI: AndroidTextOut ENTRY len=25 hdc=0x733fdca9c4f0 bmp=0x733fdca9c760 text[0]=32
04-26 20:07:08.249 17653 17692 I AndroidGDI: TextOut surf=177x18 fmt=0x16362004 maxA=255 dib[0..2]=0,0,0
04-26 20:07:08.249 17653 17692 I AndroidGDI: AndroidTextOut ENTRY len=14 hdc=0x733fdca9c4f0 bmp=0x733fdca9c760 text[0]=80
04-26 20:07:08.249 17653 17692 I AndroidGDI: TextOut surf=95x18 fmt=0x16362004 maxA=255 dib[0..2]=0,0,0
04-26 20:07:08.253  1016  1016 I wpa_supplicant: wlan0: CTRL-EVENT-BEACON-LOSS 
04-26 20:07:08.261 17653 17692 I MuMain  : Frame 1 — drawCalls=122 verts=43017 paths(im=885 vaD=0 vaC=0 qI=4 qE=0) SDL_err='Couldn't open 'data/music/login_theme.mp3''
04-26 20:07:08.283 17653 17692 I AndroidGDI: AndroidTextOut ENTRY len=34 hdc=0x733fdca9c4f0 bmp=0x733fdca9c760 text[0]=40
04-26 20:07:08.283 17653 17692 I AndroidGDI: TextOut surf=241x18 fmt=0x16362004 maxA=255 dib[0..2]=0,0,0
04-26 20:07:08.283 17653 17692 I AndroidGDI: AndroidTextOut ENTRY len=25 hdc=0x733fdca9c4f0 bmp=0x733fdca9c760 text[0]=32
04-26 20:07:08.283 17653 17692 I AndroidGDI: TextOut surf=177x18 fmt=0x16362004 maxA=255 dib[0..2]=0,0,0
04-26 20:07:08.283 17653 17692 I AndroidGDI: AndroidTextOut ENTRY len=14 hdc=0x733fdca9c4f0 bmp=0x733fdca9c760 text[0]=80
04-26 20:07:08.295 17653 17692 I MuMain  : Frame 2 — drawCalls=313 verts=70092 paths(im=1526 vaD=0 vaC=0 qI=18 qE=0) SDL_err=''
04-26 20:07:08.315 17653 17692 I AndroidGDI: AndroidTextOut ENTRY len=34 hdc=0x733fdca9c4f0 bmp=0x733fdca9c760 text[0]=40
04-26 20:07:08.316 17653 17692 I AndroidGDI: AndroidTextOut ENTRY len=25 hdc=0x733fdca9c4f0 bmp=0x733fdca9c760 text[0]=32
04-26 20:07:08.316 17653 17692 I AndroidGDI: AndroidTextOut ENTRY len=14 hdc=0x733fdca9c4f0 bmp=0x733fdca9c760 text[0]=80
04-26 20:07:08.317 17653 17692 I MuMain  : Frame 3 — drawCalls=314 verts=69192 paths(im=1511 vaD=0 vaC=0 qI=29 qE=0) SDL_err=''
04-26 20:07:08.338 17653 17692 I AndroidGDI: AndroidTextOut ENTRY len=34 hdc=0x733fdca9c4f0 bmp=0x733fdca9c760 text[0]=40
04-26 20:07:08.340 17653 17692 I MuMain  : Frame 4 — drawCalls=324 verts=69258 paths(im=1522 vaD=0 vaC=0 qI=41 qE=0) SDL_err=''
04-26 20:07:08.363 17653 17692 I MuMain  : Frame 5 — drawCalls=333 verts=73659 paths(im=1539 vaD=0 vaC=0 qI=49 qE=0) SDL_err=''
04-26 20:07:08.386 17653 17692 I MuMain  : Frame 6 — drawCalls=347 verts=73773 paths(im=1558 vaD=0 vaC=0 qI=61 qE=0) SDL_err=''
04-26 20:07:08.409 17653 17692 I MuMain  : Frame 7 — drawCalls=358 verts=73857 paths(im=1572 vaD=0 vaC=0 qI=76 qE=0) SDL_err=''
04-26 20:07:08.432 17653 17692 I MuMain  : Frame 8 — drawCalls=369 verts=74043 paths(im=1589 vaD=0 vaC=0 qI=86 qE=0) SDL_err=''
04-26 20:07:08.457 17653 17692 I MuMain  : Frame 9 — drawCalls=378 verts=74217 paths(im=1604 vaD=0 vaC=0 qI=97 qE=0) SDL_err=''
04-26 20:07:08.623   736  1699 E TaskPersister: File error accessing recents directory (directory doesn't exist?).
04-26 20:07:08.641 17653 17692 W MuMain  : ADAPT net budget down: fps=39.6 frameMs=25.24 maxMsg 70->60
04-26 20:07:08.902 17653 17692 W MuMain  : ADAPT net budget down: fps=34.4 frameMs=29.08 maxMsg 60->50
04-26 20:07:09.158 17653 17692 W MuMain  : ADAPT net budget down: fps=35.1 frameMs=28.46 maxMsg 50->40
04-26 20:07:09.159 17653 17692 I MuMain  : PERF fps=35.1 frameMs=28.46 phase(render=27.36 pad=0.02 present=1.01) renderLevel=4 fxScale=1.00 maxMsg=40 avg(draw=430 verts=74760 im=1812 vaD=0 vaC=0 qI=201 qE=0) max(draw=458 verts=76866)
04-26 20:07:09.159 17653 17692 I MuMain  : PERF_SCENE world=73 char(live=0 vis=0 ply=0 mon=0 npc=0 pet=0 prio=0 topMon=-1 x0) obj(live=375 vis=174 op=0 trap=0 topObj=155 x29)
04-26 20:07:09.159 17653 17692 I MuMain  : PERF_BUCKET objMove(cand=0 upd=0 def=0 n=0 m=0 f=0) objRender(cand=0 draw=0 cull=0 n=0 m=0 f=0 visDraw=0 visDef=0) charMove(cand=0 upd=0 def=0 n=0 m=0 f=0) charRender(cand=0 draw=0 def=0 cull=0 n=0 m=0 f=0)
04-26 20:07:09.159 17653 17692 I MuMain  : PERF_TERRAIN world=73 normal(block=0 tile=0) grass(block=0 tile=0) after(block=0 tile=0)
04-26 20:07:09.430 17653 17692 I MuMain  : ADAPT fx scale: fps=36.8 frameMs=27.15 1.00->0.90 target=0.90
04-26 20:07:09.430 17653 17692 W MuMain  : ADAPT net budget down: fps=36.8 frameMs=27.15 maxMsg 40->30
04-26 20:07:09.536  1203  1331 D SatelliteController: isInCarrierRoamingNbIotNtn: satellite is disabled
04-26 20:07:09.536  1203  1331 D SatelliteController: getCarrierRoamingNtnConnectType: Checking connect type from PLMN config for subId: 1
04-26 20:07:09.539  1203  1331 D SatelliteController: getSatellitePerPlmnConfiguration: invalid subId or not supported via carrier.
04-26 20:07:09.539  1203  1331 D SatelliteController: getCarrierRoamingNtnConnectType: config: null
04-26 20:07:09.541  1203  1331 D SatelliteController: getCarrierRoamingNtnConnectType: Falling back to global carrier config connect type: 0
04-26 20:07:09.541  1203  1331 D SatelliteController: updateLastNotifiedCarrierRoamingNtnSignalStrengthAndNotify(1)
04-26 20:07:09.541  1203  1331 D SatelliteController: updateLastNotifiedCarrierRoamingNtnSignalStrengthAndNotify(1) lastNotifiedSignalStrength level: 0
04-26 20:07:09.541  1203  1331 D SatelliteController: updateLastNotifiedCarrierRoamingNtnSignalStrengthAndNotify(1) currSignalStrength level: 0
04-26 20:07:10.054   736   921 I HalDevMgr: bestIfaceCreationProposal is null, requestIface=STA, existingIface=[name=wlan0 type=STA]
04-26 20:07:10.203 17653 17692 I MuMain  : PERF fps=39.7 frameMs=25.20 phase(render=24.37 pad=0.02 present=0.73) renderLevel=4 fxScale=1.00 maxMsg=30 avg(draw=369 verts=79206 im=1738 vaD=0 vaC=0 qI=180 qE=0) max(draw=378 verts=81471)
04-26 20:07:10.203 17653 17692 I MuMain  : PERF_SCENE world=73 char(live=0 vis=0 ply=0 mon=0 npc=0 pet=0 prio=0 topMon=-1 x0) obj(live=375 vis=188 op=0 trap=0 topObj=79 x23)
04-26 20:07:10.203 17653 17692 I MuMain  : PERF_BUCKET objMove(cand=0 upd=0 def=0 n=0 m=0 f=0) objRender(cand=0 draw=0 cull=0 n=0 m=0 f=0 visDraw=0 visDef=0) charMove(cand=0 upd=0 def=0 n=0 m=0 f=0) charRender(cand=0 draw=0 def=0 cull=0 n=0 m=0 f=0)
04-26 20:07:10.203 17653 17692 I MuMain  : PERF_TERRAIN world=73 normal(block=0 tile=0) grass(block=0 tile=0) after(block=0 tile=0)
04-26 20:07:10.721 17653 17692 I MuMain  : ADAPT fx scale: fps=45.0 frameMs=22.24 1.00->0.90 target=0.90
04-26 20:07:11.237 17653 17692 I MuMain  : PERF fps=55.9 frameMs=17.89 phase(render=17.04 pad=0.03 present=0.73) renderLevel=4 fxScale=1.00 maxMsg=30 avg(draw=252 verts=70407 im=1623 vaD=0 vaC=0 qI=108 qE=0) max(draw=284 verts=72294)
04-26 20:07:11.238 17653 17692 I MuMain  : PERF_SCENE world=73 char(live=0 vis=0 ply=0 mon=0 npc=0 pet=0 prio=0 topMon=-1 x0) obj(live=375 vis=185 op=0 trap=0 topObj=79 x24)
04-26 20:07:11.238 17653 17692 I MuMain  : PERF_BUCKET objMove(cand=0 upd=0 def=0 n=0 m=0 f=0) objRender(cand=0 draw=0 cull=0 n=0 m=0 f=0 visDraw=0 visDef=0) charMove(cand=0 upd=0 def=0 n=0 m=0 f=0) charRender(cand=0 draw=0 def=0 cull=0 n=0 m=0 f=0)
04-26 20:07:11.238 17653 17692 I MuMain  : PERF_TERRAIN world=73 normal(block=0 tile=0) grass(block=0 tile=0) after(block=0 tile=0)
04-26 20:07:12.252 17653 17692 I MuMain  : PERF fps=71.8 frameMs=13.92 phase(render=13.33 pad=0.02 present=0.51) renderLevel=4 fxScale=1.00 maxMsg=30 avg(draw=181 verts=79355 im=1591 vaD=0 vaC=0 qI=66 qE=0) max(draw=190 verts=81669)
04-26 20:07:12.252 17653 17692 I MuMain  : PERF_SCENE world=73 char(live=0 vis=0 ply=0 mon=0 npc=0 pet=0 prio=0 topMon=-1 x0) obj(live=375 vis=167 op=0 trap=0 topObj=79 x24)
04-26 20:07:12.252 17653 17692 I MuMain  : PERF_BUCKET objMove(cand=0 upd=0 def=0 n=0 m=0 f=0) objRender(cand=0 draw=0 cull=0 n=0 m=0 f=0 visDraw=0 visDef=0) charMove(cand=0 upd=0 def=0 n=0 m=0 f=0) charRender(cand=0 draw=0 def=0 cull=0 n=0 m=0 f=0)
04-26 20:07:12.252 17653 17692 I MuMain  : PERF_TERRAIN world=73 normal(block=0 tile=0) grass(block=0 tile=0) after(block=0 tile=0)
04-26 20:07:12.509 17653 17692 I MuMain  : ADAPT net budget up: fps=66.2 frameMs=15.11 maxMsg 30->35
04-26 20:07:13.062   736   921 I HalDevMgr: bestIfaceCreationProposal is null, requestIface=STA, existingIface=[name=wlan0 type=STA]
04-26 20:07:13.070  1160  1312 D IpClient/wlan0: interfaceLinkStateChanged: ifindex 16 up
04-26 20:07:13.075  1160  1312 D IpClient/wlan0: interfaceLinkStateChanged: ifindex 16 up
04-26 20:07:13.284 17653 17692 I MuMain  : PERF fps=64.3 frameMs=15.54 phase(render=14.93 pad=0.03 present=0.53) renderLevel=4 fxScale=1.00 maxMsg=35 avg(draw=184 verts=94271 im=1618 vaD=0 vaC=0 qI=81 qE=0) max(draw=194 verts=97344)
04-26 20:07:13.284 17653 17692 I MuMain  : PERF_SCENE world=73 char(live=0 vis=0 ply=0 mon=0 npc=0 pet=0 prio=0 topMon=-1 x0) obj(live=375 vis=170 op=0 trap=0 topObj=79 x29)
04-26 20:07:13.284 17653 17692 I MuMain  : PERF_BUCKET objMove(cand=0 upd=0 def=0 n=0 m=0 f=0) objRender(cand=0 draw=0 cull=0 n=0 m=0 f=0 visDraw=0 visDef=0) charMove(cand=0 upd=0 def=0 n=0 m=0 f=0) charRender(cand=0 draw=0 def=0 cull=0 n=0 m=0 f=0)
04-26 20:07:13.284 17653 17692 I MuMain  : PERF_TERRAIN world=73 normal(block=0 tile=0) grass(block=0 tile=0) after(block=0 tile=0)
04-26 20:07:13.537 17653 17692 I MuMain  : ADAPT net budget up: fps=63.2 frameMs=15.82 maxMsg 35->40
04-26 20:07:13.745  2780  2780 I artd    : GetBestInfo: odex next to the dex file (/data/app/~~PqdBwR9WSFUNw4iaJMgoGg==/com.google.android.gms-95Dc1VeYXyONiCBDqz_lkA==/oat/x86_64/base.odex) is kOatUpToDate with filter 'speed-profile' executable 'false'
04-26 20:07:13.748  2780  2780 I artd    : GetBestInfo: dm (/data/app/~~PqdBwR9WSFUNw4iaJMgoGg==/com.google.android.gms-95Dc1VeYXyONiCBDqz_lkA==/split_AdsDynamite_installtime.dm) is kOatUpToDate with filter 'verify' executable 'false'
04-26 20:07:13.750  2780  2780 I artd    : GetBestInfo: dm (/data/app/~~PqdBwR9WSFUNw4iaJMgoGg==/com.google.android.gms-95Dc1VeYXyONiCBDqz_lkA==/split_CronetDynamite_installtime.dm) is kOatUpToDate with filter 'verify' executable 'false'
04-26 20:07:13.756  2780  2780 I artd    : GetBestInfo: dm (/data/app/~~PqdBwR9WSFUNw4iaJMgoGg==/com.google.android.gms-95Dc1VeYXyONiCBDqz_lkA==/split_DynamiteLoader_installtime.dm) is kOatUpToDate with filter 'verify' executable 'false'
04-26 20:07:13.758  2780  2780 I artd    : GetBestInfo: dm (/data/app/~~PqdBwR9WSFUNw4iaJMgoGg==/com.google.android.gms-95Dc1VeYXyONiCBDqz_lkA==/split_DynamiteModulesA_installtime.dm) is kOatUpToDate with filter 'verify' executable 'false'
04-26 20:07:13.760  2780  2780 I artd    : GetBestInfo: dm (/data/app/~~PqdBwR9WSFUNw4iaJMgoGg==/com.google.android.gms-95Dc1VeYXyONiCBDqz_lkA==/split_DynamiteModulesC_installtime.dm) is kOatUpToDate with filter 'verify' executable 'false'
04-26 20:07:13.762  2780  2780 I artd    : GetBestInfo: dm (/data/app/~~PqdBwR9WSFUNw4iaJMgoGg==/com.google.android.gms-95Dc1VeYXyONiCBDqz_lkA==/split_GoogleCertificates_installtime.dm) is kOatUpToDate with filter 'verify' executable 'false'
04-26 20:07:13.764  2780  2780 I artd    : GetBestInfo: dm (/data/app/~~PqdBwR9WSFUNw4iaJMgoGg==/com.google.android.gms-95Dc1VeYXyONiCBDqz_lkA==/split_MapsDynamite_installtime.dm) is kOatUpToDate with filter 'verify' executable 'false'
04-26 20:07:13.766  2780  2780 I artd    : GetBestInfo: dm (/data/app/~~PqdBwR9WSFUNw4iaJMgoGg==/com.google.android.gms-95Dc1VeYXyONiCBDqz_lkA==/split_MeasurementDynamite_installtime.dm) is kOatUpToDate with filter 'verify' executable 'false'
04-26 20:07:13.772  2780  2780 I artd    : GetBestInfo: dm (/data/app/~~PqdBwR9WSFUNw4iaJMgoGg==/com.google.android.gms-95Dc1VeYXyONiCBDqz_lkA==/split_all_locale_splits.dm) is kOatUpToDate with filter 'verify' executable 'false'
04-26 20:07:13.774  2780  2780 I artd    : GetBestInfo: /data/user_de/0/com.google.android.gms/app_chimera/m/0000000a/dl-TfliteDynamiteDynamite.integ_252130102100800.apk has no usable artifacts
04-26 20:07:13.775  2780  2780 I artd    : GetBestInfo: /data/user_de/0/com.google.android.gms/app_chimera/m/00000001/CronetDynamite.apk has no usable artifacts
04-26 20:07:13.777  2780  2780 I artd    : GetBestInfo: /data/user_de/0/com.google.android.gms/app_chimera/m/00000016/dl-MlkitOcrCommon.optional_261332100800.apk has no usable artifacts
04-26 20:07:13.778  2780  2780 I artd    : GetBestInfo: /data/user_de/0/com.google.android.gms/app_chimera/m/00000002/DynamiteLoader.apk has no usable artifacts
04-26 20:07:13.780  2780  2780 I artd    : GetBestInfo: /data/user_de/0/com.google.android.gms/app_chimera/m/0000000e/dl-MlkitBarcodeUi.optional_260235100800.apk has no usable artifacts
04-26 20:07:13.782  2780  2780 I artd    : GetBestInfo: /data/user_de/0/com.google.android.gms/app_chimera/m/00000013/dl-Appsearch.optional_261332100800.apk has no usable artifacts
04-26 20:07:13.783  2780  2780 I artd    : GetBestInfo: /data/user_de/0/com.google.android.gms/app_chimera/m/00000005/GoogleCertificates.apk has no usable artifacts
04-26 20:07:13.789  2780  2780 I artd    : GetBestInfo: /data/user_de/0/com.google.android.gms/app_chimera/m/00000012/dl-PlayCloudSearch.optional_261332100000.apk has no usable artifacts
04-26 20:07:13.791  2780  2780 I artd    : GetBestInfo: vdex next to the dex file (/data/user/0/com.google.android.gms/app_dg_cache/B3ED91DEC21F0EB5284BE10D982ABEAAC45F5C48/oat/x86_64/the.vdex) is kOatUpToDate with filter 'verify' executable 'false'
04-26 20:07:13.793  2780  2780 I artd    : GetBestInfo: /data/user_de/0/com.google.android.gms/app_chimera/m/0000000f/dl-PlayCloudSearch.optional_260235100000.apk has no usable artifacts
04-26 20:07:13.796  2780  2780 I artd    : GetBestInfo: /data/user_de/0/com.google.android.gms/app_chimera/m/00000008/dl-VisionOcr.optional_260235100000.apk has no usable artifacts
04-26 20:07:13.799  2780  2780 I artd    : GetBestInfo: /data/user_de/0/com.google.android.gms/app_chimera/m/0000000b/dl-Appsearch.optional_260235100800.apk has no usable artifacts
04-26 20:07:13.801  2780  2780 I artd    : GetBestInfo: /data/user_de/0/com.google.android.gms/app_chimera/m/00000011/dl-VisionOcr.optional_261332100000.apk has no usable artifacts
04-26 20:07:13.802 17653 17692 I MuMain  : ADAPT fx scale: fps=37.6 frameMs=26.58 1.00->0.90 target=0.90
04-26 20:07:13.803  2780  2780 I artd    : GetBestInfo: /data/user_de/0/com.google.android.gms/app_chimera/m/00000015/dl-MlkitBarcodeUi.optional_261332100800.apk has no usable artifacts
04-26 20:07:13.806  2780  2780 I artd    : GetBestInfo: /data/user_de/0/com.google.android.gms/app_chimera/m/00000009/dl-MlkitOcrCommon.optional_260235100800.apk has no usable artifacts
04-26 20:07:13.808  2780  2780 I artd    : GetBestInfo: vdex next to the dex file (/data/user/0/com.google.android.gms/app_dg_cache/CE973E4DE823F0AA69070767A9FABB590DDD455C/oat/x86_64/the.vdex) is kOatUpToDate with filter 'verify' executable 'false'
04-26 20:07:13.808  2780  2780 I artd    : GetBestInfo: /data/user_de/0/com.google.android.gms/app_chimera/m/00000007/MeasurementDynamite.apk has no usable artifacts
04-26 20:07:14.320 17653 17692 I MuMain  : PERF fps=59.0 frameMs=16.95 phase(render=16.23 pad=0.03 present=0.63) renderLevel=4 fxScale=1.00 maxMsg=40 avg(draw=219 verts=94610 im=1666 vaD=0 vaC=0 qI=112 qE=0) max(draw=229 verts=98004)
04-26 20:07:14.320 17653 17692 I MuMain  : PERF_SCENE world=73 char(live=0 vis=0 ply=0 mon=0 npc=0 pet=0 prio=0 topMon=-1 x0) obj(live=375 vis=165 op=0 trap=0 topObj=79 x25)
04-26 20:07:14.320 17653 17692 I MuMain  : PERF_BUCKET objMove(cand=0 upd=0 def=0 n=0 m=0 f=0) objRender(cand=0 draw=0 cull=0 n=0 m=0 f=0 visDraw=0 visDef=0) charMove(cand=0 upd=0 def=0 n=0 m=0 f=0) charRender(cand=0 draw=0 def=0 cull=0 n=0 m=0 f=0)
04-26 20:07:14.320 17653 17692 I MuMain  : PERF_TERRAIN world=73 normal(block=0 tile=0) grass(block=0 tile=0) after(block=0 tile=0)
04-26 20:07:14.593   736   862 D ActivityManager: freezing 4276 com.android.vending:background
04-26 20:07:14.870   736   862 D ActivityManager: freezing 4164 com.android.vending
04-26 20:07:14.876   736   931 D InetDiagMessage: Destroyed 0 sockets, proto=IPPROTO_TCP, family=AF_INET, states=14
04-26 20:07:14.877   736   931 D InetDiagMessage: Destroyed 2 sockets, proto=IPPROTO_TCP, family=AF_INET6, states=14
04-26 20:07:14.877   736   931 D InetDiagMessage: Destroyed live tcp sockets for uids={10154} in 2ms
04-26 20:07:15.106 17653 17692 I MuMain  : ADAPT fx scale: fps=42.3 frameMs=23.65 1.00->0.90 target=0.90
04-26 20:07:15.362 17653 17692 I MuMain  : PERF fps=42.9 frameMs=23.29 phase(render=22.27 pad=0.06 present=0.86) renderLevel=4 fxScale=1.00 maxMsg=40 avg(draw=269 verts=93637 im=1723 vaD=0 vaC=0 qI=158 qE=0) max(draw=279 verts=94857)
04-26 20:07:15.362 17653 17692 I MuMain  : PERF_SCENE world=73 char(live=0 vis=0 ply=0 mon=0 npc=0 pet=0 prio=0 topMon=-1 x0) obj(live=375 vis=157 op=0 trap=0 topObj=135 x18)
04-26 20:07:15.362 17653 17692 I MuMain  : PERF_BUCKET objMove(cand=0 upd=0 def=0 n=0 m=0 f=0) objRender(cand=0 draw=0 cull=0 n=0 m=0 f=0 visDraw=0 visDef=0) charMove(cand=0 upd=0 def=0 n=0 m=0 f=0) charRender(cand=0 draw=0 def=0 cull=0 n=0 m=0 f=0)
04-26 20:07:15.362 17653 17692 I MuMain  : PERF_TERRAIN world=73 normal(block=0 tile=0) grass(block=0 tile=0) after(block=0 tile=0)
04-26 20:07:15.619 17653 17692 W MuMain  : ADAPT net budget down: fps=54.4 frameMs=18.38 maxMsg 40->30
04-26 20:07:16.071   736   921 I HalDevMgr: bestIfaceCreationProposal is null, requestIface=STA, existingIface=[name=wlan0 type=STA]
04-26 20:07:16.391 17653 17692 I MuMain  : ADAPT fx scale: fps=46.2 frameMs=21.63 1.00->0.90 target=0.90
04-26 20:07:16.391 17653 17692 I MuMain  : PERF fps=46.2 frameMs=21.63 phase(render=20.88 pad=0.02 present=0.68) renderLevel=4 fxScale=1.00 maxMsg=30 avg(draw=323 verts=104371 im=1833 vaD=0 vaC=0 qI=205 qE=0) max(draw=348 verts=104439)
04-26 20:07:16.391 17653 17692 I MuMain  : PERF_SCENE world=73 char(live=0 vis=0 ply=0 mon=0 npc=0 pet=0 prio=0 topMon=-1 x0) obj(live=375 vis=128 op=0 trap=0 topObj=135 x18)
04-26 20:07:16.391 17653 17692 I MuMain  : PERF_BUCKET objMove(cand=0 upd=0 def=0 n=0 m=0 f=0) objRender(cand=0 draw=0 cull=0 n=0 m=0 f=0 visDraw=0 visDef=0) charMove(cand=0 upd=0 def=0 n=0 m=0 f=0) charRender(cand=0 draw=0 def=0 cull=0 n=0 m=0 f=0)
04-26 20:07:16.391 17653 17692 I MuMain  : PERF_TERRAIN world=73 normal(block=0 tile=0) grass(block=0 tile=0) after(block=0 tile=0)
04-26 20:07:16.444  1016  1016 I wpa_supplicant: wlan0: CTRL-EVENT-BEACON-LOSS 
04-26 20:07:16.566   736   931 D InetDiagMessage: Destroyed 0 sockets, proto=IPPROTO_TCP, family=AF_INET, states=14
04-26 20:07:16.567   736   931 D InetDiagMessage: Destroyed 0 sockets, proto=IPPROTO_TCP, family=AF_INET6, states=14
04-26 20:07:16.567   736   931 D InetDiagMessage: Destroyed live tcp sockets for uids={10160} in 1ms
04-26 20:07:16.567   736   931 D InetDiagMessage: Destroyed 0 sockets, proto=IPPROTO_TCP, family=AF_INET, states=14
04-26 20:07:16.568   736   931 D InetDiagMessage: Destroyed 0 sockets, proto=IPPROTO_TCP, family=AF_INET6, states=14
04-26 20:07:16.568   736   931 D InetDiagMessage: Destroyed live tcp sockets for uids={20160} in 1ms
04-26 20:07:17.452 17653 17692 I MuMain  : PERF fps=39.8 frameMs=25.12 phase(render=24.10 pad=0.02 present=0.94) renderLevel=4 fxScale=1.00 maxMsg=30 avg(draw=390 verts=99268 im=1958 vaD=0 vaC=0 qI=292 qE=0) max(draw=396 verts=100002)
04-26 20:07:17.452 17653 17692 I MuMain  : PERF_SCENE world=73 char(live=0 vis=0 ply=0 mon=0 npc=0 pet=0 prio=0 topMon=-1 x0) obj(live=375 vis=106 op=0 trap=0 topObj=135 x12)
04-26 20:07:17.452 17653 17692 I MuMain  : PERF_BUCKET objMove(cand=0 upd=0 def=0 n=0 m=0 f=0) objRender(cand=0 draw=0 cull=0 n=0 m=0 f=0 visDraw=0 visDef=0) charMove(cand=0 upd=0 def=0 n=0 m=0 f=0) charRender(cand=0 draw=0 def=0 cull=0 n=0 m=0 f=0)
04-26 20:07:17.452 17653 17692 I MuMain  : PERF_TERRAIN world=73 normal(block=0 tile=0) grass(block=0 tile=0) after(block=0 tile=0)
04-26 20:07:17.724 17653 17692 I MuMain  : ADAPT fx scale: fps=40.4 frameMs=24.74 1.00->0.90 target=0.90
04-26 20:07:18.428  1160  1312 D IpClient/wlan0: addressUpdated: fec0::318:2ae9:4605:3476/64 on ifindex 16 flags 0x00000900 scope 200
04-26 20:07:18.428  1160  1312 D IpClient/wlan0: addressUpdated: fec0::842a:93e7:4d8d:46d/64 on ifindex 16 flags 0x00000001 scope 200
04-26 20:07:18.428  1160  1312 W AlarmManager: Unrecognized alarm listener com.android.networkstack.android.net.ip.IpClientLinkObserver$Dhcp6PdPreferredPrefixAlarmListener@909d135
04-26 20:07:18.428  1160  1312 D ApfFilter: (wlan0): Adding RA fe80::2 -> ff02::1 1800s fec0::/64 86400s/14400s 
04-26 20:07:18.494 17653 17692 I MuMain  : PERF fps=39.8 frameMs=25.13 phase(render=24.36 pad=0.03 present=0.70) renderLevel=4 fxScale=1.00 maxMsg=30 avg(draw=396 verts=96896 im=2021 vaD=0 vaC=0 qI=298 qE=0) max(draw=405 verts=96984)
04-26 20:07:18.494 17653 17692 I MuMain  : PERF_SCENE world=73 char(live=0 vis=0 ply=0 mon=0 npc=0 pet=0 prio=0 topMon=-1 x0) obj(live=375 vis=89 op=0 trap=0 topObj=129 x7)
04-26 20:07:18.494 17653 17692 I MuMain  : PERF_BUCKET objMove(cand=0 upd=0 def=0 n=0 m=0 f=0) objRender(cand=0 draw=0 cull=0 n=0 m=0 f=0 visDraw=0 visDef=0) charMove(cand=0 upd=0 def=0 n=0 m=0 f=0) charRender(cand=0 draw=0 def=0 cull=0 n=0 m=0 f=0)
04-26 20:07:18.494 17653 17692 I MuMain  : PERF_TERRAIN world=73 normal(block=0 tile=0) grass(block=0 tile=0) after(block=0 tile=0)
04-26 20:07:19.033 17653 17692 I MuMain  : ADAPT fx scale: fps=41.6 frameMs=24.05 1.00->0.90 target=0.90
04-26 20:07:19.076   736   954 I AdbWifiNetworkMonitor: Wi-Fi network available
04-26 20:07:19.076   736   954 I AdbWifiNetworkMonitor: Received the same Wi-Fi SSID. Ignoring.
04-26 20:07:19.080   736   921 I HalDevMgr: bestIfaceCreationProposal is null, requestIface=STA, existingIface=[name=wlan0 type=STA]
04-26 20:07:19.089  1366  5070 I NullBinder: NullBinder for android.net.action.RECOMMEND_NETWORKS triggering remote TransactionTooLargeException due to Service without Chimera impl, calling uid: 1000, calling pid: 0
04-26 20:07:19.090  1366  5070 W libbinder.Binder: Large reply transaction of 1056768 bytes, interface descriptor , function: UNKNOWN_FUNCTION_NAME, code: 1, flags: 17
04-26 20:07:19.095  1160  1312 D IpClient/wlan0: interfaceLinkStateChanged: ifindex 16 up
04-26 20:07:19.101  1160  1312 D IpClient/wlan0: interfaceLinkStateChanged: ifindex 16 up
04-26 20:07:19.540  1203  1331 D SatelliteController: isInCarrierRoamingNbIotNtn: satellite is disabled
04-26 20:07:19.540  1203  1331 D SatelliteController: getCarrierRoamingNtnConnectType: Checking connect type from PLMN config for subId: 1
04-26 20:07:19.544  1203  1331 D SatelliteController: getSatellitePerPlmnConfiguration: invalid subId or not supported via carrier.
04-26 20:07:19.544  1203  1331 D SatelliteController: getCarrierRoamingNtnConnectType: config: null
04-26 20:07:19.544  1203  1331 D SatelliteController: getCarrierRoamingNtnConnectType: Falling back to global carrier config connect type: 0
04-26 20:07:19.544  1203  1331 D SatelliteController: updateLastNotifiedCarrierRoamingNtnSignalStrengthAndNotify(1)
04-26 20:07:19.544  1203  1331 D SatelliteController: updateLastNotifiedCarrierRoamingNtnSignalStrengthAndNotify(1) lastNotifiedSignalStrength level: 0
04-26 20:07:19.544  1203  1331 D SatelliteController: updateLastNotifiedCarrierRoamingNtnSignalStrengthAndNotify(1) currSignalStrength level: 0
04-26 20:07:19.576 17653 17692 I MuMain  : PERF fps=44.4 frameMs=22.52 phase(render=21.60 pad=0.02 present=0.84) renderLevel=4 fxScale=1.00 maxMsg=30 avg(draw=346 verts=81660 im=1957 vaD=0 vaC=0 qI=264 qE=0) max(draw=356 verts=82266)
04-26 20:07:19.576 17653 17692 I MuMain  : PERF_SCENE world=73 char(live=0 vis=0 ply=0 mon=0 npc=0 pet=0 prio=0 topMon=-1 x0) obj(live=375 vis=76 op=0 trap=0 topObj=129 x7)
04-26 20:07:19.576 17653 17692 I MuMain  : PERF_BUCKET objMove(cand=0 upd=0 def=0 n=0 m=0 f=0) objRender(cand=0 draw=0 cull=0 n=0 m=0 f=0 visDraw=0 visDef=0) charMove(cand=0 upd=0 def=0 n=0 m=0 f=0) charRender(cand=0 draw=0 def=0 cull=0 n=0 m=0 f=0)
04-26 20:07:19.576 17653 17692 I MuMain  : PERF_TERRAIN world=73 normal(block=0 tile=0) grass(block=0 tile=0) after(block=0 tile=0)
04-26 20:07:20.101 14925 14925 D BoundBrokerSvc: onUnbind: Intent { act=com.google.android.gms.feedback.internal.IFeedbackService dat=chimera-action:/... xflg=0x4 cmp=com.google.android.gms/.chimera.GmsBoundBrokerService }
04-26 20:07:20.348 17653 17692 I MuMain  : ADAPT fx scale: fps=43.3 frameMs=23.10 1.00->0.90 target=0.90
04-26 20:07:20.601 17653 17692 I MuMain  : PERF fps=43.5 frameMs=22.98 phase(render=22.17 pad=0.02 present=0.72) renderLevel=4 fxScale=1.00 maxMsg=30 avg(draw=356 verts=91457 im=1992 vaD=0 vaC=0 qI=274 qE=0) max(draw=371 verts=95967)
04-26 20:07:20.601 17653 17692 I MuMain  : PERF_SCENE world=73 char(live=0 vis=0 ply=0 mon=0 npc=0 pet=0 prio=0 topMon=-1 x0) obj(live=375 vis=62 op=0 trap=0 topObj=129 x6)
04-26 20:07:20.601 17653 17692 I MuMain  : PERF_BUCKET objMove(cand=0 upd=0 def=0 n=0 m=0 f=0) objRender(cand=0 draw=0 cull=0 n=0 m=0 f=0 visDraw=0 visDef=0) charMove(cand=0 upd=0 def=0 n=0 m=0 f=0) charRender(cand=0 draw=0 def=0 cull=0 n=0 m=0 f=0)
04-26 20:07:20.601 17653 17692 I MuMain  : PERF_TERRAIN world=73 normal(block=0 tile=0) grass(block=0 tile=0) after(block=0 tile=0)
04-26 20:07:21.656 17653 17692 I MuMain  : ADAPT fx scale: fps=43.5 frameMs=22.97 1.00->0.90 target=0.90
04-26 20:07:21.656 17653 17692 I MuMain  : PERF fps=43.5 frameMs=22.97 phase(render=22.20 pad=0.02 present=0.69) renderLevel=4 fxScale=1.00 maxMsg=30 avg(draw=354 verts=95265 im=1943 vaD=0 vaC=0 qI=271 qE=0) max(draw=369 verts=95910)
04-26 20:07:21.656 17653 17692 I MuMain  : PERF_SCENE world=73 char(live=0 vis=0 ply=0 mon=0 npc=0 pet=0 prio=0 topMon=-1 x0) obj(live=375 vis=52 op=0 trap=0 topObj=129 x6)
04-26 20:07:21.656 17653 17692 I MuMain  : PERF_BUCKET objMove(cand=0 upd=0 def=0 n=0 m=0 f=0) objRender(cand=0 draw=0 cull=0 n=0 m=0 f=0 visDraw=0 visDef=0) charMove(cand=0 upd=0 def=0 n=0 m=0 f=0) charRender(cand=0 draw=0 def=0 cull=0 n=0 m=0 f=0)
04-26 20:07:21.656 17653 17692 I MuMain  : PERF_TERRAIN world=73 normal(block=0 tile=0) grass(block=0 tile=0) after(block=0 tile=0)
04-26 20:07:22.089   736   954 I AdbWifiNetworkMonitor: Wi-Fi network available
04-26 20:07:22.089   736   954 I AdbWifiNetworkMonitor: Received the same Wi-Fi SSID. Ignoring.
04-26 20:07:22.095   736   921 I HalDevMgr: bestIfaceCreationProposal is null, requestIface=STA, existingIface=[name=wlan0 type=STA]
04-26 20:07:22.099  1366  1481 I NullBinder: NullBinder for android.net.action.RECOMMEND_NETWORKS triggering remote TransactionTooLargeException due to Service without Chimera impl, calling uid: 1000, calling pid: 0
04-26 20:07:22.100  1366  1481 W libbinder.Binder: Large reply transaction of 1056768 bytes, interface descriptor , function: UNKNOWN_FUNCTION_NAME, code: 1, flags: 17
04-26 20:07:22.710 17653 17692 I MuMain  : PERF fps=46.8 frameMs=21.38 phase(render=19.80 pad=0.02 present=1.47) renderLevel=4 fxScale=1.00 maxMsg=30 avg(draw=308 verts=91273 im=2038 vaD=0 vaC=0 qI=230 qE=0) max(draw=320 verts=92658)
04-26 20:07:22.710 17653 17692 I MuMain  : PERF_SCENE world=73 char(live=0 vis=0 ply=0 mon=0 npc=0 pet=0 prio=0 topMon=-1 x0) obj(live=375 vis=54 op=0 trap=0 topObj=129 x7)
04-26 20:07:22.711 17653 17692 I MuMain  : PERF_BUCKET objMove(cand=0 upd=0 def=0 n=0 m=0 f=0) objRender(cand=0 draw=0 cull=0 n=0 m=0 f=0 visDraw=0 visDef=0) charMove(cand=0 upd=0 def=0 n=0 m=0 f=0) charRender(cand=0 draw=0 def=0 cull=0 n=0 m=0 f=0)
04-26 20:07:22.711 17653 17692 I MuMain  : PERF_TERRAIN world=73 normal(block=0 tile=0) grass(block=0 tile=0) after(block=0 tile=0)
04-26 20:07:23.732 17653 17692 I MuMain  : ADAPT fx scale: fps=35.8 frameMs=27.94 1.00->0.90 target=0.80
04-26 20:07:23.732 17653 17692 I MuMain  : PERF fps=35.8 frameMs=27.94 phase(render=26.72 pad=0.02 present=0.97) renderLevel=4 fxScale=1.00 maxMsg=30 avg(draw=256 verts=84025 im=2131 vaD=0 vaC=0 qI=184 qE=0) max(draw=263 verts=86445)
04-26 20:07:23.732 17653 17692 I MuMain  : PERF_SCENE world=73 char(live=0 vis=0 ply=0 mon=0 npc=0 pet=0 prio=0 topMon=-1 x0) obj(live=375 vis=107 op=0 trap=0 topObj=146 x8)
04-26 20:07:23.732 17653 17692 I MuMain  : PERF_BUCKET objMove(cand=0 upd=0 def=0 n=0 m=0 f=0) objRender(cand=0 draw=0 cull=0 n=0 m=0 f=0 visDraw=0 visDef=0) charMove(cand=0 upd=0 def=0 n=0 m=0 f=0) charRender(cand=0 draw=0 def=0 cull=0 n=0 m=0 f=0)
04-26 20:07:23.732 17653 17692 I MuMain  : PERF_TERRAIN world=73 normal(block=0 tile=0) grass(block=0 tile=0) after(block=0 tile=0)
04-26 20:07:23.736  2780  2784 I artd    : GetBestInfo: odex next to the dex file (/data/app/~~PqdBwR9WSFUNw4iaJMgoGg==/com.google.android.gms-95Dc1VeYXyONiCBDqz_lkA==/oat/x86_64/base.odex) is kOatUpToDate with filter 'speed-profile' executable 'false'
04-26 20:07:23.738  2780  2784 I artd    : GetBestInfo: dm (/data/app/~~PqdBwR9WSFUNw4iaJMgoGg==/com.google.android.gms-95Dc1VeYXyONiCBDqz_lkA==/split_AdsDynamite_installtime.dm) is kOatUpToDate with filter 'verify' executable 'false'
04-26 20:07:23.741  2780  2784 I artd    : GetBestInfo: dm (/data/app/~~PqdBwR9WSFUNw4iaJMgoGg==/com.google.android.gms-95Dc1VeYXyONiCBDqz_lkA==/split_CronetDynamite_installtime.dm) is kOatUpToDate with filter 'verify' executable 'false'
04-26 20:07:23.743  2780  2784 I artd    : GetBestInfo: dm (/data/app/~~PqdBwR9WSFUNw4iaJMgoGg==/com.google.android.gms-95Dc1VeYXyONiCBDqz_lkA==/split_DynamiteLoader_installtime.dm) is kOatUpToDate with filter 'verify' executable 'false'
04-26 20:07:23.745  2780  2784 I artd    : GetBestInfo: dm (/data/app/~~PqdBwR9WSFUNw4iaJMgoGg==/com.google.android.gms-95Dc1VeYXyONiCBDqz_lkA==/split_DynamiteModulesA_installtime.dm) is kOatUpToDate with filter 'verify' executable 'false'
04-26 20:07:23.747  2780  2784 I artd    : GetBestInfo: dm (/data/app/~~PqdBwR9WSFUNw4iaJMgoGg==/com.google.android.gms-95Dc1VeYXyONiCBDqz_lkA==/split_DynamiteModulesC_installtime.dm) is kOatUpToDate with filter 'verify' executable 'false'
04-26 20:07:23.749  2780  2784 I artd    : GetBestInfo: dm (/data/app/~~PqdBwR9WSFUNw4iaJMgoGg==/com.google.android.gms-95Dc1VeYXyONiCBDqz_lkA==/split_GoogleCertificates_installtime.dm) is kOatUpToDate with filter 'verify' executable 'false'
04-26 20:07:23.750  2780  2784 I artd    : GetBestInfo: dm (/data/app/~~PqdBwR9WSFUNw4iaJMgoGg==/com.google.android.gms-95Dc1VeYXyONiCBDqz_lkA==/split_MapsDynamite_installtime.dm) is kOatUpToDate with filter 'verify' executable 'false'
04-26 20:07:23.752  2780  2784 I artd    : GetBestInfo: dm (/data/app/~~PqdBwR9WSFUNw4iaJMgoGg==/com.google.android.gms-95Dc1VeYXyONiCBDqz_lkA==/split_MeasurementDynamite_installtime.dm) is kOatUpToDate with filter 'verify' executable 'false'
04-26 20:07:23.754  2780  2784 I artd    : GetBestInfo: dm (/data/app/~~PqdBwR9WSFUNw4iaJMgoGg==/com.google.android.gms-95Dc1VeYXyONiCBDqz_lkA==/split_all_locale_splits.dm) is kOatUpToDate with filter 'verify' executable 'false'
04-26 20:07:23.755  2780  2784 I artd    : GetBestInfo: /data/user_de/0/com.google.android.gms/app_chimera/m/0000000a/dl-TfliteDynamiteDynamite.integ_252130102100800.apk has no usable artifacts
04-26 20:07:23.756  2780  2784 I artd    : GetBestInfo: /data/user_de/0/com.google.android.gms/app_chimera/m/00000001/CronetDynamite.apk has no usable artifacts
04-26 20:07:23.758  2780  2784 I artd    : GetBestInfo: /data/user_de/0/com.google.android.gms/app_chimera/m/00000016/dl-MlkitOcrCommon.optional_261332100800.apk has no usable artifacts
04-26 20:07:23.759  2780  2784 I artd    : GetBestInfo: /data/user_de/0/com.google.android.gms/app_chimera/m/00000002/DynamiteLoader.apk has no usable artifacts
04-26 20:07:23.761  2780  2784 I artd    : GetBestInfo: /data/user_de/0/com.google.android.gms/app_chimera/m/0000000e/dl-MlkitBarcodeUi.optional_260235100800.apk has no usable artifacts
04-26 20:07:23.762  2780  2784 I artd    : GetBestInfo: /data/user_de/0/com.google.android.gms/app_chimera/m/00000013/dl-Appsearch.optional_261332100800.apk has no usable artifacts
04-26 20:07:23.763  2780  2784 I artd    : GetBestInfo: /data/user_de/0/com.google.android.gms/app_chimera/m/00000005/GoogleCertificates.apk has no usable artifacts
04-26 20:07:23.765  2780  2784 I artd    : GetBestInfo: /data/user_de/0/com.google.android.gms/app_chimera/m/00000012/dl-PlayCloudSearch.optional_261332100000.apk has no usable artifacts
04-26 20:07:23.766  2780  2784 I artd    : GetBestInfo: vdex next to the dex file (/data/user/0/com.google.android.gms/app_dg_cache/B3ED91DEC21F0EB5284BE10D982ABEAAC45F5C48/oat/x86_64/the.vdex) is kOatUpToDate with filter 'verify' executable 'false'
04-26 20:07:23.770  2780  2784 I artd    : GetBestInfo: /data/user_de/0/com.google.android.gms/app_chimera/m/0000000f/dl-PlayCloudSearch.optional_260235100000.apk has no usable artifacts
04-26 20:07:23.772  2780  2784 I artd    : GetBestInfo: /data/user_de/0/com.google.android.gms/app_chimera/m/00000008/dl-VisionOcr.optional_260235100000.apk has no usable artifacts
04-26 20:07:23.775  2780  2784 I artd    : GetBestInfo: /data/user_de/0/com.google.android.gms/app_chimera/m/0000000b/dl-Appsearch.optional_260235100800.apk has no usable artifacts
04-26 20:07:23.777  2780  2784 I artd    : GetBestInfo: /data/user_de/0/com.google.android.gms/app_chimera/m/00000011/dl-VisionOcr.optional_261332100000.apk has no usable artifacts
04-26 20:07:23.779  2780  2784 I artd    : GetBestInfo: /data/user_de/0/com.google.android.gms/app_chimera/m/00000015/dl-MlkitBarcodeUi.optional_261332100800.apk has no usable artifacts
04-26 20:07:23.782  2780  2784 I artd    : GetBestInfo: /data/user_de/0/com.google.android.gms/app_chimera/m/00000009/dl-MlkitOcrCommon.optional_260235100800.apk has no usable artifacts
04-26 20:07:23.784  2780  2784 I artd    : GetBestInfo: vdex next to the dex file (/data/user/0/com.google.android.gms/app_dg_cache/CE973E4DE823F0AA69070767A9FABB590DDD455C/oat/x86_64/the.vdex) is kOatUpToDate with filter 'verify' executable 'false'
04-26 20:07:23.787  2780  2784 I artd    : GetBestInfo: /data/user_de/0/com.google.android.gms/app_chimera/m/00000007/MeasurementDynamite.apk has no usable artifacts
04-26 20:07:24.226   736   862 D ActivityManager: freezing 4376 com.google.android.permissioncontroller
04-26 20:07:24.230   736   931 D InetDiagMessage: Destroyed 0 sockets, proto=IPPROTO_TCP, family=AF_INET, states=14
04-26 20:07:24.230   736   931 D InetDiagMessage: Destroyed 0 sockets, proto=IPPROTO_TCP, family=AF_INET6, states=14
04-26 20:07:24.230   736   931 D InetDiagMessage: Destroyed live tcp sockets for uids={10211} in 1ms
04-26 20:07:24.381  1016  1016 I wpa_supplicant: wlan0: CTRL-EVENT-BEACON-LOSS 
04-26 20:07:24.775 17653 17692 I MuMain  : PERF fps=43.6 frameMs=22.93 phase(render=22.12 pad=0.02 present=0.71) renderLevel=4 fxScale=1.00 maxMsg=30 avg(draw=350 verts=92385 im=1895 vaD=0 vaC=0 qI=268 qE=0) max(draw=355 verts=93216)
04-26 20:07:24.775 17653 17692 I MuMain  : PERF_SCENE world=73 char(live=0 vis=0 ply=0 mon=0 npc=0 pet=0 prio=0 topMon=-1 x0) obj(live=375 vis=115 op=0 trap=0 topObj=79 x14)
04-26 20:07:24.775 17653 17692 I MuMain  : PERF_BUCKET objMove(cand=0 upd=0 def=0 n=0 m=0 f=0) objRender(cand=0 draw=0 cull=0 n=0 m=0 f=0 visDraw=0 visDef=0) charMove(cand=0 upd=0 def=0 n=0 m=0 f=0) charRender(cand=0 draw=0 def=0 cull=0 n=0 m=0 f=0)
04-26 20:07:24.775 17653 17692 I MuMain  : PERF_TERRAIN world=73 normal(block=0 tile=0) grass(block=0 tile=0) after(block=0 tile=0)
04-26 20:07:25.035 17653 17692 I MuMain  : ADAPT fx scale: fps=46.1 frameMs=21.71 1.00->0.90 target=0.90
