04-26 16:37:55.182 I/MuMain  ( 8312): LoadBitmap begin idx=32368 file=Data\Effect\lighting_mega02.jpg
04-26 16:37:55.182 I/MuMain  ( 8312): LoadBitmap begin idx=32369 file=Data\Effect\lighting_mega03.jpg
04-26 16:37:55.182 I/MuMain  ( 8312): LoadBitmap begin idx=32370 file=Data\Effect\firehik01.jpg
04-26 16:37:55.183 I/MuMain  ( 8312): LoadBitmap begin idx=32371 file=Data\Effect\firehik03.jpg
04-26 16:37:55.183 I/MuMain  ( 8312): LoadBitmap begin idx=32372 file=Data\Effect\firehik_mono01.jpg
04-26 16:37:55.183 I/MuMain  ( 8312): LoadBitmap begin idx=32373 file=Data\Effect\firehik_mono02.jpg
04-26 16:37:55.183 I/MuMain  ( 8312): LoadBitmap begin idx=32374 file=Data\Effect\firehik_mono03.jpg
04-26 16:37:55.184 I/MuMain  ( 8312): LoadBitmap begin idx=32377 file=Data\Effect\clouds3.jpg
04-26 16:37:55.184 I/MuMain  ( 8312): LoadBitmap begin idx=32378 file=Data\Monster\icenightlight.jpg
04-26 16:37:55.184 I/MuMain  ( 8312): LoadBitmap begin idx=32309 file=Data\Effect\snowseff01.jpg
04-26 16:37:55.185 I/MuMain  ( 8312): LoadBitmap begin idx=32310 file=Data\Effect\snowseff02.jpg
04-26 16:37:55.185 I/MuMain  ( 8312): LoadBitmap begin idx=32311 file=Data\Skill\younghtest1.tga
04-26 16:37:55.186 I/MuMain  ( 8312): LoadBitmap begin idx=32312 file=Data\Skill\younghtest3.tga
04-26 16:37:55.187 I/MuMain  ( 8312): LoadBitmap begin idx=32313 file=Data\Skill\gmmzine.jpg
04-26 16:37:55.187 W/skia    (  566): AGTM parsing failed flags.readFromStream(s) at 159
04-26 16:37:55.187 W/skia    (  566): AGTM parsing failed flags.readFromStream(s) at 159
04-26 16:37:55.188 W/skia    (  566): AGTM parsing failed flags.readFromStream(s) at 159
04-26 16:37:55.188 W/skia    (  566): AGTM parsing failed flags.readFromStream(s) at 159
04-26 16:37:55.188 W/skia    (  566): AGTM parsing failed flags.readFromStream(s) at 159
04-26 16:37:55.188 W/skia    (  566): AGTM parsing failed flags.readFromStream(s) at 159
04-26 16:37:55.188 I/MuMain  ( 8312): LoadBitmap begin idx=32336 file=Data\Effect\explotion01mono.jpg
04-26 16:37:55.188 I/MuMain  ( 8312): LoadBitmap begin idx=32338 file=Data\Interface\Success_kantru.tga
04-26 16:37:55.190 I/MuMain  ( 8312): LoadBitmap begin idx=32339 file=Data\Interface\Failure_kantru.tga
04-26 16:37:55.193 I/MuMain  ( 8312): LoadBitmap begin idx=32340 file=Data\Interface\MonsterCount.tga
04-26 16:37:55.197 I/MuMain  ( 8312): LoadBitmap begin idx=32260 file=Data\Effect\Clud64.jpg
04-26 16:37:55.198 I/MuMain  ( 8312): LoadBitmap begin idx=32146 file=Data\Effect\clouds.jpg
04-26 16:37:55.198 I/MuMain  ( 8312): LoadBitmap begin idx=32261 file=Data\Skill\SwordEff.jpg
04-26 16:37:55.198 I/MuMain  ( 8312): LoadBitmap begin idx=32292 file=Data\Effect\Impack03.jpg
04-26 16:37:55.198 I/MuMain  ( 8312): LoadBitmap begin idx=32256 file=Data\Effect\ScolTail.jpg
04-26 16:37:55.199 I/MuMain  ( 8312): LoadBitmap begin idx=32239 file=Data\Effect\FireSnuff.jpg
04-26 16:37:55.199 I/MuMain  ( 8312): LoadBitmap begin idx=32153 file=Data\Effect\coll.jpg
04-26 16:37:55.199 I/MuMain  ( 8312): LoadBitmap begin idx=32257 file=Data\Effect\BowE.jpg
04-26 16:37:55.200 I/MuMain  ( 8312): LoadBitmap begin idx=32258 file=Data\Effect\Shockwave.jpg
04-26 16:37:55.200 I/MuMain  ( 8312): LoadBitmap begin idx=32096 file=Data\Effect\DinoE.jpg
04-26 16:37:55.200 I/MuMain  ( 8312): LoadBitmap begin idx=32113 file=Data\Effect\Shiny01.jpg
04-26 16:37:55.200 I/MuMain  ( 8312): LoadBitmap begin idx=32114 file=Data\Effect\Shiny02.jpg
04-26 16:37:55.201 I/MuMain  ( 8312): LoadBitmap begin idx=32115 file=Data\Effect\Shiny03.jpg
04-26 16:37:55.201 I/MuMain  ( 8312): LoadBitmap begin idx=32116 file=Data\Effect\eye01.jpg
04-26 16:37:55.201 I/MuMain  ( 8312): LoadBitmap begin idx=32117 file=Data\Effect\ring.jpg
04-26 16:37:55.201 I/MuMain  ( 8312): LoadBitmap begin idx=32118 file=Data\Effect\Shiny04.jpg
04-26 16:37:55.202 I/MuMain  ( 8312): LoadBitmap begin idx=32042 file=Data\Effect\Chrome01.jpg
04-26 16:37:55.202 I/MuMain  ( 8312): LoadBitmap begin idx=32018 file=Data\Effect\blur01.jpg
04-26 16:37:55.203 I/MuMain  ( 8312): LoadBitmap begin idx=32043 file=Data\Effect\bab2.jpg
04-26 16:37:55.203 W/skia    (  566): AGTM parsing failed flags.readFromStream(s) at 159
04-26 16:37:55.203 W/skia    (  566): AGTM parsing failed flags.readFromStream(s) at 159
04-26 16:37:55.203 W/skia    (  566): AGTM parsing failed flags.readFromStream(s) at 159
04-26 16:37:55.203 W/skia    (  566): AGTM parsing failed flags.readFromStream(s) at 159
04-26 16:37:55.203 I/MuMain  ( 8312): LoadBitmap begin idx=32019 file=Data\Effect\motion_blur.jpg
04-26 16:37:55.203 W/skia    (  566): AGTM parsing failed flags.readFromStream(s) at 159
04-26 16:37:55.204 W/skia    (  566): AGTM parsing failed flags.readFromStream(s) at 159
04-26 16:37:55.204 I/MuMain  ( 8312): LoadBitmap begin idx=32020 file=Data\Effect\motion_blur_r.jpg
04-26 16:37:55.204 I/MuMain  ( 8312): LoadBitmap begin idx=32021 file=Data\Effect\motion_mono.jpg
04-26 16:37:55.204 I/MuMain  ( 8312): LoadBitmap begin idx=32024 file=Data\Effect\motion_blur_r3.jpg
04-26 16:37:55.204 I/MuMain  ( 8312): LoadBitmap begin idx=32025 file=Data\Effect\gra.jpg
04-26 16:37:55.205 I/MuMain  ( 8312): LoadBitmap begin idx=32026 file=Data\Effect\spinmark01.jpg
04-26 16:37:55.205 I/MuMain  ( 8312): LoadBitmap begin idx=32027 file=Data\Effect\flamestani.jpg
04-26 16:37:55.205 I/MuMain  ( 8312): LoadBitmap begin idx=32028 file=Data\Effect\sword_blur.jpg
04-26 16:37:55.205 I/MuMain  ( 8312): LoadBitmap begin idx=32029 file=Data\Effect\joint_sword_red.jpg
04-26 16:37:55.206 I/MuMain  ( 8312): LoadBitmap begin idx=32030 file=Data\Effect\motion_blur_r2.jpg
04-26 16:37:55.207 I/MuMain  ( 8312): LoadBitmap begin idx=32031 file=Data\Effect\motion_blur_r3.jpg
04-26 16:37:55.207 I/MuMain  ( 8312): LoadBitmap begin idx=32243 file=Data\Effect\blur02.jpg
04-26 16:37:55.207 I/MuMain  ( 8312): LoadBitmap begin idx=32066 file=Data\Effect\lightning2.jpg
04-26 16:37:55.207 I/MuMain  ( 8312): LoadBitmap begin idx=32054 file=Data\Effect\Thunder01.jpg
04-26 16:37:55.207 I/MuMain  ( 8312): LoadBitmap begin idx=32222 file=Data\Effect\Spark01.jpg
04-26 16:37:55.208 I/MuMain  ( 8312): LoadBitmap begin idx=32134 file=Data\Effect\JointThunder01.jpg
04-26 16:37:55.208 I/MuMain  ( 8312): LoadBitmap begin idx=32220 file=Data\Effect\JointSpirit01.jpg
04-26 16:37:55.208 I/MuMain  ( 8312): LoadBitmap begin idx=32223 file=Data\Effect\JointLaser01.jpg
04-26 16:37:55.208 I/MuMain  ( 8312): LoadBitmap begin idx=32224 file=Data\Effect\JointEnergy01.jpg
04-26 16:37:55.208 I/MuMain  ( 8312): LoadBitmap begin idx=32138 file=Data\Effect\JointLaser02.jpg
04-26 16:37:55.209 I/MuMain  ( 8312): LoadBitmap begin idx=32225 file=Data\Monster\iui03.jpg
04-26 16:37:55.209 I/MuMain  ( 8312): LoadBitmap begin idx=32227 file=Data\Monster\magic_H.tga
04-26 16:37:55.216 I/MuMain  ( 8312): LoadBitmap begin idx=32228 file=Data\Item\t_lower_14m.tga
04-26 16:37:55.216 I/MuMain  ( 8312): LoadBitmap begin idx=32226 file=Data\Skill\Skull.jpg
04-26 16:37:55.217 I/MuMain  ( 8312): LoadBitmap begin idx=32215 file=Data\Effect\motion_blur_r2.jpg
04-26 16:37:55.217 I/MuMain  ( 8312): LoadBitmap begin idx=32211 file=Data\Effect\Fire04.jpg
04-26 16:37:55.217 I/MuMain  ( 8312): LoadBitmap begin idx=32131 file=Data\Effect\Flare.jpg
04-26 16:37:55.217 I/MuMain  ( 8312): LoadBitmap begin idx=32216 file=Data\Effect\Chrome02.jpg
04-26 16:37:55.217 I/MuMain  ( 8312): LoadBitmap begin idx=32267 file=Data\Effect\Chrome03.jpg
04-26 16:37:55.218 I/MuMain  ( 8312): LoadBitmap begin idx=32268 file=Data\Effect\Chrome06.jpg
04-26 16:37:55.218 I/MuMain  ( 8312): LoadBitmap begin idx=32269 file=Data\Effect\Chrome07.jpg
04-26 16:37:55.218 I/MuMain  ( 8312): LoadBitmap begin idx=32270 file=Data\Effect\energy01.jpg
04-26 16:37:55.218 I/MuMain  ( 8312): LoadBitmap begin idx=32271 file=Data\Effect\energy02.jpg
04-26 16:37:55.218 I/MuMain  ( 8312): LoadBitmap begin idx=32274 file=Data\Effect\2.jpg
04-26 16:37:55.219 I/MuMain  ( 8312): LoadBitmap begin idx=32384 file=Data\Effect\firecracker0001.jpg
04-26 16:37:55.219 I/MuMain  ( 8312): LoadBitmap begin idx=32385 file=Data\Effect\firecracker0002.jpg
04-26 16:37:55.219 I/MuMain  ( 8312): LoadBitmap begin idx=32386 file=Data\Effect\firecracker0003.jpg
04-26 16:37:55.220 I/MuMain  ( 8312): LoadBitmap begin idx=32387 file=Data\Effect\firecracker0004.jpg
04-26 16:37:55.220 W/skia    (  566): AGTM parsing failed flags.readFromStream(s) at 159
04-26 16:37:55.220 W/skia    (  566): AGTM parsing failed flags.readFromStream(s) at 159
04-26 16:37:55.220 W/skia    (  566): AGTM parsing failed flags.readFromStream(s) at 159
04-26 16:37:55.220 I/MuMain  ( 8312): LoadBitmap begin idx=32388 file=Data\Effect\firecracker0005.jpg
04-26 16:37:55.220 W/skia    (  566): AGTM parsing failed flags.readFromStream(s) at 159
04-26 16:37:55.220 W/skia    (  566): AGTM parsing failed flags.readFromStream(s) at 159
04-26 16:37:55.220 W/skia    (  566): AGTM parsing failed flags.readFromStream(s) at 159
04-26 16:37:55.221 I/MuMain  ( 8312): LoadBitmap begin idx=32389 file=Data\Effect\firecracker0006.jpg
04-26 16:37:55.221 I/MuMain  ( 8312): LoadBitmap begin idx=32390 file=Data\Effect\firecracker0007.jpg
04-26 16:37:55.221 I/MuMain  ( 8312): LoadBitmap begin idx=32118 file=Data\Effect\Shiny05.jpg
04-26 16:37:55.221 I/TakumiErrorReport( 8312): File not found Data\Effect\Shiny04.jpg (32118)->Data\Effect\Shiny05.jpg
04-26 16:37:55.221 I/MuMain  ( 8312): LoadBitmap begin idx=32325 file=Data\Effect\partCharge1\bujuckline.jpg
04-26 16:37:55.222 I/MuMain  ( 8312): LoadBitmap begin idx=32275 file=Data\Item\nfm03.jpg
04-26 16:37:55.222 I/MuMain  ( 8312): LoadBitmap begin idx=32229 file=Data\Effect\flareBlue.jpg
04-26 16:37:55.222 I/MuMain  ( 8312): LoadBitmap begin idx=32230 file=Data\Effect\NSkill.jpg
04-26 16:37:55.223 I/MuMain  ( 8312): LoadBitmap begin idx=32132 file=Data\Effect\Flare02.jpg
04-26 16:37:55.224 I/MuMain  ( 8312): LoadBitmap begin idx=32232 file=Data\Monster\King11.jpg
04-26 16:37:55.224 I/MuMain  ( 8312): LoadBitmap begin idx=32233 file=Data\Monster\Kni000.jpg
04-26 16:37:55.224 I/MuMain  ( 8312): LoadBitmap begin idx=32234 file=Data\Monster\Kni011.jpg
04-26 16:37:55.224 I/MuMain  ( 8312): LoadBitmap begin idx=32235 file=Data\Monster\Kni022.jpg
04-26 16:37:55.225 I/MuMain  ( 8312): LoadBitmap begin idx=32286 file=Data\Skill\pinkWave.jpg
04-26 16:37:55.225 I/MuMain  ( 8312): LoadBitmap begin idx=32231 file=Data\Effect\flareRed.jpg
04-26 16:37:55.226 I/MuMain  ( 8312): LoadBitmap begin idx=32074 file=Data\Effect\Fire05.jpg
04-26 16:37:55.226 I/MuMain  ( 8312): LoadBitmap begin idx=32266 file=Data\Effect\Hole.jpg
04-26 16:37:55.226 I/MuMain  ( 8312): LoadBitmap begin idx=32287 file=Data\Effect\WATERFALL1.jpg
04-26 16:37:55.226 I/MuMain  ( 8312): LoadBitmap begin idx=32288 file=Data\Effect\WATERFALL2.jpg
04-26 16:37:55.226 I/MuMain  ( 8312): LoadBitmap begin idx=32289 file=Data\Effect\WATERFALL3.jpg
04-26 16:37:55.227 I/MuMain  ( 8312): LoadBitmap begin idx=32290 file=Data\Effect\WATERFALL4.jpg
04-26 16:37:55.227 I/MuMain  ( 8312): LoadBitmap begin idx=32291 file=Data\Effect\WATERFALL5.jpg
04-26 16:37:55.227 I/MuMain  ( 8312): LoadBitmap begin idx=31243 file=Data\Interface\BattleSkill.tga
04-26 16:37:55.228 I/MuMain  ( 8312): LoadBitmap begin idx=32236 file=Data\Effect\Flashing.jpg
04-26 16:37:55.229 I/MuMain  ( 8312): LoadBitmap begin idx=31244 file=Data\Interface\senatusmap.jpg
04-26 16:37:55.229 I/MuMain  ( 8312): LoadBitmap begin idx=31245 file=Data\Interface\gate_button2.jpg
04-26 16:37:55.229 I/MuMain  ( 8312): LoadBitmap begin idx=31246 file=Data\Interface\gate_button1.jpg
04-26 16:37:55.229 I/MuMain  ( 8312): LoadBitmap begin idx=31247 file=Data\Interface\suho_button2.jpg
04-26 16:37:55.230 I/MuMain  ( 8312): LoadBitmap begin idx=31248 file=Data\Interface\suho_button1.jpg
04-26 16:37:55.230 I/MuMain  ( 8312): LoadBitmap begin idx=31249 file=Data\Interface\DoorCL.jpg
04-26 16:37:55.230 I/MuMain  ( 8312): LoadBitmap begin idx=31250 file=Data\Interface\DoorOP.jpg
04-26 16:37:55.230 I/MuMain  ( 8312): LoadBitmap begin idx=31196 file=Data\Object31\Flag.tga
04-26 16:37:55.231 I/MuMain  ( 8312): LoadBitmap begin idx=30011 file=Data\Interface\CursorAttack2.tga
04-26 16:37:55.234 I/MuMain  ( 8312): LoadBitmap begin idx=32240 file=Data\Effect\Cratered.tga
04-26 16:37:55.235 I/MuMain  ( 8312): LoadBitmap begin idx=32241 file=Data\Effect\FormationMark.tga
04-26 16:37:55.237 W/skia    (  566): AGTM parsing failed flags.readFromStream(s) at 159
04-26 16:37:55.237 W/skia    (  566): AGTM parsing failed flags.readFromStream(s) at 159
04-26 16:37:55.237 W/skia    (  566): AGTM parsing failed flags.readFromStream(s) at 159
04-26 16:37:55.237 W/skia    (  566): AGTM parsing failed flags.readFromStream(s) at 159
04-26 16:37:55.237 W/skia    (  566): AGTM parsing failed flags.readFromStream(s) at 159
04-26 16:37:55.237 W/skia    (  566): AGTM parsing failed flags.readFromStream(s) at 159
04-26 16:37:55.238 I/MuMain  ( 8312): LoadBitmap begin idx=32242 file=Data\Effect\Plus.tga
04-26 16:37:55.240 I/MuMain  ( 8312): LoadBitmap begin idx=32250 file=Data\Effect\eff_lighting.jpg
04-26 16:37:55.240 I/MuMain  ( 8312): LoadBitmap begin idx=32251 file=Data\Effect\eff_lightinga01.jpg
04-26 16:37:55.241 I/MuMain  ( 8312): LoadBitmap begin idx=32252 file=Data\Effect\eff_lightinga02.jpg
04-26 16:37:55.241 I/MuMain  ( 8312): LoadBitmap begin idx=32253 file=Data\Effect\eff_lightinga03.jpg
04-26 16:37:55.241 I/MuMain  ( 8312): LoadBitmap begin idx=32254 file=Data\Effect\eff_lightinga04.jpg
04-26 16:37:55.242 I/MuMain  ( 8312): LoadBitmap begin idx=32255 file=Data\Effect\eff_lightinga05.jpg
04-26 16:37:55.242 I/MuMain  ( 8312): LoadBitmap begin idx=31251 file=Data\Interface\Progress_Back.jpg
04-26 16:37:55.242 I/MuMain  ( 8312): LoadBitmap begin idx=31252 file=Data\Interface\Progress.jpg
04-26 16:37:55.242 I/MuMain  ( 8312): LoadBitmap begin idx=32237 file=Data\Effect\Inferno.jpg
04-26 16:37:55.242 I/MuMain  ( 8312): LoadBitmap begin idx=32238 file=Data\Effect\Lava.jpg
04-26 16:37:55.243 I/MuMain  ( 8312): LoadBitmap begin idx=31199 file=Data\Interface\frame.tga
04-26 16:37:55.246 I/MuMain  ( 8312): LoadBitmap begin idx=31200 file=Data\Interface\i_attack.tga
04-26 16:37:55.248 I/MuMain  ( 8312): LoadBitmap begin idx=31201 file=Data\Interface\i_defense.tga
04-26 16:37:55.249 I/MuMain  ( 8312): LoadBitmap begin idx=31202 file=Data\Interface\i_wait.tga
04-26 16:37:55.250 I/MuMain  ( 8312): LoadBitmap begin idx=31204 file=Data\Interface\b_command01.jpg
04-26 16:37:55.250 I/MuMain  ( 8312): LoadBitmap begin idx=31205 file=Data\Interface\b_command02.jpg
04-26 16:37:55.250 I/MuMain  ( 8312): LoadBitmap begin idx=31206 file=Data\Interface\b_group02.jpg
04-26 16:37:55.250 I/MuMain  ( 8312): LoadBitmap begin idx=31207 file=Data\Interface\b_zoomout01.jpg
04-26 16:37:55.251 I/MuMain  ( 8312): LoadBitmap begin idx=31203 file=Data\Interface\hourglass.tga
04-26 16:37:55.252 I/MuMain  ( 8312): LoadBitmap begin idx=31253 file=Data\Interface\dot.tga
04-26 16:37:55.253 W/skia    (  566): AGTM parsing failed flags.readFromStream(s) at 159
04-26 16:37:55.254 W/skia    (  566): AGTM parsing failed flags.readFromStream(s) at 159
04-26 16:37:55.254 I/MuMain  ( 8312): LoadBitmap begin idx=32003 file=Data\Object9\Impack03.jpg
04-26 16:37:55.254 W/skia    (  566): AGTM parsing failed flags.readFromStream(s) at 159
04-26 16:37:55.254 W/skia    (  566): AGTM parsing failed flags.readFromStream(s) at 159
04-26 16:37:55.254 W/skia    (  566): AGTM parsing failed flags.readFromStream(s) at 159
04-26 16:37:55.254 W/skia    (  566): AGTM parsing failed flags.readFromStream(s) at 159
04-26 16:37:55.254 I/MuMain  ( 8312): LoadBitmap begin idx=32296 file=Data\Monster\buserbody_r.jpg
04-26 16:37:55.254 I/MuMain  ( 8312): LoadBitmap begin idx=32297 file=Data\Monster\busersword_r.jpg
04-26 16:37:55.254 I/MuMain  ( 8312): LoadBitmap begin idx=32306 file=Data\Monster\bladeeff2_r.jpg
04-26 16:37:55.254 I/MuMain  ( 8312): LoadBitmap begin idx=32298 file=Data\Monster\illumi_R.jpg
04-26 16:37:55.254 I/MuMain  ( 8312): LoadBitmap begin idx=32299 file=Data\Monster\prsona_R.jpg
04-26 16:37:55.255 I/MuMain  ( 8312): LoadBitmap begin idx=32300 file=Data\Monster\prsonass_R.jpg
04-26 16:37:55.255 I/MuMain  ( 8312): LoadBitmap begin idx=32301 file=Data\effect\water.jpg
04-26 16:37:55.255 I/MuMain  ( 8312): LoadBitmap begin idx=32004 file=Data\Effect\cra_04.jpg
04-26 16:37:55.257 I/MuMain  ( 8312): LoadBitmap begin idx=32005 file=Data\Effect\Impack01.jpg
04-26 16:37:55.257 I/MuMain  ( 8312): LoadBitmap begin idx=31131 file=Data\Interface\message_ok_b_all.tga
04-26 16:37:55.260 I/MuMain  ( 8312): LoadBitmap begin idx=31132 file=Data\Interface\loding_cancel_b_all.tga
04-26 16:37:55.261 I/MuMain  ( 8312): LoadBitmap begin idx=31133 file=Data\Interface\message_close_b_all.tga
04-26 16:37:55.262 I/MuMain  ( 8312): LoadBitmap begin idx=31136 file=Data\Interface\message_back.tga
04-26 16:37:55.267 I/MuMain  ( 8312): LoadBitmap begin idx=31137 file=Data\Interface\delete_secret_number.tga
04-26 16:37:55.268 I/MuMain  ( 8312): LoadBitmap begin idx=31139 file=Data\Interface\op1_stone.jpg
04-26 16:37:55.268 I/MuMain  ( 8312): LoadBitmap begin idx=31140 file=Data\Interface\op1_back1.tga
04-26 16:37:55.269 I/MuMain  ( 8312): LoadBitmap begin idx=31141 file=Data\Interface\op1_back2.tga
04-26 16:37:55.270 I/MuMain  ( 8312): LoadBitmap begin idx=31142 file=Data\Interface\op1_back3.jpg
04-26 16:37:55.270 I/MuMain  ( 8312): LoadBitmap begin idx=31143 file=Data\Interface\op1_back4.jpg
04-26 16:37:55.271 I/MuMain  ( 8312): LoadBitmap begin idx=31795 file=Data\Interface\op1_b_all.tga
04-26 16:37:55.272 W/skia    (  566): AGTM parsing failed flags.readFromStream(s) at 159
04-26 16:37:55.272 W/skia    (  566): AGTM parsing failed flags.readFromStream(s) at 159
04-26 16:37:55.272 W/skia    (  566): AGTM parsing failed flags.readFromStream(s) at 159
04-26 16:37:55.272 W/skia    (  566): AGTM parsing failed flags.readFromStream(s) at 159
04-26 16:37:55.272 I/MuMain  ( 8312): LoadBitmap begin idx=31796 file=Data\Interface\op2_back1.tga
04-26 16:37:55.273 I/MuMain  ( 8312): LoadBitmap begin idx=31797 file=Data\Interface\op2_ch.tga
04-26 16:37:55.274 I/MuMain  ( 8312): LoadBitmap begin idx=32207 file=Data\Interface\op2_volume3.tga
04-26 16:37:55.275 I/MuMain  ( 8312): LoadBitmap begin idx=32208 file=Data\Interface\op2_volume2.jpg
04-26 16:37:55.276 I/MuMain  ( 8312): LoadBitmap begin idx=32209 file=Data\Interface\op2_volume1.tga
04-26 16:37:55.277 I/MuMain  ( 8312): LoadBitmap begin idx=31792 file=Data\Effect\clouds2.jpg
04-26 16:37:55.277 I/MuMain  ( 8312): LoadBitmap begin idx=32354 file=Data\Effect\pin_lights.jpg
04-26 16:37:55.277 I/MuMain  ( 8312): LoadBitmap begin idx=32408 file=Data\Monster\deasuler_cloth.tga
04-26 16:37:55.280 I/MuMain  ( 8312): LoadBitmap begin idx=32379 file=Data\Item\soketmagic_stape02.jpg
04-26 16:37:55.280 I/MuMain  ( 8312): LoadBitmap begin idx=32380 file=Data\Effect\lightmarks.jpg
04-26 16:37:55.280 I/MuMain  ( 8312): LoadBitmap begin idx=32381 file=Data\Effect\lightmarks.jpg
04-26 16:37:55.281 I/MuMain  ( 8312): LoadBitmap begin idx=32314 file=Data\Item\partCharge1\entrance_R.jpg
04-26 16:37:55.282 I/MuMain  ( 8312): LoadBitmap begin idx=32315 file=Data\Item\partCharge1\juju_R.jpg
04-26 16:37:55.282 I/MuMain  ( 8312): LoadBitmap begin idx=32322 file=Data\Item\partCharge1\monmark01a.jpg
04-26 16:37:55.283 I/MuMain  ( 8312): LoadBitmap begin idx=32323 file=Data\Item\partCharge1\monmark02a.jpg
04-26 16:37:55.283 I/MuMain  ( 8312): LoadBitmap begin idx=32324 file=Data\Item\partCharge1\monmark03a.jpg
04-26 16:37:55.283 I/MuMain  ( 8312): LoadBitmap begin idx=32321 file=Data\Item\partCharge1\bujuck01alpa.jpg
04-26 16:37:55.283 I/MuMain  ( 8312): LoadBitmap begin idx=32316 file=Data\Item\partCharge1\expensiveitem01_R.jpg
04-26 16:37:55.284 I/MuMain  ( 8312): LoadBitmap begin idx=32317 file=Data\Item\partCharge1\expensiveitem02a_R.jpg
04-26 16:37:55.284 I/MuMain  ( 8312): LoadBitmap begin idx=32318 file=Data\Item\partCharge1\expensiveitem02b_R.jpg
04-26 16:37:55.284 I/MuMain  ( 8312): LoadBitmap begin idx=32319 file=Data\Item\partCharge1\expensiveitem03a_R.jpg
04-26 16:37:55.284 I/MuMain  ( 8312): LoadBitmap begin idx=32320 file=Data\Item\partCharge1\expensiveitem03b_R.jpg
04-26 16:37:55.285 I/MuMain  ( 8312): LoadBitmap begin idx=32326 file=Data\Item\partCharge3\alicecard_R.tga
04-26 16:37:55.286 W/skia    (  566): AGTM parsing failed flags.readFromStream(s) at 159
04-26 16:37:55.287 W/skia    (  566): AGTM parsing failed flags.readFromStream(s) at 159
04-26 16:37:55.287 W/skia    (  566): AGTM parsing failed flags.readFromStream(s) at 159
04-26 16:37:55.287 W/skia    (  566): AGTM parsing failed flags.readFromStream(s) at 159
04-26 16:37:55.287 I/MuMain  ( 8312): LoadBitmap begin idx=32327 file=Data\Item\Ingameshop\kacama_R.jpg
04-26 16:37:55.287 I/MuMain  ( 8312): LoadBitmap begin idx=32328 file=Data\Item\Ingameshop\kacada_R.jpg
04-26 16:37:55.287 I/MuMain  ( 8312): LoadBitmap begin idx=32329 file=Data\Item\Ingameshop\kacama_R.jpg
04-26 16:37:55.287 I/MuMain  ( 8312): LoadBitmap begin idx=32330 file=Data\Item\partCharge3\jujug_R.jpg
04-26 16:37:55.288 I/MuMain  ( 8312): LoadBitmap begin idx=32331 file=Data\Item\partCharge3\jujul_R.jpg
04-26 16:37:55.289 I/MuMain  ( 8312): LoadBitmap begin idx=32332 file=Data\Item\partCharge3\jujum_R.jpg
04-26 16:37:55.290 I/MuMain  ( 8312): LoadBitmap begin idx=32333 file=Data\Effect\cherryblossom\sakuras01.jpg
04-26 16:37:55.290 I/MuMain  ( 8312): LoadBitmap begin idx=32334 file=Data\Effect\cherryblossom\sakuras02.jpg
04-26 16:37:55.290 I/MuMain  ( 8312): LoadBitmap begin idx=32302 file=Data\Object39\k_effect_01.JPG
04-26 16:37:55.290 I/MuMain  ( 8312): LoadBitmap begin idx=32343 file=Data\Item\deathbeamstone_R.jpg
04-26 16:37:55.291 I/MuMain  ( 8312): LoadBitmap begin idx=32344 file=Data\Item\hellhorn_R.jpg
04-26 16:37:55.291 I/MuMain  ( 8312): LoadBitmap begin idx=32345 file=Data\Item\phoenixfeather_R.tga
04-26 16:37:55.292 I/MuMain  ( 8312): LoadBitmap begin idx=32346 file=Data\Item\Deye_R.jpg
04-26 16:37:55.293 I/MuMain  ( 8312): LoadBitmap begin idx=32347 file=Data\Item\wing3chaking2.jpg
04-26 16:37:55.293 I/MuMain  ( 8312): LoadBitmap begin idx=31783 file=Data\NPC\lumi.jpg
04-26 16:37:55.294 I/MuMain  ( 8312): LoadBitmap begin idx=31784 file=Data\item\songko2_R.jpg
04-26 16:37:55.294 I/MuMain  ( 8312): LoadBitmap begin idx=31785 file=Data\skill\unitedsoldier_wing.tga
04-26 16:37:55.295 I/MuMain  ( 8312): LoadBitmap begin idx=31786 file=Data\skill\illusionistcloth.tga
04-26 16:37:55.295 I/MuMain  ( 8312): LoadBitmap begin idx=31787 file=Data\effect\masker.jpg
04-26 16:37:55.296 I/MuMain  ( 8312): LoadBitmap begin idx=31788 file=Data\effect\wind01.jpg
04-26 16:37:55.296 I/MuMain  ( 8312): LoadBitmap begin idx=31255 file=Data\Interface\menu01_new2_SD.jpg
04-26 16:37:55.296 I/MuMain  ( 8312): LoadBitmap begin idx=31256 file=Data\Local\Eng\ImgsMapName\MapNameAddStrife.tga
04-26 16:37:55.299 I/MuMain  ( 8312): LoadBitmap begin idx=31799 file=Data\Interface\Gens_mark_D_new.tga
04-26 16:37:55.301 I/MuMain  ( 8312): LoadBitmap begin idx=31800 file=Data\Interface\Gens_mark_V_new.tga
04-26 16:37:55.303 W/skia    (  566): AGTM parsing failed flags.readFromStream(s) at 159
04-26 16:37:55.303 W/skia    (  566): AGTM parsing failed flags.readFromStream(s) at 159
04-26 16:37:55.303 W/skia    (  566): AGTM parsing failed flags.readFromStream(s) at 159
04-26 16:37:55.304 I/MuMain  ( 8312): LoadBitmap begin idx=32376 file=Data\Monster\serufanarm_R.jpg
04-26 16:37:55.304 W/skia    (  566): AGTM parsing failed flags.readFromStream(s) at 159
04-26 16:37:55.304 I/MuMain  ( 8312): LoadBitmap begin idx=32375 file=Data\Monster\serufanwand_R.jpg
04-26 16:37:55.304 I/MuMain  ( 8312): LoadBitmap begin idx=32391 file=Data\npc\santa.jpg
04-26 16:37:55.305 I/MuMain  ( 8312): LoadBitmap begin idx=32392 file=Data\npc\santa_baggage.jpg
04-26 16:37:55.305 I/MuMain  ( 8312): LoadBitmap begin idx=32402 file=Data\Item\pandabody_R.jpg
04-26 16:37:55.305 I/MuMain  ( 8312): LoadBitmap begin idx=32403 file=Data\Monster\DGicewalker_body.jpg
04-26 16:37:55.306 I/MuMain  ( 8312): LoadBitmap begin idx=32404 file=Data\Monster\DGicewalker_R.jpg
04-26 16:37:55.307 I/MuMain  ( 8312): LoadBitmap begin idx=32405 file=Data\Monster\Snake1.jpg
04-26 16:37:55.308 I/MuMain  ( 8312): LoadBitmap begin idx=32406 file=Data\NPC\goldboit.jpg
04-26 16:37:55.308 I/ImeTracker(  736): system_server:b7ad7f2b: onRequestHide at ORIGIN_SERVER reason IME_REQUESTED_CHANGED_LISTENER fromUser false displayId 0
04-26 16:37:55.308 I/MuMain  ( 8312): LoadBitmap begin idx=32407 file=Data\NPC\goldline.jpg
04-26 16:37:55.308 I/MuMain  ( 8312): LoadBitmap begin idx=32409 file=Data\effect\flare01_red.jpg
04-26 16:37:55.308 I/MuMain  ( 8312): LoadBitmap begin idx=32410 file=Data\effect\gra.jpg
04-26 16:37:55.309 I/MuMain  ( 8312): LoadBitmap begin idx=32411 file=Data\effect\ring_of_gradation.jpg
04-26 16:37:55.309 I/ImeTracker(  736): system_server:b7ad7f2b: onCancelled at PHASE_SERVER_SHOULD_HIDE
04-26 16:37:55.309 I/MuMain  ( 8312): LoadBitmap begin idx=31717 file=Data\Interface\InGameShop\ingame_pack_check.tga
04-26 16:37:55.309 I/MuMain  ( 8312): LoadBitmap begin idx=32484 file=Data\Interface\InGameShop\Ingame_Bt01.tga
04-26 16:37:55.309 I/MuMain  ( 8312): LoadBitmap begin idx=32485 file=Data\Interface\InGameShop\ingame_Bt_page_L.tga
04-26 16:37:55.311 I/MuMain  ( 8312): LoadBitmap begin idx=32486 file=Data\Interface\InGameShop\ingame_Bt_page_R.tga
04-26 16:37:55.314 I/MuMain  ( 8312): LoadBitmap begin idx=32487 file=Data\Interface\InGameShop\IGS_Storage_Page.tga
04-26 16:37:55.315 I/MuMain  ( 8312): LoadBitmap begin idx=32488 file=Data\Interface\InGameShop\IGS_Storage_Page_Left.tga
04-26 16:37:55.316 I/MuMain  ( 8312): LoadBitmap begin idx=32489 file=Data\Interface\InGameShop\IGS_Storage_Page_Right.tga
04-26 16:37:55.316 I/MuMain  ( 8312): LoadBitmap begin idx=32413 file=Data\Monster\AssassinLeader_body_R.jpg
04-26 16:37:55.316 I/MuMain  ( 8312): LoadBitmap begin idx=32437 file=Data\Item\partCharge8\rareitem_ticket_7_body.jpg
04-26 16:37:55.317 I/MuMain  ( 8312): LoadBitmap begin idx=32438 file=Data\Item\partCharge8\rareitem_ticket_8_body.jpg
04-26 16:37:55.317 I/MuMain  ( 8312): LoadBitmap begin idx=32439 file=Data\Item\partCharge8\rareitem_ticket_9_body.jpg
04-26 16:37:55.317 I/MuMain  ( 8312): LoadBitmap begin idx=32440 file=Data\Item\partCharge8\rareitem_ticket_10_body.jpg
04-26 16:37:55.317 I/MuMain  ( 8312): LoadBitmap begin idx=32441 file=Data\Item\partCharge8\rareitem_ticket_11_body.jpg
04-26 16:37:55.318 I/MuMain  ( 8312): LoadBitmap begin idx=32442 file=Data\Item\partCharge8\rareitem_ticket_12_body.jpg
04-26 16:37:55.318 I/MuMain  ( 8312): LoadBitmap begin idx=32443 file=Data\Item\partCharge8\DoppelCard.jpg
04-26 16:37:55.318 I/MuMain  ( 8312): LoadBitmap begin idx=32444 file=Data\Item\partCharge8\BarcaCard.jpg
04-26 16:37:55.318 I/MuMain  ( 8312): LoadBitmap begin idx=32445 file=Data\Item\partCharge8\Barca7Card.jpg
04-26 16:37:55.319 I/MuMain  ( 8312): LoadBitmap begin idx=32446 file=Data\Item\ork_cham_R.jpg
04-26 16:37:55.319 I/MuMain  ( 8312): LoadBitmap begin idx=32448 file=Data\Item\goldenork_cham_R.jpg
04-26 16:37:55.319 I/MuMain  ( 8312): LoadBitmap begin idx=32463 file=Data\Monster\BoneSE.jpg
04-26 16:37:55.319 W/skia    (  566): AGTM parsing failed flags.readFromStream(s) at 159
04-26 16:37:55.319 W/skia    (  566): AGTM parsing failed flags.readFromStream(s) at 159
04-26 16:37:55.320 W/skia    (  566): AGTM parsing failed flags.readFromStream(s) at 159
04-26 16:37:55.320 W/skia    (  566): AGTM parsing failed flags.readFromStream(s) at 159
04-26 16:37:55.320 I/MuMain  ( 8312): LoadBitmap begin idx=32464 file=Data\Monster\KryptaBall2.jpg
04-26 16:37:55.320 I/MuMain  ( 8312): LoadBitmap begin idx=32465 file=Data\Monster\bora_golem_effect.jpg
04-26 16:37:55.321 I/MuMain  ( 8312): LoadBitmap begin idx=32466 file=Data\Monster\bora_golem2_effect.jpg
04-26 16:37:55.321 I/MuMain  ( 8312): LoadBitmap begin idx=32467 file=Data\Monster\king_golem01_effect.jpg
04-26 16:37:55.321 I/MuMain  ( 8312): LoadBitmap begin idx=32468 file=Data\Monster\king_golem02_effect.jpg
04-26 16:37:55.321 I/MuMain  ( 8312): LoadBitmap begin idx=32469 file=Data\Monster\king_golem03_effect.jpg
04-26 16:37:55.322 I/MuMain  ( 8312): LoadBitmap begin idx=32470 file=Data\NPC\voloE.jpg
04-26 16:37:55.322 I/TakumiErrorReport( 8312): > First Load Files OK.
04-26 16:37:55.337 W/skia    (  566): AGTM parsing failed flags.readFromStream(s) at 159
04-26 16:37:55.337 W/skia    (  566): AGTM parsing failed flags.readFromStream(s) at 159
04-26 16:37:55.337 W/skia    (  566): AGTM parsing failed flags.readFromStream(s) at 159
04-26 16:37:55.337 W/skia    (  566): AGTM parsing failed flags.readFromStream(s) at 159
04-26 16:37:55.353 W/skia    (  566): AGTM parsing failed flags.readFromStream(s) at 159
04-26 16:37:55.353 W/skia    (  566): AGTM parsing failed flags.readFromStream(s) at 159
04-26 16:37:55.353 W/skia    (  566): AGTM parsing failed flags.readFromStream(s) at 159
04-26 16:37:55.353 W/skia    (  566): AGTM parsing failed flags.readFromStream(s) at 159
04-26 16:37:55.370 W/skia    (  566): AGTM parsing failed flags.readFromStream(s) at 159
04-26 16:37:55.370 W/skia    (  566): AGTM parsing failed flags.readFromStream(s) at 159
04-26 16:37:55.370 W/skia    (  566): AGTM parsing failed flags.readFromStream(s) at 159
04-26 16:37:55.370 W/skia    (  566): AGTM parsing failed flags.readFromStream(s) at 159
04-26 16:37:55.386 W/skia    (  566): AGTM parsing failed flags.readFromStream(s) at 159
04-26 16:37:55.386 W/skia    (  566): AGTM parsing failed flags.readFromStream(s) at 159
04-26 16:37:55.386 W/skia    (  566): AGTM parsing failed flags.readFromStream(s) at 159
04-26 16:37:55.386 W/skia    (  566): AGTM parsing failed flags.readFromStream(s) at 159
04-26 16:37:55.403 W/skia    (  566): AGTM parsing failed flags.readFromStream(s) at 159
04-26 16:37:55.403 W/skia    (  566): AGTM parsing failed flags.readFromStream(s) at 159
04-26 16:37:55.403 W/skia    (  566): AGTM parsing failed flags.readFromStream(s) at 159
04-26 16:37:55.403 W/skia    (  566): AGTM parsing failed flags.readFromStream(s) at 159
04-26 16:37:55.421 W/skia    (  566): AGTM parsing failed flags.readFromStream(s) at 159
04-26 16:37:55.421 W/skia    (  566): AGTM parsing failed flags.readFromStream(s) at 159
04-26 16:37:55.421 W/skia    (  566): AGTM parsing failed flags.readFromStream(s) at 159
04-26 16:37:55.421 W/skia    (  566): AGTM parsing failed flags.readFromStream(s) at 159
04-26 16:37:55.437 W/skia    (  566): AGTM parsing failed flags.readFromStream(s) at 159
04-26 16:37:55.437 W/skia    (  566): AGTM parsing failed flags.readFromStream(s) at 159
04-26 16:37:55.437 W/skia    (  566): AGTM parsing failed flags.readFromStream(s) at 159
04-26 16:37:55.437 W/skia    (  566): AGTM parsing failed flags.readFromStream(s) at 159
04-26 16:37:55.453 W/skia    (  566): AGTM parsing failed flags.readFromStream(s) at 159
04-26 16:37:55.453 V/WindowManagerShell( 1036): Transition animation finished (aborted=false), notifying core (#53) android.os.BinderProxy@eef202a@0
04-26 16:37:55.453 W/skia    (  566): AGTM parsing failed flags.readFromStream(s) at 159
04-26 16:37:55.453 W/skia    (  566): AGTM parsing failed flags.readFromStream(s) at 159
04-26 16:37:55.453 W/skia    (  566): AGTM parsing failed flags.readFromStream(s) at 159
04-26 16:37:55.456 V/WindowManager(  736): Finish Transition (#53): created at 04-26 16:37:54.729 collect-started=0.04ms request-sent=3.389ms started=7.013ms ready=15.011ms sent=183.051ms commit=7.719ms finished=725.68ms
04-26 16:37:55.457 D/VRI[PreloadActivity]( 8312): visibilityChanged oldVisibility=true newVisibility=false
04-26 16:37:55.457 V/WindowManagerShell( 1036): Track 0 became idle
04-26 16:37:55.457 V/WindowManagerShell( 1036): All active transition animations finished
04-26 16:37:55.476 D/WindowOnBackDispatcher( 8312): setTopOnBackInvokedCallback (unwrapped): null
04-26 16:37:55.477 D/CoreBackPreview(  736): Window{a56bccb u0 com.muonline.client/com.muonline.client.PreloadActivity}: Setting back callback null
04-26 16:37:55.477 D/ViewRootImpl( 8312): Skipping stats log for color mode
04-26 16:37:55.539 I/MuMain  ( 8312): LoadBitmap begin idx=30501 file=Data\Player\skin_barbarian_01.jpg
04-26 16:37:55.539 I/MuMain  ( 8312): LoadBitmap begin idx=30502 file=Data\Player\level_man022.jpg
04-26 16:37:55.539 I/MuMain  ( 8312): LoadBitmap begin idx=30503 file=Data\Player\skin_wizard_01.jpg
04-26 16:37:55.540 I/MuMain  ( 8312): LoadBitmap begin idx=30504 file=Data\Player\level_man01.jpg
04-26 16:37:55.540 I/MuMain  ( 8312): LoadBitmap begin idx=30505 file=Data\Player\skin_archer_01.jpg
04-26 16:37:55.541 I/MuMain  ( 8312): LoadBitmap begin idx=30506 file=Data\Player\level_man033.jpg
04-26 16:37:55.541 I/MuMain  ( 8312): LoadBitmap begin idx=30507 file=Data\Player\skin_special_01.jpg
04-26 16:37:55.541 I/MuMain  ( 8312): LoadBitmap begin idx=30509 file=Data\Player\level_man02.jpg
04-26 16:37:55.542 I/MuMain  ( 8312): LoadBitmap begin idx=30522 file=Data\Player\hair_r.jpg
04-26 16:37:55.542 I/MuMain  ( 8312): LoadBitmap begin idx=30513 file=Data\Player\LevelClass107.jpg
04-26 16:37:55.542 I/MuMain  ( 8312): LoadBitmap begin idx=30514 file=Data\Player\LevelClass207.jpg
04-26 16:37:55.543 I/MuMain  ( 8312): LoadBitmap begin idx=30515 file=Data\Player\LevelClass207_1.jpg
04-26 16:37:55.617 I/MuMain  ( 8312): LoadBitmap begin idx=30543 file=Data\Player\Robe01.jpg
04-26 16:37:55.617 I/MuMain  ( 8312): LoadBitmap begin idx=30544 file=Data\Player\Robe02.jpg
04-26 16:37:55.617 I/MuMain  ( 8312): LoadBitmap begin idx=30545 file=Data\Player\Robe03.tga
04-26 16:37:55.620 I/MuMain  ( 8312): LoadBitmap begin idx=30550 file=Data\Player\DarklordRobe.tga
04-26 16:37:55.623 I/MuMain  ( 8312): LoadBitmap begin idx=30551 file=Data\Item\msword03.tga
04-26 16:37:55.627 I/MuMain  ( 8312): LoadBitmap begin idx=30552 file=Data\Item\dl_redwings02.tga
04-26 16:37:55.628 I/MuMain  ( 8312): LoadBitmap begin idx=30553 file=Data\Item\dl_redwings03.tga
04-26 16:37:55.644 I/MuMain  ( 8312): LoadBitmap begin idx=30561 file=Data\Player\InvenArmorMale40.tga
04-26 16:37:55.645 I/MuMain  ( 8312): LoadBitmap begin idx=30570 file=Data\Player\InvenPantsMale40.tga
04-26 16:37:55.648 I/MuMain  ( 8312): LoadBitmap begin idx=30562 file=Data\Player\InvenArmorMale41.tga
04-26 16:37:55.649 I/MuMain  ( 8312): LoadBitmap begin idx=30571 file=Data\Player\InvenPantsMale41.tga
04-26 16:37:55.660 I/MuMain  ( 8312): LoadBitmap begin idx=30563 file=Data\Player\InvenArmorMale42.tga
04-26 16:37:55.661 I/MuMain  ( 8312): LoadBitmap begin idx=30572 file=Data\Player\InvenPantsMale42.tga
04-26 16:37:55.665 I/MuMain  ( 8312): LoadBitmap begin idx=30564 file=Data\Player\InvenArmorMale43.tga
04-26 16:37:55.666 I/MuMain  ( 8312): LoadBitmap begin idx=30573 file=Data\Player\InvenPantsMale43.tga
04-26 16:37:55.670 I/MuMain  ( 8312): LoadBitmap begin idx=30565 file=Data\Player\InvenArmorMale44.tga
04-26 16:37:55.671 I/MuMain  ( 8312): LoadBitmap begin idx=30574 file=Data\Player\InvenPantsMale44.tga
04-26 16:37:55.675 I/MuMain  ( 8312): LoadBitmap begin idx=30566 file=Data\Player\InvenArmorMale45.tga
04-26 16:37:55.676 I/MuMain  ( 8312): LoadBitmap begin idx=30575 file=Data\Player\InvenPantsMale45.tga
04-26 16:37:55.676 I/MuMain  ( 8312): LoadBitmap begin idx=30578 file=Data\Player\Item312_Armoritem.tga
04-26 16:37:55.677 I/MuMain  ( 8312): LoadBitmap begin idx=30579 file=Data\Player\Item312_Pantitem.tga
04-26 16:37:55.678 I/MuMain  ( 8312): LoadBitmap begin idx=30580 file=Data\Player\SkinClass706_upperitem.tga
04-26 16:37:55.679 I/MuMain  ( 8312): LoadBitmap begin idx=30581 file=Data\Player\SkinClass706_loweritem.tga
04-26 16:37:55.908 I/MuMain  ( 8312): LoadBitmap begin idx=32458 file=Data\Item\NCcape.tga
04-26 16:37:55.909 I/MuMain  ( 8312): LoadBitmap begin idx=32459 file=Data\Item\monk_manto01.TGA
04-26 16:37:55.909 I/MuMain  ( 8312): LoadBitmap begin idx=32460 file=Data\Item\monke_manto.TGA
04-26 16:37:55.940 I/MuMain  ( 8312): LoadBitmap begin idx=32272 file=Data\Item\msword01_r.jpg
04-26 16:37:55.942 I/MuMain  ( 8312): LoadBitmap begin idx=32353 file=Data\Item\rollofpaper_R.jpg
04-26 16:37:56.228 I/AdbWifiNetworkMonitor(  736): Wi-Fi network available
04-26 16:37:56.229 I/AdbWifiNetworkMonitor(  736): Received the same Wi-Fi SSID. Ignoring.
04-26 16:37:56.233 W/libbinder.IPCThreadState(  736): Sending oneway calls to frozen process.
04-26 16:37:56.234 I/HalDevMgr(  736): bestIfaceCreationProposal is null, requestIface=STA, existingIface=[name=wlan0 type=STA]
04-26 16:37:56.234 W/libbinder.IPCThreadState(  736): Sending oneway calls to frozen process.
04-26 16:37:56.237 I/NullBinder( 1366): NullBinder for android.net.action.RECOMMEND_NETWORKS triggering remote TransactionTooLargeException due to Service without Chimera impl, calling uid: 1000, calling pid: 0
04-26 16:37:56.237 W/libbinder.Binder( 1366): Large reply transaction of 1056768 bytes, interface descriptor , function: UNKNOWN_FUNCTION_NAME, code: 1, flags: 17
04-26 16:37:56.242 D/IpClient/wlan0( 1160): interfaceLinkStateChanged: ifindex 16 up
04-26 16:37:56.248 D/IpClient/wlan0( 1160): interfaceLinkStateChanged: ifindex 16 up
04-26 16:37:56.269 I/MuMain  ( 8312): LoadBitmap begin idx=32415 file=Data\Item\InGameShop\membership_item_blue.jpg
04-26 16:37:56.269 I/MuMain  ( 8312): LoadBitmap begin idx=32416 file=Data\Item\InGameShop\membership_item_gold.jpg
04-26 16:37:56.269 I/MuMain  ( 8312): LoadBitmap begin idx=32417 file=Data\Item\InGameShop\membership_item_green.jpg
04-26 16:37:56.270 I/MuMain  ( 8312): LoadBitmap begin idx=32418 file=Data\Item\InGameShop\membership_item_pouple.jpg
04-26 16:37:56.270 I/MuMain  ( 8312): LoadBitmap begin idx=32419 file=Data\Item\InGameShop\membership_item_red.jpg
04-26 16:37:56.270 I/MuMain  ( 8312): LoadBitmap begin idx=32420 file=Data\Item\InGameShop\membership_item_sky.jpg
04-26 16:37:56.273 I/MuMain  ( 8312): LoadBitmap begin idx=32421 file=Data\Item\InGameShop\mebership_3items_green.jpg
04-26 16:37:56.274 I/MuMain  ( 8312): LoadBitmap begin idx=32422 file=Data\Item\InGameShop\mebership_3items_red.jpg
04-26 16:37:56.274 I/MuMain  ( 8312): LoadBitmap begin idx=32423 file=Data\Item\InGameShop\mebership_3items_yellow.jpg
04-26 16:37:56.316 I/wpa_supplicant( 1016): wlan0: CTRL-EVENT-BEACON-LOSS 
04-26 16:37:56.319 I/MuMain  ( 8312): LoadBitmap begin idx=30567 file=Data\Player\LuckyItem\65\InvenArmorMale40_luck.tga
04-26 16:37:56.320 I/MuMain  ( 8312): LoadBitmap begin idx=30576 file=Data\Player\LuckyItem\65\InvenPantsMale40_luck.tga
04-26 16:37:56.321 I/MuMain  ( 8312): LoadBitmap begin idx=30568 file=Data\Player\LuckyItem\70\InvenArmorMale41_luck.tga
04-26 16:37:56.322 I/MuMain  ( 8312): LoadBitmap begin idx=30577 file=Data\Player\LuckyItem\70\InvenPantsMale41_luck.tga
04-26 16:37:56.323 I/MuMain  ( 8312): LoadBitmap begin idx=32500 file=Data\Item\ArchangelusWeapon_render.jpg
04-26 16:37:56.323 I/MuMain  ( 8312): LoadBitmap begin idx=32501 file=Data\Effect\pin_star.jpg
04-26 16:37:56.323 I/MuMain  ( 8312): LoadBitmap begin idx=32502 file=Data\Item\PhoenixSoul_render.JPG
04-26 16:37:56.326 I/MuMain  ( 8312): LoadBitmap begin idx=532771 file=Data\Item\black_gold_crom05.jpg
04-26 16:37:56.326 I/MuMain  ( 8312): LoadBitmap begin idx=532768 file=Data\Item\absolute02_swordrender.jpg
04-26 16:37:56.326 I/MuMain  ( 8312): LoadBitmap begin idx=532770 file=Data\Item\black_gold_crom03.jpg
04-26 16:37:56.326 I/MuMain  ( 8312): LoadBitmap begin idx=532847 file=Data\Effect\flame_chrome.jpg
04-26 16:37:56.326 I/MuMain  ( 8312): LoadBitmap begin idx=532496 file=Data\Item\ground_wind2.jpg
04-26 16:37:56.327 I/MuMain  ( 8312): LoadBitmap begin idx=532836 file=Data\Item\alicewing4db_render.jpg
04-26 16:37:56.327 I/MuMain  ( 8312): LoadBitmap begin idx=532834 file=Data\Item\elfwing4da_render01.jpg
04-26 16:37:56.327 I/MuMain  ( 8312): LoadBitmap begin idx=532835 file=Data\Item\elfwing4da_render02.jpg
04-26 16:37:56.327 I/MuMain  ( 8312): LoadBitmap begin idx=532831 file=Data\Item\magicianwing4da_render.jpg
04-26 16:37:56.327 I/MuMain  ( 8312): LoadBitmap begin idx=532833 file=Data\Item\dknightwing4db_render.jpg
04-26 16:37:56.328 I/MuMain  ( 8312): LoadBitmap begin idx=532817 file=Data\Effect\line_of_big_R.jpg
04-26 16:37:56.328 I/MuMain  ( 8312): LoadBitmap begin idx=532840 file=Data\Item\soulknightswordB_render.jpg
04-26 16:37:56.328 I/MuMain  ( 8312): LoadBitmap begin idx=532841 file=Data\Item\soulknightswordA_render.jpg
04-26 16:37:56.329 I/MuMain  ( 8312): LoadBitmap begin idx=532842 file=Data\Item\soulmagicswordA_render.jpg
04-26 16:37:56.329 I/MuMain  ( 8312): LoadBitmap begin idx=532837 file=Data\Item\hs_soularcherbowA01_render.jpg
04-26 16:37:56.329 I/MuMain  ( 8312): LoadBitmap begin idx=532838 file=Data\Item\sd_SoulWizardStaff01_render.jpg
04-26 16:37:56.329 I/MuMain  ( 8312): LoadBitmap begin idx=532843 file=Data\Item\sd_soulsummonerstickA02_render.jpg
04-26 16:37:56.330 I/MuMain  ( 8312): LoadBitmap begin idx=532846 file=Data\Item\soulfighterclawA_render.jpg
04-26 16:37:56.330 I/MuMain  ( 8312): LoadBitmap begin idx=532571 file=Data\Item\hs_blueeyeknightA03r.jpg
04-26 16:37:56.330 I/MuMain  ( 8312): LoadBitmap begin idx=533001 file=Data\Effect\black_gold_crom04_mono.jpg
04-26 16:37:56.330 I/MuMain  ( 8312): LoadBitmap begin idx=532570 file=Data\Item\hs_blueeyeknightA02_render.jpg
04-26 16:37:56.331 I/MuMain  ( 8312): LoadBitmap begin idx=532566 file=Data\Item\fire_15frame_mono.jpg
04-26 16:37:56.331 I/MuMain  ( 8312): LoadBitmap begin idx=532575 file=Data\Item\alpha_line2.jpg
04-26 16:37:56.331 I/MuMain  ( 8312): LoadBitmap begin idx=532573 file=Data\Item\blueeyemagicsword02r.jpg
04-26 16:37:56.331 I/MuMain  ( 8312): LoadBitmap begin idx=532574 file=Data\Item\blueeyemagicsword03r.jpg
04-26 16:37:56.331 I/MuMain  ( 8312): LoadBitmap begin idx=533837 file=Data\Effect\black_gold_crom04.jpg
04-26 16:37:56.332 I/MuMain  ( 8312): LoadBitmap begin idx=532564 file=Data\Item\blueeyesceptre_render.jpg
04-26 16:37:56.332 I/MuMain  ( 8312): LoadBitmap begin idx=532562 file=Data\Item\Blue_eyebow02r.jpg
04-26 16:37:56.332 I/MuMain  ( 8312): LoadBitmap begin idx=532565 file=Data\Item\blue_eye_ws02_render.jpg
04-26 16:37:56.332 I/MuMain  ( 8312): LoadBitmap begin idx=532563 file=Data\Item\bsummoners02_render.jpg
04-26 16:37:56.332 I/MuMain  ( 8312): LoadBitmap begin idx=532567 file=Data\Item\Blueeyeclaw_render.jpg
04-26 16:37:56.333 I/MuMain  ( 8312): LoadBitmap begin idx=532960 file=Data\Item\mace_mastr02s_render.jpg
04-26 16:37:56.333 I/MuMain  ( 8312): LoadBitmap begin idx=532798 file=Data\Item\Darkangel_StaffA_render.jpg
04-26 16:37:56.334 I/MuMain  ( 8312): LoadBitmap begin idx=532542 file=Data\Item\sd_soullance01_render.jpg
04-26 16:37:56.334 I/MuMain  ( 8312): LoadBitmap begin idx=532959 file=Data\Item\runewing3db_render.jpg
04-26 16:37:56.334 I/MuMain  ( 8312): LoadBitmap begin idx=532965 file=Data\Item\runewing4db_render.jpg
04-26 16:37:56.335 I/MuMain  ( 8312): LoadBitmap begin idx=532963 file=Data\Item\runewing4dc_star01.jpg
04-26 16:37:56.335 I/MuMain  ( 8312): LoadBitmap begin idx=532964 file=Data\Item\runewing4dc_star02.jpg
04-26 16:37:56.335 I/MuMain  ( 8312): LoadBitmap begin idx=532568 file=Data\Item\hs_blueeyelanceA02r.jpg
04-26 16:37:56.335 I/MuMain  ( 8312): LoadBitmap begin idx=532549 file=Data\Effect\MMsSs2_r.jpg
04-26 16:37:56.336 I/MuMain  ( 8312): LoadBitmap begin idx=532569 file=Data\Item\mace5master02_render.jpg
04-26 16:37:56.336 I/MuMain  ( 8312): LoadBitmap begin idx=533024 file=Data\Effect\wings_van_render.jpg
04-26 16:37:56.336 I/MuMain  ( 8312): LoadBitmap begin idx=533026 file=Data\Effect\benzia_wing4_render.jpg
04-26 16:37:56.337 I/MuMain  ( 8312): LoadBitmap begin idx=533027 file=Data\Effect\benzia_wing4a_render.jpg
04-26 16:37:56.337 I/MuMain  ( 8312): LoadBitmap begin idx=533028 file=Data\Effect\benzia_wing4b_render.jpg
04-26 16:37:56.337 I/MuMain  ( 8312): LoadBitmap begin idx=533043 file=Data\Item\season_wing_period_render.jpg
04-26 16:37:56.337 I/MuMain  ( 8312): LoadBitmap begin idx=533029 file=Data\Item\firek_sq_mono.jpg
04-26 16:37:56.355 I/MuMain  ( 8312): LoadBitmap begin idx=32307 file=Data\Skill\jack04.jpg
04-26 16:37:56.355 I/MuMain  ( 8312): LoadBitmap begin idx=32308 file=Data\Skill\jack05.jpg
04-26 16:37:56.355 I/MuMain  ( 8312): LoadBitmap begin idx=30546 file=Data\Monster\iui02.tga
04-26 16:37:56.411 I/MuMain  ( 8312): LoadBitmap begin idx=32174 file=Data\Skill\dkthreebody_r.jpg
04-26 16:37:56.424 I/MuMain  ( 8312): LoadBitmap begin idx=32401 file=Data\Effect\Bugbear_R.jpg
04-26 16:37:56.424 I/MuMain  ( 8312): LoadBitmap begin idx=32393 file=Data\Effect\pk_mon02_fire.jpg
04-26 16:37:56.424 I/MuMain  ( 8312): LoadBitmap begin idx=32394 file=Data\Effect\pk_mon03_red.jpg
04-26 16:37:56.424 I/MuMain  ( 8312): LoadBitmap begin idx=32395 file=Data\Effect\pk_mon02_green.jpg
04-26 16:37:56.424 I/MuMain  ( 8312): LoadBitmap begin idx=32396 file=Data\Effect\pk_mon03_green.jpg
04-26 16:37:56.425 I/MuMain  ( 8312): LoadBitmap begin idx=32397 file=Data\Effect\lavagiantAa_e.jpg
04-26 16:37:56.425 I/MuMain  ( 8312): LoadBitmap begin idx=32398 file=Data\Effect\lavagiantBa_e.jpg
04-26 16:37:56.425 I/MuMain  ( 8312): LoadBitmap begin idx=32399 file=Data\Effect\eff_magma_red.jpg
04-26 16:37:56.425 I/MuMain  ( 8312): LoadBitmap begin idx=32400 file=Data\Effect\eff_magma_violet.jpg
04-26 16:37:56.425 I/MuMain  ( 8312): LoadBitmap begin idx=32412 file=Data\Effect\raymond_sword_R.jpg
04-26 16:37:56.425 I/MuMain  ( 8312): LoadBitmap begin idx=32414 file=Data\Effect\mist01.jpg
04-26 16:37:56.525 I/MuMain  ( 8312): LoadBitmap begin idx=32126 file=Data\Skill\flower1.tga
04-26 16:37:56.526 I/MuMain  ( 8312): LoadBitmap begin idx=32127 file=Data\Skill\flower2.tga
04-26 16:37:56.526 I/MuMain  ( 8312): LoadBitmap begin idx=32128 file=Data\Skill\flower3.tga
04-26 16:37:56.596 I/MuMain  ( 8312): LoadBitmap begin idx=32450 file=Data\Effect\sbumb.jpg
04-26 16:37:56.599 I/MuMain  ( 8312): LoadBitmap begin idx=32451 file=Data\Effect\force_Pillar.jpg
04-26 16:37:56.599 I/MuMain  ( 8312): LoadBitmap begin idx=32452 file=Data\Effect\!SwordEff.jpg
04-26 16:37:56.599 I/MuMain  ( 8312): LoadBitmap begin idx=32453 file=Data\Effect\Damage1.jpg
04-26 16:37:56.599 I/MuMain  ( 8312): LoadBitmap begin idx=32454 file=Data\Effect\ground_wind.jpg
04-26 16:37:56.599 I/MuMain  ( 8312): LoadBitmap begin idx=32455 file=Data\Effect\Kwave2.jpg
04-26 16:37:56.600 I/MuMain  ( 8312): LoadBitmap begin idx=32456 file=Data\Effect\Damage2.jpg
04-26 16:37:56.600 I/MuMain  ( 8312): LoadBitmap begin idx=32457 file=Data\Effect\volcano_core.jpg
04-26 16:37:56.601 I/MuMain  ( 8312): LoadBitmap begin idx=32461 file=Data\Effect\ground_smoke.tga
04-26 16:37:56.601 I/MuMain  ( 8312): LoadBitmap begin idx=32462 file=Data\Effect\knightSt_blue.jpg
04-26 16:37:56.602 I/MuMain  ( 8312): LoadBitmap begin idx=32471 file=Data\Effect\xsuper0001.jpg
04-26 16:37:56.603 I/MuMain  ( 8312): LoadBitmap begin idx=32472 file=Data\Effect\xsuper0002.jpg
04-26 16:37:56.603 I/MuMain  ( 8312): LoadBitmap begin idx=32473 file=Data\Effect\xsuper0003.jpg
04-26 16:37:56.603 I/MuMain  ( 8312): LoadBitmap begin idx=32474 file=Data\Effect\xsuper0004.jpg
04-26 16:37:56.603 I/MuMain  ( 8312): LoadBitmap begin idx=32475 file=Data\Effect\xsuper0005.jpg
04-26 16:37:56.603 I/MuMain  ( 8312): LoadBitmap begin idx=32476 file=Data\Effect\xsuper0006.jpg
04-26 16:37:56.604 I/MuMain  ( 8312): LoadBitmap begin idx=32477 file=Data\Effect\SwordEffor2_blur.jpg
04-26 16:37:56.606 I/MuMain  ( 8312): OPENBASIC: OpenImages begin
04-26 16:37:56.606 I/MuMain  ( 8312): LoadBitmap begin idx=31097 file=Data\Interface\command.jpg
04-26 16:37:56.606 I/MuMain  ( 8312): LoadBitmap begin idx=31054 file=Data\Interface\Item_Back01.jpg
04-26 16:37:56.606 I/MuMain  ( 8312): LoadBitmap begin idx=31065 file=Data\Interface\Item_Money.jpg
04-26 16:37:56.607 I/MuMain  ( 8312): LoadBitmap begin idx=31071 file=Data\Interface\Item_box.jpg
04-26 16:37:56.607 I/MuMain  ( 8312): LoadBitmap begin idx=31072 file=Data\Interface\InventoryBox2.jpg
04-26 16:37:56.607 I/MuMain  ( 8312): LoadBitmap begin idx=31073 file=Data\Interface\Trading_line.jpg
04-26 16:37:56.607 I/MuMain  ( 8312): LoadBitmap begin idx=31074 file=Data\Interface\exit_01.jpg
04-26 16:37:56.608 I/MuMain  ( 8312): LoadBitmap begin idx=31075 file=Data\Interface\exit_02.jpg
04-26 16:37:56.608 I/MuMain  ( 8312): LoadBitmap begin idx=31084 file=Data\Interface\accept_box01.jpg
04-26 16:37:56.608 I/MuMain  ( 8312): LoadBitmap begin idx=31085 file=Data\Interface\accept_box02.jpg
04-26 16:37:56.608 I/MuMain  ( 8312): LoadBitmap begin idx=31086 file=Data\Interface\mix_button1.jpg
04-26 16:37:56.609 I/MuMain  ( 8312): LoadBitmap begin idx=31087 file=Data\Interface\mix_button2.jpg
04-26 16:37:56.609 I/MuMain  ( 8312): LoadBitmap begin idx=31088 file=Data\Interface\lock_01.jpg
04-26 16:37:56.609 I/MuMain  ( 8312): LoadBitmap begin idx=31089 file=Data\Interface\lock_02.jpg
04-26 16:37:56.609 I/MuMain  ( 8312): LoadBitmap begin idx=31090 file=Data\Interface\lock_03.jpg
04-26 16:37:56.610 I/MuMain  ( 8312): LoadBitmap begin idx=31091 file=Data\Interface\lock_04.jpg
04-26 16:37:56.610 I/MuMain  ( 8312): LoadBitmap begin idx=31794 file=Data\Interface\guild.tga
04-26 16:37:56.610 I/MuMain  ( 8312): OPENBASIC: OpenImages done
04-26 16:37:56.611 I/MuMain  ( 8312): OPENBASIC: OpenSounds begin
04-26 16:37:56.611 I/MuMain  ( 8312): OPENBASIC: OpenSounds done
04-26 16:37:56.612 I/MuMain  ( 8312): OPENBASIC: scripts begin
04-26 16:37:56.623 I/MuMain  ( 8312): OPENBASIC: OpenTextData begin
04-26 16:37:56.630 I/MuMain  ( 8312): OPENBASIC: OpenTextData done
04-26 16:37:56.653 I/MuMain  ( 8312): OPENBASIC: master/gate/filter done
04-26 16:37:56.654 I/MuMain  ( 8312): WEBZEN: OpenBasicData done
04-26 16:37:56.654 I/MuMain  ( 8312): LoadBitmap begin idx=31278 file=Data\Interface\newui_chat_back.jpg
