04-26 20:07:25.101   736   921 I HalDevMgr: bestIfaceCreationProposal is null, requestIface=STA, existingIface=[name=wlan0 type=STA]
04-26 20:07:25.806 17653 17692 I MuMain  : PERF fps=53.2 frameMs=18.78 phase(render=17.99 pad=0.02 present=0.69) renderLevel=4 fxScale=1.00 maxMsg=30 avg(draw=267 verts=85254 im=1900 vaD=0 vaC=0 qI=193 qE=0) max(draw=287 verts=85500)
04-26 20:07:25.807 17653 17692 I MuMain  : PERF_SCENE world=73 char(live=0 vis=0 ply=0 mon=0 npc=0 pet=0 prio=0 topMon=-1 x0) obj(live=375 vis=90 op=0 trap=0 topObj=79 x12)
04-26 20:07:25.807 17653 17692 I MuMain  : PERF_BUCKET objMove(cand=0 upd=0 def=0 n=0 m=0 f=0) objRender(cand=0 draw=0 cull=0 n=0 m=0 f=0 visDraw=0 visDef=0) charMove(cand=0 upd=0 def=0 n=0 m=0 f=0) charRender(cand=0 draw=0 def=0 cull=0 n=0 m=0 f=0)
04-26 20:07:25.807 17653 17692 I MuMain  : PERF_TERRAIN world=73 normal(block=0 tile=0) grass(block=0 tile=0) after(block=0 tile=0)
04-26 20:07:26.840 17653 17692 I MuMain  : PERF fps=65.4 frameMs=15.30 phase(render=14.50 pad=0.02 present=0.71) renderLevel=4 fxScale=1.00 maxMsg=30 avg(draw=213 verts=58692 im=1722 vaD=0 vaC=0 qI=158 qE=0) max(draw=220 verts=60132)
04-26 20:07:26.840 17653 17692 I MuMain  : PERF_SCENE world=73 char(live=0 vis=0 ply=0 mon=0 npc=0 pet=0 prio=0 topMon=-1 x0) obj(live=375 vis=77 op=0 trap=0 topObj=79 x13)
04-26 20:07:26.840 17653 17692 I MuMain  : PERF_BUCKET objMove(cand=0 upd=0 def=0 n=0 m=0 f=0) objRender(cand=0 draw=0 cull=0 n=0 m=0 f=0 visDraw=0 visDef=0) charMove(cand=0 upd=0 def=0 n=0 m=0 f=0) charRender(cand=0 draw=0 def=0 cull=0 n=0 m=0 f=0)
04-26 20:07:26.840 17653 17692 I MuMain  : PERF_TERRAIN world=73 normal(block=0 tile=0) grass(block=0 tile=0) after(block=0 tile=0)
04-26 20:07:27.622 17653 17692 I MuMain  : ADAPT net budget up: fps=64.8 frameMs=15.43 maxMsg 30->35
04-26 20:07:27.881 17653 17692 I MuMain  : PERF fps=65.6 frameMs=15.25 phase(render=14.62 pad=0.05 present=0.51) renderLevel=4 fxScale=1.00 maxMsg=35 avg(draw=217 verts=70572 im=1709 vaD=0 vaC=0 qI=155 qE=0) max(draw=226 verts=71364)
04-26 20:07:27.881 17653 17692 I MuMain  : PERF_SCENE world=73 char(live=0 vis=0 ply=0 mon=0 npc=0 pet=0 prio=0 topMon=-1 x0) obj(live=375 vis=51 op=0 trap=0 topObj=79 x8)
04-26 20:07:27.881 17653 17692 I MuMain  : PERF_BUCKET objMove(cand=0 upd=0 def=0 n=0 m=0 f=0) objRender(cand=0 draw=0 cull=0 n=0 m=0 f=0 visDraw=0 visDef=0) charMove(cand=0 upd=0 def=0 n=0 m=0 f=0) charRender(cand=0 draw=0 def=0 cull=0 n=0 m=0 f=0)
04-26 20:07:27.881 17653 17692 I MuMain  : PERF_TERRAIN world=73 normal(block=0 tile=0) grass(block=0 tile=0) after(block=0 tile=0)
04-26 20:07:28.110   736   921 I HalDevMgr: bestIfaceCreationProposal is null, requestIface=STA, existingIface=[name=wlan0 type=STA]
04-26 20:07:28.198 17653 17657 I muonline.client: Background concurrent mark compact GC freed 3579KB AllocSpace bytes, 0(0B) LOS objects, 49% free, 2665KB/5331KB, paused 2.107ms,6.163ms total 19.831ms
04-26 20:07:28.923 17653 17692 I MuMain  : PERF fps=60.0 frameMs=16.65 phase(render=15.83 pad=0.03 present=0.74) renderLevel=4 fxScale=1.00 maxMsg=35 avg(draw=230 verts=67059 im=1484 vaD=0 vaC=0 qI=168 qE=0) max(draw=239 verts=73518)
04-26 20:07:28.924 17653 17692 I MuMain  : PERF_SCENE world=73 char(live=0 vis=0 ply=0 mon=0 npc=0 pet=0 prio=0 topMon=-1 x0) obj(live=375 vis=67 op=0 trap=0 topObj=20 x10)
04-26 20:07:28.924 17653 17692 I MuMain  : PERF_BUCKET objMove(cand=0 upd=0 def=0 n=0 m=0 f=0) objRender(cand=0 draw=0 cull=0 n=0 m=0 f=0 visDraw=0 visDef=0) charMove(cand=0 upd=0 def=0 n=0 m=0 f=0) charRender(cand=0 draw=0 def=0 cull=0 n=0 m=0 f=0)
04-26 20:07:28.924 17653 17692 I MuMain  : PERF_TERRAIN world=73 normal(block=0 tile=0) grass(block=0 tile=0) after(block=0 tile=0)
04-26 20:07:29.348   736   931 W libbinder.IPCThreadState: Sending oneway calls to frozen process.
04-26 20:07:29.353   736   850 D ActivityManager: sync unfroze 4164 com.android.vending for 6
04-26 20:07:29.360   736   931 W libbinder.IPCThreadState: Sending oneway calls to frozen process.
04-26 20:07:29.418   736  1715 W ProcessStats: Tracking association SourceState{f999d38 system/1000 ImpBg #6370} whose proc state 6 is better than process ProcessState{2c5a08d com.android.vending/10154 pkg=com.android.vending} proc state 14 (16 skipped)
04-26 20:07:29.424  4164  4164 I Finsky  : [2] SCH: job service start with id 9786.
04-26 20:07:29.440 17653 17692 I MuMain  : ADAPT fx scale: fps=45.5 frameMs=21.95 1.00->0.90 target=0.90
04-26 20:07:29.471  4164 17614 I Finsky  : [373] SCH: Satisfied jobs for 9786 are: 12-1
04-26 20:07:29.484  4164 17708 I Finsky  : [382] SCH: Job 12-1 starting
04-26 20:07:29.488  4164  4164 I Finsky  : [2] WM::SCH: Logging work start for 12-1
04-26 20:07:29.504  4164  4164 I Finsky  : [2] [ContentSync] job started
04-26 20:07:29.536  1203  1331 D SatelliteController: isInCarrierRoamingNbIotNtn: satellite is disabled
04-26 20:07:29.536  1203  1331 D SatelliteController: getCarrierRoamingNtnConnectType: Checking connect type from PLMN config for subId: 1
04-26 20:07:29.547  1203  1331 D SatelliteController: getSatellitePerPlmnConfiguration: invalid subId or not supported via carrier.
04-26 20:07:29.549  1203  1331 D SatelliteController: getCarrierRoamingNtnConnectType: config: null
04-26 20:07:29.551  1203  1331 D SatelliteController: getCarrierRoamingNtnConnectType: Falling back to global carrier config connect type: 0
04-26 20:07:29.552  1203  1331 D SatelliteController: updateLastNotifiedCarrierRoamingNtnSignalStrengthAndNotify(1)
04-26 20:07:29.552  1203  1331 D SatelliteController: updateLastNotifiedCarrierRoamingNtnSignalStrengthAndNotify(1) lastNotifiedSignalStrength level: 0
04-26 20:07:29.552  1203  1331 D SatelliteController: updateLastNotifiedCarrierRoamingNtnSignalStrengthAndNotify(1) currSignalStrength level: 0
04-26 20:07:29.607  4164 17709 I Finsky  : [383] App states replicator found 7 unowned apps
04-26 20:07:29.631  4164  4223 I Finsky  : [54] Completed 0 account content syncs with 0 successful.
04-26 20:07:29.632  4164  4164 I Finsky  : [2] [ContentSync] Installation state replication succeeded.
04-26 20:07:29.632  4164  4164 I Finsky  : [2] SCH: jobFinished: 12-1. TimeElapsed: 146ms.
04-26 20:07:29.633  4164  4164 I Finsky  : [2] WM::SCH: Logging work end for 12-1
04-26 20:07:29.652   736   748 I system_server: Background young concurrent mark compact GC freed 19MB AllocSpace bytes, 13(656KB) LOS objects, 39% free, 36MB/60MB, paused 3.578ms,41.849ms total 67.239ms
04-26 20:07:29.718  4164  4223 I Finsky  : [54] SCH: Scheduling phonesky job Id: 1-1337, CT: 1777185491409, Constraints: [{ L: 25186278, D: 68386278, C: CHARGING_NONE, I: IDLE_NONE, N: NET_ANY, B: BATTERY_ANY }]
04-26 20:07:29.726  4164  4224 I Finsky  : [55] SCH: Scheduling 1 system job(s)
04-26 20:07:29.727  4164  4224 I Finsky  : [55] SCH: Scheduling system job Id: 9789, L: 1827960, D: 45027960, C: false, I: false, N: 1
04-26 20:07:29.736  4164 17708 I Finsky  : [382] SCH: job service finished with id 9786.
04-26 20:07:29.746  4164  4164 I Finsky  : [2] Memory trim requested to level 40
04-26 20:07:29.746  4164  4164 I Finsky  : [2] Flushing in-memory image cache
04-26 20:07:29.974 17653 17692 W MuMain  : ADAPT net budget down: fps=44.5 frameMs=22.48 maxMsg 35->30
04-26 20:07:29.975 17653 17692 I MuMain  : PERF fps=44.5 frameMs=22.48 phase(render=21.57 pad=0.02 present=0.82) renderLevel=4 fxScale=1.00 maxMsg=30 avg(draw=345 verts=60504 im=1525 vaD=0 vaC=0 qI=156 qE=0) max(draw=368 verts=62913)
04-26 20:07:29.975 17653 17692 I MuMain  : PERF_SCENE world=73 char(live=0 vis=0 ply=0 mon=0 npc=0 pet=0 prio=0 topMon=-1 x0) obj(live=375 vis=150 op=0 trap=0 topObj=79 x16)
04-26 20:07:29.975 17653 17692 I MuMain  : PERF_BUCKET objMove(cand=0 upd=0 def=0 n=0 m=0 f=0) objRender(cand=0 draw=0 cull=0 n=0 m=0 f=0 visDraw=0 visDef=0) charMove(cand=0 upd=0 def=0 n=0 m=0 f=0) charRender(cand=0 draw=0 def=0 cull=0 n=0 m=0 f=0)
04-26 20:07:29.975 17653 17692 I MuMain  : PERF_TERRAIN world=73 normal(block=0 tile=0) grass(block=0 tile=0) after(block=0 tile=0)
04-26 20:07:30.118   736   862 D ActivityManager: freezing 14925 com.google.android.gms
04-26 20:07:30.762 17653 17692 I MuMain  : ADAPT fx scale: fps=38.7 frameMs=25.83 1.00->0.90 target=0.90
04-26 20:07:31.019 17653 17692 I MuMain  : PERF fps=38.8 frameMs=25.75 phase(render=24.92 pad=0.02 present=0.74) renderLevel=4 fxScale=1.00 maxMsg=30 avg(draw=395 verts=61252 im=1468 vaD=0 vaC=0 qI=203 qE=0) max(draw=402 verts=62844)
04-26 20:07:31.019 17653 17692 I MuMain  : PERF_SCENE world=73 char(live=0 vis=0 ply=0 mon=0 npc=0 pet=0 prio=0 topMon=-1 x0) obj(live=375 vis=173 op=0 trap=0 topObj=155 x18)
04-26 20:07:31.020 17653 17692 I MuMain  : PERF_BUCKET objMove(cand=0 upd=0 def=0 n=0 m=0 f=0) objRender(cand=0 draw=0 cull=0 n=0 m=0 f=0 visDraw=0 visDef=0) charMove(cand=0 upd=0 def=0 n=0 m=0 f=0) charRender(cand=0 draw=0 def=0 cull=0 n=0 m=0 f=0)
04-26 20:07:31.020 17653 17692 I MuMain  : PERF_TERRAIN world=73 normal(block=0 tile=0) grass(block=0 tile=0) after(block=0 tile=0)
04-26 20:07:31.118   736   921 I HalDevMgr: bestIfaceCreationProposal is null, requestIface=STA, existingIface=[name=wlan0 type=STA]
04-26 20:07:32.089 17653 17692 I MuMain  : ADAPT fx scale: fps=33.9 frameMs=29.54 1.00->0.90 target=0.80
04-26 20:07:32.089 17653 17692 I MuMain  : PERF fps=33.9 frameMs=29.54 phase(render=28.65 pad=0.04 present=0.79) renderLevel=4 fxScale=1.00 maxMsg=30 avg(draw=477 verts=52926 im=1555 vaD=0 vaC=0 qI=205 qE=0) max(draw=483 verts=55968)
04-26 20:07:32.089 17653 17692 I MuMain  : PERF_SCENE world=73 char(live=0 vis=0 ply=0 mon=0 npc=0 pet=0 prio=0 topMon=-1 x0) obj(live=375 vis=183 op=0 trap=0 topObj=155 x22)
04-26 20:07:32.089 17653 17692 I MuMain  : PERF_BUCKET objMove(cand=0 upd=0 def=0 n=0 m=0 f=0) objRender(cand=0 draw=0 cull=0 n=0 m=0 f=0 visDraw=0 visDef=0) charMove(cand=0 upd=0 def=0 n=0 m=0 f=0) charRender(cand=0 draw=0 def=0 cull=0 n=0 m=0 f=0)
04-26 20:07:32.089 17653 17692 I MuMain  : PERF_TERRAIN world=73 normal(block=0 tile=0) grass(block=0 tile=0) after(block=0 tile=0)
04-26 20:07:32.317  1016  1016 I wpa_supplicant: wlan0: CTRL-EVENT-BEACON-LOSS 
04-26 20:07:32.828 17715 17715 W libbinder.BackendUnifiedServiceManager: Thread Pool max thread count is 0. Cannot cache binder as linkToDeath cannot be implemented. serviceName: SurfaceFlingerAIDL
04-26 20:07:32.829 17715 17715 W libbinder.BpBinder: Linking to death on android.gui.ISurfaceComposer but there are no threads (yet?) listening to incoming transactions. See ProcessState::startThreadPool and ProcessState::setThreadPoolMaxThreadCount. Generally you should setup the binder threadpool before other initialization steps.
04-26 20:07:32.829 17715 17715 W libbinder.ProcessState: Extra binder thread started, but 0 threads requested. Do not use *startThreadPool when zero threads are requested.
04-26 20:07:32.904   566   616 W skia    : AGTM parsing failed flags.readFromStream(s) at 159
