--------- beginning of main
04-26 19:35:26.977  1219  1219 D AllAppsStore: setApps: apps.length=21
04-26 19:35:26.977  1219  1219 D AllAppsStore: notifyUpdate: notifying listeners
04-26 19:35:26.977  1219  1219 D b/387844520: getOutlineOffsetX: measured width = 173, mNormalizedIconSize = 159, last updated width = 173
04-26 19:35:26.977  4164  4164 I Finsky  : [2] ajjp - Received: android.intent.action.PACKAGE_ADDED, [n076RJLEETmEZ61FBJHrGFwh-0szukPG_iaeB-mhrwQ]
04-26 19:35:26.978  1219  1219 V BaseDepthController: Applying blur: 0 to Surface(name=VRI-com.google.android.apps.nexuslauncher/com.google.android.apps.nexuslauncher.NexusLauncherActivity#1148)/@0xd45637f applyImmediately: false
04-26 19:35:26.979  1219  1219 D BaseDepthController: shouldBlurWorkspace: false targetState: Normal currentStableState: Normal mCurrentBlur: 0 mLauncher.getDepthBlurTargets(): [com.android.launcher3.Workspace{573bc60 V.ED..... ......ID 0,0-1080,2400 #7f0a047d app:id/workspace}, com.android.launcher3.Hotseat{7eca519 V.ED..... .......D 0,1905-1080,2400 #7f0a01f1 app:id/hotseat}]
04-26 19:35:26.997  4276  4276 I Finsky:background: [2] ajje - Deduping intent android.intent.action.PACKAGE_ADDED
04-26 19:35:27.010  4276  4276 I Finsky:background: [2] ajje - Received: android.intent.action.PACKAGE_ADDED, [n076RJLEETmEZ61FBJHrGFwh-0szukPG_iaeB-mhrwQ]
04-26 19:35:27.013  1219  1219 V BaseDepthController: Applying blur: 0 to Surface(name=VRI-com.google.android.apps.nexuslauncher/com.google.android.apps.nexuslauncher.NexusLauncherActivity#1148)/@0xd45637f applyImmediately: false
04-26 19:35:27.018  1219  1219 D BaseDepthController: shouldBlurWorkspace: false targetState: Normal currentStableState: Normal mCurrentBlur: 0 mLauncher.getDepthBlurTargets(): [com.android.launcher3.Workspace{573bc60 V.ED..... ........ 0,0-1080,2400 #7f0a047d app:id/workspace}, com.android.launcher3.Hotseat{7eca519 V.ED..... ........ 0,1905-1080,2400 #7f0a01f1 app:id/hotseat}]
04-26 19:35:27.027  1219  1219 V BaseDepthController: Applying blur: 0 to Surface(name=VRI-com.google.android.apps.nexuslauncher/com.google.android.apps.nexuslauncher.NexusLauncherActivity#1148)/@0xd45637f applyImmediately: false
04-26 19:35:27.029  1219  1219 D BaseDepthController: shouldBlurWorkspace: false targetState: Normal currentStableState: Normal mCurrentBlur: 0 mLauncher.getDepthBlurTargets(): [com.android.launcher3.Workspace{573bc60 V.ED..... ........ 0,0-1080,2400 #7f0a047d app:id/workspace}, com.android.launcher3.Hotseat{7eca519 V.ED..... ........ 0,1905-1080,2400 #7f0a01f1 app:id/hotseat}]
04-26 19:35:27.029  4276 16127 I Finsky:background: [179] Wrote row to frosting DB: 3174
04-26 19:35:27.029   566   616 W skia    : AGTM parsing failed flags.readFromStream(s) at 159
04-26 19:35:27.029   566   616 W skia    : AGTM parsing failed flags.readFromStream(s) at 159
04-26 19:35:27.038  4276  4276 I Finsky:background: [2] ajje - Deduping intent android.intent.action.PACKAGE_ADDED
04-26 19:35:27.038  1219  1219 V BaseDepthController: Applying blur: 0 to Surface(name=VRI-com.google.android.apps.nexuslauncher/com.google.android.apps.nexuslauncher.NexusLauncherActivity#1148)/@0xd45637f applyImmediately: false
04-26 19:35:27.039  1219  1219 D BaseDepthController: shouldBlurWorkspace: false targetState: Normal currentStableState: Normal mCurrentBlur: 0 mLauncher.getDepthBlurTargets(): [com.android.launcher3.Workspace{573bc60 V.ED..... ........ 0,0-1080,2400 #7f0a047d app:id/workspace}, com.android.launcher3.Hotseat{7eca519 V.ED..... ........ 0,1905-1080,2400 #7f0a01f1 app:id/hotseat}]
--------- beginning of system
04-26 19:35:27.039  4276  4276 D ActivityThread: Package [com.muonline.client] reported as REPLACED, but missing application info. Assuming REMOVED.
04-26 19:35:27.039  4276  4314 I Finsky:background: [55] RECEIVER_PACKAGE_MONITOR_BACKGROUND#logWorkEndAndFinishGoAsync: SUCCESS
04-26 19:35:27.053  1219  1219 V BaseDepthController: Applying blur: 0 to Surface(name=VRI-com.google.android.apps.nexuslauncher/com.google.android.apps.nexuslauncher.NexusLauncherActivity#1148)/@0xd45637f applyImmediately: false
04-26 19:35:27.054  1219  1219 D BaseDepthController: shouldBlurWorkspace: false targetState: Normal currentStableState: Normal mCurrentBlur: 0 mLauncher.getDepthBlurTargets(): [com.android.launcher3.Workspace{573bc60 V.ED..... ........ 0,0-1080,2400 #7f0a047d app:id/workspace}, com.android.launcher3.Hotseat{7eca519 V.ED..... ........ 0,1905-1080,2400 #7f0a01f1 app:id/hotseat}]
04-26 19:35:27.066  4276 16127 I Finsky:background: [179] Wrote row to frosting DB: 3175
04-26 19:35:27.069  1219  1219 V BaseDepthController: Applying blur: 0 to Surface(name=VRI-com.google.android.apps.nexuslauncher/com.google.android.apps.nexuslauncher.NexusLauncherActivity#1148)/@0xd45637f applyImmediately: false
04-26 19:35:27.069  1219  1219 D BaseDepthController: shouldBlurWorkspace: false targetState: Normal currentStableState: Normal mCurrentBlur: 0 mLauncher.getDepthBlurTargets(): [com.android.launcher3.Workspace{573bc60 V.ED..... ........ 0,0-1080,2400 #7f0a047d app:id/workspace}, com.android.launcher3.Hotseat{7eca519 V.ED..... ........ 0,1905-1080,2400 #7f0a01f1 app:id/hotseat}]
04-26 19:35:27.085  1219  1219 V BaseDepthController: Applying blur: 0 to Surface(name=VRI-com.google.android.apps.nexuslauncher/com.google.android.apps.nexuslauncher.NexusLauncherActivity#1148)/@0xd45637f applyImmediately: false
04-26 19:35:27.085  1219  1219 D BaseDepthController: shouldBlurWorkspace: false targetState: Normal currentStableState: Normal mCurrentBlur: 0 mLauncher.getDepthBlurTargets(): [com.android.launcher3.Workspace{573bc60 V.ED..... ........ 0,0-1080,2400 #7f0a047d app:id/workspace}, com.android.launcher3.Hotseat{7eca519 V.ED..... ........ 0,1905-1080,2400 #7f0a01f1 app:id/hotseat}]
04-26 19:35:27.090 14925 16150 I AppBackupPkgRemovedIO: Backup state cleanup on uninstall is disabled. [CONTEXT service_id=229 ]
04-26 19:35:27.093 14925 16155 I PackageInstalledIntentO: Test flag v2 is disabled [CONTEXT service_id=469 ]
04-26 19:35:27.101  4276  4276 I Finsky:background: [2] Memory trim requested to level 40
04-26 19:35:27.119  1219  1219 V BaseDepthController: Applying blur: 0 to Surface(name=VRI-com.google.android.apps.nexuslauncher/com.google.android.apps.nexuslauncher.NexusLauncherActivity#1148)/@0xd45637f applyImmediately: false
04-26 19:35:27.119  1219  1219 D BaseDepthController: shouldBlurWorkspace: false targetState: Normal currentStableState: Normal mCurrentBlur: 0 mLauncher.getDepthBlurTargets(): [com.android.launcher3.Workspace{573bc60 V.ED..... ........ 0,0-1080,2400 #7f0a047d app:id/workspace}, com.android.launcher3.Hotseat{7eca519 V.ED..... ........ 0,1905-1080,2400 #7f0a01f1 app:id/hotseat}]
04-26 19:35:27.131   566   616 W skia    : AGTM parsing failed flags.readFromStream(s) at 159
04-26 19:35:27.131   566   616 W skia    : AGTM parsing failed flags.readFromStream(s) at 159
04-26 19:35:27.136  1219  1219 V BaseDepthController: Applying blur: 0 to Surface(name=VRI-com.google.android.apps.nexuslauncher/com.google.android.apps.nexuslauncher.NexusLauncherActivity#1148)/@0xd45637f applyImmediately: false
04-26 19:35:27.137  1219  1219 D BaseDepthController: shouldBlurWorkspace: false targetState: Normal currentStableState: Normal mCurrentBlur: 0 mLauncher.getDepthBlurTargets(): [com.android.launcher3.Workspace{573bc60 V.ED..... ........ 0,0-1080,2400 #7f0a047d app:id/workspace}, com.android.launcher3.Hotseat{7eca519 V.ED..... ........ 0,1905-1080,2400 #7f0a01f1 app:id/hotseat}]
04-26 19:35:27.153   736  1827 W ActivityTaskManager: callingPackage for (uid=2000, pid=16159) has no WPC
04-26 19:35:27.153 14925 16153 W SQLiteLog: (28) double-quoted string literal: "com.muonline.client"
04-26 19:35:27.158   736  1827 V GrammaticalInflectionUtils: AttributionSource: android.content.AttributionSource@d322a4fb does not have READ_SYSTEM_GRAMMATICAL_GENDER permission.
04-26 19:35:27.164  1219  1219 D RecentsView: onTaskDisplayChanged: 108, new displayId = 0
04-26 19:35:27.169  1219  1219 V BaseDepthController: Applying blur: 0 to Surface(name=VRI-com.google.android.apps.nexuslauncher/com.google.android.apps.nexuslauncher.NexusLauncherActivity#1148)/@0xd45637f applyImmediately: false
04-26 19:35:27.169  1219  1219 D BaseDepthController: shouldBlurWorkspace: false targetState: Normal currentStableState: Normal mCurrentBlur: 0 mLauncher.getDepthBlurTargets(): [com.android.launcher3.Workspace{573bc60 V.ED..... ........ 0,0-1080,2400 #7f0a047d app:id/workspace}, com.android.launcher3.Hotseat{7eca519 V.ED..... ........ 0,1905-1080,2400 #7f0a01f1 app:id/hotseat}]
04-26 19:35:27.182  4164  4164 I Finsky  : [2] DTU: Received onPackageAdded, replacing: true
04-26 19:35:27.200 14925 14925 D BoundBrokerSvc: onBind: Intent { act=com.google.android.gms.common.BIND_SHARED_PREFS xflg=0x4 pkg=com.google.android.gms }
04-26 19:35:27.201 14925 14925 D BoundBrokerSvc: Loading bound service for intent: Intent { act=com.google.android.gms.common.BIND_SHARED_PREFS xflg=0x4 pkg=com.google.android.gms }
04-26 19:35:27.202   736  1827 I ActivityTaskManager: Add Task{3a057a7 #107 type=standard A=10230:com.muonline.client} to hidden list because adding Task{c45157b #108 type=standard A=10230:com.muonline.client}
04-26 19:35:27.203  1219  1219 V BaseDepthController: Applying blur: 0 to Surface(name=VRI-com.google.android.apps.nexuslauncher/com.google.android.apps.nexuslauncher.NexusLauncherActivity#1148)/@0xd45637f applyImmediately: false
04-26 19:35:27.203  1219  1219 D BaseDepthController: shouldBlurWorkspace: false targetState: Normal currentStableState: Normal mCurrentBlur: 0 mLauncher.getDepthBlurTargets(): [com.android.launcher3.Workspace{573bc60 V.ED..... ........ 0,0-1080,2400 #7f0a047d app:id/workspace}, com.android.launcher3.Hotseat{7eca519 V.ED..... ........ 0,1905-1080,2400 #7f0a01f1 app:id/hotseat}]
04-26 19:35:27.203  4164 16128 I Finsky  : [331] SCH: Received scheduling request: Id: 12-1, Constraints: [{ L: 15000, D: 86400000, C: CHARGING_NONE, I: IDLE_NONE, N: NET_ANY, B: BATTERY_ANY }]
04-26 19:35:27.205   736  1827 V ActivityTaskManager: TaskLaunchParamsModifier: phase=3 task=Task{c45157b #108 type=standard A=10230:com.muonline.client} activity=ActivityRecord{191206224 u0 com.muonline.client/.PreloadActivity t-1} display-from-task=0 display-id=0 task-display-area-windowing-mode=1 suggested-display-area=DefaultTaskDisplayArea@125646128 inherit-from-task=fullscreen non-freeform-task-display-area display-area=DefaultTaskDisplayArea@125646128 skip-bounds-fullscreen
04-26 19:35:27.205   736  1827 I ActivityTaskManager: START u0 {flg=0x10000000 xflg=0x5 cmp=com.muonline.client/.PreloadActivity} with LAUNCH_SINGLE_TASK from uid 2000 (com.android.shell) (BAL_ALLOW_PERMISSION) result code=0
04-26 19:35:27.212  1219  1219 D BaseActivity: Launcher flags updated: [state_started|state_resumed|state_deferred_resumed|state_window_focused|state_user_active] -[]
04-26 19:35:27.226   736   762 V GrammaticalInflectionUtils: AttributionSource: android.content.AttributionSource@d322a4fb does not have READ_SYSTEM_GRAMMATICAL_GENDER permission.
04-26 19:35:27.227  1219  1219 D BaseActivity: Launcher flags updated: [state_started|state_resumed|state_deferred_resumed|state_window_focused] -[state_user_active]
04-26 19:35:27.227  1219  1219 D BaseActivity: Launcher flags updated: [state_started|state_window_focused] -[state_resumed|state_deferred_resumed]
04-26 19:35:27.228  1219  1219 W SplitSelectStateCtor: Missing session instanceIds
04-26 19:35:27.228  1219  1219 D StatsLog: LAUNCHER_SPLIT_SELECTION_EXIT_INTERRUPTED
04-26 19:35:27.232  1036  1036 D ActivityThread: Package [com.muonline.client] reported as REPLACED, but missing application info. Assuming REMOVED.
04-26 19:35:27.234 14925 16154 I Auth    : (REDACTED) [SupervisedAccountIntentOperation] onHandleIntent: %s
04-26 19:35:27.236  1036  1091 D WindowManagerShell: setLauncherKeepClearAreaHeight: visible=false, height=495
04-26 19:35:27.240   736  1848 V WindowManager: Defer transition id=116 for TaskFragmentTransaction=android.os.Binder@6725fae
04-26 19:35:27.241 14925 16151 I PackageInstalledIntentO: Test flag v2 is disabled [CONTEXT service_id=469 ]
04-26 19:35:27.241   566   616 W skia    : AGTM parsing failed flags.readFromStream(s) at 159
04-26 19:35:27.241   566   616 W skia    : AGTM parsing failed flags.readFromStream(s) at 159
04-26 19:35:27.243  1036  1091 V WindowManagerShell: Transition requested (#116): android.os.BinderProxy@60a10d3 TransitionRequestInfo { type = OPEN, triggerTask = TaskInfo{userId=0 taskId=108 effectiveUid=10230 displayId=0 isRunning=true baseIntent=Intent { flg=0x10000000 cmp=com.muonline.client/.PreloadActivity } baseActivity=ComponentInfo{com.muonline.client/com.muonline.client.PreloadActivity} topActivity=ComponentInfo{com.muonline.client/com.muonline.client.PreloadActivity} origActivity=null realActivity=ComponentInfo{com.muonline.client/com.muonline.client.PreloadActivity} realActivityIsAppLockEnabled=false numActivities=1 lastActiveTime=14701801 supportsMultiWindow=true supportsMultiWindowWithoutConstraints=true resizeMode=1 isResizeable=true minWidth=-1 minHeight=-1 defaultMinSize=220 token=WCT{android.os.BinderProxy@99ba410} topActivityType=1 pictureInPictureParams=null shouldDockBigOverlays=false launchIntoPipHostTaskId=-1 lastParentTaskIdBeforePip=-1 displayCutoutSafeInsets=Rect(132, 0 - 0, 0) topActivityInfo=ActivityInfo{7a1eb09 com.muonline.client.PreloadActivity} launchCookies=[] positionInParent=Point(0, 0) parentTaskId=-1 isFocused=false isInteractive=false isVisible=false isVisibleRequested=false isTopActivityNoDisplay=false isSleeping=false locusId=null displayAreaFeatureId=1 isTopActivityTransparent=false isActivityStackTransparent=false lastNonFullscreenBounds=null leafTaskBoundsFromOptions= false capturedLink=null capturedLinkTimestamp=0 requestedVisibleTypes=503 topActivityRequestOpenInBrowserEducationTimestamp=0 appCompatTaskInfo=AppCompatTaskInfo { topActivityInSizeCompat=false isLeafTask= true eligibleForLetterboxEducation= false isLetterboxEducationEnabled= true isLetterboxDoubleTapEnabled= false eligibleForUserAspectRatioButton= false topActivityBoundsLetterboxed= false isFromLetterboxDoubleTap= false topActivityLetterboxVerticalPosition= -1 topActivityLetterboxHorizontalPosition= -1 topActivityLetterboxWidth=-1 topActivityLetterboxHeight=-1 topActivityAppBounds=Rect(132, 0 - 2400, 1017) isUserFullscreenOverrideEnabled=false isSystemFullscreenOverrideEnabled=false hasMinAspectRatioOverride=false topActivityLetterboxBounds=null topNonResizableActivityAspectRatio=-1.0} topActivityMainWindowFrame=null isAppBubble=false}, pipChange = null, remoteTransitionInfo = null, displayChange = null, requestedLocation = null, userChange = null, windowingLayerChange = null, fullscreenRequestChange = null, flags = 0, debugId = 116 }
04-26 19:35:27.243  1036  1091 W DisconnectHandler: No disconnect change found in the transition, not handling request.
04-26 19:35:27.243  1036  1091 V ShellDesktopMode: DesktopTasksController: skipping handleRequest reason=triggerTask's display doesn't support desktop mode
04-26 19:35:27.245   499   499 D Zygote  : Forked child process 16168
04-26 19:35:27.247  1036  1091 D ShellSplitScreen: logExit: no-op, mLoggerSessionId is null
04-26 19:35:27.249 14925 16154 I NearbyDiscovery: (REDACTED) processGrantSlicePermission: %s
04-26 19:35:27.253  1219  1219 V BaseDepthController: Applying blur: 0 to Surface(name=VRI-com.google.android.apps.nexuslauncher/com.google.android.apps.nexuslauncher.NexusLauncherActivity#1148)/@0xd45637f applyImmediately: false
04-26 19:35:27.253  1219  1219 D BaseDepthController: shouldBlurWorkspace: false targetState: Normal currentStableState: Normal mCurrentBlur: 0 mLauncher.getDepthBlurTargets(): [com.android.launcher3.Workspace{573bc60 V.ED..... ........ 0,0-1080,2400 #7f0a047d app:id/workspace}, com.android.launcher3.Hotseat{7eca519 V.ED..... ........ 0,1905-1080,2400 #7f0a01f1 app:id/hotseat}]
04-26 19:35:27.256   736  1145 V WindowManager: Continue transition id=116 for TaskFragmentTransaction=android.os.Binder@6725fae
04-26 19:35:27.264  1036  1091 V RecentTasksController: Notify recent tasks changed
04-26 19:35:27.271  1036  1091 D ShellDesktopMode: DesktopRepository(0): Removes freeform task: taskId=107
04-26 19:35:27.271  1036  1091 W ShellDesktopMode: DesktopRepository(0): No display id found for task: taskId=107
04-26 19:35:27.271  1036  1091 V RecentTasksController: Notify recent tasks changed
04-26 19:35:27.275  1366 16164 I Fitness : (REDACTED) FitCleanupIntentOperation received Intent %s
04-26 19:35:27.278  1366 16143 I ProximityAuth: [RecentAppsMediator] Package added: (user=UserHandle{0}) com.muonline.client
04-26 19:35:27.280 16168 16168 I Zygote  : Process 16168 created for com.muonline.client
04-26 19:35:27.280 16168 16168 I muonline.client: Using generational CollectorTypeCMC GC.
04-26 19:35:27.281 16168 16168 W muonline.client: Unexpected CPU variant for x86: x86_64.
04-26 19:35:27.281 16168 16168 W muonline.client: Known variants: atom, sandybridge, silvermont, goldmont, goldmont-plus, goldmont-without-sha-xsaves, tremont, kabylake, alderlake, lunarlake, default
04-26 19:35:27.293   736   769 W ActivityManager: Slow operation: 67ms so far, now at startProcess: done updating battery stats
04-26 19:35:27.294   736   769 W ActivityManager: Slow operation: 67ms so far, now at startProcess: building log message
04-26 19:35:27.294   736   769 I ActivityManager: Start proc 16168:com.muonline.client/u0a230 for next-top-activity {com.muonline.client/com.muonline.client.PreloadActivity}
04-26 19:35:27.294   736   769 W ActivityManager: Slow operation: 67ms so far, now at startProcess: starting to update pids map
04-26 19:35:27.296   736  2221 W InputChannel-JNI: Channel already disposed.
04-26 19:35:27.297   736   769 W ActivityManager: Slow operation: 71ms so far, now at startProcess: done updating pids map
04-26 19:35:27.302  1036  1132 D WindowOnBackDispatcher: setTopOnBackInvokedCallback (unwrapped): android.view.ViewRootImpl$$ExternalSyntheticLambda13@f7874b3
04-26 19:35:27.303   736   999 D WindowManager: setClientSurface Surface(name=VRI-Splash Screen com.muonline.client#1160)/@0x312bf7a for 719bda4 Splash Screen com.muonline.client
04-26 19:35:27.307 16168 16168 D nativeloader: Load libframework-connectivity-tiramisu-jni.so using APEX ns com_android_tethering for caller /apex/com.android.tethering/javalib/framework-connectivity-t.jar: ok
04-26 19:35:27.309  1036  1132 I Surface : Creating surface for consumer unnamed-1036-24 with slotExpansion=1 for 64 slots
04-26 19:35:27.309   736  1959 D CoreBackPreview: Window{719bda4 u0 Splash Screen com.muonline.client}: Setting back callback OnBackInvokedCallbackInfo{mCallback=android.window.IOnBackInvokedCallback$Stub$Proxy@15605d7, mPriority=0, mIsAnimationCallback=false, mOverrideBehavior=0}
04-26 19:35:27.310  1036  1132 I Surface : Creating surface for consumer VRI[client]#24(BLAST Consumer)24 with slotExpansion=1 for 64 slots
04-26 19:35:27.322  1366 16160 I FontLog : (REDACTED) Package %s has no metadata
04-26 19:35:27.362  1036  1091 V RecentTasksController: Notify recent tasks changed
04-26 19:35:27.367   566   616 W skia    : AGTM parsing failed flags.readFromStream(s) at 159
04-26 19:35:27.368   566   616 W skia    : AGTM parsing failed flags.readFromStream(s) at 159
04-26 19:35:27.369   736  1145 W ActivityManager: Skipping manifest association check for null package. SourceUid: 10214, SourcePkg: null, TargetUid: 10214, TargetPkg: com.google.android.gms
04-26 19:35:27.372  4164  4164 I Finsky  : [2] ajjp - Received: android.intent.action.PACKAGE_ADDED, [n076RJLEETmEZ61FBJHrGFwh-0szukPG_iaeB-mhrwQ]
04-26 19:35:27.372   736   836 V SafetySourceDataValidat: Package: com.android.vending has expected signature
04-26 19:35:27.376   736  1145 E AppOps  : attributionTag VCN not declared in manifest of android
04-26 19:35:27.381 16168 16168 D CompatChangeReporter: Compat change id reported: 242716250; UID 10230; state: ENABLED
04-26 19:35:27.386   736   760 W Looper  : Slow dispatch took 115ms android.ui app=system_server main=false group=TOP_APP h=com.android.server.am.ActivityManagerService$UiHandler c=com.android.server.am.UidObserverController$$ExternalSyntheticLambda0@627c3dc m=0
04-26 19:35:27.386  1219  1219 V BaseDepthController: Applying blur: 0 to Surface(name=VRI-com.google.android.apps.nexuslauncher/com.google.android.apps.nexuslauncher.NexusLauncherActivity#1148)/@0xd45637f applyImmediately: false
04-26 19:35:27.394 16168 16168 D nativeloader: Configuring clns-9 for other apk /data/app/~~mL6PmF2ImxIEP-jZ7i2fpQ==/com.muonline.client-_Q-86zRtmnOewpmIbIDE6Q==/base.apk. target_sdk_version=34, uses_libraries=, library_path=/data/app/~~mL6PmF2ImxIEP-jZ7i2fpQ==/com.muonline.client-_Q-86zRtmnOewpmIbIDE6Q==/lib/x86_64:/data/app/~~mL6PmF2ImxIEP-jZ7i2fpQ==/com.muonline.client-_Q-86zRtmnOewpmIbIDE6Q==/base.apk!/lib/x86_64, permitted_path=/data:/mnt/expand:/data/user/0/com.muonline.client
04-26 19:35:27.401 16168 16168 V GraphicsEnvironment: Currently set values for:
04-26 19:35:27.401 16168 16168 V GraphicsEnvironment:   angle_gl_driver_selection_pkgs=[]
04-26 19:35:27.401 16168 16168 V GraphicsEnvironment:   angle_gl_driver_selection_values=[]
04-26 19:35:27.401 16168 16168 V GraphicsEnvironment: com.muonline.client is not listed in per-application setting
04-26 19:35:27.402 16168 16168 V GraphicsEnvironment: No special selections for ANGLE, returning default driver choice
04-26 19:35:27.403 16168 16168 V GraphicsEnvironment: Neither updatable production driver nor prerelease driver is supported.
04-26 19:35:27.406  4164  4164 I Finsky  : [2] ajjp - Deduping intent android.intent.action.PACKAGE_ADDED
04-26 19:35:27.418   736  1145 W ActivityManager: Skipping manifest association check for null package. SourceUid: 10214, SourcePkg: null, TargetUid: 10214, TargetPkg: com.google.android.gms
04-26 19:35:27.423   736  1640 W ApplicationInfo: Large ApplicationInfo parcel: size=17540 package=com.google.android.googlequicksearchbox sharedLibs=3 resDirs=2 overlayPaths=2
04-26 19:35:27.426   736  5314 E RoleControllerServiceImpl: Default/fallback role holder package doesn't qualify for the role, package: com.google.android.gms, role: android.app.role.WALLET, user: 0
04-26 19:35:27.431  4164  4164 I Finsky  : [2] ajjp - Received: android.intent.action.PACKAGE_ADDED, [n076RJLEETmEZ61FBJHrGFwh-0szukPG_iaeB-mhrwQ]
04-26 19:35:27.433   736  1640 W ApplicationInfo: Large ApplicationInfo parcel: size=17540 package=com.google.android.googlequicksearchbox sharedLibs=3 resDirs=2 overlayPaths=2
04-26 19:35:27.434 16168 16193 I DisplayManager: Choreographer implicitly registered for the refresh rate.
04-26 19:35:27.439  4164  4164 I Finsky  : [2] ajjp - Deduping intent android.intent.action.PACKAGE_ADDED
04-26 19:35:27.440  4164  4164 D ActivityThread: Package [com.muonline.client] reported as REPLACED, but missing application info. Assuming REMOVED.
04-26 19:35:27.445  1219  1219 D BaseDepthController: setEarlyWakeup: false
04-26 19:35:27.445  1219  1219 D BaseDepthController: shouldBlurWorkspace: false targetState: Normal currentStableState: Normal mCurrentBlur: 0 mLauncher.getDepthBlurTargets(): [com.android.launcher3.Workspace{573bc60 V.ED..... ........ 0,0-1080,2400 #7f0a047d app:id/workspace}, com.android.launcher3.Hotseat{7eca519 V.ED..... ........ 0,1905-1080,2400 #7f0a01f1 app:id/hotseat}]
04-26 19:35:27.457  4164  4207 I Finsky  : [43] RECEIVER_PACKAGE_MONITOR#logWorkEndAndFinishGoAsync: SUCCESS
04-26 19:35:27.458   566   711 I libbinder.BpBinder: onLastStrongRef automatically unlinking death recipients for binder (0x7eaa36064a80) with descriptor: '(not cached)'
04-26 19:35:27.469  1219  1219 D RecentTasksList: invalidateLoadedTasks - previous requestLoadId: -1
04-26 19:35:27.474  1219  1219 D RecentTasksList: invalidateLoadedTasks - previous requestLoadId: -1
04-26 19:35:27.474  1219  1219 D RecentTasksList: invalidateLoadedTasks - previous requestLoadId: -1
04-26 19:35:27.474  1219  1219 D BaseActivity: Launcher flags updated: [state_started] -[state_window_focused]
04-26 19:35:27.475  1219  1219 D ScalingWorkspaceRevealAnim: onAnimationEnd, workspace and hotseat are visible
04-26 19:35:27.478  1219  1219 V BaseDepthController: Applying blur: 0 to Surface(name=VRI-com.google.android.apps.nexuslauncher/com.google.android.apps.nexuslauncher.NexusLauncherActivity#1148)/@0xd45637f applyImmediately: false
04-26 19:35:27.478  1219  1219 D BaseDepthController: shouldBlurWorkspace: false targetState: Normal currentStableState: Normal mCurrentBlur: 0 mLauncher.getDepthBlurTargets(): [com.android.launcher3.Workspace{573bc60 V.ED..... ......ID 0,0-1080,2400 #7f0a047d app:id/workspace}, com.android.launcher3.Hotseat{7eca519 V.ED..... ......ID 0,1905-1080,2400 #7f0a01f1 app:id/hotseat}]
04-26 19:35:27.478 16168 16193 I GFXSTREAM: [eglDisplay.cpp(297)] Opening libGLESv1_CM_emulation.so
04-26 19:35:27.478 16168 16193 I GFXSTREAM: [eglDisplay.cpp(297)] Opening libGLESv2_emulation.so
04-26 19:35:27.478  1036  2393 V WindowManagerShell: Received remote transition finished callback for (#115)
04-26 19:35:27.487   736   759 V WindowManager: Sent Transition (#116) createdAt=04-26 19:35:27.160 via request=TransitionRequestInfo { type = OPEN, triggerTask = TaskInfo{userId=0 taskId=108 effectiveUid=10230 displayId=0 isRunning=true baseIntent=Intent { flg=0x10000000 cmp=com.muonline.client/.PreloadActivity } baseActivity=ComponentInfo{com.muonline.client/com.muonline.client.PreloadActivity} topActivity=ComponentInfo{com.muonline.client/com.muonline.client.PreloadActivity} origActivity=null realActivity=ComponentInfo{com.muonline.client/com.muonline.client.PreloadActivity} realActivityIsAppLockEnabled=false numActivities=1 lastActiveTime=14701801 supportsMultiWindow=true supportsMultiWindowWithoutConstraints=true resizeMode=1 isResizeable=true minWidth=-1 minHeight=-1 defaultMinSize=220 token=WCT{RemoteToken{555bc70 Task{c45157b #108 type=standard A=10230:com.muonline.client}}} topActivityType=1 pictureInPictureParams=null shouldDockBigOverlays=false launchIntoPipHostTaskId=-1 lastParentTaskIdBeforePip=-1 displayCutoutSafeInsets=Rect(132, 0 - 0, 0) topActivityInfo=ActivityInfo{38b8be9 com.muonline.client.PreloadActivity} launchCookies=[] positionInParent=Point(0, 0) parentTaskId=-1 isFocused=false isInteractive=false isVisible=false isVisibleRequested=false isTopActivityNoDisplay=false isSleeping=false locusId=null displayAreaFeatureId=1 isTopActivityTransparent=false isActivityStackTransparent=false lastNonFullscreenBounds=null leafTaskBoundsFromOptions= false capturedLink=null capturedLinkTimestamp=0 requestedVisibleTypes=503 topActivityRequestOpenInBrowserEducationTimestamp=0 appCompatTaskInfo=AppCompatTaskInfo { topActivityInSizeCompat=false isLeafTask= true eligibleForLetterboxEducation= false isLetterboxEducationEnabled= true isLetterboxDoubleTapEnabled= false eligibleForUserAspectRatioButton= false topActivityBoundsLetterboxed= false isFromLetterboxDoubleTap= false topActivityLetterboxVerticalPosition= -1 topActivityLetterboxHorizontalPosition= -1 topActivityLetterboxWidth=-1 topActivityLetterboxHeight=-1 topActivityAppBounds=Rect(132, 0 - 2400, 1017) isUserFullscreenOverrideEnabled=false isSystemFullscreenOverrideEnabled=false hasMinAspectRatioOverride=false topActivityLetterboxBounds=null topNonResizableActivityAspectRatio=-1.0} topActivityMainWindowFrame=null isAppBubble=false}, pipChange = null, remoteTransitionInfo = null, displayChange = null, requestedLocation = null, userChange = null, windowingLayerChange = null, fullscreenRequestChange = null, flags = 0, debugId = 116 }
04-26 19:35:27.487   736   759 V WindowManager:     startWCT=WindowContainerTransaction { changes= {} hops= [] flags= 0 errorCallbackToken=null taskFragmentOrganizer=null }
04-26 19:35:27.488   736   759 V WindowManager:     info={id=116 t=OPEN f=0x0 trk=0 r=[0@Point(0, 0)] c=[
04-26 19:35:27.488   736   759 V WindowManager:         {WCT{RemoteToken{555bc70 Task{c45157b #108 type=standard A=10230:com.muonline.client}}} m=OPEN f=MOVE_TO_TOP leash=Surface(name=Task=108#1157)/@0x7cb8422 sb=Rect(0, 0 - 2400, 1080) eb=Rect(0, 0 - 2400, 1080) epz=Point(2400, 1080) d=0 taskParent=-1 winMode=1 userId=0},
04-26 19:35:27.488   736   759 V WindowManager:         {WCT{RemoteToken{4853fd5 Task{13e540b #1 type=home}}} m=TO_BACK f=SHOW_WALLPAPER leash=Surface(name=Task=1#34)/@0x499be06 sb=Rect(0, 0 - 2400, 1080) eb=Rect(0, 0 - 2400, 1080) epz=Point(2400, 1080) d=0 taskParent=-1 winMode=1 userId=0},
04-26 19:35:27.488   736   759 V WindowManager:         {m=TO_BACK f=IS_WALLPAPER leash=Surface(name=Surface(name=WallpaperWindowToken{3bea6dd}#54)/@0x4e520e1 - rotation-leash#1152)/@0x2c2373b sb=Rect(0, 0 - 1080, 2400) eb=Rect(0, 0 - 2400, 1080) epz=Point(2400, 1080) d=0 r=0->1:-1}
04-26 19:35:27.488   736   759 V WindowManager:     ]}
04-26 19:35:27.490  1036  1910 V WindowManagerShell: onTransitionReady(transaction=3161095942035)
04-26 19:35:27.509 16168 16193 W HWUI    : Failed to choose config with EGL_SWAP_BEHAVIOR_PRESERVED, retrying without...
04-26 19:35:27.509 16168 16193 W HWUI    : Failed to initialize 101010-2 format, error = EGL_SUCCESS
04-26 19:35:27.510   736  5314 W SignedPackage: Cannot get ApplicationInfo for package: com.google.android.devicelockcontroller
04-26 19:35:27.520 16168 16168 D DesktopExperienceFlags: Toggle override initialized to: false
04-26 19:35:27.521 16168 16168 D DesktopModeFlags: Toggle override initialized to: OVERRIDE_UNSET
04-26 19:35:27.530  4164  4164 I Finsky  : [2] Memory trim requested to level 40
04-26 19:35:27.530  4164  4164 I Finsky  : [2] Flushing in-memory image cache
04-26 19:35:27.539 14925 14992 I Icing   : IndexChimeraService.getServiceInterface callingPackage=com.google.android.gms componentName=AppsCorpus serviceId=36
04-26 19:35:27.544  1036  1091 V WindowManagerShell: Transition animation finished (aborted=false), notifying core (#115) android.os.BinderProxy@9afe374@0
04-26 19:35:27.550   736   759 V WindowManager: Finish Transition (#115): created at 04-26 19:35:26.249 collect-started=0.038ms request-sent=0.087ms started=13.904ms ready=28.295ms sent=171.183ms commit=44.907ms finished=1299.349ms
04-26 19:35:27.553   736  1145 E libbinder.IPCThreadState: Binder transaction failure. id: 2380108, cmd: BR_DEAD_REPLY (29189), error: -22 (Invalid argument)
04-26 19:35:27.553   736  1145 W ActivityManager: pid 736 system sent binder code 7 with flags 1 and got error -32
04-26 19:35:27.553   736  1145 W WindowManager: Exception thrown during dispatchAppVisibility Window{43075f2 u0 com.muonline.client/com.muonline.client.MuMainActivity EXITING}
04-26 19:35:27.553   736  1145 W WindowManager: android.os.DeadObjectException
04-26 19:35:27.553   736  1145 W WindowManager: 	at android.os.BinderProxy.transactNative(Native Method)
04-26 19:35:27.553   736  1145 W WindowManager: 	at android.os.BinderProxy.transact(BinderProxy.java:617)
04-26 19:35:27.553   736  1145 W WindowManager: 	at android.view.IWindow$Stub$Proxy.dispatchAppVisibility(IWindow.java:596)
04-26 19:35:27.553   736  1145 W WindowManager: 	at com.android.server.wm.WindowState.sendAppVisibilityToClients(WindowState.java:3335)
04-26 19:35:27.553   736  1145 W WindowManager: 	at com.android.server.wm.WindowContainer.sendAppVisibilityToClients(WindowContainer.java:1245)
04-26 19:35:27.553   736  1145 W WindowManager: 	at com.android.server.wm.WindowToken.setClientVisible(WindowToken.java:392)
04-26 19:35:27.553   736  1145 W WindowManager: 	at com.android.server.wm.ActivityRecord.commitVisibility(ActivityRecord.java:5599)
04-26 19:35:27.553   736  1145 W WindowManager: 	at com.android.server.wm.Transition.finishTransition(Transition.java:1570)
04-26 19:35:27.553   736  1145 W WindowManager: 	at com.android.server.wm.TransitionController.finishTransition(TransitionController.java:1205)
04-26 19:35:27.553   736  1145 W WindowManager: 	at com.android.server.wm.WindowOrganizerController.finishTransition(WindowOrganizerController.java:533)
04-26 19:35:27.553   736  1145 W WindowManager: 	at android.window.IWindowOrganizerController$Stub.onTransact(IWindowOrganizerController.java:265)
04-26 19:35:27.553   736  1145 W WindowManager: 	at com.android.server.wm.WindowOrganizerController.onTransact(WindowOrganizerController.java:239)
04-26 19:35:27.553   736  1145 W WindowManager: 	at android.os.Binder.execTransactInternal(Binder.java:1466)
04-26 19:35:27.553   736  1145 W WindowManager: 	at android.os.Binder.execTransact(Binder.java:1411)
04-26 19:35:27.554   736  1145 W Process : Unable to open /proc/15712/status
04-26 19:35:27.577 14925 14925 D BoundBrokerSvc: onBind: Intent { act=com.google.android.gms.feedback.internal.IFeedbackService dat=chimera-action:/... xflg=0x4 cmp=com.google.android.gms/.chimera.GmsBoundBrokerService }
04-26 19:35:27.577 14925 14925 D BoundBrokerSvc: Loading bound service for intent: Intent { act=com.google.android.gms.feedback.internal.IFeedbackService dat=chimera-action:/... xflg=0x4 cmp=com.google.android.gms/.chimera.GmsBoundBrokerService }
04-26 19:35:27.579  1036  1091 V WindowManagerShell: Track 0 became idle
04-26 19:35:27.579  1036  1091 V WindowManagerShell: onTransitionReady (#116) android.os.BinderProxy@60a10d3: {id=116 t=OPEN f=0x0 trk=0 r=[0@Point(0, 0)] c=[
04-26 19:35:27.579  1036  1091 V WindowManagerShell:         {m=OPEN f=MOVE_TO_TOP leash=Surface(name=Task=108#1157)/@0xb1d1788 sb=Rect(0, 0 - 2400, 1080) eb=Rect(0, 0 - 2400, 1080) epz=Point(2400, 1080) d=0 taskParent=-1 winMode=1 userId=0},
04-26 19:35:27.579  1036  1091 V WindowManagerShell:         {m=TO_BACK f=SHOW_WALLPAPER leash=Surface(name=Task=1#34)/@0x3bea521 sb=Rect(0, 0 - 2400, 1080) eb=Rect(0, 0 - 2400, 1080) epz=Point(2400, 1080) d=0 taskParent=-1 winMode=1 userId=0},
04-26 19:35:27.579  1036  1091 V WindowManagerShell:         {m=TO_BACK f=IS_WALLPAPER leash=Surface(name=Surface(name=WallpaperWindowToken{3bea6dd}#54)/@0x4e520e1 - rotation-leash#1152)/@0x7028d46 sb=Rect(0, 0 - 1080, 2400) eb=Rect(0, 0 - 2400, 1080) epz=Point(2400, 1080) d=0 r=0->1:-1}
04-26 19:35:27.579  1036  1091 V WindowManagerShell:     ]}
04-26 19:35:27.581   566   616 W skia    : AGTM parsing failed flags.readFromStream(s) at 159
04-26 19:35:27.581   566   616 W skia    : AGTM parsing failed flags.readFromStream(s) at 159
04-26 19:35:27.591  1219  1219 D RecentsView: onTaskRemoved: 107, not handling task stack changes
04-26 19:35:27.592  1219  1219 D RecentsView: onTaskRemoved: 107, not handling task stack changes
04-26 19:35:27.594   736  1640 W InputChannel-JNI: Channel already disposed.
04-26 19:35:27.595  1036  1091 V WindowManagerShell: Playing animation for (#116) android.os.BinderProxy@60a10d3@0
04-26 19:35:27.595  1036  1091 D ShellSplitScreen: startAnimation: transition=116 isSplitActive=false
04-26 19:35:27.595  1036  1091 V ShellRecents: RecentsTransitionHandler.startAnimation: no controller found
04-26 19:35:27.596  1036  1091 V ShellDesktopMode: DesktopMixedTransitionHandler: No pending desktop transition
04-26 19:35:27.596  1036  1091 V WindowManagerShell: Transition doesn't have explicit remote, search filters for match for {id=116 t=OPEN f=0x0 trk=0 r=[0@Point(0, 0)] c=[{m=OPEN f=MOVE_TO_TOP leash=Surface(name=Task=108#1157)/@0xb1d1788 sb=Rect(0, 0 - 2400, 1080) eb=Rect(0, 0 - 2400, 1080) epz=Point(2400, 1080) d=0 taskParent=-1 winMode=1 userId=0},{m=TO_BACK f=SHOW_WALLPAPER leash=Surface(name=Task=1#34)/@0x3bea521 sb=Rect(0, 0 - 2400, 1080) eb=Rect(0, 0 - 2400, 1080) epz=Point(2400, 1080) d=0 taskParent=-1 winMode=1 userId=0},{m=TO_BACK f=IS_WALLPAPER leash=Surface(name=Surface(name=WallpaperWindowToken{3bea6dd}#54)/@0x4e520e1 - rotation-leash#1152)/@0x7028d46 sb=Rect(0, 0 - 1080, 2400) eb=Rect(0, 0 - 2400, 1080) epz=Point(2400, 1080) d=0 r=0->1:-1}]}
04-26 19:35:27.596  1036  1091 V WindowManagerShell:  Checking filter Pair{{types=[] flags=0x0 notFlags=0x0 checks=[{atype=undefined independent=true modes=[CLOSE,TO_BACK] flags=IN_TASK_WITH_EMBEDDED_ACTIVITY mustBeTask=false order=ANY topActivity=null launchCookie=null taskFragmentToken=android.os.BinderProxy@e90ae30 windowingMode=undefined isCrossDisplayMove=false}]} RemoteTransition { remoteTransition = android.window.IRemoteTransition$Stub$Proxy@1ccfaa9, appThread = android.app.IApplicationThread$Stub$Proxy@5c682e, debugName = overlayBackTransition, filter = {types=[] flags=0x0 notFlags=0x0 checks=[{atype=undefined independent=true modes=[CLOSE,TO_BACK] flags=IN_TASK_WITH_EMBEDDED_ACTIVITY mustBeTask=false order=ANY topActivity=null launchCookie=null taskFragmentToken=android.os.BinderProxy@e90ae30 windowingMode=undefined isCrossDisplayMove=false}]} }}
04-26 19:35:27.596  1036  1091 V WindowManagerShell:  Checking filter Pair{{types=[] flags=0x0 notFlags=0x0 checks=[{atype=dream independent=true modes=[OPEN,TO_FRONT] flags=NONE mustBeTask=false order=ANY topActivity=null launchCookie=null windowingMode=undefined isCrossDisplayMove=false},{atype=home independent=true modes=[CLOSE,TO_BACK] flags=NONE mustBeTask=false order=ANY topActivity=null launchCookie=null windowingMode=undefined isCrossDisplayMove=false}]} RemoteTransition { remoteTransition = android.window.IRemoteTransition$Stub$Proxy@aa8fcf, appThread = android.app.IApplicationThread$Stub$Proxy@98a7d5c, debugName = LauncherToDream, filter = {types=[] flags=0x0 notFlags=0x0 checks=[{atype=dream independent=true modes=[OPEN,TO_FRONT] flags=NONE mustBeTask=false order=ANY topActivity=null launchCookie=null windowingMode=undefined isCrossDisplayMove=false},{atype=home independent=true modes=[CLOSE,TO_BACK] flags=NONE mustBeTask=false order=ANY topActivity=null launchCookie=null windowingMode=undefined isCrossDisplayMove=false}]} }}
04-26 19:35:27.597  1036  1091 V WindowManagerShell:  Checking filter Pair{{types=[] flags=0x0 notFlags=0x0 checks=[{atype=standard independent=false modes=[CHANGE] flags=NONE mustBeTask=true order=ANY topActivity=null launchCookie=null windowingMode=undefined isCrossDisplayMove=true}]} RemoteTransition { remoteTransition = android.window.IRemoteTransition$Stub$Proxy@3519865, appThread = android.app.IApplicationThread$Stub$Proxy@94ad93a, debugName = QuickstepDisplayMove, filter = {types=[] flags=0x0 notFlags=0x0 checks=[{atype=standard independent=false modes=[CHANGE] flags=NONE mustBeTask=true order=ANY topActivity=null launchCookie=null windowingMode=undefined isCrossDisplayMove=true}]} }}
04-26 19:35:27.597  1036  1091 V WindowManagerShell:  Checking filter Pair{{types=[] flags=0x0 notFlags=0x100 checks=[{atype=home independent=true modes=[OPEN,TO_FRONT] flags=NONE mustBeTask=false order=ANY topActivity=ComponentInfo{com.google.android.apps.nexuslauncher/com.google.android.apps.nexuslauncher.NexusLauncherActivity} launchCookie=null windowingMode=undefined isCrossDisplayMove=false},{atype=standard independent=true modes=[CLOSE,TO_BACK] flags=NONE mustBeTask=false order=ANY topActivity=null launchCookie=null windowingMode=undefined isCrossDisplayMove=false},{NOT atype=undefined independent=true modes=[] flags=NONE mustBeTask=true order=ANY topActivity=null launchCookie=null customAnim=true windowingMode=undefined isCrossDisplayMove=false}]} RemoteTransition { remoteTransition = android.window.IRemoteTransition$Stub$Proxy@fea59eb, appThread = android.app.IApplicationThread$Stub$Proxy@4f01348, debugName = QuickstepLaunchHome, filter = {types=[] flags=0x0 notFlags=0x100 checks=[{atype=home independent=true modes=[OPEN,TO_FRONT] flags=NONE mustBeTask=false order=ANY topActivity=ComponentInfo{com.google.android.apps.nexuslauncher/com.google.android.apps.nexuslauncher.NexusLauncherActivity} launchCookie=null windowingMode=undefined isCrossDisplayMove=false},{atype=standard independent=true modes=[CLOSE,TO_BACK] flags=NONE mustBeTask=false order=ANY topActivity=null launchCookie=null windowingMode=undefined isCrossDisplayMove=false},{NOT atype=undefined independent=true modes=[] flags=NONE mustBeTask=true order=ANY topActivity=null launchCookie=null customAnim=true windowingMode=undefined isCrossDisplayMove=false}]} }}
04-26 19:35:27.597  1036  1091 V WindowManagerShell:  Checking filter Pair{{types=[OPEN,TO_FRONT] flags=0x0 notFlags=0x0 checks=[{atype=standard independent=true modes=[OPEN,TO_FRONT] flags=NONE mustBeTask=true order=ANY topActivity=null launchCookie=null windowingMode=freeform isCrossDisplayMove=false}]} RemoteTransition { remoteTransition = android.window.IRemoteTransition$Stub$Proxy@5987ffe, appThread = null, debugName = DesktopWindowLimitUnminimize, filter = {types=[OPEN,TO_FRONT] flags=0x0 notFlags=0x0 checks=[{atype=standard independent=true modes=[OPEN,TO_FRONT] flags=NONE mustBeTask=true order=ANY topActivity=null launchCookie=null windowingMode=freeform isCrossDisplayMove=false}]} }}
04-26 19:35:27.597  1036  1091 V WindowManagerShell:  Delegate animation for (#116) to null
04-26 19:35:27.598  1036  1091 V WindowManagerShell: start default transition animation, info = {id=116 t=OPEN f=0x0 trk=0 r=[0@Point(0, 0)] c=[{m=OPEN f=MOVE_TO_TOP leash=Surface(name=Task=108#1157)/@0xb1d1788 sb=Rect(0, 0 - 2400, 1080) eb=Rect(0, 0 - 2400, 1080) epz=Point(2400, 1080) d=0 taskParent=-1 winMode=1 userId=0},{m=TO_BACK f=SHOW_WALLPAPER leash=Surface(name=Task=1#34)/@0x3bea521 sb=Rect(0, 0 - 2400, 1080) eb=Rect(0, 0 - 2400, 1080) epz=Point(2400, 1080) d=0 taskParent=-1 winMode=1 userId=0},{m=TO_BACK f=IS_WALLPAPER leash=Surface(name=Surface(name=WallpaperWindowToken{3bea6dd}#54)/@0x4e520e1 - rotation-leash#1152)/@0x7028d46 sb=Rect(0, 0 - 1080, 2400) eb=Rect(0, 0 - 2400, 1080) epz=Point(2400, 1080) d=0 r=0->1:-1}]}
04-26 19:35:27.599  1036  1091 V WindowManagerShell: loadAnimation: anim=android.view.animation.AnimationSet@cefff1e animAttr=0x13 type=OPEN isEntrance=false
04-26 19:35:27.600  1036  1091 V WindowManagerShell: loadAnimation: anim=android.view.animation.AnimationSet@db39015 animAttr=0x12 type=OPEN isEntrance=true
04-26 19:35:27.602  1036  1091 V WindowManagerShell:  animated by com.android.wm.shell.transition.DefaultTransitionHandler@11f9e32
04-26 19:35:27.602  1036  1091 V ShellTaskOrganizer: Task appeared taskId=108 listener=FullscreenTaskListener
04-26 19:35:27.602  1036  1091 V ShellTaskOrganizer: Fullscreen Task Appeared: #108
04-26 19:35:27.602  1036  1091 V RecentTasksController: Notify recent tasks changed
04-26 19:35:27.603   566   566 E BpTransactionCompletedListener: Failed to transact (-32)
04-26 19:35:27.603   566   566 E BpTransactionCompletedListener: Failed to transact (-32)
04-26 19:35:27.603  1036  1091 V RecentTasksController: generateList(getRecentTasks)
04-26 19:35:27.603  1036  1091 V RecentTasksController: initializeDesksMap - allDeskIds: []
04-26 19:35:27.603  1036  1091 V RecentTasksController: Task 108 is not an active desktop task
04-26 19:35:27.603  1036  1091 V RecentTasksController: Added fullscreen task: 108
04-26 19:35:27.603  1036  1091 V RecentTasksController: generateList - complete
04-26 19:35:27.604  1036  1091 V ShellTaskOrganizer: Task vanished taskId=107
04-26 19:35:27.604  1036  1091 V ShellTaskOrganizer: Fullscreen Task Vanished: #107
04-26 19:35:27.604  1036  1091 V ShellDesktopMode: Task Vanished: #107 closed=true
04-26 19:35:27.604  1036  1091 V RecentTasksController: Notify recent tasks changed
04-26 19:35:27.604  1036  1091 D ShellDesktopMode: AppToWebRepository: Task 107 is vanishing. Removing task data from repository
04-26 19:35:27.604 14925 14976 I Icing   : IndexChimeraService.getServiceInterface callingPackage=com.google.android.gms componentName=null serviceId=30
04-26 19:35:27.605  1036  1091 V AppCompat: SingleSurfaceLetterboxController: [108]
04-26 19:35:27.605  1036  1091 V AppCompat: MultiSurfaceLetterboxController: []
04-26 19:35:27.605  1036  1091 V AppCompat: LetterboxInputController: [108]
04-26 19:35:27.605  1036  1091 V AppCompat: RoundedCornersLetterboxController: {}
04-26 19:35:27.606   736   836 W WindowManager: Failed looking up window session=Session{597bd89 1036:u0a10196} callers=com.android.server.wm.WindowManagerService.removeClientToken:2272 com.android.server.wm.Session.remove:282 android.view.IWindowSession$Stub.onTransact:637 
04-26 19:35:27.609  1219  1219 D RecentTasksList: invalidateLoadedTasks - previous requestLoadId: -1
04-26 19:35:27.616  1219  1219 D RecentTasksList: invalidateLoadedTasks - previous requestLoadId: -1
04-26 19:35:27.616 14925 15755 I Icing   : Usage reports ok 1, Failed Usage reports 0, indexed 0, rejected 0
04-26 19:35:27.637   566   616 W skia    : AGTM parsing failed flags.readFromStream(s) at 159
04-26 19:35:27.643   736   921 I HalDevMgr: bestIfaceCreationProposal is null, requestIface=STA, existingIface=[name=wlan0 type=STA]
04-26 19:35:27.663  1160  1312 D IpClient/wlan0: interfaceLinkStateChanged: ifindex 16 up
04-26 19:35:27.666 16168 16168 W HWUI    : Unknown dataspace 0
04-26 19:35:27.672  1160  1312 D IpClient/wlan0: interfaceLinkStateChanged: ifindex 16 up
04-26 19:35:27.673 16168 16168 D InsetsController: Setting requestedVisibleTypes to 496 (was 503)
04-26 19:35:27.676   566   616 W skia    : AGTM parsing failed flags.readFromStream(s) at 159
04-26 19:35:27.676   566   616 W skia    : AGTM parsing failed flags.readFromStream(s) at 159
04-26 19:35:27.680   736  2221 W InputChannel-JNI: Channel already disposed.
04-26 19:35:27.686 16168 16168 D VRI[PreloadActivity]: WindowInsets changed: 2268x1080 statusBars:[0,74,0,0] navigationBars:[0,0,0,63] mandatorySystemGestures:[0,74,0,84] 
04-26 19:35:27.686 16168 16168 D WindowOnBackDispatcher: setTopOnBackInvokedCallback (unwrapped): android.view.ViewRootImpl$$ExternalSyntheticLambda13@7a716e3
04-26 19:35:27.687 16168 16168 I HWUI    : Using FreeType backend (prop=Auto)
04-26 19:35:27.689   736  1715 D CoreBackPreview: Window{2402d3d u0 com.muonline.client/com.muonline.client.PreloadActivity}: Setting back callback OnBackInvokedCallbackInfo{mCallback=android.window.IOnBackInvokedCallback$Stub$Proxy@665f000, mPriority=0, mIsAnimationCallback=false, mOverrideBehavior=0}
04-26 19:35:27.694   736  1957 D WindowManager: setClientSurface Surface(name=VRI-com.muonline.client/com.muonline.client.PreloadActivity#1169)/@0x8876039 for 2402d3d com.muonline.client/com.muonline.client.PreloadActivity
04-26 19:35:27.699 16168 16168 I Surface : Creating surface for consumer unnamed-16168-0 with slotExpansion=1 for 64 slots
04-26 19:35:27.703 16168 16168 I Surface : Creating surface for consumer VRI[PreloadActivity]#0(BLAST Consumer)0 with slotExpansion=1 for 64 slots
04-26 19:35:27.706 16168 16168 D VRI[PreloadActivity]: WindowInsets changed: statusBars:null navigationBars:null 
04-26 19:35:27.715 14925 15755 I Icing   : Usage reports ok 0, Failed Usage reports 0, indexed 0, rejected 0
04-26 19:35:27.722 16168 16204 I MuPreload: Check data root: /storage/emulated/0/Android/data/com.muonline.client/files existingDataDir=/storage/emulated/0/Android/data/com.muonline.client/files/Data usable=true marker=true
04-26 19:35:27.724   566   598 I libbinder.BpBinder: onLastStrongRef automatically unlinking death recipients for binder (0x7eaa36061e80) with descriptor: '(not cached)'
04-26 19:35:27.762 16168 16204 I MuPreload: Skip download, usable data exists: /storage/emulated/0/Android/data/com.muonline.client/files/Data markerWasPresent=true
04-26 19:35:27.777 14925 15755 I Icing   : Indexing com.google.android.gms-apps from com.google.android.gms
04-26 19:35:27.781  1219  1228 I s.nexuslauncher: NativeAlloc concurrent mark compact GC freed 2715KB AllocSpace bytes, 3(96KB) LOS objects, 49% free, 6524KB/12MB, paused 5.949ms,17.331ms total 129.975ms
04-26 19:35:27.806  1219  1230 W System  : A resource failed to call release. 
04-26 19:35:27.806  1219  1230 W System  : A resource failed to call release. 
04-26 19:35:27.806  1219  1230 W System  : A resource failed to call release. 
04-26 19:35:27.808 14925 15755 I Icing   : Indexing done com.google.android.gms-apps
04-26 19:35:27.815   736  1640 W ActivityManager: Skipping manifest association check for null package. SourceUid: 10214, SourcePkg: null, TargetUid: 10214, TargetPkg: com.google.android.gms
04-26 19:35:27.838   736   759 I ActivityTaskManager: Displayed com.muonline.client/.PreloadActivity for user 0: +683ms
04-26 19:35:27.877   736   881 I ImeTracker: com.muonline.client:b5053ebf: onRequestHide at ORIGIN_SERVER reason HIDE_UNSPECIFIED_WINDOW fromUser false userId 0 displayId 0
04-26 19:35:27.879 16168 16168 D InsetsController: hide(ime())
04-26 19:35:27.879 16168 16168 I ImeTracker: com.muonline.client:b5053ebf: onCancelled at PHASE_CLIENT_ALREADY_HIDDEN
04-26 19:35:27.887   736  1145 W InputChannel-JNI: Channel already disposed.
04-26 19:35:27.891  4105  4105 I GoogleInputMethodService: GoogleInputMethodService.onFinishInput():2113 
04-26 19:35:27.891   736  1145 I ImeTracker: system_server:c65c4799: onRequestHide at ORIGIN_SERVER reason IME_REQUESTED_CHANGED_LISTENER fromUser false displayId 0
04-26 19:35:27.893  4105  4105 I Module  : DeviceLockedStatusModuleProvider$Module.updateDeviceLockedStatus():103 repeatCheckTimes = 0, locked = false
04-26 19:35:27.893   736   762 I ImeTracker: system_server:c65c4799: onCancelled at PHASE_SERVER_SHOULD_HIDE
04-26 19:35:27.895  4105  4105 I GoogleInputMethodService: GoogleInputMethodService.onStartInput():1384 onStartInput(EditorInfo{EditorInfo{packageName=com.muonline.client, inputType=0, inputTypeString=NULL, enableLearning=false, autoCorrection=false, autoComplete=false, imeOptions=0, privateImeOptions=null, actionName=UNSPECIFIED, actionLabel=null, initialSelStart=-1, initialSelEnd=-1, initialCapsMode=0, label=null, fieldId=0, fieldName=null, extras=null, hintText=null, hintLocales=[]}}, false)
