04-26 16:37:54.865 I/Surface ( 8312): Creating surface for consumer c134bb1 SurfaceView[com.muonline.client/com.muonline.client.MuMainActivity]#2(BLAST Consumer)2 with slotExpansion=1 for 64 slots
04-26 16:37:54.865 V/SDL     ( 8312): surfaceCreated()
04-26 16:37:54.865 V/SDL     ( 8312): surfaceChanged()
04-26 16:37:54.865 V/SDL     ( 8312): Window size: 2268x943
04-26 16:37:54.865 V/SDL     ( 8312): Device size: 2400x1080
04-26 16:37:54.868 D/WindowOnBackDispatcher( 1036): setTopOnBackInvokedCallback (unwrapped): null
04-26 16:37:54.868 D/CoreBackPreview(  736): Window{3a91c12 u0 Splash Screen com.muonline.client EXITING}: Setting back callback null
04-26 16:37:54.873 V/SDL     ( 8312): Running main function SDL_main from library /data/app/~~1rDr_IH_9VfTdnA-TPKuCQ==/com.muonline.client-0WbMjIMm16uPifFQDD0CFw==/lib/x86_64/libmain.so
04-26 16:37:54.873 V/SDL     ( 8312): nativeRunMain()
04-26 16:37:54.876 I/MuMain  ( 8312): === MuMain Android v1.0 starting ===
04-26 16:37:54.884 I/MuMain  ( 8312): Working dir set to: /storage/emulated/0/Android/data/com.muonline.client/files
04-26 16:37:54.901 W/libOpenSLES( 8312): class OutputMix interface 0 requested but unavailable MPH=43
04-26 16:37:54.901 I/MuMain  ( 8312): SDL2 initialized
04-26 16:37:54.901 I/MuMain  ( 8312): Render backend request env=(null) -> opengl
04-26 16:37:54.903 V/SDL     ( 8312): setOrientation() requestedOrientation=6 width=2400 height=1080 resizable=false hint=
04-26 16:37:54.913 I/ActivityTaskManager(  736): Displayed com.muonline.client/.MuMainActivity for user 0: +182ms
04-26 16:37:54.914 V/WindowManager(  736): Sent Transition (#53) createdAt=04-26 16:37:54.729 via request=TransitionRequestInfo { type = OPEN, triggerTask = TaskInfo{userId=0 taskId=97 effectiveUid=10230 displayId=0 isRunning=true baseIntent=Intent { flg=0x10000000 cmp=com.muonline.client/.PreloadActivity } baseActivity=ComponentInfo{com.muonline.client/com.muonline.client.PreloadActivity} topActivity=ComponentInfo{com.muonline.client/com.muonline.client.MuMainActivity} origActivity=null realActivity=ComponentInfo{com.muonline.client/com.muonline.client.PreloadActivity} realActivityIsAppLockEnabled=false numActivities=2 lastActiveTime=4049328 supportsMultiWindow=true supportsMultiWindowWithoutConstraints=true resizeMode=1 isResizeable=true minWidth=-1 minHeight=-1 defaultMinSize=220 token=WCT{RemoteToken{a4ca6d4 Task{74d3f3 #97 type=standard A=10230:com.muonline.client}}} topActivityType=1 pictureInPictureParams=null shouldDockBigOverlays=false launchIntoPipHostTaskId=-1 lastParentTaskIdBeforePip=-1 displayCutoutSafeInsets=Rect(132, 0 - 0, 0) topActivityInfo=ActivityInfo{893ef17 com.muonline.client.MuMainActivity} launchCookies=[] positionInParent=Point(0, 0) parentTaskId=-1 isFocused=true isInteractive=false isVisible=true isVisibleRequested=true isTopActivityNoDisplay=false isSleeping=false locusId=null displayAreaFeatureId=1 isTopActivityTransparent=false isActivityStackTransparent=false lastNonFullscreenBounds=null leafTaskBoundsFromOptions= false capturedLink=null capturedLinkTimestamp=0 requestedVisibleTypes=503 topActivityRequestOpenInBrowserEducationTimestamp=0 appCompatTaskInfo=AppCompatTaskInfo { topActivityInSizeCompat=false isLeafTask= true eligibleForLetterboxEducation= false isLetterboxEducationEnabled= true isLetterboxDoubleTapEnabled= false eligibleForUserAspectRatioButton= false topActivityBoundsLetterboxed= false isFromLetterboxDoubleTap= false topActivityLetterboxVerticalPosition= -1 topActivityLetterboxHorizontalPosition= -1 topActivityLetterboxWidth=-1 topActivityLetterboxHeight=-1 topActivityAppBounds=Rect(132, 0 - 2400, 1017) isUserFullscreenOverrideEnabled=false isSystemFullscreenOverrideEnabled=false hasMinAspectRatioOverride=false topActivityLetterboxBounds=null topNonResizableActivityAspectRatio=-1.0} topActivityMainWindowFrame=null isAppBubble=false}, pipChange = null, remoteTransitionInfo = null, displayChange = null, requestedLocation = null, userChange = null, windowingLayerChange = null, fullscreenRequestChange = null, flags = 0, debugId = 53 }
04-26 16:37:54.914 V/WindowManager(  736):     startWCT=WindowContainerTransaction { changes= {} hops= [] flags= 0 errorCallbackToken=null taskFragmentOrganizer=null }
04-26 16:37:54.914 V/WindowManager(  736):     info={id=53 t=OPEN f=0x0 trk=0 r=[0@Point(0, 0)] c=[
04-26 16:37:54.914 V/WindowManager(  736):         {m=OPEN f=FILLS_TASK leash=Surface(name=ActivityRecord{52327437 u0 com.muonline.client/.MuMainActivity t97}#543)/@0xd73a6b1 sb=Rect(0, 0 - 0, 0) eb=Rect(0, 0 - 2400, 1080) epz=Point(2400, 1080) d=-1->0 r=-1->1:-1 bc=ff000000 activity=ActivityTransitionInfo { component = ComponentInfo{com.muonline.client/com.muonline.client.MuMainActivity}, taskId = 97, appCompatTransitionInfo = AppCompatTransitionInfo { letterboxBounds = Rect(132, 0 - 2400, 1080), hasRoundedCorners = false } } opt={t=FROM_STYLE mUserId=0}},
04-26 16:37:54.914 V/WindowManager(  736):         {m=CLOSE f=FILLS_TASK|IS_BEHIND_STARTING_WINDOW leash=Surface(name=ActivityRecord{230315618 u0 com.muonline.client/.PreloadActivity t97}#523)/@0x905e558 sb=Rect(0, 0 - 2400, 1080) eb=Rect(0, 0 - 2400, 1080) epz=Point(2400, 1080) d=0 bc=ff000000 activity=ActivityTransitionInfo { component = ComponentInfo{com.muonline.client/com.muonline.client.PreloadActivity}, taskId = 97, appCompatTransitionInfo = AppCompatTransitionInfo { letterboxBounds = Rect(132, 0 - 2400, 1080), hasRoundedCorners = false } } opt={t=FROM_STYLE mUserId=0}}
04-26 16:37:54.914 V/WindowManager(  736):     ]}
04-26 16:37:54.914 V/WindowManagerShell( 1036): onTransitionReady(transaction=3161095935136)
04-26 16:37:54.915 V/WindowManagerShell( 1036): onTransitionReady (#53) android.os.BinderProxy@eef202a: {id=53 t=OPEN f=0x0 trk=0 r=[0@Point(0, 0)] c=[
04-26 16:37:54.915 V/WindowManagerShell( 1036):         {m=OPEN f=FILLS_TASK leash=Surface(name=ActivityRecord{52327437 u0 com.muonline.client/.MuMainActivity t97}#543)/@0x365c593 sb=Rect(0, 0 - 0, 0) eb=Rect(0, 0 - 2400, 1080) epz=Point(2400, 1080) d=-1->0 r=-1->1:-1 bc=ff000000 activity=ActivityTransitionInfo { component = ComponentInfo{com.muonline.client/com.muonline.client.MuMainActivity}, taskId = 97, appCompatTransitionInfo = AppCompatTransitionInfo { letterboxBounds = Rect(132, 0 - 2400, 1080), hasRoundedCorners = false } } opt={t=FROM_STYLE mUserId=0}},
04-26 16:37:54.915 V/WindowManagerShell( 1036):         {m=CLOSE f=FILLS_TASK|IS_BEHIND_STARTING_WINDOW leash=Surface(name=ActivityRecord{230315618 u0 com.muonline.client/.PreloadActivity t97}#523)/@0x73a19d0 sb=Rect(0, 0 - 2400, 1080) eb=Rect(0, 0 - 2400, 1080) epz=Point(2400, 1080) d=0 bc=ff000000 activity=ActivityTransitionInfo { component = ComponentInfo{com.muonline.client/com.muonline.client.PreloadActivity}, taskId = 97, appCompatTransitionInfo = AppCompatTransitionInfo { letterboxBounds = Rect(132, 0 - 2400, 1080), hasRoundedCorners = false } } opt={t=FROM_STYLE mUserId=0}}
04-26 16:37:54.915 V/WindowManagerShell( 1036):     ]}
04-26 16:37:54.915 V/WindowManagerShell( 1036): Playing animation for (#53) android.os.BinderProxy@eef202a@0
04-26 16:37:54.915 D/ShellSplitScreen( 1036): startAnimation: transition=53 isSplitActive=false
04-26 16:37:54.915 V/ShellRecents( 1036): RecentsTransitionHandler.startAnimation: no controller found
04-26 16:37:54.915 V/ShellDesktopMode( 1036): DesktopMixedTransitionHandler: No pending desktop transition
04-26 16:37:54.915 V/WindowManagerShell( 1036): Transition doesn't have explicit remote, search filters for match for {id=53 t=OPEN f=0x0 trk=0 r=[0@Point(0, 0)] c=[{m=OPEN f=FILLS_TASK leash=Surface(name=ActivityRecord{52327437 u0 com.muonline.client/.MuMainActivity t97}#543)/@0x365c593 sb=Rect(0, 0 - 0, 0) eb=Rect(0, 0 - 2400, 1080) epz=Point(2400, 1080) d=-1->0 r=-1->1:-1 bc=ff000000 activity=ActivityTransitionInfo { component = ComponentInfo{com.muonline.client/com.muonline.client.MuMainActivity}, taskId = 97, appCompatTransitionInfo = AppCompatTransitionInfo { letterboxBounds = Rect(132, 0 - 2400, 1080), hasRoundedCorners = false } } opt={t=FROM_STYLE mUserId=0}},{m=CLOSE f=FILLS_TASK|IS_BEHIND_STARTING_WINDOW leash=Surface(name=ActivityRecord{230315618 u0 com.muonline.client/.PreloadActivity t97}#523)/@0x73a19d0 sb=Rect(0, 0 - 2400, 1080) eb=Rect(0, 0 - 2400, 1080) epz=Point(2400, 1080) d=0 bc=ff000000 activity=ActivityTransitionInfo { component = ComponentInfo{com.muonline.client/com.muonline.client.PreloadActivity}, taskId = 97, appCompatTransitionInfo = AppCompatTransitionInfo { letterboxBounds = Rect(132, 0 - 2400, 1080), hasRoundedCorners = false } } opt={t=FROM_STYLE mUserId=0}}]}
04-26 16:37:54.916 V/WindowManagerShell( 1036):  Checking filter Pair{{types=[] flags=0x0 notFlags=0x0 checks=[{atype=undefined independent=true modes=[CLOSE,TO_BACK] flags=IN_TASK_WITH_EMBEDDED_ACTIVITY mustBeTask=false order=ANY topActivity=null launchCookie=null taskFragmentToken=android.os.BinderProxy@e90ae30 windowingMode=undefined isCrossDisplayMove=false}]} RemoteTransition { remoteTransition = android.window.IRemoteTransition$Stub$Proxy@1ccfaa9, appThread = android.app.IApplicationThread$Stub$Proxy@5c682e, debugName = overlayBackTransition, filter = {types=[] flags=0x0 notFlags=0x0 checks=[{atype=undefined independent=true modes=[CLOSE,TO_BACK] flags=IN_TASK_WITH_EMBEDDED_ACTIVITY mustBeTask=false order=ANY topActivity=null launchCookie=null taskFragmentToken=android.os.BinderProxy@e90ae30 windowingMode=undefined isCrossDisplayMove=false}]} }}
04-26 16:37:54.916 V/WindowManagerShell( 1036):  Checking filter Pair{{types=[] flags=0x0 notFlags=0x0 checks=[{atype=dream independent=true modes=[OPEN,TO_FRONT] flags=NONE mustBeTask=false order=ANY topActivity=null launchCookie=null windowingMode=undefined isCrossDisplayMove=false},{atype=home independent=true modes=[CLOSE,TO_BACK] flags=NONE mustBeTask=false order=ANY topActivity=null launchCookie=null windowingMode=undefined isCrossDisplayMove=false}]} RemoteTransition { remoteTransition = android.window.IRemoteTransition$Stub$Proxy@aa8fcf, appThread = android.app.IApplicationThread$Stub$Proxy@98a7d5c, debugName = LauncherToDream, filter = {types=[] flags=0x0 notFlags=0x0 checks=[{atype=dream independent=true modes=[OPEN,TO_FRONT] flags=NONE mustBeTask=false order=ANY topActivity=null launchCookie=null windowingMode=undefined isCrossDisplayMove=false},{atype=home independent=true modes=[CLOSE,TO_BACK] flags=NONE mustBeTask=false order=ANY topActivity=null launchCookie=null windowingMode=undefined isCrossDisplayMove=false}]} }}
04-26 16:37:54.916 V/WindowManagerShell( 1036):  Checking filter Pair{{types=[] flags=0x0 notFlags=0x0 checks=[{atype=standard independent=false modes=[CHANGE] flags=NONE mustBeTask=true order=ANY topActivity=null launchCookie=null windowingMode=undefined isCrossDisplayMove=true}]} RemoteTransition { remoteTransition = android.window.IRemoteTransition$Stub$Proxy@3519865, appThread = android.app.IApplicationThread$Stub$Proxy@94ad93a, debugName = QuickstepDisplayMove, filter = {types=[] flags=0x0 notFlags=0x0 checks=[{atype=standard independent=false modes=[CHANGE] flags=NONE mustBeTask=true order=ANY topActivity=null launchCookie=null windowingMode=undefined isCrossDisplayMove=true}]} }}
04-26 16:37:54.916 V/WindowManagerShell( 1036):  Checking filter Pair{{types=[] flags=0x0 notFlags=0x100 checks=[{atype=home independent=true modes=[OPEN,TO_FRONT] flags=NONE mustBeTask=false order=ANY topActivity=ComponentInfo{com.google.android.apps.nexuslauncher/com.google.android.apps.nexuslauncher.NexusLauncherActivity} launchCookie=null windowingMode=undefined isCrossDisplayMove=false},{atype=standard independent=true modes=[CLOSE,TO_BACK] flags=NONE mustBeTask=false order=ANY topActivity=null launchCookie=null windowingMode=undefined isCrossDisplayMove=false},{NOT atype=undefined independent=true modes=[] flags=NONE mustBeTask=true order=ANY topActivity=null launchCookie=null customAnim=true windowingMode=undefined isCrossDisplayMove=false}]} RemoteTransition { remoteTransition = android.window.IRemoteTransition$Stub$Proxy@fea59eb, appThread = android.app.IApplicationThread$Stub$Proxy@4f01348, debugName = QuickstepLaunchHome, filter = {types=[] flags=0x0 notFlags=0x100 checks=[{atype=home independent=true modes=[OPEN,TO_FRONT] flags=NONE mustBeTask=false order=ANY topActivity=ComponentInfo{com.google.android.apps.nexuslauncher/com.google.android.apps.nexuslauncher.NexusLauncherActivity} launchCookie=null windowingMode=undefined isCrossDisplayMove=false},{atype=standard independent=true modes=[CLOSE,TO_BACK] flags=NONE mustBeTask=false order=ANY topActivity=null launchCookie=null windowingMode=undefined isCrossDisplayMove=false},{NOT atype=undefined independent=true modes=[] flags=NONE mustBeTask=true order=ANY topActivity=null launchCookie=null customAnim=true windowingMode=undefined isCrossDisplayMove=false}]} }}
04-26 16:37:54.916 V/WindowManagerShell( 1036):  Checking filter Pair{{types=[OPEN,TO_FRONT] flags=0x0 notFlags=0x0 checks=[{atype=standard independent=true modes=[OPEN,TO_FRONT] flags=NONE mustBeTask=true order=ANY topActivity=null launchCookie=null windowingMode=freeform isCrossDisplayMove=false}]} RemoteTransition { remoteTransition = android.window.IRemoteTransition$Stub$Proxy@5987ffe, appThread = null, debugName = DesktopWindowLimitUnminimize, filter = {types=[OPEN,TO_FRONT] flags=0x0 notFlags=0x0 checks=[{atype=standard independent=true modes=[OPEN,TO_FRONT] flags=NONE mustBeTask=true order=ANY topActivity=null launchCookie=null windowingMode=freeform isCrossDisplayMove=false}]} }}
04-26 16:37:54.916 V/WindowManagerShell( 1036):  Delegate animation for (#53) to null
04-26 16:37:54.916 V/WindowManagerShell( 1036): start default transition animation, info = {id=53 t=OPEN f=0x0 trk=0 r=[0@Point(0, 0)] c=[{m=OPEN f=FILLS_TASK leash=Surface(name=ActivityRecord{52327437 u0 com.muonline.client/.MuMainActivity t97}#543)/@0x365c593 sb=Rect(0, 0 - 0, 0) eb=Rect(0, 0 - 2400, 1080) epz=Point(2400, 1080) d=-1->0 r=-1->1:-1 bc=ff000000 activity=ActivityTransitionInfo { component = ComponentInfo{com.muonline.client/com.muonline.client.MuMainActivity}, taskId = 97, appCompatTransitionInfo = AppCompatTransitionInfo { letterboxBounds = Rect(132, 0 - 2400, 1080), hasRoundedCorners = false } } opt={t=FROM_STYLE mUserId=0}},{m=CLOSE f=FILLS_TASK|IS_BEHIND_STARTING_WINDOW leash=Surface(name=ActivityRecord{230315618 u0 com.muonline.client/.PreloadActivity t97}#523)/@0x73a19d0 sb=Rect(0, 0 - 2400, 1080) eb=Rect(0, 0 - 2400, 1080) epz=Point(2400, 1080) d=0 bc=ff000000 activity=ActivityTransitionInfo { component = ComponentInfo{com.muonline.client/com.muonline.client.PreloadActivity}, taskId = 97, appCompatTransitionInfo = AppCompatTransitionInfo { letterboxBounds = Rect(132, 0 - 2400, 1080), hasRoundedCorners = false } } opt={t=FROM_STYLE mUserId=0}}]}
04-26 16:37:54.917 V/WindowManagerShell( 1036): loadAnimation: anim=android.view.animation.AnimationSet@9953d85 animAttr=0x5 type=OPEN isEntrance=false
04-26 16:37:54.917 V/WindowManagerShell( 1036): loadAnimation: anim=android.view.animation.AnimationSet@a752e8 animAttr=0x4 type=OPEN isEntrance=true
04-26 16:37:54.918 V/WindowManagerShell( 1036):  animated by com.android.wm.shell.transition.DefaultTransitionHandler@11f9e32
04-26 16:37:54.921 I/RanchuHwc(  521): logCompositionFallbackIfChanged: layer 144 CompositionType fallback from 2 to 1
04-26 16:37:54.921 I/RanchuHwc(  521): logCompositionFallbackIfChanged: layer 145 CompositionType fallback from 2 to 1
04-26 16:37:54.921 I/RanchuHwc(  521): logCompositionFallbackIfChanged: layer 140 CompositionType fallback from 3 to 1
04-26 16:37:54.921 W/skia    (  566): AGTM parsing failed flags.readFromStream(s) at 159
04-26 16:37:54.922 W/skia    (  566): AGTM parsing failed flags.readFromStream(s) at 159
04-26 16:37:54.922 W/skia    (  566): AGTM parsing failed flags.readFromStream(s) at 159
04-26 16:37:54.922 W/skia    (  566): AGTM parsing failed flags.readFromStream(s) at 159
04-26 16:37:54.922 W/skia    (  566): AGTM parsing failed flags.readFromStream(s) at 159
04-26 16:37:54.922 W/skia    (  566): AGTM parsing failed flags.readFromStream(s) at 159
04-26 16:37:54.924 I/SDL/APP ( 8312): pixel format wanted SDL_PIXELFORMAT_RGBX8888 (2), got SDL_PIXELFORMAT_RGBX8888 (2)
04-26 16:37:54.937 D/InsetsController( 8312): Setting requestedVisibleTypes to 496 (was 503)
04-26 16:37:54.937 W/skia    (  566): AGTM parsing failed flags.readFromStream(s) at 159
04-26 16:37:54.937 W/skia    (  566): AGTM parsing failed flags.readFromStream(s) at 159
04-26 16:37:54.937 W/skia    (  566): AGTM parsing failed flags.readFromStream(s) at 159
04-26 16:37:54.937 W/skia    (  566): AGTM parsing failed flags.readFromStream(s) at 159
04-26 16:37:54.937 W/skia    (  566): AGTM parsing failed flags.readFromStream(s) at 159
04-26 16:37:54.937 W/skia    (  566): AGTM parsing failed flags.readFromStream(s) at 159
04-26 16:37:54.938 D/VRI[MuMainActivity]( 8312): WindowInsets changed: statusBars:null navigationBars:null 
04-26 16:37:54.939 V/SDL     ( 8312): surfaceChanged()
04-26 16:37:54.939 V/SDL     ( 8312): Window size: 2268x1080
04-26 16:37:54.939 V/SDL     ( 8312): Device size: 2400x1080
04-26 16:37:54.954 W/skia    (  566): AGTM parsing failed flags.readFromStream(s) at 159
04-26 16:37:54.954 W/skia    (  566): AGTM parsing failed flags.readFromStream(s) at 159
04-26 16:37:54.954 W/skia    (  566): AGTM parsing failed flags.readFromStream(s) at 159
04-26 16:37:54.954 W/skia    (  566): AGTM parsing failed flags.readFromStream(s) at 159
04-26 16:37:54.954 W/skia    (  566): AGTM parsing failed flags.readFromStream(s) at 159
04-26 16:37:54.954 W/skia    (  566): AGTM parsing failed flags.readFromStream(s) at 159
04-26 16:37:54.960 I/MuMain  ( 8312): Screen size (drawable): 2268x943 (scale: 3.54 x 1.96)
04-26 16:37:54.965 I/GL_Compat( 8312): GL_Compat_Init: OK (prog=3, vbo=1, ebo=2)
04-26 16:37:54.965 I/MuRender( 8312): OpenGLCompat initialized (drawable=2268x943)
04-26 16:37:54.965 I/MuMain  ( 8312): Render backend active: OpenGLCompat
04-26 16:37:54.965 I/GL_Compat( 8312): GL path switch: preferDirectVA=1
04-26 16:37:54.965 I/MuMain  ( 8312): GL compat VA policy: preferDirect=1 (emulator=1)
04-26 16:37:54.965 I/AndroidGDI( 8312): SDL2_ttf initialized, defaultSize=15
04-26 16:37:54.966 I/AndroidGDI( 8312): Font OK: /system/fonts/DroidSans.ttf sz=15
04-26 16:37:54.967 I/AndroidGDI( 8312): Font OK: /system/fonts/DroidSans-Bold.ttf sz=15
04-26 16:37:54.967 I/AndroidGDI( 8312): Font OK: /system/fonts/DroidSans-Bold.ttf sz=30
04-26 16:37:54.968 I/AndroidGDI( 8312): Font OK: /system/fonts/DroidSans.ttf sz=14
04-26 16:37:54.968 I/MuMain  ( 8312): GDI fonts created: size=15 big=30
04-26 16:37:54.968 I/MuMain  ( 8312): Audio config: sound=1 music=1 rememberMe=0
04-26 16:37:54.968 I/MuMain  ( 8312): 
04-26 16:37:54.968 I/MuMain  ( 8312): Mix_Init requested=0x8 loaded=0x8
04-26 16:37:54.969 D/AudioSystem( 8312): onNewServiceWithAdapter: media.audio_flinger service obtained 0x733fdca99460
04-26 16:37:54.971 W/skia    (  566): AGTM parsing failed flags.readFromStream(s) at 159
04-26 16:37:54.971 D/AudioSystem( 8312): getService: IAudioFlingerService retrieved: 0x73401cab0950  IAudioFlinger cached: 0x733fdca99460
04-26 16:37:54.971 W/skia    (  566): AGTM parsing failed flags.readFromStream(s) at 159
04-26 16:37:54.971 W/skia    (  566): AGTM parsing failed flags.readFromStream(s) at 159
04-26 16:37:54.971 W/skia    (  566): AGTM parsing failed flags.readFromStream(s) at 159
04-26 16:37:54.972 W/skia    (  566): AGTM parsing failed flags.readFromStream(s) at 159
04-26 16:37:54.972 W/skia    (  566): AGTM parsing failed flags.readFromStream(s) at 159
04-26 16:37:54.972 D/muonline.client( 8312): PlayerBase::PlayerBase()
04-26 16:37:54.972 D/muonline.client( 8312): TrackPlayerBase::TrackPlayerBase()
04-26 16:37:54.972 I/libOpenSLES( 8312): Emulating old channel mask behavior (ignoring positional mask 0x3, using default mask 0x3 based on channel count of 2)
04-26 16:37:54.973 D/NativePermissionController(  560): checkPermission: missing 1 for 10230
04-26 16:37:54.973 D/NativePermissionController(  560): checkPermission: missing 3 for 10230
04-26 16:37:54.973 D/NativePermissionController(  560): checkPermission: missing 5 for 10230
04-26 16:37:54.973 W/AudioFlinger(  560): createTrack_l(): mismatch between requested flags (00000104) and output flags (00000002)
04-26 16:37:54.978 D/AudioFlinger(  560): Client defaulted notificationFrames to 882 for frameCount 4012
04-26 16:37:54.978 I/AF::AfPlaybackCommon(  560): creating track with enforcement level 2 shouldHarden 1
04-26 16:37:54.980 W/skia    (  566): AGTM parsing failed flags.readFromStream(s) at 159
04-26 16:37:54.980 W/skia    (  566): AGTM parsing failed flags.readFromStream(s) at 159
04-26 16:37:54.984 W/AudioFlinger(  560): onStateChanged: pid:8312  uid:10230  state:unfrozen
04-26 16:37:54.985 D/android.hardware.audio@7.1-impl.ranchu(  507): 544 frames of silence written
04-26 16:37:54.985 D/android.hardware.audio@7.1-impl.ranchu(  507): 544 frames of silence written
04-26 16:37:54.987 D/android.hardware.audio@7.1-impl.ranchu(  507): 544 frames of silence written
04-26 16:37:54.987 D/android.hardware.audio@7.1-impl.ranchu(  507): 544 frames of silence written
04-26 16:37:54.988 W/skia    (  566): AGTM parsing failed flags.readFromStream(s) at 159
04-26 16:37:54.988 W/skia    (  566): AGTM parsing failed flags.readFromStream(s) at 159
04-26 16:37:54.988 W/skia    (  566): AGTM parsing failed flags.readFromStream(s) at 159
04-26 16:37:54.988 W/skia    (  566): AGTM parsing failed flags.readFromStream(s) at 159
04-26 16:37:54.988 W/skia    (  566): AGTM parsing failed flags.readFromStream(s) at 159
04-26 16:37:54.988 W/skia    (  566): AGTM parsing failed flags.readFromStream(s) at 159
04-26 16:37:54.993 E/AppOps  (  736): attributionTag  not declared in manifest of com.muonline.client
04-26 16:37:54.993 I/bluetooth( 1174): system/btif/avrcp/avrcp_service.cc:533 SendMediaUpdate: track_changed=false :  play_state=true :  queue=false
04-26 16:37:54.994 E/MediaControlProfile( 1174): onCurrentPlayerStateUpdated: base actions not supported, player actions= 0, expected at least= 7f
04-26 16:37:54.995 E/AppOps  (  736): attributionTag  not declared in manifest of com.muonline.client
04-26 16:37:54.996 D/muonline.client( 8312): PlayerBase::stop() from IPlayer
04-26 16:37:54.996 D/AudioTrack( 8312): stop(24): called with 0 frames delivered
04-26 16:37:54.998 I/MuMain  ( 8312): SDL_mixer initialized (32 channels)
04-26 16:37:54.998 W/MediaControlGattService( 1174): Feature PLAYBACK_SPEED support: true
04-26 16:37:54.998 I/MuMain  ( 8312): INIT: srand
04-26 16:37:54.998 I/MuMain  ( 8312): INIT: alloc GateAttribute
04-26 16:37:54.998 I/MuMain  ( 8312): INIT: alloc SkillAttribute
04-26 16:37:54.998 I/MuMain  ( 8312): INIT: alloc ItemAttRibute
04-26 16:37:54.998 E/AppOps  (  736): attributionTag  not declared in manifest of com.muonline.client
04-26 16:37:54.999 I/MuMain  ( 8312): INIT: alloc CharacterMemoryDump
04-26 16:37:54.999 E/AppOps  (  736): attributionTag  not declared in manifest of com.muonline.client
04-26 16:37:55.000 W/MediaControlGattService( 1174): Feature PLAYBACK_SPEED support: true
04-26 16:37:55.000 W/MediaControlGattService( 1174): Feature PLAYBACK_SPEED support: true
04-26 16:37:55.000 W/MediaControlGattService( 1174): Feature PLAYBACK_SPEED_NOTIFY support: true
04-26 16:37:55.000 I/MuMain  ( 8312): INIT: alloc CharacterMachine
04-26 16:37:55.000 I/MuMain  ( 8312): INIT: CharacterMachine->Init()
04-26 16:37:55.001 I/MuMain  ( 8312): INIT: new UI objects
04-26 16:37:55.002 E/AppOps  (  736): attributionTag  not declared in manifest of com.muonline.client
04-26 16:37:55.002 E/AppOps  (  736): attributionTag  not declared in manifest of com.muonline.client
04-26 16:37:55.003 W/skia    (  566): AGTM parsing failed flags.readFromStream(s) at 159
04-26 16:37:55.003 W/skia    (  566): AGTM parsing failed flags.readFromStream(s) at 159
04-26 16:37:55.003 W/skia    (  566): AGTM parsing failed flags.readFromStream(s) at 159
04-26 16:37:55.003 I/BluetoothAdapterProperties( 1174): getBondedDevices: length=0
04-26 16:37:55.003 W/skia    (  566): AGTM parsing failed flags.readFromStream(s) at 159
04-26 16:37:55.004 W/skia    (  566): AGTM parsing failed flags.readFromStream(s) at 159
04-26 16:37:55.004 W/skia    (  566): AGTM parsing failed flags.readFromStream(s) at 159
04-26 16:37:55.004 W/MediaControlGattService( 1174): Feature TRACK_POSITION support: true
04-26 16:37:55.005 W/MediaControlGattService( 1174): Feature TRACK_POSITION_NOTIFY support: true
04-26 16:37:55.005 W/MediaControlGattService( 1174): Feature MEDIA_STATE support: true
04-26 16:37:55.005 W/System  ( 1036): A resource failed to call release. 
04-26 16:37:55.006 I/BluetoothAdapterProperties( 1174): getBondedDevices: length=0
04-26 16:37:55.006 I/libbinder.BpBinder(  566): onLastStrongRef automatically unlinking death recipients for binder (0x7eaa36066a20) with descriptor: '(not cached)'
04-26 16:37:55.007 W/MediaControlGattService( 1174): Feature MEDIA_CONTROL_POINT_OPCODES_SUPPORTED support: true
04-26 16:37:55.007 W/MediaControlGattService( 1174): Feature MEDIA_STATE support: true
04-26 16:37:55.007 W/MediaControlGattService( 1174): Feature MEDIA_STATE support: true
04-26 16:37:55.008 I/BluetoothAdapterProperties( 1174): getBondedDevices: length=0
04-26 16:37:55.008 W/MediaControlGattService( 1174): Feature MEDIA_STATE support: true
04-26 16:37:55.008 W/MediaControlGattService( 1174): Feature SEEKING_SPEED support: true
04-26 16:37:55.008 W/MediaControlGattService( 1174): Feature SEEKING_SPEED support: true
04-26 16:37:55.008 W/MediaControlGattService( 1174): Feature SEEKING_SPEED support: true
04-26 16:37:55.009 I/MuMain  ( 8312): INIT: BuffStateSystem::Make()
04-26 16:37:55.009 W/MediaControlProfile( 1174): MCS service state fields left unhandled: 
04-26 16:37:55.009 W/MediaControlProfile( 1174):    > PLAYER_NAME
04-26 16:37:55.009 W/MediaControlProfile( 1174):    > PLAYING_ORDER_SUPPORTED
04-26 16:37:55.013 I/MuMain  ( 8312): INIT: MapProcess::Make()
04-26 16:37:55.013 I/MuMain  ( 8312): INIT: PetProcess::Make()
04-26 16:37:55.015 I/MuMain  ( 8312): INIT: CUIMng::Create()
04-26 16:37:55.015 I/MuMain  ( 8312): INIT: g_pNewUISystem->Create()
04-26 16:37:55.015 I/MuMain  ( 8312): LoadBitmap begin idx=31269 file=Data\Interface\newui_scrollbar_up.tga
04-26 16:37:55.016 I/MuMain  ( 8312): LoadBitmap begin idx=31270 file=Data\Interface\newui_scrollbar_m.tga
04-26 16:37:55.016 I/MuMain  ( 8312): LoadBitmap begin idx=31271 file=Data\Interface\newui_scrollbar_down.tga
04-26 16:37:55.017 I/MuMain  ( 8312): LoadBitmap begin idx=31272 file=Data\Interface\newui_scroll_on.tga
04-26 16:37:55.018 I/MuMain  ( 8312): LoadBitmap begin idx=31273 file=Data\Interface\newui_scroll_off.tga
04-26 16:37:55.018 I/MuMain  ( 8312): LoadBitmap begin idx=31274 file=Data\Interface\newui_scrollbar_stretch.jpg
04-26 16:37:55.019 I/MuMain  ( 8312): LoadBitmap begin idx=31334 file=Data\Interface\newui_button_close.tga
04-26 16:37:55.021 W/skia    (  566): AGTM parsing failed flags.readFromStream(s) at 159
04-26 16:37:55.021 W/skia    (  566): AGTM parsing failed flags.readFromStream(s) at 159
04-26 16:37:55.021 W/skia    (  566): AGTM parsing failed flags.readFromStream(s) at 159
04-26 16:37:55.021 W/skia    (  566): AGTM parsing failed flags.readFromStream(s) at 159
04-26 16:37:55.021 W/skia    (  566): AGTM parsing failed flags.readFromStream(s) at 159
04-26 16:37:55.021 I/MuMain  ( 8312): LoadBitmap begin idx=31331 file=Data\Interface\newui_msgbox_back.jpg
04-26 16:37:55.022 I/MuMain  ( 8312): LoadBitmap begin idx=31377 file=Data\Interface\newui_item_back03.tga
04-26 16:37:55.025 I/MuMain  ( 8312): LoadBitmap begin idx=31608 file=Data\Interface\newui_option_top.tga
04-26 16:37:55.026 I/MuMain  ( 8312): LoadBitmap begin idx=31609 file=Data\Interface\newui_option_back06(L).tga
04-26 16:37:55.026 I/MuMain  ( 8312): LoadBitmap begin idx=31610 file=Data\Interface\newui_option_back06(R).tga
04-26 16:37:55.028 I/MuMain  ( 8312): LoadBitmap begin idx=31611 file=Data\Interface\newui_option_line.jpg
04-26 16:37:55.028 I/MuMain  ( 8312): LoadBitmap begin idx=31612 file=Data\Interface\newui_option_point.tga
04-26 16:37:55.028 I/MuMain  ( 8312): LoadBitmap begin idx=31613 file=Data\Interface\newui_option_check.tga
04-26 16:37:55.028 I/MuMain  ( 8312): LoadBitmap begin idx=31614 file=Data\Interface\newui_option_effect03.tga
04-26 16:37:55.029 I/MuMain  ( 8312): LoadBitmap begin idx=31615 file=Data\Interface\newui_option_effect04.tga
04-26 16:37:55.030 I/MuMain  ( 8312): LoadBitmap begin idx=31616 file=Data\Interface\newui_option_volume01.tga
04-26 16:37:55.030 I/MuMain  ( 8312): LoadBitmap begin idx=31617 file=Data\Interface\newui_option_volume02.tga
04-26 16:37:55.034 I/MuMain  ( 8312): LoadBitmap begin idx=31328 file=Data\Interface\newui_msgbox_top.tga
04-26 16:37:55.036 W/skia    (  566): AGTM parsing failed flags.readFromStream(s) at 159
04-26 16:37:55.037 W/skia    (  566): AGTM parsing failed flags.readFromStream(s) at 159
04-26 16:37:55.037 W/skia    (  566): AGTM parsing failed flags.readFromStream(s) at 159
04-26 16:37:55.037 W/skia    (  566): AGTM parsing failed flags.readFromStream(s) at 159
04-26 16:37:55.037 W/skia    (  566): AGTM parsing failed flags.readFromStream(s) at 159
04-26 16:37:55.038 I/MuMain  ( 8312): LoadBitmap begin idx=31329 file=Data\Interface\newui_msgbox_middle.tga
04-26 16:37:55.039 I/MuMain  ( 8312): LoadBitmap begin idx=31330 file=Data\Interface\newui_msgbox_bottom.tga
04-26 16:37:55.040 I/MuMain  ( 8312): LoadBitmap begin idx=31331 file=Data\Interface\newui_msgbox_back.jpg
04-26 16:37:55.040 I/MuMain  ( 8312): LoadBitmap begin idx=31339 file=Data\Interface\newui_Message_Line.tga
04-26 16:37:55.041 I/MuMain  ( 8312): LoadBitmap begin idx=31340 file=Data\Interface\newui_Message_03.tga
04-26 16:37:55.043 I/MuMain  ( 8312): LoadBitmap begin idx=31341 file=Data\Interface\newui_separate_line.jpg
04-26 16:37:55.044 I/MuMain  ( 8312): LoadBitmap begin idx=31332 file=Data\Interface\newui_button_ok.tga
04-26 16:37:55.045 I/MuMain  ( 8312): LoadBitmap begin idx=31333 file=Data\Interface\newui_button_cancel.tga
04-26 16:37:55.048 I/MuMain  ( 8312): LoadBitmap begin idx=31334 file=Data\Interface\newui_button_close.tga
04-26 16:37:55.048 I/MuMain  ( 8312): LoadBitmap begin idx=31335 file=Data\Interface\newui_btn_empty.tga
04-26 16:37:55.053 I/MuMain  ( 8312): LoadBitmap begin idx=31336 file=Data\Interface\newui_btn_empty_small.tga
04-26 16:37:55.054 W/skia    (  566): AGTM parsing failed flags.readFromStream(s) at 159
04-26 16:37:55.054 W/skia    (  566): AGTM parsing failed flags.readFromStream(s) at 159
04-26 16:37:55.054 W/skia    (  566): AGTM parsing failed flags.readFromStream(s) at 159
04-26 16:37:55.054 W/skia    (  566): AGTM parsing failed flags.readFromStream(s) at 159
04-26 16:37:55.054 W/skia    (  566): AGTM parsing failed flags.readFromStream(s) at 159
04-26 16:37:55.055 I/MuMain  ( 8312): LoadBitmap begin idx=31337 file=Data\Interface\newui_btn_empty_big.tga
04-26 16:37:55.058 I/MuMain  ( 8312): LoadBitmap begin idx=31338 file=Data\Interface\newui_btn_empty_very_small.tga
04-26 16:37:55.059 I/MuMain  ( 8312): LoadBitmap begin idx=31342 file=Data\Interface\newui_Bar_switch01.jpg
04-26 16:37:55.059 I/MuMain  ( 8312): LoadBitmap begin idx=31343 file=Data\Interface\newui_Bar_switch02.jpg
04-26 16:37:55.059 I/MuMain  ( 8312): LoadBitmap begin idx=31344 file=Data\Interface\newui_DuelWindow.tga
04-26 16:37:55.063 I/MuMain  ( 8312): INIT: UI creation done
04-26 16:37:55.064 I/MuMain  ( 8312): VirtualPad: slots loaded version=4 idx=[-1,-1,-1,-1,-1] type=[0,0,0,0,0] path=Data/Local/android_touch_skill_slots.cfg
04-26 16:37:55.064 I/MuMain  ( 8312): VirtualPad slots: [-1,-1,-1,-1,-1]
04-26 16:37:55.064 I/MuMain  ( 8312): Android perf defaults: maxMsgPerCycle=70 targetFps=-1.0 fxScale=1.00 adaptive=on isEmulator=1
04-26 16:37:55.064 I/MuMain  ( 8312): SDL mixer volume set: level=5 sdl=71
04-26 16:37:55.064 I/MuMain  ( 8312): FPS overlay enabled
04-26 16:37:55.064 I/MuMain  ( 8312): All systems initialized — entering main loop
04-26 16:37:55.064 I/MuMain  ( 8312): Window resized → drawable: 2268x1080
04-26 16:37:55.064 I/MuMain  ( 8312): CHATIME IME state changed focused=0 sdlTextInput=1
04-26 16:37:55.065 I/MuMain  ( 8312): WEBZEN: enter
04-26 16:37:55.065 I/MuMain  ( 8312): LoadBitmap begin idx=30002 file=Data\Interface\FontInput.tga
04-26 16:37:55.068 I/MuMain  ( 8312): LoadBitmap begin idx=30003 file=Data\Interface\FontTest.tga
04-26 16:37:55.071 W/skia    (  566): AGTM parsing failed flags.readFromStream(s) at 159
04-26 16:37:55.071 W/skia    (  566): AGTM parsing failed flags.readFromStream(s) at 159
04-26 16:37:55.071 W/skia    (  566): AGTM parsing failed flags.readFromStream(s) at 159
04-26 16:37:55.071 W/skia    (  566): AGTM parsing failed flags.readFromStream(s) at 159
04-26 16:37:55.071 W/skia    (  566): AGTM parsing failed flags.readFromStream(s) at 159
04-26 16:37:55.071 W/skia    (  566): AGTM parsing failed flags.readFromStream(s) at 159
04-26 16:37:55.074 V/SDL     ( 8312): onWindowFocusChanged(): true
04-26 16:37:55.074 V/SDL     ( 8312): nativeFocusChanged()
04-26 16:37:55.076 I/ImeTracker(  736): com.muonline.client:b6cf9b4a: onRequestHide at ORIGIN_SERVER reason HIDE_UNSPECIFIED_WINDOW fromUser false userId 0 displayId 0
04-26 16:37:55.076 D/InsetsController( 8312): hide(ime())
04-26 16:37:55.076 I/ImeTracker( 8312): com.muonline.client:b6cf9b4a: onCancelled at PHASE_CLIENT_ALREADY_HIDDEN
04-26 16:37:55.077 W/InputChannel-JNI(  736): Channel already disposed.
04-26 16:37:55.077 I/GoogleInputMethodService( 4105): GoogleInputMethodService.onFinishInput():2113 
04-26 16:37:55.080 I/Module  ( 4105): DeviceLockedStatusModuleProvider$Module.updateDeviceLockedStatus():103 repeatCheckTimes = 0, locked = false
04-26 16:37:55.081 I/ImeTracker(  736): system_server:1cd5ba37: onRequestHide at ORIGIN_SERVER reason IME_REQUESTED_CHANGED_LISTENER fromUser false displayId 0
04-26 16:37:55.082 I/GoogleInputMethodService( 4105): GoogleInputMethodService.onStartInput():1384 onStartInput(EditorInfo{EditorInfo{packageName=com.muonline.client, inputType=0, inputTypeString=NULL, enableLearning=false, autoCorrection=false, autoComplete=false, imeOptions=0, privateImeOptions=null, actionName=UNSPECIFIED, actionLabel=null, initialSelStart=-1, initialSelEnd=-1, initialCapsMode=0, label=null, fieldId=0, fieldName=null, extras=null, hintText=null, hintLocales=[]}}, false)
04-26 16:37:55.082 I/ImeTracker(  736): system_server:1cd5ba37: onCancelled at PHASE_SERVER_SHOULD_HIDE
04-26 16:37:55.083 I/MuMain  ( 8312): LoadBitmap begin idx=31798 file=Data\Interface\Hit.tga
04-26 16:37:55.083 W/AndroidIME( 4105): LatinIMEBase.updateInputViewCoverNavigation():319 Null input view, cannot update padding!
04-26 16:37:55.084 I/Module  ( 4105): DeviceLockedStatusModuleProvider$Module.updateDeviceLockedStatus():103 repeatCheckTimes = 1, locked = false
04-26 16:37:55.084 I/MuMain  ( 8312): WEBZEN: loading title bitmaps
04-26 16:37:55.084 I/MuMain  ( 8312): LoadBitmap begin idx=31117 file=Data\Interface\New_lo_back_01.jpg
04-26 16:37:55.085 I/MuMain  ( 8312): LoadBitmap begin idx=31118 file=Data\Interface\New_lo_back_02.jpg
04-26 16:37:55.085 I/MuMain  ( 8312): LoadBitmap begin idx=31119 file=Data\Interface\MU_TITLE.tga
04-26 16:37:55.086 W/PackageConfigPersister(  736): App-specific configuration not found for packageName: com.muonline.client and userId: 0
04-26 16:37:55.088 W/skia    (  566): AGTM parsing failed flags.readFromStream(s) at 159
04-26 16:37:55.088 W/skia    (  566): AGTM parsing failed flags.readFromStream(s) at 159
04-26 16:37:55.088 W/skia    (  566): AGTM parsing failed flags.readFromStream(s) at 159
04-26 16:37:55.088 W/skia    (  566): AGTM parsing failed flags.readFromStream(s) at 159
04-26 16:37:55.088 W/skia    (  566): AGTM parsing failed flags.readFromStream(s) at 159
04-26 16:37:55.088 I/MuMain  ( 8312): LoadBitmap begin idx=31120 file=Data\Interface\lo_121518.tga
04-26 16:37:55.088 W/skia    (  566): AGTM parsing failed flags.readFromStream(s) at 159
04-26 16:37:55.091 I/MuMain  ( 8312): LoadBitmap begin idx=31121 file=Data\Interface\New_lo_webzen_logo.tga
04-26 16:37:55.092 I/MuMain  ( 8312): LoadBitmap begin idx=31122 file=Data\Interface\lo_lo.jpg
04-26 16:37:55.093 I/MuMain  ( 8312): LoadBitmap begin idx=31123 file=Data\Interface\lo_back_s5_03.jpg
04-26 16:37:55.093 I/MuMain  ( 8312): LoadBitmap begin idx=31124 file=Data\Interface\lo_back_s5_04.jpg
04-26 16:37:55.093 I/MuMain  ( 8312): LoadBitmap begin idx=31125 file=Data\Interface\lo_back_s5_im01.jpg
04-26 16:37:55.093 I/MuMain  ( 8312): LoadBitmap begin idx=31126 file=Data\Interface\lo_back_s5_im02.jpg
04-26 16:37:55.094 I/MuMain  ( 8312): LoadBitmap begin idx=31127 file=Data\Interface\lo_back_s5_im03.jpg
04-26 16:37:55.094 I/MuMain  ( 8312): LoadBitmap begin idx=31128 file=Data\Interface\lo_back_s5_im04.jpg
04-26 16:37:55.094 I/Finsky  ( 4164): [46] WM::SCH: Logging work initialize for 12-1
04-26 16:37:55.094 I/MuMain  ( 8312): LoadBitmap begin idx=31129 file=Data\Interface\lo_back_s5_im05.jpg
04-26 16:37:55.095 I/MuMain  ( 8312): LoadBitmap begin idx=31130 file=Data\Interface\lo_back_s5_im06.jpg
04-26 16:37:55.095 I/MuMain  ( 8312): LoadBitmap begin idx=30004 file=Data\Interface\gamecensorship_12.tga
04-26 16:37:55.096 I/MuMain  ( 8312): LoadBitmap begin idx=30005 file=Data\Interface\gamecensorship_15.tga
04-26 16:37:55.097 I/MuMain  ( 8312): LoadBitmap begin idx=30006 file=Data\Interface\gamecensorship_18.tga
04-26 16:37:55.099 I/MuMain  ( 8312): LoadBitmap begin idx=30007 file=Data\Interface\gamecensorship_fear.tga
04-26 16:37:55.100 I/MuMain  ( 8312): LoadBitmap begin idx=30008 file=Data\Interface\gamecensorship_vio.tga
04-26 16:37:55.101 I/MuMain  ( 8312): WEBZEN: OpenBasicData begin
04-26 16:37:55.101 I/MuMain  ( 8312): OPENBASIC: enter
04-26 16:37:55.101 I/MuMain  ( 8312): OPENBASIC: RenderTitle 0 begin
04-26 16:37:55.103 I/MuMain  ( 8312): OPENBASIC: RenderTitle 0 done
04-26 16:37:55.103 I/MuMain  ( 8312): OPENBASIC: first bitmap group begin
04-26 16:37:55.103 I/MuMain  ( 8312): LoadBitmap begin idx=30012 file=Data\Interface\Cursor.tga
04-26 16:37:55.104 W/skia    (  566): AGTM parsing failed flags.readFromStream(s) at 159
04-26 16:37:55.104 W/skia    (  566): AGTM parsing failed flags.readFromStream(s) at 159
04-26 16:37:55.104 W/skia    (  566): AGTM parsing failed flags.readFromStream(s) at 159
04-26 16:37:55.104 W/skia    (  566): AGTM parsing failed flags.readFromStream(s) at 159
04-26 16:37:55.104 W/skia    (  566): AGTM parsing failed flags.readFromStream(s) at 159
04-26 16:37:55.104 W/skia    (  566): AGTM parsing failed flags.readFromStream(s) at 159
04-26 16:37:55.105 I/MuMain  ( 8312): LoadBitmap begin idx=30013 file=Data\Interface\CursorPush.tga
04-26 16:37:55.107 I/MuMain  ( 8312): LoadBitmap begin idx=30014 file=Data\Interface\CursorAttack.tga
04-26 16:37:55.108 I/Finsky  ( 4164): [46] WM::SCH: Logging work initialize for 12-1
04-26 16:37:55.108 I/MuMain  ( 8312): LoadBitmap begin idx=30015 file=Data\Interface\CursorGet.tga
04-26 16:37:55.110 I/MuMain  ( 8312): LoadBitmap begin idx=30016 file=Data\Interface\CursorTalk.tga
04-26 16:37:55.113 I/MuMain  ( 8312): LoadBitmap begin idx=30017 file=Data\Interface\CursorRepair.tga
04-26 16:37:55.115 I/MuMain  ( 8312): LoadBitmap begin idx=30018 file=Data\Interface\CursorLeanAgainst.tga
04-26 16:37:55.117 I/MuMain  ( 8312): LoadBitmap begin idx=30019 file=Data\Interface\CursorSitDown.tga
04-26 16:37:55.118 I/MuMain  ( 8312): LoadBitmap begin idx=30020 file=Data\Interface\CursorDontMove.tga
04-26 16:37:55.120 I/MuMain  ( 8312): LoadBitmap begin idx=31034 file=Data\Interface\ok.jpg
04-26 16:37:55.120 I/MuMain  ( 8312): LoadBitmap begin idx=31035 file=Data\Interface\ok2.jpg
04-26 16:37:55.121 I/MuMain  ( 8312): LoadBitmap begin idx=31036 file=Data\Interface\cancel.jpg
04-26 16:37:55.121 I/MuMain  ( 8312): LoadBitmap begin idx=31037 file=Data\Interface\cancel2.jpg
04-26 16:37:55.121 W/skia    (  566): AGTM parsing failed flags.readFromStream(s) at 159
04-26 16:37:55.121 W/skia    (  566): AGTM parsing failed flags.readFromStream(s) at 159
04-26 16:37:55.121 W/skia    (  566): AGTM parsing failed flags.readFromStream(s) at 159
04-26 16:37:55.121 I/MuMain  ( 8312): LoadBitmap begin idx=31217 file=Data\Interface\win_titlebar.jpg
04-26 16:37:55.121 W/skia    (  566): AGTM parsing failed flags.readFromStream(s) at 159
04-26 16:37:55.121 W/skia    (  566): AGTM parsing failed flags.readFromStream(s) at 159
04-26 16:37:55.121 W/skia    (  566): AGTM parsing failed flags.readFromStream(s) at 159
04-26 16:37:55.121 I/MuMain  ( 8312): LoadBitmap begin idx=31218 file=Data\Interface\win_button.tga
04-26 16:37:55.122 I/MuMain  ( 8312): LoadBitmap begin idx=31219 file=Data\Interface\win_size.jpg
04-26 16:37:55.123 I/MuMain  ( 8312): LoadBitmap begin idx=31220 file=Data\Interface\win_resize.tga
04-26 16:37:55.124 I/MuMain  ( 8312): LoadBitmap begin idx=31221 file=Data\Interface\win_scrollbar.jpg
04-26 16:37:55.124 I/Finsky  ( 4164): [56] SCH: Scheduling phonesky job Id: 12-1, CT: 1777196273487, Constraints: [{ L: 15000, D: 86400000, C: CHARGING_NONE, I: IDLE_NONE, N: NET_ANY, B: BATTERY_ANY }]
04-26 16:37:55.125 I/MuMain  ( 8312): LoadBitmap begin idx=31222 file=Data\Interface\win_check.tga
04-26 16:37:55.126 I/MuMain  ( 8312): LoadBitmap begin idx=31223 file=Data\Interface\win_mail.tga
04-26 16:37:55.127 I/MuMain  ( 8312): LoadBitmap begin idx=31224 file=Data\Interface\win_mark.tga
04-26 16:37:55.128 I/MuMain  ( 8312): LoadBitmap begin idx=31225 file=Data\Interface\win_letter.jpg
04-26 16:37:55.129 I/MuMain  ( 8312): LoadBitmap begin idx=31226 file=Data\Interface\win_man.jpg
04-26 16:37:55.129 I/MuMain  ( 8312): LoadBitmap begin idx=31227 file=Data\Interface\win_push.jpg
04-26 16:37:55.130 I/MuMain  ( 8312): LoadBitmap begin idx=31229 file=Data\Interface\win_question.tga
04-26 16:37:55.133 I/MuMain  ( 8312): LoadBitmap begin idx=31231 file=Data\Local\Webzenlogo.jpg
04-26 16:37:55.134 I/MuMain  ( 8312): LoadBitmap begin idx=31238 file=Data\Interface\CursorID.tga
04-26 16:37:55.134 I/Finsky  ( 4164): [55] SCH: Scheduling 1 system job(s)
04-26 16:37:55.135 I/Finsky  ( 4164): [55] SCH: Scheduling system job Id: 9750, L: 13353, D: 57602553, C: false, I: false, N: 1
04-26 16:37:55.137 I/MuMain  ( 8312): LoadBitmap begin idx=31046 file=Data\Interface\bar.jpg
04-26 16:37:55.137 W/skia    (  566): AGTM parsing failed flags.readFromStream(s) at 159
04-26 16:37:55.137 W/skia    (  566): AGTM parsing failed flags.readFromStream(s) at 159
04-26 16:37:55.137 W/skia    (  566): AGTM parsing failed flags.readFromStream(s) at 159
04-26 16:37:55.137 W/skia    (  566): AGTM parsing failed flags.readFromStream(s) at 159
04-26 16:37:55.137 I/MuMain  ( 8312): LoadBitmap begin idx=31047 file=Data\Interface\back1.jpg
04-26 16:37:55.138 W/skia    (  566): AGTM parsing failed flags.readFromStream(s) at 159
04-26 16:37:55.138 I/MuMain  ( 8312): LoadBitmap begin idx=31048 file=Data\Interface\back2.jpg
04-26 16:37:55.138 W/skia    (  566): AGTM parsing failed flags.readFromStream(s) at 159
04-26 16:37:55.138 I/MuMain  ( 8312): LoadBitmap begin idx=31049 file=Data\Interface\back3.jpg
04-26 16:37:55.138 I/MuMain  ( 8312): LoadBitmap begin idx=32071 file=Data\Effect\Fire01.jpg
04-26 16:37:55.139 I/MuMain  ( 8312): LoadBitmap begin idx=32072 file=Data\Effect\Fire02.jpg
04-26 16:37:55.139 I/MuMain  ( 8312): LoadBitmap begin idx=32073 file=Data\Effect\Fire03.jpg
04-26 16:37:55.140 I/MuMain  ( 8312): LoadBitmap begin idx=32265 file=Data\Effect\PoundingBall.jpg
04-26 16:37:55.140 I/MuMain  ( 8312): LoadBitmap begin idx=32263 file=Data\Effect\fi01.jpg
04-26 16:37:55.142 I/MuMain  ( 8312): LoadBitmap begin idx=32264 file=Data\Effect\fi02.tga
04-26 16:37:55.149 I/MuMain  ( 8312): LoadBitmap begin idx=32283 file=Data\Effect\fantaF.jpg
04-26 16:37:55.150 I/MuMain  ( 8312): LoadBitmap begin idx=32284 file=Data\Effect\fantaB.jpg
04-26 16:37:55.150 I/MuMain  ( 8312): LoadBitmap begin idx=32285 file=Data\Effect\JointSpirit02.jpg
04-26 16:37:55.151 I/MuMain  ( 8312): LoadBitmap begin idx=32276 file=Data\Effect\Piercing.jpg
04-26 16:37:55.151 I/MuMain  ( 8312): LoadBitmap begin idx=30549 file=Data\Monster\iui06.jpg
04-26 16:37:55.152 I/MuMain  ( 8312): LoadBitmap begin idx=32277 file=Data\Effect\Magic_b.jpg
04-26 16:37:55.152 I/MuMain  ( 8312): LoadBitmap begin idx=30559 file=Data\Player\dark3chima3.tga
04-26 16:37:55.153 W/skia    (  566): AGTM parsing failed flags.readFromStream(s) at 159
04-26 16:37:55.153 W/skia    (  566): AGTM parsing failed flags.readFromStream(s) at 159
04-26 16:37:55.153 W/skia    (  566): AGTM parsing failed flags.readFromStream(s) at 159
04-26 16:37:55.153 W/skia    (  566): AGTM parsing failed flags.readFromStream(s) at 159
04-26 16:37:55.153 W/skia    (  566): AGTM parsing failed flags.readFromStream(s) at 159
04-26 16:37:55.153 W/skia    (  566): AGTM parsing failed flags.readFromStream(s) at 159
04-26 16:37:55.156 D/AF::Track(  560): interceptBuffer: took 918us to intercept 0 tracks
04-26 16:37:55.156 I/Finsky  ( 4164): [56] SCH: Scheduling phonesky job Id: 12-1, CT: 1777196273628, Constraints: [{ L: 15000, D: 86400000, C: CHARGING_NONE, I: IDLE_NONE, N: NET_ANY, B: BATTERY_ANY }]
04-26 16:37:55.156 I/Finsky  ( 4164): [49] [ContentSync] finished, scheduled=true
04-26 16:37:55.157 I/MuMain  ( 8312): LoadBitmap begin idx=32278 file=Data\Player\kaa.tga
04-26 16:37:55.160 I/MuMain  ( 8312): LoadBitmap begin idx=32279 file=Data\Effect\ShockWave.jpg
04-26 16:37:55.160 I/MuMain  ( 8312): LoadBitmap begin idx=32077 file=Data\Effect\Flame01.jpg
04-26 16:37:55.161 I/MuMain  ( 8312): LoadBitmap begin idx=32002 file=Data\Effect\flare01.jpg
04-26 16:37:55.161 I/MuMain  ( 8312): LoadBitmap begin idx=32140 file=Data\Effect\Magic_Ground1.jpg
04-26 16:37:55.161 I/MuMain  ( 8312): LoadBitmap begin idx=32141 file=Data\Effect\Magic_Ground2.jpg
04-26 16:37:55.162 I/MuMain  ( 8312): LoadBitmap begin idx=32142 file=Data\Effect\Magic_Circle1.jpg
04-26 16:37:55.162 I/MuMain  ( 8312): LoadBitmap begin idx=32143 file=Data\Effect\guild_ring01.jpg
04-26 16:37:55.162 I/MuMain  ( 8312): LoadBitmap begin idx=32144 file=Data\Effect\enemy_ring02.jpg
04-26 16:37:55.163 I/MuMain  ( 8312): LoadBitmap begin idx=32048 file=Data\Effect\Spark02.jpg
04-26 16:37:55.163 I/MuMain  ( 8312): LoadBitmap begin idx=32049 file=Data\Effect\Spark03.jpg
04-26 16:37:55.163 I/MuMain  ( 8312): OPENBASIC: first bitmap group done
04-26 16:37:55.163 I/MuMain  ( 8312): LoadBitmap begin idx=32101 file=Data\Effect\smoke01.jpg
04-26 16:37:55.164 I/Finsky  ( 4164): [54] SCH: Scheduling 0 system job(s)
04-26 16:37:55.164 I/MuMain  ( 8312): LoadBitmap begin idx=32102 file=Data\Effect\smoke02.tga
04-26 16:37:55.164 I/Finsky  ( 4164): [54] [ContentSync] finished, scheduled=true
04-26 16:37:55.167 I/MuMain  ( 8312): LoadBitmap begin idx=32105 file=Data\Effect\smoke05.tga
04-26 16:37:55.167 I/MuMain  ( 8312): LoadBitmap begin idx=32083 file=Data\Effect\blood01.tga
04-26 16:37:55.171 I/MuMain  ( 8312): LoadBitmap begin idx=32084 file=Data\Effect\blood.tga
04-26 16:37:55.172 W/skia    (  566): AGTM parsing failed flags.readFromStream(s) at 159
04-26 16:37:55.172 W/skia    (  566): AGTM parsing failed flags.readFromStream(s) at 159
04-26 16:37:55.172 W/skia    (  566): AGTM parsing failed flags.readFromStream(s) at 159
04-26 16:37:55.172 W/skia    (  566): AGTM parsing failed flags.readFromStream(s) at 159
04-26 16:37:55.172 W/skia    (  566): AGTM parsing failed flags.readFromStream(s) at 159
04-26 16:37:55.172 W/skia    (  566): AGTM parsing failed flags.readFromStream(s) at 159
04-26 16:37:55.175 I/MuMain  ( 8312): LoadBitmap begin idx=32095 file=Data\Effect\Explotion01.jpg
04-26 16:37:55.175 I/MuMain  ( 8312): LoadBitmap begin idx=32382 file=Data\Skill\twlighthik01.jpg
04-26 16:37:55.175 I/MuMain  ( 8312): LoadBitmap begin idx=32383 file=Data\Skill\2line_gost.jpg
04-26 16:37:55.175 I/MuMain  ( 8312): LoadBitmap begin idx=32280 file=Data\Effect\damage01mono.jpg
04-26 16:37:55.176 I/MuMain  ( 8312): LoadBitmap begin idx=32281 file=Data\Effect\SwordEff_mono.jpg
04-26 16:37:55.176 I/MuMain  ( 8312): LoadBitmap begin idx=32282 file=Data\Effect\flamestani.jpg
04-26 16:37:55.176 I/MuMain  ( 8312): LoadBitmap begin idx=32050 file=Data\Effect\Spark.jpg
04-26 16:37:55.176 I/MuMain  ( 8312): LoadBitmap begin idx=32349 file=Data\Effect\firehik02.jpg
04-26 16:37:55.176 I/MuMain  ( 8312): LoadBitmap begin idx=32350 file=Data\Monster\totemgolem_leaf.tga
04-26 16:37:55.179 I/MuMain  ( 8312): LoadBitmap begin idx=32351 file=Data\Effect\empact01.jpg
04-26 16:37:55.179 I/MuMain  ( 8312): LoadBitmap begin idx=32352 file=Data\Effect\loungexflow.jpg
04-26 16:37:55.179 I/MuMain  ( 8312): LoadBitmap begin idx=32355 file=Data\Effect\gostmark01.jpg
04-26 16:37:55.180 I/MuMain  ( 8312): LoadBitmap begin idx=32356 file=Data\Effect\mzine_typer2.jpg
04-26 16:37:55.180 I/MuMain  ( 8312): LoadBitmap begin idx=32119 file=Data\Effect\shiny05.jpg
04-26 16:37:55.180 I/MuMain  ( 8312): LoadBitmap begin idx=32357 file=Data\Effect\hikorora.jpg
04-26 16:37:55.180 I/MuMain  ( 8312): LoadBitmap begin idx=32358 file=Data\Effect\lightmarks.jpg
04-26 16:37:55.180 I/MuMain  ( 8312): LoadBitmap begin idx=32359 file=Data\Effect\cursorpin01.jpg
04-26 16:37:55.181 I/MuMain  ( 8312): LoadBitmap begin idx=32360 file=Data\Effect\cursorpin02.jpg
04-26 16:37:55.181 I/MuMain  ( 8312): LoadBitmap begin idx=32364 file=Data\Effect\smokelines01.jpg
04-26 16:37:55.181 I/MuMain  ( 8312): LoadBitmap begin idx=32365 file=Data\Effect\smokelines02.jpg
04-26 16:37:55.182 I/MuMain  ( 8312): LoadBitmap begin idx=32366 file=Data\Effect\smokelines03.jpg
04-26 16:37:55.182 I/MuMain  ( 8312): LoadBitmap begin idx=32367 file=Data\Effect\lighting_mega01.jpg
