04-26 23:09:33.545  1219  1219 D AlphabeticIndexCompat: computeSectionName: cs: Settings sectionName: S
04-26 23:09:33.546  1219  1219 D AlphabeticIndexCompat: computeSectionName: cs: Photos sectionName: P
04-26 23:09:33.546  1219  1219 D AlphabeticIndexCompat: computeSectionName: cs: Battery sectionName: B
04-26 23:09:33.546  1219  1219 D AlphabeticIndexCompat: computeSectionName: cs: Chrome sectionName: C
04-26 23:09:33.546  1219  1219 D AlphabeticIndexCompat: computeSectionName: cs: Gmail sectionName: G
04-26 23:09:33.547  1219  1219 D AlphabeticIndexCompat: computeSectionName: cs: Drive sectionName: D
04-26 23:09:33.547  1219  1219 D AlphabeticIndexCompat: computeSectionName: cs: Clock sectionName: C
04-26 23:09:33.547  1219  1219 D AlphabeticIndexCompat: computeSectionName: cs: Contacts sectionName: C
04-26 23:09:33.547  1219  1219 D AlphabeticIndexCompat: computeSectionName: cs: Calendar sectionName: C
04-26 23:09:33.548  1219  1219 D AlphabeticIndexCompat: computeSectionName: cs: Maps sectionName: M
04-26 23:09:33.552 26043 26043 D InsetsController: hide(ime())
04-26 23:09:33.552 26043 26043 I ImeTracker: com.muonline.client:eff025dc: onCancelled at PHASE_CLIENT_ALREADY_HIDDEN
04-26 23:09:33.552  1219  1219 D AlphabeticIndexCompat: computeSectionName: cs: YouTube Music sectionName: Y
04-26 23:09:33.553  1219  1219 D AlphabeticIndexCompat: computeSectionName: cs: YouTube sectionName: Y
04-26 23:09:33.553  1219  1219 D AlphabeticIndexCompat: computeSectionName: cs: Google sectionName: G
04-26 23:09:33.553  1219  1219 D AlphabeticIndexCompat: computeSectionName: cs: Android System Intelligence sectionName: A
04-26 23:09:33.557  1219  1219 D AlphabeticIndexCompat: computeSectionName: cs: Digital Wellbeing sectionName: D
04-26 23:09:33.565  1219  1219 D AlphabeticIndexCompat: computeSectionName: cs: Conversations sectionName: C
04-26 23:09:33.571  1219  1219 D TaskbarManager: createTaskbarUIControllerForRecentsViewContainer displayId=0 mPrimaryDisplayId=0
04-26 23:09:33.572  4105  4105 I GoogleInputMethodService: GoogleInputMethodService.onStartInput():1384 onStartInput(EditorInfo{EditorInfo{packageName=com.google.android.apps.nexuslauncher, inputType=0, inputTypeString=NULL, enableLearning=false, autoCorrection=false, autoComplete=false, imeOptions=0, privateImeOptions=null, actionName=UNSPECIFIED, actionLabel=null, initialSelStart=-1, initialSelEnd=-1, initialCapsMode=0, label=null, fieldId=0, fieldName=null, extras=null, hintText=null, hintLocales=[]}}, true)
04-26 23:09:33.572  4105  4105 W SessionManager: SessionManager.beginSession():53 Try to begin an already begun session [INPUT_SESSION], end it first
04-26 23:09:33.572   736   759 V WindowManager: Finish Transition (#197): created at 04-26 23:09:33.272 collect-started=0.092ms request-sent=0.144ms started=106.866ms ready=154.02ms sent=172.416ms commit=108.496ms finished=299.656ms
04-26 23:09:33.575  4105  4105 W AndroidIME: LatinIMEBase.updateInputViewCoverNavigation():319 Null input view, cannot update padding!
04-26 23:09:33.575  1219  1219 D PerDisplayTaskbarResource: recreateTaskbarForDisplay: adding rootView displayId=0
04-26 23:09:33.576  1219  1219 D PerDisplayTaskbarResource: recreateTaskbarForDisplay: adding root layout displayId=0
04-26 23:09:33.581  4105  4105 I Module  : DeviceLockedStatusModuleProvider$Module.updateDeviceLockedStatus():103 repeatCheckTimes = 1, locked = false
04-26 23:09:33.588  1036  1091 V WindowManagerShell: Track 0 became idle
04-26 23:09:33.588  4105  4105 W PrimesLoggerHolder: FrameMetricServiceImpl.start():188 measurement already started: MeasurementKey{rawStringEventName=null, noPiiEventName=OnConfigurationChanged, isActivity=false}
04-26 23:09:33.588  1036  1091 V WindowManagerShell: All active transition animations finished
04-26 23:09:33.588  1036  1091 V WindowManagerShell:  animated by com.android.wm.shell.transition.DefaultTransitionHandler@11f9e32
04-26 23:09:33.588  1036  1091 V WindowManagerShell: Track 0 became idle
04-26 23:09:33.588  1036  1091 V WindowManagerShell: All active transition animations finished
04-26 23:09:33.593  1036  1091 D ShellWindowDecoration: MultiDisplayTaskMover: onTopologyChanged: displayIds=[0]
04-26 23:09:33.609  1219  1219 D PerDisplayTaskbarResource: onDisplayInfoChanged: Rotation changed displayId=0
04-26 23:09:33.610  1219  1219 D PerDisplayTaskbarResource: recreateTaskbarForDisplay displayId=0
04-26 23:09:33.610  1219  1219 D PerDisplayTaskbarResource: recreateTaskbarForDisplay: getting device profile displayId=0
04-26 23:09:33.610  1219  1219 D PerDisplayTaskbarResource: recreateTaskbarForDisplay: destroying taskbar displayId=0
04-26 23:09:33.610  1219  1219 D PerDisplayTaskbarResource: destroyTaskbarForDisplay displayId=0
04-26 23:09:33.615  1219  1219 D CueBarController: CuebarController destroy
04-26 23:09:33.615   736  1959 W PackageConfigPersister: App-specific configuration not found for packageName: com.google.android.apps.nexuslauncher and userId: 0
04-26 23:09:33.621  4105  4118 I putmethod.latin: Waiting for a blocking GC ProfileSaver
04-26 23:09:33.624   736   835 D InputMethodManagerService: Attach new input but force hide
04-26 23:09:33.625  1160  1234 E SystemServiceRegistry: No service published for: ethernet
04-26 23:09:33.625  1160  1234 E SystemServiceRegistry: android.os.ServiceManager$ServiceNotFoundException: No service published for: ethernet
04-26 23:09:33.625  1160  1234 E SystemServiceRegistry: 	at android.os.ServiceManager.getServiceOrThrow(ServiceManager.java:176)
04-26 23:09:33.625  1160  1234 E SystemServiceRegistry: 	at android.app.SystemServiceRegistry$168.createService(SystemServiceRegistry.java:2638)
04-26 23:09:33.625  1160  1234 E SystemServiceRegistry: 	at android.app.SystemServiceRegistry$CachedServiceFetcher.getService(SystemServiceRegistry.java:2768)
04-26 23:09:33.625  1160  1234 E SystemServiceRegistry: 	at android.app.SystemServiceRegistry.getSystemService(SystemServiceRegistry.java:2285)
04-26 23:09:33.625  1160  1234 E SystemServiceRegistry: 	at android.app.ContextImpl.getSystemService(ContextImpl.java:2448)
04-26 23:09:33.625  1160  1234 E SystemServiceRegistry: 	at android.content.ContextWrapper.getSystemService(ContextWrapper.java:991)
04-26 23:09:33.625  1160  1234 E SystemServiceRegistry: 	at com.android.networkstack.tethering.Tethering.isEthernetSupported(Tethering.java:1849)
04-26 23:09:33.625  1160  1234 E SystemServiceRegistry: 	at com.android.networkstack.tethering.Tethering.makeSupportedDownstreams(Tethering.java:2830)
04-26 23:09:33.625  1160  1234 E SystemServiceRegistry: 	at com.android.networkstack.tethering.Tethering.updateSupportedDownstreams(Tethering.java:2804)
04-26 23:09:33.625  1160  1234 E SystemServiceRegistry: 	at com.android.networkstack.tethering.Tethering.updateConfiguration(Tethering.java:558)
04-26 23:09:33.625  1160  1234 E SystemServiceRegistry: 	at com.android.networkstack.tethering.Tethering.-$$Nest$mupdateConfiguration(Tethering.java:0)
04-26 23:09:33.625  1160  1234 E SystemServiceRegistry: 	at com.android.networkstack.tethering.Tethering$StateReceiver.onReceive(Tethering.java:1372)
04-26 23:09:33.625  1160  1234 E SystemServiceRegistry: 	at android.app.LoadedApk$ReceiverDispatcher$Args.lambda$getRunnable$0(LoadedApk.java:2050)
04-26 23:09:33.625  1160  1234 E SystemServiceRegistry: 	at android.app.LoadedApk$ReceiverDispatcher$Args.$r8$lambda$mcNAAl1SQ4MyJPyDg8TJ2x2h0Rk(LoadedApk.java:0)
04-26 23:09:33.625  1160  1234 E SystemServiceRegistry: 	at android.app.LoadedApk$ReceiverDispatcher$Args$$ExternalSyntheticLambda0.run(D8$$SyntheticClass:0)
04-26 23:09:33.625  1160  1234 E SystemServiceRegistry: 	at android.os.Handler.handleCallback(Handler.java:1095)
04-26 23:09:33.625  1160  1234 E SystemServiceRegistry: 	at android.os.Handler.dispatchMessageImpl(Handler.java:135)
04-26 23:09:33.625  1160  1234 E SystemServiceRegistry: 	at android.os.Handler.dispatchMessage(Handler.java:125)
04-26 23:09:33.625  1160  1234 E SystemServiceRegistry: 	at android.os.Looper.loopOnce(Looper.java:292)
04-26 23:09:33.625  1160  1234 E SystemServiceRegistry: 	at android.os.Looper.loop(Looper.java:393)
04-26 23:09:33.625  1160  1234 E SystemServiceRegistry: 	at android.os.HandlerThread.run(HandlerThread.java:139)
04-26 23:09:33.626 14925 15005 I Icing   : IndexChimeraService.getServiceInterface callingPackage=com.google.android.gms componentName=null serviceId=30
04-26 23:09:33.628   736   835 I ImeTracker: com.muonline.client:b2dd762a: onRequestHide at ORIGIN_SERVER reason HIDE_SOFT_INPUT fromUser false userId 0 displayId 0
04-26 23:09:33.628   736   835 I ImeTracker: com.muonline.client:b2dd762a: onCancelled at PHASE_SERVER_SHOULD_HIDE
04-26 23:09:33.633  4105  4105 I GoogleInputMethodService: GoogleInputMethodService.onFinishInput():2113 
04-26 23:09:33.634  4105  4105 I Module  : DeviceLockedStatusModuleProvider$Module.updateDeviceLockedStatus():103 repeatCheckTimes = 0, locked = false
04-26 23:09:33.635   736   835 W InputChannel-JNI: Channel already disposed.
04-26 23:09:33.651  1219  1228 I s.nexuslauncher: Background young concurrent mark compact GC freed 5252KB AllocSpace bytes, 3(96KB) LOS objects, 38% free, 8155KB/12MB, paused 4.960ms,31.527ms total 123.196ms
04-26 23:09:33.653  1219  1219 D TaskbarOverlayController: onDestroy: 	at com.android.launcher3.taskbar.PerDisplayTaskbarResource.destroyTaskbarForDisplay(go/retraceme 7226a759aa2bb3787a79806f85d80eaad84f1f1e15acd6db988f2df789d1680d:455)
04-26 23:09:33.653  1219  1219 D TaskbarOverlayController: 	at com.android.launcher3.taskbar.TaskbarManagerImpl.recreateTaskbarForDisplay(go/retraceme 7226a759aa2bb3787a79806f85d80eaad84f1f1e15acd6db988f2df789d1680d:125)
04-26 23:09:33.653  1219  1219 D TaskbarOverlayController: 	at com.android.launcher3.taskbar.TaskbarManagerImpl$$ExternalSyntheticLambda29.accept(go/retraceme 7226a759aa2bb3787a79806f85d80eaad84f1f1e15acd6db988f2df789d1680d:76)
04-26 23:09:33.654  1219  1219 D TaskbarOverlayController: onDestroy: Was window already present? false
04-26 23:09:33.658  4105  4105 I GoogleInputMethodService: GoogleInputMethodService.onStartInput():1384 onStartInput(EditorInfo{EditorInfo{packageName=com.muonline.client, inputType=0, inputTypeString=NULL, enableLearning=false, autoCorrection=false, autoComplete=false, imeOptions=0, privateImeOptions=null, actionName=UNSPECIFIED, actionLabel=null, initialSelStart=-1, initialSelEnd=-1, initialCapsMode=0, label=null, fieldId=0, fieldName=null, extras=null, hintText=null, hintLocales=[]}}, false)
04-26 23:09:33.658  4105  4105 W AndroidIME: LatinIMEBase.updateInputViewCoverNavigation():319 Null input view, cannot update padding!
04-26 23:09:33.660  1219  1219 D PerDisplayTaskbarResource: recreateTaskbarForDisplay: isTaskbarEnabled=true [dp != null]=true mUserUnlocked=true dp.isTaskbarPresent=false isTaskbarEnabled=true displayExists=true displayId=0
04-26 23:09:33.660  1219  1219 D PerDisplayTaskbarResource: recreateTaskbarForDisplay: creating taskbar displayId=0
04-26 23:09:33.679   736   999 I ImeTracker: system_server:cc17dfa1: onRequestHide at ORIGIN_SERVER reason IME_REQUESTED_CHANGED_LISTENER fromUser false displayId 0
04-26 23:09:33.686  4105  4105 I Module  : DeviceLockedStatusModuleProvider$Module.updateDeviceLockedStatus():103 repeatCheckTimes = 1, locked = false
04-26 23:09:33.687  4105  4105 W NotificationCenter: NotificationCenter$NotificationQueue.notifyPendingNotificationsOnExecutor():877 Heavy notify work detected on UI thread: [myg->ooq, myg->kqq, myg->hnt, myg->glz, myg->kqq, myg->kqq, myg->ktn, myg->kqq, myg->kqq, myg->emu, myg->kqq, myg->kqq, myg->lyw, myg->kqq, myg->kqq, myg->ifl, myg->kny, myg->mwy, myg->kqq, myg->gow, myg->kqq, myg->kqq, myg->mxi, myg->kqq, myg->pdb] takes 28ms
04-26 23:09:33.721   736  1814 W PackageConfigPersister: App-specific configuration not found for packageName: com.muonline.client and userId: 0
04-26 23:09:33.723   736   762 I ImeTracker: system_server:cc17dfa1: onCancelled at PHASE_SERVER_SHOULD_HIDE
04-26 23:09:33.735   736   760 W Looper  : Slow dispatch took 119ms android.ui app=system_server main=false group=TOP_APP h=com.android.server.am.ActivityManagerService$UiHandler c=com.android.server.am.UidObserverController$$ExternalSyntheticLambda0@627c3dc m=0
04-26 23:09:33.749  1219  1219 W AmbientCueRepository: spoonBarOptedIn not found, default to enabled
04-26 23:09:33.749  1219  1219 W AmbientCueRepository: android.provider.Settings$SettingNotFoundException: spoonBarOptedIn
04-26 23:09:33.749  1219  1219 W AmbientCueRepository: 	at android.provider.Settings.parseIntSetting(Settings.java:4348)
04-26 23:09:33.749  1219  1219 W AmbientCueRepository: 	at android.provider.Settings.-$$Nest$smparseIntSetting(Settings.java:0)
04-26 23:09:33.749  1219  1219 W AmbientCueRepository: 	at android.provider.Settings$Secure.getIntForUser(Settings.java:7792)
04-26 23:09:33.749  1219  1219 W AmbientCueRepository: 	at android.provider.Settings$Secure.getInt(Settings.java:7784)
04-26 23:09:33.749  1219  1219 W AmbientCueRepository: 	at com.android.quickstep.cuebar.data.repository.AmbientCueRepositoryImpl.isAmbientCueSettingEnabled(go/retraceme 7226a759aa2bb3787a79806f85d80eaad84f1f1e15acd6db988f2df789d1680d:9)
04-26 23:09:33.749  1219  1219 W AmbientCueRepository: 	at com.android.quickstep.cuebar.data.repository.AmbientCueRepositoryImpl.<init>(go/retraceme 7226a759aa2bb3787a79806f85d80eaad84f1f1e15acd6db988f2df789d1680d:144)
04-26 23:09:33.749  1219  1219 W AmbientCueRepository: 	at com.android.launcher3.taskbar.CueBarController.<init>(go/retraceme 7226a759aa2bb3787a79806f85d80eaad84f1f1e15acd6db988f2df789d1680d:31)
04-26 23:09:33.749  1219  1219 W AmbientCueRepository: 	at com.android.launcher3.taskbar.TaskbarActivityContext.<init>(go/retraceme 7226a759aa2bb3787a79806f85d80eaad84f1f1e15acd6db988f2df789d1680d:3648)
04-26 23:09:33.749  1219  1219 W AmbientCueRepository: 	at com.android.launcher3.taskbar.TaskbarManagerImpl.createTaskbarActivityContext(go/retraceme 7226a759aa2bb3787a79806f85d80eaad84f1f1e15acd6db988f2df789d1680d:59)
04-26 23:09:33.749  1219  1219 W AmbientCueRepository: 	at com.android.launcher3.taskbar.TaskbarManagerImpl.recreateTaskbarForDisplay(go/retraceme 7226a759aa2bb3787a79806f85d80eaad84f1f1e15acd6db988f2df789d1680d:248)
04-26 23:09:33.749  1219  1219 W AmbientCueRepository: 	at com.android.launcher3.taskbar.TaskbarManagerImpl$$ExternalSyntheticLambda29.accept(go/retraceme 7226a759aa2bb3787a79806f85d80eaad84f1f1e15acd6db988f2df789d1680d:76)
04-26 23:09:33.749  1219  1219 W AmbientCueRepository: 	at com.android.launcher3.taskbar.PerDisplayTaskbarResource$setDisplayChangeListener$1.accept(go/retraceme 7226a759aa2bb3787a79806f85d80eaad84f1f1e15acd6db988f2df789d1680d:74)
04-26 23:09:33.749  1219  1219 W AmbientCueRepository: 	at com.android.launcher3.util.ListenableDiffAwareRef$$ExternalSyntheticLambda0.invoke(go/retraceme 7226a759aa2bb3787a79806f85d80eaad84f1f1e15acd6db988f2df789d1680d:8)
04-26 23:09:33.749  1219  1219 W AmbientCueRepository: 	at com.android.launcher3.util.MutableListenableStream$dispatchValue$1$1.run(go/retraceme 7226a759aa2bb3787a79806f85d80eaad84f1f1e15acd6db988f2df789d1680d:20)
04-26 23:09:33.749  1219  1219 W AmbientCueRepository: 	at com.android.launcher3.util.LooperExecutor.execute(go/retraceme 7226a759aa2bb3787a79806f85d80eaad84f1f1e15acd6db988f2df789d1680d:16)
04-26 23:09:33.749  1219  1219 W AmbientCueRepository: 	at com.android.launcher3.util.MutableListenableStream.dispatchValue(go/retraceme 7226a759aa2bb3787a79806f85d80eaad84f1f1e15acd6db988f2df789d1680d:52)
04-26 23:09:33.749  1219  1219 W AmbientCueRepository: 	at com.android.launcher3.display.DisplayInfoContainer.notifyConfigChange(go/retraceme 7226a759aa2bb3787a79806f85d80eaad84f1f1e15acd6db988f2df789d1680d:168)
04-26 23:09:33.749  1219  1219 W AmbientCueRepository: 	at com.android.launcher3.display.DisplayInfoContainer.onConfigurationChanged(go/retraceme 7226a759aa2bb3787a79806f85d80eaad84f1f1e15acd6db988f2df789d1680d:90)
04-26 23:09:33.749  1219  1219 W AmbientCueRepository: 	at android.content.ComponentCallbacksController.lambda$dispatchConfigurationChanged$0(ComponentCallbacksController.java:92)
04-26 23:09:33.749  1219  1219 W AmbientCueRepository: 	at android.content.ComponentCallbacksController$$ExternalSyntheticLambda2.accept(D8$$SyntheticClass:0)
04-26 23:09:33.749  1219  1219 W AmbientCueRepository: 	at android.content.ComponentCallbacksController.forAllComponentCallbacks(ComponentCallbacksController.java:125)
04-26 23:09:33.749  1219  1219 W AmbientCueRepository: 	at android.content.ComponentCallbacksController.dispatchConfigurationChanged(ComponentCallbacksController.java:92)
04-26 23:09:33.749  1219  1219 W AmbientCueRepository: 	at android.window.WindowContext.dispatchConfigurationChanged(WindowContext.java:281)
04-26 23:09:33.749  1219  1219 W AmbientCueRepository: 	at android.window.WindowTokenClient.onConfigurationChangedInner(WindowTokenClient.java:212)
04-26 23:09:33.749  1219  1219 W AmbientCueRepository: 	at android.window.WindowTokenClient.onConfigurationChanged(WindowTokenClient.java:158)
04-26 23:09:33.749  1219  1219 W AmbientCueRepository: 	at android.window.WindowTokenClient.onConfigurationChanged(WindowTokenClient.java:114)
04-26 23:09:33.749  1219  1219 W AmbientCueRepository: 	at android.window.WindowTokenClientController.onWindowContextInfoChanged(WindowTokenClientController.java:249)
04-26 23:09:33.749  1219  1219 W AmbientCueRepository: 	at android.app.ActivityThread.handleWindowContextInfoChanged(ActivityThread.java:7289)
04-26 23:09:33.749  1219  1219 W AmbientCueRepository: 	at android.app.servertransaction.WindowContextInfoChangeItem.execute(WindowContextInfoChangeItem.java:53)
04-26 23:09:33.749  1219  1219 W AmbientCueRepository: 	at android.app.servertransaction.TransactionExecutor.executeNonLifecycleItem(TransactionExecutor.java:133)
04-26 23:09:33.749  1219  1219 W AmbientCueRepository: 	at android.app.servertransaction.TransactionExecutor.executeTransactionItems(TransactionExecutor.java:103)
04-26 23:09:33.749  1219  1219 W AmbientCueRepository: 	at android.app.servertransaction.TransactionExecutor.execute(TransactionExecutor.java:80)
04-26 23:09:33.749  1219  1219 W AmbientCueRepository: 	at android.app.ActivityThread$H.handleMessage(ActivityThread.java:3024)
04-26 23:09:33.749  1219  1219 W AmbientCueRepository: 	at android.os.Handler.dispatchMessageImpl(Handler.java:142)
04-26 23:09:33.749  1219  1219 W AmbientCueRepository: 	at android.os.Handler.dispatchMessage(Handler.java:125)
04-26 23:09:33.749  1219  1219 W AmbientCueRepository: 	at android.os.Looper.loopOnce(Looper.java:292)
04-26 23:09:33.749  1219  1219 W AmbientCueRepository: 	at android.os.Looper.loop(Looper.java:393)
04-26 23:09:33.749  1219  1219 W AmbientCueRepository: 	at android.app.ActivityThread.main(ActivityThread.java:9486)
04-26 23:09:33.749  1219  1219 W AmbientCueRepository: 	at java.lang.reflect.Method.invoke(Native Method)
04-26 23:09:33.749  1219  1219 W AmbientCueRepository: 	at com.android.internal.os.RuntimeInit$MethodAndArgsCaller.run(RuntimeInit.java:575)
04-26 23:09:33.749  1219  1219 W AmbientCueRepository: 	at com.android.internal.os.ZygoteInit.main(ZygoteInit.java:939)
04-26 23:09:33.750  1219  1219 D LauncherAmbientCueVM: onUnfilteredActionsChange: []
04-26 23:09:33.761 14925 17663 I Icing   : Usage reports ok 1, Failed Usage reports 0, indexed 0, rejected 0
04-26 23:09:33.773 26043 26099 W InteractionJankMonitor: Initializing without READ_DEVICE_CONFIG permission. enabled=false, interval=1, missedFrameThreshold=3, frameTimeThreshold=64, package=com.muonline.client
04-26 23:09:33.783  1219  1219 D AmbientCueRepository: connectToAce: connecting TO ACE and registering
04-26 23:09:33.788   736  1814 I ImeTracker: system_server:be968b59: onRequestHide at ORIGIN_SERVER reason IME_REQUESTED_CHANGED_LISTENER fromUser false displayId 0
04-26 23:09:33.790  1219  1219 D AllAppsStore: setApps: apps.length=21
04-26 23:09:33.790  1219  1219 D AllAppsStore: notifyUpdate: notifying listeners
04-26 23:09:33.792  1219  1219 D AlphabeticIndexCompat: computeSectionName: cs: Settings sectionName: S
04-26 23:09:33.792  1219  1219 D AlphabeticIndexCompat: computeSectionName: cs: Photos sectionName: P
04-26 23:09:33.792  1219  1219 D AlphabeticIndexCompat: computeSectionName: cs: Battery sectionName: B
04-26 23:09:33.797   736   762 I ImeTracker: system_server:be968b59: onCancelled at PHASE_SERVER_SHOULD_HIDE
04-26 23:09:33.799  1219  1219 D AlphabeticIndexCompat: computeSectionName: cs: Chrome sectionName: C
04-26 23:09:33.808  1219  1219 D AlphabeticIndexCompat: computeSectionName: cs: Gmail sectionName: G
04-26 23:09:33.808  1219  1219 D AlphabeticIndexCompat: computeSectionName: cs: Drive sectionName: D
04-26 23:09:33.813  1366  1688 I FontLog : (REDACTED) Received query %s, URI %s
04-26 23:09:33.817  1219  1219 D AlphabeticIndexCompat: computeSectionName: cs: Clock sectionName: C
04-26 23:09:33.819  1366  1688 I FontLog : (REDACTED) Query [%s] resolved to %s
04-26 23:09:33.822  1366  1688 I FontLog : (REDACTED) Fetch %s end status %s
04-26 23:09:33.825  1219  1219 D AlphabeticIndexCompat: computeSectionName: cs: Contacts sectionName: C
04-26 23:09:33.826  1219  1219 D AlphabeticIndexCompat: computeSectionName: cs: Calendar sectionName: C
04-26 23:09:33.826  1219  1219 D AlphabeticIndexCompat: computeSectionName: cs: Maps sectionName: M
04-26 23:09:33.826  1219  1219 D AlphabeticIndexCompat: computeSectionName: cs: YouTube Music sectionName: Y
04-26 23:09:33.831  1219  1219 D AlphabeticIndexCompat: computeSectionName: cs: YouTube sectionName: Y
04-26 23:09:33.833  4105  4118 I putmethod.latin: WaitForGcToComplete blocked ProfileSaver on Background for 211.843ms
04-26 23:09:33.834  4105  4150 I SP      : Sync for emoticon_content_description succeeded in 364 ms: no changes
04-26 23:09:33.836  4105  4150 I SP      : GC for 'emoticon_content_description' (10) with ttl of 0 ms took 0 ms (0/0/0)
04-26 23:09:33.849   736  1953 V GrammaticalInflectionUtils: AttributionSource: android.content.AttributionSource@d322a4fb does not have READ_SYSTEM_GRAMMATICAL_GENDER permission.
04-26 23:09:33.860  1366  1688 I FontLog : (REDACTED) Pulling font file for id = %d, cache size = %d
04-26 23:09:33.867   736  1953 V ActivityTaskManager: TaskLaunchParamsModifier: phase=3 task=Task{2d42409 #128 type=standard A=10230:com.muonline.client} activity=ActivityRecord{135399222 u0 com.muonline.client/.MuMainActivity t-1} display-area-from-source=DefaultTaskDisplayArea@125646128 display-id=0 task-display-area-windowing-mode=1 suggested-display-area=DefaultTaskDisplayArea@125646128 inherit-from-source=fullscreen non-freeform-task-display-area display-area=DefaultTaskDisplayArea@125646128 skip-bounds-fullscreen
04-26 23:09:33.868   736  1953 I ActivityTaskManager: START u0 {flg=0x14000000 xflg=0x4 cmp=com.muonline.client/.MuMainActivity} with LAUNCH_SINGLE_TASK from uid 10230 (com.muonline.client) (sr=30248789) (BAL_ALLOW_VISIBLE_WINDOW) result code=0
04-26 23:09:33.870  1219  1219 D AlphabeticIndexCompat: computeSectionName: cs: Google sectionName: G
04-26 23:09:33.871  1219  1219 D AlphabeticIndexCompat: computeSectionName: cs: Android System Intelligence sectionName: A
04-26 23:09:33.872  1219  1219 D AlphabeticIndexCompat: computeSectionName: cs: Digital Wellbeing sectionName: D
04-26 23:09:33.874  1219  1219 D AlphabeticIndexCompat: computeSectionName: cs: Conversations sectionName: C
04-26 23:09:33.886  1036  1091 V WindowManagerShell: Transition requested (#198): android.os.BinderProxy@75edaa TransitionRequestInfo { type = OPEN, triggerTask = TaskInfo{userId=0 taskId=128 effectiveUid=10230 displayId=0 isRunning=true baseIntent=Intent { flg=0x10000000 cmp=com.muonline.client/.PreloadActivity } baseActivity=ComponentInfo{com.muonline.client/com.muonline.client.PreloadActivity} topActivity=ComponentInfo{com.muonline.client/com.muonline.client.MuMainActivity} origActivity=null realActivity=ComponentInfo{com.muonline.client/com.muonline.client.PreloadActivity} realActivityIsAppLockEnabled=false numActivities=2 lastActiveTime=27548456 supportsMultiWindow=true supportsMultiWindowWithoutConstraints=true resizeMode=1 isResizeable=true minWidth=-1 minHeight=-1 defaultMinSize=220 token=WCT{android.os.BinderProxy@54536bb} topActivityType=1 pictureInPictureParams=null shouldDockBigOverlays=false launchIntoPipHostTaskId=-1 lastParentTaskIdBeforePip=-1 displayCutoutSafeInsets=Rect(132, 0 - 0, 0) topActivityInfo=ActivityInfo{c1c2d9b com.muonline.client.MuMainActivity} launchCookies=[] positionInParent=Point(0, 0) parentTaskId=-1 isFocused=true isInteractive=false isVisible=true isVisibleRequested=true isTopActivityNoDisplay=false isSleeping=false locusId=null displayAreaFeatureId=1 isTopActivityTransparent=false isActivityStackTransparent=false lastNonFullscreenBounds=null leafTaskBoundsFromOptions= false capturedLink=null capturedLinkTimestamp=0 requestedVisibleTypes=503 topActivityRequestOpenInBrowserEducationTimestamp=0 appCompatTaskInfo=AppCompatTaskInfo { topActivityInSizeCompat=false isLeafTask= true eligibleForLetterboxEducation= false isLetterboxEducationEnabled= true isLetterboxDoubleTapEnabled= false eligibleForUserAspectRatioButton= false topActivityBoundsLetterboxed= false isFromLetterboxDoubleTap= false topActivityLetterboxVerticalPosition= -1 topActivityLetterboxHorizontalPosition= -1 topActivityLetterboxWidth=-1 topActivityLetterboxHeight=-1 topActivityAppBounds=Rect(132, 0 - 2400, 1017) isUserFullscreenOverrideEnabled=false isSystemFullscreenOverrideEnabled=false hasMinAspectRatioOverride=false topActivityLetterboxBounds=null topNonResizableActivityAspectRatio=-1.0} topActivityMainWindowFrame=null isAppBubble=false}, pipChange = null, remoteTransitionInfo = null, displayChange = null, requestedLocation = null, userChange = null, windowingLayerChange = null, fullscreenRequestChange = null, flags = 0, debugId = 198 }
04-26 23:09:33.887  1036  1091 W DisconnectHandler: No disconnect change found in the transition, not handling request.
04-26 23:09:33.887  1036  1091 V ShellDesktopMode: DesktopTasksController: skipping handleRequest reason=triggerTask's display doesn't support desktop mode
04-26 23:09:33.888  1036  1091 D ShellSplitScreen: logExit: no-op, mLoggerSessionId is null
04-26 23:09:33.893  1219  1219 D TaskbarManager: createTaskbarUIControllerForRecentsViewContainer displayId=0 mPrimaryDisplayId=0
04-26 23:09:33.899  1219  1219 D PerDisplayTaskbarResource: recreateTaskbarForDisplay: adding rootView displayId=0
04-26 23:09:33.917  1219  1219 D PerDisplayTaskbarResource: recreateTaskbarForDisplay: adding root layout displayId=0
04-26 23:09:33.938  1219  1230 W System  : A resource failed to call release. 
04-26 23:09:33.940  1219  1230 W System  : A resource failed to call release. 
04-26 23:09:33.942  1219  1219 D b/475447538: Fixed Landscape pref = false all grids = [GridConfig{name='medium', gridTitle='Medium', gridIconId=2131231404, numRows=6, numColumns=4, gridType=1, mIsFixedLandscape=false}]
04-26 23:09:33.946  1366  1688 I FontLog : (REDACTED) Pulling font file for id = %d, cache size = %d
04-26 23:09:33.958  1219  1219 D IDP     : After initGrid:gridName:medium, dbFile:launcher_4_by_6.db, LauncherPrefs GRID_NAME:medium, LauncherPrefs DB_FILE:launcher_4_by_6.db
04-26 23:09:33.959  1219  1219 D PerDisplayTaskbarResource: recreateTaskbars displayId=0
04-26 23:09:33.959  1219  1219 D PerDisplayTaskbarResource: recreateTaskbarForDisplay displayId=0
04-26 23:09:33.959  1219  1219 D PerDisplayTaskbarResource: recreateTaskbarForDisplay: getting device profile displayId=0
04-26 23:09:33.959  1219  1219 D PerDisplayTaskbarResource: recreateTaskbarForDisplay: destroying taskbar displayId=0
04-26 23:09:33.959  1219  1219 D PerDisplayTaskbarResource: destroyTaskbarForDisplay displayId=0
04-26 23:09:33.959  1219  1219 D CueBarController: CuebarController destroy
04-26 23:09:33.960   736  1938 W ApplicationInfo: Large ApplicationInfo parcel: size=17540 package=com.google.android.googlequicksearchbox sharedLibs=3 resDirs=2 overlayPaths=2
04-26 23:09:33.961  1219  1219 D TaskbarOverlayController: onDestroy: 	at com.android.launcher3.taskbar.PerDisplayTaskbarResource.destroyTaskbarForDisplay(go/retraceme 7226a759aa2bb3787a79806f85d80eaad84f1f1e15acd6db988f2df789d1680d:455)
04-26 23:09:33.961  1219  1219 D TaskbarOverlayController: 	at com.android.launcher3.taskbar.TaskbarManagerImpl.recreateTaskbarForDisplay(go/retraceme 7226a759aa2bb3787a79806f85d80eaad84f1f1e15acd6db988f2df789d1680d:125)
04-26 23:09:33.961  1219  1219 D TaskbarOverlayController: 	at com.android.launcher3.taskbar.TaskbarManagerImpl$$ExternalSyntheticLambda11.accept(go/retraceme 7226a759aa2bb3787a79806f85d80eaad84f1f1e15acd6db988f2df789d1680d:89)
04-26 23:09:33.961  1219  1219 D TaskbarOverlayController: onDestroy: Was window already present? false
04-26 23:09:33.961  1219  1219 D PerDisplayTaskbarResource: recreateTaskbarForDisplay: isTaskbarEnabled=true [dp != null]=true mUserUnlocked=true dp.isTaskbarPresent=false isTaskbarEnabled=true displayExists=true displayId=0
04-26 23:09:33.962  1219  1219 D PerDisplayTaskbarResource: recreateTaskbarForDisplay: creating taskbar displayId=0
04-26 23:09:33.986  2780 18838 I artd    : GetBestInfo: odex next to the dex file (/data/app/~~PqdBwR9WSFUNw4iaJMgoGg==/com.google.android.gms-95Dc1VeYXyONiCBDqz_lkA==/oat/x86_64/base.odex) is kOatUpToDate with filter 'speed-profile' executable 'false'
04-26 23:09:34.000  1219  1219 W AmbientCueRepository: spoonBarOptedIn not found, default to enabled
04-26 23:09:34.000  1219  1219 W AmbientCueRepository: android.provider.Settings$SettingNotFoundException: spoonBarOptedIn
04-26 23:09:34.000  1219  1219 W AmbientCueRepository: 	at android.provider.Settings.parseIntSetting(Settings.java:4348)
04-26 23:09:34.000  1219  1219 W AmbientCueRepository: 	at android.provider.Settings.-$$Nest$smparseIntSetting(Settings.java:0)
04-26 23:09:34.000  1219  1219 W AmbientCueRepository: 	at android.provider.Settings$Secure.getIntForUser(Settings.java:7792)
04-26 23:09:34.000  1219  1219 W AmbientCueRepository: 	at android.provider.Settings$Secure.getInt(Settings.java:7784)
04-26 23:09:34.000  1219  1219 W AmbientCueRepository: 	at com.android.quickstep.cuebar.data.repository.AmbientCueRepositoryImpl.isAmbientCueSettingEnabled(go/retraceme 7226a759aa2bb3787a79806f85d80eaad84f1f1e15acd6db988f2df789d1680d:9)
04-26 23:09:34.000  1219  1219 W AmbientCueRepository: 	at com.android.quickstep.cuebar.data.repository.AmbientCueRepositoryImpl.<init>(go/retraceme 7226a759aa2bb3787a79806f85d80eaad84f1f1e15acd6db988f2df789d1680d:144)
04-26 23:09:34.000  1219  1219 W AmbientCueRepository: 	at com.android.launcher3.taskbar.CueBarController.<init>(go/retraceme 7226a759aa2bb3787a79806f85d80eaad84f1f1e15acd6db988f2df789d1680d:31)
04-26 23:09:34.000  1219  1219 W AmbientCueRepository: 	at com.android.launcher3.taskbar.TaskbarActivityContext.<init>(go/retraceme 7226a759aa2bb3787a79806f85d80eaad84f1f1e15acd6db988f2df789d1680d:3648)
04-26 23:09:34.000  1219  1219 W AmbientCueRepository: 	at com.android.launcher3.taskbar.TaskbarManagerImpl.createTaskbarActivityContext(go/retraceme 7226a759aa2bb3787a79806f85d80eaad84f1f1e15acd6db988f2df789d1680d:59)
04-26 23:09:34.000  1219  1219 W AmbientCueRepository: 	at com.android.launcher3.taskbar.TaskbarManagerImpl.recreateTaskbarForDisplay(go/retraceme 7226a759aa2bb3787a79806f85d80eaad84f1f1e15acd6db988f2df789d1680d:248)
04-26 23:09:34.000  1219  1219 W AmbientCueRepository: 	at com.android.launcher3.taskbar.TaskbarManagerImpl$$ExternalSyntheticLambda11.accept(go/retraceme 7226a759aa2bb3787a79806f85d80eaad84f1f1e15acd6db988f2df789d1680d:89)
04-26 23:09:34.000  1219  1219 W AmbientCueRepository: 	at com.android.quickstep.DisplayModel.forEach(go/retraceme 7226a759aa2bb3787a79806f85d80eaad84f1f1e15acd6db988f2df789d1680d:18)
04-26 23:09:34.000  1219  1219 W AmbientCueRepository: 	at com.android.launcher3.taskbar.TaskbarManagerImpl.recreateTaskbars(go/retraceme 7226a759aa2bb3787a79806f85d80eaad84f1f1e15acd6db988f2df789d1680d:14)
04-26 23:09:34.000  1219  1219 W AmbientCueRepository: 	at com.android.launcher3.taskbar.TaskbarManagerImpl$$ExternalSyntheticLambda10.run(go/retraceme 7226a759aa2bb3787a79806f85d80eaad84f1f1e15acd6db988f2df789d1680d:60)
04-26 23:09:34.000  1219  1219 W AmbientCueRepository: 	at com.android.launcher3.util.LooperExecutor.execute(go/retraceme 7226a759aa2bb3787a79806f85d80eaad84f1f1e15acd6db988f2df789d1680d:16)
04-26 23:09:34.000  1219  1219 W AmbientCueRepository: 	at com.android.launcher3.taskbar.TaskbarManagerImpl$$ExternalSyntheticLambda20.onIdpChanged(go/retraceme 7226a759aa2bb3787a79806f85d80eaad84f1f1e15acd6db988f2df789d1680d:19)
04-26 23:09:34.000  1219  1219 W AmbientCueRepository: 	at com.android.launcher3.InvariantDeviceProfile.onConfigChanged(go/retraceme 7226a759aa2bb3787a79806f85d80eaad84f1f1e15acd6db988f2df789d1680d:52)
04-26 23:09:34.000  1219  1219 W AmbientCueRepository: 	at com.android.launcher3.InvariantDeviceProfile$$ExternalSyntheticLambda1.invoke(go/retraceme 7226a759aa2bb3787a79806f85d80eaad84f1f1e15acd6db988f2df789d1680d:12)
04-26 23:09:34.000  1219  1219 W AmbientCueRepository: 	at com.android.launcher3.util.MutableListenableStream$dispatchValue$1$1.run(go/retraceme 7226a759aa2bb3787a79806f85d80eaad84f1f1e15acd6db988f2df789d1680d:20)
04-26 23:09:34.000  1219  1219 W AmbientCueRepository: 	at com.android.launcher3.util.LooperExecutor.execute(go/retraceme 7226a759aa2bb3787a79806f85d80eaad84f1f1e15acd6db988f2df789d1680d:16)
04-26 23:09:34.000  1219  1219 W AmbientCueRepository: 	at com.android.launcher3.util.MutableListenableStream.dispatchValue(go/retraceme 7226a759aa2bb3787a79806f85d80eaad84f1f1e15acd6db988f2df789d1680d:52)
04-26 23:09:34.000  1219  1219 W AmbientCueRepository: 	at com.android.launcher3.display.DisplayInfoContainer.notifyConfigChange(go/retraceme 7226a759aa2bb3787a79806f85d80eaad84f1f1e15acd6db988f2df789d1680d:168)
04-26 23:09:34.000  1219  1219 W AmbientCueRepository: 	at com.android.launcher3.display.DisplayInfoContainer.onConfigurationChanged(go/retraceme 7226a759aa2bb3787a79806f85d80eaad84f1f1e15acd6db988f2df789d1680d:90)
04-26 23:09:34.000  1219  1219 W AmbientCueRepository: 	at android.content.ComponentCallbacksController.lambda$dispatchConfigurationChanged$0(ComponentCallbacksController.java:92)
04-26 23:09:34.000  1219  1219 W AmbientCueRepository: 	at android.content.ComponentCallbacksController$$ExternalSyntheticLambda2.accept(D8$$SyntheticClass:0)
04-26 23:09:34.000  1219  1219 W AmbientCueRepository: 	at android.content.ComponentCallbacksController.forAllComponentCallbacks(ComponentCallbacksController.java:125)
04-26 23:09:34.000  1219  1219 W AmbientCueRepository: 	at android.content.ComponentCallbacksController.dispatchConfigurationChanged(ComponentCallbacksController.java:92)
04-26 23:09:34.000  1219  1219 W AmbientCueRepository: 	at android.window.WindowContext.dispatchConfigurationChanged(WindowContext.java:281)
04-26 23:09:34.000  1219  1219 W AmbientCueRepository: 	at android.window.WindowTokenClient.onConfigurationChangedInner(WindowTokenClient.java:212)
04-26 23:09:34.001  1219  1219 W AmbientCueRepository: 	at android.window.WindowTokenClient.onConfigurationChanged(WindowTokenClient.java:158)
04-26 23:09:34.001  1219  1219 W AmbientCueRepository: 	at android.window.WindowTokenClient.onConfigurationChanged(WindowTokenClient.java:114)
04-26 23:09:34.001  1219  1219 W AmbientCueRepository: 	at android.window.WindowTokenClientController.onWindowContextInfoChanged(WindowTokenClientController.java:249)
04-26 23:09:34.001  1219  1219 W AmbientCueRepository: 	at android.app.ActivityThread.handleWindowContextInfoChanged(ActivityThread.java:7289)
04-26 23:09:34.001  1219  1219 W AmbientCueRepository: 	at android.app.servertransaction.WindowContextInfoChangeItem.execute(WindowContextInfoChangeItem.java:53)
04-26 23:09:34.001  1219  1219 W AmbientCueRepository: 	at android.app.servertransaction.TransactionExecutor.executeNonLifecycleItem(TransactionExecutor.java:133)
04-26 23:09:34.001  1219  1219 W AmbientCueRepository: 	at android.app.servertransaction.TransactionExecutor.executeTransactionItems(TransactionExecutor.java:103)
04-26 23:09:34.001  1219  1219 W AmbientCueRepository: 	at android.app.servertransaction.TransactionExecutor.execute(TransactionExecutor.java:80)
04-26 23:09:34.001  1219  1219 W AmbientCueRepository: 	at android.app.ActivityThread$H.handleMessage(ActivityThread.java:3024)
04-26 23:09:34.001  1219  1219 W AmbientCueRepository: 	at android.os.Handler.dispatchMessageImpl(Handler.java:142)
04-26 23:09:34.001  1219  1219 W AmbientCueRepository: 	at android.os.Handler.dispatchMessage(Handler.java:125)
04-26 23:09:34.001  1219  1219 W AmbientCueRepository: 	at android.os.Looper.loopOnce(Looper.java:292)
04-26 23:09:34.001  1219  1219 W AmbientCueRepository: 	at android.os.Looper.loop(Looper.java:393)
04-26 23:09:34.001  1219  1219 W AmbientCueRepository: 	at android.app.ActivityThread.main(ActivityThread.java:9486)
04-26 23:09:34.001  1219  1219 W AmbientCueRepository: 	at java.lang.reflect.Method.invoke(Native Method)
04-26 23:09:34.001  1219  1219 W AmbientCueRepository: 	at com.android.internal.os.RuntimeInit$MethodAndArgsCaller.run(RuntimeInit.java:575)
04-26 23:09:34.001  1219  1219 W AmbientCueRepository: 	at com.android.internal.os.ZygoteInit.main(ZygoteInit.java:939)
04-26 23:09:34.002  1219  1219 D LauncherAmbientCueVM: onUnfilteredActionsChange: []
04-26 23:09:34.002  2780 18838 I artd    : GetBestInfo: dm (/data/app/~~PqdBwR9WSFUNw4iaJMgoGg==/com.google.android.gms-95Dc1VeYXyONiCBDqz_lkA==/split_AdsDynamite_installtime.dm) is kOatUpToDate with filter 'verify' executable 'false'
04-26 23:09:34.005  2780 18838 I artd    : GetBestInfo: dm (/data/app/~~PqdBwR9WSFUNw4iaJMgoGg==/com.google.android.gms-95Dc1VeYXyONiCBDqz_lkA==/split_CronetDynamite_installtime.dm) is kOatUpToDate with filter 'verify' executable 'false'
04-26 23:09:34.015  4164  4217 I Finsky  : [48] WM::SCH: Logging work initialize for 12-1
04-26 23:09:34.018  1219  1219 D AmbientCueRepository: connectToAce: connecting TO ACE and registering
04-26 23:09:34.018  2780 18838 I artd    : GetBestInfo: dm (/data/app/~~PqdBwR9WSFUNw4iaJMgoGg==/com.google.android.gms-95Dc1VeYXyONiCBDqz_lkA==/split_DynamiteLoader_installtime.dm) is kOatUpToDate with filter 'verify' executable 'false'
04-26 23:09:34.021  1036  1132 D WindowOnBackDispatcher: setTopOnBackInvokedCallback (unwrapped): null
04-26 23:09:34.025  2780 18838 I artd    : GetBestInfo: dm (/data/app/~~PqdBwR9WSFUNw4iaJMgoGg==/com.google.android.gms-95Dc1VeYXyONiCBDqz_lkA==/split_DynamiteModulesA_installtime.dm) is kOatUpToDate with filter 'verify' executable 'false'
04-26 23:09:34.025  1219  1219 D AllAppsStore: setApps: apps.length=21
04-26 23:09:34.025  1219  1219 D AllAppsStore: notifyUpdate: notifying listeners
04-26 23:09:34.026 26043 26043 I MuMain  : MuMainActivity onCreate
04-26 23:09:34.027   736  1953 D CoreBackPreview: Window{db34fb8 u0 Splash Screen com.muonline.client EXITING}: Setting back callback null
04-26 23:09:34.031  2780 18838 I artd    : GetBestInfo: dm (/data/app/~~PqdBwR9WSFUNw4iaJMgoGg==/com.google.android.gms-95Dc1VeYXyONiCBDqz_lkA==/split_DynamiteModulesC_installtime.dm) is kOatUpToDate with filter 'verify' executable 'false'
04-26 23:09:34.034  4164  4217 I Finsky  : [48] WM::SCH: Logging work initialize for 12-1
04-26 23:09:34.034  2780 18838 I artd    : GetBestInfo: dm (/data/app/~~PqdBwR9WSFUNw4iaJMgoGg==/com.google.android.gms-95Dc1VeYXyONiCBDqz_lkA==/split_GoogleCertificates_installtime.dm) is kOatUpToDate with filter 'verify' executable 'false'
04-26 23:09:34.039  1219  1219 D AlphabeticIndexCompat: computeSectionName: cs: Settings sectionName: S
04-26 23:09:34.039  1219  1219 D AlphabeticIndexCompat: computeSectionName: cs: Photos sectionName: P
04-26 23:09:34.039  1219  1219 D AlphabeticIndexCompat: computeSectionName: cs: Battery sectionName: B
04-26 23:09:34.040  1219  1219 D AlphabeticIndexCompat: computeSectionName: cs: Chrome sectionName: C
04-26 23:09:34.040  1219  1219 D AlphabeticIndexCompat: computeSectionName: cs: Gmail sectionName: G
04-26 23:09:34.041  2780 18838 I artd    : GetBestInfo: dm (/data/app/~~PqdBwR9WSFUNw4iaJMgoGg==/com.google.android.gms-95Dc1VeYXyONiCBDqz_lkA==/split_MapsDynamite_installtime.dm) is kOatUpToDate with filter 'verify' executable 'false'
04-26 23:09:34.044  2780 18838 I artd    : GetBestInfo: dm (/data/app/~~PqdBwR9WSFUNw4iaJMgoGg==/com.google.android.gms-95Dc1VeYXyONiCBDqz_lkA==/split_MeasurementDynamite_installtime.dm) is kOatUpToDate with filter 'verify' executable 'false'
04-26 23:09:34.045   623 16120 W libbinder.IPCThreadState: Sending oneway calls to frozen process.
04-26 23:09:34.048  1036  1091 V RecentTasksController: Notify recent tasks changed
04-26 23:09:34.048  1219  1219 D AlphabeticIndexCompat: computeSectionName: cs: Drive sectionName: D
04-26 23:09:34.049  1219  1219 D AlphabeticIndexCompat: computeSectionName: cs: Clock sectionName: C
04-26 23:09:34.050  1219  1219 D AlphabeticIndexCompat: computeSectionName: cs: Contacts sectionName: C
04-26 23:09:34.051  1219  1219 D AlphabeticIndexCompat: computeSectionName: cs: Calendar sectionName: C
04-26 23:09:34.051  1219  1219 D AlphabeticIndexCompat: computeSectionName: cs: Maps sectionName: M
04-26 23:09:34.053  1219  1219 D AlphabeticIndexCompat: computeSectionName: cs: YouTube Music sectionName: Y
04-26 23:09:34.054  1219  1219 D AlphabeticIndexCompat: computeSectionName: cs: YouTube sectionName: Y
04-26 23:09:34.054  1219  1219 D AlphabeticIndexCompat: computeSectionName: cs: Google sectionName: G
04-26 23:09:34.054  1219  1219 D AlphabeticIndexCompat: computeSectionName: cs: Android System Intelligence sectionName: A
04-26 23:09:34.055  1219  1219 D AlphabeticIndexCompat: computeSectionName: cs: Digital Wellbeing sectionName: D
04-26 23:09:34.055  1219  1219 D AlphabeticIndexCompat: computeSectionName: cs: Conversations sectionName: C
04-26 23:09:34.058  1219  1219 D TaskbarManager: createTaskbarUIControllerForRecentsViewContainer displayId=0 mPrimaryDisplayId=0
04-26 23:09:34.058  1219  1219 D PerDisplayTaskbarResource: recreateTaskbarForDisplay: adding rootView displayId=0
04-26 23:09:34.058  1219  1219 D PerDisplayTaskbarResource: recreateTaskbarForDisplay: adding root layout displayId=0
04-26 23:09:34.058  2780 18838 I artd    : GetBestInfo: dm (/data/app/~~PqdBwR9WSFUNw4iaJMgoGg==/com.google.android.gms-95Dc1VeYXyONiCBDqz_lkA==/split_all_locale_splits.dm) is kOatUpToDate with filter 'verify' executable 'false'
04-26 23:09:34.060  1219  1219 D b/475447538: Rotation Helper = [mStateHandlerRequest=0, mCurrentStateRequest=0, mLastActivityFlags=5, mIgnoreAutoRotateSettings=false, mForceAllowRotationForTesting=false, mDestroyed=false, mIsFixedLandscape=false]
04-26 23:09:34.061 26043 26043 I MuMain  : extractGameAssets -> /storage/emulated/0/Android/data/com.muonline.client/files
04-26 23:09:34.065  2780 18838 I artd    : GetBestInfo: /data/user_de/0/com.google.android.gms/app_chimera/m/0000000a/dl-TfliteDynamiteDynamite.integ_252130102100800.apk has no usable artifacts
04-26 23:09:34.070  1219  1219 D OverviewActionsView: updateActionButtonsVisibility() called: showSingleTaskActions = [true], showGroupActions = [false]
04-26 23:09:34.071  2780 18838 I artd    : GetBestInfo: /data/user_de/0/com.google.android.gms/app_chimera/m/00000001/CronetDynamite.apk has no usable artifacts
04-26 23:09:34.071  1036  1091 V RecentTasksController: generateList(getRecentTasks)
04-26 23:09:34.071  1036  1091 V RecentTasksController: initializeDesksMap - allDeskIds: []
04-26 23:09:34.071  1036  1091 V RecentTasksController: Task 128 is not an active desktop task
04-26 23:09:34.071  1036  1091 V RecentTasksController: Added fullscreen task: 128
04-26 23:09:34.071  1036  1091 V RecentTasksController: generateList - complete
04-26 23:09:34.074  4164  4225 I Finsky  : [56] SCH: Scheduling phonesky job Id: 12-1, CT: 1777219772426, Constraints: [{ L: 15000, D: 86400000, C: CHARGING_NONE, I: IDLE_NONE, N: NET_ANY, B: BATTERY_ANY }]
04-26 23:09:34.081  1219  1219 D LauncherStateManager: StateManager.cancelAnimation: animation ongoing: false, partial trace:
04-26 23:09:34.081  1219  1219 D LauncherStateManager: 	at com.android.launcher3.statemanager.StateManager.reapplyState(go/retraceme 7226a759aa2bb3787a79806f85d80eaad84f1f1e15acd6db988f2df789d1680d:39)
04-26 23:09:34.081  1219  1219 D LauncherStateManager: 	at com.android.launcher3.statemanager.StatefulActivity.reapplyUi(go/retraceme 7226a759aa2bb3787a79806f85d80eaad84f1f1e15acd6db988f2df789d1680d:12)
04-26 23:09:34.081  1219  1219 D LauncherStateManager: 	at com.android.launcher3.Launcher.onHandleConfigurationChanged(go/retraceme 7226a759aa2bb3787a79806f85d80eaad84f1f1e15acd6db988f2df789d1680d:25)
04-26 23:09:34.081  1219  1219 D AllAppsTransitionController: shouldProtectHeader: false skipScrim: false state: Normal stateManager.getState(): Normal
04-26 23:09:34.082  2780  2783 I artd    : GetBestInfo: /data/user_de/0/com.google.android.gms/app_chimera/m/00000016/dl-MlkitOcrCommon.optional_261332100800.apk has no usable artifacts
04-26 23:09:34.082  1219  1219 D KeyboardInsetsHandler: setState, toState:Normal StateManager(mLastStableState:Normal, mCurrentStableState:Normal, mState:Normal, mRestState:null, isInTransition:false)
04-26 23:09:34.082  1219  1219 D KeyboardInsetsHandler: removePendingImeController: pendingImeController=null
04-26 23:09:34.082  1219  1219 D KeyboardStateManager: hideKeyboard
04-26 23:09:34.082  1219  1219 D KeyboardStateManager: isImeShown: false
04-26 23:09:34.088  1219  1219 D StatsLog: LAUNCHER_GOOGLE_SEARCH_RESTORE_LIST_SIZE_AFTER_ACTIVITY_RESTART
04-26 23:09:34.093 26043 26043 V SDL     : Device: emu64xa16k
04-26 23:09:34.093 26043 26043 V SDL     : Model: sdk_gphone16k_x86_64
04-26 23:09:34.093 26043 26043 V SDL     : onCreate()
04-26 23:09:34.094  4164  4223 I Finsky  : [54] SCH: Scheduling 1 system job(s)
04-26 23:09:34.094 26043 26043 D nativeloader: Load /data/app/~~DuGUFqpFj-bfrsppuYF6Lw==/com.muonline.client-cUIHMxk8aVUjUytINuyOPg==/lib/x86_64/libmpg123.so using class loader ns clns-9 (caller=/data/app/~~DuGUFqpFj-bfrsppuYF6Lw==/com.muonline.client-cUIHMxk8aVUjUytINuyOPg==/base.apk): ok
04-26 23:09:34.094  4164  4223 I Finsky  : [54] SCH: Scheduling system job Id: 9846, L: 13332, D: 77303600, C: false, I: false, N: 1
04-26 23:09:34.095  2780  2783 I artd    : GetBestInfo: /data/user_de/0/com.google.android.gms/app_chimera/m/00000002/DynamiteLoader.apk has no usable artifacts
04-26 23:09:34.097 26043 26043 D nativeloader: Load /data/app/~~DuGUFqpFj-bfrsppuYF6Lw==/com.muonline.client-cUIHMxk8aVUjUytINuyOPg==/lib/x86_64/libSDL2.so using class loader ns clns-9 (caller=/data/app/~~DuGUFqpFj-bfrsppuYF6Lw==/com.muonline.client-cUIHMxk8aVUjUytINuyOPg==/base.apk): ok
04-26 23:09:34.099 26043 26043 D nativeloader: Load /data/app/~~DuGUFqpFj-bfrsppuYF6Lw==/com.muonline.client-cUIHMxk8aVUjUytINuyOPg==/lib/x86_64/libSDL2_image.so using class loader ns clns-9 (caller=/data/app/~~DuGUFqpFj-bfrsppuYF6Lw==/com.muonline.client-cUIHMxk8aVUjUytINuyOPg==/base.apk): ok
04-26 23:09:34.101  2780  2783 I artd    : GetBestInfo: /data/user_de/0/com.google.android.gms/app_chimera/m/0000000e/dl-MlkitBarcodeUi.optional_260235100800.apk has no usable artifacts
04-26 23:09:34.102 26043 26043 D nativeloader: Load /data/app/~~DuGUFqpFj-bfrsppuYF6Lw==/com.muonline.client-cUIHMxk8aVUjUytINuyOPg==/lib/x86_64/libSDL2_mixer.so using class loader ns clns-9 (caller=/data/app/~~DuGUFqpFj-bfrsppuYF6Lw==/com.muonline.client-cUIHMxk8aVUjUytINuyOPg==/base.apk): ok
04-26 23:09:34.103 26043 26043 D nativeloader: Load /data/app/~~DuGUFqpFj-bfrsppuYF6Lw==/com.muonline.client-cUIHMxk8aVUjUytINuyOPg==/lib/x86_64/libSDL2_ttf.so using class loader ns clns-9 (caller=/data/app/~~DuGUFqpFj-bfrsppuYF6Lw==/com.muonline.client-cUIHMxk8aVUjUytINuyOPg==/base.apk): ok
04-26 23:09:34.104 26043 26043 D nativeloader: Load /data/app/~~DuGUFqpFj-bfrsppuYF6Lw==/com.muonline.client-cUIHMxk8aVUjUytINuyOPg==/lib/x86_64/libSDL_net.so using class loader ns clns-9 (caller=/data/app/~~DuGUFqpFj-bfrsppuYF6Lw==/com.muonline.client-cUIHMxk8aVUjUytINuyOPg==/base.apk): ok
04-26 23:09:34.104 26043 26043 D nativeloader: Load /data/app/~~DuGUFqpFj-bfrsppuYF6Lw==/com.muonline.client-cUIHMxk8aVUjUytINuyOPg==/lib/x86_64/libbotan.so using class loader ns clns-9 (caller=/data/app/~~DuGUFqpFj-bfrsppuYF6Lw==/com.muonline.client-cUIHMxk8aVUjUytINuyOPg==/base.apk): ok
04-26 23:09:34.106 26043 26043 I MuMain  : early chdir(/sdcard/.../files) = 0 (errno=88)
04-26 23:09:34.111  1219  1219 D ModelCallbacks: startBinding: hotseat layout was vertical: false and is setting to false
04-26 23:09:34.111  2780  2783 I artd    : GetBestInfo: /data/user_de/0/com.google.android.gms/app_chimera/m/00000013/dl-Appsearch.optional_261332100800.apk has no usable artifacts
04-26 23:09:34.114  2780  2783 I artd    : GetBestInfo: /data/user_de/0/com.google.android.gms/app_chimera/m/00000005/GoogleCertificates.apk has no usable artifacts
04-26 23:09:34.115 14925 17663 I Icing   : Usage reports ok 1, Failed Usage reports 0, indexed 0, rejected 0
04-26 23:09:34.116  1036  1036 D SsCardRecyclerViewAdapter: Updating Smartspace targets to targets for Lockscreen
04-26 23:09:34.117  2780  2783 I artd    : GetBestInfo: /data/user_de/0/com.google.android.gms/app_chimera/m/00000012/dl-PlayCloudSearch.optional_261332100000.apk has no usable artifacts
04-26 23:09:34.119  1219  1219 D SsCardRecyclerViewAdapter: Updating Smartspace targets to targets for Lockscreen
04-26 23:09:34.121  1219  1219 D SsCardRecyclerViewAdapter: Updating Smartspace targets to targets for Lockscreen
04-26 23:09:34.121  1219  1219 W BcSmartspaceView: Current card is not present in the Adapter; cannot log.
