--------- beginning of main
04-26 19:44:26.555  4276 16587 I Finsky:background: [184] Wrote row to frosting DB: 3176
04-26 19:44:26.560  4276  4276 I Finsky:background: [2] ajje - Received: android.intent.action.PACKAGE_ADDED, [n076RJLEETmEZ61FBJHrGFwh-0szukPG_iaeB-mhrwQ]
04-26 19:44:26.577  4276  4276 I Finsky:background: [2] ajje - Deduping intent android.intent.action.PACKAGE_ADDED
--------- beginning of system
04-26 19:44:26.578  4276  4276 D ActivityThread: Package [com.muonline.client] reported as REPLACED, but missing application info. Assuming REMOVED.
04-26 19:44:26.579  4276  4325 I Finsky:background: [64] RECEIVER_PACKAGE_MONITOR_BACKGROUND#logWorkEndAndFinishGoAsync: SUCCESS
04-26 19:44:26.581  4276  4276 D ActivityThread: Package [com.muonline.client] reported as REPLACED, but missing application info. Assuming REMOVED.
04-26 19:44:26.586  4276 16587 I Finsky:background: [184] Wrote row to frosting DB: 3177
04-26 19:44:26.601  4276 16587 I Finsky:background: [184] Wrote row to frosting DB: 3178
04-26 19:44:26.619  4276 16587 I Finsky:background: [184] Wrote row to frosting DB: 3179
04-26 19:44:26.626  4276  4276 I Finsky:background: [2] Memory trim requested to level 40
04-26 19:44:26.628   736   748 I system_server: Background young concurrent mark compact GC freed 24MB AllocSpace bytes, 17(800KB) LOS objects, 36% free, 37MB/59MB, paused 6.612ms,41.160ms total 137.456ms
04-26 19:44:26.638  1619  1619 I MediaProvider: Invalidating LocalCallingIdentity cache for package com.muonline.client. Reason: package android.intent.action.PACKAGE_REMOVED
04-26 19:44:26.638  1619  1619 W MediaProvider: WorkProfileOwnerApps cache is empty
04-26 19:44:26.638  1619  1619 D PickerSyncLockManager: Trying to acquire lock com.android.providers.media.photopicker.sync.CloseableReentrantLock@13ff476[Unlocked]. Lock Name = CLOUD_PROVIDER_LOCK. Threads that may be waiting to acquire this lock = []
04-26 19:44:26.638  1619  1619 D CloseableReentrantLock: Successfully acquired lock com.android.providers.media.photopicker.sync.CloseableReentrantLock@13ff476[Locked by thread main]. Lock Name = CLOUD_PROVIDER_LOCK. Threads that may be waiting to acquire this lock = []
04-26 19:44:26.638  1619  1619 D CloseableReentrantLock: Successfully released lock com.android.providers.media.photopicker.sync.CloseableReentrantLock@13ff476[Unlocked]. Lock Name = CLOUD_PROVIDER_LOCK. Threads that may be waiting to acquire this lock = []
04-26 19:44:26.641  4276 16587 I Finsky:background: [184] Wrote row to frosting DB: 3180
04-26 19:44:26.651   736   750 W System  : A resource failed to call close. 
04-26 19:44:26.654   736   750 W System  : A resource failed to call close. 
04-26 19:44:26.654  4276 16587 I Finsky:background: [184] Wrote row to frosting DB: 3181
04-26 19:44:26.660  4164  4164 I Finsky  : [2] ajjp - Received: android.intent.action.PACKAGE_ADDED, [n076RJLEETmEZ61FBJHrGFwh-0szukPG_iaeB-mhrwQ]
04-26 19:44:26.672   736   921 I HalDevMgr: bestIfaceCreationProposal is null, requestIface=STA, existingIface=[name=wlan0 type=STA]
04-26 19:44:26.683   736   835 D ActivityManager: sync unfroze 14925 com.google.android.gms for 6
04-26 19:44:26.687 14925 14925 D ActivityThread: Package [com.muonline.client] reported as REPLACED, but missing application info. Assuming REMOVED.
04-26 19:44:26.687 14925 14925 D ActivityThread: Package [com.muonline.client] reported as REPLACED, but missing application info. Assuming REMOVED.
04-26 19:44:26.697   736   836 W ActivityTaskManager: callingPackage for (uid=2000, pid=16600) has no WPC
04-26 19:44:26.704   736   836 V GrammaticalInflectionUtils: AttributionSource: android.content.AttributionSource@d322a4fb does not have READ_SYSTEM_GRAMMATICAL_GENDER permission.
04-26 19:44:26.707  1219  1219 D RecentsView: onTaskDisplayChanged: 109, new displayId = 0
04-26 19:44:26.715   566   996 I libbinder.BpBinder: onLastStrongRef automatically unlinking death recipients for binder (0x7eaa36066fa0) with descriptor: '(not cached)'
04-26 19:44:26.717  1366  1366 D BoundBrokerSvc: onUnbind: Intent { act=com.google.android.gms.auth.aang.events.services.START dat=chimera-action:/... xflg=0x4 cmp=com.google.android.gms/.chimera.PersistentApiService }
04-26 19:44:26.721  3743  3747 W ogle.android.as: Reducing the number of considered missed Gc histogram windows from 107 to 100
04-26 19:44:26.726  1036  1091 V WindowManagerShell: Transition requested (#120): android.os.BinderProxy@f6811e TransitionRequestInfo { type = OPEN, triggerTask = TaskInfo{userId=0 taskId=109 effectiveUid=10230 displayId=0 isRunning=true baseIntent=Intent { flg=0x10000000 cmp=com.muonline.client/.PreloadActivity } baseActivity=ComponentInfo{com.muonline.client/com.muonline.client.PreloadActivity} topActivity=ComponentInfo{com.muonline.client/com.muonline.client.PreloadActivity} origActivity=null realActivity=ComponentInfo{com.muonline.client/com.muonline.client.PreloadActivity} realActivityIsAppLockEnabled=false numActivities=1 lastActiveTime=15241321 supportsMultiWindow=true supportsMultiWindowWithoutConstraints=true resizeMode=1 isResizeable=true minWidth=-1 minHeight=-1 defaultMinSize=220 token=WCT{android.os.BinderProxy@f804dff} topActivityType=1 pictureInPictureParams=null shouldDockBigOverlays=false launchIntoPipHostTaskId=-1 lastParentTaskIdBeforePip=-1 displayCutoutSafeInsets=Rect(0, 132 - 0, 0) topActivityInfo=ActivityInfo{39f17cc com.muonline.client.PreloadActivity} launchCookies=[] positionInParent=Point(0, 0) parentTaskId=-1 isFocused=false isInteractive=false isVisible=false isVisibleRequested=false isTopActivityNoDisplay=false isSleeping=false locusId=null displayAreaFeatureId=1 isTopActivityTransparent=false isActivityStackTransparent=false lastNonFullscreenBounds=null leafTaskBoundsFromOptions= false capturedLink=null capturedLinkTimestamp=0 requestedVisibleTypes=503 topActivityRequestOpenInBrowserEducationTimestamp=0 appCompatTaskInfo=AppCompatTaskInfo { topActivityInSizeCompat=false isLeafTask= true eligibleForLetterboxEducation= false isLetterboxEducationEnabled= true isLetterboxDoubleTapEnabled= false eligibleForUserAspectRatioButton= false topActivityBoundsLetterboxed= false isFromLetterboxDoubleTap= false topActivityLetterboxVerticalPosition= -1 topActivityLetterboxHorizontalPosition= -1 topActivityLetterboxWidth=-1 topActivityLetterboxHeight=-1 topActivityAppBounds=Rect(0, 132 - 1080, 2337) isUserFullscreenOverrideEnabled=false isSystemFullscreenOverrideEnabled=false hasMinAspectRatioOverride=false topActivityLetterboxBounds=null topNonResizableActivityAspectRatio=-1.0} topActivityMainWindowFrame=null isAppBubble=false}, pipChange = null, remoteTransitionInfo = null, displayChange = null, requestedLocation = null, userChange = null, windowingLayerChange = null, fullscreenRequestChange = null, flags = 0, debugId = 120 }
04-26 19:44:26.727  1219  1219 D BaseActivity: Launcher flags updated: [state_started|state_resumed|state_deferred_resumed|state_window_focused|state_user_active] -[]
04-26 19:44:26.727  1036  1091 W DisconnectHandler: No disconnect change found in the transition, not handling request.
04-26 19:44:26.727   736   836 V ActivityTaskManager: TaskLaunchParamsModifier: phase=3 task=Task{4fa239e #109 type=standard A=10230:com.muonline.client} activity=ActivityRecord{50839001 u0 com.muonline.client/.PreloadActivity t-1} display-from-task=0 display-id=0 task-display-area-windowing-mode=1 suggested-display-area=DefaultTaskDisplayArea@125646128 inherit-from-task=fullscreen non-freeform-task-display-area display-area=DefaultTaskDisplayArea@125646128 skip-bounds-fullscreen
04-26 19:44:26.728  1036  1091 V ShellDesktopMode: DesktopTasksController: skipping handleRequest reason=triggerTask's display doesn't support desktop mode
04-26 19:44:26.728   736   836 I ActivityTaskManager: START u0 {flg=0x10000000 xflg=0x5 cmp=com.muonline.client/.PreloadActivity} with LAUNCH_SINGLE_TASK from uid 2000 (com.android.shell) (BAL_ALLOW_PERMISSION) result code=0
04-26 19:44:26.728  1036  1091 D ShellSplitScreen: logExit: no-op, mLoggerSessionId is null
04-26 19:44:26.730   736   762 V GrammaticalInflectionUtils: AttributionSource: android.content.AttributionSource@d322a4fb does not have READ_SYSTEM_GRAMMATICAL_GENDER permission.
04-26 19:44:26.730  1219  1219 D BaseActivity: Launcher flags updated: [state_started|state_resumed|state_deferred_resumed|state_window_focused] -[state_user_active]
04-26 19:44:26.732  1219  1219 D BaseActivity: Launcher flags updated: [state_started|state_window_focused] -[state_resumed|state_deferred_resumed]
04-26 19:44:26.732  1219  1219 W SplitSelectStateCtor: Missing session instanceIds
04-26 19:44:26.732  1219  1219 D StatsLog: LAUNCHER_SPLIT_SELECTION_EXIT_INTERRUPTED
04-26 19:44:26.734  1036  1091 V RecentTasksController: Notify recent tasks changed
04-26 19:44:26.736  1036  1091 D ShellDesktopMode: DesktopRepository(0): Removes freeform task: taskId=108
04-26 19:44:26.736  1036  1091 W ShellDesktopMode: DesktopRepository(0): No display id found for task: taskId=108
04-26 19:44:26.737  1036  1091 D WindowManagerShell: setLauncherKeepClearAreaHeight: visible=false, height=495
04-26 19:44:26.737  1036  1091 V RecentTasksController: Notify recent tasks changed
04-26 19:44:26.742   736  1620 V WindowManager: Defer transition id=120 for TaskFragmentTransaction=android.os.Binder@7a7839b
04-26 19:44:26.743  4164  4164 I Finsky  : [2] DTU: Received onPackageAdded, replacing: true
04-26 19:44:26.746  1219  1219 D RecentTasksList: invalidateLoadedTasks - previous requestLoadId: -1
04-26 19:44:26.746  1219  1219 D RecentTasksList: invalidateLoadedTasks - previous requestLoadId: -1
04-26 19:44:26.749   499   499 D Zygote  : Forked child process 16616
04-26 19:44:26.749  4164 16590 I Finsky  : [345] SCH: Received scheduling request: Id: 12-1, Constraints: [{ L: 15000, D: 86400000, C: CHARGING_NONE, I: IDLE_NONE, N: NET_ANY, B: BATTERY_ANY }]
04-26 19:44:26.750   736  2215 W InputChannel-JNI: Channel already disposed.
04-26 19:44:26.753   736  1827 V WindowManager: Continue transition id=120 for TaskFragmentTransaction=android.os.Binder@7a7839b
04-26 19:44:26.755   736   769 I ActivityManager: Start proc 16616:com.muonline.client/u0a230 for next-top-activity {com.muonline.client/com.muonline.client.PreloadActivity}
04-26 19:44:26.756  1036  1132 D WindowOnBackDispatcher: setTopOnBackInvokedCallback (unwrapped): android.view.ViewRootImpl$$ExternalSyntheticLambda13@cd9de94
04-26 19:44:26.758   736   999 D CoreBackPreview: Window{ad24f11 u0 Splash Screen com.muonline.client}: Setting back callback OnBackInvokedCallbackInfo{mCallback=android.window.IOnBackInvokedCallback$Stub$Proxy@5c6cf49, mPriority=0, mIsAnimationCallback=false, mOverrideBehavior=0}
04-26 19:44:26.759   736   999 D WindowManager: setClientSurface Surface(name=VRI-Splash Screen com.muonline.client#1220)/@0x3241705 for ad24f11 Splash Screen com.muonline.client
04-26 19:44:26.769  1036  1132 I Surface : Creating surface for consumer unnamed-1036-25 with slotExpansion=1 for 64 slots
04-26 19:44:26.774 16616 16616 I Zygote  : Process 16616 created for com.muonline.client
04-26 19:44:26.774 16616 16616 I muonline.client: Using generational CollectorTypeCMC GC.
04-26 19:44:26.775  1219  1219 D BaseActivity: Launcher flags updated: [state_started] -[state_window_focused]
04-26 19:44:26.775 16616 16616 W muonline.client: Unexpected CPU variant for x86: x86_64.
04-26 19:44:26.775 16616 16616 W muonline.client: Known variants: atom, sandybridge, silvermont, goldmont, goldmont-plus, goldmont-without-sha-xsaves, tremont, kabylake, alderlake, lunarlake, default
04-26 19:44:26.776  1366 16611 I Fitness : (REDACTED) FitCleanupIntentOperation received Intent %s
04-26 19:44:26.777  1036  1132 I Surface : Creating surface for consumer VRI[client]#25(BLAST Consumer)25 with slotExpansion=1 for 64 slots
04-26 19:44:26.781  1366 16612 I ProximityAuth: [RecentAppsMediator] Package added: (user=UserHandle{0}) com.muonline.client
04-26 19:44:26.785 16616 16616 D nativeloader: Load libframework-connectivity-tiramisu-jni.so using APEX ns com_android_tethering for caller /apex/com.android.tethering/javalib/framework-connectivity-t.jar: ok
04-26 19:44:26.831  4164  4164 I Finsky  : [2] ajjp - Received: android.intent.action.PACKAGE_ADDED, [n076RJLEETmEZ61FBJHrGFwh-0szukPG_iaeB-mhrwQ]
04-26 19:44:26.831 14925 16634 I AppBackupPkgRemovedIO: Backup state cleanup on uninstall is disabled. [CONTEXT service_id=229 ]
04-26 19:44:26.845  1036  1091 V RecentTasksController: Notify recent tasks changed
04-26 19:44:26.845 14925 16635 I PackageInstalledIntentO: Test flag v2 is disabled [CONTEXT service_id=469 ]
04-26 19:44:26.855  1036  1091 V RecentTasksController: generateList(getRecentTasks)
04-26 19:44:26.856  1036  1091 V RecentTasksController: initializeDesksMap - allDeskIds: []
04-26 19:44:26.856  1036  1091 V RecentTasksController: Task 109 is not an active desktop task
04-26 19:44:26.856  1036  1091 V RecentTasksController: Added fullscreen task: 109
04-26 19:44:26.856  1036  1091 V RecentTasksController: generateList - complete
04-26 19:44:26.858  4164  4164 I Finsky  : [2] ajjp - Deduping intent android.intent.action.PACKAGE_ADDED
04-26 19:44:26.861  1366 16606 I FontLog : (REDACTED) Package %s has no metadata
04-26 19:44:26.877  4164  4164 I Finsky  : [2] ajjp - Received: android.intent.action.PACKAGE_ADDED, [n076RJLEETmEZ61FBJHrGFwh-0szukPG_iaeB-mhrwQ]
04-26 19:44:26.897   736   753 V SafetySourceDataValidat: Package: com.android.vending has expected signature
04-26 19:44:26.900  1036  1503 V WindowManagerShell: onTransitionReady(transaction=3161095942611)
04-26 19:44:26.901  1036  1091 V WindowManagerShell: onTransitionReady (#120) android.os.BinderProxy@f6811e: {id=120 t=OPEN f=0x0 trk=0 r=[0@Point(0, 0)] c=[
04-26 19:44:26.901  1036  1091 V WindowManagerShell:         {m=OPEN f=MOVE_TO_TOP leash=Surface(name=Task=109#1215)/@0x2fda6f5 sb=Rect(0, 0 - 1080, 2400) eb=Rect(0, 0 - 1080, 2400) epz=Point(1080, 2400) d=0 endFixedRotation=1 taskParent=-1 winMode=1 userId=0},
04-26 19:44:26.901  1036  1091 V WindowManagerShell:         {m=TO_BACK f=SHOW_WALLPAPER leash=Surface(name=Task=1#34)/@0x55cec8a sb=Rect(0, 0 - 1080, 2400) eb=Rect(0, 0 - 1080, 2400) epz=Point(1080, 2400) d=0 taskParent=-1 winMode=1 userId=0},
04-26 19:44:26.901  1036  1091 V WindowManagerShell:         {m=TO_BACK f=IS_WALLPAPER leash=Surface(name=WallpaperWindowToken{3bea6dd}#54)/@0x55ef2fb sb=Rect(0, 0 - 1080, 2400) eb=Rect(0, 0 - 1080, 2400) epz=Point(1080, 2400) d=0}
04-26 19:44:26.901  1036  1091 V WindowManagerShell:     ]}
04-26 19:44:26.906  4164  4164 I Finsky  : [2] ajjp - Deduping intent android.intent.action.PACKAGE_ADDED
04-26 19:44:26.914  4164  4205 I Finsky  : [41] RECEIVER_PACKAGE_MONITOR#logWorkEndAndFinishGoAsync: SUCCESS
04-26 19:44:26.914  4164  4164 D ActivityThread: Package [com.muonline.client] reported as REPLACED, but missing application info. Assuming REMOVED.
04-26 19:44:26.915 14925 14925 D BoundBrokerSvc: onBind: Intent { act=com.google.android.gms.common.BIND_SHARED_PREFS xflg=0x4 pkg=com.google.android.gms }
04-26 19:44:26.915 14925 14925 D BoundBrokerSvc: Loading bound service for intent: Intent { act=com.google.android.gms.common.BIND_SHARED_PREFS xflg=0x4 pkg=com.google.android.gms }
04-26 19:44:26.916   736   759 V WindowManager: Sent Transition (#120) createdAt=04-26 19:44:26.704 via request=TransitionRequestInfo { type = OPEN, triggerTask = TaskInfo{userId=0 taskId=109 effectiveUid=10230 displayId=0 isRunning=true baseIntent=Intent { flg=0x10000000 cmp=com.muonline.client/.PreloadActivity } baseActivity=ComponentInfo{com.muonline.client/com.muonline.client.PreloadActivity} topActivity=ComponentInfo{com.muonline.client/com.muonline.client.PreloadActivity} origActivity=null realActivity=ComponentInfo{com.muonline.client/com.muonline.client.PreloadActivity} realActivityIsAppLockEnabled=false numActivities=1 lastActiveTime=15241321 supportsMultiWindow=true supportsMultiWindowWithoutConstraints=true resizeMode=1 isResizeable=true minWidth=-1 minHeight=-1 defaultMinSize=220 token=WCT{RemoteToken{da942d3 Task{4fa239e #109 type=standard A=10230:com.muonline.client}}} topActivityType=1 pictureInPictureParams=null shouldDockBigOverlays=false launchIntoPipHostTaskId=-1 lastParentTaskIdBeforePip=-1 displayCutoutSafeInsets=Rect(0, 132 - 0, 0) topActivityInfo=ActivityInfo{59fee10 com.muonline.client.PreloadActivity} launchCookies=[] positionInParent=Point(0, 0) parentTaskId=-1 isFocused=false isInteractive=false isVisible=false isVisibleRequested=false isTopActivityNoDisplay=false isSleeping=false locusId=null displayAreaFeatureId=1 isTopActivityTransparent=false isActivityStackTransparent=false lastNonFullscreenBounds=null leafTaskBoundsFromOptions= false capturedLink=null capturedLinkTimestamp=0 requestedVisibleTypes=503 topActivityRequestOpenInBrowserEducationTimestamp=0 appCompatTaskInfo=AppCompatTaskInfo { topActivityInSizeCompat=false isLeafTask= true eligibleForLetterboxEducation= false isLetterboxEducationEnabled= true isLetterboxDoubleTapEnabled= false eligibleForUserAspectRatioButton= false topActivityBoundsLetterboxed= false isFromLetterboxDoubleTap= false topActivityLetterboxVerticalPosition= -1 topActivityLetterboxHorizontalPosition= -1 topActivityLetterboxWidth=-1 topActivityLetterboxHeight=-1 topActivityAppBounds=Rect(0, 132 - 1080, 2337) isUserFullscreenOverrideEnabled=false isSystemFullscreenOverrideEnabled=false hasMinAspectRatioOverride=false topActivityLetterboxBounds=null topNonResizableActivityAspectRatio=-1.0} topActivityMainWindowFrame=null isAppBubble=false}, pipChange = null, remoteTransitionInfo = null, displayChange = null, requestedLocation = null, userChange = null, windowingLayerChange = null, fullscreenRequestChange = null, flags = 0, debugId = 120 }
04-26 19:44:26.916   736   759 V WindowManager:     startWCT=WindowContainerTransaction { changes= {} hops= [] flags= 0 errorCallbackToken=null taskFragmentOrganizer=null }
04-26 19:44:26.916   736   759 V WindowManager:     info={id=120 t=OPEN f=0x0 trk=0 r=[0@Point(0, 0)] c=[
04-26 19:44:26.916   736   759 V WindowManager:         {WCT{RemoteToken{da942d3 Task{4fa239e #109 type=standard A=10230:com.muonline.client}}} m=OPEN f=MOVE_TO_TOP leash=Surface(name=Task=109#1215)/@0x9771b36 sb=Rect(0, 0 - 1080, 2400) eb=Rect(0, 0 - 1080, 2400) epz=Point(1080, 2400) d=0 endFixedRotation=1 taskParent=-1 winMode=1 userId=0},
04-26 19:44:26.916   736   759 V WindowManager:         {WCT{RemoteToken{4853fd5 Task{13e540b #1 type=home}}} m=TO_BACK f=SHOW_WALLPAPER leash=Surface(name=Task=1#34)/@0x499be06 sb=Rect(0, 0 - 1080, 2400) eb=Rect(0, 0 - 1080, 2400) epz=Point(1080, 2400) d=0 taskParent=-1 winMode=1 userId=0},
04-26 19:44:26.916   736   759 V WindowManager:         {m=TO_BACK f=IS_WALLPAPER leash=Surface(name=WallpaperWindowToken{3bea6dd}#54)/@0x4e520e1 sb=Rect(0, 0 - 1080, 2400) eb=Rect(0, 0 - 1080, 2400) epz=Point(1080, 2400) d=0}
04-26 19:44:26.916   736   759 V WindowManager:     ]}
04-26 19:44:26.917  4164  4164 D ActivityThread: Package [com.muonline.client] reported as REPLACED, but missing application info. Assuming REMOVED.
04-26 19:44:26.922 16616 16616 D CompatChangeReporter: Compat change id reported: 242716250; UID 10230; state: ENABLED
04-26 19:44:26.929 14925 16631 I Auth    : (REDACTED) [SupervisedAccountIntentOperation] onHandleIntent: %s
04-26 19:44:26.933 14925 16630 I PackageInstalledIntentO: Test flag v2 is disabled [CONTEXT service_id=469 ]
04-26 19:44:26.953 14925 16651 I NearbyDiscovery: (REDACTED) processGrantSlicePermission: %s
04-26 19:44:26.953 16616 16616 D nativeloader: Configuring clns-9 for other apk /data/app/~~EmLZZ5PyNqNqQ_-VpNabfg==/com.muonline.client-nhVc2Za1In21NsniWqjuZg==/base.apk. target_sdk_version=34, uses_libraries=, library_path=/data/app/~~EmLZZ5PyNqNqQ_-VpNabfg==/com.muonline.client-nhVc2Za1In21NsniWqjuZg==/lib/x86_64:/data/app/~~EmLZZ5PyNqNqQ_-VpNabfg==/com.muonline.client-nhVc2Za1In21NsniWqjuZg==/base.apk!/lib/x86_64, permitted_path=/data:/mnt/expand:/data/user/0/com.muonline.client
04-26 19:44:26.961 16616 16616 V GraphicsEnvironment: Currently set values for:
04-26 19:44:26.961 16616 16616 V GraphicsEnvironment:   angle_gl_driver_selection_pkgs=[]
04-26 19:44:26.961 16616 16616 V GraphicsEnvironment:   angle_gl_driver_selection_values=[]
04-26 19:44:26.961 16616 16616 V GraphicsEnvironment: com.muonline.client is not listed in per-application setting
04-26 19:44:26.961 16616 16616 V GraphicsEnvironment: No special selections for ANGLE, returning default driver choice
04-26 19:44:26.964 16616 16616 V GraphicsEnvironment: Neither updatable production driver nor prerelease driver is supported.
04-26 19:44:26.966   736   835 W InputChannel-JNI: Channel already disposed.
04-26 19:44:26.968  1219  1219 D RecentTasksList: invalidateLoadedTasks - previous requestLoadId: -1
04-26 19:44:26.980  1036  1091 V WindowManagerShell: Playing animation for (#120) android.os.BinderProxy@f6811e@0
04-26 19:44:26.981  1036  1091 D ShellSplitScreen: startAnimation: transition=120 isSplitActive=false
04-26 19:44:26.982  1036  1091 V ShellRecents: RecentsTransitionHandler.startAnimation: no controller found
04-26 19:44:26.982  1036  1091 V ShellDesktopMode: DesktopMixedTransitionHandler: No pending desktop transition
04-26 19:44:26.983  1036  1091 V WindowManagerShell: Transition doesn't have explicit remote, search filters for match for {id=120 t=OPEN f=0x0 trk=0 r=[0@Point(0, 0)] c=[{m=OPEN f=MOVE_TO_TOP leash=Surface(name=Task=109#1215)/@0x2fda6f5 sb=Rect(0, 0 - 1080, 2400) eb=Rect(0, 0 - 1080, 2400) epz=Point(1080, 2400) d=0 endFixedRotation=1 taskParent=-1 winMode=1 userId=0},{m=TO_BACK f=SHOW_WALLPAPER leash=Surface(name=Task=1#34)/@0x55cec8a sb=Rect(0, 0 - 1080, 2400) eb=Rect(0, 0 - 1080, 2400) epz=Point(1080, 2400) d=0 taskParent=-1 winMode=1 userId=0},{m=TO_BACK f=IS_WALLPAPER leash=Surface(name=WallpaperWindowToken{3bea6dd}#54)/@0x55ef2fb sb=Rect(0, 0 - 1080, 2400) eb=Rect(0, 0 - 1080, 2400) epz=Point(1080, 2400) d=0}]}
04-26 19:44:26.983  1036  1091 V WindowManagerShell:  Checking filter Pair{{types=[] flags=0x0 notFlags=0x0 checks=[{atype=undefined independent=true modes=[CLOSE,TO_BACK] flags=IN_TASK_WITH_EMBEDDED_ACTIVITY mustBeTask=false order=ANY topActivity=null launchCookie=null taskFragmentToken=android.os.BinderProxy@e90ae30 windowingMode=undefined isCrossDisplayMove=false}]} RemoteTransition { remoteTransition = android.window.IRemoteTransition$Stub$Proxy@1ccfaa9, appThread = android.app.IApplicationThread$Stub$Proxy@5c682e, debugName = overlayBackTransition, filter = {types=[] flags=0x0 notFlags=0x0 checks=[{atype=undefined independent=true modes=[CLOSE,TO_BACK] flags=IN_TASK_WITH_EMBEDDED_ACTIVITY mustBeTask=false order=ANY topActivity=null launchCookie=null taskFragmentToken=android.os.BinderProxy@e90ae30 windowingMode=undefined isCrossDisplayMove=false}]} }}
04-26 19:44:26.983  1036  1091 V WindowManagerShell:  Checking filter Pair{{types=[] flags=0x0 notFlags=0x0 checks=[{atype=dream independent=true modes=[OPEN,TO_FRONT] flags=NONE mustBeTask=false order=ANY topActivity=null launchCookie=null windowingMode=undefined isCrossDisplayMove=false},{atype=home independent=true modes=[CLOSE,TO_BACK] flags=NONE mustBeTask=false order=ANY topActivity=null launchCookie=null windowingMode=undefined isCrossDisplayMove=false}]} RemoteTransition { remoteTransition = android.window.IRemoteTransition$Stub$Proxy@aa8fcf, appThread = android.app.IApplicationThread$Stub$Proxy@98a7d5c, debugName = LauncherToDream, filter = {types=[] flags=0x0 notFlags=0x0 checks=[{atype=dream independent=true modes=[OPEN,TO_FRONT] flags=NONE mustBeTask=false order=ANY topActivity=null launchCookie=null windowingMode=undefined isCrossDisplayMove=false},{atype=home independent=true modes=[CLOSE,TO_BACK] flags=NONE mustBeTask=false order=ANY topActivity=null launchCookie=null windowingMode=undefined isCrossDisplayMove=false}]} }}
04-26 19:44:26.983  1036  1091 V WindowManagerShell:  Checking filter Pair{{types=[] flags=0x0 notFlags=0x0 checks=[{atype=standard independent=false modes=[CHANGE] flags=NONE mustBeTask=true order=ANY topActivity=null launchCookie=null windowingMode=undefined isCrossDisplayMove=true}]} RemoteTransition { remoteTransition = android.window.IRemoteTransition$Stub$Proxy@3519865, appThread = android.app.IApplicationThread$Stub$Proxy@94ad93a, debugName = QuickstepDisplayMove, filter = {types=[] flags=0x0 notFlags=0x0 checks=[{atype=standard independent=false modes=[CHANGE] flags=NONE mustBeTask=true order=ANY topActivity=null launchCookie=null windowingMode=undefined isCrossDisplayMove=true}]} }}
04-26 19:44:26.984  1036  1091 V WindowManagerShell:  Checking filter Pair{{types=[] flags=0x0 notFlags=0x100 checks=[{atype=home independent=true modes=[OPEN,TO_FRONT] flags=NONE mustBeTask=false order=ANY topActivity=ComponentInfo{com.google.android.apps.nexuslauncher/com.google.android.apps.nexuslauncher.NexusLauncherActivity} launchCookie=null windowingMode=undefined isCrossDisplayMove=false},{atype=standard independent=true modes=[CLOSE,TO_BACK] flags=NONE mustBeTask=false order=ANY topActivity=null launchCookie=null windowingMode=undefined isCrossDisplayMove=false},{NOT atype=undefined independent=true modes=[] flags=NONE mustBeTask=true order=ANY topActivity=null launchCookie=null customAnim=true windowingMode=undefined isCrossDisplayMove=false}]} RemoteTransition { remoteTransition = android.window.IRemoteTransition$Stub$Proxy@fea59eb, appThread = android.app.IApplicationThread$Stub$Proxy@4f01348, debugName = QuickstepLaunchHome, filter = {types=[] flags=0x0 notFlags=0x100 checks=[{atype=home independent=true modes=[OPEN,TO_FRONT] flags=NONE mustBeTask=false order=ANY topActivity=ComponentInfo{com.google.android.apps.nexuslauncher/com.google.android.apps.nexuslauncher.NexusLauncherActivity} launchCookie=null windowingMode=undefined isCrossDisplayMove=false},{atype=standard independent=true modes=[CLOSE,TO_BACK] flags=NONE mustBeTask=false order=ANY topActivity=null launchCookie=null windowingMode=undefined isCrossDisplayMove=false},{NOT atype=undefined independent=true modes=[] flags=NONE mustBeTask=true order=ANY topActivity=null launchCookie=null customAnim=true windowingMode=undefined isCrossDisplayMove=false}]} }}
04-26 19:44:26.984  1036  1091 V WindowManagerShell:  Checking filter Pair{{types=[OPEN,TO_FRONT] flags=0x0 notFlags=0x0 checks=[{atype=standard independent=true modes=[OPEN,TO_FRONT] flags=NONE mustBeTask=true order=ANY topActivity=null launchCookie=null windowingMode=freeform isCrossDisplayMove=false}]} RemoteTransition { remoteTransition = android.window.IRemoteTransition$Stub$Proxy@5987ffe, appThread = null, debugName = DesktopWindowLimitUnminimize, filter = {types=[OPEN,TO_FRONT] flags=0x0 notFlags=0x0 checks=[{atype=standard independent=true modes=[OPEN,TO_FRONT] flags=NONE mustBeTask=true order=ANY topActivity=null launchCookie=null windowingMode=freeform isCrossDisplayMove=false}]} }}
04-26 19:44:26.985  1036  1091 V WindowManagerShell:  Delegate animation for (#120) to null
04-26 19:44:26.985  1036  1091 V WindowManagerShell: start default transition animation, info = {id=120 t=OPEN f=0x0 trk=0 r=[0@Point(0, 0)] c=[{m=OPEN f=MOVE_TO_TOP leash=Surface(name=Task=109#1215)/@0x2fda6f5 sb=Rect(0, 0 - 1080, 2400) eb=Rect(0, 0 - 1080, 2400) epz=Point(1080, 2400) d=0 endFixedRotation=1 taskParent=-1 winMode=1 userId=0},{m=TO_BACK f=SHOW_WALLPAPER leash=Surface(name=Task=1#34)/@0x55cec8a sb=Rect(0, 0 - 1080, 2400) eb=Rect(0, 0 - 1080, 2400) epz=Point(1080, 2400) d=0 taskParent=-1 winMode=1 userId=0},{m=TO_BACK f=IS_WALLPAPER leash=Surface(name=WallpaperWindowToken{3bea6dd}#54)/@0x55ef2fb sb=Rect(0, 0 - 1080, 2400) eb=Rect(0, 0 - 1080, 2400) epz=Point(1080, 2400) d=0}]}
04-26 19:44:26.985  1036  1091 V WindowManagerShell: loadAnimation: anim=android.view.animation.AnimationSet@c0bfad animAttr=0x13 type=OPEN isEntrance=false
04-26 19:44:26.985  1036  1091 V WindowManagerShell: loadAnimation: anim=android.view.animation.AnimationSet@656a9a9 animAttr=0x12 type=OPEN isEntrance=true
04-26 19:44:26.987  1036  1091 V WindowManagerShell:  animated by com.android.wm.shell.transition.DefaultTransitionHandler@11f9e32
04-26 19:44:26.987  1036  1091 V ShellTaskOrganizer: Task appeared taskId=109 listener=FullscreenTaskListener
04-26 19:44:26.987  1036  1091 V ShellTaskOrganizer: Fullscreen Task Appeared: #109
04-26 19:44:26.989  1036  1091 V RecentTasksController: Notify recent tasks changed
04-26 19:44:26.993  1219  1219 D RecentTasksList: invalidateLoadedTasks - previous requestLoadId: -1
04-26 19:44:27.003 14925 16648 W SQLiteLog: (28) double-quoted string literal: "com.muonline.client"
04-26 19:44:27.013   736  1602 W ActivityManager: Skipping manifest association check for null package. SourceUid: 10214, SourcePkg: null, TargetUid: 10214, TargetPkg: com.google.android.gms
04-26 19:44:27.027  4164  4164 I Finsky  : [2] Memory trim requested to level 40
04-26 19:44:27.027  4164  4164 I Finsky  : [2] Flushing in-memory image cache
04-26 19:44:27.030 16616 16657 I DisplayManager: Choreographer implicitly registered for the refresh rate.
04-26 19:44:27.063   566   616 W skia    : AGTM parsing failed flags.readFromStream(s) at 159
04-26 19:44:27.063   566   616 W skia    : AGTM parsing failed flags.readFromStream(s) at 159
04-26 19:44:27.067 14925 14976 I Icing   : IndexChimeraService.getServiceInterface callingPackage=com.google.android.gms componentName=AppsCorpus serviceId=36
04-26 19:44:27.078 14925 14925 D BoundBrokerSvc: onBind: Intent { act=com.google.android.gms.feedback.internal.IFeedbackService dat=chimera-action:/... xflg=0x4 cmp=com.google.android.gms/.chimera.GmsBoundBrokerService }
04-26 19:44:27.078 14925 14925 D BoundBrokerSvc: Loading bound service for intent: Intent { act=com.google.android.gms.feedback.internal.IFeedbackService dat=chimera-action:/... xflg=0x4 cmp=com.google.android.gms/.chimera.GmsBoundBrokerService }
04-26 19:44:27.079 16616 16616 D DesktopExperienceFlags: Toggle override initialized to: false
04-26 19:44:27.079 16616 16616 D DesktopModeFlags: Toggle override initialized to: OVERRIDE_UNSET
04-26 19:44:27.083 16616 16657 I GFXSTREAM: [eglDisplay.cpp(297)] Opening libGLESv1_CM_emulation.so
04-26 19:44:27.083 16616 16657 I GFXSTREAM: [eglDisplay.cpp(297)] Opening libGLESv2_emulation.so
04-26 19:44:27.112 16616 16657 W HWUI    : Failed to choose config with EGL_SWAP_BEHAVIOR_PRESERVED, retrying without...
04-26 19:44:27.113 16616 16657 W HWUI    : Failed to initialize 101010-2 format, error = EGL_SUCCESS
04-26 19:44:27.144 16616 16616 W HWUI    : Unknown dataspace 0
04-26 19:44:27.156 14925 14992 I Icing   : IndexChimeraService.getServiceInterface callingPackage=com.google.android.gms componentName=null serviceId=30
04-26 19:44:27.161   736   752 E AppOps  : attributionTag VCN not declared in manifest of android
04-26 19:44:27.165   566   616 W skia    : AGTM parsing failed flags.readFromStream(s) at 159
04-26 19:44:27.166   566   616 W skia    : AGTM parsing failed flags.readFromStream(s) at 159
04-26 19:44:27.166 16616 16616 D InsetsController: Setting requestedVisibleTypes to 496 (was 503)
04-26 19:44:27.170   736  1620 W InputChannel-JNI: Channel already disposed.
04-26 19:44:27.179 16616 16616 D VRI[PreloadActivity]: WindowInsets changed: 2268x1080 statusBars:[0,74,0,0] navigationBars:[0,0,0,63] mandatorySystemGestures:[0,74,0,84] 
04-26 19:44:27.179 16616 16616 D WindowOnBackDispatcher: setTopOnBackInvokedCallback (unwrapped): android.view.ViewRootImpl$$ExternalSyntheticLambda13@7a716e3
04-26 19:44:27.179 16616 16616 I HWUI    : Using FreeType backend (prop=Auto)
04-26 19:44:27.179   736  1620 D CoreBackPreview: Window{60c1885 u0 com.muonline.client/com.muonline.client.PreloadActivity}: Setting back callback OnBackInvokedCallbackInfo{mCallback=android.window.IOnBackInvokedCallback$Stub$Proxy@88429e8, mPriority=0, mIsAnimationCallback=false, mOverrideBehavior=0}
04-26 19:44:27.189 14925 15755 I Icing   : Usage reports ok 1, Failed Usage reports 0, indexed 0, rejected 0
04-26 19:44:27.190   736   835 D WindowManager: setClientSurface Surface(name=VRI-com.muonline.client/com.muonline.client.PreloadActivity#1228)/@0x816d6a6 for 60c1885 com.muonline.client/com.muonline.client.PreloadActivity
04-26 19:44:27.198 16616 16616 I Surface : Creating surface for consumer unnamed-16616-0 with slotExpansion=1 for 64 slots
04-26 19:44:27.203 16616 16616 I Surface : Creating surface for consumer VRI[PreloadActivity]#0(BLAST Consumer)0 with slotExpansion=1 for 64 slots
04-26 19:44:27.205 16616 16616 D VRI[PreloadActivity]: WindowInsets changed: statusBars:null navigationBars:null 
04-26 19:44:27.215   566   996 I libbinder.BpBinder: onLastStrongRef automatically unlinking death recipients for binder (0x7eaa3605e8e0) with descriptor: '(not cached)'
04-26 19:44:27.302  1036  1091 V WindowManagerShell: Transition animation finished (aborted=false), notifying core (#120) android.os.BinderProxy@f6811e@0
04-26 19:44:27.310   736   759 V WindowManager: Finish Transition (#120): created at 04-26 19:44:26.704 collect-started=0.035ms request-sent=20.497ms started=27.72ms ready=190.23ms sent=193.051ms commit=106.309ms finished=603.768ms
04-26 19:44:27.312 14925 15755 I Icing   : Usage reports ok 1, Failed Usage reports 0, indexed 0, rejected 0
04-26 19:44:27.313   736  1827 I WindowManager: Display id=0 rotation changed to 1 from 0, lastOrientation=0 userRotationMode=0 userRotation=0 lastSensorRotation=1
04-26 19:44:27.313  1219  1219 D VRI[NexusLauncherActivity]: visibilityChanged oldVisibility=true newVisibility=false
04-26 19:44:27.313  1036  1344 D WallpaperService: onVisibilityChanged(false): com.android.systemui.wallpapers.ImageWallpaper$CanvasEngine@85e2344
04-26 19:44:27.315  1036  1091 V WindowManagerShell: Track 0 became idle
04-26 19:44:27.315  1036  1091 V WindowManagerShell: All active transition animations finished
04-26 19:44:27.315  1036  1091 V WindowManagerShell: Transition requested (#121): android.os.BinderProxy@a5d7e48 TransitionRequestInfo { type = CHANGE, triggerTask = null, pipChange = null, remoteTransitionInfo = null, displayChange = DisplayChange { displayId = 0, startAbsBounds = null, endAbsBounds = null, startRotation = 0, endRotation = 1, physicalDisplayChanged = false, disconnectReparentDisplay = -1, endInsetsState = null }, requestedLocation = null, userChange = null, windowingLayerChange = null, fullscreenRequestChange = null, flags = 0, debugId = 121 }
04-26 19:44:27.316  1036  1091 V ShellDesktopMode: DisconnectHandler: handleRequest: no reparent display; returning
04-26 19:44:27.316  1036  1091 V ShellDesktopMode: DesktopTasksController: skipping handleRequest reason=triggerTask is null
04-26 19:44:27.319  1219  1219 D SmartspaceInteractor: notifySmartspaceEvent: SmartspaceTargetEvent{mSmartspaceTarget=null, mSmartspaceActionId='null', mEventType=7}
04-26 19:44:27.328  1036  1091 D Bubbles : BubbleData.onLocusVisibilityChanged() locusId=Overview|DISABLED visible=false taskId=1
04-26 19:44:27.329   736   762 I DisplayTopology: Display with ID 0 updated, new logical width: 2400, new logicalHeight: 1080, new density: 420
04-26 19:44:27.329   736   791 D BrightnessThermalClamper: Thermal status observer already started
04-26 19:44:27.332   736   762 I ActivityTaskManager: Config changes=20000480 {1.0 310mcc260mnc [en_US] ldltr sw411dp w914dp h411dp 420dpi nrml long compactNeeded land finger qwerty/v/v dpad/v winConfig={ mBounds=Rect(0, 0 - 2400, 1080) mAppBounds=Rect(0, 0 - 2400, 1080) mMaxBounds=Rect(0, 0 - 2400, 1080) mDisplayRotation=ROTATION_90 mWindowingMode=fullscreen mActivityType=undefined mAlwaysOnTop=undefined mRotation=ROTATION_90} as.3 s.1188 fontWeightAdjustment=0}
04-26 19:44:27.347   736   762 I WindowManager: Override config changes=20000480 {1.0 310mcc260mnc [en_US] ldltr sw411dp w914dp h411dp 420dpi nrml long compactNeeded land finger qwerty/v/v dpad/v winConfig={ mBounds=Rect(0, 0 - 2400, 1080) mAppBounds=Rect(0, 0 - 2400, 1080) mMaxBounds=Rect(0, 0 - 2400, 1080) mDisplayRotation=ROTATION_90 mWindowingMode=fullscreen mActivityType=undefined mAlwaysOnTop=undefined mRotation=ROTATION_90} as.3 s.1188 fontWeightAdjustment=0} for displayId=0
04-26 19:44:27.348   736   762 W TransitionChain: Combining dispOverCfg into #121(CHANGE|R|0x0) from updateRot
04-26 19:44:27.351   736   762 W PackageConfigPersister: App-specific configuration not found for packageName: com.google.android.apps.nexuslauncher and userId: 0
04-26 19:44:27.355  1036  1091 V ShellDesktopMode: DesktopDisplayEventHandler: displayAreaChanged in displayId=0, keyguardLocked=false
04-26 19:44:27.356  1036  1091 V ShellDesktopMode: DesktopDisplayEventHandler: handlePotentialReconnect: default display; aborting.
04-26 19:44:27.356  1036  1091 V ShellDesktopMode: DesktopDisplayEventHandler: createDefaultDesksIfNeeded displays=[0] userId=null
04-26 19:44:27.357   736   759 I ActivityTaskManager: Displayed com.muonline.client/.PreloadActivity for user 0: +658ms
04-26 19:44:27.357  1036  1091 V ShellDragAndDrop: Display changed: 0
04-26 19:44:27.358  1036  1091 V ShellDesktopMode: DesktopDisplayEventHandler: shouldCreateOrWarmUpDesk skipping displayId=0 reason: desktop ineligible
04-26 19:44:27.359 16616 16660 I MuPreload: Check data root: /storage/emulated/0/Android/data/com.muonline.client/files existingDataDir=/storage/emulated/0/Android/data/com.muonline.client/files/Data usable=true marker=true
04-26 19:44:27.360  1036  1091 D ShellSplitScreen: onTaskInfoChanged: taskId=5 taskAct=null stageId=MAIN displayId=0
04-26 19:44:27.360  4105  4105 I AppBase : AppBase.onConfigurationChanged():294 onConfigurationChanged() : NewConfig = {1.0 310mcc260mnc [en_US] ldltr sw411dp w914dp h411dp 420dpi nrml long compactNeeded land finger qwerty/v/v dpad/v winConfig={ mBounds=Rect(0, 0 - 2400, 1080) mAppBounds=Rect(0, 0 - 2400, 1080) mMaxBounds=Rect(0, 0 - 2400, 1080) mDisplayRotation=ROTATION_90 mWindowingMode=fullscreen mActivityType=undefined mAlwaysOnTop=undefined mRotation=ROTATION_90} as.3 s.1210 fontWeightAdjustment=0}
04-26 19:44:27.360  1036  1036 I NoBackGesture: Config changed: newConfig={1.0 310mcc260mnc [en_US] ldltr sw411dp w914dp h411dp 420dpi nrml long compactNeeded land finger qwerty/v/v dpad/v winConfig={ mBounds=Rect(0, 0 - 2400, 1080) mAppBounds=Rect(0, 0 - 2400, 1080) mMaxBounds=Rect(0, 0 - 2400, 1080) mDisplayRotation=ROTATION_90 mWindowingMode=fullscreen mActivityType=undefined mAlwaysOnTop=undefined mRotation=ROTATION_90} as.3 s.1227 fontWeightAdjustment=0} lastReportedConfig={1.0 310mcc260mnc [en_US] ldltr sw411dp w411dp h914dp 420dpi nrml long compactNeeded port finger qwerty/v/v dpad/v winConfig={ mBounds=Rect(0, 0 - 1080, 2400) mAppBounds=Rect(0, 0 - 1080, 2400) mMaxBounds=Rect(0, 0 - 1080, 2400) mDisplayRotation=ROTATION_0 mWindowingMode=fullscreen mActivityType=undefined mAlwaysOnTop=undefined mRotation=ROTATION_0} as.3 s.1183 fontWeightAdjustment=0}
04-26 19:44:27.360  1036  1036 I NoBackGesture: NavbarController: newConfig={1.0 310mcc260mnc [en_US] ldltr sw411dp w914dp h411dp 420dpi nrml long compactNeeded land finger qwerty/v/v dpad/v winConfig={ mBounds=Rect(0, 0 - 2400, 1080) mAppBounds=Rect(0, 0 - 2400, 1080) mMaxBounds=Rect(0, 0 - 2400, 1080) mDisplayRotation=ROTATION_90 mWindowingMode=fullscreen mActivityType=undefined mAlwaysOnTop=undefined mRotation=ROTATION_90} as.3 s.1227 fontWeightAdjustment=0} mTaskbarDelegate initialized=true willApplyConfigToNavbars=false navBarCount=0
04-26 19:44:27.361  4105  4105 I GoogleInputMethodService: GoogleInputMethodService.onConfigurationChanged():1078 onConfigurationChanged() : NewConfig = {1.0 310mcc260mnc [en_US] ldltr sw411dp w914dp h411dp 420dpi nrml long compactNeeded land finger qwerty/v/v dpad/v winConfig={ mBounds=Rect(0, 0 - 2400, 1080) mAppBounds=Rect(0, 0 - 2400, 1080) mMaxBounds=Rect(0, 0 - 2400, 1080) mDisplayRotation=ROTATION_90 mWindowingMode=fullscreen mActivityType=undefined mAlwaysOnTop=undefined mRotation=ROTATION_90} as.3 s.1188 fontWeightAdjustment=0}
04-26 19:44:27.361  4105  4105 I GoogleInputMethodService: GoogleInputMethodService.onConfigurationChanged():1079 device real metrics: DisplayMetrics{density=2.625, width=2400, height=1080, scaledDensity=2.625, xdpi=420.0, ydpi=420.0}
04-26 19:44:27.361  4105  4105 I GoogleInputMethodService: GoogleInputMethodService.onConfigurationChanged():1087 Maybe update OEM display config because of configuration change
04-26 19:44:27.361  4105  4105 I InputMethodEntryManager: InputMethodEntryManager.notifyCurrentInputMethodEntryOnContextChanged():560 notifyCurrentInputMethodEntryOnContextChanged()
04-26 19:44:27.361  4105  4105 I InputMethodEntryManager: InputMethodEntryManager.notifyCurrentInputMethodEntryOnContextChanged():581 Notify current input method entry changed on context change
04-26 19:44:27.362  4105  4105 I SystemSubtypesReportModule: SystemSubtypesReportModule$2.onCurrentInputMethodEntryChanged():153 entry: en-US, source: UNSPECIFIED
04-26 19:44:27.365  1036  1036 D ShadeStateTraceLogger: New configuration change from Shade window. smallestScreenWidthDp: 411, densityDpi: 420
04-26 19:44:27.365  1036  1036 D ShadeStateTraceLogger: New shadeHeaderHeight: 0, displayId: 0
04-26 19:44:27.365  4105  4105 I KeyboardContextProvider: KeyboardContextProvider$KeyboardContextCache.createKeyboardContext():173 createKeyboardContext(): en-US, lpz@27708e5(com.android.inputmethod.latin.LatinIME@3ee55f2), {1.0 310mcc260mnc [en_US] ldltr sw411dp w914dp h411dp 420dpi nrml long compactNeeded land finger qwerty/v/v dpad/v winConfig={ mBounds=Rect(0, 0 - 2400, 1080) mAppBounds=Rect(0, 0 - 2400, 1080) mMaxBounds=Rect(0, 0 - 2400, 1080) mDisplayRotation=ROTATION_90 mWindowingMode=fullscreen mActivityType=undefined mAlwaysOnTop=undefined mRotation=ROTATION_90} as.3 s.1097 fontWeightAdjustment=0}
04-26 19:44:27.365  4105  4105 I GoogleInputMethodService: GoogleInputMethodService.onCurrentInputMethodEntryChanged():2375 onCurrentInputMethodEntryChanged(): imeDefsChanged=false, entryLanguageVariantChanged=false, keyboardContextChanged=true
04-26 19:44:27.367  4105  4105 I KeyboardContextProvider: KeyboardContextProvider.setBaseContextAndInvalidKeyboardContextCache():88 setBaseContextAndInvalidKeyboardContextCache(): com.android.inputmethod.latin.LatinIME@3ee55f2
04-26 19:44:27.367  4105  4105 I InputMethodEntryManager: InputMethodEntryManager.resetLanguages():2825 resetLanguages(): languages=null, conditionName=orientation
04-26 19:44:27.370  4105  4105 I ImeDefCache: ImeDefCache.clearCacheForLanguages():392 clearCacheForLanguages(): []
04-26 19:44:27.370  4105  4105 I AdditionalImeDefCache: AdditionalImeDefCache.clearAdditionalImeDefsForCondition():421 clearAdditionalImeDefsForCondition() clear additional ImeDefs: []
04-26 19:44:27.370  4105  4105 I InputMethodEntryManager: InputMethodEntryManager.resetLanguages():2836 Clear cache for languages: null, changed=false
04-26 19:44:27.370  4105  4105 I InputMethodEntryManager: InputMethodEntryManager.startLoadingInputMethodEntrySettings():755 Start loading input method entry settings: [LanguageTagVariantTuple{languageTag=en-US, variant=qwerty}]
04-26 19:44:27.370  4105  4105 I InputMethodEntryManager: InputMethodEntryManager.updateInputMethodEntrySettingsLoadingTask():885 update loading task with resetImplicitlyEnabledEntries is false
04-26 19:44:27.371  4105  4105 I InputMethodEntryManager: InputMethodEntryManager$4.onSuccess():907 Success load entries: [LanguageTagVariantTuple{languageTag=en-US, variant=qwerty}], resetImplicitlyEnabledEntries=false, initialized=true
04-26 19:44:27.376  4105  4150 I SP      : Registering emoticon_content_description.2022081613, url: https://www.gstatic.com/android/keyboard/emoticon_content_desc/202208161305/superpacks_manifest.json, constraints: W:*:*:*, flags: bg, requested: 2022081613, current: 2022081613
04-26 19:44:27.378   736   759 V WindowManager: Sent Transition (#121) createdAt=04-26 19:44:27.313 via request=TransitionRequestInfo { type = CHANGE, triggerTask = null, pipChange = null, remoteTransitionInfo = null, displayChange = DisplayChange { displayId = 0, startAbsBounds = null, endAbsBounds = null, startRotation = 0, endRotation = 1, physicalDisplayChanged = false, disconnectReparentDisplay = -1, endInsetsState = null }, requestedLocation = null, userChange = null, windowingLayerChange = null, fullscreenRequestChange = null, flags = 0, debugId = 121 }
04-26 19:44:27.378   736   759 V WindowManager:     startWCT=WindowContainerTransaction { changes= {} hops= [] flags= 0 errorCallbackToken=null taskFragmentOrganizer=null }
04-26 19:44:27.378   736   759 V WindowManager:     info={id=121 t=CHANGE f=0x0 trk=0 r=[0@Point(0, 0)] c=[
04-26 19:44:27.378   736   759 V WindowManager:         {WCT{RemoteToken{da942d3 Task{4fa239e #109 type=standard A=10230:com.muonline.client}}} m=CHANGE f=NONE p=WCT{RemoteToken{c11d292 DefaultTaskDisplayArea@125646128}} leash=Surface(name=Task=109#1215)/@0x9771b36 sb=Rect(0, 0 - 1080, 2400) eb=Rect(0, 0 - 2400, 1080) epz=Point(2400, 1080) d=0 r=0->1:0 taskParent=-1 winMode=1 userId=0},
04-26 19:44:27.378   736   759 V WindowManager:         {WCT{RemoteToken{c11d292 DefaultTaskDisplayArea@125646128}} m=CHANGE f=FLAG_IS_TASK_DISPLAY_AREA p=WCT{RemoteToken{5194fac AppZoomOut:2:14@13750468}} leash=Surface(name=DefaultTaskDisplayArea#9)/@0x7ec752e sb=Rect(0, 0 - 1080, 2400) eb=Rect(0, 0 - 2400, 1080) epz=Point(2400, 1080) d=0 r=0->1:-1},
04-26 19:44:27.378   736   759 V WindowManager:         {WCT{RemoteToken{5194fac AppZoomOut:2:14@13750468}} m=CHANGE f=NONE p=WCT{RemoteToken{d158475 WindowedMagnification:0:31@119458816}} leash=Surface(name=AppZoomOut:2:14#8)/@0x8565169 sb=Rect(0, 0 - 1080, 2400) eb=Rect(0, 0 - 2400, 1080) epz=Point(2400, 1080) d=0 r=0->1:-1},
04-26 19:44:27.378   736   759 V WindowManager:         {WCT{RemoteToken{d158475 WindowedMagnification:0:31@119458816}} m=CHANGE f=NONE p=WCT{RemoteToken{f199 Display{#0 state=ON size=2400x1080 ROTATION_90}}} leash=Surface(name=WindowedMagnification:0:31#3)/@0x62e2663 sb=Rect(0, 0 - 1080, 2400) eb=Rect(0, 0 - 2400, 1080) epz=Point(2400, 1080) d=0 r=0->1:-1},
04-26 19:44:27.378   736   759 V WindowManager:         {WCT{RemoteToken{f199 Display{#0 state=ON size=2400x1080 ROTATION_90}}} m=CHANGE f=IS_DISPLAY leash=Surface(name=WindowedMagnification:0:31#3)/@0x62e2663 sb=Rect(0, 0 - 1080, 2400) eb=Rect(0, 0 - 2400, 1080) epz=Point(2400, 1080) d=0 r=0->1:3}
04-26 19:44:27.378   736   759 V WindowManager:     ]}
04-26 19:44:27.378  1219  1219 D PerDisplayTaskbarResource: onConfigurationChanged: {1.0 310mcc260mnc [en_US] ldltr sw411dp w914dp h411dp 420dpi nrml long compactNeeded land finger qwerty/v/v dpad/v winConfig={ mBounds=Rect(0, 0 - 2400, 1080) mAppBounds=Rect(0, 0 - 2400, 1080) mMaxBounds=Rect(0, 0 - 2400, 1080) mDisplayRotation=ROTATION_90 mWindowingMode=fullscreen mActivityType=undefined mAlwaysOnTop=undefined mRotation=ROTATION_90} as.3 s.1188 fontWeightAdjustment=0} displayId=0
04-26 19:44:27.378  1219  1219 D PerDisplayTaskbarResource: onConfigurationChanged: | configDiff={} displayId=0
04-26 19:44:27.378  1219  1219 D PerDisplayTaskbarResource: onConfigurationChanged: isTaskbarEnabled()=True displayId=0
04-26 19:44:27.378  1219  1219 D PerDisplayTaskbarResource: onConfigurationChanged: call recreateTaskbars displayId=0
04-26 19:44:27.379  1219  1219 D PerDisplayTaskbarResource: recreateTaskbarForDisplay displayId=0
04-26 19:44:27.379  1219  1219 D PerDisplayTaskbarResource: recreateTaskbarForDisplay: getting device profile displayId=0
04-26 19:44:27.379  1219  1219 D PerDisplayTaskbarResource: recreateTaskbarForDisplay: destroying taskbar displayId=0
04-26 19:44:27.379  1219  1219 D PerDisplayTaskbarResource: destroyTaskbarForDisplay displayId=0
04-26 19:44:27.379  4105  4105 I InputMethodEntryManager: InputMethodEntryManager.changeCurrentInputMethodEntry():3048 Set current input method entry: source=UNSPECIFIED, entryChanged=false, enablePersist=true, mua{languageTag=en-US, variant=qwerty, hasLocalizedResources=true, conditionCacheKey=_android_software_xr_api_spatial=false_app_first_start_timestamp=1776337405505_cache_additional_ime_defs_for_condition_change=false_cache_ime_defs_for_condition_change=false_deprecate_long_press_space_for_ime_picker=false_device=phone_device_size=default_enable_more_candidates_view_for_multilingual=false_enable_number_row=false_enable_number_row_in_password=true_enable_pk_simulator=false_enable_pk_simulator_setting=false_enable_preemptive_decode=true_enable_scrub_move=true_enable_secondary_digits=true_enable_secondary_symbols=false_expressions=normal_four_or_more_letter_rows=false_free_cursor=false_free_cursor_spacebar_popup=false_keyboard_font_size_setting=_keyboard_mode=normal_language=en-US_layout_9key_split=false_orientation=landscape_physical_keyboard=qwerty_pk_simulator_vk_ready=false_pref_enable_flick_symbols=false_rtl_layout=false_show_comma_key=true_show_period_key=true_show_secondary_digits=true_show_suggestion_strip=true_show_suggestions=true_split_with_duplicate_keys=true_true=true_variant=qwerty_writing_helper_enable_by_word_revert=false, imeDef.stringId=ime_english_united_states, imeDef.className=com.google.android.apps.inputmethod.libs.latin5.LatinIme, imeDef.languageTag=en-US}
