--------- beginning of main
04-26 23:09:32.403  4276  4276 I Finsky:background: [2] ajje - Deduping intent android.intent.action.PACKAGE_ADDED
04-26 23:09:32.408  4276  4309 I Finsky:background: [50] IQ:PSL: skipping onPackageRemoved(replacing=true) for untracked package=com.muonline.client
04-26 23:09:32.414  3743 26026 I AiAiEcho: AppIndexer Package:[com.muonline.client] UserProfile:[0] Enabled:[true].
04-26 23:09:32.415  3743 26026 I AiAiEcho: AppFetcherImplV2 updateApps package:[com.muonline.client], userId:[0], reason:[package is updated.].
04-26 23:09:32.416  4164 26021 I Finsky  : [587] SCH: Received scheduling request: Id: 12-1, Constraints: [{ L: 15000, D: 86400000, C: CHARGING_NONE, I: IDLE_NONE, N: NET_ANY, B: BATTERY_ANY }]
04-26 23:09:32.421   736   736 D AppSearchAppsIndexerManagerS: userid in package receiver: 10230
04-26 23:09:32.421   736  5314 I Role    : com.google.android.gms not qualified for android.app.role.SYSTEM_DEPENDENCY_INSTALLER due to missing RequiredComponent{mFlags='0', mIntentFilterData=IntentFilterData{mAction='android.content.pm.action.INSTALL_DEPENDENCY', mCategories='[]', mDataScheme='null', mDataType='null'}, mMetaData=[], mPermission='android.permission.BIND_DEPENDENCY_INSTALLER', mQueryFlags=0} Requirement{mFeatureFlag=null, mMinTargetSdkVersion=1}
04-26 23:09:32.421   736  5314 E RoleControllerServiceImpl: Default/fallback role holder package doesn't qualify for the role, package: com.google.android.gms, role: android.app.role.SYSTEM_DEPENDENCY_INSTALLER, user: 0
04-26 23:09:32.424  1219  1270 W LauncherActivityCachingLogic: loadIcon: Default app icon returned from PackageManager. component=ComponentInfo{com.muonline.client/com.muonline.client.PreloadActivity}, user=UserHandle{0}
04-26 23:09:32.424  1219  1270 W LauncherActivityCachingLogic: java.lang.Exception
04-26 23:09:32.424  1219  1270 W LauncherActivityCachingLogic: 	at com.android.launcher3.icons.cache.LauncherActivityCachingLogic.loadIcon(go/retraceme 7226a759aa2bb3787a79806f85d80eaad84f1f1e15acd6db988f2df789d1680d:62)
04-26 23:09:32.424  1219  1270 W LauncherActivityCachingLogic: 	at com.android.launcher3.icons.cache.BaseIconCache.addIconToDBAndMemCache(go/retraceme 7226a759aa2bb3787a79806f85d80eaad84f1f1e15acd6db988f2df789d1680d:22)
04-26 23:09:32.424  1219  1270 W LauncherActivityCachingLogic: 	at com.android.launcher3.model.tasks.PackageUpdatedTask.execute(go/retraceme 7226a759aa2bb3787a79806f85d80eaad84f1f1e15acd6db988f2df789d1680d:177)
04-26 23:09:32.424  1219  1270 W LauncherActivityCachingLogic: 	at com.android.launcher3.LauncherModel$enqueueModelUpdateTask$1.run(go/retraceme 7226a759aa2bb3787a79806f85d80eaad84f1f1e15acd6db988f2df789d1680d:27)
04-26 23:09:32.424  1219  1270 W LauncherActivityCachingLogic: 	at com.android.launcher3.util.LooperExecutor.execute(go/retraceme 7226a759aa2bb3787a79806f85d80eaad84f1f1e15acd6db988f2df789d1680d:16)
04-26 23:09:32.424  1219  1270 W LauncherActivityCachingLogic: 	at com.android.launcher3.LauncherModel.enqueueModelUpdateTask(go/retraceme 7226a759aa2bb3787a79806f85d80eaad84f1f1e15acd6db988f2df789d1680d:19)
04-26 23:09:32.424  1219  1270 W LauncherActivityCachingLogic: 	at com.android.launcher3.LauncherModel$newModelCallbacks$1.accept(go/retraceme 7226a759aa2bb3787a79806f85d80eaad84f1f1e15acd6db988f2df789d1680d:4)
04-26 23:09:32.424  1219  1270 W LauncherActivityCachingLogic: 	at com.android.launcher3.model.ModelLauncherCallbacks.onPackageChanged(go/retraceme 7226a759aa2bb3787a79806f85d80eaad84f1f1e15acd6db988f2df789d1680d:12)
04-26 23:09:32.424  1219  1270 W LauncherActivityCachingLogic: 	at android.content.pm.LauncherApps$CallbackMessageHandler.handleMessage(LauncherApps.java:2329)
04-26 23:09:32.424  1219  1270 W LauncherActivityCachingLogic: 	at android.os.Handler.dispatchMessageImpl(Handler.java:142)
04-26 23:09:32.424  1219  1270 W LauncherActivityCachingLogic: 	at android.os.Handler.dispatchMessage(Handler.java:125)
04-26 23:09:32.424  1219  1270 W LauncherActivityCachingLogic: 	at android.os.Looper.loopOnce(Looper.java:292)
04-26 23:09:32.424  1219  1270 W LauncherActivityCachingLogic: 	at android.os.Looper.loop(Looper.java:393)
04-26 23:09:32.424  1219  1270 W LauncherActivityCachingLogic: 	at android.os.HandlerThread.run(HandlerThread.java:139)
04-26 23:09:32.430  1219  1270 W LauncherActivityCachingLogic: loadIcon: Default app icon returned from PackageManager. component=ComponentInfo{com.muonline.client/com.muonline.client.PreloadActivity}, user=UserHandle{0}
04-26 23:09:32.430  1219  1270 W LauncherActivityCachingLogic: java.lang.Exception
04-26 23:09:32.430  1219  1270 W LauncherActivityCachingLogic: 	at com.android.launcher3.icons.cache.LauncherActivityCachingLogic.loadIcon(go/retraceme 7226a759aa2bb3787a79806f85d80eaad84f1f1e15acd6db988f2df789d1680d:62)
04-26 23:09:32.430  1219  1270 W LauncherActivityCachingLogic: 	at com.android.launcher3.icons.cache.BaseIconCache.loadFallbackIcon(go/retraceme 7226a759aa2bb3787a79806f85d80eaad84f1f1e15acd6db988f2df789d1680d:8)
04-26 23:09:32.430  1219  1270 W LauncherActivityCachingLogic: 	at com.android.launcher3.icons.cache.BaseIconCache.cacheLocked(go/retraceme 7226a759aa2bb3787a79806f85d80eaad84f1f1e15acd6db988f2df789d1680d:99)
04-26 23:09:32.430  1219  1270 W LauncherActivityCachingLogic: 	at com.android.launcher3.icons.IconCache.getTitleAndIcon(go/retraceme 7226a759aa2bb3787a79806f85d80eaad84f1f1e15acd6db988f2df789d1680d:233)
04-26 23:09:32.430  1219  1270 W LauncherActivityCachingLogic: 	at com.android.launcher3.icons.IconCache.getTitleAndIcon(go/retraceme 7226a759aa2bb3787a79806f85d80eaad84f1f1e15acd6db988f2df789d1680d:230)
04-26 23:09:32.430  1219  1270 W LauncherActivityCachingLogic: 	at com.android.launcher3.model.tasks.PackageUpdatedTask.execute(go/retraceme 7226a759aa2bb3787a79806f85d80eaad84f1f1e15acd6db988f2df789d1680d:371)
04-26 23:09:32.430  1219  1270 W LauncherActivityCachingLogic: 	at com.android.launcher3.LauncherModel$enqueueModelUpdateTask$1.run(go/retraceme 7226a759aa2bb3787a79806f85d80eaad84f1f1e15acd6db988f2df789d1680d:27)
04-26 23:09:32.430  1219  1270 W LauncherActivityCachingLogic: 	at com.android.launcher3.util.LooperExecutor.execute(go/retraceme 7226a759aa2bb3787a79806f85d80eaad84f1f1e15acd6db988f2df789d1680d:16)
04-26 23:09:32.430  1219  1270 W LauncherActivityCachingLogic: 	at com.android.launcher3.LauncherModel.enqueueModelUpdateTask(go/retraceme 7226a759aa2bb3787a79806f85d80eaad84f1f1e15acd6db988f2df789d1680d:19)
04-26 23:09:32.430  1219  1270 W LauncherActivityCachingLogic: 	at com.android.launcher3.LauncherModel$newModelCallbacks$1.accept(go/retraceme 7226a759aa2bb3787a79806f85d80eaad84f1f1e15acd6db988f2df789d1680d:4)
04-26 23:09:32.430  1219  1270 W LauncherActivityCachingLogic: 	at com.android.launcher3.model.ModelLauncherCallbacks.onPackageChanged(go/retraceme 7226a759aa2bb3787a79806f85d80eaad84f1f1e15acd6db988f2df789d1680d:12)
04-26 23:09:32.430  1219  1270 W LauncherActivityCachingLogic: 	at android.content.pm.LauncherApps$CallbackMessageHandler.handleMessage(LauncherApps.java:2329)
04-26 23:09:32.430  1219  1270 W LauncherActivityCachingLogic: 	at android.os.Handler.dispatchMessageImpl(Handler.java:142)
04-26 23:09:32.430  1219  1270 W LauncherActivityCachingLogic: 	at android.os.Handler.dispatchMessage(Handler.java:125)
04-26 23:09:32.430  1219  1270 W LauncherActivityCachingLogic: 	at android.os.Looper.loopOnce(Looper.java:292)
04-26 23:09:32.430  1219  1270 W LauncherActivityCachingLogic: 	at android.os.Looper.loop(Looper.java:393)
04-26 23:09:32.430  1219  1270 W LauncherActivityCachingLogic: 	at android.os.HandlerThread.run(HandlerThread.java:139)
04-26 23:09:32.431  1219  1270 D AlphabeticIndexCompat: computeSectionName: cs: MU Online sectionName: M
04-26 23:09:32.431  4164  4164 I Finsky  : [2] ajjp - Received: android.intent.action.PACKAGE_ADDED, [n076RJLEETmEZ61FBJHrGFwh-0szukPG_iaeB-mhrwQ]
04-26 23:09:32.432  1219  1219 D AllAppsStore: setApps: apps.length=21
04-26 23:09:32.433  1219  1219 D AllAppsStore: notifyUpdate: notifying listeners
04-26 23:09:32.433  1219  1219 D ActivityAllAppsContainerView: onAppsUpdated; number of apps: 21
04-26 23:09:32.433  1219  1219 D ActivityAllAppsContainerView: rebindAdapters: force: false
--------- beginning of system
04-26 23:09:32.433   736   736 V AccessibilityUserState: updateShortcutTargets: type:accessibility_shortcut_target_service, current:{}, new:{}
04-26 23:09:32.433   736   736 V AccessibilityUserState: updateShortcutTargets: type:accessibility_button_targets, current:{}, new:{}
04-26 23:09:32.433  1219  1219 D ActivityAllAppsContainerView: rebindAdapters: Not needed.
04-26 23:09:32.433  1219  1219 D StatsLog: LAUNCHER_ALLAPPS_COUNT
04-26 23:09:32.433   736   736 V AccessibilityUserState: updateShortcutTargets: type:accessibility_gesture_targets, current:{}, new:{}
04-26 23:09:32.433  1219  1219 D AlphabeticalAppsList: Clearing FastScrollerSections.
04-26 23:09:32.433   736   736 V AccessibilityUserState: updateShortcutTargets: type:accessibility_qs_targets, current:{}, new:{}
04-26 23:09:32.433  1219  1219 D AlphabeticalAppsList: Adding apps with sections. HasPrivateApps: false
04-26 23:09:32.433  1219  1219 D AlphabeticalAppsList: addAppsWithSections: adding sectionName: C with appInfoTitle: Calendar
04-26 23:09:32.433   736   736 V AccessibilityUserState: updateShortcutTargets: type:accessibility_key_gesture_targets, current:{}, new:{}
04-26 23:09:32.434  1219  1219 D AlphabeticalAppsList: addAppsWithSections: adding sectionName: D with appInfoTitle: Drive
04-26 23:09:32.434   736   736 V AccessibilityUserState: updateShortcutTargets: type:accessibility_top_row_key_targets, current:{}, new:{}
04-26 23:09:32.434   736   736 V AccessibilityUserState: updateShortcutTargets: type:accessibility_quick_access_targets, current:{}, new:{}
04-26 23:09:32.434  1219  1219 D AlphabeticalAppsList: addAppsWithSections: adding sectionName: F with appInfoTitle: Files
04-26 23:09:32.434  1219  1219 D AlphabeticalAppsList: addAppsWithSections: adding sectionName: G with appInfoTitle: Glasses
04-26 23:09:32.434   736   736 W MagnificationConnectionManager: requestConnection duplicated request: connect=false, mConnectionState=DISCONNECTED
04-26 23:09:32.434  1219  1219 D AlphabeticalAppsList: addAppsWithSections: adding sectionName: M with appInfoTitle: Maps
04-26 23:09:32.434  1219  1219 D AlphabeticalAppsList: addAppsWithSections: adding sectionName: P with appInfoTitle: Phone
04-26 23:09:32.434  1219  1219 D AlphabeticalAppsList: addAppsWithSections: adding sectionName: S with appInfoTitle: Safety
04-26 23:09:32.434  1219  1219 D AlphabeticalAppsList: addAppsWithSections: adding sectionName: T with appInfoTitle: TMoble
04-26 23:09:32.434  1219  1219 D AlphabeticalAppsList: addAppsWithSections: adding sectionName: Y with appInfoTitle: YouTube
04-26 23:09:32.434  1219  1219 D AlphabeticalAppsList: Adding FastScrollSection duplicate to scroll to the bottom.
04-26 23:09:32.434  1219  1219 D AlphabeticalAppsList: Clearing FastScrollerSections.
04-26 23:09:32.434  1219  1219 D AlphabeticalAppsList: Adding apps with sections. HasPrivateApps: false
04-26 23:09:32.434  1219  1219 D AlphabeticalAppsList: addAppsWithSections: adding sectionName: C with appInfoTitle: Calendar
04-26 23:09:32.434  1219  1219 D AlphabeticalAppsList: addAppsWithSections: adding sectionName: D with appInfoTitle: Drive
04-26 23:09:32.434  1219  1219 D AlphabeticalAppsList: addAppsWithSections: adding sectionName: F with appInfoTitle: Files
04-26 23:09:32.434  1219  1219 D AlphabeticalAppsList: addAppsWithSections: adding sectionName: G with appInfoTitle: Glasses
04-26 23:09:32.434  1219  1219 D AlphabeticalAppsList: addAppsWithSections: adding sectionName: M with appInfoTitle: Maps
04-26 23:09:32.434  1219  1219 D AlphabeticalAppsList: addAppsWithSections: adding sectionName: P with appInfoTitle: Phone
04-26 23:09:32.434  1219  1219 D AlphabeticalAppsList: addAppsWithSections: adding sectionName: S with appInfoTitle: Safety
04-26 23:09:32.434  1219  1219 D AlphabeticalAppsList: addAppsWithSections: adding sectionName: T with appInfoTitle: TMoble
04-26 23:09:32.434   736   736 W libbinder.IPCThreadState: Sending oneway calls to frozen process.
04-26 23:09:32.435  1219  1219 D AlphabeticalAppsList: addAppsWithSections: adding sectionName: Y with appInfoTitle: YouTube
04-26 23:09:32.435  1219  1219 D AlphabeticalAppsList: Adding FastScrollSection duplicate to scroll to the bottom.
04-26 23:09:32.435  1219  1219 D AllAppsStore: setApps: apps.length=21
04-26 23:09:32.435  1219  1219 D AllAppsStore: notifyUpdate: notifying listeners
04-26 23:09:32.436   736   736 W libbinder.IPCThreadState: Sending oneway calls to frozen process.
04-26 23:09:32.436   736   736 W libbinder.IPCThreadState: Sending oneway calls to frozen process.
04-26 23:09:32.437   736   736 W libbinder.IPCThreadState: Sending oneway calls to frozen process.
04-26 23:09:32.438  1219  1219 D b/387844520: getOutlineOffsetX: measured width = 173, mNormalizedIconSize = 159, last updated width = 173
04-26 23:09:32.438   736   736 V AccessibilityManagerService: onUserStateChangedLocked for userId: 0, forceUpdate: false
04-26 23:09:32.444  1203  1423 D ImsResolver: maybeAddedImsService, packageName: com.muonline.client
04-26 23:09:32.444  1203  1423 V ImsResolver: searchForImsServices: package=com.muonline.client, users=[UserHandle{0}]
04-26 23:09:32.445  4276  4276 I Finsky:background: [2] ajje - Received: android.intent.action.PACKAGE_ADDED, [n076RJLEETmEZ61FBJHrGFwh-0szukPG_iaeB-mhrwQ]
04-26 23:09:32.446   736  1076 D IntervalStats: Unable to parse usage stats packages: [273]
04-26 23:09:32.448   736  1076 D IntervalStats: Unable to parse usage stats packages: [273]
04-26 23:09:32.449  1203  1423 V ImsResolver: searchForImsServices: package=com.muonline.client, users=[UserHandle{0}]
04-26 23:09:32.450  4276 26013 I Finsky:background: [270] Wrote row to frosting DB: 3273
04-26 23:09:32.451   736   736 V AccessibilityUserState: updateShortcutTargets: type:accessibility_shortcut_target_service, current:{}, new:{}
04-26 23:09:32.452   736   736 V AccessibilityUserState: updateShortcutTargets: type:accessibility_button_targets, current:{}, new:{}
04-26 23:09:32.452   736   736 V AccessibilityUserState: updateShortcutTargets: type:accessibility_gesture_targets, current:{}, new:{}
04-26 23:09:32.452   736   736 V AccessibilityUserState: updateShortcutTargets: type:accessibility_qs_targets, current:{}, new:{}
04-26 23:09:32.452   736  1076 D IntervalStats: Unable to parse usage stats packages: [273, 276, 277, 278]
04-26 23:09:32.453   736   736 V AccessibilityUserState: updateShortcutTargets: type:accessibility_key_gesture_targets, current:{}, new:{}
04-26 23:09:32.453   736   736 V AccessibilityUserState: updateShortcutTargets: type:accessibility_top_row_key_targets, current:{}, new:{}
04-26 23:09:32.453   736   736 V AccessibilityUserState: updateShortcutTargets: type:accessibility_quick_access_targets, current:{}, new:{}
04-26 23:09:32.454   736  1076 D IntervalStats: Unable to parse usage stats packages: [278, 280, 281, 282, 283]
04-26 23:09:32.459   736   736 W MagnificationConnectionManager: requestConnection duplicated request: connect=false, mConnectionState=DISCONNECTED
04-26 23:09:32.460   736  1076 D IntervalStats: Unable to parse usage stats packages: [283]
04-26 23:09:32.461   736  1076 D IntervalStats: Unable to parse usage stats packages: [283]
04-26 23:09:32.462   736  1076 D IntervalStats: Unable to parse usage stats packages: [283, 284]
04-26 23:09:32.467  1203  1203 W VvmPkgInstalledRcvr: carrierVvmPkgAdded: carrier vvm packages doesn't contain com.muonline.client
04-26 23:09:32.469   736   736 W AlarmManager: Package com.muonline.client, uid 10230 lost permission to set exact alarms!
04-26 23:09:32.474   566   616 W skia    : AGTM parsing failed flags.readFromStream(s) at 159
04-26 23:09:32.475   566   616 W skia    : AGTM parsing failed flags.readFromStream(s) at 159
04-26 23:09:32.483  4276  4276 I Finsky:background: [2] ajje - Deduping intent android.intent.action.PACKAGE_ADDED
04-26 23:09:32.483  4276  4276 D ActivityThread: Package [com.muonline.client] reported as REPLACED, but missing application info. Assuming REMOVED.
04-26 23:09:32.485   736   736 W libbinder.IPCThreadState: Sending oneway calls to frozen process.
04-26 23:09:32.485   736   736 W libbinder.IPCThreadState: Sending oneway calls to frozen process.
04-26 23:09:32.485   736   736 W libbinder.IPCThreadState: Sending oneway calls to frozen process.
04-26 23:09:32.485   736   736 W libbinder.IPCThreadState: Sending oneway calls to frozen process.
04-26 23:09:32.490   736   927 E Nl80211Native: getChannelsMhzForBand: Wiphy index not recorded for band 8
04-26 23:09:32.491   736   927 E Nl80211Native: getChannelsMhzForBand: Wiphy index not recorded for band 16
04-26 23:09:32.492  4276  4325 I Finsky:background: [64] RECEIVER_PACKAGE_MONITOR_BACKGROUND#logWorkEndAndFinishGoAsync: SUCCESS
04-26 23:09:32.500   736   927 D Nl80211Native: Ignoring unsupported scan type 2
04-26 23:09:32.502   736   927 I Nl80211Proxy: Sending Nl80211 message: GenericNetlinkMsg{ nlHeader{StructNlMsgHdr{ nlmsg_len{56}, nlmsg_type{30()}, nlmsg_flags{5(NLM_F_REQUEST|NLM_F_ACK)}, nlmsg_seq{540}, nlmsg_pid{0} }}, genNlHeader{StructGenNlMsgHdr{ command{33}, version{1}, reserved{0} }}, attributes{[StructNlAttr{ nla_len{8}, nla_type{-32723}, nla_value{04000000}, }, StructNlAttr{ nla_len{8}, nla_type{3}, nla_value{10000000}, }, StructNlAttr{ nla_len{12}, nla_type{-32724}, nla_value{080000008F090000}, }, StructNlAttr{ nla_len{8}, nla_type{158}, nla_value{00000000}, }]} }
04-26 23:09:32.508  4276 26013 I Finsky:background: [270] Wrote row to frosting DB: 3274
04-26 23:09:32.514  1203  1203 D SatelliteController: packageStateChanged: package:com.muonline.client defaultSmsPackageName: com.google.android.apps.messaging satelliteGatewayServicePackageName: 
04-26 23:09:32.516  1203  1203 D ActivityThread: Package [com.muonline.client] reported as REPLACED, but missing application info. Assuming REMOVED.
04-26 23:09:32.517   736   927 I Nl80211Proxy: Received NLMSG_ERROR with error 0 for message GenericNetlinkMsg{ nlHeader{StructNlMsgHdr{ nlmsg_len{56}, nlmsg_type{30()}, nlmsg_flags{5(NLM_F_REQUEST|NLM_F_ACK)}, nlmsg_seq{540}, nlmsg_pid{0} }}, genNlHeader{StructGenNlMsgHdr{ command{33}, version{1}, reserved{0} }}, attributes{[StructNlAttr{ nla_len{8}, nla_type{-32723}, nla_value{04000000}, }, StructNlAttr{ nla_len{8}, nla_type{3}, nla_value{10000000}, }, StructNlAttr{ nla_len{12}, nla_type{-32724}, nla_value{080000008F090000}, }, StructNlAttr{ nla_len{8}, nla_type{158}, nla_value{00000000}, }]} }
04-26 23:09:32.519  4164  4164 I Finsky  : [2] DTU: Received onPackageAdded, replacing: true
04-26 23:09:32.524  4164 26021 I Finsky  : [587] SCH: Received scheduling request: Id: 12-1, Constraints: [{ L: 15000, D: 86400000, C: CHARGING_NONE, I: IDLE_NONE, N: NET_ANY, B: BATTERY_ANY }]
04-26 23:09:32.526   736   736 W libbinder.IPCThreadState: Sending oneway calls to frozen process.
04-26 23:09:32.528   736   736 W libbinder.IPCThreadState: Sending oneway calls to frozen process.
04-26 23:09:32.528   736   736 W libbinder.IPCThreadState: Sending oneway calls to frozen process.
04-26 23:09:32.535   736   736 W libbinder.IPCThreadState: Sending oneway calls to frozen process.
04-26 23:09:32.541   736  1938 W ApplicationInfo: Large ApplicationInfo parcel: size=17540 package=com.google.android.googlequicksearchbox sharedLibs=3 resDirs=2 overlayPaths=2
04-26 23:09:32.545  1203  1203 D CarrierSvcBindHelper: onHandleForceStop: [com.muonline.client]
04-26 23:09:32.546  1203  1203 D CarrierSvcBindHelper: No carrier app for: 0
04-26 23:09:32.555   736   999 W ApplicationInfo: Large ApplicationInfo parcel: size=17540 package=com.google.android.googlequicksearchbox sharedLibs=3 resDirs=2 overlayPaths=2
04-26 23:09:32.558   736   736 W libbinder.IPCThreadState: Sending oneway calls to frozen process.
04-26 23:09:32.559   736   736 W libbinder.IPCThreadState: Sending oneway calls to frozen process.
04-26 23:09:32.559   736   736 W libbinder.IPCThreadState: Sending oneway calls to frozen process.
04-26 23:09:32.561  4276 26013 I Finsky:background: [270] Wrote row to frosting DB: 3275
04-26 23:09:32.565  1619  1619 I MediaProvider: Invalidating LocalCallingIdentity cache for package com.muonline.client. Reason: package android.intent.action.PACKAGE_REMOVED
04-26 23:09:32.565  1619  1619 W MediaProvider: WorkProfileOwnerApps cache is empty
04-26 23:09:32.565  1619  1619 D PickerSyncLockManager: Trying to acquire lock com.android.providers.media.photopicker.sync.CloseableReentrantLock@13ff476[Unlocked]. Lock Name = CLOUD_PROVIDER_LOCK. Threads that may be waiting to acquire this lock = []
04-26 23:09:32.565  1619  1619 D CloseableReentrantLock: Successfully acquired lock com.android.providers.media.photopicker.sync.CloseableReentrantLock@13ff476[Locked by thread main]. Lock Name = CLOUD_PROVIDER_LOCK. Threads that may be waiting to acquire this lock = []
04-26 23:09:32.566  1619  1619 D CloseableReentrantLock: Successfully released lock com.android.providers.media.photopicker.sync.CloseableReentrantLock@13ff476[Unlocked]. Lock Name = CLOUD_PROVIDER_LOCK. Threads that may be waiting to acquire this lock = []
04-26 23:09:32.568  1036  1044 W System  : A resource failed to call release. 
04-26 23:09:32.568   736   736 W libbinder.IPCThreadState: Sending oneway calls to frozen process.
04-26 23:09:32.577   566   616 W skia    : AGTM parsing failed flags.readFromStream(s) at 159
04-26 23:09:32.577   566   616 W skia    : AGTM parsing failed flags.readFromStream(s) at 159
04-26 23:09:32.589   736  1814 W ActivityTaskManager: callingPackage for (uid=2000, pid=26034) has no WPC
04-26 23:09:32.591   736  1814 V GrammaticalInflectionUtils: AttributionSource: android.content.AttributionSource@d322a4fb does not have READ_SYSTEM_GRAMMATICAL_GENDER permission.
04-26 23:09:32.595   736   921 D WifiNative: Scan result ready event
04-26 23:09:32.598   736   927 I Nl80211Proxy: Sending Nl80211 message: GenericNetlinkMsg{ nlHeader{StructNlMsgHdr{ nlmsg_len{20}, nlmsg_type{30()}, nlmsg_flags{769(NLM_F_REQUEST|NLM_F_DUMP)}, nlmsg_seq{541}, nlmsg_pid{0} }}, genNlHeader{StructGenNlMsgHdr{ command{5}, version{1}, reserved{0} }}, attributes{[]} }
04-26 23:09:32.599   736   927 I Nl80211Proxy: Received NLMSG_DONE for message GenericNetlinkMsg{ nlHeader{StructNlMsgHdr{ nlmsg_len{20}, nlmsg_type{30()}, nlmsg_flags{769(NLM_F_REQUEST|NLM_F_DUMP)}, nlmsg_seq{541}, nlmsg_pid{0} }}, genNlHeader{StructGenNlMsgHdr{ command{5}, version{1}, reserved{0} }}, attributes{[]} }
04-26 23:09:32.600   736   927 W Nl80211Utils: Malformed NEW_INTERFACE response: missing attributes
04-26 23:09:32.600   736   927 I Nl80211Proxy: Sending Nl80211 message: GenericNetlinkMsg{ nlHeader{StructNlMsgHdr{ nlmsg_len{28}, nlmsg_type{30()}, nlmsg_flags{769(NLM_F_REQUEST|NLM_F_DUMP)}, nlmsg_seq{542}, nlmsg_pid{0} }}, genNlHeader{StructGenNlMsgHdr{ command{32}, version{1}, reserved{0} }}, attributes{[StructNlAttr{ nla_len{8}, nla_type{3}, nla_value{10000000}, }]} }
04-26 23:09:32.601   736   927 I Nl80211Proxy: Received NLMSG_DONE for message GenericNetlinkMsg{ nlHeader{StructNlMsgHdr{ nlmsg_len{28}, nlmsg_type{30()}, nlmsg_flags{769(NLM_F_REQUEST|NLM_F_DUMP)}, nlmsg_seq{542}, nlmsg_pid{0} }}, genNlHeader{StructGenNlMsgHdr{ command{32}, version{1}, reserved{0} }}, attributes{[StructNlAttr{ nla_len{8}, nla_type{3}, nla_value{10000000}, }]} }
04-26 23:09:32.602  1366  3046 I WifiScanner: onFullResults
04-26 23:09:32.602  1366  2586 I WifiScanner: onFullResults
04-26 23:09:32.602  4164  4164 I Finsky  : [2] ajjp - Received: android.intent.action.PACKAGE_ADDED, [n076RJLEETmEZ61FBJHrGFwh-0szukPG_iaeB-mhrwQ]
04-26 23:09:32.604  1219  1219 D RecentsView: onTaskDisplayChanged: 128, new displayId = 0
04-26 23:09:32.606   736   921 I HalDevMgr: bestIfaceCreationProposal is null, requestIface=STA, existingIface=[name=wlan0 type=STA]
04-26 23:09:32.618   566  1316 I libbinder.BpBinder: onLastStrongRef automatically unlinking death recipients for binder (0x7eaa3606eab0) with descriptor: '(not cached)'
04-26 23:09:32.623   736   736 W Looper  : Drained
04-26 23:09:32.625  4164  4164 I Finsky  : [2] ajjp - Deduping intent android.intent.action.PACKAGE_ADDED
04-26 23:09:32.630  4276 26013 I Finsky:background: [270] Wrote row to frosting DB: 3276
04-26 23:09:32.649   736  1814 V ActivityTaskManager: TaskLaunchParamsModifier: phase=3 task=Task{2d42409 #128 type=standard A=10230:com.muonline.client} activity=ActivityRecord{30248789 u0 com.muonline.client/.PreloadActivity t-1} display-from-task=0 display-id=0 task-display-area-windowing-mode=1 suggested-display-area=DefaultTaskDisplayArea@125646128 inherit-from-task=fullscreen non-freeform-task-display-area display-area=DefaultTaskDisplayArea@125646128 skip-bounds-fullscreen
04-26 23:09:32.649   736  1814 I ActivityTaskManager: START u0 {flg=0x10000000 xflg=0x5 cmp=com.muonline.client/.PreloadActivity} with LAUNCH_SINGLE_TASK from uid 2000 (com.android.shell) (BAL_ALLOW_PERMISSION) result code=0
04-26 23:09:32.650  1219  1219 D BaseActivity: Launcher flags updated: [state_started|state_resumed|state_deferred_resumed|state_window_focused|state_user_active] -[]
04-26 23:09:32.652  1036  1091 V WindowManagerShell: Transition requested (#196): android.os.BinderProxy@126e74a TransitionRequestInfo { type = OPEN, triggerTask = TaskInfo{userId=0 taskId=128 effectiveUid=10230 displayId=0 isRunning=true baseIntent=Intent { flg=0x10000000 cmp=com.muonline.client/.PreloadActivity } baseActivity=ComponentInfo{com.muonline.client/com.muonline.client.PreloadActivity} topActivity=ComponentInfo{com.muonline.client/com.muonline.client.PreloadActivity} origActivity=null realActivity=ComponentInfo{com.muonline.client/com.muonline.client.PreloadActivity} realActivityIsAppLockEnabled=false numActivities=1 lastActiveTime=27547223 supportsMultiWindow=true supportsMultiWindowWithoutConstraints=true resizeMode=1 isResizeable=true minWidth=-1 minHeight=-1 defaultMinSize=220 token=WCT{android.os.BinderProxy@54536bb} topActivityType=1 pictureInPictureParams=null shouldDockBigOverlays=false launchIntoPipHostTaskId=-1 lastParentTaskIdBeforePip=-1 displayCutoutSafeInsets=Rect(0, 132 - 0, 0) topActivityInfo=ActivityInfo{4c777d8 com.muonline.client.PreloadActivity} launchCookies=[] positionInParent=Point(0, 0) parentTaskId=-1 isFocused=false isInteractive=false isVisible=false isVisibleRequested=false isTopActivityNoDisplay=false isSleeping=false locusId=null displayAreaFeatureId=1 isTopActivityTransparent=false isActivityStackTransparent=false lastNonFullscreenBounds=null leafTaskBoundsFromOptions= false capturedLink=null capturedLinkTimestamp=0 requestedVisibleTypes=503 topActivityRequestOpenInBrowserEducationTimestamp=0 appCompatTaskInfo=AppCompatTaskInfo { topActivityInSizeCompat=false isLeafTask= true eligibleForLetterboxEducation= false isLetterboxEducationEnabled= true isLetterboxDoubleTapEnabled= false eligibleForUserAspectRatioButton= false topActivityBoundsLetterboxed= false isFromLetterboxDoubleTap= false topActivityLetterboxVerticalPosition= -1 topActivityLetterboxHorizontalPosition= -1 topActivityLetterboxWidth=-1 topActivityLetterboxHeight=-1 topActivityAppBounds=Rect(0, 132 - 1080, 2337) isUserFullscreenOverrideEnabled=false isSystemFullscreenOverrideEnabled=false hasMinAspectRatioOverride=false topActivityLetterboxBounds=null topNonResizableActivityAspectRatio=-1.0} topActivityMainWindowFrame=null isAppBubble=false}, pipChange = null, remoteTransitionInfo = null, displayChange = null, requestedLocation = null, userChange = null, windowingLayerChange = null, fullscreenRequestChange = null, flags = 0, debugId = 196 }
04-26 23:09:32.652  1036  1091 W DisconnectHandler: No disconnect change found in the transition, not handling request.
04-26 23:09:32.652  4276 26013 I Finsky:background: [270] Wrote row to frosting DB: 3277
04-26 23:09:32.653  1036  1091 V ShellDesktopMode: DesktopTasksController: skipping handleRequest reason=triggerTask's display doesn't support desktop mode
04-26 23:09:32.653  1036  1091 D ShellSplitScreen: logExit: no-op, mLoggerSessionId is null
04-26 23:09:32.654   736  5314 E RoleControllerServiceImpl: Default/fallback role holder package doesn't qualify for the role, package: com.google.android.gms, role: android.app.role.WALLET, user: 0
04-26 23:09:32.656   736   762 V GrammaticalInflectionUtils: AttributionSource: android.content.AttributionSource@d322a4fb does not have READ_SYSTEM_GRAMMATICAL_GENDER permission.
04-26 23:09:32.657   736   835 W InputChannel-JNI: Channel already disposed.
04-26 23:09:32.657  1219  1219 D BaseActivity: Launcher flags updated: [state_started|state_resumed|state_deferred_resumed|state_window_focused] -[state_user_active]
04-26 23:09:32.658  1219  1219 D BaseActivity: Launcher flags updated: [state_started|state_window_focused] -[state_resumed|state_deferred_resumed]
04-26 23:09:32.658  1219  1219 W SplitSelectStateCtor: Missing session instanceIds
04-26 23:09:32.658  1219  1219 D StatsLog: LAUNCHER_SPLIT_SELECTION_EXIT_INTERRUPTED
04-26 23:09:32.658  1036  1091 V RecentTasksController: Notify recent tasks changed
04-26 23:09:32.660  1036  1091 D ShellDesktopMode: DesktopRepository(0): Removes freeform task: taskId=127
04-26 23:09:32.660  1036  1132 D WindowOnBackDispatcher: setTopOnBackInvokedCallback (unwrapped): android.view.ViewRootImpl$$ExternalSyntheticLambda13@b283984
04-26 23:09:32.660  1036  1091 W ShellDesktopMode: DesktopRepository(0): No display id found for task: taskId=127
04-26 23:09:32.660  1036  1091 V RecentTasksController: Notify recent tasks changed
04-26 23:09:32.665   623   717 W libbinder.IPCThreadState: Sending oneway calls to frozen process.
04-26 23:09:32.668  1036  1091 D WindowManagerShell: setLauncherKeepClearAreaHeight: visible=false, height=495
04-26 23:09:32.669  4164  4164 I Finsky  : [2] ajjp - Received: android.intent.action.PACKAGE_ADDED, [n076RJLEETmEZ61FBJHrGFwh-0szukPG_iaeB-mhrwQ]
04-26 23:09:32.670   736   835 V WindowManager: Defer transition id=196 for TaskFragmentTransaction=android.os.Binder@d845dd0
04-26 23:09:32.671  1219  1219 D RecentTasksList: invalidateLoadedTasks - previous requestLoadId: -1
04-26 23:09:32.672   736   999 D CoreBackPreview: Window{db34fb8 u0 Splash Screen com.muonline.client}: Setting back callback OnBackInvokedCallbackInfo{mCallback=android.window.IOnBackInvokedCallback$Stub$Proxy@4d181c9, mPriority=0, mIsAnimationCallback=false, mOverrideBehavior=0}
04-26 23:09:32.672  1219  1219 D RecentTasksList: invalidateLoadedTasks - previous requestLoadId: -1
04-26 23:09:32.673   736  2220 D WindowManager: setClientSurface Surface(name=VRI-Splash Screen com.muonline.client#2210)/@0xd35b0ce for db34fb8 Splash Screen com.muonline.client
04-26 23:09:32.690  1036  1132 I Surface : Creating surface for consumer unnamed-1036-46 with slotExpansion=1 for 64 slots
04-26 23:09:32.691  1036  1132 I Surface : Creating surface for consumer VRI[client]#46(BLAST Consumer)46 with slotExpansion=1 for 64 slots
04-26 23:09:32.695   736  1603 V WindowManager: Continue transition id=196 for TaskFragmentTransaction=android.os.Binder@d845dd0
04-26 23:09:32.697 14925 14925 D ActivityThread: Package [com.muonline.client] reported as REPLACED, but missing application info. Assuming REMOVED.
04-26 23:09:32.698   736  1185 D ActivityManager: sync unfroze 14925 com.google.android.gms for 6
04-26 23:09:32.701  4164  4164 I Finsky  : [2] ajjp - Deduping intent android.intent.action.PACKAGE_ADDED
04-26 23:09:32.701  4164  4164 D ActivityThread: Package [com.muonline.client] reported as REPLACED, but missing application info. Assuming REMOVED.
04-26 23:09:32.705   736  5314 W SignedPackage: Cannot get ApplicationInfo for package: com.google.android.devicelockcontroller
04-26 23:09:32.710 14925 14925 D ActivityThread: Package [com.muonline.client] reported as REPLACED, but missing application info. Assuming REMOVED.
04-26 23:09:32.759   499   499 D Zygote  : Forked child process 26043
04-26 23:09:32.763   736   769 W ActivityManager: Slow operation: 107ms so far, now at startProcess: returned from zygote!
04-26 23:09:32.776   736   769 W ActivityManager: Slow operation: 119ms so far, now at startProcess: done updating battery stats
04-26 23:09:32.776   736   769 W ActivityManager: Slow operation: 119ms so far, now at startProcess: building log message
04-26 23:09:32.776   736   769 I ActivityManager: Start proc 26043:com.muonline.client/u0a230 for next-top-activity {com.muonline.client/com.muonline.client.PreloadActivity}
04-26 23:09:32.776   736   769 W ActivityManager: Slow operation: 119ms so far, now at startProcess: starting to update pids map
04-26 23:09:32.776   736   769 W ActivityManager: Slow operation: 120ms so far, now at startProcess: done updating pids map
04-26 23:09:32.791 26043 26043 I Zygote  : Process 26043 created for com.muonline.client
04-26 23:09:32.792 26043 26043 I muonline.client: Using generational CollectorTypeCMC GC.
04-26 23:09:32.797 26043 26043 W muonline.client: Unexpected CPU variant for x86: x86_64.
04-26 23:09:32.797 26043 26043 W muonline.client: Known variants: atom, sandybridge, silvermont, goldmont, goldmont-plus, goldmont-without-sha-xsaves, tremont, kabylake, alderlake, lunarlake, default
04-26 23:09:32.801  4164  4208 I Finsky  : [44] RECEIVER_PACKAGE_MONITOR#logWorkEndAndFinishGoAsync: SUCCESS
04-26 23:09:32.803 26043 26043 D nativeloader: Load libframework-connectivity-tiramisu-jni.so using APEX ns com_android_tethering for caller /apex/com.android.tethering/javalib/framework-connectivity-t.jar: ok
04-26 23:09:32.805   736  1640 V SafetySourceDataValidat: Package: com.android.vending has expected signature
04-26 23:09:32.819  1219  1219 D BaseActivity: Launcher flags updated: [state_started] -[state_window_focused]
04-26 23:09:32.859   736   759 V WindowManager: Sent Transition (#196) createdAt=04-26 23:09:32.595 via request=TransitionRequestInfo { type = OPEN, triggerTask = TaskInfo{userId=0 taskId=128 effectiveUid=10230 displayId=0 isRunning=true baseIntent=Intent { flg=0x10000000 cmp=com.muonline.client/.PreloadActivity } baseActivity=ComponentInfo{com.muonline.client/com.muonline.client.PreloadActivity} topActivity=ComponentInfo{com.muonline.client/com.muonline.client.PreloadActivity} origActivity=null realActivity=ComponentInfo{com.muonline.client/com.muonline.client.PreloadActivity} realActivityIsAppLockEnabled=false numActivities=1 lastActiveTime=27547223 supportsMultiWindow=true supportsMultiWindowWithoutConstraints=true resizeMode=1 isResizeable=true minWidth=-1 minHeight=-1 defaultMinSize=220 token=WCT{RemoteToken{d0dae2e Task{2d42409 #128 type=standard A=10230:com.muonline.client}}} topActivityType=1 pictureInPictureParams=null shouldDockBigOverlays=false launchIntoPipHostTaskId=-1 lastParentTaskIdBeforePip=-1 displayCutoutSafeInsets=Rect(0, 132 - 0, 0) topActivityInfo=ActivityInfo{f795dcf com.muonline.client.PreloadActivity} launchCookies=[] positionInParent=Point(0, 0) parentTaskId=-1 isFocused=false isInteractive=false isVisible=false isVisibleRequested=false isTopActivityNoDisplay=false isSleeping=false locusId=null displayAreaFeatureId=1 isTopActivityTransparent=false isActivityStackTransparent=false lastNonFullscreenBounds=null leafTaskBoundsFromOptions= false capturedLink=null capturedLinkTimestamp=0 requestedVisibleTypes=503 topActivityRequestOpenInBrowserEducationTimestamp=0 appCompatTaskInfo=AppCompatTaskInfo { topActivityInSizeCompat=false isLeafTask= true eligibleForLetterboxEducation= false isLetterboxEducationEnabled= true isLetterboxDoubleTapEnabled= false eligibleForUserAspectRatioButton= false topActivityBoundsLetterboxed= false isFromLetterboxDoubleTap= false topActivityLetterboxVerticalPosition= -1 topActivityLetterboxHorizontalPosition= -1 topActivityLetterboxWidth=-1 topActivityLetterboxHeight=-1 topActivityAppBounds=Rect(0, 132 - 1080, 2337) isUserFullscreenOverrideEnabled=false isSystemFullscreenOverrideEnabled=false hasMinAspectRatioOverride=false topActivityLetterboxBounds=null topNonResizableActivityAspectRatio=-1.0} topActivityMainWindowFrame=null isAppBubble=false}, pipChange = null, remoteTransitionInfo = null, displayChange = null, requestedLocation = null, userChange = null, windowingLayerChange = null, fullscreenRequestChange = null, flags = 0, debugId = 196 }
04-26 23:09:32.859   736   759 V WindowManager:     startWCT=WindowContainerTransaction { changes= {} hops= [] flags= 0 errorCallbackToken=null taskFragmentOrganizer=null }
04-26 23:09:32.860   736   759 V WindowManager:     info={id=196 t=OPEN f=0x0 trk=0 r=[0@Point(0, 0)] c=[
04-26 23:09:32.860   736   759 V WindowManager:         {WCT{RemoteToken{d0dae2e Task{2d42409 #128 type=standard A=10230:com.muonline.client}}} m=OPEN f=MOVE_TO_TOP leash=Surface(name=Task=128#2207)/@0xcd8afc4 sb=Rect(0, 0 - 1080, 2400) eb=Rect(0, 0 - 1080, 2400) epz=Point(1080, 2400) d=0 endFixedRotation=1 taskParent=-1 winMode=1 userId=0},
04-26 23:09:32.860   736   759 V WindowManager:         {WCT{RemoteToken{4853fd5 Task{13e540b #1 type=home}}} m=TO_BACK f=SHOW_WALLPAPER leash=Surface(name=Task=1#34)/@0x499be06 sb=Rect(0, 0 - 1080, 2400) eb=Rect(0, 0 - 1080, 2400) epz=Point(1080, 2400) d=0 taskParent=-1 winMode=1 userId=0},
04-26 23:09:32.860   736   759 V WindowManager:         {m=TO_BACK f=IS_WALLPAPER leash=Surface(name=WallpaperWindowToken{3bea6dd}#54)/@0x4e520e1 sb=Rect(0, 0 - 1080, 2400) eb=Rect(0, 0 - 1080, 2400) epz=Point(1080, 2400) d=0}
04-26 23:09:32.860   736   759 V WindowManager:     ]}
04-26 23:09:32.862  1036  1910 V WindowManagerShell: onTransitionReady(transaction=3161095951306)
04-26 23:09:32.895   736  1603 W ActivityManager: Slow operation: 59ms so far, now at attachApplicationLocked: immediately after bindApplication
04-26 23:09:32.896   736  1603 W ActivityManager: Slow operation: 60ms so far, now at attachApplicationLocked: after updateLruProcessLocked
04-26 23:09:32.897  1036  1091 V RecentTasksController: generateList(getRecentTasks)
04-26 23:09:32.899  1036  1091 V RecentTasksController: initializeDesksMap - allDeskIds: []
04-26 23:09:32.900  1036  1091 V RecentTasksController: Task 128 is not an active desktop task
04-26 23:09:32.900  1036  1091 V RecentTasksController: Added fullscreen task: 128
04-26 23:09:32.900  1036  1091 V RecentTasksController: generateList - complete
04-26 23:09:32.902   736  1603 I ActivityManager: PendingStartActivityUids startActivity to updateOomAdj delay:650170ms, uid:10230
04-26 23:09:32.902  1036  1091 V RecentTasksController: Notify recent tasks changed
04-26 23:09:32.902   736  1603 W ActivityManager: Slow operation: 66ms so far, now at attachApplicationLocked: after updateOomAdjLocked
04-26 23:09:32.902  1036  1091 V ShellTaskOrganizer: Task appeared taskId=128 listener=FullscreenTaskListener
04-26 23:09:32.902  1036  1091 V ShellTaskOrganizer: Fullscreen Task Appeared: #128
04-26 23:09:32.904  1036  1091 V RecentTasksController: Notify recent tasks changed
04-26 23:09:32.904  1036  1091 V WindowManagerShell: onTransitionReady (#196) android.os.BinderProxy@126e74a: {id=196 t=OPEN f=0x0 trk=0 r=[0@Point(0, 0)] c=[
04-26 23:09:32.904  1036  1091 V WindowManagerShell:         {m=OPEN f=MOVE_TO_TOP leash=Surface(name=Task=128#2207)/@0x2ac5525 sb=Rect(0, 0 - 1080, 2400) eb=Rect(0, 0 - 1080, 2400) epz=Point(1080, 2400) d=0 endFixedRotation=1 taskParent=-1 winMode=1 userId=0},
04-26 23:09:32.904  1036  1091 V WindowManagerShell:         {m=TO_BACK f=SHOW_WALLPAPER leash=Surface(name=Task=1#34)/@0x4efb6fa sb=Rect(0, 0 - 1080, 2400) eb=Rect(0, 0 - 1080, 2400) epz=Point(1080, 2400) d=0 taskParent=-1 winMode=1 userId=0},
04-26 23:09:32.904  1036  1091 V WindowManagerShell:         {m=TO_BACK f=IS_WALLPAPER leash=Surface(name=WallpaperWindowToken{3bea6dd}#54)/@0x32d44ab sb=Rect(0, 0 - 1080, 2400) eb=Rect(0, 0 - 1080, 2400) epz=Point(1080, 2400) d=0}
04-26 23:09:32.904  1036  1091 V WindowManagerShell:     ]}
04-26 23:09:32.904 26043 26043 D CompatChangeReporter: Compat change id reported: 242716250; UID 10230; state: ENABLED
04-26 23:09:32.919   736  1603 W InputChannel-JNI: Channel already disposed.
04-26 23:09:32.920 26043 26043 D nativeloader: Configuring clns-9 for other apk /data/app/~~DuGUFqpFj-bfrsppuYF6Lw==/com.muonline.client-cUIHMxk8aVUjUytINuyOPg==/base.apk. target_sdk_version=34, uses_libraries=, library_path=/data/app/~~DuGUFqpFj-bfrsppuYF6Lw==/com.muonline.client-cUIHMxk8aVUjUytINuyOPg==/lib/x86_64:/data/app/~~DuGUFqpFj-bfrsppuYF6Lw==/com.muonline.client-cUIHMxk8aVUjUytINuyOPg==/base.apk!/lib/x86_64, permitted_path=/data:/mnt/expand:/data/user/0/com.muonline.client
04-26 23:09:32.921  1036  1091 V WindowManagerShell: Playing animation for (#196) android.os.BinderProxy@126e74a@0
04-26 23:09:32.921  1036  1091 D ShellSplitScreen: startAnimation: transition=196 isSplitActive=false
04-26 23:09:32.921  1036  1091 V ShellRecents: RecentsTransitionHandler.startAnimation: no controller found
04-26 23:09:32.921  1036  1091 V ShellDesktopMode: DesktopMixedTransitionHandler: No pending desktop transition
04-26 23:09:32.922  1036  1091 V WindowManagerShell: Transition doesn't have explicit remote, search filters for match for {id=196 t=OPEN f=0x0 trk=0 r=[0@Point(0, 0)] c=[{m=OPEN f=MOVE_TO_TOP leash=Surface(name=Task=128#2207)/@0x2ac5525 sb=Rect(0, 0 - 1080, 2400) eb=Rect(0, 0 - 1080, 2400) epz=Point(1080, 2400) d=0 endFixedRotation=1 taskParent=-1 winMode=1 userId=0},{m=TO_BACK f=SHOW_WALLPAPER leash=Surface(name=Task=1#34)/@0x4efb6fa sb=Rect(0, 0 - 1080, 2400) eb=Rect(0, 0 - 1080, 2400) epz=Point(1080, 2400) d=0 taskParent=-1 winMode=1 userId=0},{m=TO_BACK f=IS_WALLPAPER leash=Surface(name=WallpaperWindowToken{3bea6dd}#54)/@0x32d44ab sb=Rect(0, 0 - 1080, 2400) eb=Rect(0, 0 - 1080, 2400) epz=Point(1080, 2400) d=0}]}
04-26 23:09:32.922  1036  1091 V WindowManagerShell:  Checking filter Pair{{types=[] flags=0x0 notFlags=0x0 checks=[{atype=undefined independent=true modes=[CLOSE,TO_BACK] flags=IN_TASK_WITH_EMBEDDED_ACTIVITY mustBeTask=false order=ANY topActivity=null launchCookie=null taskFragmentToken=android.os.BinderProxy@e90ae30 windowingMode=undefined isCrossDisplayMove=false}]} RemoteTransition { remoteTransition = android.window.IRemoteTransition$Stub$Proxy@1ccfaa9, appThread = android.app.IApplicationThread$Stub$Proxy@5c682e, debugName = overlayBackTransition, filter = {types=[] flags=0x0 notFlags=0x0 checks=[{atype=undefined independent=true modes=[CLOSE,TO_BACK] flags=IN_TASK_WITH_EMBEDDED_ACTIVITY mustBeTask=false order=ANY topActivity=null launchCookie=null taskFragmentToken=android.os.BinderProxy@e90ae30 windowingMode=undefined isCrossDisplayMove=false}]} }}
04-26 23:09:32.922  1036  1091 V WindowManagerShell:  Checking filter Pair{{types=[] flags=0x0 notFlags=0x0 checks=[{atype=dream independent=true modes=[OPEN,TO_FRONT] flags=NONE mustBeTask=false order=ANY topActivity=null launchCookie=null windowingMode=undefined isCrossDisplayMove=false},{atype=home independent=true modes=[CLOSE,TO_BACK] flags=NONE mustBeTask=false order=ANY topActivity=null launchCookie=null windowingMode=undefined isCrossDisplayMove=false}]} RemoteTransition { remoteTransition = android.window.IRemoteTransition$Stub$Proxy@aa8fcf, appThread = android.app.IApplicationThread$Stub$Proxy@98a7d5c, debugName = LauncherToDream, filter = {types=[] flags=0x0 notFlags=0x0 checks=[{atype=dream independent=true modes=[OPEN,TO_FRONT] flags=NONE mustBeTask=false order=ANY topActivity=null launchCookie=null windowingMode=undefined isCrossDisplayMove=false},{atype=home independent=true modes=[CLOSE,TO_BACK] flags=NONE mustBeTask=false order=ANY topActivity=null launchCookie=null windowingMode=undefined isCrossDisplayMove=false}]} }}
04-26 23:09:32.922  1036  1091 V WindowManagerShell:  Checking filter Pair{{types=[] flags=0x0 notFlags=0x0 checks=[{atype=standard independent=false modes=[CHANGE] flags=NONE mustBeTask=true order=ANY topActivity=null launchCookie=null windowingMode=undefined isCrossDisplayMove=true}]} RemoteTransition { remoteTransition = android.window.IRemoteTransition$Stub$Proxy@3519865, appThread = android.app.IApplicationThread$Stub$Proxy@94ad93a, debugName = QuickstepDisplayMove, filter = {types=[] flags=0x0 notFlags=0x0 checks=[{atype=standard independent=false modes=[CHANGE] flags=NONE mustBeTask=true order=ANY topActivity=null launchCookie=null windowingMode=undefined isCrossDisplayMove=true}]} }}
04-26 23:09:32.922  1036  1091 V WindowManagerShell:  Checking filter Pair{{types=[] flags=0x0 notFlags=0x100 checks=[{atype=home independent=true modes=[OPEN,TO_FRONT] flags=NONE mustBeTask=false order=ANY topActivity=ComponentInfo{com.google.android.apps.nexuslauncher/com.google.android.apps.nexuslauncher.NexusLauncherActivity} launchCookie=null windowingMode=undefined isCrossDisplayMove=false},{atype=standard independent=true modes=[CLOSE,TO_BACK] flags=NONE mustBeTask=false order=ANY topActivity=null launchCookie=null windowingMode=undefined isCrossDisplayMove=false},{NOT atype=undefined independent=true modes=[] flags=NONE mustBeTask=true order=ANY topActivity=null launchCookie=null customAnim=true windowingMode=undefined isCrossDisplayMove=false}]} RemoteTransition { remoteTransition = android.window.IRemoteTransition$Stub$Proxy@fea59eb, appThread = android.app.IApplicationThread$Stub$Proxy@4f01348, debugName = QuickstepLaunchHome, filter = {types=[] flags=0x0 notFlags=0x100 checks=[{atype=home independent=true modes=[OPEN,TO_FRONT] flags=NONE mustBeTask=false order=ANY topActivity=ComponentInfo{com.google.android.apps.nexuslauncher/com.google.android.apps.nexuslauncher.NexusLauncherActivity} launchCookie=null windowingMode=undefined isCrossDisplayMove=false},{atype=standard independent=true modes=[CLOSE,TO_BACK] flags=NONE mustBeTask=false order=ANY topActivity=null launchCookie=null windowingMode=undefined isCrossDisplayMove=false},{NOT atype=undefined independent=true modes=[] flags=NONE mustBeTask=true order=ANY topActivity=null launchCookie=null customAnim=true windowingMode=undefined isCrossDisplayMove=false}]} }}
04-26 23:09:32.922  1036  1091 V WindowManagerShell:  Checking filter Pair{{types=[OPEN,TO_FRONT] flags=0x0 notFlags=0x0 checks=[{atype=standard independent=true modes=[OPEN,TO_FRONT] flags=NONE mustBeTask=true order=ANY topActivity=null launchCookie=null windowingMode=freeform isCrossDisplayMove=false}]} RemoteTransition { remoteTransition = android.window.IRemoteTransition$Stub$Proxy@5987ffe, appThread = null, debugName = DesktopWindowLimitUnminimize, filter = {types=[OPEN,TO_FRONT] flags=0x0 notFlags=0x0 checks=[{atype=standard independent=true modes=[OPEN,TO_FRONT] flags=NONE mustBeTask=true order=ANY topActivity=null launchCookie=null windowingMode=freeform isCrossDisplayMove=false}]} }}
04-26 23:09:32.922  1036  1091 V WindowManagerShell:  Delegate animation for (#196) to null
04-26 23:09:32.922  1036  1091 V WindowManagerShell: start default transition animation, info = {id=196 t=OPEN f=0x0 trk=0 r=[0@Point(0, 0)] c=[{m=OPEN f=MOVE_TO_TOP leash=Surface(name=Task=128#2207)/@0x2ac5525 sb=Rect(0, 0 - 1080, 2400) eb=Rect(0, 0 - 1080, 2400) epz=Point(1080, 2400) d=0 endFixedRotation=1 taskParent=-1 winMode=1 userId=0},{m=TO_BACK f=SHOW_WALLPAPER leash=Surface(name=Task=1#34)/@0x4efb6fa sb=Rect(0, 0 - 1080, 2400) eb=Rect(0, 0 - 1080, 2400) epz=Point(1080, 2400) d=0 taskParent=-1 winMode=1 userId=0},{m=TO_BACK f=IS_WALLPAPER leash=Surface(name=WallpaperWindowToken{3bea6dd}#54)/@0x32d44ab sb=Rect(0, 0 - 1080, 2400) eb=Rect(0, 0 - 1080, 2400) epz=Point(1080, 2400) d=0}]}
04-26 23:09:32.922  1036  1091 V WindowManagerShell: loadAnimation: anim=android.view.animation.AnimationSet@23d2aa animAttr=0x13 type=OPEN isEntrance=false
04-26 23:09:32.925  1036  1091 V WindowManagerShell: loadAnimation: anim=android.view.animation.AnimationSet@c0ef211 animAttr=0x12 type=OPEN isEntrance=true
04-26 23:09:32.926   566   616 W skia    : AGTM parsing failed flags.readFromStream(s) at 159
04-26 23:09:32.926   566   616 W skia    : AGTM parsing failed flags.readFromStream(s) at 159
04-26 23:09:32.926  1036  1091 V WindowManagerShell:  animated by com.android.wm.shell.transition.DefaultTransitionHandler@11f9e32
04-26 23:09:32.931 26043 26043 V GraphicsEnvironment: Currently set values for:
04-26 23:09:32.931 26043 26043 V GraphicsEnvironment:   angle_gl_driver_selection_pkgs=[]
04-26 23:09:32.931 26043 26043 V GraphicsEnvironment:   angle_gl_driver_selection_values=[]
04-26 23:09:32.931 26043 26043 V GraphicsEnvironment: com.muonline.client is not listed in per-application setting
04-26 23:09:32.931 26043 26043 V GraphicsEnvironment: No special selections for ANGLE, returning default driver choice
04-26 23:09:32.942 26043 26043 V GraphicsEnvironment: Neither updatable production driver nor prerelease driver is supported.
04-26 23:09:32.946  1366  1366 D BoundBrokerSvc: onUnbind: Intent { act=com.google.android.gms.libs.gmscorelogger.service.START dat=chimera-action:/... xflg=0x4 cmp=com.google.android.gms/.chimera.PersistentDirectBootAwareApiService }
04-26 23:09:32.956  4276  4276 I Finsky:background: [2] Memory trim requested to level 40
04-26 23:09:32.961  1219  1219 D RecentTasksList: invalidateLoadedTasks - previous requestLoadId: -1
04-26 23:09:32.962  1219  1219 D RecentTasksList: invalidateLoadedTasks - previous requestLoadId: -1
04-26 23:09:33.015 26043 26069 I DisplayManager: Choreographer implicitly registered for the refresh rate.
04-26 23:09:33.024 14925 26075 I AppBackupPkgRemovedIO: Backup state cleanup on uninstall is disabled. [CONTEXT service_id=229 ]
04-26 23:09:33.029   566   616 W skia    : AGTM parsing failed flags.readFromStream(s) at 159
04-26 23:09:33.029   566   616 W skia    : AGTM parsing failed flags.readFromStream(s) at 159
