04-26 15:41:30.876 E/GFXSTREAM( 5343): [GL2Encoder.cpp(2814)] GL error 0x501 condition [!GLESv2Validation::pixelFormat(ctx, internalformat) && !GLESv2Validation::pixelInternalFormat(internalformat)].
04-26 15:41:30.877 W/GFXSTREAM( 5343): [GLESv2Validation.cpp(1217)] Error internal format: 0x3 is invalid.
04-26 15:41:30.877 E/GFXSTREAM( 5343): [GL2Encoder.cpp(2814)] GL error 0x501 condition [!GLESv2Validation::pixelFormat(ctx, internalformat) && !GLESv2Validation::pixelInternalFormat(internalformat)].
04-26 15:41:30.877 W/GFXSTREAM( 5343): [GLESv2Validation.cpp(1217)] Error internal format: 0x3 is invalid.
04-26 15:41:30.877 E/GFXSTREAM( 5343): [GL2Encoder.cpp(2814)] GL error 0x501 condition [!GLESv2Validation::pixelFormat(ctx, internalformat) && !GLESv2Validation::pixelInternalFormat(internalformat)].
04-26 15:41:30.878 W/GFXSTREAM( 5343): [GLESv2Validation.cpp(1217)] Error internal format: 0x3 is invalid.
04-26 15:41:30.878 E/GFXSTREAM( 5343): [GL2Encoder.cpp(2814)] GL error 0x501 condition [!GLESv2Validation::pixelFormat(ctx, internalformat) && !GLESv2Validation::pixelInternalFormat(internalformat)].
04-26 15:41:30.878 W/GFXSTREAM( 5343): [GLESv2Validation.cpp(1217)] Error internal format: 0x3 is invalid.
04-26 15:41:30.879 E/GFXSTREAM( 5343): [GL2Encoder.cpp(2814)] GL error 0x501 condition [!GLESv2Validation::pixelFormat(ctx, internalformat) && !GLESv2Validation::pixelInternalFormat(internalformat)].
04-26 15:41:30.879 W/GFXSTREAM( 5343): [GLESv2Validation.cpp(1217)] Error internal format: 0x3 is invalid.
04-26 15:41:30.879 E/GFXSTREAM( 5343): [GL2Encoder.cpp(2814)] GL error 0x501 condition [!GLESv2Validation::pixelFormat(ctx, internalformat) && !GLESv2Validation::pixelInternalFormat(internalformat)].
04-26 15:41:30.879 W/GFXSTREAM( 5343): [GLESv2Validation.cpp(1217)] Error internal format: 0x3 is invalid.
04-26 15:41:30.879 E/GFXSTREAM( 5343): [GL2Encoder.cpp(2814)] GL error 0x501 condition [!GLESv2Validation::pixelFormat(ctx, internalformat) && !GLESv2Validation::pixelInternalFormat(internalformat)].
04-26 15:41:30.879 W/GFXSTREAM( 5343): [GLESv2Validation.cpp(1217)] Error internal format: 0x3 is invalid.
04-26 15:41:30.880 E/GFXSTREAM( 5343): [GL2Encoder.cpp(2814)] GL error 0x501 condition [!GLESv2Validation::pixelFormat(ctx, internalformat) && !GLESv2Validation::pixelInternalFormat(internalformat)].
04-26 15:41:30.880 W/GFXSTREAM( 5343): [GLESv2Validation.cpp(1217)] Error internal format: 0x3 is invalid.
04-26 15:41:30.880 E/GFXSTREAM( 5343): [GL2Encoder.cpp(2814)] GL error 0x501 condition [!GLESv2Validation::pixelFormat(ctx, internalformat) && !GLESv2Validation::pixelInternalFormat(internalformat)].
04-26 15:41:30.880 W/GFXSTREAM( 5343): [GLESv2Validation.cpp(1217)] Error internal format: 0x3 is invalid.
04-26 15:41:30.880 E/GFXSTREAM( 5343): [GL2Encoder.cpp(2814)] GL error 0x501 condition [!GLESv2Validation::pixelFormat(ctx, internalformat) && !GLESv2Validation::pixelInternalFormat(internalformat)].
04-26 15:41:30.880 I/TakumiErrorReport( 5343): > First Load Files OK.
04-26 15:41:30.929 W/libc    ( 5343): malloc(18446744073709551615) failed: returning null pointer
04-26 15:41:30.931 E/BLASTBufferQueue( 5343): [12d5896 SurfaceView[com.muonline.client/com.muonline.client.MuMainActivity]#2](f:0,a:0) rejecting buffer:active_size=2268x1080, requested_size=2268x1080 buffer{size=2268x943 transform=0}
04-26 15:41:30.945 I/MuMain  ( 5343): ADAPT fx scale: fps=2.4 frameMs=408.22 1.00->0.90 target=0.55
04-26 15:41:30.945 I/MuMain  ( 5343): PERF fps=2.4 frameMs=408.22 phase(render=391.97 pad=0.04 present=15.95) renderLevel=4 fxScale=1.00 maxMsg=70 avg(draw=26 verts=156 im=26 vaD=0 vaC=0 qI=0 qE=0) max(draw=26 verts=156)
04-26 15:41:30.945 I/MuMain  ( 5343): PERF_SCENE world=-1 char(live=0 vis=0 ply=0 mon=0 npc=0 pet=0 prio=0 topMon=-1 x0) obj(live=0 vis=0 op=0 trap=0 topObj=-1 x0)
04-26 15:41:30.945 I/MuMain  ( 5343): PERF_BUCKET objMove(cand=0 upd=0 def=0 n=0 m=0 f=0) objRender(cand=0 draw=0 cull=0 n=0 m=0 f=0 visDraw=0 visDef=0) charMove(cand=0 upd=0 def=0 n=0 m=0 f=0) charRender(cand=0 draw=0 def=0 cull=0 n=0 m=0 f=0)
04-26 15:41:30.945 I/MuMain  ( 5343): PERF_TERRAIN world=-1 normal(block=0 tile=0) grass(block=0 tile=0) after(block=0 tile=0)
04-26 15:41:30.945 I/MuMain  ( 5343): Frame 0 — drawCalls=26 verts=156 paths(im=26 vaD=0 vaC=0 qI=0 qE=0) SDL_err='Couldn't open asset '/storage/emulated/0/Android/data/com.muonline.client/files/Data/fonts/font_.ttf''
04-26 15:41:30.946 I/TakumiErrorReport( 5343): File not found Data\Interface\lo_back_im01.jpg (31125)->Data\Interface\lo_back_s5_im01.jpg
04-26 15:41:30.946 W/GFXSTREAM( 5343): [GLESv2Validation.cpp(1217)] Error internal format: 0x3 is invalid.
04-26 15:41:30.946 E/GFXSTREAM( 5343): [GL2Encoder.cpp(2814)] GL error 0x501 condition [!GLESv2Validation::pixelFormat(ctx, internalformat) && !GLESv2Validation::pixelInternalFormat(internalformat)].
04-26 15:41:30.946 I/TakumiErrorReport( 5343): File not found Data\Interface\lo_back_im02.jpg (31126)->Data\Interface\lo_back_s5_im02.jpg
04-26 15:41:30.947 W/GFXSTREAM( 5343): [GLESv2Validation.cpp(1217)] Error internal format: 0x3 is invalid.
04-26 15:41:30.947 E/GFXSTREAM( 5343): [GL2Encoder.cpp(2814)] GL error 0x501 condition [!GLESv2Validation::pixelFormat(ctx, internalformat) && !GLESv2Validation::pixelInternalFormat(internalformat)].
04-26 15:41:30.947 I/TakumiErrorReport( 5343): File not found Data\Interface\lo_back_im03.jpg (31127)->Data\Interface\lo_back_s5_im03.jpg
04-26 15:41:30.947 W/GFXSTREAM( 5343): [GLESv2Validation.cpp(1217)] Error internal format: 0x3 is invalid.
04-26 15:41:30.947 E/GFXSTREAM( 5343): [GL2Encoder.cpp(2814)] GL error 0x501 condition [!GLESv2Validation::pixelFormat(ctx, internalformat) && !GLESv2Validation::pixelInternalFormat(internalformat)].
04-26 15:41:30.947 I/TakumiErrorReport( 5343): File not found Data\Interface\lo_back_im04.jpg (31128)->Data\Interface\lo_back_s5_im04.jpg
04-26 15:41:30.948 W/GFXSTREAM( 5343): [GLESv2Validation.cpp(1217)] Error internal format: 0x3 is invalid.
04-26 15:41:30.948 E/GFXSTREAM( 5343): [GL2Encoder.cpp(2814)] GL error 0x501 condition [!GLESv2Validation::pixelFormat(ctx, internalformat) && !GLESv2Validation::pixelInternalFormat(internalformat)].
04-26 15:41:30.948 I/TakumiErrorReport( 5343): File not found Data\Interface\lo_back_im05.jpg (31129)->Data\Interface\lo_back_s5_im05.jpg
04-26 15:41:30.948 W/GFXSTREAM( 5343): [GLESv2Validation.cpp(1217)] Error internal format: 0x3 is invalid.
04-26 15:41:30.948 E/GFXSTREAM( 5343): [GL2Encoder.cpp(2814)] GL error 0x501 condition [!GLESv2Validation::pixelFormat(ctx, internalformat) && !GLESv2Validation::pixelInternalFormat(internalformat)].
04-26 15:41:30.948 I/TakumiErrorReport( 5343): File not found Data\Interface\lo_back_im06.jpg (31130)->Data\Interface\lo_back_s5_im06.jpg
04-26 15:41:30.948 W/GFXSTREAM( 5343): [GLESv2Validation.cpp(1217)] Error internal format: 0x3 is invalid.
04-26 15:41:30.948 E/GFXSTREAM( 5343): [GL2Encoder.cpp(2814)] GL error 0x501 condition [!GLESv2Validation::pixelFormat(ctx, internalformat) && !GLESv2Validation::pixelInternalFormat(internalformat)].
04-26 15:41:30.949 I/TakumiErrorReport( 5343): File not found Data\Effect\Shiny05.jpg (32118)->Data\Effect\Shiny04.jpg
04-26 15:41:30.949 W/GFXSTREAM( 5343): [GLESv2Validation.cpp(1217)] Error internal format: 0x3 is invalid.
04-26 15:41:30.949 E/GFXSTREAM( 5343): [GL2Encoder.cpp(2814)] GL error 0x501 condition [!GLESv2Validation::pixelFormat(ctx, internalformat) && !GLESv2Validation::pixelInternalFormat(internalformat)].
04-26 15:41:30.950 I/TakumiErrorReport( 5343): File not found Data\Effect\Shiny04.jpg (32118)->Data\Effect\Shiny05.jpg
04-26 15:41:30.950 W/GFXSTREAM( 5343): [GLESv2Validation.cpp(1217)] Error internal format: 0x3 is invalid.
04-26 15:41:30.950 E/GFXSTREAM( 5343): [GL2Encoder.cpp(2814)] GL error 0x501 condition [!GLESv2Validation::pixelFormat(ctx, internalformat) && !GLESv2Validation::pixelInternalFormat(internalformat)].
04-26 15:41:30.951 I/TakumiErrorReport( 5343): > First Load Files OK.
04-26 15:41:31.227 I/wpa_supplicant( 1016): wlan0: CTRL-EVENT-BEACON-LOSS 
04-26 15:41:31.672 I/AdbWifiNetworkMonitor(  736): Wi-Fi network available
04-26 15:41:31.672 I/AdbWifiNetworkMonitor(  736): Received the same Wi-Fi SSID. Ignoring.
04-26 15:41:31.676 W/libbinder.IPCThreadState(  736): Sending oneway calls to frozen process.
04-26 15:41:31.676 W/libbinder.IPCThreadState(  736): Sending oneway calls to frozen process.
04-26 15:41:31.676 I/HalDevMgr(  736): bestIfaceCreationProposal is null, requestIface=STA, existingIface=[name=wlan0 type=STA]
04-26 15:41:31.679 I/NullBinder( 1366): NullBinder for android.net.action.RECOMMEND_NETWORKS triggering remote TransactionTooLargeException due to Service without Chimera impl, calling uid: 1000, calling pid: 0
04-26 15:41:31.679 W/libbinder.Binder( 1366): Large reply transaction of 1056768 bytes, interface descriptor , function: UNKNOWN_FUNCTION_NAME, code: 1, flags: 17
04-26 15:41:31.952 E/Nl80211Native(  736): getChannelsMhzForBand: Wiphy index not recorded for band 8
04-26 15:41:31.953 E/Nl80211Native(  736): getChannelsMhzForBand: Wiphy index not recorded for band 16
04-26 15:41:31.953 D/Nl80211Native(  736): Ignoring unsupported scan type 2
04-26 15:41:31.953 I/Nl80211Proxy(  736): Sending Nl80211 message: GenericNetlinkMsg{ nlHeader{StructNlMsgHdr{ nlmsg_len{56}, nlmsg_type{30()}, nlmsg_flags{5(NLM_F_REQUEST|NLM_F_ACK)}, nlmsg_seq{36}, nlmsg_pid{0} }}, genNlHeader{StructGenNlMsgHdr{ command{33}, version{1}, reserved{0} }}, attributes{[StructNlAttr{ nla_len{8}, nla_type{-32723}, nla_value{04000000}, }, StructNlAttr{ nla_len{8}, nla_type{3}, nla_value{10000000}, }, StructNlAttr{ nla_len{12}, nla_type{-32724}, nla_value{080000008F090000}, }, StructNlAttr{ nla_len{8}, nla_type{158}, nla_value{00000000}, }]} }
04-26 15:41:31.954 I/Nl80211Proxy(  736): Received NLMSG_ERROR with error 0 for message GenericNetlinkMsg{ nlHeader{StructNlMsgHdr{ nlmsg_len{56}, nlmsg_type{30()}, nlmsg_flags{5(NLM_F_REQUEST|NLM_F_ACK)}, nlmsg_seq{36}, nlmsg_pid{0} }}, genNlHeader{StructGenNlMsgHdr{ command{33}, version{1}, reserved{0} }}, attributes{[StructNlAttr{ nla_len{8}, nla_type{-32723}, nla_value{04000000}, }, StructNlAttr{ nla_len{8}, nla_type{3}, nla_value{10000000}, }, StructNlAttr{ nla_len{12}, nla_type{-32724}, nla_value{080000008F090000}, }, StructNlAttr{ nla_len{8}, nla_type{158}, nla_value{00000000}, }]} }
04-26 15:41:31.997 D/WifiNative(  736): Scan result ready event
04-26 15:41:31.998 I/Nl80211Proxy(  736): Sending Nl80211 message: GenericNetlinkMsg{ nlHeader{StructNlMsgHdr{ nlmsg_len{20}, nlmsg_type{30()}, nlmsg_flags{769(NLM_F_REQUEST|NLM_F_DUMP)}, nlmsg_seq{37}, nlmsg_pid{0} }}, genNlHeader{StructGenNlMsgHdr{ command{5}, version{1}, reserved{0} }}, attributes{[]} }
04-26 15:41:31.998 I/Nl80211Proxy(  736): Received NLMSG_DONE for message GenericNetlinkMsg{ nlHeader{StructNlMsgHdr{ nlmsg_len{20}, nlmsg_type{30()}, nlmsg_flags{769(NLM_F_REQUEST|NLM_F_DUMP)}, nlmsg_seq{37}, nlmsg_pid{0} }}, genNlHeader{StructGenNlMsgHdr{ command{5}, version{1}, reserved{0} }}, attributes{[]} }
04-26 15:41:31.998 W/Nl80211Utils(  736): Malformed NEW_INTERFACE response: missing attributes
04-26 15:41:31.998 I/Nl80211Proxy(  736): Sending Nl80211 message: GenericNetlinkMsg{ nlHeader{StructNlMsgHdr{ nlmsg_len{28}, nlmsg_type{30()}, nlmsg_flags{769(NLM_F_REQUEST|NLM_F_DUMP)}, nlmsg_seq{38}, nlmsg_pid{0} }}, genNlHeader{StructGenNlMsgHdr{ command{32}, version{1}, reserved{0} }}, attributes{[StructNlAttr{ nla_len{8}, nla_type{3}, nla_value{10000000}, }]} }
04-26 15:41:31.998 I/Nl80211Proxy(  736): Received NLMSG_DONE for message GenericNetlinkMsg{ nlHeader{StructNlMsgHdr{ nlmsg_len{28}, nlmsg_type{30()}, nlmsg_flags{769(NLM_F_REQUEST|NLM_F_DUMP)}, nlmsg_seq{38}, nlmsg_pid{0} }}, genNlHeader{StructGenNlMsgHdr{ command{32}, version{1}, reserved{0} }}, attributes{[StructNlAttr{ nla_len{8}, nla_type{3}, nla_value{10000000}, }]} }
04-26 15:41:31.999 I/WifiScanner( 1366): onFullResults
04-26 15:41:31.999 I/WifiScanner( 1366): onFullResults
04-26 15:41:32.002 I/HalDevMgr(  736): bestIfaceCreationProposal is null, requestIface=STA, existingIface=[name=wlan0 type=STA]
04-26 15:41:32.581 E/TaskPersister(  736): File error accessing recents directory (directory doesn't exist?).
04-26 15:41:33.528 I/artd    ( 2780): GetBestInfo: odex next to the dex file (/data/app/~~PqdBwR9WSFUNw4iaJMgoGg==/com.google.android.gms-95Dc1VeYXyONiCBDqz_lkA==/oat/x86_64/base.odex) is kOatUpToDate with filter 'speed-profile' executable 'false'
04-26 15:41:33.530 I/artd    ( 2780): GetBestInfo: dm (/data/app/~~PqdBwR9WSFUNw4iaJMgoGg==/com.google.android.gms-95Dc1VeYXyONiCBDqz_lkA==/split_AdsDynamite_installtime.dm) is kOatUpToDate with filter 'verify' executable 'false'
04-26 15:41:33.531 I/artd    ( 2780): GetBestInfo: dm (/data/app/~~PqdBwR9WSFUNw4iaJMgoGg==/com.google.android.gms-95Dc1VeYXyONiCBDqz_lkA==/split_CronetDynamite_installtime.dm) is kOatUpToDate with filter 'verify' executable 'false'
04-26 15:41:33.533 I/artd    ( 2780): GetBestInfo: dm (/data/app/~~PqdBwR9WSFUNw4iaJMgoGg==/com.google.android.gms-95Dc1VeYXyONiCBDqz_lkA==/split_DynamiteLoader_installtime.dm) is kOatUpToDate with filter 'verify' executable 'false'
04-26 15:41:33.534 I/artd    ( 2780): GetBestInfo: dm (/data/app/~~PqdBwR9WSFUNw4iaJMgoGg==/com.google.android.gms-95Dc1VeYXyONiCBDqz_lkA==/split_DynamiteModulesA_installtime.dm) is kOatUpToDate with filter 'verify' executable 'false'
04-26 15:41:33.536 I/artd    ( 2780): GetBestInfo: dm (/data/app/~~PqdBwR9WSFUNw4iaJMgoGg==/com.google.android.gms-95Dc1VeYXyONiCBDqz_lkA==/split_DynamiteModulesC_installtime.dm) is kOatUpToDate with filter 'verify' executable 'false'
04-26 15:41:33.538 I/artd    ( 2780): GetBestInfo: dm (/data/app/~~PqdBwR9WSFUNw4iaJMgoGg==/com.google.android.gms-95Dc1VeYXyONiCBDqz_lkA==/split_GoogleCertificates_installtime.dm) is kOatUpToDate with filter 'verify' executable 'false'
04-26 15:41:33.539 I/artd    ( 2780): GetBestInfo: dm (/data/app/~~PqdBwR9WSFUNw4iaJMgoGg==/com.google.android.gms-95Dc1VeYXyONiCBDqz_lkA==/split_MapsDynamite_installtime.dm) is kOatUpToDate with filter 'verify' executable 'false'
04-26 15:41:33.541 I/artd    ( 2780): GetBestInfo: dm (/data/app/~~PqdBwR9WSFUNw4iaJMgoGg==/com.google.android.gms-95Dc1VeYXyONiCBDqz_lkA==/split_MeasurementDynamite_installtime.dm) is kOatUpToDate with filter 'verify' executable 'false'
04-26 15:41:33.542 I/artd    ( 2780): GetBestInfo: dm (/data/app/~~PqdBwR9WSFUNw4iaJMgoGg==/com.google.android.gms-95Dc1VeYXyONiCBDqz_lkA==/split_all_locale_splits.dm) is kOatUpToDate with filter 'verify' executable 'false'
04-26 15:41:33.543 I/artd    ( 2780): GetBestInfo: /data/user_de/0/com.google.android.gms/app_chimera/m/0000000a/dl-TfliteDynamiteDynamite.integ_252130102100800.apk has no usable artifacts
04-26 15:41:33.544 I/artd    ( 2780): GetBestInfo: /data/user_de/0/com.google.android.gms/app_chimera/m/00000001/CronetDynamite.apk has no usable artifacts
04-26 15:41:33.545 I/artd    ( 2780): GetBestInfo: /data/user_de/0/com.google.android.gms/app_chimera/m/00000016/dl-MlkitOcrCommon.optional_261332100800.apk has no usable artifacts
04-26 15:41:33.545 I/artd    ( 2780): GetBestInfo: /data/user_de/0/com.google.android.gms/app_chimera/m/00000002/DynamiteLoader.apk has no usable artifacts
04-26 15:41:33.547 I/artd    ( 2780): GetBestInfo: /data/user_de/0/com.google.android.gms/app_chimera/m/0000000e/dl-MlkitBarcodeUi.optional_260235100800.apk has no usable artifacts
04-26 15:41:33.548 I/artd    ( 2780): GetBestInfo: /data/user_de/0/com.google.android.gms/app_chimera/m/00000013/dl-Appsearch.optional_261332100800.apk has no usable artifacts
04-26 15:41:33.549 I/artd    ( 2780): GetBestInfo: /data/user_de/0/com.google.android.gms/app_chimera/m/00000005/GoogleCertificates.apk has no usable artifacts
04-26 15:41:33.550 I/artd    ( 2780): GetBestInfo: /data/user_de/0/com.google.android.gms/app_chimera/m/00000012/dl-PlayCloudSearch.optional_261332100000.apk has no usable artifacts
04-26 15:41:33.552 I/artd    ( 2780): GetBestInfo: vdex next to the dex file (/data/user/0/com.google.android.gms/app_dg_cache/B3ED91DEC21F0EB5284BE10D982ABEAAC45F5C48/oat/x86_64/the.vdex) is kOatUpToDate with filter 'verify' executable 'false'
04-26 15:41:33.553 I/artd    ( 2780): GetBestInfo: /data/user_de/0/com.google.android.gms/app_chimera/m/0000000f/dl-PlayCloudSearch.optional_260235100000.apk has no usable artifacts
04-26 15:41:33.555 I/artd    ( 2780): GetBestInfo: /data/user_de/0/com.google.android.gms/app_chimera/m/00000008/dl-VisionOcr.optional_260235100000.apk has no usable artifacts
04-26 15:41:33.556 I/artd    ( 2780): GetBestInfo: /data/user_de/0/com.google.android.gms/app_chimera/m/0000000b/dl-Appsearch.optional_260235100800.apk has no usable artifacts
04-26 15:41:33.557 I/artd    ( 2780): GetBestInfo: /data/user_de/0/com.google.android.gms/app_chimera/m/00000011/dl-VisionOcr.optional_261332100000.apk has no usable artifacts
04-26 15:41:33.559 I/artd    ( 2780): GetBestInfo: /data/user_de/0/com.google.android.gms/app_chimera/m/00000015/dl-MlkitBarcodeUi.optional_261332100800.apk has no usable artifacts
04-26 15:41:33.560 I/artd    ( 2780): GetBestInfo: /data/user_de/0/com.google.android.gms/app_chimera/m/00000009/dl-MlkitOcrCommon.optional_260235100800.apk has no usable artifacts
04-26 15:41:33.562 I/artd    ( 2780): GetBestInfo: vdex next to the dex file (/data/user/0/com.google.android.gms/app_dg_cache/CE973E4DE823F0AA69070767A9FABB590DDD455C/oat/x86_64/the.vdex) is kOatUpToDate with filter 'verify' executable 'false'
04-26 15:41:33.562 I/artd    ( 2780): GetBestInfo: /data/user_de/0/com.google.android.gms/app_chimera/m/00000007/MeasurementDynamite.apk has no usable artifacts
04-26 15:41:33.818 I/libbinder.IPCThreadState( 4164): oneway function results for code 2 on binder at 0x733fdca67c60 will be dropped but finished with status UNKNOWN_TRANSACTION
04-26 15:41:33.822 D/BoundBrokerSvc( 1867): onUnbind: Intent { act=com.google.android.gms.potokens.service.START dat=chimera-action:/... xflg=0x4 cmp=com.google.android.gms/.chimera.GmsApiService }
04-26 15:41:33.825 I/Finsky:background( 4276): [2] Memory trim requested to level 40
04-26 15:41:34.681 I/AdbWifiNetworkMonitor(  736): Wi-Fi network available
04-26 15:41:34.681 I/AdbWifiNetworkMonitor(  736): Received the same Wi-Fi SSID. Ignoring.
04-26 15:41:34.684 W/libbinder.IPCThreadState(  736): Sending oneway calls to frozen process.
04-26 15:41:34.684 I/NullBinder( 1366): NullBinder for android.net.action.RECOMMEND_NETWORKS triggering remote TransactionTooLargeException due to Service without Chimera impl, calling uid: 1000, calling pid: 0
04-26 15:41:34.684 W/libbinder.Binder( 1366): Large reply transaction of 1056768 bytes, interface descriptor , function: UNKNOWN_FUNCTION_NAME, code: 1, flags: 17
04-26 15:41:34.684 W/libbinder.IPCThreadState(  736): Sending oneway calls to frozen process.
04-26 15:41:34.685 I/HalDevMgr(  736): bestIfaceCreationProposal is null, requestIface=STA, existingIface=[name=wlan0 type=STA]
04-26 15:41:37.692 I/HalDevMgr(  736): bestIfaceCreationProposal is null, requestIface=STA, existingIface=[name=wlan0 type=STA]
04-26 15:41:38.234 I/PackageWatchdog(  736): Syncing state, reason: observing new packages
04-26 15:41:38.234 D/PackageWatchdog(  736): rescue-party-observer added the following packages to monitor [com.google.android.networkstack]
04-26 15:41:38.234 I/PackageWatchdog(  736): Updated health check state for package com.google.android.networkstack: PASSED -> INACTIVE
04-26 15:41:38.234 I/PackageWatchdog(  736): Syncing state, reason: updated observers
04-26 15:41:38.234 I/PackageWatchdog(  736): Not pruning observers, elapsed time: 0ms
04-26 15:41:38.235 I/PackageWatchdog(  736): Saving observer state to file
04-26 15:41:38.237 I/PackageWatchdog(  736): Syncing health check requests for packages: {com.google.android.networkstack}
04-26 15:41:38.237 I/ExplicitHealthCheckController(  736): Service not ready to get health check supported packages. Binding...
04-26 15:41:38.239 I/ExplicitHealthCheckController(  736): Explicit health check service is bound
04-26 15:41:38.240 I/ExplicitHealthCheckController(  736): Explicit health check service is connected ComponentInfo{com.google.android.ext.services/android.ext.services.watchdog.ExplicitHealthCheckServiceImpl}
04-26 15:41:38.240 I/ExplicitHealthCheckController(  736): Service initialized, syncing requests
04-26 15:41:38.240 I/PackageWatchdog(  736): Syncing health check requests for packages: {com.google.android.networkstack}
04-26 15:41:38.240 D/ExplicitHealthCheckController(  736): Getting health check supported packages
04-26 15:41:38.241 I/ExplicitHealthCheckController(  736): Explicit health check supported packages [PackageConfig{com.google.android.networkstack, 86400000}]
04-26 15:41:38.241 D/PackageWatchdog(  736): Received supported packages [PackageConfig{com.google.android.networkstack, 86400000}]
04-26 15:41:38.241 I/PackageWatchdog(  736): Updated health check state for package com.google.android.networkstack: INACTIVE -> ACTIVE
04-26 15:41:38.241 I/PackageWatchdog(  736): Syncing state, reason: updated health check supported packages [PackageConfig{com.google.android.networkstack, 86400000}]
04-26 15:41:38.241 D/ExplicitHealthCheckController(  736): Getting health check requested packages
04-26 15:41:38.241 I/PackageWatchdog(  736): Saving observer state to file
04-26 15:41:38.242 I/ExplicitHealthCheckController(  736): Explicit health check requested packages []
04-26 15:41:38.242 I/ExplicitHealthCheckController(  736): Requesting health check for package com.google.android.networkstack
04-26 15:41:38.244 D/CompatChangeReporter(  736): Compat change id reported: 349487600; UID 10226; state: ENABLED
04-26 15:41:38.246 D/ConnectivityService(  736): NetReassign [no changes] [c 0] [a 0] [i 1]
04-26 15:41:38.246 I/PackageWatchdog(  736): Health check passed for package: com.google.android.networkstack
04-26 15:41:38.246 I/PackageWatchdog(  736): Updated health check state for package com.google.android.networkstack: ACTIVE -> PASSED
04-26 15:41:38.246 I/PackageWatchdog(  736): Syncing state, reason: health check passed for com.google.android.networkstack
04-26 15:41:38.247 I/PackageWatchdog(  736): Saving observer state to file
04-26 15:41:38.247 I/PackageWatchdog(  736): Syncing health check requests for packages: {}
04-26 15:41:38.247 D/ExplicitHealthCheckController(  736): Getting health check supported packages
04-26 15:41:38.249 I/ExplicitHealthCheckController(  736): Explicit health check supported packages [PackageConfig{com.google.android.networkstack, 86400000}]
04-26 15:41:38.249 D/PackageWatchdog(  736): Received supported packages [PackageConfig{com.google.android.networkstack, 86400000}]
04-26 15:41:38.249 D/ExplicitHealthCheckController(  736): Getting health check requested packages
04-26 15:41:38.249 I/ExplicitHealthCheckController(  736): Explicit health check requested packages []
04-26 15:41:38.249 I/ExplicitHealthCheckController(  736): No more health check requests, unbinding...
04-26 15:41:38.250 I/ExplicitHealthCheckController(  736): Explicit health check service is unbound
04-26 15:41:38.444 D/SatelliteController( 1203): isInCarrierRoamingNbIotNtn: satellite is disabled
04-26 15:41:38.444 D/SatelliteController( 1203): getCarrierRoamingNtnConnectType: Checking connect type from PLMN config for subId: 1
04-26 15:41:38.446 D/SatelliteController( 1203): getSatellitePerPlmnConfiguration: invalid subId or not supported via carrier.
04-26 15:41:38.446 D/SatelliteController( 1203): getCarrierRoamingNtnConnectType: config: null
04-26 15:41:38.446 D/SatelliteController( 1203): getCarrierRoamingNtnConnectType: Falling back to global carrier config connect type: 0
04-26 15:41:38.447 D/SatelliteController( 1203): updateLastNotifiedCarrierRoamingNtnSignalStrengthAndNotify(1)
04-26 15:41:38.447 D/SatelliteController( 1203): updateLastNotifiedCarrierRoamingNtnSignalStrengthAndNotify(1) lastNotifiedSignalStrength level: 0
04-26 15:41:38.447 D/SatelliteController( 1203): updateLastNotifiedCarrierRoamingNtnSignalStrengthAndNotify(1) currSignalStrength level: 0
04-26 15:41:39.419 I/wpa_supplicant( 1016): wlan0: CTRL-EVENT-BEACON-LOSS 
04-26 15:41:39.500 D/ActivityManager(  736): freezing 4164 com.android.vending
04-26 15:41:40.697 I/AdbWifiNetworkMonitor(  736): Wi-Fi network available
04-26 15:41:40.697 I/AdbWifiNetworkMonitor(  736): Received the same Wi-Fi SSID. Ignoring.
04-26 15:41:40.700 W/libbinder.IPCThreadState(  736): Sending oneway calls to frozen process.
04-26 15:41:40.700 W/libbinder.IPCThreadState(  736): Sending oneway calls to frozen process.
04-26 15:41:40.700 I/HalDevMgr(  736): bestIfaceCreationProposal is null, requestIface=STA, existingIface=[name=wlan0 type=STA]
04-26 15:41:40.701 W/libbinder.IPCThreadState(  736): Sending oneway calls to frozen process.
04-26 15:41:40.702 W/libbinder.IPCThreadState(  736): Sending oneway calls to frozen process.
04-26 15:41:40.703 I/NullBinder( 1366): NullBinder for android.net.action.RECOMMEND_NETWORKS triggering remote TransactionTooLargeException due to Service without Chimera impl, calling uid: 1000, calling pid: 0
04-26 15:41:40.703 W/libbinder.Binder( 1366): Large reply transaction of 1056768 bytes, interface descriptor , function: UNKNOWN_FUNCTION_NAME, code: 1, flags: 17
04-26 15:41:41.631 D/InetDiagMessage(  736): Destroyed 0 sockets, proto=IPPROTO_TCP, family=AF_INET, states=14
04-26 15:41:41.632 D/InetDiagMessage(  736): Destroyed 0 sockets, proto=IPPROTO_TCP, family=AF_INET6, states=14
04-26 15:41:41.632 D/InetDiagMessage(  736): Destroyed live tcp sockets for uids={10160} in 1ms
04-26 15:41:41.632 D/InetDiagMessage(  736): Destroyed 0 sockets, proto=IPPROTO_TCP, family=AF_INET, states=14
04-26 15:41:41.632 D/InetDiagMessage(  736): Destroyed 0 sockets, proto=IPPROTO_TCP, family=AF_INET6, states=14
04-26 15:41:41.633 D/InetDiagMessage(  736): Destroyed live tcp sockets for uids={20160} in 1ms
04-26 15:41:43.528 I/artd    ( 2780): GetBestInfo: odex next to the dex file (/data/app/~~PqdBwR9WSFUNw4iaJMgoGg==/com.google.android.gms-95Dc1VeYXyONiCBDqz_lkA==/oat/x86_64/base.odex) is kOatUpToDate with filter 'speed-profile' executable 'false'
04-26 15:41:43.529 I/artd    ( 2780): GetBestInfo: dm (/data/app/~~PqdBwR9WSFUNw4iaJMgoGg==/com.google.android.gms-95Dc1VeYXyONiCBDqz_lkA==/split_AdsDynamite_installtime.dm) is kOatUpToDate with filter 'verify' executable 'false'
04-26 15:41:43.531 I/artd    ( 2780): GetBestInfo: dm (/data/app/~~PqdBwR9WSFUNw4iaJMgoGg==/com.google.android.gms-95Dc1VeYXyONiCBDqz_lkA==/split_CronetDynamite_installtime.dm) is kOatUpToDate with filter 'verify' executable 'false'
04-26 15:41:43.532 I/artd    ( 2780): GetBestInfo: dm (/data/app/~~PqdBwR9WSFUNw4iaJMgoGg==/com.google.android.gms-95Dc1VeYXyONiCBDqz_lkA==/split_DynamiteLoader_installtime.dm) is kOatUpToDate with filter 'verify' executable 'false'
04-26 15:41:43.534 I/artd    ( 2780): GetBestInfo: dm (/data/app/~~PqdBwR9WSFUNw4iaJMgoGg==/com.google.android.gms-95Dc1VeYXyONiCBDqz_lkA==/split_DynamiteModulesA_installtime.dm) is kOatUpToDate with filter 'verify' executable 'false'
04-26 15:41:43.536 I/artd    ( 2780): GetBestInfo: dm (/data/app/~~PqdBwR9WSFUNw4iaJMgoGg==/com.google.android.gms-95Dc1VeYXyONiCBDqz_lkA==/split_DynamiteModulesC_installtime.dm) is kOatUpToDate with filter 'verify' executable 'false'
04-26 15:41:43.537 I/artd    ( 2780): GetBestInfo: dm (/data/app/~~PqdBwR9WSFUNw4iaJMgoGg==/com.google.android.gms-95Dc1VeYXyONiCBDqz_lkA==/split_GoogleCertificates_installtime.dm) is kOatUpToDate with filter 'verify' executable 'false'
04-26 15:41:43.539 I/artd    ( 2780): GetBestInfo: dm (/data/app/~~PqdBwR9WSFUNw4iaJMgoGg==/com.google.android.gms-95Dc1VeYXyONiCBDqz_lkA==/split_MapsDynamite_installtime.dm) is kOatUpToDate with filter 'verify' executable 'false'
04-26 15:41:43.541 I/artd    ( 2780): GetBestInfo: dm (/data/app/~~PqdBwR9WSFUNw4iaJMgoGg==/com.google.android.gms-95Dc1VeYXyONiCBDqz_lkA==/split_MeasurementDynamite_installtime.dm) is kOatUpToDate with filter 'verify' executable 'false'
04-26 15:41:43.542 I/artd    ( 2780): GetBestInfo: dm (/data/app/~~PqdBwR9WSFUNw4iaJMgoGg==/com.google.android.gms-95Dc1VeYXyONiCBDqz_lkA==/split_all_locale_splits.dm) is kOatUpToDate with filter 'verify' executable 'false'
04-26 15:41:43.543 I/artd    ( 2780): GetBestInfo: /data/user_de/0/com.google.android.gms/app_chimera/m/0000000a/dl-TfliteDynamiteDynamite.integ_252130102100800.apk has no usable artifacts
04-26 15:41:43.544 I/artd    ( 2780): GetBestInfo: /data/user_de/0/com.google.android.gms/app_chimera/m/00000001/CronetDynamite.apk has no usable artifacts
04-26 15:41:43.545 I/artd    ( 2780): GetBestInfo: /data/user_de/0/com.google.android.gms/app_chimera/m/00000016/dl-MlkitOcrCommon.optional_261332100800.apk has no usable artifacts
04-26 15:41:43.546 I/artd    ( 2780): GetBestInfo: /data/user_de/0/com.google.android.gms/app_chimera/m/00000002/DynamiteLoader.apk has no usable artifacts
04-26 15:41:43.548 I/artd    ( 2780): GetBestInfo: /data/user_de/0/com.google.android.gms/app_chimera/m/0000000e/dl-MlkitBarcodeUi.optional_260235100800.apk has no usable artifacts
04-26 15:41:43.549 I/artd    ( 2780): GetBestInfo: /data/user_de/0/com.google.android.gms/app_chimera/m/00000013/dl-Appsearch.optional_261332100800.apk has no usable artifacts
04-26 15:41:43.550 I/artd    ( 2780): GetBestInfo: /data/user_de/0/com.google.android.gms/app_chimera/m/00000005/GoogleCertificates.apk has no usable artifacts
04-26 15:41:43.551 I/artd    ( 2780): GetBestInfo: /data/user_de/0/com.google.android.gms/app_chimera/m/00000012/dl-PlayCloudSearch.optional_261332100000.apk has no usable artifacts
04-26 15:41:43.553 I/artd    ( 2780): GetBestInfo: vdex next to the dex file (/data/user/0/com.google.android.gms/app_dg_cache/B3ED91DEC21F0EB5284BE10D982ABEAAC45F5C48/oat/x86_64/the.vdex) is kOatUpToDate with filter 'verify' executable 'false'
04-26 15:41:43.555 I/artd    ( 2780): GetBestInfo: /data/user_de/0/com.google.android.gms/app_chimera/m/0000000f/dl-PlayCloudSearch.optional_260235100000.apk has no usable artifacts
04-26 15:41:43.557 I/artd    ( 2780): GetBestInfo: /data/user_de/0/com.google.android.gms/app_chimera/m/00000008/dl-VisionOcr.optional_260235100000.apk has no usable artifacts
04-26 15:41:43.558 I/artd    ( 2780): GetBestInfo: /data/user_de/0/com.google.android.gms/app_chimera/m/0000000b/dl-Appsearch.optional_260235100800.apk has no usable artifacts
04-26 15:41:43.560 I/artd    ( 2780): GetBestInfo: /data/user_de/0/com.google.android.gms/app_chimera/m/00000011/dl-VisionOcr.optional_261332100000.apk has no usable artifacts
04-26 15:41:43.561 I/artd    ( 2780): GetBestInfo: /data/user_de/0/com.google.android.gms/app_chimera/m/00000015/dl-MlkitBarcodeUi.optional_261332100800.apk has no usable artifacts
04-26 15:41:43.563 I/artd    ( 2780): GetBestInfo: /data/user_de/0/com.google.android.gms/app_chimera/m/00000009/dl-MlkitOcrCommon.optional_260235100800.apk has no usable artifacts
04-26 15:41:43.565 I/artd    ( 2780): GetBestInfo: vdex next to the dex file (/data/user/0/com.google.android.gms/app_dg_cache/CE973E4DE823F0AA69070767A9FABB590DDD455C/oat/x86_64/the.vdex) is kOatUpToDate with filter 'verify' executable 'false'
04-26 15:41:43.565 I/artd    ( 2780): GetBestInfo: /data/user_de/0/com.google.android.gms/app_chimera/m/00000007/MeasurementDynamite.apk has no usable artifacts
04-26 15:41:43.709 I/HalDevMgr(  736): bestIfaceCreationProposal is null, requestIface=STA, existingIface=[name=wlan0 type=STA]
04-26 15:41:43.829 D/ActivityManager(  736): freezing 4276 com.android.vending:background
04-26 15:41:43.832 D/InetDiagMessage(  736): Destroyed 0 sockets, proto=IPPROTO_TCP, family=AF_INET, states=14
04-26 15:41:43.833 D/InetDiagMessage(  736): Destroyed 2 sockets, proto=IPPROTO_TCP, family=AF_INET6, states=14
04-26 15:41:43.833 D/InetDiagMessage(  736): Destroyed live tcp sockets for uids={10154} in 2ms
04-26 15:41:44.818 D/BoundBrokerSvc( 1867): onUnbind: Intent { act=com.google.android.gms.feedback.internal.IFeedbackService dat=chimera-action:/... xflg=0x4 cmp=com.google.android.gms/.chimera.GmsBoundBrokerService }
04-26 15:41:45.029 D/BoundBrokerSvc( 1366): onUnbind: Intent { act=com.google.android.gms.libs.gmscorelogger.service.START dat=chimera-action:/... xflg=0x4 cmp=com.google.android.gms/.chimera.PersistentDirectBootAwareApiService }
04-26 15:41:45.896 D/ActivityManager(  736): sync unfroze 4164 com.android.vending for 6
04-26 15:41:45.911 D/BoundBrokerSvc( 1867): onUnbind: Intent { act=com.google.android.gms.safetynet.service.START xflg=0x4 pkg=com.google.android.gms }
04-26 15:41:45.911 I/NetworkScheduler.Stats( 1366): (REDACTED) Task %s/%s started execution. cause:%s exec_start_elapsed_seconds: %s
04-26 15:41:45.918 I/NetworkScheduler.Stats( 1366): (REDACTED) Task %s/%s finished executing. cause:%s result: %s elapsed_millis: %s uptime_millis: %s exec_start_elapsed_seconds: %s
04-26 15:41:45.947 W/ProcessStats(  736): Tracking association SourceState{d420d0a system/1000 ImpBg #2267} whose proc state 6 is better than process ProcessState{2c5a08d com.android.vending/10154 pkg=com.android.vending} proc state 14 (17 skipped)
04-26 15:41:45.953 I/Finsky  ( 4164): [2] SCH: job service start with id 9724.
04-26 15:41:45.986 I/Finsky  ( 4164): [104] SCH: Satisfied jobs for 9724 are: 12-1
04-26 15:41:46.010 I/Finsky  ( 4164): [118] SCH: Job 12-1 starting
04-26 15:41:46.012 I/Finsky  ( 4164): [2] WM::SCH: Logging work start for 12-1
04-26 15:41:46.025 I/Finsky  ( 4164): [2] [ContentSync] job started
04-26 15:41:46.031 I/Finsky  ( 4164): [119] PSR: Package cache is empty, setup cache.
04-26 15:41:46.264 W/Finsky  ( 4164): [119] SLM: no metadata property com.android.vending.derived.apk.id found for shared library com.google.android.trichromelibrary_763204538:
04-26 15:41:46.264 W/Finsky  ( 4164): [119] SLM: no metadata property com.android.vending.sdk.version.patch found for shared library com.google.android.trichromelibrary_763204538:
04-26 15:41:46.274 I/Finsky  ( 4164): [120] Wrote 53 rows to frosting DB
04-26 15:41:46.713 I/AdbWifiNetworkMonitor(  736): Wi-Fi network available
04-26 15:41:46.713 I/AdbWifiNetworkMonitor(  736): Received the same Wi-Fi SSID. Ignoring.
04-26 15:41:46.716 W/libbinder.IPCThreadState(  736): Sending oneway calls to frozen process.
04-26 15:41:46.716 W/libbinder.IPCThreadState(  736): Sending oneway calls to frozen process.
04-26 15:41:46.719 I/HalDevMgr(  736): bestIfaceCreationProposal is null, requestIface=STA, existingIface=[name=wlan0 type=STA]
04-26 15:41:46.719 W/libbinder.IPCThreadState(  736): Sending oneway calls to frozen process.
04-26 15:41:46.720 W/libbinder.IPCThreadState(  736): Sending oneway calls to frozen process.
04-26 15:41:46.721 I/NullBinder( 1366): NullBinder for android.net.action.RECOMMEND_NETWORKS triggering remote TransactionTooLargeException due to Service without Chimera impl, calling uid: 1000, calling pid: 0
04-26 15:41:46.721 W/libbinder.Binder( 1366): Large reply transaction of 1056768 bytes, interface descriptor , function: UNKNOWN_FUNCTION_NAME, code: 1, flags: 17
04-26 15:41:46.725 W/JobService( 4164): onNetworkChanged() not implemented in com.google.android.finsky.scheduler.process.mainimpl.PhoneskyJobServiceMain. Must override in a subclass.
04-26 15:41:46.863 I/android.vending( 4164): IncrementDisableThreadFlip blocked for 7.482ms
04-26 15:41:46.896 I/system_server(  736): IncrementDisableThreadFlip blocked for 30.583ms
04-26 15:41:46.897 I/system_server(  736): Background young concurrent mark compact GC freed 20MB AllocSpace bytes, 17(944KB) LOS objects, 37% free, 35MB/57MB, paused 1.946ms,30.316ms total 50.254ms
04-26 15:41:46.910 I/Finsky  ( 4164): [119] App states replicator found 7 unowned apps
04-26 15:41:46.923 I/Finsky  ( 4164): [55] Completed 0 account content syncs with 0 successful.
04-26 15:41:46.924 I/Finsky  ( 4164): [2] [ContentSync] Installation state replication succeeded.
04-26 15:41:46.924 I/Finsky  ( 4164): [2] SCH: jobFinished: 12-1. TimeElapsed: 912ms.
04-26 15:41:46.924 I/Finsky  ( 4164): [2] WM::SCH: Logging work end for 12-1
04-26 15:41:46.941 I/Finsky  ( 4164): [56] SCH: Scheduling phonesky job Id: 1-1337, CT: 1777185491409, Constraints: [{ L: 25186278, D: 68386278, C: CHARGING_NONE, I: IDLE_NONE, N: NET_ANY, B: BATTERY_ANY }]
04-26 15:41:46.946 I/Finsky  ( 4164): [54] SCH: Scheduling 1 system job(s)
04-26 15:41:46.946 I/Finsky  ( 4164): [54] SCH: Scheduling system job Id: 9732, L: 17770741, D: 60970741, C: false, I: false, N: 1
04-26 15:41:46.952 I/Finsky  ( 4164): [118] SCH: job service finished with id 9724.
04-26 15:41:46.959 I/Finsky  ( 4164): [2] Memory trim requested to level 40
04-26 15:41:46.959 I/Finsky  ( 4164): [2] Flushing in-memory image cache
04-26 15:41:47.357 I/wpa_supplicant( 1016): wlan0: CTRL-EVENT-BEACON-LOSS 
04-26 15:41:48.444 D/SatelliteController( 1203): isInCarrierRoamingNbIotNtn: satellite is disabled
04-26 15:41:48.444 D/SatelliteController( 1203): getCarrierRoamingNtnConnectType: Checking connect type from PLMN config for subId: 1
04-26 15:41:48.447 D/SatelliteController( 1203): getSatellitePerPlmnConfiguration: invalid subId or not supported via carrier.
04-26 15:41:48.447 D/SatelliteController( 1203): getCarrierRoamingNtnConnectType: config: null
04-26 15:41:48.447 D/SatelliteController( 1203): getCarrierRoamingNtnConnectType: Falling back to global carrier config connect type: 0
04-26 15:41:48.448 D/SatelliteController( 1203): updateLastNotifiedCarrierRoamingNtnSignalStrengthAndNotify(1)
04-26 15:41:48.448 D/SatelliteController( 1203): updateLastNotifiedCarrierRoamingNtnSignalStrengthAndNotify(1) lastNotifiedSignalStrength level: 0
04-26 15:41:48.448 D/SatelliteController( 1203): updateLastNotifiedCarrierRoamingNtnSignalStrengthAndNotify(1) currSignalStrength level: 0
04-26 15:41:48.956 D/ActivityManager(  736): freezing 4376 com.google.android.permissioncontroller
04-26 15:41:48.957 D/InetDiagMessage(  736): Destroyed 0 sockets, proto=IPPROTO_TCP, family=AF_INET, states=14
04-26 15:41:48.958 D/InetDiagMessage(  736): Destroyed 0 sockets, proto=IPPROTO_TCP, family=AF_INET6, states=14
04-26 15:41:48.958 D/InetDiagMessage(  736): Destroyed live tcp sockets for uids={10211} in 1ms
04-26 15:41:49.728 I/HalDevMgr(  736): bestIfaceCreationProposal is null, requestIface=STA, existingIface=[name=wlan0 type=STA]
04-26 15:41:52.577 W/muonline.client( 5343): Cleared Reference was only reachable from finalizer (only reported once)
04-26 15:41:52.737 I/HalDevMgr(  736): bestIfaceCreationProposal is null, requestIface=STA, existingIface=[name=wlan0 type=STA]
04-26 15:41:53.548 I/artd    ( 2780): GetBestInfo: odex next to the dex file (/data/app/~~PqdBwR9WSFUNw4iaJMgoGg==/com.google.android.gms-95Dc1VeYXyONiCBDqz_lkA==/oat/x86_64/base.odex) is kOatUpToDate with filter 'speed-profile' executable 'false'
04-26 15:41:53.550 I/artd    ( 2780): GetBestInfo: dm (/data/app/~~PqdBwR9WSFUNw4iaJMgoGg==/com.google.android.gms-95Dc1VeYXyONiCBDqz_lkA==/split_AdsDynamite_installtime.dm) is kOatUpToDate with filter 'verify' executable 'false'
04-26 15:41:53.552 I/artd    ( 2780): GetBestInfo: dm (/data/app/~~PqdBwR9WSFUNw4iaJMgoGg==/com.google.android.gms-95Dc1VeYXyONiCBDqz_lkA==/split_CronetDynamite_installtime.dm) is kOatUpToDate with filter 'verify' executable 'false'
04-26 15:41:53.554 I/artd    ( 2780): GetBestInfo: dm (/data/app/~~PqdBwR9WSFUNw4iaJMgoGg==/com.google.android.gms-95Dc1VeYXyONiCBDqz_lkA==/split_DynamiteLoader_installtime.dm) is kOatUpToDate with filter 'verify' executable 'false'
04-26 15:41:53.555 I/artd    ( 2780): GetBestInfo: dm (/data/app/~~PqdBwR9WSFUNw4iaJMgoGg==/com.google.android.gms-95Dc1VeYXyONiCBDqz_lkA==/split_DynamiteModulesA_installtime.dm) is kOatUpToDate with filter 'verify' executable 'false'
04-26 15:41:53.557 I/artd    ( 2780): GetBestInfo: dm (/data/app/~~PqdBwR9WSFUNw4iaJMgoGg==/com.google.android.gms-95Dc1VeYXyONiCBDqz_lkA==/split_DynamiteModulesC_installtime.dm) is kOatUpToDate with filter 'verify' executable 'false'
04-26 15:41:53.558 I/artd    ( 2780): GetBestInfo: dm (/data/app/~~PqdBwR9WSFUNw4iaJMgoGg==/com.google.android.gms-95Dc1VeYXyONiCBDqz_lkA==/split_GoogleCertificates_installtime.dm) is kOatUpToDate with filter 'verify' executable 'false'
04-26 15:41:53.560 I/artd    ( 2780): GetBestInfo: dm (/data/app/~~PqdBwR9WSFUNw4iaJMgoGg==/com.google.android.gms-95Dc1VeYXyONiCBDqz_lkA==/split_MapsDynamite_installtime.dm) is kOatUpToDate with filter 'verify' executable 'false'
04-26 15:41:53.562 I/artd    ( 2780): GetBestInfo: dm (/data/app/~~PqdBwR9WSFUNw4iaJMgoGg==/com.google.android.gms-95Dc1VeYXyONiCBDqz_lkA==/split_MeasurementDynamite_installtime.dm) is kOatUpToDate with filter 'verify' executable 'false'
04-26 15:41:53.563 I/artd    ( 2780): GetBestInfo: dm (/data/app/~~PqdBwR9WSFUNw4iaJMgoGg==/com.google.android.gms-95Dc1VeYXyONiCBDqz_lkA==/split_all_locale_splits.dm) is kOatUpToDate with filter 'verify' executable 'false'
04-26 15:41:53.564 I/artd    ( 2780): GetBestInfo: /data/user_de/0/com.google.android.gms/app_chimera/m/0000000a/dl-TfliteDynamiteDynamite.integ_252130102100800.apk has no usable artifacts
04-26 15:41:53.565 I/artd    ( 2780): GetBestInfo: /data/user_de/0/com.google.android.gms/app_chimera/m/00000001/CronetDynamite.apk has no usable artifacts
04-26 15:41:53.566 I/artd    ( 2780): GetBestInfo: /data/user_de/0/com.google.android.gms/app_chimera/m/00000016/dl-MlkitOcrCommon.optional_261332100800.apk has no usable artifacts
04-26 15:41:53.567 I/artd    ( 2780): GetBestInfo: /data/user_de/0/com.google.android.gms/app_chimera/m/00000002/DynamiteLoader.apk has no usable artifacts
04-26 15:41:53.568 I/artd    ( 2780): GetBestInfo: /data/user_de/0/com.google.android.gms/app_chimera/m/0000000e/dl-MlkitBarcodeUi.optional_260235100800.apk has no usable artifacts
04-26 15:41:53.570 I/artd    ( 2780): GetBestInfo: /data/user_de/0/com.google.android.gms/app_chimera/m/00000013/dl-Appsearch.optional_261332100800.apk has no usable artifacts
04-26 15:41:53.570 I/artd    ( 2780): GetBestInfo: /data/user_de/0/com.google.android.gms/app_chimera/m/00000005/GoogleCertificates.apk has no usable artifacts
04-26 15:41:53.572 I/artd    ( 2780): GetBestInfo: /data/user_de/0/com.google.android.gms/app_chimera/m/00000012/dl-PlayCloudSearch.optional_261332100000.apk has no usable artifacts
04-26 15:41:53.573 I/artd    ( 2780): GetBestInfo: vdex next to the dex file (/data/user/0/com.google.android.gms/app_dg_cache/B3ED91DEC21F0EB5284BE10D982ABEAAC45F5C48/oat/x86_64/the.vdex) is kOatUpToDate with filter 'verify' executable 'false'
04-26 15:41:53.575 I/artd    ( 2780): GetBestInfo: /data/user_de/0/com.google.android.gms/app_chimera/m/0000000f/dl-PlayCloudSearch.optional_260235100000.apk has no usable artifacts
04-26 15:41:53.577 I/artd    ( 2780): GetBestInfo: /data/user_de/0/com.google.android.gms/app_chimera/m/00000008/dl-VisionOcr.optional_260235100000.apk has no usable artifacts
04-26 15:41:53.578 I/artd    ( 2780): GetBestInfo: /data/user_de/0/com.google.android.gms/app_chimera/m/0000000b/dl-Appsearch.optional_260235100800.apk has no usable artifacts
04-26 15:41:53.580 I/artd    ( 2780): GetBestInfo: /data/user_de/0/com.google.android.gms/app_chimera/m/00000011/dl-VisionOcr.optional_261332100000.apk has no usable artifacts
04-26 15:41:53.581 I/artd    ( 2780): GetBestInfo: /data/user_de/0/com.google.android.gms/app_chimera/m/00000015/dl-MlkitBarcodeUi.optional_261332100800.apk has no usable artifacts
04-26 15:41:53.583 I/artd    ( 2780): GetBestInfo: /data/user_de/0/com.google.android.gms/app_chimera/m/00000009/dl-MlkitOcrCommon.optional_260235100800.apk has no usable artifacts
04-26 15:41:53.584 I/artd    ( 2780): GetBestInfo: vdex next to the dex file (/data/user/0/com.google.android.gms/app_dg_cache/CE973E4DE823F0AA69070767A9FABB590DDD455C/oat/x86_64/the.vdex) is kOatUpToDate with filter 'verify' executable 'false'
04-26 15:41:53.585 I/artd    ( 2780): GetBestInfo: /data/user_de/0/com.google.android.gms/app_chimera/m/00000007/MeasurementDynamite.apk has no usable artifacts
04-26 15:41:54.518 D/IpClient/wlan0( 1160): addressUpdated: fec0::318:2ae9:4605:3476/64 on ifindex 16 flags 0x00000900 scope 200
04-26 15:41:54.518 D/IpClient/wlan0( 1160): addressUpdated: fec0::842a:93e7:4d8d:46d/64 on ifindex 16 flags 0x00000001 scope 200
04-26 15:41:54.518 W/AlarmManager( 1160): Unrecognized alarm listener com.android.networkstack.android.net.ip.IpClientLinkObserver$Dhcp6PdPreferredPrefixAlarmListener@909d135
04-26 15:41:54.518 D/ApfFilter( 1160): (wlan0): Adding RA fe80::2 -> ff02::1 1800s fec0::/64 86400s/14400s 
04-26 15:41:55.292 I/wpa_supplicant( 1016): wlan0: CTRL-EVENT-BEACON-LOSS 
04-26 15:41:55.741 I/AdbWifiNetworkMonitor(  736): Wi-Fi network available
04-26 15:41:55.741 I/AdbWifiNetworkMonitor(  736): Received the same Wi-Fi SSID. Ignoring.
04-26 15:41:55.743 W/libbinder.IPCThreadState(  736): Sending oneway calls to frozen process.
04-26 15:41:55.743 W/libbinder.IPCThreadState(  736): Sending oneway calls to frozen process.
04-26 15:41:55.746 W/libbinder.IPCThreadState(  736): Sending oneway calls to frozen process.
04-26 15:41:55.746 I/HalDevMgr(  736): bestIfaceCreationProposal is null, requestIface=STA, existingIface=[name=wlan0 type=STA]
04-26 15:41:55.746 W/libbinder.IPCThreadState(  736): Sending oneway calls to frozen process.
04-26 15:41:55.749 I/NullBinder( 1366): NullBinder for android.net.action.RECOMMEND_NETWORKS triggering remote TransactionTooLargeException due to Service without Chimera impl, calling uid: 1000, calling pid: 0
04-26 15:41:55.749 W/libbinder.Binder( 1366): Large reply transaction of 1056768 bytes, interface descriptor , function: UNKNOWN_FUNCTION_NAME, code: 1, flags: 17
04-26 15:41:55.927 D/ActivityManager(  736): freezing 1867 com.google.android.gms
04-26 15:41:56.960 D/ActivityManager(  736): freezing 4164 com.android.vending
04-26 15:41:56.964 D/InetDiagMessage(  736): Destroyed 0 sockets, proto=IPPROTO_TCP, family=AF_INET, states=14
04-26 15:41:56.964 D/InetDiagMessage(  736): Destroyed 0 sockets, proto=IPPROTO_TCP, family=AF_INET6, states=14
04-26 15:41:56.964 D/InetDiagMessage(  736): Destroyed live tcp sockets for uids={10154} in 1ms
04-26 15:41:58.444 D/SatelliteController( 1203): isInCarrierRoamingNbIotNtn: satellite is disabled
04-26 15:41:58.444 D/SatelliteController( 1203): getCarrierRoamingNtnConnectType: Checking connect type from PLMN config for subId: 1
04-26 15:41:58.445 D/SatelliteController( 1203): getSatellitePerPlmnConfiguration: invalid subId or not supported via carrier.
04-26 15:41:58.445 D/SatelliteController( 1203): getCarrierRoamingNtnConnectType: config: null
04-26 15:41:58.445 D/SatelliteController( 1203): getCarrierRoamingNtnConnectType: Falling back to global carrier config connect type: 0
04-26 15:41:58.445 D/SatelliteController( 1203): updateLastNotifiedCarrierRoamingNtnSignalStrengthAndNotify(1)
04-26 15:41:58.445 D/SatelliteController( 1203): updateLastNotifiedCarrierRoamingNtnSignalStrengthAndNotify(1) lastNotifiedSignalStrength level: 0
04-26 15:41:58.445 D/SatelliteController( 1203): updateLastNotifiedCarrierRoamingNtnSignalStrengthAndNotify(1) currSignalStrength level: 0
04-26 15:41:58.752 I/HalDevMgr(  736): bestIfaceCreationProposal is null, requestIface=STA, existingIface=[name=wlan0 type=STA]
04-26 15:42:01.762 I/HalDevMgr(  736): bestIfaceCreationProposal is null, requestIface=STA, existingIface=[name=wlan0 type=STA]
04-26 15:42:03.229 I/wpa_supplicant( 1016): wlan0: CTRL-EVENT-BEACON-LOSS 
04-26 15:42:03.515 I/artd    ( 2780): GetBestInfo: odex next to the dex file (/data/app/~~PqdBwR9WSFUNw4iaJMgoGg==/com.google.android.gms-95Dc1VeYXyONiCBDqz_lkA==/oat/x86_64/base.odex) is kOatUpToDate with filter 'speed-profile' executable 'false'
04-26 15:42:03.517 I/artd    ( 2780): GetBestInfo: dm (/data/app/~~PqdBwR9WSFUNw4iaJMgoGg==/com.google.android.gms-95Dc1VeYXyONiCBDqz_lkA==/split_AdsDynamite_installtime.dm) is kOatUpToDate with filter 'verify' executable 'false'
04-26 15:42:03.518 I/artd    ( 2780): GetBestInfo: dm (/data/app/~~PqdBwR9WSFUNw4iaJMgoGg==/com.google.android.gms-95Dc1VeYXyONiCBDqz_lkA==/split_CronetDynamite_installtime.dm) is kOatUpToDate with filter 'verify' executable 'false'
04-26 15:42:03.520 I/artd    ( 2780): GetBestInfo: dm (/data/app/~~PqdBwR9WSFUNw4iaJMgoGg==/com.google.android.gms-95Dc1VeYXyONiCBDqz_lkA==/split_DynamiteLoader_installtime.dm) is kOatUpToDate with filter 'verify' executable 'false'
04-26 15:42:03.521 I/artd    ( 2780): GetBestInfo: dm (/data/app/~~PqdBwR9WSFUNw4iaJMgoGg==/com.google.android.gms-95Dc1VeYXyONiCBDqz_lkA==/split_DynamiteModulesA_installtime.dm) is kOatUpToDate with filter 'verify' executable 'false'
04-26 15:42:03.523 I/artd    ( 2780): GetBestInfo: dm (/data/app/~~PqdBwR9WSFUNw4iaJMgoGg==/com.google.android.gms-95Dc1VeYXyONiCBDqz_lkA==/split_DynamiteModulesC_installtime.dm) is kOatUpToDate with filter 'verify' executable 'false'
04-26 15:42:03.524 I/artd    ( 2780): GetBestInfo: dm (/data/app/~~PqdBwR9WSFUNw4iaJMgoGg==/com.google.android.gms-95Dc1VeYXyONiCBDqz_lkA==/split_GoogleCertificates_installtime.dm) is kOatUpToDate with filter 'verify' executable 'false'
04-26 15:42:03.526 I/artd    ( 2780): GetBestInfo: dm (/data/app/~~PqdBwR9WSFUNw4iaJMgoGg==/com.google.android.gms-95Dc1VeYXyONiCBDqz_lkA==/split_MapsDynamite_installtime.dm) is kOatUpToDate with filter 'verify' executable 'false'
04-26 15:42:03.527 I/artd    ( 2780): GetBestInfo: dm (/data/app/~~PqdBwR9WSFUNw4iaJMgoGg==/com.google.android.gms-95Dc1VeYXyONiCBDqz_lkA==/split_MeasurementDynamite_installtime.dm) is kOatUpToDate with filter 'verify' executable 'false'
04-26 15:42:03.529 I/artd    ( 2780): GetBestInfo: dm (/data/app/~~PqdBwR9WSFUNw4iaJMgoGg==/com.google.android.gms-95Dc1VeYXyONiCBDqz_lkA==/split_all_locale_splits.dm) is kOatUpToDate with filter 'verify' executable 'false'
