--------- beginning of main
04-26 22:07:33.619  1219  1219 V BaseDepthController: Applying blur: 0 to Surface(name=VRI-com.google.android.apps.nexuslauncher/com.google.android.apps.nexuslauncher.NexusLauncherActivity#1692)/@0xd45637f applyImmediately: false
04-26 22:07:33.619  1219  1219 D BaseDepthController: shouldBlurWorkspace: false targetState: Normal currentStableState: Normal mCurrentBlur: 0 mLauncher.getDepthBlurTargets(): [com.android.launcher3.Workspace{573bc60 V.ED..... ........ 0,0-1080,2400 #7f0a047d app:id/workspace}, com.android.launcher3.Hotseat{7eca519 V.ED..... ........ 0,1905-1080,2400 #7f0a01f1 app:id/hotseat}]
04-26 22:07:33.626   736  5314 E RoleControllerServiceImpl: Default/fallback role holder package doesn't qualify for the role, package: com.google.android.gms, role: android.app.role.WALLET, user: 0
--------- beginning of system
04-26 22:07:33.634   736  2215 D ActivityManager: sync unfroze 14925 com.google.android.gms for 6
04-26 22:07:33.636  1219  1219 V BaseDepthController: Applying blur: 0 to Surface(name=VRI-com.google.android.apps.nexuslauncher/com.google.android.apps.nexuslauncher.NexusLauncherActivity#1692)/@0xd45637f applyImmediately: false
04-26 22:07:33.636  1219  1219 D BaseDepthController: shouldBlurWorkspace: false targetState: Normal currentStableState: Normal mCurrentBlur: 0 mLauncher.getDepthBlurTargets(): [com.android.launcher3.Workspace{573bc60 V.ED..... ........ 0,0-1080,2400 #7f0a047d app:id/workspace}, com.android.launcher3.Hotseat{7eca519 V.ED..... ........ 0,1905-1080,2400 #7f0a01f1 app:id/hotseat}]
04-26 22:07:33.636  4164  4164 I Finsky  : [2] ajjp - Received: android.intent.action.PACKAGE_ADDED, [n076RJLEETmEZ61FBJHrGFwh-0szukPG_iaeB-mhrwQ]
04-26 22:07:33.646   736  1076 D IntervalStats: Unable to parse usage stats packages: [266, 267, 268, 269, 270, 271, 272, 273]
04-26 22:07:33.649   736  1076 D IntervalStats: Unable to parse usage stats packages: [273]
04-26 22:07:33.654   736  1076 D IntervalStats: Unable to parse usage stats packages: [273]
04-26 22:07:33.655  1219  1219 V BaseDepthController: Applying blur: 0 to Surface(name=VRI-com.google.android.apps.nexuslauncher/com.google.android.apps.nexuslauncher.NexusLauncherActivity#1692)/@0xd45637f applyImmediately: false
04-26 22:07:33.655  1219  1219 D BaseDepthController: shouldBlurWorkspace: false targetState: Normal currentStableState: Normal mCurrentBlur: 0 mLauncher.getDepthBlurTargets(): [com.android.launcher3.Workspace{573bc60 V.ED..... ........ 0,0-1080,2400 #7f0a047d app:id/workspace}, com.android.launcher3.Hotseat{7eca519 V.ED..... ........ 0,1905-1080,2400 #7f0a01f1 app:id/hotseat}]
04-26 22:07:33.658   736  1076 D IntervalStats: Unable to parse usage stats packages: [273]
04-26 22:07:33.660   736  1076 D IntervalStats: Unable to parse usage stats packages: [273, 276, 277, 278]
04-26 22:07:33.663   736  1076 D IntervalStats: Unable to parse usage stats packages: [278, 280, 281, 282, 283]
04-26 22:07:33.673  1219  1219 V BaseDepthController: Applying blur: 0 to Surface(name=VRI-com.google.android.apps.nexuslauncher/com.google.android.apps.nexuslauncher.NexusLauncherActivity#1692)/@0xd45637f applyImmediately: false
04-26 22:07:33.673  1219  1219 D BaseDepthController: shouldBlurWorkspace: false targetState: Normal currentStableState: Normal mCurrentBlur: 0 mLauncher.getDepthBlurTargets(): [com.android.launcher3.Workspace{573bc60 V.ED..... ........ 0,0-1080,2400 #7f0a047d app:id/workspace}, com.android.launcher3.Hotseat{7eca519 V.ED..... ........ 0,1905-1080,2400 #7f0a01f1 app:id/hotseat}]
04-26 22:07:33.675   736  1076 D IntervalStats: Unable to parse usage stats packages: [283]
04-26 22:07:33.677   736   736 W libbinder.IPCThreadState: Sending oneway calls to frozen process.
04-26 22:07:33.678   736  1076 D IntervalStats: Unable to parse usage stats packages: [283]
04-26 22:07:33.680   736  1076 D IntervalStats: Unable to parse usage stats packages: [283, 284]
04-26 22:07:33.683   736   736 W libbinder.IPCThreadState: Sending oneway calls to frozen process.
04-26 22:07:33.685   736   736 W libbinder.IPCThreadState: Sending oneway calls to frozen process.
04-26 22:07:33.693   736   736 W libbinder.IPCThreadState: Sending oneway calls to frozen process.
04-26 22:07:33.702  1219  1219 V BaseDepthController: Applying blur: 0 to Surface(name=VRI-com.google.android.apps.nexuslauncher/com.google.android.apps.nexuslauncher.NexusLauncherActivity#1692)/@0xd45637f applyImmediately: false
04-26 22:07:33.702  1219  1219 D BaseDepthController: shouldBlurWorkspace: false targetState: Normal currentStableState: Normal mCurrentBlur: 0 mLauncher.getDepthBlurTargets(): [com.android.launcher3.Workspace{573bc60 V.ED..... ........ 0,0-1080,2400 #7f0a047d app:id/workspace}, com.android.launcher3.Hotseat{7eca519 V.ED..... ........ 0,1905-1080,2400 #7f0a01f1 app:id/hotseat}]
04-26 22:07:33.705  4376  8552 I PermissionControllerServiceImpl: Updating user sensitive for uid 10230
04-26 22:07:33.706  1219  1219 V BaseDepthController: Applying blur: 0 to Surface(name=VRI-com.google.android.apps.nexuslauncher/com.google.android.apps.nexuslauncher.NexusLauncherActivity#1692)/@0xd45637f applyImmediately: false
04-26 22:07:33.706  1219  1219 D BaseDepthController: shouldBlurWorkspace: false targetState: Normal currentStableState: Normal mCurrentBlur: 0 mLauncher.getDepthBlurTargets(): [com.android.launcher3.Workspace{573bc60 V.ED..... ........ 0,0-1080,2400 #7f0a047d app:id/workspace}, com.android.launcher3.Hotseat{7eca519 V.ED..... ........ 0,1905-1080,2400 #7f0a01f1 app:id/hotseat}]
04-26 22:07:33.712  4276  4276 I Finsky:background: [2] ajje - Received: android.intent.action.PACKAGE_ADDED, [n076RJLEETmEZ61FBJHrGFwh-0szukPG_iaeB-mhrwQ]
04-26 22:07:33.723   736   762 I ImeTracker: system_server:820b2992: onCancelled at PHASE_SERVER_SHOULD_HIDE
04-26 22:07:33.723  1219  1219 V BaseDepthController: Applying blur: 0 to Surface(name=VRI-com.google.android.apps.nexuslauncher/com.google.android.apps.nexuslauncher.NexusLauncherActivity#1692)/@0xd45637f applyImmediately: false
04-26 22:07:33.723  1219  1219 D BaseDepthController: shouldBlurWorkspace: false targetState: Normal currentStableState: Normal mCurrentBlur: 0 mLauncher.getDepthBlurTargets(): [com.android.launcher3.Workspace{573bc60 V.ED..... ........ 0,0-1080,2400 #7f0a047d app:id/workspace}, com.android.launcher3.Hotseat{7eca519 V.ED..... ........ 0,1905-1080,2400 #7f0a01f1 app:id/hotseat}]
04-26 22:07:33.728   566   616 W skia    : AGTM parsing failed flags.readFromStream(s) at 159
04-26 22:07:33.728   566   616 W skia    : AGTM parsing failed flags.readFromStream(s) at 159
04-26 22:07:33.759  1219  1219 V BaseDepthController: Applying blur: 0 to Surface(name=VRI-com.google.android.apps.nexuslauncher/com.google.android.apps.nexuslauncher.NexusLauncherActivity#1692)/@0xd45637f applyImmediately: false
04-26 22:07:33.759  1219  1219 D BaseDepthController: shouldBlurWorkspace: false targetState: Normal currentStableState: Normal mCurrentBlur: 0 mLauncher.getDepthBlurTargets(): [com.android.launcher3.Workspace{573bc60 V.ED..... ........ 0,0-1080,2400 #7f0a047d app:id/workspace}, com.android.launcher3.Hotseat{7eca519 V.ED..... ........ 0,1905-1080,2400 #7f0a01f1 app:id/hotseat}]
04-26 22:07:33.764  1203  1203 D CarrierSvcBindHelper: onHandleForceStop: [com.muonline.client]
04-26 22:07:33.767  1203  1203 D CarrierSvcBindHelper: No carrier app for: 0
04-26 22:07:33.777  4276  4307 I Finsky:background: [48] IQ:PSL: skipping onPackageRemoved(replacing=true) for untracked package=com.muonline.client
04-26 22:07:33.783  4276  4276 I Finsky:background: [2] ajje - Received: android.intent.action.PACKAGE_ADDED, [n076RJLEETmEZ61FBJHrGFwh-0szukPG_iaeB-mhrwQ]
04-26 22:07:33.783  1219  1219 V BaseDepthController: Applying blur: 0 to Surface(name=VRI-com.google.android.apps.nexuslauncher/com.google.android.apps.nexuslauncher.NexusLauncherActivity#1692)/@0xd45637f applyImmediately: false
04-26 22:07:33.784  1219  1219 D BaseDepthController: shouldBlurWorkspace: false targetState: Normal currentStableState: Normal mCurrentBlur: 0 mLauncher.getDepthBlurTargets(): [com.android.launcher3.Workspace{573bc60 V.ED..... ........ 0,0-1080,2400 #7f0a047d app:id/workspace}, com.android.launcher3.Hotseat{7eca519 V.ED..... ........ 0,1905-1080,2400 #7f0a01f1 app:id/hotseat}]
04-26 22:07:33.790  4164  4164 I Finsky  : [2] DTU: Received onPackageAdded, replacing: true
04-26 22:07:33.797  4276 22705 I Finsky:background: [240] Wrote row to frosting DB: 3236
04-26 22:07:33.805  1219  1219 V BaseDepthController: Applying blur: 0 to Surface(name=VRI-com.google.android.apps.nexuslauncher/com.google.android.apps.nexuslauncher.NexusLauncherActivity#1692)/@0xd45637f applyImmediately: false
04-26 22:07:33.809  1219  1219 D BaseDepthController: shouldBlurWorkspace: false targetState: Normal currentStableState: Normal mCurrentBlur: 0 mLauncher.getDepthBlurTargets(): [com.android.launcher3.Workspace{573bc60 V.ED..... ........ 0,0-1080,2400 #7f0a047d app:id/workspace}, com.android.launcher3.Hotseat{7eca519 V.ED..... ........ 0,1905-1080,2400 #7f0a01f1 app:id/hotseat}]
04-26 22:07:33.811   736  5314 W SignedPackage: Cannot get ApplicationInfo for package: com.google.android.devicelockcontroller
04-26 22:07:33.823 14925 14925 D BoundBrokerSvc: onUnbind: Intent { act=com.google.android.gms.common.BIND_SHARED_PREFS xflg=0x4 pkg=com.google.android.gms }
04-26 22:07:33.831   736  1959 W ActivityTaskManager: callingPackage for (uid=2000, pid=22726) has no WPC
04-26 22:07:33.832   566   616 W skia    : AGTM parsing failed flags.readFromStream(s) at 159
04-26 22:07:33.832   566   616 W skia    : AGTM parsing failed flags.readFromStream(s) at 159
04-26 22:07:33.837   736  1959 V GrammaticalInflectionUtils: AttributionSource: android.content.AttributionSource@d322a4fb does not have READ_SYSTEM_GRAMMATICAL_GENDER permission.
04-26 22:07:33.848  1219  1219 V BaseDepthController: Applying blur: 0 to Surface(name=VRI-com.google.android.apps.nexuslauncher/com.google.android.apps.nexuslauncher.NexusLauncherActivity#1692)/@0xd45637f applyImmediately: false
04-26 22:07:33.848  1219  1219 D BaseDepthController: shouldBlurWorkspace: false targetState: Normal currentStableState: Normal mCurrentBlur: 0 mLauncher.getDepthBlurTargets(): [com.android.launcher3.Workspace{573bc60 V.ED..... ........ 0,0-1080,2400 #7f0a047d app:id/workspace}, com.android.launcher3.Hotseat{7eca519 V.ED..... ........ 0,1905-1080,2400 #7f0a01f1 app:id/hotseat}]
04-26 22:07:33.867  4276 22705 I Finsky:background: [240] Wrote row to frosting DB: 3237
04-26 22:07:33.880   736  1959 I ActivityTaskManager: Add Task{fbb0b6f #118 type=standard A=10230:com.muonline.client} to hidden list because adding Task{6361211 #119 type=standard A=10230:com.muonline.client}
04-26 22:07:33.880   736   736 W Looper  : Drained
04-26 22:07:33.883   736  1959 V ActivityTaskManager: TaskLaunchParamsModifier: phase=3 task=Task{6361211 #119 type=standard A=10230:com.muonline.client} activity=ActivityRecord{188904106 u0 com.muonline.client/.PreloadActivity t-1} display-from-task=0 display-id=0 task-display-area-windowing-mode=1 suggested-display-area=DefaultTaskDisplayArea@125646128 inherit-from-task=fullscreen non-freeform-task-display-area display-area=DefaultTaskDisplayArea@125646128 skip-bounds-fullscreen
04-26 22:07:33.886  1036  1091 V WindowManagerShell: Transition requested (#153): android.os.BinderProxy@7d2d336 TransitionRequestInfo { type = OPEN, triggerTask = TaskInfo{userId=0 taskId=119 effectiveUid=10230 displayId=0 isRunning=true baseIntent=Intent { flg=0x10000000 cmp=com.muonline.client/.PreloadActivity } baseActivity=ComponentInfo{com.muonline.client/com.muonline.client.PreloadActivity} topActivity=ComponentInfo{com.muonline.client/com.muonline.client.PreloadActivity} origActivity=null realActivity=ComponentInfo{com.muonline.client/com.muonline.client.PreloadActivity} realActivityIsAppLockEnabled=false numActivities=1 lastActiveTime=23828477 supportsMultiWindow=true supportsMultiWindowWithoutConstraints=true resizeMode=1 isResizeable=true minWidth=-1 minHeight=-1 defaultMinSize=220 token=WCT{android.os.BinderProxy@2e29237} topActivityType=1 pictureInPictureParams=null shouldDockBigOverlays=false launchIntoPipHostTaskId=-1 lastParentTaskIdBeforePip=-1 displayCutoutSafeInsets=Rect(132, 0 - 0, 0) topActivityInfo=ActivityInfo{8f33a4 com.muonline.client.PreloadActivity} launchCookies=[] positionInParent=Point(0, 0) parentTaskId=-1 isFocused=false isInteractive=false isVisible=false isVisibleRequested=false isTopActivityNoDisplay=false isSleeping=false locusId=null displayAreaFeatureId=1 isTopActivityTransparent=false isActivityStackTransparent=false lastNonFullscreenBounds=null leafTaskBoundsFromOptions= false capturedLink=null capturedLinkTimestamp=0 requestedVisibleTypes=503 topActivityRequestOpenInBrowserEducationTimestamp=0 appCompatTaskInfo=AppCompatTaskInfo { topActivityInSizeCompat=false isLeafTask= true eligibleForLetterboxEducation= false isLetterboxEducationEnabled= true isLetterboxDoubleTapEnabled= false eligibleForUserAspectRatioButton= false topActivityBoundsLetterboxed= false isFromLetterboxDoubleTap= false topActivityLetterboxVerticalPosition= -1 topActivityLetterboxHorizontalPosition= -1 topActivityLetterboxWidth=-1 topActivityLetterboxHeight=-1 topActivityAppBounds=Rect(132, 0 - 2400, 1017) isUserFullscreenOverrideEnabled=false isSystemFullscreenOverrideEnabled=false hasMinAspectRatioOverride=false topActivityLetterboxBounds=null topNonResizableActivityAspectRatio=-1.0} topActivityMainWindowFrame=null isAppBubble=false}, pipChange = null, remoteTransitionInfo = null, displayChange = null, requestedLocation = null, userChange = null, windowingLayerChange = null, fullscreenRequestChange = null, flags = 0, debugId = 153 }
04-26 22:07:33.886  1036  1091 W DisconnectHandler: No disconnect change found in the transition, not handling request.
04-26 22:07:33.886  1036  1091 V ShellDesktopMode: DesktopTasksController: skipping handleRequest reason=triggerTask's display doesn't support desktop mode
04-26 22:07:33.886  1036  1091 D ShellSplitScreen: logExit: no-op, mLoggerSessionId is null
04-26 22:07:33.893   736  1959 I ActivityTaskManager: START u0 {flg=0x10000000 xflg=0x5 cmp=com.muonline.client/.PreloadActivity} with LAUNCH_SINGLE_TASK from uid 2000 (com.android.shell) (BAL_ALLOW_PERMISSION) result code=0
04-26 22:07:33.905  1219  1219 D BaseActivity: Launcher flags updated: [state_started|state_resumed|state_deferred_resumed|state_window_focused|state_user_active] -[]
04-26 22:07:33.905   566  1316 I libbinder.BpBinder: onLastStrongRef automatically unlinking death recipients for binder (0x7eaa360677e0) with descriptor: '(not cached)'
04-26 22:07:33.914   736  1962 W InputChannel-JNI: Channel already disposed.
04-26 22:07:33.920  1036  1132 D WindowOnBackDispatcher: setTopOnBackInvokedCallback (unwrapped): android.view.ViewRootImpl$$ExternalSyntheticLambda13@629241f
04-26 22:07:33.921  1219  1219 D BaseActivity: Launcher flags updated: [state_started|state_resumed|state_deferred_resumed|state_window_focused] -[state_user_active]
04-26 22:07:33.921  1219  1219 D BaseActivity: Launcher flags updated: [state_started|state_window_focused] -[state_resumed|state_deferred_resumed]
04-26 22:07:33.921  1219  1219 W SplitSelectStateCtor: Missing session instanceIds
04-26 22:07:33.921  1219  1219 D StatsLog: LAUNCHER_SPLIT_SELECTION_EXIT_INTERRUPTED
04-26 22:07:33.926  4276  4276 I Finsky:background: [2] ajje - Deduping intent android.intent.action.PACKAGE_ADDED
04-26 22:07:33.930  1036  1091 D WindowManagerShell: setLauncherKeepClearAreaHeight: visible=false, height=495
04-26 22:07:33.932   736  1814 V SafetySourceDataValidat: Package: com.android.vending has expected signature
04-26 22:07:33.938  4164 22706 I Finsky  : [503] SCH: Received scheduling request: Id: 12-1, Constraints: [{ L: 15000, D: 86400000, C: CHARGING_NONE, I: IDLE_NONE, N: NET_ANY, B: BATTERY_ANY }]
04-26 22:07:33.945   736   752 V WindowManager: Defer transition id=153 for TaskFragmentTransaction=android.os.Binder@748606f
04-26 22:07:33.947   736  1603 D WindowManager: setClientSurface Surface(name=VRI-Splash Screen com.muonline.client#1704)/@0xc0d117c for e1c4050 Splash Screen com.muonline.client
04-26 22:07:33.952  4276 22705 I Finsky:background: [240] Wrote row to frosting DB: 3238
04-26 22:07:33.952  1219  1219 V BaseDepthController: Applying blur: 0 to Surface(name=VRI-com.google.android.apps.nexuslauncher/com.google.android.apps.nexuslauncher.NexusLauncherActivity#1692)/@0xd45637f applyImmediately: false
04-26 22:07:33.953  1219  1219 D BaseDepthController: setEarlyWakeup: false
04-26 22:07:33.953  1219  1219 D BaseDepthController: shouldBlurWorkspace: false targetState: Normal currentStableState: Normal mCurrentBlur: 0 mLauncher.getDepthBlurTargets(): [com.android.launcher3.Workspace{573bc60 V.ED..... ........ 0,0-1080,2400 #7f0a047d app:id/workspace}, com.android.launcher3.Hotseat{7eca519 V.ED..... ........ 0,1905-1080,2400 #7f0a01f1 app:id/hotseat}]
04-26 22:07:33.955  1036  1132 I Surface : Creating surface for consumer unnamed-1036-35 with slotExpansion=1 for 64 slots
04-26 22:07:33.956  1219  1219 D RecentsView: onTaskDisplayChanged: 119, new displayId = 0
04-26 22:07:33.957  1036  1132 I Surface : Creating surface for consumer VRI[client]#35(BLAST Consumer)35 with slotExpansion=1 for 64 slots
04-26 22:07:33.959   736  1959 D CoreBackPreview: Window{e1c4050 u0 Splash Screen com.muonline.client}: Setting back callback OnBackInvokedCallbackInfo{mCallback=android.window.IOnBackInvokedCallback$Stub$Proxy@ecc6a05, mPriority=0, mIsAnimationCallback=false, mOverrideBehavior=0}
04-26 22:07:33.968   736   762 V GrammaticalInflectionUtils: AttributionSource: android.content.AttributionSource@d322a4fb does not have READ_SYSTEM_GRAMMATICAL_GENDER permission.
04-26 22:07:33.970   736   999 E AppOps  : attributionTag VCN not declared in manifest of android
04-26 22:07:33.975   736   752 V WindowManager: Continue transition id=153 for TaskFragmentTransaction=android.os.Binder@748606f
04-26 22:07:33.975  4276 22705 I Finsky:background: [240] Wrote row to frosting DB: 3239
04-26 22:07:33.980  1036  1091 V RecentTasksController: Notify recent tasks changed
04-26 22:07:33.989  4276  4276 I Finsky:background: [2] ajje - Received: android.intent.action.PACKAGE_ADDED, [n076RJLEETmEZ61FBJHrGFwh-0szukPG_iaeB-mhrwQ]
04-26 22:07:33.995  1036  1091 D ShellDesktopMode: DesktopRepository(0): Removes freeform task: taskId=118
04-26 22:07:33.995  1036  1091 W ShellDesktopMode: DesktopRepository(0): No display id found for task: taskId=118
04-26 22:07:33.995  1036  1091 V RecentTasksController: Notify recent tasks changed
04-26 22:07:34.017  4164  4164 I Finsky  : [2] ajjp - Received: android.intent.action.PACKAGE_ADDED, [n076RJLEETmEZ61FBJHrGFwh-0szukPG_iaeB-mhrwQ]
04-26 22:07:34.062  4164  4164 I Finsky  : [2] ajjp - Deduping intent android.intent.action.PACKAGE_ADDED
04-26 22:07:34.070  4276  4276 I Finsky:background: [2] ajje - Deduping intent android.intent.action.PACKAGE_ADDED
04-26 22:07:34.070   499   499 D Zygote  : Forked child process 22736
04-26 22:07:34.073   736   769 W ActivityManager: Slow operation: 104ms so far, now at startProcess: returned from zygote!
04-26 22:07:34.077  4164  4164 I Finsky  : [2] ajjp - Received: android.intent.action.PACKAGE_ADDED, [n076RJLEETmEZ61FBJHrGFwh-0szukPG_iaeB-mhrwQ]
04-26 22:07:34.078  4276  4314 I Finsky:background: [55] RECEIVER_PACKAGE_MONITOR_BACKGROUND#logWorkEndAndFinishGoAsync: SUCCESS
04-26 22:07:34.087   736   769 W ActivityManager: Slow operation: 119ms so far, now at startProcess: done updating battery stats
04-26 22:07:34.088   736   759 V WindowManager: Sent Transition (#153) createdAt=04-26 22:07:33.839 via request=TransitionRequestInfo { type = OPEN, triggerTask = TaskInfo{userId=0 taskId=119 effectiveUid=10230 displayId=0 isRunning=true baseIntent=Intent { flg=0x10000000 cmp=com.muonline.client/.PreloadActivity } baseActivity=ComponentInfo{com.muonline.client/com.muonline.client.PreloadActivity} topActivity=ComponentInfo{com.muonline.client/com.muonline.client.PreloadActivity} origActivity=null realActivity=ComponentInfo{com.muonline.client/com.muonline.client.PreloadActivity} realActivityIsAppLockEnabled=false numActivities=1 lastActiveTime=23828477 supportsMultiWindow=true supportsMultiWindowWithoutConstraints=true resizeMode=1 isResizeable=true minWidth=-1 minHeight=-1 defaultMinSize=220 token=WCT{RemoteToken{28e4265 Task{6361211 #119 type=standard A=10230:com.muonline.client}}} topActivityType=1 pictureInPictureParams=null shouldDockBigOverlays=false launchIntoPipHostTaskId=-1 lastParentTaskIdBeforePip=-1 displayCutoutSafeInsets=Rect(132, 0 - 0, 0) topActivityInfo=ActivityInfo{deb3b3a com.muonline.client.PreloadActivity} launchCookies=[] positionInParent=Point(0, 0) parentTaskId=-1 isFocused=false isInteractive=false isVisible=false isVisibleRequested=false isTopActivityNoDisplay=false isSleeping=false locusId=null displayAreaFeatureId=1 isTopActivityTransparent=false isActivityStackTransparent=false lastNonFullscreenBounds=null leafTaskBoundsFromOptions= false capturedLink=null capturedLinkTimestamp=0 requestedVisibleTypes=503 topActivityRequestOpenInBrowserEducationTimestamp=0 appCompatTaskInfo=AppCompatTaskInfo { topActivityInSizeCompat=false isLeafTask= true eligibleForLetterboxEducation= false isLetterboxEducationEnabled= true isLetterboxDoubleTapEnabled= false eligibleForUserAspectRatioButton= false topActivityBoundsLetterboxed= false isFromLetterboxDoubleTap= false topActivityLetterboxVerticalPosition= -1 topActivityLetterboxHorizontalPosition= -1 topActivityLetterboxWidth=-1 topActivityLetterboxHeight=-1 topActivityAppBounds=Rect(132, 0 - 2400, 1017) isUserFullscreenOverrideEnabled=false isSystemFullscreenOverrideEnabled=false hasMinAspectRatioOverride=false topActivityLetterboxBounds=null topNonResizableActivityAspectRatio=-1.0} topActivityMainWindowFrame=null isAppBubble=false}, pipChange = null, remoteTransitionInfo = null, displayChange = null, requestedLocation = null, userChange = null, windowingLayerChange = null, fullscreenRequestChange = null, flags = 0, debugId = 153 }
04-26 22:07:34.088   736   759 V WindowManager:     startWCT=WindowContainerTransaction { changes= {} hops= [] flags= 0 errorCallbackToken=null taskFragmentOrganizer=null }
04-26 22:07:34.088   736   759 V WindowManager:     info={id=153 t=OPEN f=0x0 trk=0 r=[0@Point(0, 0)] c=[
04-26 22:07:34.088   736   759 V WindowManager:         {WCT{RemoteToken{28e4265 Task{6361211 #119 type=standard A=10230:com.muonline.client}}} m=OPEN f=MOVE_TO_TOP leash=Surface(name=Task=119#1701)/@0x7b304a9 sb=Rect(0, 0 - 2400, 1080) eb=Rect(0, 0 - 2400, 1080) epz=Point(2400, 1080) d=0 taskParent=-1 winMode=1 userId=0},
04-26 22:07:34.088   736   759 V WindowManager:         {WCT{RemoteToken{4853fd5 Task{13e540b #1 type=home}}} m=TO_BACK f=SHOW_WALLPAPER leash=Surface(name=Task=1#34)/@0x499be06 sb=Rect(0, 0 - 2400, 1080) eb=Rect(0, 0 - 2400, 1080) epz=Point(2400, 1080) d=0 taskParent=-1 winMode=1 userId=0},
04-26 22:07:34.088   736   759 V WindowManager:         {m=TO_BACK f=IS_WALLPAPER leash=Surface(name=Surface(name=WallpaperWindowToken{3bea6dd}#54)/@0x4e520e1 - rotation-leash#1696)/@0x63b1052 sb=Rect(0, 0 - 1080, 2400) eb=Rect(0, 0 - 2400, 1080) epz=Point(2400, 1080) d=0 r=0->1:-1}
04-26 22:07:34.088   736   759 V WindowManager:     ]}
04-26 22:07:34.089   736   769 W ActivityManager: Slow operation: 121ms so far, now at startProcess: building log message
04-26 22:07:34.090   736   769 I ActivityManager: Start proc 22736:com.muonline.client/u0a230 for next-top-activity {com.muonline.client/com.muonline.client.PreloadActivity}
04-26 22:07:34.091   736   769 W ActivityManager: Slow operation: 123ms so far, now at startProcess: starting to update pids map
04-26 22:07:34.096  4164  4164 I Finsky  : [2] ajjp - Deduping intent android.intent.action.PACKAGE_ADDED
04-26 22:07:34.098  1036  1046 V WindowManagerShell: onTransitionReady(transaction=3161095946197)
04-26 22:07:34.098 22736 22736 I Zygote  : Process 22736 created for com.muonline.client
04-26 22:07:34.099 22736 22736 I muonline.client: Using generational CollectorTypeCMC GC.
04-26 22:07:34.099  4164  4208 I Finsky  : [44] RECEIVER_PACKAGE_MONITOR#logWorkEndAndFinishGoAsync: SUCCESS
04-26 22:07:34.100  1219  1219 D RecentTasksList: invalidateLoadedTasks - previous requestLoadId: -1
04-26 22:07:34.100  1219  1219 D RecentTasksList: invalidateLoadedTasks - previous requestLoadId: -1
04-26 22:07:34.100 22736 22736 W muonline.client: Unexpected CPU variant for x86: x86_64.
04-26 22:07:34.100 22736 22736 W muonline.client: Known variants: atom, sandybridge, silvermont, goldmont, goldmont-plus, goldmont-without-sha-xsaves, tremont, kabylake, alderlake, lunarlake, default
04-26 22:07:34.100  1219  1219 D BaseActivity: Launcher flags updated: [state_started] -[state_window_focused]
04-26 22:07:34.101  1219  1219 D ScalingWorkspaceRevealAnim: onAnimationEnd, workspace and hotseat are visible
04-26 22:07:34.102  1219  1219 V BaseDepthController: Applying blur: 0 to Surface(name=VRI-com.google.android.apps.nexuslauncher/com.google.android.apps.nexuslauncher.NexusLauncherActivity#1692)/@0xd45637f applyImmediately: false
04-26 22:07:34.102  1219  1219 D BaseDepthController: shouldBlurWorkspace: false targetState: Normal currentStableState: Normal mCurrentBlur: 0 mLauncher.getDepthBlurTargets(): [com.android.launcher3.Workspace{573bc60 V.ED..... ......ID 0,0-1080,2400 #7f0a047d app:id/workspace}, com.android.launcher3.Hotseat{7eca519 V.ED..... ......ID 0,1905-1080,2400 #7f0a01f1 app:id/hotseat}]
04-26 22:07:34.106  1036  1091 V WindowManagerShell: onTransitionReady (#153) android.os.BinderProxy@7d2d336: {id=153 t=OPEN f=0x0 trk=0 r=[0@Point(0, 0)] c=[
04-26 22:07:34.106  1036  1091 V WindowManagerShell:         {m=OPEN f=MOVE_TO_TOP leash=Surface(name=Task=119#1701)/@0xfd55404 sb=Rect(0, 0 - 2400, 1080) eb=Rect(0, 0 - 2400, 1080) epz=Point(2400, 1080) d=0 taskParent=-1 winMode=1 userId=0},
04-26 22:07:34.106  1036  1091 V WindowManagerShell:         {m=TO_BACK f=SHOW_WALLPAPER leash=Surface(name=Task=1#34)/@0xc862ded sb=Rect(0, 0 - 2400, 1080) eb=Rect(0, 0 - 2400, 1080) epz=Point(2400, 1080) d=0 taskParent=-1 winMode=1 userId=0},
04-26 22:07:34.106  1036  1091 V WindowManagerShell:         {m=TO_BACK f=IS_WALLPAPER leash=Surface(name=Surface(name=WallpaperWindowToken{3bea6dd}#54)/@0x4e520e1 - rotation-leash#1696)/@0x96df422 sb=Rect(0, 0 - 1080, 2400) eb=Rect(0, 0 - 2400, 1080) epz=Point(2400, 1080) d=0 r=0->1:-1}
04-26 22:07:34.106  1036  1091 V WindowManagerShell:     ]}
04-26 22:07:34.108  1036  1046 V WindowManagerShell: Received remote transition finished callback for (#152)
04-26 22:07:34.110   736   769 W ActivityManager: Slow operation: 142ms so far, now at startProcess: done updating pids map
04-26 22:07:34.114   736  1953 W InputChannel-JNI: Channel already disposed.
04-26 22:07:34.115  1036  1091 V WindowManagerShell: Transition (#153) android.os.BinderProxy@7d2d336@0 ready while (#152) android.os.BinderProxy@a5ec680@0 is still animating. Notify the animating transition in case they can be merged
04-26 22:07:34.115  1036  1091 V WindowManagerShell:    Requesting merge (#153) into remote: RemoteTransition { remoteTransition = android.window.IRemoteTransition$Stub$Proxy@fea59eb, appThread = android.app.IApplicationThread$Stub$Proxy@4f01348, debugName = QuickstepLaunchHome, filter = {types=[] flags=0x0 notFlags=0x100 checks=[{atype=home independent=true modes=[OPEN,TO_FRONT] flags=NONE mustBeTask=false order=ANY topActivity=ComponentInfo{com.google.android.apps.nexuslauncher/com.google.android.apps.nexuslauncher.NexusLauncherActivity} launchCookie=null windowingMode=undefined isCrossDisplayMove=false},{atype=standard independent=true modes=[CLOSE,TO_BACK] flags=NONE mustBeTask=false order=ANY topActivity=null launchCookie=null windowingMode=undefined isCrossDisplayMove=false},{NOT atype=undefined independent=true modes=[] flags=NONE mustBeTask=true order=ANY topActivity=null launchCookie=null customAnim=true windowingMode=undefined isCrossDisplayMove=false}]} }
04-26 22:07:34.120  1036  1091 V WindowManagerShell: Transition animation finished (aborted=false), notifying core (#152) android.os.BinderProxy@a5ec680@0
04-26 22:07:34.121 22736 22736 D nativeloader: Load libframework-connectivity-tiramisu-jni.so using APEX ns com_android_tethering for caller /apex/com.android.tethering/javalib/framework-connectivity-t.jar: ok
04-26 22:07:34.126   736   759 V WindowManager: Finish Transition (#152): created at 04-26 22:07:32.846 collect-started=0.058ms request-sent=0.158ms started=11.419ms ready=16.46ms sent=191.645ms commit=65.094ms finished=1277.25ms
04-26 22:07:34.131   736  1603 E libbinder.IPCThreadState: Binder transaction failure. id: 5730855, cmd: BR_DEAD_REPLY (29189), error: -22 (Invalid argument)
04-26 22:07:34.131   736  1603 W ActivityManager: pid 736 system sent binder code 7 with flags 1 and got error -32
04-26 22:07:34.132  2780 18838 I artd    : GetBestInfo: odex next to the dex file (/data/app/~~PqdBwR9WSFUNw4iaJMgoGg==/com.google.android.gms-95Dc1VeYXyONiCBDqz_lkA==/oat/x86_64/base.odex) is kOatUpToDate with filter 'speed-profile' executable 'false'
04-26 22:07:34.133   736  1603 W WindowManager: Exception thrown during dispatchAppVisibility Window{24489ac u0 com.muonline.client/com.muonline.client.MuMainActivity EXITING}
04-26 22:07:34.133   736  1603 W WindowManager: android.os.DeadObjectException
04-26 22:07:34.133   736  1603 W WindowManager: 	at android.os.BinderProxy.transactNative(Native Method)
04-26 22:07:34.133   736  1603 W WindowManager: 	at android.os.BinderProxy.transact(BinderProxy.java:617)
04-26 22:07:34.133   736  1603 W WindowManager: 	at android.view.IWindow$Stub$Proxy.dispatchAppVisibility(IWindow.java:596)
04-26 22:07:34.133   736  1603 W WindowManager: 	at com.android.server.wm.WindowState.sendAppVisibilityToClients(WindowState.java:3335)
04-26 22:07:34.133   736  1603 W WindowManager: 	at com.android.server.wm.WindowContainer.sendAppVisibilityToClients(WindowContainer.java:1245)
04-26 22:07:34.133   736  1603 W WindowManager: 	at com.android.server.wm.WindowToken.setClientVisible(WindowToken.java:392)
04-26 22:07:34.133   736  1603 W WindowManager: 	at com.android.server.wm.ActivityRecord.commitVisibility(ActivityRecord.java:5599)
04-26 22:07:34.133   736  1603 W WindowManager: 	at com.android.server.wm.Transition.finishTransition(Transition.java:1570)
04-26 22:07:34.133   736  1603 W WindowManager: 	at com.android.server.wm.TransitionController.finishTransition(TransitionController.java:1205)
04-26 22:07:34.133   736  1603 W WindowManager: 	at com.android.server.wm.WindowOrganizerController.finishTransition(WindowOrganizerController.java:533)
04-26 22:07:34.133   736  1603 W WindowManager: 	at android.window.IWindowOrganizerController$Stub.onTransact(IWindowOrganizerController.java:265)
04-26 22:07:34.133   736  1603 W WindowManager: 	at com.android.server.wm.WindowOrganizerController.onTransact(WindowOrganizerController.java:239)
04-26 22:07:34.133   736  1603 W WindowManager: 	at android.os.Binder.execTransactInternal(Binder.java:1466)
04-26 22:07:34.133   736  1603 W WindowManager: 	at android.os.Binder.execTransact(Binder.java:1411)
04-26 22:07:34.133   736  1603 W Process : Unable to open /proc/22404/status
04-26 22:07:34.138  2780 18838 I artd    : GetBestInfo: dm (/data/app/~~PqdBwR9WSFUNw4iaJMgoGg==/com.google.android.gms-95Dc1VeYXyONiCBDqz_lkA==/split_AdsDynamite_installtime.dm) is kOatUpToDate with filter 'verify' executable 'false'
04-26 22:07:34.142  2780 18838 I artd    : GetBestInfo: dm (/data/app/~~PqdBwR9WSFUNw4iaJMgoGg==/com.google.android.gms-95Dc1VeYXyONiCBDqz_lkA==/split_CronetDynamite_installtime.dm) is kOatUpToDate with filter 'verify' executable 'false'
04-26 22:07:34.144  2780 18838 I artd    : GetBestInfo: dm (/data/app/~~PqdBwR9WSFUNw4iaJMgoGg==/com.google.android.gms-95Dc1VeYXyONiCBDqz_lkA==/split_DynamiteLoader_installtime.dm) is kOatUpToDate with filter 'verify' executable 'false'
04-26 22:07:34.145  1036  1091 V WindowManagerShell: Playing animation for (#153) android.os.BinderProxy@7d2d336@0
04-26 22:07:34.145  1036  1091 D ShellSplitScreen: startAnimation: transition=153 isSplitActive=false
04-26 22:07:34.145  1036  1091 V ShellRecents: RecentsTransitionHandler.startAnimation: no controller found
04-26 22:07:34.145  1036  1091 V ShellDesktopMode: DesktopMixedTransitionHandler: No pending desktop transition
04-26 22:07:34.146  1036  1091 V WindowManagerShell: Transition doesn't have explicit remote, search filters for match for {id=153 t=OPEN f=0x0 trk=0 r=[0@Point(0, 0)] c=[{m=OPEN f=MOVE_TO_TOP leash=Surface(name=Task=119#1701)/@0xfd55404 sb=Rect(0, 0 - 2400, 1080) eb=Rect(0, 0 - 2400, 1080) epz=Point(2400, 1080) d=0 taskParent=-1 winMode=1 userId=0},{m=TO_BACK f=SHOW_WALLPAPER leash=Surface(name=Task=1#34)/@0xc862ded sb=Rect(0, 0 - 2400, 1080) eb=Rect(0, 0 - 2400, 1080) epz=Point(2400, 1080) d=0 taskParent=-1 winMode=1 userId=0},{m=TO_BACK f=IS_WALLPAPER leash=Surface(name=Surface(name=WallpaperWindowToken{3bea6dd}#54)/@0x4e520e1 - rotation-leash#1696)/@0x96df422 sb=Rect(0, 0 - 1080, 2400) eb=Rect(0, 0 - 2400, 1080) epz=Point(2400, 1080) d=0 r=0->1:-1}]}
04-26 22:07:34.146  1036  1091 V WindowManagerShell:  Checking filter Pair{{types=[] flags=0x0 notFlags=0x0 checks=[{atype=undefined independent=true modes=[CLOSE,TO_BACK] flags=IN_TASK_WITH_EMBEDDED_ACTIVITY mustBeTask=false order=ANY topActivity=null launchCookie=null taskFragmentToken=android.os.BinderProxy@e90ae30 windowingMode=undefined isCrossDisplayMove=false}]} RemoteTransition { remoteTransition = android.window.IRemoteTransition$Stub$Proxy@1ccfaa9, appThread = android.app.IApplicationThread$Stub$Proxy@5c682e, debugName = overlayBackTransition, filter = {types=[] flags=0x0 notFlags=0x0 checks=[{atype=undefined independent=true modes=[CLOSE,TO_BACK] flags=IN_TASK_WITH_EMBEDDED_ACTIVITY mustBeTask=false order=ANY topActivity=null launchCookie=null taskFragmentToken=android.os.BinderProxy@e90ae30 windowingMode=undefined isCrossDisplayMove=false}]} }}
04-26 22:07:34.146  1036  1091 V WindowManagerShell:  Checking filter Pair{{types=[] flags=0x0 notFlags=0x0 checks=[{atype=dream independent=true modes=[OPEN,TO_FRONT] flags=NONE mustBeTask=false order=ANY topActivity=null launchCookie=null windowingMode=undefined isCrossDisplayMove=false},{atype=home independent=true modes=[CLOSE,TO_BACK] flags=NONE mustBeTask=false order=ANY topActivity=null launchCookie=null windowingMode=undefined isCrossDisplayMove=false}]} RemoteTransition { remoteTransition = android.window.IRemoteTransition$Stub$Proxy@aa8fcf, appThread = android.app.IApplicationThread$Stub$Proxy@98a7d5c, debugName = LauncherToDream, filter = {types=[] flags=0x0 notFlags=0x0 checks=[{atype=dream independent=true modes=[OPEN,TO_FRONT] flags=NONE mustBeTask=false order=ANY topActivity=null launchCookie=null windowingMode=undefined isCrossDisplayMove=false},{atype=home independent=true modes=[CLOSE,TO_BACK] flags=NONE mustBeTask=false order=ANY topActivity=null launchCookie=null windowingMode=undefined isCrossDisplayMove=false}]} }}
04-26 22:07:34.146  1036  1091 V WindowManagerShell:  Checking filter Pair{{types=[] flags=0x0 notFlags=0x0 checks=[{atype=standard independent=false modes=[CHANGE] flags=NONE mustBeTask=true order=ANY topActivity=null launchCookie=null windowingMode=undefined isCrossDisplayMove=true}]} RemoteTransition { remoteTransition = android.window.IRemoteTransition$Stub$Proxy@3519865, appThread = android.app.IApplicationThread$Stub$Proxy@94ad93a, debugName = QuickstepDisplayMove, filter = {types=[] flags=0x0 notFlags=0x0 checks=[{atype=standard independent=false modes=[CHANGE] flags=NONE mustBeTask=true order=ANY topActivity=null launchCookie=null windowingMode=undefined isCrossDisplayMove=true}]} }}
04-26 22:07:34.146  1036  1091 V WindowManagerShell:  Checking filter Pair{{types=[] flags=0x0 notFlags=0x100 checks=[{atype=home independent=true modes=[OPEN,TO_FRONT] flags=NONE mustBeTask=false order=ANY topActivity=ComponentInfo{com.google.android.apps.nexuslauncher/com.google.android.apps.nexuslauncher.NexusLauncherActivity} launchCookie=null windowingMode=undefined isCrossDisplayMove=false},{atype=standard independent=true modes=[CLOSE,TO_BACK] flags=NONE mustBeTask=false order=ANY topActivity=null launchCookie=null windowingMode=undefined isCrossDisplayMove=false},{NOT atype=undefined independent=true modes=[] flags=NONE mustBeTask=true order=ANY topActivity=null launchCookie=null customAnim=true windowingMode=undefined isCrossDisplayMove=false}]} RemoteTransition { remoteTransition = android.window.IRemoteTransition$Stub$Proxy@fea59eb, appThread = android.app.IApplicationThread$Stub$Proxy@4f01348, debugName = QuickstepLaunchHome, filter = {types=[] flags=0x0 notFlags=0x100 checks=[{atype=home independent=true modes=[OPEN,TO_FRONT] flags=NONE mustBeTask=false order=ANY topActivity=ComponentInfo{com.google.android.apps.nexuslauncher/com.google.android.apps.nexuslauncher.NexusLauncherActivity} launchCookie=null windowingMode=undefined isCrossDisplayMove=false},{atype=standard independent=true modes=[CLOSE,TO_BACK] flags=NONE mustBeTask=false order=ANY topActivity=null launchCookie=null windowingMode=undefined isCrossDisplayMove=false},{NOT atype=undefined independent=true modes=[] flags=NONE mustBeTask=true order=ANY topActivity=null launchCookie=null customAnim=true windowingMode=undefined isCrossDisplayMove=false}]} }}
04-26 22:07:34.146  1036  1091 V WindowManagerShell:  Checking filter Pair{{types=[OPEN,TO_FRONT] flags=0x0 notFlags=0x0 checks=[{atype=standard independent=true modes=[OPEN,TO_FRONT] flags=NONE mustBeTask=true order=ANY topActivity=null launchCookie=null windowingMode=freeform isCrossDisplayMove=false}]} RemoteTransition { remoteTransition = android.window.IRemoteTransition$Stub$Proxy@5987ffe, appThread = null, debugName = DesktopWindowLimitUnminimize, filter = {types=[OPEN,TO_FRONT] flags=0x0 notFlags=0x0 checks=[{atype=standard independent=true modes=[OPEN,TO_FRONT] flags=NONE mustBeTask=true order=ANY topActivity=null launchCookie=null windowingMode=freeform isCrossDisplayMove=false}]} }}
04-26 22:07:34.146  1036  1091 V WindowManagerShell:  Delegate animation for (#153) to null
04-26 22:07:34.146  1036  1091 V WindowManagerShell: start default transition animation, info = {id=153 t=OPEN f=0x0 trk=0 r=[0@Point(0, 0)] c=[{m=OPEN f=MOVE_TO_TOP leash=Surface(name=Task=119#1701)/@0xfd55404 sb=Rect(0, 0 - 2400, 1080) eb=Rect(0, 0 - 2400, 1080) epz=Point(2400, 1080) d=0 taskParent=-1 winMode=1 userId=0},{m=TO_BACK f=SHOW_WALLPAPER leash=Surface(name=Task=1#34)/@0xc862ded sb=Rect(0, 0 - 2400, 1080) eb=Rect(0, 0 - 2400, 1080) epz=Point(2400, 1080) d=0 taskParent=-1 winMode=1 userId=0},{m=TO_BACK f=IS_WALLPAPER leash=Surface(name=Surface(name=WallpaperWindowToken{3bea6dd}#54)/@0x4e520e1 - rotation-leash#1696)/@0x96df422 sb=Rect(0, 0 - 1080, 2400) eb=Rect(0, 0 - 2400, 1080) epz=Point(2400, 1080) d=0 r=0->1:-1}]}
04-26 22:07:34.146  1036  1091 V WindowManagerShell: loadAnimation: anim=android.view.animation.AnimationSet@b4de57a animAttr=0x13 type=OPEN isEntrance=false
04-26 22:07:34.149  2780 18838 I artd    : GetBestInfo: dm (/data/app/~~PqdBwR9WSFUNw4iaJMgoGg==/com.google.android.gms-95Dc1VeYXyONiCBDqz_lkA==/split_DynamiteModulesA_installtime.dm) is kOatUpToDate with filter 'verify' executable 'false'
04-26 22:07:34.153  2780 18838 I artd    : GetBestInfo: dm (/data/app/~~PqdBwR9WSFUNw4iaJMgoGg==/com.google.android.gms-95Dc1VeYXyONiCBDqz_lkA==/split_DynamiteModulesC_installtime.dm) is kOatUpToDate with filter 'verify' executable 'false'
04-26 22:07:34.154  1036  1091 V WindowManagerShell: loadAnimation: anim=android.view.animation.AnimationSet@62eff21 animAttr=0x12 type=OPEN isEntrance=true
04-26 22:07:34.158  2780 18838 I artd    : GetBestInfo: dm (/data/app/~~PqdBwR9WSFUNw4iaJMgoGg==/com.google.android.gms-95Dc1VeYXyONiCBDqz_lkA==/split_GoogleCertificates_installtime.dm) is kOatUpToDate with filter 'verify' executable 'false'
04-26 22:07:34.160  1219  1219 D RecentsView: onTaskRemoved: 118, not handling task stack changes
04-26 22:07:34.160  1036  1091 V WindowManagerShell:  animated by com.android.wm.shell.transition.DefaultTransitionHandler@11f9e32
04-26 22:07:34.160  1036  1091 V ShellTaskOrganizer: Task appeared taskId=119 listener=FullscreenTaskListener
04-26 22:07:34.160  1036  1091 V ShellTaskOrganizer: Fullscreen Task Appeared: #119
04-26 22:07:34.164  2780 18838 I artd    : GetBestInfo: dm (/data/app/~~PqdBwR9WSFUNw4iaJMgoGg==/com.google.android.gms-95Dc1VeYXyONiCBDqz_lkA==/split_MapsDynamite_installtime.dm) is kOatUpToDate with filter 'verify' executable 'false'
04-26 22:07:34.168  1219  1219 D RecentsView: onTaskRemoved: 118, not handling task stack changes
04-26 22:07:34.169  1036  1091 V RecentTasksController: Notify recent tasks changed
04-26 22:07:34.170  1036  1091 V RecentTasksController: Notify recent tasks changed
04-26 22:07:34.170   566   566 E BpTransactionCompletedListener: Failed to transact (-32)
04-26 22:07:34.170  1036  1091 V ShellTaskOrganizer: Task vanished taskId=118
04-26 22:07:34.170  1036  1091 V ShellTaskOrganizer: Fullscreen Task Vanished: #118
04-26 22:07:34.170  1036  1091 V ShellDesktopMode: Task Vanished: #118 closed=true
04-26 22:07:34.170  1036  1091 V RecentTasksController: Notify recent tasks changed
04-26 22:07:34.171  1036  1091 D ShellDesktopMode: AppToWebRepository: Task 118 is vanishing. Removing task data from repository
04-26 22:07:34.171   566   566 E BpTransactionCompletedListener: Failed to transact (-32)
04-26 22:07:34.172   566   616 W skia    : AGTM parsing failed flags.readFromStream(s) at 159
04-26 22:07:34.172   566   616 W skia    : AGTM parsing failed flags.readFromStream(s) at 159
04-26 22:07:34.175  2780  2785 I artd    : GetBestInfo: dm (/data/app/~~PqdBwR9WSFUNw4iaJMgoGg==/com.google.android.gms-95Dc1VeYXyONiCBDqz_lkA==/split_MeasurementDynamite_installtime.dm) is kOatUpToDate with filter 'verify' executable 'false'
04-26 22:07:34.175  1036  1091 V AppCompat: SingleSurfaceLetterboxController: [119]
04-26 22:07:34.175  1036  1091 V AppCompat: MultiSurfaceLetterboxController: []
04-26 22:07:34.175  1036  1091 V AppCompat: LetterboxInputController: [119]
04-26 22:07:34.175  1036  1091 V AppCompat: RoundedCornersLetterboxController: {}
04-26 22:07:34.177  1219  1219 D RecentTasksList: invalidateLoadedTasks - previous requestLoadId: -1
04-26 22:07:34.178  1219  1219 D RecentTasksList: invalidateLoadedTasks - previous requestLoadId: -1
04-26 22:07:34.178  1219  1219 D RecentTasksList: invalidateLoadedTasks - previous requestLoadId: -1
04-26 22:07:34.182  2780  2785 I artd    : GetBestInfo: dm (/data/app/~~PqdBwR9WSFUNw4iaJMgoGg==/com.google.android.gms-95Dc1VeYXyONiCBDqz_lkA==/split_all_locale_splits.dm) is kOatUpToDate with filter 'verify' executable 'false'
04-26 22:07:34.182  1036  1091 V RecentTasksController: generateList(getRecentTasks)
04-26 22:07:34.183  1036  1091 V RecentTasksController: initializeDesksMap - allDeskIds: []
04-26 22:07:34.183  1036  1091 V RecentTasksController: Task 119 is not an active desktop task
04-26 22:07:34.183  1036  1091 V RecentTasksController: Added fullscreen task: 119
04-26 22:07:34.183  1036  1091 V RecentTasksController: generateList - complete
04-26 22:07:34.185   736  1962 W WindowManager: Failed looking up window session=Session{597bd89 1036:u0a10196} callers=com.android.server.wm.WindowManagerService.removeClientToken:2272 com.android.server.wm.Session.remove:282 android.view.IWindowSession$Stub.onTransact:637 
04-26 22:07:34.188  2780  2785 I artd    : GetBestInfo: /data/user_de/0/com.google.android.gms/app_chimera/m/0000000a/dl-TfliteDynamiteDynamite.integ_252130102100800.apk has no usable artifacts
04-26 22:07:34.191  2780  2785 I artd    : GetBestInfo: /data/user_de/0/com.google.android.gms/app_chimera/m/00000001/CronetDynamite.apk has no usable artifacts
04-26 22:07:34.194  2780  2785 I artd    : GetBestInfo: /data/user_de/0/com.google.android.gms/app_chimera/m/00000016/dl-MlkitOcrCommon.optional_261332100800.apk has no usable artifacts
04-26 22:07:34.195  2780  2785 I artd    : GetBestInfo: /data/user_de/0/com.google.android.gms/app_chimera/m/00000002/DynamiteLoader.apk has no usable artifacts
04-26 22:07:34.203  2780  2785 I artd    : GetBestInfo: /data/user_de/0/com.google.android.gms/app_chimera/m/0000000e/dl-MlkitBarcodeUi.optional_260235100800.apk has no usable artifacts
04-26 22:07:34.205  2780  2785 I artd    : GetBestInfo: /data/user_de/0/com.google.android.gms/app_chimera/m/00000013/dl-Appsearch.optional_261332100800.apk has no usable artifacts
04-26 22:07:34.207  2780  2785 I artd    : GetBestInfo: /data/user_de/0/com.google.android.gms/app_chimera/m/00000005/GoogleCertificates.apk has no usable artifacts
04-26 22:07:34.209  2780  2785 I artd    : GetBestInfo: /data/user_de/0/com.google.android.gms/app_chimera/m/00000012/dl-PlayCloudSearch.optional_261332100000.apk has no usable artifacts
04-26 22:07:34.213  2780  2785 I artd    : GetBestInfo: vdex next to the dex file (/data/user/0/com.google.android.gms/app_dg_cache/B3ED91DEC21F0EB5284BE10D982ABEAAC45F5C48/oat/x86_64/the.vdex) is kOatUpToDate with filter 'verify' executable 'false'
04-26 22:07:34.213   736  1814 D TelephonyManager: requestModemActivityInfo: Sending result to app: ModemActivityInfo{ mTimestamp=23828794 mSleepTimeMs=2688 mIdleTimeMs=896 mActivityStatsTechSpecificInfo=[{mRat=UNKNOWN,mFrequencyRange=UNKNOWN,mTxTimeMs[]=[64, 192, 384, 512, 576],mRxTimeMs=576}]}
04-26 22:07:34.217  2780  2785 I artd    : GetBestInfo: /data/user_de/0/com.google.android.gms/app_chimera/m/0000000f/dl-PlayCloudSearch.optional_260235100000.apk has no usable artifacts
04-26 22:07:34.221  2780  2785 I artd    : GetBestInfo: /data/user_de/0/com.google.android.gms/app_chimera/m/00000008/dl-VisionOcr.optional_260235100000.apk has no usable artifacts
04-26 22:07:34.223  4276 22705 I Finsky:background: [240] Wrote row to frosting DB: 3240
04-26 22:07:34.224  2780  2785 I artd    : GetBestInfo: /data/user_de/0/com.google.android.gms/app_chimera/m/0000000b/dl-Appsearch.optional_260235100800.apk has no usable artifacts
04-26 22:07:34.228  2780  2785 I artd    : GetBestInfo: /data/user_de/0/com.google.android.gms/app_chimera/m/00000011/dl-VisionOcr.optional_261332100000.apk has no usable artifacts
04-26 22:07:34.229 22736 22736 D CompatChangeReporter: Compat change id reported: 242716250; UID 10230; state: ENABLED
04-26 22:07:34.230  2780  2785 I artd    : GetBestInfo: /data/user_de/0/com.google.android.gms/app_chimera/m/00000015/dl-MlkitBarcodeUi.optional_261332100800.apk has no usable artifacts
04-26 22:07:34.239  2780  2785 I artd    : GetBestInfo: /data/user_de/0/com.google.android.gms/app_chimera/m/00000009/dl-MlkitOcrCommon.optional_260235100800.apk has no usable artifacts
04-26 22:07:34.251 14925 22760 I AppBackupPkgRemovedIO: Backup state cleanup on uninstall is disabled. [CONTEXT service_id=229 ]
04-26 22:07:34.251  2780  2785 I artd    : GetBestInfo: vdex next to the dex file (/data/user/0/com.google.android.gms/app_dg_cache/CE973E4DE823F0AA69070767A9FABB590DDD455C/oat/x86_64/the.vdex) is kOatUpToDate with filter 'verify' executable 'false'
04-26 22:07:34.257  2780  2785 I artd    : GetBestInfo: /data/user_de/0/com.google.android.gms/app_chimera/m/00000007/MeasurementDynamite.apk has no usable artifacts
04-26 22:07:34.259 14925 22760 I PackageInstalledIntentO: Test flag v2 is disabled [CONTEXT service_id=469 ]
04-26 22:07:34.265   566   616 W skia    : AGTM parsing failed flags.readFromStream(s) at 159
04-26 22:07:34.277   566   616 W skia    : AGTM parsing failed flags.readFromStream(s) at 159
04-26 22:07:34.277   566   616 W skia    : AGTM parsing failed flags.readFromStream(s) at 159
04-26 22:07:34.283  4164  4164 I Finsky  : [2] Memory trim requested to level 40
04-26 22:07:34.283  4164  4164 I Finsky  : [2] Flushing in-memory image cache
04-26 22:07:34.288  1366 22733 I Fitness : (REDACTED) FitCleanupIntentOperation received Intent %s
04-26 22:07:34.292 22736 22736 D nativeloader: Configuring clns-9 for other apk /data/app/~~XXgw5otvxQc7qYS_-p8fWg==/com.muonline.client-07K99eW6uLkJ5fcuVyYLkQ==/base.apk. target_sdk_version=34, uses_libraries=, library_path=/data/app/~~XXgw5otvxQc7qYS_-p8fWg==/com.muonline.client-07K99eW6uLkJ5fcuVyYLkQ==/lib/x86_64:/data/app/~~XXgw5otvxQc7qYS_-p8fWg==/com.muonline.client-07K99eW6uLkJ5fcuVyYLkQ==/base.apk!/lib/x86_64, permitted_path=/data:/mnt/expand:/data/user/0/com.muonline.client
04-26 22:07:34.306 22736 22736 V GraphicsEnvironment: Currently set values for:
04-26 22:07:34.306 22736 22736 V GraphicsEnvironment:   angle_gl_driver_selection_pkgs=[]
04-26 22:07:34.306 22736 22736 V GraphicsEnvironment:   angle_gl_driver_selection_values=[]
04-26 22:07:34.306 22736 22736 V GraphicsEnvironment: com.muonline.client is not listed in per-application setting
04-26 22:07:34.306 22736 22736 V GraphicsEnvironment: No special selections for ANGLE, returning default driver choice
04-26 22:07:34.308 22736 22736 V GraphicsEnvironment: Neither updatable production driver nor prerelease driver is supported.
04-26 22:07:34.315  4276  4276 I Finsky:background: [2] Memory trim requested to level 40
04-26 22:07:34.330  4276 22705 I Finsky:background: [240] Wrote row to frosting DB: 3241
04-26 22:07:34.334  1366 22741 I ProximityAuth: [RecentAppsMediator] Package added: (user=UserHandle{0}) com.muonline.client
04-26 22:07:34.345 22736 22767 I DisplayManager: Choreographer implicitly registered for the refresh rate.
