--------- beginning of main
04-26 15:44:28.566 I/RoleService(  736): Granting default roles...
04-26 15:44:28.570 W/skia    (  566): AGTM parsing failed flags.readFromStream(s) at 159
04-26 15:44:28.570 W/skia    (  566): AGTM parsing failed flags.readFromStream(s) at 159
04-26 15:44:28.570 W/skia    (  566): AGTM parsing failed flags.readFromStream(s) at 159
04-26 15:44:28.570 W/skia    (  566): AGTM parsing failed flags.readFromStream(s) at 159
04-26 15:44:28.571 V/BaseDepthController( 1219): Applying blur: 0 to Surface(name=VRI-com.google.android.apps.nexuslauncher/com.google.android.apps.nexuslauncher.NexusLauncherActivity#153)/@0xd45637f applyImmediately: false
04-26 15:44:28.571 D/BaseDepthController( 1219): shouldBlurWorkspace: false targetState: Normal currentStableState: Normal mCurrentBlur: 0 mLauncher.getDepthBlurTargets(): [com.android.launcher3.Workspace{573bc60 V.ED..... ........ 0,0-1080,2400 #7f0a047d app:id/workspace}, com.android.launcher3.Hotseat{7eca519 V.ED..... ........ 0,1905-1080,2400 #7f0a01f1 app:id/hotseat}]
04-26 15:44:28.578 D/ImsResolver( 1203): maybeAddedImsService, packageName: com.muonline.client
04-26 15:44:28.578 V/ImsResolver( 1203): searchForImsServices: package=com.muonline.client, users=[UserHandle{0}]
04-26 15:44:28.578 V/ImsResolver( 1203): searchForImsServices: package=com.muonline.client, users=[UserHandle{0}]
04-26 15:44:28.579 W/SignedPackage(  736): Package doesn't have required signing certificate: com.google.android.retaildemo
04-26 15:44:28.581 E/RoleControllerServiceImpl(  736): Default/fallback role holder package doesn't qualify for the role, package: com.google.android.gms.supervision, role: android.app.role.SYSTEM_SUPERVISION, user: 0
04-26 15:44:28.585 W/VvmPkgInstalledRcvr( 1203): carrierVvmPkgAdded: carrier vvm packages doesn't contain com.muonline.client
04-26 15:44:28.587 W/skia    (  566): AGTM parsing failed flags.readFromStream(s) at 159
04-26 15:44:28.587 W/skia    (  566): AGTM parsing failed flags.readFromStream(s) at 159
04-26 15:44:28.587 W/skia    (  566): AGTM parsing failed flags.readFromStream(s) at 159
04-26 15:44:28.587 W/skia    (  566): AGTM parsing failed flags.readFromStream(s) at 159
04-26 15:44:28.590 W/SignedPackage(  736): Package doesn't have required signing certificate: com.google.android.apps.work.clouddpc
04-26 15:44:28.595 D/SatelliteController( 1203): packageStateChanged: package:com.muonline.client defaultSmsPackageName: com.google.android.apps.messaging satelliteGatewayServicePackageName: 
04-26 15:44:28.598 I/Finsky:background( 4276): [2] ajje - Received: android.intent.action.PACKAGE_ADDED, [n076RJLEETmEZ61FBJHrGFwh-0szukPG_iaeB-mhrwQ]
04-26 15:44:28.603 V/BaseDepthController( 1219): Applying blur: 0 to Surface(name=VRI-com.google.android.apps.nexuslauncher/com.google.android.apps.nexuslauncher.NexusLauncherActivity#153)/@0xd45637f applyImmediately: false
04-26 15:44:28.603 D/BaseDepthController( 1219): shouldBlurWorkspace: false targetState: Normal currentStableState: Normal mCurrentBlur: 0 mLauncher.getDepthBlurTargets(): [com.android.launcher3.Workspace{573bc60 V.ED..... ........ 0,0-1080,2400 #7f0a047d app:id/workspace}, com.android.launcher3.Hotseat{7eca519 V.ED..... ........ 0,1905-1080,2400 #7f0a01f1 app:id/hotseat}]
04-26 15:44:28.603 W/skia    (  566): AGTM parsing failed flags.readFromStream(s) at 159
04-26 15:44:28.604 W/skia    (  566): AGTM parsing failed flags.readFromStream(s) at 159
04-26 15:44:28.604 W/skia    (  566): AGTM parsing failed flags.readFromStream(s) at 159
04-26 15:44:28.604 W/skia    (  566): AGTM parsing failed flags.readFromStream(s) at 159
04-26 15:44:28.604 I/Finsky  ( 4164): [2] SCH: Received scheduling request: Id: 12-1, Constraints: [{ L: 15000, D: 86400000, C: CHARGING_NONE, I: IDLE_NONE, N: NET_ANY, B: BATTERY_ANY }]
04-26 15:44:28.603 D/AppSearchAppsIndexerManagerS(  736): userid in package receiver: 10230
04-26 15:44:28.611 D/SatelliteController( 1203): isInCarrierRoamingNbIotNtn: satellite is disabled
04-26 15:44:28.613 D/SatelliteController( 1203): getCarrierRoamingNtnConnectType: Checking connect type from PLMN config for subId: 1
04-26 15:44:28.617 I/PermissionControllerServiceImpl( 4376): Updating user sensitive for uid 10230
04-26 15:44:28.622 D/SatelliteController( 1203): getSatellitePerPlmnConfiguration: invalid subId or not supported via carrier.
04-26 15:44:28.622 D/CarrierSvcBindHelper( 1203): onHandleForceStop: [com.muonline.client]
04-26 15:44:28.622 D/SatelliteController( 1203): getCarrierRoamingNtnConnectType: config: null
04-26 15:44:28.622 D/CarrierSvcBindHelper( 1203): No carrier app for: 0
04-26 15:44:28.624 D/SatelliteController( 1203): getCarrierRoamingNtnConnectType: Falling back to global carrier config connect type: 0
04-26 15:44:28.626 W/skia    (  566): AGTM parsing failed flags.readFromStream(s) at 159
04-26 15:44:28.626 V/BaseDepthController( 1219): Applying blur: 0 to Surface(name=VRI-com.google.android.apps.nexuslauncher/com.google.android.apps.nexuslauncher.NexusLauncherActivity#153)/@0xd45637f applyImmediately: false
04-26 15:44:28.626 W/skia    (  566): AGTM parsing failed flags.readFromStream(s) at 159
04-26 15:44:28.626 D/BaseDepthController( 1219): shouldBlurWorkspace: false targetState: Normal currentStableState: Normal mCurrentBlur: 0 mLauncher.getDepthBlurTargets(): [com.android.launcher3.Workspace{573bc60 V.ED..... ........ 0,0-1080,2400 #7f0a047d app:id/workspace}, com.android.launcher3.Hotseat{7eca519 V.ED..... ........ 0,1905-1080,2400 #7f0a01f1 app:id/hotseat}]
04-26 15:44:28.626 D/SatelliteController( 1203): updateLastNotifiedCarrierRoamingNtnSignalStrengthAndNotify(1)
04-26 15:44:28.627 D/SatelliteController( 1203): updateLastNotifiedCarrierRoamingNtnSignalStrengthAndNotify(1) lastNotifiedSignalStrength level: 0
04-26 15:44:28.627 D/SatelliteController( 1203): updateLastNotifiedCarrierRoamingNtnSignalStrengthAndNotify(1) currSignalStrength level: 0
--------- beginning of system
04-26 15:44:28.631 I/BackupManagerService(  736): No delayed restore requests for the given dependency: com.muonline.client
04-26 15:44:28.634 I/Role    (  736): com.google.android.gms not qualified for android.app.role.SYSTEM_DEPENDENCY_INSTALLER due to missing RequiredComponent{mFlags='0', mIntentFilterData=IntentFilterData{mAction='android.content.pm.action.INSTALL_DEPENDENCY', mCategories='[]', mDataScheme='null', mDataType='null'}, mMetaData=[], mPermission='android.permission.BIND_DEPENDENCY_INSTALLER', mQueryFlags=0} Requirement{mFeatureFlag=null, mMinTargetSdkVersion=1}
04-26 15:44:28.634 E/RoleControllerServiceImpl(  736): Default/fallback role holder package doesn't qualify for the role, package: com.google.android.gms, role: android.app.role.SYSTEM_DEPENDENCY_INSTALLER, user: 0
04-26 15:44:28.640 V/BaseDepthController( 1219): Applying blur: 0 to Surface(name=VRI-com.google.android.apps.nexuslauncher/com.google.android.apps.nexuslauncher.NexusLauncherActivity#153)/@0xd45637f applyImmediately: false
04-26 15:44:28.641 D/BaseDepthController( 1219): shouldBlurWorkspace: false targetState: Normal currentStableState: Normal mCurrentBlur: 0 mLauncher.getDepthBlurTargets(): [com.android.launcher3.Workspace{573bc60 V.ED..... ........ 0,0-1080,2400 #7f0a047d app:id/workspace}, com.android.launcher3.Hotseat{7eca519 V.ED..... ........ 0,1905-1080,2400 #7f0a01f1 app:id/hotseat}]
04-26 15:44:28.651 I/Finsky:background( 4276): [56] IQ:PSL: skipping onPackageRemoved(replacing=true) for untracked package=com.muonline.client
04-26 15:44:28.658 V/BaseDepthController( 1219): Applying blur: 0 to Surface(name=VRI-com.google.android.apps.nexuslauncher/com.google.android.apps.nexuslauncher.NexusLauncherActivity#153)/@0xd45637f applyImmediately: false
04-26 15:44:28.658 D/BaseDepthController( 1219): setEarlyWakeup: true
04-26 15:44:28.658 D/BaseDepthController( 1219): shouldBlurWorkspace: false targetState: Normal currentStableState: Normal mCurrentBlur: 0 mLauncher.getDepthBlurTargets(): [com.android.launcher3.Workspace{573bc60 V.ED..... ........ 0,0-1080,2400 #7f0a047d app:id/workspace}, com.android.launcher3.Hotseat{7eca519 V.ED..... ........ 0,1905-1080,2400 #7f0a01f1 app:id/hotseat}]
04-26 15:44:28.660 D/AS.AudioService(  736): received android.intent.action.PACKAGE_REPLACED replacing: true archival: false for package com.muonline.client with uid 10230
04-26 15:44:28.661 D/AppSearchAppsIndexerManagerS(  736): userid in package receiver: 10230
04-26 15:44:28.662 V/AccessibilityManagerService(  736): onUserStateChangedLocked for userId: 0, forceUpdate: false
04-26 15:44:28.662 V/AccessibilityUserState(  736): updateShortcutTargets: type:accessibility_shortcut_target_service, current:{}, new:{}
04-26 15:44:28.662 V/AccessibilityUserState(  736): updateShortcutTargets: type:accessibility_button_targets, current:{}, new:{}
04-26 15:44:28.662 V/AccessibilityUserState(  736): updateShortcutTargets: type:accessibility_gesture_targets, current:{}, new:{}
04-26 15:44:28.662 V/AccessibilityUserState(  736): updateShortcutTargets: type:accessibility_qs_targets, current:{}, new:{}
04-26 15:44:28.662 V/AccessibilityUserState(  736): updateShortcutTargets: type:accessibility_key_gesture_targets, current:{}, new:{}
04-26 15:44:28.662 V/AccessibilityUserState(  736): updateShortcutTargets: type:accessibility_top_row_key_targets, current:{}, new:{}
04-26 15:44:28.662 V/AccessibilityUserState(  736): updateShortcutTargets: type:accessibility_quick_access_targets, current:{}, new:{}
04-26 15:44:28.662 W/MagnificationConnectionManager(  736): requestConnection duplicated request: connect=false, mConnectionState=DISCONNECTED
04-26 15:44:28.666 W/libbinder.IPCThreadState(  736): Sending oneway calls to frozen process.
04-26 15:44:28.666 W/libbinder.IPCThreadState(  736): Sending oneway calls to frozen process.
04-26 15:44:28.666 W/libbinder.IPCThreadState(  736): Sending oneway calls to frozen process.
04-26 15:44:28.667 V/AccessibilityManagerService(  736): onUserStateChangedLocked for userId: 0, forceUpdate: false
04-26 15:44:28.672 V/BaseDepthController( 1219): Applying blur: 0 to Surface(name=VRI-com.google.android.apps.nexuslauncher/com.google.android.apps.nexuslauncher.NexusLauncherActivity#153)/@0xd45637f applyImmediately: false
04-26 15:44:28.672 D/BaseDepthController( 1219): shouldBlurWorkspace: false targetState: Normal currentStableState: Normal mCurrentBlur: 0 mLauncher.getDepthBlurTargets(): [com.android.launcher3.Workspace{573bc60 V.ED..... ........ 0,0-1080,2400 #7f0a047d app:id/workspace}, com.android.launcher3.Hotseat{7eca519 V.ED..... ........ 0,1905-1080,2400 #7f0a01f1 app:id/hotseat}]
04-26 15:44:28.674 I/Finsky:background( 4276): [2] ajje - Received: android.intent.action.PACKAGE_ADDED, [n076RJLEETmEZ61FBJHrGFwh-0szukPG_iaeB-mhrwQ]
04-26 15:44:28.674 V/AccessibilityUserState(  736): updateShortcutTargets: type:accessibility_shortcut_target_service, current:{}, new:{}
04-26 15:44:28.675 V/AccessibilityUserState(  736): updateShortcutTargets: type:accessibility_button_targets, current:{}, new:{}
04-26 15:44:28.675 V/AccessibilityUserState(  736): updateShortcutTargets: type:accessibility_gesture_targets, current:{}, new:{}
04-26 15:44:28.675 V/AccessibilityUserState(  736): updateShortcutTargets: type:accessibility_qs_targets, current:{}, new:{}
04-26 15:44:28.675 V/AccessibilityUserState(  736): updateShortcutTargets: type:accessibility_key_gesture_targets, current:{}, new:{}
04-26 15:44:28.675 V/AccessibilityUserState(  736): updateShortcutTargets: type:accessibility_top_row_key_targets, current:{}, new:{}
04-26 15:44:28.676 V/AccessibilityUserState(  736): updateShortcutTargets: type:accessibility_quick_access_targets, current:{}, new:{}
04-26 15:44:28.676 W/MagnificationConnectionManager(  736): requestConnection duplicated request: connect=false, mConnectionState=DISCONNECTED
04-26 15:44:28.680 I/Finsky:background( 4276): [100] Wrote row to frosting DB: 3074
04-26 15:44:28.681 W/libbinder.IPCThreadState(  736): Sending oneway calls to frozen process.
04-26 15:44:28.681 W/libbinder.IPCThreadState(  736): Sending oneway calls to frozen process.
04-26 15:44:28.683 I/Finsky  ( 4164): [2] ajjp - Received: android.intent.action.PACKAGE_ADDED, [n076RJLEETmEZ61FBJHrGFwh-0szukPG_iaeB-mhrwQ]
04-26 15:44:28.684 W/libbinder.IPCThreadState(  736): Sending oneway calls to frozen process.
04-26 15:44:28.685 D/libbinder.PermissionCache(  566): checking android.permission.WAKEUP_SURFACE_FLINGER for uid=10193 => granted (632 us)
04-26 15:44:28.686 W/AlarmManager(  736): Package com.muonline.client, uid 10230 lost permission to set exact alarms!
04-26 15:44:28.689 V/BaseDepthController( 1219): Applying blur: 0 to Surface(name=VRI-com.google.android.apps.nexuslauncher/com.google.android.apps.nexuslauncher.NexusLauncherActivity#153)/@0xd45637f applyImmediately: false
04-26 15:44:28.689 W/libbinder.IPCThreadState(  736): Sending oneway calls to frozen process.
04-26 15:44:28.689 D/BaseDepthController( 1219): shouldBlurWorkspace: false targetState: Normal currentStableState: Normal mCurrentBlur: 0 mLauncher.getDepthBlurTargets(): [com.android.launcher3.Workspace{573bc60 V.ED..... ........ 0,0-1080,2400 #7f0a047d app:id/workspace}, com.android.launcher3.Hotseat{7eca519 V.ED..... ........ 0,1905-1080,2400 #7f0a01f1 app:id/hotseat}]
04-26 15:44:28.691 W/libbinder.IPCThreadState(  736): Sending oneway calls to frozen process.
04-26 15:44:28.692 W/libbinder.IPCThreadState(  736): Sending oneway calls to frozen process.
04-26 15:44:28.693 W/libbinder.IPCThreadState(  736): Sending oneway calls to frozen process.
04-26 15:44:28.693 W/libbinder.IPCThreadState(  736): Sending oneway calls to frozen process.
04-26 15:44:28.694 W/libbinder.IPCThreadState(  736): Sending oneway calls to frozen process.
04-26 15:44:28.694 D/IntervalStats(  736): Unable to parse usage stats packages: [240, 244, 247, 248, 249, 265, 266]
04-26 15:44:28.695 D/IntervalStats(  736): Unable to parse usage stats packages: [266, 267, 268, 269, 270, 271, 272, 273]
04-26 15:44:28.696 D/IntervalStats(  736): Unable to parse usage stats packages: [273]
04-26 15:44:28.698 I/Finsky:background( 4276): [2] ajje - Deduping intent android.intent.action.PACKAGE_ADDED
04-26 15:44:28.700 D/IntervalStats(  736): Unable to parse usage stats packages: [273]
04-26 15:44:28.700 W/Looper  (  736): Drained
04-26 15:44:28.702 I/Finsky  ( 4164): [2] DTU: Received onPackageAdded, replacing: true
04-26 15:44:28.703 I/Finsky  ( 4164): [125] SCH: Received scheduling request: Id: 12-1, Constraints: [{ L: 15000, D: 86400000, C: CHARGING_NONE, I: IDLE_NONE, N: NET_ANY, B: BATTERY_ANY }]
04-26 15:44:28.713 V/BaseDepthController( 1219): Applying blur: 0 to Surface(name=VRI-com.google.android.apps.nexuslauncher/com.google.android.apps.nexuslauncher.NexusLauncherActivity#153)/@0xd45637f applyImmediately: false
04-26 15:44:28.713 D/BaseDepthController( 1219): shouldBlurWorkspace: false targetState: Normal currentStableState: Normal mCurrentBlur: 0 mLauncher.getDepthBlurTargets(): [com.android.launcher3.Workspace{573bc60 V.ED..... ........ 0,0-1080,2400 #7f0a047d app:id/workspace}, com.android.launcher3.Hotseat{7eca519 V.ED..... ........ 0,1905-1080,2400 #7f0a01f1 app:id/hotseat}]
04-26 15:44:28.719 I/Finsky:background( 4276): [2] ajje - Received: android.intent.action.PACKAGE_ADDED, [n076RJLEETmEZ61FBJHrGFwh-0szukPG_iaeB-mhrwQ]
04-26 15:44:28.719 I/Finsky:background( 4276): [100] Wrote row to frosting DB: 3075
04-26 15:44:28.722 D/IntervalStats(  736): Unable to parse usage stats packages: [273]
04-26 15:44:28.724 W/ActivityTaskManager(  736): callingPackage for (uid=2000, pid=5620) has no WPC
04-26 15:44:28.724 D/IntervalStats(  736): Unable to parse usage stats packages: [273, 276, 277, 278]
04-26 15:44:28.726 V/BaseDepthController( 1219): Applying blur: 0 to Surface(name=VRI-com.google.android.apps.nexuslauncher/com.google.android.apps.nexuslauncher.NexusLauncherActivity#153)/@0xd45637f applyImmediately: false
04-26 15:44:28.727 V/GrammaticalInflectionUtils(  736): AttributionSource: android.content.AttributionSource@d322a4fb does not have READ_SYSTEM_GRAMMATICAL_GENDER permission.
04-26 15:44:28.727 W/skia    (  566): AGTM parsing failed flags.readFromStream(s) at 159
04-26 15:44:28.728 W/skia    (  566): AGTM parsing failed flags.readFromStream(s) at 159
04-26 15:44:28.730 D/BaseDepthController( 1219): shouldBlurWorkspace: false targetState: Normal currentStableState: Normal mCurrentBlur: 0 mLauncher.getDepthBlurTargets(): [com.android.launcher3.Workspace{573bc60 V.ED..... ........ 0,0-1080,2400 #7f0a047d app:id/workspace}, com.android.launcher3.Hotseat{7eca519 V.ED..... ........ 0,1905-1080,2400 #7f0a01f1 app:id/hotseat}]
04-26 15:44:28.730 I/Finsky  ( 4164): [2] ajjp - Received: android.intent.action.PACKAGE_ADDED, [n076RJLEETmEZ61FBJHrGFwh-0szukPG_iaeB-mhrwQ]
04-26 15:44:28.733 E/RoleControllerServiceImpl(  736): Default/fallback role holder package doesn't qualify for the role, package: com.google.android.gms, role: android.app.role.WALLET, user: 0
04-26 15:44:28.735 I/Finsky:background( 4276): [2] ajje - Deduping intent android.intent.action.PACKAGE_ADDED
04-26 15:44:28.736 D/IntervalStats(  736): Unable to parse usage stats packages: [278, 280, 281, 282, 283]
04-26 15:44:28.736 I/Finsky:background( 4276): [60] RECEIVER_PACKAGE_MONITOR_BACKGROUND#logWorkEndAndFinishGoAsync: SUCCESS
04-26 15:44:28.737 I/MediaProvider( 1619): Invalidating LocalCallingIdentity cache for package com.muonline.client. Reason: package android.intent.action.PACKAGE_REMOVED
04-26 15:44:28.737 W/MediaProvider( 1619): WorkProfileOwnerApps cache is empty
04-26 15:44:28.737 D/PickerSyncLockManager( 1619): Trying to acquire lock com.android.providers.media.photopicker.sync.CloseableReentrantLock@13ff476[Unlocked]. Lock Name = CLOUD_PROVIDER_LOCK. Threads that may be waiting to acquire this lock = []
04-26 15:44:28.738 D/CloseableReentrantLock( 1619): Successfully acquired lock com.android.providers.media.photopicker.sync.CloseableReentrantLock@13ff476[Locked by thread main]. Lock Name = CLOUD_PROVIDER_LOCK. Threads that may be waiting to acquire this lock = []
04-26 15:44:28.738 D/CloseableReentrantLock( 1619): Successfully released lock com.android.providers.media.photopicker.sync.CloseableReentrantLock@13ff476[Unlocked]. Lock Name = CLOUD_PROVIDER_LOCK. Threads that may be waiting to acquire this lock = []
04-26 15:44:28.739 D/IntervalStats(  736): Unable to parse usage stats packages: [283]
04-26 15:44:28.742 D/IntervalStats(  736): Unable to parse usage stats packages: [283]
04-26 15:44:28.742 D/RecentsView( 1219): onTaskDisplayChanged: 90, new displayId = 0
04-26 15:44:28.743 V/BaseDepthController( 1219): Applying blur: 0 to Surface(name=VRI-com.google.android.apps.nexuslauncher/com.google.android.apps.nexuslauncher.NexusLauncherActivity#153)/@0xd45637f applyImmediately: false
04-26 15:44:28.743 D/BaseDepthController( 1219): shouldBlurWorkspace: false targetState: Normal currentStableState: Normal mCurrentBlur: 0 mLauncher.getDepthBlurTargets(): [com.android.launcher3.Workspace{573bc60 V.ED..... ........ 0,0-1080,2400 #7f0a047d app:id/workspace}, com.android.launcher3.Hotseat{7eca519 V.ED..... ........ 0,1905-1080,2400 #7f0a01f1 app:id/hotseat}]
04-26 15:44:28.744 I/ActivityTaskManager(  736): Add Task{5ad6b0c #89 type=standard A=10230:com.muonline.client} to hidden list because adding Task{22e0e3c #90 type=standard A=10230:com.muonline.client}
04-26 15:44:28.747 I/Finsky  ( 4164): [2] ajjp - Deduping intent android.intent.action.PACKAGE_ADDED
04-26 15:44:28.750 V/WindowManagerShell( 1036): Transition requested (#19): android.os.BinderProxy@15abffd TransitionRequestInfo { type = OPEN, triggerTask = TaskInfo{userId=0 taskId=90 effectiveUid=10230 displayId=0 isRunning=true baseIntent=Intent { flg=0x10000000 cmp=com.muonline.client/.PreloadActivity } baseActivity=ComponentInfo{com.muonline.client/com.muonline.client.PreloadActivity} topActivity=ComponentInfo{com.muonline.client/com.muonline.client.PreloadActivity} origActivity=null realActivity=ComponentInfo{com.muonline.client/com.muonline.client.PreloadActivity} realActivityIsAppLockEnabled=false numActivities=1 lastActiveTime=843346 supportsMultiWindow=true supportsMultiWindowWithoutConstraints=true resizeMode=1 isResizeable=true minWidth=-1 minHeight=-1 defaultMinSize=220 token=WCT{android.os.BinderProxy@4d104f2} topActivityType=1 pictureInPictureParams=null shouldDockBigOverlays=false launchIntoPipHostTaskId=-1 lastParentTaskIdBeforePip=-1 displayCutoutSafeInsets=Rect(132, 0 - 0, 0) topActivityInfo=ActivityInfo{1ad0743 com.muonline.client.PreloadActivity} launchCookies=[] positionInParent=Point(0, 0) parentTaskId=-1 isFocused=false isInteractive=false isVisible=false isVisibleRequested=false isTopActivityNoDisplay=false isSleeping=false locusId=null displayAreaFeatureId=1 isTopActivityTransparent=false isActivityStackTransparent=false lastNonFullscreenBounds=null leafTaskBoundsFromOptions= false capturedLink=null capturedLinkTimestamp=0 requestedVisibleTypes=503 topActivityRequestOpenInBrowserEducationTimestamp=0 appCompatTaskInfo=AppCompatTaskInfo { topActivityInSizeCompat=false isLeafTask= true eligibleForLetterboxEducation= false isLetterboxEducationEnabled= true isLetterboxDoubleTapEnabled= false eligibleForUserAspectRatioButton= false topActivityBoundsLetterboxed= false isFromLetterboxDoubleTap= false topActivityLetterboxVerticalPosition= -1 topActivityLetterboxHorizontalPosition= -1 topActivityLetterboxWidth=-1 topActivityLetterboxHeight=-1 topActivityAppBounds=Rect(132, 0 - 2400, 1017) isUserFullscreenOverrideEnabled=false isSystemFullscreenOverrideEnabled=false hasMinAspectRatioOverride=false topActivityLetterboxBounds=null topNonResizableActivityAspectRatio=-1.0} topActivityMainWindowFrame=null isAppBubble=false}, pipChange = null, remoteTransitionInfo = null, displayChange = null, requestedLocation = null, userChange = null, windowingLayerChange = null, fullscreenRequestChange = null, flags = 0, debugId = 19 }
04-26 15:44:28.750 W/DisconnectHandler( 1036): No disconnect change found in the transition, not handling request.
04-26 15:44:28.750 V/ShellDesktopMode( 1036): DesktopTasksController: skipping handleRequest reason=triggerTask's display doesn't support desktop mode
04-26 15:44:28.750 D/ShellSplitScreen( 1036): logExit: no-op, mLoggerSessionId is null
04-26 15:44:28.751 V/ActivityTaskManager(  736): TaskLaunchParamsModifier: phase=3 task=Task{22e0e3c #90 type=standard A=10230:com.muonline.client} activity=ActivityRecord{238269449 u0 com.muonline.client/.PreloadActivity t-1} display-from-task=0 display-id=0 task-display-area-windowing-mode=1 suggested-display-area=DefaultTaskDisplayArea@125646128 inherit-from-task=fullscreen non-freeform-task-display-area display-area=DefaultTaskDisplayArea@125646128 skip-bounds-fullscreen
04-26 15:44:28.751 I/ActivityTaskManager(  736): START u0 {flg=0x10000000 xflg=0x5 cmp=com.muonline.client/.PreloadActivity} with LAUNCH_SINGLE_TASK from uid 2000 (com.android.shell) (BAL_ALLOW_PERMISSION) result code=0
04-26 15:44:28.759 D/BaseActivity( 1219): Launcher flags updated: [state_started|state_resumed|state_deferred_resumed|state_window_focused|state_user_active] -[]
04-26 15:44:28.759 I/libbinder.BpBinder(  566): onLastStrongRef automatically unlinking death recipients for binder (0x7eaa360645b0) with descriptor: '(not cached)'
04-26 15:44:28.763 W/InputChannel-JNI(  736): Channel already disposed.
04-26 15:44:28.764 D/BaseActivity( 1219): Launcher flags updated: [state_started|state_resumed|state_deferred_resumed|state_window_focused] -[state_user_active]
04-26 15:44:28.765 D/BaseActivity( 1219): Launcher flags updated: [state_started|state_window_focused] -[state_resumed|state_deferred_resumed]
04-26 15:44:28.765 W/SplitSelectStateCtor( 1219): Missing session instanceIds
04-26 15:44:28.765 D/StatsLog( 1219): LAUNCHER_SPLIT_SELECTION_EXIT_INTERRUPTED
04-26 15:44:28.768 D/WindowManagerShell( 1036): setLauncherKeepClearAreaHeight: visible=false, height=495
04-26 15:44:28.771 D/WindowOnBackDispatcher( 1036): setTopOnBackInvokedCallback (unwrapped): android.view.ViewRootImpl$$ExternalSyntheticLambda13@a0169ab
04-26 15:44:28.771 V/WindowManager(  736): Defer transition id=19 for TaskFragmentTransaction=android.os.Binder@6992f04
04-26 15:44:28.773 V/BaseDepthController( 1219): Applying blur: 0 to Surface(name=VRI-com.google.android.apps.nexuslauncher/com.google.android.apps.nexuslauncher.NexusLauncherActivity#153)/@0xd45637f applyImmediately: false
04-26 15:44:28.773 D/BaseDepthController( 1219): shouldBlurWorkspace: false targetState: Normal currentStableState: Normal mCurrentBlur: 0 mLauncher.getDepthBlurTargets(): [com.android.launcher3.Workspace{573bc60 V.ED..... ........ 0,0-1080,2400 #7f0a047d app:id/workspace}, com.android.launcher3.Hotseat{7eca519 V.ED..... ........ 0,1905-1080,2400 #7f0a01f1 app:id/hotseat}]
04-26 15:44:28.774 D/WindowManager(  736): setClientSurface Surface(name=VRI-Splash Screen com.muonline.client#165)/@0xca46ced for e9d1e27 Splash Screen com.muonline.client
04-26 15:44:28.782 I/Surface ( 1036): Creating surface for consumer unnamed-1036-6 with slotExpansion=1 for 64 slots
04-26 15:44:28.782 D/CoreBackPreview(  736): Window{e9d1e27 u0 Splash Screen com.muonline.client}: Setting back callback OnBackInvokedCallbackInfo{mCallback=android.window.IOnBackInvokedCallback$Stub$Proxy@4cb4ca5, mPriority=0, mIsAnimationCallback=false, mOverrideBehavior=0}
04-26 15:44:28.783 I/Surface ( 1036): Creating surface for consumer VRI[client]#6(BLAST Consumer)6 with slotExpansion=1 for 64 slots
04-26 15:44:28.784 V/WindowManager(  736): Continue transition id=19 for TaskFragmentTransaction=android.os.Binder@6992f04
04-26 15:44:28.785 V/GrammaticalInflectionUtils(  736): AttributionSource: android.content.AttributionSource@d322a4fb does not have READ_SYSTEM_GRAMMATICAL_GENDER permission.
04-26 15:44:28.788 I/Finsky:background( 4276): [100] Wrote row to frosting DB: 3076
04-26 15:44:28.797 I/Finsky  ( 4164): [2] ajjp - Received: android.intent.action.PACKAGE_ADDED, [n076RJLEETmEZ61FBJHrGFwh-0szukPG_iaeB-mhrwQ]
04-26 15:44:28.799 V/BaseDepthController( 1219): Applying blur: 0 to Surface(name=VRI-com.google.android.apps.nexuslauncher/com.google.android.apps.nexuslauncher.NexusLauncherActivity#153)/@0xd45637f applyImmediately: false
04-26 15:44:28.799 D/BaseDepthController( 1219): shouldBlurWorkspace: false targetState: Normal currentStableState: Normal mCurrentBlur: 0 mLauncher.getDepthBlurTargets(): [com.android.launcher3.Workspace{573bc60 V.ED..... ........ 0,0-1080,2400 #7f0a047d app:id/workspace}, com.android.launcher3.Hotseat{7eca519 V.ED..... ........ 0,1905-1080,2400 #7f0a01f1 app:id/hotseat}]
04-26 15:44:28.820 I/Finsky:background( 4276): [2] Memory trim requested to level 40
04-26 15:44:28.822 W/SignedPackage(  736): Cannot get ApplicationInfo for package: com.google.android.devicelockcontroller
04-26 15:44:28.830 I/Finsky:background( 4276): [100] Wrote row to frosting DB: 3077
04-26 15:44:28.831 V/BaseDepthController( 1219): Applying blur: 0 to Surface(name=VRI-com.google.android.apps.nexuslauncher/com.google.android.apps.nexuslauncher.NexusLauncherActivity#153)/@0xd45637f applyImmediately: false
04-26 15:44:28.831 D/BaseDepthController( 1219): shouldBlurWorkspace: false targetState: Normal currentStableState: Normal mCurrentBlur: 0 mLauncher.getDepthBlurTargets(): [com.android.launcher3.Workspace{573bc60 V.ED..... ........ 0,0-1080,2400 #7f0a047d app:id/workspace}, com.android.launcher3.Hotseat{7eca519 V.ED..... ........ 0,1905-1080,2400 #7f0a01f1 app:id/hotseat}]
04-26 15:44:28.842 V/WindowManagerShell( 1036): onTransitionReady(transaction=3161095931397)
04-26 15:44:28.844 D/ActivityManager(  736): sync unfroze 1867 com.google.android.gms for 6
04-26 15:44:28.846 V/WindowManager(  736): Sent Transition (#19) createdAt=04-26 15:44:28.729 via request=TransitionRequestInfo { type = OPEN, triggerTask = TaskInfo{userId=0 taskId=90 effectiveUid=10230 displayId=0 isRunning=true baseIntent=Intent { flg=0x10000000 cmp=com.muonline.client/.PreloadActivity } baseActivity=ComponentInfo{com.muonline.client/com.muonline.client.PreloadActivity} topActivity=ComponentInfo{com.muonline.client/com.muonline.client.PreloadActivity} origActivity=null realActivity=ComponentInfo{com.muonline.client/com.muonline.client.PreloadActivity} realActivityIsAppLockEnabled=false numActivities=1 lastActiveTime=843346 supportsMultiWindow=true supportsMultiWindowWithoutConstraints=true resizeMode=1 isResizeable=true minWidth=-1 minHeight=-1 defaultMinSize=220 token=WCT{RemoteToken{17728a9 Task{22e0e3c #90 type=standard A=10230:com.muonline.client}}} topActivityType=1 pictureInPictureParams=null shouldDockBigOverlays=false launchIntoPipHostTaskId=-1 lastParentTaskIdBeforePip=-1 displayCutoutSafeInsets=Rect(132, 0 - 0, 0) topActivityInfo=ActivityInfo{9d5fe2e com.muonline.client.PreloadActivity} launchCookies=[] positionInParent=Point(0, 0) parentTaskId=-1 isFocused=false isInteractive=false isVisible=false isVisibleRequested=false isTopActivityNoDisplay=false isSleeping=false locusId=null displayAreaFeatureId=1 isTopActivityTransparent=false isActivityStackTransparent=false lastNonFullscreenBounds=null leafTaskBoundsFromOptions= false capturedLink=null capturedLinkTimestamp=0 requestedVisibleTypes=503 topActivityRequestOpenInBrowserEducationTimestamp=0 appCompatTaskInfo=AppCompatTaskInfo { topActivityInSizeCompat=false isLeafTask= true eligibleForLetterboxEducation= false isLetterboxEducationEnabled= true isLetterboxDoubleTapEnabled= false eligibleForUserAspectRatioButton= false topActivityBoundsLetterboxed= false isFromLetterboxDoubleTap= false topActivityLetterboxVerticalPosition= -1 topActivityLetterboxHorizontalPosition= -1 topActivityLetterboxWidth=-1 topActivityLetterboxHeight=-1 topActivityAppBounds=Rect(132, 0 - 2400, 1017) isUserFullscreenOverrideEnabled=false isSystemFullscreenOverrideEnabled=false hasMinAspectRatioOverride=false topActivityLetterboxBounds=null topNonResizableActivityAspectRatio=-1.0} topActivityMainWindowFrame=null isAppBubble=false}, pipChange = null, remoteTransitionInfo = null, displayChange = null, requestedLocation = null, userChange = null, windowingLayerChange = null, fullscreenRequestChange = null, flags = 0, debugId = 19 }
04-26 15:44:28.846 V/WindowManager(  736):     startWCT=WindowContainerTransaction { changes= {} hops= [] flags= 0 errorCallbackToken=null taskFragmentOrganizer=null }
04-26 15:44:28.851 V/WindowManager(  736):     info={id=19 t=OPEN f=0x0 trk=0 r=[0@Point(0, 0)] c=[
04-26 15:44:28.851 V/WindowManager(  736):         {WCT{RemoteToken{17728a9 Task{22e0e3c #90 type=standard A=10230:com.muonline.client}}} m=OPEN f=MOVE_TO_TOP leash=Surface(name=Task=90#162)/@0x8296d73 sb=Rect(0, 0 - 2400, 1080) eb=Rect(0, 0 - 2400, 1080) epz=Point(2400, 1080) d=0 taskParent=-1 winMode=1 userId=0},
04-26 15:44:28.851 V/WindowManager(  736):         {WCT{RemoteToken{4853fd5 Task{13e540b #1 type=home}}} m=TO_BACK f=SHOW_WALLPAPER leash=Surface(name=Task=1#34)/@0x499be06 sb=Rect(0, 0 - 2400, 1080) eb=Rect(0, 0 - 2400, 1080) epz=Point(2400, 1080) d=0 taskParent=-1 winMode=1 userId=0},
04-26 15:44:28.851 V/WindowManager(  736):         {m=TO_BACK f=IS_WALLPAPER leash=Surface(name=Surface(name=WallpaperWindowToken{3bea6dd}#54)/@0x4e520e1 - rotation-leash#157)/@0xe33935b sb=Rect(0, 0 - 1080, 2400) eb=Rect(0, 0 - 2400, 1080) epz=Point(2400, 1080) d=0 r=0->1:-1}
04-26 15:44:28.851 V/WindowManager(  736):     ]}
04-26 15:44:28.860 D/ActivityThread( 1867): Package [com.muonline.client] reported as REPLACED, but missing application info. Assuming REMOVED.
04-26 15:44:28.861 D/ActivityThread( 1867): Package [com.muonline.client] reported as REPLACED, but missing application info. Assuming REMOVED.
04-26 15:44:28.863 D/BaseActivity( 1219): Launcher flags updated: [state_started] -[state_window_focused]
04-26 15:44:28.864 V/BaseDepthController( 1219): Applying blur: 0 to Surface(name=VRI-com.google.android.apps.nexuslauncher/com.google.android.apps.nexuslauncher.NexusLauncherActivity#153)/@0xd45637f applyImmediately: false
04-26 15:44:28.864 D/BaseDepthController( 1219): shouldBlurWorkspace: false targetState: Normal currentStableState: Normal mCurrentBlur: 0 mLauncher.getDepthBlurTargets(): [com.android.launcher3.Workspace{573bc60 V.ED..... ........ 0,0-1080,2400 #7f0a047d app:id/workspace}, com.android.launcher3.Hotseat{7eca519 V.ED..... .......D 0,1905-1080,2400 #7f0a01f1 app:id/hotseat}]
04-26 15:44:28.869 I/Finsky  ( 4164): [2] ajjp - Deduping intent android.intent.action.PACKAGE_ADDED
04-26 15:44:28.871 I/Finsky  ( 4164): [41] RECEIVER_PACKAGE_MONITOR#logWorkEndAndFinishGoAsync: SUCCESS
04-26 15:44:28.872 I/Finsky:background( 4276): [100] Wrote row to frosting DB: 3078
04-26 15:44:28.877 V/BaseDepthController( 1219): Applying blur: 0 to Surface(name=VRI-com.google.android.apps.nexuslauncher/com.google.android.apps.nexuslauncher.NexusLauncherActivity#153)/@0xd45637f applyImmediately: false
04-26 15:44:28.877 D/BaseDepthController( 1219): shouldBlurWorkspace: false targetState: Normal currentStableState: Normal mCurrentBlur: 0 mLauncher.getDepthBlurTargets(): [com.android.launcher3.Workspace{573bc60 V.ED..... ........ 0,0-1080,2400 #7f0a047d app:id/workspace}, com.android.launcher3.Hotseat{7eca519 V.ED..... .......D 0,1905-1080,2400 #7f0a01f1 app:id/hotseat}]
04-26 15:44:28.879 V/RecentTasksController( 1036): Notify recent tasks changed
04-26 15:44:28.879 D/ShellDesktopMode( 1036): DesktopRepository(0): Removes freeform task: taskId=89
04-26 15:44:28.879 W/ShellDesktopMode( 1036): DesktopRepository(0): No display id found for task: taskId=89
04-26 15:44:28.879 V/RecentTasksController( 1036): Notify recent tasks changed
04-26 15:44:28.883 V/WindowManagerShell( 1036): onTransitionReady (#19) android.os.BinderProxy@15abffd: {id=19 t=OPEN f=0x0 trk=0 r=[0@Point(0, 0)] c=[
04-26 15:44:28.883 V/WindowManagerShell( 1036):         {m=OPEN f=MOVE_TO_TOP leash=Surface(name=Task=90#162)/@0xc9c1020 sb=Rect(0, 0 - 2400, 1080) eb=Rect(0, 0 - 2400, 1080) epz=Point(2400, 1080) d=0 taskParent=-1 winMode=1 userId=0},
04-26 15:44:28.883 V/WindowManagerShell( 1036):         {m=TO_BACK f=SHOW_WALLPAPER leash=Surface(name=Task=1#34)/@0x41ccdd9 sb=Rect(0, 0 - 2400, 1080) eb=Rect(0, 0 - 2400, 1080) epz=Point(2400, 1080) d=0 taskParent=-1 winMode=1 userId=0},
04-26 15:44:28.883 V/WindowManagerShell( 1036):         {m=TO_BACK f=IS_WALLPAPER leash=Surface(name=Surface(name=WallpaperWindowToken{3bea6dd}#54)/@0x4e520e1 - rotation-leash#157)/@0x5d1f39e sb=Rect(0, 0 - 1080, 2400) eb=Rect(0, 0 - 2400, 1080) epz=Point(2400, 1080) d=0 r=0->1:-1}
04-26 15:44:28.883 V/WindowManagerShell( 1036):     ]}
04-26 15:44:28.891 D/RecentTasksList( 1219): invalidateLoadedTasks - previous requestLoadId: -1
04-26 15:44:28.891 D/RecentTasksList( 1219): invalidateLoadedTasks - previous requestLoadId: -1
04-26 15:44:28.891 D/Zygote  (  499): Forked child process 5633
04-26 15:44:28.892 W/ActivityManager(  736): Slow operation: 107ms so far, now at startProcess: returned from zygote!
04-26 15:44:28.892 I/Finsky:background( 4276): [100] Wrote row to frosting DB: 3079
04-26 15:44:28.894 W/ActivityManager(  736): Slow operation: 109ms so far, now at startProcess: done updating battery stats
04-26 15:44:28.894 W/ActivityManager(  736): Slow operation: 110ms so far, now at startProcess: building log message
04-26 15:44:28.894 I/ActivityManager(  736): Start proc 5633:com.muonline.client/u0a230 for next-top-activity {com.muonline.client/com.muonline.client.PreloadActivity}
04-26 15:44:28.894 W/ActivityManager(  736): Slow operation: 110ms so far, now at startProcess: starting to update pids map
04-26 15:44:28.894 W/ActivityManager(  736): Slow operation: 110ms so far, now at startProcess: done updating pids map
04-26 15:44:28.896 V/BaseDepthController( 1219): Applying blur: 0 to Surface(name=VRI-com.google.android.apps.nexuslauncher/com.google.android.apps.nexuslauncher.NexusLauncherActivity#153)/@0xd45637f applyImmediately: false
04-26 15:44:28.896 D/BaseDepthController( 1219): shouldBlurWorkspace: false targetState: Normal currentStableState: Normal mCurrentBlur: 0 mLauncher.getDepthBlurTargets(): [com.android.launcher3.Workspace{573bc60 V.ED..... ........ 0,0-1080,2400 #7f0a047d app:id/workspace}, com.android.launcher3.Hotseat{7eca519 V.ED..... ........ 0,1905-1080,2400 #7f0a01f1 app:id/hotseat}]
04-26 15:44:28.907 W/InputChannel-JNI(  736): Channel already disposed.
04-26 15:44:28.911 V/WindowManagerShell( 1036): Transition (#19) android.os.BinderProxy@15abffd@0 ready while (#18) android.os.BinderProxy@6125139@0 is still animating. Notify the animating transition in case they can be merged
04-26 15:44:28.912 V/WindowManagerShell( 1036):    Requesting merge (#19) into remote: RemoteTransition { remoteTransition = android.window.IRemoteTransition$Stub$Proxy@fea59eb, appThread = android.app.IApplicationThread$Stub$Proxy@4f01348, debugName = QuickstepLaunchHome, filter = {types=[] flags=0x0 notFlags=0x100 checks=[{atype=home independent=true modes=[OPEN,TO_FRONT] flags=NONE mustBeTask=false order=ANY topActivity=ComponentInfo{com.google.android.apps.nexuslauncher/com.google.android.apps.nexuslauncher.NexusLauncherActivity} launchCookie=null windowingMode=undefined isCrossDisplayMove=false},{atype=standard independent=true modes=[CLOSE,TO_BACK] flags=NONE mustBeTask=false order=ANY topActivity=null launchCookie=null windowingMode=undefined isCrossDisplayMove=false},{NOT atype=undefined independent=true modes=[] flags=NONE mustBeTask=true order=ANY topActivity=null launchCookie=null customAnim=true windowingMode=undefined isCrossDisplayMove=false}]} }
04-26 15:44:28.912 V/ShellTaskOrganizer( 1036): Task appeared taskId=90 listener=FullscreenTaskListener
04-26 15:44:28.913 V/ShellTaskOrganizer( 1036): Fullscreen Task Appeared: #90
04-26 15:44:28.913 V/SafetySourceDataValidat(  736): Package: com.android.vending has expected signature
04-26 15:44:28.913 V/WindowManagerShell( 1036): Received remote transition finished callback for (#18)
04-26 15:44:28.914 I/ImeTracker(  736): system_server:b05a2057: onRequestHide at ORIGIN_SERVER reason IME_REQUESTED_CHANGED_LISTENER fromUser false displayId 0
04-26 15:44:28.915 I/ImeTracker(  736): system_server:b05a2057: onCancelled at PHASE_SERVER_SHOULD_HIDE
04-26 15:44:28.916 V/RecentTasksController( 1036): Notify recent tasks changed
04-26 15:44:28.916 V/RecentTasksController( 1036): Notify recent tasks changed
04-26 15:44:28.918 V/WindowManagerShell( 1036): Transition animation finished (aborted=false), notifying core (#18) android.os.BinderProxy@6125139@0
04-26 15:44:28.922 I/Zygote  ( 5633): Process 5633 created for com.muonline.client
04-26 15:44:28.922 I/muonline.client( 5633): Using generational CollectorTypeCMC GC.
04-26 15:44:28.923 W/muonline.client( 5633): Unexpected CPU variant for x86: x86_64.
04-26 15:44:28.923 W/muonline.client( 5633): Known variants: atom, sandybridge, silvermont, goldmont, goldmont-plus, goldmont-without-sha-xsaves, tremont, kabylake, alderlake, lunarlake, default
04-26 15:44:28.925 E/libbinder.IPCThreadState(  736): Binder transaction failure. id: 239025, cmd: BR_DEAD_REPLY (29189), error: -22 (Invalid argument)
04-26 15:44:28.926 W/ActivityManager(  736): pid 736 system sent binder code 7 with flags 1 and got error -32
04-26 15:44:28.928 V/WindowManager(  736): Finish Transition (#18): created at 04-26 15:44:28.186 collect-started=0.042ms request-sent=0.132ms started=11.306ms ready=15.822ms sent=156.324ms commit=60.954ms finished=736.615ms
04-26 15:44:28.928 W/WindowManager(  736): Exception thrown during dispatchAppVisibility Window{93a33de u0 com.muonline.client/com.muonline.client.MuMainActivity EXITING}
04-26 15:44:28.928 W/WindowManager(  736): android.os.DeadObjectException
04-26 15:44:28.928 W/WindowManager(  736): 	at android.os.BinderProxy.transactNative(Native Method)
04-26 15:44:28.928 W/WindowManager(  736): 	at android.os.BinderProxy.transact(BinderProxy.java:617)
04-26 15:44:28.928 W/WindowManager(  736): 	at android.view.IWindow$Stub$Proxy.dispatchAppVisibility(IWindow.java:596)
04-26 15:44:28.928 W/WindowManager(  736): 	at com.android.server.wm.WindowState.sendAppVisibilityToClients(WindowState.java:3335)
04-26 15:44:28.928 W/WindowManager(  736): 	at com.android.server.wm.WindowContainer.sendAppVisibilityToClients(WindowContainer.java:1245)
04-26 15:44:28.928 W/WindowManager(  736): 	at com.android.server.wm.WindowToken.setClientVisible(WindowToken.java:392)
04-26 15:44:28.928 W/WindowManager(  736): 	at com.android.server.wm.ActivityRecord.commitVisibility(ActivityRecord.java:5599)
04-26 15:44:28.928 W/WindowManager(  736): 	at com.android.server.wm.Transition.finishTransition(Transition.java:1570)
04-26 15:44:28.928 W/WindowManager(  736): 	at com.android.server.wm.TransitionController.finishTransition(TransitionController.java:1205)
04-26 15:44:28.928 W/WindowManager(  736): 	at com.android.server.wm.WindowOrganizerController.finishTransition(WindowOrganizerController.java:533)
04-26 15:44:28.928 W/WindowManager(  736): 	at android.window.IWindowOrganizerController$Stub.onTransact(IWindowOrganizerController.java:265)
04-26 15:44:28.928 W/WindowManager(  736): 	at com.android.server.wm.WindowOrganizerController.onTransact(WindowOrganizerController.java:239)
04-26 15:44:28.928 W/WindowManager(  736): 	at android.os.Binder.execTransactInternal(Binder.java:1466)
04-26 15:44:28.928 W/WindowManager(  736): 	at android.os.Binder.execTransact(Binder.java:1411)
04-26 15:44:28.929 W/Process (  736): Unable to open /proc/5343/status
04-26 15:44:28.930 V/BaseDepthController( 1219): Applying blur: 0 to Surface(name=VRI-com.google.android.apps.nexuslauncher/com.google.android.apps.nexuslauncher.NexusLauncherActivity#153)/@0xd45637f applyImmediately: false
04-26 15:44:28.930 D/BaseDepthController( 1219): shouldBlurWorkspace: false targetState: Normal currentStableState: Normal mCurrentBlur: 0 mLauncher.getDepthBlurTargets(): [com.android.launcher3.Workspace{573bc60 V.ED..... ........ 0,0-1080,2400 #7f0a047d app:id/workspace}, com.android.launcher3.Hotseat{7eca519 V.ED..... ........ 0,1905-1080,2400 #7f0a01f1 app:id/hotseat}]
04-26 15:44:28.930 W/skia    (  566): AGTM parsing failed flags.readFromStream(s) at 159
04-26 15:44:28.930 W/skia    (  566): AGTM parsing failed flags.readFromStream(s) at 159
04-26 15:44:28.940 W/android.vending( 4164): Suspending all threads took: 21.436ms
04-26 15:44:28.941 V/WindowManagerShell( 1036): Playing animation for (#19) android.os.BinderProxy@15abffd@0
04-26 15:44:28.943 D/RecentTasksList( 1219): invalidateLoadedTasks - previous requestLoadId: -1
04-26 15:44:28.943 D/RecentTasksList( 1219): invalidateLoadedTasks - previous requestLoadId: -1
04-26 15:44:28.944 D/ShellSplitScreen( 1036): startAnimation: transition=19 isSplitActive=false
04-26 15:44:28.944 V/ShellRecents( 1036): RecentsTransitionHandler.startAnimation: no controller found
04-26 15:44:28.944 V/ShellDesktopMode( 1036): DesktopMixedTransitionHandler: No pending desktop transition
04-26 15:44:28.944 V/WindowManagerShell( 1036): Transition doesn't have explicit remote, search filters for match for {id=19 t=OPEN f=0x0 trk=0 r=[0@Point(0, 0)] c=[{m=OPEN f=MOVE_TO_TOP leash=Surface(name=Task=90#162)/@0xc9c1020 sb=Rect(0, 0 - 2400, 1080) eb=Rect(0, 0 - 2400, 1080) epz=Point(2400, 1080) d=0 taskParent=-1 winMode=1 userId=0},{m=TO_BACK f=SHOW_WALLPAPER leash=Surface(name=Task=1#34)/@0x41ccdd9 sb=Rect(0, 0 - 2400, 1080) eb=Rect(0, 0 - 2400, 1080) epz=Point(2400, 1080) d=0 taskParent=-1 winMode=1 userId=0},{m=TO_BACK f=IS_WALLPAPER leash=Surface(name=Surface(name=WallpaperWindowToken{3bea6dd}#54)/@0x4e520e1 - rotation-leash#157)/@0x5d1f39e sb=Rect(0, 0 - 1080, 2400) eb=Rect(0, 0 - 2400, 1080) epz=Point(2400, 1080) d=0 r=0->1:-1}]}
04-26 15:44:28.944 V/WindowManagerShell( 1036):  Checking filter Pair{{types=[] flags=0x0 notFlags=0x0 checks=[{atype=undefined independent=true modes=[CLOSE,TO_BACK] flags=IN_TASK_WITH_EMBEDDED_ACTIVITY mustBeTask=false order=ANY topActivity=null launchCookie=null taskFragmentToken=android.os.BinderProxy@e90ae30 windowingMode=undefined isCrossDisplayMove=false}]} RemoteTransition { remoteTransition = android.window.IRemoteTransition$Stub$Proxy@1ccfaa9, appThread = android.app.IApplicationThread$Stub$Proxy@5c682e, debugName = overlayBackTransition, filter = {types=[] flags=0x0 notFlags=0x0 checks=[{atype=undefined independent=true modes=[CLOSE,TO_BACK] flags=IN_TASK_WITH_EMBEDDED_ACTIVITY mustBeTask=false order=ANY topActivity=null launchCookie=null taskFragmentToken=android.os.BinderProxy@e90ae30 windowingMode=undefined isCrossDisplayMove=false}]} }}
04-26 15:44:28.944 V/WindowManagerShell( 1036):  Checking filter Pair{{types=[] flags=0x0 notFlags=0x0 checks=[{atype=dream independent=true modes=[OPEN,TO_FRONT] flags=NONE mustBeTask=false order=ANY topActivity=null launchCookie=null windowingMode=undefined isCrossDisplayMove=false},{atype=home independent=true modes=[CLOSE,TO_BACK] flags=NONE mustBeTask=false order=ANY topActivity=null launchCookie=null windowingMode=undefined isCrossDisplayMove=false}]} RemoteTransition { remoteTransition = android.window.IRemoteTransition$Stub$Proxy@aa8fcf, appThread = android.app.IApplicationThread$Stub$Proxy@98a7d5c, debugName = LauncherToDream, filter = {types=[] flags=0x0 notFlags=0x0 checks=[{atype=dream independent=true modes=[OPEN,TO_FRONT] flags=NONE mustBeTask=false order=ANY topActivity=null launchCookie=null windowingMode=undefined isCrossDisplayMove=false},{atype=home independent=true modes=[CLOSE,TO_BACK] flags=NONE mustBeTask=false order=ANY topActivity=null launchCookie=null windowingMode=undefined isCrossDisplayMove=false}]} }}
04-26 15:44:28.944 V/WindowManagerShell( 1036):  Checking filter Pair{{types=[] flags=0x0 notFlags=0x0 checks=[{atype=standard independent=false modes=[CHANGE] flags=NONE mustBeTask=true order=ANY topActivity=null launchCookie=null windowingMode=undefined isCrossDisplayMove=true}]} RemoteTransition { remoteTransition = android.window.IRemoteTransition$Stub$Proxy@3519865, appThread = android.app.IApplicationThread$Stub$Proxy@94ad93a, debugName = QuickstepDisplayMove, filter = {types=[] flags=0x0 notFlags=0x0 checks=[{atype=standard independent=false modes=[CHANGE] flags=NONE mustBeTask=true order=ANY topActivity=null launchCookie=null windowingMode=undefined isCrossDisplayMove=true}]} }}
04-26 15:44:28.945 V/WindowManagerShell( 1036):  Checking filter Pair{{types=[] flags=0x0 notFlags=0x100 checks=[{atype=home independent=true modes=[OPEN,TO_FRONT] flags=NONE mustBeTask=false order=ANY topActivity=ComponentInfo{com.google.android.apps.nexuslauncher/com.google.android.apps.nexuslauncher.NexusLauncherActivity} launchCookie=null windowingMode=undefined isCrossDisplayMove=false},{atype=standard independent=true modes=[CLOSE,TO_BACK] flags=NONE mustBeTask=false order=ANY topActivity=null launchCookie=null windowingMode=undefined isCrossDisplayMove=false},{NOT atype=undefined independent=true modes=[] flags=NONE mustBeTask=true order=ANY topActivity=null launchCookie=null customAnim=true windowingMode=undefined isCrossDisplayMove=false}]} RemoteTransition { remoteTransition = android.window.IRemoteTransition$Stub$Proxy@fea59eb, appThread = android.app.IApplicationThread$Stub$Proxy@4f01348, debugName = QuickstepLaunchHome, filter = {types=[] flags=0x0 notFlags=0x100 checks=[{atype=home independent=true modes=[OPEN,TO_FRONT] flags=NONE mustBeTask=false order=ANY topActivity=ComponentInfo{com.google.android.apps.nexuslauncher/com.google.android.apps.nexuslauncher.NexusLauncherActivity} launchCookie=null windowingMode=undefined isCrossDisplayMove=false},{atype=standard independent=true modes=[CLOSE,TO_BACK] flags=NONE mustBeTask=false order=ANY topActivity=null launchCookie=null windowingMode=undefined isCrossDisplayMove=false},{NOT atype=undefined independent=true modes=[] flags=NONE mustBeTask=true order=ANY topActivity=null launchCookie=null customAnim=true windowingMode=undefined isCrossDisplayMove=false}]} }}
04-26 15:44:28.945 V/WindowManagerShell( 1036):  Checking filter Pair{{types=[OPEN,TO_FRONT] flags=0x0 notFlags=0x0 checks=[{atype=standard independent=true modes=[OPEN,TO_FRONT] flags=NONE mustBeTask=true order=ANY topActivity=null launchCookie=null windowingMode=freeform isCrossDisplayMove=false}]} RemoteTransition { remoteTransition = android.window.IRemoteTransition$Stub$Proxy@5987ffe, appThread = null, debugName = DesktopWindowLimitUnminimize, filter = {types=[OPEN,TO_FRONT] flags=0x0 notFlags=0x0 checks=[{atype=standard independent=true modes=[OPEN,TO_FRONT] flags=NONE mustBeTask=true order=ANY topActivity=null launchCookie=null windowingMode=freeform isCrossDisplayMove=false}]} }}
04-26 15:44:28.945 V/WindowManagerShell( 1036):  Delegate animation for (#19) to null
04-26 15:44:28.945 V/WindowManagerShell( 1036): start default transition animation, info = {id=19 t=OPEN f=0x0 trk=0 r=[0@Point(0, 0)] c=[{m=OPEN f=MOVE_TO_TOP leash=Surface(name=Task=90#162)/@0xc9c1020 sb=Rect(0, 0 - 2400, 1080) eb=Rect(0, 0 - 2400, 1080) epz=Point(2400, 1080) d=0 taskParent=-1 winMode=1 userId=0},{m=TO_BACK f=SHOW_WALLPAPER leash=Surface(name=Task=1#34)/@0x41ccdd9 sb=Rect(0, 0 - 2400, 1080) eb=Rect(0, 0 - 2400, 1080) epz=Point(2400, 1080) d=0 taskParent=-1 winMode=1 userId=0},{m=TO_BACK f=IS_WALLPAPER leash=Surface(name=Surface(name=WallpaperWindowToken{3bea6dd}#54)/@0x4e520e1 - rotation-leash#157)/@0x5d1f39e sb=Rect(0, 0 - 1080, 2400) eb=Rect(0, 0 - 2400, 1080) epz=Point(2400, 1080) d=0 r=0->1:-1}]}
04-26 15:44:28.945 V/WindowManagerShell( 1036): loadAnimation: anim=android.view.animation.AnimationSet@1cad876 animAttr=0x13 type=OPEN isEntrance=false
04-26 15:44:28.945 V/WindowManagerShell( 1036): loadAnimation: anim=android.view.animation.AnimationSet@d040602 animAttr=0x12 type=OPEN isEntrance=true
