04-26 19:50:32.013   736   762 I ImeTracker: system_server:879c56b2: onCancelled at PHASE_SERVER_SHOULD_HIDE
04-26 19:50:32.014  4105  4105 I Module  : DeviceLockedStatusModuleProvider$Module.updateDeviceLockedStatus():103 repeatCheckTimes = 1, locked = false
04-26 19:50:32.016   736   753 W PackageConfigPersister: App-specific configuration not found for packageName: com.muonline.client and userId: 0
04-26 19:50:32.020   566   616 W skia    : AGTM parsing failed flags.readFromStream(s) at 159
04-26 19:50:32.021   566   616 W skia    : AGTM parsing failed flags.readFromStream(s) at 159
04-26 19:50:32.021   566   616 W skia    : AGTM parsing failed flags.readFromStream(s) at 159
04-26 19:50:32.021   566   616 W skia    : AGTM parsing failed flags.readFromStream(s) at 159
04-26 19:50:32.021   566   616 W skia    : AGTM parsing failed flags.readFromStream(s) at 159
04-26 19:50:32.025 16944 17008 I MuMain  : INIT: UI creation done
04-26 19:50:32.025 16944 17008 I MuMain  : VirtualPad: slots loaded version=4 idx=[-1,-1,-1,-1,-1] type=[0,0,0,0,0] path=Data/Local/android_touch_skill_slots.cfg
04-26 19:50:32.025 16944 17008 I MuMain  : VirtualPad slots: [-1,-1,-1,-1,-1]
04-26 19:50:32.026 16944 17008 I MuMain  : Android perf defaults: maxMsgPerCycle=70 targetFps=-1.0 fxScale=1.00 adaptive=on isEmulator=1
04-26 19:50:32.026 16944 17008 I MuMain  : SDL mixer volume set: level=5 sdl=71
04-26 19:50:32.026 16944 17008 I MuMain  : FPS overlay enabled
04-26 19:50:32.026 16944 17008 I MuMain  : All systems initialized — entering main loop
04-26 19:50:32.026 16944 17008 I MuMain  : Window resized → drawable: 2268x1080
04-26 19:50:32.026 16944 17008 I MuMain  : CHATIME IME state changed focused=0 sdlTextInput=1
04-26 19:50:32.026 16944 17008 I MuMain  : WEBZEN: enter
04-26 19:50:32.033 16944 17008 I MuMain  : WEBZEN: loading title bitmaps
04-26 19:50:32.038   566   616 W skia    : AGTM parsing failed flags.readFromStream(s) at 159
04-26 19:50:32.038   566   616 W skia    : AGTM parsing failed flags.readFromStream(s) at 159
04-26 19:50:32.038   566   616 W skia    : AGTM parsing failed flags.readFromStream(s) at 159
04-26 19:50:32.038   566   616 W skia    : AGTM parsing failed flags.readFromStream(s) at 159
04-26 19:50:32.038   566   616 W skia    : AGTM parsing failed flags.readFromStream(s) at 159
04-26 19:50:32.042 16944 17008 I MuMain  : WEBZEN: OpenBasicData begin
04-26 19:50:32.042 16944 17008 I MuMain  : OPENBASIC: enter
04-26 19:50:32.042 16944 17008 I MuMain  : OPENBASIC: RenderTitle 0 begin
04-26 19:50:32.043 16944 17008 I MuMain  : OPENBASIC: RenderTitle 0 done
04-26 19:50:32.043 16944 17008 I MuMain  : OPENBASIC: first bitmap group begin
04-26 19:50:32.054   566   616 W skia    : AGTM parsing failed flags.readFromStream(s) at 159
04-26 19:50:32.054   566   616 W skia    : AGTM parsing failed flags.readFromStream(s) at 159
04-26 19:50:32.054   566   616 W skia    : AGTM parsing failed flags.readFromStream(s) at 159
04-26 19:50:32.055   566   616 W skia    : AGTM parsing failed flags.readFromStream(s) at 159
04-26 19:50:32.055   566   616 W skia    : AGTM parsing failed flags.readFromStream(s) at 159
04-26 19:50:32.071   566   616 W skia    : AGTM parsing failed flags.readFromStream(s) at 159
04-26 19:50:32.071   566   616 W skia    : AGTM parsing failed flags.readFromStream(s) at 159
04-26 19:50:32.071   566   616 W skia    : AGTM parsing failed flags.readFromStream(s) at 159
04-26 19:50:32.071   566   616 W skia    : AGTM parsing failed flags.readFromStream(s) at 159
04-26 19:50:32.071   566   616 W skia    : AGTM parsing failed flags.readFromStream(s) at 159
04-26 19:50:32.079 16944 17008 I MuMain  : OPENBASIC: first bitmap group done
04-26 19:50:32.087   566   616 W skia    : AGTM parsing failed flags.readFromStream(s) at 159
04-26 19:50:32.088   566   616 W skia    : AGTM parsing failed flags.readFromStream(s) at 159
04-26 19:50:32.088   566   616 W skia    : AGTM parsing failed flags.readFromStream(s) at 159
04-26 19:50:32.088   566   616 W skia    : AGTM parsing failed flags.readFromStream(s) at 159
04-26 19:50:32.088   566   616 W skia    : AGTM parsing failed flags.readFromStream(s) at 159
04-26 19:50:32.104   566   616 W skia    : AGTM parsing failed flags.readFromStream(s) at 159
04-26 19:50:32.104   566   616 W skia    : AGTM parsing failed flags.readFromStream(s) at 159
04-26 19:50:32.104   566   616 W skia    : AGTM parsing failed flags.readFromStream(s) at 159
04-26 19:50:32.104   566   616 W skia    : AGTM parsing failed flags.readFromStream(s) at 159
04-26 19:50:32.104   566   616 W skia    : AGTM parsing failed flags.readFromStream(s) at 159
04-26 19:50:32.119 16944 17008 I TakumiErrorReport: File not found Data\Effect\Shiny04.jpg (32118)->Data\Effect\Shiny05.jpg
04-26 19:50:32.121   566   616 W skia    : AGTM parsing failed flags.readFromStream(s) at 159
04-26 19:50:32.121   566   616 W skia    : AGTM parsing failed flags.readFromStream(s) at 159
04-26 19:50:32.121   566   616 W skia    : AGTM parsing failed flags.readFromStream(s) at 159
04-26 19:50:32.121   566   616 W skia    : AGTM parsing failed flags.readFromStream(s) at 159
04-26 19:50:32.121   566   616 W skia    : AGTM parsing failed flags.readFromStream(s) at 159
04-26 19:50:32.138   566   616 W skia    : AGTM parsing failed flags.readFromStream(s) at 159
04-26 19:50:32.138   566   616 W skia    : AGTM parsing failed flags.readFromStream(s) at 159
04-26 19:50:32.138   566   616 W skia    : AGTM parsing failed flags.readFromStream(s) at 159
04-26 19:50:32.138   566   616 W skia    : AGTM parsing failed flags.readFromStream(s) at 159
04-26 19:50:32.138   566   616 W skia    : AGTM parsing failed flags.readFromStream(s) at 159
04-26 19:50:32.154   566   616 W skia    : AGTM parsing failed flags.readFromStream(s) at 159
04-26 19:50:32.154   566   616 W skia    : AGTM parsing failed flags.readFromStream(s) at 159
04-26 19:50:32.154   566   616 W skia    : AGTM parsing failed flags.readFromStream(s) at 159
04-26 19:50:32.155   566   616 W skia    : AGTM parsing failed flags.readFromStream(s) at 159
04-26 19:50:32.155   566   616 W skia    : AGTM parsing failed flags.readFromStream(s) at 159
04-26 19:50:32.171   566   616 W skia    : AGTM parsing failed flags.readFromStream(s) at 159
04-26 19:50:32.171   566   616 W skia    : AGTM parsing failed flags.readFromStream(s) at 159
04-26 19:50:32.171   566   616 W skia    : AGTM parsing failed flags.readFromStream(s) at 159
04-26 19:50:32.171   566   616 W skia    : AGTM parsing failed flags.readFromStream(s) at 159
04-26 19:50:32.171   566   616 W skia    : AGTM parsing failed flags.readFromStream(s) at 159
04-26 19:50:32.187   566   616 W skia    : AGTM parsing failed flags.readFromStream(s) at 159
04-26 19:50:32.188   566   616 W skia    : AGTM parsing failed flags.readFromStream(s) at 159
04-26 19:50:32.188   566   616 W skia    : AGTM parsing failed flags.readFromStream(s) at 159
04-26 19:50:32.188   566   616 W skia    : AGTM parsing failed flags.readFromStream(s) at 159
04-26 19:50:32.188   566   616 W skia    : AGTM parsing failed flags.readFromStream(s) at 159
04-26 19:50:32.195 16944 17008 I TakumiErrorReport: > First Load Files OK.
04-26 19:50:32.206   566   616 W skia    : AGTM parsing failed flags.readFromStream(s) at 159
04-26 19:50:32.206   566   616 W skia    : AGTM parsing failed flags.readFromStream(s) at 159
04-26 19:50:32.206   566   616 W skia    : AGTM parsing failed flags.readFromStream(s) at 159
04-26 19:50:32.206   566   616 W skia    : AGTM parsing failed flags.readFromStream(s) at 159
04-26 19:50:32.206   566   616 W skia    : AGTM parsing failed flags.readFromStream(s) at 159
04-26 19:50:32.221   566   616 W skia    : AGTM parsing failed flags.readFromStream(s) at 159
04-26 19:50:32.221   566   616 W skia    : AGTM parsing failed flags.readFromStream(s) at 159
04-26 19:50:32.221   566   616 W skia    : AGTM parsing failed flags.readFromStream(s) at 159
04-26 19:50:32.221   566   616 W skia    : AGTM parsing failed flags.readFromStream(s) at 159
04-26 19:50:32.221   566   616 W skia    : AGTM parsing failed flags.readFromStream(s) at 159
04-26 19:50:32.238   566   616 W skia    : AGTM parsing failed flags.readFromStream(s) at 159
04-26 19:50:32.238   566   616 W skia    : AGTM parsing failed flags.readFromStream(s) at 159
04-26 19:50:32.238   566   616 W skia    : AGTM parsing failed flags.readFromStream(s) at 159
04-26 19:50:32.254   566   616 W skia    : AGTM parsing failed flags.readFromStream(s) at 159
04-26 19:50:32.254   566   616 W skia    : AGTM parsing failed flags.readFromStream(s) at 159
04-26 19:50:32.254   566   616 W skia    : AGTM parsing failed flags.readFromStream(s) at 159
04-26 19:50:32.271   566   616 W skia    : AGTM parsing failed flags.readFromStream(s) at 159
04-26 19:50:32.271   566   616 W skia    : AGTM parsing failed flags.readFromStream(s) at 159
04-26 19:50:32.271   566   616 W skia    : AGTM parsing failed flags.readFromStream(s) at 159
04-26 19:50:32.273   736  1827 I ImeTracker: system_server:d30a4179: onRequestHide at ORIGIN_SERVER reason IME_REQUESTED_CHANGED_LISTENER fromUser false displayId 0
04-26 19:50:32.276   736   762 I ImeTracker: system_server:d30a4179: onCancelled at PHASE_SERVER_SHOULD_HIDE
04-26 19:50:32.287   566   616 W skia    : AGTM parsing failed flags.readFromStream(s) at 159
04-26 19:50:32.287   566   616 W skia    : AGTM parsing failed flags.readFromStream(s) at 159
04-26 19:50:32.287   566   616 W skia    : AGTM parsing failed flags.readFromStream(s) at 159
04-26 19:50:32.305   566   616 W skia    : AGTM parsing failed flags.readFromStream(s) at 159
04-26 19:50:32.305   566   616 W skia    : AGTM parsing failed flags.readFromStream(s) at 159
04-26 19:50:32.306   566   616 W skia    : AGTM parsing failed flags.readFromStream(s) at 159
04-26 19:50:32.321   566   616 W skia    : AGTM parsing failed flags.readFromStream(s) at 159
04-26 19:50:32.321   566   616 W skia    : AGTM parsing failed flags.readFromStream(s) at 159
04-26 19:50:32.321   566   616 W skia    : AGTM parsing failed flags.readFromStream(s) at 159
04-26 19:50:32.338   566   616 W skia    : AGTM parsing failed flags.readFromStream(s) at 159
04-26 19:50:32.338   566   616 W skia    : AGTM parsing failed flags.readFromStream(s) at 159
04-26 19:50:32.338   566   616 W skia    : AGTM parsing failed flags.readFromStream(s) at 159
04-26 19:50:32.353   566   616 W skia    : AGTM parsing failed flags.readFromStream(s) at 159
04-26 19:50:32.354   566   616 W skia    : AGTM parsing failed flags.readFromStream(s) at 159
04-26 19:50:32.354   566   616 W skia    : AGTM parsing failed flags.readFromStream(s) at 159
04-26 19:50:32.370  1036  1091 V WindowManagerShell: Transition animation finished (aborted=false), notifying core (#125) android.os.BinderProxy@e3f5f8a@0
04-26 19:50:32.371   566   616 W skia    : AGTM parsing failed flags.readFromStream(s) at 159
04-26 19:50:32.371   566   616 W skia    : AGTM parsing failed flags.readFromStream(s) at 159
04-26 19:50:32.372   566   616 W skia    : AGTM parsing failed flags.readFromStream(s) at 159
04-26 19:50:32.375   736   759 V WindowManager: Finish Transition (#125): created at 04-26 19:50:31.690 collect-started=0.132ms request-sent=5.812ms started=8.333ms ready=16.685ms sent=194.685ms commit=17.563ms finished=682.594ms
04-26 19:50:32.377 16944 16944 D VRI[PreloadActivity]: visibilityChanged oldVisibility=true newVisibility=false
04-26 19:50:32.380  1036  1091 V WindowManagerShell: Track 0 became idle
04-26 19:50:32.381  1036  1091 V WindowManagerShell: All active transition animations finished
04-26 19:50:32.400 16944 16944 D WindowOnBackDispatcher: setTopOnBackInvokedCallback (unwrapped): null
04-26 19:50:32.400   736   753 D CoreBackPreview: Window{4530735 u0 com.muonline.client/com.muonline.client.PreloadActivity}: Setting back callback null
04-26 19:50:32.402 16944 16944 D ViewRootImpl: Skipping stats log for color mode
04-26 19:50:33.679  2780  2784 I artd    : GetBestInfo: odex next to the dex file (/data/app/~~PqdBwR9WSFUNw4iaJMgoGg==/com.google.android.gms-95Dc1VeYXyONiCBDqz_lkA==/oat/x86_64/base.odex) is kOatUpToDate with filter 'speed-profile' executable 'false'
04-26 19:50:33.681  2780  2784 I artd    : GetBestInfo: dm (/data/app/~~PqdBwR9WSFUNw4iaJMgoGg==/com.google.android.gms-95Dc1VeYXyONiCBDqz_lkA==/split_AdsDynamite_installtime.dm) is kOatUpToDate with filter 'verify' executable 'false'
04-26 19:50:33.682  2780  2784 I artd    : GetBestInfo: dm (/data/app/~~PqdBwR9WSFUNw4iaJMgoGg==/com.google.android.gms-95Dc1VeYXyONiCBDqz_lkA==/split_CronetDynamite_installtime.dm) is kOatUpToDate with filter 'verify' executable 'false'
04-26 19:50:33.684  2780  2784 I artd    : GetBestInfo: dm (/data/app/~~PqdBwR9WSFUNw4iaJMgoGg==/com.google.android.gms-95Dc1VeYXyONiCBDqz_lkA==/split_DynamiteLoader_installtime.dm) is kOatUpToDate with filter 'verify' executable 'false'
04-26 19:50:33.686  2780  2784 I artd    : GetBestInfo: dm (/data/app/~~PqdBwR9WSFUNw4iaJMgoGg==/com.google.android.gms-95Dc1VeYXyONiCBDqz_lkA==/split_DynamiteModulesA_installtime.dm) is kOatUpToDate with filter 'verify' executable 'false'
04-26 19:50:33.687  2780  2784 I artd    : GetBestInfo: dm (/data/app/~~PqdBwR9WSFUNw4iaJMgoGg==/com.google.android.gms-95Dc1VeYXyONiCBDqz_lkA==/split_DynamiteModulesC_installtime.dm) is kOatUpToDate with filter 'verify' executable 'false'
04-26 19:50:33.689  2780  2784 I artd    : GetBestInfo: dm (/data/app/~~PqdBwR9WSFUNw4iaJMgoGg==/com.google.android.gms-95Dc1VeYXyONiCBDqz_lkA==/split_GoogleCertificates_installtime.dm) is kOatUpToDate with filter 'verify' executable 'false'
04-26 19:50:33.691  2780  2784 I artd    : GetBestInfo: dm (/data/app/~~PqdBwR9WSFUNw4iaJMgoGg==/com.google.android.gms-95Dc1VeYXyONiCBDqz_lkA==/split_MapsDynamite_installtime.dm) is kOatUpToDate with filter 'verify' executable 'false'
04-26 19:50:33.693  2780  2784 I artd    : GetBestInfo: dm (/data/app/~~PqdBwR9WSFUNw4iaJMgoGg==/com.google.android.gms-95Dc1VeYXyONiCBDqz_lkA==/split_MeasurementDynamite_installtime.dm) is kOatUpToDate with filter 'verify' executable 'false'
04-26 19:50:33.694  2780  2784 I artd    : GetBestInfo: dm (/data/app/~~PqdBwR9WSFUNw4iaJMgoGg==/com.google.android.gms-95Dc1VeYXyONiCBDqz_lkA==/split_all_locale_splits.dm) is kOatUpToDate with filter 'verify' executable 'false'
04-26 19:50:33.696  2780  2784 I artd    : GetBestInfo: /data/user_de/0/com.google.android.gms/app_chimera/m/0000000a/dl-TfliteDynamiteDynamite.integ_252130102100800.apk has no usable artifacts
04-26 19:50:33.697  2780  2784 I artd    : GetBestInfo: /data/user_de/0/com.google.android.gms/app_chimera/m/00000001/CronetDynamite.apk has no usable artifacts
04-26 19:50:33.698  2780  2784 I artd    : GetBestInfo: /data/user_de/0/com.google.android.gms/app_chimera/m/00000016/dl-MlkitOcrCommon.optional_261332100800.apk has no usable artifacts
04-26 19:50:33.699  2780  2784 I artd    : GetBestInfo: /data/user_de/0/com.google.android.gms/app_chimera/m/00000002/DynamiteLoader.apk has no usable artifacts
04-26 19:50:33.701  2780  2784 I artd    : GetBestInfo: /data/user_de/0/com.google.android.gms/app_chimera/m/0000000e/dl-MlkitBarcodeUi.optional_260235100800.apk has no usable artifacts
04-26 19:50:33.702  2780  2784 I artd    : GetBestInfo: /data/user_de/0/com.google.android.gms/app_chimera/m/00000013/dl-Appsearch.optional_261332100800.apk has no usable artifacts
04-26 19:50:33.703  2780  2784 I artd    : GetBestInfo: /data/user_de/0/com.google.android.gms/app_chimera/m/00000005/GoogleCertificates.apk has no usable artifacts
04-26 19:50:33.705  2780  2784 I artd    : GetBestInfo: /data/user_de/0/com.google.android.gms/app_chimera/m/00000012/dl-PlayCloudSearch.optional_261332100000.apk has no usable artifacts
04-26 19:50:33.706  2780  2784 I artd    : GetBestInfo: vdex next to the dex file (/data/user/0/com.google.android.gms/app_dg_cache/B3ED91DEC21F0EB5284BE10D982ABEAAC45F5C48/oat/x86_64/the.vdex) is kOatUpToDate with filter 'verify' executable 'false'
04-26 19:50:33.708  2780  2784 I artd    : GetBestInfo: /data/user_de/0/com.google.android.gms/app_chimera/m/0000000f/dl-PlayCloudSearch.optional_260235100000.apk has no usable artifacts
04-26 19:50:33.710  2780  2784 I artd    : GetBestInfo: /data/user_de/0/com.google.android.gms/app_chimera/m/00000008/dl-VisionOcr.optional_260235100000.apk has no usable artifacts
04-26 19:50:33.712  2780  2784 I artd    : GetBestInfo: /data/user_de/0/com.google.android.gms/app_chimera/m/0000000b/dl-Appsearch.optional_260235100800.apk has no usable artifacts
04-26 19:50:33.713  2780  2784 I artd    : GetBestInfo: /data/user_de/0/com.google.android.gms/app_chimera/m/00000011/dl-VisionOcr.optional_261332100000.apk has no usable artifacts
04-26 19:50:33.715  2780  2784 I artd    : GetBestInfo: /data/user_de/0/com.google.android.gms/app_chimera/m/00000015/dl-MlkitBarcodeUi.optional_261332100800.apk has no usable artifacts
04-26 19:50:33.717  2780  2784 I artd    : GetBestInfo: /data/user_de/0/com.google.android.gms/app_chimera/m/00000009/dl-MlkitOcrCommon.optional_260235100800.apk has no usable artifacts
04-26 19:50:33.719  2780  2784 I artd    : GetBestInfo: vdex next to the dex file (/data/user/0/com.google.android.gms/app_dg_cache/CE973E4DE823F0AA69070767A9FABB590DDD455C/oat/x86_64/the.vdex) is kOatUpToDate with filter 'verify' executable 'false'
04-26 19:50:33.719  2780  2784 I artd    : GetBestInfo: /data/user_de/0/com.google.android.gms/app_chimera/m/00000007/MeasurementDynamite.apk has no usable artifacts
04-26 19:50:33.770 16944 17008 I MuMain  : OPENBASIC: OpenImages begin
04-26 19:50:33.772 16944 17008 I MuMain  : OPENBASIC: OpenImages done
04-26 19:50:33.773 16944 17008 I MuMain  : OPENBASIC: OpenSounds begin
04-26 19:50:33.773 16944 17008 I MuMain  : OPENBASIC: OpenSounds done
04-26 19:50:33.774 16944 17008 I MuMain  : OPENBASIC: scripts begin
04-26 19:50:33.778 16944 17008 I MuMain  : OPENBASIC: OpenTextData begin
04-26 19:50:33.781 16944 17008 I MuMain  : OPENBASIC: OpenTextData done
04-26 19:50:33.783 16944 17008 I MuMain  : OPENBASIC: master/gate/filter done
04-26 19:50:33.784 16944 17008 I MuMain  : WEBZEN: OpenBasicData done
04-26 19:50:33.812 16944 17008 I TakumiErrorReport: File not found Data\Interface\InGameShop\ingame_Bt_page_L.tga (32485)->Data\Custom\Maps\CRadar.tga
04-26 19:50:33.813 16944 17008 I TakumiErrorReport: File not found Data\Interface\InGameShop\IGS_Storage_Page.tga (32487)->Data\Custom\Maps\map_radar.tga
04-26 19:50:33.814 16944 17008 I TakumiErrorReport: File not found Data\Interface\InGameShop\IGS_Storage_Page_Left.tga (32488)->Data\Custom\Maps\background-tcp.tga
04-26 19:50:33.815 16944 17008 I TakumiErrorReport: File not found Data\Interface\InGameShop\IGS_Storage_Page_Right.tga (32489)->Data\Interface\newui_option_check.tga
04-26 19:50:33.885   736   954 I AdbWifiNetworkMonitor: Wi-Fi network available
04-26 19:50:33.885   736   954 I AdbWifiNetworkMonitor: Received the same Wi-Fi SSID. Ignoring.
04-26 19:50:33.888 16944 17008 I TakumiErrorReport: File not found Data\Interface\newui_item_back01.tga (31373)->Data\Interface\newui_item_back04.tga
04-26 19:50:33.889 16944 17008 I TakumiErrorReport: File not found Data\Interface\newui_item_back04.tga (31373)->Data\Interface\newui_item_back01.tga
04-26 19:50:33.892   736   921 I HalDevMgr: bestIfaceCreationProposal is null, requestIface=STA, existingIface=[name=wlan0 type=STA]
04-26 19:50:33.893 16944 17008 I MuMain  : WEBZEN: LoadMainSceneInterface done
04-26 19:50:33.894 16944 17008 I TakumiErrorReport: > Loading ok.
04-26 19:50:33.895  1366  5070 I NullBinder: NullBinder for android.net.action.RECOMMEND_NETWORKS triggering remote TransactionTooLargeException due to Service without Chimera impl, calling uid: 1000, calling pid: 0
04-26 19:50:33.895  1366  5070 W libbinder.Binder: Large reply transaction of 1056768 bytes, interface descriptor , function: UNKNOWN_FUNCTION_NAME, code: 1, flags: 17
04-26 19:50:33.897 16944 17008 E BLASTBufferQueue: [aea69ca SurfaceView[com.muonline.client/com.muonline.client.MuMainActivity]#2](f:0,a:0) rejecting buffer:active_size=2268x1080, requested_size=2268x1080 buffer{size=2268x943 transform=0}
04-26 19:50:33.952 16944 17008 I MuMain  : ADAPT fx scale: fps=0.5 frameMs=1926.50 1.00->0.90 target=0.55
04-26 19:50:33.953 16944 17008 I MuMain  : PERF fps=0.5 frameMs=1926.50 phase(render=1867.87 pad=0.04 present=58.03) renderLevel=4 fxScale=1.00 maxMsg=70 avg(draw=132 verts=792 im=132 vaD=0 vaC=0 qI=0 qE=0) max(draw=132 verts=792)
04-26 19:50:33.953 16944 17008 I MuMain  : PERF_SCENE world=-1 char(live=0 vis=0 ply=0 mon=0 npc=0 pet=0 prio=0 topMon=-1 x0) obj(live=0 vis=0 op=0 trap=0 topObj=-1 x0)
04-26 19:50:33.953 16944 17008 I MuMain  : PERF_BUCKET objMove(cand=0 upd=0 def=0 n=0 m=0 f=0) objRender(cand=0 draw=0 cull=0 n=0 m=0 f=0 visDraw=0 visDef=0) charMove(cand=0 upd=0 def=0 n=0 m=0 f=0) charRender(cand=0 draw=0 def=0 cull=0 n=0 m=0 f=0)
04-26 19:50:33.953 16944 17008 I MuMain  : PERF_TERRAIN world=-1 normal(block=0 tile=0) grass(block=0 tile=0) after(block=0 tile=0)
04-26 19:50:33.953 16944 17008 I MuMain  : Frame 0 — drawCalls=132 verts=792 paths(im=132 vaD=0 vaC=0 qI=0 qE=0) SDL_err='Couldn't open asset '/storage/emulated/0/Android/data/com.muonline.client/files/Data/fonts/font_.ttf''
04-26 19:50:34.079 16944 17008 I TakumiErrorReport: File not found Data\World74\leaf01.tga (30357)->Data\World74\leaf01.jpg
04-26 19:50:34.084 16944 17008 I AndroidGDI: Font OK: /system/fonts/DroidSans-Bold.ttf sz=10
04-26 19:50:34.084 16944 17008 I TakumiErrorReport: [Connect to Server 33] ip address = 171.235.182.88, port = 44405
04-26 19:50:34.086 16944 17008 E MuMain  : PlayMp3 failed requested=[data\music\login_theme.mp3] resolved=[data/music/login_theme.mp3] reqExists=0 resolvedExists=0 cwd=[/storage/emulated/0/Android/data/com.muonline.client/files]: Couldn't open 'data/music/login_theme.mp3'
04-26 19:50:34.086 16944 17008 I TakumiErrorReport: > Login Scene init success.
04-26 19:50:34.097 16944 17008 I AndroidGDI: AndroidTextOut ENTRY len=34 hdc=0x733fdca9c4f0 bmp=0x733fdca9c760 text[0]=40
04-26 19:50:34.098 16944 17008 I AndroidGDI: TextOut surf=241x18 fmt=0x16362004 maxA=255 dib[0..2]=0,0,0
04-26 19:50:34.098 16944 17008 I AndroidGDI: AndroidTextOut ENTRY len=25 hdc=0x733fdca9c4f0 bmp=0x733fdca9c760 text[0]=32
04-26 19:50:34.098 16944 17008 I AndroidGDI: TextOut surf=177x18 fmt=0x16362004 maxA=255 dib[0..2]=0,0,0
04-26 19:50:34.099 16944 17008 I AndroidGDI: AndroidTextOut ENTRY len=14 hdc=0x733fdca9c4f0 bmp=0x733fdca9c760 text[0]=80
04-26 19:50:34.099 16944 17008 I AndroidGDI: TextOut surf=95x18 fmt=0x16362004 maxA=255 dib[0..2]=0,0,0
04-26 19:50:34.111 16944 17008 I MuMain  : Frame 1 — drawCalls=121 verts=43011 paths(im=884 vaD=0 vaC=0 qI=4 qE=0) SDL_err='Couldn't open 'data/music/login_theme.mp3''
04-26 19:50:34.133 16944 17008 I AndroidGDI: AndroidTextOut ENTRY len=34 hdc=0x733fdca9c4f0 bmp=0x733fdca9c760 text[0]=40
04-26 19:50:34.133 16944 17008 I AndroidGDI: TextOut surf=241x18 fmt=0x16362004 maxA=255 dib[0..2]=0,0,0
04-26 19:50:34.133 16944 17008 I AndroidGDI: AndroidTextOut ENTRY len=25 hdc=0x733fdca9c4f0 bmp=0x733fdca9c760 text[0]=32
04-26 19:50:34.133 16944 17008 I AndroidGDI: TextOut surf=177x18 fmt=0x16362004 maxA=255 dib[0..2]=0,0,0
04-26 19:50:34.133 16944 17008 I AndroidGDI: AndroidTextOut ENTRY len=14 hdc=0x733fdca9c4f0 bmp=0x733fdca9c760 text[0]=80
04-26 19:50:34.143 16944 17008 I MuMain  : Frame 2 — drawCalls=313 verts=70074 paths(im=1523 vaD=0 vaC=0 qI=19 qE=0) SDL_err=''
04-26 19:50:34.163 16944 17008 I AndroidGDI: AndroidTextOut ENTRY len=34 hdc=0x733fdca9c4f0 bmp=0x733fdca9c760 text[0]=40
04-26 19:50:34.164 16944 17008 I AndroidGDI: AndroidTextOut ENTRY len=25 hdc=0x733fdca9c4f0 bmp=0x733fdca9c760 text[0]=32
04-26 19:50:34.164 16944 17008 I AndroidGDI: AndroidTextOut ENTRY len=14 hdc=0x733fdca9c4f0 bmp=0x733fdca9c760 text[0]=80
04-26 19:50:34.165 16944 17008 I MuMain  : Frame 3 — drawCalls=315 verts=69174 paths(im=1508 vaD=0 vaC=0 qI=31 qE=0) SDL_err=''
04-26 19:50:34.185 16944 17008 I AndroidGDI: AndroidTextOut ENTRY len=34 hdc=0x733fdca9c4f0 bmp=0x733fdca9c760 text[0]=40
04-26 19:50:34.187 16944 17008 I MuMain  : Frame 4 — drawCalls=323 verts=69240 paths(im=1519 vaD=0 vaC=0 qI=41 qE=0) SDL_err=''
04-26 19:50:34.209 16944 17008 I MuMain  : Frame 5 — drawCalls=335 verts=73647 paths(im=1537 vaD=0 vaC=0 qI=52 qE=0) SDL_err=''
04-26 19:50:34.231 16944 17008 I MuMain  : Frame 6 — drawCalls=349 verts=73761 paths(im=1556 vaD=0 vaC=0 qI=64 qE=0) SDL_err=''
04-26 19:50:34.254 16944 17008 I MuMain  : Frame 7 — drawCalls=359 verts=73851 paths(im=1571 vaD=0 vaC=0 qI=78 qE=0) SDL_err=''
04-26 19:50:34.276 16944 17008 I MuMain  : Frame 8 — drawCalls=375 verts=74043 paths(im=1589 vaD=0 vaC=0 qI=93 qE=0) SDL_err=''
04-26 19:50:34.300 16944 17008 I MuMain  : Frame 9 — drawCalls=385 verts=74217 paths(im=1604 vaD=0 vaC=0 qI=105 qE=0) SDL_err=''
04-26 19:50:34.483 16944 17008 W MuMain  : ADAPT net budget down: fps=40.0 frameMs=24.98 maxMsg 70->60
04-26 19:50:34.629   736  1699 E TaskPersister: File error accessing recents directory (directory doesn't exist?).
04-26 19:50:34.754 16944 17008 W MuMain  : ADAPT net budget down: fps=36.9 frameMs=27.08 maxMsg 60->50
04-26 19:50:35.022 16944 17008 W MuMain  : ADAPT net budget down: fps=37.3 frameMs=26.79 maxMsg 50->40
04-26 19:50:35.022 16944 17008 I MuMain  : PERF fps=37.3 frameMs=26.79 phase(render=25.99 pad=0.03 present=0.71) renderLevel=4 fxScale=1.00 maxMsg=40 avg(draw=435 verts=74928 im=1812 vaD=0 vaC=0 qI=208 qE=0) max(draw=453 verts=76896)
04-26 19:50:35.022 16944 17008 I MuMain  : PERF_SCENE world=73 char(live=0 vis=0 ply=0 mon=0 npc=0 pet=0 prio=0 topMon=-1 x0) obj(live=375 vis=174 op=0 trap=0 topObj=155 x29)
04-26 19:50:35.022 16944 17008 I MuMain  : PERF_BUCKET objMove(cand=0 upd=0 def=0 n=0 m=0 f=0) objRender(cand=0 draw=0 cull=0 n=0 m=0 f=0 visDraw=0 visDef=0) charMove(cand=0 upd=0 def=0 n=0 m=0 f=0) charRender(cand=0 draw=0 def=0 cull=0 n=0 m=0 f=0)
04-26 19:50:35.022 16944 17008 I MuMain  : PERF_TERRAIN world=73 normal(block=0 tile=0) grass(block=0 tile=0) after(block=0 tile=0)
04-26 19:50:35.282 16944 17008 I MuMain  : ADAPT fx scale: fps=38.4 frameMs=26.03 1.00->0.90 target=0.90
04-26 19:50:35.282 16944 17008 W MuMain  : ADAPT net budget down: fps=38.4 frameMs=26.03 maxMsg 40->30
04-26 19:50:36.062 16944 17008 I MuMain  : PERF fps=41.1 frameMs=24.33 phase(render=23.46 pad=0.02 present=0.79) renderLevel=4 fxScale=1.00 maxMsg=30 avg(draw=383 verts=79309 im=1758 vaD=0 vaC=0 qI=194 qE=0) max(draw=401 verts=81681)
04-26 19:50:36.062 16944 17008 I MuMain  : PERF_SCENE world=73 char(live=0 vis=0 ply=0 mon=0 npc=0 pet=0 prio=0 topMon=-1 x0) obj(live=375 vis=188 op=0 trap=0 topObj=79 x23)
04-26 19:50:36.062 16944 17008 I MuMain  : PERF_BUCKET objMove(cand=0 upd=0 def=0 n=0 m=0 f=0) objRender(cand=0 draw=0 cull=0 n=0 m=0 f=0 visDraw=0 visDef=0) charMove(cand=0 upd=0 def=0 n=0 m=0 f=0) charRender(cand=0 draw=0 def=0 cull=0 n=0 m=0 f=0)
04-26 19:50:36.062 16944 17008 I MuMain  : PERF_TERRAIN world=73 normal(block=0 tile=0) grass(block=0 tile=0) after(block=0 tile=0)
04-26 19:50:36.253  1016  1016 I wpa_supplicant: wlan0: CTRL-EVENT-BEACON-LOSS 
04-26 19:50:36.592 16944 17008 I MuMain  : ADAPT fx scale: fps=45.6 frameMs=21.92 1.00->0.90 target=0.90
04-26 19:50:36.896   736   954 I AdbWifiNetworkMonitor: Wi-Fi network available
04-26 19:50:36.896   736   954 I AdbWifiNetworkMonitor: Received the same Wi-Fi SSID. Ignoring.
04-26 19:50:36.902   736   921 I HalDevMgr: bestIfaceCreationProposal is null, requestIface=STA, existingIface=[name=wlan0 type=STA]
04-26 19:50:36.902  1366  3232 I NullBinder: NullBinder for android.net.action.RECOMMEND_NETWORKS triggering remote TransactionTooLargeException due to Service without Chimera impl, calling uid: 1000, calling pid: 0
04-26 19:50:36.903  1366  3232 W libbinder.Binder: Large reply transaction of 1056768 bytes, interface descriptor , function: UNKNOWN_FUNCTION_NAME, code: 1, flags: 17
04-26 19:50:36.914  1160  1312 D IpClient/wlan0: interfaceLinkStateChanged: ifindex 16 up
04-26 19:50:36.924  1160  1312 D IpClient/wlan0: interfaceLinkStateChanged: ifindex 16 up
04-26 19:50:37.103 16944 17008 I MuMain  : PERF fps=50.4 frameMs=19.85 phase(render=17.98 pad=0.03 present=1.76) renderLevel=4 fxScale=1.00 maxMsg=30 avg(draw=262 verts=70602 im=1643 vaD=0 vaC=0 qI=118 qE=0) max(draw=290 verts=72462)
04-26 19:50:37.103 16944 17008 I MuMain  : PERF_SCENE world=73 char(live=0 vis=0 ply=0 mon=0 npc=0 pet=0 prio=0 topMon=-1 x0) obj(live=375 vis=183 op=0 trap=0 topObj=79 x24)
04-26 19:50:37.103 16944 17008 I MuMain  : PERF_BUCKET objMove(cand=0 upd=0 def=0 n=0 m=0 f=0) objRender(cand=0 draw=0 cull=0 n=0 m=0 f=0 visDraw=0 visDef=0) charMove(cand=0 upd=0 def=0 n=0 m=0 f=0) charRender(cand=0 draw=0 def=0 cull=0 n=0 m=0 f=0)
04-26 19:50:37.103 16944 17008 I MuMain  : PERF_TERRAIN world=73 normal(block=0 tile=0) grass(block=0 tile=0) after(block=0 tile=0)
04-26 19:50:37.564   560   624 D AF::Track: interceptBuffer: took 684us to intercept 0 tracks
04-26 19:50:38.130 16944 17008 I MuMain  : PERF fps=66.2 frameMs=15.10 phase(render=14.35 pad=0.04 present=0.63) renderLevel=4 fxScale=1.00 maxMsg=30 avg(draw=187 verts=79570 im=1593 vaD=0 vaC=0 qI=74 qE=0) max(draw=193 verts=81717)
04-26 19:50:38.130 16944 17008 I MuMain  : PERF_SCENE world=73 char(live=0 vis=0 ply=0 mon=0 npc=0 pet=0 prio=0 topMon=-1 x0) obj(live=375 vis=166 op=0 trap=0 topObj=79 x24)
04-26 19:50:38.130 16944 17008 I MuMain  : PERF_BUCKET objMove(cand=0 upd=0 def=0 n=0 m=0 f=0) objRender(cand=0 draw=0 cull=0 n=0 m=0 f=0 visDraw=0 visDef=0) charMove(cand=0 upd=0 def=0 n=0 m=0 f=0) charRender(cand=0 draw=0 def=0 cull=0 n=0 m=0 f=0)
04-26 19:50:38.130 16944 17008 I MuMain  : PERF_TERRAIN world=73 normal(block=0 tile=0) grass(block=0 tile=0) after(block=0 tile=0)
04-26 19:50:38.380 16944 17008 I MuMain  : ADAPT net budget up: fps=63.9 frameMs=15.65 maxMsg 30->35
04-26 19:50:38.717  1366 16639 I AlarmManager: setExactAndAllowWhileIdle [name: GCM_HB_ALARM type: 2 triggerAtMillis: 17413314]
04-26 19:50:38.720  1366 16639 I AlarmManager: setExactAndAllowWhileIdle [name: GCM_HB_ALARM type: 2 triggerAtMillis: 17413317]
04-26 19:50:38.765  1366 17022 I NetworkScheduler.Stats: (REDACTED) Task %s/%s started execution. cause:%s exec_start_elapsed_seconds: %s
04-26 19:50:38.793  1366 16742 I NetworkScheduler.Stats: (REDACTED) Task %s/%s finished executing. cause:%s result: %s elapsed_millis: %s uptime_millis: %s exec_start_elapsed_seconds: %s
04-26 19:50:38.795  1366 16979 I TapAndPay: deviceSupportsHce has detected emulator [CONTEXT service_id=79 ]
04-26 19:50:38.797  1366 16979 I TapAndPay: NfcAdapter is null while obtaining CardEmulation instance. [CONTEXT service_id=79 ]
04-26 19:50:38.817  1366 16742 I NetworkScheduler.Stats: (REDACTED) Task %s/%s started execution. cause:%s exec_start_elapsed_seconds: %s
04-26 19:50:38.817  1366 16742 I NetworkScheduler.Stats: (REDACTED) Task %s/%s finished executing. cause:%s result: %s elapsed_millis: %s uptime_millis: %s exec_start_elapsed_seconds: %s
04-26 19:50:39.169 16944 17008 I MuMain  : PERF fps=60.9 frameMs=16.43 phase(render=15.67 pad=0.04 present=0.65) renderLevel=4 fxScale=1.00 maxMsg=35 avg(draw=204 verts=93889 im=1641 vaD=0 vaC=0 qI=102 qE=0) max(draw=211 verts=94764)
04-26 19:50:39.169 16944 17008 I MuMain  : PERF_SCENE world=73 char(live=0 vis=0 ply=0 mon=0 npc=0 pet=0 prio=0 topMon=-1 x0) obj(live=375 vis=169 op=0 trap=0 topObj=79 x29)
04-26 19:50:39.169 16944 17008 I MuMain  : PERF_BUCKET objMove(cand=0 upd=0 def=0 n=0 m=0 f=0) objRender(cand=0 draw=0 cull=0 n=0 m=0 f=0 visDraw=0 visDef=0) charMove(cand=0 upd=0 def=0 n=0 m=0 f=0) charRender(cand=0 draw=0 def=0 cull=0 n=0 m=0 f=0)
04-26 19:50:39.169 16944 17008 I MuMain  : PERF_TERRAIN world=73 normal(block=0 tile=0) grass(block=0 tile=0) after(block=0 tile=0)
04-26 19:50:39.516  1203  1331 D SatelliteController: isInCarrierRoamingNbIotNtn: satellite is disabled
04-26 19:50:39.516  1203  1331 D SatelliteController: getCarrierRoamingNtnConnectType: Checking connect type from PLMN config for subId: 1
04-26 19:50:39.518  1203  1331 D SatelliteController: getSatellitePerPlmnConfiguration: invalid subId or not supported via carrier.
04-26 19:50:39.518  1203  1331 D SatelliteController: getCarrierRoamingNtnConnectType: config: null
04-26 19:50:39.519  1203  1331 D SatelliteController: getCarrierRoamingNtnConnectType: Falling back to global carrier config connect type: 0
04-26 19:50:39.519  1203  1331 D SatelliteController: updateLastNotifiedCarrierRoamingNtnSignalStrengthAndNotify(1)
04-26 19:50:39.519  1203  1331 D SatelliteController: updateLastNotifiedCarrierRoamingNtnSignalStrengthAndNotify(1) lastNotifiedSignalStrength level: 0
04-26 19:50:39.519  1203  1331 D SatelliteController: updateLastNotifiedCarrierRoamingNtnSignalStrengthAndNotify(1) currSignalStrength level: 0
04-26 19:50:39.909   736   954 I AdbWifiNetworkMonitor: Wi-Fi network available
04-26 19:50:39.910   736   954 I AdbWifiNetworkMonitor: Received the same Wi-Fi SSID. Ignoring.
04-26 19:50:39.915   736   921 I HalDevMgr: bestIfaceCreationProposal is null, requestIface=STA, existingIface=[name=wlan0 type=STA]
04-26 19:50:39.916  1366  3232 I NullBinder: NullBinder for android.net.action.RECOMMEND_NETWORKS triggering remote TransactionTooLargeException due to Service without Chimera impl, calling uid: 1000, calling pid: 0
04-26 19:50:39.919  1366  3232 W libbinder.Binder: Large reply transaction of 1056768 bytes, interface descriptor , function: UNKNOWN_FUNCTION_NAME, code: 1, flags: 17
04-26 19:50:40.213 16944 17008 I MuMain  : PERF fps=60.9 frameMs=16.41 phase(render=15.57 pad=0.02 present=0.75) renderLevel=4 fxScale=1.00 maxMsg=35 avg(draw=216 verts=93805 im=1656 vaD=0 vaC=0 qI=110 qE=0) max(draw=227 verts=97194)
04-26 19:50:40.214 16944 17008 I MuMain  : PERF_SCENE world=73 char(live=0 vis=0 ply=0 mon=0 npc=0 pet=0 prio=0 topMon=-1 x0) obj(live=375 vis=166 op=0 trap=0 topObj=79 x25)
04-26 19:50:40.214 16944 17008 I MuMain  : PERF_BUCKET objMove(cand=0 upd=0 def=0 n=0 m=0 f=0) objRender(cand=0 draw=0 cull=0 n=0 m=0 f=0 visDraw=0 visDef=0) charMove(cand=0 upd=0 def=0 n=0 m=0 f=0) charRender(cand=0 draw=0 def=0 cull=0 n=0 m=0 f=0)
04-26 19:50:40.214 16944 17008 I MuMain  : PERF_TERRAIN world=73 normal(block=0 tile=0) grass(block=0 tile=0) after(block=0 tile=0)
04-26 19:50:41.015   736   862 D ActivityManager: freezing 4276 com.android.vending:background
04-26 19:50:41.018   736   862 D ActivityManager: freezing 4164 com.android.vending
04-26 19:50:41.099   736   931 D InetDiagMessage: Destroyed 0 sockets, proto=IPPROTO_TCP, family=AF_INET, states=14
04-26 19:50:41.100   736   931 D InetDiagMessage: Destroyed 2 sockets, proto=IPPROTO_TCP, family=AF_INET6, states=14
04-26 19:50:41.101   736   931 D InetDiagMessage: Destroyed live tcp sockets for uids={10154} in 2ms
04-26 19:50:41.258 16944 17008 I MuMain  : ADAPT fx scale: fps=46.6 frameMs=21.44 1.00->0.90 target=0.90
04-26 19:50:41.258 16944 17008 I MuMain  : PERF fps=46.6 frameMs=21.44 phase(render=20.63 pad=0.03 present=0.72) renderLevel=4 fxScale=1.00 maxMsg=35 avg(draw=267 verts=93847 im=1721 vaD=0 vaC=0 qI=157 qE=0) max(draw=274 verts=94977)
04-26 19:50:41.258 16944 17008 I MuMain  : PERF_SCENE world=73 char(live=0 vis=0 ply=0 mon=0 npc=0 pet=0 prio=0 topMon=-1 x0) obj(live=375 vis=156 op=0 trap=0 topObj=135 x18)
04-26 19:50:41.258 16944 17008 I MuMain  : PERF_BUCKET objMove(cand=0 upd=0 def=0 n=0 m=0 f=0) objRender(cand=0 draw=0 cull=0 n=0 m=0 f=0 visDraw=0 visDef=0) charMove(cand=0 upd=0 def=0 n=0 m=0 f=0) charRender(cand=0 draw=0 def=0 cull=0 n=0 m=0 f=0)
04-26 19:50:41.258 16944 17008 I MuMain  : PERF_TERRAIN world=73 normal(block=0 tile=0) grass(block=0 tile=0) after(block=0 tile=0)
04-26 19:50:41.777 16944 17008 W MuMain  : ADAPT net budget down: fps=47.4 frameMs=21.09 maxMsg 35->30
04-26 19:50:42.307 16944 17008 I MuMain  : PERF fps=40.7 frameMs=24.55 phase(render=23.73 pad=0.02 present=0.74) renderLevel=4 fxScale=1.00 maxMsg=30 avg(draw=359 verts=104585 im=1878 vaD=0 vaC=0 qI=243 qE=0) max(draw=366 verts=104781)
04-26 19:50:42.307 16944 17008 I MuMain  : PERF_SCENE world=73 char(live=0 vis=0 ply=0 mon=0 npc=0 pet=0 prio=0 topMon=-1 x0) obj(live=375 vis=126 op=0 trap=0 topObj=135 x18)
04-26 19:50:42.307 16944 17008 I MuMain  : PERF_BUCKET objMove(cand=0 upd=0 def=0 n=0 m=0 f=0) objRender(cand=0 draw=0 cull=0 n=0 m=0 f=0 visDraw=0 visDef=0) charMove(cand=0 upd=0 def=0 n=0 m=0 f=0) charRender(cand=0 draw=0 def=0 cull=0 n=0 m=0 f=0)
04-26 19:50:42.307 16944 17008 I MuMain  : PERF_TERRAIN world=73 normal(block=0 tile=0) grass(block=0 tile=0) after(block=0 tile=0)
04-26 19:50:42.573 16944 17008 I MuMain  : ADAPT fx scale: fps=41.4 frameMs=24.16 1.00->0.90 target=0.90
04-26 19:50:42.925   736   921 I HalDevMgr: bestIfaceCreationProposal is null, requestIface=STA, existingIface=[name=wlan0 type=STA]
04-26 19:50:42.931  1160  1312 D IpClient/wlan0: interfaceLinkStateChanged: ifindex 16 up
04-26 19:50:42.939  1160  1312 D IpClient/wlan0: interfaceLinkStateChanged: ifindex 16 up
04-26 19:50:42.949   736   931 D InetDiagMessage: Destroyed 0 sockets, proto=IPPROTO_TCP, family=AF_INET, states=14
04-26 19:50:42.950   736   931 D InetDiagMessage: Destroyed 0 sockets, proto=IPPROTO_TCP, family=AF_INET6, states=14
04-26 19:50:42.950   736   931 D InetDiagMessage: Destroyed live tcp sockets for uids={10160} in 1ms
04-26 19:50:42.950   736   931 D InetDiagMessage: Destroyed 0 sockets, proto=IPPROTO_TCP, family=AF_INET, states=14
04-26 19:50:42.951   736   931 D InetDiagMessage: Destroyed 0 sockets, proto=IPPROTO_TCP, family=AF_INET6, states=14
04-26 19:50:42.951   736   931 D InetDiagMessage: Destroyed live tcp sockets for uids={20160} in 1ms
04-26 19:50:43.359 16944 17008 I MuMain  : PERF fps=39.6 frameMs=25.22 phase(render=24.49 pad=0.02 present=0.66) renderLevel=4 fxScale=1.00 maxMsg=30 avg(draw=387 verts=99197 im=1952 vaD=0 vaC=0 qI=290 qE=0) max(draw=395 verts=100020)
04-26 19:50:43.359 16944 17008 I MuMain  : PERF_SCENE world=73 char(live=0 vis=0 ply=0 mon=0 npc=0 pet=0 prio=0 topMon=-1 x0) obj(live=375 vis=105 op=0 trap=0 topObj=135 x12)
04-26 19:50:43.359 16944 17008 I MuMain  : PERF_BUCKET objMove(cand=0 upd=0 def=0 n=0 m=0 f=0) objRender(cand=0 draw=0 cull=0 n=0 m=0 f=0 visDraw=0 visDef=0) charMove(cand=0 upd=0 def=0 n=0 m=0 f=0) charRender(cand=0 draw=0 def=0 cull=0 n=0 m=0 f=0)
04-26 19:50:43.359 16944 17008 I MuMain  : PERF_TERRAIN world=73 normal(block=0 tile=0) grass(block=0 tile=0) after(block=0 tile=0)
04-26 19:50:43.737  2780  2784 I artd    : GetBestInfo: odex next to the dex file (/data/app/~~PqdBwR9WSFUNw4iaJMgoGg==/com.google.android.gms-95Dc1VeYXyONiCBDqz_lkA==/oat/x86_64/base.odex) is kOatUpToDate with filter 'speed-profile' executable 'false'
04-26 19:50:43.740  2780  2784 I artd    : GetBestInfo: dm (/data/app/~~PqdBwR9WSFUNw4iaJMgoGg==/com.google.android.gms-95Dc1VeYXyONiCBDqz_lkA==/split_AdsDynamite_installtime.dm) is kOatUpToDate with filter 'verify' executable 'false'
04-26 19:50:43.742  2780  2784 I artd    : GetBestInfo: dm (/data/app/~~PqdBwR9WSFUNw4iaJMgoGg==/com.google.android.gms-95Dc1VeYXyONiCBDqz_lkA==/split_CronetDynamite_installtime.dm) is kOatUpToDate with filter 'verify' executable 'false'
04-26 19:50:43.744  2780  2784 I artd    : GetBestInfo: dm (/data/app/~~PqdBwR9WSFUNw4iaJMgoGg==/com.google.android.gms-95Dc1VeYXyONiCBDqz_lkA==/split_DynamiteLoader_installtime.dm) is kOatUpToDate with filter 'verify' executable 'false'
04-26 19:50:43.746  2780  2784 I artd    : GetBestInfo: dm (/data/app/~~PqdBwR9WSFUNw4iaJMgoGg==/com.google.android.gms-95Dc1VeYXyONiCBDqz_lkA==/split_DynamiteModulesA_installtime.dm) is kOatUpToDate with filter 'verify' executable 'false'
04-26 19:50:43.748  2780  2784 I artd    : GetBestInfo: dm (/data/app/~~PqdBwR9WSFUNw4iaJMgoGg==/com.google.android.gms-95Dc1VeYXyONiCBDqz_lkA==/split_DynamiteModulesC_installtime.dm) is kOatUpToDate with filter 'verify' executable 'false'
04-26 19:50:43.750  2780  2784 I artd    : GetBestInfo: dm (/data/app/~~PqdBwR9WSFUNw4iaJMgoGg==/com.google.android.gms-95Dc1VeYXyONiCBDqz_lkA==/split_GoogleCertificates_installtime.dm) is kOatUpToDate with filter 'verify' executable 'false'
04-26 19:50:43.751  2780  2784 I artd    : GetBestInfo: dm (/data/app/~~PqdBwR9WSFUNw4iaJMgoGg==/com.google.android.gms-95Dc1VeYXyONiCBDqz_lkA==/split_MapsDynamite_installtime.dm) is kOatUpToDate with filter 'verify' executable 'false'
04-26 19:50:43.754  2780  2784 I artd    : GetBestInfo: dm (/data/app/~~PqdBwR9WSFUNw4iaJMgoGg==/com.google.android.gms-95Dc1VeYXyONiCBDqz_lkA==/split_MeasurementDynamite_installtime.dm) is kOatUpToDate with filter 'verify' executable 'false'
04-26 19:50:43.755  2780  2784 I artd    : GetBestInfo: dm (/data/app/~~PqdBwR9WSFUNw4iaJMgoGg==/com.google.android.gms-95Dc1VeYXyONiCBDqz_lkA==/split_all_locale_splits.dm) is kOatUpToDate with filter 'verify' executable 'false'
04-26 19:50:43.757  2780  2784 I artd    : GetBestInfo: /data/user_de/0/com.google.android.gms/app_chimera/m/0000000a/dl-TfliteDynamiteDynamite.integ_252130102100800.apk has no usable artifacts
04-26 19:50:43.758  2780  2784 I artd    : GetBestInfo: /data/user_de/0/com.google.android.gms/app_chimera/m/00000001/CronetDynamite.apk has no usable artifacts
04-26 19:50:43.759  2780  2784 I artd    : GetBestInfo: /data/user_de/0/com.google.android.gms/app_chimera/m/00000016/dl-MlkitOcrCommon.optional_261332100800.apk has no usable artifacts
04-26 19:50:43.760  2780  2784 I artd    : GetBestInfo: /data/user_de/0/com.google.android.gms/app_chimera/m/00000002/DynamiteLoader.apk has no usable artifacts
04-26 19:50:43.762  2780  2784 I artd    : GetBestInfo: /data/user_de/0/com.google.android.gms/app_chimera/m/0000000e/dl-MlkitBarcodeUi.optional_260235100800.apk has no usable artifacts
04-26 19:50:43.764  2780  2784 I artd    : GetBestInfo: /data/user_de/0/com.google.android.gms/app_chimera/m/00000013/dl-Appsearch.optional_261332100800.apk has no usable artifacts
04-26 19:50:43.765  2780  2784 I artd    : GetBestInfo: /data/user_de/0/com.google.android.gms/app_chimera/m/00000005/GoogleCertificates.apk has no usable artifacts
04-26 19:50:43.766  2780  2784 I artd    : GetBestInfo: /data/user_de/0/com.google.android.gms/app_chimera/m/00000012/dl-PlayCloudSearch.optional_261332100000.apk has no usable artifacts
04-26 19:50:43.768  2780  2784 I artd    : GetBestInfo: vdex next to the dex file (/data/user/0/com.google.android.gms/app_dg_cache/B3ED91DEC21F0EB5284BE10D982ABEAAC45F5C48/oat/x86_64/the.vdex) is kOatUpToDate with filter 'verify' executable 'false'
04-26 19:50:43.770  2780  2784 I artd    : GetBestInfo: /data/user_de/0/com.google.android.gms/app_chimera/m/0000000f/dl-PlayCloudSearch.optional_260235100000.apk has no usable artifacts
04-26 19:50:43.772  2780  2784 I artd    : GetBestInfo: /data/user_de/0/com.google.android.gms/app_chimera/m/00000008/dl-VisionOcr.optional_260235100000.apk has no usable artifacts
04-26 19:50:43.775  2780  2784 I artd    : GetBestInfo: /data/user_de/0/com.google.android.gms/app_chimera/m/0000000b/dl-Appsearch.optional_260235100800.apk has no usable artifacts
04-26 19:50:43.776  2780  2784 I artd    : GetBestInfo: /data/user_de/0/com.google.android.gms/app_chimera/m/00000011/dl-VisionOcr.optional_261332100000.apk has no usable artifacts
04-26 19:50:43.778  2780  2784 I artd    : GetBestInfo: /data/user_de/0/com.google.android.gms/app_chimera/m/00000015/dl-MlkitBarcodeUi.optional_261332100800.apk has no usable artifacts
04-26 19:50:43.780  2780  2784 I artd    : GetBestInfo: /data/user_de/0/com.google.android.gms/app_chimera/m/00000009/dl-MlkitOcrCommon.optional_260235100800.apk has no usable artifacts
04-26 19:50:43.782  2780  2784 I artd    : GetBestInfo: vdex next to the dex file (/data/user/0/com.google.android.gms/app_dg_cache/CE973E4DE823F0AA69070767A9FABB590DDD455C/oat/x86_64/the.vdex) is kOatUpToDate with filter 'verify' executable 'false'
04-26 19:50:43.783  2780  2784 I artd    : GetBestInfo: /data/user_de/0/com.google.android.gms/app_chimera/m/00000007/MeasurementDynamite.apk has no usable artifacts
04-26 19:50:43.907 16944 17008 I MuMain  : ADAPT fx scale: fps=35.0 frameMs=28.61 1.00->0.90 target=0.80
04-26 19:50:44.426 16944 17008 I MuMain  : PERF fps=37.9 frameMs=26.40 phase(render=25.38 pad=0.02 present=0.94) renderLevel=4 fxScale=1.00 maxMsg=30 avg(draw=392 verts=96673 im=1984 vaD=0 vaC=0 qI=295 qE=0) max(draw=399 verts=96726)
04-26 19:50:44.426 16944 17008 I MuMain  : PERF_SCENE world=73 char(live=0 vis=0 ply=0 mon=0 npc=0 pet=0 prio=0 topMon=-1 x0) obj(live=375 vis=88 op=0 trap=0 topObj=129 x7)
04-26 19:50:44.426 16944 17008 I MuMain  : PERF_BUCKET objMove(cand=0 upd=0 def=0 n=0 m=0 f=0) objRender(cand=0 draw=0 cull=0 n=0 m=0 f=0 visDraw=0 visDef=0) charMove(cand=0 upd=0 def=0 n=0 m=0 f=0) charRender(cand=0 draw=0 def=0 cull=0 n=0 m=0 f=0)
04-26 19:50:44.426 16944 17008 I MuMain  : PERF_TERRAIN world=73 normal(block=0 tile=0) grass(block=0 tile=0) after(block=0 tile=0)
04-26 19:50:44.448  1016  1016 I wpa_supplicant: wlan0: CTRL-EVENT-BEACON-LOSS 
04-26 19:50:45.191 16944 17008 I MuMain  : ADAPT fx scale: fps=39.6 frameMs=25.24 1.00->0.90 target=0.90
04-26 19:50:45.458 16944 17008 I MuMain  : PERF fps=41.1 frameMs=24.32 phase(render=23.38 pad=0.02 present=0.83) renderLevel=4 fxScale=1.00 maxMsg=30 avg(draw=353 verts=81024 im=1942 vaD=0 vaC=0 qI=273 qE=0) max(draw=371 verts=81924)
04-26 19:50:45.458 16944 17008 I MuMain  : PERF_SCENE world=73 char(live=0 vis=0 ply=0 mon=0 npc=0 pet=0 prio=0 topMon=-1 x0) obj(live=375 vis=74 op=0 trap=0 topObj=129 x7)
04-26 19:50:45.458 16944 17008 I MuMain  : PERF_BUCKET objMove(cand=0 upd=0 def=0 n=0 m=0 f=0) objRender(cand=0 draw=0 cull=0 n=0 m=0 f=0 visDraw=0 visDef=0) charMove(cand=0 upd=0 def=0 n=0 m=0 f=0) charRender(cand=0 draw=0 def=0 cull=0 n=0 m=0 f=0)
04-26 19:50:45.458 16944 17008 I MuMain  : PERF_TERRAIN world=73 normal(block=0 tile=0) grass(block=0 tile=0) after(block=0 tile=0)
04-26 19:50:45.934   736   921 I HalDevMgr: bestIfaceCreationProposal is null, requestIface=STA, existingIface=[name=wlan0 type=STA]
04-26 19:50:46.460 14925 14925 D BoundBrokerSvc: onUnbind: Intent { act=com.google.android.gms.feedback.internal.IFeedbackService dat=chimera-action:/... xflg=0x4 cmp=com.google.android.gms/.chimera.GmsBoundBrokerService }
04-26 19:50:46.518 16944 17008 I MuMain  : ADAPT fx scale: fps=41.6 frameMs=24.06 1.00->0.90 target=0.90
04-26 19:50:46.518 16944 17008 I MuMain  : PERF fps=41.6 frameMs=24.06 phase(render=23.05 pad=0.03 present=0.91) renderLevel=4 fxScale=1.00 maxMsg=30 avg(draw=350 verts=91990 im=1943 vaD=0 vaC=0 qI=269 qE=0) max(draw=363 verts=95769)
04-26 19:50:46.518 16944 17008 I MuMain  : PERF_SCENE world=73 char(live=0 vis=0 ply=0 mon=0 npc=0 pet=0 prio=0 topMon=-1 x0) obj(live=375 vis=61 op=0 trap=0 topObj=129 x6)
04-26 19:50:46.518 16944 17008 I MuMain  : PERF_BUCKET objMove(cand=0 upd=0 def=0 n=0 m=0 f=0) objRender(cand=0 draw=0 cull=0 n=0 m=0 f=0 visDraw=0 visDef=0) charMove(cand=0 upd=0 def=0 n=0 m=0 f=0) charRender(cand=0 draw=0 def=0 cull=0 n=0 m=0 f=0)
04-26 19:50:46.518 16944 17008 I MuMain  : PERF_TERRAIN world=73 normal(block=0 tile=0) grass(block=0 tile=0) after(block=0 tile=0)
04-26 19:50:46.985   736   849 I UsageStatsService: User[0] Flushing usage stats to disk
04-26 19:50:47.592 16944 17008 I MuMain  : PERF fps=44.7 frameMs=22.39 phase(render=21.35 pad=0.03 present=0.94) renderLevel=4 fxScale=1.00 maxMsg=30 avg(draw=326 verts=95195 im=1916 vaD=0 vaC=0 qI=244 qE=0) max(draw=335 verts=95796)
04-26 19:50:47.592 16944 17008 I MuMain  : PERF_SCENE world=73 char(live=0 vis=0 ply=0 mon=0 npc=0 pet=0 prio=0 topMon=-1 x0) obj(live=375 vis=49 op=0 trap=0 topObj=129 x6)
04-26 19:50:47.592 16944 17008 I MuMain  : PERF_BUCKET objMove(cand=0 upd=0 def=0 n=0 m=0 f=0) objRender(cand=0 draw=0 cull=0 n=0 m=0 f=0 visDraw=0 visDef=0) charMove(cand=0 upd=0 def=0 n=0 m=0 f=0) charRender(cand=0 draw=0 def=0 cull=0 n=0 m=0 f=0)
04-26 19:50:47.592 16944 17008 I MuMain  : PERF_TERRAIN world=73 normal(block=0 tile=0) grass(block=0 tile=0) after(block=0 tile=0)
04-26 19:50:47.858 16944 17008 I MuMain  : ADAPT fx scale: fps=45.2 frameMs=22.10 1.00->0.90 target=0.90
04-26 19:50:48.630 16944 17008 I MuMain  : PERF fps=50.8 frameMs=19.68 phase(render=18.72 pad=0.02 present=0.87) renderLevel=4 fxScale=1.00 maxMsg=30 avg(draw=287 verts=88357 im=2048 vaD=0 vaC=0 qI=212 qE=0) max(draw=301 verts=92700)
04-26 19:50:48.630 16944 17008 I MuMain  : PERF_SCENE world=73 char(live=0 vis=0 ply=0 mon=0 npc=0 pet=0 prio=0 topMon=-1 x0) obj(live=375 vis=58 op=0 trap=0 topObj=129 x7)
04-26 19:50:48.630 16944 17008 I MuMain  : PERF_BUCKET objMove(cand=0 upd=0 def=0 n=0 m=0 f=0) objRender(cand=0 draw=0 cull=0 n=0 m=0 f=0 visDraw=0 visDef=0) charMove(cand=0 upd=0 def=0 n=0 m=0 f=0) charRender(cand=0 draw=0 def=0 cull=0 n=0 m=0 f=0)
04-26 19:50:48.630 16944 17008 I MuMain  : PERF_TERRAIN world=73 normal(block=0 tile=0) grass(block=0 tile=0) after(block=0 tile=0)
04-26 19:50:48.944   736   921 I HalDevMgr: bestIfaceCreationProposal is null, requestIface=STA, existingIface=[name=wlan0 type=STA]
04-26 19:50:49.516  1203  1331 D SatelliteController: isInCarrierRoamingNbIotNtn: satellite is disabled
04-26 19:50:49.516  1203  1331 D SatelliteController: getCarrierRoamingNtnConnectType: Checking connect type from PLMN config for subId: 1
04-26 19:50:49.519  1203  1331 D SatelliteController: getSatellitePerPlmnConfiguration: invalid subId or not supported via carrier.
04-26 19:50:49.519  1203  1331 D SatelliteController: getCarrierRoamingNtnConnectType: config: null
04-26 19:50:49.519  1203  1331 D SatelliteController: getCarrierRoamingNtnConnectType: Falling back to global carrier config connect type: 0
04-26 19:50:49.520  1203  1331 D SatelliteController: updateLastNotifiedCarrierRoamingNtnSignalStrengthAndNotify(1)
