04-26 15:50:48.914 I/MuMain  ( 6376): LoadBitmap begin idx=32298 file=Data\Monster\illumi_R.jpg
04-26 15:50:48.914 I/MuMain  ( 6376): LoadBitmap begin idx=32299 file=Data\Monster\prsona_R.jpg
04-26 15:50:48.914 I/MuMain  ( 6376): LoadBitmap begin idx=32300 file=Data\Monster\prsonass_R.jpg
04-26 15:50:48.914 I/MuMain  ( 6376): LoadBitmap begin idx=32301 file=Data\effect\water.jpg
04-26 15:50:48.914 I/MuMain  ( 6376): LoadBitmap begin idx=32004 file=Data\Effect\cra_04.jpg
04-26 15:50:48.914 I/MuMain  ( 6376): LoadBitmap begin idx=32005 file=Data\Effect\Impack01.jpg
04-26 15:50:48.914 I/MuMain  ( 6376): LoadBitmap begin idx=31131 file=Data\Interface\message_ok_b_all.tga
04-26 15:50:48.914 I/MuMain  ( 6376): LoadBitmap begin idx=31132 file=Data\Interface\loding_cancel_b_all.tga
04-26 15:50:48.914 I/MuMain  ( 6376): LoadBitmap begin idx=31133 file=Data\Interface\message_close_b_all.tga
04-26 15:50:48.914 I/MuMain  ( 6376): LoadBitmap begin idx=31136 file=Data\Interface\message_back.tga
04-26 15:50:48.914 I/MuMain  ( 6376): LoadBitmap begin idx=31137 file=Data\Interface\delete_secret_number.tga
04-26 15:50:48.914 I/MuMain  ( 6376): LoadBitmap begin idx=31139 file=Data\Interface\op1_stone.jpg
04-26 15:50:48.914 I/MuMain  ( 6376): LoadBitmap begin idx=31140 file=Data\Interface\op1_back1.tga
04-26 15:50:48.914 I/MuMain  ( 6376): LoadBitmap begin idx=31141 file=Data\Interface\op1_back2.tga
04-26 15:50:48.914 I/MuMain  ( 6376): LoadBitmap begin idx=31142 file=Data\Interface\op1_back3.jpg
04-26 15:50:48.914 I/MuMain  ( 6376): LoadBitmap begin idx=31143 file=Data\Interface\op1_back4.jpg
04-26 15:50:48.914 I/MuMain  ( 6376): LoadBitmap begin idx=31795 file=Data\Interface\op1_b_all.tga
04-26 15:50:48.914 I/MuMain  ( 6376): LoadBitmap begin idx=31796 file=Data\Interface\op2_back1.tga
04-26 15:50:48.914 I/MuMain  ( 6376): LoadBitmap begin idx=31797 file=Data\Interface\op2_ch.tga
04-26 15:50:48.914 I/MuMain  ( 6376): LoadBitmap begin idx=32207 file=Data\Interface\op2_volume3.tga
04-26 15:50:48.914 I/MuMain  ( 6376): LoadBitmap begin idx=32208 file=Data\Interface\op2_volume2.jpg
04-26 15:50:48.914 I/MuMain  ( 6376): LoadBitmap begin idx=32209 file=Data\Interface\op2_volume1.tga
04-26 15:50:48.914 I/MuMain  ( 6376): LoadBitmap begin idx=31792 file=Data\Effect\clouds2.jpg
04-26 15:50:48.914 I/MuMain  ( 6376): LoadBitmap begin idx=32354 file=Data\Effect\pin_lights.jpg
04-26 15:50:48.914 I/MuMain  ( 6376): LoadBitmap begin idx=32408 file=Data\Monster\deasuler_cloth.tga
04-26 15:50:48.914 I/MuMain  ( 6376): LoadBitmap begin idx=32379 file=Data\Item\soketmagic_stape02.jpg
04-26 15:50:48.914 I/MuMain  ( 6376): LoadBitmap begin idx=32380 file=Data\Effect\lightmarks.jpg
04-26 15:50:48.914 I/MuMain  ( 6376): LoadBitmap begin idx=32381 file=Data\Effect\lightmarks.jpg
04-26 15:50:48.915 I/MuMain  ( 6376): LoadBitmap begin idx=32314 file=Data\Item\partCharge1\entrance_R.jpg
04-26 15:50:48.915 I/MuMain  ( 6376): LoadBitmap begin idx=32315 file=Data\Item\partCharge1\juju_R.jpg
04-26 15:50:48.915 I/MuMain  ( 6376): LoadBitmap begin idx=32322 file=Data\Item\partCharge1\monmark01a.jpg
04-26 15:50:48.915 I/MuMain  ( 6376): LoadBitmap begin idx=32323 file=Data\Item\partCharge1\monmark02a.jpg
04-26 15:50:48.915 I/MuMain  ( 6376): LoadBitmap begin idx=32324 file=Data\Item\partCharge1\monmark03a.jpg
04-26 15:50:48.915 I/MuMain  ( 6376): LoadBitmap begin idx=32321 file=Data\Item\partCharge1\bujuck01alpa.jpg
04-26 15:50:48.915 I/MuMain  ( 6376): LoadBitmap begin idx=32316 file=Data\Item\partCharge1\expensiveitem01_R.jpg
04-26 15:50:48.915 I/MuMain  ( 6376): LoadBitmap begin idx=32317 file=Data\Item\partCharge1\expensiveitem02a_R.jpg
04-26 15:50:48.915 I/MuMain  ( 6376): LoadBitmap begin idx=32318 file=Data\Item\partCharge1\expensiveitem02b_R.jpg
04-26 15:50:48.915 I/MuMain  ( 6376): LoadBitmap begin idx=32319 file=Data\Item\partCharge1\expensiveitem03a_R.jpg
04-26 15:50:48.915 I/MuMain  ( 6376): LoadBitmap begin idx=32320 file=Data\Item\partCharge1\expensiveitem03b_R.jpg
04-26 15:50:48.915 I/MuMain  ( 6376): LoadBitmap begin idx=32326 file=Data\Item\partCharge3\alicecard_R.tga
04-26 15:50:48.915 I/MuMain  ( 6376): LoadBitmap begin idx=32327 file=Data\Item\Ingameshop\kacama_R.jpg
04-26 15:50:48.915 I/MuMain  ( 6376): LoadBitmap begin idx=32328 file=Data\Item\Ingameshop\kacada_R.jpg
04-26 15:50:48.915 I/MuMain  ( 6376): LoadBitmap begin idx=32329 file=Data\Item\Ingameshop\kacama_R.jpg
04-26 15:50:48.915 I/MuMain  ( 6376): LoadBitmap begin idx=32330 file=Data\Item\partCharge3\jujug_R.jpg
04-26 15:50:48.915 I/MuMain  ( 6376): LoadBitmap begin idx=32331 file=Data\Item\partCharge3\jujul_R.jpg
04-26 15:50:48.915 I/MuMain  ( 6376): LoadBitmap begin idx=32332 file=Data\Item\partCharge3\jujum_R.jpg
04-26 15:50:48.915 I/MuMain  ( 6376): LoadBitmap begin idx=32333 file=Data\Effect\cherryblossom\sakuras01.jpg
04-26 15:50:48.915 I/MuMain  ( 6376): LoadBitmap begin idx=32334 file=Data\Effect\cherryblossom\sakuras02.jpg
04-26 15:50:48.915 I/MuMain  ( 6376): LoadBitmap begin idx=32302 file=Data\Object39\k_effect_01.JPG
04-26 15:50:48.915 I/MuMain  ( 6376): LoadBitmap begin idx=32343 file=Data\Item\deathbeamstone_R.jpg
04-26 15:50:48.915 I/MuMain  ( 6376): LoadBitmap begin idx=32344 file=Data\Item\hellhorn_R.jpg
04-26 15:50:48.915 I/MuMain  ( 6376): LoadBitmap begin idx=32345 file=Data\Item\phoenixfeather_R.tga
04-26 15:50:48.915 I/MuMain  ( 6376): LoadBitmap begin idx=32346 file=Data\Item\Deye_R.jpg
04-26 15:50:48.915 I/MuMain  ( 6376): LoadBitmap begin idx=32347 file=Data\Item\wing3chaking2.jpg
04-26 15:50:48.915 I/MuMain  ( 6376): LoadBitmap begin idx=31783 file=Data\NPC\lumi.jpg
04-26 15:50:48.915 I/MuMain  ( 6376): LoadBitmap begin idx=31784 file=Data\item\songko2_R.jpg
04-26 15:50:48.915 I/MuMain  ( 6376): LoadBitmap begin idx=31785 file=Data\skill\unitedsoldier_wing.tga
04-26 15:50:48.915 I/MuMain  ( 6376): LoadBitmap begin idx=31786 file=Data\skill\illusionistcloth.tga
04-26 15:50:48.915 I/MuMain  ( 6376): LoadBitmap begin idx=31787 file=Data\effect\masker.jpg
04-26 15:50:48.915 I/MuMain  ( 6376): LoadBitmap begin idx=31788 file=Data\effect\wind01.jpg
04-26 15:50:48.915 I/MuMain  ( 6376): LoadBitmap begin idx=31255 file=Data\Interface\menu01_new2_SD.jpg
04-26 15:50:48.915 I/MuMain  ( 6376): LoadBitmap begin idx=31256 file=Data\Local\Eng\ImgsMapName\MapNameAddStrife.tga
04-26 15:50:48.915 I/MuMain  ( 6376): LoadBitmap begin idx=31799 file=Data\Interface\Gens_mark_D_new.tga
04-26 15:50:48.916 I/MuMain  ( 6376): LoadBitmap begin idx=31800 file=Data\Interface\Gens_mark_V_new.tga
04-26 15:50:48.916 I/MuMain  ( 6376): LoadBitmap begin idx=32376 file=Data\Monster\serufanarm_R.jpg
04-26 15:50:48.916 I/MuMain  ( 6376): LoadBitmap begin idx=32375 file=Data\Monster\serufanwand_R.jpg
04-26 15:50:48.916 I/MuMain  ( 6376): LoadBitmap begin idx=32391 file=Data\npc\santa.jpg
04-26 15:50:48.916 I/MuMain  ( 6376): LoadBitmap begin idx=32392 file=Data\npc\santa_baggage.jpg
04-26 15:50:48.916 I/MuMain  ( 6376): LoadBitmap begin idx=32402 file=Data\Item\pandabody_R.jpg
04-26 15:50:48.916 I/MuMain  ( 6376): LoadBitmap begin idx=32403 file=Data\Monster\DGicewalker_body.jpg
04-26 15:50:48.916 I/MuMain  ( 6376): LoadBitmap begin idx=32404 file=Data\Monster\DGicewalker_R.jpg
04-26 15:50:48.916 I/MuMain  ( 6376): LoadBitmap begin idx=32405 file=Data\Monster\Snake1.jpg
04-26 15:50:48.916 I/MuMain  ( 6376): LoadBitmap begin idx=32406 file=Data\NPC\goldboit.jpg
04-26 15:50:48.916 I/MuMain  ( 6376): LoadBitmap begin idx=32407 file=Data\NPC\goldline.jpg
04-26 15:50:48.916 I/MuMain  ( 6376): LoadBitmap begin idx=32409 file=Data\effect\flare01_red.jpg
04-26 15:50:48.916 I/MuMain  ( 6376): LoadBitmap begin idx=32410 file=Data\effect\gra.jpg
04-26 15:50:48.916 I/MuMain  ( 6376): LoadBitmap begin idx=32411 file=Data\effect\ring_of_gradation.jpg
04-26 15:50:48.916 I/MuMain  ( 6376): LoadBitmap begin idx=31717 file=Data\Interface\InGameShop\ingame_pack_check.tga
04-26 15:50:48.916 I/MuMain  ( 6376): LoadBitmap begin idx=32484 file=Data\Interface\InGameShop\Ingame_Bt01.tga
04-26 15:50:48.916 I/MuMain  ( 6376): LoadBitmap begin idx=32485 file=Data\Interface\InGameShop\ingame_Bt_page_L.tga
04-26 15:50:48.916 I/MuMain  ( 6376): LoadBitmap begin idx=32486 file=Data\Interface\InGameShop\ingame_Bt_page_R.tga
04-26 15:50:48.916 I/MuMain  ( 6376): LoadBitmap begin idx=32487 file=Data\Interface\InGameShop\IGS_Storage_Page.tga
04-26 15:50:48.916 I/MuMain  ( 6376): LoadBitmap begin idx=32488 file=Data\Interface\InGameShop\IGS_Storage_Page_Left.tga
04-26 15:50:48.916 I/MuMain  ( 6376): LoadBitmap begin idx=32489 file=Data\Interface\InGameShop\IGS_Storage_Page_Right.tga
04-26 15:50:48.916 I/MuMain  ( 6376): LoadBitmap begin idx=32413 file=Data\Monster\AssassinLeader_body_R.jpg
04-26 15:50:48.916 I/MuMain  ( 6376): LoadBitmap begin idx=32437 file=Data\Item\partCharge8\rareitem_ticket_7_body.jpg
04-26 15:50:48.916 I/MuMain  ( 6376): LoadBitmap begin idx=32438 file=Data\Item\partCharge8\rareitem_ticket_8_body.jpg
04-26 15:50:48.916 I/MuMain  ( 6376): LoadBitmap begin idx=32439 file=Data\Item\partCharge8\rareitem_ticket_9_body.jpg
04-26 15:50:48.916 I/MuMain  ( 6376): LoadBitmap begin idx=32440 file=Data\Item\partCharge8\rareitem_ticket_10_body.jpg
04-26 15:50:48.916 I/MuMain  ( 6376): LoadBitmap begin idx=32441 file=Data\Item\partCharge8\rareitem_ticket_11_body.jpg
04-26 15:50:48.916 I/MuMain  ( 6376): LoadBitmap begin idx=32442 file=Data\Item\partCharge8\rareitem_ticket_12_body.jpg
04-26 15:50:48.916 I/MuMain  ( 6376): LoadBitmap begin idx=32443 file=Data\Item\partCharge8\DoppelCard.jpg
04-26 15:50:48.916 I/MuMain  ( 6376): LoadBitmap begin idx=32444 file=Data\Item\partCharge8\BarcaCard.jpg
04-26 15:50:48.916 I/MuMain  ( 6376): LoadBitmap begin idx=32445 file=Data\Item\partCharge8\Barca7Card.jpg
04-26 15:50:48.916 I/MuMain  ( 6376): LoadBitmap begin idx=32446 file=Data\Item\ork_cham_R.jpg
04-26 15:50:48.916 I/MuMain  ( 6376): LoadBitmap begin idx=32448 file=Data\Item\goldenork_cham_R.jpg
04-26 15:50:48.916 I/MuMain  ( 6376): LoadBitmap begin idx=32463 file=Data\Monster\BoneSE.jpg
04-26 15:50:48.916 I/MuMain  ( 6376): LoadBitmap begin idx=32464 file=Data\Monster\KryptaBall2.jpg
04-26 15:50:48.916 I/MuMain  ( 6376): LoadBitmap begin idx=32465 file=Data\Monster\bora_golem_effect.jpg
04-26 15:50:48.916 I/MuMain  ( 6376): LoadBitmap begin idx=32466 file=Data\Monster\bora_golem2_effect.jpg
04-26 15:50:48.916 I/MuMain  ( 6376): LoadBitmap begin idx=32467 file=Data\Monster\king_golem01_effect.jpg
04-26 15:50:48.916 I/MuMain  ( 6376): LoadBitmap begin idx=32468 file=Data\Monster\king_golem02_effect.jpg
04-26 15:50:48.916 I/MuMain  ( 6376): LoadBitmap begin idx=32469 file=Data\Monster\king_golem03_effect.jpg
04-26 15:50:48.916 I/MuMain  ( 6376): LoadBitmap begin idx=32470 file=Data\NPC\voloE.jpg
04-26 15:50:48.916 I/TakumiErrorReport( 6376): > First Load Files OK.
04-26 15:50:48.920 W/skia    (  566): AGTM parsing failed flags.readFromStream(s) at 159
04-26 15:50:48.920 W/skia    (  566): AGTM parsing failed flags.readFromStream(s) at 159
04-26 15:50:48.920 W/skia    (  566): AGTM parsing failed flags.readFromStream(s) at 159
04-26 15:50:48.920 W/skia    (  566): AGTM parsing failed flags.readFromStream(s) at 159
04-26 15:50:48.920 W/skia    (  566): AGTM parsing failed flags.readFromStream(s) at 159
04-26 15:50:48.921 W/skia    (  566): AGTM parsing failed flags.readFromStream(s) at 159
04-26 15:50:48.937 W/skia    (  566): AGTM parsing failed flags.readFromStream(s) at 159
04-26 15:50:48.937 W/skia    (  566): AGTM parsing failed flags.readFromStream(s) at 159
04-26 15:50:48.937 W/skia    (  566): AGTM parsing failed flags.readFromStream(s) at 159
04-26 15:50:48.937 W/skia    (  566): AGTM parsing failed flags.readFromStream(s) at 159
04-26 15:50:48.937 W/skia    (  566): AGTM parsing failed flags.readFromStream(s) at 159
04-26 15:50:48.937 W/skia    (  566): AGTM parsing failed flags.readFromStream(s) at 159
04-26 15:50:48.953 W/skia    (  566): AGTM parsing failed flags.readFromStream(s) at 159
04-26 15:50:48.953 W/skia    (  566): AGTM parsing failed flags.readFromStream(s) at 159
04-26 15:50:48.953 W/skia    (  566): AGTM parsing failed flags.readFromStream(s) at 159
04-26 15:50:48.953 W/skia    (  566): AGTM parsing failed flags.readFromStream(s) at 159
04-26 15:50:48.953 W/skia    (  566): AGTM parsing failed flags.readFromStream(s) at 159
04-26 15:50:48.954 W/skia    (  566): AGTM parsing failed flags.readFromStream(s) at 159
04-26 15:50:48.970 W/skia    (  566): AGTM parsing failed flags.readFromStream(s) at 159
04-26 15:50:48.970 W/skia    (  566): AGTM parsing failed flags.readFromStream(s) at 159
04-26 15:50:48.970 W/skia    (  566): AGTM parsing failed flags.readFromStream(s) at 159
04-26 15:50:48.970 W/skia    (  566): AGTM parsing failed flags.readFromStream(s) at 159
04-26 15:50:48.970 W/skia    (  566): AGTM parsing failed flags.readFromStream(s) at 159
04-26 15:50:48.970 W/skia    (  566): AGTM parsing failed flags.readFromStream(s) at 159
04-26 15:50:48.987 W/skia    (  566): AGTM parsing failed flags.readFromStream(s) at 159
04-26 15:50:48.987 W/skia    (  566): AGTM parsing failed flags.readFromStream(s) at 159
04-26 15:50:48.987 W/skia    (  566): AGTM parsing failed flags.readFromStream(s) at 159
04-26 15:50:48.987 W/skia    (  566): AGTM parsing failed flags.readFromStream(s) at 159
04-26 15:50:49.003 W/skia    (  566): AGTM parsing failed flags.readFromStream(s) at 159
04-26 15:50:49.003 W/skia    (  566): AGTM parsing failed flags.readFromStream(s) at 159
04-26 15:50:49.003 W/skia    (  566): AGTM parsing failed flags.readFromStream(s) at 159
04-26 15:50:49.003 W/skia    (  566): AGTM parsing failed flags.readFromStream(s) at 159
04-26 15:50:49.020 W/skia    (  566): AGTM parsing failed flags.readFromStream(s) at 159
04-26 15:50:49.020 W/skia    (  566): AGTM parsing failed flags.readFromStream(s) at 159
04-26 15:50:49.020 W/skia    (  566): AGTM parsing failed flags.readFromStream(s) at 159
04-26 15:50:49.020 W/skia    (  566): AGTM parsing failed flags.readFromStream(s) at 159
04-26 15:50:49.023 I/ImeTracker(  736): system_server:128b0025: onRequestHide at ORIGIN_SERVER reason IME_REQUESTED_CHANGED_LISTENER fromUser false displayId 0
04-26 15:50:49.024 I/ImeTracker(  736): system_server:128b0025: onCancelled at PHASE_SERVER_SHOULD_HIDE
04-26 15:50:49.037 W/skia    (  566): AGTM parsing failed flags.readFromStream(s) at 159
04-26 15:50:49.037 W/skia    (  566): AGTM parsing failed flags.readFromStream(s) at 159
04-26 15:50:49.037 W/skia    (  566): AGTM parsing failed flags.readFromStream(s) at 159
04-26 15:50:49.037 W/skia    (  566): AGTM parsing failed flags.readFromStream(s) at 159
04-26 15:50:49.053 W/skia    (  566): AGTM parsing failed flags.readFromStream(s) at 159
04-26 15:50:49.053 W/skia    (  566): AGTM parsing failed flags.readFromStream(s) at 159
04-26 15:50:49.053 W/skia    (  566): AGTM parsing failed flags.readFromStream(s) at 159
04-26 15:50:49.053 W/skia    (  566): AGTM parsing failed flags.readFromStream(s) at 159
04-26 15:50:49.069 W/skia    (  566): AGTM parsing failed flags.readFromStream(s) at 159
04-26 15:50:49.069 W/skia    (  566): AGTM parsing failed flags.readFromStream(s) at 159
04-26 15:50:49.069 W/skia    (  566): AGTM parsing failed flags.readFromStream(s) at 159
04-26 15:50:49.069 W/skia    (  566): AGTM parsing failed flags.readFromStream(s) at 159
04-26 15:50:49.086 V/WindowManagerShell( 1036): Transition animation finished (aborted=false), notifying core (#34) android.os.BinderProxy@4159635@0
04-26 15:50:49.086 W/skia    (  566): AGTM parsing failed flags.readFromStream(s) at 159
04-26 15:50:49.087 W/skia    (  566): AGTM parsing failed flags.readFromStream(s) at 159
04-26 15:50:49.087 W/skia    (  566): AGTM parsing failed flags.readFromStream(s) at 159
04-26 15:50:49.087 W/skia    (  566): AGTM parsing failed flags.readFromStream(s) at 159
04-26 15:50:49.089 V/WindowManager(  736): Finish Transition (#34): created at 04-26 15:50:48.377 collect-started=0.045ms request-sent=13.712ms started=19.323ms ready=30.465ms sent=229.219ms commit=14.424ms finished=711.503ms
04-26 15:50:49.091 D/VRI[PreloadActivity]( 6376): visibilityChanged oldVisibility=true newVisibility=false
04-26 15:50:49.092 V/WindowManagerShell( 1036): Track 0 became idle
04-26 15:50:49.092 V/WindowManagerShell( 1036): All active transition animations finished
04-26 15:50:49.108 D/WindowOnBackDispatcher( 6376): setTopOnBackInvokedCallback (unwrapped): null
04-26 15:50:49.109 D/CoreBackPreview(  736): Window{168f16e u0 com.muonline.client/com.muonline.client.PreloadActivity}: Setting back callback null
04-26 15:50:49.110 D/ViewRootImpl( 6376): Skipping stats log for color mode
04-26 15:50:50.875 E/TaskPersister(  736): File error accessing recents directory (directory doesn't exist?).
04-26 15:50:51.096 I/HalDevMgr(  736): bestIfaceCreationProposal is null, requestIface=STA, existingIface=[name=wlan0 type=STA]
04-26 15:50:51.355 I/wpa_supplicant( 1016): wlan0: CTRL-EVENT-BEACON-LOSS 
04-26 15:50:52.194 D/BoundBrokerSvc( 1366): onRebind: Intent { act=com.google.android.gms.libs.gmscorelogger.service.START dat=chimera-action:/... xflg=0x4 cmp=com.google.android.gms/.chimera.PersistentDirectBootAwareApiService }
04-26 15:50:53.571 I/system_server(  736): Background young concurrent mark compact GC freed 22MB AllocSpace bytes, 23(1216KB) LOS objects, 40% free, 35MB/59MB, paused 2.014ms,32.176ms total 60.800ms
04-26 15:50:53.585 I/artd    ( 2780): GetBestInfo: odex next to the dex file (/data/app/~~PqdBwR9WSFUNw4iaJMgoGg==/com.google.android.gms-95Dc1VeYXyONiCBDqz_lkA==/oat/x86_64/base.odex) is kOatUpToDate with filter 'speed-profile' executable 'false'
04-26 15:50:53.586 I/artd    ( 2780): GetBestInfo: dm (/data/app/~~PqdBwR9WSFUNw4iaJMgoGg==/com.google.android.gms-95Dc1VeYXyONiCBDqz_lkA==/split_AdsDynamite_installtime.dm) is kOatUpToDate with filter 'verify' executable 'false'
04-26 15:50:53.588 I/artd    ( 2780): GetBestInfo: dm (/data/app/~~PqdBwR9WSFUNw4iaJMgoGg==/com.google.android.gms-95Dc1VeYXyONiCBDqz_lkA==/split_CronetDynamite_installtime.dm) is kOatUpToDate with filter 'verify' executable 'false'
04-26 15:50:53.589 I/artd    ( 2780): GetBestInfo: dm (/data/app/~~PqdBwR9WSFUNw4iaJMgoGg==/com.google.android.gms-95Dc1VeYXyONiCBDqz_lkA==/split_DynamiteLoader_installtime.dm) is kOatUpToDate with filter 'verify' executable 'false'
04-26 15:50:53.591 I/artd    ( 2780): GetBestInfo: dm (/data/app/~~PqdBwR9WSFUNw4iaJMgoGg==/com.google.android.gms-95Dc1VeYXyONiCBDqz_lkA==/split_DynamiteModulesA_installtime.dm) is kOatUpToDate with filter 'verify' executable 'false'
04-26 15:50:53.593 I/artd    ( 2780): GetBestInfo: dm (/data/app/~~PqdBwR9WSFUNw4iaJMgoGg==/com.google.android.gms-95Dc1VeYXyONiCBDqz_lkA==/split_DynamiteModulesC_installtime.dm) is kOatUpToDate with filter 'verify' executable 'false'
04-26 15:50:53.594 I/artd    ( 2780): GetBestInfo: dm (/data/app/~~PqdBwR9WSFUNw4iaJMgoGg==/com.google.android.gms-95Dc1VeYXyONiCBDqz_lkA==/split_GoogleCertificates_installtime.dm) is kOatUpToDate with filter 'verify' executable 'false'
04-26 15:50:53.596 I/artd    ( 2780): GetBestInfo: dm (/data/app/~~PqdBwR9WSFUNw4iaJMgoGg==/com.google.android.gms-95Dc1VeYXyONiCBDqz_lkA==/split_MapsDynamite_installtime.dm) is kOatUpToDate with filter 'verify' executable 'false'
04-26 15:50:53.597 I/artd    ( 2780): GetBestInfo: dm (/data/app/~~PqdBwR9WSFUNw4iaJMgoGg==/com.google.android.gms-95Dc1VeYXyONiCBDqz_lkA==/split_MeasurementDynamite_installtime.dm) is kOatUpToDate with filter 'verify' executable 'false'
04-26 15:50:53.599 I/artd    ( 2780): GetBestInfo: dm (/data/app/~~PqdBwR9WSFUNw4iaJMgoGg==/com.google.android.gms-95Dc1VeYXyONiCBDqz_lkA==/split_all_locale_splits.dm) is kOatUpToDate with filter 'verify' executable 'false'
04-26 15:50:53.601 I/artd    ( 2780): GetBestInfo: /data/user_de/0/com.google.android.gms/app_chimera/m/0000000a/dl-TfliteDynamiteDynamite.integ_252130102100800.apk has no usable artifacts
04-26 15:50:53.601 I/artd    ( 2780): GetBestInfo: /data/user_de/0/com.google.android.gms/app_chimera/m/00000001/CronetDynamite.apk has no usable artifacts
04-26 15:50:53.603 I/artd    ( 2780): GetBestInfo: /data/user_de/0/com.google.android.gms/app_chimera/m/00000016/dl-MlkitOcrCommon.optional_261332100800.apk has no usable artifacts
04-26 15:50:53.603 I/artd    ( 2780): GetBestInfo: /data/user_de/0/com.google.android.gms/app_chimera/m/00000002/DynamiteLoader.apk has no usable artifacts
04-26 15:50:53.605 I/artd    ( 2780): GetBestInfo: /data/user_de/0/com.google.android.gms/app_chimera/m/0000000e/dl-MlkitBarcodeUi.optional_260235100800.apk has no usable artifacts
04-26 15:50:53.606 I/artd    ( 2780): GetBestInfo: /data/user_de/0/com.google.android.gms/app_chimera/m/00000013/dl-Appsearch.optional_261332100800.apk has no usable artifacts
04-26 15:50:53.607 I/artd    ( 2780): GetBestInfo: /data/user_de/0/com.google.android.gms/app_chimera/m/00000005/GoogleCertificates.apk has no usable artifacts
04-26 15:50:53.608 I/artd    ( 2780): GetBestInfo: /data/user_de/0/com.google.android.gms/app_chimera/m/00000012/dl-PlayCloudSearch.optional_261332100000.apk has no usable artifacts
04-26 15:50:53.610 I/artd    ( 2780): GetBestInfo: vdex next to the dex file (/data/user/0/com.google.android.gms/app_dg_cache/B3ED91DEC21F0EB5284BE10D982ABEAAC45F5C48/oat/x86_64/the.vdex) is kOatUpToDate with filter 'verify' executable 'false'
04-26 15:50:53.612 I/artd    ( 2780): GetBestInfo: /data/user_de/0/com.google.android.gms/app_chimera/m/0000000f/dl-PlayCloudSearch.optional_260235100000.apk has no usable artifacts
04-26 15:50:53.613 I/artd    ( 2780): GetBestInfo: /data/user_de/0/com.google.android.gms/app_chimera/m/00000008/dl-VisionOcr.optional_260235100000.apk has no usable artifacts
04-26 15:50:53.615 I/artd    ( 2780): GetBestInfo: /data/user_de/0/com.google.android.gms/app_chimera/m/0000000b/dl-Appsearch.optional_260235100800.apk has no usable artifacts
04-26 15:50:53.616 I/artd    ( 2780): GetBestInfo: /data/user_de/0/com.google.android.gms/app_chimera/m/00000011/dl-VisionOcr.optional_261332100000.apk has no usable artifacts
04-26 15:50:53.618 I/artd    ( 2780): GetBestInfo: /data/user_de/0/com.google.android.gms/app_chimera/m/00000015/dl-MlkitBarcodeUi.optional_261332100800.apk has no usable artifacts
04-26 15:50:53.620 I/artd    ( 2780): GetBestInfo: /data/user_de/0/com.google.android.gms/app_chimera/m/00000009/dl-MlkitOcrCommon.optional_260235100800.apk has no usable artifacts
04-26 15:50:53.622 I/artd    ( 2780): GetBestInfo: vdex next to the dex file (/data/user/0/com.google.android.gms/app_dg_cache/CE973E4DE823F0AA69070767A9FABB590DDD455C/oat/x86_64/the.vdex) is kOatUpToDate with filter 'verify' executable 'false'
04-26 15:50:53.622 I/artd    ( 2780): GetBestInfo: /data/user_de/0/com.google.android.gms/app_chimera/m/00000007/MeasurementDynamite.apk has no usable artifacts
04-26 15:50:54.103 I/HalDevMgr(  736): bestIfaceCreationProposal is null, requestIface=STA, existingIface=[name=wlan0 type=STA]
04-26 15:50:54.106 D/IpClient/wlan0( 1160): interfaceLinkStateChanged: ifindex 16 up
04-26 15:50:54.111 D/IpClient/wlan0( 1160): interfaceLinkStateChanged: ifindex 16 up
04-26 15:50:55.486 W/ActivityManager(  736): stopServiceToken startId 15 is last, but have 1 remaining args
