--------- beginning of main
04-26 22:01:57.314  4164 22390 I Finsky  : [488] SCH: Received scheduling request: Id: 12-1, Constraints: [{ L: 15000, D: 86400000, C: CHARGING_NONE, I: IDLE_NONE, N: NET_ANY, B: BATTERY_ANY }]
04-26 22:01:57.325  4276 22391 I Finsky:background: [235] Wrote row to frosting DB: 3230
04-26 22:01:57.335  4276 22391 I Finsky:background: [235] Wrote row to frosting DB: 3231
04-26 22:01:57.345 19563 19567 W ng:quick_launch: Reducing the number of considered missed Gc histogram windows from 497 to 100
--------- beginning of system
04-26 22:01:57.347   736  1620 W AppOpService: Ignored setUidMode call for runtime permission app op: uid = 1001, code = READ_CELL_BROADCASTS, mode = allow, callingUid = 1001, oldMode = allow
04-26 22:01:57.350   736   748 I system_server: Background concurrent mark compact GC freed 18MB AllocSpace bytes, 112(3696KB) LOS objects, 38% free, 38MB/62MB, paused 23.023ms,67.729ms total 412.041ms
04-26 22:01:57.354  4276  4276 I Finsky:background: [2] ajje - Received: android.intent.action.PACKAGE_ADDED, [n076RJLEETmEZ61FBJHrGFwh-0szukPG_iaeB-mhrwQ]
04-26 22:01:57.357   736  1145 W ProcessStats: Tracking association SourceState{74546a4 system/1000 ImpFg #7570} whose proc state 5 is better than process ProcessState{d2677e5 com.google.android.permissioncontroller/10211 pkg=com.google.android.permissioncontroller} proc state 14 (2 skipped)
04-26 22:01:57.362  4164  4164 I Finsky  : [2] ajjp - Received: android.intent.action.PACKAGE_ADDED, [n076RJLEETmEZ61FBJHrGFwh-0szukPG_iaeB-mhrwQ]
04-26 22:01:57.363   736   749 I libbinder.BpBinder: onLastStrongRef automatically unlinking death recipients for binder (0x733fbcaf80a0) with descriptor: '(not cached)'
04-26 22:01:57.367   736   749 I libbinder.BpBinder: onLastStrongRef automatically unlinking death recipients for binder (0x733fbcae1700) with descriptor: '(not cached)'
04-26 22:01:57.370   736   749 I libbinder.BpBinder: onLastStrongRef automatically unlinking death recipients for binder (0x733fbca26f40) with descriptor: '(not cached)'
04-26 22:01:57.381   736  5314 I Role    : com.google.android.gms not qualified for android.app.role.SYSTEM_DEPENDENCY_INSTALLER due to missing RequiredComponent{mFlags='0', mIntentFilterData=IntentFilterData{mAction='android.content.pm.action.INSTALL_DEPENDENCY', mCategories='[]', mDataScheme='null', mDataType='null'}, mMetaData=[], mPermission='android.permission.BIND_DEPENDENCY_INSTALLER', mQueryFlags=0} Requirement{mFeatureFlag=null, mMinTargetSdkVersion=1}
04-26 22:01:57.385   736  5314 E RoleControllerServiceImpl: Default/fallback role holder package doesn't qualify for the role, package: com.google.android.gms, role: android.app.role.SYSTEM_DEPENDENCY_INSTALLER, user: 0
04-26 22:01:57.397  1203  1203 E SmsApplication: com.google.android.apps.messaging lost android:read_cell_broadcasts:  (fixing)
04-26 22:01:57.398  4164  4164 I Finsky  : [2] DTU: Received onPackageAdded, replacing: true
04-26 22:01:57.399  4164 22390 I Finsky  : [488] SCH: Received scheduling request: Id: 12-1, Constraints: [{ L: 15000, D: 86400000, C: CHARGING_NONE, I: IDLE_NONE, N: NET_ANY, B: BATTERY_ANY }]
04-26 22:01:57.402   736   835 W AppOpService: Ignored setUidMode call for runtime permission app op: uid = 10155, code = READ_CELL_BROADCASTS, mode = allow, callingUid = 1001, oldMode = allow
04-26 22:01:57.408  1231  1239 W id.ext.services: Reducing the number of considered missed Gc histogram windows from 527 to 100
04-26 22:01:57.415  4276 22391 I Finsky:background: [235] Wrote row to frosting DB: 3232
04-26 22:01:57.421  4276  4284 W ding:background: Reducing the number of considered missed Gc histogram windows from 497 to 100
04-26 22:01:57.423  4276  4311 I Finsky:background: [52] IQ:PSL: skipping onPackageRemoved(replacing=true) for untracked package=com.muonline.client
04-26 22:01:57.424   736  1620 W AppOpService: Ignored setUidMode call for runtime permission app op: uid = 1001, code = READ_SMS, mode = allow, callingUid = 1001, oldMode = allow
04-26 22:01:57.427   736   750 W System  : A resource failed to call close. 
04-26 22:01:57.427   736   750 W System  : A resource failed to call close. 
04-26 22:01:57.430   736  1410 W AppOpService: Ignored setUidMode call for runtime permission app op: uid = 1001, code = RECEIVE_SMS, mode = allow, callingUid = 1001, oldMode = allow
04-26 22:01:57.435  4164  4164 I Finsky  : [2] ajjp - Received: android.intent.action.PACKAGE_ADDED, [n076RJLEETmEZ61FBJHrGFwh-0szukPG_iaeB-mhrwQ]
04-26 22:01:57.435   736  2215 W AppOpService: Ignored setUidMode call for runtime permission app op: uid = 1001, code = RECEIVE_WAP_PUSH, mode = allow, callingUid = 1001, oldMode = allow
04-26 22:01:57.440   736  1410 W ActivityTaskManager: callingPackage for (uid=2000, pid=22400) has no WPC
04-26 22:01:57.440  1619  1619 I MediaProvider: Invalidating LocalCallingIdentity cache for package com.muonline.client. Reason: package android.intent.action.PACKAGE_REMOVED
04-26 22:01:57.440  1619  1619 W MediaProvider: WorkProfileOwnerApps cache is empty
04-26 22:01:57.441  4276  4276 I Finsky:background: [2] ajje - Received: android.intent.action.PACKAGE_ADDED, [n076RJLEETmEZ61FBJHrGFwh-0szukPG_iaeB-mhrwQ]
04-26 22:01:57.442   736  1410 V GrammaticalInflectionUtils: AttributionSource: android.content.AttributionSource@d322a4fb does not have READ_SYSTEM_GRAMMATICAL_GENDER permission.
04-26 22:01:57.444   736  1620 W AppOpService: Ignored setUidMode call for runtime permission app op: uid = 1001, code = SEND_SMS, mode = allow, callingUid = 1001, oldMode = allow
04-26 22:01:57.447   736  1959 W AppOpService: Ignored setUidMode call for runtime permission app op: uid = 1001, code = READ_CELL_BROADCASTS, mode = allow, callingUid = 1001, oldMode = allow
04-26 22:01:57.447   566   599 I libbinder.BpBinder: onLastStrongRef automatically unlinking death recipients for binder (0x7eaa36062da0) with descriptor: '(not cached)'
04-26 22:01:57.449  1219  1219 D RecentsView: onTaskDisplayChanged: 118, new displayId = 0
04-26 22:01:57.451   736  1410 V ActivityTaskManager: TaskLaunchParamsModifier: phase=3 task=Task{fbb0b6f #118 type=standard A=10230:com.muonline.client} activity=ActivityRecord{104457545 u0 com.muonline.client/.PreloadActivity t-1} display-from-task=0 display-id=0 task-display-area-windowing-mode=1 suggested-display-area=DefaultTaskDisplayArea@125646128 inherit-from-task=fullscreen non-freeform-task-display-area display-area=DefaultTaskDisplayArea@125646128 skip-bounds-fullscreen
04-26 22:01:57.451   736  1410 I ActivityTaskManager: START u0 {flg=0x10000000 xflg=0x5 cmp=com.muonline.client/.PreloadActivity} with LAUNCH_SINGLE_TASK from uid 2000 (com.android.shell) (BAL_ALLOW_PERMISSION) result code=0
04-26 22:01:57.451  1219  1219 D BaseActivity: Launcher flags updated: [state_started|state_resumed|state_deferred_resumed|state_window_focused|state_user_active] -[]
04-26 22:01:57.451  1036  1091 V WindowManagerShell: Transition requested (#149): android.os.BinderProxy@d920ffc TransitionRequestInfo { type = OPEN, triggerTask = TaskInfo{userId=0 taskId=118 effectiveUid=10230 displayId=0 isRunning=true baseIntent=Intent { flg=0x10000000 cmp=com.muonline.client/.PreloadActivity } baseActivity=ComponentInfo{com.muonline.client/com.muonline.client.PreloadActivity} topActivity=ComponentInfo{com.muonline.client/com.muonline.client.PreloadActivity} origActivity=null realActivity=ComponentInfo{com.muonline.client/com.muonline.client.PreloadActivity} realActivityIsAppLockEnabled=false numActivities=1 lastActiveTime=23492047 supportsMultiWindow=true supportsMultiWindowWithoutConstraints=true resizeMode=1 isResizeable=true minWidth=-1 minHeight=-1 defaultMinSize=220 token=WCT{android.os.BinderProxy@f7c685} topActivityType=1 pictureInPictureParams=null shouldDockBigOverlays=false launchIntoPipHostTaskId=-1 lastParentTaskIdBeforePip=-1 displayCutoutSafeInsets=Rect(0, 132 - 0, 0) topActivityInfo=ActivityInfo{7da3cda com.muonline.client.PreloadActivity} launchCookies=[] positionInParent=Point(0, 0) parentTaskId=-1 isFocused=false isInteractive=false isVisible=false isVisibleRequested=false isTopActivityNoDisplay=false isSleeping=false locusId=null displayAreaFeatureId=1 isTopActivityTransparent=false isActivityStackTransparent=false lastNonFullscreenBounds=null leafTaskBoundsFromOptions= false capturedLink=null capturedLinkTimestamp=0 requestedVisibleTypes=503 topActivityRequestOpenInBrowserEducationTimestamp=0 appCompatTaskInfo=AppCompatTaskInfo { topActivityInSizeCompat=false isLeafTask= true eligibleForLetterboxEducation= false isLetterboxEducationEnabled= true isLetterboxDoubleTapEnabled= false eligibleForUserAspectRatioButton= false topActivityBoundsLetterboxed= false isFromLetterboxDoubleTap= false topActivityLetterboxVerticalPosition= -1 topActivityLetterboxHorizontalPosition= -1 topActivityLetterboxWidth=-1 topActivityLetterboxHeight=-1 topActivityAppBounds=Rect(0, 132 - 1080, 2337) isUserFullscreenOverrideEnabled=false isSystemFullscreenOverrideEnabled=false hasMinAspectRatioOverride=false topActivityLetterboxBounds=null topNonResizableActivityAspectRatio=-1.0} topActivityMainWindowFrame=null isAppBubble=false}, pipChange = null, remoteTransitionInfo = null, displayChange = null, requestedLocation = null, userChange = null, windowingLayerChange = null, fullscreenRequestChange = null, flags = 0, debugId = 149 }
04-26 22:01:57.451  1036  1091 W DisconnectHandler: No disconnect change found in the transition, not handling request.
04-26 22:01:57.452  1619  1619 D PickerSyncLockManager: Trying to acquire lock com.android.providers.media.photopicker.sync.CloseableReentrantLock@13ff476[Unlocked]. Lock Name = CLOUD_PROVIDER_LOCK. Threads that may be waiting to acquire this lock = []
04-26 22:01:57.452  1036  1091 V ShellDesktopMode: DesktopTasksController: skipping handleRequest reason=triggerTask's display doesn't support desktop mode
04-26 22:01:57.452  1619  1619 D CloseableReentrantLock: Successfully acquired lock com.android.providers.media.photopicker.sync.CloseableReentrantLock@13ff476[Locked by thread main]. Lock Name = CLOUD_PROVIDER_LOCK. Threads that may be waiting to acquire this lock = []
04-26 22:01:57.452  1619  1619 D CloseableReentrantLock: Successfully released lock com.android.providers.media.photopicker.sync.CloseableReentrantLock@13ff476[Unlocked]. Lock Name = CLOUD_PROVIDER_LOCK. Threads that may be waiting to acquire this lock = []
04-26 22:01:57.452  1036  1091 D ShellSplitScreen: logExit: no-op, mLoggerSessionId is null
04-26 22:01:57.453   736   762 V GrammaticalInflectionUtils: AttributionSource: android.content.AttributionSource@d322a4fb does not have READ_SYSTEM_GRAMMATICAL_GENDER permission.
04-26 22:01:57.453  1219  1219 D BaseActivity: Launcher flags updated: [state_started|state_resumed|state_deferred_resumed|state_window_focused] -[state_user_active]
04-26 22:01:57.453  1219  1219 D BaseActivity: Launcher flags updated: [state_started|state_window_focused] -[state_resumed|state_deferred_resumed]
04-26 22:01:57.454  1219  1219 W SplitSelectStateCtor: Missing session instanceIds
04-26 22:01:57.454  1219  1219 D StatsLog: LAUNCHER_SPLIT_SELECTION_EXIT_INTERRUPTED
04-26 22:01:57.462   736  2215 V WindowManager: Defer transition id=149 for TaskFragmentTransaction=android.os.Binder@5049926
04-26 22:01:57.473   736  2215 V WindowManager: Continue transition id=149 for TaskFragmentTransaction=android.os.Binder@5049926
04-26 22:01:57.474  1036  1091 D WindowManagerShell: setLauncherKeepClearAreaHeight: visible=false, height=495
04-26 22:01:57.475   499   499 D Zygote  : Forked child process 22404
04-26 22:01:57.475  1036  1091 V RecentTasksController: Notify recent tasks changed
04-26 22:01:57.475  4276  4276 I Finsky:background: [2] ajje - Deduping intent android.intent.action.PACKAGE_ADDED
04-26 22:01:57.477  1219  1219 D RecentTasksList: invalidateLoadedTasks - previous requestLoadId: -1
04-26 22:01:57.481   736   769 I ActivityManager: Start proc 22404:com.muonline.client/u0a230 for next-top-activity {com.muonline.client/com.muonline.client.PreloadActivity}
04-26 22:01:57.496  1219  1219 D BaseActivity: Launcher flags updated: [state_started] -[state_window_focused]
04-26 22:01:57.500  4276  4276 I Finsky:background: [2] ajje - Received: android.intent.action.PACKAGE_ADDED, [n076RJLEETmEZ61FBJHrGFwh-0szukPG_iaeB-mhrwQ]
04-26 22:01:57.505  1203  1423 D ImsResolver: maybeAddedImsService, packageName: com.muonline.client
04-26 22:01:57.505  1203  1423 V ImsResolver: searchForImsServices: package=com.muonline.client, users=[UserHandle{0}]
04-26 22:01:57.510   736   753 W InputChannel-JNI: Channel already disposed.
04-26 22:01:57.510 22404 22404 I Zygote  : Process 22404 created for com.muonline.client
04-26 22:01:57.511 22404 22404 I muonline.client: Using generational CollectorTypeCMC GC.
04-26 22:01:57.513 22404 22404 W muonline.client: Unexpected CPU variant for x86: x86_64.
04-26 22:01:57.513 22404 22404 W muonline.client: Known variants: atom, sandybridge, silvermont, goldmont, goldmont-plus, goldmont-without-sha-xsaves, tremont, kabylake, alderlake, lunarlake, default
04-26 22:01:57.518  4164  4164 I Finsky  : [2] ajjp - Deduping intent android.intent.action.PACKAGE_ADDED
04-26 22:01:57.519  1203  1423 V ImsResolver: searchForImsServices: package=com.muonline.client, users=[UserHandle{0}]
04-26 22:01:57.522  1036  1132 D WindowOnBackDispatcher: setTopOnBackInvokedCallback (unwrapped): android.view.ViewRootImpl$$ExternalSyntheticLambda13@48fdfde
04-26 22:01:57.523 22404 22404 D nativeloader: Load libframework-connectivity-tiramisu-jni.so using APEX ns com_android_tethering for caller /apex/com.android.tethering/javalib/framework-connectivity-t.jar: ok
04-26 22:01:57.526  1203  1203 W VvmPkgInstalledRcvr: carrierVvmPkgAdded: carrier vvm packages doesn't contain com.muonline.client
04-26 22:01:57.529   736  2215 D WindowManager: setClientSurface Surface(name=VRI-Splash Screen com.muonline.client#1659)/@0xf5f581a for b7a4ad1 Splash Screen com.muonline.client
04-26 22:01:57.537   736   753 D ActivityManager: sync unfroze 14925 com.google.android.gms for 6
04-26 22:01:57.540   736  1095 D CoreBackPreview: Window{b7a4ad1 u0 Splash Screen com.muonline.client}: Setting back callback OnBackInvokedCallbackInfo{mCallback=android.window.IOnBackInvokedCallback$Stub$Proxy@16add28, mPriority=0, mIsAnimationCallback=false, mOverrideBehavior=0}
04-26 22:01:57.541 14925 14925 D ActivityThread: Package [com.muonline.client] reported as REPLACED, but missing application info. Assuming REMOVED.
04-26 22:01:57.542 14925 14925 D ActivityThread: Package [com.muonline.client] reported as REPLACED, but missing application info. Assuming REMOVED.
04-26 22:01:57.547  4276  4276 I Finsky:background: [2] ajje - Deduping intent android.intent.action.PACKAGE_ADDED
04-26 22:01:57.547  4164  4164 I Finsky  : [2] ajjp - Received: android.intent.action.PACKAGE_ADDED, [n076RJLEETmEZ61FBJHrGFwh-0szukPG_iaeB-mhrwQ]
04-26 22:01:57.556  4276  4325 I Finsky:background: [64] RECEIVER_PACKAGE_MONITOR_BACKGROUND#logWorkEndAndFinishGoAsync: SUCCESS
04-26 22:01:57.567  1203  1203 D SatelliteController: packageStateChanged: package:com.muonline.client defaultSmsPackageName: com.google.android.apps.messaging satelliteGatewayServicePackageName: 
04-26 22:01:57.570  4276 22391 I Finsky:background: [235] Wrote row to frosting DB: 3233
04-26 22:01:57.570  1036  1132 I Surface : Creating surface for consumer unnamed-1036-34 with slotExpansion=1 for 64 slots
04-26 22:01:57.574  1036  1132 I Surface : Creating surface for consumer VRI[client]#34(BLAST Consumer)34 with slotExpansion=1 for 64 slots
04-26 22:01:57.581  1203  1203 D CarrierSvcBindHelper: onHandleForceStop: [com.muonline.client]
04-26 22:01:57.581  1203  1203 D CarrierSvcBindHelper: No carrier app for: 0
04-26 22:01:57.584  1036  1091 V RecentTasksController: Notify recent tasks changed
04-26 22:01:57.590  1036  1091 V RecentTasksController: generateList(getRecentTasks)
04-26 22:01:57.591  1036  1091 V RecentTasksController: initializeDesksMap - allDeskIds: []
04-26 22:01:57.592  1036  1091 V RecentTasksController: Task 118 is not an active desktop task
04-26 22:01:57.592  1036  1091 V RecentTasksController: Added fullscreen task: 118
04-26 22:01:57.592  1036  1091 V RecentTasksController: generateList - complete
04-26 22:01:57.594 22404 22404 D CompatChangeReporter: Compat change id reported: 242716250; UID 10230; state: ENABLED
04-26 22:01:57.626 22404 22404 D nativeloader: Configuring clns-9 for other apk /data/app/~~LRxT7GIBriS6fG-Wy9gtPA==/com.muonline.client-7qzbrCTPwndQ3BjKDSf3PA==/base.apk. target_sdk_version=34, uses_libraries=, library_path=/data/app/~~LRxT7GIBriS6fG-Wy9gtPA==/com.muonline.client-7qzbrCTPwndQ3BjKDSf3PA==/lib/x86_64:/data/app/~~LRxT7GIBriS6fG-Wy9gtPA==/com.muonline.client-7qzbrCTPwndQ3BjKDSf3PA==/base.apk!/lib/x86_64, permitted_path=/data:/mnt/expand:/data/user/0/com.muonline.client
04-26 22:01:57.641   736   886 V AccessibilityUserState: updateShortcutTargets: type:accessibility_shortcut_target_service, current:{}, new:{}
04-26 22:01:57.641   736   886 V AccessibilityUserState: updateShortcutTargets: type:accessibility_qs_targets, current:{}, new:{}
04-26 22:01:57.641   736   886 V AccessibilityUserState: updateShortcutTargets: type:accessibility_button_targets, current:{}, new:{}
04-26 22:01:57.641   736   886 V AccessibilityUserState: updateShortcutTargets: type:accessibility_gesture_targets, current:{}, new:{}
04-26 22:01:57.641   736   886 V AccessibilityUserState: updateShortcutTargets: type:accessibility_key_gesture_targets, current:{}, new:{}
04-26 22:01:57.641   736   886 V AccessibilityUserState: updateShortcutTargets: type:accessibility_top_row_key_targets, current:{}, new:{}
04-26 22:01:57.641   736   886 V AccessibilityUserState: updateShortcutTargets: type:accessibility_quick_access_targets, current:{}, new:{}
04-26 22:01:57.641   736   886 V AccessibilityManagerService: onUserStateChangedLocked for userId: 0, forceUpdate: false
04-26 22:01:57.641   736   886 V AccessibilityUserState: updateShortcutTargets: type:accessibility_shortcut_target_service, current:{}, new:{}
04-26 22:01:57.641   736   886 V AccessibilityUserState: updateShortcutTargets: type:accessibility_button_targets, current:{}, new:{}
04-26 22:01:57.641   736   886 V AccessibilityUserState: updateShortcutTargets: type:accessibility_gesture_targets, current:{}, new:{}
04-26 22:01:57.642   736   886 V AccessibilityUserState: updateShortcutTargets: type:accessibility_qs_targets, current:{}, new:{}
04-26 22:01:57.642   736   886 V AccessibilityUserState: updateShortcutTargets: type:accessibility_key_gesture_targets, current:{}, new:{}
04-26 22:01:57.642   736   886 V AccessibilityUserState: updateShortcutTargets: type:accessibility_top_row_key_targets, current:{}, new:{}
04-26 22:01:57.642   736   886 V AccessibilityUserState: updateShortcutTargets: type:accessibility_quick_access_targets, current:{}, new:{}
04-26 22:01:57.642   736   886 W MagnificationConnectionManager: requestConnection duplicated request: connect=false, mConnectionState=DISCONNECTED
04-26 22:01:57.642   736   886 V AccessibilityUserState: updateShortcutTargets: type:accessibility_button_targets, current:{}, new:{}
04-26 22:01:57.642   736   886 V AccessibilityUserState: updateShortcutTargets: type:accessibility_qs_targets, current:{}, new:{}
04-26 22:01:57.645 22404 22404 V GraphicsEnvironment: Currently set values for:
04-26 22:01:57.645 22404 22404 V GraphicsEnvironment:   angle_gl_driver_selection_pkgs=[]
04-26 22:01:57.645 22404 22404 V GraphicsEnvironment:   angle_gl_driver_selection_values=[]
04-26 22:01:57.645 22404 22404 V GraphicsEnvironment: com.muonline.client is not listed in per-application setting
04-26 22:01:57.645 22404 22404 V GraphicsEnvironment: No special selections for ANGLE, returning default driver choice
04-26 22:01:57.646   736   886 V AccessibilityUserState: updateShortcutTargets: type:accessibility_shortcut_target_service, current:{}, new:{}
04-26 22:01:57.646   736   886 V AccessibilityUserState: updateShortcutTargets: type:accessibility_qs_targets, current:{}, new:{}
04-26 22:01:57.646   736   886 V AccessibilityUserState: updateShortcutTargets: type:accessibility_button_targets, current:{}, new:{}
04-26 22:01:57.646   736   886 V AccessibilityUserState: updateShortcutTargets: type:accessibility_gesture_targets, current:{}, new:{}
04-26 22:01:57.646   736   886 V AccessibilityUserState: updateShortcutTargets: type:accessibility_key_gesture_targets, current:{}, new:{}
04-26 22:01:57.646   736   886 V AccessibilityUserState: updateShortcutTargets: type:accessibility_top_row_key_targets, current:{}, new:{}
04-26 22:01:57.646   736   886 V AccessibilityUserState: updateShortcutTargets: type:accessibility_quick_access_targets, current:{}, new:{}
04-26 22:01:57.646   736   886 V AccessibilityManagerService: onUserStateChangedLocked for userId: 0, forceUpdate: false
04-26 22:01:57.647   736   886 V AccessibilityUserState: updateShortcutTargets: type:accessibility_shortcut_target_service, current:{}, new:{}
04-26 22:01:57.647   736   886 V AccessibilityUserState: updateShortcutTargets: type:accessibility_button_targets, current:{}, new:{}
04-26 22:01:57.647   736   886 V AccessibilityUserState: updateShortcutTargets: type:accessibility_gesture_targets, current:{}, new:{}
04-26 22:01:57.647 22404 22404 V GraphicsEnvironment: Neither updatable production driver nor prerelease driver is supported.
04-26 22:01:57.647   736   886 V AccessibilityUserState: updateShortcutTargets: type:accessibility_qs_targets, current:{}, new:{}
04-26 22:01:57.647   736   886 V AccessibilityUserState: updateShortcutTargets: type:accessibility_key_gesture_targets, current:{}, new:{}
04-26 22:01:57.647   736   886 V AccessibilityUserState: updateShortcutTargets: type:accessibility_top_row_key_targets, current:{}, new:{}
04-26 22:01:57.647   736   886 V AccessibilityUserState: updateShortcutTargets: type:accessibility_quick_access_targets, current:{}, new:{}
04-26 22:01:57.648   736   886 W MagnificationConnectionManager: requestConnection duplicated request: connect=false, mConnectionState=DISCONNECTED
04-26 22:01:57.652   736   736 V AccessibilityManagerService: onUserStateChangedLocked for userId: 0, forceUpdate: false
04-26 22:01:57.652   736   736 V AccessibilityUserState: updateShortcutTargets: type:accessibility_shortcut_target_service, current:{}, new:{}
04-26 22:01:57.652   736   736 V AccessibilityUserState: updateShortcutTargets: type:accessibility_button_targets, current:{}, new:{}
04-26 22:01:57.652   736   736 V AccessibilityUserState: updateShortcutTargets: type:accessibility_gesture_targets, current:{}, new:{}
04-26 22:01:57.652   736   736 V AccessibilityUserState: updateShortcutTargets: type:accessibility_qs_targets, current:{}, new:{}
04-26 22:01:57.652   736   736 V AccessibilityUserState: updateShortcutTargets: type:accessibility_key_gesture_targets, current:{}, new:{}
04-26 22:01:57.652   736   736 V AccessibilityUserState: updateShortcutTargets: type:accessibility_top_row_key_targets, current:{}, new:{}
04-26 22:01:57.652   736   736 V AccessibilityUserState: updateShortcutTargets: type:accessibility_quick_access_targets, current:{}, new:{}
04-26 22:01:57.653   736   736 W MagnificationConnectionManager: requestConnection duplicated request: connect=false, mConnectionState=DISCONNECTED
04-26 22:01:57.661  4276 22391 I Finsky:background: [235] Wrote row to frosting DB: 3234
04-26 22:01:57.669  4164  4164 I Finsky  : [2] ajjp - Deduping intent android.intent.action.PACKAGE_ADDED
04-26 22:01:57.673   736   736 W libbinder.IPCThreadState: Sending oneway calls to frozen process.
04-26 22:01:57.675   736   736 W libbinder.IPCThreadState: Sending oneway calls to frozen process.
04-26 22:01:57.675   736   736 W libbinder.IPCThreadState: Sending oneway calls to frozen process.
04-26 22:01:57.680   736   736 W libbinder.IPCThreadState: Sending oneway calls to frozen process.
04-26 22:01:57.682   736   736 V AccessibilityManagerService: onUserStateChangedLocked for userId: 0, forceUpdate: false
04-26 22:01:57.685  4164  4205 I Finsky  : [41] RECEIVER_PACKAGE_MONITOR#logWorkEndAndFinishGoAsync: SUCCESS
04-26 22:01:57.694  1219  1219 D RecentTasksList: invalidateLoadedTasks - previous requestLoadId: -1
04-26 22:01:57.702  1036  1418 V WindowManagerShell: onTransitionReady(transaction=3161095945747)
04-26 22:01:57.705   736  2215 V SafetySourceDataValidat: Package: com.android.vending has expected signature
04-26 22:01:57.705  1036  1091 V WindowManagerShell: onTransitionReady (#149) android.os.BinderProxy@d920ffc: {id=149 t=OPEN f=0x0 trk=0 r=[0@Point(0, 0)] c=[
04-26 22:01:57.705  1036  1091 V WindowManagerShell:         {m=OPEN f=MOVE_TO_TOP leash=Surface(name=Task=118#1654)/@0x9930db7 sb=Rect(0, 0 - 1080, 2400) eb=Rect(0, 0 - 1080, 2400) epz=Point(1080, 2400) d=0 endFixedRotation=1 taskParent=-1 winMode=1 userId=0},
04-26 22:01:57.705  1036  1091 V WindowManagerShell:         {m=TO_BACK f=SHOW_WALLPAPER leash=Surface(name=Task=1#34)/@0x454c924 sb=Rect(0, 0 - 1080, 2400) eb=Rect(0, 0 - 1080, 2400) epz=Point(1080, 2400) d=0 taskParent=-1 winMode=1 userId=0},
04-26 22:01:57.705  1036  1091 V WindowManagerShell:         {m=TO_BACK f=IS_WALLPAPER leash=Surface(name=WallpaperWindowToken{3bea6dd}#54)/@0x33acc8d sb=Rect(0, 0 - 1080, 2400) eb=Rect(0, 0 - 1080, 2400) epz=Point(1080, 2400) d=0}
04-26 22:01:57.705  1036  1091 V WindowManagerShell:     ]}
04-26 22:01:57.708   736   759 V WindowManager: Sent Transition (#149) createdAt=04-26 22:01:57.443 via request=TransitionRequestInfo { type = OPEN, triggerTask = TaskInfo{userId=0 taskId=118 effectiveUid=10230 displayId=0 isRunning=true baseIntent=Intent { flg=0x10000000 cmp=com.muonline.client/.PreloadActivity } baseActivity=ComponentInfo{com.muonline.client/com.muonline.client.PreloadActivity} topActivity=ComponentInfo{com.muonline.client/com.muonline.client.PreloadActivity} origActivity=null realActivity=ComponentInfo{com.muonline.client/com.muonline.client.PreloadActivity} realActivityIsAppLockEnabled=false numActivities=1 lastActiveTime=23492047 supportsMultiWindow=true supportsMultiWindowWithoutConstraints=true resizeMode=1 isResizeable=true minWidth=-1 minHeight=-1 defaultMinSize=220 token=WCT{RemoteToken{80b47a0 Task{fbb0b6f #118 type=standard A=10230:com.muonline.client}}} topActivityType=1 pictureInPictureParams=null shouldDockBigOverlays=false launchIntoPipHostTaskId=-1 lastParentTaskIdBeforePip=-1 displayCutoutSafeInsets=Rect(0, 132 - 0, 0) topActivityInfo=ActivityInfo{2606f59 com.muonline.client.PreloadActivity} launchCookies=[] positionInParent=Point(0, 0) parentTaskId=-1 isFocused=false isInteractive=false isVisible=false isVisibleRequested=false isTopActivityNoDisplay=false isSleeping=false locusId=null displayAreaFeatureId=1 isTopActivityTransparent=false isActivityStackTransparent=false lastNonFullscreenBounds=null leafTaskBoundsFromOptions= false capturedLink=null capturedLinkTimestamp=0 requestedVisibleTypes=503 topActivityRequestOpenInBrowserEducationTimestamp=0 appCompatTaskInfo=AppCompatTaskInfo { topActivityInSizeCompat=false isLeafTask= true eligibleForLetterboxEducation= false isLetterboxEducationEnabled= true isLetterboxDoubleTapEnabled= false eligibleForUserAspectRatioButton= false topActivityBoundsLetterboxed= false isFromLetterboxDoubleTap= false topActivityLetterboxVerticalPosition= -1 topActivityLetterboxHorizontalPosition= -1 topActivityLetterboxWidth=-1 topActivityLetterboxHeight=-1 topActivityAppBounds=Rect(0, 132 - 1080, 2337) isUserFullscreenOverrideEnabled=false isSystemFullscreenOverrideEnabled=false hasMinAspectRatioOverride=false topActivityLetterboxBounds=null topNonResizableActivityAspectRatio=-1.0} topActivityMainWindowFrame=null isAppBubble=false}, pipChange = null, remoteTransitionInfo = null, displayChange = null, requestedLocation = null, userChange = null, windowingLayerChange = null, fullscreenRequestChange = null, flags = 0, debugId = 149 }
04-26 22:01:57.708   736   759 V WindowManager:     startWCT=WindowContainerTransaction { changes= {} hops= [] flags= 0 errorCallbackToken=null taskFragmentOrganizer=null }
04-26 22:01:57.708   736   759 V WindowManager:     info={id=149 t=OPEN f=0x0 trk=0 r=[0@Point(0, 0)] c=[
04-26 22:01:57.708   736   759 V WindowManager:         {WCT{RemoteToken{80b47a0 Task{fbb0b6f #118 type=standard A=10230:com.muonline.client}}} m=OPEN f=MOVE_TO_TOP leash=Surface(name=Task=118#1654)/@0x869c34 sb=Rect(0, 0 - 1080, 2400) eb=Rect(0, 0 - 1080, 2400) epz=Point(1080, 2400) d=0 endFixedRotation=1 taskParent=-1 winMode=1 userId=0},
04-26 22:01:57.708   736   759 V WindowManager:         {WCT{RemoteToken{4853fd5 Task{13e540b #1 type=home}}} m=TO_BACK f=SHOW_WALLPAPER leash=Surface(name=Task=1#34)/@0x499be06 sb=Rect(0, 0 - 1080, 2400) eb=Rect(0, 0 - 1080, 2400) epz=Point(1080, 2400) d=0 taskParent=-1 winMode=1 userId=0},
04-26 22:01:57.708   736   759 V WindowManager:         {m=TO_BACK f=IS_WALLPAPER leash=Surface(name=WallpaperWindowToken{3bea6dd}#54)/@0x4e520e1 sb=Rect(0, 0 - 1080, 2400) eb=Rect(0, 0 - 1080, 2400) epz=Point(1080, 2400) d=0}
04-26 22:01:57.708   736   759 V WindowManager:     ]}
04-26 22:01:57.712   736   760 W Looper  : Slow dispatch took 122ms android.ui app=system_server main=false group=TOP_APP h=com.android.server.am.ActivityManagerService$UiHandler c=com.android.server.am.UidObserverController$$ExternalSyntheticLambda0@627c3dc m=0
04-26 22:01:57.735   736   753 W InputChannel-JNI: Channel already disposed.
04-26 22:01:57.736  1036  1091 V WindowManagerShell: Playing animation for (#149) android.os.BinderProxy@d920ffc@0
04-26 22:01:57.736  1036  1091 D ShellSplitScreen: startAnimation: transition=149 isSplitActive=false
04-26 22:01:57.736  1036  1091 V ShellRecents: RecentsTransitionHandler.startAnimation: no controller found
04-26 22:01:57.736  1036  1091 V ShellDesktopMode: DesktopMixedTransitionHandler: No pending desktop transition
04-26 22:01:57.737  1036  1091 V WindowManagerShell: Transition doesn't have explicit remote, search filters for match for {id=149 t=OPEN f=0x0 trk=0 r=[0@Point(0, 0)] c=[{m=OPEN f=MOVE_TO_TOP leash=Surface(name=Task=118#1654)/@0x9930db7 sb=Rect(0, 0 - 1080, 2400) eb=Rect(0, 0 - 1080, 2400) epz=Point(1080, 2400) d=0 endFixedRotation=1 taskParent=-1 winMode=1 userId=0},{m=TO_BACK f=SHOW_WALLPAPER leash=Surface(name=Task=1#34)/@0x454c924 sb=Rect(0, 0 - 1080, 2400) eb=Rect(0, 0 - 1080, 2400) epz=Point(1080, 2400) d=0 taskParent=-1 winMode=1 userId=0},{m=TO_BACK f=IS_WALLPAPER leash=Surface(name=WallpaperWindowToken{3bea6dd}#54)/@0x33acc8d sb=Rect(0, 0 - 1080, 2400) eb=Rect(0, 0 - 1080, 2400) epz=Point(1080, 2400) d=0}]}
04-26 22:01:57.737  1036  1091 V WindowManagerShell:  Checking filter Pair{{types=[] flags=0x0 notFlags=0x0 checks=[{atype=undefined independent=true modes=[CLOSE,TO_BACK] flags=IN_TASK_WITH_EMBEDDED_ACTIVITY mustBeTask=false order=ANY topActivity=null launchCookie=null taskFragmentToken=android.os.BinderProxy@e90ae30 windowingMode=undefined isCrossDisplayMove=false}]} RemoteTransition { remoteTransition = android.window.IRemoteTransition$Stub$Proxy@1ccfaa9, appThread = android.app.IApplicationThread$Stub$Proxy@5c682e, debugName = overlayBackTransition, filter = {types=[] flags=0x0 notFlags=0x0 checks=[{atype=undefined independent=true modes=[CLOSE,TO_BACK] flags=IN_TASK_WITH_EMBEDDED_ACTIVITY mustBeTask=false order=ANY topActivity=null launchCookie=null taskFragmentToken=android.os.BinderProxy@e90ae30 windowingMode=undefined isCrossDisplayMove=false}]} }}
04-26 22:01:57.741   736   736 V AccessibilityUserState: updateShortcutTargets: type:accessibility_shortcut_target_service, current:{}, new:{}
04-26 22:01:57.744   736   736 V AccessibilityUserState: updateShortcutTargets: type:accessibility_button_targets, current:{}, new:{}
04-26 22:01:57.744   736   736 V AccessibilityUserState: updateShortcutTargets: type:accessibility_gesture_targets, current:{}, new:{}
04-26 22:01:57.744   736   736 V AccessibilityUserState: updateShortcutTargets: type:accessibility_qs_targets, current:{}, new:{}
04-26 22:01:57.744   736   736 V AccessibilityUserState: updateShortcutTargets: type:accessibility_key_gesture_targets, current:{}, new:{}
04-26 22:01:57.744   736   736 V AccessibilityUserState: updateShortcutTargets: type:accessibility_top_row_key_targets, current:{}, new:{}
04-26 22:01:57.745   736   736 V AccessibilityUserState: updateShortcutTargets: type:accessibility_quick_access_targets, current:{}, new:{}
04-26 22:01:57.745   736   736 W MagnificationConnectionManager: requestConnection duplicated request: connect=false, mConnectionState=DISCONNECTED
04-26 22:01:57.746 22404 22433 I DisplayManager: Choreographer implicitly registered for the refresh rate.
04-26 22:01:57.746   736   736 W libbinder.IPCThreadState: Sending oneway calls to frozen process.
04-26 22:01:57.746   736   736 W libbinder.IPCThreadState: Sending oneway calls to frozen process.
04-26 22:01:57.746   736   736 W libbinder.IPCThreadState: Sending oneway calls to frozen process.
04-26 22:01:57.747   736   736 W libbinder.IPCThreadState: Sending oneway calls to frozen process.
04-26 22:01:57.747   736  5314 E RoleControllerServiceImpl: Default/fallback role holder package doesn't qualify for the role, package: com.google.android.gms, role: android.app.role.WALLET, user: 0
04-26 22:01:57.747   736   736 W libbinder.IPCThreadState: Sending oneway calls to frozen process.
04-26 22:01:57.747   736   736 W libbinder.IPCThreadState: Sending oneway calls to frozen process.
04-26 22:01:57.748   736   736 W libbinder.IPCThreadState: Sending oneway calls to frozen process.
04-26 22:01:57.750  4276 22391 I Finsky:background: [235] Wrote row to frosting DB: 3235
04-26 22:01:57.752   736   736 W libbinder.IPCThreadState: Sending oneway calls to frozen process.
04-26 22:01:57.761   736   736 W libbinder.IPCThreadState: Sending oneway calls to frozen process.
04-26 22:01:57.763   736   736 W libbinder.IPCThreadState: Sending oneway calls to frozen process.
04-26 22:01:57.764   736   736 W libbinder.IPCThreadState: Sending oneway calls to frozen process.
04-26 22:01:57.765   736   736 W libbinder.IPCThreadState: Sending oneway calls to frozen process.
04-26 22:01:57.778   566   616 W skia    : AGTM parsing failed flags.readFromStream(s) at 159
04-26 22:01:57.778   736  5314 W SignedPackage: Cannot get ApplicationInfo for package: com.google.android.devicelockcontroller
04-26 22:01:57.778   566   616 W skia    : AGTM parsing failed flags.readFromStream(s) at 159
04-26 22:01:57.798 14925 22442 I AppBackupPkgRemovedIO: Backup state cleanup on uninstall is disabled. [CONTEXT service_id=229 ]
04-26 22:01:57.799  4276  4276 I Finsky:background: [2] Memory trim requested to level 40
04-26 22:01:57.801  1036  1091 V WindowManagerShell:  Checking filter Pair{{types=[] flags=0x0 notFlags=0x0 checks=[{atype=dream independent=true modes=[OPEN,TO_FRONT] flags=NONE mustBeTask=false order=ANY topActivity=null launchCookie=null windowingMode=undefined isCrossDisplayMove=false},{atype=home independent=true modes=[CLOSE,TO_BACK] flags=NONE mustBeTask=false order=ANY topActivity=null launchCookie=null windowingMode=undefined isCrossDisplayMove=false}]} RemoteTransition { remoteTransition = android.window.IRemoteTransition$Stub$Proxy@aa8fcf, appThread = android.app.IApplicationThread$Stub$Proxy@98a7d5c, debugName = LauncherToDream, filter = {types=[] flags=0x0 notFlags=0x0 checks=[{atype=dream independent=true modes=[OPEN,TO_FRONT] flags=NONE mustBeTask=false order=ANY topActivity=null launchCookie=null windowingMode=undefined isCrossDisplayMove=false},{atype=home independent=true modes=[CLOSE,TO_BACK] flags=NONE mustBeTask=false order=ANY topActivity=null launchCookie=null windowingMode=undefined isCrossDisplayMove=false}]} }}
04-26 22:01:57.801  1036  1091 V WindowManagerShell:  Checking filter Pair{{types=[] flags=0x0 notFlags=0x0 checks=[{atype=standard independent=false modes=[CHANGE] flags=NONE mustBeTask=true order=ANY topActivity=null launchCookie=null windowingMode=undefined isCrossDisplayMove=true}]} RemoteTransition { remoteTransition = android.window.IRemoteTransition$Stub$Proxy@3519865, appThread = android.app.IApplicationThread$Stub$Proxy@94ad93a, debugName = QuickstepDisplayMove, filter = {types=[] flags=0x0 notFlags=0x0 checks=[{atype=standard independent=false modes=[CHANGE] flags=NONE mustBeTask=true order=ANY topActivity=null launchCookie=null windowingMode=undefined isCrossDisplayMove=true}]} }}
04-26 22:01:57.801  1036  1091 V WindowManagerShell:  Checking filter Pair{{types=[] flags=0x0 notFlags=0x100 checks=[{atype=home independent=true modes=[OPEN,TO_FRONT] flags=NONE mustBeTask=false order=ANY topActivity=ComponentInfo{com.google.android.apps.nexuslauncher/com.google.android.apps.nexuslauncher.NexusLauncherActivity} launchCookie=null windowingMode=undefined isCrossDisplayMove=false},{atype=standard independent=true modes=[CLOSE,TO_BACK] flags=NONE mustBeTask=false order=ANY topActivity=null launchCookie=null windowingMode=undefined isCrossDisplayMove=false},{NOT atype=undefined independent=true modes=[] flags=NONE mustBeTask=true order=ANY topActivity=null launchCookie=null customAnim=true windowingMode=undefined isCrossDisplayMove=false}]} RemoteTransition { remoteTransition = android.window.IRemoteTransition$Stub$Proxy@fea59eb, appThread = android.app.IApplicationThread$Stub$Proxy@4f01348, debugName = QuickstepLaunchHome, filter = {types=[] flags=0x0 notFlags=0x100 checks=[{atype=home independent=true modes=[OPEN,TO_FRONT] flags=NONE mustBeTask=false order=ANY topActivity=ComponentInfo{com.google.android.apps.nexuslauncher/com.google.android.apps.nexuslauncher.NexusLauncherActivity} launchCookie=null windowingMode=undefined isCrossDisplayMove=false},{atype=standard independent=true modes=[CLOSE,TO_BACK] flags=NONE mustBeTask=false order=ANY topActivity=null launchCookie=null windowingMode=undefined isCrossDisplayMove=false},{NOT atype=undefined independent=true modes=[] flags=NONE mustBeTask=true order=ANY topActivity=null launchCookie=null customAnim=true windowingMode=undefined isCrossDisplayMove=false}]} }}
04-26 22:01:57.801  1036  1091 V WindowManagerShell:  Checking filter Pair{{types=[OPEN,TO_FRONT] flags=0x0 notFlags=0x0 checks=[{atype=standard independent=true modes=[OPEN,TO_FRONT] flags=NONE mustBeTask=true order=ANY topActivity=null launchCookie=null windowingMode=freeform isCrossDisplayMove=false}]} RemoteTransition { remoteTransition = android.window.IRemoteTransition$Stub$Proxy@5987ffe, appThread = null, debugName = DesktopWindowLimitUnminimize, filter = {types=[OPEN,TO_FRONT] flags=0x0 notFlags=0x0 checks=[{atype=standard independent=true modes=[OPEN,TO_FRONT] flags=NONE mustBeTask=true order=ANY topActivity=null launchCookie=null windowingMode=freeform isCrossDisplayMove=false}]} }}
04-26 22:01:57.801  1036  1091 V WindowManagerShell:  Delegate animation for (#149) to null
04-26 22:01:57.801  1036  1091 V WindowManagerShell: start default transition animation, info = {id=149 t=OPEN f=0x0 trk=0 r=[0@Point(0, 0)] c=[{m=OPEN f=MOVE_TO_TOP leash=Surface(name=Task=118#1654)/@0x9930db7 sb=Rect(0, 0 - 1080, 2400) eb=Rect(0, 0 - 1080, 2400) epz=Point(1080, 2400) d=0 endFixedRotation=1 taskParent=-1 winMode=1 userId=0},{m=TO_BACK f=SHOW_WALLPAPER leash=Surface(name=Task=1#34)/@0x454c924 sb=Rect(0, 0 - 1080, 2400) eb=Rect(0, 0 - 1080, 2400) epz=Point(1080, 2400) d=0 taskParent=-1 winMode=1 userId=0},{m=TO_BACK f=IS_WALLPAPER leash=Surface(name=WallpaperWindowToken{3bea6dd}#54)/@0x33acc8d sb=Rect(0, 0 - 1080, 2400) eb=Rect(0, 0 - 1080, 2400) epz=Point(1080, 2400) d=0}]}
04-26 22:01:57.801  1036  1091 V WindowManagerShell: loadAnimation: anim=android.view.animation.AnimationSet@89a0045 animAttr=0x13 type=OPEN isEntrance=false
04-26 22:01:57.801  4164  4164 I Finsky  : [2] Memory trim requested to level 40
04-26 22:01:57.802  4164  4164 I Finsky  : [2] Flushing in-memory image cache
04-26 22:01:57.802  1036  1091 V WindowManagerShell: loadAnimation: anim=android.view.animation.AnimationSet@65f5bc1 animAttr=0x12 type=OPEN isEntrance=true
04-26 22:01:57.803 14925 22443 I PackageInstalledIntentO: Test flag v2 is disabled [CONTEXT service_id=469 ]
04-26 22:01:57.803  1036  1091 V WindowManagerShell:  animated by com.android.wm.shell.transition.DefaultTransitionHandler@11f9e32
04-26 22:01:57.803  1036  1091 V ShellTaskOrganizer: Task appeared taskId=118 listener=FullscreenTaskListener
04-26 22:01:57.803  1036  1091 V ShellTaskOrganizer: Fullscreen Task Appeared: #118
04-26 22:01:57.804 22404 22433 I GFXSTREAM: [eglDisplay.cpp(297)] Opening libGLESv1_CM_emulation.so
04-26 22:01:57.805  1036  1091 V RecentTasksController: Notify recent tasks changed
04-26 22:01:57.805 22404 22433 I GFXSTREAM: [eglDisplay.cpp(297)] Opening libGLESv2_emulation.so
04-26 22:01:57.806 22404 22404 D DesktopExperienceFlags: Toggle override initialized to: false
04-26 22:01:57.806 22404 22404 D DesktopModeFlags: Toggle override initialized to: OVERRIDE_UNSET
04-26 22:01:57.807  1036  1091 D Bubbles : BubbleData.onLocusVisibilityChanged() locusId=Overview|ENABLED visible=false taskId=1
04-26 22:01:57.807 19563 19563 I Finsky:quick_launch: [2] Memory trim requested to level 40
04-26 22:01:57.808  1036  1091 D Bubbles : BubbleData.onLocusVisibilityChanged() locusId=Overview|DISABLED visible=true taskId=1
04-26 22:01:57.819 22404 22433 W HWUI    : Failed to choose config with EGL_SWAP_BEHAVIOR_PRESERVED, retrying without...
04-26 22:01:57.820 22404 22433 W HWUI    : Failed to initialize 101010-2 format, error = EGL_SUCCESS
04-26 22:01:57.844  1219  1219 D RecentTasksList: invalidateLoadedTasks - previous requestLoadId: -1
04-26 22:01:57.876   566   616 W skia    : AGTM parsing failed flags.readFromStream(s) at 159
04-26 22:01:57.876   566   616 W skia    : AGTM parsing failed flags.readFromStream(s) at 159
04-26 22:01:57.902 14925 14925 D BoundBrokerSvc: onBind: Intent { act=com.google.android.gms.common.BIND_SHARED_PREFS xflg=0x4 pkg=com.google.android.gms }
04-26 22:01:57.902 14925 14925 D BoundBrokerSvc: Loading bound service for intent: Intent { act=com.google.android.gms.common.BIND_SHARED_PREFS xflg=0x4 pkg=com.google.android.gms }
04-26 22:01:57.911  1366 22441 I ProximityAuth: [RecentAppsMediator] Package added: (user=UserHandle{0}) com.muonline.client
04-26 22:01:57.942 22404 22404 W HWUI    : Unknown dataspace 0
04-26 22:01:57.944 14925 22443 I Auth    : (REDACTED) [SupervisedAccountIntentOperation] onHandleIntent: %s
04-26 22:01:57.944  4511  4518 W .apps.wellbeing: Reducing the number of considered missed Gc histogram windows from 526 to 100
04-26 22:01:57.949   736  1957 E AppOps  : attributionTag VCN not declared in manifest of android
04-26 22:01:57.951 14925 22438 I PackageInstalledIntentO: Test flag v2 is disabled [CONTEXT service_id=469 ]
04-26 22:01:57.955  1366 22453 I Fitness : (REDACTED) FitCleanupIntentOperation received Intent %s
04-26 22:01:57.962 14925 22431 I NearbyDiscovery: (REDACTED) processGrantSlicePermission: %s
04-26 22:01:57.971 22404 22449 I MuPreload: Check data root: /storage/emulated/0/Android/data/com.muonline.client/files existingDataDir=/storage/emulated/0/Android/data/com.muonline.client/files/Data usable=true marker=true
04-26 22:01:57.973 22404 22404 D InsetsController: Setting requestedVisibleTypes to 496 (was 503)
04-26 22:01:57.981   566   616 W skia    : AGTM parsing failed flags.readFromStream(s) at 159
04-26 22:01:57.981   566   616 W skia    : AGTM parsing failed flags.readFromStream(s) at 159
04-26 22:01:57.986   736  1095 W InputChannel-JNI: Channel already disposed.
04-26 22:01:58.001  3743  3747 W ogle.android.as: Reducing the number of considered missed Gc histogram windows from 527 to 100
04-26 22:01:58.005 22404 22449 I MuPreload: Skip download, usable data exists: /storage/emulated/0/Android/data/com.muonline.client/files/Data markerWasPresent=true
04-26 22:01:58.012 14925 22446 W SQLiteLog: (28) double-quoted string literal: "com.muonline.client"
04-26 22:01:58.012 22404 22404 D VRI[PreloadActivity]: WindowInsets changed: 2268x1080 statusBars:[0,74,0,0] navigationBars:[0,0,0,63] mandatorySystemGestures:[0,74,0,84] 
04-26 22:01:58.012 22404 22404 D WindowOnBackDispatcher: setTopOnBackInvokedCallback (unwrapped): android.view.ViewRootImpl$$ExternalSyntheticLambda13@1b018e0
04-26 22:01:58.013 22404 22404 I HWUI    : Using FreeType backend (prop=Auto)
04-26 22:01:58.015   736   835 D CoreBackPreview: Window{3fe8ec7 u0 com.muonline.client/com.muonline.client.PreloadActivity}: Setting back callback OnBackInvokedCallbackInfo{mCallback=android.window.IOnBackInvokedCallback$Stub$Proxy@4fb968c, mPriority=0, mIsAnimationCallback=false, mOverrideBehavior=0}
04-26 22:01:58.017   736   835 D WindowManager: setClientSurface Surface(name=VRI-com.muonline.client/com.muonline.client.PreloadActivity#1667)/@0x345f1d5 for 3fe8ec7 com.muonline.client/com.muonline.client.PreloadActivity
04-26 22:01:58.033  1366 22444 I FontLog : (REDACTED) Package %s has no metadata
04-26 22:01:58.043 22404 22404 I Surface : Creating surface for consumer unnamed-22404-0 with slotExpansion=1 for 64 slots
04-26 22:01:58.046   566  1316 I libbinder.BpBinder: onLastStrongRef automatically unlinking death recipients for binder (0x7eaa360496a0) with descriptor: '(not cached)'
04-26 22:01:58.050 22404 22404 I Surface : Creating surface for consumer VRI[PreloadActivity]#0(BLAST Consumer)0 with slotExpansion=1 for 64 slots
04-26 22:01:58.056 22404 22404 D VRI[PreloadActivity]: WindowInsets changed: statusBars:null navigationBars:null 
04-26 22:01:58.077   736  1410 W ActivityManager: Skipping manifest association check for null package. SourceUid: 10214, SourcePkg: null, TargetUid: 10214, TargetPkg: com.google.android.gms
04-26 22:01:58.123  1036  1091 V WindowManagerShell: Transition animation finished (aborted=false), notifying core (#149) android.os.BinderProxy@d920ffc@0
04-26 22:01:58.126   736   759 V WindowManager: Finish Transition (#149): created at 04-26 22:01:57.443 collect-started=0.058ms request-sent=7.628ms started=24.751ms ready=239.836ms sent=247.047ms commit=131.789ms finished=683.28ms
04-26 22:01:58.129  1036  1344 D WallpaperService: onVisibilityChanged(false): com.android.systemui.wallpapers.ImageWallpaper$CanvasEngine@85e2344
04-26 22:01:58.129  1219  1219 D VRI[NexusLauncherActivity]: visibilityChanged oldVisibility=true newVisibility=false
04-26 22:01:58.130   736  1953 I WindowManager: Display id=0 rotation changed to 1 from 0, lastOrientation=0 userRotationMode=0 userRotation=0 lastSensorRotation=1
04-26 22:01:58.131  4164  4169 W android.vending: Reducing the number of considered missed Gc histogram windows from 497 to 100
04-26 22:01:58.131  1036  1091 V WindowManagerShell: Track 0 became idle
04-26 22:01:58.131  1036  1091 V WindowManagerShell: All active transition animations finished
04-26 22:01:58.132  1036  1091 V WindowManagerShell: Transition requested (#150): android.os.BinderProxy@392bbf2 TransitionRequestInfo { type = CHANGE, triggerTask = null, pipChange = null, remoteTransitionInfo = null, displayChange = DisplayChange { displayId = 0, startAbsBounds = null, endAbsBounds = null, startRotation = 0, endRotation = 1, physicalDisplayChanged = false, disconnectReparentDisplay = -1, endInsetsState = null }, requestedLocation = null, userChange = null, windowingLayerChange = null, fullscreenRequestChange = null, flags = 0, debugId = 150 }
04-26 22:01:58.132  1036  1091 V ShellDesktopMode: DisconnectHandler: handleRequest: no reparent display; returning
04-26 22:01:58.132  1036  1091 V ShellDesktopMode: DesktopTasksController: skipping handleRequest reason=triggerTask is null
04-26 22:01:58.139  1219  1219 D SmartspaceInteractor: notifySmartspaceEvent: SmartspaceTargetEvent{mSmartspaceTarget=null, mSmartspaceActionId='null', mEventType=7}
04-26 22:01:58.140   736   791 D BrightnessThermalClamper: Thermal status observer already started
04-26 22:01:58.143   736   762 I DisplayTopology: Display with ID 0 updated, new logical width: 2400, new logicalHeight: 1080, new density: 420
04-26 22:01:58.143 14925 14976 I Icing   : IndexChimeraService.getServiceInterface callingPackage=com.google.android.gms componentName=AppsCorpus serviceId=36
04-26 22:01:58.144   736   762 I ActivityTaskManager: Config changes=20000480 {1.0 310mcc260mnc [en_US] ldltr sw411dp w914dp h411dp 420dpi nrml long compactNeeded land finger qwerty/v/v dpad/v winConfig={ mBounds=Rect(0, 0 - 2400, 1080) mAppBounds=Rect(0, 0 - 2400, 1080) mMaxBounds=Rect(0, 0 - 2400, 1080) mDisplayRotation=ROTATION_90 mWindowingMode=fullscreen mActivityType=undefined mAlwaysOnTop=undefined mRotation=ROTATION_90} as.3 s.1301 fontWeightAdjustment=0}
04-26 22:01:58.153 14925 14925 D BoundBrokerSvc: onBind: Intent { act=com.google.android.gms.feedback.internal.IFeedbackService dat=chimera-action:/... xflg=0x4 cmp=com.google.android.gms/.chimera.GmsBoundBrokerService }
04-26 22:01:58.153 14925 14925 D BoundBrokerSvc: Loading bound service for intent: Intent { act=com.google.android.gms.feedback.internal.IFeedbackService dat=chimera-action:/... xflg=0x4 cmp=com.google.android.gms/.chimera.GmsBoundBrokerService }
04-26 22:01:58.163   736   762 I WindowManager: Override config changes=20000480 {1.0 310mcc260mnc [en_US] ldltr sw411dp w914dp h411dp 420dpi nrml long compactNeeded land finger qwerty/v/v dpad/v winConfig={ mBounds=Rect(0, 0 - 2400, 1080) mAppBounds=Rect(0, 0 - 2400, 1080) mMaxBounds=Rect(0, 0 - 2400, 1080) mDisplayRotation=ROTATION_90 mWindowingMode=fullscreen mActivityType=undefined mAlwaysOnTop=undefined mRotation=ROTATION_90} as.3 s.1301 fontWeightAdjustment=0} for displayId=0
04-26 22:01:58.164   736   762 W TransitionChain: Combining dispOverCfg into #150(CHANGE|R|0x0) from updateRot
