04-26 15:44:30.141 E/GFXSTREAM( 5633): [GL2Encoder.cpp(2814)] GL error 0x501 condition [!GLESv2Validation::pixelFormat(ctx, internalformat) && !GLESv2Validation::pixelInternalFormat(internalformat)].
04-26 15:44:30.141 W/GFXSTREAM( 5633): [GLESv2Validation.cpp(1217)] Error internal format: 0x3 is invalid.
04-26 15:44:30.141 E/GFXSTREAM( 5633): [GL2Encoder.cpp(2814)] GL error 0x501 condition [!GLESv2Validation::pixelFormat(ctx, internalformat) && !GLESv2Validation::pixelInternalFormat(internalformat)].
04-26 15:44:30.141 W/GFXSTREAM( 5633): [GLESv2Validation.cpp(1217)] Error internal format: 0x3 is invalid.
04-26 15:44:30.141 E/GFXSTREAM( 5633): [GL2Encoder.cpp(2814)] GL error 0x501 condition [!GLESv2Validation::pixelFormat(ctx, internalformat) && !GLESv2Validation::pixelInternalFormat(internalformat)].
04-26 15:44:30.141 W/GFXSTREAM( 5633): [GLESv2Validation.cpp(1217)] Error internal format: 0x3 is invalid.
04-26 15:44:30.141 E/GFXSTREAM( 5633): [GL2Encoder.cpp(2814)] GL error 0x501 condition [!GLESv2Validation::pixelFormat(ctx, internalformat) && !GLESv2Validation::pixelInternalFormat(internalformat)].
04-26 15:44:30.142 W/GFXSTREAM( 5633): [GLESv2Validation.cpp(1217)] Error internal format: 0x3 is invalid.
04-26 15:44:30.142 E/GFXSTREAM( 5633): [GL2Encoder.cpp(2814)] GL error 0x501 condition [!GLESv2Validation::pixelFormat(ctx, internalformat) && !GLESv2Validation::pixelInternalFormat(internalformat)].
04-26 15:44:30.142 W/GFXSTREAM( 5633): [GLESv2Validation.cpp(1217)] Error internal format: 0x4 is invalid.
04-26 15:44:30.142 E/GFXSTREAM( 5633): [GL2Encoder.cpp(2814)] GL error 0x501 condition [!GLESv2Validation::pixelFormat(ctx, internalformat) && !GLESv2Validation::pixelInternalFormat(internalformat)].
04-26 15:44:30.142 W/GFXSTREAM( 5633): [GLESv2Validation.cpp(1217)] Error internal format: 0x4 is invalid.
04-26 15:44:30.142 E/GFXSTREAM( 5633): [GL2Encoder.cpp(2814)] GL error 0x501 condition [!GLESv2Validation::pixelFormat(ctx, internalformat) && !GLESv2Validation::pixelInternalFormat(internalformat)].
04-26 15:44:30.142 W/GFXSTREAM( 5633): [GLESv2Validation.cpp(1217)] Error internal format: 0x4 is invalid.
04-26 15:44:30.142 E/GFXSTREAM( 5633): [GL2Encoder.cpp(2814)] GL error 0x501 condition [!GLESv2Validation::pixelFormat(ctx, internalformat) && !GLESv2Validation::pixelInternalFormat(internalformat)].
04-26 15:44:30.143 W/GFXSTREAM( 5633): [GLESv2Validation.cpp(1217)] Error internal format: 0x4 is invalid.
04-26 15:44:30.143 E/GFXSTREAM( 5633): [GL2Encoder.cpp(2814)] GL error 0x501 condition [!GLESv2Validation::pixelFormat(ctx, internalformat) && !GLESv2Validation::pixelInternalFormat(internalformat)].
04-26 15:44:30.143 W/GFXSTREAM( 5633): [GLESv2Validation.cpp(1217)] Error internal format: 0x4 is invalid.
04-26 15:44:30.143 E/GFXSTREAM( 5633): [GL2Encoder.cpp(2814)] GL error 0x501 condition [!GLESv2Validation::pixelFormat(ctx, internalformat) && !GLESv2Validation::pixelInternalFormat(internalformat)].
04-26 15:44:30.144 W/GFXSTREAM( 5633): [GLESv2Validation.cpp(1217)] Error internal format: 0x3 is invalid.
04-26 15:44:30.144 E/GFXSTREAM( 5633): [GL2Encoder.cpp(2814)] GL error 0x501 condition [!GLESv2Validation::pixelFormat(ctx, internalformat) && !GLESv2Validation::pixelInternalFormat(internalformat)].
04-26 15:44:30.144 W/GFXSTREAM( 5633): [GLESv2Validation.cpp(1217)] Error internal format: 0x4 is invalid.
04-26 15:44:30.144 E/GFXSTREAM( 5633): [GL2Encoder.cpp(2814)] GL error 0x501 condition [!GLESv2Validation::pixelFormat(ctx, internalformat) && !GLESv2Validation::pixelInternalFormat(internalformat)].
04-26 15:44:30.144 W/GFXSTREAM( 5633): [GLESv2Validation.cpp(1217)] Error internal format: 0x4 is invalid.
04-26 15:44:30.144 E/GFXSTREAM( 5633): [GL2Encoder.cpp(2814)] GL error 0x501 condition [!GLESv2Validation::pixelFormat(ctx, internalformat) && !GLESv2Validation::pixelInternalFormat(internalformat)].
04-26 15:44:30.145 W/GFXSTREAM( 5633): [GLESv2Validation.cpp(1217)] Error internal format: 0x3 is invalid.
04-26 15:44:30.145 E/GFXSTREAM( 5633): [GL2Encoder.cpp(2814)] GL error 0x501 condition [!GLESv2Validation::pixelFormat(ctx, internalformat) && !GLESv2Validation::pixelInternalFormat(internalformat)].
04-26 15:44:30.145 W/GFXSTREAM( 5633): [GLESv2Validation.cpp(1217)] Error internal format: 0x3 is invalid.
04-26 15:44:30.145 E/GFXSTREAM( 5633): [GL2Encoder.cpp(2814)] GL error 0x501 condition [!GLESv2Validation::pixelFormat(ctx, internalformat) && !GLESv2Validation::pixelInternalFormat(internalformat)].
04-26 15:44:30.145 W/GFXSTREAM( 5633): [GLESv2Validation.cpp(1217)] Error internal format: 0x4 is invalid.
04-26 15:44:30.145 E/GFXSTREAM( 5633): [GL2Encoder.cpp(2814)] GL error 0x501 condition [!GLESv2Validation::pixelFormat(ctx, internalformat) && !GLESv2Validation::pixelInternalFormat(internalformat)].
04-26 15:44:30.146 W/GFXSTREAM( 5633): [GLESv2Validation.cpp(1217)] Error internal format: 0x4 is invalid.
04-26 15:44:30.146 E/GFXSTREAM( 5633): [GL2Encoder.cpp(2814)] GL error 0x501 condition [!GLESv2Validation::pixelFormat(ctx, internalformat) && !GLESv2Validation::pixelInternalFormat(internalformat)].
04-26 15:44:30.146 W/GFXSTREAM( 5633): [GLESv2Validation.cpp(1217)] Error internal format: 0x4 is invalid.
04-26 15:44:30.146 E/GFXSTREAM( 5633): [GL2Encoder.cpp(2814)] GL error 0x501 condition [!GLESv2Validation::pixelFormat(ctx, internalformat) && !GLESv2Validation::pixelInternalFormat(internalformat)].
04-26 15:44:30.146 W/GFXSTREAM( 5633): [GLESv2Validation.cpp(1217)] Error internal format: 0x4 is invalid.
04-26 15:44:30.146 E/GFXSTREAM( 5633): [GL2Encoder.cpp(2814)] GL error 0x501 condition [!GLESv2Validation::pixelFormat(ctx, internalformat) && !GLESv2Validation::pixelInternalFormat(internalformat)].
04-26 15:44:30.146 W/GFXSTREAM( 5633): [GLESv2Validation.cpp(1217)] Error internal format: 0x3 is invalid.
04-26 15:44:30.146 E/GFXSTREAM( 5633): [GL2Encoder.cpp(2814)] GL error 0x501 condition [!GLESv2Validation::pixelFormat(ctx, internalformat) && !GLESv2Validation::pixelInternalFormat(internalformat)].
04-26 15:44:30.146 W/GFXSTREAM( 5633): [GLESv2Validation.cpp(1217)] Error internal format: 0x4 is invalid.
04-26 15:44:30.146 E/GFXSTREAM( 5633): [GL2Encoder.cpp(2814)] GL error 0x501 condition [!GLESv2Validation::pixelFormat(ctx, internalformat) && !GLESv2Validation::pixelInternalFormat(internalformat)].
04-26 15:44:30.147 W/GFXSTREAM( 5633): [GLESv2Validation.cpp(1217)] Error internal format: 0x3 is invalid.
04-26 15:44:30.147 E/GFXSTREAM( 5633): [GL2Encoder.cpp(2814)] GL error 0x501 condition [!GLESv2Validation::pixelFormat(ctx, internalformat) && !GLESv2Validation::pixelInternalFormat(internalformat)].
04-26 15:44:30.147 W/GFXSTREAM( 5633): [GLESv2Validation.cpp(1217)] Error internal format: 0x3 is invalid.
04-26 15:44:30.147 E/GFXSTREAM( 5633): [GL2Encoder.cpp(2814)] GL error 0x501 condition [!GLESv2Validation::pixelFormat(ctx, internalformat) && !GLESv2Validation::pixelInternalFormat(internalformat)].
04-26 15:44:30.147 W/GFXSTREAM( 5633): [GLESv2Validation.cpp(1217)] Error internal format: 0x4 is invalid.
04-26 15:44:30.147 E/GFXSTREAM( 5633): [GL2Encoder.cpp(2814)] GL error 0x501 condition [!GLESv2Validation::pixelFormat(ctx, internalformat) && !GLESv2Validation::pixelInternalFormat(internalformat)].
04-26 15:44:30.147 W/GFXSTREAM( 5633): [GLESv2Validation.cpp(1217)] Error internal format: 0x3 is invalid.
04-26 15:44:30.147 E/GFXSTREAM( 5633): [GL2Encoder.cpp(2814)] GL error 0x501 condition [!GLESv2Validation::pixelFormat(ctx, internalformat) && !GLESv2Validation::pixelInternalFormat(internalformat)].
04-26 15:44:30.147 W/GFXSTREAM( 5633): [GLESv2Validation.cpp(1217)] Error internal format: 0x3 is invalid.
04-26 15:44:30.147 E/GFXSTREAM( 5633): [GL2Encoder.cpp(2814)] GL error 0x501 condition [!GLESv2Validation::pixelFormat(ctx, internalformat) && !GLESv2Validation::pixelInternalFormat(internalformat)].
04-26 15:44:30.148 W/GFXSTREAM( 5633): [GLESv2Validation.cpp(1217)] Error internal format: 0x3 is invalid.
04-26 15:44:30.148 E/GFXSTREAM( 5633): [GL2Encoder.cpp(2814)] GL error 0x501 condition [!GLESv2Validation::pixelFormat(ctx, internalformat) && !GLESv2Validation::pixelInternalFormat(internalformat)].
04-26 15:44:30.149 W/GFXSTREAM( 5633): [GLESv2Validation.cpp(1217)] Error internal format: 0x3 is invalid.
04-26 15:44:30.149 E/GFXSTREAM( 5633): [GL2Encoder.cpp(2814)] GL error 0x501 condition [!GLESv2Validation::pixelFormat(ctx, internalformat) && !GLESv2Validation::pixelInternalFormat(internalformat)].
04-26 15:44:30.149 W/GFXSTREAM( 5633): [GLESv2Validation.cpp(1217)] Error internal format: 0x3 is invalid.
04-26 15:44:30.149 E/GFXSTREAM( 5633): [GL2Encoder.cpp(2814)] GL error 0x501 condition [!GLESv2Validation::pixelFormat(ctx, internalformat) && !GLESv2Validation::pixelInternalFormat(internalformat)].
04-26 15:44:30.149 W/GFXSTREAM( 5633): [GLESv2Validation.cpp(1217)] Error internal format: 0x3 is invalid.
04-26 15:44:30.149 E/GFXSTREAM( 5633): [GL2Encoder.cpp(2814)] GL error 0x501 condition [!GLESv2Validation::pixelFormat(ctx, internalformat) && !GLESv2Validation::pixelInternalFormat(internalformat)].
04-26 15:44:30.149 W/GFXSTREAM( 5633): [GLESv2Validation.cpp(1217)] Error internal format: 0x3 is invalid.
04-26 15:44:30.149 E/GFXSTREAM( 5633): [GL2Encoder.cpp(2814)] GL error 0x501 condition [!GLESv2Validation::pixelFormat(ctx, internalformat) && !GLESv2Validation::pixelInternalFormat(internalformat)].
04-26 15:44:30.149 W/GFXSTREAM( 5633): [GLESv2Validation.cpp(1217)] Error internal format: 0x3 is invalid.
04-26 15:44:30.149 E/GFXSTREAM( 5633): [GL2Encoder.cpp(2814)] GL error 0x501 condition [!GLESv2Validation::pixelFormat(ctx, internalformat) && !GLESv2Validation::pixelInternalFormat(internalformat)].
04-26 15:44:30.149 W/GFXSTREAM( 5633): [GLESv2Validation.cpp(1217)] Error internal format: 0x3 is invalid.
04-26 15:44:30.149 E/GFXSTREAM( 5633): [GL2Encoder.cpp(2814)] GL error 0x501 condition [!GLESv2Validation::pixelFormat(ctx, internalformat) && !GLESv2Validation::pixelInternalFormat(internalformat)].
04-26 15:44:30.150 W/GFXSTREAM( 5633): [GLESv2Validation.cpp(1217)] Error internal format: 0x3 is invalid.
04-26 15:44:30.150 E/GFXSTREAM( 5633): [GL2Encoder.cpp(2814)] GL error 0x501 condition [!GLESv2Validation::pixelFormat(ctx, internalformat) && !GLESv2Validation::pixelInternalFormat(internalformat)].
04-26 15:44:30.150 W/GFXSTREAM( 5633): [GLESv2Validation.cpp(1217)] Error internal format: 0x3 is invalid.
04-26 15:44:30.150 E/GFXSTREAM( 5633): [GL2Encoder.cpp(2814)] GL error 0x501 condition [!GLESv2Validation::pixelFormat(ctx, internalformat) && !GLESv2Validation::pixelInternalFormat(internalformat)].
04-26 15:44:30.150 W/GFXSTREAM( 5633): [GLESv2Validation.cpp(1217)] Error internal format: 0x3 is invalid.
04-26 15:44:30.150 E/GFXSTREAM( 5633): [GL2Encoder.cpp(2814)] GL error 0x501 condition [!GLESv2Validation::pixelFormat(ctx, internalformat) && !GLESv2Validation::pixelInternalFormat(internalformat)].
04-26 15:44:30.150 W/GFXSTREAM( 5633): [GLESv2Validation.cpp(1217)] Error internal format: 0x3 is invalid.
04-26 15:44:30.150 E/GFXSTREAM( 5633): [GL2Encoder.cpp(2814)] GL error 0x501 condition [!GLESv2Validation::pixelFormat(ctx, internalformat) && !GLESv2Validation::pixelInternalFormat(internalformat)].
04-26 15:44:30.150 W/GFXSTREAM( 5633): [GLESv2Validation.cpp(1217)] Error internal format: 0x3 is invalid.
04-26 15:44:30.150 E/GFXSTREAM( 5633): [GL2Encoder.cpp(2814)] GL error 0x501 condition [!GLESv2Validation::pixelFormat(ctx, internalformat) && !GLESv2Validation::pixelInternalFormat(internalformat)].
04-26 15:44:30.150 W/GFXSTREAM( 5633): [GLESv2Validation.cpp(1217)] Error internal format: 0x4 is invalid.
04-26 15:44:30.150 E/GFXSTREAM( 5633): [GL2Encoder.cpp(2814)] GL error 0x501 condition [!GLESv2Validation::pixelFormat(ctx, internalformat) && !GLESv2Validation::pixelInternalFormat(internalformat)].
04-26 15:44:30.151 W/GFXSTREAM( 5633): [GLESv2Validation.cpp(1217)] Error internal format: 0x3 is invalid.
04-26 15:44:30.151 E/GFXSTREAM( 5633): [GL2Encoder.cpp(2814)] GL error 0x501 condition [!GLESv2Validation::pixelFormat(ctx, internalformat) && !GLESv2Validation::pixelInternalFormat(internalformat)].
04-26 15:44:30.151 W/GFXSTREAM( 5633): [GLESv2Validation.cpp(1217)] Error internal format: 0x3 is invalid.
04-26 15:44:30.151 E/GFXSTREAM( 5633): [GL2Encoder.cpp(2814)] GL error 0x501 condition [!GLESv2Validation::pixelFormat(ctx, internalformat) && !GLESv2Validation::pixelInternalFormat(internalformat)].
04-26 15:44:30.151 W/GFXSTREAM( 5633): [GLESv2Validation.cpp(1217)] Error internal format: 0x3 is invalid.
04-26 15:44:30.151 E/GFXSTREAM( 5633): [GL2Encoder.cpp(2814)] GL error 0x501 condition [!GLESv2Validation::pixelFormat(ctx, internalformat) && !GLESv2Validation::pixelInternalFormat(internalformat)].
04-26 15:44:30.151 W/GFXSTREAM( 5633): [GLESv2Validation.cpp(1217)] Error internal format: 0x3 is invalid.
04-26 15:44:30.151 E/GFXSTREAM( 5633): [GL2Encoder.cpp(2814)] GL error 0x501 condition [!GLESv2Validation::pixelFormat(ctx, internalformat) && !GLESv2Validation::pixelInternalFormat(internalformat)].
04-26 15:44:30.151 W/GFXSTREAM( 5633): [GLESv2Validation.cpp(1217)] Error internal format: 0x3 is invalid.
04-26 15:44:30.151 E/GFXSTREAM( 5633): [GL2Encoder.cpp(2814)] GL error 0x501 condition [!GLESv2Validation::pixelFormat(ctx, internalformat) && !GLESv2Validation::pixelInternalFormat(internalformat)].
04-26 15:44:30.151 W/GFXSTREAM( 5633): [GLESv2Validation.cpp(1217)] Error internal format: 0x3 is invalid.
04-26 15:44:30.151 E/GFXSTREAM( 5633): [GL2Encoder.cpp(2814)] GL error 0x501 condition [!GLESv2Validation::pixelFormat(ctx, internalformat) && !GLESv2Validation::pixelInternalFormat(internalformat)].
04-26 15:44:30.151 W/GFXSTREAM( 5633): [GLESv2Validation.cpp(1217)] Error internal format: 0x3 is invalid.
04-26 15:44:30.151 E/GFXSTREAM( 5633): [GL2Encoder.cpp(2814)] GL error 0x501 condition [!GLESv2Validation::pixelFormat(ctx, internalformat) && !GLESv2Validation::pixelInternalFormat(internalformat)].
04-26 15:44:30.152 W/GFXSTREAM( 5633): [GLESv2Validation.cpp(1217)] Error internal format: 0x3 is invalid.
04-26 15:44:30.152 E/GFXSTREAM( 5633): [GL2Encoder.cpp(2814)] GL error 0x501 condition [!GLESv2Validation::pixelFormat(ctx, internalformat) && !GLESv2Validation::pixelInternalFormat(internalformat)].
04-26 15:44:30.152 W/GFXSTREAM( 5633): [GLESv2Validation.cpp(1217)] Error internal format: 0x3 is invalid.
04-26 15:44:30.152 E/GFXSTREAM( 5633): [GL2Encoder.cpp(2814)] GL error 0x501 condition [!GLESv2Validation::pixelFormat(ctx, internalformat) && !GLESv2Validation::pixelInternalFormat(internalformat)].
04-26 15:44:30.152 W/GFXSTREAM( 5633): [GLESv2Validation.cpp(1217)] Error internal format: 0x3 is invalid.
04-26 15:44:30.152 E/GFXSTREAM( 5633): [GL2Encoder.cpp(2814)] GL error 0x501 condition [!GLESv2Validation::pixelFormat(ctx, internalformat) && !GLESv2Validation::pixelInternalFormat(internalformat)].
04-26 15:44:30.152 W/GFXSTREAM( 5633): [GLESv2Validation.cpp(1217)] Error internal format: 0x3 is invalid.
04-26 15:44:30.152 E/GFXSTREAM( 5633): [GL2Encoder.cpp(2814)] GL error 0x501 condition [!GLESv2Validation::pixelFormat(ctx, internalformat) && !GLESv2Validation::pixelInternalFormat(internalformat)].
04-26 15:44:30.153 W/GFXSTREAM( 5633): [GLESv2Validation.cpp(1217)] Error internal format: 0x4 is invalid.
04-26 15:44:30.153 E/GFXSTREAM( 5633): [GL2Encoder.cpp(2814)] GL error 0x501 condition [!GLESv2Validation::pixelFormat(ctx, internalformat) && !GLESv2Validation::pixelInternalFormat(internalformat)].
04-26 15:44:30.153 W/GFXSTREAM( 5633): [GLESv2Validation.cpp(1217)] Error internal format: 0x3 is invalid.
04-26 15:44:30.153 E/GFXSTREAM( 5633): [GL2Encoder.cpp(2814)] GL error 0x501 condition [!GLESv2Validation::pixelFormat(ctx, internalformat) && !GLESv2Validation::pixelInternalFormat(internalformat)].
04-26 15:44:30.153 W/GFXSTREAM( 5633): [GLESv2Validation.cpp(1217)] Error internal format: 0x3 is invalid.
04-26 15:44:30.153 E/GFXSTREAM( 5633): [GL2Encoder.cpp(2814)] GL error 0x501 condition [!GLESv2Validation::pixelFormat(ctx, internalformat) && !GLESv2Validation::pixelInternalFormat(internalformat)].
04-26 15:44:30.153 W/GFXSTREAM( 5633): [GLESv2Validation.cpp(1217)] Error internal format: 0x3 is invalid.
04-26 15:44:30.153 E/GFXSTREAM( 5633): [GL2Encoder.cpp(2814)] GL error 0x501 condition [!GLESv2Validation::pixelFormat(ctx, internalformat) && !GLESv2Validation::pixelInternalFormat(internalformat)].
04-26 15:44:30.153 W/GFXSTREAM( 5633): [GLESv2Validation.cpp(1217)] Error internal format: 0x3 is invalid.
04-26 15:44:30.153 E/GFXSTREAM( 5633): [GL2Encoder.cpp(2814)] GL error 0x501 condition [!GLESv2Validation::pixelFormat(ctx, internalformat) && !GLESv2Validation::pixelInternalFormat(internalformat)].
04-26 15:44:30.154 W/skia    (  566): AGTM parsing failed flags.readFromStream(s) at 159
04-26 15:44:30.154 W/skia    (  566): AGTM parsing failed flags.readFromStream(s) at 159
04-26 15:44:30.154 W/skia    (  566): AGTM parsing failed flags.readFromStream(s) at 159
04-26 15:44:30.154 W/skia    (  566): AGTM parsing failed flags.readFromStream(s) at 159
04-26 15:44:30.154 W/skia    (  566): AGTM parsing failed flags.readFromStream(s) at 159
04-26 15:44:30.155 W/GFXSTREAM( 5633): [GLESv2Validation.cpp(1217)] Error internal format: 0x4 is invalid.
04-26 15:44:30.155 E/GFXSTREAM( 5633): [GL2Encoder.cpp(2814)] GL error 0x501 condition [!GLESv2Validation::pixelFormat(ctx, internalformat) && !GLESv2Validation::pixelInternalFormat(internalformat)].
04-26 15:44:30.155 W/GFXSTREAM( 5633): [GLESv2Validation.cpp(1217)] Error internal format: 0x4 is invalid.
04-26 15:44:30.155 E/GFXSTREAM( 5633): [GL2Encoder.cpp(2814)] GL error 0x501 condition [!GLESv2Validation::pixelFormat(ctx, internalformat) && !GLESv2Validation::pixelInternalFormat(internalformat)].
04-26 15:44:30.155 W/GFXSTREAM( 5633): [GLESv2Validation.cpp(1217)] Error internal format: 0x3 is invalid.
04-26 15:44:30.155 E/GFXSTREAM( 5633): [GL2Encoder.cpp(2814)] GL error 0x501 condition [!GLESv2Validation::pixelFormat(ctx, internalformat) && !GLESv2Validation::pixelInternalFormat(internalformat)].
04-26 15:44:30.156 W/GFXSTREAM( 5633): [GLESv2Validation.cpp(1217)] Error internal format: 0x3 is invalid.
04-26 15:44:30.156 E/GFXSTREAM( 5633): [GL2Encoder.cpp(2814)] GL error 0x501 condition [!GLESv2Validation::pixelFormat(ctx, internalformat) && !GLESv2Validation::pixelInternalFormat(internalformat)].
04-26 15:44:30.156 W/GFXSTREAM( 5633): [GLESv2Validation.cpp(1217)] Error internal format: 0x3 is invalid.
04-26 15:44:30.156 E/GFXSTREAM( 5633): [GL2Encoder.cpp(2814)] GL error 0x501 condition [!GLESv2Validation::pixelFormat(ctx, internalformat) && !GLESv2Validation::pixelInternalFormat(internalformat)].
04-26 15:44:30.156 W/GFXSTREAM( 5633): [GLESv2Validation.cpp(1217)] Error internal format: 0x4 is invalid.
04-26 15:44:30.156 E/GFXSTREAM( 5633): [GL2Encoder.cpp(2814)] GL error 0x501 condition [!GLESv2Validation::pixelFormat(ctx, internalformat) && !GLESv2Validation::pixelInternalFormat(internalformat)].
04-26 15:44:30.157 W/GFXSTREAM( 5633): [GLESv2Validation.cpp(1217)] Error internal format: 0x4 is invalid.
04-26 15:44:30.157 E/GFXSTREAM( 5633): [GL2Encoder.cpp(2814)] GL error 0x501 condition [!GLESv2Validation::pixelFormat(ctx, internalformat) && !GLESv2Validation::pixelInternalFormat(internalformat)].
04-26 15:44:30.158 W/GFXSTREAM( 5633): [GLESv2Validation.cpp(1217)] Error internal format: 0x4 is invalid.
04-26 15:44:30.158 E/GFXSTREAM( 5633): [GL2Encoder.cpp(2814)] GL error 0x501 condition [!GLESv2Validation::pixelFormat(ctx, internalformat) && !GLESv2Validation::pixelInternalFormat(internalformat)].
04-26 15:44:30.158 W/GFXSTREAM( 5633): [GLESv2Validation.cpp(1217)] Error internal format: 0x3 is invalid.
04-26 15:44:30.158 E/GFXSTREAM( 5633): [GL2Encoder.cpp(2814)] GL error 0x501 condition [!GLESv2Validation::pixelFormat(ctx, internalformat) && !GLESv2Validation::pixelInternalFormat(internalformat)].
04-26 15:44:30.158 W/GFXSTREAM( 5633): [GLESv2Validation.cpp(1217)] Error internal format: 0x3 is invalid.
04-26 15:44:30.158 E/GFXSTREAM( 5633): [GL2Encoder.cpp(2814)] GL error 0x501 condition [!GLESv2Validation::pixelFormat(ctx, internalformat) && !GLESv2Validation::pixelInternalFormat(internalformat)].
04-26 15:44:30.159 W/GFXSTREAM( 5633): [GLESv2Validation.cpp(1217)] Error internal format: 0x3 is invalid.
04-26 15:44:30.159 E/GFXSTREAM( 5633): [GL2Encoder.cpp(2814)] GL error 0x501 condition [!GLESv2Validation::pixelFormat(ctx, internalformat) && !GLESv2Validation::pixelInternalFormat(internalformat)].
04-26 15:44:30.159 W/GFXSTREAM( 5633): [GLESv2Validation.cpp(1217)] Error internal format: 0x3 is invalid.
04-26 15:44:30.159 E/GFXSTREAM( 5633): [GL2Encoder.cpp(2814)] GL error 0x501 condition [!GLESv2Validation::pixelFormat(ctx, internalformat) && !GLESv2Validation::pixelInternalFormat(internalformat)].
04-26 15:44:30.159 W/GFXSTREAM( 5633): [GLESv2Validation.cpp(1217)] Error internal format: 0x3 is invalid.
04-26 15:44:30.159 E/GFXSTREAM( 5633): [GL2Encoder.cpp(2814)] GL error 0x501 condition [!GLESv2Validation::pixelFormat(ctx, internalformat) && !GLESv2Validation::pixelInternalFormat(internalformat)].
04-26 15:44:30.159 E/GFXSTREAM( 5633): [GL2Encoder.cpp(2625)] GL error 0x500 condition [!GLESv2Validation::textureParamValue(ctx, pname, param, (GLfloat)param, (GLenum)param)].
04-26 15:44:30.159 E/GFXSTREAM( 5633): [GL2Encoder.cpp(2625)] GL error 0x500 condition [!GLESv2Validation::textureParamValue(ctx, pname, param, (GLfloat)param, (GLenum)param)].
04-26 15:44:30.159 W/GFXSTREAM( 5633): [GLESv2Validation.cpp(1217)] Error internal format: 0x3 is invalid.
04-26 15:44:30.159 E/GFXSTREAM( 5633): [GL2Encoder.cpp(2814)] GL error 0x501 condition [!GLESv2Validation::pixelFormat(ctx, internalformat) && !GLESv2Validation::pixelInternalFormat(internalformat)].
04-26 15:44:30.159 E/GFXSTREAM( 5633): [GL2Encoder.cpp(2625)] GL error 0x500 condition [!GLESv2Validation::textureParamValue(ctx, pname, param, (GLfloat)param, (GLenum)param)].
04-26 15:44:30.159 E/GFXSTREAM( 5633): [GL2Encoder.cpp(2625)] GL error 0x500 condition [!GLESv2Validation::textureParamValue(ctx, pname, param, (GLfloat)param, (GLenum)param)].
04-26 15:44:30.160 W/GFXSTREAM( 5633): [GLESv2Validation.cpp(1217)] Error internal format: 0x3 is invalid.
04-26 15:44:30.160 E/GFXSTREAM( 5633): [GL2Encoder.cpp(2814)] GL error 0x501 condition [!GLESv2Validation::pixelFormat(ctx, internalformat) && !GLESv2Validation::pixelInternalFormat(internalformat)].
04-26 15:44:30.160 E/GFXSTREAM( 5633): [GL2Encoder.cpp(2625)] GL error 0x500 condition [!GLESv2Validation::textureParamValue(ctx, pname, param, (GLfloat)param, (GLenum)param)].
04-26 15:44:30.160 E/GFXSTREAM( 5633): [GL2Encoder.cpp(2625)] GL error 0x500 condition [!GLESv2Validation::textureParamValue(ctx, pname, param, (GLfloat)param, (GLenum)param)].
04-26 15:44:30.160 W/GFXSTREAM( 5633): [GLESv2Validation.cpp(1217)] Error internal format: 0x3 is invalid.
04-26 15:44:30.160 E/GFXSTREAM( 5633): [GL2Encoder.cpp(2814)] GL error 0x501 condition [!GLESv2Validation::pixelFormat(ctx, internalformat) && !GLESv2Validation::pixelInternalFormat(internalformat)].
04-26 15:44:30.160 E/GFXSTREAM( 5633): [GL2Encoder.cpp(2625)] GL error 0x500 condition [!GLESv2Validation::textureParamValue(ctx, pname, param, (GLfloat)param, (GLenum)param)].
04-26 15:44:30.160 E/GFXSTREAM( 5633): [GL2Encoder.cpp(2625)] GL error 0x500 condition [!GLESv2Validation::textureParamValue(ctx, pname, param, (GLfloat)param, (GLenum)param)].
04-26 15:44:30.160 W/GFXSTREAM( 5633): [GLESv2Validation.cpp(1217)] Error internal format: 0x3 is invalid.
04-26 15:44:30.160 E/GFXSTREAM( 5633): [GL2Encoder.cpp(2814)] GL error 0x501 condition [!GLESv2Validation::pixelFormat(ctx, internalformat) && !GLESv2Validation::pixelInternalFormat(internalformat)].
04-26 15:44:30.160 E/GFXSTREAM( 5633): [GL2Encoder.cpp(2625)] GL error 0x500 condition [!GLESv2Validation::textureParamValue(ctx, pname, param, (GLfloat)param, (GLenum)param)].
04-26 15:44:30.160 E/GFXSTREAM( 5633): [GL2Encoder.cpp(2625)] GL error 0x500 condition [!GLESv2Validation::textureParamValue(ctx, pname, param, (GLfloat)param, (GLenum)param)].
04-26 15:44:30.160 W/GFXSTREAM( 5633): [GLESv2Validation.cpp(1217)] Error internal format: 0x3 is invalid.
04-26 15:44:30.160 E/GFXSTREAM( 5633): [GL2Encoder.cpp(2814)] GL error 0x501 condition [!GLESv2Validation::pixelFormat(ctx, internalformat) && !GLESv2Validation::pixelInternalFormat(internalformat)].
04-26 15:44:30.160 E/GFXSTREAM( 5633): [GL2Encoder.cpp(2625)] GL error 0x500 condition [!GLESv2Validation::textureParamValue(ctx, pname, param, (GLfloat)param, (GLenum)param)].
04-26 15:44:30.160 E/GFXSTREAM( 5633): [GL2Encoder.cpp(2625)] GL error 0x500 condition [!GLESv2Validation::textureParamValue(ctx, pname, param, (GLfloat)param, (GLenum)param)].
04-26 15:44:30.160 W/GFXSTREAM( 5633): [GLESv2Validation.cpp(1217)] Error internal format: 0x3 is invalid.
04-26 15:44:30.160 E/GFXSTREAM( 5633): [GL2Encoder.cpp(2814)] GL error 0x501 condition [!GLESv2Validation::pixelFormat(ctx, internalformat) && !GLESv2Validation::pixelInternalFormat(internalformat)].
04-26 15:44:30.161 W/GFXSTREAM( 5633): [GLESv2Validation.cpp(1217)] Error internal format: 0x3 is invalid.
04-26 15:44:30.161 E/GFXSTREAM( 5633): [GL2Encoder.cpp(2814)] GL error 0x501 condition [!GLESv2Validation::pixelFormat(ctx, internalformat) && !GLESv2Validation::pixelInternalFormat(internalformat)].
04-26 15:44:30.161 W/GFXSTREAM( 5633): [GLESv2Validation.cpp(1217)] Error internal format: 0x3 is invalid.
04-26 15:44:30.161 E/GFXSTREAM( 5633): [GL2Encoder.cpp(2814)] GL error 0x501 condition [!GLESv2Validation::pixelFormat(ctx, internalformat) && !GLESv2Validation::pixelInternalFormat(internalformat)].
04-26 15:44:30.161 W/GFXSTREAM( 5633): [GLESv2Validation.cpp(1217)] Error internal format: 0x4 is invalid.
04-26 15:44:30.161 E/GFXSTREAM( 5633): [GL2Encoder.cpp(2814)] GL error 0x501 condition [!GLESv2Validation::pixelFormat(ctx, internalformat) && !GLESv2Validation::pixelInternalFormat(internalformat)].
04-26 15:44:30.161 W/GFXSTREAM( 5633): [GLESv2Validation.cpp(1217)] Error internal format: 0x4 is invalid.
04-26 15:44:30.161 E/GFXSTREAM( 5633): [GL2Encoder.cpp(2814)] GL error 0x501 condition [!GLESv2Validation::pixelFormat(ctx, internalformat) && !GLESv2Validation::pixelInternalFormat(internalformat)].
04-26 15:44:30.161 W/GFXSTREAM( 5633): [GLESv2Validation.cpp(1217)] Error internal format: 0x4 is invalid.
04-26 15:44:30.161 E/GFXSTREAM( 5633): [GL2Encoder.cpp(2814)] GL error 0x501 condition [!GLESv2Validation::pixelFormat(ctx, internalformat) && !GLESv2Validation::pixelInternalFormat(internalformat)].
04-26 15:44:30.162 W/GFXSTREAM( 5633): [GLESv2Validation.cpp(1217)] Error internal format: 0x4 is invalid.
04-26 15:44:30.162 E/GFXSTREAM( 5633): [GL2Encoder.cpp(2814)] GL error 0x501 condition [!GLESv2Validation::pixelFormat(ctx, internalformat) && !GLESv2Validation::pixelInternalFormat(internalformat)].
04-26 15:44:30.162 W/GFXSTREAM( 5633): [GLESv2Validation.cpp(1217)] Error internal format: 0x4 is invalid.
04-26 15:44:30.162 E/GFXSTREAM( 5633): [GL2Encoder.cpp(2814)] GL error 0x501 condition [!GLESv2Validation::pixelFormat(ctx, internalformat) && !GLESv2Validation::pixelInternalFormat(internalformat)].
04-26 15:44:30.162 W/GFXSTREAM( 5633): [GLESv2Validation.cpp(1217)] Error internal format: 0x4 is invalid.
04-26 15:44:30.162 E/GFXSTREAM( 5633): [GL2Encoder.cpp(2814)] GL error 0x501 condition [!GLESv2Validation::pixelFormat(ctx, internalformat) && !GLESv2Validation::pixelInternalFormat(internalformat)].
04-26 15:44:30.162 W/GFXSTREAM( 5633): [GLESv2Validation.cpp(1217)] Error internal format: 0x4 is invalid.
04-26 15:44:30.162 E/GFXSTREAM( 5633): [GL2Encoder.cpp(2814)] GL error 0x501 condition [!GLESv2Validation::pixelFormat(ctx, internalformat) && !GLESv2Validation::pixelInternalFormat(internalformat)].
04-26 15:44:30.163 W/GFXSTREAM( 5633): [GLESv2Validation.cpp(1217)] Error internal format: 0x3 is invalid.
04-26 15:44:30.163 E/GFXSTREAM( 5633): [GL2Encoder.cpp(2814)] GL error 0x501 condition [!GLESv2Validation::pixelFormat(ctx, internalformat) && !GLESv2Validation::pixelInternalFormat(internalformat)].
04-26 15:44:30.163 W/GFXSTREAM( 5633): [GLESv2Validation.cpp(1217)] Error internal format: 0x3 is invalid.
04-26 15:44:30.163 E/GFXSTREAM( 5633): [GL2Encoder.cpp(2814)] GL error 0x501 condition [!GLESv2Validation::pixelFormat(ctx, internalformat) && !GLESv2Validation::pixelInternalFormat(internalformat)].
04-26 15:44:30.163 W/GFXSTREAM( 5633): [GLESv2Validation.cpp(1217)] Error internal format: 0x3 is invalid.
04-26 15:44:30.163 E/GFXSTREAM( 5633): [GL2Encoder.cpp(2814)] GL error 0x501 condition [!GLESv2Validation::pixelFormat(ctx, internalformat) && !GLESv2Validation::pixelInternalFormat(internalformat)].
04-26 15:44:30.163 W/GFXSTREAM( 5633): [GLESv2Validation.cpp(1217)] Error internal format: 0x3 is invalid.
04-26 15:44:30.164 E/GFXSTREAM( 5633): [GL2Encoder.cpp(2814)] GL error 0x501 condition [!GLESv2Validation::pixelFormat(ctx, internalformat) && !GLESv2Validation::pixelInternalFormat(internalformat)].
04-26 15:44:30.164 W/GFXSTREAM( 5633): [GLESv2Validation.cpp(1217)] Error internal format: 0x3 is invalid.
04-26 15:44:30.164 E/GFXSTREAM( 5633): [GL2Encoder.cpp(2814)] GL error 0x501 condition [!GLESv2Validation::pixelFormat(ctx, internalformat) && !GLESv2Validation::pixelInternalFormat(internalformat)].
04-26 15:44:30.164 W/GFXSTREAM( 5633): [GLESv2Validation.cpp(1217)] Error internal format: 0x3 is invalid.
04-26 15:44:30.164 E/GFXSTREAM( 5633): [GL2Encoder.cpp(2814)] GL error 0x501 condition [!GLESv2Validation::pixelFormat(ctx, internalformat) && !GLESv2Validation::pixelInternalFormat(internalformat)].
04-26 15:44:30.164 W/GFXSTREAM( 5633): [GLESv2Validation.cpp(1217)] Error internal format: 0x3 is invalid.
04-26 15:44:30.164 E/GFXSTREAM( 5633): [GL2Encoder.cpp(2814)] GL error 0x501 condition [!GLESv2Validation::pixelFormat(ctx, internalformat) && !GLESv2Validation::pixelInternalFormat(internalformat)].
04-26 15:44:30.164 W/GFXSTREAM( 5633): [GLESv2Validation.cpp(1217)] Error internal format: 0x3 is invalid.
04-26 15:44:30.164 E/GFXSTREAM( 5633): [GL2Encoder.cpp(2814)] GL error 0x501 condition [!GLESv2Validation::pixelFormat(ctx, internalformat) && !GLESv2Validation::pixelInternalFormat(internalformat)].
04-26 15:44:30.164 W/GFXSTREAM( 5633): [GLESv2Validation.cpp(1217)] Error internal format: 0x3 is invalid.
04-26 15:44:30.164 E/GFXSTREAM( 5633): [GL2Encoder.cpp(2814)] GL error 0x501 condition [!GLESv2Validation::pixelFormat(ctx, internalformat) && !GLESv2Validation::pixelInternalFormat(internalformat)].
04-26 15:44:30.165 W/GFXSTREAM( 5633): [GLESv2Validation.cpp(1217)] Error internal format: 0x3 is invalid.
04-26 15:44:30.165 E/GFXSTREAM( 5633): [GL2Encoder.cpp(2814)] GL error 0x501 condition [!GLESv2Validation::pixelFormat(ctx, internalformat) && !GLESv2Validation::pixelInternalFormat(internalformat)].
04-26 15:44:30.165 W/GFXSTREAM( 5633): [GLESv2Validation.cpp(1217)] Error internal format: 0x3 is invalid.
04-26 15:44:30.165 E/GFXSTREAM( 5633): [GL2Encoder.cpp(2814)] GL error 0x501 condition [!GLESv2Validation::pixelFormat(ctx, internalformat) && !GLESv2Validation::pixelInternalFormat(internalformat)].
04-26 15:44:30.165 W/GFXSTREAM( 5633): [GLESv2Validation.cpp(1217)] Error internal format: 0x3 is invalid.
04-26 15:44:30.165 E/GFXSTREAM( 5633): [GL2Encoder.cpp(2814)] GL error 0x501 condition [!GLESv2Validation::pixelFormat(ctx, internalformat) && !GLESv2Validation::pixelInternalFormat(internalformat)].
04-26 15:44:30.165 W/GFXSTREAM( 5633): [GLESv2Validation.cpp(1217)] Error internal format: 0x3 is invalid.
04-26 15:44:30.165 E/GFXSTREAM( 5633): [GL2Encoder.cpp(2814)] GL error 0x501 condition [!GLESv2Validation::pixelFormat(ctx, internalformat) && !GLESv2Validation::pixelInternalFormat(internalformat)].
04-26 15:44:30.165 W/GFXSTREAM( 5633): [GLESv2Validation.cpp(1217)] Error internal format: 0x3 is invalid.
04-26 15:44:30.165 E/GFXSTREAM( 5633): [GL2Encoder.cpp(2814)] GL error 0x501 condition [!GLESv2Validation::pixelFormat(ctx, internalformat) && !GLESv2Validation::pixelInternalFormat(internalformat)].
04-26 15:44:30.165 W/GFXSTREAM( 5633): [GLESv2Validation.cpp(1217)] Error internal format: 0x3 is invalid.
04-26 15:44:30.165 E/GFXSTREAM( 5633): [GL2Encoder.cpp(2814)] GL error 0x501 condition [!GLESv2Validation::pixelFormat(ctx, internalformat) && !GLESv2Validation::pixelInternalFormat(internalformat)].
04-26 15:44:30.166 W/GFXSTREAM( 5633): [GLESv2Validation.cpp(1217)] Error internal format: 0x3 is invalid.
04-26 15:44:30.166 E/GFXSTREAM( 5633): [GL2Encoder.cpp(2814)] GL error 0x501 condition [!GLESv2Validation::pixelFormat(ctx, internalformat) && !GLESv2Validation::pixelInternalFormat(internalformat)].
04-26 15:44:30.166 W/GFXSTREAM( 5633): [GLESv2Validation.cpp(1217)] Error internal format: 0x3 is invalid.
04-26 15:44:30.166 E/GFXSTREAM( 5633): [GL2Encoder.cpp(2814)] GL error 0x501 condition [!GLESv2Validation::pixelFormat(ctx, internalformat) && !GLESv2Validation::pixelInternalFormat(internalformat)].
04-26 15:44:30.166 W/GFXSTREAM( 5633): [GLESv2Validation.cpp(1217)] Error internal format: 0x3 is invalid.
04-26 15:44:30.166 E/GFXSTREAM( 5633): [GL2Encoder.cpp(2814)] GL error 0x501 condition [!GLESv2Validation::pixelFormat(ctx, internalformat) && !GLESv2Validation::pixelInternalFormat(internalformat)].
04-26 15:44:30.166 W/GFXSTREAM( 5633): [GLESv2Validation.cpp(1217)] Error internal format: 0x3 is invalid.
04-26 15:44:30.166 E/GFXSTREAM( 5633): [GL2Encoder.cpp(2814)] GL error 0x501 condition [!GLESv2Validation::pixelFormat(ctx, internalformat) && !GLESv2Validation::pixelInternalFormat(internalformat)].
04-26 15:44:30.166 W/GFXSTREAM( 5633): [GLESv2Validation.cpp(1217)] Error internal format: 0x3 is invalid.
04-26 15:44:30.166 E/GFXSTREAM( 5633): [GL2Encoder.cpp(2814)] GL error 0x501 condition [!GLESv2Validation::pixelFormat(ctx, internalformat) && !GLESv2Validation::pixelInternalFormat(internalformat)].
04-26 15:44:30.166 I/TakumiErrorReport( 5633): > First Load Files OK.
04-26 15:44:30.169 W/skia    (  566): AGTM parsing failed flags.readFromStream(s) at 159
04-26 15:44:30.170 W/skia    (  566): AGTM parsing failed flags.readFromStream(s) at 159
04-26 15:44:30.170 W/skia    (  566): AGTM parsing failed flags.readFromStream(s) at 159
04-26 15:44:30.170 W/skia    (  566): AGTM parsing failed flags.readFromStream(s) at 159
04-26 15:44:30.170 W/skia    (  566): AGTM parsing failed flags.readFromStream(s) at 159
04-26 15:44:30.176 W/libc    ( 5633): malloc(18446744073709551615) failed: returning null pointer
04-26 15:44:30.177 E/MuMain  ( 5633): Scene exception scene=1 world=-1: std::bad_alloc
04-26 15:44:30.179 E/BLASTBufferQueue( 5633): [aea69ca SurfaceView[com.muonline.client/com.muonline.client.MuMainActivity]#2](f:0,a:0) rejecting buffer:active_size=2268x1080, requested_size=2268x1080 buffer{size=2268x943 transform=0}
04-26 15:44:30.186 W/skia    (  566): AGTM parsing failed flags.readFromStream(s) at 159
04-26 15:44:30.187 W/skia    (  566): AGTM parsing failed flags.readFromStream(s) at 159
04-26 15:44:30.187 W/skia    (  566): AGTM parsing failed flags.readFromStream(s) at 159
04-26 15:44:30.187 W/skia    (  566): AGTM parsing failed flags.readFromStream(s) at 159
04-26 15:44:30.187 W/skia    (  566): AGTM parsing failed flags.readFromStream(s) at 159
04-26 15:44:30.192 I/MuMain  ( 5633): Frame 0 — drawCalls=26 verts=156 paths(im=26 vaD=0 vaC=0 qI=0 qE=0) SDL_err='Couldn't open asset '/storage/emulated/0/Android/data/com.muonline.client/files/Data/fonts/font_.ttf''
04-26 15:44:30.192 I/TakumiErrorReport( 5633): File not found Data\Interface\lo_back_s5_im01.jpg (31125)->Data\Interface\lo_back_im01.jpg
04-26 15:44:30.193 W/GFXSTREAM( 5633): [GLESv2Validation.cpp(1217)] Error internal format: 0x3 is invalid.
04-26 15:44:30.193 E/GFXSTREAM( 5633): [GL2Encoder.cpp(2814)] GL error 0x501 condition [!GLESv2Validation::pixelFormat(ctx, internalformat) && !GLESv2Validation::pixelInternalFormat(internalformat)].
04-26 15:44:30.193 I/TakumiErrorReport( 5633): File not found Data\Interface\lo_back_s5_im02.jpg (31126)->Data\Interface\lo_back_im02.jpg
04-26 15:44:30.193 W/GFXSTREAM( 5633): [GLESv2Validation.cpp(1217)] Error internal format: 0x3 is invalid.
04-26 15:44:30.193 E/GFXSTREAM( 5633): [GL2Encoder.cpp(2814)] GL error 0x501 condition [!GLESv2Validation::pixelFormat(ctx, internalformat) && !GLESv2Validation::pixelInternalFormat(internalformat)].
04-26 15:44:30.193 I/TakumiErrorReport( 5633): File not found Data\Interface\lo_back_s5_im03.jpg (31127)->Data\Interface\lo_back_im03.jpg
04-26 15:44:30.193 W/GFXSTREAM( 5633): [GLESv2Validation.cpp(1217)] Error internal format: 0x3 is invalid.
04-26 15:44:30.193 E/GFXSTREAM( 5633): [GL2Encoder.cpp(2814)] GL error 0x501 condition [!GLESv2Validation::pixelFormat(ctx, internalformat) && !GLESv2Validation::pixelInternalFormat(internalformat)].
04-26 15:44:30.193 I/TakumiErrorReport( 5633): File not found Data\Interface\lo_back_s5_im04.jpg (31128)->Data\Interface\lo_back_im04.jpg
04-26 15:44:30.194 W/GFXSTREAM( 5633): [GLESv2Validation.cpp(1217)] Error internal format: 0x3 is invalid.
04-26 15:44:30.194 E/GFXSTREAM( 5633): [GL2Encoder.cpp(2814)] GL error 0x501 condition [!GLESv2Validation::pixelFormat(ctx, internalformat) && !GLESv2Validation::pixelInternalFormat(internalformat)].
04-26 15:44:30.194 I/TakumiErrorReport( 5633): File not found Data\Interface\lo_back_s5_im05.jpg (31129)->Data\Interface\lo_back_im05.jpg
04-26 15:44:30.194 W/GFXSTREAM( 5633): [GLESv2Validation.cpp(1217)] Error internal format: 0x3 is invalid.
04-26 15:44:30.194 E/GFXSTREAM( 5633): [GL2Encoder.cpp(2814)] GL error 0x501 condition [!GLESv2Validation::pixelFormat(ctx, internalformat) && !GLESv2Validation::pixelInternalFormat(internalformat)].
04-26 15:44:30.194 I/TakumiErrorReport( 5633): File not found Data\Interface\lo_back_s5_im06.jpg (31130)->Data\Interface\lo_back_im06.jpg
04-26 15:44:30.194 W/GFXSTREAM( 5633): [GLESv2Validation.cpp(1217)] Error internal format: 0x3 is invalid.
04-26 15:44:30.194 E/GFXSTREAM( 5633): [GL2Encoder.cpp(2814)] GL error 0x501 condition [!GLESv2Validation::pixelFormat(ctx, internalformat) && !GLESv2Validation::pixelInternalFormat(internalformat)].
04-26 15:44:30.195 I/TakumiErrorReport( 5633): File not found Data\Effect\Shiny05.jpg (32118)->Data\Effect\Shiny04.jpg
04-26 15:44:30.195 W/GFXSTREAM( 5633): [GLESv2Validation.cpp(1217)] Error internal format: 0x3 is invalid.
04-26 15:44:30.195 E/GFXSTREAM( 5633): [GL2Encoder.cpp(2814)] GL error 0x501 condition [!GLESv2Validation::pixelFormat(ctx, internalformat) && !GLESv2Validation::pixelInternalFormat(internalformat)].
04-26 15:44:30.195 I/TakumiErrorReport( 5633): File not found Data\Effect\Shiny04.jpg (32118)->Data\Effect\Shiny05.jpg
04-26 15:44:30.196 W/GFXSTREAM( 5633): [GLESv2Validation.cpp(1217)] Error internal format: 0x3 is invalid.
04-26 15:44:30.196 E/GFXSTREAM( 5633): [GL2Encoder.cpp(2814)] GL error 0x501 condition [!GLESv2Validation::pixelFormat(ctx, internalformat) && !GLESv2Validation::pixelInternalFormat(internalformat)].
04-26 15:44:30.196 I/TakumiErrorReport( 5633): > First Load Files OK.
04-26 15:44:30.204 W/skia    (  566): AGTM parsing failed flags.readFromStream(s) at 159
04-26 15:44:30.204 W/skia    (  566): AGTM parsing failed flags.readFromStream(s) at 159
04-26 15:44:30.204 W/skia    (  566): AGTM parsing failed flags.readFromStream(s) at 159
04-26 15:44:30.204 W/skia    (  566): AGTM parsing failed flags.readFromStream(s) at 159
04-26 15:44:30.204 W/skia    (  566): AGTM parsing failed flags.readFromStream(s) at 159
04-26 15:44:30.220 W/skia    (  566): AGTM parsing failed flags.readFromStream(s) at 159
04-26 15:44:30.220 W/skia    (  566): AGTM parsing failed flags.readFromStream(s) at 159
04-26 15:44:30.220 W/skia    (  566): AGTM parsing failed flags.readFromStream(s) at 159
04-26 15:44:30.220 W/skia    (  566): AGTM parsing failed flags.readFromStream(s) at 159
04-26 15:44:30.220 W/skia    (  566): AGTM parsing failed flags.readFromStream(s) at 159
04-26 15:44:30.236 W/skia    (  566): AGTM parsing failed flags.readFromStream(s) at 159
04-26 15:44:30.236 W/skia    (  566): AGTM parsing failed flags.readFromStream(s) at 159
04-26 15:44:30.236 W/skia    (  566): AGTM parsing failed flags.readFromStream(s) at 159
04-26 15:44:30.237 W/skia    (  566): AGTM parsing failed flags.readFromStream(s) at 159
04-26 15:44:30.237 W/skia    (  566): AGTM parsing failed flags.readFromStream(s) at 159
04-26 15:44:30.253 W/skia    (  566): AGTM parsing failed flags.readFromStream(s) at 159
04-26 15:44:30.253 W/skia    (  566): AGTM parsing failed flags.readFromStream(s) at 159
04-26 15:44:30.253 W/skia    (  566): AGTM parsing failed flags.readFromStream(s) at 159
04-26 15:44:30.253 W/skia    (  566): AGTM parsing failed flags.readFromStream(s) at 159
04-26 15:44:30.253 W/skia    (  566): AGTM parsing failed flags.readFromStream(s) at 159
04-26 15:44:30.270 W/skia    (  566): AGTM parsing failed flags.readFromStream(s) at 159
04-26 15:44:30.271 W/skia    (  566): AGTM parsing failed flags.readFromStream(s) at 159
04-26 15:44:30.271 W/skia    (  566): AGTM parsing failed flags.readFromStream(s) at 159
04-26 15:44:30.271 W/skia    (  566): AGTM parsing failed flags.readFromStream(s) at 159
04-26 15:44:30.271 W/skia    (  566): AGTM parsing failed flags.readFromStream(s) at 159
04-26 15:44:30.287 W/skia    (  566): AGTM parsing failed flags.readFromStream(s) at 159
04-26 15:44:30.287 W/skia    (  566): AGTM parsing failed flags.readFromStream(s) at 159
04-26 15:44:30.287 W/skia    (  566): AGTM parsing failed flags.readFromStream(s) at 159
04-26 15:44:30.288 W/skia    (  566): AGTM parsing failed flags.readFromStream(s) at 159
04-26 15:44:30.288 W/skia    (  566): AGTM parsing failed flags.readFromStream(s) at 159
04-26 15:44:30.303 W/skia    (  566): AGTM parsing failed flags.readFromStream(s) at 159
04-26 15:44:30.303 W/skia    (  566): AGTM parsing failed flags.readFromStream(s) at 159
04-26 15:44:30.303 W/skia    (  566): AGTM parsing failed flags.readFromStream(s) at 159
04-26 15:44:30.320 W/skia    (  566): AGTM parsing failed flags.readFromStream(s) at 159
04-26 15:44:30.320 W/skia    (  566): AGTM parsing failed flags.readFromStream(s) at 159
04-26 15:44:30.320 W/skia    (  566): AGTM parsing failed flags.readFromStream(s) at 159
04-26 15:44:30.336 W/skia    (  566): AGTM parsing failed flags.readFromStream(s) at 159
04-26 15:44:30.336 W/skia    (  566): AGTM parsing failed flags.readFromStream(s) at 159
04-26 15:44:30.336 W/skia    (  566): AGTM parsing failed flags.readFromStream(s) at 159
04-26 15:44:30.337 I/ImeTracker(  736): system_server:c11189e9: onRequestHide at ORIGIN_SERVER reason IME_REQUESTED_CHANGED_LISTENER fromUser false displayId 0
04-26 15:44:30.338 I/ImeTracker(  736): system_server:c11189e9: onCancelled at PHASE_SERVER_SHOULD_HIDE
04-26 15:44:30.343 I/Finsky  ( 4164): [48] WM::SCH: Logging work initialize for 12-1
04-26 15:44:30.350 I/Finsky  ( 4164): [48] WM::SCH: Logging work initialize for 12-1
04-26 15:44:30.353 W/skia    (  566): AGTM parsing failed flags.readFromStream(s) at 159
04-26 15:44:30.354 W/skia    (  566): AGTM parsing failed flags.readFromStream(s) at 159
04-26 15:44:30.354 W/skia    (  566): AGTM parsing failed flags.readFromStream(s) at 159
04-26 15:44:30.359 W/.apps.wellbeing( 4511): Missing inline cache for int pel.a(java.lang.Object)
04-26 15:44:30.362 I/Finsky  ( 4164): [56] SCH: Scheduling phonesky job Id: 12-1, CT: 1777193068703, Constraints: [{ L: 15000, D: 86400000, C: CHARGING_NONE, I: IDLE_NONE, N: NET_ANY, B: BATTERY_ANY }]
04-26 15:44:30.370 W/skia    (  566): AGTM parsing failed flags.readFromStream(s) at 159
04-26 15:44:30.370 W/skia    (  566): AGTM parsing failed flags.readFromStream(s) at 159
04-26 15:44:30.370 W/skia    (  566): AGTM parsing failed flags.readFromStream(s) at 159
04-26 15:44:30.371 I/Finsky  ( 4164): [55] SCH: Scheduling 1 system job(s)
04-26 15:44:30.372 I/Finsky  ( 4164): [55] SCH: Scheduling system job Id: 9732, L: 13332, D: 60807316, C: false, I: false, N: 1
04-26 15:44:30.386 W/skia    (  566): AGTM parsing failed flags.readFromStream(s) at 159
04-26 15:44:30.386 W/skia    (  566): AGTM parsing failed flags.readFromStream(s) at 159
04-26 15:44:30.387 I/Finsky  ( 4164): [47] [ContentSync] finished, scheduled=true
04-26 15:44:30.387 W/skia    (  566): AGTM parsing failed flags.readFromStream(s) at 159
04-26 15:44:30.387 I/Finsky  ( 4164): [54] SCH: Scheduling phonesky job Id: 12-1, CT: 1777193068610, Constraints: [{ L: 15000, D: 86400000, C: CHARGING_NONE, I: IDLE_NONE, N: NET_ANY, B: BATTERY_ANY }]
04-26 15:44:30.389 D/AF::Track(  560): interceptBuffer: took 1430us to intercept 0 tracks
04-26 15:44:30.394 I/Finsky  ( 4164): [53] SCH: Scheduling 1 system job(s)
04-26 15:44:30.394 I/Finsky  ( 4164): [53] SCH: Scheduling system job Id: 9732, L: 13216, D: 60807293, C: false, I: false, N: 1
04-26 15:44:30.402 W/skia    (  566): AGTM parsing failed flags.readFromStream(s) at 159
04-26 15:44:30.402 W/skia    (  566): AGTM parsing failed flags.readFromStream(s) at 159
04-26 15:44:30.402 W/skia    (  566): AGTM parsing failed flags.readFromStream(s) at 159
04-26 15:44:30.411 I/Finsky  ( 4164): [48] [ContentSync] finished, scheduled=true
04-26 15:44:30.420 V/WindowManagerShell( 1036): Transition animation finished (aborted=false), notifying core (#20) android.os.BinderProxy@998535a@0
04-26 15:44:30.421 W/skia    (  566): AGTM parsing failed flags.readFromStream(s) at 159
04-26 15:44:30.421 W/skia    (  566): AGTM parsing failed flags.readFromStream(s) at 159
04-26 15:44:30.421 W/skia    (  566): AGTM parsing failed flags.readFromStream(s) at 159
04-26 15:44:30.423 V/WindowManager(  736): Finish Transition (#20): created at 04-26 15:44:29.763 collect-started=0.044ms request-sent=3.798ms started=6.477ms ready=14.851ms sent=163.778ms commit=25.684ms finished=659.2ms
04-26 15:44:30.425 D/VRI[PreloadActivity]( 5633): visibilityChanged oldVisibility=true newVisibility=false
04-26 15:44:30.425 V/WindowManagerShell( 1036): Track 0 became idle
04-26 15:44:30.425 V/WindowManagerShell( 1036): All active transition animations finished
04-26 15:44:30.442 D/WindowOnBackDispatcher( 5633): setTopOnBackInvokedCallback (unwrapped): null
04-26 15:44:30.443 D/CoreBackPreview(  736): Window{6986e7c u0 com.muonline.client/com.muonline.client.PreloadActivity}: Setting back callback null
04-26 15:44:30.443 D/ViewRootImpl( 5633): Skipping stats log for color mode
04-26 15:44:32.117 I/AdbWifiNetworkMonitor(  736): Wi-Fi network available
04-26 15:44:32.117 I/AdbWifiNetworkMonitor(  736): Received the same Wi-Fi SSID. Ignoring.
04-26 15:44:32.118 I/HalDevMgr(  736): bestIfaceCreationProposal is null, requestIface=STA, existingIface=[name=wlan0 type=STA]
04-26 15:44:32.119 W/libbinder.IPCThreadState(  736): Sending oneway calls to frozen process.
04-26 15:44:32.119 W/libbinder.IPCThreadState(  736): Sending oneway calls to frozen process.
04-26 15:44:32.120 I/NullBinder( 1366): NullBinder for android.net.action.RECOMMEND_NETWORKS triggering remote TransactionTooLargeException due to Service without Chimera impl, calling uid: 1000, calling pid: 0
04-26 15:44:32.120 W/libbinder.Binder( 1366): Large reply transaction of 1056768 bytes, interface descriptor , function: UNKNOWN_FUNCTION_NAME, code: 1, flags: 17
04-26 15:44:32.124 D/IpClient/wlan0( 1160): interfaceLinkStateChanged: ifindex 16 up
04-26 15:44:32.128 D/IpClient/wlan0( 1160): interfaceLinkStateChanged: ifindex 16 up
04-26 15:44:32.753 E/TaskPersister(  736): File error accessing recents directory (directory doesn't exist?).
04-26 15:44:33.521 I/artd    ( 2780): GetBestInfo: odex next to the dex file (/data/app/~~PqdBwR9WSFUNw4iaJMgoGg==/com.google.android.gms-95Dc1VeYXyONiCBDqz_lkA==/oat/x86_64/base.odex) is kOatUpToDate with filter 'speed-profile' executable 'false'
04-26 15:44:33.523 I/artd    ( 2780): GetBestInfo: dm (/data/app/~~PqdBwR9WSFUNw4iaJMgoGg==/com.google.android.gms-95Dc1VeYXyONiCBDqz_lkA==/split_AdsDynamite_installtime.dm) is kOatUpToDate with filter 'verify' executable 'false'
04-26 15:44:33.524 I/artd    ( 2780): GetBestInfo: dm (/data/app/~~PqdBwR9WSFUNw4iaJMgoGg==/com.google.android.gms-95Dc1VeYXyONiCBDqz_lkA==/split_CronetDynamite_installtime.dm) is kOatUpToDate with filter 'verify' executable 'false'
04-26 15:44:33.526 I/artd    ( 2780): GetBestInfo: dm (/data/app/~~PqdBwR9WSFUNw4iaJMgoGg==/com.google.android.gms-95Dc1VeYXyONiCBDqz_lkA==/split_DynamiteLoader_installtime.dm) is kOatUpToDate with filter 'verify' executable 'false'
04-26 15:44:33.527 I/artd    ( 2780): GetBestInfo: dm (/data/app/~~PqdBwR9WSFUNw4iaJMgoGg==/com.google.android.gms-95Dc1VeYXyONiCBDqz_lkA==/split_DynamiteModulesA_installtime.dm) is kOatUpToDate with filter 'verify' executable 'false'
04-26 15:44:33.529 I/artd    ( 2780): GetBestInfo: dm (/data/app/~~PqdBwR9WSFUNw4iaJMgoGg==/com.google.android.gms-95Dc1VeYXyONiCBDqz_lkA==/split_DynamiteModulesC_installtime.dm) is kOatUpToDate with filter 'verify' executable 'false'
04-26 15:44:33.530 I/artd    ( 2780): GetBestInfo: dm (/data/app/~~PqdBwR9WSFUNw4iaJMgoGg==/com.google.android.gms-95Dc1VeYXyONiCBDqz_lkA==/split_GoogleCertificates_installtime.dm) is kOatUpToDate with filter 'verify' executable 'false'
04-26 15:44:33.532 I/artd    ( 2780): GetBestInfo: dm (/data/app/~~PqdBwR9WSFUNw4iaJMgoGg==/com.google.android.gms-95Dc1VeYXyONiCBDqz_lkA==/split_MapsDynamite_installtime.dm) is kOatUpToDate with filter 'verify' executable 'false'
04-26 15:44:33.533 I/artd    ( 2780): GetBestInfo: dm (/data/app/~~PqdBwR9WSFUNw4iaJMgoGg==/com.google.android.gms-95Dc1VeYXyONiCBDqz_lkA==/split_MeasurementDynamite_installtime.dm) is kOatUpToDate with filter 'verify' executable 'false'
