04-26 16:42:53.655 I/artd    ( 2780): GetBestInfo: /data/user_de/0/com.google.android.gms/app_chimera/m/00000011/dl-VisionOcr.optional_261332100000.apk has no usable artifacts
04-26 16:42:53.657 I/artd    ( 2780): GetBestInfo: /data/user_de/0/com.google.android.gms/app_chimera/m/00000015/dl-MlkitBarcodeUi.optional_261332100800.apk has no usable artifacts
04-26 16:42:53.659 I/artd    ( 2780): GetBestInfo: /data/user_de/0/com.google.android.gms/app_chimera/m/00000009/dl-MlkitOcrCommon.optional_260235100800.apk has no usable artifacts
04-26 16:42:53.661 I/artd    ( 2780): GetBestInfo: vdex next to the dex file (/data/user/0/com.google.android.gms/app_dg_cache/CE973E4DE823F0AA69070767A9FABB590DDD455C/oat/x86_64/the.vdex) is kOatUpToDate with filter 'verify' executable 'false'
04-26 16:42:53.662 I/artd    ( 2780): GetBestInfo: /data/user_de/0/com.google.android.gms/app_chimera/m/00000007/MeasurementDynamite.apk has no usable artifacts
04-26 16:42:53.704 I/MuMain  ( 8613): PERF fps=19.2 frameMs=52.04 phase(render=50.88 pad=0.04 present=1.02) renderLevel=4 fxScale=1.00 maxMsg=30 avg(draw=545 verts=44648 im=1618 vaD=0 vaC=0 qI=155 qE=0) max(draw=577 verts=46590)
04-26 16:42:53.704 I/MuMain  ( 8613): PERF_SCENE world=73 char(live=0 vis=0 ply=0 mon=0 npc=0 pet=0 prio=0 topMon=-1 x0) obj(live=375 vis=151 op=0 trap=0 topObj=155 x20)
04-26 16:42:53.704 I/MuMain  ( 8613): PERF_BUCKET objMove(cand=0 upd=0 def=0 n=0 m=0 f=0) objRender(cand=0 draw=0 cull=0 n=0 m=0 f=0 visDraw=0 visDef=0) charMove(cand=0 upd=0 def=0 n=0 m=0 f=0) charRender(cand=0 draw=0 def=0 cull=0 n=0 m=0 f=0)
04-26 16:42:53.704 I/MuMain  ( 8613): PERF_TERRAIN world=73 normal(block=0 tile=0) grass(block=0 tile=0) after(block=0 tile=0)
04-26 16:42:54.254 I/HalDevMgr(  736): bestIfaceCreationProposal is null, requestIface=STA, existingIface=[name=wlan0 type=STA]
04-26 16:42:54.509 I/MuMain  ( 8613): ADAPT fx scale: fps=27.3 frameMs=36.63 1.00->0.90 target=0.80
04-26 16:42:54.624 W/skia    (  566): AGTM parsing failed flags.readFromStream(s) at 159
04-26 16:42:54.726 W/skia    (  566): AGTM parsing failed flags.readFromStream(s) at 159
04-26 16:42:54.763 I/MuMain  ( 8613): PERF fps=23.7 frameMs=42.24 phase(render=41.33 pad=0.03 present=0.74) renderLevel=4 fxScale=1.00 maxMsg=30 avg(draw=630 verts=51315 im=1574 vaD=0 vaC=0 qI=120 qE=0) max(draw=684 verts=52647)
04-26 16:42:54.763 I/MuMain  ( 8613): PERF_SCENE world=73 char(live=0 vis=0 ply=0 mon=0 npc=0 pet=0 prio=0 topMon=-1 x0) obj(live=375 vis=187 op=0 trap=0 topObj=79 x25)
04-26 16:42:54.763 I/MuMain  ( 8613): PERF_BUCKET objMove(cand=0 upd=0 def=0 n=0 m=0 f=0) objRender(cand=0 draw=0 cull=0 n=0 m=0 f=0 visDraw=0 visDef=0) charMove(cand=0 upd=0 def=0 n=0 m=0 f=0) charRender(cand=0 draw=0 def=0 cull=0 n=0 m=0 f=0)
04-26 16:42:54.763 I/MuMain  ( 8613): PERF_TERRAIN world=73 normal(block=0 tile=0) grass(block=0 tile=0) after(block=0 tile=0)
04-26 16:42:54.828 W/skia    (  566): AGTM parsing failed flags.readFromStream(s) at 159
04-26 16:42:54.930 W/skia    (  566): AGTM parsing failed flags.readFromStream(s) at 159
04-26 16:42:55.031 W/skia    (  566): AGTM parsing failed flags.readFromStream(s) at 159
04-26 16:42:55.133 W/skia    (  566): AGTM parsing failed flags.readFromStream(s) at 159
04-26 16:42:55.234 W/skia    (  566): AGTM parsing failed flags.readFromStream(s) at 159
04-26 16:42:55.338 W/skia    (  566): AGTM parsing failed flags.readFromStream(s) at 159
04-26 16:42:55.440 W/skia    (  566): AGTM parsing failed flags.readFromStream(s) at 159
04-26 16:42:55.541 W/skia    (  566): AGTM parsing failed flags.readFromStream(s) at 159
04-26 16:42:55.642 W/skia    (  566): AGTM parsing failed flags.readFromStream(s) at 159
04-26 16:42:55.743 W/skia    (  566): AGTM parsing failed flags.readFromStream(s) at 159
04-26 16:42:55.821 I/MuMain  ( 8613): ADAPT fx scale: fps=26.3 frameMs=38.08 1.00->0.90 target=0.80
04-26 16:42:55.821 I/MuMain  ( 8613): PERF fps=26.3 frameMs=38.08 phase(render=37.39 pad=0.03 present=0.61) renderLevel=4 fxScale=1.00 maxMsg=30 avg(draw=681 verts=50984 im=1621 vaD=0 vaC=0 qI=62 qE=0) max(draw=689 verts=51801)
04-26 16:42:55.821 I/MuMain  ( 8613): PERF_SCENE world=73 char(live=0 vis=0 ply=0 mon=0 npc=0 pet=0 prio=0 topMon=-1 x0) obj(live=375 vis=163 op=0 trap=0 topObj=155 x20)
04-26 16:42:55.822 I/MuMain  ( 8613): PERF_BUCKET objMove(cand=0 upd=0 def=0 n=0 m=0 f=0) objRender(cand=0 draw=0 cull=0 n=0 m=0 f=0 visDraw=0 visDef=0) charMove(cand=0 upd=0 def=0 n=0 m=0 f=0) charRender(cand=0 draw=0 def=0 cull=0 n=0 m=0 f=0)
04-26 16:42:55.822 I/MuMain  ( 8613): PERF_TERRAIN world=73 normal(block=0 tile=0) grass(block=0 tile=0) after(block=0 tile=0)
04-26 16:42:55.845 W/skia    (  566): AGTM parsing failed flags.readFromStream(s) at 159
04-26 16:42:55.947 W/skia    (  566): AGTM parsing failed flags.readFromStream(s) at 159
04-26 16:42:56.049 W/skia    (  566): AGTM parsing failed flags.readFromStream(s) at 159
04-26 16:42:56.156 W/skia    (  566): AGTM parsing failed flags.readFromStream(s) at 159
04-26 16:42:56.258 W/skia    (  566): AGTM parsing failed flags.readFromStream(s) at 159
04-26 16:42:56.359 W/skia    (  566): AGTM parsing failed flags.readFromStream(s) at 159
04-26 16:42:56.460 W/skia    (  566): AGTM parsing failed flags.readFromStream(s) at 159
04-26 16:42:56.561 W/skia    (  566): AGTM parsing failed flags.readFromStream(s) at 159
04-26 16:42:56.663 W/skia    (  566): AGTM parsing failed flags.readFromStream(s) at 159
04-26 16:42:56.763 I/libbinder.BpBinder(  566): onLastStrongRef automatically unlinking death recipients for binder (0x7eaa360690a0) with descriptor: '(not cached)'
04-26 16:42:56.791 I/ImeTracker(  736): system_server:bc80d794: onRequestHide at ORIGIN_SERVER reason IME_REQUESTED_CHANGED_LISTENER fromUser false displayId 0
04-26 16:42:56.792 I/ImeTracker(  736): system_server:bc80d794: onCancelled at PHASE_SERVER_SHOULD_HIDE
04-26 16:42:56.931 I/MuMain  ( 8613): PERF fps=23.9 frameMs=41.81 phase(render=40.73 pad=0.03 present=0.99) renderLevel=4 fxScale=1.00 maxMsg=30 avg(draw=713 verts=54241 im=1510 vaD=0 vaC=0 qI=45 qE=0) max(draw=725 verts=54525)
04-26 16:42:56.931 I/MuMain  ( 8613): PERF_SCENE world=73 char(live=0 vis=0 ply=0 mon=0 npc=0 pet=0 prio=0 topMon=-1 x0) obj(live=375 vis=113 op=0 trap=0 topObj=77 x11)
04-26 16:42:56.931 I/MuMain  ( 8613): PERF_BUCKET objMove(cand=0 upd=0 def=0 n=0 m=0 f=0) objRender(cand=0 draw=0 cull=0 n=0 m=0 f=0 visDraw=0 visDef=0) charMove(cand=0 upd=0 def=0 n=0 m=0 f=0) charRender(cand=0 draw=0 def=0 cull=0 n=0 m=0 f=0)
04-26 16:42:56.931 I/MuMain  ( 8613): PERF_TERRAIN world=73 normal(block=0 tile=0) grass(block=0 tile=0) after(block=0 tile=0)
04-26 16:42:57.154 I/ImeTracker(  736): system_server:4a922b6a: onRequestHide at ORIGIN_SERVER reason IME_REQUESTED_CHANGED_LISTENER fromUser false displayId 0
04-26 16:42:57.154 I/ImeTracker(  736): system_server:4a922b6a: onCancelled at PHASE_SERVER_SHOULD_HIDE
04-26 16:42:57.210 I/MuMain  ( 8613): ADAPT fx scale: fps=25.1 frameMs=39.88 1.00->0.90 target=0.65
04-26 16:42:57.265 I/HalDevMgr(  736): bestIfaceCreationProposal is null, requestIface=STA, existingIface=[name=wlan0 type=STA]
04-26 16:42:58.033 I/MuMain  ( 8613): PERF fps=29.7 frameMs=33.70 phase(render=32.91 pad=0.02 present=0.71) renderLevel=4 fxScale=1.00 maxMsg=30 avg(draw=564 verts=53230 im=1161 vaD=0 vaC=0 qI=34 qE=0) max(draw=575 verts=54063)
04-26 16:42:58.033 I/MuMain  ( 8613): PERF_SCENE world=73 char(live=0 vis=0 ply=0 mon=0 npc=0 pet=0 prio=0 topMon=-1 x0) obj(live=375 vis=84 op=0 trap=0 topObj=136 x9)
04-26 16:42:58.033 I/MuMain  ( 8613): PERF_BUCKET objMove(cand=0 upd=0 def=0 n=0 m=0 f=0) objRender(cand=0 draw=0 cull=0 n=0 m=0 f=0 visDraw=0 visDef=0) charMove(cand=0 upd=0 def=0 n=0 m=0 f=0) charRender(cand=0 draw=0 def=0 cull=0 n=0 m=0 f=0)
04-26 16:42:58.033 I/MuMain  ( 8613): PERF_TERRAIN world=73 normal(block=0 tile=0) grass(block=0 tile=0) after(block=0 tile=0)
04-26 16:42:58.550 I/MuMain  ( 8613): ADAPT fx scale: fps=31.1 frameMs=32.16 1.00->0.90 target=0.80
04-26 16:42:58.712 W/skia    (  566): AGTM parsing failed flags.readFromStream(s) at 159
04-26 16:42:58.721 D/SatelliteController( 1203): isInCarrierRoamingNbIotNtn: satellite is disabled
04-26 16:42:58.721 D/SatelliteController( 1203): getCarrierRoamingNtnConnectType: Checking connect type from PLMN config for subId: 1
04-26 16:42:58.721 D/SatelliteController( 1203): getSatellitePerPlmnConfiguration: invalid subId or not supported via carrier.
04-26 16:42:58.722 D/SatelliteController( 1203): getCarrierRoamingNtnConnectType: config: null
04-26 16:42:58.723 D/SatelliteController( 1203): getCarrierRoamingNtnConnectType: Falling back to global carrier config connect type: 0
04-26 16:42:58.724 D/SatelliteController( 1203): updateLastNotifiedCarrierRoamingNtnSignalStrengthAndNotify(1)
04-26 16:42:58.725 D/SatelliteController( 1203): updateLastNotifiedCarrierRoamingNtnSignalStrengthAndNotify(1) lastNotifiedSignalStrength level: 0
04-26 16:42:58.725 D/SatelliteController( 1203): updateLastNotifiedCarrierRoamingNtnSignalStrengthAndNotify(1) currSignalStrength level: 0
04-26 16:42:58.811 W/skia    (  566): AGTM parsing failed flags.readFromStream(s) at 159
04-26 16:42:58.913 W/skia    (  566): AGTM parsing failed flags.readFromStream(s) at 159
04-26 16:42:59.015 W/skia    (  566): AGTM parsing failed flags.readFromStream(s) at 159
04-26 16:42:59.071 I/MuMain  ( 8613): PERF fps=29.6 frameMs=33.77 phase(render=32.92 pad=0.03 present=0.76) renderLevel=4 fxScale=1.00 maxMsg=30 avg(draw=551 verts=54032 im=1014 vaD=0 vaC=0 qI=140 qE=0) max(draw=566 verts=54768)
04-26 16:42:59.071 I/MuMain  ( 8613): PERF_SCENE world=73 char(live=0 vis=0 ply=0 mon=0 npc=0 pet=0 prio=0 topMon=-1 x0) obj(live=375 vis=55 op=0 trap=0 topObj=79 x19)
04-26 16:42:59.071 I/MuMain  ( 8613): PERF_BUCKET objMove(cand=0 upd=0 def=0 n=0 m=0 f=0) objRender(cand=0 draw=0 cull=0 n=0 m=0 f=0 visDraw=0 visDef=0) charMove(cand=0 upd=0 def=0 n=0 m=0 f=0) charRender(cand=0 draw=0 def=0 cull=0 n=0 m=0 f=0)
04-26 16:42:59.071 I/MuMain  ( 8613): PERF_TERRAIN world=73 normal(block=0 tile=0) grass(block=0 tile=0) after(block=0 tile=0)
04-26 16:42:59.123 W/skia    (  566): AGTM parsing failed flags.readFromStream(s) at 159
04-26 16:42:59.224 W/skia    (  566): AGTM parsing failed flags.readFromStream(s) at 159
04-26 16:42:59.325 W/skia    (  566): AGTM parsing failed flags.readFromStream(s) at 159
04-26 16:42:59.426 W/skia    (  566): AGTM parsing failed flags.readFromStream(s) at 159
04-26 16:42:59.528 W/skia    (  566): AGTM parsing failed flags.readFromStream(s) at 159
04-26 16:42:59.630 W/skia    (  566): AGTM parsing failed flags.readFromStream(s) at 159
04-26 16:42:59.733 W/skia    (  566): AGTM parsing failed flags.readFromStream(s) at 159
04-26 16:42:59.835 W/skia    (  566): AGTM parsing failed flags.readFromStream(s) at 159
04-26 16:42:59.844 I/MuMain  ( 8613): ADAPT fx scale: fps=30.6 frameMs=32.69 1.00->0.90 target=0.80
04-26 16:42:59.938 W/skia    (  566): AGTM parsing failed flags.readFromStream(s) at 159
04-26 16:43:00.039 W/skia    (  566): AGTM parsing failed flags.readFromStream(s) at 159
04-26 16:43:00.125 I/MuMain  ( 8613): PERF fps=28.5 frameMs=35.06 phase(render=34.12 pad=0.02 present=0.85) renderLevel=4 fxScale=1.00 maxMsg=30 avg(draw=583 verts=52407 im=1199 vaD=0 vaC=0 qI=191 qE=0) max(draw=623 verts=53607)
04-26 16:43:00.125 I/MuMain  ( 8613): PERF_SCENE world=73 char(live=0 vis=0 ply=0 mon=0 npc=0 pet=0 prio=0 topMon=-1 x0) obj(live=375 vis=78 op=0 trap=0 topObj=79 x23)
04-26 16:43:00.125 I/MuMain  ( 8613): PERF_BUCKET objMove(cand=0 upd=0 def=0 n=0 m=0 f=0) objRender(cand=0 draw=0 cull=0 n=0 m=0 f=0 visDraw=0 visDef=0) charMove(cand=0 upd=0 def=0 n=0 m=0 f=0) charRender(cand=0 draw=0 def=0 cull=0 n=0 m=0 f=0)
04-26 16:43:00.125 I/MuMain  ( 8613): PERF_TERRAIN world=73 normal(block=0 tile=0) grass(block=0 tile=0) after(block=0 tile=0)
04-26 16:43:00.139 W/skia    (  566): AGTM parsing failed flags.readFromStream(s) at 159
04-26 16:43:00.239 W/skia    (  566): AGTM parsing failed flags.readFromStream(s) at 159
04-26 16:43:00.275 I/HalDevMgr(  736): bestIfaceCreationProposal is null, requestIface=STA, existingIface=[name=wlan0 type=STA]
04-26 16:43:00.341 W/skia    (  566): AGTM parsing failed flags.readFromStream(s) at 159
04-26 16:43:00.442 W/skia    (  566): AGTM parsing failed flags.readFromStream(s) at 159
04-26 16:43:00.444 I/wpa_supplicant( 1016): wlan0: CTRL-EVENT-BEACON-LOSS 
04-26 16:43:00.545 W/skia    (  566): AGTM parsing failed flags.readFromStream(s) at 159
04-26 16:43:00.647 W/skia    (  566): AGTM parsing failed flags.readFromStream(s) at 159
04-26 16:43:00.748 W/skia    (  566): AGTM parsing failed flags.readFromStream(s) at 159
04-26 16:43:00.855 W/skia    (  566): AGTM parsing failed flags.readFromStream(s) at 159
04-26 16:43:00.942 I/libbinder.BpBinder(  566): onLastStrongRef automatically unlinking death recipients for binder (0x7eaa3604c350) with descriptor: '(not cached)'
04-26 16:43:00.976 I/ImeTracker(  736): system_server:aa07b2fb: onRequestHide at ORIGIN_SERVER reason IME_REQUESTED_CHANGED_LISTENER fromUser false displayId 0
04-26 16:43:00.977 I/ImeTracker(  736): system_server:aa07b2fb: onCancelled at PHASE_SERVER_SHOULD_HIDE
04-26 16:43:01.205 I/MuMain  ( 8613): ADAPT fx scale: fps=27.5 frameMs=36.38 1.00->0.90 target=0.80
04-26 16:43:01.205 I/MuMain  ( 8613): PERF fps=27.5 frameMs=36.38 phase(render=35.40 pad=0.03 present=0.90) renderLevel=4 fxScale=1.00 maxMsg=30 avg(draw=545 verts=55596 im=1369 vaD=0 vaC=0 qI=200 qE=0) max(draw=560 verts=57057)
04-26 16:43:01.205 I/MuMain  ( 8613): PERF_SCENE world=73 char(live=0 vis=0 ply=0 mon=0 npc=0 pet=0 prio=0 topMon=-1 x0) obj(live=375 vis=112 op=0 trap=0 topObj=155 x22)
04-26 16:43:01.205 I/MuMain  ( 8613): PERF_BUCKET objMove(cand=0 upd=0 def=0 n=0 m=0 f=0) objRender(cand=0 draw=0 cull=0 n=0 m=0 f=0 visDraw=0 visDef=0) charMove(cand=0 upd=0 def=0 n=0 m=0 f=0) charRender(cand=0 draw=0 def=0 cull=0 n=0 m=0 f=0)
04-26 16:43:01.205 I/MuMain  ( 8613): PERF_TERRAIN world=73 normal(block=0 tile=0) grass(block=0 tile=0) after(block=0 tile=0)
04-26 16:43:01.338 I/ImeTracker(  736): system_server:24ebceec: onRequestHide at ORIGIN_SERVER reason IME_REQUESTED_CHANGED_LISTENER fromUser false displayId 0
04-26 16:43:01.340 I/ImeTracker(  736): system_server:24ebceec: onCancelled at PHASE_SERVER_SHOULD_HIDE
04-26 16:43:01.822 I/ClipboardListener( 1036): Clipboard overlay suppressed.
04-26 16:43:01.823 I/AiAiTranslate( 3743): C2T - not in a conversation
04-26 16:43:01.830 I/AiAiTranslate( 3743): C2T - not in a conversation
04-26 16:43:01.831 I/ClipboardListener( 1036): Clipboard overlay suppressed.
04-26 16:43:02.272 I/MuMain  ( 8613): PERF fps=27.9 frameMs=35.80 phase(render=34.84 pad=0.02 present=0.88) renderLevel=4 fxScale=1.00 maxMsg=30 avg(draw=523 verts=56101 im=1487 vaD=0 vaC=0 qI=238 qE=0) max(draw=535 verts=58386)
04-26 16:43:02.272 I/MuMain  ( 8613): PERF_SCENE world=73 char(live=0 vis=0 ply=0 mon=0 npc=0 pet=0 prio=0 topMon=-1 x0) obj(live=375 vis=132 op=0 trap=0 topObj=155 x30)
04-26 16:43:02.272 I/MuMain  ( 8613): PERF_BUCKET objMove(cand=0 upd=0 def=0 n=0 m=0 f=0) objRender(cand=0 draw=0 cull=0 n=0 m=0 f=0 visDraw=0 visDef=0) charMove(cand=0 upd=0 def=0 n=0 m=0 f=0) charRender(cand=0 draw=0 def=0 cull=0 n=0 m=0 f=0)
04-26 16:43:02.272 I/MuMain  ( 8613): PERF_TERRAIN world=73 normal(block=0 tile=0) grass(block=0 tile=0) after(block=0 tile=0)
04-26 16:43:02.528 I/MuMain  ( 8613): ADAPT fx scale: fps=31.1 frameMs=32.10 1.00->0.90 target=0.80
04-26 16:43:03.284 I/HalDevMgr(  736): bestIfaceCreationProposal is null, requestIface=STA, existingIface=[name=wlan0 type=STA]
04-26 16:43:03.337 I/MuMain  ( 8613): PERF fps=29.8 frameMs=33.56 phase(render=32.84 pad=0.02 present=0.64) renderLevel=4 fxScale=1.00 maxMsg=30 avg(draw=566 verts=56414 im=1573 vaD=0 vaC=0 qI=243 qE=0) max(draw=569 verts=58278)
04-26 16:43:03.337 I/MuMain  ( 8613): PERF_SCENE world=73 char(live=0 vis=0 ply=0 mon=0 npc=0 pet=0 prio=0 topMon=-1 x0) obj(live=375 vis=136 op=0 trap=0 topObj=155 x30)
04-26 16:43:03.337 I/MuMain  ( 8613): PERF_BUCKET objMove(cand=0 upd=0 def=0 n=0 m=0 f=0) objRender(cand=0 draw=0 cull=0 n=0 m=0 f=0 visDraw=0 visDef=0) charMove(cand=0 upd=0 def=0 n=0 m=0 f=0) charRender(cand=0 draw=0 def=0 cull=0 n=0 m=0 f=0)
04-26 16:43:03.337 I/MuMain  ( 8613): PERF_TERRAIN world=73 normal(block=0 tile=0) grass(block=0 tile=0) after(block=0 tile=0)
04-26 16:43:03.618 I/artd    ( 2780): GetBestInfo: odex next to the dex file (/data/app/~~PqdBwR9WSFUNw4iaJMgoGg==/com.google.android.gms-95Dc1VeYXyONiCBDqz_lkA==/oat/x86_64/base.odex) is kOatUpToDate with filter 'speed-profile' executable 'false'
04-26 16:43:03.620 I/artd    ( 2780): GetBestInfo: dm (/data/app/~~PqdBwR9WSFUNw4iaJMgoGg==/com.google.android.gms-95Dc1VeYXyONiCBDqz_lkA==/split_AdsDynamite_installtime.dm) is kOatUpToDate with filter 'verify' executable 'false'
04-26 16:43:03.622 I/artd    ( 2780): GetBestInfo: dm (/data/app/~~PqdBwR9WSFUNw4iaJMgoGg==/com.google.android.gms-95Dc1VeYXyONiCBDqz_lkA==/split_CronetDynamite_installtime.dm) is kOatUpToDate with filter 'verify' executable 'false'
04-26 16:43:03.624 I/artd    ( 2780): GetBestInfo: dm (/data/app/~~PqdBwR9WSFUNw4iaJMgoGg==/com.google.android.gms-95Dc1VeYXyONiCBDqz_lkA==/split_DynamiteLoader_installtime.dm) is kOatUpToDate with filter 'verify' executable 'false'
04-26 16:43:03.627 I/artd    ( 2780): GetBestInfo: dm (/data/app/~~PqdBwR9WSFUNw4iaJMgoGg==/com.google.android.gms-95Dc1VeYXyONiCBDqz_lkA==/split_DynamiteModulesA_installtime.dm) is kOatUpToDate with filter 'verify' executable 'false'
04-26 16:43:03.630 I/artd    ( 2780): GetBestInfo: dm (/data/app/~~PqdBwR9WSFUNw4iaJMgoGg==/com.google.android.gms-95Dc1VeYXyONiCBDqz_lkA==/split_DynamiteModulesC_installtime.dm) is kOatUpToDate with filter 'verify' executable 'false'
04-26 16:43:03.631 I/artd    ( 2780): GetBestInfo: dm (/data/app/~~PqdBwR9WSFUNw4iaJMgoGg==/com.google.android.gms-95Dc1VeYXyONiCBDqz_lkA==/split_GoogleCertificates_installtime.dm) is kOatUpToDate with filter 'verify' executable 'false'
04-26 16:43:03.633 I/artd    ( 2780): GetBestInfo: dm (/data/app/~~PqdBwR9WSFUNw4iaJMgoGg==/com.google.android.gms-95Dc1VeYXyONiCBDqz_lkA==/split_MapsDynamite_installtime.dm) is kOatUpToDate with filter 'verify' executable 'false'
04-26 16:43:03.635 I/artd    ( 2780): GetBestInfo: dm (/data/app/~~PqdBwR9WSFUNw4iaJMgoGg==/com.google.android.gms-95Dc1VeYXyONiCBDqz_lkA==/split_MeasurementDynamite_installtime.dm) is kOatUpToDate with filter 'verify' executable 'false'
04-26 16:43:03.637 I/artd    ( 2780): GetBestInfo: dm (/data/app/~~PqdBwR9WSFUNw4iaJMgoGg==/com.google.android.gms-95Dc1VeYXyONiCBDqz_lkA==/split_all_locale_splits.dm) is kOatUpToDate with filter 'verify' executable 'false'
04-26 16:43:03.638 I/artd    ( 2780): GetBestInfo: /data/user_de/0/com.google.android.gms/app_chimera/m/0000000a/dl-TfliteDynamiteDynamite.integ_252130102100800.apk has no usable artifacts
04-26 16:43:03.639 I/artd    ( 2780): GetBestInfo: /data/user_de/0/com.google.android.gms/app_chimera/m/00000001/CronetDynamite.apk has no usable artifacts
04-26 16:43:03.641 I/artd    ( 2780): GetBestInfo: /data/user_de/0/com.google.android.gms/app_chimera/m/00000016/dl-MlkitOcrCommon.optional_261332100800.apk has no usable artifacts
04-26 16:43:03.642 I/artd    ( 2780): GetBestInfo: /data/user_de/0/com.google.android.gms/app_chimera/m/00000002/DynamiteLoader.apk has no usable artifacts
04-26 16:43:03.643 I/artd    ( 2780): GetBestInfo: /data/user_de/0/com.google.android.gms/app_chimera/m/0000000e/dl-MlkitBarcodeUi.optional_260235100800.apk has no usable artifacts
04-26 16:43:03.645 I/artd    ( 2780): GetBestInfo: /data/user_de/0/com.google.android.gms/app_chimera/m/00000013/dl-Appsearch.optional_261332100800.apk has no usable artifacts
04-26 16:43:03.645 I/artd    ( 2780): GetBestInfo: /data/user_de/0/com.google.android.gms/app_chimera/m/00000005/GoogleCertificates.apk has no usable artifacts
04-26 16:43:03.646 I/artd    ( 2780): GetBestInfo: /data/user_de/0/com.google.android.gms/app_chimera/m/00000012/dl-PlayCloudSearch.optional_261332100000.apk has no usable artifacts
04-26 16:43:03.648 I/artd    ( 2780): GetBestInfo: vdex next to the dex file (/data/user/0/com.google.android.gms/app_dg_cache/B3ED91DEC21F0EB5284BE10D982ABEAAC45F5C48/oat/x86_64/the.vdex) is kOatUpToDate with filter 'verify' executable 'false'
04-26 16:43:03.650 I/artd    ( 2780): GetBestInfo: /data/user_de/0/com.google.android.gms/app_chimera/m/0000000f/dl-PlayCloudSearch.optional_260235100000.apk has no usable artifacts
04-26 16:43:03.652 I/artd    ( 2780): GetBestInfo: /data/user_de/0/com.google.android.gms/app_chimera/m/00000008/dl-VisionOcr.optional_260235100000.apk has no usable artifacts
04-26 16:43:03.654 I/artd    ( 2780): GetBestInfo: /data/user_de/0/com.google.android.gms/app_chimera/m/0000000b/dl-Appsearch.optional_260235100800.apk has no usable artifacts
04-26 16:43:03.656 I/artd    ( 2780): GetBestInfo: /data/user_de/0/com.google.android.gms/app_chimera/m/00000011/dl-VisionOcr.optional_261332100000.apk has no usable artifacts
04-26 16:43:03.658 I/artd    ( 2780): GetBestInfo: /data/user_de/0/com.google.android.gms/app_chimera/m/00000015/dl-MlkitBarcodeUi.optional_261332100800.apk has no usable artifacts
04-26 16:43:03.661 I/artd    ( 2780): GetBestInfo: /data/user_de/0/com.google.android.gms/app_chimera/m/00000009/dl-MlkitOcrCommon.optional_260235100800.apk has no usable artifacts
04-26 16:43:03.662 I/artd    ( 2780): GetBestInfo: vdex next to the dex file (/data/user/0/com.google.android.gms/app_dg_cache/CE973E4DE823F0AA69070767A9FABB590DDD455C/oat/x86_64/the.vdex) is kOatUpToDate with filter 'verify' executable 'false'
04-26 16:43:03.663 I/artd    ( 2780): GetBestInfo: /data/user_de/0/com.google.android.gms/app_chimera/m/00000007/MeasurementDynamite.apk has no usable artifacts
04-26 16:43:03.865 I/MuMain  ( 8613): ADAPT fx scale: fps=31.0 frameMs=32.27 1.00->0.90 target=0.80
04-26 16:43:04.400 I/MuMain  ( 8613): PERF fps=24.8 frameMs=40.31 phase(render=39.47 pad=0.03 present=0.75) renderLevel=4 fxScale=1.00 maxMsg=30 avg(draw=621 verts=62698 im=1525 vaD=0 vaC=0 qI=240 qE=0) max(draw=635 verts=72426)
04-26 16:43:04.400 I/MuMain  ( 8613): PERF_SCENE world=73 char(live=0 vis=0 ply=0 mon=0 npc=0 pet=0 prio=0 topMon=-1 x0) obj(live=375 vis=116 op=0 trap=0 topObj=155 x29)
04-26 16:43:04.400 I/MuMain  ( 8613): PERF_BUCKET objMove(cand=0 upd=0 def=0 n=0 m=0 f=0) objRender(cand=0 draw=0 cull=0 n=0 m=0 f=0 visDraw=0 visDef=0) charMove(cand=0 upd=0 def=0 n=0 m=0 f=0) charRender(cand=0 draw=0 def=0 cull=0 n=0 m=0 f=0)
04-26 16:43:04.400 I/MuMain  ( 8613): PERF_TERRAIN world=73 normal(block=0 tile=0) grass(block=0 tile=0) after(block=0 tile=0)
04-26 16:43:05.164 I/MuMain  ( 8613): ADAPT fx scale: fps=27.1 frameMs=36.87 1.00->0.90 target=0.80
04-26 16:43:05.427 I/MuMain  ( 8613): PERF fps=26.6 frameMs=37.64 phase(render=36.93 pad=0.03 present=0.62) renderLevel=4 fxScale=1.00 maxMsg=30 avg(draw=633 verts=79974 im=1677 vaD=0 vaC=0 qI=234 qE=0) max(draw=641 verts=80358)
04-26 16:43:05.427 I/MuMain  ( 8613): PERF_SCENE world=73 char(live=0 vis=0 ply=0 mon=0 npc=0 pet=0 prio=0 topMon=-1 x0) obj(live=375 vis=158 op=0 trap=0 topObj=79 x16)
04-26 16:43:05.427 I/MuMain  ( 8613): PERF_BUCKET objMove(cand=0 upd=0 def=0 n=0 m=0 f=0) objRender(cand=0 draw=0 cull=0 n=0 m=0 f=0 visDraw=0 visDef=0) charMove(cand=0 upd=0 def=0 n=0 m=0 f=0) charRender(cand=0 draw=0 def=0 cull=0 n=0 m=0 f=0)
04-26 16:43:05.427 I/MuMain  ( 8613): PERF_TERRAIN world=73 normal(block=0 tile=0) grass(block=0 tile=0) after(block=0 tile=0)
04-26 16:43:06.292 I/HalDevMgr(  736): bestIfaceCreationProposal is null, requestIface=STA, existingIface=[name=wlan0 type=STA]
04-26 16:43:06.480 I/MuMain  ( 8613): ADAPT fx scale: fps=36.3 frameMs=27.56 1.00->0.90 target=0.90
04-26 16:43:06.480 I/MuMain  ( 8613): PERF fps=36.3 frameMs=27.56 phase(render=26.79 pad=0.03 present=0.69) renderLevel=4 fxScale=1.00 maxMsg=30 avg(draw=456 verts=74468 im=1785 vaD=0 vaC=0 qI=206 qE=0) max(draw=517 verts=74562)
04-26 16:43:06.481 I/MuMain  ( 8613): PERF_SCENE world=73 char(live=0 vis=0 ply=0 mon=0 npc=0 pet=0 prio=0 topMon=-1 x0) obj(live=375 vis=181 op=0 trap=0 topObj=79 x22)
04-26 16:43:06.481 I/MuMain  ( 8613): PERF_BUCKET objMove(cand=0 upd=0 def=0 n=0 m=0 f=0) objRender(cand=0 draw=0 cull=0 n=0 m=0 f=0 visDraw=0 visDef=0) charMove(cand=0 upd=0 def=0 n=0 m=0 f=0) charRender(cand=0 draw=0 def=0 cull=0 n=0 m=0 f=0)
04-26 16:43:06.481 I/MuMain  ( 8613): PERF_TERRAIN world=73 normal(block=0 tile=0) grass(block=0 tile=0) after(block=0 tile=0)
04-26 16:43:07.536 I/MuMain  ( 8613): PERF fps=41.1 frameMs=24.34 phase(render=23.58 pad=0.02 present=0.68) renderLevel=4 fxScale=1.00 maxMsg=30 avg(draw=384 verts=80599 im=1777 vaD=0 vaC=0 qI=212 qE=0) max(draw=398 verts=82131)
04-26 16:43:07.536 I/MuMain  ( 8613): PERF_SCENE world=73 char(live=0 vis=0 ply=0 mon=0 npc=0 pet=0 prio=0 topMon=-1 x0) obj(live=375 vis=181 op=0 trap=0 topObj=79 x22)
04-26 16:43:07.536 I/MuMain  ( 8613): PERF_BUCKET objMove(cand=0 upd=0 def=0 n=0 m=0 f=0) objRender(cand=0 draw=0 cull=0 n=0 m=0 f=0 visDraw=0 visDef=0) charMove(cand=0 upd=0 def=0 n=0 m=0 f=0) charRender(cand=0 draw=0 def=0 cull=0 n=0 m=0 f=0)
04-26 16:43:07.536 I/MuMain  ( 8613): PERF_TERRAIN world=73 normal(block=0 tile=0) grass(block=0 tile=0) after(block=0 tile=0)
04-26 16:43:07.806 I/MuMain  ( 8613): ADAPT fx scale: fps=44.6 frameMs=22.44 1.00->0.90 target=0.90
04-26 16:43:08.381 I/wpa_supplicant( 1016): wlan0: CTRL-EVENT-BEACON-LOSS 
04-26 16:43:08.594 I/MuMain  ( 8613): PERF fps=56.1 frameMs=17.82 phase(render=16.90 pad=0.02 present=0.84) renderLevel=4 fxScale=1.00 maxMsg=30 avg(draw=255 verts=69805 im=1651 vaD=0 vaC=0 qI=115 qE=0) max(draw=289 verts=72384)
04-26 16:43:08.594 I/MuMain  ( 8613): PERF_SCENE world=73 char(live=0 vis=0 ply=0 mon=0 npc=0 pet=0 prio=0 topMon=-1 x0) obj(live=375 vis=186 op=0 trap=0 topObj=79 x24)
04-26 16:43:08.594 I/MuMain  ( 8613): PERF_BUCKET objMove(cand=0 upd=0 def=0 n=0 m=0 f=0) objRender(cand=0 draw=0 cull=0 n=0 m=0 f=0 visDraw=0 visDef=0) charMove(cand=0 upd=0 def=0 n=0 m=0 f=0) charRender(cand=0 draw=0 def=0 cull=0 n=0 m=0 f=0)
04-26 16:43:08.594 I/MuMain  ( 8613): PERF_TERRAIN world=73 normal(block=0 tile=0) grass(block=0 tile=0) after(block=0 tile=0)
04-26 16:43:08.721 D/SatelliteController( 1203): isInCarrierRoamingNbIotNtn: satellite is disabled
04-26 16:43:08.721 D/SatelliteController( 1203): getCarrierRoamingNtnConnectType: Checking connect type from PLMN config for subId: 1
04-26 16:43:08.722 D/SatelliteController( 1203): getSatellitePerPlmnConfiguration: invalid subId or not supported via carrier.
04-26 16:43:08.723 D/SatelliteController( 1203): getCarrierRoamingNtnConnectType: config: null
04-26 16:43:08.723 D/SatelliteController( 1203): getCarrierRoamingNtnConnectType: Falling back to global carrier config connect type: 0
04-26 16:43:08.725 D/SatelliteController( 1203): updateLastNotifiedCarrierRoamingNtnSignalStrengthAndNotify(1)
04-26 16:43:08.725 D/SatelliteController( 1203): updateLastNotifiedCarrierRoamingNtnSignalStrengthAndNotify(1) lastNotifiedSignalStrength level: 0
04-26 16:43:08.725 D/SatelliteController( 1203): updateLastNotifiedCarrierRoamingNtnSignalStrengthAndNotify(1) currSignalStrength level: 0
04-26 16:43:09.299 I/HalDevMgr(  736): bestIfaceCreationProposal is null, requestIface=STA, existingIface=[name=wlan0 type=STA]
04-26 16:43:09.619 I/MuMain  ( 8613): PERF fps=68.4 frameMs=14.62 phase(render=13.91 pad=0.02 present=0.63) renderLevel=4 fxScale=1.00 maxMsg=30 avg(draw=196 verts=78908 im=1598 vaD=0 vaC=0 qI=80 qE=0) max(draw=201 verts=79605)
04-26 16:43:09.619 I/MuMain  ( 8613): PERF_SCENE world=73 char(live=0 vis=0 ply=0 mon=0 npc=0 pet=0 prio=0 topMon=-1 x0) obj(live=375 vis=168 op=0 trap=0 topObj=79 x24)
04-26 16:43:09.619 I/MuMain  ( 8613): PERF_BUCKET objMove(cand=0 upd=0 def=0 n=0 m=0 f=0) objRender(cand=0 draw=0 cull=0 n=0 m=0 f=0 visDraw=0 visDef=0) charMove(cand=0 upd=0 def=0 n=0 m=0 f=0) charRender(cand=0 draw=0 def=0 cull=0 n=0 m=0 f=0)
04-26 16:43:09.619 I/MuMain  ( 8613): PERF_TERRAIN world=73 normal(block=0 tile=0) grass(block=0 tile=0) after(block=0 tile=0)
04-26 16:43:09.885 I/MuMain  ( 8613): ADAPT net budget up: fps=64.0 frameMs=15.64 maxMsg 30->35
04-26 16:43:09.948 D/ActivityManager(  736): freezing 5305 com.android.keychain
04-26 16:43:09.950 D/ActivityManager(  736): freezing 4453 com.android.settings
