04-26 20:31:50.938  1036  1091 V WindowManagerShell: Transition doesn't have explicit remote, search filters for match for {id=143 t=OPEN f=0x0 trk=0 r=[0@Point(0, 0)] c=[{m=OPEN f=FILLS_TASK p=WCT{android.os.BinderProxy@7862628} leash=Surface(name=ActivityRecord{237620737 u0 com.muonline.client/.MuMainActivity t116}#1569)/@0x74b6afc sb=Rect(0, 0 - 0, 0) eb=Rect(0, 0 - 2400, 1080) epz=Point(2400, 1080) d=-1->0 r=-1->1:-1 bc=ff000000 activity=ActivityTransitionInfo { component = ComponentInfo{com.muonline.client/com.muonline.client.MuMainActivity}, taskId = 116, appCompatTransitionInfo = AppCompatTransitionInfo { letterboxBounds = Rect(132, 0 - 2400, 1080), hasRoundedCorners = false } }},{m=CLOSE f=FILLS_TASK|IS_BEHIND_STARTING_WINDOW p=WCT{android.os.BinderProxy@7862628} leash=Surface(name=ActivityRecord{134837227 u0 com.muonline.client/.PreloadActivity t116}#1551)/@0x9d8585 sb=Rect(0, 0 - 2400, 1080) eb=Rect(0, 0 - 2400, 1080) epz=Point(2400, 1080) d=0 bc=ff000000 activity=ActivityTransitionInfo { component = ComponentInfo{com.muonline.client/com.muonline.client.PreloadActivity}, taskId = 116, appCompatTransitionInfo = AppCompatTransitionInfo { letterboxBounds = Rect(132, 0 - 2400, 1080), hasRoundedCorners = false } }},{m=CHANGE f=NONE leash=Surface(name=Task=116#1550)/@0xb9e8fda sb=Rect(0, 0 - 2400, 1080) eb=Rect(0, 0 - 2400, 1080) epz=Point(2400, 1080) d=0 taskParent=-1 winMode=1 userId=0}]}
04-26 20:31:50.938  1036  1091 V WindowManagerShell:  Checking filter Pair{{types=[] flags=0x0 notFlags=0x0 checks=[{atype=undefined independent=true modes=[CLOSE,TO_BACK] flags=IN_TASK_WITH_EMBEDDED_ACTIVITY mustBeTask=false order=ANY topActivity=null launchCookie=null taskFragmentToken=android.os.BinderProxy@e90ae30 windowingMode=undefined isCrossDisplayMove=false}]} RemoteTransition { remoteTransition = android.window.IRemoteTransition$Stub$Proxy@1ccfaa9, appThread = android.app.IApplicationThread$Stub$Proxy@5c682e, debugName = overlayBackTransition, filter = {types=[] flags=0x0 notFlags=0x0 checks=[{atype=undefined independent=true modes=[CLOSE,TO_BACK] flags=IN_TASK_WITH_EMBEDDED_ACTIVITY mustBeTask=false order=ANY topActivity=null launchCookie=null taskFragmentToken=android.os.BinderProxy@e90ae30 windowingMode=undefined isCrossDisplayMove=false}]} }}
04-26 20:31:50.940  1036  1091 V WindowManagerShell:  Checking filter Pair{{types=[] flags=0x0 notFlags=0x0 checks=[{atype=dream independent=true modes=[OPEN,TO_FRONT] flags=NONE mustBeTask=false order=ANY topActivity=null launchCookie=null windowingMode=undefined isCrossDisplayMove=false},{atype=home independent=true modes=[CLOSE,TO_BACK] flags=NONE mustBeTask=false order=ANY topActivity=null launchCookie=null windowingMode=undefined isCrossDisplayMove=false}]} RemoteTransition { remoteTransition = android.window.IRemoteTransition$Stub$Proxy@aa8fcf, appThread = android.app.IApplicationThread$Stub$Proxy@98a7d5c, debugName = LauncherToDream, filter = {types=[] flags=0x0 notFlags=0x0 checks=[{atype=dream independent=true modes=[OPEN,TO_FRONT] flags=NONE mustBeTask=false order=ANY topActivity=null launchCookie=null windowingMode=undefined isCrossDisplayMove=false},{atype=home independent=true modes=[CLOSE,TO_BACK] flags=NONE mustBeTask=false order=ANY topActivity=null launchCookie=null windowingMode=undefined isCrossDisplayMove=false}]} }}
04-26 20:31:50.940  1036  1091 V WindowManagerShell:  Checking filter Pair{{types=[] flags=0x0 notFlags=0x0 checks=[{atype=standard independent=false modes=[CHANGE] flags=NONE mustBeTask=true order=ANY topActivity=null launchCookie=null windowingMode=undefined isCrossDisplayMove=true}]} RemoteTransition { remoteTransition = android.window.IRemoteTransition$Stub$Proxy@3519865, appThread = android.app.IApplicationThread$Stub$Proxy@94ad93a, debugName = QuickstepDisplayMove, filter = {types=[] flags=0x0 notFlags=0x0 checks=[{atype=standard independent=false modes=[CHANGE] flags=NONE mustBeTask=true order=ANY topActivity=null launchCookie=null windowingMode=undefined isCrossDisplayMove=true}]} }}
04-26 20:31:50.941  1036  1091 V WindowManagerShell:  Checking filter Pair{{types=[] flags=0x0 notFlags=0x100 checks=[{atype=home independent=true modes=[OPEN,TO_FRONT] flags=NONE mustBeTask=false order=ANY topActivity=ComponentInfo{com.google.android.apps.nexuslauncher/com.google.android.apps.nexuslauncher.NexusLauncherActivity} launchCookie=null windowingMode=undefined isCrossDisplayMove=false},{atype=standard independent=true modes=[CLOSE,TO_BACK] flags=NONE mustBeTask=false order=ANY topActivity=null launchCookie=null windowingMode=undefined isCrossDisplayMove=false},{NOT atype=undefined independent=true modes=[] flags=NONE mustBeTask=true order=ANY topActivity=null launchCookie=null customAnim=true windowingMode=undefined isCrossDisplayMove=false}]} RemoteTransition { remoteTransition = android.window.IRemoteTransition$Stub$Proxy@fea59eb, appThread = android.app.IApplicationThread$Stub$Proxy@4f01348, debugName = QuickstepLaunchHome, filter = {types=[] flags=0x0 notFlags=0x100 checks=[{atype=home independent=true modes=[OPEN,TO_FRONT] flags=NONE mustBeTask=false order=ANY topActivity=ComponentInfo{com.google.android.apps.nexuslauncher/com.google.android.apps.nexuslauncher.NexusLauncherActivity} launchCookie=null windowingMode=undefined isCrossDisplayMove=false},{atype=standard independent=true modes=[CLOSE,TO_BACK] flags=NONE mustBeTask=false order=ANY topActivity=null launchCookie=null windowingMode=undefined isCrossDisplayMove=false},{NOT atype=undefined independent=true modes=[] flags=NONE mustBeTask=true order=ANY topActivity=null launchCookie=null customAnim=true windowingMode=undefined isCrossDisplayMove=false}]} }}
04-26 20:31:50.941  1036  1091 V WindowManagerShell:  Checking filter Pair{{types=[OPEN,TO_FRONT] flags=0x0 notFlags=0x0 checks=[{atype=standard independent=true modes=[OPEN,TO_FRONT] flags=NONE mustBeTask=true order=ANY topActivity=null launchCookie=null windowingMode=freeform isCrossDisplayMove=false}]} RemoteTransition { remoteTransition = android.window.IRemoteTransition$Stub$Proxy@5987ffe, appThread = null, debugName = DesktopWindowLimitUnminimize, filter = {types=[OPEN,TO_FRONT] flags=0x0 notFlags=0x0 checks=[{atype=standard independent=true modes=[OPEN,TO_FRONT] flags=NONE mustBeTask=true order=ANY topActivity=null launchCookie=null windowingMode=freeform isCrossDisplayMove=false}]} }}
04-26 20:31:50.941  1036  1091 V WindowManagerShell:  Delegate animation for (#143) to null
04-26 20:31:50.941  1036  1091 V WindowManagerShell: start default transition animation, info = {id=143 t=OPEN f=0x0 trk=0 r=[0@Point(0, 0)] c=[{m=OPEN f=FILLS_TASK p=WCT{android.os.BinderProxy@7862628} leash=Surface(name=ActivityRecord{237620737 u0 com.muonline.client/.MuMainActivity t116}#1569)/@0x74b6afc sb=Rect(0, 0 - 0, 0) eb=Rect(0, 0 - 2400, 1080) epz=Point(2400, 1080) d=-1->0 r=-1->1:-1 bc=ff000000 activity=ActivityTransitionInfo { component = ComponentInfo{com.muonline.client/com.muonline.client.MuMainActivity}, taskId = 116, appCompatTransitionInfo = AppCompatTransitionInfo { letterboxBounds = Rect(132, 0 - 2400, 1080), hasRoundedCorners = false } }},{m=CLOSE f=FILLS_TASK|IS_BEHIND_STARTING_WINDOW p=WCT{android.os.BinderProxy@7862628} leash=Surface(name=ActivityRecord{134837227 u0 com.muonline.client/.PreloadActivity t116}#1551)/@0x9d8585 sb=Rect(0, 0 - 2400, 1080) eb=Rect(0, 0 - 2400, 1080) epz=Point(2400, 1080) d=0 bc=ff000000 activity=ActivityTransitionInfo { component = ComponentInfo{com.muonline.client/com.muonline.client.PreloadActivity}, taskId = 116, appCompatTransitionInfo = AppCompatTransitionInfo { letterboxBounds = Rect(132, 0 - 2400, 1080), hasRoundedCorners = false } }},{m=CHANGE f=NONE leash=Surface(name=Task=116#1550)/@0xb9e8fda sb=Rect(0, 0 - 2400, 1080) eb=Rect(0, 0 - 2400, 1080) epz=Point(2400, 1080) d=0 taskParent=-1 winMode=1 userId=0}]}
04-26 20:31:50.942  1036  1091 V WindowManagerShell: loadAnimation: anim=android.view.animation.AnimationSet@1022de7 animAttr=0x5 type=OPEN isEntrance=false
04-26 20:31:50.943  1036  1091 V WindowManagerShell: loadAnimation: anim=android.view.animation.AnimationSet@1b9c183 animAttr=0x4 type=OPEN isEntrance=true
04-26 20:31:50.944   736   762 I ImeTracker: system_server:19e9339a: onCancelled at PHASE_SERVER_SHOULD_HIDE
04-26 20:31:50.946  1036  1091 V WindowManagerShell:  animated by com.android.wm.shell.transition.DefaultTransitionHandler@11f9e32
04-26 20:31:50.971 19096 19096 D InsetsController: Setting requestedVisibleTypes to 496 (was 503)
04-26 20:31:50.972 19096 19096 D VRI[MuMainActivity]: WindowInsets changed: statusBars:null navigationBars:null 
04-26 20:31:50.973 19096 19096 V SDL     : surfaceChanged()
04-26 20:31:50.973 19096 19096 V SDL     : Window size: 2268x1080
04-26 20:31:50.973 19096 19096 V SDL     : Device size: 2400x1080
04-26 20:31:50.995 19096 19145 I MuMain  : Screen size (drawable): 2268x943 (scale: 3.54 x 1.96)
04-26 20:31:50.997   566   599 I libbinder.BpBinder: onLastStrongRef automatically unlinking death recipients for binder (0x7eaa360658f0) with descriptor: '(not cached)'
04-26 20:31:51.002 19096 19145 I GL_Compat: GL_Compat_Init: OK (prog=3, vbo=1, ebo=2)
04-26 20:31:51.002 19096 19145 I MuRender: OpenGLCompat initialized (drawable=2268x943)
04-26 20:31:51.002 19096 19145 I MuMain  : Render backend active: OpenGLCompat
04-26 20:31:51.002 19096 19145 I GL_Compat: GL path switch: preferDirectVA=1
04-26 20:31:51.002 19096 19145 I MuMain  : GL compat VA policy: preferDirect=1 (emulator=1)
04-26 20:31:51.003 19096 19145 I AndroidGDI: SDL2_ttf initialized, defaultSize=15
04-26 20:31:51.004 19096 19145 I AndroidGDI: Font OK: /system/fonts/DroidSans.ttf sz=15
04-26 20:31:51.005 19096 19145 I AndroidGDI: Font OK: /system/fonts/DroidSans-Bold.ttf sz=15
04-26 20:31:51.006 19096 19145 I AndroidGDI: Font OK: /system/fonts/DroidSans-Bold.ttf sz=30
04-26 20:31:51.006 19096 19145 I AndroidGDI: Font OK: /system/fonts/DroidSans.ttf sz=14
04-26 20:31:51.006 19096 19145 I MuMain  : GDI fonts created: size=15 big=30
04-26 20:31:51.006 19096 19145 I MuMain  : Audio config: sound=1 music=1 rememberMe=0
04-26 20:31:51.006 19096 19145 I MuMain  : 
04-26 20:31:51.007 19096 19145 I MuMain  : Mix_Init requested=0x8 loaded=0x8
04-26 20:31:51.007 19096 19145 D AudioSystem: onNewServiceWithAdapter: media.audio_flinger service obtained 0x733fdca98e00
04-26 20:31:51.008   560  5851 W AudioFlinger: onStateChanged: pid:19096  uid:10230  state:unfrozen
04-26 20:31:51.009 19096 19145 D AudioSystem: getService: IAudioFlingerService retrieved: 0x73401caaf9b0  IAudioFlinger cached: 0x733fdca98e00
04-26 20:31:51.010 19096 19145 D muonline.client: PlayerBase::PlayerBase()
04-26 20:31:51.010 19096 19145 D muonline.client: TrackPlayerBase::TrackPlayerBase()
04-26 20:31:51.010 19096 19145 I libOpenSLES: Emulating old channel mask behavior (ignoring positional mask 0x3, using default mask 0x3 based on channel count of 2)
04-26 20:31:51.011   560   839 D NativePermissionController: checkPermission: missing 1 for 10230
04-26 20:31:51.011   560   839 D NativePermissionController: checkPermission: missing 3 for 10230
04-26 20:31:51.011   560   839 D NativePermissionController: checkPermission: missing 5 for 10230
04-26 20:31:51.011   560   839 W AudioFlinger: createTrack_l(): mismatch between requested flags (00000104) and output flags (00000002)
04-26 20:31:51.012   560   839 D AudioFlinger: Client defaulted notificationFrames to 882 for frameCount 4012
04-26 20:31:51.012   560   839 I AF::AfPlaybackCommon: creating track with enforcement level 2 shouldHarden 1
04-26 20:31:51.028  1174  1174 I bluetooth: system/btif/avrcp/avrcp_service.cc:533 SendMediaUpdate: track_changed=false :  play_state=true :  queue=false
04-26 20:31:51.028  1174  1174 E MediaControlProfile: onCurrentPlayerStateUpdated: base actions not supported, player actions= 0, expected at least= 7f
04-26 20:31:51.028   736  1145 E AppOps  : attributionTag  not declared in manifest of com.muonline.client
04-26 20:31:51.029  1174  1174 W MediaControlGattService: Feature PLAYBACK_SPEED support: true
04-26 20:31:51.029  1174  1174 W MediaControlGattService: Feature PLAYBACK_SPEED support: true
04-26 20:31:51.029  1174  1174 W MediaControlGattService: Feature PLAYBACK_SPEED support: true
04-26 20:31:51.029  1174  1174 W MediaControlGattService: Feature PLAYBACK_SPEED_NOTIFY support: true
04-26 20:31:51.031   736  1145 E AppOps  : attributionTag  not declared in manifest of com.muonline.client
04-26 20:31:51.031  1174  1361 I BluetoothAdapterProperties: getBondedDevices: length=0
04-26 20:31:51.032  1174  1174 W MediaControlGattService: Feature TRACK_POSITION support: true
04-26 20:31:51.033 19096 19147 D muonline.client: PlayerBase::stop() from IPlayer
04-26 20:31:51.033  1174  1174 W MediaControlGattService: Feature TRACK_POSITION_NOTIFY support: true
04-26 20:31:51.033 19096 19147 D AudioTrack: stop(37): called with 0 frames delivered
04-26 20:31:51.033   736  2215 E AppOps  : attributionTag  not declared in manifest of com.muonline.client
04-26 20:31:51.033  1174  1174 W MediaControlGattService: Feature MEDIA_STATE support: true
04-26 20:31:51.034   736  2215 E AppOps  : attributionTag  not declared in manifest of com.muonline.client
04-26 20:31:51.034 19096 19145 I MuMain  : SDL_mixer initialized (32 channels)
04-26 20:31:51.034 19096 19145 I MuMain  : INIT: srand
04-26 20:31:51.034 19096 19145 I MuMain  : INIT: alloc GateAttribute
04-26 20:31:51.034 19096 19145 I MuMain  : INIT: alloc SkillAttribute
04-26 20:31:51.034 19096 19145 I MuMain  : INIT: alloc ItemAttRibute
04-26 20:31:51.035   736  2215 E AppOps  : attributionTag  not declared in manifest of com.muonline.client
04-26 20:31:51.035 19096 19145 I MuMain  : INIT: alloc CharacterMemoryDump
04-26 20:31:51.035  1174  1361 I BluetoothAdapterProperties: getBondedDevices: length=0
04-26 20:31:51.036   736  1185 E AppOps  : attributionTag  not declared in manifest of com.muonline.client
04-26 20:31:51.036  1174  1174 W MediaControlGattService: Feature MEDIA_CONTROL_POINT_OPCODES_SUPPORTED support: true
04-26 20:31:51.036  1174  1174 W MediaControlGattService: Feature MEDIA_STATE support: true
04-26 20:31:51.036  1174  1174 W MediaControlGattService: Feature MEDIA_STATE support: true
04-26 20:31:51.037 19096 19145 I MuMain  : INIT: alloc CharacterMachine
04-26 20:31:51.037 19096 19145 I MuMain  : INIT: CharacterMachine->Init()
04-26 20:31:51.038 19096 19145 I MuMain  : INIT: new UI objects
04-26 20:31:51.038   521  6964 I RanchuHwc: logCompositionFallbackIfChanged: layer 479 CompositionType fallback from 2 to 1
04-26 20:31:51.039   521  6964 I RanchuHwc: logCompositionFallbackIfChanged: layer 480 CompositionType fallback from 2 to 1
04-26 20:31:51.039   521  6964 I RanchuHwc: logCompositionFallbackIfChanged: layer 473 CompositionType fallback from 3 to 1
04-26 20:31:51.039 19096 19145 I MuMain  : INIT: BuffStateSystem::Make()
04-26 20:31:51.039  1174  1361 I BluetoothAdapterProperties: getBondedDevices: length=0
04-26 20:31:51.040   566   616 W skia    : AGTM parsing failed flags.readFromStream(s) at 159
04-26 20:31:51.040  1174  1174 W MediaControlGattService: Feature MEDIA_STATE support: true
04-26 20:31:51.040  1174  1174 W MediaControlGattService: Feature SEEKING_SPEED support: true
04-26 20:31:51.040   566   616 W skia    : AGTM parsing failed flags.readFromStream(s) at 159
04-26 20:31:51.040  1174  1174 W MediaControlGattService: Feature SEEKING_SPEED support: true
04-26 20:31:51.040  1174  1174 W MediaControlGattService: Feature SEEKING_SPEED support: true
04-26 20:31:51.040  1174  1174 W MediaControlProfile: MCS service state fields left unhandled: 
04-26 20:31:51.040   566   616 W skia    : AGTM parsing failed flags.readFromStream(s) at 159
04-26 20:31:51.040  1174  1174 W MediaControlProfile:    > PLAYER_NAME
04-26 20:31:51.040  1174  1174 W MediaControlProfile:    > PLAYING_ORDER_SUPPORTED
04-26 20:31:51.040   566   616 W skia    : AGTM parsing failed flags.readFromStream(s) at 159
04-26 20:31:51.040   566   616 W skia    : AGTM parsing failed flags.readFromStream(s) at 159
04-26 20:31:51.040 19096 19145 I MuMain  : INIT: MapProcess::Make()
04-26 20:31:51.041 19096 19145 I MuMain  : INIT: PetProcess::Make()
04-26 20:31:51.041 19096 19145 I MuMain  : INIT: CUIMng::Create()
04-26 20:31:51.041 19096 19145 I MuMain  : INIT: g_pNewUISystem->Create()
04-26 20:31:51.046 19096 19096 V SDL     : onWindowFocusChanged(): true
04-26 20:31:51.046 19096 19096 V SDL     : nativeFocusChanged()
04-26 20:31:51.048   736   881 I ImeTracker: com.muonline.client:f9f11724: onRequestHide at ORIGIN_SERVER reason HIDE_UNSPECIFIED_WINDOW fromUser false userId 0 displayId 0
04-26 20:31:51.049 19096 19096 D InsetsController: hide(ime())
04-26 20:31:51.049 19096 19096 I ImeTracker: com.muonline.client:f9f11724: onCancelled at PHASE_CLIENT_ALREADY_HIDDEN
04-26 20:31:51.050   736   881 W InputChannel-JNI: Channel already disposed.
04-26 20:31:51.050  4105  4105 I GoogleInputMethodService: GoogleInputMethodService.onFinishInput():2113 
04-26 20:31:51.052  4105  4105 I Module  : DeviceLockedStatusModuleProvider$Module.updateDeviceLockedStatus():103 repeatCheckTimes = 0, locked = false
04-26 20:31:51.052   736  2215 I ImeTracker: system_server:a2d35133: onRequestHide at ORIGIN_SERVER reason IME_REQUESTED_CHANGED_LISTENER fromUser false displayId 0
04-26 20:31:51.054   566   616 W skia    : AGTM parsing failed flags.readFromStream(s) at 159
04-26 20:31:51.054   736   762 I ImeTracker: system_server:a2d35133: onCancelled at PHASE_SERVER_SHOULD_HIDE
04-26 20:31:51.055   566   616 W skia    : AGTM parsing failed flags.readFromStream(s) at 159
04-26 20:31:51.055   566   616 W skia    : AGTM parsing failed flags.readFromStream(s) at 159
04-26 20:31:51.055   566   616 W skia    : AGTM parsing failed flags.readFromStream(s) at 159
04-26 20:31:51.055   566   616 W skia    : AGTM parsing failed flags.readFromStream(s) at 159
04-26 20:31:51.056 19096 19145 I MuMain  : INIT: UI creation done
04-26 20:31:51.056 19096 19145 I MuMain  : VirtualPad: slots loaded version=4 idx=[-1,-1,-1,-1,-1] type=[0,0,0,0,0] path=Data/Local/android_touch_skill_slots.cfg
04-26 20:31:51.056 19096 19145 I MuMain  : VirtualPad slots: [-1,-1,-1,-1,-1]
04-26 20:31:51.056 19096 19145 I MuMain  : Android perf defaults: maxMsgPerCycle=70 targetFps=-1.0 fxScale=1.00 adaptive=on isEmulator=1
04-26 20:31:51.056 19096 19145 I MuMain  : SDL mixer volume set: level=5 sdl=71
04-26 20:31:51.056 19096 19145 I MuMain  : FPS overlay enabled
04-26 20:31:51.056 19096 19145 I MuMain  : All systems initialized — entering main loop
04-26 20:31:51.056 19096 19145 I MuMain  : Window resized → drawable: 2268x1080
04-26 20:31:51.056 19096 19145 I MuMain  : CHATIME IME state changed focused=0 sdlTextInput=1
04-26 20:31:51.057 19096 19145 I MuMain  : WEBZEN: enter
04-26 20:31:51.057  4105  4105 I GoogleInputMethodService: GoogleInputMethodService.onStartInput():1384 onStartInput(EditorInfo{EditorInfo{packageName=com.muonline.client, inputType=0, inputTypeString=NULL, enableLearning=false, autoCorrection=false, autoComplete=false, imeOptions=0, privateImeOptions=null, actionName=UNSPECIFIED, actionLabel=null, initialSelStart=-1, initialSelEnd=-1, initialCapsMode=0, label=null, fieldId=0, fieldName=null, extras=null, hintText=null, hintLocales=[]}}, false)
04-26 20:31:51.058  4105  4105 W AndroidIME: LatinIMEBase.updateInputViewCoverNavigation():319 Null input view, cannot update padding!
04-26 20:31:51.061 19096 19145 I MuMain  : WEBZEN: loading title bitmaps
04-26 20:31:51.061  4105  4105 I Module  : DeviceLockedStatusModuleProvider$Module.updateDeviceLockedStatus():103 repeatCheckTimes = 1, locked = false
04-26 20:31:51.064   736  2215 W PackageConfigPersister: App-specific configuration not found for packageName: com.muonline.client and userId: 0
04-26 20:31:51.067 19096 19145 I MuMain  : WEBZEN: OpenBasicData begin
04-26 20:31:51.067 19096 19145 I MuMain  : OPENBASIC: enter
04-26 20:31:51.067 19096 19145 I MuMain  : OPENBASIC: RenderTitle 0 begin
04-26 20:31:51.068 19096 19145 I MuMain  : OPENBASIC: RenderTitle 0 done
04-26 20:31:51.068 19096 19145 I MuMain  : OPENBASIC: first bitmap group begin
04-26 20:31:51.070   566   616 W skia    : AGTM parsing failed flags.readFromStream(s) at 159
04-26 20:31:51.070   566   616 W skia    : AGTM parsing failed flags.readFromStream(s) at 159
04-26 20:31:51.070   566   616 W skia    : AGTM parsing failed flags.readFromStream(s) at 159
04-26 20:31:51.070   566   616 W skia    : AGTM parsing failed flags.readFromStream(s) at 159
04-26 20:31:51.070   566   616 W skia    : AGTM parsing failed flags.readFromStream(s) at 159
04-26 20:31:51.078   736   921 I HalDevMgr: bestIfaceCreationProposal is null, requestIface=STA, existingIface=[name=wlan0 type=STA]
04-26 20:31:51.088   566   616 W skia    : AGTM parsing failed flags.readFromStream(s) at 159
04-26 20:31:51.088   566   616 W skia    : AGTM parsing failed flags.readFromStream(s) at 159
04-26 20:31:51.088   566   616 W skia    : AGTM parsing failed flags.readFromStream(s) at 159
04-26 20:31:51.088   566   616 W skia    : AGTM parsing failed flags.readFromStream(s) at 159
04-26 20:31:51.088   566   616 W skia    : AGTM parsing failed flags.readFromStream(s) at 159
04-26 20:31:51.089 19096 19145 I MuMain  : OPENBASIC: first bitmap group done
04-26 20:31:51.104   566   616 W skia    : AGTM parsing failed flags.readFromStream(s) at 159
04-26 20:31:51.104   566   616 W skia    : AGTM parsing failed flags.readFromStream(s) at 159
04-26 20:31:51.104   566   616 W skia    : AGTM parsing failed flags.readFromStream(s) at 159
04-26 20:31:51.104   566   616 W skia    : AGTM parsing failed flags.readFromStream(s) at 159
04-26 20:31:51.104   566   616 W skia    : AGTM parsing failed flags.readFromStream(s) at 159
04-26 20:31:51.120   566   616 W skia    : AGTM parsing failed flags.readFromStream(s) at 159
04-26 20:31:51.120   566   616 W skia    : AGTM parsing failed flags.readFromStream(s) at 159
04-26 20:31:51.120   566   616 W skia    : AGTM parsing failed flags.readFromStream(s) at 159
04-26 20:31:51.120   566   616 W skia    : AGTM parsing failed flags.readFromStream(s) at 159
04-26 20:31:51.120   566   616 W skia    : AGTM parsing failed flags.readFromStream(s) at 159
04-26 20:31:51.127 19096 19145 I TakumiErrorReport: File not found Data\Effect\Shiny04.jpg (32118)->Data\Effect\Shiny05.jpg
04-26 20:31:51.136   566   616 W skia    : AGTM parsing failed flags.readFromStream(s) at 159
04-26 20:31:51.137   566   616 W skia    : AGTM parsing failed flags.readFromStream(s) at 159
04-26 20:31:51.137   566   616 W skia    : AGTM parsing failed flags.readFromStream(s) at 159
04-26 20:31:51.137   566   616 W skia    : AGTM parsing failed flags.readFromStream(s) at 159
04-26 20:31:51.137   566   616 W skia    : AGTM parsing failed flags.readFromStream(s) at 159
04-26 20:31:51.153   566   616 W skia    : AGTM parsing failed flags.readFromStream(s) at 159
04-26 20:31:51.153   566   616 W skia    : AGTM parsing failed flags.readFromStream(s) at 159
04-26 20:31:51.153   566   616 W skia    : AGTM parsing failed flags.readFromStream(s) at 159
04-26 20:31:51.154   566   616 W skia    : AGTM parsing failed flags.readFromStream(s) at 159
04-26 20:31:51.154   566   616 W skia    : AGTM parsing failed flags.readFromStream(s) at 159
04-26 20:31:51.169   566   616 W skia    : AGTM parsing failed flags.readFromStream(s) at 159
04-26 20:31:51.170   566   616 W skia    : AGTM parsing failed flags.readFromStream(s) at 159
04-26 20:31:51.170   566   616 W skia    : AGTM parsing failed flags.readFromStream(s) at 159
04-26 20:31:51.170   566   616 W skia    : AGTM parsing failed flags.readFromStream(s) at 159
04-26 20:31:51.170   566   616 W skia    : AGTM parsing failed flags.readFromStream(s) at 159
04-26 20:31:51.178 19096 19145 I TakumiErrorReport: > First Load Files OK.
04-26 20:31:51.187   566   616 W skia    : AGTM parsing failed flags.readFromStream(s) at 159
04-26 20:31:51.187   566   616 W skia    : AGTM parsing failed flags.readFromStream(s) at 159
04-26 20:31:51.187   566   616 W skia    : AGTM parsing failed flags.readFromStream(s) at 159
04-26 20:31:51.187   566   616 W skia    : AGTM parsing failed flags.readFromStream(s) at 159
04-26 20:31:51.187   566   616 W skia    : AGTM parsing failed flags.readFromStream(s) at 159
04-26 20:31:51.205   566   616 W skia    : AGTM parsing failed flags.readFromStream(s) at 159
04-26 20:31:51.205   566   616 W skia    : AGTM parsing failed flags.readFromStream(s) at 159
04-26 20:31:51.205   566   616 W skia    : AGTM parsing failed flags.readFromStream(s) at 159
04-26 20:31:51.205   566   616 W skia    : AGTM parsing failed flags.readFromStream(s) at 159
04-26 20:31:51.205   566   616 W skia    : AGTM parsing failed flags.readFromStream(s) at 159
04-26 20:31:51.219   566   616 W skia    : AGTM parsing failed flags.readFromStream(s) at 159
04-26 20:31:51.220   566   616 W skia    : AGTM parsing failed flags.readFromStream(s) at 159
04-26 20:31:51.220   566   616 W skia    : AGTM parsing failed flags.readFromStream(s) at 159
04-26 20:31:51.220   566   616 W skia    : AGTM parsing failed flags.readFromStream(s) at 159
04-26 20:31:51.220   566   616 W skia    : AGTM parsing failed flags.readFromStream(s) at 159
04-26 20:31:51.237   566   616 W skia    : AGTM parsing failed flags.readFromStream(s) at 159
04-26 20:31:51.237   566   616 W skia    : AGTM parsing failed flags.readFromStream(s) at 159
04-26 20:31:51.237   566   616 W skia    : AGTM parsing failed flags.readFromStream(s) at 159
04-26 20:31:51.237   566   616 W skia    : AGTM parsing failed flags.readFromStream(s) at 159
04-26 20:31:51.237   566   616 W skia    : AGTM parsing failed flags.readFromStream(s) at 159
04-26 20:31:51.253   566   616 W skia    : AGTM parsing failed flags.readFromStream(s) at 159
04-26 20:31:51.253   566   616 W skia    : AGTM parsing failed flags.readFromStream(s) at 159
04-26 20:31:51.253   566   616 W skia    : AGTM parsing failed flags.readFromStream(s) at 159
04-26 20:31:51.253   566   616 W skia    : AGTM parsing failed flags.readFromStream(s) at 159
04-26 20:31:51.253   566   616 W skia    : AGTM parsing failed flags.readFromStream(s) at 159
04-26 20:31:51.271   566   616 W skia    : AGTM parsing failed flags.readFromStream(s) at 159
04-26 20:31:51.272   566   616 W skia    : AGTM parsing failed flags.readFromStream(s) at 159
04-26 20:31:51.272   566   616 W skia    : AGTM parsing failed flags.readFromStream(s) at 159
04-26 20:31:51.272   566   616 W skia    : AGTM parsing failed flags.readFromStream(s) at 159
04-26 20:31:51.272   566   616 W skia    : AGTM parsing failed flags.readFromStream(s) at 159
04-26 20:31:51.287   566   616 W skia    : AGTM parsing failed flags.readFromStream(s) at 159
04-26 20:31:51.287   566   616 W skia    : AGTM parsing failed flags.readFromStream(s) at 159
04-26 20:31:51.287   566   616 W skia    : AGTM parsing failed flags.readFromStream(s) at 159
04-26 20:31:51.287   566   616 W skia    : AGTM parsing failed flags.readFromStream(s) at 159
04-26 20:31:51.287   566   616 W skia    : AGTM parsing failed flags.readFromStream(s) at 159
04-26 20:31:51.304   566   616 W skia    : AGTM parsing failed flags.readFromStream(s) at 159
04-26 20:31:51.304   566   616 W skia    : AGTM parsing failed flags.readFromStream(s) at 159
04-26 20:31:51.305   566   616 W skia    : AGTM parsing failed flags.readFromStream(s) at 159
04-26 20:31:51.319   566   616 W skia    : AGTM parsing failed flags.readFromStream(s) at 159
04-26 20:31:51.319   566   616 W skia    : AGTM parsing failed flags.readFromStream(s) at 159
04-26 20:31:51.319   566   616 W skia    : AGTM parsing failed flags.readFromStream(s) at 159
04-26 20:31:51.336   566   616 W skia    : AGTM parsing failed flags.readFromStream(s) at 159
04-26 20:31:51.336   566   616 W skia    : AGTM parsing failed flags.readFromStream(s) at 159
04-26 20:31:51.336   566   616 W skia    : AGTM parsing failed flags.readFromStream(s) at 159
04-26 20:31:51.337   736  1185 I ImeTracker: system_server:db6e749e: onRequestHide at ORIGIN_SERVER reason IME_REQUESTED_CHANGED_LISTENER fromUser false displayId 0
04-26 20:31:51.338   736   762 I ImeTracker: system_server:db6e749e: onCancelled at PHASE_SERVER_SHOULD_HIDE
04-26 20:31:51.354   566   616 W skia    : AGTM parsing failed flags.readFromStream(s) at 159
04-26 20:31:51.354   566   616 W skia    : AGTM parsing failed flags.readFromStream(s) at 159
04-26 20:31:51.354   566   616 W skia    : AGTM parsing failed flags.readFromStream(s) at 159
04-26 20:31:51.369   566   616 W skia    : AGTM parsing failed flags.readFromStream(s) at 159
04-26 20:31:51.369   566   616 W skia    : AGTM parsing failed flags.readFromStream(s) at 159
04-26 20:31:51.369   566   616 W skia    : AGTM parsing failed flags.readFromStream(s) at 159
04-26 20:31:51.386   566   616 W skia    : AGTM parsing failed flags.readFromStream(s) at 159
04-26 20:31:51.386   566   616 W skia    : AGTM parsing failed flags.readFromStream(s) at 159
04-26 20:31:51.386   566   616 W skia    : AGTM parsing failed flags.readFromStream(s) at 159
04-26 20:31:51.404   566   616 W skia    : AGTM parsing failed flags.readFromStream(s) at 159
04-26 20:31:51.404   566   616 W skia    : AGTM parsing failed flags.readFromStream(s) at 159
04-26 20:31:51.404   566   616 W skia    : AGTM parsing failed flags.readFromStream(s) at 159
04-26 20:31:51.418  1036  1091 V WindowManagerShell: Transition animation finished (aborted=false), notifying core (#143) android.os.BinderProxy@48f18f7@0
04-26 20:31:51.420   566   616 W skia    : AGTM parsing failed flags.readFromStream(s) at 159
04-26 20:31:51.420   566   616 W skia    : AGTM parsing failed flags.readFromStream(s) at 159
04-26 20:31:51.420   566   616 W skia    : AGTM parsing failed flags.readFromStream(s) at 159
04-26 20:31:51.426   736   759 V WindowManager: Finish Transition (#143): created at 04-26 20:31:50.739 collect-started=0.091ms request-sent=7.091ms started=8.628ms ready=16.695ms sent=193.395ms commit=22.085ms finished=683.339ms
04-26 20:31:51.429  1036  1091 V WindowManagerShell: Track 0 became idle
04-26 20:31:51.430  1036  1091 V WindowManagerShell: All active transition animations finished
04-26 20:31:51.432 19096 19096 D VRI[PreloadActivity]: visibilityChanged oldVisibility=true newVisibility=false
04-26 20:31:51.446 19096 19096 D WindowOnBackDispatcher: setTopOnBackInvokedCallback (unwrapped): null
04-26 20:31:51.446   736  1145 D CoreBackPreview: Window{3797471 u0 com.muonline.client/com.muonline.client.PreloadActivity}: Setting back callback null
04-26 20:31:51.447 19096 19096 D ViewRootImpl: Skipping stats log for color mode
04-26 20:31:51.503   560   624 D AF::Track: interceptBuffer: took 565us to intercept 0 tracks
04-26 20:31:52.195 19096 19145 I MuMain  : OPENBASIC: OpenImages begin
04-26 20:31:52.198 19096 19145 I MuMain  : OPENBASIC: OpenImages done
04-26 20:31:52.199 19096 19145 I MuMain  : OPENBASIC: OpenSounds begin
04-26 20:31:52.199 19096 19145 I MuMain  : OPENBASIC: OpenSounds done
04-26 20:31:52.200 19096 19145 I MuMain  : OPENBASIC: scripts begin
04-26 20:31:52.204 19096 19145 I MuMain  : OPENBASIC: OpenTextData begin
04-26 20:31:52.207 19096 19145 I MuMain  : OPENBASIC: OpenTextData done
04-26 20:31:52.209 19096 19145 I MuMain  : OPENBASIC: master/gate/filter done
04-26 20:31:52.210 19096 19145 I MuMain  : WEBZEN: OpenBasicData done
04-26 20:31:52.236 19096 19145 I TakumiErrorReport: File not found Data\Interface\InGameShop\ingame_Bt_page_L.tga (32485)->Data\Custom\Maps\CRadar.tga
04-26 20:31:52.237 19096 19145 I TakumiErrorReport: File not found Data\Interface\InGameShop\IGS_Storage_Page.tga (32487)->Data\Custom\Maps\map_radar.tga
04-26 20:31:52.239 19096 19145 I TakumiErrorReport: File not found Data\Interface\InGameShop\IGS_Storage_Page_Left.tga (32488)->Data\Custom\Maps\background-tcp.tga
04-26 20:31:52.240 19096 19145 I TakumiErrorReport: File not found Data\Interface\InGameShop\IGS_Storage_Page_Right.tga (32489)->Data\Interface\newui_option_check.tga
04-26 20:31:52.316 19096 19145 I TakumiErrorReport: File not found Data\Interface\newui_item_back01.tga (31373)->Data\Interface\newui_item_back04.tga
04-26 20:31:52.317 19096 19145 I TakumiErrorReport: File not found Data\Interface\newui_item_back04.tga (31373)->Data\Interface\newui_item_back01.tga
04-26 20:31:52.321 19096 19145 I MuMain  : WEBZEN: LoadMainSceneInterface done
04-26 20:31:52.322 19096 19145 I TakumiErrorReport: > Loading ok.
04-26 20:31:52.323 19096 19145 E BLASTBufferQueue: [b509c17 SurfaceView[com.muonline.client/com.muonline.client.MuMainActivity]#2](f:0,a:0) rejecting buffer:active_size=2268x1080, requested_size=2268x1080 buffer{size=2268x943 transform=0}
04-26 20:31:52.384 19096 19145 I MuMain  : ADAPT fx scale: fps=0.8 frameMs=1327.68 1.00->0.90 target=0.55
04-26 20:31:52.384 19096 19145 I MuMain  : PERF fps=0.8 frameMs=1327.68 phase(render=1265.04 pad=0.03 present=62.19) renderLevel=4 fxScale=1.00 maxMsg=70 avg(draw=132 verts=792 im=132 vaD=0 vaC=0 qI=0 qE=0) max(draw=132 verts=792)
04-26 20:31:52.384 19096 19145 I MuMain  : PERF_SCENE world=-1 char(live=0 vis=0 ply=0 mon=0 npc=0 pet=0 prio=0 topMon=-1 x0) obj(live=0 vis=0 op=0 trap=0 topObj=-1 x0)
04-26 20:31:52.384 19096 19145 I MuMain  : PERF_BUCKET objMove(cand=0 upd=0 def=0 n=0 m=0 f=0) objRender(cand=0 draw=0 cull=0 n=0 m=0 f=0 visDraw=0 visDef=0) charMove(cand=0 upd=0 def=0 n=0 m=0 f=0) charRender(cand=0 draw=0 def=0 cull=0 n=0 m=0 f=0)
04-26 20:31:52.384 19096 19145 I MuMain  : PERF_TERRAIN world=-1 normal(block=0 tile=0) grass(block=0 tile=0) after(block=0 tile=0)
04-26 20:31:52.384 19096 19145 I MuMain  : Frame 0 — drawCalls=132 verts=792 paths(im=132 vaD=0 vaC=0 qI=0 qE=0) SDL_err='Couldn't open asset '/storage/emulated/0/Android/data/com.muonline.client/files/Data/fonts/font_.ttf''
04-26 20:31:52.387 19096 19145 I MuMain  : OpenTga logo file=Data\Logo\MU-logo.OZT size=512x256 alphaMin=0 alphaMax=255 alphaZero=80277 cornerRGBA=74,76,87,0
04-26 20:31:52.479 19096 19145 I TakumiErrorReport: File not found Data\World74\leaf01.tga (30357)->Data\World74\leaf01.jpg
04-26 20:31:52.483 19096 19145 I AndroidGDI: Font OK: /system/fonts/DroidSans-Bold.ttf sz=10
04-26 20:31:52.483 19096 19145 I TakumiErrorReport: [Connect to Server 33] ip address = 171.235.182.88, port = 44405
04-26 20:31:52.485 19096 19145 E MuMain  : PlayMp3 failed requested=[data\music\login_theme.mp3] resolved=[data/music/login_theme.mp3] reqExists=0 resolvedExists=0 cwd=[/storage/emulated/0/Android/data/com.muonline.client/files]: Couldn't open 'data/music/login_theme.mp3'
04-26 20:31:52.485 19096 19145 I TakumiErrorReport: > Login Scene init success.
04-26 20:31:52.496 19096 19145 I AndroidGDI: AndroidTextOut ENTRY len=34 hdc=0x733fdca9c250 bmp=0x733fdca9c220 text[0]=40
04-26 20:31:52.497 19096 19145 I AndroidGDI: TextOut surf=241x18 fmt=0x16362004 maxA=255 dib[0..2]=0,0,0
04-26 20:31:52.497 19096 19145 I AndroidGDI: AndroidTextOut ENTRY len=25 hdc=0x733fdca9c250 bmp=0x733fdca9c220 text[0]=32
04-26 20:31:52.497 19096 19145 I AndroidGDI: TextOut surf=177x18 fmt=0x16362004 maxA=255 dib[0..2]=0,0,0
04-26 20:31:52.498 19096 19145 I AndroidGDI: AndroidTextOut ENTRY len=14 hdc=0x733fdca9c250 bmp=0x733fdca9c220 text[0]=80
04-26 20:31:52.498 19096 19145 I AndroidGDI: TextOut surf=95x18 fmt=0x16362004 maxA=255 dib[0..2]=0,0,0
04-26 20:31:52.510 19096 19145 I MuMain  : Frame 1 — drawCalls=123 verts=43017 paths(im=885 vaD=0 vaC=0 qI=5 qE=0) SDL_err='Couldn't open 'data/music/login_theme.mp3''
04-26 20:31:52.529 19096 19145 I AndroidGDI: AndroidTextOut ENTRY len=34 hdc=0x733fdca9c250 bmp=0x733fdca9c220 text[0]=40
04-26 20:31:52.530 19096 19145 I AndroidGDI: TextOut surf=241x18 fmt=0x16362004 maxA=255 dib[0..2]=0,0,0
04-26 20:31:52.530 19096 19145 I AndroidGDI: AndroidTextOut ENTRY len=25 hdc=0x733fdca9c250 bmp=0x733fdca9c220 text[0]=32
04-26 20:31:52.530 19096 19145 I AndroidGDI: TextOut surf=177x18 fmt=0x16362004 maxA=255 dib[0..2]=0,0,0
04-26 20:31:52.530 19096 19145 I AndroidGDI: AndroidTextOut ENTRY len=14 hdc=0x733fdca9c250 bmp=0x733fdca9c220 text[0]=80
04-26 20:31:52.541 19096 19145 I MuMain  : Frame 2 — drawCalls=315 verts=70086 paths(im=1525 vaD=0 vaC=0 qI=20 qE=0) SDL_err=''
04-26 20:31:52.561 19096 19145 I AndroidGDI: AndroidTextOut ENTRY len=34 hdc=0x733fdca9c250 bmp=0x733fdca9c220 text[0]=40
04-26 20:31:52.561 19096 19145 I AndroidGDI: AndroidTextOut ENTRY len=25 hdc=0x733fdca9c250 bmp=0x733fdca9c220 text[0]=32
04-26 20:31:52.561 19096 19145 I AndroidGDI: AndroidTextOut ENTRY len=14 hdc=0x733fdca9c250 bmp=0x733fdca9c220 text[0]=80
04-26 20:31:52.562 19096 19145 I MuMain  : Frame 3 — drawCalls=322 verts=69198 paths(im=1512 vaD=0 vaC=0 qI=37 qE=0) SDL_err=''
04-26 20:31:52.583 19096 19145 I AndroidGDI: AndroidTextOut ENTRY len=34 hdc=0x733fdca9c250 bmp=0x733fdca9c220 text[0]=40
04-26 20:31:52.585 19096 19145 I MuMain  : Frame 4 — drawCalls=334 verts=69270 paths(im=1524 vaD=0 vaC=0 qI=51 qE=0) SDL_err=''
04-26 20:31:52.607 19096 19145 I MuMain  : Frame 5 — drawCalls=350 verts=73701 paths(im=1546 vaD=0 vaC=0 qI=64 qE=0) SDL_err=''
04-26 20:31:52.631 19096 19145 I MuMain  : Frame 6 — drawCalls=365 verts=73803 paths(im=1563 vaD=0 vaC=0 qI=79 qE=0) SDL_err=''
04-26 20:31:52.655 19096 19145 I MuMain  : Frame 7 — drawCalls=375 verts=73875 paths(im=1575 vaD=0 vaC=0 qI=93 qE=0) SDL_err=''
04-26 20:31:52.679 19096 19145 I MuMain  : Frame 8 — drawCalls=386 verts=74049 paths(im=1590 vaD=0 vaC=0 qI=103 qE=0) SDL_err=''
04-26 20:31:52.704 19096 19145 I MuMain  : Frame 9 — drawCalls=393 verts=74211 paths(im=1603 vaD=0 vaC=0 qI=112 qE=0) SDL_err=''
04-26 20:31:52.922 19096 19145 W MuMain  : ADAPT net budget down: fps=37.5 frameMs=26.69 maxMsg 70->60
04-26 20:31:53.176 19096 19145 W MuMain  : ADAPT net budget down: fps=35.4 frameMs=28.28 maxMsg 60->50
04-26 20:31:53.431 19096 19145 W MuMain  : ADAPT net budget down: fps=35.3 frameMs=28.31 maxMsg 50->40
04-26 20:31:53.431 19096 19145 I MuMain  : PERF fps=35.3 frameMs=28.31 phase(render=27.56 pad=0.02 present=0.67) renderLevel=4 fxScale=1.00 maxMsg=40 avg(draw=459 verts=74856 im=1822 vaD=0 vaC=0 qI=233 qE=0) max(draw=466 verts=76926)
04-26 20:31:53.431 19096 19145 I MuMain  : PERF_SCENE world=73 char(live=0 vis=0 ply=0 mon=0 npc=0 pet=0 prio=0 topMon=-1 x0) obj(live=375 vis=175 op=0 trap=0 topObj=155 x29)
04-26 20:31:53.431 19096 19145 I MuMain  : PERF_BUCKET objMove(cand=0 upd=0 def=0 n=0 m=0 f=0) objRender(cand=0 draw=0 cull=0 n=0 m=0 f=0 visDraw=0 visDef=0) charMove(cand=0 upd=0 def=0 n=0 m=0 f=0) charRender(cand=0 draw=0 def=0 cull=0 n=0 m=0 f=0)
04-26 20:31:53.431 19096 19145 I MuMain  : PERF_TERRAIN world=73 normal(block=0 tile=0) grass(block=0 tile=0) after(block=0 tile=0)
04-26 20:31:53.575   736  1699 E TaskPersister: File error accessing recents directory (directory doesn't exist?).
04-26 20:31:53.725 19096 19145 I MuMain  : ADAPT fx scale: fps=23.8 frameMs=42.06 1.00->0.90 target=0.65
04-26 20:31:53.725 19096 19145 W MuMain  : ADAPT net budget down: fps=23.8 frameMs=42.06 maxMsg 40->30
04-26 20:31:53.749  2780  2784 I artd    : GetBestInfo: odex next to the dex file (/data/app/~~PqdBwR9WSFUNw4iaJMgoGg==/com.google.android.gms-95Dc1VeYXyONiCBDqz_lkA==/oat/x86_64/base.odex) is kOatUpToDate with filter 'speed-profile' executable 'false'
04-26 20:31:53.751  2780  2784 I artd    : GetBestInfo: dm (/data/app/~~PqdBwR9WSFUNw4iaJMgoGg==/com.google.android.gms-95Dc1VeYXyONiCBDqz_lkA==/split_AdsDynamite_installtime.dm) is kOatUpToDate with filter 'verify' executable 'false'
04-26 20:31:53.756  2780  2784 I artd    : GetBestInfo: dm (/data/app/~~PqdBwR9WSFUNw4iaJMgoGg==/com.google.android.gms-95Dc1VeYXyONiCBDqz_lkA==/split_CronetDynamite_installtime.dm) is kOatUpToDate with filter 'verify' executable 'false'
04-26 20:31:53.760  2780  2784 I artd    : GetBestInfo: dm (/data/app/~~PqdBwR9WSFUNw4iaJMgoGg==/com.google.android.gms-95Dc1VeYXyONiCBDqz_lkA==/split_DynamiteLoader_installtime.dm) is kOatUpToDate with filter 'verify' executable 'false'
04-26 20:31:53.762  2780  2783 I artd    : GetBestInfo: dm (/data/app/~~PqdBwR9WSFUNw4iaJMgoGg==/com.google.android.gms-95Dc1VeYXyONiCBDqz_lkA==/split_DynamiteModulesA_installtime.dm) is kOatUpToDate with filter 'verify' executable 'false'
04-26 20:31:53.764  2780  2783 I artd    : GetBestInfo: dm (/data/app/~~PqdBwR9WSFUNw4iaJMgoGg==/com.google.android.gms-95Dc1VeYXyONiCBDqz_lkA==/split_DynamiteModulesC_installtime.dm) is kOatUpToDate with filter 'verify' executable 'false'
04-26 20:31:53.766  2780  2783 I artd    : GetBestInfo: dm (/data/app/~~PqdBwR9WSFUNw4iaJMgoGg==/com.google.android.gms-95Dc1VeYXyONiCBDqz_lkA==/split_GoogleCertificates_installtime.dm) is kOatUpToDate with filter 'verify' executable 'false'
04-26 20:31:53.768  2780  2783 I artd    : GetBestInfo: dm (/data/app/~~PqdBwR9WSFUNw4iaJMgoGg==/com.google.android.gms-95Dc1VeYXyONiCBDqz_lkA==/split_MapsDynamite_installtime.dm) is kOatUpToDate with filter 'verify' executable 'false'
04-26 20:31:53.770  2780  2783 I artd    : GetBestInfo: dm (/data/app/~~PqdBwR9WSFUNw4iaJMgoGg==/com.google.android.gms-95Dc1VeYXyONiCBDqz_lkA==/split_MeasurementDynamite_installtime.dm) is kOatUpToDate with filter 'verify' executable 'false'
04-26 20:31:53.772  2780  2783 I artd    : GetBestInfo: dm (/data/app/~~PqdBwR9WSFUNw4iaJMgoGg==/com.google.android.gms-95Dc1VeYXyONiCBDqz_lkA==/split_all_locale_splits.dm) is kOatUpToDate with filter 'verify' executable 'false'
04-26 20:31:53.773  2780  2783 I artd    : GetBestInfo: /data/user_de/0/com.google.android.gms/app_chimera/m/0000000a/dl-TfliteDynamiteDynamite.integ_252130102100800.apk has no usable artifacts
04-26 20:31:53.774  2780  2783 I artd    : GetBestInfo: /data/user_de/0/com.google.android.gms/app_chimera/m/00000001/CronetDynamite.apk has no usable artifacts
04-26 20:31:53.775  2780  2783 I artd    : GetBestInfo: /data/user_de/0/com.google.android.gms/app_chimera/m/00000016/dl-MlkitOcrCommon.optional_261332100800.apk has no usable artifacts
04-26 20:31:53.776  2780  2783 I artd    : GetBestInfo: /data/user_de/0/com.google.android.gms/app_chimera/m/00000002/DynamiteLoader.apk has no usable artifacts
04-26 20:31:53.778  2780  2783 I artd    : GetBestInfo: /data/user_de/0/com.google.android.gms/app_chimera/m/0000000e/dl-MlkitBarcodeUi.optional_260235100800.apk has no usable artifacts
04-26 20:31:53.779  2780  2783 I artd    : GetBestInfo: /data/user_de/0/com.google.android.gms/app_chimera/m/00000013/dl-Appsearch.optional_261332100800.apk has no usable artifacts
04-26 20:31:53.780  2780  2783 I artd    : GetBestInfo: /data/user_de/0/com.google.android.gms/app_chimera/m/00000005/GoogleCertificates.apk has no usable artifacts
04-26 20:31:53.782  2780  2783 I artd    : GetBestInfo: /data/user_de/0/com.google.android.gms/app_chimera/m/00000012/dl-PlayCloudSearch.optional_261332100000.apk has no usable artifacts
04-26 20:31:53.784  2780  2783 I artd    : GetBestInfo: vdex next to the dex file (/data/user/0/com.google.android.gms/app_dg_cache/B3ED91DEC21F0EB5284BE10D982ABEAAC45F5C48/oat/x86_64/the.vdex) is kOatUpToDate with filter 'verify' executable 'false'
04-26 20:31:53.785  2780  2783 I artd    : GetBestInfo: /data/user_de/0/com.google.android.gms/app_chimera/m/0000000f/dl-PlayCloudSearch.optional_260235100000.apk has no usable artifacts
04-26 20:31:53.790  2780  2783 I artd    : GetBestInfo: /data/user_de/0/com.google.android.gms/app_chimera/m/00000008/dl-VisionOcr.optional_260235100000.apk has no usable artifacts
04-26 20:31:53.793  2780  2783 I artd    : GetBestInfo: /data/user_de/0/com.google.android.gms/app_chimera/m/0000000b/dl-Appsearch.optional_260235100800.apk has no usable artifacts
04-26 20:31:53.795  2780  2783 I artd    : GetBestInfo: /data/user_de/0/com.google.android.gms/app_chimera/m/00000011/dl-VisionOcr.optional_261332100000.apk has no usable artifacts
04-26 20:31:53.796  2780  2783 I artd    : GetBestInfo: /data/user_de/0/com.google.android.gms/app_chimera/m/00000015/dl-MlkitBarcodeUi.optional_261332100800.apk has no usable artifacts
04-26 20:31:53.798  2780  2783 I artd    : GetBestInfo: /data/user_de/0/com.google.android.gms/app_chimera/m/00000009/dl-MlkitOcrCommon.optional_260235100800.apk has no usable artifacts
04-26 20:31:53.800  2780  2783 I artd    : GetBestInfo: vdex next to the dex file (/data/user/0/com.google.android.gms/app_dg_cache/CE973E4DE823F0AA69070767A9FABB590DDD455C/oat/x86_64/the.vdex) is kOatUpToDate with filter 'verify' executable 'false'
04-26 20:31:53.801  2780  2783 I artd    : GetBestInfo: /data/user_de/0/com.google.android.gms/app_chimera/m/00000007/MeasurementDynamite.apk has no usable artifacts
04-26 20:31:53.957 19096 19145 I MuMain  : ZzzScene android logo alpha raw=1.020 clamp=1.000 glow=0.700
04-26 20:31:54.089   736   921 I HalDevMgr: bestIfaceCreationProposal is null, requestIface=STA, existingIface=[name=wlan0 type=STA]
04-26 20:31:54.511 19096 19145 I MuMain  : PERF fps=42.5 frameMs=23.55 phase(render=22.67 pad=0.05 present=0.78) renderLevel=4 fxScale=1.00 maxMsg=30 avg(draw=369 verts=77483 im=1734 vaD=0 vaC=0 qI=183 qE=0) max(draw=387 verts=81453)
04-26 20:31:54.511 19096 19145 I MuMain  : PERF_SCENE world=73 char(live=0 vis=0 ply=0 mon=0 npc=0 pet=0 prio=0 topMon=-1 x0) obj(live=375 vis=176 op=0 trap=0 topObj=79 x20)
04-26 20:31:54.511 19096 19145 I MuMain  : PERF_BUCKET objMove(cand=0 upd=0 def=0 n=0 m=0 f=0) objRender(cand=0 draw=0 cull=0 n=0 m=0 f=0 visDraw=0 visDef=0) charMove(cand=0 upd=0 def=0 n=0 m=0 f=0) charRender(cand=0 draw=0 def=0 cull=0 n=0 m=0 f=0)
04-26 20:31:54.511 19096 19145 I MuMain  : PERF_TERRAIN world=73 normal(block=0 tile=0) grass(block=0 tile=0) after(block=0 tile=0)
04-26 20:31:55.036 19096 19145 I MuMain  : ADAPT fx scale: fps=45.1 frameMs=22.15 1.00->0.90 target=0.90
04-26 20:31:55.045   736   931 D InetDiagMessage: Destroyed 0 sockets, proto=IPPROTO_TCP, family=AF_INET, states=14
04-26 20:31:55.045   736   931 D InetDiagMessage: Destroyed 0 sockets, proto=IPPROTO_TCP, family=AF_INET6, states=14
04-26 20:31:55.045   736   931 D InetDiagMessage: Destroyed live tcp sockets for uids={10172} in 1ms
04-26 20:31:55.046   736   931 D InetDiagMessage: Destroyed 0 sockets, proto=IPPROTO_TCP, family=AF_INET, states=14
04-26 20:31:55.047   736   931 D InetDiagMessage: Destroyed 0 sockets, proto=IPPROTO_TCP, family=AF_INET6, states=14
04-26 20:31:55.047   736   931 D InetDiagMessage: Destroyed live tcp sockets for uids={20172} in 1ms
04-26 20:31:55.565 19096 19145 I MuMain  : PERF fps=49.4 frameMs=20.23 phase(render=18.20 pad=0.03 present=1.93) renderLevel=4 fxScale=1.00 maxMsg=30 avg(draw=260 verts=71119 im=1633 vaD=0 vaC=0 qI=117 qE=0) max(draw=270 verts=72504)
04-26 20:31:55.565 19096 19145 I MuMain  : PERF_SCENE world=73 char(live=0 vis=0 ply=0 mon=0 npc=0 pet=0 prio=0 topMon=-1 x0) obj(live=375 vis=180 op=0 trap=0 topObj=79 x24)
04-26 20:31:55.565 19096 19145 I MuMain  : PERF_BUCKET objMove(cand=0 upd=0 def=0 n=0 m=0 f=0) objRender(cand=0 draw=0 cull=0 n=0 m=0 f=0 visDraw=0 visDef=0) charMove(cand=0 upd=0 def=0 n=0 m=0 f=0) charRender(cand=0 draw=0 def=0 cull=0 n=0 m=0 f=0)
04-26 20:31:55.565 19096 19145 I MuMain  : PERF_TERRAIN world=73 normal(block=0 tile=0) grass(block=0 tile=0) after(block=0 tile=0)
04-26 20:31:56.381  1016  1016 I wpa_supplicant: wlan0: CTRL-EVENT-BEACON-LOSS 
04-26 20:31:56.587 19096 19145 I MuMain  : PERF fps=67.1 frameMs=14.91 phase(render=14.24 pad=0.03 present=0.57) renderLevel=4 fxScale=1.00 maxMsg=30 avg(draw=186 verts=80730 im=1586 vaD=0 vaC=0 qI=72 qE=0) max(draw=204 verts=85269)
04-26 20:31:56.587 19096 19145 I MuMain  : PERF_SCENE world=73 char(live=0 vis=0 ply=0 mon=0 npc=0 pet=0 prio=0 topMon=-1 x0) obj(live=375 vis=156 op=0 trap=0 topObj=79 x23)
04-26 20:31:56.587 19096 19145 I MuMain  : PERF_BUCKET objMove(cand=0 upd=0 def=0 n=0 m=0 f=0) objRender(cand=0 draw=0 cull=0 n=0 m=0 f=0 visDraw=0 visDef=0) charMove(cand=0 upd=0 def=0 n=0 m=0 f=0) charRender(cand=0 draw=0 def=0 cull=0 n=0 m=0 f=0)
04-26 20:31:56.587 19096 19145 I MuMain  : PERF_TERRAIN world=73 normal(block=0 tile=0) grass(block=0 tile=0) after(block=0 tile=0)
04-26 20:31:57.100   736   921 I HalDevMgr: bestIfaceCreationProposal is null, requestIface=STA, existingIface=[name=wlan0 type=STA]
04-26 20:31:57.627 19096 19145 I MuMain  : PERF fps=63.3 frameMs=15.79 phase(render=15.16 pad=0.02 present=0.53) renderLevel=4 fxScale=1.00 maxMsg=30 avg(draw=199 verts=93910 im=1607 vaD=0 vaC=0 qI=95 qE=0) max(draw=209 verts=94410)
04-26 20:31:57.627 19096 19145 I MuMain  : PERF_SCENE world=73 char(live=0 vis=0 ply=0 mon=0 npc=0 pet=0 prio=0 topMon=-1 x0) obj(live=375 vis=169 op=0 trap=0 topObj=79 x29)
04-26 20:31:57.627 19096 19145 I MuMain  : PERF_BUCKET objMove(cand=0 upd=0 def=0 n=0 m=0 f=0) objRender(cand=0 draw=0 cull=0 n=0 m=0 f=0 visDraw=0 visDef=0) charMove(cand=0 upd=0 def=0 n=0 m=0 f=0) charRender(cand=0 draw=0 def=0 cull=0 n=0 m=0 f=0)
04-26 20:31:57.627 19096 19145 I MuMain  : PERF_TERRAIN world=73 normal(block=0 tile=0) grass(block=0 tile=0) after(block=0 tile=0)
04-26 20:31:58.667 19096 19145 I MuMain  : PERF fps=57.5 frameMs=17.39 phase(render=16.60 pad=0.02 present=0.71) renderLevel=4 fxScale=1.00 maxMsg=30 avg(draw=228 verts=92286 im=1645 vaD=0 vaC=0 qI=122 qE=0) max(draw=244 verts=96618)
04-26 20:31:58.667 19096 19145 I MuMain  : PERF_SCENE world=73 char(live=0 vis=0 ply=0 mon=0 npc=0 pet=0 prio=0 topMon=-1 x0) obj(live=375 vis=168 op=0 trap=0 topObj=79 x25)
04-26 20:31:58.667 19096 19145 I MuMain  : PERF_BUCKET objMove(cand=0 upd=0 def=0 n=0 m=0 f=0) objRender(cand=0 draw=0 cull=0 n=0 m=0 f=0 visDraw=0 visDef=0) charMove(cand=0 upd=0 def=0 n=0 m=0 f=0) charRender(cand=0 draw=0 def=0 cull=0 n=0 m=0 f=0)
04-26 20:31:58.667 19096 19145 I MuMain  : PERF_TERRAIN world=73 normal(block=0 tile=0) grass(block=0 tile=0) after(block=0 tile=0)
04-26 20:31:59.538   736   862 D ActivityManager: freezing 4276 com.android.vending:background
