04-26 22:29:32.531  1174  1174 I bluetooth: system/btif/avrcp/avrcp_service.cc:533 SendMediaUpdate: track_changed=false :  play_state=true :  queue=false
04-26 22:29:32.531  1174  1174 E MediaControlProfile: onCurrentPlayerStateUpdated: base actions not supported, player actions= 0, expected at least= 7f
04-26 22:29:32.531  1174  1174 W MediaControlGattService: Feature PLAYBACK_SPEED support: true
04-26 22:29:32.531  1174  1174 W MediaControlGattService: Feature PLAYBACK_SPEED support: true
04-26 22:29:32.531  1174  1174 W MediaControlGattService: Feature PLAYBACK_SPEED support: true
04-26 22:29:32.531  1174  1174 W MediaControlGattService: Feature PLAYBACK_SPEED_NOTIFY support: true
04-26 22:29:32.531 23974 24029 I MuMain  : SDL_mixer initialized (32 channels)
04-26 22:29:32.531 23974 24029 I MuMain  : INIT: srand
04-26 22:29:32.531 23974 24029 I MuMain  : INIT: alloc GateAttribute
04-26 22:29:32.531 23974 24029 I MuMain  : INIT: alloc SkillAttribute
04-26 22:29:32.531 23974 24029 I MuMain  : INIT: alloc ItemAttRibute
04-26 22:29:32.532 23974 24029 I MuMain  : INIT: alloc CharacterMemoryDump
04-26 22:29:32.532  1174  1361 I BluetoothAdapterProperties: getBondedDevices: length=0
04-26 22:29:32.532 23974 24029 I MuMain  : INIT: alloc CharacterMachine
04-26 22:29:32.532   736  2215 E AppOps  : attributionTag  not declared in manifest of com.muonline.client
04-26 22:29:32.532 23974 24029 I MuMain  : INIT: CharacterMachine->Init()
04-26 22:29:32.532  1174  1174 W MediaControlGattService: Feature TRACK_POSITION support: true
04-26 22:29:32.532 23974 24029 I MuMain  : INIT: new UI objects
04-26 22:29:32.532  1174  1174 W MediaControlGattService: Feature TRACK_POSITION_NOTIFY support: true
04-26 22:29:32.532  1174  1174 W MediaControlGattService: Feature MEDIA_STATE support: true
04-26 22:29:32.534   736  1603 E AppOps  : attributionTag  not declared in manifest of com.muonline.client
04-26 22:29:32.535  1174  1361 I BluetoothAdapterProperties: getBondedDevices: length=0
04-26 22:29:32.535 23974 24029 I MuMain  : INIT: BuffStateSystem::Make()
04-26 22:29:32.536  1174  1174 W MediaControlGattService: Feature MEDIA_CONTROL_POINT_OPCODES_SUPPORTED support: true
04-26 22:29:32.536  1174  1174 W MediaControlGattService: Feature MEDIA_STATE support: true
04-26 22:29:32.536  1174  1174 W MediaControlGattService: Feature MEDIA_STATE support: true
04-26 22:29:32.537 23974 24029 I MuMain  : INIT: MapProcess::Make()
04-26 22:29:32.537 23974 24029 I MuMain  : INIT: PetProcess::Make()
04-26 22:29:32.538 23974 24029 I MuMain  : INIT: CUIMng::Create()
04-26 22:29:32.538 23974 24029 I MuMain  : INIT: g_pNewUISystem->Create()
04-26 22:29:32.540   736  1715 E AppOps  : attributionTag  not declared in manifest of com.muonline.client
04-26 22:29:32.540  1174  1361 I BluetoothAdapterProperties: getBondedDevices: length=0
04-26 22:29:32.540  1174  1174 W MediaControlGattService: Feature MEDIA_STATE support: true
04-26 22:29:32.540  1174  1174 W MediaControlGattService: Feature SEEKING_SPEED support: true
04-26 22:29:32.540  1174  1174 W MediaControlGattService: Feature SEEKING_SPEED support: true
04-26 22:29:32.540  1174  1174 W MediaControlGattService: Feature SEEKING_SPEED support: true
04-26 22:29:32.540  1174  1174 W MediaControlProfile: MCS service state fields left unhandled: 
04-26 22:29:32.540  1174  1174 W MediaControlProfile:    > PLAYER_NAME
04-26 22:29:32.540  1174  1174 W MediaControlProfile:    > PLAYING_ORDER_SUPPORTED
04-26 22:29:32.542   736  1603 E AppOps  : attributionTag  not declared in manifest of com.muonline.client
04-26 22:29:32.553   521   521 I RanchuHwc: logCompositionFallbackIfChanged: layer 587 CompositionType fallback from 2 to 1
04-26 22:29:32.553   521   521 I RanchuHwc: logCompositionFallbackIfChanged: layer 586 CompositionType fallback from 2 to 1
04-26 22:29:32.553   521   521 I RanchuHwc: logCompositionFallbackIfChanged: layer 580 CompositionType fallback from 3 to 1
04-26 22:29:32.554   566   616 W skia    : AGTM parsing failed flags.readFromStream(s) at 159
04-26 22:29:32.554   566   616 W skia    : AGTM parsing failed flags.readFromStream(s) at 159
04-26 22:29:32.554   566   616 W skia    : AGTM parsing failed flags.readFromStream(s) at 159
04-26 22:29:32.554   566   616 W skia    : AGTM parsing failed flags.readFromStream(s) at 159
04-26 22:29:32.554   566   616 W skia    : AGTM parsing failed flags.readFromStream(s) at 159
04-26 22:29:32.558 23974 23974 V SDL     : onWindowFocusChanged(): true
04-26 22:29:32.559 23974 23974 V SDL     : nativeFocusChanged()
04-26 22:29:32.561   736   881 I ImeTracker: com.muonline.client:bdd0b535: onRequestHide at ORIGIN_SERVER reason HIDE_UNSPECIFIED_WINDOW fromUser false userId 0 displayId 0
04-26 22:29:32.562   736   881 W InputChannel-JNI: Channel already disposed.
04-26 22:29:32.563  4105  4105 I GoogleInputMethodService: GoogleInputMethodService.onFinishInput():2113 
04-26 22:29:32.564 23974 23974 D InsetsController: hide(ime())
04-26 22:29:32.564 23974 23974 I ImeTracker: com.muonline.client:bdd0b535: onCancelled at PHASE_CLIENT_ALREADY_HIDDEN
04-26 22:29:32.565  4105  4105 I Module  : DeviceLockedStatusModuleProvider$Module.updateDeviceLockedStatus():103 repeatCheckTimes = 0, locked = false
04-26 22:29:32.565   736  2215 I ImeTracker: system_server:65ca2734: onRequestHide at ORIGIN_SERVER reason IME_REQUESTED_CHANGED_LISTENER fromUser false displayId 0
04-26 22:29:32.566   736   762 I ImeTracker: system_server:65ca2734: onCancelled at PHASE_SERVER_SHOULD_HIDE
04-26 22:29:32.570  4105  4105 I GoogleInputMethodService: GoogleInputMethodService.onStartInput():1384 onStartInput(EditorInfo{EditorInfo{packageName=com.muonline.client, inputType=0, inputTypeString=NULL, enableLearning=false, autoCorrection=false, autoComplete=false, imeOptions=0, privateImeOptions=null, actionName=UNSPECIFIED, actionLabel=null, initialSelStart=-1, initialSelEnd=-1, initialCapsMode=0, label=null, fieldId=0, fieldName=null, extras=null, hintText=null, hintLocales=[]}}, false)
04-26 22:29:32.570   566   616 W skia    : AGTM parsing failed flags.readFromStream(s) at 159
04-26 22:29:32.570   566   616 W skia    : AGTM parsing failed flags.readFromStream(s) at 159
04-26 22:29:32.570   566   616 W skia    : AGTM parsing failed flags.readFromStream(s) at 159
04-26 22:29:32.570   566   616 W skia    : AGTM parsing failed flags.readFromStream(s) at 159
04-26 22:29:32.570   566   616 W skia    : AGTM parsing failed flags.readFromStream(s) at 159
04-26 22:29:32.570  4105  4105 W AndroidIME: LatinIMEBase.updateInputViewCoverNavigation():319 Null input view, cannot update padding!
04-26 22:29:32.574  4105  4105 I Module  : DeviceLockedStatusModuleProvider$Module.updateDeviceLockedStatus():103 repeatCheckTimes = 1, locked = false
04-26 22:29:32.576   736  1095 W PackageConfigPersister: App-specific configuration not found for packageName: com.muonline.client and userId: 0
04-26 22:29:32.588   566   616 W skia    : AGTM parsing failed flags.readFromStream(s) at 159
04-26 22:29:32.588   566   616 W skia    : AGTM parsing failed flags.readFromStream(s) at 159
04-26 22:29:32.588   566   616 W skia    : AGTM parsing failed flags.readFromStream(s) at 159
04-26 22:29:32.588   566   616 W skia    : AGTM parsing failed flags.readFromStream(s) at 159
04-26 22:29:32.588   566   616 W skia    : AGTM parsing failed flags.readFromStream(s) at 159
04-26 22:29:32.599 23974 24029 I MuMain  : INIT: UI creation done
04-26 22:29:32.601 23974 24029 I MuMain  : VirtualPad: slots loaded version=4 idx=[-1,-1,-1,-1,-1] type=[0,0,0,0,0] path=Data/Local/android_touch_skill_slots.cfg
04-26 22:29:32.601 23974 24029 I MuMain  : VirtualPad slots: [-1,-1,-1,-1,-1]
04-26 22:29:32.601 23974 24029 I MuMain  : Android perf defaults: maxMsgPerCycle=70 targetFps=-1.0 fxScale=1.00 adaptive=on isEmulator=1
04-26 22:29:32.602 23974 24029 I MuMain  : SDL mixer volume set: level=5 sdl=71
04-26 22:29:32.602 23974 24029 I MuMain  : FPS overlay enabled
04-26 22:29:32.602 23974 24029 I MuMain  : All systems initialized — entering main loop
04-26 22:29:32.602 23974 24029 I MuMain  : Window resized → drawable: 2268x1080
04-26 22:29:32.602 23974 24029 I MuMain  : CHATIME IME state changed focused=0 sdlTextInput=1
04-26 22:29:32.603   566   616 W skia    : AGTM parsing failed flags.readFromStream(s) at 159
04-26 22:29:32.603 23974 24029 I MuMain  : WEBZEN: enter
04-26 22:29:32.603   566   616 W skia    : AGTM parsing failed flags.readFromStream(s) at 159
04-26 22:29:32.603   566   616 W skia    : AGTM parsing failed flags.readFromStream(s) at 159
04-26 22:29:32.603   566   616 W skia    : AGTM parsing failed flags.readFromStream(s) at 159
04-26 22:29:32.603   566   616 W skia    : AGTM parsing failed flags.readFromStream(s) at 159
04-26 22:29:32.609 23974 24029 I MuMain  : WEBZEN: loading title bitmaps
04-26 22:29:32.621   566   616 W skia    : AGTM parsing failed flags.readFromStream(s) at 159
04-26 22:29:32.621   566   616 W skia    : AGTM parsing failed flags.readFromStream(s) at 159
04-26 22:29:32.621   566   616 W skia    : AGTM parsing failed flags.readFromStream(s) at 159
04-26 22:29:32.621   566   616 W skia    : AGTM parsing failed flags.readFromStream(s) at 159
04-26 22:29:32.621   566   616 W skia    : AGTM parsing failed flags.readFromStream(s) at 159
04-26 22:29:32.637   566   616 W skia    : AGTM parsing failed flags.readFromStream(s) at 159
04-26 22:29:32.637   566   616 W skia    : AGTM parsing failed flags.readFromStream(s) at 159
04-26 22:29:32.637   566   616 W skia    : AGTM parsing failed flags.readFromStream(s) at 159
04-26 22:29:32.637   566   616 W skia    : AGTM parsing failed flags.readFromStream(s) at 159
04-26 22:29:32.637   566   616 W skia    : AGTM parsing failed flags.readFromStream(s) at 159
04-26 22:29:32.654   566   616 W skia    : AGTM parsing failed flags.readFromStream(s) at 159
04-26 22:29:32.654 23974 24029 I MuMain  : WEBZEN: OpenBasicData begin
04-26 22:29:32.654 23974 24029 I MuMain  : OPENBASIC: enter
04-26 22:29:32.654 23974 24029 I MuMain  : OPENBASIC: RenderTitle 0 begin
04-26 22:29:32.654   566   616 W skia    : AGTM parsing failed flags.readFromStream(s) at 159
04-26 22:29:32.654   566   616 W skia    : AGTM parsing failed flags.readFromStream(s) at 159
04-26 22:29:32.654   566   616 W skia    : AGTM parsing failed flags.readFromStream(s) at 159
04-26 22:29:32.654   566   616 W skia    : AGTM parsing failed flags.readFromStream(s) at 159
04-26 22:29:32.655 23974 24029 I MuMain  : OPENBASIC: RenderTitle 0 done
04-26 22:29:32.655 23974 24029 I MuMain  : OPENBASIC: first bitmap group begin
04-26 22:29:32.670   566   616 W skia    : AGTM parsing failed flags.readFromStream(s) at 159
04-26 22:29:32.670   566   616 W skia    : AGTM parsing failed flags.readFromStream(s) at 159
04-26 22:29:32.670   566   616 W skia    : AGTM parsing failed flags.readFromStream(s) at 159
04-26 22:29:32.671   566   616 W skia    : AGTM parsing failed flags.readFromStream(s) at 159
04-26 22:29:32.671   566   616 W skia    : AGTM parsing failed flags.readFromStream(s) at 159
04-26 22:29:32.689   566   616 W skia    : AGTM parsing failed flags.readFromStream(s) at 159
04-26 22:29:32.689   566   616 W skia    : AGTM parsing failed flags.readFromStream(s) at 159
04-26 22:29:32.689   566   616 W skia    : AGTM parsing failed flags.readFromStream(s) at 159
04-26 22:29:32.689   566   616 W skia    : AGTM parsing failed flags.readFromStream(s) at 159
04-26 22:29:32.689   566   616 W skia    : AGTM parsing failed flags.readFromStream(s) at 159
04-26 22:29:32.705   566   616 W skia    : AGTM parsing failed flags.readFromStream(s) at 159
04-26 22:29:32.706   566   616 W skia    : AGTM parsing failed flags.readFromStream(s) at 159
04-26 22:29:32.706   566   616 W skia    : AGTM parsing failed flags.readFromStream(s) at 159
04-26 22:29:32.706   566   616 W skia    : AGTM parsing failed flags.readFromStream(s) at 159
04-26 22:29:32.706   566   616 W skia    : AGTM parsing failed flags.readFromStream(s) at 159
04-26 22:29:32.722   566   616 W skia    : AGTM parsing failed flags.readFromStream(s) at 159
04-26 22:29:32.722   566   616 W skia    : AGTM parsing failed flags.readFromStream(s) at 159
04-26 22:29:32.722   566   616 W skia    : AGTM parsing failed flags.readFromStream(s) at 159
04-26 22:29:32.722   566   616 W skia    : AGTM parsing failed flags.readFromStream(s) at 159
04-26 22:29:32.722   566   616 W skia    : AGTM parsing failed flags.readFromStream(s) at 159
04-26 22:29:32.738   566   616 W skia    : AGTM parsing failed flags.readFromStream(s) at 159
04-26 22:29:32.738   566   616 W skia    : AGTM parsing failed flags.readFromStream(s) at 159
04-26 22:29:32.738   566   616 W skia    : AGTM parsing failed flags.readFromStream(s) at 159
04-26 22:29:32.738   566   616 W skia    : AGTM parsing failed flags.readFromStream(s) at 159
04-26 22:29:32.738   566   616 W skia    : AGTM parsing failed flags.readFromStream(s) at 159
04-26 22:29:32.741 23974 24029 I MuMain  : OPENBASIC: first bitmap group done
04-26 22:29:32.754   566   616 W skia    : AGTM parsing failed flags.readFromStream(s) at 159
04-26 22:29:32.754   566   616 W skia    : AGTM parsing failed flags.readFromStream(s) at 159
04-26 22:29:32.754   566   616 W skia    : AGTM parsing failed flags.readFromStream(s) at 159
04-26 22:29:32.754   566   616 W skia    : AGTM parsing failed flags.readFromStream(s) at 159
04-26 22:29:32.755   566   616 W skia    : AGTM parsing failed flags.readFromStream(s) at 159
04-26 22:29:32.770   566   616 W skia    : AGTM parsing failed flags.readFromStream(s) at 159
04-26 22:29:32.770   566   616 W skia    : AGTM parsing failed flags.readFromStream(s) at 159
04-26 22:29:32.770   566   616 W skia    : AGTM parsing failed flags.readFromStream(s) at 159
04-26 22:29:32.770   566   616 W skia    : AGTM parsing failed flags.readFromStream(s) at 159
04-26 22:29:32.770   566   616 W skia    : AGTM parsing failed flags.readFromStream(s) at 159
04-26 22:29:32.788   566   616 W skia    : AGTM parsing failed flags.readFromStream(s) at 159
04-26 22:29:32.788   566   616 W skia    : AGTM parsing failed flags.readFromStream(s) at 159
04-26 22:29:32.789   566   616 W skia    : AGTM parsing failed flags.readFromStream(s) at 159
04-26 22:29:32.789   566   616 W skia    : AGTM parsing failed flags.readFromStream(s) at 159
04-26 22:29:32.790   566   616 W skia    : AGTM parsing failed flags.readFromStream(s) at 159
04-26 22:29:32.806   566   616 W skia    : AGTM parsing failed flags.readFromStream(s) at 159
04-26 22:29:32.806   566   616 W skia    : AGTM parsing failed flags.readFromStream(s) at 159
04-26 22:29:32.806   566   616 W skia    : AGTM parsing failed flags.readFromStream(s) at 159
04-26 22:29:32.821   566   616 W skia    : AGTM parsing failed flags.readFromStream(s) at 159
04-26 22:29:32.821   566   616 W skia    : AGTM parsing failed flags.readFromStream(s) at 159
04-26 22:29:32.821   566   616 W skia    : AGTM parsing failed flags.readFromStream(s) at 159
04-26 22:29:32.837   566   616 W skia    : AGTM parsing failed flags.readFromStream(s) at 159
04-26 22:29:32.837   566   616 W skia    : AGTM parsing failed flags.readFromStream(s) at 159
04-26 22:29:32.837   566   616 W skia    : AGTM parsing failed flags.readFromStream(s) at 159
04-26 22:29:32.841   736  2215 I ImeTracker: system_server:b943277d: onRequestHide at ORIGIN_SERVER reason IME_REQUESTED_CHANGED_LISTENER fromUser false displayId 0
04-26 22:29:32.842   736   762 I ImeTracker: system_server:b943277d: onCancelled at PHASE_SERVER_SHOULD_HIDE
04-26 22:29:32.842  4164  4218 I Finsky  : [49] WM::SCH: Logging work initialize for 12-1
04-26 22:29:32.855   566   616 W skia    : AGTM parsing failed flags.readFromStream(s) at 159
04-26 22:29:32.856   566   616 W skia    : AGTM parsing failed flags.readFromStream(s) at 159
04-26 22:29:32.856   566   616 W skia    : AGTM parsing failed flags.readFromStream(s) at 159
04-26 22:29:32.861  4164  4218 I Finsky  : [49] WM::SCH: Logging work initialize for 12-1
04-26 22:29:32.872   566   616 W skia    : AGTM parsing failed flags.readFromStream(s) at 159
04-26 22:29:32.872   566   616 W skia    : AGTM parsing failed flags.readFromStream(s) at 159
04-26 22:29:32.872   566   616 W skia    : AGTM parsing failed flags.readFromStream(s) at 159
04-26 22:29:32.887  4164  4225 I Finsky  : [56] SCH: Scheduling phonesky job Id: 12-1, CT: 1777217371063, Constraints: [{ L: 15000, D: 86400000, C: CHARGING_NONE, I: IDLE_NONE, N: NET_ANY, B: BATTERY_ANY }]
04-26 22:29:32.888   566   616 W skia    : AGTM parsing failed flags.readFromStream(s) at 159
04-26 22:29:32.888   566   616 W skia    : AGTM parsing failed flags.readFromStream(s) at 159
04-26 22:29:32.889   566   616 W skia    : AGTM parsing failed flags.readFromStream(s) at 159
04-26 22:29:32.905   566   616 W skia    : AGTM parsing failed flags.readFromStream(s) at 159
04-26 22:29:32.905   566   616 W skia    : AGTM parsing failed flags.readFromStream(s) at 159
04-26 22:29:32.905   566   616 W skia    : AGTM parsing failed flags.readFromStream(s) at 159
04-26 22:29:32.908  4164  4222 I Finsky  : [53] SCH: Scheduling 1 system job(s)
04-26 22:29:32.908  4164  4222 I Finsky  : [53] SCH: Scheduling system job Id: 9840, L: 13155, D: 79704786, C: false, I: false, N: 1
04-26 22:29:32.921   566   616 W skia    : AGTM parsing failed flags.readFromStream(s) at 159
04-26 22:29:32.921   566   616 W skia    : AGTM parsing failed flags.readFromStream(s) at 159
04-26 22:29:32.921   566   616 W skia    : AGTM parsing failed flags.readFromStream(s) at 159
04-26 22:29:32.938   566   616 W skia    : AGTM parsing failed flags.readFromStream(s) at 159
04-26 22:29:32.938   566   616 W skia    : AGTM parsing failed flags.readFromStream(s) at 159
04-26 22:29:32.938   566   616 W skia    : AGTM parsing failed flags.readFromStream(s) at 159
04-26 22:29:32.939  1036  1091 V WindowManagerShell: Transition animation finished (aborted=false), notifying core (#166) android.os.BinderProxy@60749c2@0
04-26 22:29:32.945   736   759 V WindowManager: Finish Transition (#166): created at 04-26 22:29:32.207 collect-started=0.091ms request-sent=12.18ms started=16.828ms ready=30.688ms sent=230.555ms commit=32.797ms finished=736.089ms
04-26 22:29:32.950 23974 23974 D VRI[PreloadActivity]: visibilityChanged oldVisibility=true newVisibility=false
04-26 22:29:32.953  4164  4225 I Finsky  : [56] SCH: Scheduling phonesky job Id: 12-1, CT: 1777217370684, Constraints: [{ L: 15000, D: 86400000, C: CHARGING_NONE, I: IDLE_NONE, N: NET_ANY, B: BATTERY_ANY }]
04-26 22:29:32.953  4164  4217 I Finsky  : [48] [ContentSync] finished, scheduled=true
04-26 22:29:32.958  1036  1091 V WindowManagerShell: Track 0 became idle
04-26 22:29:32.959  1036  1091 V WindowManagerShell: All active transition animations finished
04-26 22:29:32.967  4164  4224 I Finsky  : [55] SCH: Scheduling 1 system job(s)
04-26 22:29:32.967  4164  4224 I Finsky  : [55] SCH: Scheduling system job Id: 9840, L: 12717, D: 79704727, C: false, I: false, N: 1
04-26 22:29:32.982 23974 23974 D WindowOnBackDispatcher: setTopOnBackInvokedCallback (unwrapped): null
04-26 22:29:32.982   736  1603 D CoreBackPreview: Window{9903999 u0 com.muonline.client/com.muonline.client.PreloadActivity}: Setting back callback null
04-26 22:29:32.985 23974 23974 D ViewRootImpl: Skipping stats log for color mode
04-26 22:29:32.988 23974 24029 I TakumiErrorReport: File not found Data\Effect\Shiny04.jpg (32118)->Data\Effect\Shiny05.jpg
04-26 22:29:33.009  4164  4215 I Finsky  : [46] [ContentSync] finished, scheduled=true
04-26 22:29:33.204 23974 24029 I TakumiErrorReport: > First Load Files OK.
04-26 22:29:33.777   560   624 D AF::Track: interceptBuffer: took 1853us to intercept 0 tracks
04-26 22:29:33.799  2780  2784 I artd    : GetBestInfo: odex next to the dex file (/data/app/~~PqdBwR9WSFUNw4iaJMgoGg==/com.google.android.gms-95Dc1VeYXyONiCBDqz_lkA==/oat/x86_64/base.odex) is kOatUpToDate with filter 'speed-profile' executable 'false'
04-26 22:29:33.801  2780  2784 I artd    : GetBestInfo: dm (/data/app/~~PqdBwR9WSFUNw4iaJMgoGg==/com.google.android.gms-95Dc1VeYXyONiCBDqz_lkA==/split_AdsDynamite_installtime.dm) is kOatUpToDate with filter 'verify' executable 'false'
04-26 22:29:33.802  2780  2784 I artd    : GetBestInfo: dm (/data/app/~~PqdBwR9WSFUNw4iaJMgoGg==/com.google.android.gms-95Dc1VeYXyONiCBDqz_lkA==/split_CronetDynamite_installtime.dm) is kOatUpToDate with filter 'verify' executable 'false'
04-26 22:29:33.804  2780  2784 I artd    : GetBestInfo: dm (/data/app/~~PqdBwR9WSFUNw4iaJMgoGg==/com.google.android.gms-95Dc1VeYXyONiCBDqz_lkA==/split_DynamiteLoader_installtime.dm) is kOatUpToDate with filter 'verify' executable 'false'
04-26 22:29:33.806  2780  2784 I artd    : GetBestInfo: dm (/data/app/~~PqdBwR9WSFUNw4iaJMgoGg==/com.google.android.gms-95Dc1VeYXyONiCBDqz_lkA==/split_DynamiteModulesA_installtime.dm) is kOatUpToDate with filter 'verify' executable 'false'
04-26 22:29:33.808  2780  2784 I artd    : GetBestInfo: dm (/data/app/~~PqdBwR9WSFUNw4iaJMgoGg==/com.google.android.gms-95Dc1VeYXyONiCBDqz_lkA==/split_DynamiteModulesC_installtime.dm) is kOatUpToDate with filter 'verify' executable 'false'
04-26 22:29:33.810  2780  2784 I artd    : GetBestInfo: dm (/data/app/~~PqdBwR9WSFUNw4iaJMgoGg==/com.google.android.gms-95Dc1VeYXyONiCBDqz_lkA==/split_GoogleCertificates_installtime.dm) is kOatUpToDate with filter 'verify' executable 'false'
04-26 22:29:33.812  2780  2784 I artd    : GetBestInfo: dm (/data/app/~~PqdBwR9WSFUNw4iaJMgoGg==/com.google.android.gms-95Dc1VeYXyONiCBDqz_lkA==/split_MapsDynamite_installtime.dm) is kOatUpToDate with filter 'verify' executable 'false'
04-26 22:29:33.814  2780  2784 I artd    : GetBestInfo: dm (/data/app/~~PqdBwR9WSFUNw4iaJMgoGg==/com.google.android.gms-95Dc1VeYXyONiCBDqz_lkA==/split_MeasurementDynamite_installtime.dm) is kOatUpToDate with filter 'verify' executable 'false'
04-26 22:29:33.817  2780  2784 I artd    : GetBestInfo: dm (/data/app/~~PqdBwR9WSFUNw4iaJMgoGg==/com.google.android.gms-95Dc1VeYXyONiCBDqz_lkA==/split_all_locale_splits.dm) is kOatUpToDate with filter 'verify' executable 'false'
04-26 22:29:33.818  2780  2784 I artd    : GetBestInfo: /data/user_de/0/com.google.android.gms/app_chimera/m/0000000a/dl-TfliteDynamiteDynamite.integ_252130102100800.apk has no usable artifacts
04-26 22:29:33.819  2780  2784 I artd    : GetBestInfo: /data/user_de/0/com.google.android.gms/app_chimera/m/00000001/CronetDynamite.apk has no usable artifacts
04-26 22:29:33.820  2780  2784 I artd    : GetBestInfo: /data/user_de/0/com.google.android.gms/app_chimera/m/00000016/dl-MlkitOcrCommon.optional_261332100800.apk has no usable artifacts
04-26 22:29:33.821  2780  2784 I artd    : GetBestInfo: /data/user_de/0/com.google.android.gms/app_chimera/m/00000002/DynamiteLoader.apk has no usable artifacts
04-26 22:29:33.823  2780  2784 I artd    : GetBestInfo: /data/user_de/0/com.google.android.gms/app_chimera/m/0000000e/dl-MlkitBarcodeUi.optional_260235100800.apk has no usable artifacts
04-26 22:29:33.824  2780  2784 I artd    : GetBestInfo: /data/user_de/0/com.google.android.gms/app_chimera/m/00000013/dl-Appsearch.optional_261332100800.apk has no usable artifacts
04-26 22:29:33.826  2780  2784 I artd    : GetBestInfo: /data/user_de/0/com.google.android.gms/app_chimera/m/00000005/GoogleCertificates.apk has no usable artifacts
04-26 22:29:33.828  2780  2784 I artd    : GetBestInfo: /data/user_de/0/com.google.android.gms/app_chimera/m/00000012/dl-PlayCloudSearch.optional_261332100000.apk has no usable artifacts
04-26 22:29:33.829  2780  2784 I artd    : GetBestInfo: vdex next to the dex file (/data/user/0/com.google.android.gms/app_dg_cache/B3ED91DEC21F0EB5284BE10D982ABEAAC45F5C48/oat/x86_64/the.vdex) is kOatUpToDate with filter 'verify' executable 'false'
04-26 22:29:33.831  2780  2784 I artd    : GetBestInfo: /data/user_de/0/com.google.android.gms/app_chimera/m/0000000f/dl-PlayCloudSearch.optional_260235100000.apk has no usable artifacts
04-26 22:29:33.833  2780  2784 I artd    : GetBestInfo: /data/user_de/0/com.google.android.gms/app_chimera/m/00000008/dl-VisionOcr.optional_260235100000.apk has no usable artifacts
04-26 22:29:33.836  2780  2784 I artd    : GetBestInfo: /data/user_de/0/com.google.android.gms/app_chimera/m/0000000b/dl-Appsearch.optional_260235100800.apk has no usable artifacts
04-26 22:29:33.837  2780  2784 I artd    : GetBestInfo: /data/user_de/0/com.google.android.gms/app_chimera/m/00000011/dl-VisionOcr.optional_261332100000.apk has no usable artifacts
04-26 22:29:33.839  2780  2784 I artd    : GetBestInfo: /data/user_de/0/com.google.android.gms/app_chimera/m/00000015/dl-MlkitBarcodeUi.optional_261332100800.apk has no usable artifacts
04-26 22:29:33.841  2780  2784 I artd    : GetBestInfo: /data/user_de/0/com.google.android.gms/app_chimera/m/00000009/dl-MlkitOcrCommon.optional_260235100800.apk has no usable artifacts
04-26 22:29:33.846  2780  2784 I artd    : GetBestInfo: vdex next to the dex file (/data/user/0/com.google.android.gms/app_dg_cache/CE973E4DE823F0AA69070767A9FABB590DDD455C/oat/x86_64/the.vdex) is kOatUpToDate with filter 'verify' executable 'false'
04-26 22:29:33.846  2780  2784 I artd    : GetBestInfo: /data/user_de/0/com.google.android.gms/app_chimera/m/00000007/MeasurementDynamite.apk has no usable artifacts
04-26 22:29:34.635   560   624 D AF::Track: interceptBuffer: took 612us to intercept 0 tracks
04-26 22:29:34.758   736   921 I HalDevMgr: bestIfaceCreationProposal is null, requestIface=STA, existingIface=[name=wlan0 type=STA]
04-26 22:29:34.758   736   954 I AdbWifiNetworkMonitor: Wi-Fi network available
04-26 22:29:34.758   736   954 I AdbWifiNetworkMonitor: Received the same Wi-Fi SSID. Ignoring.
04-26 22:29:34.768  1366  1688 I NullBinder: NullBinder for android.net.action.RECOMMEND_NETWORKS triggering remote TransactionTooLargeException due to Service without Chimera impl, calling uid: 1000, calling pid: 0
04-26 22:29:34.769  1366  1688 W libbinder.Binder: Large reply transaction of 1056768 bytes, interface descriptor , function: UNKNOWN_FUNCTION_NAME, code: 1, flags: 17
04-26 22:29:35.041   736  1699 E TaskPersister: File error accessing recents directory (directory doesn't exist?).
04-26 22:29:36.690 23974 24029 I MuMain  : OPENBASIC: OpenImages begin
04-26 22:29:36.706 23974 24029 I MuMain  : OPENBASIC: OpenImages done
04-26 22:29:36.707 23974 24029 I MuMain  : OPENBASIC: OpenSounds begin
04-26 22:29:36.707 23974 24029 I MuMain  : OPENBASIC: OpenSounds done
04-26 22:29:36.708 23974 24029 I MuMain  : OPENBASIC: scripts begin
04-26 22:29:36.731 23974 24029 I MuMain  : OPENBASIC: OpenTextData begin
04-26 22:29:36.737 23974 24029 I MuMain  : OPENBASIC: OpenTextData done
04-26 22:29:36.740 23974 24029 I MuMain  : OPENBASIC: master/gate/filter done
04-26 22:29:36.741 23974 24029 I MuMain  : WEBZEN: OpenBasicData done
04-26 22:29:36.906 23974 24029 I TakumiErrorReport: File not found Data\Interface\InGameShop\ingame_Bt_page_L.tga (32485)->Data\Custom\Maps\CRadar.tga
04-26 22:29:36.909 23974 24029 I TakumiErrorReport: File not found Data\Interface\InGameShop\IGS_Storage_Page.tga (32487)->Data\Custom\Maps\map_radar.tga
04-26 22:29:36.911 23974 24029 I TakumiErrorReport: File not found Data\Interface\InGameShop\IGS_Storage_Page_Left.tga (32488)->Data\Custom\Maps\background-tcp.tga
04-26 22:29:36.913 23974 24029 I TakumiErrorReport: File not found Data\Interface\InGameShop\IGS_Storage_Page_Right.tga (32489)->Data\Interface\newui_option_check.tga
04-26 22:29:37.237 23974 24029 I TakumiErrorReport: File not found Data\Interface\newui_item_back01.tga (31373)->Data\Interface\newui_item_back04.tga
04-26 22:29:37.240 23974 24029 I TakumiErrorReport: File not found Data\Interface\newui_item_back04.tga (31373)->Data\Interface\newui_item_back01.tga
04-26 22:29:37.246 23974 24029 I MuMain  : WEBZEN: LoadMainSceneInterface done
04-26 22:29:37.247 23974 24029 I TakumiErrorReport: > Loading ok.
04-26 22:29:37.249 23974 24029 E BLASTBufferQueue: [b509c17 SurfaceView[com.muonline.client/com.muonline.client.MuMainActivity]#2](f:0,a:0) rejecting buffer:active_size=2268x1080, requested_size=2268x1080 buffer{size=2268x943 transform=0}
04-26 22:29:37.314 23974 24029 I MuMain  : ADAPT fx scale: fps=0.2 frameMs=4712.54 1.00->0.90 target=0.55
04-26 22:29:37.314 23974 24029 I MuMain  : PERF fps=0.2 frameMs=4712.54 phase(render=4644.00 pad=0.15 present=67.53) renderLevel=4 fxScale=1.00 maxMsg=70 avg(draw=132 verts=792 im=132 vaD=0 vaC=0 qI=0 qE=0) max(draw=132 verts=792)
04-26 22:29:37.314 23974 24029 I MuMain  : PERF_SCENE world=-1 char(live=0 vis=0 ply=0 mon=0 npc=0 pet=0 prio=0 topMon=-1 x0) obj(live=0 vis=0 op=0 trap=0 topObj=-1 x0)
04-26 22:29:37.314 23974 24029 I MuMain  : PERF_BUCKET objMove(cand=0 upd=0 def=0 n=0 m=0 f=0) objRender(cand=0 draw=0 cull=0 n=0 m=0 f=0 visDraw=0 visDef=0) charMove(cand=0 upd=0 def=0 n=0 m=0 f=0) charRender(cand=0 draw=0 def=0 cull=0 n=0 m=0 f=0)
04-26 22:29:37.314 23974 24029 I MuMain  : PERF_TERRAIN world=-1 normal(block=0 tile=0) grass(block=0 tile=0) after(block=0 tile=0)
04-26 22:29:37.315 23974 24029 I MuMain  : Frame 0 — drawCalls=132 verts=792 paths(im=132 vaD=0 vaC=0 qI=0 qE=0) SDL_err='Couldn't open asset '/storage/emulated/0/Android/data/com.muonline.client/files/Data/fonts/font_.ttf''
04-26 22:29:37.322 23974 24029 I MuMain  : OpenTga logo file=Data\Logo\MU-logo.OZT size=512x256 alphaMin=0 alphaMax=255 alphaZero=80277 cornerRGBA=74,76,87,0
04-26 22:29:37.323 23974 24029 I MuMain  : OpenJpeg turbo file=Data\Logo\MU-logo_g.OZJ jpeg=512x256 tex=512x256 idx=31019 texNo=2016
04-26 22:29:37.735 23974 24029 I MuMain  : LoadWorld OpenTerrainMapping enc world=74 result=74 file=Data\World74\EncTerrain74.map
04-26 22:29:37.737 23974 24029 I MuMain  : LoadWorld OpenTerrainAttribute enc world=74 result=74 file=Data\World74\EncTerrain74.att
04-26 22:29:37.738 23974 24029 I MuMain  : LoadWorld OpenObjectsEnc enc world=74 result=74 file=Data\World74\EncTerrain74.obj
04-26 22:29:37.742 23974 24029 I MuMain  : OpenJpegBuffer turbo file=Data\World74\TerrainLight.OZJ jpeg=256x256 firstRGB=0.341,0.341,0.435
04-26 22:29:37.745 23974 24029 I MuMain  : OpenJpeg turbo file=Data\World74\TileGrass01.OZJ jpeg=256x256 tex=256x256 idx=30256 texNo=2180
04-26 22:29:37.751 23974 24029 I MuMain  : OpenJpeg turbo file=Data\World74\TileGrass02.OZJ jpeg=256x256 tex=256x256 idx=30257 texNo=2181
04-26 22:29:37.754 23974 24029 I MuMain  : OpenJpeg turbo file=Data\World74\TileGround01.OZJ jpeg=256x256 tex=256x256 idx=30258 texNo=2182
04-26 22:29:37.757 23974 24029 I MuMain  : OpenJpeg turbo file=Data\World74\TileGround02.OZJ jpeg=256x256 tex=256x256 idx=30259 texNo=2183
04-26 22:29:37.761 23974 24029 I MuMain  : OpenJpeg turbo file=Data\World74\TileGround03.OZJ jpeg=256x256 tex=256x256 idx=30260 texNo=2184
04-26 22:29:37.764 23974 24029 I MuMain  : OpenJpeg turbo file=Data\World74\TileWater01.OZJ jpeg=256x256 tex=256x256 idx=30261 texNo=2185
04-26 22:29:37.764   736   921 I HalDevMgr: bestIfaceCreationProposal is null, requestIface=STA, existingIface=[name=wlan0 type=STA]
04-26 22:29:37.767 23974 24029 I MuMain  : OpenJpeg turbo file=Data\World74\TileWood01.OZJ jpeg=256x256 tex=256x256 idx=30262 texNo=2186
04-26 22:29:37.770 23974 24029 I MuMain  : OpenJpeg turbo file=Data\World74\TileRock01.OZJ jpeg=256x256 tex=256x256 idx=30263 texNo=2187
04-26 22:29:37.771  1160  1312 D IpClient/wlan0: interfaceLinkStateChanged: ifindex 16 up
04-26 22:29:37.773 23974 24029 I MuMain  : OpenJpeg turbo file=Data\World74\TileRock02.OZJ jpeg=256x256 tex=256x256 idx=30264 texNo=2188
04-26 22:29:37.777 23974 24029 I MuMain  : OpenJpeg turbo file=Data\World74\TileRock03.OZJ jpeg=256x256 tex=256x256 idx=30265 texNo=2189
04-26 22:29:37.779  1160  1312 D IpClient/wlan0: interfaceLinkStateChanged: ifindex 16 up
04-26 22:29:37.782 23974 24029 I MuMain  : OpenJpeg turbo file=Data\World74\TileRock05.OZJ jpeg=256x256 tex=256x256 idx=30267 texNo=2191
04-26 22:29:37.783 23974 24029 I MuMain  : OpenJpeg turbo file=Data\World74\TileRock06.OZJ jpeg=128x128 tex=128x128 idx=30268 texNo=2192
04-26 22:29:37.787 23974 24029 I MuMain  : OpenJpeg turbo file=Data\World74\TileRock07.OZJ jpeg=256x256 tex=256x256 idx=30269 texNo=2193
04-26 22:29:37.796 23974 24029 I TakumiErrorReport: File not found Data\World74\leaf01.tga (30357)->Data\World74\leaf01.jpg
04-26 22:29:37.797 23974 24029 I MuMain  : OpenJpeg turbo file=Data\World74\leaf01.OZJ jpeg=16x16 tex=16x16 idx=30357 texNo=2198
04-26 22:29:37.798 23974 24029 I MuMain  : OpenJpeg turbo file=Data\World74\leaf02.OZJ jpeg=16x16 tex=16x16 idx=30358 texNo=2199
04-26 22:29:37.814 23974 24029 I AndroidGDI: Font OK: /system/fonts/DroidSans-Bold.ttf sz=10
04-26 22:29:37.815 23974 24029 I TakumiErrorReport: [Connect to Server 33] ip address = 171.235.182.88, port = 44405
04-26 22:29:37.816 23974 24029 E MuMain  : PlayMp3 failed requested=[data\music\login_theme.mp3] resolved=[data/music/login_theme.mp3] reqExists=0 resolvedExists=0 cwd=[/storage/emulated/0/Android/data/com.muonline.client/files]: Couldn't open 'data/music/login_theme.mp3'
04-26 22:29:37.816 23974 24029 I TakumiErrorReport: > Login Scene init success.
04-26 22:29:37.827 23974 24029 I MuMain  : RenderBitmap logo texture=31019 texNo=2016 file=Data\Logo\MU-logo_g.jpg size=512x256 comp=3 ref=1 colorAlpha=0.000 alphaArg=0.000
04-26 22:29:37.827 23974 24029 I MuMain  : RenderBitmap logo texture=31018 texNo=2015 file=Data\Logo\MU-logo.tga size=512x256 comp=4 ref=1 colorAlpha=0.000 alphaArg=0.000
04-26 22:29:37.828 23974 24029 I AndroidGDI: AndroidTextOut ENTRY len=34 hdc=0x733fdca9c040 bmp=0x733fdca9c6a0 text[0]=40
04-26 22:29:37.828 23974 24029 I AndroidGDI: TextOut surf=241x18 fmt=0x16362004 maxA=255 dib[0..2]=0,0,0
04-26 22:29:37.829 23974 24029 I AndroidGDI: AndroidTextOut ENTRY len=25 hdc=0x733fdca9c040 bmp=0x733fdca9c6a0 text[0]=32
04-26 22:29:37.829 23974 24029 I AndroidGDI: TextOut surf=177x18 fmt=0x16362004 maxA=255 dib[0..2]=0,0,0
04-26 22:29:37.829 23974 24029 I AndroidGDI: AndroidTextOut ENTRY len=14 hdc=0x733fdca9c040 bmp=0x733fdca9c6a0 text[0]=80
04-26 22:29:37.830 23974 24029 I AndroidGDI: TextOut surf=95x18 fmt=0x16362004 maxA=255 dib[0..2]=0,0,0
04-26 22:29:37.845 23974 24029 I MuMain  : Frame 1 — drawCalls=123 verts=43017 paths(im=885 vaD=0 vaC=0 qI=5 qE=0) SDL_err='Couldn't open 'data/music/login_theme.mp3''
04-26 22:29:37.866 23974 24029 I AndroidGDI: AndroidTextOut ENTRY len=34 hdc=0x733fdca9c040 bmp=0x733fdca9c6a0 text[0]=40
04-26 22:29:37.866 23974 24029 I AndroidGDI: TextOut surf=241x18 fmt=0x16362004 maxA=255 dib[0..2]=0,0,0
04-26 22:29:37.866 23974 24029 I AndroidGDI: AndroidTextOut ENTRY len=25 hdc=0x733fdca9c040 bmp=0x733fdca9c6a0 text[0]=32
04-26 22:29:37.866 23974 24029 I AndroidGDI: TextOut surf=177x18 fmt=0x16362004 maxA=255 dib[0..2]=0,0,0
04-26 22:29:37.866 23974 24029 I AndroidGDI: AndroidTextOut ENTRY len=14 hdc=0x733fdca9c040 bmp=0x733fdca9c6a0 text[0]=80
04-26 22:29:37.878 23974 24029 I MuMain  : Frame 2 — drawCalls=310 verts=70092 paths(im=1526 vaD=0 vaC=0 qI=15 qE=0) SDL_err=''
04-26 22:29:37.899 23974 24029 I AndroidGDI: AndroidTextOut ENTRY len=34 hdc=0x733fdca9c040 bmp=0x733fdca9c6a0 text[0]=40
04-26 22:29:37.900 23974 24029 I AndroidGDI: AndroidTextOut ENTRY len=25 hdc=0x733fdca9c040 bmp=0x733fdca9c6a0 text[0]=32
04-26 22:29:37.901 23974 24029 I AndroidGDI: AndroidTextOut ENTRY len=14 hdc=0x733fdca9c040 bmp=0x733fdca9c6a0 text[0]=80
04-26 22:29:37.901 23974 24029 I MuMain  : Frame 3 — drawCalls=314 verts=69210 paths(im=1514 vaD=0 vaC=0 qI=29 qE=0) SDL_err=''
04-26 22:29:37.924 23974 24029 I AndroidGDI: AndroidTextOut ENTRY len=34 hdc=0x733fdca9c040 bmp=0x733fdca9c6a0 text[0]=40
04-26 22:29:37.926 23974 24029 I MuMain  : Frame 4 — drawCalls=325 verts=69270 paths(im=1524 vaD=0 vaC=0 qI=42 qE=0) SDL_err=''
04-26 22:29:37.954 23974 24029 I MuMain  : Frame 5 — drawCalls=339 verts=73671 paths(im=1541 vaD=0 vaC=0 qI=55 qE=0) SDL_err=''
04-26 22:29:37.984 23974 24029 I MuMain  : Frame 6 — drawCalls=355 verts=73791 paths(im=1561 vaD=0 vaC=0 qI=69 qE=0) SDL_err=''
04-26 22:29:38.008 23974 24029 I MuMain  : Frame 7 — drawCalls=360 verts=73851 paths(im=1571 vaD=0 vaC=0 qI=78 qE=0) SDL_err=''
04-26 22:29:38.033 23974 24029 I MuMain  : Frame 8 — drawCalls=374 verts=74025 paths(im=1586 vaD=0 vaC=0 qI=91 qE=0) SDL_err=''
04-26 22:29:38.058 23974 24029 I MuMain  : Frame 9 — drawCalls=385 verts=74169 paths(im=1596 vaD=0 vaC=0 qI=104 qE=0) SDL_err=''
04-26 22:29:38.111 23974 24029 W MuMain  : ADAPT net budget down: fps=37.6 frameMs=26.58 maxMsg 70->60
04-26 22:29:38.364 23974 24029 W MuMain  : ADAPT net budget down: fps=35.5 frameMs=28.18 maxMsg 60->50
04-26 22:29:38.616 23974 24029 I MuMain  : ADAPT fx scale: fps=35.7 frameMs=28.00 1.00->0.90 target=0.80
04-26 22:29:38.616 23974 24029 W MuMain  : ADAPT net budget down: fps=35.7 frameMs=28.00 maxMsg 50->40
04-26 22:29:38.616 23974 24029 I MuMain  : PERF fps=35.7 frameMs=28.00 phase(render=27.04 pad=0.02 present=0.88) renderLevel=4 fxScale=1.00 maxMsg=40 avg(draw=431 verts=76212 im=1818 vaD=0 vaC=0 qI=194 qE=0) max(draw=439 verts=76755)
04-26 22:29:38.617 23974 24029 I MuMain  : PERF_SCENE world=73 char(live=0 vis=0 ply=0 mon=0 npc=0 pet=0 prio=0 topMon=-1 x0) obj(live=375 vis=171 op=0 trap=0 topObj=155 x30)
04-26 22:29:38.617 23974 24029 I MuMain  : PERF_BUCKET objMove(cand=0 upd=0 def=0 n=0 m=0 f=0) objRender(cand=0 draw=0 cull=0 n=0 m=0 f=0 visDraw=0 visDef=0) charMove(cand=0 upd=0 def=0 n=0 m=0 f=0) charRender(cand=0 draw=0 def=0 cull=0 n=0 m=0 f=0)
04-26 22:29:38.617 23974 24029 I MuMain  : PERF_TERRAIN world=73 normal(block=0 tile=0) grass(block=0 tile=0) after(block=0 tile=0)
04-26 22:29:38.882 23974 24029 W MuMain  : ADAPT net budget down: fps=37.6 frameMs=26.59 maxMsg 40->30
04-26 22:29:39.194 23974 24029 I MuMain  : ZzzScene android logo alpha raw=1.020 clamp=1.000 glow=0.700
04-26 22:29:39.658 23974 24029 I MuMain  : PERF fps=39.3 frameMs=25.43 phase(render=24.64 pad=0.03 present=0.71) renderLevel=4 fxScale=1.00 maxMsg=30 avg(draw=390 verts=81388 im=1739 vaD=0 vaC=0 qI=193 qE=0) max(draw=397 verts=81657)
04-26 22:29:39.658 23974 24029 I MuMain  : PERF_SCENE world=73 char(live=0 vis=0 ply=0 mon=0 npc=0 pet=0 prio=0 topMon=-1 x0) obj(live=375 vis=186 op=0 trap=0 topObj=79 x21)
04-26 22:29:39.658 23974 24029 I MuMain  : PERF_BUCKET objMove(cand=0 upd=0 def=0 n=0 m=0 f=0) objRender(cand=0 draw=0 cull=0 n=0 m=0 f=0 visDraw=0 visDef=0) charMove(cand=0 upd=0 def=0 n=0 m=0 f=0) charRender(cand=0 draw=0 def=0 cull=0 n=0 m=0 f=0)
04-26 22:29:39.659 23974 24029 I MuMain  : PERF_TERRAIN world=73 normal(block=0 tile=0) grass(block=0 tile=0) after(block=0 tile=0)
04-26 22:29:39.710  1203  1331 D SatelliteController: isInCarrierRoamingNbIotNtn: satellite is disabled
04-26 22:29:39.710  1203  1331 D SatelliteController: getCarrierRoamingNtnConnectType: Checking connect type from PLMN config for subId: 1
04-26 22:29:39.714  1203  1331 D SatelliteController: getSatellitePerPlmnConfiguration: invalid subId or not supported via carrier.
04-26 22:29:39.714  1203  1331 D SatelliteController: getCarrierRoamingNtnConnectType: config: null
04-26 22:29:39.715  1203  1331 D SatelliteController: getCarrierRoamingNtnConnectType: Falling back to global carrier config connect type: 0
04-26 22:29:39.715  1203  1331 D SatelliteController: updateLastNotifiedCarrierRoamingNtnSignalStrengthAndNotify(1)
04-26 22:29:39.715  1203  1331 D SatelliteController: updateLastNotifiedCarrierRoamingNtnSignalStrengthAndNotify(1) lastNotifiedSignalStrength level: 0
04-26 22:29:39.715  1203  1331 D SatelliteController: updateLastNotifiedCarrierRoamingNtnSignalStrengthAndNotify(1) currSignalStrength level: 0
04-26 22:29:39.923 23974 24029 I MuMain  : ADAPT fx scale: fps=41.6 frameMs=24.03 1.00->0.90 target=0.90
04-26 22:29:40.444  1016  1016 I wpa_supplicant: wlan0: CTRL-EVENT-BEACON-LOSS 
04-26 22:29:40.719 23974 24029 I MuMain  : PERF fps=49.4 frameMs=20.26 phase(render=19.38 pad=0.02 present=0.79) renderLevel=4 fxScale=1.00 maxMsg=30 avg(draw=266 verts=70353 im=1644 vaD=0 vaC=0 qI=116 qE=0) max(draw=274 verts=72720)
04-26 22:29:40.719 23974 24029 I MuMain  : PERF_SCENE world=73 char(live=0 vis=0 ply=0 mon=0 npc=0 pet=0 prio=0 topMon=-1 x0) obj(live=375 vis=185 op=0 trap=0 topObj=79 x24)
04-26 22:29:40.719 23974 24029 I MuMain  : PERF_BUCKET objMove(cand=0 upd=0 def=0 n=0 m=0 f=0) objRender(cand=0 draw=0 cull=0 n=0 m=0 f=0 visDraw=0 visDef=0) charMove(cand=0 upd=0 def=0 n=0 m=0 f=0) charRender(cand=0 draw=0 def=0 cull=0 n=0 m=0 f=0)
04-26 22:29:40.719 23974 24029 I MuMain  : PERF_TERRAIN world=73 normal(block=0 tile=0) grass(block=0 tile=0) after(block=0 tile=0)
04-26 22:29:40.772   736   954 I AdbWifiNetworkMonitor: Wi-Fi network available
04-26 22:29:40.772   736   954 I AdbWifiNetworkMonitor: Received the same Wi-Fi SSID. Ignoring.
04-26 22:29:40.780   736   921 I HalDevMgr: bestIfaceCreationProposal is null, requestIface=STA, existingIface=[name=wlan0 type=STA]
04-26 22:29:40.793  1366  1761 I NullBinder: NullBinder for android.net.action.RECOMMEND_NETWORKS triggering remote TransactionTooLargeException due to Service without Chimera impl, calling uid: 1000, calling pid: 0
04-26 22:29:40.794  1366  1761 W libbinder.Binder: Large reply transaction of 1056768 bytes, interface descriptor , function: UNKNOWN_FUNCTION_NAME, code: 1, flags: 17
04-26 22:29:41.675   736   862 D ActivityManager: freezing 4276 com.android.vending:background
04-26 22:29:41.679   736   862 D ActivityManager: freezing 4164 com.android.vending
04-26 22:29:41.768   736   931 D InetDiagMessage: Destroyed 0 sockets, proto=IPPROTO_TCP, family=AF_INET, states=14
04-26 22:29:41.772   736   931 D InetDiagMessage: Destroyed 2 sockets, proto=IPPROTO_TCP, family=AF_INET6, states=14
04-26 22:29:41.772   736   931 D InetDiagMessage: Destroyed live tcp sockets for uids={10154} in 5ms
04-26 22:29:41.774 23974 24029 I MuMain  : PERF fps=64.1 frameMs=15.60 phase(render=14.73 pad=0.06 present=0.75) renderLevel=4 fxScale=1.00 maxMsg=30 avg(draw=173 verts=78829 im=1583 vaD=0 vaC=0 qI=54 qE=0) max(draw=185 verts=79482)
04-26 22:29:41.774 23974 24029 I MuMain  : PERF_SCENE world=73 char(live=0 vis=0 ply=0 mon=0 npc=0 pet=0 prio=0 topMon=-1 x0) obj(live=375 vis=168 op=0 trap=0 topObj=79 x24)
04-26 22:29:41.774 23974 24029 I MuMain  : PERF_BUCKET objMove(cand=0 upd=0 def=0 n=0 m=0 f=0) objRender(cand=0 draw=0 cull=0 n=0 m=0 f=0 visDraw=0 visDef=0) charMove(cand=0 upd=0 def=0 n=0 m=0 f=0) charRender(cand=0 draw=0 def=0 cull=0 n=0 m=0 f=0)
04-26 22:29:41.774 23974 24029 I MuMain  : PERF_TERRAIN world=73 normal(block=0 tile=0) grass(block=0 tile=0) after(block=0 tile=0)
04-26 22:29:42.815 23974 24029 I MuMain  : PERF fps=51.3 frameMs=19.50 phase(render=18.31 pad=0.02 present=1.11) renderLevel=4 fxScale=1.00 maxMsg=30 avg(draw=203 verts=94853 im=1653 vaD=0 vaC=0 qI=99 qE=0) max(draw=209 verts=97536)
04-26 22:29:42.815 23974 24029 I MuMain  : PERF_SCENE world=73 char(live=0 vis=0 ply=0 mon=0 npc=0 pet=0 prio=0 topMon=-1 x0) obj(live=375 vis=170 op=0 trap=0 topObj=79 x29)
04-26 22:29:42.815 23974 24029 I MuMain  : PERF_BUCKET objMove(cand=0 upd=0 def=0 n=0 m=0 f=0) objRender(cand=0 draw=0 cull=0 n=0 m=0 f=0 visDraw=0 visDef=0) charMove(cand=0 upd=0 def=0 n=0 m=0 f=0) charRender(cand=0 draw=0 def=0 cull=0 n=0 m=0 f=0)
04-26 22:29:42.815 23974 24029 I MuMain  : PERF_TERRAIN world=73 normal(block=0 tile=0) grass(block=0 tile=0) after(block=0 tile=0)
04-26 22:29:43.249 24049 24049 W libbinder.BackendUnifiedServiceManager: Thread Pool max thread count is 0. Cannot cache binder as linkToDeath cannot be implemented. serviceName: SurfaceFlingerAIDL
04-26 22:29:43.249 24049 24049 W libbinder.BpBinder: Linking to death on android.gui.ISurfaceComposer but there are no threads (yet?) listening to incoming transactions. See ProcessState::startThreadPool and ProcessState::setThreadPoolMaxThreadCount. Generally you should setup the binder threadpool before other initialization steps.
04-26 22:29:43.251 24049 24049 W libbinder.ProcessState: Extra binder thread started, but 0 threads requested. Do not use *startThreadPool when zero threads are requested.
04-26 22:29:43.256   736   931 D InetDiagMessage: Destroyed 0 sockets, proto=IPPROTO_TCP, family=AF_INET, states=14
04-26 22:29:43.257   736   931 D InetDiagMessage: Destroyed 0 sockets, proto=IPPROTO_TCP, family=AF_INET6, states=14
04-26 22:29:43.258   736   931 D InetDiagMessage: Destroyed live tcp sockets for uids={10160} in 3ms
04-26 22:29:43.258   736   931 D InetDiagMessage: Destroyed 0 sockets, proto=IPPROTO_TCP, family=AF_INET, states=14
04-26 22:29:43.259   736   931 D InetDiagMessage: Destroyed 0 sockets, proto=IPPROTO_TCP, family=AF_INET6, states=14
04-26 22:29:43.259   736   931 D InetDiagMessage: Destroyed live tcp sockets for uids={20160} in 1ms
04-26 22:29:43.317   566   616 W skia    : AGTM parsing failed flags.readFromStream(s) at 159
04-26 22:29:43.335 23974 24029 I MuMain  : ADAPT fx scale: fps=41.9 frameMs=23.84 1.00->0.90 target=0.90
04-26 22:29:43.521   560   624 D AF::Track: interceptBuffer: took 517us to intercept 0 tracks
04-26 22:29:43.814   736   921 I HalDevMgr: bestIfaceCreationProposal is null, requestIface=STA, existingIface=[name=wlan0 type=STA]
04-26 22:29:43.837  1160  1312 D IpClient/wlan0: interfaceLinkStateChanged: ifindex 16 up
04-26 22:29:43.848  1160  1312 D IpClient/wlan0: interfaceLinkStateChanged: ifindex 16 up
04-26 22:29:43.848  1160  1312 D IpClient/wlan0: interfaceLinkStateChanged: ifindex 16 up
04-26 22:29:43.879  2780  2784 I artd    : GetBestInfo: odex next to the dex file (/data/app/~~PqdBwR9WSFUNw4iaJMgoGg==/com.google.android.gms-95Dc1VeYXyONiCBDqz_lkA==/oat/x86_64/base.odex) is kOatUpToDate with filter 'speed-profile' executable 'false'
04-26 22:29:43.881 23974 24029 I MuMain  : PERF fps=21.6 frameMs=46.40 phase(render=44.11 pad=0.04 present=2.14) renderLevel=4 fxScale=1.00 maxMsg=30 avg(draw=213 verts=96557 im=1669 vaD=0 vaC=0 qI=106 qE=0) max(draw=226 verts=98010)
04-26 22:29:43.881 23974 24029 I MuMain  : PERF_SCENE world=73 char(live=0 vis=0 ply=0 mon=0 npc=0 pet=0 prio=0 topMon=-1 x0) obj(live=375 vis=163 op=0 trap=0 topObj=79 x28)
04-26 22:29:43.881 23974 24029 I MuMain  : PERF_BUCKET objMove(cand=0 upd=0 def=0 n=0 m=0 f=0) objRender(cand=0 draw=0 cull=0 n=0 m=0 f=0 visDraw=0 visDef=0) charMove(cand=0 upd=0 def=0 n=0 m=0 f=0) charRender(cand=0 draw=0 def=0 cull=0 n=0 m=0 f=0)
04-26 22:29:43.881 23974 24029 I MuMain  : PERF_TERRAIN world=73 normal(block=0 tile=0) grass(block=0 tile=0) after(block=0 tile=0)
04-26 22:29:43.889  2780  2784 I artd    : GetBestInfo: dm (/data/app/~~PqdBwR9WSFUNw4iaJMgoGg==/com.google.android.gms-95Dc1VeYXyONiCBDqz_lkA==/split_AdsDynamite_installtime.dm) is kOatUpToDate with filter 'verify' executable 'false'
04-26 22:29:43.893  2780  2784 I artd    : GetBestInfo: dm (/data/app/~~PqdBwR9WSFUNw4iaJMgoGg==/com.google.android.gms-95Dc1VeYXyONiCBDqz_lkA==/split_CronetDynamite_installtime.dm) is kOatUpToDate with filter 'verify' executable 'false'
04-26 22:29:43.897  2780  2785 I artd    : GetBestInfo: dm (/data/app/~~PqdBwR9WSFUNw4iaJMgoGg==/com.google.android.gms-95Dc1VeYXyONiCBDqz_lkA==/split_DynamiteLoader_installtime.dm) is kOatUpToDate with filter 'verify' executable 'false'
04-26 22:29:43.901  2780  2784 I artd    : GetBestInfo: dm (/data/app/~~PqdBwR9WSFUNw4iaJMgoGg==/com.google.android.gms-95Dc1VeYXyONiCBDqz_lkA==/split_DynamiteModulesA_installtime.dm) is kOatUpToDate with filter 'verify' executable 'false'
04-26 22:29:43.906  2780  2784 I artd    : GetBestInfo: dm (/data/app/~~PqdBwR9WSFUNw4iaJMgoGg==/com.google.android.gms-95Dc1VeYXyONiCBDqz_lkA==/split_DynamiteModulesC_installtime.dm) is kOatUpToDate with filter 'verify' executable 'false'
04-26 22:29:43.909  2780  2784 I artd    : GetBestInfo: dm (/data/app/~~PqdBwR9WSFUNw4iaJMgoGg==/com.google.android.gms-95Dc1VeYXyONiCBDqz_lkA==/split_GoogleCertificates_installtime.dm) is kOatUpToDate with filter 'verify' executable 'false'
04-26 22:29:43.911  2780  2784 I artd    : GetBestInfo: dm (/data/app/~~PqdBwR9WSFUNw4iaJMgoGg==/com.google.android.gms-95Dc1VeYXyONiCBDqz_lkA==/split_MapsDynamite_installtime.dm) is kOatUpToDate with filter 'verify' executable 'false'
04-26 22:29:43.914  2780  2784 I artd    : GetBestInfo: dm (/data/app/~~PqdBwR9WSFUNw4iaJMgoGg==/com.google.android.gms-95Dc1VeYXyONiCBDqz_lkA==/split_MeasurementDynamite_installtime.dm) is kOatUpToDate with filter 'verify' executable 'false'
04-26 22:29:43.916  2780  2784 I artd    : GetBestInfo: dm (/data/app/~~PqdBwR9WSFUNw4iaJMgoGg==/com.google.android.gms-95Dc1VeYXyONiCBDqz_lkA==/split_all_locale_splits.dm) is kOatUpToDate with filter 'verify' executable 'false'
04-26 22:29:43.919  2780  2784 I artd    : GetBestInfo: /data/user_de/0/com.google.android.gms/app_chimera/m/0000000a/dl-TfliteDynamiteDynamite.integ_252130102100800.apk has no usable artifacts
04-26 22:29:43.920  2780  2784 I artd    : GetBestInfo: /data/user_de/0/com.google.android.gms/app_chimera/m/00000001/CronetDynamite.apk has no usable artifacts
04-26 22:29:43.921  2780  2784 I artd    : GetBestInfo: /data/user_de/0/com.google.android.gms/app_chimera/m/00000016/dl-MlkitOcrCommon.optional_261332100800.apk has no usable artifacts
04-26 22:29:43.923  2780  2784 I artd    : GetBestInfo: /data/user_de/0/com.google.android.gms/app_chimera/m/00000002/DynamiteLoader.apk has no usable artifacts
04-26 22:29:43.925  2780  2784 I artd    : GetBestInfo: /data/user_de/0/com.google.android.gms/app_chimera/m/0000000e/dl-MlkitBarcodeUi.optional_260235100800.apk has no usable artifacts
04-26 22:29:43.930  2780  2784 I artd    : GetBestInfo: /data/user_de/0/com.google.android.gms/app_chimera/m/00000013/dl-Appsearch.optional_261332100800.apk has no usable artifacts
04-26 22:29:43.931  2780  2784 I artd    : GetBestInfo: /data/user_de/0/com.google.android.gms/app_chimera/m/00000005/GoogleCertificates.apk has no usable artifacts
