04-26 20:25:33.919   566   616 W skia    : AGTM parsing failed flags.readFromStream(s) at 159
04-26 20:25:33.920  2780  2785 I artd    : GetBestInfo: dm (/data/app/~~PqdBwR9WSFUNw4iaJMgoGg==/com.google.android.gms-95Dc1VeYXyONiCBDqz_lkA==/split_AdsDynamite_installtime.dm) is kOatUpToDate with filter 'verify' executable 'false'
04-26 20:25:33.923  2780  2785 I artd    : GetBestInfo: dm (/data/app/~~PqdBwR9WSFUNw4iaJMgoGg==/com.google.android.gms-95Dc1VeYXyONiCBDqz_lkA==/split_CronetDynamite_installtime.dm) is kOatUpToDate with filter 'verify' executable 'false'
04-26 20:25:33.925  2780  2785 I artd    : GetBestInfo: dm (/data/app/~~PqdBwR9WSFUNw4iaJMgoGg==/com.google.android.gms-95Dc1VeYXyONiCBDqz_lkA==/split_DynamiteLoader_installtime.dm) is kOatUpToDate with filter 'verify' executable 'false'
04-26 20:25:33.928  2780  2785 I artd    : GetBestInfo: dm (/data/app/~~PqdBwR9WSFUNw4iaJMgoGg==/com.google.android.gms-95Dc1VeYXyONiCBDqz_lkA==/split_DynamiteModulesA_installtime.dm) is kOatUpToDate with filter 'verify' executable 'false'
04-26 20:25:33.930  2780  2785 I artd    : GetBestInfo: dm (/data/app/~~PqdBwR9WSFUNw4iaJMgoGg==/com.google.android.gms-95Dc1VeYXyONiCBDqz_lkA==/split_DynamiteModulesC_installtime.dm) is kOatUpToDate with filter 'verify' executable 'false'
04-26 20:25:33.933  2780  2785 I artd    : GetBestInfo: dm (/data/app/~~PqdBwR9WSFUNw4iaJMgoGg==/com.google.android.gms-95Dc1VeYXyONiCBDqz_lkA==/split_GoogleCertificates_installtime.dm) is kOatUpToDate with filter 'verify' executable 'false'
04-26 20:25:33.935  2780  2785 I artd    : GetBestInfo: dm (/data/app/~~PqdBwR9WSFUNw4iaJMgoGg==/com.google.android.gms-95Dc1VeYXyONiCBDqz_lkA==/split_MapsDynamite_installtime.dm) is kOatUpToDate with filter 'verify' executable 'false'
04-26 20:25:33.936  2780  2785 I artd    : GetBestInfo: dm (/data/app/~~PqdBwR9WSFUNw4iaJMgoGg==/com.google.android.gms-95Dc1VeYXyONiCBDqz_lkA==/split_MeasurementDynamite_installtime.dm) is kOatUpToDate with filter 'verify' executable 'false'
04-26 20:25:33.936   566   616 W skia    : AGTM parsing failed flags.readFromStream(s) at 159
04-26 20:25:33.937   566   616 W skia    : AGTM parsing failed flags.readFromStream(s) at 159
04-26 20:25:33.937   566   616 W skia    : AGTM parsing failed flags.readFromStream(s) at 159
04-26 20:25:33.940  2780  2785 I artd    : GetBestInfo: dm (/data/app/~~PqdBwR9WSFUNw4iaJMgoGg==/com.google.android.gms-95Dc1VeYXyONiCBDqz_lkA==/split_all_locale_splits.dm) is kOatUpToDate with filter 'verify' executable 'false'
04-26 20:25:33.942  2780  2785 I artd    : GetBestInfo: /data/user_de/0/com.google.android.gms/app_chimera/m/0000000a/dl-TfliteDynamiteDynamite.integ_252130102100800.apk has no usable artifacts
04-26 20:25:33.942  2780  2785 I artd    : GetBestInfo: /data/user_de/0/com.google.android.gms/app_chimera/m/00000001/CronetDynamite.apk has no usable artifacts
04-26 20:25:33.945  2780  2785 I artd    : GetBestInfo: /data/user_de/0/com.google.android.gms/app_chimera/m/00000016/dl-MlkitOcrCommon.optional_261332100800.apk has no usable artifacts
04-26 20:25:33.946  2780  2785 I artd    : GetBestInfo: /data/user_de/0/com.google.android.gms/app_chimera/m/00000002/DynamiteLoader.apk has no usable artifacts
04-26 20:25:33.949  2780  2785 I artd    : GetBestInfo: /data/user_de/0/com.google.android.gms/app_chimera/m/0000000e/dl-MlkitBarcodeUi.optional_260235100800.apk has no usable artifacts
04-26 20:25:33.951  2780  2785 I artd    : GetBestInfo: /data/user_de/0/com.google.android.gms/app_chimera/m/00000013/dl-Appsearch.optional_261332100800.apk has no usable artifacts
04-26 20:25:33.953  2780  2785 I artd    : GetBestInfo: /data/user_de/0/com.google.android.gms/app_chimera/m/00000005/GoogleCertificates.apk has no usable artifacts
04-26 20:25:33.954   566   616 W skia    : AGTM parsing failed flags.readFromStream(s) at 159
04-26 20:25:33.954   566   616 W skia    : AGTM parsing failed flags.readFromStream(s) at 159
04-26 20:25:33.954   566   616 W skia    : AGTM parsing failed flags.readFromStream(s) at 159
04-26 20:25:33.955  2780  2785 I artd    : GetBestInfo: /data/user_de/0/com.google.android.gms/app_chimera/m/00000012/dl-PlayCloudSearch.optional_261332100000.apk has no usable artifacts
04-26 20:25:33.959  2780  2785 I artd    : GetBestInfo: vdex next to the dex file (/data/user/0/com.google.android.gms/app_dg_cache/B3ED91DEC21F0EB5284BE10D982ABEAAC45F5C48/oat/x86_64/the.vdex) is kOatUpToDate with filter 'verify' executable 'false'
04-26 20:25:33.961  2780  2785 I artd    : GetBestInfo: /data/user_de/0/com.google.android.gms/app_chimera/m/0000000f/dl-PlayCloudSearch.optional_260235100000.apk has no usable artifacts
04-26 20:25:33.963  2780  2785 I artd    : GetBestInfo: /data/user_de/0/com.google.android.gms/app_chimera/m/00000008/dl-VisionOcr.optional_260235100000.apk has no usable artifacts
04-26 20:25:33.966  2780  2785 I artd    : GetBestInfo: /data/user_de/0/com.google.android.gms/app_chimera/m/0000000b/dl-Appsearch.optional_260235100800.apk has no usable artifacts
04-26 20:25:33.968  2780  2785 I artd    : GetBestInfo: /data/user_de/0/com.google.android.gms/app_chimera/m/00000011/dl-VisionOcr.optional_261332100000.apk has no usable artifacts
04-26 20:25:33.969  2780  2785 I artd    : GetBestInfo: /data/user_de/0/com.google.android.gms/app_chimera/m/00000015/dl-MlkitBarcodeUi.optional_261332100800.apk has no usable artifacts
04-26 20:25:33.971   566   616 W skia    : AGTM parsing failed flags.readFromStream(s) at 159
04-26 20:25:33.972   566   616 W skia    : AGTM parsing failed flags.readFromStream(s) at 159
04-26 20:25:33.972   566   616 W skia    : AGTM parsing failed flags.readFromStream(s) at 159
04-26 20:25:33.973  2780  2785 I artd    : GetBestInfo: /data/user_de/0/com.google.android.gms/app_chimera/m/00000009/dl-MlkitOcrCommon.optional_260235100800.apk has no usable artifacts
04-26 20:25:33.977  2780  2785 I artd    : GetBestInfo: vdex next to the dex file (/data/user/0/com.google.android.gms/app_dg_cache/CE973E4DE823F0AA69070767A9FABB590DDD455C/oat/x86_64/the.vdex) is kOatUpToDate with filter 'verify' executable 'false'
04-26 20:25:33.978  2780  2785 I artd    : GetBestInfo: /data/user_de/0/com.google.android.gms/app_chimera/m/00000007/MeasurementDynamite.apk has no usable artifacts
04-26 20:25:33.987   566   616 W skia    : AGTM parsing failed flags.readFromStream(s) at 159
04-26 20:25:33.987  1036  1091 V WindowManagerShell: Transition animation finished (aborted=false), notifying core (#134) android.os.BinderProxy@3d181d5@0
04-26 20:25:33.987   566   616 W skia    : AGTM parsing failed flags.readFromStream(s) at 159
04-26 20:25:33.987   566   616 W skia    : AGTM parsing failed flags.readFromStream(s) at 159
04-26 20:25:33.990   736   759 V WindowManager: Finish Transition (#134): created at 04-26 20:25:33.283 collect-started=0.084ms request-sent=5.742ms started=8.746ms ready=21.65ms sent=217.799ms commit=18.538ms finished=707.047ms
04-26 20:25:33.994 18499 18566 I TakumiErrorReport: > First Load Files OK.
04-26 20:25:33.995 18499 18499 D VRI[PreloadActivity]: visibilityChanged oldVisibility=true newVisibility=false
04-26 20:25:33.996  1036  1091 V WindowManagerShell: Track 0 became idle
04-26 20:25:33.996  1036  1091 V WindowManagerShell: All active transition animations finished
04-26 20:25:34.011 18499 18499 D WindowOnBackDispatcher: setTopOnBackInvokedCallback (unwrapped): null
04-26 20:25:34.013   736  2221 D CoreBackPreview: Window{a2f5da2 u0 com.muonline.client/com.muonline.client.PreloadActivity}: Setting back callback null
04-26 20:25:34.014 18499 18499 D ViewRootImpl: Skipping stats log for color mode
04-26 20:25:34.841   736   954 I AdbWifiNetworkMonitor: Wi-Fi network available
04-26 20:25:34.841   736   954 I AdbWifiNetworkMonitor: Received the same Wi-Fi SSID. Ignoring.
04-26 20:25:34.847  1366  2579 I NullBinder: NullBinder for android.net.action.RECOMMEND_NETWORKS triggering remote TransactionTooLargeException due to Service without Chimera impl, calling uid: 1000, calling pid: 0
04-26 20:25:34.847  1366  2579 W libbinder.Binder: Large reply transaction of 1056768 bytes, interface descriptor , function: UNKNOWN_FUNCTION_NAME, code: 1, flags: 17
04-26 20:25:34.849   736   921 I HalDevMgr: bestIfaceCreationProposal is null, requestIface=STA, existingIface=[name=wlan0 type=STA]
04-26 20:25:34.863  1160  1312 D IpClient/wlan0: interfaceLinkStateChanged: ifindex 16 up
04-26 20:25:34.867  1160  1312 D IpClient/wlan0: interfaceLinkStateChanged: ifindex 16 up
04-26 20:25:35.213 18499 18566 I MuMain  : OPENBASIC: OpenImages begin
04-26 20:25:35.216 18499 18566 I MuMain  : OPENBASIC: OpenImages done
04-26 20:25:35.217 18499 18566 I MuMain  : OPENBASIC: OpenSounds begin
04-26 20:25:35.217 18499 18566 I MuMain  : OPENBASIC: OpenSounds done
04-26 20:25:35.217 18499 18566 I MuMain  : OPENBASIC: scripts begin
04-26 20:25:35.234 18499 18566 I MuMain  : OPENBASIC: OpenTextData begin
04-26 20:25:35.237 18499 18566 I MuMain  : OPENBASIC: OpenTextData done
04-26 20:25:35.239 18499 18566 I MuMain  : OPENBASIC: master/gate/filter done
04-26 20:25:35.240 18499 18566 I MuMain  : WEBZEN: OpenBasicData done
04-26 20:25:35.267 18499 18566 I TakumiErrorReport: File not found Data\Interface\InGameShop\ingame_Bt_page_L.tga (32485)->Data\Custom\Maps\CRadar.tga
04-26 20:25:35.268 18499 18566 I TakumiErrorReport: File not found Data\Interface\InGameShop\IGS_Storage_Page.tga (32487)->Data\Custom\Maps\map_radar.tga
04-26 20:25:35.271 18499 18566 I TakumiErrorReport: File not found Data\Interface\InGameShop\IGS_Storage_Page_Left.tga (32488)->Data\Custom\Maps\background-tcp.tga
04-26 20:25:35.273 18499 18566 I TakumiErrorReport: File not found Data\Interface\InGameShop\IGS_Storage_Page_Right.tga (32489)->Data\Interface\newui_option_check.tga
04-26 20:25:35.431 18499 18566 I TakumiErrorReport: File not found Data\Interface\newui_item_back01.tga (31373)->Data\Interface\newui_item_back04.tga
04-26 20:25:35.432 18499 18566 I TakumiErrorReport: File not found Data\Interface\newui_item_back04.tga (31373)->Data\Interface\newui_item_back01.tga
04-26 20:25:35.435 18499 18566 I MuMain  : WEBZEN: LoadMainSceneInterface done
04-26 20:25:35.436 18499 18566 I TakumiErrorReport: > Loading ok.
04-26 20:25:35.438 18499 18566 E BLASTBufferQueue: [e46c73b SurfaceView[com.muonline.client/com.muonline.client.MuMainActivity]#2](f:0,a:0) rejecting buffer:active_size=2268x1080, requested_size=2268x1080 buffer{size=2268x943 transform=0}
04-26 20:25:35.497 18499 18566 I MuMain  : ADAPT fx scale: fps=0.6 frameMs=1721.47 1.00->0.90 target=0.55
04-26 20:25:35.498 18499 18566 I MuMain  : PERF fps=0.6 frameMs=1721.47 phase(render=1659.10 pad=0.03 present=61.19) renderLevel=4 fxScale=1.00 maxMsg=70 avg(draw=132 verts=792 im=132 vaD=0 vaC=0 qI=0 qE=0) max(draw=132 verts=792)
04-26 20:25:35.498 18499 18566 I MuMain  : PERF_SCENE world=-1 char(live=0 vis=0 ply=0 mon=0 npc=0 pet=0 prio=0 topMon=-1 x0) obj(live=0 vis=0 op=0 trap=0 topObj=-1 x0)
04-26 20:25:35.498 18499 18566 I MuMain  : PERF_BUCKET objMove(cand=0 upd=0 def=0 n=0 m=0 f=0) objRender(cand=0 draw=0 cull=0 n=0 m=0 f=0 visDraw=0 visDef=0) charMove(cand=0 upd=0 def=0 n=0 m=0 f=0) charRender(cand=0 draw=0 def=0 cull=0 n=0 m=0 f=0)
04-26 20:25:35.498 18499 18566 I MuMain  : PERF_TERRAIN world=-1 normal(block=0 tile=0) grass(block=0 tile=0) after(block=0 tile=0)
04-26 20:25:35.498 18499 18566 I MuMain  : Frame 0 — drawCalls=132 verts=792 paths(im=132 vaD=0 vaC=0 qI=0 qE=0) SDL_err='Couldn't open asset '/storage/emulated/0/Android/data/com.muonline.client/files/Data/fonts/font_.ttf''
04-26 20:25:35.501 18499 18566 I MuMain  : OpenTga logo file=Data\Logo\MU-logo.OZT size=512x256 alphaMin=0 alphaMax=255 alphaZero=80277 cornerRGBA=74,76,87,0
04-26 20:25:35.610 18499 18566 I TakumiErrorReport: File not found Data\World74\leaf01.tga (30357)->Data\World74\leaf01.jpg
04-26 20:25:35.625 18499 18566 I AndroidGDI: Font OK: /system/fonts/DroidSans-Bold.ttf sz=10
04-26 20:25:35.626 18499 18566 I TakumiErrorReport: [Connect to Server 33] ip address = 171.235.182.88, port = 44405
04-26 20:25:35.627 18499 18566 E MuMain  : PlayMp3 failed requested=[data\music\login_theme.mp3] resolved=[data/music/login_theme.mp3] reqExists=0 resolvedExists=0 cwd=[/storage/emulated/0/Android/data/com.muonline.client/files]: Couldn't open 'data/music/login_theme.mp3'
04-26 20:25:35.627 18499 18566 I TakumiErrorReport: > Login Scene init success.
04-26 20:25:35.639 18499 18566 I AndroidGDI: AndroidTextOut ENTRY len=34 hdc=0x733fdca9c100 bmp=0x733fdca9c1c0 text[0]=40
04-26 20:25:35.639 18499 18566 I AndroidGDI: TextOut surf=241x18 fmt=0x16362004 maxA=255 dib[0..2]=0,0,0
04-26 20:25:35.640 18499 18566 I AndroidGDI: AndroidTextOut ENTRY len=25 hdc=0x733fdca9c100 bmp=0x733fdca9c1c0 text[0]=32
04-26 20:25:35.640 18499 18566 I AndroidGDI: TextOut surf=177x18 fmt=0x16362004 maxA=255 dib[0..2]=0,0,0
04-26 20:25:35.641 18499 18566 I AndroidGDI: AndroidTextOut ENTRY len=14 hdc=0x733fdca9c100 bmp=0x733fdca9c1c0 text[0]=80
04-26 20:25:35.641 18499 18566 I AndroidGDI: TextOut surf=95x18 fmt=0x16362004 maxA=255 dib[0..2]=0,0,0
04-26 20:25:35.652 18499 18566 I MuMain  : Frame 1 — drawCalls=122 verts=43017 paths(im=885 vaD=0 vaC=0 qI=4 qE=0) SDL_err='Couldn't open 'data/music/login_theme.mp3''
04-26 20:25:35.673 18499 18566 I AndroidGDI: AndroidTextOut ENTRY len=34 hdc=0x733fdca9c100 bmp=0x733fdca9c1c0 text[0]=40
04-26 20:25:35.673 18499 18566 I AndroidGDI: TextOut surf=241x18 fmt=0x16362004 maxA=255 dib[0..2]=0,0,0
04-26 20:25:35.673 18499 18566 I AndroidGDI: AndroidTextOut ENTRY len=25 hdc=0x733fdca9c100 bmp=0x733fdca9c1c0 text[0]=32
04-26 20:25:35.673 18499 18566 I AndroidGDI: TextOut surf=177x18 fmt=0x16362004 maxA=255 dib[0..2]=0,0,0
04-26 20:25:35.673 18499 18566 I AndroidGDI: AndroidTextOut ENTRY len=14 hdc=0x733fdca9c100 bmp=0x733fdca9c1c0 text[0]=80
04-26 20:25:35.684 18499 18566 I MuMain  : Frame 2 — drawCalls=312 verts=70098 paths(im=1527 vaD=0 vaC=0 qI=17 qE=0) SDL_err=''
04-26 20:25:35.703 18499 18566 I AndroidGDI: AndroidTextOut ENTRY len=34 hdc=0x733fdca9c100 bmp=0x733fdca9c1c0 text[0]=40
04-26 20:25:35.703 18499 18566 I AndroidGDI: AndroidTextOut ENTRY len=25 hdc=0x733fdca9c100 bmp=0x733fdca9c1c0 text[0]=32
04-26 20:25:35.704 18499 18566 I AndroidGDI: AndroidTextOut ENTRY len=14 hdc=0x733fdca9c100 bmp=0x733fdca9c1c0 text[0]=80
04-26 20:25:35.705 18499 18566 I MuMain  : Frame 3 — drawCalls=312 verts=69204 paths(im=1513 vaD=0 vaC=0 qI=27 qE=0) SDL_err=''
04-26 20:25:35.724 18499 18566 I AndroidGDI: AndroidTextOut ENTRY len=34 hdc=0x733fdca9c100 bmp=0x733fdca9c1c0 text[0]=40
04-26 20:25:35.726 18499 18566 I MuMain  : Frame 4 — drawCalls=319 verts=69264 paths(im=1523 vaD=0 vaC=0 qI=36 qE=0) SDL_err=''
04-26 20:25:35.749 18499 18566 I MuMain  : Frame 5 — drawCalls=331 verts=73683 paths(im=1543 vaD=0 vaC=0 qI=45 qE=0) SDL_err=''
04-26 20:25:35.773 18499 18566 I MuMain  : Frame 6 — drawCalls=340 verts=73785 paths(im=1560 vaD=0 vaC=0 qI=54 qE=0) SDL_err=''
04-26 20:25:35.796 18499 18566 I MuMain  : Frame 7 — drawCalls=352 verts=73863 paths(im=1573 vaD=0 vaC=0 qI=70 qE=0) SDL_err=''
04-26 20:25:35.821 18499 18566 I MuMain  : Frame 8 — drawCalls=368 verts=74049 paths(im=1590 vaD=0 vaC=0 qI=85 qE=0) SDL_err=''
04-26 20:25:35.845 18499 18566 I MuMain  : Frame 9 — drawCalls=373 verts=74193 paths(im=1600 vaD=0 vaC=0 qI=92 qE=0) SDL_err=''
04-26 20:25:36.004 18499 18566 W MuMain  : ADAPT net budget down: fps=39.0 frameMs=25.62 maxMsg 70->60
04-26 20:25:36.108   736  1699 E TaskPersister: File error accessing recents directory (directory doesn't exist?).
04-26 20:25:36.261 18499 18566 W MuMain  : ADAPT net budget down: fps=35.0 frameMs=28.55 maxMsg 60->50
04-26 20:25:36.514 18499 18566 W MuMain  : ADAPT net budget down: fps=35.6 frameMs=28.07 maxMsg 50->40
04-26 20:25:36.514 18499 18566 I MuMain  : PERF fps=35.6 frameMs=28.07 phase(render=27.24 pad=0.02 present=0.76) renderLevel=4 fxScale=1.00 maxMsg=40 avg(draw=459 verts=74794 im=1824 vaD=0 vaC=0 qI=228 qE=0) max(draw=480 verts=76869)
04-26 20:25:36.514 18499 18566 I MuMain  : PERF_SCENE world=73 char(live=0 vis=0 ply=0 mon=0 npc=0 pet=0 prio=0 topMon=-1 x0) obj(live=375 vis=168 op=0 trap=0 topObj=155 x29)
04-26 20:25:36.514 18499 18566 I MuMain  : PERF_BUCKET objMove(cand=0 upd=0 def=0 n=0 m=0 f=0) objRender(cand=0 draw=0 cull=0 n=0 m=0 f=0 visDraw=0 visDef=0) charMove(cand=0 upd=0 def=0 n=0 m=0 f=0) charRender(cand=0 draw=0 def=0 cull=0 n=0 m=0 f=0)
04-26 20:25:36.514 18499 18566 I MuMain  : PERF_TERRAIN world=73 normal(block=0 tile=0) grass(block=0 tile=0) after(block=0 tile=0)
04-26 20:25:36.776 18499 18566 I MuMain  : ADAPT fx scale: fps=38.2 frameMs=26.18 1.00->0.90 target=0.90
04-26 20:25:36.776 18499 18566 W MuMain  : ADAPT net budget down: fps=38.2 frameMs=26.18 maxMsg 40->30
04-26 20:25:37.563 18499 18566 I MuMain  : PERF fps=41.3 frameMs=24.23 phase(render=23.35 pad=0.02 present=0.77) renderLevel=4 fxScale=1.00 maxMsg=30 avg(draw=382 verts=80060 im=1764 vaD=0 vaC=0 qI=190 qE=0) max(draw=398 verts=81723)
04-26 20:25:37.564 18499 18566 I MuMain  : PERF_SCENE world=73 char(live=0 vis=0 ply=0 mon=0 npc=0 pet=0 prio=0 topMon=-1 x0) obj(live=375 vis=188 op=0 trap=0 topObj=79 x23)
04-26 20:25:37.564 18499 18566 I MuMain  : PERF_BUCKET objMove(cand=0 upd=0 def=0 n=0 m=0 f=0) objRender(cand=0 draw=0 cull=0 n=0 m=0 f=0 visDraw=0 visDef=0) charMove(cand=0 upd=0 def=0 n=0 m=0 f=0) charRender(cand=0 draw=0 def=0 cull=0 n=0 m=0 f=0)
04-26 20:25:37.564 18499 18566 I MuMain  : PERF_TERRAIN world=73 normal(block=0 tile=0) grass(block=0 tile=0) after(block=0 tile=0)
04-26 20:25:37.859   736   921 I HalDevMgr: bestIfaceCreationProposal is null, requestIface=STA, existingIface=[name=wlan0 type=STA]
04-26 20:25:38.087 18499 18566 I MuMain  : ADAPT fx scale: fps=44.8 frameMs=22.31 1.00->0.90 target=0.90
04-26 20:25:38.614 18499 18566 I MuMain  : PERF fps=53.1 frameMs=18.85 phase(render=16.96 pad=0.03 present=1.79) renderLevel=4 fxScale=1.00 maxMsg=30 avg(draw=256 verts=70409 im=1642 vaD=0 vaC=0 qI=111 qE=0) max(draw=277 verts=72360)
04-26 20:25:38.614 18499 18566 I MuMain  : PERF_SCENE world=73 char(live=0 vis=0 ply=0 mon=0 npc=0 pet=0 prio=0 topMon=-1 x0) obj(live=375 vis=185 op=0 trap=0 topObj=79 x24)
04-26 20:25:38.614 18499 18566 I MuMain  : PERF_BUCKET objMove(cand=0 upd=0 def=0 n=0 m=0 f=0) objRender(cand=0 draw=0 cull=0 n=0 m=0 f=0 visDraw=0 visDef=0) charMove(cand=0 upd=0 def=0 n=0 m=0 f=0) charRender(cand=0 draw=0 def=0 cull=0 n=0 m=0 f=0)
04-26 20:25:38.614 18499 18566 I MuMain  : PERF_TERRAIN world=73 normal(block=0 tile=0) grass(block=0 tile=0) after(block=0 tile=0)
04-26 20:25:39.557  1203  1331 D SatelliteController: isInCarrierRoamingNbIotNtn: satellite is disabled
04-26 20:25:39.557  1203  1331 D SatelliteController: getCarrierRoamingNtnConnectType: Checking connect type from PLMN config for subId: 1
04-26 20:25:39.562  1203  1331 D SatelliteController: getSatellitePerPlmnConfiguration: invalid subId or not supported via carrier.
04-26 20:25:39.562  1203  1331 D SatelliteController: getCarrierRoamingNtnConnectType: config: null
04-26 20:25:39.562  1203  1331 D SatelliteController: getCarrierRoamingNtnConnectType: Falling back to global carrier config connect type: 0
04-26 20:25:39.563  1203  1331 D SatelliteController: updateLastNotifiedCarrierRoamingNtnSignalStrengthAndNotify(1)
04-26 20:25:39.563  1203  1331 D SatelliteController: updateLastNotifiedCarrierRoamingNtnSignalStrengthAndNotify(1) lastNotifiedSignalStrength level: 0
04-26 20:25:39.563  1203  1331 D SatelliteController: updateLastNotifiedCarrierRoamingNtnSignalStrengthAndNotify(1) currSignalStrength level: 0
04-26 20:25:39.629 18499 18566 I MuMain  : PERF fps=67.4 frameMs=14.84 phase(render=14.27 pad=0.02 present=0.48) renderLevel=4 fxScale=1.00 maxMsg=30 avg(draw=189 verts=79183 im=1604 vaD=0 vaC=0 qI=73 qE=0) max(draw=195 verts=81741)
04-26 20:25:39.629 18499 18566 I MuMain  : PERF_SCENE world=73 char(live=0 vis=0 ply=0 mon=0 npc=0 pet=0 prio=0 topMon=-1 x0) obj(live=375 vis=168 op=0 trap=0 topObj=79 x24)
04-26 20:25:39.629 18499 18566 I MuMain  : PERF_BUCKET objMove(cand=0 upd=0 def=0 n=0 m=0 f=0) objRender(cand=0 draw=0 cull=0 n=0 m=0 f=0 visDraw=0 visDef=0) charMove(cand=0 upd=0 def=0 n=0 m=0 f=0) charRender(cand=0 draw=0 def=0 cull=0 n=0 m=0 f=0)
04-26 20:25:39.629 18499 18566 I MuMain  : PERF_TERRAIN world=73 normal(block=0 tile=0) grass(block=0 tile=0) after(block=0 tile=0)
04-26 20:25:39.881 18499 18566 I MuMain  : ADAPT net budget up: fps=63.6 frameMs=15.74 maxMsg 30->35
04-26 20:25:40.317  1016  1016 I wpa_supplicant: wlan0: CTRL-EVENT-BEACON-LOSS 
04-26 20:25:40.653 18499 18566 I MuMain  : PERF fps=62.3 frameMs=16.05 phase(render=15.34 pad=0.02 present=0.61) renderLevel=4 fxScale=1.00 maxMsg=35 avg(draw=211 verts=94411 im=1642 vaD=0 vaC=0 qI=108 qE=0) max(draw=216 verts=97482)
04-26 20:25:40.653 18499 18566 I MuMain  : PERF_SCENE world=73 char(live=0 vis=0 ply=0 mon=0 npc=0 pet=0 prio=0 topMon=-1 x0) obj(live=375 vis=170 op=0 trap=0 topObj=79 x29)
04-26 20:25:40.653 18499 18566 I MuMain  : PERF_BUCKET objMove(cand=0 upd=0 def=0 n=0 m=0 f=0) objRender(cand=0 draw=0 cull=0 n=0 m=0 f=0 visDraw=0 visDef=0) charMove(cand=0 upd=0 def=0 n=0 m=0 f=0) charRender(cand=0 draw=0 def=0 cull=0 n=0 m=0 f=0)
04-26 20:25:40.653 18499 18566 I MuMain  : PERF_TERRAIN world=73 normal(block=0 tile=0) grass(block=0 tile=0) after(block=0 tile=0)
04-26 20:25:40.864   736   954 I AdbWifiNetworkMonitor: Wi-Fi network available
04-26 20:25:40.864   736   954 I AdbWifiNetworkMonitor: Received the same Wi-Fi SSID. Ignoring.
04-26 20:25:40.873   736   921 I HalDevMgr: bestIfaceCreationProposal is null, requestIface=STA, existingIface=[name=wlan0 type=STA]
04-26 20:25:40.879  1366  3046 I NullBinder: NullBinder for android.net.action.RECOMMEND_NETWORKS triggering remote TransactionTooLargeException due to Service without Chimera impl, calling uid: 1000, calling pid: 0
04-26 20:25:40.879  1366  3046 W libbinder.Binder: Large reply transaction of 1056768 bytes, interface descriptor , function: UNKNOWN_FUNCTION_NAME, code: 1, flags: 17
04-26 20:25:40.881  1160  1312 D IpClient/wlan0: interfaceLinkStateChanged: ifindex 16 up
04-26 20:25:40.894  1160  1312 D IpClient/wlan0: interfaceLinkStateChanged: ifindex 16 up
04-26 20:25:41.679 18499 18566 I MuMain  : PERF fps=58.8 frameMs=17.01 phase(render=16.06 pad=0.03 present=0.84) renderLevel=4 fxScale=1.00 maxMsg=35 avg(draw=229 verts=95234 im=1684 vaD=0 vaC=0 qI=122 qE=0) max(draw=232 verts=98070)
04-26 20:25:41.679 18499 18566 I MuMain  : PERF_SCENE world=73 char(live=0 vis=0 ply=0 mon=0 npc=0 pet=0 prio=0 topMon=-1 x0) obj(live=375 vis=164 op=0 trap=0 topObj=79 x28)
04-26 20:25:41.679 18499 18566 I MuMain  : PERF_BUCKET objMove(cand=0 upd=0 def=0 n=0 m=0 f=0) objRender(cand=0 draw=0 cull=0 n=0 m=0 f=0 visDraw=0 visDef=0) charMove(cand=0 upd=0 def=0 n=0 m=0 f=0) charRender(cand=0 draw=0 def=0 cull=0 n=0 m=0 f=0)
04-26 20:25:41.679 18499 18566 I MuMain  : PERF_TERRAIN world=73 normal(block=0 tile=0) grass(block=0 tile=0) after(block=0 tile=0)
