04-26 23:09:33.033  4164  4164 I Finsky  : [2] Memory trim requested to level 40
04-26 23:09:33.033  4164  4164 I Finsky  : [2] Flushing in-memory image cache
04-26 23:09:33.042  1366 26050 I Fitness : (REDACTED) FitCleanupIntentOperation received Intent %s
04-26 23:09:33.054  1366 26067 I ProximityAuth: [RecentAppsMediator] Package added: (user=UserHandle{0}) com.muonline.client
04-26 23:09:33.059 14925 26072 I PackageInstalledIntentO: Test flag v2 is disabled [CONTEXT service_id=469 ]
04-26 23:09:33.080 26043 26043 D DesktopExperienceFlags: Toggle override initialized to: false
04-26 23:09:33.080 26043 26043 D DesktopModeFlags: Toggle override initialized to: OVERRIDE_UNSET
04-26 23:09:33.085   736  1640 E AppOps  : attributionTag VCN not declared in manifest of android
04-26 23:09:33.097 26043 26069 I GFXSTREAM: [eglDisplay.cpp(297)] Opening libGLESv1_CM_emulation.so
04-26 23:09:33.097 26043 26069 I GFXSTREAM: [eglDisplay.cpp(297)] Opening libGLESv2_emulation.so
04-26 23:09:33.104 26043 26069 W HWUI    : Failed to choose config with EGL_SWAP_BEHAVIOR_PRESERVED, retrying without...
04-26 23:09:33.104 26043 26069 W HWUI    : Failed to initialize 101010-2 format, error = EGL_SUCCESS
04-26 23:09:33.139   566   616 W skia    : AGTM parsing failed flags.readFromStream(s) at 159
04-26 23:09:33.185   736   748 I system_server: Background young concurrent mark compact GC freed 21MB AllocSpace bytes, 21(928KB) LOS objects, 32% free, 40MB/59MB, paused 5.510ms,62.091ms total 436.912ms
04-26 23:09:33.188 14925 26074 I Auth    : (REDACTED) [SupervisedAccountIntentOperation] onHandleIntent: %s
04-26 23:09:33.195 26043 26043 W HWUI    : Unknown dataspace 0
04-26 23:09:33.195 14925 26081 I PackageInstalledIntentO: Test flag v2 is disabled [CONTEXT service_id=469 ]
04-26 23:09:33.198  1366 26065 I FontLog : (REDACTED) Package %s has no metadata
04-26 23:09:33.219 26043 26043 D InsetsController: Setting requestedVisibleTypes to 496 (was 503)
04-26 23:09:33.222 14925 14925 D BoundBrokerSvc: onBind: Intent { act=com.google.android.gms.common.BIND_SHARED_PREFS xflg=0x4 pkg=com.google.android.gms }
04-26 23:09:33.223 14925 14925 D BoundBrokerSvc: Loading bound service for intent: Intent { act=com.google.android.gms.common.BIND_SHARED_PREFS xflg=0x4 pkg=com.google.android.gms }
04-26 23:09:33.224   736   999 W InputChannel-JNI: Channel already disposed.
04-26 23:09:33.237 26043 26043 D VRI[PreloadActivity]: WindowInsets changed: 2268x1080 statusBars:[0,74,0,0] navigationBars:[0,0,0,63] mandatorySystemGestures:[0,74,0,84] 
04-26 23:09:33.237 26043 26043 D WindowOnBackDispatcher: setTopOnBackInvokedCallback (unwrapped): android.view.ViewRootImpl$$ExternalSyntheticLambda13@7a716e3
04-26 23:09:33.238 26043 26043 I HWUI    : Using FreeType backend (prop=Auto)
04-26 23:09:33.240   736   999 D CoreBackPreview: Window{e25c084 u0 com.muonline.client/com.muonline.client.PreloadActivity}: Setting back callback OnBackInvokedCallbackInfo{mCallback=android.window.IOnBackInvokedCallback$Stub$Proxy@9d29669, mPriority=0, mIsAnimationCallback=false, mOverrideBehavior=0}
04-26 23:09:33.242   736  1000 D WindowManager: setClientSurface Surface(name=VRI-com.muonline.client/com.muonline.client.PreloadActivity#2220)/@0x6b438ee for e25c084 com.muonline.client/com.muonline.client.PreloadActivity
04-26 23:09:33.242   566   616 W skia    : AGTM parsing failed flags.readFromStream(s) at 159
04-26 23:09:33.244  1036  1091 V WindowManagerShell: Transition animation finished (aborted=false), notifying core (#196) android.os.BinderProxy@126e74a@0
04-26 23:09:33.254 26043 26043 I Surface : Creating surface for consumer unnamed-26043-0 with slotExpansion=1 for 64 slots
04-26 23:09:33.255   566   599 I libbinder.BpBinder: onLastStrongRef automatically unlinking death recipients for binder (0x7eaa36067260) with descriptor: '(not cached)'
04-26 23:09:33.257   736   750 W System  : A resource failed to call close. 
04-26 23:09:33.257 26043 26043 I Surface : Creating surface for consumer VRI[PreloadActivity]#0(BLAST Consumer)0 with slotExpansion=1 for 64 slots
04-26 23:09:33.259   736   750 W System  : A resource failed to call close. 
04-26 23:09:33.259 26043 26043 D VRI[PreloadActivity]: WindowInsets changed: statusBars:null navigationBars:null 
04-26 23:09:33.262 14925 26063 I NearbyDiscovery: (REDACTED) processGrantSlicePermission: %s
04-26 23:09:33.271  1219  1219 D VRI[NexusLauncherActivity]: visibilityChanged oldVisibility=true newVisibility=false
04-26 23:09:33.272  1036  1344 D WallpaperService: onVisibilityChanged(false): com.android.systemui.wallpapers.ImageWallpaper$CanvasEngine@85e2344
04-26 23:09:33.272   736  1603 I WindowManager: Display id=0 rotation changed to 1 from 0, lastOrientation=0 userRotationMode=0 userRotation=0 lastSensorRotation=1
04-26 23:09:33.274   736   759 V WindowManager: Finish Transition (#196): created at 04-26 23:09:32.595 collect-started=0.046ms request-sent=46.649ms started=62.211ms ready=233.986ms sent=258.787ms commit=86.072ms finished=667.027ms
04-26 23:09:33.285  1219  1219 D SmartspaceInteractor: notifySmartspaceEvent: SmartspaceTargetEvent{mSmartspaceTarget=null, mSmartspaceActionId='null', mEventType=7}
04-26 23:09:33.311  1036  1091 V WindowManagerShell: Track 0 became idle
04-26 23:09:33.311  1036  1091 V WindowManagerShell: All active transition animations finished
04-26 23:09:33.312  1036  1091 V WindowManagerShell: Transition requested (#197): android.os.BinderProxy@794d249 TransitionRequestInfo { type = CHANGE, triggerTask = null, pipChange = null, remoteTransitionInfo = null, displayChange = DisplayChange { displayId = 0, startAbsBounds = null, endAbsBounds = null, startRotation = 0, endRotation = 1, physicalDisplayChanged = false, disconnectReparentDisplay = -1, endInsetsState = null }, requestedLocation = null, userChange = null, windowingLayerChange = null, fullscreenRequestChange = null, flags = 0, debugId = 197 }
04-26 23:09:33.312  1036  1091 V ShellDesktopMode: DisconnectHandler: handleRequest: no reparent display; returning
04-26 23:09:33.312  1036  1091 V ShellDesktopMode: DesktopTasksController: skipping handleRequest reason=triggerTask is null
04-26 23:09:33.316  1036  1091 D Bubbles : BubbleData.onLocusVisibilityChanged() locusId=Overview|DISABLED visible=false taskId=1
04-26 23:09:33.375   736  2220 W ActivityManager: Skipping manifest association check for null package. SourceUid: 10214, SourcePkg: null, TargetUid: 10214, TargetPkg: com.google.android.gms
04-26 23:09:33.379 14925 26088 W SQLiteLog: (28) double-quoted string literal: "com.muonline.client"
04-26 23:09:33.382   736   762 I DisplayTopology: Display with ID 0 updated, new logical width: 2400, new logicalHeight: 1080, new density: 420
04-26 23:09:33.385   736   791 D BrightnessThermalClamper: Thermal status observer already started
04-26 23:09:33.386   736   762 I ActivityTaskManager: Config changes=20000480 {1.0 310mcc260mnc [en_US] ldltr sw411dp w914dp h411dp 420dpi nrml long compactNeeded land finger qwerty/v/v dpad/v winConfig={ mBounds=Rect(0, 0 - 2400, 1080) mAppBounds=Rect(0, 0 - 2400, 1080) mMaxBounds=Rect(0, 0 - 2400, 1080) mDisplayRotation=ROTATION_90 mWindowingMode=fullscreen mActivityType=undefined mAlwaysOnTop=undefined mRotation=ROTATION_90} as.3 s.1770 fontWeightAdjustment=0}
04-26 23:09:33.405   736   762 I WindowManager: Override config changes=20000480 {1.0 310mcc260mnc [en_US] ldltr sw411dp w914dp h411dp 420dpi nrml long compactNeeded land finger qwerty/v/v dpad/v winConfig={ mBounds=Rect(0, 0 - 2400, 1080) mAppBounds=Rect(0, 0 - 2400, 1080) mMaxBounds=Rect(0, 0 - 2400, 1080) mDisplayRotation=ROTATION_90 mWindowingMode=fullscreen mActivityType=undefined mAlwaysOnTop=undefined mRotation=ROTATION_90} as.3 s.1770 fontWeightAdjustment=0} for displayId=0
04-26 23:09:33.405   736   762 W TransitionChain: Combining dispOverCfg into #197(CHANGE|R|0x0) from updateRot
04-26 23:09:33.421   736   762 W PackageConfigPersister: App-specific configuration not found for packageName: com.google.android.apps.nexuslauncher and userId: 0
04-26 23:09:33.425 14925 15005 I Icing   : IndexChimeraService.getServiceInterface callingPackage=com.google.android.gms componentName=AppsCorpus serviceId=36
04-26 23:09:33.429  1036  1091 V ShellDragAndDrop: Display changed: 0
04-26 23:09:33.429 26043 26082 I MuPreload: Check data root: /storage/emulated/0/Android/data/com.muonline.client/files existingDataDir=/storage/emulated/0/Android/data/com.muonline.client/files/Data usable=true marker=true
04-26 23:09:33.430   736   762 W libbinder.IPCThreadState: Sending oneway calls to frozen process.
04-26 23:09:33.431  1219  1219 D PerDisplayTaskbarResource: onConfigurationChanged: {1.0 310mcc260mnc [en_US] ldltr sw411dp w914dp h411dp 420dpi nrml long compactNeeded land finger qwerty/v/v dpad/v winConfig={ mBounds=Rect(0, 0 - 2400, 1080) mAppBounds=Rect(0, 0 - 2400, 1080) mMaxBounds=Rect(0, 0 - 2400, 1080) mDisplayRotation=ROTATION_90 mWindowingMode=fullscreen mActivityType=undefined mAlwaysOnTop=undefined mRotation=ROTATION_90} as.3 s.1770 fontWeightAdjustment=0} displayId=0
04-26 23:09:33.433  1219  1219 D PerDisplayTaskbarResource: onConfigurationChanged: | configDiff={} displayId=0
04-26 23:09:33.433  1219  1219 D PerDisplayTaskbarResource: onConfigurationChanged: isTaskbarEnabled()=True displayId=0
04-26 23:09:33.433  1219  1219 D PerDisplayTaskbarResource: onConfigurationChanged: call recreateTaskbars displayId=0
04-26 23:09:33.433  1219  1219 D PerDisplayTaskbarResource: recreateTaskbarForDisplay displayId=0
04-26 23:09:33.433  1219  1219 D PerDisplayTaskbarResource: recreateTaskbarForDisplay: getting device profile displayId=0
04-26 23:09:33.433  1219  1219 D PerDisplayTaskbarResource: recreateTaskbarForDisplay: destroying taskbar displayId=0
04-26 23:09:33.434  1219  1219 D PerDisplayTaskbarResource: destroyTaskbarForDisplay displayId=0
04-26 23:09:33.435  1036  1091 V ShellDesktopMode: DesktopDisplayEventHandler: displayAreaChanged in displayId=0, keyguardLocked=false
04-26 23:09:33.437  4105  4105 I AppBase : AppBase.onConfigurationChanged():294 onConfigurationChanged() : NewConfig = {1.0 310mcc260mnc [en_US] ldltr sw411dp w914dp h411dp 420dpi nrml long compactNeeded land finger qwerty/v/v dpad/v winConfig={ mBounds=Rect(0, 0 - 2400, 1080) mAppBounds=Rect(0, 0 - 2400, 1080) mMaxBounds=Rect(0, 0 - 2400, 1080) mDisplayRotation=ROTATION_90 mWindowingMode=fullscreen mActivityType=undefined mAlwaysOnTop=undefined mRotation=ROTATION_90} as.3 s.1796 fontWeightAdjustment=0}
04-26 23:09:33.438  1219  1219 D CueBarController: CuebarController destroy
04-26 23:09:33.439  1219  1219 D TaskbarOverlayController: onDestroy: 	at com.android.launcher3.taskbar.PerDisplayTaskbarResource.destroyTaskbarForDisplay(go/retraceme 7226a759aa2bb3787a79806f85d80eaad84f1f1e15acd6db988f2df789d1680d:455)
04-26 23:09:33.439  1219  1219 D TaskbarOverlayController: 	at com.android.launcher3.taskbar.TaskbarManagerImpl.recreateTaskbarForDisplay(go/retraceme 7226a759aa2bb3787a79806f85d80eaad84f1f1e15acd6db988f2df789d1680d:125)
04-26 23:09:33.439  1219  1219 D TaskbarOverlayController: 	at com.android.launcher3.taskbar.TaskbarManagerImpl$$ExternalSyntheticLambda24.invoke(go/retraceme 7226a759aa2bb3787a79806f85d80eaad84f1f1e15acd6db988f2df789d1680d:45)
04-26 23:09:33.439  4105  4105 I GoogleInputMethodService: GoogleInputMethodService.onConfigurationChanged():1078 onConfigurationChanged() : NewConfig = {1.0 310mcc260mnc [en_US] ldltr sw411dp w914dp h411dp 420dpi nrml long compactNeeded land finger qwerty/v/v dpad/v winConfig={ mBounds=Rect(0, 0 - 2400, 1080) mAppBounds=Rect(0, 0 - 2400, 1080) mMaxBounds=Rect(0, 0 - 2400, 1080) mDisplayRotation=ROTATION_90 mWindowingMode=fullscreen mActivityType=undefined mAlwaysOnTop=undefined mRotation=ROTATION_90} as.3 s.1770 fontWeightAdjustment=0}
04-26 23:09:33.439  4105  4105 I GoogleInputMethodService: GoogleInputMethodService.onConfigurationChanged():1079 device real metrics: DisplayMetrics{density=2.625, width=2400, height=1080, scaledDensity=2.625, xdpi=420.0, ydpi=420.0}
04-26 23:09:33.439  4105  4105 I GoogleInputMethodService: GoogleInputMethodService.onConfigurationChanged():1087 Maybe update OEM display config because of configuration change
04-26 23:09:33.439  4105  4105 I InputMethodEntryManager: InputMethodEntryManager.notifyCurrentInputMethodEntryOnContextChanged():560 notifyCurrentInputMethodEntryOnContextChanged()
04-26 23:09:33.441  1219  1219 D TaskbarOverlayController: onDestroy: Was window already present? false
04-26 23:09:33.441  1219  1219 D PerDisplayTaskbarResource: recreateTaskbarForDisplay: isTaskbarEnabled=true [dp != null]=true mUserUnlocked=true dp.isTaskbarPresent=false isTaskbarEnabled=true displayExists=true displayId=0
04-26 23:09:33.441  1219  1219 D PerDisplayTaskbarResource: recreateTaskbarForDisplay: creating taskbar displayId=0
04-26 23:09:33.442  1036  1036 I NoBackGesture: Config changed: newConfig={1.0 310mcc260mnc [en_US] ldltr sw411dp w914dp h411dp 420dpi nrml long compactNeeded land finger qwerty/v/v dpad/v winConfig={ mBounds=Rect(0, 0 - 2400, 1080) mAppBounds=Rect(0, 0 - 2400, 1080) mMaxBounds=Rect(0, 0 - 2400, 1080) mDisplayRotation=ROTATION_90 mWindowingMode=fullscreen mActivityType=undefined mAlwaysOnTop=undefined mRotation=ROTATION_90} as.3 s.1813 fontWeightAdjustment=0} lastReportedConfig={1.0 310mcc260mnc [en_US] ldltr sw411dp w411dp h914dp 420dpi nrml long compactNeeded port finger qwerty/v/v dpad/v winConfig={ mBounds=Rect(0, 0 - 1080, 2400) mAppBounds=Rect(0, 0 - 1080, 2400) mMaxBounds=Rect(0, 0 - 1080, 2400) mDisplayRotation=ROTATION_0 mWindowingMode=fullscreen mActivityType=undefined mAlwaysOnTop=undefined mRotation=ROTATION_0} as.3 s.1766 fontWeightAdjustment=0}
04-26 23:09:33.442  1036  1036 I NoBackGesture: NavbarController: newConfig={1.0 310mcc260mnc [en_US] ldltr sw411dp w914dp h411dp 420dpi nrml long compactNeeded land finger qwerty/v/v dpad/v winConfig={ mBounds=Rect(0, 0 - 2400, 1080) mAppBounds=Rect(0, 0 - 2400, 1080) mMaxBounds=Rect(0, 0 - 2400, 1080) mDisplayRotation=ROTATION_90 mWindowingMode=fullscreen mActivityType=undefined mAlwaysOnTop=undefined mRotation=ROTATION_90} as.3 s.1813 fontWeightAdjustment=0} mTaskbarDelegate initialized=true willApplyConfigToNavbars=false navBarCount=0
04-26 23:09:33.442  1036  1091 V ShellDesktopMode: DesktopDisplayEventHandler: handlePotentialReconnect: default display; aborting.
04-26 23:09:33.443  1036  1091 V ShellDesktopMode: DesktopDisplayEventHandler: createDefaultDesksIfNeeded displays=[0] userId=null
04-26 23:09:33.443  4105  4105 I InputMethodEntryManager: InputMethodEntryManager.notifyCurrentInputMethodEntryOnContextChanged():581 Notify current input method entry changed on context change
04-26 23:09:33.443  4105  4105 I SystemSubtypesReportModule: SystemSubtypesReportModule$2.onCurrentInputMethodEntryChanged():153 entry: en-US, source: UNSPECIFIED
04-26 23:09:33.444  1036  1091 D ShellSplitScreen: onTaskInfoChanged: taskId=5 taskAct=null stageId=MAIN displayId=0
04-26 23:09:33.445  1036  1091 D ShellSplitScreen: Updating status bar override leftRight=false currentSplit=1 splitVisible=false overridden=false
04-26 23:09:33.445  1036  1091 D ShellSplitScreen: No change in status bar override state
04-26 23:09:33.445  1036  1091 V ShellSplitScreen: Updating status bar for split, no change in state
04-26 23:09:33.445  1036  1091 V ShellSplitScreen: Updating status bar for split, no change in state
04-26 23:09:33.446  1036  1091 V ShellDesktopMode: DesktopDisplayEventHandler: shouldCreateOrWarmUpDesk skipping displayId=0 reason: desktop ineligible
04-26 23:09:33.448  4105  4105 I KeyboardContextProvider: KeyboardContextProvider$KeyboardContextCache.createKeyboardContext():173 createKeyboardContext(): en-US, lpz@2c7c320(com.android.inputmethod.latin.LatinIME@3ee55f2), {1.0 310mcc260mnc [en_US] ldltr sw411dp w914dp h411dp 420dpi nrml long compactNeeded land finger qwerty/v/v dpad/v winConfig={ mBounds=Rect(0, 0 - 2400, 1080) mAppBounds=Rect(0, 0 - 2400, 1080) mMaxBounds=Rect(0, 0 - 2400, 1080) mDisplayRotation=ROTATION_90 mWindowingMode=fullscreen mActivityType=undefined mAlwaysOnTop=undefined mRotation=ROTATION_90} as.3 s.1770 fontWeightAdjustment=0}
04-26 23:09:33.448  4105  4105 I GoogleInputMethodService: GoogleInputMethodService.onCurrentInputMethodEntryChanged():2375 onCurrentInputMethodEntryChanged(): imeDefsChanged=false, entryLanguageVariantChanged=false, keyboardContextChanged=true
04-26 23:09:33.448   736   759 V WindowManager: Sent Transition (#197) createdAt=04-26 23:09:33.272 via request=TransitionRequestInfo { type = CHANGE, triggerTask = null, pipChange = null, remoteTransitionInfo = null, displayChange = DisplayChange { displayId = 0, startAbsBounds = null, endAbsBounds = null, startRotation = 0, endRotation = 1, physicalDisplayChanged = false, disconnectReparentDisplay = -1, endInsetsState = null }, requestedLocation = null, userChange = null, windowingLayerChange = null, fullscreenRequestChange = null, flags = 0, debugId = 197 }
04-26 23:09:33.448   736   762 I InputManager-JNI: Viewport [0] to add: local:4619827259835644672, isActive: true
04-26 23:09:33.448   736   759 V WindowManager:     startWCT=WindowContainerTransaction { changes= {} hops= [] flags= 0 errorCallbackToken=null taskFragmentOrganizer=null }
04-26 23:09:33.449   736   759 V WindowManager:     info={id=197 t=CHANGE f=0x0 trk=0 r=[0@Point(0, 0)] c=[
04-26 23:09:33.449   736   759 V WindowManager:         {WCT{RemoteToken{d0dae2e Task{2d42409 #128 type=standard A=10230:com.muonline.client}}} m=CHANGE f=NONE p=WCT{RemoteToken{c11d292 DefaultTaskDisplayArea@125646128}} leash=Surface(name=Task=128#2207)/@0xcd8afc4 sb=Rect(0, 0 - 1080, 2400) eb=Rect(0, 0 - 2400, 1080) epz=Point(2400, 1080) d=0 r=0->1:0 taskParent=-1 winMode=1 userId=0},
04-26 23:09:33.449   736   759 V WindowManager:         {WCT{RemoteToken{c11d292 DefaultTaskDisplayArea@125646128}} m=CHANGE f=FLAG_IS_TASK_DISPLAY_AREA p=WCT{RemoteToken{5194fac AppZoomOut:2:14@13750468}} leash=Surface(name=DefaultTaskDisplayArea#9)/@0x7ec752e sb=Rect(0, 0 - 1080, 2400) eb=Rect(0, 0 - 2400, 1080) epz=Point(2400, 1080) d=0 r=0->1:-1},
04-26 23:09:33.449   736   759 V WindowManager:         {WCT{RemoteToken{5194fac AppZoomOut:2:14@13750468}} m=CHANGE f=NONE p=WCT{RemoteToken{d158475 WindowedMagnification:0:31@119458816}} leash=Surface(name=AppZoomOut:2:14#8)/@0x8565169 sb=Rect(0, 0 - 1080, 2400) eb=Rect(0, 0 - 2400, 1080) epz=Point(2400, 1080) d=0 r=0->1:-1},
04-26 23:09:33.449   736   759 V WindowManager:         {WCT{RemoteToken{d158475 WindowedMagnification:0:31@119458816}} m=CHANGE f=NONE p=WCT{RemoteToken{f199 Display{#0 state=ON size=2400x1080 ROTATION_90}}} leash=Surface(name=WindowedMagnification:0:31#3)/@0x62e2663 sb=Rect(0, 0 - 1080, 2400) eb=Rect(0, 0 - 2400, 1080) epz=Point(2400, 1080) d=0 r=0->1:-1},
04-26 23:09:33.449   736   759 V WindowManager:         {WCT{RemoteToken{f199 Display{#0 state=ON size=2400x1080 ROTATION_90}}} m=CHANGE f=IS_DISPLAY leash=Surface(name=WindowedMagnification:0:31#3)/@0x62e2663 sb=Rect(0, 0 - 1080, 2400) eb=Rect(0, 0 - 2400, 1080) epz=Point(2400, 1080) d=0 r=0->1:3}
04-26 23:09:33.449   736   759 V WindowManager:     ]}
04-26 23:09:33.449   736   873 I InputReader: Reconfiguring input devices, changes=DISPLAY_INFO
04-26 23:09:33.450   736   873 I InputReader: Touch device 'virtio_input_multi_touch_11' could not query the properties of its associated display.  The device will be inoperable until the display size becomes available.
04-26 23:09:33.450   736   873 I InputReader: Touch device 'virtio_input_multi_touch_10' could not query the properties of its associated display.  The device will be inoperable until the display size becomes available.
04-26 23:09:33.450   736   873 I InputReader: Touch device 'virtio_input_multi_touch_9' could not query the properties of its associated display.  The device will be inoperable until the display size becomes available.
04-26 23:09:33.450   736   873 I InputReader: Touch device 'virtio_input_multi_touch_8' could not query the properties of its associated display.  The device will be inoperable until the display size becomes available.
04-26 23:09:33.450   736   873 I InputReader: Touch device 'virtio_input_multi_touch_7' could not query the properties of its associated display.  The device will be inoperable until the display size becomes available.
04-26 23:09:33.450   736   873 I InputReader: Touch device 'virtio_input_multi_touch_6' could not query the properties of its associated display.  The device will be inoperable until the display size becomes available.
04-26 23:09:33.450   736   873 I InputReader: Touch device 'virtio_input_multi_touch_5' could not query the properties of its associated display.  The device will be inoperable until the display size becomes available.
04-26 23:09:33.450   736   873 I InputReader: Touch device 'virtio_input_multi_touch_4' could not query the properties of its associated display.  The device will be inoperable until the display size becomes available.
04-26 23:09:33.450   736   873 I InputReader: Touch device 'virtio_input_multi_touch_3' could not query the properties of its associated display.  The device will be inoperable until the display size becomes available.
04-26 23:09:33.450   736   873 I InputReader: Touch device 'virtio_input_multi_touch_2' could not query the properties of its associated display.  The device will be inoperable until the display size becomes available.
04-26 23:09:33.451  1036  1036 D ShadeStateTraceLogger: New configuration change from Shade window. smallestScreenWidthDp: 411, densityDpi: 420
04-26 23:09:33.451  1036  1036 D ShadeStateTraceLogger: New shadeHeaderHeight: 0, displayId: 0
04-26 23:09:33.452  4105  4105 I KeyboardContextProvider: KeyboardContextProvider.setBaseContextAndInvalidKeyboardContextCache():88 setBaseContextAndInvalidKeyboardContextCache(): com.android.inputmethod.latin.LatinIME@3ee55f2
04-26 23:09:33.455  4105  4105 I InputMethodEntryManager: InputMethodEntryManager.resetLanguages():2825 resetLanguages(): languages=null, conditionName=orientation
04-26 23:09:33.455  4105  4105 I ImeDefCache: ImeDefCache.clearCacheForLanguages():392 clearCacheForLanguages(): []
04-26 23:09:33.455  4105  4105 I AdditionalImeDefCache: AdditionalImeDefCache.clearAdditionalImeDefsForCondition():421 clearAdditionalImeDefsForCondition() clear additional ImeDefs: []
04-26 23:09:33.455  4105  4105 I InputMethodEntryManager: InputMethodEntryManager.resetLanguages():2836 Clear cache for languages: null, changed=false
04-26 23:09:33.455  4105  4105 I InputMethodEntryManager: InputMethodEntryManager.startLoadingInputMethodEntrySettings():755 Start loading input method entry settings: [LanguageTagVariantTuple{languageTag=en-US, variant=qwerty}]
04-26 23:09:33.458  4105  4105 I InputMethodEntryManager: InputMethodEntryManager.updateInputMethodEntrySettingsLoadingTask():885 update loading task with resetImplicitlyEnabledEntries is false
04-26 23:09:33.461  4105  4105 I InputMethodEntryManager: InputMethodEntryManager$4.onSuccess():907 Success load entries: [LanguageTagVariantTuple{languageTag=en-US, variant=qwerty}], resetImplicitlyEnabledEntries=false, initialized=true
04-26 23:09:33.461  1036  1910 V WindowManagerShell: onTransitionReady(transaction=3161095951359)
04-26 23:09:33.466  4105  4150 I SP      : Registering emoticon_content_description.2022081613, url: https://www.gstatic.com/android/keyboard/emoticon_content_desc/202208161305/superpacks_manifest.json, constraints: W:*:*:*, flags: bg, requested: 2022081613, current: 2022081613
04-26 23:09:33.469   736   759 I ActivityTaskManager: Displayed com.muonline.client/.PreloadActivity for user 0: +884ms
04-26 23:09:33.470  4105  4150 I SP      : Syncing emoticon_content_description (2022081613) with slices: [7a635888cb828dfa2fc744b7b9b50f04], metadata: false
04-26 23:09:33.474  4105  4105 I InputMethodEntryManager: InputMethodEntryManager.changeCurrentInputMethodEntry():3048 Set current input method entry: source=UNSPECIFIED, entryChanged=false, enablePersist=true, mua{languageTag=en-US, variant=qwerty, hasLocalizedResources=true, conditionCacheKey=_android_software_xr_api_spatial=false_app_first_start_timestamp=1776337405505_cache_additional_ime_defs_for_condition_change=false_cache_ime_defs_for_condition_change=false_deprecate_long_press_space_for_ime_picker=false_device=phone_device_size=default_enable_more_candidates_view_for_multilingual=false_enable_number_row=false_enable_number_row_in_password=true_enable_pk_simulator=false_enable_pk_simulator_setting=false_enable_preemptive_decode=true_enable_scrub_move=true_enable_secondary_digits=true_enable_secondary_symbols=false_expressions=normal_four_or_more_letter_rows=false_free_cursor=false_free_cursor_spacebar_popup=false_keyboard_font_size_setting=_keyboard_mode=normal_language=en-US_layout_9key_split=false_orientation=landscape_physical_keyboard=qwerty_pk_simulator_vk_ready=false_pref_enable_flick_symbols=false_rtl_layout=false_show_comma_key=true_show_period_key=true_show_secondary_digits=true_show_suggestion_strip=true_show_suggestions=true_split_with_duplicate_keys=true_true=true_variant=qwerty_writing_helper_enable_by_word_revert=false, imeDef.stringId=ime_english_united_states, imeDef.className=com.google.android.apps.inputmethod.libs.latin5.LatinIme, imeDef.languageTag=en-US}
04-26 23:09:33.474  4105  4105 I InputMethodEntryManager: InputMethodEntryManager.loadAdditionalImeDefsForCurrentEntry():3077 loadAdditionalImeDefsForCurrentEntry(): mua{languageTag=en-US, variant=qwerty, hasLocalizedResources=true, conditionCacheKey=_android_software_xr_api_spatial=false_app_first_start_timestamp=1776337405505_cache_additional_ime_defs_for_condition_change=false_cache_ime_defs_for_condition_change=false_deprecate_long_press_space_for_ime_picker=false_device=phone_device_size=default_enable_more_candidates_view_for_multilingual=false_enable_number_row=false_enable_number_row_in_password=true_enable_pk_simulator=false_enable_pk_simulator_setting=false_enable_preemptive_decode=true_enable_scrub_move=true_enable_secondary_digits=true_enable_secondary_symbols=false_expressions=normal_four_or_more_letter_rows=false_free_cursor=false_free_cursor_spacebar_popup=false_keyboard_font_size_setting=_keyboard_mode=normal_language=en-US_layout_9key_split=false_orientation=landscape_physical_keyboard=qwerty_pk_simulator_vk_ready=false_pref_enable_flick_symbols=false_rtl_layout=false_show_comma_key=true_show_period_key=true_show_secondary_digits=true_show_suggestion_strip=true_show_suggestions=true_split_with_duplicate_keys=true_true=true_variant=qwerty_writing_helper_enable_by_word_revert=false, imeDef.stringId=ime_english_united_states, imeDef.className=com.google.android.apps.inputmethod.libs.latin5.LatinIme, imeDef.languageTag=en-US}
04-26 23:09:33.475  4105  4105 I InputMethodEntryManager: InputMethodEntryManager$6.onSuccess():3093 Success load additional ImeDefs, entryChanged=false, additionalImeDefsChanged=false, [noh{stringId=password, language=und-Latn-x-password, languageTag=und-Latn-x-password, processedConditions={writing_helper_enable_by_word_revert=false, variant=qwerty, true=true, language=en-US, enable_number_row=true, device=phone, enable_number_row_in_password=true, enable_pk_simulator=false}, className=com.google.android.libraries.inputmethod.ime.password.PasswordIme, label=2132019347, keyEventInterpreter=null, inlineComposing=true, autoCapital=true, announceAutoSelectedCandidate=true, statusIcon=0, indicatorIcon=0, indicatorLabel=null, displayAppCompletions=false, extraValues=noa{}, processors=nqa@e1dc12, unacceptableMetaKeys=4098, languageSpecificSettings=0, asciiCapable=false, alwaysShowSuggestions=false, useAsciiPasswordKeyboard=false, keyboardGroupDef=npj@9245fe3, phenotypeFlagId=0, localizationLanguageTag=null, supportsInlineSuggestion=false}, noh{stringId=number, language=und-Latn-x-number, languageTag=und-Latn-x-number, processedConditions={}, className=com.google.android.libraries.inputmethod.ime.DummyIme, label=2132019284, keyEventInterpreter=null, inlineComposing=true, autoCapital=false, announceAutoSelectedCandidate=false, statusIcon=0, indicatorIcon=0, indicatorLabel=null, displayAppCompletions=false, extraValues=noa{}, processors=nqa@e1dc12, unacceptableMetaKeys=4098, languageSpecificSettings=0, asciiCapable=false, alwaysShowSuggestions=false, useAsciiPasswordKeyboard=false, keyboardGroupDef=npj@6462de0, phenotypeFlagId=0, localizationLanguageTag=null, supportsInlineSuggestion=false}, noh{stringId=number_password, language=und-Latn-x-number-password, languageTag=und-Latn-x-number-password, processedConditions={}, className=com.google.android.libraries.inputmethod.ime.DummyIme, label=2132019285, keyEventInterpreter=null, inlineComposing=true, autoCapital=false, announceAutoSelectedCandidate=false, statusIcon=0, indicatorIcon=0, indicatorLabel=null, displayAppCompletions=false, extraValues=noa{}, processors=nqa@e1dc12, unacceptableMetaKeys=4098, languageSpecificSettings=0, asciiCapable=false, alwaysShowSuggestions=false, useAsciiPasswordKeyboard=false, keyboardGroupDef=npj@91bf899, phenotypeFlagId=0, localizationLanguageTag=null, supportsInlineSuggestion=false}, noh{stringId=phone_number, language=und-Latn-x-phone-number, languageTag=und-Latn-x-phone-number, processedConditions={}, className=com.google.android.libraries.inputmethod.ime.DummyIme, label=2132019384, keyEventInterpreter=null, inlineComposing=true, autoCapital=false, announceAutoSelectedCandidate=false, statusIcon=0, indicatorIcon=0, indicatorLabel=null, displayAppCompletions=false, extraValues=noa{}, processors=nqa@e1dc12, unacceptableMetaKeys=4098, languageSpecificSettings=0, asciiCapable=false, alwaysShowSuggestions=false, useAsciiPasswordKeyboard=false, keyboardGroupDef=npj@5fda75e, phenotypeFlagId=0, localizationLanguageTag=null, supportsInlineSuggestion=false}, noh{stringId=date_time, language=und-Latn-x-date-time, languageTag=und-Latn-x-date-time, processedConditions={}, className=com.google.android.libraries.inputmethod.ime.DummyIme, label=2132017762, keyEventInterpreter=null, inlineComposing=true, autoCapital=false, announceAutoSelectedCandidate=false, statusIcon=0, indicatorIcon=0, indicatorLabel=null, displayAppCompletions=false, extraValues=noa{}, processors=nqa@e1dc12, unacceptableMetaKeys=4098, languageSpecificSettings=0, asciiCapable=false, alwaysShowSuggestions=false, useAsciiPasswordKeyboard=false, keyboardGroupDef=npj@6b3173f, phenotypeFlagId=0, localizationLanguageTag=null, supportsInlineSuggestion=false}]
04-26 23:09:33.475  4105  4105 I InputMethodEntryManager: InputMethodEntryManager.onSuccessLoadingAdditionalImeDefs():3159 Additional ImeDefs have been loaded, maybe notify entry change: false
04-26 23:09:33.477 14925 14925 D BoundBrokerSvc: onBind: Intent { act=com.google.android.gms.feedback.internal.IFeedbackService dat=chimera-action:/... xflg=0x4 cmp=com.google.android.gms/.chimera.GmsBoundBrokerService }
04-26 23:09:33.477 14925 14925 D BoundBrokerSvc: Loading bound service for intent: Intent { act=com.google.android.gms.feedback.internal.IFeedbackService dat=chimera-action:/... xflg=0x4 cmp=com.google.android.gms/.chimera.GmsBoundBrokerService }
04-26 23:09:33.481  4105  4105 I SystemSubtypesReportModule: SystemSubtypesReportModule$2.onCurrentInputMethodEntryChanged():153 entry: en-US, source: UNSPECIFIED
04-26 23:09:33.481  4105  4105 I GoogleInputMethodService: GoogleInputMethodService.onCurrentInputMethodEntryChanged():2375 onCurrentInputMethodEntryChanged(): imeDefsChanged=false, entryLanguageVariantChanged=false, keyboardContextChanged=false
04-26 23:09:33.482  4105  4105 I GoogleInputMethodService: GoogleInputMethodService.onCurrentInputMethodEntryChanged():2393 Skip the entry change as the input method entry is consider as not changed.
04-26 23:09:33.484 26043 26082 I MuPreload: Skip download, usable data exists: /storage/emulated/0/Android/data/com.muonline.client/files/Data markerWasPresent=true
04-26 23:09:33.489  1036  1091 D Bubbles : BubblePositioner.update() insets=Insets{left=132, top=74, right=0, bottom=63} largeScreen=false smallTablet=false isBubbleBar=false bounds=Rect(0, 0 - 2400, 1080)
04-26 23:09:33.496  4105  4105 W NotificationCenter: NotificationCenter$NotificationQueue.notifyPendingNotificationsOnExecutor():877 Heavy notify work detected on UI thread: [onq->qpy] takes 42ms
04-26 23:09:33.496  4105  4147 W ModuleManager: ModuleManager.loadModule():634 Module pig is not available
04-26 23:09:33.497  4105  4105 I DeviceModeModule: DeviceModeModule.calculateAndNotify():225 Device mode 'phone' from display metrics 'DisplayMetrics{density=0.0, width=1080, height=2400, scaledDensity=0.0, xdpi=420.0, ydpi=420.0}' or smallestScreenWidthDp: 411
04-26 23:09:33.500  4105  4105 I GoogleInputMethodService: GoogleInputMethodService.onConfigurationChanged():1109 changedMask : 20000480
04-26 23:09:33.500  4105  4105 I GoogleInputMethodService: GoogleInputMethodService.clearInputMethodServiceData():1064 clearInputMethodServiceData for configurationChange
04-26 23:09:33.500  4105  4105 I GoogleInputMethodService: GoogleInputMethodService.discardAllKeyboardViewAndInputView():1299 discardAllKeyboardViewAndInputView()
04-26 23:09:33.500  4105  4105 I AbstractOpenableExtension: AbstractOpenableExtension.maybeDestroyExistingKeyboardGroupManager():536 Destroy existing keyboard group manager in hph
04-26 23:09:33.500  4105  4105 I AbstractOpenableExtension: AbstractOpenableExtension$3.onSuccess():556 KeyboardGroupManager destroyed in hph.
04-26 23:09:33.500  4105  4105 I AbstractOpenableExtension: AbstractOpenableExtension.createKeyboardGroupManagerListenableFuture():121 Create keyboard group manager listenable future in hph
04-26 23:09:33.502  4105 26104 I KeyboardGroupDefParser: KeyboardGroupDefParser.parseKeyboardGroupDef():86 parseKeyboardGroupDef() 2132213994 -> 0_resource_name_obfuscated : WaitTime = 1 ms : RunTime = 0 ms
04-26 23:09:33.502  1036  1091 V WindowManagerShell: onTransitionReady (#197) android.os.BinderProxy@794d249: {id=197 t=CHANGE f=0x0 trk=0 r=[0@Point(0, 0)] c=[
04-26 23:09:33.502  1036  1091 V WindowManagerShell:         {m=CHANGE f=NONE p=WCT{android.os.BinderProxy@d845049} leash=Surface(name=Task=128#2207)/@0x74f4a05 sb=Rect(0, 0 - 1080, 2400) eb=Rect(0, 0 - 2400, 1080) epz=Point(2400, 1080) d=0 r=0->1:0 taskParent=-1 winMode=1 userId=0},
04-26 23:09:33.502  1036  1091 V WindowManagerShell:         {m=CHANGE f=FLAG_IS_TASK_DISPLAY_AREA p=WCT{android.os.BinderProxy@38a5576} leash=Surface(name=DefaultTaskDisplayArea#9)/@0xa2e3a5a sb=Rect(0, 0 - 1080, 2400) eb=Rect(0, 0 - 2400, 1080) epz=Point(2400, 1080) d=0 r=0->1:-1},
04-26 23:09:33.502  1036  1091 V WindowManagerShell:         {m=CHANGE f=NONE p=WCT{android.os.BinderProxy@7be5302} leash=Surface(name=AppZoomOut:2:14#8)/@0x712748b sb=Rect(0, 0 - 1080, 2400) eb=Rect(0, 0 - 2400, 1080) epz=Point(2400, 1080) d=0 r=0->1:-1},
04-26 23:09:33.502  1036  1091 V WindowManagerShell:         {m=CHANGE f=NONE p=WCT{android.os.BinderProxy@9b57942} leash=Surface(name=WindowedMagnification:0:31#3)/@0xe02968 sb=Rect(0, 0 - 1080, 2400) eb=Rect(0, 0 - 2400, 1080) epz=Point(2400, 1080) d=0 r=0->1:-1},
04-26 23:09:33.502  1036  1091 V WindowManagerShell:         {m=CHANGE f=IS_DISPLAY leash=Surface(name=WindowedMagnification:0:31#3)/@0xa7f8181 sb=Rect(0, 0 - 1080, 2400) eb=Rect(0, 0 - 2400, 1080) epz=Point(2400, 1080) d=0 r=0->1:3}
04-26 23:09:33.502  1036  1091 V WindowManagerShell:     ]}
04-26 23:09:33.502  4105  4105 I AbstractOpenableExtension: AbstractOpenableExtension.maybeDestroyExistingKeyboardGroupManager():536 Destroy existing keyboard group manager in fei
04-26 23:09:33.504  4105  4105 I AbstractOpenableExtension: AbstractOpenableExtension$3.onSuccess():556 KeyboardGroupManager destroyed in fei.
04-26 23:09:33.506  1219  1219 W AmbientCueRepository: spoonBarOptedIn not found, default to enabled
04-26 23:09:33.506  1219  1219 W AmbientCueRepository: android.provider.Settings$SettingNotFoundException: spoonBarOptedIn
04-26 23:09:33.506  1219  1219 W AmbientCueRepository: 	at android.provider.Settings.parseIntSetting(Settings.java:4348)
04-26 23:09:33.506  1219  1219 W AmbientCueRepository: 	at android.provider.Settings.-$$Nest$smparseIntSetting(Settings.java:0)
04-26 23:09:33.506  1219  1219 W AmbientCueRepository: 	at android.provider.Settings$Secure.getIntForUser(Settings.java:7792)
04-26 23:09:33.506  1219  1219 W AmbientCueRepository: 	at android.provider.Settings$Secure.getInt(Settings.java:7784)
04-26 23:09:33.506  1219  1219 W AmbientCueRepository: 	at com.android.quickstep.cuebar.data.repository.AmbientCueRepositoryImpl.isAmbientCueSettingEnabled(go/retraceme 7226a759aa2bb3787a79806f85d80eaad84f1f1e15acd6db988f2df789d1680d:9)
04-26 23:09:33.506  1219  1219 W AmbientCueRepository: 	at com.android.quickstep.cuebar.data.repository.AmbientCueRepositoryImpl.<init>(go/retraceme 7226a759aa2bb3787a79806f85d80eaad84f1f1e15acd6db988f2df789d1680d:144)
04-26 23:09:33.506  1219  1219 W AmbientCueRepository: 	at com.android.launcher3.taskbar.CueBarController.<init>(go/retraceme 7226a759aa2bb3787a79806f85d80eaad84f1f1e15acd6db988f2df789d1680d:31)
04-26 23:09:33.506  1219  1219 W AmbientCueRepository: 	at com.android.launcher3.taskbar.TaskbarActivityContext.<init>(go/retraceme 7226a759aa2bb3787a79806f85d80eaad84f1f1e15acd6db988f2df789d1680d:3648)
04-26 23:09:33.506  1219  1219 W AmbientCueRepository: 	at com.android.launcher3.taskbar.TaskbarManagerImpl.createTaskbarActivityContext(go/retraceme 7226a759aa2bb3787a79806f85d80eaad84f1f1e15acd6db988f2df789d1680d:59)
04-26 23:09:33.506  1219  1219 W AmbientCueRepository: 	at com.android.launcher3.taskbar.TaskbarManagerImpl.recreateTaskbarForDisplay(go/retraceme 7226a759aa2bb3787a79806f85d80eaad84f1f1e15acd6db988f2df789d1680d:248)
04-26 23:09:33.506  1219  1219 W AmbientCueRepository: 	at com.android.launcher3.taskbar.TaskbarManagerImpl$$ExternalSyntheticLambda24.invoke(go/retraceme 7226a759aa2bb3787a79806f85d80eaad84f1f1e15acd6db988f2df789d1680d:45)
04-26 23:09:33.506  1219  1219 W AmbientCueRepository: 	at com.android.launcher3.taskbar.PerDisplayTaskbarResource$componentCallbacks$1$onConfigurationChanged$1.run(go/retraceme 7226a759aa2bb3787a79806f85d80eaad84f1f1e15acd6db988f2df789d1680d:114)
04-26 23:09:33.506  1219  1219 W AmbientCueRepository: 	at com.android.launcher3.util.LooperExecutor.execute(go/retraceme 7226a759aa2bb3787a79806f85d80eaad84f1f1e15acd6db988f2df789d1680d:16)
04-26 23:09:33.506  1219  1219 W AmbientCueRepository: 	at com.android.launcher3.taskbar.PerDisplayTaskbarResource$componentCallbacks$1.onConfigurationChanged(go/retraceme 7226a759aa2bb3787a79806f85d80eaad84f1f1e15acd6db988f2df789d1680d:14)
04-26 23:09:33.506  1219  1219 W AmbientCueRepository: 	at android.content.ComponentCallbacksController.lambda$dispatchConfigurationChanged$0(ComponentCallbacksController.java:92)
04-26 23:09:33.506  1219  1219 W AmbientCueRepository: 	at android.content.ComponentCallbacksController$$ExternalSyntheticLambda2.accept(D8$$SyntheticClass:0)
04-26 23:09:33.506  1219  1219 W AmbientCueRepository: 	at android.content.ComponentCallbacksController.forAllComponentCallbacks(ComponentCallbacksController.java:125)
04-26 23:09:33.506  1219  1219 W AmbientCueRepository: 	at android.content.ComponentCallbacksController.dispatchConfigurationChanged(ComponentCallbacksController.java:92)
04-26 23:09:33.506  1219  1219 W AmbientCueRepository: 	at android.window.WindowContext.dispatchConfigurationChanged(WindowContext.java:281)
04-26 23:09:33.506  1219  1219 W AmbientCueRepository: 	at android.window.WindowTokenClient.onConfigurationChangedInner(WindowTokenClient.java:212)
04-26 23:09:33.506  1219  1219 W AmbientCueRepository: 	at android.window.WindowTokenClient.onConfigurationChanged(WindowTokenClient.java:158)
04-26 23:09:33.506  1219  1219 W AmbientCueRepository: 	at android.window.WindowTokenClient.onConfigurationChanged(WindowTokenClient.java:114)
04-26 23:09:33.506  1219  1219 W AmbientCueRepository: 	at android.window.WindowTokenClientController.onWindowContextInfoChanged(WindowTokenClientController.java:249)
04-26 23:09:33.506  1219  1219 W AmbientCueRepository: 	at android.app.ActivityThread.handleWindowContextInfoChanged(ActivityThread.java:7289)
04-26 23:09:33.506  1219  1219 W AmbientCueRepository: 	at android.app.servertransaction.WindowContextInfoChangeItem.execute(WindowContextInfoChangeItem.java:53)
04-26 23:09:33.506  1219  1219 W AmbientCueRepository: 	at android.app.servertransaction.TransactionExecutor.executeNonLifecycleItem(TransactionExecutor.java:133)
04-26 23:09:33.506  1219  1219 W AmbientCueRepository: 	at android.app.servertransaction.TransactionExecutor.executeTransactionItems(TransactionExecutor.java:103)
04-26 23:09:33.506  1219  1219 W AmbientCueRepository: 	at android.app.servertransaction.TransactionExecutor.execute(TransactionExecutor.java:80)
04-26 23:09:33.506  1219  1219 W AmbientCueRepository: 	at android.app.ActivityThread$H.handleMessage(ActivityThread.java:3024)
04-26 23:09:33.506  1219  1219 W AmbientCueRepository: 	at android.os.Handler.dispatchMessageImpl(Handler.java:142)
04-26 23:09:33.506  1219  1219 W AmbientCueRepository: 	at android.os.Handler.dispatchMessage(Handler.java:125)
04-26 23:09:33.506  1219  1219 W AmbientCueRepository: 	at android.os.Looper.loopOnce(Looper.java:292)
04-26 23:09:33.506  1219  1219 W AmbientCueRepository: 	at android.os.Looper.loop(Looper.java:393)
04-26 23:09:33.506  1219  1219 W AmbientCueRepository: 	at android.app.ActivityThread.main(ActivityThread.java:9486)
04-26 23:09:33.506  1219  1219 W AmbientCueRepository: 	at java.lang.reflect.Method.invoke(Native Method)
04-26 23:09:33.506  1219  1219 W AmbientCueRepository: 	at com.android.internal.os.RuntimeInit$MethodAndArgsCaller.run(RuntimeInit.java:575)
04-26 23:09:33.506  1219  1219 W AmbientCueRepository: 	at com.android.internal.os.ZygoteInit.main(ZygoteInit.java:939)
04-26 23:09:33.506  1219  1219 D LauncherAmbientCueVM: onUnfilteredActionsChange: []
04-26 23:09:33.507  4105  4105 I AbstractOpenableExtension: AbstractOpenableExtension.createKeyboardGroupManagerListenableFuture():121 Create keyboard group manager listenable future in fei
04-26 23:09:33.507  4105  4147 W LatinCommonMetricsProcessor: LatinCommonMetricsProcessor.processInputMethodEntryChanged():2554 The new entry is equal to the old entry
04-26 23:09:33.507  4105  4105 I AbstractOpenableExtension: AbstractOpenableExtension.maybeDestroyExistingKeyboardGroupManager():536 Destroy existing keyboard group manager in hsc
04-26 23:09:33.507  4105  4105 I AbstractOpenableExtension: AbstractOpenableExtension$3.onSuccess():556 KeyboardGroupManager destroyed in hsc.
04-26 23:09:33.507  4105  4105 I AbstractOpenableExtension: AbstractOpenableExtension.createKeyboardGroupManagerListenableFuture():121 Create keyboard group manager listenable future in hsc
04-26 23:09:33.512   736   762 D DisplayManagerService: Sending topology graph to Input Manager: DisplayTopologyGraph{mPrimaryDisplayId=0}
04-26 23:09:33.512   736   762 D DisplayManagerService:   DisplayNode{displayId=0, density=420, bounds=RectF(0.0, 0.0, 914.2857, 411.42856)}
04-26 23:09:33.515  4105  4105 I DeviceModeModule: DeviceModeModule.calculateAndNotify():225 Device mode 'phone' from display metrics 'DisplayMetrics{density=0.0, width=2400, height=1080, scaledDensity=0.0, xdpi=420.0, ydpi=420.0}' or smallestScreenWidthDp: 411
04-26 23:09:33.521  4105 26101 I KeyboardGroupDefParser: KeyboardGroupDefParser.parseKeyboardGroupDef():86 parseKeyboardGroupDef() 2132213998 -> 0_resource_name_obfuscated : WaitTime = 13 ms : RunTime = 1 ms
04-26 23:09:33.530  4105 26100 I KeyboardGroupDefParser: KeyboardGroupDefParser.parseKeyboardGroupDef():86 parseKeyboardGroupDef() 2132213997 -> 0_resource_name_obfuscated : WaitTime = 22 ms : RunTime = 1 ms
04-26 23:09:33.532  4105  4105 I GoogleInputMethodService: GoogleInputMethodService$8.onWindowMetricsChanged():817 windowMetrics: bounds() = Rect(132, 74 - 2400, 1080), insets() = Rect(0, 0 - 0, 0)
04-26 23:09:33.532  4105  4105 W AndroidIME: LatinIMEBase.updateInputViewCoverNavigation():319 Null input view, cannot update padding!
04-26 23:09:33.532  1219  1219 D AmbientCueRepository: connectToAce: connecting TO ACE and registering
04-26 23:09:33.533   736   881 I ImeTracker: com.muonline.client:eff025dc: onRequestHide at ORIGIN_SERVER reason HIDE_UNSPECIFIED_WINDOW fromUser false userId 0 displayId 0
04-26 23:09:33.533  4105  4105 I WindowMetricsNotification: WindowMetricsNotification.notify():159 qnx[bounds=Rect(132, 74 - 2400, 1080), insets=Rect(0, 0 - 0, 0), densityDpi=420, smallestScreenWidthDp=411, displayWidth=2400, displayHeight=1080, xdpi=420.0, ydpi=420.0, isTrustable=true, displayId=0]; DisplayMetrics{density=2.625, width=2400, height=1080, scaledDensity=2.625, xdpi=420.0, ydpi=420.0}
04-26 23:09:33.534  4105  4105 I WindowMetricsHelper: WindowMetricsHelper.predictAndNotify():145 Window metrics predicted.
04-26 23:09:33.534  1036  1091 V WindowManagerShell: Playing animation for (#197) android.os.BinderProxy@794d249@0
04-26 23:09:33.534  1036  1091 V WindowManagerShell: PipTransitionState: Set mIsDisplayChangeScheduled=false
04-26 23:09:33.534  1036  1091 D ShellSplitScreen: startAnimation: transition=197 isSplitActive=false
04-26 23:09:33.534  1036  1091 V ShellRecents: RecentsTransitionHandler.startAnimation: no controller found
04-26 23:09:33.534  1036  1091 V ShellDesktopMode: DesktopMixedTransitionHandler: No pending desktop transition
04-26 23:09:33.534  4105  4105 I GoogleInputMethodService: GoogleInputMethodService.initializeInputMethodServiceData():872 initializeInputMethodServiceData for mua{languageTag=en-US, variant=qwerty, hasLocalizedResources=true, conditionCacheKey=_android_software_xr_api_spatial=false_app_first_start_timestamp=1776337405505_cache_additional_ime_defs_for_condition_change=false_cache_ime_defs_for_condition_change=false_deprecate_long_press_space_for_ime_picker=false_device=phone_device_size=default_enable_more_candidates_view_for_multilingual=false_enable_number_row=false_enable_number_row_in_password=true_enable_pk_simulator=false_enable_pk_simulator_setting=false_enable_preemptive_decode=true_enable_scrub_move=true_enable_secondary_digits=true_enable_secondary_symbols=false_expressions=normal_four_or_more_letter_rows=false_free_cursor=false_free_cursor_spacebar_popup=false_keyboard_font_size_setting=_keyboard_mode=normal_language=en-US_layout_9key_split=false_orientation=landscape_physical_keyboard=qwerty_pk_simulator_vk_ready=false_pref_enable_flick_symbols=false_rtl_layout=false_show_comma_key=true_show_period_key=true_show_secondary_digits=true_show_suggestion_strip=true_show_suggestions=true_split_with_duplicate_keys=true_true=true_variant=qwerty_writing_helper_enable_by_word_revert=false, imeDef.stringId=ime_english_united_states, imeDef.className=com.google.android.apps.inputmethod.libs.latin5.LatinIme, imeDef.languageTag=en-US}
04-26 23:09:33.535  1036  1091 V WindowManagerShell: start default transition animation, info = {id=197 t=CHANGE f=0x0 trk=0 r=[0@Point(0, 0)] c=[{m=CHANGE f=NONE p=WCT{android.os.BinderProxy@d845049} leash=Surface(name=Task=128#2207)/@0x74f4a05 sb=Rect(0, 0 - 1080, 2400) eb=Rect(0, 0 - 2400, 1080) epz=Point(2400, 1080) d=0 r=0->1:0 taskParent=-1 winMode=1 userId=0},{m=CHANGE f=FLAG_IS_TASK_DISPLAY_AREA p=WCT{android.os.BinderProxy@38a5576} leash=Surface(name=DefaultTaskDisplayArea#9)/@0xa2e3a5a sb=Rect(0, 0 - 1080, 2400) eb=Rect(0, 0 - 2400, 1080) epz=Point(2400, 1080) d=0 r=0->1:-1},{m=CHANGE f=NONE p=WCT{android.os.BinderProxy@7be5302} leash=Surface(name=AppZoomOut:2:14#8)/@0x712748b sb=Rect(0, 0 - 1080, 2400) eb=Rect(0, 0 - 2400, 1080) epz=Point(2400, 1080) d=0 r=0->1:-1},{m=CHANGE f=NONE p=WCT{android.os.BinderProxy@9b57942} leash=Surface(name=WindowedMagnification:0:31#3)/@0xe02968 sb=Rect(0, 0 - 1080, 2400) eb=Rect(0, 0 - 2400, 1080) epz=Point(2400, 1080) d=0 r=0->1:-1},{m=CHANGE f=IS_DISPLAY leash=Surface(name=WindowedMagnification:0:31#3)/@0xa7f8181 sb=Rect(0, 0 - 1080, 2400) eb=Rect(0, 0 - 2400, 1080) epz=Point(2400, 1080) d=0 r=0->1:3}]}
04-26 23:09:33.535  1036  1091 V WindowManagerShell: Display is changing, resolve the animation hint.
04-26 23:09:33.535  1036  1091 V WindowManagerShell:   display requests explicit seamless
04-26 23:09:33.535  4105  4105 I Gm3ColorTokenStyleSheetProvider: Gm3ColorTokenStyleSheetProvider.isHigherContrastMode():326 Detected higher contrast mode: 72.432045
04-26 23:09:33.541  1219  1219 D AllAppsStore: setApps: apps.length=21
04-26 23:09:33.541  1219  1219 D AllAppsStore: notifyUpdate: notifying listeners
04-26 23:09:33.542  4105  4105 I KeyboardThemeProvider: KeyboardThemeProvider.applyKeyboardTheme():27 Apply keyboard theme: theme,!gsf,!pgsans,!pgsf,!use_system_font,BORDER,FLAVOR_DPI=XXHDPI,IS_LIGHT,KEYBOARD_MODE=1,KEYBOARD_WIDTH_CATEGORY=NORMAL,KEY_BORDER_SHAPE=1,LANDSCAPE,LIGHT_THEME=true,ORIENTATION=2,PHYSICAL_DIAGONAL=5.9073825,POPUP,SCREEN_SHORTEST_WIDTH=411,SCREEN_SHORTEST_WIDTH_NO_SCALE=411,SW400DP,XXHDPI,enable_popup_on_keypress=true,keyboard_redesign_google_sans=true,non_linear_scale,noshadow,overlay_builtin_dynamic_color_light_base.binarypb:gm3-light-fffaf8fe-ff4c5e8b-4fb1adea13304a190d4abf12326cf60c,silkpopup
04-26 23:09:33.543  1036  1091 V WindowManagerShell: Transition animation finished (aborted=false), notifying core (#197) android.os.BinderProxy@794d249@0
04-26 23:09:33.543  4105  4105 I KeyboardInterfacePrivate: IKeyboard.createKeyboard():67 Keyboard created from HiltKeyboardFactory: com.google.android.apps.inputmethod.latin.keyboard.LatinPrimeKeyboard
04-26 23:09:33.543  4105  4105 I AndroidIME: InputBundleManager.loadActiveInputBundleId():531 loadActiveInputBundleId: und-Latn-x-password, password
