04-26 23:10:22.339 26043 26121 I MuMain  : ADAPT fx scale: fps=47.2 frameMs=21.17 1.00->0.90 target=0.90
04-26 23:10:22.851 26043 26121 I MuMain  : PERF fps=46.9 frameMs=21.31 phase(render=20.32 pad=0.02 present=0.90) renderLevel=4 fxScale=1.00 maxMsg=30 avg(draw=272 verts=92155 im=1671 vaD=0 vaC=0 qI=166 qE=0) max(draw=277 verts=92289)
04-26 23:10:22.851 26043 26121 I MuMain  : PERF_SCENE world=73 char(live=0 vis=0 ply=0 mon=0 npc=0 pet=0 prio=0 topMon=-1 x0) obj(live=375 vis=169 op=0 trap=0 topObj=79 x24)
04-26 23:10:22.851 26043 26121 I MuMain  : PERF_BUCKET objMove(cand=0 upd=0 def=0 n=0 m=0 f=0) objRender(cand=0 draw=0 cull=0 n=0 m=0 f=0 visDraw=0 visDef=0) charMove(cand=0 upd=0 def=0 n=0 m=0 f=0) charRender(cand=0 draw=0 def=0 cull=0 n=0 m=0 f=0)
04-26 23:10:22.851 26043 26121 I MuMain  : PERF_TERRAIN world=73 normal(block=0 tile=0) grass(block=0 tile=0) after(block=0 tile=0)
04-26 23:10:22.943   736   862 D ActivityManager: freezing 4511 com.google.android.apps.wellbeing
04-26 23:10:22.948   736   931 D InetDiagMessage: Destroyed 0 sockets, proto=IPPROTO_TCP, family=AF_INET, states=14
04-26 23:10:22.948   736   931 D InetDiagMessage: Destroyed 0 sockets, proto=IPPROTO_TCP, family=AF_INET6, states=14
04-26 23:10:22.948   736   931 D InetDiagMessage: Destroyed live tcp sockets for uids={10160} in 1ms
04-26 23:10:23.308   736   921 I HalDevMgr: bestIfaceCreationProposal is null, requestIface=STA, existingIface=[name=wlan0 type=STA]
04-26 23:10:23.699 26043 26121 I MuMain  : ADAPT fx scale: fps=34.7 frameMs=28.79 1.00->0.90 target=0.80
04-26 23:10:23.760   736   748 I system_server: Background young concurrent mark compact GC freed 21MB AllocSpace bytes, 10(208KB) LOS objects, 34% free, 39MB/59MB, paused 11.493ms,52.345ms total 126.010ms
04-26 23:10:23.848   560   624 D AF::Track: interceptBuffer: took 1954us to intercept 0 tracks
04-26 23:10:23.906  2780 18838 I artd    : GetBestInfo: odex next to the dex file (/data/app/~~PqdBwR9WSFUNw4iaJMgoGg==/com.google.android.gms-95Dc1VeYXyONiCBDqz_lkA==/oat/x86_64/base.odex) is kOatUpToDate with filter 'speed-profile' executable 'false'
04-26 23:10:23.909  2780 18838 I artd    : GetBestInfo: dm (/data/app/~~PqdBwR9WSFUNw4iaJMgoGg==/com.google.android.gms-95Dc1VeYXyONiCBDqz_lkA==/split_AdsDynamite_installtime.dm) is kOatUpToDate with filter 'verify' executable 'false'
04-26 23:10:23.911  2780 18838 I artd    : GetBestInfo: dm (/data/app/~~PqdBwR9WSFUNw4iaJMgoGg==/com.google.android.gms-95Dc1VeYXyONiCBDqz_lkA==/split_CronetDynamite_installtime.dm) is kOatUpToDate with filter 'verify' executable 'false'
04-26 23:10:23.913  2780 18838 I artd    : GetBestInfo: dm (/data/app/~~PqdBwR9WSFUNw4iaJMgoGg==/com.google.android.gms-95Dc1VeYXyONiCBDqz_lkA==/split_DynamiteLoader_installtime.dm) is kOatUpToDate with filter 'verify' executable 'false'
04-26 23:10:23.916  2780 18838 I artd    : GetBestInfo: dm (/data/app/~~PqdBwR9WSFUNw4iaJMgoGg==/com.google.android.gms-95Dc1VeYXyONiCBDqz_lkA==/split_DynamiteModulesA_installtime.dm) is kOatUpToDate with filter 'verify' executable 'false'
04-26 23:10:23.918  2780 18838 I artd    : GetBestInfo: dm (/data/app/~~PqdBwR9WSFUNw4iaJMgoGg==/com.google.android.gms-95Dc1VeYXyONiCBDqz_lkA==/split_DynamiteModulesC_installtime.dm) is kOatUpToDate with filter 'verify' executable 'false'
04-26 23:10:23.923  2780 18838 I artd    : GetBestInfo: dm (/data/app/~~PqdBwR9WSFUNw4iaJMgoGg==/com.google.android.gms-95Dc1VeYXyONiCBDqz_lkA==/split_GoogleCertificates_installtime.dm) is kOatUpToDate with filter 'verify' executable 'false'
04-26 23:10:23.925  2780 18838 I artd    : GetBestInfo: dm (/data/app/~~PqdBwR9WSFUNw4iaJMgoGg==/com.google.android.gms-95Dc1VeYXyONiCBDqz_lkA==/split_MapsDynamite_installtime.dm) is kOatUpToDate with filter 'verify' executable 'false'
04-26 23:10:23.928  2780 18838 I artd    : GetBestInfo: dm (/data/app/~~PqdBwR9WSFUNw4iaJMgoGg==/com.google.android.gms-95Dc1VeYXyONiCBDqz_lkA==/split_MeasurementDynamite_installtime.dm) is kOatUpToDate with filter 'verify' executable 'false'
04-26 23:10:23.932  2780 18838 I artd    : GetBestInfo: dm (/data/app/~~PqdBwR9WSFUNw4iaJMgoGg==/com.google.android.gms-95Dc1VeYXyONiCBDqz_lkA==/split_all_locale_splits.dm) is kOatUpToDate with filter 'verify' executable 'false'
04-26 23:10:23.935  2780 18838 I artd    : GetBestInfo: /data/user_de/0/com.google.android.gms/app_chimera/m/0000000a/dl-TfliteDynamiteDynamite.integ_252130102100800.apk has no usable artifacts
04-26 23:10:23.941  2780 18838 I artd    : GetBestInfo: /data/user_de/0/com.google.android.gms/app_chimera/m/00000001/CronetDynamite.apk has no usable artifacts
04-26 23:10:23.943  2780 18838 I artd    : GetBestInfo: /data/user_de/0/com.google.android.gms/app_chimera/m/00000016/dl-MlkitOcrCommon.optional_261332100800.apk has no usable artifacts
04-26 23:10:23.945  2780 18838 I artd    : GetBestInfo: /data/user_de/0/com.google.android.gms/app_chimera/m/00000002/DynamiteLoader.apk has no usable artifacts
04-26 23:10:23.949  2780 18838 I artd    : GetBestInfo: /data/user_de/0/com.google.android.gms/app_chimera/m/0000000e/dl-MlkitBarcodeUi.optional_260235100800.apk has no usable artifacts
04-26 23:10:23.951  2780 18838 I artd    : GetBestInfo: /data/user_de/0/com.google.android.gms/app_chimera/m/00000013/dl-Appsearch.optional_261332100800.apk has no usable artifacts
04-26 23:10:23.951  2780 18838 I artd    : GetBestInfo: /data/user_de/0/com.google.android.gms/app_chimera/m/00000005/GoogleCertificates.apk has no usable artifacts
04-26 23:10:23.953  2780 18838 I artd    : GetBestInfo: /data/user_de/0/com.google.android.gms/app_chimera/m/00000012/dl-PlayCloudSearch.optional_261332100000.apk has no usable artifacts
04-26 23:10:23.954 26043 26121 I MuMain  : PERF fps=27.4 frameMs=36.49 phase(render=34.86 pad=0.02 present=1.30) renderLevel=4 fxScale=1.00 maxMsg=30 avg(draw=264 verts=93474 im=1757 vaD=0 vaC=0 qI=155 qE=0) max(draw=293 verts=101481)
04-26 23:10:23.954 26043 26121 I MuMain  : PERF_SCENE world=73 char(live=0 vis=0 ply=0 mon=0 npc=0 pet=0 prio=0 topMon=-1 x0) obj(live=375 vis=148 op=0 trap=0 topObj=135 x18)
04-26 23:10:23.954 26043 26121 I MuMain  : PERF_BUCKET objMove(cand=0 upd=0 def=0 n=0 m=0 f=0) objRender(cand=0 draw=0 cull=0 n=0 m=0 f=0 visDraw=0 visDef=0) charMove(cand=0 upd=0 def=0 n=0 m=0 f=0) charRender(cand=0 draw=0 def=0 cull=0 n=0 m=0 f=0)
04-26 23:10:23.954 26043 26121 I MuMain  : PERF_TERRAIN world=73 normal(block=0 tile=0) grass(block=0 tile=0) after(block=0 tile=0)
04-26 23:10:23.957  2780  2783 I artd    : GetBestInfo: vdex next to the dex file (/data/user/0/com.google.android.gms/app_dg_cache/B3ED91DEC21F0EB5284BE10D982ABEAAC45F5C48/oat/x86_64/the.vdex) is kOatUpToDate with filter 'verify' executable 'false'
04-26 23:10:23.959  2780  2783 I artd    : GetBestInfo: /data/user_de/0/com.google.android.gms/app_chimera/m/0000000f/dl-PlayCloudSearch.optional_260235100000.apk has no usable artifacts
04-26 23:10:23.961  2780  2783 I artd    : GetBestInfo: /data/user_de/0/com.google.android.gms/app_chimera/m/00000008/dl-VisionOcr.optional_260235100000.apk has no usable artifacts
04-26 23:10:23.963  2780  2783 I artd    : GetBestInfo: /data/user_de/0/com.google.android.gms/app_chimera/m/0000000b/dl-Appsearch.optional_260235100800.apk has no usable artifacts
04-26 23:10:23.966  2780  2783 I artd    : GetBestInfo: /data/user_de/0/com.google.android.gms/app_chimera/m/00000011/dl-VisionOcr.optional_261332100000.apk has no usable artifacts
04-26 23:10:23.967  2780  2783 I artd    : GetBestInfo: /data/user_de/0/com.google.android.gms/app_chimera/m/00000015/dl-MlkitBarcodeUi.optional_261332100800.apk has no usable artifacts
04-26 23:10:23.970  2780  2783 I artd    : GetBestInfo: /data/user_de/0/com.google.android.gms/app_chimera/m/00000009/dl-MlkitOcrCommon.optional_260235100800.apk has no usable artifacts
04-26 23:10:23.972  2780  2783 I artd    : GetBestInfo: vdex next to the dex file (/data/user/0/com.google.android.gms/app_dg_cache/CE973E4DE823F0AA69070767A9FABB590DDD455C/oat/x86_64/the.vdex) is kOatUpToDate with filter 'verify' executable 'false'
04-26 23:10:23.974  2780  2783 I artd    : GetBestInfo: /data/user_de/0/com.google.android.gms/app_chimera/m/00000007/MeasurementDynamite.apk has no usable artifacts
04-26 23:10:25.009 26043 26121 I MuMain  : ADAPT fx scale: fps=38.3 frameMs=26.12 1.00->0.90 target=0.90
04-26 23:10:25.009 26043 26121 I MuMain  : PERF fps=38.3 frameMs=26.12 phase(render=25.21 pad=0.03 present=0.83) renderLevel=4 fxScale=1.00 maxMsg=30 avg(draw=351 verts=104659 im=1883 vaD=0 vaC=0 qI=238 qE=0) max(draw=367 verts=105615)
04-26 23:10:25.009 26043 26121 I MuMain  : PERF_SCENE world=73 char(live=0 vis=0 ply=0 mon=0 npc=0 pet=0 prio=0 topMon=-1 x0) obj(live=375 vis=123 op=0 trap=0 topObj=135 x18)
04-26 23:10:25.009 26043 26121 I MuMain  : PERF_BUCKET objMove(cand=0 upd=0 def=0 n=0 m=0 f=0) objRender(cand=0 draw=0 cull=0 n=0 m=0 f=0 visDraw=0 visDef=0) charMove(cand=0 upd=0 def=0 n=0 m=0 f=0) charRender(cand=0 draw=0 def=0 cull=0 n=0 m=0 f=0)
04-26 23:10:25.009 26043 26121 I MuMain  : PERF_TERRAIN world=73 normal(block=0 tile=0) grass(block=0 tile=0) after(block=0 tile=0)
04-26 23:10:26.065 26043 26121 I MuMain  : PERF fps=37.0 frameMs=27.02 phase(render=26.20 pad=0.02 present=0.74) renderLevel=4 fxScale=1.00 maxMsg=30 avg(draw=363 verts=97598 im=1897 vaD=0 vaC=0 qI=266 qE=0) max(draw=372 verts=98406)
04-26 23:10:26.065 26043 26121 I MuMain  : PERF_SCENE world=73 char(live=0 vis=0 ply=0 mon=0 npc=0 pet=0 prio=0 topMon=-1 x0) obj(live=375 vis=105 op=0 trap=0 topObj=135 x12)
04-26 23:10:26.065 26043 26121 I MuMain  : PERF_BUCKET objMove(cand=0 upd=0 def=0 n=0 m=0 f=0) objRender(cand=0 draw=0 cull=0 n=0 m=0 f=0 visDraw=0 visDef=0) charMove(cand=0 upd=0 def=0 n=0 m=0 f=0) charRender(cand=0 draw=0 def=0 cull=0 n=0 m=0 f=0)
04-26 23:10:26.065 26043 26121 I MuMain  : PERF_TERRAIN world=73 normal(block=0 tile=0) grass(block=0 tile=0) after(block=0 tile=0)
04-26 23:10:26.318   736   921 I HalDevMgr: bestIfaceCreationProposal is null, requestIface=STA, existingIface=[name=wlan0 type=STA]
04-26 23:10:26.328 26043 26121 I MuMain  : ADAPT fx scale: fps=38.1 frameMs=26.23 1.00->0.90 target=0.90
04-26 23:10:27.113 26043 26121 I MuMain  : PERF fps=35.5 frameMs=28.20 phase(render=26.97 pad=0.02 present=1.12) renderLevel=4 fxScale=1.00 maxMsg=30 avg(draw=396 verts=93213 im=1927 vaD=0 vaC=0 qI=300 qE=0) max(draw=402 verts=96474)
04-26 23:10:27.114 26043 26121 I MuMain  : PERF_SCENE world=73 char(live=0 vis=0 ply=0 mon=0 npc=0 pet=0 prio=0 topMon=-1 x0) obj(live=375 vis=85 op=0 trap=0 topObj=129 x7)
04-26 23:10:27.114 26043 26121 I MuMain  : PERF_BUCKET objMove(cand=0 upd=0 def=0 n=0 m=0 f=0) objRender(cand=0 draw=0 cull=0 n=0 m=0 f=0 visDraw=0 visDef=0) charMove(cand=0 upd=0 def=0 n=0 m=0 f=0) charRender(cand=0 draw=0 def=0 cull=0 n=0 m=0 f=0)
04-26 23:10:27.114 26043 26121 I MuMain  : PERF_TERRAIN world=73 normal(block=0 tile=0) grass(block=0 tile=0) after(block=0 tile=0)
04-26 23:10:27.634 26043 26121 I MuMain  : ADAPT fx scale: fps=38.5 frameMs=25.97 1.00->0.90 target=0.90
04-26 23:10:28.166 26043 26121 I MuMain  : PERF fps=40.4 frameMs=24.74 phase(render=23.63 pad=0.02 present=1.01) renderLevel=4 fxScale=1.00 maxMsg=30 avg(draw=308 verts=86926 im=1841 vaD=0 vaC=0 qI=227 qE=0) max(draw=318 verts=90054)
04-26 23:10:28.166 26043 26121 I MuMain  : PERF_SCENE world=73 char(live=0 vis=0 ply=0 mon=0 npc=0 pet=0 prio=0 topMon=-1 x0) obj(live=375 vis=69 op=0 trap=0 topObj=129 x7)
04-26 23:10:28.166 26043 26121 I MuMain  : PERF_BUCKET objMove(cand=0 upd=0 def=0 n=0 m=0 f=0) objRender(cand=0 draw=0 cull=0 n=0 m=0 f=0 visDraw=0 visDef=0) charMove(cand=0 upd=0 def=0 n=0 m=0 f=0) charRender(cand=0 draw=0 def=0 cull=0 n=0 m=0 f=0)
04-26 23:10:28.166 26043 26121 I MuMain  : PERF_TERRAIN world=73 normal(block=0 tile=0) grass(block=0 tile=0) after(block=0 tile=0)
04-26 23:10:28.317  1016  1016 I wpa_supplicant: wlan0: CTRL-EVENT-BEACON-LOSS 
04-26 23:10:28.941 26043 26121 I MuMain  : ADAPT fx scale: fps=40.0 frameMs=25.03 1.00->0.90 target=0.90
04-26 23:10:29.217 26043 26121 I MuMain  : PERF fps=39.9 frameMs=25.09 phase(render=24.08 pad=0.02 present=0.92) renderLevel=4 fxScale=1.00 maxMsg=30 avg(draw=335 verts=89902 im=1876 vaD=0 vaC=0 qI=257 qE=0) max(draw=348 verts=93021)
04-26 23:10:29.217 26043 26121 I MuMain  : PERF_SCENE world=73 char(live=0 vis=0 ply=0 mon=0 npc=0 pet=0 prio=0 topMon=-1 x0) obj(live=375 vis=56 op=0 trap=0 topObj=129 x6)
04-26 23:10:29.217 26043 26121 I MuMain  : PERF_BUCKET objMove(cand=0 upd=0 def=0 n=0 m=0 f=0) objRender(cand=0 draw=0 cull=0 n=0 m=0 f=0 visDraw=0 visDef=0) charMove(cand=0 upd=0 def=0 n=0 m=0 f=0) charRender(cand=0 draw=0 def=0 cull=0 n=0 m=0 f=0)
04-26 23:10:29.217 26043 26121 I MuMain  : PERF_TERRAIN world=73 normal(block=0 tile=0) grass(block=0 tile=0) after(block=0 tile=0)
04-26 23:10:29.326   736   921 I HalDevMgr: bestIfaceCreationProposal is null, requestIface=STA, existingIface=[name=wlan0 type=STA]
04-26 23:10:29.932  1203  1331 D SatelliteController: isInCarrierRoamingNbIotNtn: satellite is disabled
04-26 23:10:29.932  1203  1331 D SatelliteController: getCarrierRoamingNtnConnectType: Checking connect type from PLMN config for subId: 1
04-26 23:10:29.933  1203  1331 D SatelliteController: getSatellitePerPlmnConfiguration: invalid subId or not supported via carrier.
04-26 23:10:29.933  1203  1331 D SatelliteController: getCarrierRoamingNtnConnectType: config: null
04-26 23:10:29.933  1203  1331 D SatelliteController: getCarrierRoamingNtnConnectType: Falling back to global carrier config connect type: 0
04-26 23:10:29.942  1203  1331 D SatelliteController: updateLastNotifiedCarrierRoamingNtnSignalStrengthAndNotify(1)
04-26 23:10:29.942  1203  1331 D SatelliteController: updateLastNotifiedCarrierRoamingNtnSignalStrengthAndNotify(1) lastNotifiedSignalStrength level: 0
04-26 23:10:29.942  1203  1331 D SatelliteController: updateLastNotifiedCarrierRoamingNtnSignalStrengthAndNotify(1) currSignalStrength level: 0
04-26 23:10:30.273 26043 26121 I MuMain  : ADAPT fx scale: fps=42.0 frameMs=23.81 1.00->0.90 target=0.90
04-26 23:10:30.273 26043 26121 I MuMain  : PERF fps=42.0 frameMs=23.81 phase(render=22.63 pad=0.03 present=1.10) renderLevel=4 fxScale=1.00 maxMsg=30 avg(draw=304 verts=91714 im=1866 vaD=0 vaC=0 qI=223 qE=0) max(draw=317 verts=93522)
04-26 23:10:30.273 26043 26121 I MuMain  : PERF_SCENE world=73 char(live=0 vis=0 ply=0 mon=0 npc=0 pet=0 prio=0 topMon=-1 x0) obj(live=375 vis=47 op=0 trap=0 topObj=129 x6)
04-26 23:10:30.273 26043 26121 I MuMain  : PERF_BUCKET objMove(cand=0 upd=0 def=0 n=0 m=0 f=0) objRender(cand=0 draw=0 cull=0 n=0 m=0 f=0 visDraw=0 visDef=0) charMove(cand=0 upd=0 def=0 n=0 m=0 f=0) charRender(cand=0 draw=0 def=0 cull=0 n=0 m=0 f=0)
04-26 23:10:30.273 26043 26121 I MuMain  : PERF_TERRAIN world=73 normal(block=0 tile=0) grass(block=0 tile=0) after(block=0 tile=0)
04-26 23:10:31.306 26043 26121 I MuMain  : PERF fps=48.0 frameMs=20.85 phase(render=19.85 pad=0.04 present=0.88) renderLevel=4 fxScale=1.00 maxMsg=30 avg(draw=262 verts=81764 im=2093 vaD=0 vaC=0 qI=193 qE=0) max(draw=268 verts=84291)
04-26 23:10:31.306 26043 26121 I MuMain  : PERF_SCENE world=73 char(live=0 vis=0 ply=0 mon=0 npc=0 pet=0 prio=0 topMon=-1 x0) obj(live=375 vis=58 op=0 trap=0 topObj=129 x6)
04-26 23:10:31.306 26043 26121 I MuMain  : PERF_BUCKET objMove(cand=0 upd=0 def=0 n=0 m=0 f=0) objRender(cand=0 draw=0 cull=0 n=0 m=0 f=0 visDraw=0 visDef=0) charMove(cand=0 upd=0 def=0 n=0 m=0 f=0) charRender(cand=0 draw=0 def=0 cull=0 n=0 m=0 f=0)
04-26 23:10:31.306 26043 26121 I MuMain  : PERF_TERRAIN world=73 normal(block=0 tile=0) grass(block=0 tile=0) after(block=0 tile=0)
04-26 23:10:31.561 26043 26121 I MuMain  : ADAPT fx scale: fps=47.1 frameMs=21.22 1.00->0.90 target=0.90
04-26 23:10:32.334   736   921 I HalDevMgr: bestIfaceCreationProposal is null, requestIface=STA, existingIface=[name=wlan0 type=STA]
04-26 23:10:32.343 26043 26121 I MuMain  : PERF fps=41.1 frameMs=24.32 phase(render=23.14 pad=0.02 present=1.07) renderLevel=4 fxScale=1.00 maxMsg=30 avg(draw=317 verts=91791 im=2095 vaD=0 vaC=0 qI=238 qE=0) max(draw=324 verts=92400)
04-26 23:10:32.343 26043 26121 I MuMain  : PERF_SCENE world=73 char(live=0 vis=0 ply=0 mon=0 npc=0 pet=0 prio=0 topMon=-1 x0) obj(live=375 vis=111 op=0 trap=0 topObj=138 x11)
04-26 23:10:32.343 26043 26121 I MuMain  : PERF_BUCKET objMove(cand=0 upd=0 def=0 n=0 m=0 f=0) objRender(cand=0 draw=0 cull=0 n=0 m=0 f=0 visDraw=0 visDef=0) charMove(cand=0 upd=0 def=0 n=0 m=0 f=0) charRender(cand=0 draw=0 def=0 cull=0 n=0 m=0 f=0)
04-26 23:10:32.343 26043 26121 I MuMain  : PERF_TERRAIN world=73 normal(block=0 tile=0) grass(block=0 tile=0) after(block=0 tile=0)
04-26 23:10:32.549   736  1929 I AppSearchIcing: icing-search-engine.cc:2487: Persisting data to disk with mode 3
04-26 23:10:32.555   736  1929 I AppSearchIcing: icing-search-engine.cc:2502: PersistToDisk completed.
04-26 23:10:32.856 26043 26121 I MuMain  : ADAPT fx scale: fps=42.0 frameMs=23.80 1.00->0.90 target=0.90
04-26 23:10:33.377 26043 26121 I MuMain  : PERF fps=42.4 frameMs=23.56 phase(render=22.58 pad=0.04 present=0.86) renderLevel=4 fxScale=1.00 maxMsg=30 avg(draw=299 verts=88381 im=1956 vaD=0 vaC=0 qI=221 qE=0) max(draw=304 verts=88842)
04-26 23:10:33.377 26043 26121 I MuMain  : PERF_SCENE world=73 char(live=0 vis=0 ply=0 mon=0 npc=0 pet=0 prio=0 topMon=-1 x0) obj(live=375 vis=104 op=0 trap=0 topObj=79 x14)
04-26 23:10:33.377 26043 26121 I MuMain  : PERF_BUCKET objMove(cand=0 upd=0 def=0 n=0 m=0 f=0) objRender(cand=0 draw=0 cull=0 n=0 m=0 f=0 visDraw=0 visDef=0) charMove(cand=0 upd=0 def=0 n=0 m=0 f=0) charRender(cand=0 draw=0 def=0 cull=0 n=0 m=0 f=0)
04-26 23:10:33.377 26043 26121 I MuMain  : PERF_TERRAIN world=73 normal(block=0 tile=0) grass(block=0 tile=0) after(block=0 tile=0)
04-26 23:10:33.825  2780  2783 I artd    : GetBestInfo: odex next to the dex file (/data/app/~~PqdBwR9WSFUNw4iaJMgoGg==/com.google.android.gms-95Dc1VeYXyONiCBDqz_lkA==/oat/x86_64/base.odex) is kOatUpToDate with filter 'speed-profile' executable 'false'
04-26 23:10:33.828  2780  2783 I artd    : GetBestInfo: dm (/data/app/~~PqdBwR9WSFUNw4iaJMgoGg==/com.google.android.gms-95Dc1VeYXyONiCBDqz_lkA==/split_AdsDynamite_installtime.dm) is kOatUpToDate with filter 'verify' executable 'false'
04-26 23:10:33.830  2780  2783 I artd    : GetBestInfo: dm (/data/app/~~PqdBwR9WSFUNw4iaJMgoGg==/com.google.android.gms-95Dc1VeYXyONiCBDqz_lkA==/split_CronetDynamite_installtime.dm) is kOatUpToDate with filter 'verify' executable 'false'
04-26 23:10:33.831  2780  2783 I artd    : GetBestInfo: dm (/data/app/~~PqdBwR9WSFUNw4iaJMgoGg==/com.google.android.gms-95Dc1VeYXyONiCBDqz_lkA==/split_DynamiteLoader_installtime.dm) is kOatUpToDate with filter 'verify' executable 'false'
04-26 23:10:33.833  2780  2783 I artd    : GetBestInfo: dm (/data/app/~~PqdBwR9WSFUNw4iaJMgoGg==/com.google.android.gms-95Dc1VeYXyONiCBDqz_lkA==/split_DynamiteModulesA_installtime.dm) is kOatUpToDate with filter 'verify' executable 'false'
04-26 23:10:33.835  2780  2783 I artd    : GetBestInfo: dm (/data/app/~~PqdBwR9WSFUNw4iaJMgoGg==/com.google.android.gms-95Dc1VeYXyONiCBDqz_lkA==/split_DynamiteModulesC_installtime.dm) is kOatUpToDate with filter 'verify' executable 'false'
04-26 23:10:33.837  2780  2783 I artd    : GetBestInfo: dm (/data/app/~~PqdBwR9WSFUNw4iaJMgoGg==/com.google.android.gms-95Dc1VeYXyONiCBDqz_lkA==/split_GoogleCertificates_installtime.dm) is kOatUpToDate with filter 'verify' executable 'false'
04-26 23:10:33.839  2780  2783 I artd    : GetBestInfo: dm (/data/app/~~PqdBwR9WSFUNw4iaJMgoGg==/com.google.android.gms-95Dc1VeYXyONiCBDqz_lkA==/split_MapsDynamite_installtime.dm) is kOatUpToDate with filter 'verify' executable 'false'
04-26 23:10:33.841  2780  2783 I artd    : GetBestInfo: dm (/data/app/~~PqdBwR9WSFUNw4iaJMgoGg==/com.google.android.gms-95Dc1VeYXyONiCBDqz_lkA==/split_MeasurementDynamite_installtime.dm) is kOatUpToDate with filter 'verify' executable 'false'
04-26 23:10:33.844  2780  2783 I artd    : GetBestInfo: dm (/data/app/~~PqdBwR9WSFUNw4iaJMgoGg==/com.google.android.gms-95Dc1VeYXyONiCBDqz_lkA==/split_all_locale_splits.dm) is kOatUpToDate with filter 'verify' executable 'false'
04-26 23:10:33.845  2780  2783 I artd    : GetBestInfo: /data/user_de/0/com.google.android.gms/app_chimera/m/0000000a/dl-TfliteDynamiteDynamite.integ_252130102100800.apk has no usable artifacts
04-26 23:10:33.846  2780  2783 I artd    : GetBestInfo: /data/user_de/0/com.google.android.gms/app_chimera/m/00000001/CronetDynamite.apk has no usable artifacts
04-26 23:10:33.847  2780  2783 I artd    : GetBestInfo: /data/user_de/0/com.google.android.gms/app_chimera/m/00000016/dl-MlkitOcrCommon.optional_261332100800.apk has no usable artifacts
04-26 23:10:33.849  2780  2783 I artd    : GetBestInfo: /data/user_de/0/com.google.android.gms/app_chimera/m/00000002/DynamiteLoader.apk has no usable artifacts
04-26 23:10:33.851  2780  2783 I artd    : GetBestInfo: /data/user_de/0/com.google.android.gms/app_chimera/m/0000000e/dl-MlkitBarcodeUi.optional_260235100800.apk has no usable artifacts
04-26 23:10:33.853  2780  2783 I artd    : GetBestInfo: /data/user_de/0/com.google.android.gms/app_chimera/m/00000013/dl-Appsearch.optional_261332100800.apk has no usable artifacts
04-26 23:10:33.853  2780  2783 I artd    : GetBestInfo: /data/user_de/0/com.google.android.gms/app_chimera/m/00000005/GoogleCertificates.apk has no usable artifacts
04-26 23:10:33.856  2780  2783 I artd    : GetBestInfo: /data/user_de/0/com.google.android.gms/app_chimera/m/00000012/dl-PlayCloudSearch.optional_261332100000.apk has no usable artifacts
04-26 23:10:33.859  2780  2783 I artd    : GetBestInfo: vdex next to the dex file (/data/user/0/com.google.android.gms/app_dg_cache/B3ED91DEC21F0EB5284BE10D982ABEAAC45F5C48/oat/x86_64/the.vdex) is kOatUpToDate with filter 'verify' executable 'false'
04-26 23:10:33.861  2780  2783 I artd    : GetBestInfo: /data/user_de/0/com.google.android.gms/app_chimera/m/0000000f/dl-PlayCloudSearch.optional_260235100000.apk has no usable artifacts
04-26 23:10:33.864  2780  2783 I artd    : GetBestInfo: /data/user_de/0/com.google.android.gms/app_chimera/m/00000008/dl-VisionOcr.optional_260235100000.apk has no usable artifacts
04-26 23:10:33.867  2780  2783 I artd    : GetBestInfo: /data/user_de/0/com.google.android.gms/app_chimera/m/0000000b/dl-Appsearch.optional_260235100800.apk has no usable artifacts
04-26 23:10:33.869  2780  2783 I artd    : GetBestInfo: /data/user_de/0/com.google.android.gms/app_chimera/m/00000011/dl-VisionOcr.optional_261332100000.apk has no usable artifacts
04-26 23:10:33.871  2780  2783 I artd    : GetBestInfo: /data/user_de/0/com.google.android.gms/app_chimera/m/00000015/dl-MlkitBarcodeUi.optional_261332100800.apk has no usable artifacts
04-26 23:10:33.875  2780  2783 I artd    : GetBestInfo: /data/user_de/0/com.google.android.gms/app_chimera/m/00000009/dl-MlkitOcrCommon.optional_260235100800.apk has no usable artifacts
04-26 23:10:33.877  2780  2783 I artd    : GetBestInfo: vdex next to the dex file (/data/user/0/com.google.android.gms/app_dg_cache/CE973E4DE823F0AA69070767A9FABB590DDD455C/oat/x86_64/the.vdex) is kOatUpToDate with filter 'verify' executable 'false'
04-26 23:10:33.878  2780  2783 I artd    : GetBestInfo: /data/user_de/0/com.google.android.gms/app_chimera/m/00000007/MeasurementDynamite.apk has no usable artifacts
04-26 23:10:34.453 26043 26121 I MuMain  : PERF fps=51.7 frameMs=19.33 phase(render=18.54 pad=0.03 present=0.70) renderLevel=4 fxScale=1.00 maxMsg=30 avg(draw=221 verts=74235 im=1750 vaD=0 vaC=0 qI=156 qE=0) max(draw=227 verts=78909)
04-26 23:10:34.453 26043 26121 I MuMain  : PERF_SCENE world=73 char(live=0 vis=0 ply=0 mon=0 npc=0 pet=0 prio=0 topMon=-1 x0) obj(live=375 vis=83 op=0 trap=0 topObj=79 x13)
04-26 23:10:34.453 26043 26121 I MuMain  : PERF_BUCKET objMove(cand=0 upd=0 def=0 n=0 m=0 f=0) objRender(cand=0 draw=0 cull=0 n=0 m=0 f=0 visDraw=0 visDef=0) charMove(cand=0 upd=0 def=0 n=0 m=0 f=0) charRender(cand=0 draw=0 def=0 cull=0 n=0 m=0 f=0)
04-26 23:10:34.453 26043 26121 I MuMain  : PERF_TERRAIN world=73 normal(block=0 tile=0) grass(block=0 tile=0) after(block=0 tile=0)
04-26 23:10:34.515   736   768 D ActivityManager: sync unfroze 5305 com.android.keychain for 10
04-26 23:10:34.518   736   768 D ActivityManager: sync unfroze 4453 com.android.settings for 10
04-26 23:10:35.343   736   921 I HalDevMgr: bestIfaceCreationProposal is null, requestIface=STA, existingIface=[name=wlan0 type=STA]
04-26 23:10:35.490 26043 26121 I MuMain  : PERF fps=57.4 frameMs=17.41 phase(render=16.16 pad=0.02 present=1.15) renderLevel=4 fxScale=1.00 maxMsg=30 avg(draw=193 verts=61755 im=1591 vaD=0 vaC=0 qI=135 qE=0) max(draw=204 verts=65250)
04-26 23:10:35.491 26043 26121 I MuMain  : PERF_SCENE world=73 char(live=0 vis=0 ply=0 mon=0 npc=0 pet=0 prio=0 topMon=-1 x0) obj(live=375 vis=72 op=0 trap=0 topObj=79 x11)
04-26 23:10:35.491 26043 26121 I MuMain  : PERF_BUCKET objMove(cand=0 upd=0 def=0 n=0 m=0 f=0) objRender(cand=0 draw=0 cull=0 n=0 m=0 f=0 visDraw=0 visDef=0) charMove(cand=0 upd=0 def=0 n=0 m=0 f=0) charRender(cand=0 draw=0 def=0 cull=0 n=0 m=0 f=0)
04-26 23:10:35.491 26043 26121 I MuMain  : PERF_TERRAIN world=73 normal(block=0 tile=0) grass(block=0 tile=0) after(block=0 tile=0)
04-26 23:10:36.256  1016  1016 I wpa_supplicant: wlan0: CTRL-EVENT-BEACON-LOSS 
04-26 23:10:36.529 26043 26121 I MuMain  : PERF fps=49.5 frameMs=20.20 phase(render=19.07 pad=0.03 present=0.99) renderLevel=4 fxScale=1.00 maxMsg=30 avg(draw=247 verts=73185 im=1474 vaD=0 vaC=0 qI=181 qE=0) max(draw=255 verts=74358)
04-26 23:10:36.530 26043 26121 I MuMain  : PERF_SCENE world=73 char(live=0 vis=0 ply=0 mon=0 npc=0 pet=0 prio=0 topMon=-1 x0) obj(live=375 vis=44 op=0 trap=0 topObj=79 x7)
04-26 23:10:36.530 26043 26121 I MuMain  : PERF_BUCKET objMove(cand=0 upd=0 def=0 n=0 m=0 f=0) objRender(cand=0 draw=0 cull=0 n=0 m=0 f=0 visDraw=0 visDef=0) charMove(cand=0 upd=0 def=0 n=0 m=0 f=0) charRender(cand=0 draw=0 def=0 cull=0 n=0 m=0 f=0)
04-26 23:10:36.530 26043 26121 I MuMain  : PERF_TERRAIN world=73 normal(block=0 tile=0) grass(block=0 tile=0) after(block=0 tile=0)
04-26 23:10:37.568 26043 26121 I MuMain  : ADAPT fx scale: fps=47.7 frameMs=20.97 1.00->0.90 target=0.90
04-26 23:10:37.568 26043 26121 I MuMain  : PERF fps=47.7 frameMs=20.97 phase(render=20.11 pad=0.06 present=0.75) renderLevel=4 fxScale=1.00 maxMsg=30 avg(draw=276 verts=61938 im=1457 vaD=0 vaC=0 qI=172 qE=0) max(draw=289 verts=63123)
04-26 23:10:37.568 26043 26121 I MuMain  : PERF_SCENE world=73 char(live=0 vis=0 ply=0 mon=0 npc=0 pet=0 prio=0 topMon=-1 x0) obj(live=375 vis=110 op=0 trap=0 topObj=79 x15)
04-26 23:10:37.568 26043 26121 I MuMain  : PERF_BUCKET objMove(cand=0 upd=0 def=0 n=0 m=0 f=0) objRender(cand=0 draw=0 cull=0 n=0 m=0 f=0 visDraw=0 visDef=0) charMove(cand=0 upd=0 def=0 n=0 m=0 f=0) charRender(cand=0 draw=0 def=0 cull=0 n=0 m=0 f=0)
04-26 23:10:37.568 26043 26121 I MuMain  : PERF_TERRAIN world=73 normal(block=0 tile=0) grass(block=0 tile=0) after(block=0 tile=0)
04-26 23:10:38.351   736   954 I AdbWifiNetworkMonitor: Wi-Fi network available
04-26 23:10:38.351   736   954 I AdbWifiNetworkMonitor: Received the same Wi-Fi SSID. Ignoring.
04-26 23:10:38.356   736   921 I HalDevMgr: bestIfaceCreationProposal is null, requestIface=STA, existingIface=[name=wlan0 type=STA]
04-26 23:10:38.372   736   931 W libbinder.IPCThreadState: Sending oneway calls to frozen process.
04-26 23:10:38.374   736   931 W libbinder.IPCThreadState: Sending oneway calls to frozen process.
04-26 23:10:38.374   736   931 W libbinder.IPCThreadState: Sending oneway calls to frozen process.
04-26 23:10:38.375  1366  1970 I NullBinder: NullBinder for android.net.action.RECOMMEND_NETWORKS triggering remote TransactionTooLargeException due to Service without Chimera impl, calling uid: 1000, calling pid: 0
04-26 23:10:38.375  1366  1970 W libbinder.Binder: Large reply transaction of 1056768 bytes, interface descriptor , function: UNKNOWN_FUNCTION_NAME, code: 1, flags: 17
04-26 23:10:38.605 26043 26121 I MuMain  : PERF fps=38.0 frameMs=26.29 phase(render=25.37 pad=0.02 present=0.79) renderLevel=4 fxScale=1.00 maxMsg=30 avg(draw=367 verts=58917 im=1594 vaD=0 vaC=0 qI=178 qE=0) max(draw=379 verts=59028)
04-26 23:10:38.605 26043 26121 I MuMain  : PERF_SCENE world=73 char(live=0 vis=0 ply=0 mon=0 npc=0 pet=0 prio=0 topMon=-1 x0) obj(live=375 vis=160 op=0 trap=0 topObj=146 x15)
04-26 23:10:38.605 26043 26121 I MuMain  : PERF_BUCKET objMove(cand=0 upd=0 def=0 n=0 m=0 f=0) objRender(cand=0 draw=0 cull=0 n=0 m=0 f=0 visDraw=0 visDef=0) charMove(cand=0 upd=0 def=0 n=0 m=0 f=0) charRender(cand=0 draw=0 def=0 cull=0 n=0 m=0 f=0)
04-26 23:10:38.605 26043 26121 I MuMain  : PERF_TERRAIN world=73 normal(block=0 tile=0) grass(block=0 tile=0) after(block=0 tile=0)
04-26 23:10:38.858 26043 26121 I MuMain  : ADAPT fx scale: fps=39.5 frameMs=25.31 1.00->0.90 target=0.90
04-26 23:10:39.663 26043 26121 I MuMain  : PERF fps=36.9 frameMs=27.09 phase(render=26.25 pad=0.02 present=0.77) renderLevel=4 fxScale=1.00 maxMsg=30 avg(draw=392 verts=65080 im=1532 vaD=0 vaC=0 qI=200 qE=0) max(draw=395 verts=65814)
04-26 23:10:39.663 26043 26121 I MuMain  : PERF_SCENE world=73 char(live=0 vis=0 ply=0 mon=0 npc=0 pet=0 prio=0 topMon=-1 x0) obj(live=375 vis=181 op=0 trap=0 topObj=155 x20)
04-26 23:10:39.663 26043 26121 I MuMain  : PERF_BUCKET objMove(cand=0 upd=0 def=0 n=0 m=0 f=0) objRender(cand=0 draw=0 cull=0 n=0 m=0 f=0 visDraw=0 visDef=0) charMove(cand=0 upd=0 def=0 n=0 m=0 f=0) charRender(cand=0 draw=0 def=0 cull=0 n=0 m=0 f=0)
04-26 23:10:39.663 26043 26121 I MuMain  : PERF_TERRAIN world=73 normal(block=0 tile=0) grass(block=0 tile=0) after(block=0 tile=0)
04-26 23:10:39.824   560   624 D AF::Track: interceptBuffer: took 1049us to intercept 0 tracks
04-26 23:10:39.932  1203  1331 D SatelliteController: isInCarrierRoamingNbIotNtn: satellite is disabled
04-26 23:10:39.932  1203  1331 D SatelliteController: getCarrierRoamingNtnConnectType: Checking connect type from PLMN config for subId: 1
04-26 23:10:39.934  1203  1331 D SatelliteController: getSatellitePerPlmnConfiguration: invalid subId or not supported via carrier.
04-26 23:10:39.938  1203  1331 D SatelliteController: getCarrierRoamingNtnConnectType: config: null
04-26 23:10:39.938  1203  1331 D SatelliteController: getCarrierRoamingNtnConnectType: Falling back to global carrier config connect type: 0
04-26 23:10:39.938  1203  1331 D SatelliteController: updateLastNotifiedCarrierRoamingNtnSignalStrengthAndNotify(1)
04-26 23:10:39.938  1203  1331 D SatelliteController: updateLastNotifiedCarrierRoamingNtnSignalStrengthAndNotify(1) lastNotifiedSignalStrength level: 0
04-26 23:10:39.938  1203  1331 D SatelliteController: updateLastNotifiedCarrierRoamingNtnSignalStrengthAndNotify(1) currSignalStrength level: 0
04-26 23:10:40.179 26043 26121 I MuMain  : ADAPT fx scale: fps=31.5 frameMs=31.72 1.00->0.90 target=0.80
04-26 23:10:40.710 26043 26121 I MuMain  : PERF fps=31.1 frameMs=32.13 phase(render=31.23 pad=0.02 present=0.82) renderLevel=4 fxScale=1.00 maxMsg=30 avg(draw=501 verts=45171 im=1545 vaD=0 vaC=0 qI=190 qE=0) max(draw=533 verts=46578)
04-26 23:10:40.710 26043 26121 I MuMain  : PERF_SCENE world=73 char(live=0 vis=0 ply=0 mon=0 npc=0 pet=0 prio=0 topMon=-1 x0) obj(live=375 vis=177 op=0 trap=0 topObj=155 x21)
04-26 23:10:40.710 26043 26121 I MuMain  : PERF_BUCKET objMove(cand=0 upd=0 def=0 n=0 m=0 f=0) objRender(cand=0 draw=0 cull=0 n=0 m=0 f=0 visDraw=0 visDef=0) charMove(cand=0 upd=0 def=0 n=0 m=0 f=0) charRender(cand=0 draw=0 def=0 cull=0 n=0 m=0 f=0)
04-26 23:10:40.710 26043 26121 I MuMain  : PERF_TERRAIN world=73 normal(block=0 tile=0) grass(block=0 tile=0) after(block=0 tile=0)
04-26 23:10:41.364   736   921 I HalDevMgr: bestIfaceCreationProposal is null, requestIface=STA, existingIface=[name=wlan0 type=STA]
04-26 23:10:41.517 26043 26121 I MuMain  : ADAPT fx scale: fps=26.5 frameMs=37.70 1.00->0.90 target=0.80
04-26 23:10:41.767 26043 26121 I MuMain  : PERF fps=27.9 frameMs=35.79 phase(render=34.88 pad=0.02 present=0.80) renderLevel=4 fxScale=1.00 maxMsg=30 avg(draw=582 verts=42804 im=1526 vaD=0 vaC=0 qI=158 qE=0) max(draw=589 verts=43014)
04-26 23:10:41.768 26043 26121 I MuMain  : PERF_SCENE world=73 char(live=0 vis=0 ply=0 mon=0 npc=0 pet=0 prio=0 topMon=-1 x0) obj(live=375 vis=160 op=0 trap=0 topObj=77 x17)
04-26 23:10:41.768 26043 26121 I MuMain  : PERF_BUCKET objMove(cand=0 upd=0 def=0 n=0 m=0 f=0) objRender(cand=0 draw=0 cull=0 n=0 m=0 f=0 visDraw=0 visDef=0) charMove(cand=0 upd=0 def=0 n=0 m=0 f=0) charRender(cand=0 draw=0 def=0 cull=0 n=0 m=0 f=0)
04-26 23:10:41.768 26043 26121 I MuMain  : PERF_TERRAIN world=73 normal(block=0 tile=0) grass(block=0 tile=0) after(block=0 tile=0)
04-26 23:10:42.867 26043 26121 I MuMain  : ADAPT fx scale: fps=25.0 frameMs=40.08 1.00->0.90 target=0.65
04-26 23:10:42.867 26043 26121 I MuMain  : PERF fps=25.0 frameMs=40.08 phase(render=39.26 pad=0.05 present=0.72) renderLevel=4 fxScale=1.00 maxMsg=30 avg(draw=661 verts=50464 im=1618 vaD=0 vaC=0 qI=94 qE=0) max(draw=668 verts=50823)
04-26 23:10:42.867 26043 26121 I MuMain  : PERF_SCENE world=73 char(live=0 vis=0 ply=0 mon=0 npc=0 pet=0 prio=0 topMon=-1 x0) obj(live=375 vis=181 op=0 trap=0 topObj=79 x25)
04-26 23:10:42.867 26043 26121 I MuMain  : PERF_BUCKET objMove(cand=0 upd=0 def=0 n=0 m=0 f=0) objRender(cand=0 draw=0 cull=0 n=0 m=0 f=0 visDraw=0 visDef=0) charMove(cand=0 upd=0 def=0 n=0 m=0 f=0) charRender(cand=0 draw=0 def=0 cull=0 n=0 m=0 f=0)
04-26 23:10:42.867 26043 26121 I MuMain  : PERF_TERRAIN world=73 normal(block=0 tile=0) grass(block=0 tile=0) after(block=0 tile=0)
04-26 23:10:43.700   560   624 D AF::Track: interceptBuffer: took 678us to intercept 0 tracks
04-26 23:10:43.822  2780 18838 I artd    : GetBestInfo: odex next to the dex file (/data/app/~~PqdBwR9WSFUNw4iaJMgoGg==/com.google.android.gms-95Dc1VeYXyONiCBDqz_lkA==/oat/x86_64/base.odex) is kOatUpToDate with filter 'speed-profile' executable 'false'
04-26 23:10:43.825  2780 18838 I artd    : GetBestInfo: dm (/data/app/~~PqdBwR9WSFUNw4iaJMgoGg==/com.google.android.gms-95Dc1VeYXyONiCBDqz_lkA==/split_AdsDynamite_installtime.dm) is kOatUpToDate with filter 'verify' executable 'false'
04-26 23:10:43.827  2780 18838 I artd    : GetBestInfo: dm (/data/app/~~PqdBwR9WSFUNw4iaJMgoGg==/com.google.android.gms-95Dc1VeYXyONiCBDqz_lkA==/split_CronetDynamite_installtime.dm) is kOatUpToDate with filter 'verify' executable 'false'
04-26 23:10:43.829  2780 18838 I artd    : GetBestInfo: dm (/data/app/~~PqdBwR9WSFUNw4iaJMgoGg==/com.google.android.gms-95Dc1VeYXyONiCBDqz_lkA==/split_DynamiteLoader_installtime.dm) is kOatUpToDate with filter 'verify' executable 'false'
04-26 23:10:43.831  2780 18838 I artd    : GetBestInfo: dm (/data/app/~~PqdBwR9WSFUNw4iaJMgoGg==/com.google.android.gms-95Dc1VeYXyONiCBDqz_lkA==/split_DynamiteModulesA_installtime.dm) is kOatUpToDate with filter 'verify' executable 'false'
04-26 23:10:43.833  2780 18838 I artd    : GetBestInfo: dm (/data/app/~~PqdBwR9WSFUNw4iaJMgoGg==/com.google.android.gms-95Dc1VeYXyONiCBDqz_lkA==/split_DynamiteModulesC_installtime.dm) is kOatUpToDate with filter 'verify' executable 'false'
04-26 23:10:43.835  2780 18838 I artd    : GetBestInfo: dm (/data/app/~~PqdBwR9WSFUNw4iaJMgoGg==/com.google.android.gms-95Dc1VeYXyONiCBDqz_lkA==/split_GoogleCertificates_installtime.dm) is kOatUpToDate with filter 'verify' executable 'false'
04-26 23:10:43.837  2780 18838 I artd    : GetBestInfo: dm (/data/app/~~PqdBwR9WSFUNw4iaJMgoGg==/com.google.android.gms-95Dc1VeYXyONiCBDqz_lkA==/split_MapsDynamite_installtime.dm) is kOatUpToDate with filter 'verify' executable 'false'
04-26 23:10:43.838  2780 18838 I artd    : GetBestInfo: dm (/data/app/~~PqdBwR9WSFUNw4iaJMgoGg==/com.google.android.gms-95Dc1VeYXyONiCBDqz_lkA==/split_MeasurementDynamite_installtime.dm) is kOatUpToDate with filter 'verify' executable 'false'
04-26 23:10:43.841  2780 18838 I artd    : GetBestInfo: dm (/data/app/~~PqdBwR9WSFUNw4iaJMgoGg==/com.google.android.gms-95Dc1VeYXyONiCBDqz_lkA==/split_all_locale_splits.dm) is kOatUpToDate with filter 'verify' executable 'false'
04-26 23:10:43.842  2780 18838 I artd    : GetBestInfo: /data/user_de/0/com.google.android.gms/app_chimera/m/0000000a/dl-TfliteDynamiteDynamite.integ_252130102100800.apk has no usable artifacts
04-26 23:10:43.843  2780 18838 I artd    : GetBestInfo: /data/user_de/0/com.google.android.gms/app_chimera/m/00000001/CronetDynamite.apk has no usable artifacts
04-26 23:10:43.844  2780 18838 I artd    : GetBestInfo: /data/user_de/0/com.google.android.gms/app_chimera/m/00000016/dl-MlkitOcrCommon.optional_261332100800.apk has no usable artifacts
04-26 23:10:43.845  2780 18838 I artd    : GetBestInfo: /data/user_de/0/com.google.android.gms/app_chimera/m/00000002/DynamiteLoader.apk has no usable artifacts
04-26 23:10:43.848  2780 18838 I artd    : GetBestInfo: /data/user_de/0/com.google.android.gms/app_chimera/m/0000000e/dl-MlkitBarcodeUi.optional_260235100800.apk has no usable artifacts
04-26 23:10:43.849  2780 18838 I artd    : GetBestInfo: /data/user_de/0/com.google.android.gms/app_chimera/m/00000013/dl-Appsearch.optional_261332100800.apk has no usable artifacts
04-26 23:10:43.851  2780 18838 I artd    : GetBestInfo: /data/user_de/0/com.google.android.gms/app_chimera/m/00000005/GoogleCertificates.apk has no usable artifacts
04-26 23:10:43.855  2780 18838 I artd    : GetBestInfo: /data/user_de/0/com.google.android.gms/app_chimera/m/00000012/dl-PlayCloudSearch.optional_261332100000.apk has no usable artifacts
04-26 23:10:43.858  2780 18838 I artd    : GetBestInfo: vdex next to the dex file (/data/user/0/com.google.android.gms/app_dg_cache/B3ED91DEC21F0EB5284BE10D982ABEAAC45F5C48/oat/x86_64/the.vdex) is kOatUpToDate with filter 'verify' executable 'false'
04-26 23:10:43.861  2780 18838 I artd    : GetBestInfo: /data/user_de/0/com.google.android.gms/app_chimera/m/0000000f/dl-PlayCloudSearch.optional_260235100000.apk has no usable artifacts
04-26 23:10:43.864  2780 18838 I artd    : GetBestInfo: /data/user_de/0/com.google.android.gms/app_chimera/m/00000008/dl-VisionOcr.optional_260235100000.apk has no usable artifacts
04-26 23:10:43.866  2780 18838 I artd    : GetBestInfo: /data/user_de/0/com.google.android.gms/app_chimera/m/0000000b/dl-Appsearch.optional_260235100800.apk has no usable artifacts
04-26 23:10:43.868  2780  2783 I artd    : GetBestInfo: /data/user_de/0/com.google.android.gms/app_chimera/m/00000011/dl-VisionOcr.optional_261332100000.apk has no usable artifacts
04-26 23:10:43.870  2780 18838 I artd    : GetBestInfo: /data/user_de/0/com.google.android.gms/app_chimera/m/00000015/dl-MlkitBarcodeUi.optional_261332100800.apk has no usable artifacts
04-26 23:10:43.873  2780 18838 I artd    : GetBestInfo: /data/user_de/0/com.google.android.gms/app_chimera/m/00000009/dl-MlkitOcrCommon.optional_260235100800.apk has no usable artifacts
04-26 23:10:43.874  2780 18838 I artd    : GetBestInfo: vdex next to the dex file (/data/user/0/com.google.android.gms/app_dg_cache/CE973E4DE823F0AA69070767A9FABB590DDD455C/oat/x86_64/the.vdex) is kOatUpToDate with filter 'verify' executable 'false'
04-26 23:10:43.875  2780 18838 I artd    : GetBestInfo: /data/user_de/0/com.google.android.gms/app_chimera/m/00000007/MeasurementDynamite.apk has no usable artifacts
04-26 23:10:44.038 26043 26121 I MuMain  : PERF fps=19.8 frameMs=50.55 phase(render=49.72 pad=0.02 present=0.75) renderLevel=4 fxScale=1.00 maxMsg=30 avg(draw=752 verts=51366 im=1667 vaD=0 vaC=0 qI=42 qE=0) max(draw=754 verts=55896)
04-26 23:10:44.039 26043 26121 I MuMain  : PERF_SCENE world=73 char(live=0 vis=0 ply=0 mon=0 npc=0 pet=0 prio=0 topMon=-1 x0) obj(live=375 vis=150 op=0 trap=0 topObj=155 x17)
04-26 23:10:44.039 26043 26121 I MuMain  : PERF_BUCKET objMove(cand=0 upd=0 def=0 n=0 m=0 f=0) objRender(cand=0 draw=0 cull=0 n=0 m=0 f=0 visDraw=0 visDef=0) charMove(cand=0 upd=0 def=0 n=0 m=0 f=0) charRender(cand=0 draw=0 def=0 cull=0 n=0 m=0 f=0)
04-26 23:10:44.039 26043 26121 I MuMain  : PERF_TERRAIN world=73 normal(block=0 tile=0) grass(block=0 tile=0) after(block=0 tile=0)
04-26 23:10:44.306 26043 26121 I MuMain  : ADAPT fx scale: fps=22.4 frameMs=44.56 1.00->0.90 target=0.65
04-26 23:10:44.373   736   921 I HalDevMgr: bestIfaceCreationProposal is null, requestIface=STA, existingIface=[name=wlan0 type=STA]
04-26 23:10:44.445  1016  1016 I wpa_supplicant: wlan0: CTRL-EVENT-BEACON-LOSS 
04-26 23:10:45.095 26043 26121 I MuMain  : PERF fps=25.4 frameMs=39.41 phase(render=38.54 pad=0.02 present=0.80) renderLevel=4 fxScale=1.00 maxMsg=30 avg(draw=639 verts=53938 im=1337 vaD=0 vaC=0 qI=22 qE=0) max(draw=652 verts=54120)
04-26 23:10:45.095 26043 26121 I MuMain  : PERF_SCENE world=73 char(live=0 vis=0 ply=0 mon=0 npc=0 pet=0 prio=0 topMon=-1 x0) obj(live=375 vis=105 op=0 trap=0 topObj=77 x10)
04-26 23:10:45.096 26043 26121 I MuMain  : PERF_BUCKET objMove(cand=0 upd=0 def=0 n=0 m=0 f=0) objRender(cand=0 draw=0 cull=0 n=0 m=0 f=0 visDraw=0 visDef=0) charMove(cand=0 upd=0 def=0 n=0 m=0 f=0) charRender(cand=0 draw=0 def=0 cull=0 n=0 m=0 f=0)
04-26 23:10:45.096 26043 26121 I MuMain  : PERF_TERRAIN world=73 normal(block=0 tile=0) grass(block=0 tile=0) after(block=0 tile=0)
04-26 23:10:45.609 26043 26121 I MuMain  : ADAPT fx scale: fps=27.8 frameMs=36.00 1.00->0.90 target=0.80
04-26 23:10:46.175 26043 26121 I MuMain  : PERF fps=28.4 frameMs=35.17 phase(render=34.41 pad=0.04 present=0.66) renderLevel=4 fxScale=1.00 maxMsg=30 avg(draw=568 verts=54143 im=1071 vaD=0 vaC=0 qI=81 qE=0) max(draw=579 verts=58224)
04-26 23:10:46.175 26043 26121 I MuMain  : PERF_SCENE world=73 char(live=0 vis=0 ply=0 mon=0 npc=0 pet=0 prio=0 topMon=-1 x0) obj(live=375 vis=75 op=0 trap=0 topObj=147 x8)
04-26 23:10:46.175 26043 26121 I MuMain  : PERF_BUCKET objMove(cand=0 upd=0 def=0 n=0 m=0 f=0) objRender(cand=0 draw=0 cull=0 n=0 m=0 f=0 visDraw=0 visDef=0) charMove(cand=0 upd=0 def=0 n=0 m=0 f=0) charRender(cand=0 draw=0 def=0 cull=0 n=0 m=0 f=0)
04-26 23:10:46.175 26043 26121 I MuMain  : PERF_TERRAIN world=73 normal(block=0 tile=0) grass(block=0 tile=0) after(block=0 tile=0)
04-26 23:10:46.987 26043 26121 I MuMain  : ADAPT fx scale: fps=28.8 frameMs=34.70 1.00->0.90 target=0.80
04-26 23:10:47.263 26043 26121 I MuMain  : PERF fps=28.9 frameMs=34.55 phase(render=33.66 pad=0.11 present=0.72) renderLevel=4 fxScale=1.00 maxMsg=30 avg(draw=551 verts=53703 im=1030 vaD=0 vaC=0 qI=174 qE=0) max(draw=564 verts=54261)
04-26 23:10:47.263 26043 26121 I MuMain  : PERF_SCENE world=73 char(live=0 vis=0 ply=0 mon=0 npc=0 pet=0 prio=0 topMon=-1 x0) obj(live=375 vis=62 op=0 trap=0 topObj=79 x20)
04-26 23:10:47.263 26043 26121 I MuMain  : PERF_BUCKET objMove(cand=0 upd=0 def=0 n=0 m=0 f=0) objRender(cand=0 draw=0 cull=0 n=0 m=0 f=0 visDraw=0 visDef=0) charMove(cand=0 upd=0 def=0 n=0 m=0 f=0) charRender(cand=0 draw=0 def=0 cull=0 n=0 m=0 f=0)
04-26 23:10:47.263 26043 26121 I MuMain  : PERF_TERRAIN world=73 normal(block=0 tile=0) grass(block=0 tile=0) after(block=0 tile=0)
04-26 23:10:47.378   736   954 I AdbWifiNetworkMonitor: Wi-Fi network available
04-26 23:10:47.378   736   954 I AdbWifiNetworkMonitor: Received the same Wi-Fi SSID. Ignoring.
04-26 23:10:47.384   736   921 I HalDevMgr: bestIfaceCreationProposal is null, requestIface=STA, existingIface=[name=wlan0 type=STA]
04-26 23:10:47.391   736   931 W libbinder.IPCThreadState: Sending oneway calls to frozen process.
04-26 23:10:47.391   736   931 W libbinder.IPCThreadState: Sending oneway calls to frozen process.
04-26 23:10:47.391   736   931 W libbinder.IPCThreadState: Sending oneway calls to frozen process.
04-26 23:10:47.396  1366  1688 I NullBinder: NullBinder for android.net.action.RECOMMEND_NETWORKS triggering remote TransactionTooLargeException due to Service without Chimera impl, calling uid: 1000, calling pid: 0
04-26 23:10:47.396  1366  1688 W libbinder.Binder: Large reply transaction of 1056768 bytes, interface descriptor , function: UNKNOWN_FUNCTION_NAME, code: 1, flags: 17
04-26 23:10:48.108   736   849 I UsageStatsService: User[0] Flushing usage stats to disk
04-26 23:10:48.338 26043 26121 I MuMain  : ADAPT fx scale: fps=25.5 frameMs=39.26 1.00->0.90 target=0.65
04-26 23:10:48.338 26043 26121 I MuMain  : PERF fps=25.5 frameMs=39.26 phase(render=38.45 pad=0.03 present=0.73) renderLevel=4 fxScale=1.00 maxMsg=30 avg(draw=568 verts=55177 im=1267 vaD=0 vaC=0 qI=194 qE=0) max(draw=587 verts=56466)
04-26 23:10:48.338 26043 26121 I MuMain  : PERF_SCENE world=73 char(live=0 vis=0 ply=0 mon=0 npc=0 pet=0 prio=0 topMon=-1 x0) obj(live=375 vis=101 op=0 trap=0 topObj=155 x17)
04-26 23:10:48.338 26043 26121 I MuMain  : PERF_BUCKET objMove(cand=0 upd=0 def=0 n=0 m=0 f=0) objRender(cand=0 draw=0 cull=0 n=0 m=0 f=0 visDraw=0 visDef=0) charMove(cand=0 upd=0 def=0 n=0 m=0 f=0) charRender(cand=0 draw=0 def=0 cull=0 n=0 m=0 f=0)
04-26 23:10:48.338 26043 26121 I MuMain  : PERF_TERRAIN world=73 normal(block=0 tile=0) grass(block=0 tile=0) after(block=0 tile=0)
04-26 23:10:49.447 26043 26121 I MuMain  : PERF fps=28.8 frameMs=34.76 phase(render=33.93 pad=0.02 present=0.73) renderLevel=4 fxScale=1.00 maxMsg=30 avg(draw=542 verts=52088 im=1433 vaD=0 vaC=0 qI=226 qE=0) max(draw=553 verts=52584)
04-26 23:10:49.447 26043 26121 I MuMain  : PERF_SCENE world=73 char(live=0 vis=0 ply=0 mon=0 npc=0 pet=0 prio=0 topMon=-1 x0) obj(live=375 vis=116 op=0 trap=0 topObj=155 x24)
04-26 23:10:49.447 26043 26121 I MuMain  : PERF_BUCKET objMove(cand=0 upd=0 def=0 n=0 m=0 f=0) objRender(cand=0 draw=0 cull=0 n=0 m=0 f=0 visDraw=0 visDef=0) charMove(cand=0 upd=0 def=0 n=0 m=0 f=0) charRender(cand=0 draw=0 def=0 cull=0 n=0 m=0 f=0)
04-26 23:10:49.447 26043 26121 I MuMain  : PERF_TERRAIN world=73 normal(block=0 tile=0) grass(block=0 tile=0) after(block=0 tile=0)
04-26 23:10:49.709 26043 26121 I MuMain  : ADAPT fx scale: fps=30.5 frameMs=32.81 1.00->0.90 target=0.80
04-26 23:10:49.932  1203  1331 D SatelliteController: isInCarrierRoamingNbIotNtn: satellite is disabled
04-26 23:10:49.932  1203  1331 D SatelliteController: getCarrierRoamingNtnConnectType: Checking connect type from PLMN config for subId: 1
04-26 23:10:49.933  1203  1331 D SatelliteController: getSatellitePerPlmnConfiguration: invalid subId or not supported via carrier.
04-26 23:10:49.933  1203  1331 D SatelliteController: getCarrierRoamingNtnConnectType: config: null
04-26 23:10:49.935  1203  1331 D SatelliteController: getCarrierRoamingNtnConnectType: Falling back to global carrier config connect type: 0
04-26 23:10:49.936  1203  1331 D SatelliteController: updateLastNotifiedCarrierRoamingNtnSignalStrengthAndNotify(1)
04-26 23:10:49.936  1203  1331 D SatelliteController: updateLastNotifiedCarrierRoamingNtnSignalStrengthAndNotify(1) lastNotifiedSignalStrength level: 0
04-26 23:10:49.936  1203  1331 D SatelliteController: updateLastNotifiedCarrierRoamingNtnSignalStrengthAndNotify(1) currSignalStrength level: 0
04-26 23:10:50.393   736   921 I HalDevMgr: bestIfaceCreationProposal is null, requestIface=STA, existingIface=[name=wlan0 type=STA]
04-26 23:10:50.526 26043 26121 I MuMain  : PERF fps=29.9 frameMs=33.48 phase(render=32.57 pad=0.02 present=0.83) renderLevel=4 fxScale=1.00 maxMsg=30 avg(draw=524 verts=56253 im=1472 vaD=0 vaC=0 qI=265 qE=0) max(draw=534 verts=58071)
04-26 23:10:50.526 26043 26121 I MuMain  : PERF_SCENE world=73 char(live=0 vis=0 ply=0 mon=0 npc=0 pet=0 prio=0 topMon=-1 x0) obj(live=375 vis=139 op=0 trap=0 topObj=155 x30)
04-26 23:10:50.526 26043 26121 I MuMain  : PERF_BUCKET objMove(cand=0 upd=0 def=0 n=0 m=0 f=0) objRender(cand=0 draw=0 cull=0 n=0 m=0 f=0 visDraw=0 visDef=0) charMove(cand=0 upd=0 def=0 n=0 m=0 f=0) charRender(cand=0 draw=0 def=0 cull=0 n=0 m=0 f=0)
04-26 23:10:50.527 26043 26121 I MuMain  : PERF_TERRAIN world=73 normal(block=0 tile=0) grass(block=0 tile=0) after(block=0 tile=0)
04-26 23:10:51.034 26043 26121 I MuMain  : ADAPT fx scale: fps=27.9 frameMs=35.89 1.00->0.90 target=0.80
04-26 23:10:51.595 26043 26121 I MuMain  : PERF fps=28.2 frameMs=35.52 phase(render=34.74 pad=0.02 present=0.69) renderLevel=4 fxScale=1.00 maxMsg=30 avg(draw=552 verts=53682 im=1476 vaD=0 vaC=0 qI=228 qE=0) max(draw=561 verts=53937)
04-26 23:10:51.595 26043 26121 I MuMain  : PERF_SCENE world=73 char(live=0 vis=0 ply=0 mon=0 npc=0 pet=0 prio=0 topMon=-1 x0) obj(live=375 vis=123 op=0 trap=0 topObj=155 x29)
04-26 23:10:51.595 26043 26121 I MuMain  : PERF_BUCKET objMove(cand=0 upd=0 def=0 n=0 m=0 f=0) objRender(cand=0 draw=0 cull=0 n=0 m=0 f=0 visDraw=0 visDef=0) charMove(cand=0 upd=0 def=0 n=0 m=0 f=0) charRender(cand=0 draw=0 def=0 cull=0 n=0 m=0 f=0)
04-26 23:10:51.595 26043 26121 I MuMain  : PERF_TERRAIN world=73 normal(block=0 tile=0) grass(block=0 tile=0) after(block=0 tile=0)
04-26 23:10:52.381  1016  1016 I wpa_supplicant: wlan0: CTRL-EVENT-BEACON-LOSS 
04-26 23:10:52.381  1366  1366 D BoundBrokerSvc: onRebind: Intent { act=com.google.android.gms.libs.gmscorelogger.service.START dat=chimera-action:/... xflg=0x4 cmp=com.google.android.gms/.chimera.PersistentDirectBootAwareApiService }
04-26 23:10:52.393 26043 26121 I MuMain  : ADAPT fx scale: fps=25.7 frameMs=38.98 1.00->0.90 target=0.65
04-26 23:10:52.674 26043 26121 I MuMain  : PERF fps=24.9 frameMs=40.23 phase(render=39.50 pad=0.02 present=0.64) renderLevel=4 fxScale=1.00 maxMsg=30 avg(draw=621 verts=77592 im=1573 vaD=0 vaC=0 qI=230 qE=0) max(draw=636 verts=78570)
04-26 23:10:52.674 26043 26121 I MuMain  : PERF_SCENE world=73 char(live=0 vis=0 ply=0 mon=0 npc=0 pet=0 prio=0 topMon=-1 x0) obj(live=375 vis=124 op=0 trap=0 topObj=155 x30)
04-26 23:10:52.674 26043 26121 I MuMain  : PERF_BUCKET objMove(cand=0 upd=0 def=0 n=0 m=0 f=0) objRender(cand=0 draw=0 cull=0 n=0 m=0 f=0 visDraw=0 visDef=0) charMove(cand=0 upd=0 def=0 n=0 m=0 f=0) charRender(cand=0 draw=0 def=0 cull=0 n=0 m=0 f=0)
04-26 23:10:52.674 26043 26121 I MuMain  : PERF_TERRAIN world=73 normal(block=0 tile=0) grass(block=0 tile=0) after(block=0 tile=0)
