--------- beginning of main
04-26 15:49:57.781 I/Finsky:background( 4276): [2] ajje - Received: android.intent.action.PACKAGE_ADDED, [n076RJLEETmEZ61FBJHrGFwh-0szukPG_iaeB-mhrwQ]
04-26 15:49:57.783 W/libbinder.IPCThreadState(  736): Sending oneway calls to frozen process.
04-26 15:49:57.786 V/BaseDepthController( 1219): Applying blur: 0 to Surface(name=VRI-com.google.android.apps.nexuslauncher/com.google.android.apps.nexuslauncher.NexusLauncherActivity#298)/@0xd45637f applyImmediately: false
04-26 15:49:57.786 D/BaseDepthController( 1219): shouldBlurWorkspace: false targetState: Normal currentStableState: Normal mCurrentBlur: 0 mLauncher.getDepthBlurTargets(): [com.android.launcher3.Workspace{573bc60 V.ED..... ........ 0,0-1080,2400 #7f0a047d app:id/workspace}, com.android.launcher3.Hotseat{7eca519 V.ED..... ........ 0,1905-1080,2400 #7f0a01f1 app:id/hotseat}]
04-26 15:49:57.786 I/Finsky:background( 4276): [117] Wrote row to frosting DB: 3094
04-26 15:49:57.788 W/libbinder.IPCThreadState(  736): Sending oneway calls to frozen process.
04-26 15:49:57.793 I/Finsky:background( 4276): [2] ajje - Deduping intent android.intent.action.PACKAGE_ADDED
04-26 15:49:57.794 W/libbinder.IPCThreadState(  736): Sending oneway calls to frozen process.
04-26 15:49:57.799 I/Finsky:background( 4276): [56] IQ:PSL: skipping onPackageRemoved(replacing=true) for untracked package=com.muonline.client
04-26 15:49:57.800 W/libbinder.IPCThreadState(  736): Sending oneway calls to frozen process.
04-26 15:49:57.803 V/BaseDepthController( 1219): Applying blur: 0 to Surface(name=VRI-com.google.android.apps.nexuslauncher/com.google.android.apps.nexuslauncher.NexusLauncherActivity#298)/@0xd45637f applyImmediately: false
04-26 15:49:57.803 D/BaseDepthController( 1219): shouldBlurWorkspace: false targetState: Normal currentStableState: Normal mCurrentBlur: 0 mLauncher.getDepthBlurTargets(): [com.android.launcher3.Workspace{573bc60 V.ED..... ........ 0,0-1080,2400 #7f0a047d app:id/workspace}, com.android.launcher3.Hotseat{7eca519 V.ED..... ........ 0,1905-1080,2400 #7f0a01f1 app:id/hotseat}]
04-26 15:49:57.805 W/libbinder.IPCThreadState(  736): Sending oneway calls to frozen process.
--------- beginning of system
04-26 15:49:57.807 D/IntervalStats(  736): Unable to parse usage stats packages: [240, 244, 247, 248, 249, 265, 266]
04-26 15:49:57.807 D/IntervalStats(  736): Unable to parse usage stats packages: [266, 267, 268, 269, 270, 271, 272, 273]
04-26 15:49:57.809 I/Finsky:background( 4276): [2] ajje - Received: android.intent.action.PACKAGE_ADDED, [n076RJLEETmEZ61FBJHrGFwh-0szukPG_iaeB-mhrwQ]
04-26 15:49:57.811 W/libbinder.IPCThreadState(  736): Sending oneway calls to frozen process.
04-26 15:49:57.811 D/IntervalStats(  736): Unable to parse usage stats packages: [273]
04-26 15:49:57.813 D/IntervalStats(  736): Unable to parse usage stats packages: [273]
04-26 15:49:57.816 D/IntervalStats(  736): Unable to parse usage stats packages: [273]
04-26 15:49:57.816 W/libbinder.IPCThreadState(  736): Sending oneway calls to frozen process.
04-26 15:49:57.816 I/Finsky:background( 4276): [117] Wrote row to frosting DB: 3095
04-26 15:49:57.816 W/libbinder.IPCThreadState(  736): Sending oneway calls to frozen process.
04-26 15:49:57.818 D/IntervalStats(  736): Unable to parse usage stats packages: [273, 276, 277, 278]
04-26 15:49:57.819 D/IntervalStats(  736): Unable to parse usage stats packages: [278, 280, 281, 282, 283]
04-26 15:49:57.819 W/libbinder.IPCThreadState(  736): Sending oneway calls to frozen process.
04-26 15:49:57.820 W/libbinder.IPCThreadState(  736): Sending oneway calls to frozen process.
04-26 15:49:57.821 W/libbinder.IPCThreadState(  736): Sending oneway calls to frozen process.
04-26 15:49:57.821 V/BaseDepthController( 1219): Applying blur: 0 to Surface(name=VRI-com.google.android.apps.nexuslauncher/com.google.android.apps.nexuslauncher.NexusLauncherActivity#298)/@0xd45637f applyImmediately: false
04-26 15:49:57.821 D/BaseDepthController( 1219): shouldBlurWorkspace: false targetState: Normal currentStableState: Normal mCurrentBlur: 0 mLauncher.getDepthBlurTargets(): [com.android.launcher3.Workspace{573bc60 V.ED..... ........ 0,0-1080,2400 #7f0a047d app:id/workspace}, com.android.launcher3.Hotseat{7eca519 V.ED..... ........ 0,1905-1080,2400 #7f0a01f1 app:id/hotseat}]
04-26 15:49:57.824 I/Finsky:background( 4276): [2] ajje - Deduping intent android.intent.action.PACKAGE_ADDED
04-26 15:49:57.824 I/Finsky  ( 4164): [2] ajjp - Received: android.intent.action.PACKAGE_ADDED, [n076RJLEETmEZ61FBJHrGFwh-0szukPG_iaeB-mhrwQ]
04-26 15:49:57.827 I/Role    (  736): com.google.android.gms not qualified for android.app.role.SYSTEM_DEPENDENCY_INSTALLER due to missing RequiredComponent{mFlags='0', mIntentFilterData=IntentFilterData{mAction='android.content.pm.action.INSTALL_DEPENDENCY', mCategories='[]', mDataScheme='null', mDataType='null'}, mMetaData=[], mPermission='android.permission.BIND_DEPENDENCY_INSTALLER', mQueryFlags=0} Requirement{mFeatureFlag=null, mMinTargetSdkVersion=1}
04-26 15:49:57.827 E/RoleControllerServiceImpl(  736): Default/fallback role holder package doesn't qualify for the role, package: com.google.android.gms, role: android.app.role.SYSTEM_DEPENDENCY_INSTALLER, user: 0
04-26 15:49:57.829 D/IntervalStats(  736): Unable to parse usage stats packages: [283]
04-26 15:49:57.829 I/Finsky:background( 4276): [60] RECEIVER_PACKAGE_MONITOR_BACKGROUND#logWorkEndAndFinishGoAsync: SUCCESS
04-26 15:49:57.836 V/BaseDepthController( 1219): Applying blur: 0 to Surface(name=VRI-com.google.android.apps.nexuslauncher/com.google.android.apps.nexuslauncher.NexusLauncherActivity#298)/@0xd45637f applyImmediately: false
04-26 15:49:57.836 D/BaseDepthController( 1219): shouldBlurWorkspace: false targetState: Normal currentStableState: Normal mCurrentBlur: 0 mLauncher.getDepthBlurTargets(): [com.android.launcher3.Workspace{573bc60 V.ED..... ........ 0,0-1080,2400 #7f0a047d app:id/workspace}, com.android.launcher3.Hotseat{7eca519 V.ED..... ........ 0,1905-1080,2400 #7f0a01f1 app:id/hotseat}]
04-26 15:49:57.842 D/IntervalStats(  736): Unable to parse usage stats packages: [283]
04-26 15:49:57.844 I/Finsky:background( 4276): [117] Wrote row to frosting DB: 3096
04-26 15:49:57.844 W/Looper  (  736): Drained
04-26 15:49:57.845 I/Finsky  ( 4164): [2] DTU: Received onPackageAdded, replacing: true
04-26 15:49:57.848 I/Finsky  ( 4164): [168] SCH: Received scheduling request: Id: 12-1, Constraints: [{ L: 15000, D: 86400000, C: CHARGING_NONE, I: IDLE_NONE, N: NET_ANY, B: BATTERY_ANY }]
04-26 15:49:57.851 I/MediaProvider( 1619): Invalidating LocalCallingIdentity cache for package com.muonline.client. Reason: package android.intent.action.PACKAGE_REMOVED
04-26 15:49:57.851 W/MediaProvider( 1619): WorkProfileOwnerApps cache is empty
04-26 15:49:57.851 D/PickerSyncLockManager( 1619): Trying to acquire lock com.android.providers.media.photopicker.sync.CloseableReentrantLock@13ff476[Unlocked]. Lock Name = CLOUD_PROVIDER_LOCK. Threads that may be waiting to acquire this lock = []
04-26 15:49:57.851 D/CloseableReentrantLock( 1619): Successfully acquired lock com.android.providers.media.photopicker.sync.CloseableReentrantLock@13ff476[Locked by thread main]. Lock Name = CLOUD_PROVIDER_LOCK. Threads that may be waiting to acquire this lock = []
04-26 15:49:57.851 D/CloseableReentrantLock( 1619): Successfully released lock com.android.providers.media.photopicker.sync.CloseableReentrantLock@13ff476[Unlocked]. Lock Name = CLOUD_PROVIDER_LOCK. Threads that may be waiting to acquire this lock = []
04-26 15:49:57.853 V/BaseDepthController( 1219): Applying blur: 0 to Surface(name=VRI-com.google.android.apps.nexuslauncher/com.google.android.apps.nexuslauncher.NexusLauncherActivity#298)/@0xd45637f applyImmediately: false
04-26 15:49:57.853 D/BaseDepthController( 1219): shouldBlurWorkspace: false targetState: Normal currentStableState: Normal mCurrentBlur: 0 mLauncher.getDepthBlurTargets(): [com.android.launcher3.Workspace{573bc60 V.ED..... ........ 0,0-1080,2400 #7f0a047d app:id/workspace}, com.android.launcher3.Hotseat{7eca519 V.ED..... ........ 0,1905-1080,2400 #7f0a01f1 app:id/hotseat}]
04-26 15:49:57.857 W/skia    (  566): AGTM parsing failed flags.readFromStream(s) at 159
04-26 15:49:57.857 W/skia    (  566): AGTM parsing failed flags.readFromStream(s) at 159
04-26 15:49:57.868 I/Finsky  ( 4164): [2] ajjp - Received: android.intent.action.PACKAGE_ADDED, [n076RJLEETmEZ61FBJHrGFwh-0szukPG_iaeB-mhrwQ]
04-26 15:49:57.869 V/BaseDepthController( 1219): Applying blur: 0 to Surface(name=VRI-com.google.android.apps.nexuslauncher/com.google.android.apps.nexuslauncher.NexusLauncherActivity#298)/@0xd45637f applyImmediately: false
04-26 15:49:57.869 D/BaseDepthController( 1219): shouldBlurWorkspace: false targetState: Normal currentStableState: Normal mCurrentBlur: 0 mLauncher.getDepthBlurTargets(): [com.android.launcher3.Workspace{573bc60 V.ED..... ........ 0,0-1080,2400 #7f0a047d app:id/workspace}, com.android.launcher3.Hotseat{7eca519 V.ED..... ........ 0,1905-1080,2400 #7f0a01f1 app:id/hotseat}]
04-26 15:49:57.883 I/Finsky  ( 4164): [2] ajjp - Deduping intent android.intent.action.PACKAGE_ADDED
04-26 15:49:57.886 V/BaseDepthController( 1219): Applying blur: 0 to Surface(name=VRI-com.google.android.apps.nexuslauncher/com.google.android.apps.nexuslauncher.NexusLauncherActivity#298)/@0xd45637f applyImmediately: false
04-26 15:49:57.886 D/BaseDepthController( 1219): shouldBlurWorkspace: false targetState: Normal currentStableState: Normal mCurrentBlur: 0 mLauncher.getDepthBlurTargets(): [com.android.launcher3.Workspace{573bc60 V.ED..... ........ 0,0-1080,2400 #7f0a047d app:id/workspace}, com.android.launcher3.Hotseat{7eca519 V.ED..... ........ 0,1905-1080,2400 #7f0a01f1 app:id/hotseat}]
04-26 15:49:57.902 I/Finsky:background( 4276): [117] Wrote row to frosting DB: 3097
04-26 15:49:57.904 V/BaseDepthController( 1219): Applying blur: 0 to Surface(name=VRI-com.google.android.apps.nexuslauncher/com.google.android.apps.nexuslauncher.NexusLauncherActivity#298)/@0xd45637f applyImmediately: false
04-26 15:49:57.904 D/BaseDepthController( 1219): shouldBlurWorkspace: false targetState: Normal currentStableState: Normal mCurrentBlur: 0 mLauncher.getDepthBlurTargets(): [com.android.launcher3.Workspace{573bc60 V.ED..... ........ 0,0-1080,2400 #7f0a047d app:id/workspace}, com.android.launcher3.Hotseat{7eca519 V.ED..... ........ 0,1905-1080,2400 #7f0a01f1 app:id/hotseat}]
04-26 15:49:57.910 I/Finsky  ( 4164): [2] ajjp - Received: android.intent.action.PACKAGE_ADDED, [n076RJLEETmEZ61FBJHrGFwh-0szukPG_iaeB-mhrwQ]
04-26 15:49:57.919 V/BaseDepthController( 1219): Applying blur: 0 to Surface(name=VRI-com.google.android.apps.nexuslauncher/com.google.android.apps.nexuslauncher.NexusLauncherActivity#298)/@0xd45637f applyImmediately: false
04-26 15:49:57.919 D/BaseDepthController( 1219): shouldBlurWorkspace: false targetState: Normal currentStableState: Normal mCurrentBlur: 0 mLauncher.getDepthBlurTargets(): [com.android.launcher3.Workspace{573bc60 V.ED..... ........ 0,0-1080,2400 #7f0a047d app:id/workspace}, com.android.launcher3.Hotseat{7eca519 V.ED..... ........ 0,1905-1080,2400 #7f0a01f1 app:id/hotseat}]
04-26 15:49:57.921 I/Finsky:background( 4276): [2] Memory trim requested to level 40
04-26 15:49:57.927 I/AppBackupPkgRemovedIO( 1867): Backup state cleanup on uninstall is disabled. [CONTEXT service_id=229 ]
04-26 15:49:57.930 I/PackageInstalledIntentO( 1867): Test flag v2 is disabled [CONTEXT service_id=469 ]
04-26 15:49:57.930 W/ActivityTaskManager(  736): callingPackage for (uid=2000, pid=6219) has no WPC
04-26 15:49:57.933 V/GrammaticalInflectionUtils(  736): AttributionSource: android.content.AttributionSource@d322a4fb does not have READ_SYSTEM_GRAMMATICAL_GENDER permission.
04-26 15:49:57.937 V/BaseDepthController( 1219): Applying blur: 0 to Surface(name=VRI-com.google.android.apps.nexuslauncher/com.google.android.apps.nexuslauncher.NexusLauncherActivity#298)/@0xd45637f applyImmediately: false
04-26 15:49:57.937 D/BaseDepthController( 1219): shouldBlurWorkspace: false targetState: Normal currentStableState: Normal mCurrentBlur: 0 mLauncher.getDepthBlurTargets(): [com.android.launcher3.Workspace{573bc60 V.ED..... ........ 0,0-1080,2400 #7f0a047d app:id/workspace}, com.android.launcher3.Hotseat{7eca519 V.ED..... ........ 0,1905-1080,2400 #7f0a01f1 app:id/hotseat}]
04-26 15:49:57.938 D/RecentsView( 1219): onTaskDisplayChanged: 93, new displayId = 0
04-26 15:49:57.939 E/RoleControllerServiceImpl(  736): Default/fallback role holder package doesn't qualify for the role, package: com.google.android.gms, role: android.app.role.WALLET, user: 0
04-26 15:49:57.943 I/Finsky  ( 4164): [2] ajjp - Deduping intent android.intent.action.PACKAGE_ADDED
04-26 15:49:57.944 I/libbinder.BpBinder(  566): onLastStrongRef automatically unlinking death recipients for binder (0x7eaa36065f20) with descriptor: '(not cached)'
04-26 15:49:57.945 I/Finsky  ( 4164): [44] RECEIVER_PACKAGE_MONITOR#logWorkEndAndFinishGoAsync: SUCCESS
04-26 15:49:57.952 I/ActivityTaskManager(  736): Add Task{a8a90f0 #92 type=standard A=10230:com.muonline.client} to hidden list because adding Task{a88259b #93 type=standard A=10230:com.muonline.client}
04-26 15:49:57.953 V/BaseDepthController( 1219): Applying blur: 0 to Surface(name=VRI-com.google.android.apps.nexuslauncher/com.google.android.apps.nexuslauncher.NexusLauncherActivity#298)/@0xd45637f applyImmediately: false
04-26 15:49:57.953 D/BaseDepthController( 1219): shouldBlurWorkspace: false targetState: Normal currentStableState: Normal mCurrentBlur: 0 mLauncher.getDepthBlurTargets(): [com.android.launcher3.Workspace{573bc60 V.ED..... ........ 0,0-1080,2400 #7f0a047d app:id/workspace}, com.android.launcher3.Hotseat{7eca519 V.ED..... ........ 0,1905-1080,2400 #7f0a01f1 app:id/hotseat}]
04-26 15:49:57.953 V/ActivityTaskManager(  736): TaskLaunchParamsModifier: phase=3 task=Task{a88259b #93 type=standard A=10230:com.muonline.client} activity=ActivityRecord{166030750 u0 com.muonline.client/.PreloadActivity t-1} display-from-task=0 display-id=0 task-display-area-windowing-mode=1 suggested-display-area=DefaultTaskDisplayArea@125646128 inherit-from-task=fullscreen non-freeform-task-display-area display-area=DefaultTaskDisplayArea@125646128 skip-bounds-fullscreen
04-26 15:49:57.954 I/ActivityTaskManager(  736): START u0 {flg=0x10000000 xflg=0x5 cmp=com.muonline.client/.PreloadActivity} with LAUNCH_SINGLE_TASK from uid 2000 (com.android.shell) (BAL_ALLOW_PERMISSION) result code=0
04-26 15:49:57.954 V/WindowManagerShell( 1036): Transition requested (#28): android.os.BinderProxy@7a1ea90 TransitionRequestInfo { type = OPEN, triggerTask = TaskInfo{userId=0 taskId=93 effectiveUid=10230 displayId=0 isRunning=true baseIntent=Intent { flg=0x10000000 cmp=com.muonline.client/.PreloadActivity } baseActivity=ComponentInfo{com.muonline.client/com.muonline.client.PreloadActivity} topActivity=ComponentInfo{com.muonline.client/com.muonline.client.PreloadActivity} origActivity=null realActivity=ComponentInfo{com.muonline.client/com.muonline.client.PreloadActivity} realActivityIsAppLockEnabled=false numActivities=1 lastActiveTime=1172549 supportsMultiWindow=true supportsMultiWindowWithoutConstraints=true resizeMode=1 isResizeable=true minWidth=-1 minHeight=-1 defaultMinSize=220 token=WCT{android.os.BinderProxy@c8ef89} topActivityType=1 pictureInPictureParams=null shouldDockBigOverlays=false launchIntoPipHostTaskId=-1 lastParentTaskIdBeforePip=-1 displayCutoutSafeInsets=Rect(132, 0 - 0, 0) topActivityInfo=ActivityInfo{b7feb8e com.muonline.client.PreloadActivity} launchCookies=[] positionInParent=Point(0, 0) parentTaskId=-1 isFocused=false isInteractive=false isVisible=false isVisibleRequested=false isTopActivityNoDisplay=false isSleeping=false locusId=null displayAreaFeatureId=1 isTopActivityTransparent=false isActivityStackTransparent=false lastNonFullscreenBounds=null leafTaskBoundsFromOptions= false capturedLink=null capturedLinkTimestamp=0 requestedVisibleTypes=503 topActivityRequestOpenInBrowserEducationTimestamp=0 appCompatTaskInfo=AppCompatTaskInfo { topActivityInSizeCompat=false isLeafTask= true eligibleForLetterboxEducation= false isLetterboxEducationEnabled= true isLetterboxDoubleTapEnabled= false eligibleForUserAspectRatioButton= false topActivityBoundsLetterboxed= false isFromLetterboxDoubleTap= false topActivityLetterboxVerticalPosition= -1 topActivityLetterboxHorizontalPosition= -1 topActivityLetterboxWidth=-1 topActivityLetterboxHeight=-1 topActivityAppBounds=Rect(132, 0 - 2400, 1017) isUserFullscreenOverrideEnabled=false isSystemFullscreenOverrideEnabled=false hasMinAspectRatioOverride=false topActivityLetterboxBounds=null topNonResizableActivityAspectRatio=-1.0} topActivityMainWindowFrame=null isAppBubble=false}, pipChange = null, remoteTransitionInfo = null, displayChange = null, requestedLocation = null, userChange = null, windowingLayerChange = null, fullscreenRequestChange = null, flags = 0, debugId = 28 }
04-26 15:49:57.954 W/DisconnectHandler( 1036): No disconnect change found in the transition, not handling request.
04-26 15:49:57.957 D/BaseActivity( 1219): Launcher flags updated: [state_started|state_resumed|state_deferred_resumed|state_window_focused|state_user_active] -[]
04-26 15:49:57.960 D/BaseActivity( 1219): Launcher flags updated: [state_started|state_resumed|state_deferred_resumed|state_window_focused] -[state_user_active]
04-26 15:49:57.961 D/BaseActivity( 1219): Launcher flags updated: [state_started|state_window_focused] -[state_resumed|state_deferred_resumed]
04-26 15:49:57.961 W/SplitSelectStateCtor( 1219): Missing session instanceIds
04-26 15:49:57.961 D/StatsLog( 1219): LAUNCHER_SPLIT_SELECTION_EXIT_INTERRUPTED
04-26 15:49:57.962 V/ShellDesktopMode( 1036): DesktopTasksController: skipping handleRequest reason=triggerTask's display doesn't support desktop mode
04-26 15:49:57.962 D/ShellSplitScreen( 1036): logExit: no-op, mLoggerSessionId is null
04-26 15:49:57.969 W/InputChannel-JNI(  736): Channel already disposed.
04-26 15:49:57.972 D/WindowOnBackDispatcher( 1036): setTopOnBackInvokedCallback (unwrapped): android.view.ViewRootImpl$$ExternalSyntheticLambda13@77cb06d
04-26 15:49:57.974 W/SignedPackage(  736): Cannot get ApplicationInfo for package: com.google.android.devicelockcontroller
04-26 15:49:57.977 V/WindowManager(  736): Defer transition id=28 for TaskFragmentTransaction=android.os.Binder@5557567
04-26 15:49:57.979 D/CoreBackPreview(  736): Window{fe3ed5a u0 Splash Screen com.muonline.client}: Setting back callback OnBackInvokedCallbackInfo{mCallback=android.window.IOnBackInvokedCallback$Stub$Proxy@3d28f14, mPriority=0, mIsAnimationCallback=false, mOverrideBehavior=0}
04-26 15:49:57.979 D/WindowManagerShell( 1036): setLauncherKeepClearAreaHeight: visible=false, height=495
04-26 15:49:57.979 D/WindowManager(  736): setClientSurface Surface(name=VRI-Splash Screen com.muonline.client#310)/@0x5b733bd for fe3ed5a Splash Screen com.muonline.client
04-26 15:49:57.980 V/BaseDepthController( 1219): Applying blur: 0 to Surface(name=VRI-com.google.android.apps.nexuslauncher/com.google.android.apps.nexuslauncher.NexusLauncherActivity#298)/@0xd45637f applyImmediately: false
04-26 15:49:57.980 D/BaseDepthController( 1219): shouldBlurWorkspace: false targetState: Normal currentStableState: Normal mCurrentBlur: 0 mLauncher.getDepthBlurTargets(): [com.android.launcher3.Workspace{573bc60 V.ED..... ........ 0,0-1080,2400 #7f0a047d app:id/workspace}, com.android.launcher3.Hotseat{7eca519 V.ED..... ........ 0,1905-1080,2400 #7f0a01f1 app:id/hotseat}]
04-26 15:49:57.982 I/Surface ( 1036): Creating surface for consumer unnamed-1036-9 with slotExpansion=1 for 64 slots
04-26 15:49:57.982 I/Surface ( 1036): Creating surface for consumer VRI[client]#9(BLAST Consumer)9 with slotExpansion=1 for 64 slots
04-26 15:49:57.984 V/WindowManager(  736): Continue transition id=28 for TaskFragmentTransaction=android.os.Binder@5557567
04-26 15:49:57.987 V/BaseDepthController( 1219): Applying blur: 0 to Surface(name=VRI-com.google.android.apps.nexuslauncher/com.google.android.apps.nexuslauncher.NexusLauncherActivity#298)/@0xd45637f applyImmediately: false
04-26 15:49:57.987 D/BaseDepthController( 1219): shouldBlurWorkspace: false targetState: Normal currentStableState: Normal mCurrentBlur: 0 mLauncher.getDepthBlurTargets(): [com.android.launcher3.Workspace{573bc60 V.ED..... ........ 0,0-1080,2400 #7f0a047d app:id/workspace}, com.android.launcher3.Hotseat{7eca519 V.ED..... ........ 0,1905-1080,2400 #7f0a01f1 app:id/hotseat}]
04-26 15:49:57.997 V/GrammaticalInflectionUtils(  736): AttributionSource: android.content.AttributionSource@d322a4fb does not have READ_SYSTEM_GRAMMATICAL_GENDER permission.
04-26 15:49:58.001 V/RecentTasksController( 1036): Notify recent tasks changed
04-26 15:49:58.002 D/ShellDesktopMode( 1036): DesktopRepository(0): Removes freeform task: taskId=92
04-26 15:49:58.002 W/ShellDesktopMode( 1036): DesktopRepository(0): No display id found for task: taskId=92
04-26 15:49:58.002 V/RecentTasksController( 1036): Notify recent tasks changed
04-26 15:49:58.012 D/RecentTasksList( 1219): invalidateLoadedTasks - previous requestLoadId: -1
04-26 15:49:58.021 V/BaseDepthController( 1219): Applying blur: 0 to Surface(name=VRI-com.google.android.apps.nexuslauncher/com.google.android.apps.nexuslauncher.NexusLauncherActivity#298)/@0xd45637f applyImmediately: false
04-26 15:49:58.022 D/BaseDepthController( 1219): shouldBlurWorkspace: false targetState: Normal currentStableState: Normal mCurrentBlur: 0 mLauncher.getDepthBlurTargets(): [com.android.launcher3.Workspace{573bc60 V.ED..... ........ 0,0-1080,2400 #7f0a047d app:id/workspace}, com.android.launcher3.Hotseat{7eca519 V.ED..... ........ 0,1905-1080,2400 #7f0a01f1 app:id/hotseat}]
04-26 15:49:58.022 D/Zygote  (  499): Forked child process 6235
04-26 15:49:58.027 V/WindowManager(  736): Sent Transition (#28) createdAt=04-26 15:49:57.934 via request=TransitionRequestInfo { type = OPEN, triggerTask = TaskInfo{userId=0 taskId=93 effectiveUid=10230 displayId=0 isRunning=true baseIntent=Intent { flg=0x10000000 cmp=com.muonline.client/.PreloadActivity } baseActivity=ComponentInfo{com.muonline.client/com.muonline.client.PreloadActivity} topActivity=ComponentInfo{com.muonline.client/com.muonline.client.PreloadActivity} origActivity=null realActivity=ComponentInfo{com.muonline.client/com.muonline.client.PreloadActivity} realActivityIsAppLockEnabled=false numActivities=1 lastActiveTime=1172549 supportsMultiWindow=true supportsMultiWindowWithoutConstraints=true resizeMode=1 isResizeable=true minWidth=-1 minHeight=-1 defaultMinSize=220 token=WCT{RemoteToken{9d5829 Task{a88259b #93 type=standard A=10230:com.muonline.client}}} topActivityType=1 pictureInPictureParams=null shouldDockBigOverlays=false launchIntoPipHostTaskId=-1 lastParentTaskIdBeforePip=-1 displayCutoutSafeInsets=Rect(132, 0 - 0, 0) topActivityInfo=ActivityInfo{c9137ae com.muonline.client.PreloadActivity} launchCookies=[] positionInParent=Point(0, 0) parentTaskId=-1 isFocused=false isInteractive=false isVisible=false isVisibleRequested=false isTopActivityNoDisplay=false isSleeping=false locusId=null displayAreaFeatureId=1 isTopActivityTransparent=false isActivityStackTransparent=false lastNonFullscreenBounds=null leafTaskBoundsFromOptions= false capturedLink=null capturedLinkTimestamp=0 requestedVisibleTypes=503 topActivityRequestOpenInBrowserEducationTimestamp=0 appCompatTaskInfo=AppCompatTaskInfo { topActivityInSizeCompat=false isLeafTask= true eligibleForLetterboxEducation= false isLetterboxEducationEnabled= true isLetterboxDoubleTapEnabled= false eligibleForUserAspectRatioButton= false topActivityBoundsLetterboxed= false isFromLetterboxDoubleTap= false topActivityLetterboxVerticalPosition= -1 topActivityLetterboxHorizontalPosition= -1 topActivityLetterboxWidth=-1 topActivityLetterboxHeight=-1 topActivityAppBounds=Rect(132, 0 - 2400, 1017) isUserFullscreenOverrideEnabled=false isSystemFullscreenOverrideEnabled=false hasMinAspectRatioOverride=false topActivityLetterboxBounds=null topNonResizableActivityAspectRatio=-1.0} topActivityMainWindowFrame=null isAppBubble=false}, pipChange = null, remoteTransitionInfo = null, displayChange = null, requestedLocation = null, userChange = null, windowingLayerChange = null, fullscreenRequestChange = null, flags = 0, debugId = 28 }
04-26 15:49:58.027 V/WindowManager(  736):     startWCT=WindowContainerTransaction { changes= {} hops= [] flags= 0 errorCallbackToken=null taskFragmentOrganizer=null }
04-26 15:49:58.027 V/WindowManager(  736):     info={id=28 t=OPEN f=0x0 trk=0 r=[0@Point(0, 0)] c=[
04-26 15:49:58.027 V/WindowManager(  736):         {WCT{RemoteToken{9d5829 Task{a88259b #93 type=standard A=10230:com.muonline.client}}} m=OPEN f=MOVE_TO_TOP leash=Surface(name=Task=93#307)/@0x2d60762 sb=Rect(0, 0 - 2400, 1080) eb=Rect(0, 0 - 2400, 1080) epz=Point(2400, 1080) d=0 taskParent=-1 winMode=1 userId=0},
04-26 15:49:58.027 V/WindowManager(  736):         {WCT{RemoteToken{4853fd5 Task{13e540b #1 type=home}}} m=TO_BACK f=SHOW_WALLPAPER leash=Surface(name=Task=1#34)/@0x499be06 sb=Rect(0, 0 - 2400, 1080) eb=Rect(0, 0 - 2400, 1080) epz=Point(2400, 1080) d=0 taskParent=-1 winMode=1 userId=0},
04-26 15:49:58.027 V/WindowManager(  736):         {m=TO_BACK f=IS_WALLPAPER leash=Surface(name=Surface(name=WallpaperWindowToken{3bea6dd}#54)/@0x4e520e1 - rotation-leash#302)/@0x2d76b54 sb=Rect(0, 0 - 1080, 2400) eb=Rect(0, 0 - 2400, 1080) epz=Point(2400, 1080) d=0 r=0->1:-1}
04-26 15:49:58.027 V/WindowManager(  736):     ]}
04-26 15:49:58.029 V/WindowManagerShell( 1036): onTransitionReady(transaction=3161095932313)
04-26 15:49:58.033 I/Zygote  ( 6235): Process 6235 created for com.muonline.client
04-26 15:49:58.034 I/muonline.client( 6235): Using generational CollectorTypeCMC GC.
04-26 15:49:58.035 W/muonline.client( 6235): Unexpected CPU variant for x86: x86_64.
04-26 15:49:58.035 W/muonline.client( 6235): Known variants: atom, sandybridge, silvermont, goldmont, goldmont-plus, goldmont-without-sha-xsaves, tremont, kabylake, alderlake, lunarlake, default
04-26 15:49:58.035 V/WindowManagerShell( 1036): onTransitionReady (#28) android.os.BinderProxy@7a1ea90: {id=28 t=OPEN f=0x0 trk=0 r=[0@Point(0, 0)] c=[
04-26 15:49:58.035 V/WindowManagerShell( 1036):         {m=OPEN f=MOVE_TO_TOP leash=Surface(name=Task=93#307)/@0xc7805fa sb=Rect(0, 0 - 2400, 1080) eb=Rect(0, 0 - 2400, 1080) epz=Point(2400, 1080) d=0 taskParent=-1 winMode=1 userId=0},
04-26 15:49:58.035 V/WindowManagerShell( 1036):         {m=TO_BACK f=SHOW_WALLPAPER leash=Surface(name=Task=1#34)/@0xa48e7ab sb=Rect(0, 0 - 2400, 1080) eb=Rect(0, 0 - 2400, 1080) epz=Point(2400, 1080) d=0 taskParent=-1 winMode=1 userId=0},
04-26 15:49:58.035 V/WindowManagerShell( 1036):         {m=TO_BACK f=IS_WALLPAPER leash=Surface(name=Surface(name=WallpaperWindowToken{3bea6dd}#54)/@0x4e520e1 - rotation-leash#302)/@0xe2ee08 sb=Rect(0, 0 - 1080, 2400) eb=Rect(0, 0 - 2400, 1080) epz=Point(2400, 1080) d=0 r=0->1:-1}
04-26 15:49:58.035 V/WindowManagerShell( 1036):     ]}
04-26 15:49:58.038 I/ImeTracker(  736): system_server:419bb2e7: onRequestHide at ORIGIN_SERVER reason IME_REQUESTED_CHANGED_LISTENER fromUser false displayId 0
04-26 15:49:58.042 D/nativeloader( 6235): Load libframework-connectivity-tiramisu-jni.so using APEX ns com_android_tethering for caller /apex/com.android.tethering/javalib/framework-connectivity-t.jar: ok
04-26 15:49:58.045 W/InputChannel-JNI(  736): Channel already disposed.
04-26 15:49:58.048 V/WindowManagerShell( 1036): Transition (#28) android.os.BinderProxy@7a1ea90@0 ready while (#27) android.os.BinderProxy@49a21f4@0 is still animating. Notify the animating transition in case they can be merged
04-26 15:49:58.048 V/WindowManagerShell( 1036):    Requesting merge (#28) into remote: RemoteTransition { remoteTransition = android.window.IRemoteTransition$Stub$Proxy@fea59eb, appThread = android.app.IApplicationThread$Stub$Proxy@4f01348, debugName = QuickstepLaunchHome, filter = {types=[] flags=0x0 notFlags=0x100 checks=[{atype=home independent=true modes=[OPEN,TO_FRONT] flags=NONE mustBeTask=false order=ANY topActivity=ComponentInfo{com.google.android.apps.nexuslauncher/com.google.android.apps.nexuslauncher.NexusLauncherActivity} launchCookie=null windowingMode=undefined isCrossDisplayMove=false},{atype=standard independent=true modes=[CLOSE,TO_BACK] flags=NONE mustBeTask=false order=ANY topActivity=null launchCookie=null windowingMode=undefined isCrossDisplayMove=false},{NOT atype=undefined independent=true modes=[] flags=NONE mustBeTask=true order=ANY topActivity=null launchCookie=null customAnim=true windowingMode=undefined isCrossDisplayMove=false}]} }
04-26 15:49:58.050 V/ShellTaskOrganizer( 1036): Task appeared taskId=93 listener=FullscreenTaskListener
04-26 15:49:58.050 V/ShellTaskOrganizer( 1036): Fullscreen Task Appeared: #93
04-26 15:49:58.050 V/RecentTasksController( 1036): Notify recent tasks changed
04-26 15:49:58.050 V/WindowManagerShell( 1036): Received remote transition finished callback for (#27)
04-26 15:49:58.053 V/WindowManagerShell( 1036): Transition animation finished (aborted=false), notifying core (#27) android.os.BinderProxy@49a21f4@0
04-26 15:49:58.053 I/Finsky  ( 4164): [2] Memory trim requested to level 40
04-26 15:49:58.053 I/Finsky  ( 4164): [2] Flushing in-memory image cache
04-26 15:49:58.054 W/ActivityManager(  736): Slow operation: 57ms so far, now at startProcess: done updating battery stats
04-26 15:49:58.054 W/ActivityManager(  736): Slow operation: 57ms so far, now at startProcess: building log message
04-26 15:49:58.054 I/ActivityManager(  736): Start proc 6235:com.muonline.client/u0a230 for next-top-activity {com.muonline.client/com.muonline.client.PreloadActivity}
04-26 15:49:58.055 W/ActivityManager(  736): Slow operation: 58ms so far, now at startProcess: starting to update pids map
04-26 15:49:58.057 V/WindowManager(  736): Finish Transition (#27): created at 04-26 15:49:57.311 collect-started=0.288ms request-sent=0.346ms started=12.809ms ready=17.139ms sent=138.364ms commit=40.119ms finished=744.935ms
04-26 15:49:58.058 D/RecentTasksList( 1219): invalidateLoadedTasks - previous requestLoadId: -1
04-26 15:49:58.059 D/BaseActivity( 1219): Launcher flags updated: [state_started] -[state_window_focused]
04-26 15:49:58.059 V/BaseDepthController( 1219): Applying blur: 0 to Surface(name=VRI-com.google.android.apps.nexuslauncher/com.google.android.apps.nexuslauncher.NexusLauncherActivity#298)/@0xd45637f applyImmediately: false
04-26 15:49:58.059 D/BaseDepthController( 1219): shouldBlurWorkspace: false targetState: Normal currentStableState: Normal mCurrentBlur: 0 mLauncher.getDepthBlurTargets(): [com.android.launcher3.Workspace{573bc60 V.ED..... ........ 0,0-1080,2400 #7f0a047d app:id/workspace}, com.android.launcher3.Hotseat{7eca519 V.ED..... .......D 0,1905-1080,2400 #7f0a01f1 app:id/hotseat}]
04-26 15:49:58.060 V/SafetySourceDataValidat(  736): Package: com.android.vending has expected signature
04-26 15:49:58.061 E/libbinder.IPCThreadState(  736): Binder transaction failure. id: 300320, cmd: BR_DEAD_REPLY (29189), error: -22 (Invalid argument)
04-26 15:49:58.061 W/ActivityManager(  736): pid 736 system sent binder code 7 with flags 1 and got error -32
04-26 15:49:58.061 W/WindowManager(  736): Exception thrown during dispatchAppVisibility Window{7b51f57 u0 com.muonline.client/com.muonline.client.MuMainActivity EXITING}
04-26 15:49:58.061 W/WindowManager(  736): android.os.DeadObjectException
04-26 15:49:58.061 W/WindowManager(  736): 	at android.os.BinderProxy.transactNative(Native Method)
04-26 15:49:58.061 W/WindowManager(  736): 	at android.os.BinderProxy.transact(BinderProxy.java:617)
04-26 15:49:58.061 W/WindowManager(  736): 	at android.view.IWindow$Stub$Proxy.dispatchAppVisibility(IWindow.java:596)
04-26 15:49:58.061 W/WindowManager(  736): 	at com.android.server.wm.WindowState.sendAppVisibilityToClients(WindowState.java:3335)
04-26 15:49:58.061 W/WindowManager(  736): 	at com.android.server.wm.WindowContainer.sendAppVisibilityToClients(WindowContainer.java:1245)
04-26 15:49:58.061 W/WindowManager(  736): 	at com.android.server.wm.WindowToken.setClientVisible(WindowToken.java:392)
04-26 15:49:58.061 W/WindowManager(  736): 	at com.android.server.wm.ActivityRecord.commitVisibility(ActivityRecord.java:5599)
04-26 15:49:58.061 W/WindowManager(  736): 	at com.android.server.wm.Transition.finishTransition(Transition.java:1570)
04-26 15:49:58.061 W/WindowManager(  736): 	at com.android.server.wm.TransitionController.finishTransition(TransitionController.java:1205)
04-26 15:49:58.061 W/WindowManager(  736): 	at com.android.server.wm.WindowOrganizerController.finishTransition(WindowOrganizerController.java:533)
04-26 15:49:58.061 W/WindowManager(  736): 	at android.window.IWindowOrganizerController$Stub.onTransact(IWindowOrganizerController.java:265)
04-26 15:49:58.061 W/WindowManager(  736): 	at com.android.server.wm.WindowOrganizerController.onTransact(WindowOrganizerController.java:239)
04-26 15:49:58.061 W/WindowManager(  736): 	at android.os.Binder.execTransactInternal(Binder.java:1466)
04-26 15:49:58.061 W/WindowManager(  736): 	at android.os.Binder.execTransact(Binder.java:1411)
04-26 15:49:58.062 W/Process (  736): Unable to open /proc/6050/status
04-26 15:49:58.068 I/ImeTracker(  736): system_server:419bb2e7: onCancelled at PHASE_SERVER_SHOULD_HIDE
04-26 15:49:58.070 V/WindowManagerShell( 1036): Playing animation for (#28) android.os.BinderProxy@7a1ea90@0
04-26 15:49:58.071 D/ShellSplitScreen( 1036): startAnimation: transition=28 isSplitActive=false
04-26 15:49:58.071 V/ShellRecents( 1036): RecentsTransitionHandler.startAnimation: no controller found
04-26 15:49:58.071 V/ShellDesktopMode( 1036): DesktopMixedTransitionHandler: No pending desktop transition
04-26 15:49:58.071 V/WindowManagerShell( 1036): Transition doesn't have explicit remote, search filters for match for {id=28 t=OPEN f=0x0 trk=0 r=[0@Point(0, 0)] c=[{m=OPEN f=MOVE_TO_TOP leash=Surface(name=Task=93#307)/@0xc7805fa sb=Rect(0, 0 - 2400, 1080) eb=Rect(0, 0 - 2400, 1080) epz=Point(2400, 1080) d=0 taskParent=-1 winMode=1 userId=0},{m=TO_BACK f=SHOW_WALLPAPER leash=Surface(name=Task=1#34)/@0xa48e7ab sb=Rect(0, 0 - 2400, 1080) eb=Rect(0, 0 - 2400, 1080) epz=Point(2400, 1080) d=0 taskParent=-1 winMode=1 userId=0},{m=TO_BACK f=IS_WALLPAPER leash=Surface(name=Surface(name=WallpaperWindowToken{3bea6dd}#54)/@0x4e520e1 - rotation-leash#302)/@0xe2ee08 sb=Rect(0, 0 - 1080, 2400) eb=Rect(0, 0 - 2400, 1080) epz=Point(2400, 1080) d=0 r=0->1:-1}]}
04-26 15:49:58.071 V/WindowManagerShell( 1036):  Checking filter Pair{{types=[] flags=0x0 notFlags=0x0 checks=[{atype=undefined independent=true modes=[CLOSE,TO_BACK] flags=IN_TASK_WITH_EMBEDDED_ACTIVITY mustBeTask=false order=ANY topActivity=null launchCookie=null taskFragmentToken=android.os.BinderProxy@e90ae30 windowingMode=undefined isCrossDisplayMove=false}]} RemoteTransition { remoteTransition = android.window.IRemoteTransition$Stub$Proxy@1ccfaa9, appThread = android.app.IApplicationThread$Stub$Proxy@5c682e, debugName = overlayBackTransition, filter = {types=[] flags=0x0 notFlags=0x0 checks=[{atype=undefined independent=true modes=[CLOSE,TO_BACK] flags=IN_TASK_WITH_EMBEDDED_ACTIVITY mustBeTask=false order=ANY topActivity=null launchCookie=null taskFragmentToken=android.os.BinderProxy@e90ae30 windowingMode=undefined isCrossDisplayMove=false}]} }}
04-26 15:49:58.072 V/WindowManagerShell( 1036):  Checking filter Pair{{types=[] flags=0x0 notFlags=0x0 checks=[{atype=dream independent=true modes=[OPEN,TO_FRONT] flags=NONE mustBeTask=false order=ANY topActivity=null launchCookie=null windowingMode=undefined isCrossDisplayMove=false},{atype=home independent=true modes=[CLOSE,TO_BACK] flags=NONE mustBeTask=false order=ANY topActivity=null launchCookie=null windowingMode=undefined isCrossDisplayMove=false}]} RemoteTransition { remoteTransition = android.window.IRemoteTransition$Stub$Proxy@aa8fcf, appThread = android.app.IApplicationThread$Stub$Proxy@98a7d5c, debugName = LauncherToDream, filter = {types=[] flags=0x0 notFlags=0x0 checks=[{atype=dream independent=true modes=[OPEN,TO_FRONT] flags=NONE mustBeTask=false order=ANY topActivity=null launchCookie=null windowingMode=undefined isCrossDisplayMove=false},{atype=home independent=true modes=[CLOSE,TO_BACK] flags=NONE mustBeTask=false order=ANY topActivity=null launchCookie=null windowingMode=undefined isCrossDisplayMove=false}]} }}
04-26 15:49:58.072 V/WindowManagerShell( 1036):  Checking filter Pair{{types=[] flags=0x0 notFlags=0x0 checks=[{atype=standard independent=false modes=[CHANGE] flags=NONE mustBeTask=true order=ANY topActivity=null launchCookie=null windowingMode=undefined isCrossDisplayMove=true}]} RemoteTransition { remoteTransition = android.window.IRemoteTransition$Stub$Proxy@3519865, appThread = android.app.IApplicationThread$Stub$Proxy@94ad93a, debugName = QuickstepDisplayMove, filter = {types=[] flags=0x0 notFlags=0x0 checks=[{atype=standard independent=false modes=[CHANGE] flags=NONE mustBeTask=true order=ANY topActivity=null launchCookie=null windowingMode=undefined isCrossDisplayMove=true}]} }}
04-26 15:49:58.072 V/WindowManagerShell( 1036):  Checking filter Pair{{types=[] flags=0x0 notFlags=0x100 checks=[{atype=home independent=true modes=[OPEN,TO_FRONT] flags=NONE mustBeTask=false order=ANY topActivity=ComponentInfo{com.google.android.apps.nexuslauncher/com.google.android.apps.nexuslauncher.NexusLauncherActivity} launchCookie=null windowingMode=undefined isCrossDisplayMove=false},{atype=standard independent=true modes=[CLOSE,TO_BACK] flags=NONE mustBeTask=false order=ANY topActivity=null launchCookie=null windowingMode=undefined isCrossDisplayMove=false},{NOT atype=undefined independent=true modes=[] flags=NONE mustBeTask=true order=ANY topActivity=null launchCookie=null customAnim=true windowingMode=undefined isCrossDisplayMove=false}]} RemoteTransition { remoteTransition = android.window.IRemoteTransition$Stub$Proxy@fea59eb, appThread = android.app.IApplicationThread$Stub$Proxy@4f01348, debugName = QuickstepLaunchHome, filter = {types=[] flags=0x0 notFlags=0x100 checks=[{atype=home independent=true modes=[OPEN,TO_FRONT] flags=NONE mustBeTask=false order=ANY topActivity=ComponentInfo{com.google.android.apps.nexuslauncher/com.google.android.apps.nexuslauncher.NexusLauncherActivity} launchCookie=null windowingMode=undefined isCrossDisplayMove=false},{atype=standard independent=true modes=[CLOSE,TO_BACK] flags=NONE mustBeTask=false order=ANY topActivity=null launchCookie=null windowingMode=undefined isCrossDisplayMove=false},{NOT atype=undefined independent=true modes=[] flags=NONE mustBeTask=true order=ANY topActivity=null launchCookie=null customAnim=true windowingMode=undefined isCrossDisplayMove=false}]} }}
04-26 15:49:58.073 V/WindowManagerShell( 1036):  Checking filter Pair{{types=[OPEN,TO_FRONT] flags=0x0 notFlags=0x0 checks=[{atype=standard independent=true modes=[OPEN,TO_FRONT] flags=NONE mustBeTask=true order=ANY topActivity=null launchCookie=null windowingMode=freeform isCrossDisplayMove=false}]} RemoteTransition { remoteTransition = android.window.IRemoteTransition$Stub$Proxy@5987ffe, appThread = null, debugName = DesktopWindowLimitUnminimize, filter = {types=[OPEN,TO_FRONT] flags=0x0 notFlags=0x0 checks=[{atype=standard independent=true modes=[OPEN,TO_FRONT] flags=NONE mustBeTask=true order=ANY topActivity=null launchCookie=null windowingMode=freeform isCrossDisplayMove=false}]} }}
04-26 15:49:58.073 V/WindowManagerShell( 1036):  Delegate animation for (#28) to null
04-26 15:49:58.073 V/WindowManagerShell( 1036): start default transition animation, info = {id=28 t=OPEN f=0x0 trk=0 r=[0@Point(0, 0)] c=[{m=OPEN f=MOVE_TO_TOP leash=Surface(name=Task=93#307)/@0xc7805fa sb=Rect(0, 0 - 2400, 1080) eb=Rect(0, 0 - 2400, 1080) epz=Point(2400, 1080) d=0 taskParent=-1 winMode=1 userId=0},{m=TO_BACK f=SHOW_WALLPAPER leash=Surface(name=Task=1#34)/@0xa48e7ab sb=Rect(0, 0 - 2400, 1080) eb=Rect(0, 0 - 2400, 1080) epz=Point(2400, 1080) d=0 taskParent=-1 winMode=1 userId=0},{m=TO_BACK f=IS_WALLPAPER leash=Surface(name=Surface(name=WallpaperWindowToken{3bea6dd}#54)/@0x4e520e1 - rotation-leash#302)/@0xe2ee08 sb=Rect(0, 0 - 1080, 2400) eb=Rect(0, 0 - 2400, 1080) epz=Point(2400, 1080) d=0 r=0->1:-1}]}
04-26 15:49:58.073 V/WindowManagerShell( 1036): loadAnimation: anim=android.view.animation.AnimationSet@c9f7620 animAttr=0x13 type=OPEN isEntrance=false
04-26 15:49:58.074 W/ActivityManager(  736): Slow operation: 77ms so far, now at startProcess: done updating pids map
04-26 15:49:58.074 V/WindowManagerShell( 1036): loadAnimation: anim=android.view.animation.AnimationSet@c222c7f animAttr=0x12 type=OPEN isEntrance=true
04-26 15:49:58.077 V/WindowManagerShell( 1036):  animated by com.android.wm.shell.transition.DefaultTransitionHandler@11f9e32
04-26 15:49:58.077 V/ShellTaskOrganizer( 1036): Task vanished taskId=92
04-26 15:49:58.077 V/ShellTaskOrganizer( 1036): Fullscreen Task Vanished: #92
04-26 15:49:58.077 V/ShellDesktopMode( 1036): Task Vanished: #92 closed=true
04-26 15:49:58.077 V/RecentTasksController( 1036): Notify recent tasks changed
04-26 15:49:58.077 D/ShellDesktopMode( 1036): AppToWebRepository: Task 92 is vanishing. Removing task data from repository
04-26 15:49:58.078 D/RecentTasksList( 1219): invalidateLoadedTasks - previous requestLoadId: -1
04-26 15:49:58.079 V/AppCompat( 1036): SingleSurfaceLetterboxController: [93]
04-26 15:49:58.079 V/AppCompat( 1036): MultiSurfaceLetterboxController: []
04-26 15:49:58.079 V/AppCompat( 1036): LetterboxInputController: [93]
04-26 15:49:58.079 V/AppCompat( 1036): RoundedCornersLetterboxController: {}
04-26 15:49:58.079 V/BaseDepthController( 1219): Applying blur: 0 to Surface(name=VRI-com.google.android.apps.nexuslauncher/com.google.android.apps.nexuslauncher.NexusLauncherActivity#298)/@0xd45637f applyImmediately: false
04-26 15:49:58.079 D/BaseDepthController( 1219): shouldBlurWorkspace: false targetState: Normal currentStableState: Normal mCurrentBlur: 0 mLauncher.getDepthBlurTargets(): [com.android.launcher3.Workspace{573bc60 V.ED..... ........ 0,0-1080,2400 #7f0a047d app:id/workspace}, com.android.launcher3.Hotseat{7eca519 V.ED..... .......D 0,1905-1080,2400 #7f0a01f1 app:id/hotseat}]
04-26 15:49:58.079 W/InputDispatcher(  736): channel 'Embedded{LetterboxInputDetector of Surface(name=Task=92#258)/@0xc9dd558}' ~ Consumer closed input channel or an error occurred.  events=0x9
04-26 15:49:58.080 E/InputDispatcher(  736): channel 'Embedded{LetterboxInputDetector of Surface(name=Task=92#258)/@0xc9dd558}' ~ Channel is unrecoverably broken and will be disposed!
04-26 15:49:58.080 W/WindowManager(  736): Failed looking up window session=Session{597bd89 1036:u0a10196} callers=com.android.server.wm.WindowManagerService.removeClientToken:2272 com.android.server.wm.Session.remove:282 android.view.IWindowSession$Stub.onTransact:637 
04-26 15:49:58.080 V/RecentTasksController( 1036): Notify recent tasks changed
04-26 15:49:58.083 V/RecentTasksController( 1036): generateList(getRecentTasks)
04-26 15:49:58.083 V/RecentTasksController( 1036): initializeDesksMap - allDeskIds: []
04-26 15:49:58.083 V/RecentTasksController( 1036): Task 93 is not an active desktop task
04-26 15:49:58.083 V/RecentTasksController( 1036): Added fullscreen task: 93
04-26 15:49:58.083 V/RecentTasksController( 1036): generateList - complete
04-26 15:49:58.091 D/RecentsView( 1219): onTaskRemoved: 92, not handling task stack changes
04-26 15:49:58.092 D/RecentsView( 1219): onTaskRemoved: 92, not handling task stack changes
04-26 15:49:58.092 D/RecentTasksList( 1219): invalidateLoadedTasks - previous requestLoadId: -1
04-26 15:49:58.092 D/RecentTasksList( 1219): invalidateLoadedTasks - previous requestLoadId: -1
04-26 15:49:58.094 V/BaseDepthController( 1219): Applying blur: 0 to Surface(name=VRI-com.google.android.apps.nexuslauncher/com.google.android.apps.nexuslauncher.NexusLauncherActivity#298)/@0xd45637f applyImmediately: false
04-26 15:49:58.095 D/BaseDepthController( 1219): shouldBlurWorkspace: false targetState: Normal currentStableState: Normal mCurrentBlur: 0 mLauncher.getDepthBlurTargets(): [com.android.launcher3.Workspace{573bc60 V.ED..... ........ 0,0-1080,2400 #7f0a047d app:id/workspace}, com.android.launcher3.Hotseat{7eca519 V.ED..... ........ 0,1905-1080,2400 #7f0a01f1 app:id/hotseat}]
04-26 15:49:58.101 W/SQLiteLog( 1867): (28) double-quoted string literal: "com.muonline.client"
04-26 15:49:58.103 E/BpTransactionCompletedListener(  566): Failed to transact (-32)
04-26 15:49:58.103 V/BaseDepthController( 1219): Applying blur: 0 to Surface(name=VRI-com.google.android.apps.nexuslauncher/com.google.android.apps.nexuslauncher.NexusLauncherActivity#298)/@0xd45637f applyImmediately: false
04-26 15:49:58.103 D/CompatChangeReporter( 6235): Compat change id reported: 242716250; UID 10230; state: ENABLED
04-26 15:49:58.103 D/BaseDepthController( 1219): shouldBlurWorkspace: false targetState: Normal currentStableState: Normal mCurrentBlur: 0 mLauncher.getDepthBlurTargets(): [com.android.launcher3.Workspace{573bc60 V.ED..... ........ 0,0-1080,2400 #7f0a047d app:id/workspace}, com.android.launcher3.Hotseat{7eca519 V.ED..... ........ 0,1905-1080,2400 #7f0a01f1 app:id/hotseat}]
04-26 15:49:58.114 I/Fitness ( 1366): (REDACTED) FitCleanupIntentOperation received Intent %s
04-26 15:49:58.118 W/skia    (  566): AGTM parsing failed flags.readFromStream(s) at 159
04-26 15:49:58.119 I/ProximityAuth( 1366): [RecentAppsMediator] Package added: (user=UserHandle{0}) com.muonline.client
04-26 15:49:58.131 D/nativeloader( 6235): Configuring clns-9 for other apk /data/app/~~eisb_luouEKg91Cx17BZag==/com.muonline.client-uO5HU91zJL0h4Zka5z9LWw==/base.apk. target_sdk_version=34, uses_libraries=, library_path=/data/app/~~eisb_luouEKg91Cx17BZag==/com.muonline.client-uO5HU91zJL0h4Zka5z9LWw==/lib/x86_64:/data/app/~~eisb_luouEKg91Cx17BZag==/com.muonline.client-uO5HU91zJL0h4Zka5z9LWw==/base.apk!/lib/x86_64, permitted_path=/data:/mnt/expand:/data/user/0/com.muonline.client
04-26 15:49:58.138 I/FontLog ( 1366): (REDACTED) Package %s has no metadata
04-26 15:49:58.146 V/GraphicsEnvironment( 6235): Currently set values for:
04-26 15:49:58.146 V/GraphicsEnvironment( 6235):   angle_gl_driver_selection_pkgs=[]
04-26 15:49:58.146 V/GraphicsEnvironment( 6235):   angle_gl_driver_selection_values=[]
04-26 15:49:58.146 V/GraphicsEnvironment( 6235): com.muonline.client is not listed in per-application setting
04-26 15:49:58.146 V/GraphicsEnvironment( 6235): No special selections for ANGLE, returning default driver choice
04-26 15:49:58.148 V/GraphicsEnvironment( 6235): Neither updatable production driver nor prerelease driver is supported.
04-26 15:49:58.153 V/BaseDepthController( 1219): Applying blur: 0 to Surface(name=VRI-com.google.android.apps.nexuslauncher/com.google.android.apps.nexuslauncher.NexusLauncherActivity#298)/@0xd45637f applyImmediately: false
04-26 15:49:58.153 D/BaseDepthController( 1219): shouldBlurWorkspace: false targetState: Normal currentStableState: Normal mCurrentBlur: 0 mLauncher.getDepthBlurTargets(): [com.android.launcher3.Workspace{573bc60 V.ED..... ........ 0,0-1080,2400 #7f0a047d app:id/workspace}, com.android.launcher3.Hotseat{7eca519 V.ED..... ........ 0,1905-1080,2400 #7f0a01f1 app:id/hotseat}]
04-26 15:49:58.162 W/skia    (  566): AGTM parsing failed flags.readFromStream(s) at 159
04-26 15:49:58.162 W/skia    (  566): AGTM parsing failed flags.readFromStream(s) at 159
04-26 15:49:58.170 V/BaseDepthController( 1219): Applying blur: 0 to Surface(name=VRI-com.google.android.apps.nexuslauncher/com.google.android.apps.nexuslauncher.NexusLauncherActivity#298)/@0xd45637f applyImmediately: false
04-26 15:49:58.170 D/BaseDepthController( 1219): shouldBlurWorkspace: false targetState: Normal currentStableState: Normal mCurrentBlur: 0 mLauncher.getDepthBlurTargets(): [com.android.launcher3.Workspace{573bc60 V.ED..... ........ 0,0-1080,2400 #7f0a047d app:id/workspace}, com.android.launcher3.Hotseat{7eca519 V.ED..... ........ 0,1905-1080,2400 #7f0a01f1 app:id/hotseat}]
04-26 15:49:58.177 D/BoundBrokerSvc( 1867): onBind: Intent { act=com.google.android.gms.common.BIND_SHARED_PREFS xflg=0x4 pkg=com.google.android.gms }
04-26 15:49:58.177 D/BoundBrokerSvc( 1867): Loading bound service for intent: Intent { act=com.google.android.gms.common.BIND_SHARED_PREFS xflg=0x4 pkg=com.google.android.gms }
04-26 15:49:58.202 I/DisplayManager( 6235): Choreographer implicitly registered for the refresh rate.
04-26 15:49:58.203 V/BaseDepthController( 1219): Applying blur: 0 to Surface(name=VRI-com.google.android.apps.nexuslauncher/com.google.android.apps.nexuslauncher.NexusLauncherActivity#298)/@0xd45637f applyImmediately: false
04-26 15:49:58.203 D/BaseDepthController( 1219): shouldBlurWorkspace: false targetState: Normal currentStableState: Normal mCurrentBlur: 0 mLauncher.getDepthBlurTargets(): [com.android.launcher3.Workspace{573bc60 V.ED..... ........ 0,0-1080,2400 #7f0a047d app:id/workspace}, com.android.launcher3.Hotseat{7eca519 V.ED..... ........ 0,1905-1080,2400 #7f0a01f1 app:id/hotseat}]
04-26 15:49:58.208 W/ActivityManager(  736): Skipping manifest association check for null package. SourceUid: 10214, SourcePkg: null, TargetUid: 10214, TargetPkg: com.google.android.gms
04-26 15:49:58.217 I/Auth    ( 1867): (REDACTED) [SupervisedAccountIntentOperation] onHandleIntent: %s
04-26 15:49:58.220 I/PackageInstalledIntentO( 1867): Test flag v2 is disabled [CONTEXT service_id=469 ]
04-26 15:49:58.223 I/NearbyDiscovery( 1867): (REDACTED) processGrantSlicePermission: %s
