04-26 19:44:28.055  4105  4105 I GoogleInputMethodService: GoogleInputMethodService.onFinishInput():2113 
04-26 19:44:28.057  4105  4105 I Module  : DeviceLockedStatusModuleProvider$Module.updateDeviceLockedStatus():103 repeatCheckTimes = 0, locked = false
04-26 19:44:28.058   736   881 W InputChannel-JNI: Channel already disposed.
04-26 19:44:28.060   736  2215 I ImeTracker: system_server:d83e2b26: onRequestHide at ORIGIN_SERVER reason IME_REQUESTED_CHANGED_LISTENER fromUser false displayId 0
04-26 19:44:28.062  4105  4105 I GoogleInputMethodService: GoogleInputMethodService.onStartInput():1384 onStartInput(EditorInfo{EditorInfo{packageName=com.muonline.client, inputType=0, inputTypeString=NULL, enableLearning=false, autoCorrection=false, autoComplete=false, imeOptions=0, privateImeOptions=null, actionName=UNSPECIFIED, actionLabel=null, initialSelStart=-1, initialSelEnd=-1, initialCapsMode=0, label=null, fieldId=0, fieldName=null, extras=null, hintText=null, hintLocales=[]}}, false)
04-26 19:44:28.062   736   762 I ImeTracker: system_server:d83e2b26: onCancelled at PHASE_SERVER_SHOULD_HIDE
04-26 19:44:28.063  4105  4105 W AndroidIME: LatinIMEBase.updateInputViewCoverNavigation():319 Null input view, cannot update padding!
04-26 19:44:28.065  4105  4105 I Module  : DeviceLockedStatusModuleProvider$Module.updateDeviceLockedStatus():103 repeatCheckTimes = 1, locked = false
04-26 19:44:28.068   736  2215 W PackageConfigPersister: App-specific configuration not found for packageName: com.muonline.client and userId: 0
04-26 19:44:28.073   566   616 W skia    : AGTM parsing failed flags.readFromStream(s) at 159
04-26 19:44:28.073   566   616 W skia    : AGTM parsing failed flags.readFromStream(s) at 159
04-26 19:44:28.073   566   616 W skia    : AGTM parsing failed flags.readFromStream(s) at 159
04-26 19:44:28.073   566   616 W skia    : AGTM parsing failed flags.readFromStream(s) at 159
04-26 19:44:28.073   566   616 W skia    : AGTM parsing failed flags.readFromStream(s) at 159
04-26 19:44:28.073   566   616 W skia    : AGTM parsing failed flags.readFromStream(s) at 159
04-26 19:44:28.088   566   616 W skia    : AGTM parsing failed flags.readFromStream(s) at 159
04-26 19:44:28.088   566   616 W skia    : AGTM parsing failed flags.readFromStream(s) at 159
04-26 19:44:28.088   566   616 W skia    : AGTM parsing failed flags.readFromStream(s) at 159
04-26 19:44:28.088   566   616 W skia    : AGTM parsing failed flags.readFromStream(s) at 159
04-26 19:44:28.089   566   616 W skia    : AGTM parsing failed flags.readFromStream(s) at 159
04-26 19:44:28.089   566   616 W skia    : AGTM parsing failed flags.readFromStream(s) at 159
04-26 19:44:28.098 16616 16683 I MuMain  : INIT: UI creation done
04-26 19:44:28.099 16616 16683 I MuMain  : VirtualPad: slots loaded version=4 idx=[-1,-1,-1,-1,-1] type=[0,0,0,0,0] path=Data/Local/android_touch_skill_slots.cfg
04-26 19:44:28.099 16616 16683 I MuMain  : VirtualPad slots: [-1,-1,-1,-1,-1]
04-26 19:44:28.099 16616 16683 I MuMain  : Android perf defaults: maxMsgPerCycle=70 targetFps=-1.0 fxScale=1.00 adaptive=on isEmulator=1
04-26 19:44:28.099 16616 16683 I MuMain  : SDL mixer volume set: level=5 sdl=71
04-26 19:44:28.099 16616 16683 I MuMain  : FPS overlay enabled
04-26 19:44:28.099 16616 16683 I MuMain  : All systems initialized — entering main loop
04-26 19:44:28.099 16616 16683 I MuMain  : Window resized → drawable: 2268x1080
04-26 19:44:28.099 16616 16683 I MuMain  : CHATIME IME state changed focused=0 sdlTextInput=1
04-26 19:44:28.100 16616 16683 I MuMain  : WEBZEN: enter
04-26 19:44:28.105   566   616 W skia    : AGTM parsing failed flags.readFromStream(s) at 159
04-26 19:44:28.105   566   616 W skia    : AGTM parsing failed flags.readFromStream(s) at 159
04-26 19:44:28.105   566   616 W skia    : AGTM parsing failed flags.readFromStream(s) at 159
04-26 19:44:28.105   566   616 W skia    : AGTM parsing failed flags.readFromStream(s) at 159
04-26 19:44:28.105   566   616 W skia    : AGTM parsing failed flags.readFromStream(s) at 159
04-26 19:44:28.105   566   616 W skia    : AGTM parsing failed flags.readFromStream(s) at 159
04-26 19:44:28.108 16616 16683 I MuMain  : WEBZEN: loading title bitmaps
04-26 19:44:28.119 16616 16683 I MuMain  : WEBZEN: OpenBasicData begin
04-26 19:44:28.119 16616 16683 I MuMain  : OPENBASIC: enter
04-26 19:44:28.119 16616 16683 I MuMain  : OPENBASIC: RenderTitle 0 begin
04-26 19:44:28.120   566   616 W skia    : AGTM parsing failed flags.readFromStream(s) at 159
04-26 19:44:28.121 16616 16683 I MuMain  : OPENBASIC: RenderTitle 0 done
04-26 19:44:28.121 16616 16683 I MuMain  : OPENBASIC: first bitmap group begin
04-26 19:44:28.121   566   616 W skia    : AGTM parsing failed flags.readFromStream(s) at 159
04-26 19:44:28.121   566   616 W skia    : AGTM parsing failed flags.readFromStream(s) at 159
04-26 19:44:28.121   566   616 W skia    : AGTM parsing failed flags.readFromStream(s) at 159
04-26 19:44:28.121   566   616 W skia    : AGTM parsing failed flags.readFromStream(s) at 159
04-26 19:44:28.121   566   616 W skia    : AGTM parsing failed flags.readFromStream(s) at 159
04-26 19:44:28.138   566   616 W skia    : AGTM parsing failed flags.readFromStream(s) at 159
04-26 19:44:28.138   566   616 W skia    : AGTM parsing failed flags.readFromStream(s) at 159
04-26 19:44:28.138   566   616 W skia    : AGTM parsing failed flags.readFromStream(s) at 159
04-26 19:44:28.138   566   616 W skia    : AGTM parsing failed flags.readFromStream(s) at 159
04-26 19:44:28.139   566   616 W skia    : AGTM parsing failed flags.readFromStream(s) at 159
04-26 19:44:28.139   566   616 W skia    : AGTM parsing failed flags.readFromStream(s) at 159
04-26 19:44:28.154   566   616 W skia    : AGTM parsing failed flags.readFromStream(s) at 159
04-26 19:44:28.155   566   616 W skia    : AGTM parsing failed flags.readFromStream(s) at 159
04-26 19:44:28.155   566   616 W skia    : AGTM parsing failed flags.readFromStream(s) at 159
04-26 19:44:28.155   566   616 W skia    : AGTM parsing failed flags.readFromStream(s) at 159
04-26 19:44:28.155   566   616 W skia    : AGTM parsing failed flags.readFromStream(s) at 159
04-26 19:44:28.155   566   616 W skia    : AGTM parsing failed flags.readFromStream(s) at 159
04-26 19:44:28.159 16616 16683 I MuMain  : OPENBASIC: first bitmap group done
04-26 19:44:28.170   566   616 W skia    : AGTM parsing failed flags.readFromStream(s) at 159
04-26 19:44:28.170   566   616 W skia    : AGTM parsing failed flags.readFromStream(s) at 159
04-26 19:44:28.170   566   616 W skia    : AGTM parsing failed flags.readFromStream(s) at 159
04-26 19:44:28.170   566   616 W skia    : AGTM parsing failed flags.readFromStream(s) at 159
04-26 19:44:28.170   566   616 W skia    : AGTM parsing failed flags.readFromStream(s) at 159
04-26 19:44:28.170   566   616 W skia    : AGTM parsing failed flags.readFromStream(s) at 159
04-26 19:44:28.187   566   616 W skia    : AGTM parsing failed flags.readFromStream(s) at 159
04-26 19:44:28.188   566   616 W skia    : AGTM parsing failed flags.readFromStream(s) at 159
04-26 19:44:28.188   566   616 W skia    : AGTM parsing failed flags.readFromStream(s) at 159
04-26 19:44:28.188   566   616 W skia    : AGTM parsing failed flags.readFromStream(s) at 159
04-26 19:44:28.188   566   616 W skia    : AGTM parsing failed flags.readFromStream(s) at 159
04-26 19:44:28.188   566   616 W skia    : AGTM parsing failed flags.readFromStream(s) at 159
04-26 19:44:28.193  4164  4217 I Finsky  : [48] WM::SCH: Logging work initialize for 12-1
04-26 19:44:28.204   566   616 W skia    : AGTM parsing failed flags.readFromStream(s) at 159
04-26 19:44:28.204   566   616 W skia    : AGTM parsing failed flags.readFromStream(s) at 159
04-26 19:44:28.204   566   616 W skia    : AGTM parsing failed flags.readFromStream(s) at 159
04-26 19:44:28.204   566   616 W skia    : AGTM parsing failed flags.readFromStream(s) at 159
04-26 19:44:28.205   566   616 W skia    : AGTM parsing failed flags.readFromStream(s) at 159
04-26 19:44:28.205   566   616 W skia    : AGTM parsing failed flags.readFromStream(s) at 159
04-26 19:44:28.215 16616 16683 I TakumiErrorReport: File not found Data\Effect\Shiny04.jpg (32118)->Data\Effect\Shiny05.jpg
04-26 19:44:28.217  4164  4217 I Finsky  : [48] WM::SCH: Logging work initialize for 12-1
04-26 19:44:28.222   566   616 W skia    : AGTM parsing failed flags.readFromStream(s) at 159
04-26 19:44:28.223   566   616 W skia    : AGTM parsing failed flags.readFromStream(s) at 159
04-26 19:44:28.223   566   616 W skia    : AGTM parsing failed flags.readFromStream(s) at 159
04-26 19:44:28.223   566   616 W skia    : AGTM parsing failed flags.readFromStream(s) at 159
04-26 19:44:28.223   566   616 W skia    : AGTM parsing failed flags.readFromStream(s) at 159
04-26 19:44:28.224   566   616 W skia    : AGTM parsing failed flags.readFromStream(s) at 159
04-26 19:44:28.238   566   616 W skia    : AGTM parsing failed flags.readFromStream(s) at 159
04-26 19:44:28.238   566   616 W skia    : AGTM parsing failed flags.readFromStream(s) at 159
04-26 19:44:28.238   566   616 W skia    : AGTM parsing failed flags.readFromStream(s) at 159
04-26 19:44:28.238   566   616 W skia    : AGTM parsing failed flags.readFromStream(s) at 159
04-26 19:44:28.238   566   616 W skia    : AGTM parsing failed flags.readFromStream(s) at 159
04-26 19:44:28.238   566   616 W skia    : AGTM parsing failed flags.readFromStream(s) at 159
04-26 19:44:28.238  4164  4223 I Finsky  : [54] SCH: Scheduling phonesky job Id: 12-1, CT: 1777207466522, Constraints: [{ L: 15000, D: 86400000, C: CHARGING_NONE, I: IDLE_NONE, N: NET_ANY, B: BATTERY_ANY }]
04-26 19:44:28.257   566   616 W skia    : AGTM parsing failed flags.readFromStream(s) at 159
04-26 19:44:28.257   566   616 W skia    : AGTM parsing failed flags.readFromStream(s) at 159
04-26 19:44:28.257   566   616 W skia    : AGTM parsing failed flags.readFromStream(s) at 159
04-26 19:44:28.257   566   616 W skia    : AGTM parsing failed flags.readFromStream(s) at 159
04-26 19:44:28.257   566   616 W skia    : AGTM parsing failed flags.readFromStream(s) at 159
04-26 19:44:28.257  4164  4224 I Finsky  : [55] SCH: Scheduling 1 system job(s)
04-26 19:44:28.257   566   616 W skia    : AGTM parsing failed flags.readFromStream(s) at 159
04-26 19:44:28.257  4164  4224 I Finsky  : [55] SCH: Scheduling system job Id: 9780, L: 13265, D: 46409430, C: false, I: false, N: 1
04-26 19:44:28.270   566   616 W skia    : AGTM parsing failed flags.readFromStream(s) at 159
04-26 19:44:28.271   566   616 W skia    : AGTM parsing failed flags.readFromStream(s) at 159
04-26 19:44:28.271   566   616 W skia    : AGTM parsing failed flags.readFromStream(s) at 159
04-26 19:44:28.271   566   616 W skia    : AGTM parsing failed flags.readFromStream(s) at 159
04-26 19:44:28.271   566   616 W skia    : AGTM parsing failed flags.readFromStream(s) at 159
04-26 19:44:28.271   566   616 W skia    : AGTM parsing failed flags.readFromStream(s) at 159
04-26 19:44:28.285  4164  4225 I Finsky  : [56] SCH: Scheduling phonesky job Id: 12-1, CT: 1777207466750, Constraints: [{ L: 15000, D: 86400000, C: CHARGING_NONE, I: IDLE_NONE, N: NET_ANY, B: BATTERY_ANY }]
04-26 19:44:28.286  4164  4216 I Finsky  : [47] [ContentSync] finished, scheduled=true
04-26 19:44:28.290   566   616 W skia    : AGTM parsing failed flags.readFromStream(s) at 159
04-26 19:44:28.290   566   616 W skia    : AGTM parsing failed flags.readFromStream(s) at 159
04-26 19:44:28.290   566   616 W skia    : AGTM parsing failed flags.readFromStream(s) at 159
04-26 19:44:28.290   566   616 W skia    : AGTM parsing failed flags.readFromStream(s) at 159
04-26 19:44:28.291  4164  4223 I Finsky  : [54] SCH: Scheduling 0 system job(s)
04-26 19:44:28.292  4164  4223 I Finsky  : [54] [ContentSync] finished, scheduled=true
04-26 19:44:28.304   566   616 W skia    : AGTM parsing failed flags.readFromStream(s) at 159
04-26 19:44:28.305   566   616 W skia    : AGTM parsing failed flags.readFromStream(s) at 159
04-26 19:44:28.305   566   616 W skia    : AGTM parsing failed flags.readFromStream(s) at 159
04-26 19:44:28.305   566   616 W skia    : AGTM parsing failed flags.readFromStream(s) at 159
04-26 19:44:28.320   566   616 W skia    : AGTM parsing failed flags.readFromStream(s) at 159
04-26 19:44:28.320   566   616 W skia    : AGTM parsing failed flags.readFromStream(s) at 159
04-26 19:44:28.321   566   616 W skia    : AGTM parsing failed flags.readFromStream(s) at 159
04-26 19:44:28.321   566   616 W skia    : AGTM parsing failed flags.readFromStream(s) at 159
04-26 19:44:28.326   736  1602 I ImeTracker: system_server:d7aa4568: onRequestHide at ORIGIN_SERVER reason IME_REQUESTED_CHANGED_LISTENER fromUser false displayId 0
04-26 19:44:28.327   736   762 I ImeTracker: system_server:d7aa4568: onCancelled at PHASE_SERVER_SHOULD_HIDE
04-26 19:44:28.332 16616 16683 I TakumiErrorReport: > First Load Files OK.
04-26 19:44:28.336   566   616 W skia    : AGTM parsing failed flags.readFromStream(s) at 159
04-26 19:44:28.337   566   616 W skia    : AGTM parsing failed flags.readFromStream(s) at 159
04-26 19:44:28.337   566   616 W skia    : AGTM parsing failed flags.readFromStream(s) at 159
04-26 19:44:28.337   566   616 W skia    : AGTM parsing failed flags.readFromStream(s) at 159
04-26 19:44:28.353   566   616 W skia    : AGTM parsing failed flags.readFromStream(s) at 159
04-26 19:44:28.353   566   616 W skia    : AGTM parsing failed flags.readFromStream(s) at 159
04-26 19:44:28.353   566   616 W skia    : AGTM parsing failed flags.readFromStream(s) at 159
04-26 19:44:28.353   566   616 W skia    : AGTM parsing failed flags.readFromStream(s) at 159
04-26 19:44:28.369   566   616 W skia    : AGTM parsing failed flags.readFromStream(s) at 159
04-26 19:44:28.369   566   616 W skia    : AGTM parsing failed flags.readFromStream(s) at 159
04-26 19:44:28.369   566   616 W skia    : AGTM parsing failed flags.readFromStream(s) at 159
04-26 19:44:28.369   566   616 W skia    : AGTM parsing failed flags.readFromStream(s) at 159
04-26 19:44:28.379  1016  1016 I wpa_supplicant: wlan0: CTRL-EVENT-BEACON-LOSS 
04-26 19:44:28.387   566   616 W skia    : AGTM parsing failed flags.readFromStream(s) at 159
04-26 19:44:28.388   566   616 W skia    : AGTM parsing failed flags.readFromStream(s) at 159
04-26 19:44:28.388   566   616 W skia    : AGTM parsing failed flags.readFromStream(s) at 159
04-26 19:44:28.388   566   616 W skia    : AGTM parsing failed flags.readFromStream(s) at 159
04-26 19:44:28.403   566   616 W skia    : AGTM parsing failed flags.readFromStream(s) at 159
04-26 19:44:28.403   566   616 W skia    : AGTM parsing failed flags.readFromStream(s) at 159
04-26 19:44:28.403   566   616 W skia    : AGTM parsing failed flags.readFromStream(s) at 159
04-26 19:44:28.404   566   616 W skia    : AGTM parsing failed flags.readFromStream(s) at 159
04-26 19:44:28.419  1036  1091 V WindowManagerShell: Transition animation finished (aborted=false), notifying core (#122) android.os.BinderProxy@f43426a@0
04-26 19:44:28.420   566   616 W skia    : AGTM parsing failed flags.readFromStream(s) at 159
04-26 19:44:28.421   566   616 W skia    : AGTM parsing failed flags.readFromStream(s) at 159
04-26 19:44:28.421   566   616 W skia    : AGTM parsing failed flags.readFromStream(s) at 159
04-26 19:44:28.421   566   616 W skia    : AGTM parsing failed flags.readFromStream(s) at 159
04-26 19:44:28.425   736   759 V WindowManager: Finish Transition (#122): created at 04-26 19:44:27.762 collect-started=0.08ms request-sent=4.409ms started=9.716ms ready=17.25ms sent=172.258ms commit=21.886ms finished=662.529ms
04-26 19:44:28.433 16616 16616 D VRI[PreloadActivity]: visibilityChanged oldVisibility=true newVisibility=false
04-26 19:44:28.434  1036  1091 V WindowManagerShell: Track 0 became idle
04-26 19:44:28.435  1036  1091 V WindowManagerShell: All active transition animations finished
04-26 19:44:28.460 16616 16616 D WindowOnBackDispatcher: setTopOnBackInvokedCallback (unwrapped): null
04-26 19:44:28.460   736  2215 D CoreBackPreview: Window{60c1885 u0 com.muonline.client/com.muonline.client.PreloadActivity}: Setting back callback null
04-26 19:44:28.462 16616 16616 D ViewRootImpl: Skipping stats log for color mode
04-26 19:44:28.896   560   624 D AF::Track: interceptBuffer: took 2302us to intercept 0 tracks
04-26 19:44:29.508  1203  1331 D SatelliteController: isInCarrierRoamingNbIotNtn: satellite is disabled
04-26 19:44:29.508  1203  1331 D SatelliteController: getCarrierRoamingNtnConnectType: Checking connect type from PLMN config for subId: 1
04-26 19:44:29.510  1203  1331 D SatelliteController: getSatellitePerPlmnConfiguration: invalid subId or not supported via carrier.
04-26 19:44:29.511  1203  1331 D SatelliteController: getCarrierRoamingNtnConnectType: config: null
04-26 19:44:29.511  1203  1331 D SatelliteController: getCarrierRoamingNtnConnectType: Falling back to global carrier config connect type: 0
04-26 19:44:29.511  1203  1331 D SatelliteController: updateLastNotifiedCarrierRoamingNtnSignalStrengthAndNotify(1)
04-26 19:44:29.511  1203  1331 D SatelliteController: updateLastNotifiedCarrierRoamingNtnSignalStrengthAndNotify(1) lastNotifiedSignalStrength level: 0
04-26 19:44:29.511  1203  1331 D SatelliteController: updateLastNotifiedCarrierRoamingNtnSignalStrengthAndNotify(1) currSignalStrength level: 0
04-26 19:44:29.678   736   921 I HalDevMgr: bestIfaceCreationProposal is null, requestIface=STA, existingIface=[name=wlan0 type=STA]
04-26 19:44:29.684  1160  1312 D IpClient/wlan0: interfaceLinkStateChanged: ifindex 16 up
04-26 19:44:29.691  1160  1312 D IpClient/wlan0: interfaceLinkStateChanged: ifindex 16 up
04-26 19:44:30.060 16616 16683 I MuMain  : OPENBASIC: OpenImages begin
04-26 19:44:30.063 16616 16683 I MuMain  : OPENBASIC: OpenImages done
04-26 19:44:30.064 16616 16683 I MuMain  : OPENBASIC: OpenSounds begin
04-26 19:44:30.064 16616 16683 I MuMain  : OPENBASIC: OpenSounds done
04-26 19:44:30.064 16616 16683 I MuMain  : OPENBASIC: scripts begin
04-26 19:44:30.078 16616 16683 I MuMain  : OPENBASIC: OpenTextData begin
04-26 19:44:30.083 16616 16683 I MuMain  : OPENBASIC: OpenTextData done
04-26 19:44:30.092 16616 16683 I MuMain  : OPENBASIC: master/gate/filter done
04-26 19:44:30.093 16616 16683 I MuMain  : WEBZEN: OpenBasicData done
04-26 19:44:30.113   736  1699 E TaskPersister: File error accessing recents directory (directory doesn't exist?).
04-26 19:44:30.162 16616 16683 I TakumiErrorReport: File not found Data\Interface\InGameShop\ingame_Bt_page_L.tga (32485)->Data\Custom\Maps\CRadar.tga
04-26 19:44:30.164 16616 16683 I TakumiErrorReport: File not found Data\Interface\InGameShop\IGS_Storage_Page.tga (32487)->Data\Custom\Maps\map_radar.tga
04-26 19:44:30.166 16616 16683 I TakumiErrorReport: File not found Data\Interface\InGameShop\IGS_Storage_Page_Left.tga (32488)->Data\Custom\Maps\background-tcp.tga
04-26 19:44:30.167 16616 16683 I TakumiErrorReport: File not found Data\Interface\InGameShop\IGS_Storage_Page_Right.tga (32489)->Data\Interface\newui_option_check.tga
04-26 19:44:30.329 16616 16683 I TakumiErrorReport: File not found Data\Interface\newui_item_back01.tga (31373)->Data\Interface\newui_item_back04.tga
04-26 19:44:30.332 16616 16683 I TakumiErrorReport: File not found Data\Interface\newui_item_back04.tga (31373)->Data\Interface\newui_item_back01.tga
04-26 19:44:30.338 16616 16683 I MuMain  : WEBZEN: LoadMainSceneInterface done
04-26 19:44:30.339 16616 16683 I TakumiErrorReport: > Loading ok.
04-26 19:44:30.341 16616 16683 E BLASTBufferQueue: [a5ff1ed SurfaceView[com.muonline.client/com.muonline.client.MuMainActivity]#2](f:0,a:0) rejecting buffer:active_size=2268x1080, requested_size=2268x1080 buffer{size=2268x943 transform=0}
04-26 19:44:30.406 16616 16683 I MuMain  : ADAPT fx scale: fps=0.4 frameMs=2307.35 1.00->0.90 target=0.55
04-26 19:44:30.406 16616 16683 I MuMain  : PERF fps=0.4 frameMs=2307.35 phase(render=2239.64 pad=0.03 present=66.61) renderLevel=4 fxScale=1.00 maxMsg=70 avg(draw=132 verts=792 im=132 vaD=0 vaC=0 qI=0 qE=0) max(draw=132 verts=792)
04-26 19:44:30.406 16616 16683 I MuMain  : PERF_SCENE world=-1 char(live=0 vis=0 ply=0 mon=0 npc=0 pet=0 prio=0 topMon=-1 x0) obj(live=0 vis=0 op=0 trap=0 topObj=-1 x0)
04-26 19:44:30.406 16616 16683 I MuMain  : PERF_BUCKET objMove(cand=0 upd=0 def=0 n=0 m=0 f=0) objRender(cand=0 draw=0 cull=0 n=0 m=0 f=0 visDraw=0 visDef=0) charMove(cand=0 upd=0 def=0 n=0 m=0 f=0) charRender(cand=0 draw=0 def=0 cull=0 n=0 m=0 f=0)
04-26 19:44:30.406 16616 16683 I MuMain  : PERF_TERRAIN world=-1 normal(block=0 tile=0) grass(block=0 tile=0) after(block=0 tile=0)
04-26 19:44:30.406 16616 16683 I MuMain  : Frame 0 — drawCalls=132 verts=792 paths(im=132 vaD=0 vaC=0 qI=0 qE=0) SDL_err='Couldn't open asset '/storage/emulated/0/Android/data/com.muonline.client/files/Data/fonts/font_.ttf''
04-26 19:44:30.576 16616 16683 I TakumiErrorReport: File not found Data\World74\leaf01.tga (30357)->Data\World74\leaf01.jpg
04-26 19:44:30.589 16616 16683 I AndroidGDI: Font OK: /system/fonts/DroidSans-Bold.ttf sz=10
04-26 19:44:30.589 16616 16683 I TakumiErrorReport: [Connect to Server 33] ip address = 171.235.182.88, port = 44405
04-26 19:44:30.591 16616 16683 E MuMain  : PlayMp3 failed requested=[data\music\login_theme.mp3] resolved=[data/music/login_theme.mp3] reqExists=0 resolvedExists=0 cwd=[/storage/emulated/0/Android/data/com.muonline.client/files]: Couldn't open 'data/music/login_theme.mp3'
04-26 19:44:30.591 16616 16683 I TakumiErrorReport: > Login Scene init success.
04-26 19:44:30.602 16616 16683 I AndroidGDI: AndroidTextOut ENTRY len=34 hdc=0x733fdca9c280 bmp=0x733fdca9c1f0 text[0]=40
04-26 19:44:30.602 16616 16683 I AndroidGDI: TextOut surf=241x18 fmt=0x16362004 maxA=255 dib[0..2]=0,0,0
04-26 19:44:30.603 16616 16683 I AndroidGDI: AndroidTextOut ENTRY len=25 hdc=0x733fdca9c280 bmp=0x733fdca9c1f0 text[0]=32
04-26 19:44:30.603 16616 16683 I AndroidGDI: TextOut surf=177x18 fmt=0x16362004 maxA=255 dib[0..2]=0,0,0
04-26 19:44:30.603 16616 16683 I AndroidGDI: AndroidTextOut ENTRY len=14 hdc=0x733fdca9c280 bmp=0x733fdca9c1f0 text[0]=80
04-26 19:44:30.603 16616 16683 I AndroidGDI: TextOut surf=95x18 fmt=0x16362004 maxA=255 dib[0..2]=0,0,0
04-26 19:44:30.615 16616 16683 I MuMain  : Frame 1 — drawCalls=123 verts=43017 paths(im=885 vaD=0 vaC=0 qI=5 qE=0) SDL_err='Couldn't open 'data/music/login_theme.mp3''
04-26 19:44:30.634 16616 16683 I AndroidGDI: AndroidTextOut ENTRY len=34 hdc=0x733fdca9c280 bmp=0x733fdca9c1f0 text[0]=40
04-26 19:44:30.634 16616 16683 I AndroidGDI: TextOut surf=241x18 fmt=0x16362004 maxA=255 dib[0..2]=0,0,0
04-26 19:44:30.635 16616 16683 I AndroidGDI: AndroidTextOut ENTRY len=25 hdc=0x733fdca9c280 bmp=0x733fdca9c1f0 text[0]=32
04-26 19:44:30.635 16616 16683 I AndroidGDI: TextOut surf=177x18 fmt=0x16362004 maxA=255 dib[0..2]=0,0,0
04-26 19:44:30.635 16616 16683 I AndroidGDI: AndroidTextOut ENTRY len=14 hdc=0x733fdca9c280 bmp=0x733fdca9c1f0 text[0]=80
04-26 19:44:30.645 16616 16683 I MuMain  : Frame 2 — drawCalls=313 verts=70092 paths(im=1526 vaD=0 vaC=0 qI=18 qE=0) SDL_err=''
04-26 19:44:30.666 16616 16683 I AndroidGDI: AndroidTextOut ENTRY len=34 hdc=0x733fdca9c280 bmp=0x733fdca9c1f0 text[0]=40
04-26 19:44:30.666 16616 16683 I AndroidGDI: AndroidTextOut ENTRY len=25 hdc=0x733fdca9c280 bmp=0x733fdca9c1f0 text[0]=32
04-26 19:44:30.666 16616 16683 I AndroidGDI: AndroidTextOut ENTRY len=14 hdc=0x733fdca9c280 bmp=0x733fdca9c1f0 text[0]=80
04-26 19:44:30.667 16616 16683 I MuMain  : Frame 3 — drawCalls=316 verts=69198 paths(im=1512 vaD=0 vaC=0 qI=31 qE=0) SDL_err=''
04-26 19:44:30.688 16616 16683 I AndroidGDI: AndroidTextOut ENTRY len=34 hdc=0x733fdca9c280 bmp=0x733fdca9c1f0 text[0]=40
04-26 19:44:30.689 16616 16683 I MuMain  : Frame 4 — drawCalls=326 verts=69258 paths(im=1522 vaD=0 vaC=0 qI=43 qE=0) SDL_err=''
04-26 19:44:30.715 16616 16683 I MuMain  : Frame 5 — drawCalls=341 verts=73677 paths(im=1542 vaD=0 vaC=0 qI=55 qE=0) SDL_err=''
04-26 19:44:30.737 16616 16683 I MuMain  : Frame 6 — drawCalls=353 verts=73779 paths(im=1559 vaD=0 vaC=0 qI=67 qE=0) SDL_err=''
04-26 19:44:30.761 16616 16683 I MuMain  : Frame 7 — drawCalls=361 verts=73851 paths(im=1571 vaD=0 vaC=0 qI=79 qE=0) SDL_err=''
04-26 19:44:30.784 16616 16683 I MuMain  : Frame 8 — drawCalls=374 verts=74031 paths(im=1587 vaD=0 vaC=0 qI=91 qE=0) SDL_err=''
04-26 19:44:30.808 16616 16683 I MuMain  : Frame 9 — drawCalls=386 verts=74199 paths(im=1601 vaD=0 vaC=0 qI=105 qE=0) SDL_err=''
04-26 19:44:30.942 16616 16683 W MuMain  : ADAPT net budget down: fps=39.9 frameMs=25.03 maxMsg 70->60
04-26 19:44:31.197 16616 16683 W MuMain  : ADAPT net budget down: fps=35.4 frameMs=28.28 maxMsg 60->50
04-26 19:44:31.474 16616 16683 W MuMain  : ADAPT net budget down: fps=36.1 frameMs=27.73 maxMsg 50->40
04-26 19:44:31.474 16616 16683 I MuMain  : PERF fps=36.1 frameMs=27.73 phase(render=26.95 pad=0.02 present=0.68) renderLevel=4 fxScale=1.00 maxMsg=40 avg(draw=444 verts=74951 im=1820 vaD=0 vaC=0 qI=212 qE=0) max(draw=453 verts=76767)
04-26 19:44:31.474 16616 16683 I MuMain  : PERF_SCENE world=73 char(live=0 vis=0 ply=0 mon=0 npc=0 pet=0 prio=0 topMon=-1 x0) obj(live=375 vis=167 op=0 trap=0 topObj=155 x29)
04-26 19:44:31.474 16616 16683 I MuMain  : PERF_BUCKET objMove(cand=0 upd=0 def=0 n=0 m=0 f=0) objRender(cand=0 draw=0 cull=0 n=0 m=0 f=0 visDraw=0 visDef=0) charMove(cand=0 upd=0 def=0 n=0 m=0 f=0) charRender(cand=0 draw=0 def=0 cull=0 n=0 m=0 f=0)
04-26 19:44:31.474 16616 16683 I MuMain  : PERF_TERRAIN world=73 normal(block=0 tile=0) grass(block=0 tile=0) after(block=0 tile=0)
04-26 19:44:31.750 16616 16683 I MuMain  : ADAPT fx scale: fps=36.3 frameMs=27.57 1.00->0.90 target=0.90
04-26 19:44:31.750 16616 16683 W MuMain  : ADAPT net budget down: fps=36.3 frameMs=27.57 maxMsg 40->30
04-26 19:44:32.536 16616 16683 I MuMain  : PERF fps=41.4 frameMs=24.18 phase(render=23.44 pad=0.02 present=0.65) renderLevel=4 fxScale=1.00 maxMsg=30 avg(draw=371 verts=79867 im=1753 vaD=0 vaC=0 qI=180 qE=0) max(draw=385 verts=81627)
04-26 19:44:32.536 16616 16683 I MuMain  : PERF_SCENE world=73 char(live=0 vis=0 ply=0 mon=0 npc=0 pet=0 prio=0 topMon=-1 x0) obj(live=375 vis=188 op=0 trap=0 topObj=79 x23)
04-26 19:44:32.536 16616 16683 I MuMain  : PERF_BUCKET objMove(cand=0 upd=0 def=0 n=0 m=0 f=0) objRender(cand=0 draw=0 cull=0 n=0 m=0 f=0 visDraw=0 visDef=0) charMove(cand=0 upd=0 def=0 n=0 m=0 f=0) charRender(cand=0 draw=0 def=0 cull=0 n=0 m=0 f=0)
04-26 19:44:32.536 16616 16683 I MuMain  : PERF_TERRAIN world=73 normal(block=0 tile=0) grass(block=0 tile=0) after(block=0 tile=0)
04-26 19:44:32.687   736   921 I HalDevMgr: bestIfaceCreationProposal is null, requestIface=STA, existingIface=[name=wlan0 type=STA]
04-26 19:44:32.860   560   624 D AF::Track: interceptBuffer: took 535us to intercept 0 tracks
04-26 19:44:33.075 16616 16683 I MuMain  : ADAPT fx scale: fps=44.6 frameMs=22.43 1.00->0.90 target=0.90
04-26 19:44:33.614 16616 16683 I MuMain  : PERF fps=42.0 frameMs=23.83 phase(render=21.30 pad=0.02 present=2.43) renderLevel=4 fxScale=1.00 maxMsg=30 avg(draw=268 verts=70493 im=1652 vaD=0 vaC=0 qI=122 qE=0) max(draw=290 verts=72426)
04-26 19:44:33.615 16616 16683 I MuMain  : PERF_SCENE world=73 char(live=0 vis=0 ply=0 mon=0 npc=0 pet=0 prio=0 topMon=-1 x0) obj(live=375 vis=185 op=0 trap=0 topObj=79 x24)
04-26 19:44:33.615 16616 16683 I MuMain  : PERF_BUCKET objMove(cand=0 upd=0 def=0 n=0 m=0 f=0) objRender(cand=0 draw=0 cull=0 n=0 m=0 f=0 visDraw=0 visDef=0) charMove(cand=0 upd=0 def=0 n=0 m=0 f=0) charRender(cand=0 draw=0 def=0 cull=0 n=0 m=0 f=0)
04-26 19:44:33.615 16616 16683 I MuMain  : PERF_TERRAIN world=73 normal(block=0 tile=0) grass(block=0 tile=0) after(block=0 tile=0)
04-26 19:44:33.703  2780  2784 I artd    : GetBestInfo: odex next to the dex file (/data/app/~~PqdBwR9WSFUNw4iaJMgoGg==/com.google.android.gms-95Dc1VeYXyONiCBDqz_lkA==/oat/x86_64/base.odex) is kOatUpToDate with filter 'speed-profile' executable 'false'
04-26 19:44:33.706  2780  2784 I artd    : GetBestInfo: dm (/data/app/~~PqdBwR9WSFUNw4iaJMgoGg==/com.google.android.gms-95Dc1VeYXyONiCBDqz_lkA==/split_AdsDynamite_installtime.dm) is kOatUpToDate with filter 'verify' executable 'false'
04-26 19:44:33.707  2780  2784 I artd    : GetBestInfo: dm (/data/app/~~PqdBwR9WSFUNw4iaJMgoGg==/com.google.android.gms-95Dc1VeYXyONiCBDqz_lkA==/split_CronetDynamite_installtime.dm) is kOatUpToDate with filter 'verify' executable 'false'
04-26 19:44:33.709  2780  2784 I artd    : GetBestInfo: dm (/data/app/~~PqdBwR9WSFUNw4iaJMgoGg==/com.google.android.gms-95Dc1VeYXyONiCBDqz_lkA==/split_DynamiteLoader_installtime.dm) is kOatUpToDate with filter 'verify' executable 'false'
04-26 19:44:33.711  2780  2784 I artd    : GetBestInfo: dm (/data/app/~~PqdBwR9WSFUNw4iaJMgoGg==/com.google.android.gms-95Dc1VeYXyONiCBDqz_lkA==/split_DynamiteModulesA_installtime.dm) is kOatUpToDate with filter 'verify' executable 'false'
04-26 19:44:33.712  2780  2784 I artd    : GetBestInfo: dm (/data/app/~~PqdBwR9WSFUNw4iaJMgoGg==/com.google.android.gms-95Dc1VeYXyONiCBDqz_lkA==/split_DynamiteModulesC_installtime.dm) is kOatUpToDate with filter 'verify' executable 'false'
04-26 19:44:33.714  2780  2784 I artd    : GetBestInfo: dm (/data/app/~~PqdBwR9WSFUNw4iaJMgoGg==/com.google.android.gms-95Dc1VeYXyONiCBDqz_lkA==/split_GoogleCertificates_installtime.dm) is kOatUpToDate with filter 'verify' executable 'false'
04-26 19:44:33.716  2780  2784 I artd    : GetBestInfo: dm (/data/app/~~PqdBwR9WSFUNw4iaJMgoGg==/com.google.android.gms-95Dc1VeYXyONiCBDqz_lkA==/split_MapsDynamite_installtime.dm) is kOatUpToDate with filter 'verify' executable 'false'
04-26 19:44:33.718  2780  2784 I artd    : GetBestInfo: dm (/data/app/~~PqdBwR9WSFUNw4iaJMgoGg==/com.google.android.gms-95Dc1VeYXyONiCBDqz_lkA==/split_MeasurementDynamite_installtime.dm) is kOatUpToDate with filter 'verify' executable 'false'
04-26 19:44:33.721  2780  2784 I artd    : GetBestInfo: dm (/data/app/~~PqdBwR9WSFUNw4iaJMgoGg==/com.google.android.gms-95Dc1VeYXyONiCBDqz_lkA==/split_all_locale_splits.dm) is kOatUpToDate with filter 'verify' executable 'false'
04-26 19:44:33.723  2780  2784 I artd    : GetBestInfo: /data/user_de/0/com.google.android.gms/app_chimera/m/0000000a/dl-TfliteDynamiteDynamite.integ_252130102100800.apk has no usable artifacts
04-26 19:44:33.724  2780  2784 I artd    : GetBestInfo: /data/user_de/0/com.google.android.gms/app_chimera/m/00000001/CronetDynamite.apk has no usable artifacts
04-26 19:44:33.727  2780  2784 I artd    : GetBestInfo: /data/user_de/0/com.google.android.gms/app_chimera/m/00000016/dl-MlkitOcrCommon.optional_261332100800.apk has no usable artifacts
04-26 19:44:33.727  2780  2784 I artd    : GetBestInfo: /data/user_de/0/com.google.android.gms/app_chimera/m/00000002/DynamiteLoader.apk has no usable artifacts
04-26 19:44:33.729  2780  2784 I artd    : GetBestInfo: /data/user_de/0/com.google.android.gms/app_chimera/m/0000000e/dl-MlkitBarcodeUi.optional_260235100800.apk has no usable artifacts
04-26 19:44:33.730  2780  2784 I artd    : GetBestInfo: /data/user_de/0/com.google.android.gms/app_chimera/m/00000013/dl-Appsearch.optional_261332100800.apk has no usable artifacts
04-26 19:44:33.731  2780  2784 I artd    : GetBestInfo: /data/user_de/0/com.google.android.gms/app_chimera/m/00000005/GoogleCertificates.apk has no usable artifacts
04-26 19:44:33.733  2780  2784 I artd    : GetBestInfo: /data/user_de/0/com.google.android.gms/app_chimera/m/00000012/dl-PlayCloudSearch.optional_261332100000.apk has no usable artifacts
04-26 19:44:33.736  2780  2784 I artd    : GetBestInfo: vdex next to the dex file (/data/user/0/com.google.android.gms/app_dg_cache/B3ED91DEC21F0EB5284BE10D982ABEAAC45F5C48/oat/x86_64/the.vdex) is kOatUpToDate with filter 'verify' executable 'false'
04-26 19:44:33.738  2780  2784 I artd    : GetBestInfo: /data/user_de/0/com.google.android.gms/app_chimera/m/0000000f/dl-PlayCloudSearch.optional_260235100000.apk has no usable artifacts
04-26 19:44:33.741  2780  2784 I artd    : GetBestInfo: /data/user_de/0/com.google.android.gms/app_chimera/m/00000008/dl-VisionOcr.optional_260235100000.apk has no usable artifacts
04-26 19:44:33.743  2780  2784 I artd    : GetBestInfo: /data/user_de/0/com.google.android.gms/app_chimera/m/0000000b/dl-Appsearch.optional_260235100800.apk has no usable artifacts
04-26 19:44:33.744  2780  2784 I artd    : GetBestInfo: /data/user_de/0/com.google.android.gms/app_chimera/m/00000011/dl-VisionOcr.optional_261332100000.apk has no usable artifacts
04-26 19:44:33.746  2780  2784 I artd    : GetBestInfo: /data/user_de/0/com.google.android.gms/app_chimera/m/00000015/dl-MlkitBarcodeUi.optional_261332100800.apk has no usable artifacts
04-26 19:44:33.748  2780  2784 I artd    : GetBestInfo: /data/user_de/0/com.google.android.gms/app_chimera/m/00000009/dl-MlkitOcrCommon.optional_260235100800.apk has no usable artifacts
04-26 19:44:33.750  2780  2784 I artd    : GetBestInfo: vdex next to the dex file (/data/user/0/com.google.android.gms/app_dg_cache/CE973E4DE823F0AA69070767A9FABB590DDD455C/oat/x86_64/the.vdex) is kOatUpToDate with filter 'verify' executable 'false'
04-26 19:44:33.751  2780  2784 I artd    : GetBestInfo: /data/user_de/0/com.google.android.gms/app_chimera/m/00000007/MeasurementDynamite.apk has no usable artifacts
04-26 19:44:34.616   736  1824 W ActivityManager: stopServiceToken startId 11 is last, but have 2 remaining args
04-26 19:44:34.658 16616 16683 I MuMain  : PERF fps=61.2 frameMs=16.33 phase(render=14.10 pad=0.03 present=2.15) renderLevel=4 fxScale=1.00 maxMsg=30 avg(draw=184 verts=79803 im=1581 vaD=0 vaC=0 qI=69 qE=0) max(draw=190 verts=85167)
04-26 19:44:34.658 16616 16683 I MuMain  : PERF_SCENE world=73 char(live=0 vis=0 ply=0 mon=0 npc=0 pet=0 prio=0 topMon=-1 x0) obj(live=375 vis=166 op=0 trap=0 topObj=79 x24)
04-26 19:44:34.658 16616 16683 I MuMain  : PERF_BUCKET objMove(cand=0 upd=0 def=0 n=0 m=0 f=0) objRender(cand=0 draw=0 cull=0 n=0 m=0 f=0 visDraw=0 visDef=0) charMove(cand=0 upd=0 def=0 n=0 m=0 f=0) charRender(cand=0 draw=0 def=0 cull=0 n=0 m=0 f=0)
04-26 19:44:34.658 16616 16683 I MuMain  : PERF_TERRAIN world=73 normal(block=0 tile=0) grass(block=0 tile=0) after(block=0 tile=0)
04-26 19:44:34.671   560   624 D AF::Track: interceptBuffer: took 758us to intercept 0 tracks
04-26 19:44:35.695   736   921 I HalDevMgr: bestIfaceCreationProposal is null, requestIface=STA, existingIface=[name=wlan0 type=STA]
04-26 19:44:35.699 16616 16683 I MuMain  : PERF fps=60.7 frameMs=16.48 phase(render=15.83 pad=0.03 present=0.56) renderLevel=4 fxScale=1.00 maxMsg=30 avg(draw=194 verts=93752 im=1620 vaD=0 vaC=0 qI=91 qE=0) max(draw=205 verts=94632)
04-26 19:44:35.699 16616 16683 I MuMain  : PERF_SCENE world=73 char(live=0 vis=0 ply=0 mon=0 npc=0 pet=0 prio=0 topMon=-1 x0) obj(live=375 vis=169 op=0 trap=0 topObj=79 x29)
04-26 19:44:35.699 16616 16683 I MuMain  : PERF_BUCKET objMove(cand=0 upd=0 def=0 n=0 m=0 f=0) objRender(cand=0 draw=0 cull=0 n=0 m=0 f=0 visDraw=0 visDef=0) charMove(cand=0 upd=0 def=0 n=0 m=0 f=0) charRender(cand=0 draw=0 def=0 cull=0 n=0 m=0 f=0)
04-26 19:44:35.699 16616 16683 I MuMain  : PERF_TERRAIN world=73 normal(block=0 tile=0) grass(block=0 tile=0) after(block=0 tile=0)
04-26 19:44:35.702  1160  1312 D IpClient/wlan0: interfaceLinkStateChanged: ifindex 16 up
04-26 19:44:35.709  1160  1312 D IpClient/wlan0: interfaceLinkStateChanged: ifindex 16 up
04-26 19:44:36.316  1016  1016 I wpa_supplicant: wlan0: CTRL-EVENT-BEACON-LOSS 
04-26 19:44:36.631   736   862 D ActivityManager: freezing 4276 com.android.vending:background
04-26 19:44:36.718 16616 16683 I MuMain  : PERF fps=52.9 frameMs=18.90 phase(render=17.80 pad=0.02 present=1.01) renderLevel=4 fxScale=1.00 maxMsg=30 avg(draw=230 verts=93582 im=1668 vaD=0 vaC=0 qI=124 qE=0) max(draw=241 verts=97302)
04-26 19:44:36.718 16616 16683 I MuMain  : PERF_SCENE world=73 char(live=0 vis=0 ply=0 mon=0 npc=0 pet=0 prio=0 topMon=-1 x0) obj(live=375 vis=166 op=0 trap=0 topObj=79 x25)
04-26 19:44:36.718 16616 16683 I MuMain  : PERF_BUCKET objMove(cand=0 upd=0 def=0 n=0 m=0 f=0) objRender(cand=0 draw=0 cull=0 n=0 m=0 f=0 visDraw=0 visDef=0) charMove(cand=0 upd=0 def=0 n=0 m=0 f=0) charRender(cand=0 draw=0 def=0 cull=0 n=0 m=0 f=0)
04-26 19:44:36.718 16616 16683 I MuMain  : PERF_TERRAIN world=73 normal(block=0 tile=0) grass(block=0 tile=0) after(block=0 tile=0)
04-26 19:44:37.026   736   862 D ActivityManager: freezing 4164 com.android.vending
04-26 19:44:37.031   736   931 D InetDiagMessage: Destroyed 0 sockets, proto=IPPROTO_TCP, family=AF_INET, states=14
04-26 19:44:37.033   736   931 D InetDiagMessage: Destroyed 2 sockets, proto=IPPROTO_TCP, family=AF_INET6, states=14
04-26 19:44:37.033   736   931 D InetDiagMessage: Destroyed live tcp sockets for uids={10154} in 3ms
04-26 19:44:37.229 16616 16683 I MuMain  : ADAPT fx scale: fps=46.2 frameMs=21.66 1.00->0.90 target=0.90
04-26 19:44:37.747 16616 16683 I MuMain  : PERF fps=54.7 frameMs=18.30 phase(render=17.54 pad=0.02 present=0.67) renderLevel=4 fxScale=1.00 maxMsg=30 avg(draw=245 verts=93854 im=1715 vaD=0 vaC=0 qI=134 qE=0) max(draw=250 verts=94917)
04-26 19:44:37.747 16616 16683 I MuMain  : PERF_SCENE world=73 char(live=0 vis=0 ply=0 mon=0 npc=0 pet=0 prio=0 topMon=-1 x0) obj(live=375 vis=156 op=0 trap=0 topObj=135 x18)
04-26 19:44:37.747 16616 16683 I MuMain  : PERF_BUCKET objMove(cand=0 upd=0 def=0 n=0 m=0 f=0) objRender(cand=0 draw=0 cull=0 n=0 m=0 f=0 visDraw=0 visDef=0) charMove(cand=0 upd=0 def=0 n=0 m=0 f=0) charRender(cand=0 draw=0 def=0 cull=0 n=0 m=0 f=0)
04-26 19:44:37.747 16616 16683 I MuMain  : PERF_TERRAIN world=73 normal(block=0 tile=0) grass(block=0 tile=0) after(block=0 tile=0)
04-26 19:44:38.524 16616 16683 I MuMain  : ADAPT fx scale: fps=47.1 frameMs=21.24 1.00->0.90 target=0.90
04-26 19:44:38.703   736   921 I HalDevMgr: bestIfaceCreationProposal is null, requestIface=STA, existingIface=[name=wlan0 type=STA]
04-26 19:44:38.785 16616 16683 I MuMain  : PERF fps=42.1 frameMs=23.78 phase(render=22.90 pad=0.02 present=0.79) renderLevel=4 fxScale=1.00 maxMsg=30 avg(draw=349 verts=104617 im=1879 vaD=0 vaC=0 qI=232 qE=0) max(draw=372 verts=104715)
04-26 19:44:38.786 16616 16683 I MuMain  : PERF_SCENE world=73 char(live=0 vis=0 ply=0 mon=0 npc=0 pet=0 prio=0 topMon=-1 x0) obj(live=375 vis=126 op=0 trap=0 topObj=135 x18)
04-26 19:44:38.786 16616 16683 I MuMain  : PERF_BUCKET objMove(cand=0 upd=0 def=0 n=0 m=0 f=0) objRender(cand=0 draw=0 cull=0 n=0 m=0 f=0 visDraw=0 visDef=0) charMove(cand=0 upd=0 def=0 n=0 m=0 f=0) charRender(cand=0 draw=0 def=0 cull=0 n=0 m=0 f=0)
04-26 19:44:38.786 16616 16683 I MuMain  : PERF_TERRAIN world=73 normal(block=0 tile=0) grass(block=0 tile=0) after(block=0 tile=0)
04-26 19:44:38.954   736   931 D InetDiagMessage: Destroyed 0 sockets, proto=IPPROTO_TCP, family=AF_INET, states=14
04-26 19:44:38.954   736   931 D InetDiagMessage: Destroyed 0 sockets, proto=IPPROTO_TCP, family=AF_INET6, states=14
04-26 19:44:38.955   736   931 D InetDiagMessage: Destroyed live tcp sockets for uids={10160} in 1ms
04-26 19:44:38.955   736   931 D InetDiagMessage: Destroyed 0 sockets, proto=IPPROTO_TCP, family=AF_INET, states=14
04-26 19:44:38.955   736   931 D InetDiagMessage: Destroyed 0 sockets, proto=IPPROTO_TCP, family=AF_INET6, states=14
04-26 19:44:38.956   736   931 D InetDiagMessage: Destroyed live tcp sockets for uids={20160} in 1ms
04-26 19:44:39.509  1203  1331 D SatelliteController: isInCarrierRoamingNbIotNtn: satellite is disabled
04-26 19:44:39.509  1203  1331 D SatelliteController: getCarrierRoamingNtnConnectType: Checking connect type from PLMN config for subId: 1
04-26 19:44:39.512  1203  1331 D SatelliteController: getSatellitePerPlmnConfiguration: invalid subId or not supported via carrier.
04-26 19:44:39.512  1203  1331 D SatelliteController: getCarrierRoamingNtnConnectType: config: null
04-26 19:44:39.513  1203  1331 D SatelliteController: getCarrierRoamingNtnConnectType: Falling back to global carrier config connect type: 0
04-26 19:44:39.514  1203  1331 D SatelliteController: updateLastNotifiedCarrierRoamingNtnSignalStrengthAndNotify(1)
04-26 19:44:39.514  1203  1331 D SatelliteController: updateLastNotifiedCarrierRoamingNtnSignalStrengthAndNotify(1) lastNotifiedSignalStrength level: 0
04-26 19:44:39.514  1203  1331 D SatelliteController: updateLastNotifiedCarrierRoamingNtnSignalStrengthAndNotify(1) currSignalStrength level: 0
04-26 19:44:39.853 16616 16683 I MuMain  : ADAPT fx scale: fps=40.4 frameMs=24.74 1.00->0.90 target=0.90
04-26 19:44:39.853 16616 16683 I MuMain  : PERF fps=40.4 frameMs=24.74 phase(render=23.91 pad=0.02 present=0.75) renderLevel=4 fxScale=1.00 maxMsg=30 avg(draw=373 verts=99063 im=1938 vaD=0 vaC=0 qI=275 qE=0) max(draw=377 verts=99876)
04-26 19:44:39.853 16616 16683 I MuMain  : PERF_SCENE world=73 char(live=0 vis=0 ply=0 mon=0 npc=0 pet=0 prio=0 topMon=-1 x0) obj(live=375 vis=105 op=0 trap=0 topObj=135 x12)
04-26 19:44:39.853 16616 16683 I MuMain  : PERF_BUCKET objMove(cand=0 upd=0 def=0 n=0 m=0 f=0) objRender(cand=0 draw=0 cull=0 n=0 m=0 f=0 visDraw=0 visDef=0) charMove(cand=0 upd=0 def=0 n=0 m=0 f=0) charRender(cand=0 draw=0 def=0 cull=0 n=0 m=0 f=0)
04-26 19:44:39.853 16616 16683 I MuMain  : PERF_TERRAIN world=73 normal(block=0 tile=0) grass(block=0 tile=0) after(block=0 tile=0)
04-26 19:44:40.866 16616 16683 I MuMain  : PERF fps=39.4 frameMs=25.35 phase(render=24.57 pad=0.04 present=0.67) renderLevel=4 fxScale=1.00 maxMsg=30 avg(draw=395 verts=96817 im=2008 vaD=0 vaC=0 qI=297 qE=0) max(draw=404 verts=96864)
04-26 19:44:40.866 16616 16683 I MuMain  : PERF_SCENE world=73 char(live=0 vis=0 ply=0 mon=0 npc=0 pet=0 prio=0 topMon=-1 x0) obj(live=375 vis=88 op=0 trap=0 topObj=129 x7)
04-26 19:44:40.866 16616 16683 I MuMain  : PERF_BUCKET objMove(cand=0 upd=0 def=0 n=0 m=0 f=0) objRender(cand=0 draw=0 cull=0 n=0 m=0 f=0 visDraw=0 visDef=0) charMove(cand=0 upd=0 def=0 n=0 m=0 f=0) charRender(cand=0 draw=0 def=0 cull=0 n=0 m=0 f=0)
04-26 19:44:40.866 16616 16683 I MuMain  : PERF_TERRAIN world=73 normal(block=0 tile=0) grass(block=0 tile=0) after(block=0 tile=0)
04-26 19:44:41.118 16616 16683 I MuMain  : ADAPT fx scale: fps=39.7 frameMs=25.16 1.00->0.90 target=0.90
04-26 19:44:41.711   736   921 I HalDevMgr: bestIfaceCreationProposal is null, requestIface=STA, existingIface=[name=wlan0 type=STA]
04-26 19:44:41.718  1160  1312 D IpClient/wlan0: interfaceLinkStateChanged: ifindex 16 up
04-26 19:44:41.723  1160  1312 D IpClient/wlan0: interfaceLinkStateChanged: ifindex 16 up
04-26 19:44:41.908 16616 16683 I MuMain  : PERF fps=42.4 frameMs=23.61 phase(render=22.86 pad=0.02 present=0.67) renderLevel=4 fxScale=1.00 maxMsg=30 avg(draw=351 verts=81979 im=1973 vaD=0 vaC=0 qI=269 qE=0) max(draw=357 verts=82260)
04-26 19:44:41.908 16616 16683 I MuMain  : PERF_SCENE world=73 char(live=0 vis=0 ply=0 mon=0 npc=0 pet=0 prio=0 topMon=-1 x0) obj(live=375 vis=76 op=0 trap=0 topObj=129 x7)
04-26 19:44:41.908 16616 16683 I MuMain  : PERF_BUCKET objMove(cand=0 upd=0 def=0 n=0 m=0 f=0) objRender(cand=0 draw=0 cull=0 n=0 m=0 f=0 visDraw=0 visDef=0) charMove(cand=0 upd=0 def=0 n=0 m=0 f=0) charRender(cand=0 draw=0 def=0 cull=0 n=0 m=0 f=0)
04-26 19:44:41.908 16616 16683 I MuMain  : PERF_TERRAIN world=73 normal(block=0 tile=0) grass(block=0 tile=0) after(block=0 tile=0)
04-26 19:44:42.239 14925 14925 D BoundBrokerSvc: onUnbind: Intent { act=com.google.android.gms.feedback.internal.IFeedbackService dat=chimera-action:/... xflg=0x4 cmp=com.google.android.gms/.chimera.GmsBoundBrokerService }
04-26 19:44:42.426 16616 16683 I MuMain  : ADAPT fx scale: fps=42.4 frameMs=23.60 1.00->0.90 target=0.90
04-26 19:44:42.940 16616 16683 I MuMain  : PERF fps=42.6 frameMs=23.45 phase(render=22.63 pad=0.02 present=0.74) renderLevel=4 fxScale=1.00 maxMsg=30 avg(draw=353 verts=91599 im=1962 vaD=0 vaC=0 qI=271 qE=0) max(draw=359 verts=95763)
04-26 19:44:42.940 16616 16683 I MuMain  : PERF_SCENE world=73 char(live=0 vis=0 ply=0 mon=0 npc=0 pet=0 prio=0 topMon=-1 x0) obj(live=375 vis=62 op=0 trap=0 topObj=129 x6)
04-26 19:44:42.940 16616 16683 I MuMain  : PERF_BUCKET objMove(cand=0 upd=0 def=0 n=0 m=0 f=0) objRender(cand=0 draw=0 cull=0 n=0 m=0 f=0 visDraw=0 visDef=0) charMove(cand=0 upd=0 def=0 n=0 m=0 f=0) charRender(cand=0 draw=0 def=0 cull=0 n=0 m=0 f=0)
04-26 19:44:42.940 16616 16683 I MuMain  : PERF_TERRAIN world=73 normal(block=0 tile=0) grass(block=0 tile=0) after(block=0 tile=0)
04-26 19:44:43.701  2780  2784 I artd    : GetBestInfo: odex next to the dex file (/data/app/~~PqdBwR9WSFUNw4iaJMgoGg==/com.google.android.gms-95Dc1VeYXyONiCBDqz_lkA==/oat/x86_64/base.odex) is kOatUpToDate with filter 'speed-profile' executable 'false'
04-26 19:44:43.702  2780  2784 I artd    : GetBestInfo: dm (/data/app/~~PqdBwR9WSFUNw4iaJMgoGg==/com.google.android.gms-95Dc1VeYXyONiCBDqz_lkA==/split_AdsDynamite_installtime.dm) is kOatUpToDate with filter 'verify' executable 'false'
04-26 19:44:43.705  2780  2784 I artd    : GetBestInfo: dm (/data/app/~~PqdBwR9WSFUNw4iaJMgoGg==/com.google.android.gms-95Dc1VeYXyONiCBDqz_lkA==/split_CronetDynamite_installtime.dm) is kOatUpToDate with filter 'verify' executable 'false'
04-26 19:44:43.706  2780  2783 I artd    : GetBestInfo: dm (/data/app/~~PqdBwR9WSFUNw4iaJMgoGg==/com.google.android.gms-95Dc1VeYXyONiCBDqz_lkA==/split_DynamiteLoader_installtime.dm) is kOatUpToDate with filter 'verify' executable 'false'
04-26 19:44:43.708  2780  2783 I artd    : GetBestInfo: dm (/data/app/~~PqdBwR9WSFUNw4iaJMgoGg==/com.google.android.gms-95Dc1VeYXyONiCBDqz_lkA==/split_DynamiteModulesA_installtime.dm) is kOatUpToDate with filter 'verify' executable 'false'
04-26 19:44:43.710  2780  2783 I artd    : GetBestInfo: dm (/data/app/~~PqdBwR9WSFUNw4iaJMgoGg==/com.google.android.gms-95Dc1VeYXyONiCBDqz_lkA==/split_DynamiteModulesC_installtime.dm) is kOatUpToDate with filter 'verify' executable 'false'
04-26 19:44:43.710 16616 16683 I MuMain  : ADAPT fx scale: fps=27.5 frameMs=36.43 1.00->0.90 target=0.80
04-26 19:44:43.712  2780  2783 I artd    : GetBestInfo: dm (/data/app/~~PqdBwR9WSFUNw4iaJMgoGg==/com.google.android.gms-95Dc1VeYXyONiCBDqz_lkA==/split_GoogleCertificates_installtime.dm) is kOatUpToDate with filter 'verify' executable 'false'
04-26 19:44:43.714  2780  2783 I artd    : GetBestInfo: dm (/data/app/~~PqdBwR9WSFUNw4iaJMgoGg==/com.google.android.gms-95Dc1VeYXyONiCBDqz_lkA==/split_MapsDynamite_installtime.dm) is kOatUpToDate with filter 'verify' executable 'false'
04-26 19:44:43.716  2780  2783 I artd    : GetBestInfo: dm (/data/app/~~PqdBwR9WSFUNw4iaJMgoGg==/com.google.android.gms-95Dc1VeYXyONiCBDqz_lkA==/split_MeasurementDynamite_installtime.dm) is kOatUpToDate with filter 'verify' executable 'false'
04-26 19:44:43.718  2780  2783 I artd    : GetBestInfo: dm (/data/app/~~PqdBwR9WSFUNw4iaJMgoGg==/com.google.android.gms-95Dc1VeYXyONiCBDqz_lkA==/split_all_locale_splits.dm) is kOatUpToDate with filter 'verify' executable 'false'
04-26 19:44:43.720  2780  2783 I artd    : GetBestInfo: /data/user_de/0/com.google.android.gms/app_chimera/m/0000000a/dl-TfliteDynamiteDynamite.integ_252130102100800.apk has no usable artifacts
04-26 19:44:43.721  2780  2783 I artd    : GetBestInfo: /data/user_de/0/com.google.android.gms/app_chimera/m/00000001/CronetDynamite.apk has no usable artifacts
04-26 19:44:43.723  2780  2783 I artd    : GetBestInfo: /data/user_de/0/com.google.android.gms/app_chimera/m/00000016/dl-MlkitOcrCommon.optional_261332100800.apk has no usable artifacts
04-26 19:44:43.723  2780  2783 I artd    : GetBestInfo: /data/user_de/0/com.google.android.gms/app_chimera/m/00000002/DynamiteLoader.apk has no usable artifacts
04-26 19:44:43.725  2780  2783 I artd    : GetBestInfo: /data/user_de/0/com.google.android.gms/app_chimera/m/0000000e/dl-MlkitBarcodeUi.optional_260235100800.apk has no usable artifacts
04-26 19:44:43.727  2780  2783 I artd    : GetBestInfo: /data/user_de/0/com.google.android.gms/app_chimera/m/00000013/dl-Appsearch.optional_261332100800.apk has no usable artifacts
04-26 19:44:43.728  2780  2783 I artd    : GetBestInfo: /data/user_de/0/com.google.android.gms/app_chimera/m/00000005/GoogleCertificates.apk has no usable artifacts
04-26 19:44:43.730  2780  2783 I artd    : GetBestInfo: /data/user_de/0/com.google.android.gms/app_chimera/m/00000012/dl-PlayCloudSearch.optional_261332100000.apk has no usable artifacts
04-26 19:44:43.732  2780  2783 I artd    : GetBestInfo: vdex next to the dex file (/data/user/0/com.google.android.gms/app_dg_cache/B3ED91DEC21F0EB5284BE10D982ABEAAC45F5C48/oat/x86_64/the.vdex) is kOatUpToDate with filter 'verify' executable 'false'
04-26 19:44:43.735  2780  2783 I artd    : GetBestInfo: /data/user_de/0/com.google.android.gms/app_chimera/m/0000000f/dl-PlayCloudSearch.optional_260235100000.apk has no usable artifacts
04-26 19:44:43.737  2780  2783 I artd    : GetBestInfo: /data/user_de/0/com.google.android.gms/app_chimera/m/00000008/dl-VisionOcr.optional_260235100000.apk has no usable artifacts
04-26 19:44:43.739  2780  2783 I artd    : GetBestInfo: /data/user_de/0/com.google.android.gms/app_chimera/m/0000000b/dl-Appsearch.optional_260235100800.apk has no usable artifacts
04-26 19:44:43.740  2780  2783 I artd    : GetBestInfo: /data/user_de/0/com.google.android.gms/app_chimera/m/00000011/dl-VisionOcr.optional_261332100000.apk has no usable artifacts
04-26 19:44:43.743  2780  2783 I artd    : GetBestInfo: /data/user_de/0/com.google.android.gms/app_chimera/m/00000015/dl-MlkitBarcodeUi.optional_261332100800.apk has no usable artifacts
04-26 19:44:43.744  2780  2783 I artd    : GetBestInfo: /data/user_de/0/com.google.android.gms/app_chimera/m/00000009/dl-MlkitOcrCommon.optional_260235100800.apk has no usable artifacts
04-26 19:44:43.746  2780  2783 I artd    : GetBestInfo: vdex next to the dex file (/data/user/0/com.google.android.gms/app_dg_cache/CE973E4DE823F0AA69070767A9FABB590DDD455C/oat/x86_64/the.vdex) is kOatUpToDate with filter 'verify' executable 'false'
