--------- beginning of main
04-26 15:48:04.043 D/AlphabeticalAppsList( 1219): addAppsWithSections: adding sectionName: Y with appInfoTitle: YouTube
04-26 15:48:04.043 D/AlphabeticalAppsList( 1219): Adding FastScrollSection duplicate to scroll to the bottom.
04-26 15:48:04.046 I/Finsky:background( 4276): [2] ajje - Received: android.intent.action.PACKAGE_ADDED, [n076RJLEETmEZ61FBJHrGFwh-0szukPG_iaeB-mhrwQ]
04-26 15:48:04.048 D/b/387844520( 1219): getOutlineOffsetX: measured width = 173, mNormalizedIconSize = 159, last updated width = 173
04-26 15:48:04.053 V/BaseDepthController( 1219): Applying blur: 0 to Surface(name=VRI-com.google.android.apps.nexuslauncher/com.google.android.apps.nexuslauncher.NexusLauncherActivity#202)/@0xd45637f applyImmediately: false
04-26 15:48:04.053 D/BaseDepthController( 1219): setEarlyWakeup: true
04-26 15:48:04.053 D/BaseDepthController( 1219): shouldBlurWorkspace: false targetState: Normal currentStableState: Normal mCurrentBlur: 0 mLauncher.getDepthBlurTargets(): [com.android.launcher3.Workspace{573bc60 V.ED..... ......ID 0,0-1080,2400 #7f0a047d app:id/workspace}, com.android.launcher3.Hotseat{7eca519 V.ED..... .......D 0,1905-1080,2400 #7f0a01f1 app:id/hotseat}]
04-26 15:48:04.053 I/Finsky  ( 4164): [2] SCH: Received scheduling request: Id: 12-1, Constraints: [{ L: 15000, D: 86400000, C: CHARGING_NONE, I: IDLE_NONE, N: NET_ANY, B: BATTERY_ANY }]
04-26 15:48:04.064 I/Finsky:background( 4276): [107] Wrote row to frosting DB: 3080
04-26 15:48:04.065 W/skia    (  566): AGTM parsing failed flags.readFromStream(s) at 159
04-26 15:48:04.065 W/skia    (  566): AGTM parsing failed flags.readFromStream(s) at 159
04-26 15:48:04.067 I/Finsky:background( 4276): [2] ajje - Deduping intent android.intent.action.PACKAGE_ADDED
04-26 15:48:04.069 D/SatelliteController( 1203): packageStateChanged: package:com.muonline.client defaultSmsPackageName: com.google.android.apps.messaging satelliteGatewayServicePackageName: 
04-26 15:48:04.069 V/BaseDepthController( 1219): Applying blur: 0 to Surface(name=VRI-com.google.android.apps.nexuslauncher/com.google.android.apps.nexuslauncher.NexusLauncherActivity#202)/@0xd45637f applyImmediately: false
04-26 15:48:04.069 D/CarrierSvcBindHelper( 1203): onHandleForceStop: [com.muonline.client]
04-26 15:48:04.069 D/BaseDepthController( 1219): shouldBlurWorkspace: false targetState: Normal currentStableState: Normal mCurrentBlur: 0 mLauncher.getDepthBlurTargets(): [com.android.launcher3.Workspace{573bc60 V.ED..... ........ 0,0-1080,2400 #7f0a047d app:id/workspace}, com.android.launcher3.Hotseat{7eca519 V.ED..... ........ 0,1905-1080,2400 #7f0a01f1 app:id/hotseat}]
04-26 15:48:04.069 D/CarrierSvcBindHelper( 1203): No carrier app for: 0
04-26 15:48:04.076 E/RoleControllerServiceImpl(  736): Default/fallback role holder package doesn't qualify for the role, package: com.google.android.gms, role: android.app.role.WALLET, user: 0
04-26 15:48:04.080 I/Finsky:background( 4276): [50] IQ:PSL: skipping onPackageRemoved(replacing=true) for untracked package=com.muonline.client
04-26 15:48:04.082 I/Finsky:background( 4276): [107] Wrote row to frosting DB: 3081
04-26 15:48:04.086 V/BaseDepthController( 1219): Applying blur: 0 to Surface(name=VRI-com.google.android.apps.nexuslauncher/com.google.android.apps.nexuslauncher.NexusLauncherActivity#202)/@0xd45637f applyImmediately: false
04-26 15:48:04.086 D/BaseDepthController( 1219): shouldBlurWorkspace: false targetState: Normal currentStableState: Normal mCurrentBlur: 0 mLauncher.getDepthBlurTargets(): [com.android.launcher3.Workspace{573bc60 V.ED..... ........ 0,0-1080,2400 #7f0a047d app:id/workspace}, com.android.launcher3.Hotseat{7eca519 V.ED..... ........ 0,1905-1080,2400 #7f0a01f1 app:id/hotseat}]
04-26 15:48:04.094 W/SignedPackage(  736): Cannot get ApplicationInfo for package: com.google.android.devicelockcontroller
--------- beginning of system
04-26 15:48:04.096 D/ActivityThread(  736): Package [com.muonline.client] reported as REPLACED, but missing application info. Assuming REMOVED.
04-26 15:48:04.096 I/Finsky:background( 4276): [2] ajje - Received: android.intent.action.PACKAGE_ADDED, [n076RJLEETmEZ61FBJHrGFwh-0szukPG_iaeB-mhrwQ]
04-26 15:48:04.097 D/ActivityThread(  736): Package [com.muonline.client] reported as REPLACED, but missing application info. Assuming REMOVED.
04-26 15:48:04.103 V/BaseDepthController( 1219): Applying blur: 0 to Surface(name=VRI-com.google.android.apps.nexuslauncher/com.google.android.apps.nexuslauncher.NexusLauncherActivity#202)/@0xd45637f applyImmediately: false
04-26 15:48:04.103 D/BaseDepthController( 1219): shouldBlurWorkspace: false targetState: Normal currentStableState: Normal mCurrentBlur: 0 mLauncher.getDepthBlurTargets(): [com.android.launcher3.Workspace{573bc60 V.ED..... ........ 0,0-1080,2400 #7f0a047d app:id/workspace}, com.android.launcher3.Hotseat{7eca519 V.ED..... ........ 0,1905-1080,2400 #7f0a01f1 app:id/hotseat}]
04-26 15:48:04.112 I/Finsky:background( 4276): [2] ajje - Deduping intent android.intent.action.PACKAGE_ADDED
04-26 15:48:04.117 I/Finsky:background( 4276): [107] Wrote row to frosting DB: 3082
04-26 15:48:04.118 D/ActivityThread( 4276): Package [com.muonline.client] reported as REPLACED, but missing application info. Assuming REMOVED.
04-26 15:48:04.120 V/BaseDepthController( 1219): Applying blur: 0 to Surface(name=VRI-com.google.android.apps.nexuslauncher/com.google.android.apps.nexuslauncher.NexusLauncherActivity#202)/@0xd45637f applyImmediately: false
04-26 15:48:04.120 I/Finsky:background( 4276): [55] RECEIVER_PACKAGE_MONITOR_BACKGROUND#logWorkEndAndFinishGoAsync: SUCCESS
04-26 15:48:04.120 D/BaseDepthController( 1219): shouldBlurWorkspace: false targetState: Normal currentStableState: Normal mCurrentBlur: 0 mLauncher.getDepthBlurTargets(): [com.android.launcher3.Workspace{573bc60 V.ED..... ........ 0,0-1080,2400 #7f0a047d app:id/workspace}, com.android.launcher3.Hotseat{7eca519 V.ED..... ........ 0,1905-1080,2400 #7f0a01f1 app:id/hotseat}]
04-26 15:48:04.120 D/ActivityThread( 4276): Package [com.muonline.client] reported as REPLACED, but missing application info. Assuming REMOVED.
04-26 15:48:04.132 W/System  ( 1036): A resource failed to call release. 
04-26 15:48:04.132 W/System  ( 1036): A resource failed to call release. 
04-26 15:48:04.132 W/System  ( 1036): A resource failed to call release. 
04-26 15:48:04.137 V/BaseDepthController( 1219): Applying blur: 0 to Surface(name=VRI-com.google.android.apps.nexuslauncher/com.google.android.apps.nexuslauncher.NexusLauncherActivity#202)/@0xd45637f applyImmediately: false
04-26 15:48:04.137 D/BaseDepthController( 1219): shouldBlurWorkspace: false targetState: Normal currentStableState: Normal mCurrentBlur: 0 mLauncher.getDepthBlurTargets(): [com.android.launcher3.Workspace{573bc60 V.ED..... ........ 0,0-1080,2400 #7f0a047d app:id/workspace}, com.android.launcher3.Hotseat{7eca519 V.ED..... ........ 0,1905-1080,2400 #7f0a01f1 app:id/hotseat}]
04-26 15:48:04.140 I/Finsky:background( 4276): [107] Wrote row to frosting DB: 3083
04-26 15:48:04.152 D/AS.AudioService(  736): received android.intent.action.PACKAGE_REPLACED replacing: true archival: false for package com.muonline.client with uid 10230
04-26 15:48:04.152 D/AppSearchAppsIndexerManagerS(  736): userid in package receiver: 10230
04-26 15:48:04.153 I/MediaProvider( 1619): Invalidating LocalCallingIdentity cache for package com.muonline.client. Reason: package android.intent.action.PACKAGE_REMOVED
04-26 15:48:04.153 W/MediaProvider( 1619): WorkProfileOwnerApps cache is empty
04-26 15:48:04.153 D/PickerSyncLockManager( 1619): Trying to acquire lock com.android.providers.media.photopicker.sync.CloseableReentrantLock@13ff476[Unlocked]. Lock Name = CLOUD_PROVIDER_LOCK. Threads that may be waiting to acquire this lock = []
04-26 15:48:04.153 V/BaseDepthController( 1219): Applying blur: 0 to Surface(name=VRI-com.google.android.apps.nexuslauncher/com.google.android.apps.nexuslauncher.NexusLauncherActivity#202)/@0xd45637f applyImmediately: false
04-26 15:48:04.153 D/BaseDepthController( 1219): shouldBlurWorkspace: false targetState: Normal currentStableState: Normal mCurrentBlur: 0 mLauncher.getDepthBlurTargets(): [com.android.launcher3.Workspace{573bc60 V.ED..... ........ 0,0-1080,2400 #7f0a047d app:id/workspace}, com.android.launcher3.Hotseat{7eca519 V.ED..... ........ 0,1905-1080,2400 #7f0a01f1 app:id/hotseat}]
04-26 15:48:04.153 D/CloseableReentrantLock( 1619): Successfully acquired lock com.android.providers.media.photopicker.sync.CloseableReentrantLock@13ff476[Locked by thread main]. Lock Name = CLOUD_PROVIDER_LOCK. Threads that may be waiting to acquire this lock = []
04-26 15:48:04.153 D/CloseableReentrantLock( 1619): Successfully released lock com.android.providers.media.photopicker.sync.CloseableReentrantLock@13ff476[Unlocked]. Lock Name = CLOUD_PROVIDER_LOCK. Threads that may be waiting to acquire this lock = []
04-26 15:48:04.161 I/Finsky:background( 4276): [107] Wrote row to frosting DB: 3084
04-26 15:48:04.165 W/skia    (  566): AGTM parsing failed flags.readFromStream(s) at 159
04-26 15:48:04.165 W/skia    (  566): AGTM parsing failed flags.readFromStream(s) at 159
04-26 15:48:04.173 I/Finsky:background( 4276): [107] Wrote row to frosting DB: 3085
04-26 15:48:04.174 V/BaseDepthController( 1219): Applying blur: 0 to Surface(name=VRI-com.google.android.apps.nexuslauncher/com.google.android.apps.nexuslauncher.NexusLauncherActivity#202)/@0xd45637f applyImmediately: false
04-26 15:48:04.174 D/BaseDepthController( 1219): shouldBlurWorkspace: false targetState: Normal currentStableState: Normal mCurrentBlur: 0 mLauncher.getDepthBlurTargets(): [com.android.launcher3.Workspace{573bc60 V.ED..... ........ 0,0-1080,2400 #7f0a047d app:id/workspace}, com.android.launcher3.Hotseat{7eca519 V.ED..... ........ 0,1905-1080,2400 #7f0a01f1 app:id/hotseat}]
04-26 15:48:04.186 V/BaseDepthController( 1219): Applying blur: 0 to Surface(name=VRI-com.google.android.apps.nexuslauncher/com.google.android.apps.nexuslauncher.NexusLauncherActivity#202)/@0xd45637f applyImmediately: false
04-26 15:48:04.186 D/BaseDepthController( 1219): shouldBlurWorkspace: false targetState: Normal currentStableState: Normal mCurrentBlur: 0 mLauncher.getDepthBlurTargets(): [com.android.launcher3.Workspace{573bc60 V.ED..... ........ 0,0-1080,2400 #7f0a047d app:id/workspace}, com.android.launcher3.Hotseat{7eca519 V.ED..... ........ 0,1905-1080,2400 #7f0a01f1 app:id/hotseat}]
04-26 15:48:04.203 V/BaseDepthController( 1219): Applying blur: 0 to Surface(name=VRI-com.google.android.apps.nexuslauncher/com.google.android.apps.nexuslauncher.NexusLauncherActivity#202)/@0xd45637f applyImmediately: false
04-26 15:48:04.203 D/BaseDepthController( 1219): shouldBlurWorkspace: false targetState: Normal currentStableState: Normal mCurrentBlur: 0 mLauncher.getDepthBlurTargets(): [com.android.launcher3.Workspace{573bc60 V.ED..... ........ 0,0-1080,2400 #7f0a047d app:id/workspace}, com.android.launcher3.Hotseat{7eca519 V.ED..... ........ 0,1905-1080,2400 #7f0a01f1 app:id/hotseat}]
04-26 15:48:04.215 W/AlarmManager(  736): Package com.muonline.client, uid 10230 lost permission to set exact alarms!
04-26 15:48:04.218 V/AccessibilityManagerService(  736): onUserStateChangedLocked for userId: 0, forceUpdate: false
04-26 15:48:04.218 I/system_server(  736): Background concurrent mark compact GC freed 27MB AllocSpace bytes, 32(1056KB) LOS objects, 40% free, 34MB/58MB, paused 7.196ms,60.339ms total 572.617ms
04-26 15:48:04.219 V/BaseDepthController( 1219): Applying blur: 0 to Surface(name=VRI-com.google.android.apps.nexuslauncher/com.google.android.apps.nexuslauncher.NexusLauncherActivity#202)/@0xd45637f applyImmediately: false
04-26 15:48:04.219 D/BaseDepthController( 1219): shouldBlurWorkspace: false targetState: Normal currentStableState: Normal mCurrentBlur: 0 mLauncher.getDepthBlurTargets(): [com.android.launcher3.Workspace{573bc60 V.ED..... ........ 0,0-1080,2400 #7f0a047d app:id/workspace}, com.android.launcher3.Hotseat{7eca519 V.ED..... ........ 0,1905-1080,2400 #7f0a01f1 app:id/hotseat}]
04-26 15:48:04.223 I/libbinder.BpBinder(  736): onLastStrongRef automatically unlinking death recipients for binder (0x733fbca859d0) with descriptor: '(not cached)'
04-26 15:48:04.225 I/Finsky  ( 4164): [2] ajjp - Received: android.intent.action.PACKAGE_ADDED, [n076RJLEETmEZ61FBJHrGFwh-0szukPG_iaeB-mhrwQ]
04-26 15:48:04.225 V/AccessibilityUserState(  736): updateShortcutTargets: type:accessibility_shortcut_target_service, current:{}, new:{}
04-26 15:48:04.225 V/AccessibilityUserState(  736): updateShortcutTargets: type:accessibility_button_targets, current:{}, new:{}
04-26 15:48:04.226 V/AccessibilityUserState(  736): updateShortcutTargets: type:accessibility_gesture_targets, current:{}, new:{}
04-26 15:48:04.226 W/ActivityTaskManager(  736): callingPackage for (uid=2000, pid=5882) has no WPC
04-26 15:48:04.226 V/AccessibilityUserState(  736): updateShortcutTargets: type:accessibility_qs_targets, current:{}, new:{}
04-26 15:48:04.226 V/AccessibilityUserState(  736): updateShortcutTargets: type:accessibility_key_gesture_targets, current:{}, new:{}
04-26 15:48:04.226 V/AccessibilityUserState(  736): updateShortcutTargets: type:accessibility_top_row_key_targets, current:{}, new:{}
04-26 15:48:04.226 V/AccessibilityUserState(  736): updateShortcutTargets: type:accessibility_quick_access_targets, current:{}, new:{}
04-26 15:48:04.226 W/MagnificationConnectionManager(  736): requestConnection duplicated request: connect=false, mConnectionState=DISCONNECTED
04-26 15:48:04.227 W/libbinder.IPCThreadState(  736): Sending oneway calls to frozen process.
04-26 15:48:04.227 W/libbinder.IPCThreadState(  736): Sending oneway calls to frozen process.
04-26 15:48:04.227 V/GrammaticalInflectionUtils(  736): AttributionSource: android.content.AttributionSource@d322a4fb does not have READ_SYSTEM_GRAMMATICAL_GENDER permission.
04-26 15:48:04.228 W/libbinder.IPCThreadState(  736): Sending oneway calls to frozen process.
04-26 15:48:04.229 V/AccessibilityManagerService(  736): onUserStateChangedLocked for userId: 0, forceUpdate: false
04-26 15:48:04.232 I/libbinder.BpBinder(  736): onLastStrongRef automatically unlinking death recipients for binder (0x733fbcad9040) with descriptor: '(not cached)'
04-26 15:48:04.233 I/libbinder.BpBinder(  736): onLastStrongRef automatically unlinking death recipients for binder (0x733fbcad9b40) with descriptor: '(not cached)'
04-26 15:48:04.233 I/Finsky:background( 4276): [2] Memory trim requested to level 40
04-26 15:48:04.235 W/System  (  736): A resource failed to call close. 
04-26 15:48:04.236 W/System  (  736): A resource failed to call close. 
04-26 15:48:04.238 V/BaseDepthController( 1219): Applying blur: 0 to Surface(name=VRI-com.google.android.apps.nexuslauncher/com.google.android.apps.nexuslauncher.NexusLauncherActivity#202)/@0xd45637f applyImmediately: false
04-26 15:48:04.239 D/BaseDepthController( 1219): shouldBlurWorkspace: false targetState: Normal currentStableState: Normal mCurrentBlur: 0 mLauncher.getDepthBlurTargets(): [com.android.launcher3.Workspace{573bc60 V.ED..... ........ 0,0-1080,2400 #7f0a047d app:id/workspace}, com.android.launcher3.Hotseat{7eca519 V.ED..... ........ 0,1905-1080,2400 #7f0a01f1 app:id/hotseat}]
04-26 15:48:04.242 D/RecentsView( 1219): onTaskDisplayChanged: 91, new displayId = 0
04-26 15:48:04.252 V/BaseDepthController( 1219): Applying blur: 0 to Surface(name=VRI-com.google.android.apps.nexuslauncher/com.google.android.apps.nexuslauncher.NexusLauncherActivity#202)/@0xd45637f applyImmediately: false
04-26 15:48:04.252 D/BaseDepthController( 1219): shouldBlurWorkspace: false targetState: Normal currentStableState: Normal mCurrentBlur: 0 mLauncher.getDepthBlurTargets(): [com.android.launcher3.Workspace{573bc60 V.ED..... ........ 0,0-1080,2400 #7f0a047d app:id/workspace}, com.android.launcher3.Hotseat{7eca519 V.ED..... ........ 0,1905-1080,2400 #7f0a01f1 app:id/hotseat}]
04-26 15:48:04.256 I/libbinder.BpBinder(  566): onLastStrongRef automatically unlinking death recipients for binder (0x7eaa3605fc20) with descriptor: '(not cached)'
04-26 15:48:04.258 I/Finsky  ( 4164): [2] DTU: Received onPackageAdded, replacing: true
04-26 15:48:04.260 I/Finsky  ( 4164): [141] SCH: Received scheduling request: Id: 12-1, Constraints: [{ L: 15000, D: 86400000, C: CHARGING_NONE, I: IDLE_NONE, N: NET_ANY, B: BATTERY_ANY }]
04-26 15:48:04.261 W/id.ext.services( 1231): Reducing the number of considered missed Gc histogram windows from 102 to 100
04-26 15:48:04.269 V/BaseDepthController( 1219): Applying blur: 0 to Surface(name=VRI-com.google.android.apps.nexuslauncher/com.google.android.apps.nexuslauncher.NexusLauncherActivity#202)/@0xd45637f applyImmediately: false
04-26 15:48:04.269 D/BaseDepthController( 1219): shouldBlurWorkspace: false targetState: Normal currentStableState: Normal mCurrentBlur: 0 mLauncher.getDepthBlurTargets(): [com.android.launcher3.Workspace{573bc60 V.ED..... ........ 0,0-1080,2400 #7f0a047d app:id/workspace}, com.android.launcher3.Hotseat{7eca519 V.ED..... ........ 0,1905-1080,2400 #7f0a01f1 app:id/hotseat}]
04-26 15:48:04.270 I/ActivityTaskManager(  736): Add Task{22e0e3c #90 type=standard A=10230:com.muonline.client} to hidden list because adding Task{f7e4105 #91 type=standard A=10230:com.muonline.client}
04-26 15:48:04.275 V/WindowManagerShell( 1036): Transition requested (#22): android.os.BinderProxy@4cae4c0 TransitionRequestInfo { type = OPEN, triggerTask = TaskInfo{userId=0 taskId=91 effectiveUid=10230 displayId=0 isRunning=true baseIntent=Intent { flg=0x10000000 cmp=com.muonline.client/.PreloadActivity } baseActivity=ComponentInfo{com.muonline.client/com.muonline.client.PreloadActivity} topActivity=ComponentInfo{com.muonline.client/com.muonline.client.PreloadActivity} origActivity=null realActivity=ComponentInfo{com.muonline.client/com.muonline.client.PreloadActivity} realActivityIsAppLockEnabled=false numActivities=1 lastActiveTime=1058867 supportsMultiWindow=true supportsMultiWindowWithoutConstraints=true resizeMode=1 isResizeable=true minWidth=-1 minHeight=-1 defaultMinSize=220 token=WCT{android.os.BinderProxy@89615f9} topActivityType=1 pictureInPictureParams=null shouldDockBigOverlays=false launchIntoPipHostTaskId=-1 lastParentTaskIdBeforePip=-1 displayCutoutSafeInsets=Rect(132, 0 - 0, 0) topActivityInfo=ActivityInfo{a2f693e com.muonline.client.PreloadActivity} launchCookies=[] positionInParent=Point(0, 0) parentTaskId=-1 isFocused=false isInteractive=false isVisible=false isVisibleRequested=false isTopActivityNoDisplay=false isSleeping=false locusId=null displayAreaFeatureId=1 isTopActivityTransparent=false isActivityStackTransparent=false lastNonFullscreenBounds=null leafTaskBoundsFromOptions= false capturedLink=null capturedLinkTimestamp=0 requestedVisibleTypes=503 topActivityRequestOpenInBrowserEducationTimestamp=0 appCompatTaskInfo=AppCompatTaskInfo { topActivityInSizeCompat=false isLeafTask= true eligibleForLetterboxEducation= false isLetterboxEducationEnabled= true isLetterboxDoubleTapEnabled= false eligibleForUserAspectRatioButton= false topActivityBoundsLetterboxed= false isFromLetterboxDoubleTap= false topActivityLetterboxVerticalPosition= -1 topActivityLetterboxHorizontalPosition= -1 topActivityLetterboxWidth=-1 topActivityLetterboxHeight=-1 topActivityAppBounds=Rect(132, 0 - 2400, 1017) isUserFullscreenOverrideEnabled=false isSystemFullscreenOverrideEnabled=false hasMinAspectRatioOverride=false topActivityLetterboxBounds=null topNonResizableActivityAspectRatio=-1.0} topActivityMainWindowFrame=null isAppBubble=false}, pipChange = null, remoteTransitionInfo = null, displayChange = null, requestedLocation = null, userChange = null, windowingLayerChange = null, fullscreenRequestChange = null, flags = 0, debugId = 22 }
04-26 15:48:04.275 W/DisconnectHandler( 1036): No disconnect change found in the transition, not handling request.
04-26 15:48:04.275 V/ShellDesktopMode( 1036): DesktopTasksController: skipping handleRequest reason=triggerTask's display doesn't support desktop mode
04-26 15:48:04.275 D/ShellSplitScreen( 1036): logExit: no-op, mLoggerSessionId is null
04-26 15:48:04.278 D/BaseActivity( 1219): Launcher flags updated: [state_started|state_resumed|state_deferred_resumed|state_window_focused|state_user_active] -[]
04-26 15:48:04.282 D/ActivityThread( 1867): Package [com.muonline.client] reported as REPLACED, but missing application info. Assuming REMOVED.
04-26 15:48:04.283 D/ActivityThread( 1867): Package [com.muonline.client] reported as REPLACED, but missing application info. Assuming REMOVED.
04-26 15:48:04.283 V/ActivityTaskManager(  736): TaskLaunchParamsModifier: phase=3 task=Task{f7e4105 #91 type=standard A=10230:com.muonline.client} activity=ActivityRecord{182088270 u0 com.muonline.client/.PreloadActivity t-1} display-from-task=0 display-id=0 task-display-area-windowing-mode=1 suggested-display-area=DefaultTaskDisplayArea@125646128 inherit-from-task=fullscreen non-freeform-task-display-area display-area=DefaultTaskDisplayArea@125646128 skip-bounds-fullscreen
04-26 15:48:04.283 I/ActivityTaskManager(  736): START u0 {flg=0x10000000 xflg=0x5 cmp=com.muonline.client/.PreloadActivity} with LAUNCH_SINGLE_TASK from uid 2000 (com.android.shell) (BAL_ALLOW_PERMISSION) result code=0
04-26 15:48:04.290 D/BaseActivity( 1219): Launcher flags updated: [state_started|state_resumed|state_deferred_resumed|state_window_focused] -[state_user_active]
04-26 15:48:04.291 D/BaseActivity( 1219): Launcher flags updated: [state_started|state_window_focused] -[state_resumed|state_deferred_resumed]
04-26 15:48:04.291 W/SplitSelectStateCtor( 1219): Missing session instanceIds
04-26 15:48:04.291 D/StatsLog( 1219): LAUNCHER_SPLIT_SELECTION_EXIT_INTERRUPTED
04-26 15:48:04.291 D/WindowManagerShell( 1036): setLauncherKeepClearAreaHeight: visible=false, height=495
04-26 15:48:04.293 W/InputChannel-JNI(  736): Channel already disposed.
04-26 15:48:04.299 V/AccessibilityUserState(  736): updateShortcutTargets: type:accessibility_shortcut_target_service, current:{}, new:{}
04-26 15:48:04.299 V/AccessibilityUserState(  736): updateShortcutTargets: type:accessibility_button_targets, current:{}, new:{}
04-26 15:48:04.299 V/AccessibilityUserState(  736): updateShortcutTargets: type:accessibility_gesture_targets, current:{}, new:{}
04-26 15:48:04.299 V/AccessibilityUserState(  736): updateShortcutTargets: type:accessibility_qs_targets, current:{}, new:{}
04-26 15:48:04.299 V/AccessibilityUserState(  736): updateShortcutTargets: type:accessibility_key_gesture_targets, current:{}, new:{}
04-26 15:48:04.299 V/AccessibilityUserState(  736): updateShortcutTargets: type:accessibility_top_row_key_targets, current:{}, new:{}
04-26 15:48:04.299 V/AccessibilityUserState(  736): updateShortcutTargets: type:accessibility_quick_access_targets, current:{}, new:{}
04-26 15:48:04.299 W/MagnificationConnectionManager(  736): requestConnection duplicated request: connect=false, mConnectionState=DISCONNECTED
04-26 15:48:04.300 D/WindowOnBackDispatcher( 1036): setTopOnBackInvokedCallback (unwrapped): android.view.ViewRootImpl$$ExternalSyntheticLambda13@6629b08
04-26 15:48:04.301 W/libbinder.IPCThreadState(  736): Sending oneway calls to frozen process.
04-26 15:48:04.302 W/libbinder.IPCThreadState(  736): Sending oneway calls to frozen process.
04-26 15:48:04.302 W/libbinder.IPCThreadState(  736): Sending oneway calls to frozen process.
04-26 15:48:04.304 I/Finsky  ( 4164): [2] ajjp - Received: android.intent.action.PACKAGE_ADDED, [n076RJLEETmEZ61FBJHrGFwh-0szukPG_iaeB-mhrwQ]
04-26 15:48:04.305 V/WindowManager(  736): Defer transition id=22 for TaskFragmentTransaction=android.os.Binder@15028b
04-26 15:48:04.308 V/BaseDepthController( 1219): Applying blur: 0 to Surface(name=VRI-com.google.android.apps.nexuslauncher/com.google.android.apps.nexuslauncher.NexusLauncherActivity#202)/@0xd45637f applyImmediately: false
04-26 15:48:04.308 D/BaseDepthController( 1219): shouldBlurWorkspace: false targetState: Normal currentStableState: Normal mCurrentBlur: 0 mLauncher.getDepthBlurTargets(): [com.android.launcher3.Workspace{573bc60 V.ED..... ........ 0,0-1080,2400 #7f0a047d app:id/workspace}, com.android.launcher3.Hotseat{7eca519 V.ED..... ........ 0,1905-1080,2400 #7f0a01f1 app:id/hotseat}]
04-26 15:48:04.309 D/CoreBackPreview(  736): Window{5f5f152 u0 Splash Screen com.muonline.client}: Setting back callback OnBackInvokedCallbackInfo{mCallback=android.window.IOnBackInvokedCallback$Stub$Proxy@cb39c75, mPriority=0, mIsAnimationCallback=false, mOverrideBehavior=0}
04-26 15:48:04.310 D/WindowManager(  736): setClientSurface Surface(name=VRI-Splash Screen com.muonline.client#214)/@0x1afa47b for 5f5f152 Splash Screen com.muonline.client
04-26 15:48:04.313 V/WindowManager(  736): Continue transition id=22 for TaskFragmentTransaction=android.os.Binder@15028b
04-26 15:48:04.314 I/Surface ( 1036): Creating surface for consumer unnamed-1036-7 with slotExpansion=1 for 64 slots
04-26 15:48:04.314 I/Surface ( 1036): Creating surface for consumer VRI[client]#7(BLAST Consumer)7 with slotExpansion=1 for 64 slots
04-26 15:48:04.316 D/ActivityManager(  736): sync unfroze 1867 com.google.android.gms for 6
04-26 15:48:04.318 W/libbinder.IPCThreadState(  736): Sending oneway calls to frozen process.
04-26 15:48:04.319 W/libbinder.IPCThreadState(  736): Sending oneway calls to frozen process.
04-26 15:48:04.319 W/libbinder.IPCThreadState(  736): Sending oneway calls to frozen process.
04-26 15:48:04.321 V/BaseDepthController( 1219): Applying blur: 0 to Surface(name=VRI-com.google.android.apps.nexuslauncher/com.google.android.apps.nexuslauncher.NexusLauncherActivity#202)/@0xd45637f applyImmediately: false
04-26 15:48:04.321 D/BaseDepthController( 1219): shouldBlurWorkspace: false targetState: Normal currentStableState: Normal mCurrentBlur: 0 mLauncher.getDepthBlurTargets(): [com.android.launcher3.Workspace{573bc60 V.ED..... ........ 0,0-1080,2400 #7f0a047d app:id/workspace}, com.android.launcher3.Hotseat{7eca519 V.ED..... ........ 0,1905-1080,2400 #7f0a01f1 app:id/hotseat}]
04-26 15:48:04.322 W/libbinder.IPCThreadState(  736): Sending oneway calls to frozen process.
04-26 15:48:04.322 W/libbinder.IPCThreadState(  736): Sending oneway calls to frozen process.
04-26 15:48:04.322 W/libbinder.IPCThreadState(  736): Sending oneway calls to frozen process.
04-26 15:48:04.326 I/ImeTracker(  736): system_server:b853d4a4: onRequestHide at ORIGIN_SERVER reason IME_REQUESTED_CHANGED_LISTENER fromUser false displayId 0
04-26 15:48:04.326 V/GrammaticalInflectionUtils(  736): AttributionSource: android.content.AttributionSource@d322a4fb does not have READ_SYSTEM_GRAMMATICAL_GENDER permission.
04-26 15:48:04.333 I/Finsky  ( 4164): [2] ajjp - Deduping intent android.intent.action.PACKAGE_ADDED
04-26 15:48:04.334 D/BaseActivity( 1219): Launcher flags updated: [state_started] -[state_window_focused]
04-26 15:48:04.336 V/BaseDepthController( 1219): Applying blur: 0 to Surface(name=VRI-com.google.android.apps.nexuslauncher/com.google.android.apps.nexuslauncher.NexusLauncherActivity#202)/@0xd45637f applyImmediately: false
04-26 15:48:04.336 D/BaseDepthController( 1219): shouldBlurWorkspace: false targetState: Normal currentStableState: Normal mCurrentBlur: 0 mLauncher.getDepthBlurTargets(): [com.android.launcher3.Workspace{573bc60 V.ED..... ........ 0,0-1080,2400 #7f0a047d app:id/workspace}, com.android.launcher3.Hotseat{7eca519 V.ED..... .......D 0,1905-1080,2400 #7f0a01f1 app:id/hotseat}]
04-26 15:48:04.336 V/RecentTasksController( 1036): Notify recent tasks changed
04-26 15:48:04.337 D/ShellDesktopMode( 1036): DesktopRepository(0): Removes freeform task: taskId=90
04-26 15:48:04.338 W/ShellDesktopMode( 1036): DesktopRepository(0): No display id found for task: taskId=90
04-26 15:48:04.338 V/RecentTasksController( 1036): Notify recent tasks changed
04-26 15:48:04.342 I/Finsky  ( 4164): [2] ajjp - Received: android.intent.action.PACKAGE_ADDED, [n076RJLEETmEZ61FBJHrGFwh-0szukPG_iaeB-mhrwQ]
04-26 15:48:04.349 W/Looper  (  736): Drained
04-26 15:48:04.350 I/Finsky  ( 4164): [2] ajjp - Deduping intent android.intent.action.PACKAGE_ADDED
04-26 15:48:04.351 D/ActivityThread( 4164): Package [com.muonline.client] reported as REPLACED, but missing application info. Assuming REMOVED.
04-26 15:48:04.356 I/Finsky  ( 4164): [42] RECEIVER_PACKAGE_MONITOR#logWorkEndAndFinishGoAsync: SUCCESS
04-26 15:48:04.361 D/Zygote  (  499): Forked child process 5891
04-26 15:48:04.362 V/BaseDepthController( 1219): Applying blur: 0 to Surface(name=VRI-com.google.android.apps.nexuslauncher/com.google.android.apps.nexuslauncher.NexusLauncherActivity#202)/@0xd45637f applyImmediately: false
04-26 15:48:04.362 D/BaseDepthController( 1219): shouldBlurWorkspace: false targetState: Normal currentStableState: Normal mCurrentBlur: 0 mLauncher.getDepthBlurTargets(): [com.android.launcher3.Workspace{573bc60 V.ED..... ........ 0,0-1080,2400 #7f0a047d app:id/workspace}, com.android.launcher3.Hotseat{7eca519 V.ED..... .......D 0,1905-1080,2400 #7f0a01f1 app:id/hotseat}]
04-26 15:48:04.362 D/ActivityThread( 4164): Package [com.muonline.client] reported as REPLACED, but missing application info. Assuming REMOVED.
04-26 15:48:04.362 I/ActivityManager(  736): Start proc 5891:com.muonline.client/u0a230 for next-top-activity {com.muonline.client/com.muonline.client.PreloadActivity}
04-26 15:48:04.370 I/Zygote  ( 5891): Process 5891 created for com.muonline.client
04-26 15:48:04.371 I/muonline.client( 5891): Using generational CollectorTypeCMC GC.
04-26 15:48:04.372 W/muonline.client( 5891): Unexpected CPU variant for x86: x86_64.
04-26 15:48:04.372 W/muonline.client( 5891): Known variants: atom, sandybridge, silvermont, goldmont, goldmont-plus, goldmont-without-sha-xsaves, tremont, kabylake, alderlake, lunarlake, default
04-26 15:48:04.378 D/RecentTasksList( 1219): invalidateLoadedTasks - previous requestLoadId: -1
04-26 15:48:04.378 D/RecentTasksList( 1219): invalidateLoadedTasks - previous requestLoadId: -1
04-26 15:48:04.380 D/IntervalStats(  736): Unable to parse usage stats packages: [240, 244, 247, 248, 249, 265, 266]
04-26 15:48:04.380 V/BaseDepthController( 1219): Applying blur: 0 to Surface(name=VRI-com.google.android.apps.nexuslauncher/com.google.android.apps.nexuslauncher.NexusLauncherActivity#202)/@0xd45637f applyImmediately: false
04-26 15:48:04.380 D/BaseDepthController( 1219): shouldBlurWorkspace: false targetState: Normal currentStableState: Normal mCurrentBlur: 0 mLauncher.getDepthBlurTargets(): [com.android.launcher3.Workspace{573bc60 V.ED..... ........ 0,0-1080,2400 #7f0a047d app:id/workspace}, com.android.launcher3.Hotseat{7eca519 V.ED..... ........ 0,1905-1080,2400 #7f0a01f1 app:id/hotseat}]
04-26 15:48:04.382 D/IntervalStats(  736): Unable to parse usage stats packages: [266, 267, 268, 269, 270, 271, 272, 273]
04-26 15:48:04.384 D/IntervalStats(  736): Unable to parse usage stats packages: [273]
04-26 15:48:04.385 D/IntervalStats(  736): Unable to parse usage stats packages: [273]
04-26 15:48:04.386 D/IntervalStats(  736): Unable to parse usage stats packages: [273]
04-26 15:48:04.386 D/IntervalStats(  736): Unable to parse usage stats packages: [273, 276, 277, 278]
04-26 15:48:04.387 V/SafetySourceDataValidat(  736): Package: com.android.vending has expected signature
04-26 15:48:04.387 D/IntervalStats(  736): Unable to parse usage stats packages: [278, 280, 281, 282, 283]
04-26 15:48:04.388 D/IntervalStats(  736): Unable to parse usage stats packages: [283]
04-26 15:48:04.388 D/IntervalStats(  736): Unable to parse usage stats packages: [283]
04-26 15:48:04.389 D/BoundBrokerSvc( 1867): onUnbind: Intent { act=com.google.android.gms.common.BIND_SHARED_PREFS xflg=0x4 pkg=com.google.android.gms }
04-26 15:48:04.393 V/BaseDepthController( 1219): Applying blur: 0 to Surface(name=VRI-com.google.android.apps.nexuslauncher/com.google.android.apps.nexuslauncher.NexusLauncherActivity#202)/@0xd45637f applyImmediately: false
04-26 15:48:04.393 D/BaseDepthController( 1219): shouldBlurWorkspace: false targetState: Normal currentStableState: Normal mCurrentBlur: 0 mLauncher.getDepthBlurTargets(): [com.android.launcher3.Workspace{573bc60 V.ED..... ........ 0,0-1080,2400 #7f0a047d app:id/workspace}, com.android.launcher3.Hotseat{7eca519 V.ED..... ........ 0,1905-1080,2400 #7f0a01f1 app:id/hotseat}]
04-26 15:48:04.397 D/nativeloader( 5891): Load libframework-connectivity-tiramisu-jni.so using APEX ns com_android_tethering for caller /apex/com.android.tethering/javalib/framework-connectivity-t.jar: ok
04-26 15:48:04.416 V/BaseDepthController( 1219): Applying blur: 0 to Surface(name=VRI-com.google.android.apps.nexuslauncher/com.google.android.apps.nexuslauncher.NexusLauncherActivity#202)/@0xd45637f applyImmediately: false
04-26 15:48:04.416 D/BaseDepthController( 1219): shouldBlurWorkspace: false targetState: Normal currentStableState: Normal mCurrentBlur: 0 mLauncher.getDepthBlurTargets(): [com.android.launcher3.Workspace{573bc60 V.ED..... ........ 0,0-1080,2400 #7f0a047d app:id/workspace}, com.android.launcher3.Hotseat{7eca519 V.ED..... ........ 0,1905-1080,2400 #7f0a01f1 app:id/hotseat}]
04-26 15:48:04.424 I/ImeTracker(  736): system_server:b853d4a4: onCancelled at PHASE_SERVER_SHOULD_HIDE
04-26 15:48:04.444 V/BaseDepthController( 1219): Applying blur: 0 to Surface(name=VRI-com.google.android.apps.nexuslauncher/com.google.android.apps.nexuslauncher.NexusLauncherActivity#202)/@0xd45637f applyImmediately: false
04-26 15:48:04.444 D/BaseDepthController( 1219): shouldBlurWorkspace: false targetState: Normal currentStableState: Normal mCurrentBlur: 0 mLauncher.getDepthBlurTargets(): [com.android.launcher3.Workspace{573bc60 V.ED..... ........ 0,0-1080,2400 #7f0a047d app:id/workspace}, com.android.launcher3.Hotseat{7eca519 V.ED..... ........ 0,1905-1080,2400 #7f0a01f1 app:id/hotseat}]
04-26 15:48:04.444 D/CompatChangeReporter( 5891): Compat change id reported: 242716250; UID 10230; state: ENABLED
04-26 15:48:04.447 V/RecentTasksController( 1036): Notify recent tasks changed
04-26 15:48:04.453 D/nativeloader( 5891): Configuring clns-9 for other apk /data/app/~~0-HfDEq74RTqABYn78SAsQ==/com.muonline.client-_grdImYHEOiwa_9P4cKHcw==/base.apk. target_sdk_version=34, uses_libraries=, library_path=/data/app/~~0-HfDEq74RTqABYn78SAsQ==/com.muonline.client-_grdImYHEOiwa_9P4cKHcw==/lib/x86_64:/data/app/~~0-HfDEq74RTqABYn78SAsQ==/com.muonline.client-_grdImYHEOiwa_9P4cKHcw==/base.apk!/lib/x86_64, permitted_path=/data:/mnt/expand:/data/user/0/com.muonline.client
04-26 15:48:04.458 V/WindowManager(  736): Sent Transition (#22) createdAt=04-26 15:48:04.237 via request=TransitionRequestInfo { type = OPEN, triggerTask = TaskInfo{userId=0 taskId=91 effectiveUid=10230 displayId=0 isRunning=true baseIntent=Intent { flg=0x10000000 cmp=com.muonline.client/.PreloadActivity } baseActivity=ComponentInfo{com.muonline.client/com.muonline.client.PreloadActivity} topActivity=ComponentInfo{com.muonline.client/com.muonline.client.PreloadActivity} origActivity=null realActivity=ComponentInfo{com.muonline.client/com.muonline.client.PreloadActivity} realActivityIsAppLockEnabled=false numActivities=1 lastActiveTime=1058867 supportsMultiWindow=true supportsMultiWindowWithoutConstraints=true resizeMode=1 isResizeable=true minWidth=-1 minHeight=-1 defaultMinSize=220 token=WCT{RemoteToken{b662ad4 Task{f7e4105 #91 type=standard A=10230:com.muonline.client}}} topActivityType=1 pictureInPictureParams=null shouldDockBigOverlays=false launchIntoPipHostTaskId=-1 lastParentTaskIdBeforePip=-1 displayCutoutSafeInsets=Rect(132, 0 - 0, 0) topActivityInfo=ActivityInfo{f85047d com.muonline.client.PreloadActivity} launchCookies=[] positionInParent=Point(0, 0) parentTaskId=-1 isFocused=false isInteractive=false isVisible=false isVisibleRequested=false isTopActivityNoDisplay=false isSleeping=false locusId=null displayAreaFeatureId=1 isTopActivityTransparent=false isActivityStackTransparent=false lastNonFullscreenBounds=null leafTaskBoundsFromOptions= false capturedLink=null capturedLinkTimestamp=0 requestedVisibleTypes=503 topActivityRequestOpenInBrowserEducationTimestamp=0 appCompatTaskInfo=AppCompatTaskInfo { topActivityInSizeCompat=false isLeafTask= true eligibleForLetterboxEducation= false isLetterboxEducationEnabled= true isLetterboxDoubleTapEnabled= false eligibleForUserAspectRatioButton= false topActivityBoundsLetterboxed= false isFromLetterboxDoubleTap= false topActivityLetterboxVerticalPosition= -1 topActivityLetterboxHorizontalPosition= -1 topActivityLetterboxWidth=-1 topActivityLetterboxHeight=-1 topActivityAppBounds=Rect(132, 0 - 2400, 1017) isUserFullscreenOverrideEnabled=false isSystemFullscreenOverrideEnabled=false hasMinAspectRatioOverride=false topActivityLetterboxBounds=null topNonResizableActivityAspectRatio=-1.0} topActivityMainWindowFrame=null isAppBubble=false}, pipChange = null, remoteTransitionInfo = null, displayChange = null, requestedLocation = null, userChange = null, windowingLayerChange = null, fullscreenRequestChange = null, flags = 0, debugId = 22 }
04-26 15:48:04.458 V/WindowManager(  736):     startWCT=WindowContainerTransaction { changes= {} hops= [] flags= 0 errorCallbackToken=null taskFragmentOrganizer=null }
04-26 15:48:04.458 V/WindowManager(  736):     info={id=22 t=OPEN f=0x0 trk=0 r=[0@Point(0, 0)] c=[
04-26 15:48:04.458 V/WindowManager(  736):         {WCT{RemoteToken{b662ad4 Task{f7e4105 #91 type=standard A=10230:com.muonline.client}}} m=OPEN f=MOVE_TO_TOP leash=Surface(name=Task=91#211)/@0xe294ae6 sb=Rect(0, 0 - 2400, 1080) eb=Rect(0, 0 - 2400, 1080) epz=Point(2400, 1080) d=0 taskParent=-1 winMode=1 userId=0},
04-26 15:48:04.458 V/WindowManager(  736):         {WCT{RemoteToken{4853fd5 Task{13e540b #1 type=home}}} m=TO_BACK f=SHOW_WALLPAPER leash=Surface(name=Task=1#34)/@0x499be06 sb=Rect(0, 0 - 2400, 1080) eb=Rect(0, 0 - 2400, 1080) epz=Point(2400, 1080) d=0 taskParent=-1 winMode=1 userId=0},
04-26 15:48:04.458 V/WindowManager(  736):         {m=TO_BACK f=IS_WALLPAPER leash=Surface(name=Surface(name=WallpaperWindowToken{3bea6dd}#54)/@0x4e520e1 - rotation-leash#206)/@0xcb74bc8 sb=Rect(0, 0 - 1080, 2400) eb=Rect(0, 0 - 2400, 1080) epz=Point(2400, 1080) d=0 r=0->1:-1}
04-26 15:48:04.458 V/WindowManager(  736):     ]}
04-26 15:48:04.459 D/RecentTasksList( 1219): invalidateLoadedTasks - previous requestLoadId: -1
04-26 15:48:04.460 V/BaseDepthController( 1219): Applying blur: 0 to Surface(name=VRI-com.google.android.apps.nexuslauncher/com.google.android.apps.nexuslauncher.NexusLauncherActivity#202)/@0xd45637f applyImmediately: false
04-26 15:48:04.460 D/BaseDepthController( 1219): shouldBlurWorkspace: false targetState: Normal currentStableState: Normal mCurrentBlur: 0 mLauncher.getDepthBlurTargets(): [com.android.launcher3.Workspace{573bc60 V.ED..... ........ 0,0-1080,2400 #7f0a047d app:id/workspace}, com.android.launcher3.Hotseat{7eca519 V.ED..... ........ 0,1905-1080,2400 #7f0a01f1 app:id/hotseat}]
04-26 15:48:04.463 I/Finsky  ( 4164): [2] Memory trim requested to level 40
04-26 15:48:04.463 V/GraphicsEnvironment( 5891): Currently set values for:
04-26 15:48:04.463 V/GraphicsEnvironment( 5891):   angle_gl_driver_selection_pkgs=[]
04-26 15:48:04.463 V/GraphicsEnvironment( 5891):   angle_gl_driver_selection_values=[]
04-26 15:48:04.463 V/GraphicsEnvironment( 5891): com.muonline.client is not listed in per-application setting
04-26 15:48:04.463 V/GraphicsEnvironment( 5891): No special selections for ANGLE, returning default driver choice
04-26 15:48:04.464 I/Finsky  ( 4164): [2] Flushing in-memory image cache
04-26 15:48:04.465 V/GraphicsEnvironment( 5891): Neither updatable production driver nor prerelease driver is supported.
04-26 15:48:04.473 V/WindowManagerShell( 1036): onTransitionReady(transaction=3161095931713)
04-26 15:48:04.475 I/AppBackupPkgRemovedIO( 1867): Backup state cleanup on uninstall is disabled. [CONTEXT service_id=229 ]
04-26 15:48:04.483 I/PackageInstalledIntentO( 1867): Test flag v2 is disabled [CONTEXT service_id=469 ]
04-26 15:48:04.496 V/BaseDepthController( 1219): Applying blur: 0 to Surface(name=VRI-com.google.android.apps.nexuslauncher/com.google.android.apps.nexuslauncher.NexusLauncherActivity#202)/@0xd45637f applyImmediately: false
04-26 15:48:04.496 D/BaseDepthController( 1219): shouldBlurWorkspace: false targetState: Normal currentStableState: Normal mCurrentBlur: 0 mLauncher.getDepthBlurTargets(): [com.android.launcher3.Workspace{573bc60 V.ED..... ........ 0,0-1080,2400 #7f0a047d app:id/workspace}, com.android.launcher3.Hotseat{7eca519 V.ED..... ........ 0,1905-1080,2400 #7f0a01f1 app:id/hotseat}]
04-26 15:48:04.511 V/WindowManagerShell( 1036): onTransitionReady (#22) android.os.BinderProxy@4cae4c0: {id=22 t=OPEN f=0x0 trk=0 r=[0@Point(0, 0)] c=[
04-26 15:48:04.511 V/WindowManagerShell( 1036):         {m=OPEN f=MOVE_TO_TOP leash=Surface(name=Task=91#211)/@0x74204d9 sb=Rect(0, 0 - 2400, 1080) eb=Rect(0, 0 - 2400, 1080) epz=Point(2400, 1080) d=0 taskParent=-1 winMode=1 userId=0},
04-26 15:48:04.511 V/WindowManagerShell( 1036):         {m=TO_BACK f=SHOW_WALLPAPER leash=Surface(name=Task=1#34)/@0xd6c5e9e sb=Rect(0, 0 - 2400, 1080) eb=Rect(0, 0 - 2400, 1080) epz=Point(2400, 1080) d=0 taskParent=-1 winMode=1 userId=0},
04-26 15:48:04.511 V/WindowManagerShell( 1036):         {m=TO_BACK f=IS_WALLPAPER leash=Surface(name=Surface(name=WallpaperWindowToken{3bea6dd}#54)/@0x4e520e1 - rotation-leash#206)/@0x82c9d7f sb=Rect(0, 0 - 1080, 2400) eb=Rect(0, 0 - 2400, 1080) epz=Point(2400, 1080) d=0 r=0->1:-1}
04-26 15:48:04.511 V/WindowManagerShell( 1036):     ]}
04-26 15:48:04.524 W/InputChannel-JNI(  736): Channel already disposed.
04-26 15:48:04.525 V/WindowManagerShell( 1036): Transition (#22) android.os.BinderProxy@4cae4c0@0 ready while (#21) android.os.BinderProxy@d8612db@0 is still animating. Notify the animating transition in case they can be merged
04-26 15:48:04.525 V/WindowManagerShell( 1036):    Requesting merge (#22) into remote: RemoteTransition { remoteTransition = android.window.IRemoteTransition$Stub$Proxy@fea59eb, appThread = android.app.IApplicationThread$Stub$Proxy@4f01348, debugName = QuickstepLaunchHome, filter = {types=[] flags=0x0 notFlags=0x100 checks=[{atype=home independent=true modes=[OPEN,TO_FRONT] flags=NONE mustBeTask=false order=ANY topActivity=ComponentInfo{com.google.android.apps.nexuslauncher/com.google.android.apps.nexuslauncher.NexusLauncherActivity} launchCookie=null windowingMode=undefined isCrossDisplayMove=false},{atype=standard independent=true modes=[CLOSE,TO_BACK] flags=NONE mustBeTask=false order=ANY topActivity=null launchCookie=null windowingMode=undefined isCrossDisplayMove=false},{NOT atype=undefined independent=true modes=[] flags=NONE mustBeTask=true order=ANY topActivity=null launchCookie=null customAnim=true windowingMode=undefined isCrossDisplayMove=false}]} }
04-26 15:48:04.531 V/ShellTaskOrganizer( 1036): Task appeared taskId=91 listener=FullscreenTaskListener
04-26 15:48:04.531 V/ShellTaskOrganizer( 1036): Fullscreen Task Appeared: #91
04-26 15:48:04.531 V/BaseDepthController( 1219): Applying blur: 0 to Surface(name=VRI-com.google.android.apps.nexuslauncher/com.google.android.apps.nexuslauncher.NexusLauncherActivity#202)/@0xd45637f applyImmediately: false
04-26 15:48:04.531 D/BaseDepthController( 1219): shouldBlurWorkspace: false targetState: Normal currentStableState: Normal mCurrentBlur: 0 mLauncher.getDepthBlurTargets(): [com.android.launcher3.Workspace{573bc60 V.ED..... ........ 0,0-1080,2400 #7f0a047d app:id/workspace}, com.android.launcher3.Hotseat{7eca519 V.ED..... ........ 0,1905-1080,2400 #7f0a01f1 app:id/hotseat}]
04-26 15:48:04.532 V/RecentTasksController( 1036): Notify recent tasks changed
04-26 15:48:04.532 I/DisplayManager( 5891): Choreographer implicitly registered for the refresh rate.
04-26 15:48:04.538 V/WindowManagerShell( 1036): Received remote transition finished callback for (#21)
04-26 15:48:04.539 V/WindowManagerShell( 1036): Transition animation finished (aborted=false), notifying core (#21) android.os.BinderProxy@d8612db@0
04-26 15:48:04.545 E/libbinder.IPCThreadState(  736): Binder transaction failure. id: 270163, cmd: BR_DEAD_REPLY (29189), error: -22 (Invalid argument)
04-26 15:48:04.545 W/ActivityManager(  736): pid 736 system sent binder code 7 with flags 1 and got error -32
04-26 15:48:04.545 W/WindowManager(  736): Exception thrown during dispatchAppVisibility Window{ea7170e u0 com.muonline.client/com.muonline.client.MuMainActivity EXITING}
04-26 15:48:04.545 W/WindowManager(  736): android.os.DeadObjectException
04-26 15:48:04.545 W/WindowManager(  736): 	at android.os.BinderProxy.transactNative(Native Method)
04-26 15:48:04.545 W/WindowManager(  736): 	at android.os.BinderProxy.transact(BinderProxy.java:617)
04-26 15:48:04.545 W/WindowManager(  736): 	at android.view.IWindow$Stub$Proxy.dispatchAppVisibility(IWindow.java:596)
04-26 15:48:04.545 W/WindowManager(  736): 	at com.android.server.wm.WindowState.sendAppVisibilityToClients(WindowState.java:3335)
04-26 15:48:04.545 W/WindowManager(  736): 	at com.android.server.wm.WindowContainer.sendAppVisibilityToClients(WindowContainer.java:1245)
04-26 15:48:04.545 W/WindowManager(  736): 	at com.android.server.wm.WindowToken.setClientVisible(WindowToken.java:392)
04-26 15:48:04.545 W/WindowManager(  736): 	at com.android.server.wm.ActivityRecord.commitVisibility(ActivityRecord.java:5599)
04-26 15:48:04.545 W/WindowManager(  736): 	at com.android.server.wm.Transition.finishTransition(Transition.java:1570)
04-26 15:48:04.545 W/WindowManager(  736): 	at com.android.server.wm.TransitionController.finishTransition(TransitionController.java:1205)
04-26 15:48:04.545 W/WindowManager(  736): 	at com.android.server.wm.WindowOrganizerController.finishTransition(WindowOrganizerController.java:533)
04-26 15:48:04.545 W/WindowManager(  736): 	at android.window.IWindowOrganizerController$Stub.onTransact(IWindowOrganizerController.java:265)
04-26 15:48:04.545 W/WindowManager(  736): 	at com.android.server.wm.WindowOrganizerController.onTransact(WindowOrganizerController.java:239)
04-26 15:48:04.545 W/WindowManager(  736): 	at android.os.Binder.execTransactInternal(Binder.java:1466)
04-26 15:48:04.545 W/WindowManager(  736): 	at android.os.Binder.execTransact(Binder.java:1411)
04-26 15:48:04.545 W/Process (  736): Unable to open /proc/5633/status
04-26 15:48:04.547 V/WindowManager(  736): Finish Transition (#21): created at 04-26 15:48:03.611 collect-started=0.1ms request-sent=0.158ms started=13.547ms ready=17.335ms sent=179.319ms commit=48.414ms finished=930.971ms
04-26 15:48:04.551 V/BaseDepthController( 1219): Applying blur: 0 to Surface(name=VRI-com.google.android.apps.nexuslauncher/com.google.android.apps.nexuslauncher.NexusLauncherActivity#202)/@0xd45637f applyImmediately: false
04-26 15:48:04.551 D/BaseDepthController( 1219): shouldBlurWorkspace: false targetState: Normal currentStableState: Normal mCurrentBlur: 0 mLauncher.getDepthBlurTargets(): [com.android.launcher3.Workspace{573bc60 V.ED..... ........ 0,0-1080,2400 #7f0a047d app:id/workspace}, com.android.launcher3.Hotseat{7eca519 V.ED..... ........ 0,1905-1080,2400 #7f0a01f1 app:id/hotseat}]
04-26 15:48:04.560 D/RecentTasksList( 1219): invalidateLoadedTasks - previous requestLoadId: -1
04-26 15:48:04.562 V/WindowManagerShell( 1036): Playing animation for (#22) android.os.BinderProxy@4cae4c0@0
04-26 15:48:04.562 D/ShellSplitScreen( 1036): startAnimation: transition=22 isSplitActive=false
04-26 15:48:04.562 V/ShellRecents( 1036): RecentsTransitionHandler.startAnimation: no controller found
04-26 15:48:04.562 V/ShellDesktopMode( 1036): DesktopMixedTransitionHandler: No pending desktop transition
04-26 15:48:04.562 V/WindowManagerShell( 1036): Transition doesn't have explicit remote, search filters for match for {id=22 t=OPEN f=0x0 trk=0 r=[0@Point(0, 0)] c=[{m=OPEN f=MOVE_TO_TOP leash=Surface(name=Task=91#211)/@0x74204d9 sb=Rect(0, 0 - 2400, 1080) eb=Rect(0, 0 - 2400, 1080) epz=Point(2400, 1080) d=0 taskParent=-1 winMode=1 userId=0},{m=TO_BACK f=SHOW_WALLPAPER leash=Surface(name=Task=1#34)/@0xd6c5e9e sb=Rect(0, 0 - 2400, 1080) eb=Rect(0, 0 - 2400, 1080) epz=Point(2400, 1080) d=0 taskParent=-1 winMode=1 userId=0},{m=TO_BACK f=IS_WALLPAPER leash=Surface(name=Surface(name=WallpaperWindowToken{3bea6dd}#54)/@0x4e520e1 - rotation-leash#206)/@0x82c9d7f sb=Rect(0, 0 - 1080, 2400) eb=Rect(0, 0 - 2400, 1080) epz=Point(2400, 1080) d=0 r=0->1:-1}]}
04-26 15:48:04.562 V/WindowManagerShell( 1036):  Checking filter Pair{{types=[] flags=0x0 notFlags=0x0 checks=[{atype=undefined independent=true modes=[CLOSE,TO_BACK] flags=IN_TASK_WITH_EMBEDDED_ACTIVITY mustBeTask=false order=ANY topActivity=null launchCookie=null taskFragmentToken=android.os.BinderProxy@e90ae30 windowingMode=undefined isCrossDisplayMove=false}]} RemoteTransition { remoteTransition = android.window.IRemoteTransition$Stub$Proxy@1ccfaa9, appThread = android.app.IApplicationThread$Stub$Proxy@5c682e, debugName = overlayBackTransition, filter = {types=[] flags=0x0 notFlags=0x0 checks=[{atype=undefined independent=true modes=[CLOSE,TO_BACK] flags=IN_TASK_WITH_EMBEDDED_ACTIVITY mustBeTask=false order=ANY topActivity=null launchCookie=null taskFragmentToken=android.os.BinderProxy@e90ae30 windowingMode=undefined isCrossDisplayMove=false}]} }}
