04-26 15:48:54.081 E/GFXSTREAM( 6050): [GL2Encoder.cpp(2814)] GL error 0x501 condition [!GLESv2Validation::pixelFormat(ctx, internalformat) && !GLESv2Validation::pixelInternalFormat(internalformat)].
04-26 15:48:54.081 W/GFXSTREAM( 6050): [GLESv2Validation.cpp(1217)] Error internal format: 0x3 is invalid.
04-26 15:48:54.081 E/GFXSTREAM( 6050): [GL2Encoder.cpp(2814)] GL error 0x501 condition [!GLESv2Validation::pixelFormat(ctx, internalformat) && !GLESv2Validation::pixelInternalFormat(internalformat)].
04-26 15:48:54.081 W/GFXSTREAM( 6050): [GLESv2Validation.cpp(1217)] Error internal format: 0x4 is invalid.
04-26 15:48:54.081 E/GFXSTREAM( 6050): [GL2Encoder.cpp(2814)] GL error 0x501 condition [!GLESv2Validation::pixelFormat(ctx, internalformat) && !GLESv2Validation::pixelInternalFormat(internalformat)].
04-26 15:48:54.081 W/GFXSTREAM( 6050): [GLESv2Validation.cpp(1217)] Error internal format: 0x3 is invalid.
04-26 15:48:54.082 E/GFXSTREAM( 6050): [GL2Encoder.cpp(2814)] GL error 0x501 condition [!GLESv2Validation::pixelFormat(ctx, internalformat) && !GLESv2Validation::pixelInternalFormat(internalformat)].
04-26 15:48:54.082 W/GFXSTREAM( 6050): [GLESv2Validation.cpp(1217)] Error internal format: 0x3 is invalid.
04-26 15:48:54.082 E/GFXSTREAM( 6050): [GL2Encoder.cpp(2814)] GL error 0x501 condition [!GLESv2Validation::pixelFormat(ctx, internalformat) && !GLESv2Validation::pixelInternalFormat(internalformat)].
04-26 15:48:54.082 W/GFXSTREAM( 6050): [GLESv2Validation.cpp(1217)] Error internal format: 0x3 is invalid.
04-26 15:48:54.082 E/GFXSTREAM( 6050): [GL2Encoder.cpp(2814)] GL error 0x501 condition [!GLESv2Validation::pixelFormat(ctx, internalformat) && !GLESv2Validation::pixelInternalFormat(internalformat)].
04-26 15:48:54.082 W/GFXSTREAM( 6050): [GLESv2Validation.cpp(1217)] Error internal format: 0x3 is invalid.
04-26 15:48:54.082 E/GFXSTREAM( 6050): [GL2Encoder.cpp(2814)] GL error 0x501 condition [!GLESv2Validation::pixelFormat(ctx, internalformat) && !GLESv2Validation::pixelInternalFormat(internalformat)].
04-26 15:48:54.082 W/GFXSTREAM( 6050): [GLESv2Validation.cpp(1217)] Error internal format: 0x3 is invalid.
04-26 15:48:54.082 E/GFXSTREAM( 6050): [GL2Encoder.cpp(2814)] GL error 0x501 condition [!GLESv2Validation::pixelFormat(ctx, internalformat) && !GLESv2Validation::pixelInternalFormat(internalformat)].
04-26 15:48:54.082 W/GFXSTREAM( 6050): [GLESv2Validation.cpp(1217)] Error internal format: 0x3 is invalid.
04-26 15:48:54.082 E/GFXSTREAM( 6050): [GL2Encoder.cpp(2814)] GL error 0x501 condition [!GLESv2Validation::pixelFormat(ctx, internalformat) && !GLESv2Validation::pixelInternalFormat(internalformat)].
04-26 15:48:54.083 W/GFXSTREAM( 6050): [GLESv2Validation.cpp(1217)] Error internal format: 0x3 is invalid.
04-26 15:48:54.083 E/GFXSTREAM( 6050): [GL2Encoder.cpp(2814)] GL error 0x501 condition [!GLESv2Validation::pixelFormat(ctx, internalformat) && !GLESv2Validation::pixelInternalFormat(internalformat)].
04-26 15:48:54.083 W/GFXSTREAM( 6050): [GLESv2Validation.cpp(1217)] Error internal format: 0x3 is invalid.
04-26 15:48:54.083 E/GFXSTREAM( 6050): [GL2Encoder.cpp(2814)] GL error 0x501 condition [!GLESv2Validation::pixelFormat(ctx, internalformat) && !GLESv2Validation::pixelInternalFormat(internalformat)].
04-26 15:48:54.083 W/GFXSTREAM( 6050): [GLESv2Validation.cpp(1217)] Error internal format: 0x4 is invalid.
04-26 15:48:54.083 E/GFXSTREAM( 6050): [GL2Encoder.cpp(2814)] GL error 0x501 condition [!GLESv2Validation::pixelFormat(ctx, internalformat) && !GLESv2Validation::pixelInternalFormat(internalformat)].
04-26 15:48:54.083 W/GFXSTREAM( 6050): [GLESv2Validation.cpp(1217)] Error internal format: 0x4 is invalid.
04-26 15:48:54.083 E/GFXSTREAM( 6050): [GL2Encoder.cpp(2814)] GL error 0x501 condition [!GLESv2Validation::pixelFormat(ctx, internalformat) && !GLESv2Validation::pixelInternalFormat(internalformat)].
04-26 15:48:54.083 W/GFXSTREAM( 6050): [GLESv2Validation.cpp(1217)] Error internal format: 0x4 is invalid.
04-26 15:48:54.083 E/GFXSTREAM( 6050): [GL2Encoder.cpp(2814)] GL error 0x501 condition [!GLESv2Validation::pixelFormat(ctx, internalformat) && !GLESv2Validation::pixelInternalFormat(internalformat)].
04-26 15:48:54.084 W/GFXSTREAM( 6050): [GLESv2Validation.cpp(1217)] Error internal format: 0x4 is invalid.
04-26 15:48:54.084 E/GFXSTREAM( 6050): [GL2Encoder.cpp(2814)] GL error 0x501 condition [!GLESv2Validation::pixelFormat(ctx, internalformat) && !GLESv2Validation::pixelInternalFormat(internalformat)].
04-26 15:48:54.084 W/GFXSTREAM( 6050): [GLESv2Validation.cpp(1217)] Error internal format: 0x4 is invalid.
04-26 15:48:54.084 E/GFXSTREAM( 6050): [GL2Encoder.cpp(2814)] GL error 0x501 condition [!GLESv2Validation::pixelFormat(ctx, internalformat) && !GLESv2Validation::pixelInternalFormat(internalformat)].
04-26 15:48:54.084 W/GFXSTREAM( 6050): [GLESv2Validation.cpp(1217)] Error internal format: 0x3 is invalid.
04-26 15:48:54.084 E/GFXSTREAM( 6050): [GL2Encoder.cpp(2814)] GL error 0x501 condition [!GLESv2Validation::pixelFormat(ctx, internalformat) && !GLESv2Validation::pixelInternalFormat(internalformat)].
04-26 15:48:54.085 W/GFXSTREAM( 6050): [GLESv2Validation.cpp(1217)] Error internal format: 0x3 is invalid.
04-26 15:48:54.085 E/GFXSTREAM( 6050): [GL2Encoder.cpp(2814)] GL error 0x501 condition [!GLESv2Validation::pixelFormat(ctx, internalformat) && !GLESv2Validation::pixelInternalFormat(internalformat)].
04-26 15:48:54.085 W/GFXSTREAM( 6050): [GLESv2Validation.cpp(1217)] Error internal format: 0x3 is invalid.
04-26 15:48:54.085 E/GFXSTREAM( 6050): [GL2Encoder.cpp(2814)] GL error 0x501 condition [!GLESv2Validation::pixelFormat(ctx, internalformat) && !GLESv2Validation::pixelInternalFormat(internalformat)].
04-26 15:48:54.085 W/GFXSTREAM( 6050): [GLESv2Validation.cpp(1217)] Error internal format: 0x3 is invalid.
04-26 15:48:54.085 E/GFXSTREAM( 6050): [GL2Encoder.cpp(2814)] GL error 0x501 condition [!GLESv2Validation::pixelFormat(ctx, internalformat) && !GLESv2Validation::pixelInternalFormat(internalformat)].
04-26 15:48:54.085 W/GFXSTREAM( 6050): [GLESv2Validation.cpp(1217)] Error internal format: 0x3 is invalid.
04-26 15:48:54.085 E/GFXSTREAM( 6050): [GL2Encoder.cpp(2814)] GL error 0x501 condition [!GLESv2Validation::pixelFormat(ctx, internalformat) && !GLESv2Validation::pixelInternalFormat(internalformat)].
04-26 15:48:54.085 W/GFXSTREAM( 6050): [GLESv2Validation.cpp(1217)] Error internal format: 0x3 is invalid.
04-26 15:48:54.085 E/GFXSTREAM( 6050): [GL2Encoder.cpp(2814)] GL error 0x501 condition [!GLESv2Validation::pixelFormat(ctx, internalformat) && !GLESv2Validation::pixelInternalFormat(internalformat)].
04-26 15:48:54.085 W/GFXSTREAM( 6050): [GLESv2Validation.cpp(1217)] Error internal format: 0x3 is invalid.
04-26 15:48:54.085 E/GFXSTREAM( 6050): [GL2Encoder.cpp(2814)] GL error 0x501 condition [!GLESv2Validation::pixelFormat(ctx, internalformat) && !GLESv2Validation::pixelInternalFormat(internalformat)].
04-26 15:48:54.085 W/GFXSTREAM( 6050): [GLESv2Validation.cpp(1217)] Error internal format: 0x3 is invalid.
04-26 15:48:54.085 E/GFXSTREAM( 6050): [GL2Encoder.cpp(2814)] GL error 0x501 condition [!GLESv2Validation::pixelFormat(ctx, internalformat) && !GLESv2Validation::pixelInternalFormat(internalformat)].
04-26 15:48:54.086 W/GFXSTREAM( 6050): [GLESv2Validation.cpp(1217)] Error internal format: 0x3 is invalid.
04-26 15:48:54.086 E/GFXSTREAM( 6050): [GL2Encoder.cpp(2814)] GL error 0x501 condition [!GLESv2Validation::pixelFormat(ctx, internalformat) && !GLESv2Validation::pixelInternalFormat(internalformat)].
04-26 15:48:54.086 W/GFXSTREAM( 6050): [GLESv2Validation.cpp(1217)] Error internal format: 0x3 is invalid.
04-26 15:48:54.086 E/GFXSTREAM( 6050): [GL2Encoder.cpp(2814)] GL error 0x501 condition [!GLESv2Validation::pixelFormat(ctx, internalformat) && !GLESv2Validation::pixelInternalFormat(internalformat)].
04-26 15:48:54.086 W/GFXSTREAM( 6050): [GLESv2Validation.cpp(1217)] Error internal format: 0x4 is invalid.
04-26 15:48:54.086 E/GFXSTREAM( 6050): [GL2Encoder.cpp(2814)] GL error 0x501 condition [!GLESv2Validation::pixelFormat(ctx, internalformat) && !GLESv2Validation::pixelInternalFormat(internalformat)].
04-26 15:48:54.086 W/GFXSTREAM( 6050): [GLESv2Validation.cpp(1217)] Error internal format: 0x4 is invalid.
04-26 15:48:54.086 E/GFXSTREAM( 6050): [GL2Encoder.cpp(2814)] GL error 0x501 condition [!GLESv2Validation::pixelFormat(ctx, internalformat) && !GLESv2Validation::pixelInternalFormat(internalformat)].
04-26 15:48:54.087 W/GFXSTREAM( 6050): [GLESv2Validation.cpp(1217)] Error internal format: 0x4 is invalid.
04-26 15:48:54.087 E/GFXSTREAM( 6050): [GL2Encoder.cpp(2814)] GL error 0x501 condition [!GLESv2Validation::pixelFormat(ctx, internalformat) && !GLESv2Validation::pixelInternalFormat(internalformat)].
04-26 15:48:54.087 W/GFXSTREAM( 6050): [GLESv2Validation.cpp(1217)] Error internal format: 0x4 is invalid.
04-26 15:48:54.087 E/GFXSTREAM( 6050): [GL2Encoder.cpp(2814)] GL error 0x501 condition [!GLESv2Validation::pixelFormat(ctx, internalformat) && !GLESv2Validation::pixelInternalFormat(internalformat)].
04-26 15:48:54.087 W/GFXSTREAM( 6050): [GLESv2Validation.cpp(1217)] Error internal format: 0x3 is invalid.
04-26 15:48:54.087 E/GFXSTREAM( 6050): [GL2Encoder.cpp(2814)] GL error 0x501 condition [!GLESv2Validation::pixelFormat(ctx, internalformat) && !GLESv2Validation::pixelInternalFormat(internalformat)].
04-26 15:48:54.087 W/skia    (  566): AGTM parsing failed flags.readFromStream(s) at 159
04-26 15:48:54.087 W/skia    (  566): AGTM parsing failed flags.readFromStream(s) at 159
04-26 15:48:54.087 W/skia    (  566): AGTM parsing failed flags.readFromStream(s) at 159
04-26 15:48:54.087 W/skia    (  566): AGTM parsing failed flags.readFromStream(s) at 159
04-26 15:48:54.087 W/GFXSTREAM( 6050): [GLESv2Validation.cpp(1217)] Error internal format: 0x3 is invalid.
04-26 15:48:54.087 E/GFXSTREAM( 6050): [GL2Encoder.cpp(2814)] GL error 0x501 condition [!GLESv2Validation::pixelFormat(ctx, internalformat) && !GLESv2Validation::pixelInternalFormat(internalformat)].
04-26 15:48:54.087 W/skia    (  566): AGTM parsing failed flags.readFromStream(s) at 159
04-26 15:48:54.088 W/GFXSTREAM( 6050): [GLESv2Validation.cpp(1217)] Error internal format: 0x3 is invalid.
04-26 15:48:54.088 E/GFXSTREAM( 6050): [GL2Encoder.cpp(2814)] GL error 0x501 condition [!GLESv2Validation::pixelFormat(ctx, internalformat) && !GLESv2Validation::pixelInternalFormat(internalformat)].
04-26 15:48:54.088 W/GFXSTREAM( 6050): [GLESv2Validation.cpp(1217)] Error internal format: 0x3 is invalid.
04-26 15:48:54.088 E/GFXSTREAM( 6050): [GL2Encoder.cpp(2814)] GL error 0x501 condition [!GLESv2Validation::pixelFormat(ctx, internalformat) && !GLESv2Validation::pixelInternalFormat(internalformat)].
04-26 15:48:54.089 W/GFXSTREAM( 6050): [GLESv2Validation.cpp(1217)] Error internal format: 0x4 is invalid.
04-26 15:48:54.089 E/GFXSTREAM( 6050): [GL2Encoder.cpp(2814)] GL error 0x501 condition [!GLESv2Validation::pixelFormat(ctx, internalformat) && !GLESv2Validation::pixelInternalFormat(internalformat)].
04-26 15:48:54.089 W/GFXSTREAM( 6050): [GLESv2Validation.cpp(1217)] Error internal format: 0x4 is invalid.
04-26 15:48:54.089 E/GFXSTREAM( 6050): [GL2Encoder.cpp(2814)] GL error 0x501 condition [!GLESv2Validation::pixelFormat(ctx, internalformat) && !GLESv2Validation::pixelInternalFormat(internalformat)].
04-26 15:48:54.089 W/GFXSTREAM( 6050): [GLESv2Validation.cpp(1217)] Error internal format: 0x3 is invalid.
04-26 15:48:54.089 E/GFXSTREAM( 6050): [GL2Encoder.cpp(2814)] GL error 0x501 condition [!GLESv2Validation::pixelFormat(ctx, internalformat) && !GLESv2Validation::pixelInternalFormat(internalformat)].
04-26 15:48:54.089 W/GFXSTREAM( 6050): [GLESv2Validation.cpp(1217)] Error internal format: 0x3 is invalid.
04-26 15:48:54.089 E/GFXSTREAM( 6050): [GL2Encoder.cpp(2814)] GL error 0x501 condition [!GLESv2Validation::pixelFormat(ctx, internalformat) && !GLESv2Validation::pixelInternalFormat(internalformat)].
04-26 15:48:54.089 W/GFXSTREAM( 6050): [GLESv2Validation.cpp(1217)] Error internal format: 0x3 is invalid.
04-26 15:48:54.089 E/GFXSTREAM( 6050): [GL2Encoder.cpp(2814)] GL error 0x501 condition [!GLESv2Validation::pixelFormat(ctx, internalformat) && !GLESv2Validation::pixelInternalFormat(internalformat)].
04-26 15:48:54.090 W/GFXSTREAM( 6050): [GLESv2Validation.cpp(1217)] Error internal format: 0x3 is invalid.
04-26 15:48:54.090 E/GFXSTREAM( 6050): [GL2Encoder.cpp(2814)] GL error 0x501 condition [!GLESv2Validation::pixelFormat(ctx, internalformat) && !GLESv2Validation::pixelInternalFormat(internalformat)].
04-26 15:48:54.090 W/GFXSTREAM( 6050): [GLESv2Validation.cpp(1217)] Error internal format: 0x3 is invalid.
04-26 15:48:54.090 E/GFXSTREAM( 6050): [GL2Encoder.cpp(2814)] GL error 0x501 condition [!GLESv2Validation::pixelFormat(ctx, internalformat) && !GLESv2Validation::pixelInternalFormat(internalformat)].
04-26 15:48:54.090 W/GFXSTREAM( 6050): [GLESv2Validation.cpp(1217)] Error internal format: 0x3 is invalid.
04-26 15:48:54.090 E/GFXSTREAM( 6050): [GL2Encoder.cpp(2814)] GL error 0x501 condition [!GLESv2Validation::pixelFormat(ctx, internalformat) && !GLESv2Validation::pixelInternalFormat(internalformat)].
04-26 15:48:54.090 W/GFXSTREAM( 6050): [GLESv2Validation.cpp(1217)] Error internal format: 0x3 is invalid.
04-26 15:48:54.090 E/GFXSTREAM( 6050): [GL2Encoder.cpp(2814)] GL error 0x501 condition [!GLESv2Validation::pixelFormat(ctx, internalformat) && !GLESv2Validation::pixelInternalFormat(internalformat)].
04-26 15:48:54.090 W/GFXSTREAM( 6050): [GLESv2Validation.cpp(1217)] Error internal format: 0x3 is invalid.
04-26 15:48:54.090 E/GFXSTREAM( 6050): [GL2Encoder.cpp(2814)] GL error 0x501 condition [!GLESv2Validation::pixelFormat(ctx, internalformat) && !GLESv2Validation::pixelInternalFormat(internalformat)].
04-26 15:48:54.090 W/GFXSTREAM( 6050): [GLESv2Validation.cpp(1217)] Error internal format: 0x3 is invalid.
04-26 15:48:54.091 E/GFXSTREAM( 6050): [GL2Encoder.cpp(2814)] GL error 0x501 condition [!GLESv2Validation::pixelFormat(ctx, internalformat) && !GLESv2Validation::pixelInternalFormat(internalformat)].
04-26 15:48:54.091 W/GFXSTREAM( 6050): [GLESv2Validation.cpp(1217)] Error internal format: 0x3 is invalid.
04-26 15:48:54.091 E/GFXSTREAM( 6050): [GL2Encoder.cpp(2814)] GL error 0x501 condition [!GLESv2Validation::pixelFormat(ctx, internalformat) && !GLESv2Validation::pixelInternalFormat(internalformat)].
04-26 15:48:54.091 W/GFXSTREAM( 6050): [GLESv2Validation.cpp(1217)] Error internal format: 0x4 is invalid.
04-26 15:48:54.091 E/GFXSTREAM( 6050): [GL2Encoder.cpp(2814)] GL error 0x501 condition [!GLESv2Validation::pixelFormat(ctx, internalformat) && !GLESv2Validation::pixelInternalFormat(internalformat)].
04-26 15:48:54.092 W/GFXSTREAM( 6050): [GLESv2Validation.cpp(1217)] Error internal format: 0x4 is invalid.
04-26 15:48:54.092 E/GFXSTREAM( 6050): [GL2Encoder.cpp(2814)] GL error 0x501 condition [!GLESv2Validation::pixelFormat(ctx, internalformat) && !GLESv2Validation::pixelInternalFormat(internalformat)].
04-26 15:48:54.092 W/GFXSTREAM( 6050): [GLESv2Validation.cpp(1217)] Error internal format: 0x4 is invalid.
04-26 15:48:54.093 E/GFXSTREAM( 6050): [GL2Encoder.cpp(2814)] GL error 0x501 condition [!GLESv2Validation::pixelFormat(ctx, internalformat) && !GLESv2Validation::pixelInternalFormat(internalformat)].
04-26 15:48:54.093 W/GFXSTREAM( 6050): [GLESv2Validation.cpp(1217)] Error internal format: 0x4 is invalid.
04-26 15:48:54.093 E/GFXSTREAM( 6050): [GL2Encoder.cpp(2814)] GL error 0x501 condition [!GLESv2Validation::pixelFormat(ctx, internalformat) && !GLESv2Validation::pixelInternalFormat(internalformat)].
04-26 15:48:54.093 W/GFXSTREAM( 6050): [GLESv2Validation.cpp(1217)] Error internal format: 0x4 is invalid.
04-26 15:48:54.093 E/GFXSTREAM( 6050): [GL2Encoder.cpp(2814)] GL error 0x501 condition [!GLESv2Validation::pixelFormat(ctx, internalformat) && !GLESv2Validation::pixelInternalFormat(internalformat)].
04-26 15:48:54.093 W/GFXSTREAM( 6050): [GLESv2Validation.cpp(1217)] Error internal format: 0x3 is invalid.
04-26 15:48:54.093 E/GFXSTREAM( 6050): [GL2Encoder.cpp(2814)] GL error 0x501 condition [!GLESv2Validation::pixelFormat(ctx, internalformat) && !GLESv2Validation::pixelInternalFormat(internalformat)].
04-26 15:48:54.094 W/GFXSTREAM( 6050): [GLESv2Validation.cpp(1217)] Error internal format: 0x4 is invalid.
04-26 15:48:54.094 E/GFXSTREAM( 6050): [GL2Encoder.cpp(2814)] GL error 0x501 condition [!GLESv2Validation::pixelFormat(ctx, internalformat) && !GLESv2Validation::pixelInternalFormat(internalformat)].
04-26 15:48:54.094 W/GFXSTREAM( 6050): [GLESv2Validation.cpp(1217)] Error internal format: 0x4 is invalid.
04-26 15:48:54.094 E/GFXSTREAM( 6050): [GL2Encoder.cpp(2814)] GL error 0x501 condition [!GLESv2Validation::pixelFormat(ctx, internalformat) && !GLESv2Validation::pixelInternalFormat(internalformat)].
04-26 15:48:54.094 W/GFXSTREAM( 6050): [GLESv2Validation.cpp(1217)] Error internal format: 0x3 is invalid.
04-26 15:48:54.094 E/GFXSTREAM( 6050): [GL2Encoder.cpp(2814)] GL error 0x501 condition [!GLESv2Validation::pixelFormat(ctx, internalformat) && !GLESv2Validation::pixelInternalFormat(internalformat)].
04-26 15:48:54.094 W/GFXSTREAM( 6050): [GLESv2Validation.cpp(1217)] Error internal format: 0x3 is invalid.
04-26 15:48:54.094 E/GFXSTREAM( 6050): [GL2Encoder.cpp(2814)] GL error 0x501 condition [!GLESv2Validation::pixelFormat(ctx, internalformat) && !GLESv2Validation::pixelInternalFormat(internalformat)].
04-26 15:48:54.094 W/GFXSTREAM( 6050): [GLESv2Validation.cpp(1217)] Error internal format: 0x4 is invalid.
04-26 15:48:54.094 E/GFXSTREAM( 6050): [GL2Encoder.cpp(2814)] GL error 0x501 condition [!GLESv2Validation::pixelFormat(ctx, internalformat) && !GLESv2Validation::pixelInternalFormat(internalformat)].
04-26 15:48:54.095 W/GFXSTREAM( 6050): [GLESv2Validation.cpp(1217)] Error internal format: 0x4 is invalid.
04-26 15:48:54.095 E/GFXSTREAM( 6050): [GL2Encoder.cpp(2814)] GL error 0x501 condition [!GLESv2Validation::pixelFormat(ctx, internalformat) && !GLESv2Validation::pixelInternalFormat(internalformat)].
04-26 15:48:54.095 W/GFXSTREAM( 6050): [GLESv2Validation.cpp(1217)] Error internal format: 0x4 is invalid.
04-26 15:48:54.095 E/GFXSTREAM( 6050): [GL2Encoder.cpp(2814)] GL error 0x501 condition [!GLESv2Validation::pixelFormat(ctx, internalformat) && !GLESv2Validation::pixelInternalFormat(internalformat)].
04-26 15:48:54.095 W/GFXSTREAM( 6050): [GLESv2Validation.cpp(1217)] Error internal format: 0x4 is invalid.
04-26 15:48:54.095 E/GFXSTREAM( 6050): [GL2Encoder.cpp(2814)] GL error 0x501 condition [!GLESv2Validation::pixelFormat(ctx, internalformat) && !GLESv2Validation::pixelInternalFormat(internalformat)].
04-26 15:48:54.095 W/GFXSTREAM( 6050): [GLESv2Validation.cpp(1217)] Error internal format: 0x3 is invalid.
04-26 15:48:54.095 E/GFXSTREAM( 6050): [GL2Encoder.cpp(2814)] GL error 0x501 condition [!GLESv2Validation::pixelFormat(ctx, internalformat) && !GLESv2Validation::pixelInternalFormat(internalformat)].
04-26 15:48:54.095 W/GFXSTREAM( 6050): [GLESv2Validation.cpp(1217)] Error internal format: 0x4 is invalid.
04-26 15:48:54.095 E/GFXSTREAM( 6050): [GL2Encoder.cpp(2814)] GL error 0x501 condition [!GLESv2Validation::pixelFormat(ctx, internalformat) && !GLESv2Validation::pixelInternalFormat(internalformat)].
04-26 15:48:54.095 W/GFXSTREAM( 6050): [GLESv2Validation.cpp(1217)] Error internal format: 0x3 is invalid.
04-26 15:48:54.095 E/GFXSTREAM( 6050): [GL2Encoder.cpp(2814)] GL error 0x501 condition [!GLESv2Validation::pixelFormat(ctx, internalformat) && !GLESv2Validation::pixelInternalFormat(internalformat)].
04-26 15:48:54.096 W/GFXSTREAM( 6050): [GLESv2Validation.cpp(1217)] Error internal format: 0x3 is invalid.
04-26 15:48:54.096 E/GFXSTREAM( 6050): [GL2Encoder.cpp(2814)] GL error 0x501 condition [!GLESv2Validation::pixelFormat(ctx, internalformat) && !GLESv2Validation::pixelInternalFormat(internalformat)].
04-26 15:48:54.096 W/GFXSTREAM( 6050): [GLESv2Validation.cpp(1217)] Error internal format: 0x4 is invalid.
04-26 15:48:54.096 E/GFXSTREAM( 6050): [GL2Encoder.cpp(2814)] GL error 0x501 condition [!GLESv2Validation::pixelFormat(ctx, internalformat) && !GLESv2Validation::pixelInternalFormat(internalformat)].
04-26 15:48:54.096 W/GFXSTREAM( 6050): [GLESv2Validation.cpp(1217)] Error internal format: 0x3 is invalid.
04-26 15:48:54.096 E/GFXSTREAM( 6050): [GL2Encoder.cpp(2814)] GL error 0x501 condition [!GLESv2Validation::pixelFormat(ctx, internalformat) && !GLESv2Validation::pixelInternalFormat(internalformat)].
04-26 15:48:54.097 W/GFXSTREAM( 6050): [GLESv2Validation.cpp(1217)] Error internal format: 0x3 is invalid.
04-26 15:48:54.097 E/GFXSTREAM( 6050): [GL2Encoder.cpp(2814)] GL error 0x501 condition [!GLESv2Validation::pixelFormat(ctx, internalformat) && !GLESv2Validation::pixelInternalFormat(internalformat)].
04-26 15:48:54.097 W/GFXSTREAM( 6050): [GLESv2Validation.cpp(1217)] Error internal format: 0x3 is invalid.
04-26 15:48:54.097 E/GFXSTREAM( 6050): [GL2Encoder.cpp(2814)] GL error 0x501 condition [!GLESv2Validation::pixelFormat(ctx, internalformat) && !GLESv2Validation::pixelInternalFormat(internalformat)].
04-26 15:48:54.098 W/GFXSTREAM( 6050): [GLESv2Validation.cpp(1217)] Error internal format: 0x3 is invalid.
04-26 15:48:54.098 E/GFXSTREAM( 6050): [GL2Encoder.cpp(2814)] GL error 0x501 condition [!GLESv2Validation::pixelFormat(ctx, internalformat) && !GLESv2Validation::pixelInternalFormat(internalformat)].
04-26 15:48:54.098 W/GFXSTREAM( 6050): [GLESv2Validation.cpp(1217)] Error internal format: 0x3 is invalid.
04-26 15:48:54.098 E/GFXSTREAM( 6050): [GL2Encoder.cpp(2814)] GL error 0x501 condition [!GLESv2Validation::pixelFormat(ctx, internalformat) && !GLESv2Validation::pixelInternalFormat(internalformat)].
04-26 15:48:54.098 W/GFXSTREAM( 6050): [GLESv2Validation.cpp(1217)] Error internal format: 0x3 is invalid.
04-26 15:48:54.098 E/GFXSTREAM( 6050): [GL2Encoder.cpp(2814)] GL error 0x501 condition [!GLESv2Validation::pixelFormat(ctx, internalformat) && !GLESv2Validation::pixelInternalFormat(internalformat)].
04-26 15:48:54.098 W/GFXSTREAM( 6050): [GLESv2Validation.cpp(1217)] Error internal format: 0x3 is invalid.
04-26 15:48:54.098 E/GFXSTREAM( 6050): [GL2Encoder.cpp(2814)] GL error 0x501 condition [!GLESv2Validation::pixelFormat(ctx, internalformat) && !GLESv2Validation::pixelInternalFormat(internalformat)].
04-26 15:48:54.098 W/GFXSTREAM( 6050): [GLESv2Validation.cpp(1217)] Error internal format: 0x3 is invalid.
04-26 15:48:54.098 E/GFXSTREAM( 6050): [GL2Encoder.cpp(2814)] GL error 0x501 condition [!GLESv2Validation::pixelFormat(ctx, internalformat) && !GLESv2Validation::pixelInternalFormat(internalformat)].
04-26 15:48:54.099 W/GFXSTREAM( 6050): [GLESv2Validation.cpp(1217)] Error internal format: 0x3 is invalid.
04-26 15:48:54.099 E/GFXSTREAM( 6050): [GL2Encoder.cpp(2814)] GL error 0x501 condition [!GLESv2Validation::pixelFormat(ctx, internalformat) && !GLESv2Validation::pixelInternalFormat(internalformat)].
04-26 15:48:54.099 W/GFXSTREAM( 6050): [GLESv2Validation.cpp(1217)] Error internal format: 0x3 is invalid.
04-26 15:48:54.099 E/GFXSTREAM( 6050): [GL2Encoder.cpp(2814)] GL error 0x501 condition [!GLESv2Validation::pixelFormat(ctx, internalformat) && !GLESv2Validation::pixelInternalFormat(internalformat)].
04-26 15:48:54.099 W/GFXSTREAM( 6050): [GLESv2Validation.cpp(1217)] Error internal format: 0x3 is invalid.
04-26 15:48:54.099 E/GFXSTREAM( 6050): [GL2Encoder.cpp(2814)] GL error 0x501 condition [!GLESv2Validation::pixelFormat(ctx, internalformat) && !GLESv2Validation::pixelInternalFormat(internalformat)].
04-26 15:48:54.099 W/GFXSTREAM( 6050): [GLESv2Validation.cpp(1217)] Error internal format: 0x3 is invalid.
04-26 15:48:54.099 E/GFXSTREAM( 6050): [GL2Encoder.cpp(2814)] GL error 0x501 condition [!GLESv2Validation::pixelFormat(ctx, internalformat) && !GLESv2Validation::pixelInternalFormat(internalformat)].
04-26 15:48:54.099 W/GFXSTREAM( 6050): [GLESv2Validation.cpp(1217)] Error internal format: 0x3 is invalid.
04-26 15:48:54.099 E/GFXSTREAM( 6050): [GL2Encoder.cpp(2814)] GL error 0x501 condition [!GLESv2Validation::pixelFormat(ctx, internalformat) && !GLESv2Validation::pixelInternalFormat(internalformat)].
04-26 15:48:54.100 W/GFXSTREAM( 6050): [GLESv2Validation.cpp(1217)] Error internal format: 0x3 is invalid.
04-26 15:48:54.100 E/GFXSTREAM( 6050): [GL2Encoder.cpp(2814)] GL error 0x501 condition [!GLESv2Validation::pixelFormat(ctx, internalformat) && !GLESv2Validation::pixelInternalFormat(internalformat)].
04-26 15:48:54.100 W/GFXSTREAM( 6050): [GLESv2Validation.cpp(1217)] Error internal format: 0x4 is invalid.
04-26 15:48:54.100 E/GFXSTREAM( 6050): [GL2Encoder.cpp(2814)] GL error 0x501 condition [!GLESv2Validation::pixelFormat(ctx, internalformat) && !GLESv2Validation::pixelInternalFormat(internalformat)].
04-26 15:48:54.100 W/GFXSTREAM( 6050): [GLESv2Validation.cpp(1217)] Error internal format: 0x3 is invalid.
04-26 15:48:54.100 E/GFXSTREAM( 6050): [GL2Encoder.cpp(2814)] GL error 0x501 condition [!GLESv2Validation::pixelFormat(ctx, internalformat) && !GLESv2Validation::pixelInternalFormat(internalformat)].
04-26 15:48:54.100 W/GFXSTREAM( 6050): [GLESv2Validation.cpp(1217)] Error internal format: 0x3 is invalid.
04-26 15:48:54.101 E/GFXSTREAM( 6050): [GL2Encoder.cpp(2814)] GL error 0x501 condition [!GLESv2Validation::pixelFormat(ctx, internalformat) && !GLESv2Validation::pixelInternalFormat(internalformat)].
04-26 15:48:54.101 W/GFXSTREAM( 6050): [GLESv2Validation.cpp(1217)] Error internal format: 0x3 is invalid.
04-26 15:48:54.101 E/GFXSTREAM( 6050): [GL2Encoder.cpp(2814)] GL error 0x501 condition [!GLESv2Validation::pixelFormat(ctx, internalformat) && !GLESv2Validation::pixelInternalFormat(internalformat)].
04-26 15:48:54.101 W/GFXSTREAM( 6050): [GLESv2Validation.cpp(1217)] Error internal format: 0x3 is invalid.
04-26 15:48:54.101 E/GFXSTREAM( 6050): [GL2Encoder.cpp(2814)] GL error 0x501 condition [!GLESv2Validation::pixelFormat(ctx, internalformat) && !GLESv2Validation::pixelInternalFormat(internalformat)].
04-26 15:48:54.101 W/GFXSTREAM( 6050): [GLESv2Validation.cpp(1217)] Error internal format: 0x3 is invalid.
04-26 15:48:54.101 E/GFXSTREAM( 6050): [GL2Encoder.cpp(2814)] GL error 0x501 condition [!GLESv2Validation::pixelFormat(ctx, internalformat) && !GLESv2Validation::pixelInternalFormat(internalformat)].
04-26 15:48:54.101 W/GFXSTREAM( 6050): [GLESv2Validation.cpp(1217)] Error internal format: 0x3 is invalid.
04-26 15:48:54.101 E/GFXSTREAM( 6050): [GL2Encoder.cpp(2814)] GL error 0x501 condition [!GLESv2Validation::pixelFormat(ctx, internalformat) && !GLESv2Validation::pixelInternalFormat(internalformat)].
04-26 15:48:54.102 W/GFXSTREAM( 6050): [GLESv2Validation.cpp(1217)] Error internal format: 0x3 is invalid.
04-26 15:48:54.102 E/GFXSTREAM( 6050): [GL2Encoder.cpp(2814)] GL error 0x501 condition [!GLESv2Validation::pixelFormat(ctx, internalformat) && !GLESv2Validation::pixelInternalFormat(internalformat)].
04-26 15:48:54.102 W/GFXSTREAM( 6050): [GLESv2Validation.cpp(1217)] Error internal format: 0x3 is invalid.
04-26 15:48:54.102 E/GFXSTREAM( 6050): [GL2Encoder.cpp(2814)] GL error 0x501 condition [!GLESv2Validation::pixelFormat(ctx, internalformat) && !GLESv2Validation::pixelInternalFormat(internalformat)].
04-26 15:48:54.102 W/GFXSTREAM( 6050): [GLESv2Validation.cpp(1217)] Error internal format: 0x3 is invalid.
04-26 15:48:54.102 E/GFXSTREAM( 6050): [GL2Encoder.cpp(2814)] GL error 0x501 condition [!GLESv2Validation::pixelFormat(ctx, internalformat) && !GLESv2Validation::pixelInternalFormat(internalformat)].
04-26 15:48:54.102 W/GFXSTREAM( 6050): [GLESv2Validation.cpp(1217)] Error internal format: 0x3 is invalid.
04-26 15:48:54.102 E/GFXSTREAM( 6050): [GL2Encoder.cpp(2814)] GL error 0x501 condition [!GLESv2Validation::pixelFormat(ctx, internalformat) && !GLESv2Validation::pixelInternalFormat(internalformat)].
04-26 15:48:54.102 W/GFXSTREAM( 6050): [GLESv2Validation.cpp(1217)] Error internal format: 0x3 is invalid.
04-26 15:48:54.102 E/GFXSTREAM( 6050): [GL2Encoder.cpp(2814)] GL error 0x501 condition [!GLESv2Validation::pixelFormat(ctx, internalformat) && !GLESv2Validation::pixelInternalFormat(internalformat)].
04-26 15:48:54.102 W/GFXSTREAM( 6050): [GLESv2Validation.cpp(1217)] Error internal format: 0x4 is invalid.
04-26 15:48:54.102 E/GFXSTREAM( 6050): [GL2Encoder.cpp(2814)] GL error 0x501 condition [!GLESv2Validation::pixelFormat(ctx, internalformat) && !GLESv2Validation::pixelInternalFormat(internalformat)].
04-26 15:48:54.103 W/GFXSTREAM( 6050): [GLESv2Validation.cpp(1217)] Error internal format: 0x3 is invalid.
04-26 15:48:54.103 E/GFXSTREAM( 6050): [GL2Encoder.cpp(2814)] GL error 0x501 condition [!GLESv2Validation::pixelFormat(ctx, internalformat) && !GLESv2Validation::pixelInternalFormat(internalformat)].
04-26 15:48:54.103 W/skia    (  566): AGTM parsing failed flags.readFromStream(s) at 159
04-26 15:48:54.103 W/skia    (  566): AGTM parsing failed flags.readFromStream(s) at 159
04-26 15:48:54.103 W/GFXSTREAM( 6050): [GLESv2Validation.cpp(1217)] Error internal format: 0x3 is invalid.
04-26 15:48:54.103 E/GFXSTREAM( 6050): [GL2Encoder.cpp(2814)] GL error 0x501 condition [!GLESv2Validation::pixelFormat(ctx, internalformat) && !GLESv2Validation::pixelInternalFormat(internalformat)].
04-26 15:48:54.103 W/skia    (  566): AGTM parsing failed flags.readFromStream(s) at 159
04-26 15:48:54.103 W/skia    (  566): AGTM parsing failed flags.readFromStream(s) at 159
04-26 15:48:54.103 W/skia    (  566): AGTM parsing failed flags.readFromStream(s) at 159
04-26 15:48:54.104 W/GFXSTREAM( 6050): [GLESv2Validation.cpp(1217)] Error internal format: 0x3 is invalid.
04-26 15:48:54.104 E/GFXSTREAM( 6050): [GL2Encoder.cpp(2814)] GL error 0x501 condition [!GLESv2Validation::pixelFormat(ctx, internalformat) && !GLESv2Validation::pixelInternalFormat(internalformat)].
04-26 15:48:54.104 W/GFXSTREAM( 6050): [GLESv2Validation.cpp(1217)] Error internal format: 0x3 is invalid.
04-26 15:48:54.104 E/GFXSTREAM( 6050): [GL2Encoder.cpp(2814)] GL error 0x501 condition [!GLESv2Validation::pixelFormat(ctx, internalformat) && !GLESv2Validation::pixelInternalFormat(internalformat)].
04-26 15:48:54.104 W/GFXSTREAM( 6050): [GLESv2Validation.cpp(1217)] Error internal format: 0x4 is invalid.
04-26 15:48:54.104 E/GFXSTREAM( 6050): [GL2Encoder.cpp(2814)] GL error 0x501 condition [!GLESv2Validation::pixelFormat(ctx, internalformat) && !GLESv2Validation::pixelInternalFormat(internalformat)].
04-26 15:48:54.104 W/GFXSTREAM( 6050): [GLESv2Validation.cpp(1217)] Error internal format: 0x4 is invalid.
04-26 15:48:54.104 E/GFXSTREAM( 6050): [GL2Encoder.cpp(2814)] GL error 0x501 condition [!GLESv2Validation::pixelFormat(ctx, internalformat) && !GLESv2Validation::pixelInternalFormat(internalformat)].
04-26 15:48:54.105 W/GFXSTREAM( 6050): [GLESv2Validation.cpp(1217)] Error internal format: 0x3 is invalid.
04-26 15:48:54.105 E/GFXSTREAM( 6050): [GL2Encoder.cpp(2814)] GL error 0x501 condition [!GLESv2Validation::pixelFormat(ctx, internalformat) && !GLESv2Validation::pixelInternalFormat(internalformat)].
04-26 15:48:54.105 W/GFXSTREAM( 6050): [GLESv2Validation.cpp(1217)] Error internal format: 0x3 is invalid.
04-26 15:48:54.105 E/GFXSTREAM( 6050): [GL2Encoder.cpp(2814)] GL error 0x501 condition [!GLESv2Validation::pixelFormat(ctx, internalformat) && !GLESv2Validation::pixelInternalFormat(internalformat)].
04-26 15:48:54.105 W/GFXSTREAM( 6050): [GLESv2Validation.cpp(1217)] Error internal format: 0x3 is invalid.
04-26 15:48:54.105 E/GFXSTREAM( 6050): [GL2Encoder.cpp(2814)] GL error 0x501 condition [!GLESv2Validation::pixelFormat(ctx, internalformat) && !GLESv2Validation::pixelInternalFormat(internalformat)].
04-26 15:48:54.106 W/GFXSTREAM( 6050): [GLESv2Validation.cpp(1217)] Error internal format: 0x4 is invalid.
04-26 15:48:54.106 E/GFXSTREAM( 6050): [GL2Encoder.cpp(2814)] GL error 0x501 condition [!GLESv2Validation::pixelFormat(ctx, internalformat) && !GLESv2Validation::pixelInternalFormat(internalformat)].
04-26 15:48:54.106 W/GFXSTREAM( 6050): [GLESv2Validation.cpp(1217)] Error internal format: 0x4 is invalid.
04-26 15:48:54.106 E/GFXSTREAM( 6050): [GL2Encoder.cpp(2814)] GL error 0x501 condition [!GLESv2Validation::pixelFormat(ctx, internalformat) && !GLESv2Validation::pixelInternalFormat(internalformat)].
04-26 15:48:54.107 W/GFXSTREAM( 6050): [GLESv2Validation.cpp(1217)] Error internal format: 0x4 is invalid.
04-26 15:48:54.107 E/GFXSTREAM( 6050): [GL2Encoder.cpp(2814)] GL error 0x501 condition [!GLESv2Validation::pixelFormat(ctx, internalformat) && !GLESv2Validation::pixelInternalFormat(internalformat)].
04-26 15:48:54.107 W/GFXSTREAM( 6050): [GLESv2Validation.cpp(1217)] Error internal format: 0x3 is invalid.
04-26 15:48:54.107 E/GFXSTREAM( 6050): [GL2Encoder.cpp(2814)] GL error 0x501 condition [!GLESv2Validation::pixelFormat(ctx, internalformat) && !GLESv2Validation::pixelInternalFormat(internalformat)].
04-26 15:48:54.107 W/GFXSTREAM( 6050): [GLESv2Validation.cpp(1217)] Error internal format: 0x3 is invalid.
04-26 15:48:54.107 E/GFXSTREAM( 6050): [GL2Encoder.cpp(2814)] GL error 0x501 condition [!GLESv2Validation::pixelFormat(ctx, internalformat) && !GLESv2Validation::pixelInternalFormat(internalformat)].
04-26 15:48:54.107 W/GFXSTREAM( 6050): [GLESv2Validation.cpp(1217)] Error internal format: 0x3 is invalid.
04-26 15:48:54.108 E/GFXSTREAM( 6050): [GL2Encoder.cpp(2814)] GL error 0x501 condition [!GLESv2Validation::pixelFormat(ctx, internalformat) && !GLESv2Validation::pixelInternalFormat(internalformat)].
04-26 15:48:54.108 W/GFXSTREAM( 6050): [GLESv2Validation.cpp(1217)] Error internal format: 0x3 is invalid.
04-26 15:48:54.108 E/GFXSTREAM( 6050): [GL2Encoder.cpp(2814)] GL error 0x501 condition [!GLESv2Validation::pixelFormat(ctx, internalformat) && !GLESv2Validation::pixelInternalFormat(internalformat)].
04-26 15:48:54.108 W/GFXSTREAM( 6050): [GLESv2Validation.cpp(1217)] Error internal format: 0x3 is invalid.
04-26 15:48:54.108 E/GFXSTREAM( 6050): [GL2Encoder.cpp(2814)] GL error 0x501 condition [!GLESv2Validation::pixelFormat(ctx, internalformat) && !GLESv2Validation::pixelInternalFormat(internalformat)].
04-26 15:48:54.108 E/GFXSTREAM( 6050): [GL2Encoder.cpp(2625)] GL error 0x500 condition [!GLESv2Validation::textureParamValue(ctx, pname, param, (GLfloat)param, (GLenum)param)].
04-26 15:48:54.108 E/GFXSTREAM( 6050): [GL2Encoder.cpp(2625)] GL error 0x500 condition [!GLESv2Validation::textureParamValue(ctx, pname, param, (GLfloat)param, (GLenum)param)].
04-26 15:48:54.108 W/GFXSTREAM( 6050): [GLESv2Validation.cpp(1217)] Error internal format: 0x3 is invalid.
04-26 15:48:54.108 E/GFXSTREAM( 6050): [GL2Encoder.cpp(2814)] GL error 0x501 condition [!GLESv2Validation::pixelFormat(ctx, internalformat) && !GLESv2Validation::pixelInternalFormat(internalformat)].
04-26 15:48:54.108 E/GFXSTREAM( 6050): [GL2Encoder.cpp(2625)] GL error 0x500 condition [!GLESv2Validation::textureParamValue(ctx, pname, param, (GLfloat)param, (GLenum)param)].
04-26 15:48:54.108 E/GFXSTREAM( 6050): [GL2Encoder.cpp(2625)] GL error 0x500 condition [!GLESv2Validation::textureParamValue(ctx, pname, param, (GLfloat)param, (GLenum)param)].
04-26 15:48:54.108 W/GFXSTREAM( 6050): [GLESv2Validation.cpp(1217)] Error internal format: 0x3 is invalid.
04-26 15:48:54.108 E/GFXSTREAM( 6050): [GL2Encoder.cpp(2814)] GL error 0x501 condition [!GLESv2Validation::pixelFormat(ctx, internalformat) && !GLESv2Validation::pixelInternalFormat(internalformat)].
04-26 15:48:54.108 E/GFXSTREAM( 6050): [GL2Encoder.cpp(2625)] GL error 0x500 condition [!GLESv2Validation::textureParamValue(ctx, pname, param, (GLfloat)param, (GLenum)param)].
04-26 15:48:54.108 E/GFXSTREAM( 6050): [GL2Encoder.cpp(2625)] GL error 0x500 condition [!GLESv2Validation::textureParamValue(ctx, pname, param, (GLfloat)param, (GLenum)param)].
04-26 15:48:54.108 W/GFXSTREAM( 6050): [GLESv2Validation.cpp(1217)] Error internal format: 0x3 is invalid.
04-26 15:48:54.109 E/GFXSTREAM( 6050): [GL2Encoder.cpp(2814)] GL error 0x501 condition [!GLESv2Validation::pixelFormat(ctx, internalformat) && !GLESv2Validation::pixelInternalFormat(internalformat)].
04-26 15:48:54.109 E/GFXSTREAM( 6050): [GL2Encoder.cpp(2625)] GL error 0x500 condition [!GLESv2Validation::textureParamValue(ctx, pname, param, (GLfloat)param, (GLenum)param)].
04-26 15:48:54.109 E/GFXSTREAM( 6050): [GL2Encoder.cpp(2625)] GL error 0x500 condition [!GLESv2Validation::textureParamValue(ctx, pname, param, (GLfloat)param, (GLenum)param)].
04-26 15:48:54.109 W/GFXSTREAM( 6050): [GLESv2Validation.cpp(1217)] Error internal format: 0x3 is invalid.
04-26 15:48:54.109 E/GFXSTREAM( 6050): [GL2Encoder.cpp(2814)] GL error 0x501 condition [!GLESv2Validation::pixelFormat(ctx, internalformat) && !GLESv2Validation::pixelInternalFormat(internalformat)].
04-26 15:48:54.109 E/GFXSTREAM( 6050): [GL2Encoder.cpp(2625)] GL error 0x500 condition [!GLESv2Validation::textureParamValue(ctx, pname, param, (GLfloat)param, (GLenum)param)].
04-26 15:48:54.109 E/GFXSTREAM( 6050): [GL2Encoder.cpp(2625)] GL error 0x500 condition [!GLESv2Validation::textureParamValue(ctx, pname, param, (GLfloat)param, (GLenum)param)].
04-26 15:48:54.109 W/GFXSTREAM( 6050): [GLESv2Validation.cpp(1217)] Error internal format: 0x3 is invalid.
04-26 15:48:54.109 E/GFXSTREAM( 6050): [GL2Encoder.cpp(2814)] GL error 0x501 condition [!GLESv2Validation::pixelFormat(ctx, internalformat) && !GLESv2Validation::pixelInternalFormat(internalformat)].
04-26 15:48:54.109 E/GFXSTREAM( 6050): [GL2Encoder.cpp(2625)] GL error 0x500 condition [!GLESv2Validation::textureParamValue(ctx, pname, param, (GLfloat)param, (GLenum)param)].
04-26 15:48:54.109 E/GFXSTREAM( 6050): [GL2Encoder.cpp(2625)] GL error 0x500 condition [!GLESv2Validation::textureParamValue(ctx, pname, param, (GLfloat)param, (GLenum)param)].
04-26 15:48:54.109 W/GFXSTREAM( 6050): [GLESv2Validation.cpp(1217)] Error internal format: 0x3 is invalid.
04-26 15:48:54.109 E/GFXSTREAM( 6050): [GL2Encoder.cpp(2814)] GL error 0x501 condition [!GLESv2Validation::pixelFormat(ctx, internalformat) && !GLESv2Validation::pixelInternalFormat(internalformat)].
04-26 15:48:54.109 W/GFXSTREAM( 6050): [GLESv2Validation.cpp(1217)] Error internal format: 0x3 is invalid.
04-26 15:48:54.109 E/GFXSTREAM( 6050): [GL2Encoder.cpp(2814)] GL error 0x501 condition [!GLESv2Validation::pixelFormat(ctx, internalformat) && !GLESv2Validation::pixelInternalFormat(internalformat)].
04-26 15:48:54.110 W/GFXSTREAM( 6050): [GLESv2Validation.cpp(1217)] Error internal format: 0x3 is invalid.
04-26 15:48:54.110 E/GFXSTREAM( 6050): [GL2Encoder.cpp(2814)] GL error 0x501 condition [!GLESv2Validation::pixelFormat(ctx, internalformat) && !GLESv2Validation::pixelInternalFormat(internalformat)].
04-26 15:48:54.110 W/GFXSTREAM( 6050): [GLESv2Validation.cpp(1217)] Error internal format: 0x4 is invalid.
04-26 15:48:54.110 E/GFXSTREAM( 6050): [GL2Encoder.cpp(2814)] GL error 0x501 condition [!GLESv2Validation::pixelFormat(ctx, internalformat) && !GLESv2Validation::pixelInternalFormat(internalformat)].
04-26 15:48:54.110 W/GFXSTREAM( 6050): [GLESv2Validation.cpp(1217)] Error internal format: 0x4 is invalid.
04-26 15:48:54.110 E/GFXSTREAM( 6050): [GL2Encoder.cpp(2814)] GL error 0x501 condition [!GLESv2Validation::pixelFormat(ctx, internalformat) && !GLESv2Validation::pixelInternalFormat(internalformat)].
04-26 15:48:54.110 W/GFXSTREAM( 6050): [GLESv2Validation.cpp(1217)] Error internal format: 0x4 is invalid.
04-26 15:48:54.110 E/GFXSTREAM( 6050): [GL2Encoder.cpp(2814)] GL error 0x501 condition [!GLESv2Validation::pixelFormat(ctx, internalformat) && !GLESv2Validation::pixelInternalFormat(internalformat)].
04-26 15:48:54.110 W/GFXSTREAM( 6050): [GLESv2Validation.cpp(1217)] Error internal format: 0x4 is invalid.
04-26 15:48:54.111 E/GFXSTREAM( 6050): [GL2Encoder.cpp(2814)] GL error 0x501 condition [!GLESv2Validation::pixelFormat(ctx, internalformat) && !GLESv2Validation::pixelInternalFormat(internalformat)].
04-26 15:48:54.111 W/GFXSTREAM( 6050): [GLESv2Validation.cpp(1217)] Error internal format: 0x4 is invalid.
04-26 15:48:54.111 E/GFXSTREAM( 6050): [GL2Encoder.cpp(2814)] GL error 0x501 condition [!GLESv2Validation::pixelFormat(ctx, internalformat) && !GLESv2Validation::pixelInternalFormat(internalformat)].
04-26 15:48:54.111 W/GFXSTREAM( 6050): [GLESv2Validation.cpp(1217)] Error internal format: 0x4 is invalid.
04-26 15:48:54.111 E/GFXSTREAM( 6050): [GL2Encoder.cpp(2814)] GL error 0x501 condition [!GLESv2Validation::pixelFormat(ctx, internalformat) && !GLESv2Validation::pixelInternalFormat(internalformat)].
04-26 15:48:54.112 W/GFXSTREAM( 6050): [GLESv2Validation.cpp(1217)] Error internal format: 0x4 is invalid.
04-26 15:48:54.112 E/GFXSTREAM( 6050): [GL2Encoder.cpp(2814)] GL error 0x501 condition [!GLESv2Validation::pixelFormat(ctx, internalformat) && !GLESv2Validation::pixelInternalFormat(internalformat)].
04-26 15:48:54.112 W/GFXSTREAM( 6050): [GLESv2Validation.cpp(1217)] Error internal format: 0x3 is invalid.
04-26 15:48:54.112 E/GFXSTREAM( 6050): [GL2Encoder.cpp(2814)] GL error 0x501 condition [!GLESv2Validation::pixelFormat(ctx, internalformat) && !GLESv2Validation::pixelInternalFormat(internalformat)].
04-26 15:48:54.112 W/GFXSTREAM( 6050): [GLESv2Validation.cpp(1217)] Error internal format: 0x3 is invalid.
04-26 15:48:54.112 E/GFXSTREAM( 6050): [GL2Encoder.cpp(2814)] GL error 0x501 condition [!GLESv2Validation::pixelFormat(ctx, internalformat) && !GLESv2Validation::pixelInternalFormat(internalformat)].
04-26 15:48:54.112 W/GFXSTREAM( 6050): [GLESv2Validation.cpp(1217)] Error internal format: 0x3 is invalid.
04-26 15:48:54.112 E/GFXSTREAM( 6050): [GL2Encoder.cpp(2814)] GL error 0x501 condition [!GLESv2Validation::pixelFormat(ctx, internalformat) && !GLESv2Validation::pixelInternalFormat(internalformat)].
04-26 15:48:54.112 W/GFXSTREAM( 6050): [GLESv2Validation.cpp(1217)] Error internal format: 0x3 is invalid.
04-26 15:48:54.112 E/GFXSTREAM( 6050): [GL2Encoder.cpp(2814)] GL error 0x501 condition [!GLESv2Validation::pixelFormat(ctx, internalformat) && !GLESv2Validation::pixelInternalFormat(internalformat)].
04-26 15:48:54.113 W/GFXSTREAM( 6050): [GLESv2Validation.cpp(1217)] Error internal format: 0x3 is invalid.
04-26 15:48:54.113 E/GFXSTREAM( 6050): [GL2Encoder.cpp(2814)] GL error 0x501 condition [!GLESv2Validation::pixelFormat(ctx, internalformat) && !GLESv2Validation::pixelInternalFormat(internalformat)].
04-26 15:48:54.113 W/GFXSTREAM( 6050): [GLESv2Validation.cpp(1217)] Error internal format: 0x3 is invalid.
04-26 15:48:54.113 E/GFXSTREAM( 6050): [GL2Encoder.cpp(2814)] GL error 0x501 condition [!GLESv2Validation::pixelFormat(ctx, internalformat) && !GLESv2Validation::pixelInternalFormat(internalformat)].
04-26 15:48:54.113 W/GFXSTREAM( 6050): [GLESv2Validation.cpp(1217)] Error internal format: 0x3 is invalid.
04-26 15:48:54.113 E/GFXSTREAM( 6050): [GL2Encoder.cpp(2814)] GL error 0x501 condition [!GLESv2Validation::pixelFormat(ctx, internalformat) && !GLESv2Validation::pixelInternalFormat(internalformat)].
04-26 15:48:54.113 W/GFXSTREAM( 6050): [GLESv2Validation.cpp(1217)] Error internal format: 0x3 is invalid.
04-26 15:48:54.113 E/GFXSTREAM( 6050): [GL2Encoder.cpp(2814)] GL error 0x501 condition [!GLESv2Validation::pixelFormat(ctx, internalformat) && !GLESv2Validation::pixelInternalFormat(internalformat)].
04-26 15:48:54.113 W/GFXSTREAM( 6050): [GLESv2Validation.cpp(1217)] Error internal format: 0x3 is invalid.
04-26 15:48:54.114 E/GFXSTREAM( 6050): [GL2Encoder.cpp(2814)] GL error 0x501 condition [!GLESv2Validation::pixelFormat(ctx, internalformat) && !GLESv2Validation::pixelInternalFormat(internalformat)].
04-26 15:48:54.114 W/GFXSTREAM( 6050): [GLESv2Validation.cpp(1217)] Error internal format: 0x3 is invalid.
04-26 15:48:54.114 E/GFXSTREAM( 6050): [GL2Encoder.cpp(2814)] GL error 0x501 condition [!GLESv2Validation::pixelFormat(ctx, internalformat) && !GLESv2Validation::pixelInternalFormat(internalformat)].
04-26 15:48:54.114 W/GFXSTREAM( 6050): [GLESv2Validation.cpp(1217)] Error internal format: 0x3 is invalid.
04-26 15:48:54.114 E/GFXSTREAM( 6050): [GL2Encoder.cpp(2814)] GL error 0x501 condition [!GLESv2Validation::pixelFormat(ctx, internalformat) && !GLESv2Validation::pixelInternalFormat(internalformat)].
04-26 15:48:54.114 W/GFXSTREAM( 6050): [GLESv2Validation.cpp(1217)] Error internal format: 0x3 is invalid.
04-26 15:48:54.114 E/GFXSTREAM( 6050): [GL2Encoder.cpp(2814)] GL error 0x501 condition [!GLESv2Validation::pixelFormat(ctx, internalformat) && !GLESv2Validation::pixelInternalFormat(internalformat)].
04-26 15:48:54.115 W/GFXSTREAM( 6050): [GLESv2Validation.cpp(1217)] Error internal format: 0x3 is invalid.
04-26 15:48:54.115 E/GFXSTREAM( 6050): [GL2Encoder.cpp(2814)] GL error 0x501 condition [!GLESv2Validation::pixelFormat(ctx, internalformat) && !GLESv2Validation::pixelInternalFormat(internalformat)].
04-26 15:48:54.115 W/GFXSTREAM( 6050): [GLESv2Validation.cpp(1217)] Error internal format: 0x3 is invalid.
04-26 15:48:54.115 E/GFXSTREAM( 6050): [GL2Encoder.cpp(2814)] GL error 0x501 condition [!GLESv2Validation::pixelFormat(ctx, internalformat) && !GLESv2Validation::pixelInternalFormat(internalformat)].
04-26 15:48:54.115 W/GFXSTREAM( 6050): [GLESv2Validation.cpp(1217)] Error internal format: 0x3 is invalid.
04-26 15:48:54.115 E/GFXSTREAM( 6050): [GL2Encoder.cpp(2814)] GL error 0x501 condition [!GLESv2Validation::pixelFormat(ctx, internalformat) && !GLESv2Validation::pixelInternalFormat(internalformat)].
04-26 15:48:54.115 W/GFXSTREAM( 6050): [GLESv2Validation.cpp(1217)] Error internal format: 0x3 is invalid.
04-26 15:48:54.115 E/GFXSTREAM( 6050): [GL2Encoder.cpp(2814)] GL error 0x501 condition [!GLESv2Validation::pixelFormat(ctx, internalformat) && !GLESv2Validation::pixelInternalFormat(internalformat)].
04-26 15:48:54.115 W/GFXSTREAM( 6050): [GLESv2Validation.cpp(1217)] Error internal format: 0x3 is invalid.
04-26 15:48:54.115 E/GFXSTREAM( 6050): [GL2Encoder.cpp(2814)] GL error 0x501 condition [!GLESv2Validation::pixelFormat(ctx, internalformat) && !GLESv2Validation::pixelInternalFormat(internalformat)].
04-26 15:48:54.115 W/GFXSTREAM( 6050): [GLESv2Validation.cpp(1217)] Error internal format: 0x3 is invalid.
04-26 15:48:54.115 E/GFXSTREAM( 6050): [GL2Encoder.cpp(2814)] GL error 0x501 condition [!GLESv2Validation::pixelFormat(ctx, internalformat) && !GLESv2Validation::pixelInternalFormat(internalformat)].
04-26 15:48:54.115 W/GFXSTREAM( 6050): [GLESv2Validation.cpp(1217)] Error internal format: 0x3 is invalid.
04-26 15:48:54.115 E/GFXSTREAM( 6050): [GL2Encoder.cpp(2814)] GL error 0x501 condition [!GLESv2Validation::pixelFormat(ctx, internalformat) && !GLESv2Validation::pixelInternalFormat(internalformat)].
04-26 15:48:54.116 W/GFXSTREAM( 6050): [GLESv2Validation.cpp(1217)] Error internal format: 0x3 is invalid.
04-26 15:48:54.116 E/GFXSTREAM( 6050): [GL2Encoder.cpp(2814)] GL error 0x501 condition [!GLESv2Validation::pixelFormat(ctx, internalformat) && !GLESv2Validation::pixelInternalFormat(internalformat)].
04-26 15:48:54.116 I/TakumiErrorReport( 6050): > First Load Files OK.
04-26 15:48:54.121 W/skia    (  566): AGTM parsing failed flags.readFromStream(s) at 159
04-26 15:48:54.121 W/skia    (  566): AGTM parsing failed flags.readFromStream(s) at 159
04-26 15:48:54.121 W/skia    (  566): AGTM parsing failed flags.readFromStream(s) at 159
04-26 15:48:54.121 W/skia    (  566): AGTM parsing failed flags.readFromStream(s) at 159
04-26 15:48:54.121 W/skia    (  566): AGTM parsing failed flags.readFromStream(s) at 159
04-26 15:48:54.124 W/libc    ( 6050): malloc(18446744073709551615) failed: returning null pointer
04-26 15:48:54.125 E/MuMain  ( 6050): Scene exception scene=1 world=-1: std::bad_alloc
04-26 15:48:54.127 E/BLASTBufferQueue( 6050): [aea69ca SurfaceView[com.muonline.client/com.muonline.client.MuMainActivity]#2](f:0,a:0) rejecting buffer:active_size=2268x1080, requested_size=2268x1080 buffer{size=2268x943 transform=0}
04-26 15:48:54.138 I/MuMain  ( 6050): Frame 0 — drawCalls=26 verts=156 paths(im=26 vaD=0 vaC=0 qI=0 qE=0) SDL_err='Couldn't open asset '/storage/emulated/0/Android/data/com.muonline.client/files/Data/fonts/font_.ttf''
04-26 15:48:54.138 I/MuMain  ( 6050): WEBZEN: enter
04-26 15:48:54.138 I/MuMain  ( 6050): WEBZEN: loading title bitmaps
04-26 15:48:54.138 I/TakumiErrorReport( 6050): File not found Data\Interface\lo_back_s5_im01.jpg (31125)->Data\Interface\lo_back_im01.jpg
04-26 15:48:54.138 W/GFXSTREAM( 6050): [GLESv2Validation.cpp(1217)] Error internal format: 0x3 is invalid.
04-26 15:48:54.138 E/GFXSTREAM( 6050): [GL2Encoder.cpp(2814)] GL error 0x501 condition [!GLESv2Validation::pixelFormat(ctx, internalformat) && !GLESv2Validation::pixelInternalFormat(internalformat)].
04-26 15:48:54.138 I/TakumiErrorReport( 6050): File not found Data\Interface\lo_back_s5_im02.jpg (31126)->Data\Interface\lo_back_im02.jpg
04-26 15:48:54.138 W/GFXSTREAM( 6050): [GLESv2Validation.cpp(1217)] Error internal format: 0x3 is invalid.
04-26 15:48:54.138 E/GFXSTREAM( 6050): [GL2Encoder.cpp(2814)] GL error 0x501 condition [!GLESv2Validation::pixelFormat(ctx, internalformat) && !GLESv2Validation::pixelInternalFormat(internalformat)].
04-26 15:48:54.138 I/TakumiErrorReport( 6050): File not found Data\Interface\lo_back_s5_im03.jpg (31127)->Data\Interface\lo_back_im03.jpg
04-26 15:48:54.138 W/GFXSTREAM( 6050): [GLESv2Validation.cpp(1217)] Error internal format: 0x3 is invalid.
04-26 15:48:54.139 E/GFXSTREAM( 6050): [GL2Encoder.cpp(2814)] GL error 0x501 condition [!GLESv2Validation::pixelFormat(ctx, internalformat) && !GLESv2Validation::pixelInternalFormat(internalformat)].
04-26 15:48:54.139 W/skia    (  566): AGTM parsing failed flags.readFromStream(s) at 159
04-26 15:48:54.139 I/TakumiErrorReport( 6050): File not found Data\Interface\lo_back_s5_im04.jpg (31128)->Data\Interface\lo_back_im04.jpg
