04-26 20:31:49.726  1036  1091 V WindowManagerShell:  Checking filter Pair{{types=[] flags=0x0 notFlags=0x100 checks=[{atype=home independent=true modes=[OPEN,TO_FRONT] flags=NONE mustBeTask=false order=ANY topActivity=ComponentInfo{com.google.android.apps.nexuslauncher/com.google.android.apps.nexuslauncher.NexusLauncherActivity} launchCookie=null windowingMode=undefined isCrossDisplayMove=false},{atype=standard independent=true modes=[CLOSE,TO_BACK] flags=NONE mustBeTask=false order=ANY topActivity=null launchCookie=null windowingMode=undefined isCrossDisplayMove=false},{NOT atype=undefined independent=true modes=[] flags=NONE mustBeTask=true order=ANY topActivity=null launchCookie=null customAnim=true windowingMode=undefined isCrossDisplayMove=false}]} RemoteTransition { remoteTransition = android.window.IRemoteTransition$Stub$Proxy@fea59eb, appThread = android.app.IApplicationThread$Stub$Proxy@4f01348, debugName = QuickstepLaunchHome, filter = {types=[] flags=0x0 notFlags=0x100 checks=[{atype=home independent=true modes=[OPEN,TO_FRONT] flags=NONE mustBeTask=false order=ANY topActivity=ComponentInfo{com.google.android.apps.nexuslauncher/com.google.android.apps.nexuslauncher.NexusLauncherActivity} launchCookie=null windowingMode=undefined isCrossDisplayMove=false},{atype=standard independent=true modes=[CLOSE,TO_BACK] flags=NONE mustBeTask=false order=ANY topActivity=null launchCookie=null windowingMode=undefined isCrossDisplayMove=false},{NOT atype=undefined independent=true modes=[] flags=NONE mustBeTask=true order=ANY topActivity=null launchCookie=null customAnim=true windowingMode=undefined isCrossDisplayMove=false}]} }}
04-26 20:31:49.726  1036  1091 V WindowManagerShell:  Checking filter Pair{{types=[OPEN,TO_FRONT] flags=0x0 notFlags=0x0 checks=[{atype=standard independent=true modes=[OPEN,TO_FRONT] flags=NONE mustBeTask=true order=ANY topActivity=null launchCookie=null windowingMode=freeform isCrossDisplayMove=false}]} RemoteTransition { remoteTransition = android.window.IRemoteTransition$Stub$Proxy@5987ffe, appThread = null, debugName = DesktopWindowLimitUnminimize, filter = {types=[OPEN,TO_FRONT] flags=0x0 notFlags=0x0 checks=[{atype=standard independent=true modes=[OPEN,TO_FRONT] flags=NONE mustBeTask=true order=ANY topActivity=null launchCookie=null windowingMode=freeform isCrossDisplayMove=false}]} }}
04-26 20:31:49.726  1036  1091 V WindowManagerShell:  Delegate animation for (#142) to null
04-26 20:31:49.726  1036  1091 V WindowManagerShell: start default transition animation, info = {id=142 t=OPEN f=0x0 trk=0 r=[0@Point(0, 0)] c=[{m=OPEN f=MOVE_TO_TOP leash=Surface(name=Task=116#1550)/@0x5e74c7a sb=Rect(0, 0 - 2400, 1080) eb=Rect(0, 0 - 2400, 1080) epz=Point(2400, 1080) d=0 taskParent=-1 winMode=1 userId=0},{m=TO_BACK f=SHOW_WALLPAPER leash=Surface(name=Task=1#34)/@0xd24ec2b sb=Rect(0, 0 - 2400, 1080) eb=Rect(0, 0 - 2400, 1080) epz=Point(2400, 1080) d=0 taskParent=-1 winMode=1 userId=0},{m=TO_BACK f=IS_WALLPAPER leash=Surface(name=Surface(name=WallpaperWindowToken{3bea6dd}#54)/@0x4e520e1 - rotation-leash#1545)/@0xcefd888 sb=Rect(0, 0 - 1080, 2400) eb=Rect(0, 0 - 2400, 1080) epz=Point(2400, 1080) d=0 r=0->1:-1}]}
04-26 20:31:49.727   736   886 V AccessibilityUserState: updateShortcutTargets: type:accessibility_shortcut_target_service, current:{}, new:{}
04-26 20:31:49.730  1036  1091 V WindowManagerShell: loadAnimation: anim=android.view.animation.AnimationSet@b0f30a0 animAttr=0x13 type=OPEN isEntrance=false
04-26 20:31:49.730  1036  1091 V WindowManagerShell: loadAnimation: anim=android.view.animation.AnimationSet@e9708ff animAttr=0x12 type=OPEN isEntrance=true
04-26 20:31:49.730   736   886 V AccessibilityUserState: updateShortcutTargets: type:accessibility_qs_targets, current:{}, new:{}
04-26 20:31:49.730   736   886 V AccessibilityUserState: updateShortcutTargets: type:accessibility_button_targets, current:{}, new:{}
04-26 20:31:49.730   736   886 V AccessibilityUserState: updateShortcutTargets: type:accessibility_gesture_targets, current:{}, new:{}
04-26 20:31:49.730   736   886 V AccessibilityUserState: updateShortcutTargets: type:accessibility_key_gesture_targets, current:{}, new:{}
04-26 20:31:49.730   736   886 V AccessibilityUserState: updateShortcutTargets: type:accessibility_top_row_key_targets, current:{}, new:{}
04-26 20:31:49.730   736   886 V AccessibilityUserState: updateShortcutTargets: type:accessibility_quick_access_targets, current:{}, new:{}
04-26 20:31:49.731   736   886 V AccessibilityManagerService: onUserStateChangedLocked for userId: 0, forceUpdate: false
04-26 20:31:49.731  1036  1091 V WindowManagerShell:  animated by com.android.wm.shell.transition.DefaultTransitionHandler@11f9e32
04-26 20:31:49.731  1036  1091 V ShellTaskOrganizer: Task vanished taskId=115
04-26 20:31:49.731  1036  1091 V ShellTaskOrganizer: Fullscreen Task Vanished: #115
04-26 20:31:49.731  1036  1091 V ShellDesktopMode: Task Vanished: #115 closed=true
04-26 20:31:49.731  1036  1091 V RecentTasksController: Notify recent tasks changed
04-26 20:31:49.731  1036  1091 D ShellDesktopMode: AppToWebRepository: Task 115 is vanishing. Removing task data from repository
04-26 20:31:49.732   736   769 W ActivityManager: Slow operation: 80ms so far, now at startProcess: done updating pids map
04-26 20:31:49.733  4376  6193 I PermissionControllerServiceImpl: Updating user sensitive for uid 10230
04-26 20:31:49.734   736   886 V AccessibilityUserState: updateShortcutTargets: type:accessibility_shortcut_target_service, current:{}, new:{}
04-26 20:31:49.734   736   886 V AccessibilityUserState: updateShortcutTargets: type:accessibility_button_targets, current:{}, new:{}
04-26 20:31:49.734   736   886 V AccessibilityUserState: updateShortcutTargets: type:accessibility_gesture_targets, current:{}, new:{}
04-26 20:31:49.734   736   886 V AccessibilityUserState: updateShortcutTargets: type:accessibility_qs_targets, current:{}, new:{}
04-26 20:31:49.734   736   886 V AccessibilityUserState: updateShortcutTargets: type:accessibility_key_gesture_targets, current:{}, new:{}
04-26 20:31:49.734   736   886 V AccessibilityUserState: updateShortcutTargets: type:accessibility_top_row_key_targets, current:{}, new:{}
04-26 20:31:49.735   736   886 V AccessibilityUserState: updateShortcutTargets: type:accessibility_quick_access_targets, current:{}, new:{}
04-26 20:31:49.735   736   886 W MagnificationConnectionManager: requestConnection duplicated request: connect=false, mConnectionState=DISCONNECTED
04-26 20:31:49.737  1366 19082 I Fitness : (REDACTED) FitCleanupIntentOperation received Intent %s
04-26 20:31:49.739  1036  1091 V AppCompat: SingleSurfaceLetterboxController: [116]
04-26 20:31:49.739  1036  1091 V AppCompat: MultiSurfaceLetterboxController: []
04-26 20:31:49.739  1036  1091 V AppCompat: LetterboxInputController: [116]
04-26 20:31:49.739  1036  1091 V AppCompat: RoundedCornersLetterboxController: {}
04-26 20:31:49.739   736   872 W InputDispatcher: channel 'Embedded{LetterboxInputDetector of Surface(name=Task=115#1503)/@0x330eb05}' ~ Consumer closed input channel or an error occurred.  events=0x9
04-26 20:31:49.739   736   872 E InputDispatcher: channel 'Embedded{LetterboxInputDetector of Surface(name=Task=115#1503)/@0x330eb05}' ~ Channel is unrecoverably broken and will be disposed!
04-26 20:31:49.742   736  1848 W WindowManager: Failed looking up window session=Session{597bd89 1036:u0a10196} callers=com.android.server.wm.WindowManagerService.removeClientToken:2272 com.android.server.wm.Session.remove:282 android.view.IWindowSession$Stub.onTransact:637 
04-26 20:31:49.742  1036  1091 V RecentTasksController: Notify recent tasks changed
04-26 20:31:49.751  1219  1219 D RecentTasksList: invalidateLoadedTasks - previous requestLoadId: -1
04-26 20:31:49.753   566   566 E BpTransactionCompletedListener: Failed to transact (-32)
04-26 20:31:49.753   566   566 E BpTransactionCompletedListener: Failed to transact (-32)
04-26 20:31:49.753  1219  1219 V BaseDepthController: Applying blur: 0 to Surface(name=VRI-com.google.android.apps.nexuslauncher/com.google.android.apps.nexuslauncher.NexusLauncherActivity#1541)/@0xd45637f applyImmediately: false
04-26 20:31:49.753  1219  1219 D BaseDepthController: shouldBlurWorkspace: false targetState: Normal currentStableState: Normal mCurrentBlur: 0 mLauncher.getDepthBlurTargets(): [com.android.launcher3.Workspace{573bc60 V.ED..... ........ 0,0-1080,2400 #7f0a047d app:id/workspace}, com.android.launcher3.Hotseat{7eca519 V.ED..... ........ 0,1905-1080,2400 #7f0a01f1 app:id/hotseat}]
04-26 20:31:49.758 19096 19096 D nativeloader: Load libframework-connectivity-tiramisu-jni.so using APEX ns com_android_tethering for caller /apex/com.android.tethering/javalib/framework-connectivity-t.jar: ok
04-26 20:31:49.765  1219  1219 D RecentTasksList: invalidateLoadedTasks - previous requestLoadId: -1
04-26 20:31:49.765  1219  1219 D RecentTasksList: invalidateLoadedTasks - previous requestLoadId: -1
04-26 20:31:49.765  1219  1219 D RecentsView: onTaskRemoved: 115, not handling task stack changes
04-26 20:31:49.765  1219  1219 D RecentsView: onTaskRemoved: 115, not handling task stack changes
04-26 20:31:49.765  1219  1219 D RecentTasksList: invalidateLoadedTasks - previous requestLoadId: -1
04-26 20:31:49.765  1219  1219 V BaseDepthController: Applying blur: 0 to Surface(name=VRI-com.google.android.apps.nexuslauncher/com.google.android.apps.nexuslauncher.NexusLauncherActivity#1541)/@0xd45637f applyImmediately: false
04-26 20:31:49.768  1219  1219 D BaseDepthController: setEarlyWakeup: false
04-26 20:31:49.768  1219  1219 D BaseDepthController: shouldBlurWorkspace: false targetState: Normal currentStableState: Normal mCurrentBlur: 0 mLauncher.getDepthBlurTargets(): [com.android.launcher3.Workspace{573bc60 V.ED..... ........ 0,0-1080,2400 #7f0a047d app:id/workspace}, com.android.launcher3.Hotseat{7eca519 V.ED..... ........ 0,1905-1080,2400 #7f0a01f1 app:id/hotseat}]
04-26 20:31:49.787 14925 19097 I AppBackupPkgRemovedIO: Backup state cleanup on uninstall is disabled. [CONTEXT service_id=229 ]
04-26 20:31:49.790 14925 19097 I PackageInstalledIntentO: Test flag v2 is disabled [CONTEXT service_id=469 ]
04-26 20:31:49.794   566   616 W skia    : AGTM parsing failed flags.readFromStream(s) at 159
04-26 20:31:49.794   566   616 W skia    : AGTM parsing failed flags.readFromStream(s) at 159
04-26 20:31:49.845  1036  1091 V RecentTasksController: generateList(getRecentTasks)
04-26 20:31:49.845  1036  1091 V RecentTasksController: initializeDesksMap - allDeskIds: []
04-26 20:31:49.845   736  1185 E AppOps  : attributionTag VCN not declared in manifest of android
04-26 20:31:49.845  1036  1091 V RecentTasksController: Task 116 is not an active desktop task
04-26 20:31:49.845  1036  1091 V RecentTasksController: Added fullscreen task: 116
04-26 20:31:49.846  1036  1091 V RecentTasksController: generateList - complete
04-26 20:31:49.853   736   748 I system_server: Background concurrent mark compact GC freed 19MB AllocSpace bytes, 16(464KB) LOS objects, 38% free, 37MB/61MB, paused 20.312ms,58.353ms total 1.151s
04-26 20:31:49.854   736   749 I libbinder.BpBinder: onLastStrongRef automatically unlinking death recipients for binder (0x733fbcadbf00) with descriptor: '(not cached)'
04-26 20:31:49.859   736   736 W Looper  : Slow dispatch took 107ms main app=system_server main=true group=FOREGROUND h=android.app.ActivityThread$H c=android.app.LoadedApk$ReceiverDispatcher$Args$$ExternalSyntheticLambda0@f0295e5 m=0
04-26 20:31:49.869   736   750 W System  : A resource failed to call close. 
04-26 20:31:49.870   566   616 W skia    : AGTM parsing failed flags.readFromStream(s) at 159
04-26 20:31:49.871   736   750 W System  : A resource failed to call close. 
04-26 20:31:49.884 19096 19096 D CompatChangeReporter: Compat change id reported: 242716250; UID 10230; state: ENABLED
04-26 20:31:49.901 19096 19096 D nativeloader: Configuring clns-9 for other apk /data/app/~~jI5mfUoiXESdwB-F4imFgA==/com.muonline.client-UdjpQnx5c4ciMy0AC6mB_w==/base.apk. target_sdk_version=34, uses_libraries=, library_path=/data/app/~~jI5mfUoiXESdwB-F4imFgA==/com.muonline.client-UdjpQnx5c4ciMy0AC6mB_w==/lib/x86_64:/data/app/~~jI5mfUoiXESdwB-F4imFgA==/com.muonline.client-UdjpQnx5c4ciMy0AC6mB_w==/base.apk!/lib/x86_64, permitted_path=/data:/mnt/expand:/data/user/0/com.muonline.client
04-26 20:31:49.904   566   616 W skia    : AGTM parsing failed flags.readFromStream(s) at 159
04-26 20:31:49.905   566   616 W skia    : AGTM parsing failed flags.readFromStream(s) at 159
04-26 20:31:49.917 14925 19108 I Auth    : (REDACTED) [SupervisedAccountIntentOperation] onHandleIntent: %s
04-26 20:31:49.918 19096 19096 V GraphicsEnvironment: Currently set values for:
04-26 20:31:49.919 19096 19096 V GraphicsEnvironment:   angle_gl_driver_selection_pkgs=[]
04-26 20:31:49.919 19096 19096 V GraphicsEnvironment:   angle_gl_driver_selection_values=[]
04-26 20:31:49.919 19096 19096 V GraphicsEnvironment: com.muonline.client is not listed in per-application setting
04-26 20:31:49.919 19096 19096 V GraphicsEnvironment: No special selections for ANGLE, returning default driver choice
04-26 20:31:49.921 19096 19096 V GraphicsEnvironment: Neither updatable production driver nor prerelease driver is supported.
04-26 20:31:49.922 14925 19114 I PackageInstalledIntentO: Test flag v2 is disabled [CONTEXT service_id=469 ]
04-26 20:31:49.936  1219  1219 D ScalingWorkspaceRevealAnim: onAnimationEnd, workspace and hotseat are visible
04-26 20:31:49.937  1219  1219 V BaseDepthController: Applying blur: 0 to Surface(name=VRI-com.google.android.apps.nexuslauncher/com.google.android.apps.nexuslauncher.NexusLauncherActivity#1541)/@0xd45637f applyImmediately: false
04-26 20:31:49.937  1219  1219 D BaseDepthController: shouldBlurWorkspace: false targetState: Normal currentStableState: Normal mCurrentBlur: 0 mLauncher.getDepthBlurTargets(): [com.android.launcher3.Workspace{573bc60 V.ED..... ......ID 0,0-1080,2400 #7f0a047d app:id/workspace}, com.android.launcher3.Hotseat{7eca519 V.ED..... ......ID 0,1905-1080,2400 #7f0a01f1 app:id/hotseat}]
04-26 20:31:49.960 14925 19110 I NearbyDiscovery: (REDACTED) processGrantSlicePermission: %s
04-26 20:31:49.992 19096 19118 I DisplayManager: Choreographer implicitly registered for the refresh rate.
04-26 20:31:49.993  1366 19083 I FontLog : (REDACTED) Package %s has no metadata
04-26 20:31:50.006 14925 14925 D BoundBrokerSvc: onBind: Intent { act=com.google.android.gms.common.BIND_SHARED_PREFS xflg=0x4 pkg=com.google.android.gms }
04-26 20:31:50.006 14925 14925 D BoundBrokerSvc: Loading bound service for intent: Intent { act=com.google.android.gms.common.BIND_SHARED_PREFS xflg=0x4 pkg=com.google.android.gms }
04-26 20:31:50.007   566   616 W skia    : AGTM parsing failed flags.readFromStream(s) at 159
04-26 20:31:50.049 19096 19118 I GFXSTREAM: [eglDisplay.cpp(297)] Opening libGLESv1_CM_emulation.so
04-26 20:31:50.050 19096 19118 I GFXSTREAM: [eglDisplay.cpp(297)] Opening libGLESv2_emulation.so
04-26 20:31:50.066 19096 19096 D DesktopExperienceFlags: Toggle override initialized to: false
04-26 20:31:50.066 19096 19096 D DesktopModeFlags: Toggle override initialized to: OVERRIDE_UNSET
04-26 20:31:50.078   736   736 W Looper  : Slow dispatch took 175ms main app=system_server main=true group=FOREGROUND h=android.app.ActivityThread$H c=android.app.LoadedApk$ServiceDispatcher$RunConnection@fdad344 m=0
04-26 20:31:50.080  1036  1091 V WindowManagerShell: Transition animation finished (aborted=false), notifying core (#142) android.os.BinderProxy@c536c4b@0
04-26 20:31:50.080   736   736 V AccessibilityManagerService: onUserStateChangedLocked for userId: 0, forceUpdate: false
04-26 20:31:50.081   736   736 V AccessibilityUserState: updateShortcutTargets: type:accessibility_shortcut_target_service, current:{}, new:{}
04-26 20:31:50.081   736   736 V AccessibilityUserState: updateShortcutTargets: type:accessibility_button_targets, current:{}, new:{}
04-26 20:31:50.081   736   736 V AccessibilityUserState: updateShortcutTargets: type:accessibility_gesture_targets, current:{}, new:{}
04-26 20:31:50.081   736   736 V AccessibilityUserState: updateShortcutTargets: type:accessibility_qs_targets, current:{}, new:{}
04-26 20:31:50.081   736   736 V AccessibilityUserState: updateShortcutTargets: type:accessibility_key_gesture_targets, current:{}, new:{}
04-26 20:31:50.081   736   736 V AccessibilityUserState: updateShortcutTargets: type:accessibility_top_row_key_targets, current:{}, new:{}
04-26 20:31:50.081   736   736 V AccessibilityUserState: updateShortcutTargets: type:accessibility_quick_access_targets, current:{}, new:{}
04-26 20:31:50.081   736   736 W MagnificationConnectionManager: requestConnection duplicated request: connect=false, mConnectionState=DISCONNECTED
04-26 20:31:50.082   736   736 W libbinder.IPCThreadState: Sending oneway calls to frozen process.
04-26 20:31:50.082   736   736 W libbinder.IPCThreadState: Sending oneway calls to frozen process.
04-26 20:31:50.083   736   736 W libbinder.IPCThreadState: Sending oneway calls to frozen process.
04-26 20:31:50.086  4164  4164 I Finsky  : [2] SCH: job service start with id 9798.
04-26 20:31:50.091   736   759 V WindowManager: Finish Transition (#142): created at 04-26 20:31:49.555 collect-started=0.036ms request-sent=12.4ms started=47.834ms ready=122.247ms sent=127.798ms commit=56.669ms finished=535.571ms
04-26 20:31:50.097  4164 19055 I Finsky  : [442] SCH: Satisfied jobs for 9798 are: 12-1
04-26 20:31:50.100   736   736 V AccessibilityManagerService: onUserStateChangedLocked for userId: 0, forceUpdate: false
04-26 20:31:50.101  1036  1344 D WallpaperService: onVisibilityChanged(false): com.android.systemui.wallpapers.ImageWallpaper$CanvasEngine@85e2344
04-26 20:31:50.102  1219  1219 D VRI[NexusLauncherActivity]: visibilityChanged oldVisibility=true newVisibility=false
04-26 20:31:50.102  1219  1219 D SmartspaceInteractor: notifySmartspaceEvent: SmartspaceTargetEvent{mSmartspaceTarget=null, mSmartspaceActionId='null', mEventType=7}
04-26 20:31:50.102 14925 19114 W SQLiteLog: (28) double-quoted string literal: "com.muonline.client"
04-26 20:31:50.104  4164 19125 I Finsky  : [448] SCH: Job 12-1 starting
04-26 20:31:50.106  4164  4164 I Finsky  : [2] WM::SCH: Logging work start for 12-1
04-26 20:31:50.107  4164  4164 I Finsky  : [2] [ContentSync] job started
04-26 20:31:50.107   566   616 W skia    : AGTM parsing failed flags.readFromStream(s) at 159
04-26 20:31:50.117 14925 14976 I Icing   : IndexChimeraService.getServiceInterface callingPackage=com.google.android.gms componentName=AppsCorpus serviceId=36
04-26 20:31:50.126  1036  1091 V WindowManagerShell: Track 0 became idle
04-26 20:31:50.126  1036  1091 V WindowManagerShell: All active transition animations finished
04-26 20:31:50.129 19096 19118 W HWUI    : Failed to choose config with EGL_SWAP_BEHAVIOR_PRESERVED, retrying without...
04-26 20:31:50.129 19096 19118 W HWUI    : Failed to initialize 101010-2 format, error = EGL_SUCCESS
04-26 20:31:50.132   736   736 V AccessibilityUserState: updateShortcutTargets: type:accessibility_shortcut_target_service, current:{}, new:{}
04-26 20:31:50.132   736   736 V AccessibilityUserState: updateShortcutTargets: type:accessibility_button_targets, current:{}, new:{}
04-26 20:31:50.132   736   736 V AccessibilityUserState: updateShortcutTargets: type:accessibility_gesture_targets, current:{}, new:{}
04-26 20:31:50.132   736   736 V AccessibilityUserState: updateShortcutTargets: type:accessibility_qs_targets, current:{}, new:{}
04-26 20:31:50.132   736   736 V AccessibilityUserState: updateShortcutTargets: type:accessibility_key_gesture_targets, current:{}, new:{}
04-26 20:31:50.132   736   736 V AccessibilityUserState: updateShortcutTargets: type:accessibility_top_row_key_targets, current:{}, new:{}
04-26 20:31:50.133   736   736 V AccessibilityUserState: updateShortcutTargets: type:accessibility_quick_access_targets, current:{}, new:{}
04-26 20:31:50.133   736   736 W MagnificationConnectionManager: requestConnection duplicated request: connect=false, mConnectionState=DISCONNECTED
04-26 20:31:50.138   736   736 W libbinder.IPCThreadState: Sending oneway calls to frozen process.
04-26 20:31:50.140   736   736 W libbinder.IPCThreadState: Sending oneway calls to frozen process.
04-26 20:31:50.140   736   736 W libbinder.IPCThreadState: Sending oneway calls to frozen process.
04-26 20:31:50.148  1036  1091 D Bubbles : BubbleData.onLocusVisibilityChanged() locusId=Overview|DISABLED visible=false taskId=1
04-26 20:31:50.149   736   736 W libbinder.IPCThreadState: Sending oneway calls to frozen process.
04-26 20:31:50.151   736   736 W libbinder.IPCThreadState: Sending oneway calls to frozen process.
04-26 20:31:50.154   736   736 W libbinder.IPCThreadState: Sending oneway calls to frozen process.
04-26 20:31:50.168 14925 14925 D BoundBrokerSvc: onBind: Intent { act=com.google.android.gms.feedback.internal.IFeedbackService dat=chimera-action:/... xflg=0x4 cmp=com.google.android.gms/.chimera.GmsBoundBrokerService }
04-26 20:31:50.174 14925 14925 D BoundBrokerSvc: Loading bound service for intent: Intent { act=com.google.android.gms.feedback.internal.IFeedbackService dat=chimera-action:/... xflg=0x4 cmp=com.google.android.gms/.chimera.GmsBoundBrokerService }
04-26 20:31:50.191  1219  1228 I s.nexuslauncher: NativeAlloc concurrent mark compact GC freed 1890KB AllocSpace bytes, 3(96KB) LOS objects, 49% free, 6665KB/13MB, paused 3.314ms,43.611ms total 312.293ms
04-26 20:31:50.197  1219  1230 W System  : A resource failed to call release. 
04-26 20:31:50.198 14925 15001 I Icing   : Usage reports ok 1, Failed Usage reports 0, indexed 0, rejected 0
04-26 20:31:50.203 14925 14992 I Icing   : IndexChimeraService.getServiceInterface callingPackage=com.google.android.gms componentName=null serviceId=30
04-26 20:31:50.209   566   616 W skia    : AGTM parsing failed flags.readFromStream(s) at 159
04-26 20:31:50.230   736   736 W libbinder.IPCThreadState: Sending oneway calls to frozen process.
04-26 20:31:50.232   736   736 W libbinder.IPCThreadState: Sending oneway calls to frozen process.
04-26 20:31:50.232   736   736 W libbinder.IPCThreadState: Sending oneway calls to frozen process.
04-26 20:31:50.235 19096 19096 W HWUI    : Unknown dataspace 0
04-26 20:31:50.249 19096 19096 D InsetsController: Setting requestedVisibleTypes to 496 (was 503)
04-26 20:31:50.250   736   752 W InputChannel-JNI: Channel already disposed.
04-26 20:31:50.262 19096 19096 D VRI[PreloadActivity]: WindowInsets changed: 2268x1080 statusBars:[0,74,0,0] navigationBars:[0,0,0,63] mandatorySystemGestures:[0,74,0,84] 
04-26 20:31:50.263 19096 19096 D WindowOnBackDispatcher: setTopOnBackInvokedCallback (unwrapped): android.view.ViewRootImpl$$ExternalSyntheticLambda13@7a716e3
04-26 20:31:50.263 19096 19096 I HWUI    : Using FreeType backend (prop=Auto)
04-26 20:31:50.272   736  1958 D CoreBackPreview: Window{3797471 u0 com.muonline.client/com.muonline.client.PreloadActivity}: Setting back callback OnBackInvokedCallbackInfo{mCallback=android.window.IOnBackInvokedCallback$Stub$Proxy@d082f8b, mPriority=0, mIsAnimationCallback=false, mOverrideBehavior=0}
04-26 20:31:50.274   736   835 D WindowManager: setClientSurface Surface(name=VRI-com.muonline.client/com.muonline.client.PreloadActivity#1564)/@0x71c5944 for 3797471 com.muonline.client/com.muonline.client.PreloadActivity
04-26 20:31:50.282 19096 19096 I Surface : Creating surface for consumer unnamed-19096-0 with slotExpansion=1 for 64 slots
04-26 20:31:50.284 19096 19096 I Surface : Creating surface for consumer VRI[PreloadActivity]#0(BLAST Consumer)0 with slotExpansion=1 for 64 slots
04-26 20:31:50.290 19096 19096 D VRI[PreloadActivity]: WindowInsets changed: statusBars:null navigationBars:null 
04-26 20:31:50.294 14925 15001 I Icing   : Usage reports ok 0, Failed Usage reports 0, indexed 0, rejected 0
04-26 20:31:50.297   566   599 I libbinder.BpBinder: onLastStrongRef automatically unlinking death recipients for binder (0x7eaa3606c010) with descriptor: '(not cached)'
04-26 20:31:50.323 14925 15001 I Icing   : Indexing com.google.android.gms-apps from com.google.android.gms
04-26 20:31:50.338 19096 19128 I MuPreload: Check data root: /storage/emulated/0/Android/data/com.muonline.client/files existingDataDir=/storage/emulated/0/Android/data/com.muonline.client/files/Data usable=true marker=true
04-26 20:31:50.352  4164 19126 I android.vending: IncrementDisableThreadFlip blocked for 9.882ms
04-26 20:31:50.382 19096 19128 I MuPreload: Skip download, usable data exists: /storage/emulated/0/Android/data/com.muonline.client/files/Data markerWasPresent=true
04-26 20:31:50.389 14925 15001 I Icing   : Indexing done com.google.android.gms-apps
04-26 20:31:50.391   736   736 W Looper  : Drained
04-26 20:31:50.392   736   752 W ActivityManager: Skipping manifest association check for null package. SourceUid: 10214, SourcePkg: null, TargetUid: 10214, TargetPkg: com.google.android.gms
04-26 20:31:50.404   736   759 I ActivityTaskManager: Displayed com.muonline.client/.PreloadActivity for user 0: +849ms
04-26 20:31:50.416  4164 19132 I Finsky  : [451] App states replicator found 7 unowned apps
04-26 20:31:50.434  4164  4224 I Finsky  : [55] Completed 0 account content syncs with 0 successful.
04-26 20:31:50.435  4164  4164 I Finsky  : [2] [ContentSync] Installation state replication succeeded.
04-26 20:31:50.435  4164  4164 I Finsky  : [2] SCH: jobFinished: 12-1. TimeElapsed: 330ms.
04-26 20:31:50.435  4164  4164 I Finsky  : [2] WM::SCH: Logging work end for 12-1
04-26 20:31:50.458   736   881 I ImeTracker: com.muonline.client:d0d04442: onRequestHide at ORIGIN_SERVER reason HIDE_UNSPECIFIED_WINDOW fromUser false userId 0 displayId 0
04-26 20:31:50.463  1219  1219 D BaseActivity: Launcher flags updated: [] -[state_started]
04-26 20:31:50.463  1219  1219 D BaseDepthController: setSurface:
04-26 20:31:50.463  1219  1219 D BaseDepthController: 	mWaitingOnSurfaceValidity: false
04-26 20:31:50.463  1219  1219 D BaseDepthController: 	mBaseSurface: null
04-26 20:31:50.464  1219  1219 D BaseDepthController: mSurface is null and mCurrentBlur is: 0
04-26 20:31:50.464 19096 19096 D InsetsController: hide(ime())
04-26 20:31:50.465 19096 19096 I ImeTracker: com.muonline.client:d0d04442: onCancelled at PHASE_CLIENT_ALREADY_HIDDEN
04-26 20:31:50.465  1219  1219 D LauncherStateManager: StateManager.goToState: fromState: Normal, toState: Normal, partial trace:
04-26 20:31:50.465  1219  1219 D LauncherStateManager: 	at com.android.launcher3.statemanager.StateManager.moveToRestState(go/retraceme 7226a759aa2bb3787a79806f85d80eaad84f1f1e15acd6db988f2df789d1680d:26)
04-26 20:31:50.465  1219  1219 D LauncherStateManager: 	at com.android.launcher3.statemanager.StateManager.moveToRestState(go/retraceme 7226a759aa2bb3787a79806f85d80eaad84f1f1e15acd6db988f2df789d1680d:35)
04-26 20:31:50.465  1219  1219 D LauncherStateManager: 	at com.android.launcher3.statemanager.StatefulActivity.onStop(go/retraceme 7226a759aa2bb3787a79806f85d80eaad84f1f1e15acd6db988f2df789d1680d:31)
04-26 20:31:50.465  1219  1219 D LauncherStateManager: StateManager.onRepeatStateSetAborted: state: Normal
04-26 20:31:50.465  1219  1219 D KeyboardStateManager: hideKeyboard
04-26 20:31:50.465  1219  1219 D KeyboardStateManager: isImeShown: false
04-26 20:31:50.465  1219  1219 D StatsLog: LAUNCHER_ONSTOP
04-26 20:31:50.466  1219  1219 D StatsLog: LAUNCHER_GOOGLE_SEARCH_RESTORE_LIST_SIZE_AFTER_ACTIVITY_RESTART
04-26 20:31:50.472   736  2215 D InputMethodManagerService: Attach new input but force hide
04-26 20:31:50.472   736  2215 I ImeTracker: com.muonline.client:f357b57a: onRequestHide at ORIGIN_SERVER reason HIDE_SOFT_INPUT fromUser false userId 0 displayId 0
04-26 20:31:50.473   736  2215 I ImeTracker: com.muonline.client:f357b57a: onCancelled at PHASE_SERVER_SHOULD_HIDE
04-26 20:31:50.476   736  2215 W InputChannel-JNI: Channel already disposed.
04-26 20:31:50.479  4164  4223 I Finsky  : [54] SCH: Scheduling phonesky job Id: 1-1337, CT: 1777185491409, Constraints: [{ L: 25186278, D: 68386278, C: CHARGING_NONE, I: IDLE_NONE, N: NET_ANY, B: BATTERY_ANY }]
04-26 20:31:50.481  4105  4105 I GoogleInputMethodService: GoogleInputMethodService.onFinishInput():2113 
04-26 20:31:50.484  4105  4105 I Module  : DeviceLockedStatusModuleProvider$Module.updateDeviceLockedStatus():103 repeatCheckTimes = 0, locked = false
04-26 20:31:50.484   736  1602 I ImeTracker: system_server:3819c190: onRequestHide at ORIGIN_SERVER reason IME_REQUESTED_CHANGED_LISTENER fromUser false displayId 0
04-26 20:31:50.486  4105  4105 I GoogleInputMethodService: GoogleInputMethodService.onStartInput():1384 onStartInput(EditorInfo{EditorInfo{packageName=com.muonline.client, inputType=0, inputTypeString=NULL, enableLearning=false, autoCorrection=false, autoComplete=false, imeOptions=0, privateImeOptions=null, actionName=UNSPECIFIED, actionLabel=null, initialSelStart=-1, initialSelEnd=-1, initialCapsMode=0, label=null, fieldId=0, fieldName=null, extras=null, hintText=null, hintLocales=[]}}, false)
04-26 20:31:50.486  4105  4105 W AndroidIME: LatinIMEBase.updateInputViewCoverNavigation():319 Null input view, cannot update padding!
04-26 20:31:50.488  4164  4224 I Finsky  : [55] SCH: Scheduling 1 system job(s)
04-26 20:31:50.488  4164  4224 I Finsky  : [55] SCH: Scheduling system job Id: 9801, L: 367199, D: 43567199, C: false, I: false, N: 1
04-26 20:31:50.488  4105  4105 I Module  : DeviceLockedStatusModuleProvider$Module.updateDeviceLockedStatus():103 repeatCheckTimes = 1, locked = false
04-26 20:31:50.488   736   762 I ImeTracker: system_server:3819c190: onCancelled at PHASE_SERVER_SHOULD_HIDE
04-26 20:31:50.493   736  1145 W PackageConfigPersister: App-specific configuration not found for packageName: com.muonline.client and userId: 0
04-26 20:31:50.502  4164 19125 I Finsky  : [448] SCH: job service finished with id 9798.
04-26 20:31:50.543  4164  4164 I Finsky  : [2] Memory trim requested to level 40
04-26 20:31:50.543  4164  4164 I Finsky  : [2] Flushing in-memory image cache
04-26 20:31:50.675  1366  2579 I FontLog : (REDACTED) Received query %s, URI %s
04-26 20:31:50.675  1366  2579 I FontLog : (REDACTED) Query [%s] resolved to %s
04-26 20:31:50.680  1366  2579 I FontLog : (REDACTED) Fetch %s end status %s
04-26 20:31:50.690  1366  2579 I FontLog : (REDACTED) Pulling font file for id = %d, cache size = %d
04-26 20:31:50.696  1366  2579 I FontLog : (REDACTED) Pulling font file for id = %d, cache size = %d
04-26 20:31:50.738   736  1602 V GrammaticalInflectionUtils: AttributionSource: android.content.AttributionSource@d322a4fb does not have READ_SYSTEM_GRAMMATICAL_GENDER permission.
04-26 20:31:50.747  1036  1091 V WindowManagerShell: Transition requested (#143): android.os.BinderProxy@48f18f7 TransitionRequestInfo { type = OPEN, triggerTask = TaskInfo{userId=0 taskId=116 effectiveUid=10230 displayId=0 isRunning=true baseIntent=Intent { flg=0x10000000 cmp=com.muonline.client/.PreloadActivity } baseActivity=ComponentInfo{com.muonline.client/com.muonline.client.PreloadActivity} topActivity=ComponentInfo{com.muonline.client/com.muonline.client.MuMainActivity} origActivity=null realActivity=ComponentInfo{com.muonline.client/com.muonline.client.PreloadActivity} realActivityIsAppLockEnabled=false numActivities=2 lastActiveTime=18085340 supportsMultiWindow=true supportsMultiWindowWithoutConstraints=true resizeMode=1 isResizeable=true minWidth=-1 minHeight=-1 defaultMinSize=220 token=WCT{android.os.BinderProxy@7862628} topActivityType=1 pictureInPictureParams=null shouldDockBigOverlays=false launchIntoPipHostTaskId=-1 lastParentTaskIdBeforePip=-1 displayCutoutSafeInsets=Rect(132, 0 - 0, 0) topActivityInfo=ActivityInfo{931364 com.muonline.client.MuMainActivity} launchCookies=[] positionInParent=Point(0, 0) parentTaskId=-1 isFocused=true isInteractive=false isVisible=true isVisibleRequested=true isTopActivityNoDisplay=false isSleeping=false locusId=null displayAreaFeatureId=1 isTopActivityTransparent=false isActivityStackTransparent=false lastNonFullscreenBounds=null leafTaskBoundsFromOptions= false capturedLink=null capturedLinkTimestamp=0 requestedVisibleTypes=503 topActivityRequestOpenInBrowserEducationTimestamp=0 appCompatTaskInfo=AppCompatTaskInfo { topActivityInSizeCompat=false isLeafTask= true eligibleForLetterboxEducation= false isLetterboxEducationEnabled= true isLetterboxDoubleTapEnabled= false eligibleForUserAspectRatioButton= false topActivityBoundsLetterboxed= false isFromLetterboxDoubleTap= false topActivityLetterboxVerticalPosition= -1 topActivityLetterboxHorizontalPosition= -1 topActivityLetterboxWidth=-1 topActivityLetterboxHeight=-1 topActivityAppBounds=Rect(132, 0 - 2400, 1017) isUserFullscreenOverrideEnabled=false isSystemFullscreenOverrideEnabled=false hasMinAspectRatioOverride=false topActivityLetterboxBounds=null topNonResizableActivityAspectRatio=-1.0} topActivityMainWindowFrame=null isAppBubble=false}, pipChange = null, remoteTransitionInfo = null, displayChange = null, requestedLocation = null, userChange = null, windowingLayerChange = null, fullscreenRequestChange = null, flags = 0, debugId = 143 }
04-26 20:31:50.747  1036  1091 W DisconnectHandler: No disconnect change found in the transition, not handling request.
04-26 20:31:50.747   736  1602 V ActivityTaskManager: TaskLaunchParamsModifier: phase=3 task=Task{1a2548 #116 type=standard A=10230:com.muonline.client} activity=ActivityRecord{237620737 u0 com.muonline.client/.MuMainActivity t-1} display-area-from-source=DefaultTaskDisplayArea@125646128 display-id=0 task-display-area-windowing-mode=1 suggested-display-area=DefaultTaskDisplayArea@125646128 inherit-from-source=fullscreen non-freeform-task-display-area display-area=DefaultTaskDisplayArea@125646128 skip-bounds-fullscreen
04-26 20:31:50.747   736  1602 I ActivityTaskManager: START u0 {flg=0x14000000 xflg=0x4 cmp=com.muonline.client/.MuMainActivity} with LAUNCH_SINGLE_TASK from uid 10230 (com.muonline.client) (sr=134837227) (BAL_ALLOW_VISIBLE_WINDOW) result code=0
04-26 20:31:50.747  1036  1091 V ShellDesktopMode: DesktopTasksController: skipping handleRequest reason=triggerTask's display doesn't support desktop mode
04-26 20:31:50.747  1036  1091 D ShellSplitScreen: logExit: no-op, mLoggerSessionId is null
04-26 20:31:50.749  4511  4528 W libbinder.Binder: Binder transaction to android.content.IContentProvider, function: UNKNOWN_FUNCTION_NAME, code: 21, took 1775ms. Data bytes: 480 Reply bytes: 432 Flags: 18
04-26 20:31:50.764 19096 19096 I MuMain  : MuMainActivity onCreate
04-26 20:31:50.766 19096 19096 I MuMain  : extractGameAssets -> /storage/emulated/0/Android/data/com.muonline.client/files
04-26 20:31:50.770 19096 19137 W InteractionJankMonitor: Initializing without READ_DEVICE_CONFIG permission. enabled=false, interval=1, missedFrameThreshold=3, frameTimeThreshold=64, package=com.muonline.client
04-26 20:31:50.779 19096 19096 V SDL     : Device: emu64xa16k
04-26 20:31:50.779 19096 19096 V SDL     : Model: sdk_gphone16k_x86_64
04-26 20:31:50.779 19096 19096 V SDL     : onCreate()
04-26 20:31:50.797 19096 19096 D nativeloader: Load /data/app/~~jI5mfUoiXESdwB-F4imFgA==/com.muonline.client-UdjpQnx5c4ciMy0AC6mB_w==/lib/x86_64/libmpg123.so using class loader ns clns-9 (caller=/data/app/~~jI5mfUoiXESdwB-F4imFgA==/com.muonline.client-UdjpQnx5c4ciMy0AC6mB_w==/base.apk): ok
04-26 20:31:50.798 19096 19096 D nativeloader: Load /data/app/~~jI5mfUoiXESdwB-F4imFgA==/com.muonline.client-UdjpQnx5c4ciMy0AC6mB_w==/lib/x86_64/libSDL2.so using class loader ns clns-9 (caller=/data/app/~~jI5mfUoiXESdwB-F4imFgA==/com.muonline.client-UdjpQnx5c4ciMy0AC6mB_w==/base.apk): ok
04-26 20:31:50.799 19096 19096 D nativeloader: Load /data/app/~~jI5mfUoiXESdwB-F4imFgA==/com.muonline.client-UdjpQnx5c4ciMy0AC6mB_w==/lib/x86_64/libSDL2_image.so using class loader ns clns-9 (caller=/data/app/~~jI5mfUoiXESdwB-F4imFgA==/com.muonline.client-UdjpQnx5c4ciMy0AC6mB_w==/base.apk): ok
04-26 20:31:50.799 19096 19096 D nativeloader: Load /data/app/~~jI5mfUoiXESdwB-F4imFgA==/com.muonline.client-UdjpQnx5c4ciMy0AC6mB_w==/lib/x86_64/libSDL2_mixer.so using class loader ns clns-9 (caller=/data/app/~~jI5mfUoiXESdwB-F4imFgA==/com.muonline.client-UdjpQnx5c4ciMy0AC6mB_w==/base.apk): ok
04-26 20:31:50.800 19096 19096 D nativeloader: Load /data/app/~~jI5mfUoiXESdwB-F4imFgA==/com.muonline.client-UdjpQnx5c4ciMy0AC6mB_w==/lib/x86_64/libSDL2_ttf.so using class loader ns clns-9 (caller=/data/app/~~jI5mfUoiXESdwB-F4imFgA==/com.muonline.client-UdjpQnx5c4ciMy0AC6mB_w==/base.apk): ok
04-26 20:31:50.800 19096 19096 D nativeloader: Load /data/app/~~jI5mfUoiXESdwB-F4imFgA==/com.muonline.client-UdjpQnx5c4ciMy0AC6mB_w==/lib/x86_64/libSDL_net.so using class loader ns clns-9 (caller=/data/app/~~jI5mfUoiXESdwB-F4imFgA==/com.muonline.client-UdjpQnx5c4ciMy0AC6mB_w==/base.apk): ok
04-26 20:31:50.801 19096 19096 D nativeloader: Load /data/app/~~jI5mfUoiXESdwB-F4imFgA==/com.muonline.client-UdjpQnx5c4ciMy0AC6mB_w==/lib/x86_64/libbotan.so using class loader ns clns-9 (caller=/data/app/~~jI5mfUoiXESdwB-F4imFgA==/com.muonline.client-UdjpQnx5c4ciMy0AC6mB_w==/base.apk): ok
04-26 20:31:50.803 19096 19096 I MuMain  : early chdir(/sdcard/.../files) = 0 (errno=88)
04-26 20:31:50.816 19096 19096 D nativeloader: Load /data/app/~~jI5mfUoiXESdwB-F4imFgA==/com.muonline.client-UdjpQnx5c4ciMy0AC6mB_w==/lib/x86_64/libmain.so using class loader ns clns-9 (caller=/data/app/~~jI5mfUoiXESdwB-F4imFgA==/com.muonline.client-UdjpQnx5c4ciMy0AC6mB_w==/base.apk): ok
04-26 20:31:50.816 19096 19096 V SDL     : nativeSetupJNI()
04-26 20:31:50.817 19096 19096 V SDL     : AUDIO nativeSetupJNI()
04-26 20:31:50.817 19096 19096 V SDL     : CONTROLLER nativeSetupJNI()
04-26 20:31:50.817  1036  1132 D WindowOnBackDispatcher: setTopOnBackInvokedCallback (unwrapped): null
04-26 20:31:50.817   736  2215 D CoreBackPreview: Window{92dca19 u0 Splash Screen com.muonline.client EXITING}: Setting back callback null
04-26 20:31:50.818 19096 19096 D AudioSystem: onNewService: media.audio_policy service obtained 0x73401cab4050
04-26 20:31:50.822 19096 19096 D AudioSystem: getService: IAudioPolicyService retrieved: 0x73401cab4050  cached: 0x73401cab4050
04-26 20:31:50.824   560   839 D NativePermissionController: checkPermission: missing 13 for 10230
04-26 20:31:50.825   560   839 D NativePermissionController: checkPermission: missing 13 for 10230
04-26 20:31:50.827   560   839 D NativePermissionController: checkPermission: missing 13 for 10230
04-26 20:31:50.828   560   839 D NativePermissionController: checkPermission: missing 13 for 10230
04-26 20:31:50.839 19096 19096 V SDL     : onStart()
04-26 20:31:50.840 19096 19096 D MuMain  : onResume
04-26 20:31:50.840 19096 19096 V SDL     : onResume()
04-26 20:31:50.843 19096 19096 D InsetsController: Setting requestedVisibleTypes to 496 (was 503)
04-26 20:31:50.845   736  2215 W InputChannel-JNI: Channel already disposed.
04-26 20:31:50.846   736  2215 I ImeTracker: system_server:5a20ad2f: onRequestHide at ORIGIN_SERVER reason IME_REQUESTED_CHANGED_LISTENER fromUser false displayId 0
04-26 20:31:50.847   736   762 I ImeTracker: system_server:5a20ad2f: onCancelled at PHASE_SERVER_SHOULD_HIDE
04-26 20:31:50.848   736  2215 I ImeTracker: system_server:8386b544: onRequestHide at ORIGIN_SERVER reason IME_REQUESTED_CHANGED_LISTENER fromUser false displayId 0
04-26 20:31:50.848   736   762 I ImeTracker: system_server:8386b544: onCancelled at PHASE_SERVER_SHOULD_HIDE
04-26 20:31:50.853 19096 19096 D VRI[MuMainActivity]: WindowInsets changed: 2268x1080 mandatorySystemGestures:[0,74,0,84] 
04-26 20:31:50.854 19096 19096 D WindowOnBackDispatcher: setTopOnBackInvokedCallback (unwrapped): android.view.ViewRootImpl$$ExternalSyntheticLambda13@1aba804
04-26 20:31:50.855   736  1145 D CoreBackPreview: Window{22c9fd7 u0 com.muonline.client/com.muonline.client.MuMainActivity}: Setting back callback OnBackInvokedCallbackInfo{mCallback=android.window.IOnBackInvokedCallback$Stub$Proxy@45efbad, mPriority=0, mIsAnimationCallback=false, mOverrideBehavior=0}
04-26 20:31:50.855 19096 19096 D InsetsController: Setting requestedVisibleTypes to 503 (was 496)
04-26 20:31:50.857   736  1185 D WindowManager: setClientSurface Surface(name=VRI-com.muonline.client/com.muonline.client.MuMainActivity#1576)/@0x1ee0ee2 for 22c9fd7 com.muonline.client/com.muonline.client.MuMainActivity
04-26 20:31:50.859  1036  1091 V RecentTasksController: Notify recent tasks changed
04-26 20:31:50.859  1219  1219 D RecentTasksList: invalidateLoadedTasks - previous requestLoadId: -1
04-26 20:31:50.862 19096 19096 I Surface : Creating surface for consumer unnamed-19096-1 with slotExpansion=1 for 64 slots
04-26 20:31:50.862 19096 19096 I Surface : Creating surface for consumer VRI[MuMainActivity]#1(BLAST Consumer)1 with slotExpansion=1 for 64 slots
04-26 20:31:50.863 19096 19096 D VRI[MuMainActivity]: WindowInsets changed: statusBars:[0,74,0,0] navigationBars:[0,0,0,63] 
04-26 20:31:50.867 19096 19096 I Surface : Creating surface for consumer unnamed-19096-2 with slotExpansion=1 for 64 slots
04-26 20:31:50.868 19096 19096 I Surface : Creating surface for consumer b509c17 SurfaceView[com.muonline.client/com.muonline.client.MuMainActivity]#2(BLAST Consumer)2 with slotExpansion=1 for 64 slots
04-26 20:31:50.868 19096 19096 V SDL     : surfaceCreated()
04-26 20:31:50.868 19096 19096 V SDL     : surfaceChanged()
04-26 20:31:50.868 19096 19096 V SDL     : Window size: 2268x943
04-26 20:31:50.868 19096 19096 V SDL     : Device size: 2400x1080
04-26 20:31:50.880 19096 19145 V SDL     : Running main function SDL_main from library /data/app/~~jI5mfUoiXESdwB-F4imFgA==/com.muonline.client-UdjpQnx5c4ciMy0AC6mB_w==/lib/x86_64/libmain.so
04-26 20:31:50.880 19096 19145 V SDL     : nativeRunMain()
04-26 20:31:50.880 19096 19145 I MuMain  : === MuMain Android v1.0 starting ===
04-26 20:31:50.884 19096 19145 I MuMain  : Working dir set to: /storage/emulated/0/Android/data/com.muonline.client/files
04-26 20:31:50.909 19096 19145 W libOpenSLES: class OutputMix interface 0 requested but unavailable MPH=43
04-26 20:31:50.910 19096 19145 I MuMain  : SDL2 initialized
04-26 20:31:50.910 19096 19145 I MuMain  : Render backend request env=(null) -> opengl
04-26 20:31:50.911 19096 19145 V SDL     : setOrientation() requestedOrientation=6 width=2400 height=1080 resizable=false hint=
04-26 20:31:50.934  1036  8570 V WindowManagerShell: onTransitionReady(transaction=3161095945042)
04-26 20:31:50.934   736  1602 I ImeTracker: system_server:19e9339a: onRequestHide at ORIGIN_SERVER reason IME_REQUESTED_CHANGED_LISTENER fromUser false displayId 0
04-26 20:31:50.935 19096 19145 I SDL/APP : pixel format wanted SDL_PIXELFORMAT_RGBX8888 (2), got SDL_PIXELFORMAT_RGBX8888 (2)
04-26 20:31:50.937  1036  1091 V WindowManagerShell: onTransitionReady (#143) android.os.BinderProxy@48f18f7: {id=143 t=OPEN f=0x0 trk=0 r=[0@Point(0, 0)] c=[
04-26 20:31:50.937  1036  1091 V WindowManagerShell:         {m=OPEN f=FILLS_TASK p=WCT{android.os.BinderProxy@7862628} leash=Surface(name=ActivityRecord{237620737 u0 com.muonline.client/.MuMainActivity t116}#1569)/@0x74b6afc sb=Rect(0, 0 - 0, 0) eb=Rect(0, 0 - 2400, 1080) epz=Point(2400, 1080) d=-1->0 r=-1->1:-1 bc=ff000000 activity=ActivityTransitionInfo { component = ComponentInfo{com.muonline.client/com.muonline.client.MuMainActivity}, taskId = 116, appCompatTransitionInfo = AppCompatTransitionInfo { letterboxBounds = Rect(132, 0 - 2400, 1080), hasRoundedCorners = false } }},
04-26 20:31:50.937  1036  1091 V WindowManagerShell:         {m=CLOSE f=FILLS_TASK|IS_BEHIND_STARTING_WINDOW p=WCT{android.os.BinderProxy@7862628} leash=Surface(name=ActivityRecord{134837227 u0 com.muonline.client/.PreloadActivity t116}#1551)/@0x9d8585 sb=Rect(0, 0 - 2400, 1080) eb=Rect(0, 0 - 2400, 1080) epz=Point(2400, 1080) d=0 bc=ff000000 activity=ActivityTransitionInfo { component = ComponentInfo{com.muonline.client/com.muonline.client.PreloadActivity}, taskId = 116, appCompatTransitionInfo = AppCompatTransitionInfo { letterboxBounds = Rect(132, 0 - 2400, 1080), hasRoundedCorners = false } }},
04-26 20:31:50.937  1036  1091 V WindowManagerShell:         {m=CHANGE f=NONE leash=Surface(name=Task=116#1550)/@0xb9e8fda sb=Rect(0, 0 - 2400, 1080) eb=Rect(0, 0 - 2400, 1080) epz=Point(2400, 1080) d=0 taskParent=-1 winMode=1 userId=0}
04-26 20:31:50.937  1036  1091 V WindowManagerShell:     ]}
04-26 20:31:50.937   736   759 I ActivityTaskManager: Displayed com.muonline.client/.MuMainActivity for user 0: +191ms
04-26 20:31:50.938  1036  1091 V WindowManagerShell: Playing animation for (#143) android.os.BinderProxy@48f18f7@0
04-26 20:31:50.938   736   759 V WindowManager: Sent Transition (#143) createdAt=04-26 20:31:50.739 via request=TransitionRequestInfo { type = OPEN, triggerTask = TaskInfo{userId=0 taskId=116 effectiveUid=10230 displayId=0 isRunning=true baseIntent=Intent { flg=0x10000000 cmp=com.muonline.client/.PreloadActivity } baseActivity=ComponentInfo{com.muonline.client/com.muonline.client.PreloadActivity} topActivity=ComponentInfo{com.muonline.client/com.muonline.client.MuMainActivity} origActivity=null realActivity=ComponentInfo{com.muonline.client/com.muonline.client.PreloadActivity} realActivityIsAppLockEnabled=false numActivities=2 lastActiveTime=18085340 supportsMultiWindow=true supportsMultiWindowWithoutConstraints=true resizeMode=1 isResizeable=true minWidth=-1 minHeight=-1 defaultMinSize=220 token=WCT{RemoteToken{4bb947c Task{1a2548 #116 type=standard A=10230:com.muonline.client}}} topActivityType=1 pictureInPictureParams=null shouldDockBigOverlays=false launchIntoPipHostTaskId=-1 lastParentTaskIdBeforePip=-1 displayCutoutSafeInsets=Rect(132, 0 - 0, 0) topActivityInfo=ActivityInfo{2de983a com.muonline.client.MuMainActivity} launchCookies=[] positionInParent=Point(0, 0) parentTaskId=-1 isFocused=true isInteractive=false isVisible=true isVisibleRequested=true isTopActivityNoDisplay=false isSleeping=false locusId=null displayAreaFeatureId=1 isTopActivityTransparent=false isActivityStackTransparent=false lastNonFullscreenBounds=null leafTaskBoundsFromOptions= false capturedLink=null capturedLinkTimestamp=0 requestedVisibleTypes=503 topActivityRequestOpenInBrowserEducationTimestamp=0 appCompatTaskInfo=AppCompatTaskInfo { topActivityInSizeCompat=false isLeafTask= true eligibleForLetterboxEducation= false isLetterboxEducationEnabled= true isLetterboxDoubleTapEnabled= false eligibleForUserAspectRatioButton= false topActivityBoundsLetterboxed= false isFromLetterboxDoubleTap= false topActivityLetterboxVerticalPosition= -1 topActivityLetterboxHorizontalPosition= -1 topActivityLetterboxWidth=-1 topActivityLetterboxHeight=-1 topActivityAppBounds=Rect(132, 0 - 2400, 1017) isUserFullscreenOverrideEnabled=false isSystemFullscreenOverrideEnabled=false hasMinAspectRatioOverride=false topActivityLetterboxBounds=null topNonResizableActivityAspectRatio=-1.0} topActivityMainWindowFrame=null isAppBubble=false}, pipChange = null, remoteTransitionInfo = null, displayChange = null, requestedLocation = null, userChange = null, windowingLayerChange = null, fullscreenRequestChange = null, flags = 0, debugId = 143 }
04-26 20:31:50.938  1036  1091 D ShellSplitScreen: startAnimation: transition=143 isSplitActive=false
04-26 20:31:50.938   736   759 V WindowManager:     startWCT=WindowContainerTransaction { changes= {} hops= [] flags= 0 errorCallbackToken=null taskFragmentOrganizer=null }
04-26 20:31:50.938  1036  1091 V ShellRecents: RecentsTransitionHandler.startAnimation: no controller found
04-26 20:31:50.938  1036  1091 V ShellDesktopMode: DesktopMixedTransitionHandler: No pending desktop transition
04-26 20:31:50.938   736   759 V WindowManager:     info={id=143 t=OPEN f=0x0 trk=0 r=[0@Point(0, 0)] c=[
04-26 20:31:50.938   736   759 V WindowManager:         {m=OPEN f=FILLS_TASK p=WCT{RemoteToken{4bb947c Task{1a2548 #116 type=standard A=10230:com.muonline.client}}} leash=Surface(name=ActivityRecord{237620737 u0 com.muonline.client/.MuMainActivity t116}#1569)/@0x9f2645c sb=Rect(0, 0 - 0, 0) eb=Rect(0, 0 - 2400, 1080) epz=Point(2400, 1080) d=-1->0 r=-1->1:-1 bc=ff000000 activity=ActivityTransitionInfo { component = ComponentInfo{com.muonline.client/com.muonline.client.MuMainActivity}, taskId = 116, appCompatTransitionInfo = AppCompatTransitionInfo { letterboxBounds = Rect(132, 0 - 2400, 1080), hasRoundedCorners = false } }},
04-26 20:31:50.938   736   759 V WindowManager:         {m=CLOSE f=FILLS_TASK|IS_BEHIND_STARTING_WINDOW p=WCT{RemoteToken{4bb947c Task{1a2548 #116 type=standard A=10230:com.muonline.client}}} leash=Surface(name=ActivityRecord{134837227 u0 com.muonline.client/.PreloadActivity t116}#1551)/@0x9b5b2cf sb=Rect(0, 0 - 2400, 1080) eb=Rect(0, 0 - 2400, 1080) epz=Point(2400, 1080) d=0 bc=ff000000 activity=ActivityTransitionInfo { component = ComponentInfo{com.muonline.client/com.muonline.client.PreloadActivity}, taskId = 116, appCompatTransitionInfo = AppCompatTransitionInfo { letterboxBounds = Rect(132, 0 - 2400, 1080), hasRoundedCorners = false } }},
04-26 20:31:50.938   736   759 V WindowManager:         {WCT{RemoteToken{4bb947c Task{1a2548 #116 type=standard A=10230:com.muonline.client}}} m=CHANGE f=NONE leash=Surface(name=Task=116#1550)/@0x7f94949 sb=Rect(0, 0 - 2400, 1080) eb=Rect(0, 0 - 2400, 1080) epz=Point(2400, 1080) d=0 taskParent=-1 winMode=1 userId=0}
04-26 20:31:50.938   736   759 V WindowManager:     ]}
