04-26 15:48:54.139 W/skia    (  566): AGTM parsing failed flags.readFromStream(s) at 159
04-26 15:48:54.139 W/skia    (  566): AGTM parsing failed flags.readFromStream(s) at 159
04-26 15:48:54.139 W/skia    (  566): AGTM parsing failed flags.readFromStream(s) at 159
04-26 15:48:54.139 W/GFXSTREAM( 6050): [GLESv2Validation.cpp(1217)] Error internal format: 0x3 is invalid.
04-26 15:48:54.139 E/GFXSTREAM( 6050): [GL2Encoder.cpp(2814)] GL error 0x501 condition [!GLESv2Validation::pixelFormat(ctx, internalformat) && !GLESv2Validation::pixelInternalFormat(internalformat)].
04-26 15:48:54.139 W/skia    (  566): AGTM parsing failed flags.readFromStream(s) at 159
04-26 15:48:54.139 I/TakumiErrorReport( 6050): File not found Data\Interface\lo_back_s5_im05.jpg (31129)->Data\Interface\lo_back_im05.jpg
04-26 15:48:54.139 W/GFXSTREAM( 6050): [GLESv2Validation.cpp(1217)] Error internal format: 0x3 is invalid.
04-26 15:48:54.139 E/GFXSTREAM( 6050): [GL2Encoder.cpp(2814)] GL error 0x501 condition [!GLESv2Validation::pixelFormat(ctx, internalformat) && !GLESv2Validation::pixelInternalFormat(internalformat)].
04-26 15:48:54.139 I/TakumiErrorReport( 6050): File not found Data\Interface\lo_back_s5_im06.jpg (31130)->Data\Interface\lo_back_im06.jpg
04-26 15:48:54.139 W/GFXSTREAM( 6050): [GLESv2Validation.cpp(1217)] Error internal format: 0x3 is invalid.
04-26 15:48:54.139 E/GFXSTREAM( 6050): [GL2Encoder.cpp(2814)] GL error 0x501 condition [!GLESv2Validation::pixelFormat(ctx, internalformat) && !GLESv2Validation::pixelInternalFormat(internalformat)].
04-26 15:48:54.139 I/MuMain  ( 6050): WEBZEN: OpenBasicData begin
04-26 15:48:54.139 I/MuMain  ( 6050): OPENBASIC: enter
04-26 15:48:54.140 I/TakumiErrorReport( 6050): File not found Data\Effect\Shiny05.jpg (32118)->Data\Effect\Shiny04.jpg
04-26 15:48:54.141 W/GFXSTREAM( 6050): [GLESv2Validation.cpp(1217)] Error internal format: 0x3 is invalid.
04-26 15:48:54.141 E/GFXSTREAM( 6050): [GL2Encoder.cpp(2814)] GL error 0x501 condition [!GLESv2Validation::pixelFormat(ctx, internalformat) && !GLESv2Validation::pixelInternalFormat(internalformat)].
04-26 15:48:54.141 I/TakumiErrorReport( 6050): File not found Data\Effect\Shiny04.jpg (32118)->Data\Effect\Shiny05.jpg
04-26 15:48:54.141 W/GFXSTREAM( 6050): [GLESv2Validation.cpp(1217)] Error internal format: 0x3 is invalid.
04-26 15:48:54.141 E/GFXSTREAM( 6050): [GL2Encoder.cpp(2814)] GL error 0x501 condition [!GLESv2Validation::pixelFormat(ctx, internalformat) && !GLESv2Validation::pixelInternalFormat(internalformat)].
04-26 15:48:54.142 I/TakumiErrorReport( 6050): > First Load Files OK.
04-26 15:48:54.153 W/skia    (  566): AGTM parsing failed flags.readFromStream(s) at 159
04-26 15:48:54.153 W/skia    (  566): AGTM parsing failed flags.readFromStream(s) at 159
04-26 15:48:54.153 W/skia    (  566): AGTM parsing failed flags.readFromStream(s) at 159
04-26 15:48:54.153 W/skia    (  566): AGTM parsing failed flags.readFromStream(s) at 159
04-26 15:48:54.153 W/skia    (  566): AGTM parsing failed flags.readFromStream(s) at 159
04-26 15:48:54.169 W/skia    (  566): AGTM parsing failed flags.readFromStream(s) at 159
04-26 15:48:54.169 W/skia    (  566): AGTM parsing failed flags.readFromStream(s) at 159
04-26 15:48:54.170 W/skia    (  566): AGTM parsing failed flags.readFromStream(s) at 159
04-26 15:48:54.170 W/skia    (  566): AGTM parsing failed flags.readFromStream(s) at 159
04-26 15:48:54.170 W/skia    (  566): AGTM parsing failed flags.readFromStream(s) at 159
04-26 15:48:54.187 W/skia    (  566): AGTM parsing failed flags.readFromStream(s) at 159
04-26 15:48:54.187 W/skia    (  566): AGTM parsing failed flags.readFromStream(s) at 159
04-26 15:48:54.187 W/skia    (  566): AGTM parsing failed flags.readFromStream(s) at 159
04-26 15:48:54.187 W/skia    (  566): AGTM parsing failed flags.readFromStream(s) at 159
04-26 15:48:54.187 W/skia    (  566): AGTM parsing failed flags.readFromStream(s) at 159
04-26 15:48:54.204 W/skia    (  566): AGTM parsing failed flags.readFromStream(s) at 159
04-26 15:48:54.204 W/skia    (  566): AGTM parsing failed flags.readFromStream(s) at 159
04-26 15:48:54.204 W/skia    (  566): AGTM parsing failed flags.readFromStream(s) at 159
04-26 15:48:54.204 W/skia    (  566): AGTM parsing failed flags.readFromStream(s) at 159
04-26 15:48:54.204 W/skia    (  566): AGTM parsing failed flags.readFromStream(s) at 159
04-26 15:48:54.220 W/skia    (  566): AGTM parsing failed flags.readFromStream(s) at 159
04-26 15:48:54.220 W/skia    (  566): AGTM parsing failed flags.readFromStream(s) at 159
04-26 15:48:54.220 W/skia    (  566): AGTM parsing failed flags.readFromStream(s) at 159
04-26 15:48:54.220 W/skia    (  566): AGTM parsing failed flags.readFromStream(s) at 159
04-26 15:48:54.220 W/skia    (  566): AGTM parsing failed flags.readFromStream(s) at 159
04-26 15:48:54.237 W/skia    (  566): AGTM parsing failed flags.readFromStream(s) at 159
04-26 15:48:54.237 W/skia    (  566): AGTM parsing failed flags.readFromStream(s) at 159
04-26 15:48:54.237 W/skia    (  566): AGTM parsing failed flags.readFromStream(s) at 159
04-26 15:48:54.237 W/skia    (  566): AGTM parsing failed flags.readFromStream(s) at 159
04-26 15:48:54.237 W/skia    (  566): AGTM parsing failed flags.readFromStream(s) at 159
04-26 15:48:54.253 W/skia    (  566): AGTM parsing failed flags.readFromStream(s) at 159
04-26 15:48:54.253 W/skia    (  566): AGTM parsing failed flags.readFromStream(s) at 159
04-26 15:48:54.253 W/skia    (  566): AGTM parsing failed flags.readFromStream(s) at 159
04-26 15:48:54.253 W/skia    (  566): AGTM parsing failed flags.readFromStream(s) at 159
04-26 15:48:54.254 W/skia    (  566): AGTM parsing failed flags.readFromStream(s) at 159
04-26 15:48:54.271 W/skia    (  566): AGTM parsing failed flags.readFromStream(s) at 159
04-26 15:48:54.271 W/skia    (  566): AGTM parsing failed flags.readFromStream(s) at 159
04-26 15:48:54.271 W/skia    (  566): AGTM parsing failed flags.readFromStream(s) at 159
04-26 15:48:54.287 W/skia    (  566): AGTM parsing failed flags.readFromStream(s) at 159
04-26 15:48:54.288 W/skia    (  566): AGTM parsing failed flags.readFromStream(s) at 159
04-26 15:48:54.288 W/skia    (  566): AGTM parsing failed flags.readFromStream(s) at 159
04-26 15:48:54.305 W/skia    (  566): AGTM parsing failed flags.readFromStream(s) at 159
04-26 15:48:54.305 W/skia    (  566): AGTM parsing failed flags.readFromStream(s) at 159
04-26 15:48:54.305 W/skia    (  566): AGTM parsing failed flags.readFromStream(s) at 159
04-26 15:48:54.306 I/ImeTracker(  736): system_server:7efb390d: onRequestHide at ORIGIN_SERVER reason IME_REQUESTED_CHANGED_LISTENER fromUser false displayId 0
04-26 15:48:54.307 I/ImeTracker(  736): system_server:7efb390d: onCancelled at PHASE_SERVER_SHOULD_HIDE
04-26 15:48:54.320 W/skia    (  566): AGTM parsing failed flags.readFromStream(s) at 159
04-26 15:48:54.320 W/skia    (  566): AGTM parsing failed flags.readFromStream(s) at 159
04-26 15:48:54.320 W/skia    (  566): AGTM parsing failed flags.readFromStream(s) at 159
04-26 15:48:54.337 W/skia    (  566): AGTM parsing failed flags.readFromStream(s) at 159
04-26 15:48:54.337 W/skia    (  566): AGTM parsing failed flags.readFromStream(s) at 159
04-26 15:48:54.337 W/skia    (  566): AGTM parsing failed flags.readFromStream(s) at 159
04-26 15:48:54.352 W/skia    (  566): AGTM parsing failed flags.readFromStream(s) at 159
04-26 15:48:54.353 W/skia    (  566): AGTM parsing failed flags.readFromStream(s) at 159
04-26 15:48:54.353 W/skia    (  566): AGTM parsing failed flags.readFromStream(s) at 159
04-26 15:48:54.370 W/skia    (  566): AGTM parsing failed flags.readFromStream(s) at 159
04-26 15:48:54.370 W/skia    (  566): AGTM parsing failed flags.readFromStream(s) at 159
04-26 15:48:54.370 W/skia    (  566): AGTM parsing failed flags.readFromStream(s) at 159
04-26 15:48:54.387 V/WindowManagerShell( 1036): Transition animation finished (aborted=false), notifying core (#26) android.os.BinderProxy@7b22b5d@0
04-26 15:48:54.387 W/skia    (  566): AGTM parsing failed flags.readFromStream(s) at 159
04-26 15:48:54.387 W/skia    (  566): AGTM parsing failed flags.readFromStream(s) at 159
04-26 15:48:54.387 W/skia    (  566): AGTM parsing failed flags.readFromStream(s) at 159
04-26 15:48:54.390 V/WindowManager(  736): Finish Transition (#26): created at 04-26 15:48:53.738 collect-started=0.105ms request-sent=5.46ms started=8.411ms ready=13.517ms sent=168.362ms commit=14.333ms finished=651.088ms
04-26 15:48:54.392 D/VRI[PreloadActivity]( 6050): visibilityChanged oldVisibility=true newVisibility=false
04-26 15:48:54.393 V/WindowManagerShell( 1036): Track 0 became idle
04-26 15:48:54.393 V/WindowManagerShell( 1036): All active transition animations finished
04-26 15:48:54.406 D/WindowOnBackDispatcher( 6050): setTopOnBackInvokedCallback (unwrapped): null
04-26 15:48:54.406 D/CoreBackPreview(  736): Window{b4f19ca u0 com.muonline.client/com.muonline.client.PreloadActivity}: Setting back callback null
04-26 15:48:54.407 D/ViewRootImpl( 6050): Skipping stats log for color mode
04-26 15:48:56.789 I/AdbWifiNetworkMonitor(  736): Wi-Fi network available
04-26 15:48:56.789 I/AdbWifiNetworkMonitor(  736): Received the same Wi-Fi SSID. Ignoring.
04-26 15:48:56.793 I/HalDevMgr(  736): bestIfaceCreationProposal is null, requestIface=STA, existingIface=[name=wlan0 type=STA]
04-26 15:48:56.793 W/libbinder.IPCThreadState(  736): Sending oneway calls to frozen process.
04-26 15:48:56.793 W/libbinder.IPCThreadState(  736): Sending oneway calls to frozen process.
04-26 15:48:56.798 I/NullBinder( 1366): NullBinder for android.net.action.RECOMMEND_NETWORKS triggering remote TransactionTooLargeException due to Service without Chimera impl, calling uid: 1000, calling pid: 0
04-26 15:48:56.798 W/libbinder.Binder( 1366): Large reply transaction of 1056768 bytes, interface descriptor , function: UNKNOWN_FUNCTION_NAME, code: 1, flags: 17
04-26 15:48:56.942 E/TaskPersister(  736): File error accessing recents directory (directory doesn't exist?).
04-26 15:48:58.456 D/SatelliteController( 1203): isInCarrierRoamingNbIotNtn: satellite is disabled
04-26 15:48:58.456 D/SatelliteController( 1203): getCarrierRoamingNtnConnectType: Checking connect type from PLMN config for subId: 1
04-26 15:48:58.460 D/SatelliteController( 1203): getSatellitePerPlmnConfiguration: invalid subId or not supported via carrier.
04-26 15:48:58.460 D/SatelliteController( 1203): getCarrierRoamingNtnConnectType: config: null
04-26 15:48:58.460 D/SatelliteController( 1203): getCarrierRoamingNtnConnectType: Falling back to global carrier config connect type: 0
04-26 15:48:58.460 D/SatelliteController( 1203): updateLastNotifiedCarrierRoamingNtnSignalStrengthAndNotify(1)
04-26 15:48:58.460 D/SatelliteController( 1203): updateLastNotifiedCarrierRoamingNtnSignalStrengthAndNotify(1) lastNotifiedSignalStrength level: 0
04-26 15:48:58.460 D/SatelliteController( 1203): updateLastNotifiedCarrierRoamingNtnSignalStrengthAndNotify(1) currSignalStrength level: 0
04-26 15:48:59.228 I/wpa_supplicant( 1016): wlan0: CTRL-EVENT-BEACON-LOSS 
04-26 15:48:59.796 I/AdbWifiNetworkMonitor(  736): Wi-Fi network available
04-26 15:48:59.797 I/AdbWifiNetworkMonitor(  736): Received the same Wi-Fi SSID. Ignoring.
04-26 15:48:59.799 W/libbinder.IPCThreadState(  736): Sending oneway calls to frozen process.
04-26 15:48:59.799 W/libbinder.IPCThreadState(  736): Sending oneway calls to frozen process.
04-26 15:48:59.802 I/HalDevMgr(  736): bestIfaceCreationProposal is null, requestIface=STA, existingIface=[name=wlan0 type=STA]
04-26 15:48:59.803 I/NullBinder( 1366): NullBinder for android.net.action.RECOMMEND_NETWORKS triggering remote TransactionTooLargeException due to Service without Chimera impl, calling uid: 1000, calling pid: 0
04-26 15:48:59.804 W/libbinder.Binder( 1366): Large reply transaction of 1056768 bytes, interface descriptor , function: UNKNOWN_FUNCTION_NAME, code: 1, flags: 17
04-26 15:48:59.807 D/IpClient/wlan0( 1160): interfaceLinkStateChanged: ifindex 16 up
04-26 15:48:59.815 D/IpClient/wlan0( 1160): interfaceLinkStateChanged: ifindex 16 up
04-26 15:49:02.792 W/ssioncontroller( 4376): Reducing the number of considered missed Gc histogram windows from 102 to 100
04-26 15:49:02.807 I/HalDevMgr(  736): bestIfaceCreationProposal is null, requestIface=STA, existingIface=[name=wlan0 type=STA]
04-26 15:49:03.084 D/ActivityManager(  736): freezing 4164 com.android.vending
04-26 15:49:03.086 D/ActivityManager(  736): freezing 4276 com.android.vending:background
04-26 15:49:03.134 D/InetDiagMessage(  736): Destroyed 0 sockets, proto=IPPROTO_TCP, family=AF_INET, states=14
04-26 15:49:03.136 D/InetDiagMessage(  736): Destroyed 2 sockets, proto=IPPROTO_TCP, family=AF_INET6, states=14
04-26 15:49:03.136 D/InetDiagMessage(  736): Destroyed live tcp sockets for uids={10154} in 3ms
04-26 15:49:03.557 I/system_server(  736): Background young concurrent mark compact GC freed 24MB AllocSpace bytes, 24(1264KB) LOS objects, 41% free, 34MB/58MB, paused 2.937ms,29.805ms total 55.961ms
04-26 15:49:03.580 I/artd    ( 2780): GetBestInfo: odex next to the dex file (/data/app/~~PqdBwR9WSFUNw4iaJMgoGg==/com.google.android.gms-95Dc1VeYXyONiCBDqz_lkA==/oat/x86_64/base.odex) is kOatUpToDate with filter 'speed-profile' executable 'false'
04-26 15:49:03.581 I/artd    ( 2780): GetBestInfo: dm (/data/app/~~PqdBwR9WSFUNw4iaJMgoGg==/com.google.android.gms-95Dc1VeYXyONiCBDqz_lkA==/split_AdsDynamite_installtime.dm) is kOatUpToDate with filter 'verify' executable 'false'
04-26 15:49:03.583 I/artd    ( 2780): GetBestInfo: dm (/data/app/~~PqdBwR9WSFUNw4iaJMgoGg==/com.google.android.gms-95Dc1VeYXyONiCBDqz_lkA==/split_CronetDynamite_installtime.dm) is kOatUpToDate with filter 'verify' executable 'false'
04-26 15:49:03.585 I/artd    ( 2780): GetBestInfo: dm (/data/app/~~PqdBwR9WSFUNw4iaJMgoGg==/com.google.android.gms-95Dc1VeYXyONiCBDqz_lkA==/split_DynamiteLoader_installtime.dm) is kOatUpToDate with filter 'verify' executable 'false'
04-26 15:49:03.586 I/artd    ( 2780): GetBestInfo: dm (/data/app/~~PqdBwR9WSFUNw4iaJMgoGg==/com.google.android.gms-95Dc1VeYXyONiCBDqz_lkA==/split_DynamiteModulesA_installtime.dm) is kOatUpToDate with filter 'verify' executable 'false'
04-26 15:49:03.588 I/artd    ( 2780): GetBestInfo: dm (/data/app/~~PqdBwR9WSFUNw4iaJMgoGg==/com.google.android.gms-95Dc1VeYXyONiCBDqz_lkA==/split_DynamiteModulesC_installtime.dm) is kOatUpToDate with filter 'verify' executable 'false'
04-26 15:49:03.589 I/artd    ( 2780): GetBestInfo: dm (/data/app/~~PqdBwR9WSFUNw4iaJMgoGg==/com.google.android.gms-95Dc1VeYXyONiCBDqz_lkA==/split_GoogleCertificates_installtime.dm) is kOatUpToDate with filter 'verify' executable 'false'
04-26 15:49:03.591 I/artd    ( 2780): GetBestInfo: dm (/data/app/~~PqdBwR9WSFUNw4iaJMgoGg==/com.google.android.gms-95Dc1VeYXyONiCBDqz_lkA==/split_MapsDynamite_installtime.dm) is kOatUpToDate with filter 'verify' executable 'false'
04-26 15:49:03.593 I/artd    ( 2780): GetBestInfo: dm (/data/app/~~PqdBwR9WSFUNw4iaJMgoGg==/com.google.android.gms-95Dc1VeYXyONiCBDqz_lkA==/split_MeasurementDynamite_installtime.dm) is kOatUpToDate with filter 'verify' executable 'false'
04-26 15:49:03.594 I/artd    ( 2780): GetBestInfo: dm (/data/app/~~PqdBwR9WSFUNw4iaJMgoGg==/com.google.android.gms-95Dc1VeYXyONiCBDqz_lkA==/split_all_locale_splits.dm) is kOatUpToDate with filter 'verify' executable 'false'
04-26 15:49:03.595 I/artd    ( 2780): GetBestInfo: /data/user_de/0/com.google.android.gms/app_chimera/m/0000000a/dl-TfliteDynamiteDynamite.integ_252130102100800.apk has no usable artifacts
04-26 15:49:03.596 I/artd    ( 2780): GetBestInfo: /data/user_de/0/com.google.android.gms/app_chimera/m/00000001/CronetDynamite.apk has no usable artifacts
04-26 15:49:03.597 I/artd    ( 2780): GetBestInfo: /data/user_de/0/com.google.android.gms/app_chimera/m/00000016/dl-MlkitOcrCommon.optional_261332100800.apk has no usable artifacts
04-26 15:49:03.598 I/artd    ( 2780): GetBestInfo: /data/user_de/0/com.google.android.gms/app_chimera/m/00000002/DynamiteLoader.apk has no usable artifacts
04-26 15:49:03.599 I/artd    ( 2780): GetBestInfo: /data/user_de/0/com.google.android.gms/app_chimera/m/0000000e/dl-MlkitBarcodeUi.optional_260235100800.apk has no usable artifacts
04-26 15:49:03.601 I/artd    ( 2780): GetBestInfo: /data/user_de/0/com.google.android.gms/app_chimera/m/00000013/dl-Appsearch.optional_261332100800.apk has no usable artifacts
04-26 15:49:03.601 I/artd    ( 2780): GetBestInfo: /data/user_de/0/com.google.android.gms/app_chimera/m/00000005/GoogleCertificates.apk has no usable artifacts
04-26 15:49:03.602 I/artd    ( 2780): GetBestInfo: /data/user_de/0/com.google.android.gms/app_chimera/m/00000012/dl-PlayCloudSearch.optional_261332100000.apk has no usable artifacts
04-26 15:49:03.604 I/artd    ( 2780): GetBestInfo: vdex next to the dex file (/data/user/0/com.google.android.gms/app_dg_cache/B3ED91DEC21F0EB5284BE10D982ABEAAC45F5C48/oat/x86_64/the.vdex) is kOatUpToDate with filter 'verify' executable 'false'
04-26 15:49:03.606 I/artd    ( 2780): GetBestInfo: /data/user_de/0/com.google.android.gms/app_chimera/m/0000000f/dl-PlayCloudSearch.optional_260235100000.apk has no usable artifacts
04-26 15:49:03.607 I/artd    ( 2780): GetBestInfo: /data/user_de/0/com.google.android.gms/app_chimera/m/00000008/dl-VisionOcr.optional_260235100000.apk has no usable artifacts
04-26 15:49:03.609 I/artd    ( 2780): GetBestInfo: /data/user_de/0/com.google.android.gms/app_chimera/m/0000000b/dl-Appsearch.optional_260235100800.apk has no usable artifacts
04-26 15:49:03.610 I/artd    ( 2780): GetBestInfo: /data/user_de/0/com.google.android.gms/app_chimera/m/00000011/dl-VisionOcr.optional_261332100000.apk has no usable artifacts
04-26 15:49:03.611 I/artd    ( 2780): GetBestInfo: /data/user_de/0/com.google.android.gms/app_chimera/m/00000015/dl-MlkitBarcodeUi.optional_261332100800.apk has no usable artifacts
04-26 15:49:03.612 E/BluetoothPowerStatsCollector(  736): Cannot acquire BluetoothActivityEnergyInfo
04-26 15:49:03.612 E/BluetoothPowerStatsCollector(  736): java.util.concurrent.ExecutionException: java.lang.RuntimeException: error: 11
04-26 15:49:03.612 E/BluetoothPowerStatsCollector(  736): 	at java.util.concurrent.CompletableFuture.reportGet(CompletableFuture.java:372)
04-26 15:49:03.612 E/BluetoothPowerStatsCollector(  736): 	at java.util.concurrent.CompletableFuture.get(CompletableFuture.java:2072)
04-26 15:49:03.612 E/BluetoothPowerStatsCollector(  736): 	at com.android.server.power.stats.BluetoothPowerStatsCollector.collectBluetoothActivityInfo(BluetoothPowerStatsCollector.java:197)
04-26 15:49:03.612 E/BluetoothPowerStatsCollector(  736): 	at com.android.server.power.stats.BluetoothPowerStatsCollector.collectStats(BluetoothPowerStatsCollector.java:156)
04-26 15:49:03.612 E/BluetoothPowerStatsCollector(  736): 	at com.android.server.power.stats.PowerStatsCollector.collectAndDeliverStats(PowerStatsCollector.java:205)
04-26 15:49:03.612 E/BluetoothPowerStatsCollector(  736): 	at com.android.server.power.stats.PowerStatsCollector.lambda$schedule$0(PowerStatsCollector.java:175)
04-26 15:49:03.612 E/BluetoothPowerStatsCollector(  736): 	at com.android.server.power.stats.PowerStatsCollector.$r8$lambda$G7G_yFY7rV7oxQbQHnZ5FHX8eBk(PowerStatsCollector.java:0)
04-26 15:49:03.612 E/BluetoothPowerStatsCollector(  736): 	at com.android.server.power.stats.PowerStatsCollector$$ExternalSyntheticLambda1.run(R8$$SyntheticClass:0)
04-26 15:49:03.612 E/BluetoothPowerStatsCollector(  736): 	at android.os.Handler.handleCallback(Handler.java:1095)
04-26 15:49:03.612 E/BluetoothPowerStatsCollector(  736): 	at android.os.Handler.dispatchMessageImpl(Handler.java:135)
04-26 15:49:03.612 E/BluetoothPowerStatsCollector(  736): 	at android.os.Handler.dispatchMessage(Handler.java:125)
04-26 15:49:03.612 E/BluetoothPowerStatsCollector(  736): 	at android.os.Looper.loopOnce(Looper.java:292)
04-26 15:49:03.612 E/BluetoothPowerStatsCollector(  736): 	at android.os.Looper.loop(Looper.java:393)
04-26 15:49:03.612 E/BluetoothPowerStatsCollector(  736): 	at android.os.HandlerThread.run(HandlerThread.java:139)
04-26 15:49:03.612 E/BluetoothPowerStatsCollector(  736): Caused by: java.lang.RuntimeException: error: 11
04-26 15:49:03.612 E/BluetoothPowerStatsCollector(  736): 	at com.android.server.power.stats.BluetoothPowerStatsCollector$1.onBluetoothActivityEnergyInfoError(BluetoothPowerStatsCollector.java:185)
04-26 15:49:03.612 E/BluetoothPowerStatsCollector(  736): 	at android.bluetooth.BluetoothAdapter$OnBluetoothActivityEnergyInfoProxy.lambda$onBluetoothActivityEnergyInfoAvailable$0(BluetoothAdapter.java:952)
04-26 15:49:03.612 E/BluetoothPowerStatsCollector(  736): 	at android.bluetooth.BluetoothAdapter$OnBluetoothActivityEnergyInfoProxy.$r8$lambda$ks_hN9Vo_x2Jp1k5f-s67WiAd4A(BluetoothAdapter.java:0)
04-26 15:49:03.612 E/BluetoothPowerStatsCollector(  736): 	at android.bluetooth.BluetoothAdapter$OnBluetoothActivityEnergyInfoProxy$$ExternalSyntheticLambda0.run(D8$$SyntheticClass:0)
04-26 15:49:03.612 E/BluetoothPowerStatsCollector(  736): 	at android.bluetooth.BluetoothUtils.lambda$executeFromBinder$0(BluetoothUtils.java:342)
04-26 15:49:03.612 E/BluetoothPowerStatsCollector(  736): 	at android.bluetooth.BluetoothUtils$$ExternalSyntheticLambda1.run(D8$$SyntheticClass:0)
04-26 15:49:03.612 E/BluetoothPowerStatsCollector(  736): 	at com.android.server.SystemServerInitThreadPool$$ExternalSyntheticLambda0.execute(R8$$SyntheticClass:0)
04-26 15:49:03.612 E/BluetoothPowerStatsCollector(  736): 	at android.bluetooth.BluetoothUtils.executeFromBinder(BluetoothUtils.java:342)
04-26 15:49:03.612 E/BluetoothPowerStatsCollector(  736): 	at android.bluetooth.BluetoothAdapter$OnBluetoothActivityEnergyInfoProxy.onBluetoothActivityEnergyInfoAvailable(BluetoothAdapter.java:950)
04-26 15:49:03.612 E/BluetoothPowerStatsCollector(  736): 	at android.bluetooth.IBluetoothActivityEnergyInfoListener$Stub.onTransact(IBluetoothActivityEnergyInfoListener.java:90)
04-26 15:49:03.612 E/BluetoothPowerStatsCollector(  736): 	at android.os.Binder.execTransactInternal(Binder.java:1471)
04-26 15:49:03.612 E/BluetoothPowerStatsCollector(  736): 	at android.os.Binder.execTransact(Binder.java:1411)
04-26 15:49:03.613 I/artd    ( 2780): GetBestInfo: /data/user_de/0/com.google.android.gms/app_chimera/m/00000009/dl-MlkitOcrCommon.optional_260235100800.apk has no usable artifacts
04-26 15:49:03.615 I/artd    ( 2780): GetBestInfo: vdex next to the dex file (/data/user/0/com.google.android.gms/app_dg_cache/CE973E4DE823F0AA69070767A9FABB590DDD455C/oat/x86_64/the.vdex) is kOatUpToDate with filter 'verify' executable 'false'
04-26 15:49:03.615 I/artd    ( 2780): GetBestInfo: /data/user_de/0/com.google.android.gms/app_chimera/m/00000007/MeasurementDynamite.apk has no usable artifacts
04-26 15:49:04.228 I/AppSearchIcing(  736): icing-search-engine.cc:2487: Persisting data to disk with mode 3
04-26 15:49:04.230 I/AppSearchIcing(  736): icing-search-engine.cc:2502: PersistToDisk completed.
04-26 15:49:04.909 D/InetDiagMessage(  736): Destroyed 0 sockets, proto=IPPROTO_TCP, family=AF_INET, states=14
04-26 15:49:04.909 D/InetDiagMessage(  736): Destroyed 0 sockets, proto=IPPROTO_TCP, family=AF_INET6, states=14
04-26 15:49:04.910 D/InetDiagMessage(  736): Destroyed live tcp sockets for uids={10160} in 1ms
04-26 15:49:04.910 D/InetDiagMessage(  736): Destroyed 0 sockets, proto=IPPROTO_TCP, family=AF_INET, states=14
04-26 15:49:04.910 D/InetDiagMessage(  736): Destroyed 0 sockets, proto=IPPROTO_TCP, family=AF_INET6, states=14
04-26 15:49:04.910 D/InetDiagMessage(  736): Destroyed live tcp sockets for uids={20160} in 1ms
04-26 15:49:05.814 I/HalDevMgr(  736): bestIfaceCreationProposal is null, requestIface=STA, existingIface=[name=wlan0 type=STA]
04-26 15:49:05.818 D/IpClient/wlan0( 1160): interfaceLinkStateChanged: ifindex 16 up
04-26 15:49:05.824 D/IpClient/wlan0( 1160): interfaceLinkStateChanged: ifindex 16 up
04-26 15:49:06.403 D/TelephonyManager(  736): requestModemActivityInfo: Sending result to app: ModemActivityInfo{ mTimestamp=1120999 mSleepTimeMs=126 mIdleTimeMs=42 mActivityStatsTechSpecificInfo=[{mRat=UNKNOWN,mFrequencyRange=UNKNOWN,mTxTimeMs[]=[3, 9, 18, 24, 27],mRxTimeMs=27}]}
04-26 15:49:07.421 I/wpa_supplicant( 1016): wlan0: CTRL-EVENT-BEACON-LOSS 
04-26 15:49:08.304 D/BoundBrokerSvc( 1867): onUnbind: Intent { act=com.google.android.gms.feedback.internal.IFeedbackService dat=chimera-action:/... xflg=0x4 cmp=com.google.android.gms/.chimera.GmsBoundBrokerService }
04-26 15:49:08.456 D/SatelliteController( 1203): isInCarrierRoamingNbIotNtn: satellite is disabled
04-26 15:49:08.456 D/SatelliteController( 1203): getCarrierRoamingNtnConnectType: Checking connect type from PLMN config for subId: 1
04-26 15:49:08.459 D/SatelliteController( 1203): getSatellitePerPlmnConfiguration: invalid subId or not supported via carrier.
04-26 15:49:08.459 D/SatelliteController( 1203): getCarrierRoamingNtnConnectType: config: null
04-26 15:49:08.459 D/SatelliteController( 1203): getCarrierRoamingNtnConnectType: Falling back to global carrier config connect type: 0
04-26 15:49:08.460 D/SatelliteController( 1203): updateLastNotifiedCarrierRoamingNtnSignalStrengthAndNotify(1)
04-26 15:49:08.460 D/SatelliteController( 1203): updateLastNotifiedCarrierRoamingNtnSignalStrengthAndNotify(1) lastNotifiedSignalStrength level: 0
04-26 15:49:08.460 D/SatelliteController( 1203): updateLastNotifiedCarrierRoamingNtnSignalStrengthAndNotify(1) currSignalStrength level: 0
04-26 15:49:08.817 I/AdbWifiNetworkMonitor(  736): Wi-Fi network available
04-26 15:49:08.817 I/AdbWifiNetworkMonitor(  736): Received the same Wi-Fi SSID. Ignoring.
04-26 15:49:08.820 W/libbinder.IPCThreadState(  736): Sending oneway calls to frozen process.
04-26 15:49:08.820 W/libbinder.IPCThreadState(  736): Sending oneway calls to frozen process.
04-26 15:49:08.822 I/HalDevMgr(  736): bestIfaceCreationProposal is null, requestIface=STA, existingIface=[name=wlan0 type=STA]
04-26 15:49:08.825 I/NullBinder( 1366): NullBinder for android.net.action.RECOMMEND_NETWORKS triggering remote TransactionTooLargeException due to Service without Chimera impl, calling uid: 1000, calling pid: 0
04-26 15:49:08.825 W/libbinder.Binder( 1366): Large reply transaction of 1056768 bytes, interface descriptor , function: UNKNOWN_FUNCTION_NAME, code: 1, flags: 17
04-26 15:49:11.832 I/HalDevMgr(  736): bestIfaceCreationProposal is null, requestIface=STA, existingIface=[name=wlan0 type=STA]
04-26 15:49:12.789 D/ActivityManager(  736): freezing 4376 com.google.android.permissioncontroller
04-26 15:49:12.791 D/InetDiagMessage(  736): Destroyed 0 sockets, proto=IPPROTO_TCP, family=AF_INET, states=14
04-26 15:49:12.792 D/InetDiagMessage(  736): Destroyed 0 sockets, proto=IPPROTO_TCP, family=AF_INET6, states=14
04-26 15:49:12.792 D/InetDiagMessage(  736): Destroyed live tcp sockets for uids={10211} in 1ms
