--------- beginning of main
04-26 20:31:49.380  3743 19073 I AiAiEcho: AppIndexer Package:[com.muonline.client] UserProfile:[0] Enabled:[true].
04-26 20:31:49.380  3743 19073 I AiAiEcho: AppFetcherImplV2 updateApps package:[com.muonline.client], userId:[0], reason:[package is updated.].
04-26 20:31:49.382   566   616 W skia    : AGTM parsing failed flags.readFromStream(s) at 159
04-26 20:31:49.382   566   616 W skia    : AGTM parsing failed flags.readFromStream(s) at 159
04-26 20:31:49.388  1219  1219 V BaseDepthController: Applying blur: 0 to Surface(name=VRI-com.google.android.apps.nexuslauncher/com.google.android.apps.nexuslauncher.NexusLauncherActivity#1541)/@0xd45637f applyImmediately: false
04-26 20:31:49.389  1219  1219 D BaseDepthController: shouldBlurWorkspace: false targetState: Normal currentStableState: Normal mCurrentBlur: 0 mLauncher.getDepthBlurTargets(): [com.android.launcher3.Workspace{573bc60 V.ED..... ........ 0,0-1080,2400 #7f0a047d app:id/workspace}, com.android.launcher3.Hotseat{7eca519 V.ED..... ........ 0,1905-1080,2400 #7f0a01f1 app:id/hotseat}]
04-26 20:31:49.402  1219  1219 V BaseDepthController: Applying blur: 0 to Surface(name=VRI-com.google.android.apps.nexuslauncher/com.google.android.apps.nexuslauncher.NexusLauncherActivity#1541)/@0xd45637f applyImmediately: false
04-26 20:31:49.403  1219  1219 D BaseDepthController: shouldBlurWorkspace: false targetState: Normal currentStableState: Normal mCurrentBlur: 0 mLauncher.getDepthBlurTargets(): [com.android.launcher3.Workspace{573bc60 V.ED..... ........ 0,0-1080,2400 #7f0a047d app:id/workspace}, com.android.launcher3.Hotseat{7eca519 V.ED..... ........ 0,1905-1080,2400 #7f0a01f1 app:id/hotseat}]
--------- beginning of system
04-26 20:31:49.410   736   760 W Looper  : Slow dispatch took 113ms android.ui app=system_server main=false group=TOP_APP h=com.android.server.am.ActivityManagerService$UiHandler c=com.android.server.am.UidObserverController$$ExternalSyntheticLambda0@627c3dc m=0
04-26 20:31:49.412  4164  4164 I Finsky  : [2] ajjp - Received: android.intent.action.PACKAGE_ADDED, [n076RJLEETmEZ61FBJHrGFwh-0szukPG_iaeB-mhrwQ]
04-26 20:31:49.415  4164  4164 I Finsky  : [2] ajjp - Deduping intent android.intent.action.PACKAGE_ADDED
04-26 20:31:49.415  1219  1270 W LauncherActivityCachingLogic: loadIcon: Default app icon returned from PackageManager. component=ComponentInfo{com.muonline.client/com.muonline.client.PreloadActivity}, user=UserHandle{0}
04-26 20:31:49.415  1219  1270 W LauncherActivityCachingLogic: java.lang.Exception
04-26 20:31:49.415  1219  1270 W LauncherActivityCachingLogic: 	at com.android.launcher3.icons.cache.LauncherActivityCachingLogic.loadIcon(go/retraceme 7226a759aa2bb3787a79806f85d80eaad84f1f1e15acd6db988f2df789d1680d:62)
04-26 20:31:49.415  1219  1270 W LauncherActivityCachingLogic: 	at com.android.launcher3.icons.cache.BaseIconCache.addIconToDBAndMemCache(go/retraceme 7226a759aa2bb3787a79806f85d80eaad84f1f1e15acd6db988f2df789d1680d:22)
04-26 20:31:49.415  1219  1270 W LauncherActivityCachingLogic: 	at com.android.launcher3.model.tasks.PackageUpdatedTask.execute(go/retraceme 7226a759aa2bb3787a79806f85d80eaad84f1f1e15acd6db988f2df789d1680d:177)
04-26 20:31:49.415  1219  1270 W LauncherActivityCachingLogic: 	at com.android.launcher3.LauncherModel$enqueueModelUpdateTask$1.run(go/retraceme 7226a759aa2bb3787a79806f85d80eaad84f1f1e15acd6db988f2df789d1680d:27)
04-26 20:31:49.415  1219  1270 W LauncherActivityCachingLogic: 	at com.android.launcher3.util.LooperExecutor.execute(go/retraceme 7226a759aa2bb3787a79806f85d80eaad84f1f1e15acd6db988f2df789d1680d:16)
04-26 20:31:49.415  1219  1270 W LauncherActivityCachingLogic: 	at com.android.launcher3.LauncherModel.enqueueModelUpdateTask(go/retraceme 7226a759aa2bb3787a79806f85d80eaad84f1f1e15acd6db988f2df789d1680d:19)
04-26 20:31:49.415  1219  1270 W LauncherActivityCachingLogic: 	at com.android.launcher3.LauncherModel$newModelCallbacks$1.accept(go/retraceme 7226a759aa2bb3787a79806f85d80eaad84f1f1e15acd6db988f2df789d1680d:4)
04-26 20:31:49.415  1219  1270 W LauncherActivityCachingLogic: 	at com.android.launcher3.model.ModelLauncherCallbacks.onPackageChanged(go/retraceme 7226a759aa2bb3787a79806f85d80eaad84f1f1e15acd6db988f2df789d1680d:12)
04-26 20:31:49.415  1219  1270 W LauncherActivityCachingLogic: 	at android.content.pm.LauncherApps$CallbackMessageHandler.handleMessage(LauncherApps.java:2329)
04-26 20:31:49.415  1219  1270 W LauncherActivityCachingLogic: 	at android.os.Handler.dispatchMessageImpl(Handler.java:142)
04-26 20:31:49.415  1219  1270 W LauncherActivityCachingLogic: 	at android.os.Handler.dispatchMessage(Handler.java:125)
04-26 20:31:49.415  1219  1270 W LauncherActivityCachingLogic: 	at android.os.Looper.loopOnce(Looper.java:292)
04-26 20:31:49.415  1219  1270 W LauncherActivityCachingLogic: 	at android.os.Looper.loop(Looper.java:393)
04-26 20:31:49.415  1219  1270 W LauncherActivityCachingLogic: 	at android.os.HandlerThread.run(HandlerThread.java:139)
04-26 20:31:49.421  1219  1219 V BaseDepthController: Applying blur: 0 to Surface(name=VRI-com.google.android.apps.nexuslauncher/com.google.android.apps.nexuslauncher.NexusLauncherActivity#1541)/@0xd45637f applyImmediately: false
04-26 20:31:49.421  1219  1219 D BaseDepthController: shouldBlurWorkspace: false targetState: Normal currentStableState: Normal mCurrentBlur: 0 mLauncher.getDepthBlurTargets(): [com.android.launcher3.Workspace{573bc60 V.ED..... ........ 0,0-1080,2400 #7f0a047d app:id/workspace}, com.android.launcher3.Hotseat{7eca519 V.ED..... ........ 0,1905-1080,2400 #7f0a01f1 app:id/hotseat}]
04-26 20:31:49.426  4164  4164 I Finsky  : [2] ajjp - Received: android.intent.action.PACKAGE_ADDED, [n076RJLEETmEZ61FBJHrGFwh-0szukPG_iaeB-mhrwQ]
04-26 20:31:49.435  1219  1270 W LauncherActivityCachingLogic: loadIcon: Default app icon returned from PackageManager. component=ComponentInfo{com.muonline.client/com.muonline.client.PreloadActivity}, user=UserHandle{0}
04-26 20:31:49.435  1219  1270 W LauncherActivityCachingLogic: java.lang.Exception
04-26 20:31:49.435  1219  1270 W LauncherActivityCachingLogic: 	at com.android.launcher3.icons.cache.LauncherActivityCachingLogic.loadIcon(go/retraceme 7226a759aa2bb3787a79806f85d80eaad84f1f1e15acd6db988f2df789d1680d:62)
04-26 20:31:49.435  1219  1270 W LauncherActivityCachingLogic: 	at com.android.launcher3.icons.cache.BaseIconCache.loadFallbackIcon(go/retraceme 7226a759aa2bb3787a79806f85d80eaad84f1f1e15acd6db988f2df789d1680d:8)
04-26 20:31:49.435  1219  1270 W LauncherActivityCachingLogic: 	at com.android.launcher3.icons.cache.BaseIconCache.cacheLocked(go/retraceme 7226a759aa2bb3787a79806f85d80eaad84f1f1e15acd6db988f2df789d1680d:99)
04-26 20:31:49.435  1219  1270 W LauncherActivityCachingLogic: 	at com.android.launcher3.icons.IconCache.getTitleAndIcon(go/retraceme 7226a759aa2bb3787a79806f85d80eaad84f1f1e15acd6db988f2df789d1680d:233)
04-26 20:31:49.435  1219  1270 W LauncherActivityCachingLogic: 	at com.android.launcher3.icons.IconCache.getTitleAndIcon(go/retraceme 7226a759aa2bb3787a79806f85d80eaad84f1f1e15acd6db988f2df789d1680d:230)
04-26 20:31:49.435  1219  1270 W LauncherActivityCachingLogic: 	at com.android.launcher3.model.tasks.PackageUpdatedTask.execute(go/retraceme 7226a759aa2bb3787a79806f85d80eaad84f1f1e15acd6db988f2df789d1680d:371)
04-26 20:31:49.435  1219  1270 W LauncherActivityCachingLogic: 	at com.android.launcher3.LauncherModel$enqueueModelUpdateTask$1.run(go/retraceme 7226a759aa2bb3787a79806f85d80eaad84f1f1e15acd6db988f2df789d1680d:27)
04-26 20:31:49.435  1219  1270 W LauncherActivityCachingLogic: 	at com.android.launcher3.util.LooperExecutor.execute(go/retraceme 7226a759aa2bb3787a79806f85d80eaad84f1f1e15acd6db988f2df789d1680d:16)
04-26 20:31:49.435  1219  1270 W LauncherActivityCachingLogic: 	at com.android.launcher3.LauncherModel.enqueueModelUpdateTask(go/retraceme 7226a759aa2bb3787a79806f85d80eaad84f1f1e15acd6db988f2df789d1680d:19)
04-26 20:31:49.435  1219  1270 W LauncherActivityCachingLogic: 	at com.android.launcher3.LauncherModel$newModelCallbacks$1.accept(go/retraceme 7226a759aa2bb3787a79806f85d80eaad84f1f1e15acd6db988f2df789d1680d:4)
04-26 20:31:49.435  1219  1270 W LauncherActivityCachingLogic: 	at com.android.launcher3.model.ModelLauncherCallbacks.onPackageChanged(go/retraceme 7226a759aa2bb3787a79806f85d80eaad84f1f1e15acd6db988f2df789d1680d:12)
04-26 20:31:49.435  1219  1270 W LauncherActivityCachingLogic: 	at android.content.pm.LauncherApps$CallbackMessageHandler.handleMessage(LauncherApps.java:2329)
04-26 20:31:49.435  1219  1270 W LauncherActivityCachingLogic: 	at android.os.Handler.dispatchMessageImpl(Handler.java:142)
04-26 20:31:49.435  1219  1270 W LauncherActivityCachingLogic: 	at android.os.Handler.dispatchMessage(Handler.java:125)
04-26 20:31:49.435  1219  1270 W LauncherActivityCachingLogic: 	at android.os.Looper.loopOnce(Looper.java:292)
04-26 20:31:49.435  1219  1270 W LauncherActivityCachingLogic: 	at android.os.Looper.loop(Looper.java:393)
04-26 20:31:49.435  1219  1270 W LauncherActivityCachingLogic: 	at android.os.HandlerThread.run(HandlerThread.java:139)
04-26 20:31:49.435   736  1410 W ApplicationInfo: Large ApplicationInfo parcel: size=17540 package=com.google.android.googlequicksearchbox sharedLibs=3 resDirs=2 overlayPaths=2
04-26 20:31:49.435  1219  1270 D AlphabeticIndexCompat: computeSectionName: cs: MU Online sectionName: M
04-26 20:31:49.437  1219  1219 V BaseDepthController: Applying blur: 0 to Surface(name=VRI-com.google.android.apps.nexuslauncher/com.google.android.apps.nexuslauncher.NexusLauncherActivity#1541)/@0xd45637f applyImmediately: false
04-26 20:31:49.437  1219  1219 D BaseDepthController: shouldBlurWorkspace: false targetState: Normal currentStableState: Normal mCurrentBlur: 0 mLauncher.getDepthBlurTargets(): [com.android.launcher3.Workspace{573bc60 V.ED..... ........ 0,0-1080,2400 #7f0a047d app:id/workspace}, com.android.launcher3.Hotseat{7eca519 V.ED..... ........ 0,1905-1080,2400 #7f0a01f1 app:id/hotseat}]
04-26 20:31:49.437  1203  1423 D ImsResolver: maybeAddedImsService, packageName: com.muonline.client
04-26 20:31:49.437  1203  1423 V ImsResolver: searchForImsServices: package=com.muonline.client, users=[UserHandle{0}]
04-26 20:31:49.439  1203  1423 V ImsResolver: searchForImsServices: package=com.muonline.client, users=[UserHandle{0}]
04-26 20:31:49.441  1219  1219 D AllAppsStore: setApps: apps.length=21
04-26 20:31:49.441  1219  1219 D AllAppsStore: notifyUpdate: notifying listeners
04-26 20:31:49.441  1219  1219 D ActivityAllAppsContainerView: onAppsUpdated; number of apps: 21
04-26 20:31:49.441  1219  1219 D ActivityAllAppsContainerView: rebindAdapters: force: false
04-26 20:31:49.441  1219  1219 D ActivityAllAppsContainerView: rebindAdapters: Not needed.
04-26 20:31:49.441  1219  1219 D StatsLog: LAUNCHER_ALLAPPS_COUNT
04-26 20:31:49.441  1219  1219 D AlphabeticalAppsList: Clearing FastScrollerSections.
04-26 20:31:49.441  1219  1219 D AlphabeticalAppsList: Adding apps with sections. HasPrivateApps: false
04-26 20:31:49.441  1219  1219 D AlphabeticalAppsList: addAppsWithSections: adding sectionName: C with appInfoTitle: Calendar
04-26 20:31:49.441  1219  1219 D AlphabeticalAppsList: addAppsWithSections: adding sectionName: D with appInfoTitle: Drive
04-26 20:31:49.441  1219  1219 D AlphabeticalAppsList: addAppsWithSections: adding sectionName: F with appInfoTitle: Files
04-26 20:31:49.441  1219  1219 D AlphabeticalAppsList: addAppsWithSections: adding sectionName: G with appInfoTitle: Glasses
04-26 20:31:49.441  1219  1219 D AlphabeticalAppsList: addAppsWithSections: adding sectionName: M with appInfoTitle: Maps
04-26 20:31:49.441  1219  1219 D AlphabeticalAppsList: addAppsWithSections: adding sectionName: P with appInfoTitle: Phone
04-26 20:31:49.441  1219  1219 D AlphabeticalAppsList: addAppsWithSections: adding sectionName: S with appInfoTitle: Safety
04-26 20:31:49.441  1219  1219 D AlphabeticalAppsList: addAppsWithSections: adding sectionName: T with appInfoTitle: TMoble
04-26 20:31:49.441  1219  1219 D AlphabeticalAppsList: addAppsWithSections: adding sectionName: Y with appInfoTitle: YouTube
04-26 20:31:49.441  1219  1219 D AlphabeticalAppsList: Adding FastScrollSection duplicate to scroll to the bottom.
04-26 20:31:49.441  1219  1219 D AlphabeticalAppsList: Clearing FastScrollerSections.
04-26 20:31:49.441  1219  1219 D AlphabeticalAppsList: Adding apps with sections. HasPrivateApps: false
04-26 20:31:49.441  1219  1219 D AlphabeticalAppsList: addAppsWithSections: adding sectionName: C with appInfoTitle: Calendar
04-26 20:31:49.441  1219  1219 D AlphabeticalAppsList: addAppsWithSections: adding sectionName: D with appInfoTitle: Drive
04-26 20:31:49.441  1219  1219 D AlphabeticalAppsList: addAppsWithSections: adding sectionName: F with appInfoTitle: Files
04-26 20:31:49.441  1219  1219 D AlphabeticalAppsList: addAppsWithSections: adding sectionName: G with appInfoTitle: Glasses
04-26 20:31:49.441  1219  1219 D AlphabeticalAppsList: addAppsWithSections: adding sectionName: M with appInfoTitle: Maps
04-26 20:31:49.442  1219  1219 D AlphabeticalAppsList: addAppsWithSections: adding sectionName: P with appInfoTitle: Phone
04-26 20:31:49.442  1219  1219 D AlphabeticalAppsList: addAppsWithSections: adding sectionName: S with appInfoTitle: Safety
04-26 20:31:49.442  1219  1219 D AlphabeticalAppsList: addAppsWithSections: adding sectionName: T with appInfoTitle: TMoble
04-26 20:31:49.442  1219  1219 D AlphabeticalAppsList: addAppsWithSections: adding sectionName: Y with appInfoTitle: YouTube
04-26 20:31:49.442  1219  1219 D AlphabeticalAppsList: Adding FastScrollSection duplicate to scroll to the bottom.
04-26 20:31:49.442  1219  1219 D AllAppsStore: setApps: apps.length=21
04-26 20:31:49.442  1219  1219 D AllAppsStore: notifyUpdate: notifying listeners
04-26 20:31:49.442  4164  4164 I Finsky  : [2] ajjp - Deduping intent android.intent.action.PACKAGE_ADDED
04-26 20:31:49.442  4164  4164 D ActivityThread: Package [com.muonline.client] reported as REPLACED, but missing application info. Assuming REMOVED.
04-26 20:31:49.442  1219  1219 D b/387844520: getOutlineOffsetX: measured width = 173, mNormalizedIconSize = 159, last updated width = 173
04-26 20:31:49.442   736  1640 W ApplicationInfo: Large ApplicationInfo parcel: size=17540 package=com.google.android.googlequicksearchbox sharedLibs=3 resDirs=2 overlayPaths=2
04-26 20:31:49.442  4164  4206 I Finsky  : [42] RECEIVER_PACKAGE_MONITOR#logWorkEndAndFinishGoAsync: SUCCESS
04-26 20:31:49.450  1036  1044 W System  : A resource failed to call release. 
04-26 20:31:49.450  1036  1044 W System  : A resource failed to call release. 
04-26 20:31:49.450  1036  1044 W System  : A resource failed to call release. 
04-26 20:31:49.450  1036  1044 W System  : A resource failed to call release. 
04-26 20:31:49.452  1219  1219 V BaseDepthController: Applying blur: 0 to Surface(name=VRI-com.google.android.apps.nexuslauncher/com.google.android.apps.nexuslauncher.NexusLauncherActivity#1541)/@0xd45637f applyImmediately: false
04-26 20:31:49.452  1219  1219 D BaseDepthController: shouldBlurWorkspace: false targetState: Normal currentStableState: Normal mCurrentBlur: 0 mLauncher.getDepthBlurTargets(): [com.android.launcher3.Workspace{573bc60 V.ED..... ......ID 0,0-1080,2400 #7f0a047d app:id/workspace}, com.android.launcher3.Hotseat{7eca519 V.ED..... .......D 0,1905-1080,2400 #7f0a01f1 app:id/hotseat}]
04-26 20:31:49.460  4276 19051 I Finsky:background: [218] Wrote row to frosting DB: 3223
04-26 20:31:49.471  1219  1219 V BaseDepthController: Applying blur: 0 to Surface(name=VRI-com.google.android.apps.nexuslauncher/com.google.android.apps.nexuslauncher.NexusLauncherActivity#1541)/@0xd45637f applyImmediately: false
04-26 20:31:49.471  1219  1219 D BaseDepthController: shouldBlurWorkspace: false targetState: Normal currentStableState: Normal mCurrentBlur: 0 mLauncher.getDepthBlurTargets(): [com.android.launcher3.Workspace{573bc60 V.ED..... ........ 0,0-1080,2400 #7f0a047d app:id/workspace}, com.android.launcher3.Hotseat{7eca519 V.ED..... ........ 0,1905-1080,2400 #7f0a01f1 app:id/hotseat}]
04-26 20:31:49.490  1219  1219 V BaseDepthController: Applying blur: 0 to Surface(name=VRI-com.google.android.apps.nexuslauncher/com.google.android.apps.nexuslauncher.NexusLauncherActivity#1541)/@0xd45637f applyImmediately: false
04-26 20:31:49.490  1219  1219 D BaseDepthController: shouldBlurWorkspace: false targetState: Normal currentStableState: Normal mCurrentBlur: 0 mLauncher.getDepthBlurTargets(): [com.android.launcher3.Workspace{573bc60 V.ED..... ........ 0,0-1080,2400 #7f0a047d app:id/workspace}, com.android.launcher3.Hotseat{7eca519 V.ED..... ........ 0,1905-1080,2400 #7f0a01f1 app:id/hotseat}]
04-26 20:31:49.493   566   616 W skia    : AGTM parsing failed flags.readFromStream(s) at 159
04-26 20:31:49.493   566   616 W skia    : AGTM parsing failed flags.readFromStream(s) at 159
04-26 20:31:49.502  1219  1219 V BaseDepthController: Applying blur: 0 to Surface(name=VRI-com.google.android.apps.nexuslauncher/com.google.android.apps.nexuslauncher.NexusLauncherActivity#1541)/@0xd45637f applyImmediately: false
04-26 20:31:49.503  1219  1219 D BaseDepthController: shouldBlurWorkspace: false targetState: Normal currentStableState: Normal mCurrentBlur: 0 mLauncher.getDepthBlurTargets(): [com.android.launcher3.Workspace{573bc60 V.ED..... ........ 0,0-1080,2400 #7f0a047d app:id/workspace}, com.android.launcher3.Hotseat{7eca519 V.ED..... ........ 0,1905-1080,2400 #7f0a01f1 app:id/hotseat}]
04-26 20:31:49.520  1219  1219 V BaseDepthController: Applying blur: 0 to Surface(name=VRI-com.google.android.apps.nexuslauncher/com.google.android.apps.nexuslauncher.NexusLauncherActivity#1541)/@0xd45637f applyImmediately: false
04-26 20:31:49.521  1219  1219 D BaseDepthController: shouldBlurWorkspace: false targetState: Normal currentStableState: Normal mCurrentBlur: 0 mLauncher.getDepthBlurTargets(): [com.android.launcher3.Workspace{573bc60 V.ED..... ........ 0,0-1080,2400 #7f0a047d app:id/workspace}, com.android.launcher3.Hotseat{7eca519 V.ED..... ........ 0,1905-1080,2400 #7f0a01f1 app:id/hotseat}]
04-26 20:31:49.525  1203  1203 W VvmPkgInstalledRcvr: carrierVvmPkgAdded: carrier vvm packages doesn't contain com.muonline.client
04-26 20:31:49.529  1366 19083 I ProximityAuth: [RecentAppsMediator] Package added: (user=UserHandle{0}) com.muonline.client
04-26 20:31:49.533   736   736 W Looper  : Slow dispatch took 294ms main app=system_server main=true group=FOREGROUND h=android.app.ActivityThread$H c=android.app.LoadedApk$ReceiverDispatcher$Args$$ExternalSyntheticLambda0@fce0656 m=0
04-26 20:31:49.534   736   736 D AppSearchAppsIndexerManagerS: userid in package receiver: 10230
04-26 20:31:49.537  1219  1219 V BaseDepthController: Applying blur: 0 to Surface(name=VRI-com.google.android.apps.nexuslauncher/com.google.android.apps.nexuslauncher.NexusLauncherActivity#1541)/@0xd45637f applyImmediately: false
04-26 20:31:49.537  1219  1219 D BaseDepthController: shouldBlurWorkspace: false targetState: Normal currentStableState: Normal mCurrentBlur: 0 mLauncher.getDepthBlurTargets(): [com.android.launcher3.Workspace{573bc60 V.ED..... ........ 0,0-1080,2400 #7f0a047d app:id/workspace}, com.android.launcher3.Hotseat{7eca519 V.ED..... ........ 0,1905-1080,2400 #7f0a01f1 app:id/hotseat}]
04-26 20:31:49.542  4276  4276 I Finsky:background: [2] Memory trim requested to level 40
04-26 20:31:49.548   736   886 V AccessibilityUserState: updateShortcutTargets: type:accessibility_shortcut_target_service, current:{}, new:{}
04-26 20:31:49.548   736   886 V AccessibilityUserState: updateShortcutTargets: type:accessibility_qs_targets, current:{}, new:{}
04-26 20:31:49.548   736   886 V AccessibilityUserState: updateShortcutTargets: type:accessibility_button_targets, current:{}, new:{}
04-26 20:31:49.548   736   886 V AccessibilityUserState: updateShortcutTargets: type:accessibility_gesture_targets, current:{}, new:{}
04-26 20:31:49.548   736   886 V AccessibilityUserState: updateShortcutTargets: type:accessibility_key_gesture_targets, current:{}, new:{}
04-26 20:31:49.549   736   886 V AccessibilityUserState: updateShortcutTargets: type:accessibility_top_row_key_targets, current:{}, new:{}
04-26 20:31:49.549   736   886 V AccessibilityUserState: updateShortcutTargets: type:accessibility_quick_access_targets, current:{}, new:{}
04-26 20:31:49.551   736  1827 W ActivityTaskManager: callingPackage for (uid=2000, pid=19080) has no WPC
04-26 20:31:49.554   736  1827 V GrammaticalInflectionUtils: AttributionSource: android.content.AttributionSource@d322a4fb does not have READ_SYSTEM_GRAMMATICAL_GENDER permission.
04-26 20:31:49.558   736   736 I BackupManagerService: No delayed restore requests for the given dependency: com.muonline.client
04-26 20:31:49.561  1203  1203 D SatelliteController: packageStateChanged: package:com.muonline.client defaultSmsPackageName: com.google.android.apps.messaging satelliteGatewayServicePackageName: 
04-26 20:31:49.563   736  1827 I ActivityTaskManager: Add Task{f85c000 #115 type=standard A=10230:com.muonline.client} to hidden list because adding Task{1a2548 #116 type=standard A=10230:com.muonline.client}
04-26 20:31:49.567   566   711 I libbinder.BpBinder: onLastStrongRef automatically unlinking death recipients for binder (0x7eaa36068700) with descriptor: '(not cached)'
04-26 20:31:49.569   736  1827 V ActivityTaskManager: TaskLaunchParamsModifier: phase=3 task=Task{1a2548 #116 type=standard A=10230:com.muonline.client} activity=ActivityRecord{134837227 u0 com.muonline.client/.PreloadActivity t-1} display-from-task=0 display-id=0 task-display-area-windowing-mode=1 suggested-display-area=DefaultTaskDisplayArea@125646128 inherit-from-task=fullscreen non-freeform-task-display-area display-area=DefaultTaskDisplayArea@125646128 skip-bounds-fullscreen
04-26 20:31:49.569  1203  1203 D ActivityThread: Package [com.muonline.client] reported as REPLACED, but missing application info. Assuming REMOVED.
04-26 20:31:49.569   736  1827 I ActivityTaskManager: START u0 {flg=0x10000000 xflg=0x5 cmp=com.muonline.client/.PreloadActivity} with LAUNCH_SINGLE_TASK from uid 2000 (com.android.shell) (BAL_ALLOW_PERMISSION) result code=0
04-26 20:31:49.571  1219  1219 V BaseDepthController: Applying blur: 0 to Surface(name=VRI-com.google.android.apps.nexuslauncher/com.google.android.apps.nexuslauncher.NexusLauncherActivity#1541)/@0xd45637f applyImmediately: false
04-26 20:31:49.571  1219  1219 D BaseDepthController: shouldBlurWorkspace: false targetState: Normal currentStableState: Normal mCurrentBlur: 0 mLauncher.getDepthBlurTargets(): [com.android.launcher3.Workspace{573bc60 V.ED..... ........ 0,0-1080,2400 #7f0a047d app:id/workspace}, com.android.launcher3.Hotseat{7eca519 V.ED..... ........ 0,1905-1080,2400 #7f0a01f1 app:id/hotseat}]
04-26 20:31:49.574  1219  1219 D BaseActivity: Launcher flags updated: [state_started|state_resumed|state_deferred_resumed|state_window_focused|state_user_active] -[]
04-26 20:31:49.575  1219  1219 D BaseActivity: Launcher flags updated: [state_started|state_resumed|state_deferred_resumed|state_window_focused] -[state_user_active]
04-26 20:31:49.576  1219  1219 D BaseActivity: Launcher flags updated: [state_started|state_window_focused] -[state_resumed|state_deferred_resumed]
04-26 20:31:49.577  1219  1219 W SplitSelectStateCtor: Missing session instanceIds
04-26 20:31:49.577  1219  1219 D StatsLog: LAUNCHER_SPLIT_SELECTION_EXIT_INTERRUPTED
04-26 20:31:49.581  1036  1091 V WindowManagerShell: Transition requested (#142): android.os.BinderProxy@c536c4b TransitionRequestInfo { type = OPEN, triggerTask = TaskInfo{userId=0 taskId=116 effectiveUid=10230 displayId=0 isRunning=true baseIntent=Intent { flg=0x10000000 cmp=com.muonline.client/.PreloadActivity } baseActivity=ComponentInfo{com.muonline.client/com.muonline.client.PreloadActivity} topActivity=ComponentInfo{com.muonline.client/com.muonline.client.PreloadActivity} origActivity=null realActivity=ComponentInfo{com.muonline.client/com.muonline.client.PreloadActivity} realActivityIsAppLockEnabled=false numActivities=1 lastActiveTime=18084160 supportsMultiWindow=true supportsMultiWindowWithoutConstraints=true resizeMode=1 isResizeable=true minWidth=-1 minHeight=-1 defaultMinSize=220 token=WCT{android.os.BinderProxy@7862628} topActivityType=1 pictureInPictureParams=null shouldDockBigOverlays=false launchIntoPipHostTaskId=-1 lastParentTaskIdBeforePip=-1 displayCutoutSafeInsets=Rect(132, 0 - 0, 0) topActivityInfo=ActivityInfo{eae9f41 com.muonline.client.PreloadActivity} launchCookies=[] positionInParent=Point(0, 0) parentTaskId=-1 isFocused=false isInteractive=false isVisible=false isVisibleRequested=false isTopActivityNoDisplay=false isSleeping=false locusId=null displayAreaFeatureId=1 isTopActivityTransparent=false isActivityStackTransparent=false lastNonFullscreenBounds=null leafTaskBoundsFromOptions= false capturedLink=null capturedLinkTimestamp=0 requestedVisibleTypes=503 topActivityRequestOpenInBrowserEducationTimestamp=0 appCompatTaskInfo=AppCompatTaskInfo { topActivityInSizeCompat=false isLeafTask= true eligibleForLetterboxEducation= false isLetterboxEducationEnabled= true isLetterboxDoubleTapEnabled= false eligibleForUserAspectRatioButton= false topActivityBoundsLetterboxed= false isFromLetterboxDoubleTap= false topActivityLetterboxVerticalPosition= -1 topActivityLetterboxHorizontalPosition= -1 topActivityLetterboxWidth=-1 topActivityLetterboxHeight=-1 topActivityAppBounds=Rect(132, 0 - 2400, 1017) isUserFullscreenOverrideEnabled=false isSystemFullscreenOverrideEnabled=false hasMinAspectRatioOverride=false topActivityLetterboxBounds=null topNonResizableActivityAspectRatio=-1.0} topActivityMainWindowFrame=null isAppBubble=false}, pipChange = null, remoteTransitionInfo = null, displayChange = null, requestedLocation = null, userChange = null, windowingLayerChange = null, fullscreenRequestChange = null, flags = 0, debugId = 142 }
04-26 20:31:49.581  1036  1091 W DisconnectHandler: No disconnect change found in the transition, not handling request.
04-26 20:31:49.583   736  5314 E RoleControllerServiceImpl: Default/fallback role holder package doesn't qualify for the role, package: com.google.android.gms, role: android.app.role.WALLET, user: 0
04-26 20:31:49.585   736  1410 W InputChannel-JNI: Channel already disposed.
04-26 20:31:49.594  1036  1132 D WindowOnBackDispatcher: setTopOnBackInvokedCallback (unwrapped): android.view.ViewRootImpl$$ExternalSyntheticLambda13@59370ed
04-26 20:31:49.597  1036  1091 V ShellDesktopMode: DesktopTasksController: skipping handleRequest reason=triggerTask's display doesn't support desktop mode
04-26 20:31:49.598  1203  1203 D CarrierSvcBindHelper: onHandleForceStop: [com.muonline.client]
04-26 20:31:49.598  1036  1091 D ShellSplitScreen: logExit: no-op, mLoggerSessionId is null
04-26 20:31:49.598   736  1145 V WindowManager: Defer transition id=142 for TaskFragmentTransaction=android.os.Binder@b23c6ea
04-26 20:31:49.601  1219  1219 V BaseDepthController: Applying blur: 0 to Surface(name=VRI-com.google.android.apps.nexuslauncher/com.google.android.apps.nexuslauncher.NexusLauncherActivity#1541)/@0xd45637f applyImmediately: false
04-26 20:31:49.601  1219  1219 D BaseDepthController: shouldBlurWorkspace: false targetState: Normal currentStableState: Normal mCurrentBlur: 0 mLauncher.getDepthBlurTargets(): [com.android.launcher3.Workspace{573bc60 V.ED..... ........ 0,0-1080,2400 #7f0a047d app:id/workspace}, com.android.launcher3.Hotseat{7eca519 V.ED..... ........ 0,1905-1080,2400 #7f0a01f1 app:id/hotseat}]
04-26 20:31:49.602   736  1827 D CoreBackPreview: Window{92dca19 u0 Splash Screen com.muonline.client}: Setting back callback OnBackInvokedCallbackInfo{mCallback=android.window.IOnBackInvokedCallback$Stub$Proxy@f457078, mPriority=0, mIsAnimationCallback=false, mOverrideBehavior=0}
04-26 20:31:49.605   736   736 D AS.AudioService: received android.intent.action.PACKAGE_REPLACED replacing: true archival: false for package com.muonline.client with uid 10230
04-26 20:31:49.607   736   736 D AppSearchAppsIndexerManagerS: userid in package receiver: 10230
04-26 20:31:49.609   736   753 D WindowManager: setClientSurface Surface(name=VRI-Splash Screen com.muonline.client#1553)/@0xda5a351 for 92dca19 Splash Screen com.muonline.client
04-26 20:31:49.612  1036  1091 D WindowManagerShell: setLauncherKeepClearAreaHeight: visible=false, height=495
04-26 20:31:49.612  1203  1203 D CarrierSvcBindHelper: No carrier app for: 0
04-26 20:31:49.616   736  1827 V WindowManager: Continue transition id=142 for TaskFragmentTransaction=android.os.Binder@b23c6ea
04-26 20:31:49.617   736   886 V AccessibilityManagerService: onUserStateChangedLocked for userId: 0, forceUpdate: false
04-26 20:31:49.617   736   886 V AccessibilityUserState: updateShortcutTargets: type:accessibility_shortcut_target_service, current:{}, new:{}
04-26 20:31:49.617   736   886 V AccessibilityUserState: updateShortcutTargets: type:accessibility_button_targets, current:{}, new:{}
04-26 20:31:49.618   736   886 V AccessibilityUserState: updateShortcutTargets: type:accessibility_gesture_targets, current:{}, new:{}
04-26 20:31:49.618   736   886 V AccessibilityUserState: updateShortcutTargets: type:accessibility_qs_targets, current:{}, new:{}
04-26 20:31:49.618   736   886 V AccessibilityUserState: updateShortcutTargets: type:accessibility_key_gesture_targets, current:{}, new:{}
04-26 20:31:49.618   736   886 V AccessibilityUserState: updateShortcutTargets: type:accessibility_top_row_key_targets, current:{}, new:{}
04-26 20:31:49.618   736   886 V AccessibilityUserState: updateShortcutTargets: type:accessibility_quick_access_targets, current:{}, new:{}
04-26 20:31:49.618   736   886 W MagnificationConnectionManager: requestConnection duplicated request: connect=false, mConnectionState=DISCONNECTED
04-26 20:31:49.618   736   886 V AccessibilityUserState: updateShortcutTargets: type:accessibility_button_targets, current:{}, new:{}
04-26 20:31:49.618   736   886 V AccessibilityUserState: updateShortcutTargets: type:accessibility_qs_targets, current:{}, new:{}
04-26 20:31:49.619  1036  1132 I Surface : Creating surface for consumer unnamed-1036-32 with slotExpansion=1 for 64 slots
04-26 20:31:49.620  1036  1132 I Surface : Creating surface for consumer VRI[client]#32(BLAST Consumer)32 with slotExpansion=1 for 64 slots
04-26 20:31:49.640  1219  1219 V BaseDepthController: Applying blur: 0 to Surface(name=VRI-com.google.android.apps.nexuslauncher/com.google.android.apps.nexuslauncher.NexusLauncherActivity#1541)/@0xd45637f applyImmediately: false
04-26 20:31:49.641  1219  1219 D BaseDepthController: shouldBlurWorkspace: false targetState: Normal currentStableState: Normal mCurrentBlur: 0 mLauncher.getDepthBlurTargets(): [com.android.launcher3.Workspace{573bc60 V.ED..... ........ 0,0-1080,2400 #7f0a047d app:id/workspace}, com.android.launcher3.Hotseat{7eca519 V.ED..... ........ 0,1905-1080,2400 #7f0a01f1 app:id/hotseat}]
04-26 20:31:49.641  1203  1331 D SatelliteController: isInCarrierRoamingNbIotNtn: satellite is disabled
04-26 20:31:49.641  1203  1331 D SatelliteController: getCarrierRoamingNtnConnectType: Checking connect type from PLMN config for subId: 1
04-26 20:31:49.647   736  5314 W SignedPackage: Cannot get ApplicationInfo for package: com.google.android.devicelockcontroller
04-26 20:31:49.651   736   762 V GrammaticalInflectionUtils: AttributionSource: android.content.AttributionSource@d322a4fb does not have READ_SYSTEM_GRAMMATICAL_GENDER permission.
04-26 20:31:49.664  1219  1219 D RecentsView: onTaskDisplayChanged: 116, new displayId = 0
04-26 20:31:49.665  1219  1219 D BaseActivity: Launcher flags updated: [state_started] -[state_window_focused]
04-26 20:31:49.667  1219  1219 V BaseDepthController: Applying blur: 0 to Surface(name=VRI-com.google.android.apps.nexuslauncher/com.google.android.apps.nexuslauncher.NexusLauncherActivity#1541)/@0xd45637f applyImmediately: false
04-26 20:31:49.667  1219  1219 D BaseDepthController: shouldBlurWorkspace: false targetState: Normal currentStableState: Normal mCurrentBlur: 0 mLauncher.getDepthBlurTargets(): [com.android.launcher3.Workspace{573bc60 V.ED..... ........ 0,0-1080,2400 #7f0a047d app:id/workspace}, com.android.launcher3.Hotseat{7eca519 V.ED..... .......D 0,1905-1080,2400 #7f0a01f1 app:id/hotseat}]
04-26 20:31:49.669 14925 14925 D BoundBrokerSvc: onUnbind: Intent { act=com.google.android.gms.common.BIND_SHARED_PREFS xflg=0x4 pkg=com.google.android.gms }
04-26 20:31:49.680  1203  1331 D SatelliteController: getSatellitePerPlmnConfiguration: invalid subId or not supported via carrier.
04-26 20:31:49.680  1203  1331 D SatelliteController: getCarrierRoamingNtnConnectType: config: null
04-26 20:31:49.680  1203  1331 D SatelliteController: getCarrierRoamingNtnConnectType: Falling back to global carrier config connect type: 0
04-26 20:31:49.681  1203  1331 D SatelliteController: updateLastNotifiedCarrierRoamingNtnSignalStrengthAndNotify(1)
04-26 20:31:49.681  1203  1331 D SatelliteController: updateLastNotifiedCarrierRoamingNtnSignalStrengthAndNotify(1) lastNotifiedSignalStrength level: 0
04-26 20:31:49.681  1203  1331 D SatelliteController: updateLastNotifiedCarrierRoamingNtnSignalStrengthAndNotify(1) currSignalStrength level: 0
04-26 20:31:49.681   499   499 D Zygote  : Forked child process 19096
04-26 20:31:49.681  1036  1091 V RecentTasksController: Notify recent tasks changed
04-26 20:31:49.683  1036  1091 D ShellDesktopMode: DesktopRepository(0): Removes freeform task: taskId=115
04-26 20:31:49.683  1036  1091 W ShellDesktopMode: DesktopRepository(0): No display id found for task: taskId=115
04-26 20:31:49.685  1036  8570 V WindowManagerShell: onTransitionReady(transaction=3161095944906)
04-26 20:31:49.686  1036  1091 V RecentTasksController: Notify recent tasks changed
04-26 20:31:49.686  1036  1091 V WindowManagerShell: onTransitionReady (#142) android.os.BinderProxy@c536c4b: {id=142 t=OPEN f=0x0 trk=0 r=[0@Point(0, 0)] c=[
04-26 20:31:49.686  1036  1091 V WindowManagerShell:         {m=OPEN f=MOVE_TO_TOP leash=Surface(name=Task=116#1550)/@0x5e74c7a sb=Rect(0, 0 - 2400, 1080) eb=Rect(0, 0 - 2400, 1080) epz=Point(2400, 1080) d=0 taskParent=-1 winMode=1 userId=0},
04-26 20:31:49.686  1036  1091 V WindowManagerShell:         {m=TO_BACK f=SHOW_WALLPAPER leash=Surface(name=Task=1#34)/@0xd24ec2b sb=Rect(0, 0 - 2400, 1080) eb=Rect(0, 0 - 2400, 1080) epz=Point(2400, 1080) d=0 taskParent=-1 winMode=1 userId=0},
04-26 20:31:49.686  1036  1091 V WindowManagerShell:         {m=TO_BACK f=IS_WALLPAPER leash=Surface(name=Surface(name=WallpaperWindowToken{3bea6dd}#54)/@0x4e520e1 - rotation-leash#1545)/@0xcefd888 sb=Rect(0, 0 - 1080, 2400) eb=Rect(0, 0 - 2400, 1080) epz=Point(2400, 1080) d=0 r=0->1:-1}
04-26 20:31:49.686  1036  1091 V WindowManagerShell:     ]}
04-26 20:31:49.688   736   759 V WindowManager: Sent Transition (#142) createdAt=04-26 20:31:49.555 via request=TransitionRequestInfo { type = OPEN, triggerTask = TaskInfo{userId=0 taskId=116 effectiveUid=10230 displayId=0 isRunning=true baseIntent=Intent { flg=0x10000000 cmp=com.muonline.client/.PreloadActivity } baseActivity=ComponentInfo{com.muonline.client/com.muonline.client.PreloadActivity} topActivity=ComponentInfo{com.muonline.client/com.muonline.client.PreloadActivity} origActivity=null realActivity=ComponentInfo{com.muonline.client/com.muonline.client.PreloadActivity} realActivityIsAppLockEnabled=false numActivities=1 lastActiveTime=18084160 supportsMultiWindow=true supportsMultiWindowWithoutConstraints=true resizeMode=1 isResizeable=true minWidth=-1 minHeight=-1 defaultMinSize=220 token=WCT{RemoteToken{4bb947c Task{1a2548 #116 type=standard A=10230:com.muonline.client}}} topActivityType=1 pictureInPictureParams=null shouldDockBigOverlays=false launchIntoPipHostTaskId=-1 lastParentTaskIdBeforePip=-1 displayCutoutSafeInsets=Rect(132, 0 - 0, 0) topActivityInfo=ActivityInfo{f043105 com.muonline.client.PreloadActivity} launchCookies=[] positionInParent=Point(0, 0) parentTaskId=-1 isFocused=false isInteractive=false isVisible=false isVisibleRequested=false isTopActivityNoDisplay=false isSleeping=false locusId=null displayAreaFeatureId=1 isTopActivityTransparent=false isActivityStackTransparent=false lastNonFullscreenBounds=null leafTaskBoundsFromOptions= false capturedLink=null capturedLinkTimestamp=0 requestedVisibleTypes=503 topActivityRequestOpenInBrowserEducationTimestamp=0 appCompatTaskInfo=AppCompatTaskInfo { topActivityInSizeCompat=false isLeafTask= true eligibleForLetterboxEducation= false isLetterboxEducationEnabled= true isLetterboxDoubleTapEnabled= false eligibleForUserAspectRatioButton= false topActivityBoundsLetterboxed= false isFromLetterboxDoubleTap= false topActivityLetterboxVerticalPosition= -1 topActivityLetterboxHorizontalPosition= -1 topActivityLetterboxWidth=-1 topActivityLetterboxHeight=-1 topActivityAppBounds=Rect(132, 0 - 2400, 1017) isUserFullscreenOverrideEnabled=false isSystemFullscreenOverrideEnabled=false hasMinAspectRatioOverride=false topActivityLetterboxBounds=null topNonResizableActivityAspectRatio=-1.0} topActivityMainWindowFrame=null isAppBubble=false}, pipChange = null, remoteTransitionInfo = null, displayChange = null, requestedLocation = null, userChange = null, windowingLayerChange = null, fullscreenRequestChange = null, flags = 0, debugId = 142 }
04-26 20:31:49.688   736   759 V WindowManager:     startWCT=WindowContainerTransaction { changes= {} hops= [] flags= 0 errorCallbackToken=null taskFragmentOrganizer=null }
04-26 20:31:49.689   736   759 V WindowManager:     info={id=142 t=OPEN f=0x0 trk=0 r=[0@Point(0, 0)] c=[
04-26 20:31:49.689   736   759 V WindowManager:         {WCT{RemoteToken{4bb947c Task{1a2548 #116 type=standard A=10230:com.muonline.client}}} m=OPEN f=MOVE_TO_TOP leash=Surface(name=Task=116#1550)/@0x7f94949 sb=Rect(0, 0 - 2400, 1080) eb=Rect(0, 0 - 2400, 1080) epz=Point(2400, 1080) d=0 taskParent=-1 winMode=1 userId=0},
04-26 20:31:49.689   736   759 V WindowManager:         {WCT{RemoteToken{4853fd5 Task{13e540b #1 type=home}}} m=TO_BACK f=SHOW_WALLPAPER leash=Surface(name=Task=1#34)/@0x499be06 sb=Rect(0, 0 - 2400, 1080) eb=Rect(0, 0 - 2400, 1080) epz=Point(2400, 1080) d=0 taskParent=-1 winMode=1 userId=0},
04-26 20:31:49.689   736   759 V WindowManager:         {m=TO_BACK f=IS_WALLPAPER leash=Surface(name=Surface(name=WallpaperWindowToken{3bea6dd}#54)/@0x4e520e1 - rotation-leash#1545)/@0x8ac38b8 sb=Rect(0, 0 - 1080, 2400) eb=Rect(0, 0 - 2400, 1080) epz=Point(2400, 1080) d=0 r=0->1:-1}
04-26 20:31:49.689   736   759 V WindowManager:     ]}
04-26 20:31:49.698   736   736 W AlarmManager: Package com.muonline.client, uid 10230 lost permission to set exact alarms!
04-26 20:31:49.699   736  1076 D IntervalStats: Unable to parse usage stats packages: [266, 267, 268, 269, 270, 271, 272, 273]
04-26 20:31:49.700   736  1076 D IntervalStats: Unable to parse usage stats packages: [273]
04-26 20:31:49.703   736  1827 W InputChannel-JNI: Channel already disposed.
04-26 20:31:49.703   736  1076 D IntervalStats: Unable to parse usage stats packages: [273]
04-26 20:31:49.704  1036  1091 V WindowManagerShell: Transition (#142) android.os.BinderProxy@c536c4b@0 ready while (#141) android.os.BinderProxy@5561386@0 is still animating. Notify the animating transition in case they can be merged
04-26 20:31:49.704  1036  1091 V WindowManagerShell:    Requesting merge (#142) into remote: RemoteTransition { remoteTransition = android.window.IRemoteTransition$Stub$Proxy@fea59eb, appThread = android.app.IApplicationThread$Stub$Proxy@4f01348, debugName = QuickstepLaunchHome, filter = {types=[] flags=0x0 notFlags=0x100 checks=[{atype=home independent=true modes=[OPEN,TO_FRONT] flags=NONE mustBeTask=false order=ANY topActivity=ComponentInfo{com.google.android.apps.nexuslauncher/com.google.android.apps.nexuslauncher.NexusLauncherActivity} launchCookie=null windowingMode=undefined isCrossDisplayMove=false},{atype=standard independent=true modes=[CLOSE,TO_BACK] flags=NONE mustBeTask=false order=ANY topActivity=null launchCookie=null windowingMode=undefined isCrossDisplayMove=false},{NOT atype=undefined independent=true modes=[] flags=NONE mustBeTask=true order=ANY topActivity=null launchCookie=null customAnim=true windowingMode=undefined isCrossDisplayMove=false}]} }
04-26 20:31:49.705  1036  1091 V ShellTaskOrganizer: Task appeared taskId=116 listener=FullscreenTaskListener
04-26 20:31:49.705  1036  1091 V ShellTaskOrganizer: Fullscreen Task Appeared: #116
04-26 20:31:49.705  1036  1091 V RecentTasksController: Notify recent tasks changed
04-26 20:31:49.705   736  1076 D IntervalStats: Unable to parse usage stats packages: [273]
04-26 20:31:49.706   736  1076 D IntervalStats: Unable to parse usage stats packages: [273, 276, 277, 278]
04-26 20:31:49.708  1036  1047 V WindowManagerShell: Received remote transition finished callback for (#141)
04-26 20:31:49.708  1036  1091 V WindowManagerShell: Transition animation finished (aborted=false), notifying core (#141) android.os.BinderProxy@5561386@0
04-26 20:31:49.709   736  1076 D IntervalStats: Unable to parse usage stats packages: [278, 280, 281, 282, 283]
04-26 20:31:49.710   736  1076 D IntervalStats: Unable to parse usage stats packages: [283]
04-26 20:31:49.712   736   759 V WindowManager: Finish Transition (#141): created at 04-26 20:31:48.673 collect-started=0.067ms request-sent=0.198ms started=16.108ms ready=178.454ms sent=189.038ms commit=75.49ms finished=1037.676ms
04-26 20:31:49.712   736  1076 D IntervalStats: Unable to parse usage stats packages: [283]
04-26 20:31:49.714 19096 19096 I Zygote  : Process 19096 created for com.muonline.client
04-26 20:31:49.714   736  1848 E libbinder.IPCThreadState: Binder transaction failure. id: 3647220, cmd: BR_DEAD_REPLY (29189), error: -22 (Invalid argument)
04-26 20:31:49.714   736  1848 W ActivityManager: pid 736 system sent binder code 7 with flags 1 and got error -32
04-26 20:31:49.714 19096 19096 I muonline.client: Using generational CollectorTypeCMC GC.
04-26 20:31:49.714   736  1076 D IntervalStats: Unable to parse usage stats packages: [283, 284]
04-26 20:31:49.715   736   769 W ActivityManager: Slow operation: 63ms so far, now at startProcess: done updating battery stats
04-26 20:31:49.715   736   769 W ActivityManager: Slow operation: 63ms so far, now at startProcess: building log message
04-26 20:31:49.715   736   769 I ActivityManager: Start proc 19096:com.muonline.client/u0a230 for next-top-activity {com.muonline.client/com.muonline.client.PreloadActivity}
04-26 20:31:49.715   736   769 W ActivityManager: Slow operation: 64ms so far, now at startProcess: starting to update pids map
04-26 20:31:49.716   736  1848 W WindowManager: Exception thrown during dispatchAppVisibility Window{4a21bcd u0 com.muonline.client/com.muonline.client.MuMainActivity EXITING}
04-26 20:31:49.716   736  1848 W WindowManager: android.os.DeadObjectException
04-26 20:31:49.716   736  1848 W WindowManager: 	at android.os.BinderProxy.transactNative(Native Method)
04-26 20:31:49.716   736  1848 W WindowManager: 	at android.os.BinderProxy.transact(BinderProxy.java:617)
04-26 20:31:49.716   736  1848 W WindowManager: 	at android.view.IWindow$Stub$Proxy.dispatchAppVisibility(IWindow.java:596)
04-26 20:31:49.716   736  1848 W WindowManager: 	at com.android.server.wm.WindowState.sendAppVisibilityToClients(WindowState.java:3335)
04-26 20:31:49.716   736  1848 W WindowManager: 	at com.android.server.wm.WindowContainer.sendAppVisibilityToClients(WindowContainer.java:1245)
04-26 20:31:49.716   736  1848 W WindowManager: 	at com.android.server.wm.WindowToken.setClientVisible(WindowToken.java:392)
04-26 20:31:49.716   736  1848 W WindowManager: 	at com.android.server.wm.ActivityRecord.commitVisibility(ActivityRecord.java:5599)
04-26 20:31:49.716   736  1848 W WindowManager: 	at com.android.server.wm.Transition.finishTransition(Transition.java:1570)
04-26 20:31:49.716   736  1848 W WindowManager: 	at com.android.server.wm.TransitionController.finishTransition(TransitionController.java:1205)
04-26 20:31:49.716   736  1848 W WindowManager: 	at com.android.server.wm.WindowOrganizerController.finishTransition(WindowOrganizerController.java:533)
04-26 20:31:49.716   736  1848 W WindowManager: 	at android.window.IWindowOrganizerController$Stub.onTransact(IWindowOrganizerController.java:265)
04-26 20:31:49.716   736  1848 W WindowManager: 	at com.android.server.wm.WindowOrganizerController.onTransact(WindowOrganizerController.java:239)
04-26 20:31:49.716   736  1848 W WindowManager: 	at android.os.Binder.execTransactInternal(Binder.java:1466)
04-26 20:31:49.716   736  1848 W WindowManager: 	at android.os.Binder.execTransact(Binder.java:1411)
04-26 20:31:49.716 19096 19096 W muonline.client: Unexpected CPU variant for x86: x86_64.
04-26 20:31:49.716 19096 19096 W muonline.client: Known variants: atom, sandybridge, silvermont, goldmont, goldmont-plus, goldmont-without-sha-xsaves, tremont, kabylake, alderlake, lunarlake, default
04-26 20:31:49.716   736  1848 W Process : Unable to open /proc/18895/status
04-26 20:31:49.716   736  1959 V SafetySourceDataValidat: Package: com.android.vending has expected signature
04-26 20:31:49.723  1219  1219 D RecentTasksList: invalidateLoadedTasks - previous requestLoadId: -1
04-26 20:31:49.725  1036  1091 V WindowManagerShell: Playing animation for (#142) android.os.BinderProxy@c536c4b@0
04-26 20:31:49.725  1036  1091 D ShellSplitScreen: startAnimation: transition=142 isSplitActive=false
04-26 20:31:49.725  1036  1091 V ShellRecents: RecentsTransitionHandler.startAnimation: no controller found
04-26 20:31:49.725  1036  1091 V ShellDesktopMode: DesktopMixedTransitionHandler: No pending desktop transition
04-26 20:31:49.726  1036  1091 V WindowManagerShell: Transition doesn't have explicit remote, search filters for match for {id=142 t=OPEN f=0x0 trk=0 r=[0@Point(0, 0)] c=[{m=OPEN f=MOVE_TO_TOP leash=Surface(name=Task=116#1550)/@0x5e74c7a sb=Rect(0, 0 - 2400, 1080) eb=Rect(0, 0 - 2400, 1080) epz=Point(2400, 1080) d=0 taskParent=-1 winMode=1 userId=0},{m=TO_BACK f=SHOW_WALLPAPER leash=Surface(name=Task=1#34)/@0xd24ec2b sb=Rect(0, 0 - 2400, 1080) eb=Rect(0, 0 - 2400, 1080) epz=Point(2400, 1080) d=0 taskParent=-1 winMode=1 userId=0},{m=TO_BACK f=IS_WALLPAPER leash=Surface(name=Surface(name=WallpaperWindowToken{3bea6dd}#54)/@0x4e520e1 - rotation-leash#1545)/@0xcefd888 sb=Rect(0, 0 - 1080, 2400) eb=Rect(0, 0 - 2400, 1080) epz=Point(2400, 1080) d=0 r=0->1:-1}]}
04-26 20:31:49.726  1036  1091 V WindowManagerShell:  Checking filter Pair{{types=[] flags=0x0 notFlags=0x0 checks=[{atype=undefined independent=true modes=[CLOSE,TO_BACK] flags=IN_TASK_WITH_EMBEDDED_ACTIVITY mustBeTask=false order=ANY topActivity=null launchCookie=null taskFragmentToken=android.os.BinderProxy@e90ae30 windowingMode=undefined isCrossDisplayMove=false}]} RemoteTransition { remoteTransition = android.window.IRemoteTransition$Stub$Proxy@1ccfaa9, appThread = android.app.IApplicationThread$Stub$Proxy@5c682e, debugName = overlayBackTransition, filter = {types=[] flags=0x0 notFlags=0x0 checks=[{atype=undefined independent=true modes=[CLOSE,TO_BACK] flags=IN_TASK_WITH_EMBEDDED_ACTIVITY mustBeTask=false order=ANY topActivity=null launchCookie=null taskFragmentToken=android.os.BinderProxy@e90ae30 windowingMode=undefined isCrossDisplayMove=false}]} }}
04-26 20:31:49.726  1036  1091 V WindowManagerShell:  Checking filter Pair{{types=[] flags=0x0 notFlags=0x0 checks=[{atype=dream independent=true modes=[OPEN,TO_FRONT] flags=NONE mustBeTask=false order=ANY topActivity=null launchCookie=null windowingMode=undefined isCrossDisplayMove=false},{atype=home independent=true modes=[CLOSE,TO_BACK] flags=NONE mustBeTask=false order=ANY topActivity=null launchCookie=null windowingMode=undefined isCrossDisplayMove=false}]} RemoteTransition { remoteTransition = android.window.IRemoteTransition$Stub$Proxy@aa8fcf, appThread = android.app.IApplicationThread$Stub$Proxy@98a7d5c, debugName = LauncherToDream, filter = {types=[] flags=0x0 notFlags=0x0 checks=[{atype=dream independent=true modes=[OPEN,TO_FRONT] flags=NONE mustBeTask=false order=ANY topActivity=null launchCookie=null windowingMode=undefined isCrossDisplayMove=false},{atype=home independent=true modes=[CLOSE,TO_BACK] flags=NONE mustBeTask=false order=ANY topActivity=null launchCookie=null windowingMode=undefined isCrossDisplayMove=false}]} }}
04-26 20:31:49.726  1036  1091 V WindowManagerShell:  Checking filter Pair{{types=[] flags=0x0 notFlags=0x0 checks=[{atype=standard independent=false modes=[CHANGE] flags=NONE mustBeTask=true order=ANY topActivity=null launchCookie=null windowingMode=undefined isCrossDisplayMove=true}]} RemoteTransition { remoteTransition = android.window.IRemoteTransition$Stub$Proxy@3519865, appThread = android.app.IApplicationThread$Stub$Proxy@94ad93a, debugName = QuickstepDisplayMove, filter = {types=[] flags=0x0 notFlags=0x0 checks=[{atype=standard independent=false modes=[CHANGE] flags=NONE mustBeTask=true order=ANY topActivity=null launchCookie=null windowingMode=undefined isCrossDisplayMove=true}]} }}
