--------- beginning of main
04-26 19:26:36.330  1203  1203 D SatelliteController: packageStateChanged: package:com.muonline.client defaultSmsPackageName: com.google.android.apps.messaging satelliteGatewayServicePackageName: 
04-26 19:26:36.336  1203  1203 D CarrierSvcBindHelper: onHandleForceStop: [com.muonline.client]
04-26 19:26:36.337  1203  1203 D CarrierSvcBindHelper: No carrier app for: 0
04-26 19:26:36.338  4164  4164 I Finsky  : [2] ajjp - Received: android.intent.action.PACKAGE_ADDED, [n076RJLEETmEZ61FBJHrGFwh-0szukPG_iaeB-mhrwQ]
04-26 19:26:36.341  4164 15687 I Finsky  : [317] SCH: Received scheduling request: Id: 12-1, Constraints: [{ L: 15000, D: 86400000, C: CHARGING_NONE, I: IDLE_NONE, N: NET_ANY, B: BATTERY_ANY }]
--------- beginning of system
04-26 19:26:36.342   736   886 W MagnificationConnectionManager: requestConnection duplicated request: connect=false, mConnectionState=DISCONNECTED
04-26 19:26:36.342   736   886 V AccessibilityUserState: updateShortcutTargets: type:accessibility_button_targets, current:{}, new:{}
04-26 19:26:36.342   736   886 V AccessibilityUserState: updateShortcutTargets: type:accessibility_qs_targets, current:{}, new:{}
04-26 19:26:36.342   736   736 V AccessibilityManagerService: onUserStateChangedLocked for userId: 0, forceUpdate: false
04-26 19:26:36.345   736  1076 D IntervalStats: Unable to parse usage stats packages: [273, 276, 277, 278]
04-26 19:26:36.345  4276  4276 I Finsky:background: [2] ajje - Received: android.intent.action.PACKAGE_ADDED, [n076RJLEETmEZ61FBJHrGFwh-0szukPG_iaeB-mhrwQ]
04-26 19:26:36.345   736   736 V AccessibilityUserState: updateShortcutTargets: type:accessibility_shortcut_target_service, current:{}, new:{}
04-26 19:26:36.346   736   736 V AccessibilityUserState: updateShortcutTargets: type:accessibility_button_targets, current:{}, new:{}
04-26 19:26:36.346   736   736 V AccessibilityUserState: updateShortcutTargets: type:accessibility_gesture_targets, current:{}, new:{}
04-26 19:26:36.346   736   736 V AccessibilityUserState: updateShortcutTargets: type:accessibility_qs_targets, current:{}, new:{}
04-26 19:26:36.346   736   736 V AccessibilityUserState: updateShortcutTargets: type:accessibility_key_gesture_targets, current:{}, new:{}
04-26 19:26:36.346   736   736 V AccessibilityUserState: updateShortcutTargets: type:accessibility_top_row_key_targets, current:{}, new:{}
04-26 19:26:36.346   736   736 V AccessibilityUserState: updateShortcutTargets: type:accessibility_quick_access_targets, current:{}, new:{}
04-26 19:26:36.347   736   736 W MagnificationConnectionManager: requestConnection duplicated request: connect=false, mConnectionState=DISCONNECTED
04-26 19:26:36.349  4276  4311 I Finsky:background: [52] IQ:PSL: skipping onPackageRemoved(replacing=true) for untracked package=com.muonline.client
04-26 19:26:36.351  4276 15679 I Finsky:background: [174] Wrote row to frosting DB: 3164
04-26 19:26:36.355   736   736 W libbinder.IPCThreadState: Sending oneway calls to frozen process.
04-26 19:26:36.356   736   736 W libbinder.IPCThreadState: Sending oneway calls to frozen process.
04-26 19:26:36.356   736   736 W libbinder.IPCThreadState: Sending oneway calls to frozen process.
04-26 19:26:36.357   736   736 W libbinder.IPCThreadState: Sending oneway calls to frozen process.
04-26 19:26:36.361   736   736 W libbinder.IPCThreadState: Sending oneway calls to frozen process.
04-26 19:26:36.361   736  1076 D IntervalStats: Unable to parse usage stats packages: [278, 280, 281, 282, 283]
04-26 19:26:36.362   736  1076 D IntervalStats: Unable to parse usage stats packages: [283]
04-26 19:26:36.365   736   736 W libbinder.IPCThreadState: Sending oneway calls to frozen process.
04-26 19:26:36.365   736   736 W libbinder.IPCThreadState: Sending oneway calls to frozen process.
04-26 19:26:36.365   736   736 W libbinder.IPCThreadState: Sending oneway calls to frozen process.
04-26 19:26:36.366  4276  4276 I Finsky:background: [2] ajje - Deduping intent android.intent.action.PACKAGE_ADDED
04-26 19:26:36.367   736  1076 D IntervalStats: Unable to parse usage stats packages: [283]
04-26 19:26:36.370  4276 15679 I Finsky:background: [174] Wrote row to frosting DB: 3165
04-26 19:26:36.374   736  1076 D IntervalStats: Unable to parse usage stats packages: [283, 284]
04-26 19:26:36.376  4276  4276 I Finsky:background: [2] ajje - Received: android.intent.action.PACKAGE_ADDED, [n076RJLEETmEZ61FBJHrGFwh-0szukPG_iaeB-mhrwQ]
04-26 19:26:36.382   736   886 V AccessibilityUserState: updateShortcutTargets: type:accessibility_shortcut_target_service, current:{}, new:{}
04-26 19:26:36.382   736   886 V AccessibilityUserState: updateShortcutTargets: type:accessibility_qs_targets, current:{}, new:{}
04-26 19:26:36.382   736   886 V AccessibilityUserState: updateShortcutTargets: type:accessibility_button_targets, current:{}, new:{}
04-26 19:26:36.384   736   886 V AccessibilityUserState: updateShortcutTargets: type:accessibility_gesture_targets, current:{}, new:{}
04-26 19:26:36.384   736   886 V AccessibilityUserState: updateShortcutTargets: type:accessibility_key_gesture_targets, current:{}, new:{}
04-26 19:26:36.384   736   886 V AccessibilityUserState: updateShortcutTargets: type:accessibility_top_row_key_targets, current:{}, new:{}
04-26 19:26:36.384   736   886 V AccessibilityUserState: updateShortcutTargets: type:accessibility_quick_access_targets, current:{}, new:{}
04-26 19:26:36.386  4164  4164 I Finsky  : [2] DTU: Received onPackageAdded, replacing: true
04-26 19:26:36.389   736   886 V AccessibilityManagerService: onUserStateChangedLocked for userId: 0, forceUpdate: false
04-26 19:26:36.390  4164 15687 I Finsky  : [317] SCH: Received scheduling request: Id: 12-1, Constraints: [{ L: 15000, D: 86400000, C: CHARGING_NONE, I: IDLE_NONE, N: NET_ANY, B: BATTERY_ANY }]
04-26 19:26:36.393   566   616 W skia    : AGTM parsing failed flags.readFromStream(s) at 159
04-26 19:26:36.393   566   616 W skia    : AGTM parsing failed flags.readFromStream(s) at 159
04-26 19:26:36.393  4276  4276 I Finsky:background: [2] ajje - Deduping intent android.intent.action.PACKAGE_ADDED
04-26 19:26:36.398   736   886 V AccessibilityUserState: updateShortcutTargets: type:accessibility_shortcut_target_service, current:{}, new:{}
04-26 19:26:36.398   736   886 V AccessibilityUserState: updateShortcutTargets: type:accessibility_button_targets, current:{}, new:{}
04-26 19:26:36.398   736   886 V AccessibilityUserState: updateShortcutTargets: type:accessibility_gesture_targets, current:{}, new:{}
04-26 19:26:36.398   736   886 V AccessibilityUserState: updateShortcutTargets: type:accessibility_qs_targets, current:{}, new:{}
04-26 19:26:36.398   736   886 V AccessibilityUserState: updateShortcutTargets: type:accessibility_key_gesture_targets, current:{}, new:{}
04-26 19:26:36.399   736   886 V AccessibilityUserState: updateShortcutTargets: type:accessibility_top_row_key_targets, current:{}, new:{}
04-26 19:26:36.399   736   886 V AccessibilityUserState: updateShortcutTargets: type:accessibility_quick_access_targets, current:{}, new:{}
04-26 19:26:36.400  4276 15679 I Finsky:background: [174] Wrote row to frosting DB: 3166
04-26 19:26:36.401  4276  4325 I Finsky:background: [64] RECEIVER_PACKAGE_MONITOR_BACKGROUND#logWorkEndAndFinishGoAsync: SUCCESS
04-26 19:26:36.428  4276 15679 I Finsky:background: [174] Wrote row to frosting DB: 3167
04-26 19:26:36.449  4276 15679 I Finsky:background: [174] Wrote row to frosting DB: 3168
04-26 19:26:36.458   736   886 W MagnificationConnectionManager: requestConnection duplicated request: connect=false, mConnectionState=DISCONNECTED
04-26 19:26:36.464   736   736 V AccessibilityManagerService: onUserStateChangedLocked for userId: 0, forceUpdate: false
04-26 19:26:36.465   736   736 V AccessibilityUserState: updateShortcutTargets: type:accessibility_shortcut_target_service, current:{}, new:{}
04-26 19:26:36.465   736   736 V AccessibilityUserState: updateShortcutTargets: type:accessibility_button_targets, current:{}, new:{}
04-26 19:26:36.465   736   736 V AccessibilityUserState: updateShortcutTargets: type:accessibility_gesture_targets, current:{}, new:{}
04-26 19:26:36.465   736   736 V AccessibilityUserState: updateShortcutTargets: type:accessibility_qs_targets, current:{}, new:{}
04-26 19:26:36.465   736   736 V AccessibilityUserState: updateShortcutTargets: type:accessibility_key_gesture_targets, current:{}, new:{}
04-26 19:26:36.465   736   736 V AccessibilityUserState: updateShortcutTargets: type:accessibility_top_row_key_targets, current:{}, new:{}
04-26 19:26:36.465   736   736 V AccessibilityUserState: updateShortcutTargets: type:accessibility_quick_access_targets, current:{}, new:{}
04-26 19:26:36.465   736   736 W MagnificationConnectionManager: requestConnection duplicated request: connect=false, mConnectionState=DISCONNECTED
04-26 19:26:36.469   736   736 W libbinder.IPCThreadState: Sending oneway calls to frozen process.
04-26 19:26:36.470   736   736 W libbinder.IPCThreadState: Sending oneway calls to frozen process.
04-26 19:26:36.470   736   736 W libbinder.IPCThreadState: Sending oneway calls to frozen process.
04-26 19:26:36.470   736   736 W libbinder.IPCThreadState: Sending oneway calls to frozen process.
04-26 19:26:36.470   736   736 W libbinder.IPCThreadState: Sending oneway calls to frozen process.
04-26 19:26:36.471   736   736 W libbinder.IPCThreadState: Sending oneway calls to frozen process.
04-26 19:26:36.471   736   736 W libbinder.IPCThreadState: Sending oneway calls to frozen process.
04-26 19:26:36.473  4164  4164 I Finsky  : [2] ajjp - Received: android.intent.action.PACKAGE_ADDED, [n076RJLEETmEZ61FBJHrGFwh-0szukPG_iaeB-mhrwQ]
04-26 19:26:36.474   736   736 W libbinder.IPCThreadState: Sending oneway calls to frozen process.
04-26 19:26:36.475   736   748 I system_server: Background young concurrent mark compact GC freed 19MB AllocSpace bytes, 13(544KB) LOS objects, 25% free, 44MB/59MB, paused 4.892ms,55.034ms total 216.594ms
04-26 19:26:36.477  4164  4164 I Finsky  : [2] ajjp - Deduping intent android.intent.action.PACKAGE_ADDED
04-26 19:26:36.488  1619  1619 I MediaProvider: Invalidating LocalCallingIdentity cache for package com.muonline.client. Reason: package android.intent.action.PACKAGE_REMOVED
04-26 19:26:36.488  1619  1619 W MediaProvider: WorkProfileOwnerApps cache is empty
04-26 19:26:36.488  1619  1619 D PickerSyncLockManager: Trying to acquire lock com.android.providers.media.photopicker.sync.CloseableReentrantLock@13ff476[Unlocked]. Lock Name = CLOUD_PROVIDER_LOCK. Threads that may be waiting to acquire this lock = []
04-26 19:26:36.488  1619  1619 D CloseableReentrantLock: Successfully acquired lock com.android.providers.media.photopicker.sync.CloseableReentrantLock@13ff476[Locked by thread main]. Lock Name = CLOUD_PROVIDER_LOCK. Threads that may be waiting to acquire this lock = []
04-26 19:26:36.488  1619  1619 D CloseableReentrantLock: Successfully released lock com.android.providers.media.photopicker.sync.CloseableReentrantLock@13ff476[Unlocked]. Lock Name = CLOUD_PROVIDER_LOCK. Threads that may be waiting to acquire this lock = []
04-26 19:26:36.489   736  1938 W ActivityTaskManager: callingPackage for (uid=2000, pid=15699) has no WPC
04-26 19:26:36.493  4276 15679 I Finsky:background: [174] Wrote row to frosting DB: 3169
04-26 19:26:36.494   736  1938 V GrammaticalInflectionUtils: AttributionSource: android.content.AttributionSource@d322a4fb does not have READ_SYSTEM_GRAMMATICAL_GENDER permission.
04-26 19:26:36.494   736  5314 E RoleControllerServiceImpl: Default/fallback role holder package doesn't qualify for the role, package: com.google.android.gms, role: android.app.role.WALLET, user: 0
04-26 19:26:36.498  4164  4164 I Finsky  : [2] ajjp - Received: android.intent.action.PACKAGE_ADDED, [n076RJLEETmEZ61FBJHrGFwh-0szukPG_iaeB-mhrwQ]
04-26 19:26:36.500  4276  4284 W ding:background: Reducing the number of considered missed Gc histogram windows from 110 to 100
04-26 19:26:36.513   566   711 I libbinder.BpBinder: onLastStrongRef automatically unlinking death recipients for binder (0x7eaa3606da30) with descriptor: '(not cached)'
04-26 19:26:36.515  4276  4276 I Finsky:background: [2] Memory trim requested to level 40
04-26 19:26:36.531  4164  4164 I Finsky  : [2] ajjp - Deduping intent android.intent.action.PACKAGE_ADDED
04-26 19:26:36.533  1219  1219 D RecentsView: onTaskDisplayChanged: 107, new displayId = 0
04-26 19:26:36.538   736  1938 V ActivityTaskManager: TaskLaunchParamsModifier: phase=3 task=Task{3a057a7 #107 type=standard A=10230:com.muonline.client} activity=ActivityRecord{175621264 u0 com.muonline.client/.PreloadActivity t-1} display-from-task=0 display-id=0 task-display-area-windowing-mode=1 suggested-display-area=DefaultTaskDisplayArea@125646128 inherit-from-task=fullscreen non-freeform-task-display-area display-area=DefaultTaskDisplayArea@125646128 skip-bounds-fullscreen
04-26 19:26:36.538   736  1938 I ActivityTaskManager: START u0 {flg=0x10000000 xflg=0x5 cmp=com.muonline.client/.PreloadActivity} with LAUNCH_SINGLE_TASK from uid 2000 (com.android.shell) (BAL_ALLOW_PERMISSION) result code=0
04-26 19:26:36.539  1219  1219 D BaseActivity: Launcher flags updated: [state_started|state_resumed|state_deferred_resumed|state_window_focused|state_user_active] -[]
04-26 19:26:36.544  4164  4208 I Finsky  : [44] RECEIVER_PACKAGE_MONITOR#logWorkEndAndFinishGoAsync: SUCCESS
04-26 19:26:36.546   736   762 V GrammaticalInflectionUtils: AttributionSource: android.content.AttributionSource@d322a4fb does not have READ_SYSTEM_GRAMMATICAL_GENDER permission.
04-26 19:26:36.549  1219  1219 D BaseActivity: Launcher flags updated: [state_started|state_resumed|state_deferred_resumed|state_window_focused] -[state_user_active]
04-26 19:26:36.550  1036  1091 V WindowManagerShell: Transition requested (#112): android.os.BinderProxy@51eb1f0 TransitionRequestInfo { type = OPEN, triggerTask = TaskInfo{userId=0 taskId=107 effectiveUid=10230 displayId=0 isRunning=true baseIntent=Intent { flg=0x10000000 cmp=com.muonline.client/.PreloadActivity } baseActivity=ComponentInfo{com.muonline.client/com.muonline.client.PreloadActivity} topActivity=ComponentInfo{com.muonline.client/com.muonline.client.PreloadActivity} origActivity=null realActivity=ComponentInfo{com.muonline.client/com.muonline.client.PreloadActivity} realActivityIsAppLockEnabled=false numActivities=1 lastActiveTime=14171123 supportsMultiWindow=true supportsMultiWindowWithoutConstraints=true resizeMode=1 isResizeable=true minWidth=-1 minHeight=-1 defaultMinSize=220 token=WCT{android.os.BinderProxy@7e91369} topActivityType=1 pictureInPictureParams=null shouldDockBigOverlays=false launchIntoPipHostTaskId=-1 lastParentTaskIdBeforePip=-1 displayCutoutSafeInsets=Rect(0, 132 - 0, 0) topActivityInfo=ActivityInfo{e5d71ee com.muonline.client.PreloadActivity} launchCookies=[] positionInParent=Point(0, 0) parentTaskId=-1 isFocused=false isInteractive=false isVisible=false isVisibleRequested=false isTopActivityNoDisplay=false isSleeping=false locusId=null displayAreaFeatureId=1 isTopActivityTransparent=false isActivityStackTransparent=false lastNonFullscreenBounds=null leafTaskBoundsFromOptions= false capturedLink=null capturedLinkTimestamp=0 requestedVisibleTypes=503 topActivityRequestOpenInBrowserEducationTimestamp=0 appCompatTaskInfo=AppCompatTaskInfo { topActivityInSizeCompat=false isLeafTask= true eligibleForLetterboxEducation= false isLetterboxEducationEnabled= true isLetterboxDoubleTapEnabled= false eligibleForUserAspectRatioButton= false topActivityBoundsLetterboxed= false isFromLetterboxDoubleTap= false topActivityLetterboxVerticalPosition= -1 topActivityLetterboxHorizontalPosition= -1 topActivityLetterboxWidth=-1 topActivityLetterboxHeight=-1 topActivityAppBounds=Rect(0, 132 - 1080, 2337) isUserFullscreenOverrideEnabled=false isSystemFullscreenOverrideEnabled=false hasMinAspectRatioOverride=false topActivityLetterboxBounds=null topNonResizableActivityAspectRatio=-1.0} topActivityMainWindowFrame=null isAppBubble=false}, pipChange = null, remoteTransitionInfo = null, displayChange = null, requestedLocation = null, userChange = null, windowingLayerChange = null, fullscreenRequestChange = null, flags = 0, debugId = 112 }
04-26 19:26:36.550  1036  1091 W DisconnectHandler: No disconnect change found in the transition, not handling request.
04-26 19:26:36.550   736  2221 W InputChannel-JNI: Channel already disposed.
04-26 19:26:36.550  1036  1091 V ShellDesktopMode: DesktopTasksController: skipping handleRequest reason=triggerTask's display doesn't support desktop mode
04-26 19:26:36.550  1036  1091 D ShellSplitScreen: logExit: no-op, mLoggerSessionId is null
04-26 19:26:36.552  1219  1219 D BaseActivity: Launcher flags updated: [state_started|state_window_focused] -[state_resumed|state_deferred_resumed]
04-26 19:26:36.552  1219  1219 W SplitSelectStateCtor: Missing session instanceIds
04-26 19:26:36.553  1219  1219 D StatsLog: LAUNCHER_SPLIT_SELECTION_EXIT_INTERRUPTED
04-26 19:26:36.555  1036  1132 D WindowOnBackDispatcher: setTopOnBackInvokedCallback (unwrapped): android.view.ViewRootImpl$$ExternalSyntheticLambda13@5b2befa
04-26 19:26:36.556  1036  1091 V RecentTasksController: Notify recent tasks changed
04-26 19:26:36.559  1036  1091 D WindowManagerShell: setLauncherKeepClearAreaHeight: visible=false, height=495
04-26 19:26:36.563   736  1954 V WindowManager: Defer transition id=112 for TaskFragmentTransaction=android.os.Binder@3538a84
04-26 19:26:36.566  1219  1219 D RecentTasksList: invalidateLoadedTasks - previous requestLoadId: -1
04-26 19:26:36.568   736  1848 D WindowManager: setClientSurface Surface(name=VRI-Splash Screen com.muonline.client#1109)/@0xd420733 for 5b3b431 Splash Screen com.muonline.client
04-26 19:26:36.573   499   499 D Zygote  : Forked child process 15712
04-26 19:26:36.578   736  5314 W SignedPackage: Cannot get ApplicationInfo for package: com.google.android.devicelockcontroller
04-26 19:26:36.579   736   769 I ActivityManager: Start proc 15712:com.muonline.client/u0a230 for next-top-activity {com.muonline.client/com.muonline.client.PreloadActivity}
04-26 19:26:36.582   736  1814 D CoreBackPreview: Window{5b3b431 u0 Splash Screen com.muonline.client}: Setting back callback OnBackInvokedCallbackInfo{mCallback=android.window.IOnBackInvokedCallback$Stub$Proxy@3cb31c6, mPriority=0, mIsAnimationCallback=false, mOverrideBehavior=0}
04-26 19:26:36.585   736  1954 V WindowManager: Continue transition id=112 for TaskFragmentTransaction=android.os.Binder@3538a84
04-26 19:26:36.586  1036  1132 I Surface : Creating surface for consumer unnamed-1036-23 with slotExpansion=1 for 64 slots
04-26 19:26:36.588  1036  1132 I Surface : Creating surface for consumer VRI[client]#23(BLAST Consumer)23 with slotExpansion=1 for 64 slots
04-26 19:26:36.600  1219  1219 D BaseActivity: Launcher flags updated: [state_started] -[state_window_focused]
04-26 19:26:36.604   736   750 W System  : A resource failed to call close. 
04-26 19:26:36.607   736   750 W System  : A resource failed to call close. 
04-26 19:26:36.637  1231  1239 W id.ext.services: Reducing the number of considered missed Gc histogram windows from 110 to 100
04-26 19:26:36.641   736  2221 D ActivityManager: sync unfroze 14925 com.google.android.gms for 6
04-26 19:26:36.655 15712 15712 I Zygote  : Process 15712 created for com.muonline.client
04-26 19:26:36.662 15712 15712 I muonline.client: Using generational CollectorTypeCMC GC.
04-26 19:26:36.663 15712 15712 W muonline.client: Unexpected CPU variant for x86: x86_64.
04-26 19:26:36.663 15712 15712 W muonline.client: Known variants: atom, sandybridge, silvermont, goldmont, goldmont-plus, goldmont-without-sha-xsaves, tremont, kabylake, alderlake, lunarlake, default
04-26 19:26:36.685  1036  1091 V RecentTasksController: generateList(getRecentTasks)
04-26 19:26:36.685  1036  1091 V RecentTasksController: initializeDesksMap - allDeskIds: []
04-26 19:26:36.685  1036  1091 V RecentTasksController: Task 107 is not an active desktop task
04-26 19:26:36.685  1036  1091 V RecentTasksController: Added fullscreen task: 107
04-26 19:26:36.685  1036  1091 V RecentTasksController: generateList - complete
04-26 19:26:36.692  4164  4164 I Finsky  : [2] Memory trim requested to level 40
04-26 19:26:36.692  4164  4164 I Finsky  : [2] Flushing in-memory image cache
04-26 19:26:36.693  4511  4518 W .apps.wellbeing: Reducing the number of considered missed Gc histogram windows from 110 to 100
04-26 19:26:36.694  1036  1091 V RecentTasksController: Notify recent tasks changed
04-26 19:26:36.695 14925 14964 W Looper  : Slow delivery took 1069380ms android.bg app=com.google.android.gms main=false group=FOREGROUND h=android.database.sqlite.SQLiteConnectionPool$IdleConnectionHandler c=null m=0
04-26 19:26:36.702 14925 14925 D ActivityThread: Package [com.muonline.client] reported as REPLACED, but missing application info. Assuming REMOVED.
04-26 19:26:36.703 14925 14925 D ActivityThread: Package [com.muonline.client] reported as REPLACED, but missing application info. Assuming REMOVED.
04-26 19:26:36.705  1036  1418 V WindowManagerShell: onTransitionReady(transaction=3161095941515)
04-26 19:26:36.705  1036  1091 V WindowManagerShell: onTransitionReady (#112) android.os.BinderProxy@51eb1f0: {id=112 t=OPEN f=0x0 trk=0 r=[0@Point(0, 0)] c=[
04-26 19:26:36.705  1036  1091 V WindowManagerShell:         {m=OPEN f=MOVE_TO_TOP leash=Surface(name=Task=107#1106)/@0x8c30623 sb=Rect(0, 0 - 1080, 2400) eb=Rect(0, 0 - 1080, 2400) epz=Point(1080, 2400) d=0 endFixedRotation=1 taskParent=-1 winMode=1 userId=0},
04-26 19:26:36.705  1036  1091 V WindowManagerShell:         {m=TO_BACK f=SHOW_WALLPAPER leash=Surface(name=Task=1#34)/@0x8fa7720 sb=Rect(0, 0 - 1080, 2400) eb=Rect(0, 0 - 1080, 2400) epz=Point(1080, 2400) d=0 taskParent=-1 winMode=1 userId=0},
04-26 19:26:36.705  1036  1091 V WindowManagerShell:         {m=TO_BACK f=IS_WALLPAPER leash=Surface(name=WallpaperWindowToken{3bea6dd}#54)/@0x5b0a8d9 sb=Rect(0, 0 - 1080, 2400) eb=Rect(0, 0 - 1080, 2400) epz=Point(1080, 2400) d=0}
04-26 19:26:36.705  1036  1091 V WindowManagerShell:     ]}
04-26 19:26:36.709  1219  1219 D RecentTasksList: invalidateLoadedTasks - previous requestLoadId: -1
04-26 19:26:36.712   736  1848 W InputChannel-JNI: Channel already disposed.
04-26 19:26:36.713  1036  1091 V WindowManagerShell: Playing animation for (#112) android.os.BinderProxy@51eb1f0@0
04-26 19:26:36.714  1036  1091 D ShellSplitScreen: startAnimation: transition=112 isSplitActive=false
04-26 19:26:36.714  1036  1091 V ShellRecents: RecentsTransitionHandler.startAnimation: no controller found
04-26 19:26:36.714  1036  1091 V ShellDesktopMode: DesktopMixedTransitionHandler: No pending desktop transition
04-26 19:26:36.714  1036  1091 V WindowManagerShell: Transition doesn't have explicit remote, search filters for match for {id=112 t=OPEN f=0x0 trk=0 r=[0@Point(0, 0)] c=[{m=OPEN f=MOVE_TO_TOP leash=Surface(name=Task=107#1106)/@0x8c30623 sb=Rect(0, 0 - 1080, 2400) eb=Rect(0, 0 - 1080, 2400) epz=Point(1080, 2400) d=0 endFixedRotation=1 taskParent=-1 winMode=1 userId=0},{m=TO_BACK f=SHOW_WALLPAPER leash=Surface(name=Task=1#34)/@0x8fa7720 sb=Rect(0, 0 - 1080, 2400) eb=Rect(0, 0 - 1080, 2400) epz=Point(1080, 2400) d=0 taskParent=-1 winMode=1 userId=0},{m=TO_BACK f=IS_WALLPAPER leash=Surface(name=WallpaperWindowToken{3bea6dd}#54)/@0x5b0a8d9 sb=Rect(0, 0 - 1080, 2400) eb=Rect(0, 0 - 1080, 2400) epz=Point(1080, 2400) d=0}]}
04-26 19:26:36.714  1036  1091 V WindowManagerShell:  Checking filter Pair{{types=[] flags=0x0 notFlags=0x0 checks=[{atype=undefined independent=true modes=[CLOSE,TO_BACK] flags=IN_TASK_WITH_EMBEDDED_ACTIVITY mustBeTask=false order=ANY topActivity=null launchCookie=null taskFragmentToken=android.os.BinderProxy@e90ae30 windowingMode=undefined isCrossDisplayMove=false}]} RemoteTransition { remoteTransition = android.window.IRemoteTransition$Stub$Proxy@1ccfaa9, appThread = android.app.IApplicationThread$Stub$Proxy@5c682e, debugName = overlayBackTransition, filter = {types=[] flags=0x0 notFlags=0x0 checks=[{atype=undefined independent=true modes=[CLOSE,TO_BACK] flags=IN_TASK_WITH_EMBEDDED_ACTIVITY mustBeTask=false order=ANY topActivity=null launchCookie=null taskFragmentToken=android.os.BinderProxy@e90ae30 windowingMode=undefined isCrossDisplayMove=false}]} }}
04-26 19:26:36.715  1036  1091 V WindowManagerShell:  Checking filter Pair{{types=[] flags=0x0 notFlags=0x0 checks=[{atype=dream independent=true modes=[OPEN,TO_FRONT] flags=NONE mustBeTask=false order=ANY topActivity=null launchCookie=null windowingMode=undefined isCrossDisplayMove=false},{atype=home independent=true modes=[CLOSE,TO_BACK] flags=NONE mustBeTask=false order=ANY topActivity=null launchCookie=null windowingMode=undefined isCrossDisplayMove=false}]} RemoteTransition { remoteTransition = android.window.IRemoteTransition$Stub$Proxy@aa8fcf, appThread = android.app.IApplicationThread$Stub$Proxy@98a7d5c, debugName = LauncherToDream, filter = {types=[] flags=0x0 notFlags=0x0 checks=[{atype=dream independent=true modes=[OPEN,TO_FRONT] flags=NONE mustBeTask=false order=ANY topActivity=null launchCookie=null windowingMode=undefined isCrossDisplayMove=false},{atype=home independent=true modes=[CLOSE,TO_BACK] flags=NONE mustBeTask=false order=ANY topActivity=null launchCookie=null windowingMode=undefined isCrossDisplayMove=false}]} }}
04-26 19:26:36.715  1036  1091 V WindowManagerShell:  Checking filter Pair{{types=[] flags=0x0 notFlags=0x0 checks=[{atype=standard independent=false modes=[CHANGE] flags=NONE mustBeTask=true order=ANY topActivity=null launchCookie=null windowingMode=undefined isCrossDisplayMove=true}]} RemoteTransition { remoteTransition = android.window.IRemoteTransition$Stub$Proxy@3519865, appThread = android.app.IApplicationThread$Stub$Proxy@94ad93a, debugName = QuickstepDisplayMove, filter = {types=[] flags=0x0 notFlags=0x0 checks=[{atype=standard independent=false modes=[CHANGE] flags=NONE mustBeTask=true order=ANY topActivity=null launchCookie=null windowingMode=undefined isCrossDisplayMove=true}]} }}
04-26 19:26:36.715  1036  1091 V WindowManagerShell:  Checking filter Pair{{types=[] flags=0x0 notFlags=0x100 checks=[{atype=home independent=true modes=[OPEN,TO_FRONT] flags=NONE mustBeTask=false order=ANY topActivity=ComponentInfo{com.google.android.apps.nexuslauncher/com.google.android.apps.nexuslauncher.NexusLauncherActivity} launchCookie=null windowingMode=undefined isCrossDisplayMove=false},{atype=standard independent=true modes=[CLOSE,TO_BACK] flags=NONE mustBeTask=false order=ANY topActivity=null launchCookie=null windowingMode=undefined isCrossDisplayMove=false},{NOT atype=undefined independent=true modes=[] flags=NONE mustBeTask=true order=ANY topActivity=null launchCookie=null customAnim=true windowingMode=undefined isCrossDisplayMove=false}]} RemoteTransition { remoteTransition = android.window.IRemoteTransition$Stub$Proxy@fea59eb, appThread = android.app.IApplicationThread$Stub$Proxy@4f01348, debugName = QuickstepLaunchHome, filter = {types=[] flags=0x0 notFlags=0x100 checks=[{atype=home independent=true modes=[OPEN,TO_FRONT] flags=NONE mustBeTask=false order=ANY topActivity=ComponentInfo{com.google.android.apps.nexuslauncher/com.google.android.apps.nexuslauncher.NexusLauncherActivity} launchCookie=null windowingMode=undefined isCrossDisplayMove=false},{atype=standard independent=true modes=[CLOSE,TO_BACK] flags=NONE mustBeTask=false order=ANY topActivity=null launchCookie=null windowingMode=undefined isCrossDisplayMove=false},{NOT atype=undefined independent=true modes=[] flags=NONE mustBeTask=true order=ANY topActivity=null launchCookie=null customAnim=true windowingMode=undefined isCrossDisplayMove=false}]} }}
04-26 19:26:36.715  1036  1091 V WindowManagerShell:  Checking filter Pair{{types=[OPEN,TO_FRONT] flags=0x0 notFlags=0x0 checks=[{atype=standard independent=true modes=[OPEN,TO_FRONT] flags=NONE mustBeTask=true order=ANY topActivity=null launchCookie=null windowingMode=freeform isCrossDisplayMove=false}]} RemoteTransition { remoteTransition = android.window.IRemoteTransition$Stub$Proxy@5987ffe, appThread = null, debugName = DesktopWindowLimitUnminimize, filter = {types=[OPEN,TO_FRONT] flags=0x0 notFlags=0x0 checks=[{atype=standard independent=true modes=[OPEN,TO_FRONT] flags=NONE mustBeTask=true order=ANY topActivity=null launchCookie=null windowingMode=freeform isCrossDisplayMove=false}]} }}
04-26 19:26:36.715  1036  1091 V WindowManagerShell:  Delegate animation for (#112) to null
04-26 19:26:36.715  1036  1091 V WindowManagerShell: start default transition animation, info = {id=112 t=OPEN f=0x0 trk=0 r=[0@Point(0, 0)] c=[{m=OPEN f=MOVE_TO_TOP leash=Surface(name=Task=107#1106)/@0x8c30623 sb=Rect(0, 0 - 1080, 2400) eb=Rect(0, 0 - 1080, 2400) epz=Point(1080, 2400) d=0 endFixedRotation=1 taskParent=-1 winMode=1 userId=0},{m=TO_BACK f=SHOW_WALLPAPER leash=Surface(name=Task=1#34)/@0x8fa7720 sb=Rect(0, 0 - 1080, 2400) eb=Rect(0, 0 - 1080, 2400) epz=Point(1080, 2400) d=0 taskParent=-1 winMode=1 userId=0},{m=TO_BACK f=IS_WALLPAPER leash=Surface(name=WallpaperWindowToken{3bea6dd}#54)/@0x5b0a8d9 sb=Rect(0, 0 - 1080, 2400) eb=Rect(0, 0 - 1080, 2400) epz=Point(1080, 2400) d=0}]}
04-26 19:26:36.717  1036  1091 V WindowManagerShell: loadAnimation: anim=android.view.animation.AnimationSet@64d9a11 animAttr=0x13 type=OPEN isEntrance=false
04-26 19:26:36.717  1036  1091 V WindowManagerShell: loadAnimation: anim=android.view.animation.AnimationSet@b60c64d animAttr=0x12 type=OPEN isEntrance=true
04-26 19:26:36.719   736   759 V WindowManager: Sent Transition (#112) createdAt=04-26 19:26:36.498 via request=TransitionRequestInfo { type = OPEN, triggerTask = TaskInfo{userId=0 taskId=107 effectiveUid=10230 displayId=0 isRunning=true baseIntent=Intent { flg=0x10000000 cmp=com.muonline.client/.PreloadActivity } baseActivity=ComponentInfo{com.muonline.client/com.muonline.client.PreloadActivity} topActivity=ComponentInfo{com.muonline.client/com.muonline.client.PreloadActivity} origActivity=null realActivity=ComponentInfo{com.muonline.client/com.muonline.client.PreloadActivity} realActivityIsAppLockEnabled=false numActivities=1 lastActiveTime=14171123 supportsMultiWindow=true supportsMultiWindowWithoutConstraints=true resizeMode=1 isResizeable=true minWidth=-1 minHeight=-1 defaultMinSize=220 token=WCT{RemoteToken{1070b26 Task{3a057a7 #107 type=standard A=10230:com.muonline.client}}} topActivityType=1 pictureInPictureParams=null shouldDockBigOverlays=false launchIntoPipHostTaskId=-1 lastParentTaskIdBeforePip=-1 displayCutoutSafeInsets=Rect(0, 132 - 0, 0) topActivityInfo=ActivityInfo{ac98367 com.muonline.client.PreloadActivity} launchCookies=[] positionInParent=Point(0, 0) parentTaskId=-1 isFocused=false isInteractive=false isVisible=false isVisibleRequested=false isTopActivityNoDisplay=false isSleeping=false locusId=null displayAreaFeatureId=1 isTopActivityTransparent=false isActivityStackTransparent=false lastNonFullscreenBounds=null leafTaskBoundsFromOptions= false capturedLink=null capturedLinkTimestamp=0 requestedVisibleTypes=503 topActivityRequestOpenInBrowserEducationTimestamp=0 appCompatTaskInfo=AppCompatTaskInfo { topActivityInSizeCompat=false isLeafTask= true eligibleForLetterboxEducation= false isLetterboxEducationEnabled= true isLetterboxDoubleTapEnabled= false eligibleForUserAspectRatioButton= false topActivityBoundsLetterboxed= false isFromLetterboxDoubleTap= false topActivityLetterboxVerticalPosition= -1 topActivityLetterboxHorizontalPosition= -1 topActivityLetterboxWidth=-1 topActivityLetterboxHeight=-1 topActivityAppBounds=Rect(0, 132 - 1080, 2337) isUserFullscreenOverrideEnabled=false isSystemFullscreenOverrideEnabled=false hasMinAspectRatioOverride=false topActivityLetterboxBounds=null topNonResizableActivityAspectRatio=-1.0} topActivityMainWindowFrame=null isAppBubble=false}, pipChange = null, remoteTransitionInfo = null, displayChange = null, requestedLocation = null, userChange = null, windowingLayerChange = null, fullscreenRequestChange = null, flags = 0, debugId = 112 }
04-26 19:26:36.719  1036  1091 V WindowManagerShell:  animated by com.android.wm.shell.transition.DefaultTransitionHandler@11f9e32
04-26 19:26:36.719  1036  1091 V ShellTaskOrganizer: Task appeared taskId=107 listener=FullscreenTaskListener
04-26 19:26:36.720  1036  1091 V ShellTaskOrganizer: Fullscreen Task Appeared: #107
04-26 19:26:36.722  1036  1091 V RecentTasksController: Notify recent tasks changed
04-26 19:26:36.724   736   759 V WindowManager:     startWCT=WindowContainerTransaction { changes= {} hops= [] flags= 0 errorCallbackToken=null taskFragmentOrganizer=null }
04-26 19:26:36.724   736   759 V WindowManager:     info={id=112 t=OPEN f=0x0 trk=0 r=[0@Point(0, 0)] c=[
04-26 19:26:36.724   736   759 V WindowManager:         {WCT{RemoteToken{1070b26 Task{3a057a7 #107 type=standard A=10230:com.muonline.client}}} m=OPEN f=MOVE_TO_TOP leash=Surface(name=Task=107#1106)/@0x72b1b13 sb=Rect(0, 0 - 1080, 2400) eb=Rect(0, 0 - 1080, 2400) epz=Point(1080, 2400) d=0 endFixedRotation=1 taskParent=-1 winMode=1 userId=0},
04-26 19:26:36.724   736   759 V WindowManager:         {WCT{RemoteToken{4853fd5 Task{13e540b #1 type=home}}} m=TO_BACK f=SHOW_WALLPAPER leash=Surface(name=Task=1#34)/@0x499be06 sb=Rect(0, 0 - 1080, 2400) eb=Rect(0, 0 - 1080, 2400) epz=Point(1080, 2400) d=0 taskParent=-1 winMode=1 userId=0},
04-26 19:26:36.724   736   759 V WindowManager:         {m=TO_BACK f=IS_WALLPAPER leash=Surface(name=WallpaperWindowToken{3bea6dd}#54)/@0x4e520e1 sb=Rect(0, 0 - 1080, 2400) eb=Rect(0, 0 - 1080, 2400) epz=Point(1080, 2400) d=0}
04-26 19:26:36.724   736   759 V WindowManager:     ]}
04-26 19:26:36.738  1219  1219 D RecentTasksList: invalidateLoadedTasks - previous requestLoadId: -1
04-26 19:26:36.742   736  1938 V SafetySourceDataValidat: Package: com.android.vending has expected signature
04-26 19:26:36.761   566   616 W skia    : AGTM parsing failed flags.readFromStream(s) at 159
04-26 19:26:36.761   566   616 W skia    : AGTM parsing failed flags.readFromStream(s) at 159
04-26 19:26:36.764  1366 15724 I Fitness : (REDACTED) FitCleanupIntentOperation received Intent %s
04-26 19:26:36.767 15712 15712 D nativeloader: Load libframework-connectivity-tiramisu-jni.so using APEX ns com_android_tethering for caller /apex/com.android.tethering/javalib/framework-connectivity-t.jar: ok
04-26 19:26:36.780  1366 15718 I ProximityAuth: [RecentAppsMediator] Package added: (user=UserHandle{0}) com.muonline.client
04-26 19:26:36.788 14925 14925 D BoundBrokerSvc: onUnbind: Intent { act=com.google.android.gms.common.BIND_SHARED_PREFS xflg=0x4 pkg=com.google.android.gms }
04-26 19:26:36.827 15712 15712 D CompatChangeReporter: Compat change id reported: 242716250; UID 10230; state: ENABLED
04-26 19:26:36.832  4164  4169 W android.vending: Reducing the number of considered missed Gc histogram windows from 108 to 100
04-26 19:26:36.849 15712 15712 D nativeloader: Configuring clns-9 for other apk /data/app/~~nfy42diicNOHGa25P5CsIQ==/com.muonline.client-viQNr5QBlYUCIUVc3PQqGw==/base.apk. target_sdk_version=34, uses_libraries=, library_path=/data/app/~~nfy42diicNOHGa25P5CsIQ==/com.muonline.client-viQNr5QBlYUCIUVc3PQqGw==/lib/x86_64:/data/app/~~nfy42diicNOHGa25P5CsIQ==/com.muonline.client-viQNr5QBlYUCIUVc3PQqGw==/base.apk!/lib/x86_64, permitted_path=/data:/mnt/expand:/data/user/0/com.muonline.client
04-26 19:26:36.863   566   616 W skia    : AGTM parsing failed flags.readFromStream(s) at 159
04-26 19:26:36.863   566   616 W skia    : AGTM parsing failed flags.readFromStream(s) at 159
04-26 19:26:36.865  1366 15716 I FontLog : (REDACTED) Package %s has no metadata
04-26 19:26:36.868 15712 15712 V GraphicsEnvironment: Currently set values for:
04-26 19:26:36.868 15712 15712 V GraphicsEnvironment:   angle_gl_driver_selection_pkgs=[]
04-26 19:26:36.868 15712 15712 V GraphicsEnvironment:   angle_gl_driver_selection_values=[]
04-26 19:26:36.868 15712 15712 V GraphicsEnvironment: com.muonline.client is not listed in per-application setting
04-26 19:26:36.869 15712 15712 V GraphicsEnvironment: No special selections for ANGLE, returning default driver choice
04-26 19:26:36.873 15712 15712 V GraphicsEnvironment: Neither updatable production driver nor prerelease driver is supported.
04-26 19:26:36.874 14925 15742 I AppBackupPkgRemovedIO: Backup state cleanup on uninstall is disabled. [CONTEXT service_id=229 ]
04-26 19:26:36.877 14925 15742 I PackageInstalledIntentO: Test flag v2 is disabled [CONTEXT service_id=469 ]
04-26 19:26:36.903 15712 15747 I DisplayManager: Choreographer implicitly registered for the refresh rate.
04-26 19:26:36.923 14925 14925 D BoundBrokerSvc: onBind: Intent { act=com.google.android.gms.common.BIND_SHARED_PREFS xflg=0x4 pkg=com.google.android.gms }
04-26 19:26:36.923 14925 14925 D BoundBrokerSvc: Loading bound service for intent: Intent { act=com.google.android.gms.common.BIND_SHARED_PREFS xflg=0x4 pkg=com.google.android.gms }
04-26 19:26:36.967   566   616 W skia    : AGTM parsing failed flags.readFromStream(s) at 159
04-26 19:26:36.967 14925 15746 I Auth    : (REDACTED) [SupervisedAccountIntentOperation] onHandleIntent: %s
04-26 19:26:36.970 14925 15742 I PackageInstalledIntentO: Test flag v2 is disabled [CONTEXT service_id=469 ]
04-26 19:26:36.970 15712 15712 D DesktopExperienceFlags: Toggle override initialized to: false
04-26 19:26:36.971 15712 15712 D DesktopModeFlags: Toggle override initialized to: OVERRIDE_UNSET
04-26 19:26:36.987 14925 15731 I NearbyDiscovery: (REDACTED) processGrantSlicePermission: %s
04-26 19:26:37.000   736   752 E AppOps  : attributionTag VCN not declared in manifest of android
04-26 19:26:37.005   736  1814 W ActivityManager: Skipping manifest association check for null package. SourceUid: 10214, SourcePkg: null, TargetUid: 10214, TargetPkg: com.google.android.gms
04-26 19:26:37.013 15712 15747 I GFXSTREAM: [eglDisplay.cpp(297)] Opening libGLESv1_CM_emulation.so
04-26 19:26:37.015 15712 15747 I GFXSTREAM: [eglDisplay.cpp(297)] Opening libGLESv2_emulation.so
04-26 19:26:37.033 14925 15754 W SQLiteLog: (28) double-quoted string literal: "com.muonline.client"
04-26 19:26:37.037  1036  1091 V WindowManagerShell: Transition animation finished (aborted=false), notifying core (#112) android.os.BinderProxy@51eb1f0@0
04-26 19:26:37.042   736   759 V WindowManager: Finish Transition (#112): created at 04-26 19:26:36.498 collect-started=0.064ms request-sent=29.525ms started=54.973ms ready=203.098ms sent=205.088ms commit=39.413ms finished=543.499ms
04-26 19:26:37.047  1219  1219 D VRI[NexusLauncherActivity]: visibilityChanged oldVisibility=true newVisibility=false
04-26 19:26:37.049  1036  1344 D WallpaperService: onVisibilityChanged(false): com.android.systemui.wallpapers.ImageWallpaper$CanvasEngine@85e2344
04-26 19:26:37.049   736   752 I WindowManager: Display id=0 rotation changed to 1 from 0, lastOrientation=0 userRotationMode=0 userRotation=0 lastSensorRotation=1
04-26 19:26:37.049 15712 15747 W HWUI    : Failed to choose config with EGL_SWAP_BEHAVIOR_PRESERVED, retrying without...
04-26 19:26:37.049 15712 15747 W HWUI    : Failed to initialize 101010-2 format, error = EGL_SUCCESS
04-26 19:26:37.054  1036  1091 V WindowManagerShell: Track 0 became idle
04-26 19:26:37.054  1036  1091 V WindowManagerShell: All active transition animations finished
04-26 19:26:37.054  1036  1091 V WindowManagerShell: Transition requested (#113): android.os.BinderProxy@915425a TransitionRequestInfo { type = CHANGE, triggerTask = null, pipChange = null, remoteTransitionInfo = null, displayChange = DisplayChange { displayId = 0, startAbsBounds = null, endAbsBounds = null, startRotation = 0, endRotation = 1, physicalDisplayChanged = false, disconnectReparentDisplay = -1, endInsetsState = null }, requestedLocation = null, userChange = null, windowingLayerChange = null, fullscreenRequestChange = null, flags = 0, debugId = 113 }
04-26 19:26:37.054  1219  1219 D SmartspaceInteractor: notifySmartspaceEvent: SmartspaceTargetEvent{mSmartspaceTarget=null, mSmartspaceActionId='null', mEventType=7}
04-26 19:26:37.054  1036  1091 V ShellDesktopMode: DisconnectHandler: handleRequest: no reparent display; returning
04-26 19:26:37.054  1036  1091 V ShellDesktopMode: DesktopTasksController: skipping handleRequest reason=triggerTask is null
04-26 19:26:37.057   736  1958 W ActivityManager: Skipping manifest association check for null package. SourceUid: 10214, SourcePkg: null, TargetUid: 10214, TargetPkg: com.google.android.gms
04-26 19:26:37.064  1036  1091 D Bubbles : BubbleData.onLocusVisibilityChanged() locusId=Overview|ENABLED visible=false taskId=1
04-26 19:26:37.072   736   762 I DisplayTopology: Display with ID 0 updated, new logical width: 2400, new logicalHeight: 1080, new density: 420
04-26 19:26:37.072   736   791 D BrightnessThermalClamper: Thermal status observer already started
04-26 19:26:37.073   736   762 I ActivityTaskManager: Config changes=20000480 {1.0 310mcc260mnc [en_US] ldltr sw411dp w914dp h411dp 420dpi nrml long compactNeeded land finger qwerty/v/v dpad/v winConfig={ mBounds=Rect(0, 0 - 2400, 1080) mAppBounds=Rect(0, 0 - 2400, 1080) mMaxBounds=Rect(0, 0 - 2400, 1080) mDisplayRotation=ROTATION_90 mWindowingMode=fullscreen mActivityType=undefined mAlwaysOnTop=undefined mRotation=ROTATION_90} as.3 s.1097 fontWeightAdjustment=0}
04-26 19:26:37.081  3743  3747 W ogle.android.as: Reducing the number of considered missed Gc histogram windows from 110 to 100
04-26 19:26:37.094   566   616 W skia    : AGTM parsing failed flags.readFromStream(s) at 159
04-26 19:26:37.097   566   599 I libbinder.BpBinder: onLastStrongRef automatically unlinking death recipients for binder (0x7eaa3605e620) with descriptor: '(not cached)'
04-26 19:26:37.102   736   762 I WindowManager: Override config changes=20000480 {1.0 310mcc260mnc [en_US] ldltr sw411dp w914dp h411dp 420dpi nrml long compactNeeded land finger qwerty/v/v dpad/v winConfig={ mBounds=Rect(0, 0 - 2400, 1080) mAppBounds=Rect(0, 0 - 2400, 1080) mMaxBounds=Rect(0, 0 - 2400, 1080) mDisplayRotation=ROTATION_90 mWindowingMode=fullscreen mActivityType=undefined mAlwaysOnTop=undefined mRotation=ROTATION_90} as.3 s.1097 fontWeightAdjustment=0} for displayId=0
04-26 19:26:37.103   736   762 W TransitionChain: Combining dispOverCfg into #113(CHANGE|R|0x0) from updateRot
04-26 19:26:37.106 14925 14976 I Icing   : IndexChimeraService.getServiceInterface callingPackage=com.google.android.gms componentName=AppsCorpus serviceId=36
04-26 19:26:37.107   736   762 W PackageConfigPersister: App-specific configuration not found for packageName: com.google.android.apps.nexuslauncher and userId: 0
04-26 19:26:37.112  1036  1091 V ShellDesktopMode: DesktopDisplayEventHandler: displayAreaChanged in displayId=0, keyguardLocked=false
04-26 19:26:37.113  1036  1091 V ShellDesktopMode: DesktopDisplayEventHandler: handlePotentialReconnect: default display; aborting.
04-26 19:26:37.113   736   762 W libbinder.IPCThreadState: Sending oneway calls to frozen process.
04-26 19:26:37.113  1036  1091 V ShellDesktopMode: DesktopDisplayEventHandler: createDefaultDesksIfNeeded displays=[0] userId=null
04-26 19:26:37.117  1036  1091 V ShellDragAndDrop: Display changed: 0
04-26 19:26:37.117  1219  1219 D PerDisplayTaskbarResource: onConfigurationChanged: {1.0 310mcc260mnc [en_US] ldltr sw411dp w914dp h411dp 420dpi nrml long compactNeeded land finger qwerty/v/v dpad/v winConfig={ mBounds=Rect(0, 0 - 2400, 1080) mAppBounds=Rect(0, 0 - 2400, 1080) mMaxBounds=Rect(0, 0 - 2400, 1080) mDisplayRotation=ROTATION_90 mWindowingMode=fullscreen mActivityType=undefined mAlwaysOnTop=undefined mRotation=ROTATION_90} as.3 s.1097 fontWeightAdjustment=0} displayId=0
04-26 19:26:37.117  1219  1219 D PerDisplayTaskbarResource: onConfigurationChanged: | configDiff={} displayId=0
04-26 19:26:37.117  1219  1219 D PerDisplayTaskbarResource: onConfigurationChanged: isTaskbarEnabled()=True displayId=0
04-26 19:26:37.117  1219  1219 D PerDisplayTaskbarResource: onConfigurationChanged: call recreateTaskbars displayId=0
04-26 19:26:37.117  1219  1219 D PerDisplayTaskbarResource: recreateTaskbarForDisplay displayId=0
04-26 19:26:37.117  1219  1219 D PerDisplayTaskbarResource: recreateTaskbarForDisplay: getting device profile displayId=0
04-26 19:26:37.118  1036  1036 I NoBackGesture: Config changed: newConfig={1.0 310mcc260mnc [en_US] ldltr sw411dp w914dp h411dp 420dpi nrml long compactNeeded land finger qwerty/v/v dpad/v winConfig={ mBounds=Rect(0, 0 - 2400, 1080) mAppBounds=Rect(0, 0 - 2400, 1080) mMaxBounds=Rect(0, 0 - 2400, 1080) mDisplayRotation=ROTATION_90 mWindowingMode=fullscreen mActivityType=undefined mAlwaysOnTop=undefined mRotation=ROTATION_90} as.3 s.1136 fontWeightAdjustment=0} lastReportedConfig={1.0 310mcc260mnc [en_US] ldltr sw411dp w411dp h914dp 420dpi nrml long compactNeeded port finger qwerty/v/v dpad/v winConfig={ mBounds=Rect(0, 0 - 1080, 2400) mAppBounds=Rect(0, 0 - 1080, 2400) mMaxBounds=Rect(0, 0 - 1080, 2400) mDisplayRotation=ROTATION_0 mWindowingMode=fullscreen mActivityType=undefined mAlwaysOnTop=undefined mRotation=ROTATION_0} as.3 s.1093 fontWeightAdjustment=0}
04-26 19:26:37.118  1219  1219 D PerDisplayTaskbarResource: recreateTaskbarForDisplay: destroying taskbar displayId=0
04-26 19:26:37.118  1219  1219 D PerDisplayTaskbarResource: destroyTaskbarForDisplay displayId=0
04-26 19:26:37.119  1219  1219 D CueBarController: CuebarController destroy
04-26 19:26:37.119  1036  1091 V ShellDesktopMode: DesktopDisplayEventHandler: shouldCreateOrWarmUpDesk skipping displayId=0 reason: desktop ineligible
04-26 19:26:37.119  1036  1091 D ShellSplitScreen: onTaskInfoChanged: taskId=5 taskAct=null stageId=MAIN displayId=0
04-26 19:26:37.119  1036  1091 D ShellSplitScreen: Updating status bar override leftRight=false currentSplit=1 splitVisible=false overridden=false
04-26 19:26:37.120  1036  1091 D ShellSplitScreen: No change in status bar override state
04-26 19:26:37.120  1036  1091 V ShellSplitScreen: Updating status bar for split, no change in state
04-26 19:26:37.121  1036  1091 V ShellSplitScreen: Updating status bar for split, no change in state
04-26 19:26:37.121   736   762 I InputManager-JNI: Viewport [0] to add: local:4619827259835644672, isActive: true
04-26 19:26:37.121  1219  1219 D TaskbarOverlayController: onDestroy: 	at com.android.launcher3.taskbar.PerDisplayTaskbarResource.destroyTaskbarForDisplay(go/retraceme 7226a759aa2bb3787a79806f85d80eaad84f1f1e15acd6db988f2df789d1680d:455)
04-26 19:26:37.121  1219  1219 D TaskbarOverlayController: 	at com.android.launcher3.taskbar.TaskbarManagerImpl.recreateTaskbarForDisplay(go/retraceme 7226a759aa2bb3787a79806f85d80eaad84f1f1e15acd6db988f2df789d1680d:125)
04-26 19:26:37.121  1219  1219 D TaskbarOverlayController: 	at com.android.launcher3.taskbar.TaskbarManagerImpl$$ExternalSyntheticLambda24.invoke(go/retraceme 7226a759aa2bb3787a79806f85d80eaad84f1f1e15acd6db988f2df789d1680d:45)
04-26 19:26:37.121  1219  1219 D TaskbarOverlayController: onDestroy: Was window already present? false
04-26 19:26:37.121  1219  1219 D PerDisplayTaskbarResource: recreateTaskbarForDisplay: isTaskbarEnabled=true [dp != null]=true mUserUnlocked=true dp.isTaskbarPresent=false isTaskbarEnabled=true displayExists=true displayId=0
04-26 19:26:37.121  1219  1219 D PerDisplayTaskbarResource: recreateTaskbarForDisplay: creating taskbar displayId=0
04-26 19:26:37.121  1036  1418 V WindowManagerShell: onTransitionReady(transaction=3161095941560)
04-26 19:26:37.122  1036  1091 V WindowManagerShell: onTransitionReady (#113) android.os.BinderProxy@915425a: {id=113 t=CHANGE f=0x0 trk=0 r=[0@Point(0, 0)] c=[
04-26 19:26:37.122  1036  1091 V WindowManagerShell:         {m=CHANGE f=NONE p=WCT{android.os.BinderProxy@d845049} leash=Surface(name=Task=107#1106)/@0x6d52a26 sb=Rect(0, 0 - 1080, 2400) eb=Rect(0, 0 - 2400, 1080) epz=Point(2400, 1080) d=0 r=0->1:-1 taskParent=-1 winMode=1 userId=0},
04-26 19:26:37.122  1036  1091 V WindowManagerShell:         {m=CHANGE f=FLAG_IS_TASK_DISPLAY_AREA p=WCT{android.os.BinderProxy@38a5576} leash=Surface(name=DefaultTaskDisplayArea#9)/@0xafeb667 sb=Rect(0, 0 - 1080, 2400) eb=Rect(0, 0 - 2400, 1080) epz=Point(2400, 1080) d=0 r=0->1:-1},
04-26 19:26:37.122  1036  1091 V WindowManagerShell:         {m=CHANGE f=NONE p=WCT{android.os.BinderProxy@7be5302} leash=Surface(name=AppZoomOut:2:14#8)/@0x4b13c14 sb=Rect(0, 0 - 1080, 2400) eb=Rect(0, 0 - 2400, 1080) epz=Point(2400, 1080) d=0 r=0->1:-1},
04-26 19:26:37.122  1036  1091 V WindowManagerShell:         {m=CHANGE f=NONE p=WCT{android.os.BinderProxy@9b57942} leash=Surface(name=WindowedMagnification:0:31#3)/@0xb3cdcbd sb=Rect(0, 0 - 1080, 2400) eb=Rect(0, 0 - 2400, 1080) epz=Point(2400, 1080) d=0 r=0->1:-1},
04-26 19:26:37.122  1036  1091 V WindowManagerShell:         {m=CHANGE f=IS_DISPLAY leash=Surface(name=WindowedMagnification:0:31#3)/@0xb59c2b2 sb=Rect(0, 0 - 1080, 2400) eb=Rect(0, 0 - 2400, 1080) epz=Point(2400, 1080) d=0 r=0->1:3}
04-26 19:26:37.122  1036  1091 V WindowManagerShell:     ]}
04-26 19:26:37.122  4105  4105 I AppBase : AppBase.onConfigurationChanged():294 onConfigurationChanged() : NewConfig = {1.0 310mcc260mnc [en_US] ldltr sw411dp w914dp h411dp 420dpi nrml long compactNeeded land finger qwerty/v/v dpad/v winConfig={ mBounds=Rect(0, 0 - 2400, 1080) mAppBounds=Rect(0, 0 - 2400, 1080) mMaxBounds=Rect(0, 0 - 2400, 1080) mDisplayRotation=ROTATION_90 mWindowingMode=fullscreen mActivityType=undefined mAlwaysOnTop=undefined mRotation=ROTATION_90} as.3 s.1119 fontWeightAdjustment=0}
04-26 19:26:37.122   736   873 I InputReader: Reconfiguring input devices, changes=DISPLAY_INFO
04-26 19:26:37.123   736   873 I InputReader: Touch device 'virtio_input_multi_touch_11' could not query the properties of its associated display.  The device will be inoperable until the display size becomes available.
