04-26 15:41:30.211 V/WindowManager(  736): Queueing transition: TransitionRecord{d8d061d id=-1 type=CHANGE flags=0x0 parallelCollectType=NONE recentsDisplayId=-1}
04-26 15:41:30.212 D/ActivityAllAppsContainerView( 1219): rebindAdapters: force: false
04-26 15:41:30.212 W/InputChannel-JNI(  736): Channel already disposed.
04-26 15:41:30.213 D/ActivityAllAppsContainerView( 1219): rebindAdapters: Not needed.
04-26 15:41:30.213 D/InputMonitorCompat( 1219): Input monitor (minus-one-disp0) created
04-26 15:41:30.214 D/BaseActivity( 1219): Launcher flags updated: [state_started|state_resumed|state_user_active] +[state_resumed|state_user_active]
04-26 15:41:30.216 D/ViewRootImpl( 1219): Skipping stats log for color mode
04-26 15:41:30.216 D/BaseActivity( 1219): Launcher flags updated: [state_started|state_user_active] -[state_resumed]
04-26 15:41:30.217 W/SplitSelectStateCtor( 1219): Missing session instanceIds
04-26 15:41:30.217 D/StatsLog( 1219): LAUNCHER_SPLIT_SELECTION_EXIT_INTERRUPTED
04-26 15:41:30.220 D/InputMonitorCompat( 1219): Input event receiver for monitor (minus-one-disp0) created
04-26 15:41:30.220 V/SDL     ( 5343): onStart()
04-26 15:41:30.221 D/MuMain  ( 5343): onResume
04-26 15:41:30.221 V/SDL     ( 5343): onResume()
04-26 15:41:30.222 D/ViewRootImpl( 1219): Skipping stats log for color mode
04-26 15:41:30.223 D/BaseActivity( 1219): Launcher flags updated: [] -[state_started|state_user_active]
04-26 15:41:30.223 D/LauncherStateManager( 1219): StateManager.goToState: fromState: Normal, toState: Normal, partial trace:
04-26 15:41:30.223 D/LauncherStateManager( 1219): 	at com.android.launcher3.statemanager.StateManager.moveToRestState(go/retraceme 7226a759aa2bb3787a79806f85d80eaad84f1f1e15acd6db988f2df789d1680d:26)
04-26 15:41:30.223 D/LauncherStateManager( 1219): 	at com.android.launcher3.statemanager.StateManager.moveToRestState(go/retraceme 7226a759aa2bb3787a79806f85d80eaad84f1f1e15acd6db988f2df789d1680d:35)
04-26 15:41:30.223 D/LauncherStateManager( 1219): 	at com.android.launcher3.statemanager.StatefulActivity.onStop(go/retraceme 7226a759aa2bb3787a79806f85d80eaad84f1f1e15acd6db988f2df789d1680d:31)
04-26 15:41:30.223 D/LauncherStateManager( 1219): StateManager.onRepeatStateSetAborted: state: Normal
04-26 15:41:30.223 D/KeyboardStateManager( 1219): hideKeyboard
04-26 15:41:30.223 D/KeyboardStateManager( 1219): isImeShown: false
04-26 15:41:30.224 D/StatsLog( 1219): LAUNCHER_ONSTOP
04-26 15:41:30.224 D/StatsLog( 1219): LAUNCHER_GOOGLE_SEARCH_RESTORE_LIST_SIZE_AFTER_ACTIVITY_RESTART
04-26 15:41:30.225 D/InsetsController( 5343): Setting requestedVisibleTypes to 496 (was 503)
04-26 15:41:30.228 W/InputChannel-JNI(  736): Channel already disposed.
04-26 15:41:30.230 I/PlayCommon( 4276): [86] Successfully uploaded logs.
04-26 15:41:30.232 I/Finsky  ( 4164): [49] WM::SCH: Logging work initialize for 12-1
04-26 15:41:30.238 D/VRI[MuMainActivity]( 5343): WindowInsets changed: 2268x1080 mandatorySystemGestures:[0,74,0,84] 
04-26 15:41:30.239 D/WindowOnBackDispatcher( 5343): setTopOnBackInvokedCallback (unwrapped): android.view.ViewRootImpl$$ExternalSyntheticLambda13@b509c17
04-26 15:41:30.239 D/InsetsController( 5343): Setting requestedVisibleTypes to 503 (was 496)
04-26 15:41:30.240 D/b/387844520( 1219): calling updateRingPath from onSizeChanged
04-26 15:41:30.240 D/b/387844520( 1219): getOutlineOffsetX: measured width = 173, mNormalizedIconSize = 159, last updated width = 173
04-26 15:41:30.242 D/WindowManagerShell( 1036): setLauncherKeepClearAreaHeight: visible=true, height=495
04-26 15:41:30.242 D/WindowManagerShell( 1036): setLauncherKeepClearAreaHeight: visible=false, height=495
04-26 15:41:30.245 I/Finsky  ( 4164): [48] WM::SCH: Logging work initialize for 12-1
04-26 15:41:30.246 D/InputMonitorCompat( 1219): Input event receiver for monitor (minus-one-disp0) disposed
04-26 15:41:30.246 W/InputChannel-JNI( 1219): Channel already disposed.
04-26 15:41:30.246 D/InputMonitorCompat( 1219): Input monitor (minus-one-disp0) disposed
04-26 15:41:30.247 D/CoreBackPreview(  736): Window{93a33de u0 com.muonline.client/com.muonline.client.MuMainActivity}: Setting back callback OnBackInvokedCallbackInfo{mCallback=android.window.IOnBackInvokedCallback$Stub$Proxy@ea7dbd5, mPriority=0, mIsAnimationCallback=false, mOverrideBehavior=0}
04-26 15:41:30.248 V/RecentTasksController( 1036): Notify recent tasks changed
04-26 15:41:30.250 D/WindowManager(  736): setClientSurface Surface(name=VRI-com.muonline.client/com.muonline.client.MuMainActivity#139)/@0xe31afea for 93a33de com.muonline.client/com.muonline.client.MuMainActivity
04-26 15:41:30.251 D/LauncherAmbientCueVM( 1219): Debounced empty action: updating state
04-26 15:41:30.252 D/ActivityAllAppsContainerView( 1219): rebindAdapters: force: false
04-26 15:41:30.252 D/ActivityAllAppsContainerView( 1219): rebindAdapters: Not needed.
04-26 15:41:30.253 I/Finsky  ( 4164): [56] SCH: Scheduling phonesky job Id: 12-1, CT: 1777192889432, Constraints: [{ L: 15000, D: 86400000, C: CHARGING_NONE, I: IDLE_NONE, N: NET_ANY, B: BATTERY_ANY }]
04-26 15:41:30.254 D/RecentTasksList( 1219): invalidateLoadedTasks - previous requestLoadId: -1
04-26 15:41:30.255 D/SmartspaceInteractor( 1219): notifySmartspaceEvent: SmartspaceTargetEvent{mSmartspaceTarget=SmartspaceTarget{mSmartspaceTargetId='date_card_794317_92634', mHeaderAction=null, mBaseAction=null, mCreationTimeMillis=0, mExpiryTimeMillis=0, mScore=0.0, mActionChips=[], mIconGrid=[], mFeatureType=1, mSensitive=false, mShouldShowExpanded=false, mSourceNotificationKey='null', mComponentName=ComponentInfo{com.google.android.apps.nexuslauncher/i8.y}, mUserHandle=UserHandle{0}, mAssociatedSmartspaceTargetId='null', mSliceUri=null, mWidget=null, mTemplateData=BaseTemplateData{mTemplateType=1, mPrimaryItem=null, mSubtitleItem=null, mSubtitleSupplementalItem=null, mSupplementalLineItem=null, mSupplementalAlarmItem=null, mLayoutWeight=0}, mRemoteViews=null}, mSmartspaceActionId='null', mEventType=8}
04-26 15:41:30.264 V/WindowManager(  736): Continue transition id=15 for TaskFragmentTransaction=android.os.Binder@975229d
04-26 15:41:30.265 I/Surface ( 5343): Creating surface for consumer unnamed-5343-1 with slotExpansion=1 for 64 slots
04-26 15:41:30.266 I/Surface ( 5343): Creating surface for consumer VRI[MuMainActivity]#1(BLAST Consumer)1 with slotExpansion=1 for 64 slots
04-26 15:41:30.267 I/ActivityTaskManager(  736): Activity reported stop, but no longer stopping: ActivityRecord{160775557 u0 com.google.android.apps.nexuslauncher/.NexusLauncherActivity t2} STOPPED
04-26 15:41:30.268 D/VRI[MuMainActivity]( 5343): WindowInsets changed: statusBars:[0,74,0,0] navigationBars:[0,0,0,63] 
04-26 15:41:30.272 I/Surface ( 5343): Creating surface for consumer unnamed-5343-2 with slotExpansion=1 for 64 slots
04-26 15:41:30.273 I/Surface ( 5343): Creating surface for consumer 12d5896 SurfaceView[com.muonline.client/com.muonline.client.MuMainActivity]#2(BLAST Consumer)2 with slotExpansion=1 for 64 slots
04-26 15:41:30.273 V/SDL     ( 5343): surfaceCreated()
04-26 15:41:30.273 V/SDL     ( 5343): surfaceChanged()
04-26 15:41:30.273 V/SDL     ( 5343): Window size: 2268x943
04-26 15:41:30.273 V/SDL     ( 5343): Device size: 2400x1080
04-26 15:41:30.279 V/SDL     ( 5343): Running main function SDL_main from library /data/app/~~5nhHV9BqPIpxj3LtPWuhzQ==/com.muonline.client-xHaxqqdQytFQLQs3nbkMHQ==/lib/x86_64/libmain.so
04-26 15:41:30.279 V/SDL     ( 5343): nativeRunMain()
04-26 15:41:30.280 I/MuMain  ( 5343): === MuMain Android v1.0 starting ===
04-26 15:41:30.282 I/MuMain  ( 5343): Working dir set to: /storage/emulated/0/Android/data/com.muonline.client/files
04-26 15:41:30.285 I/Finsky  ( 4164): [53] SCH: Scheduling 1 system job(s)
04-26 15:41:30.286 I/Finsky  ( 4164): [53] SCH: Scheduling system job Id: 9724, L: 14147, D: 60987402, C: false, I: false, N: 1
04-26 15:41:30.290 V/WindowManager(  736): Continue transition id=15 for TaskFragmentTransaction=android.os.Binder@703ae34
04-26 15:41:30.302 W/libOpenSLES( 5343): class OutputMix interface 0 requested but unavailable MPH=43
04-26 15:41:30.302 I/MuMain  ( 5343): SDL2 initialized
04-26 15:41:30.302 I/MuMain  ( 5343): Render backend request env=(null) -> opengl
04-26 15:41:30.302 I/Finsky  ( 4164): [46] [ContentSync] finished, scheduled=true
04-26 15:41:30.303 V/SDL     ( 5343): setOrientation() requestedOrientation=6 width=2400 height=1080 resizable=false hint=
04-26 15:41:30.303 I/Finsky  ( 4164): [55] SCH: Scheduling phonesky job Id: 12-1, CT: 1777192889433, Constraints: [{ L: 15000, D: 86400000, C: CHARGING_NONE, I: IDLE_NONE, N: NET_ANY, B: BATTERY_ANY }]
04-26 15:41:30.307 I/Finsky  ( 4164): [54] SCH: Scheduling 0 system job(s)
04-26 15:41:30.307 I/Finsky  ( 4164): [54] [ContentSync] finished, scheduled=true
04-26 15:41:30.337 I/SDL/APP ( 5343): pixel format wanted SDL_PIXELFORMAT_RGBX8888 (2), got SDL_PIXELFORMAT_RGBX8888 (2)
04-26 15:41:30.346 I/ActivityTaskManager(  736): Displayed com.muonline.client/.MuMainActivity for user 0: +227ms
04-26 15:41:30.346 V/WindowManager(  736): Sent Transition (#15) createdAt=04-26 15:41:30.016 via request=TransitionRequestInfo { type = CLOSE, triggerTask = null, pipChange = null, remoteTransitionInfo = RemoteTransitionInfo { remoteTransition = android.window.IRemoteTransition$Stub$Proxy@ba18790, debugName = TaskFragmentComponent, filter = null }, displayChange = null, requestedLocation = null, userChange = null, windowingLayerChange = null, fullscreenRequestChange = null, flags = 0, debugId = 15 }
04-26 15:41:30.346 V/WindowManager(  736):     startWCT=WindowContainerTransaction { changes= {} hops= [] flags= 0 errorCallbackToken=null taskFragmentOrganizer=null }
04-26 15:41:30.346 V/WindowManager(  736):     info={id=15 t=CLOSE f=0x0 trk=0 r=[0@Point(0, 0)] c=[
04-26 15:41:30.346 V/WindowManager(  736):         {m=OPEN f=FILLS_TASK leash=Surface(name=ActivityRecord{227740911 u0 com.muonline.client/.MuMainActivity t89}#136)/@0xcc45242 sb=Rect(0, 0 - 0, 0) eb=Rect(0, 0 - 2400, 1080) epz=Point(2400, 1080) d=-1->0 r=-1->1:-1 bc=ff000000 activity=ActivityTransitionInfo { component = ComponentInfo{com.muonline.client/com.muonline.client.MuMainActivity}, taskId = 89, appCompatTransitionInfo = AppCompatTransitionInfo { letterboxBounds = Rect(132, 0 - 2400, 1080), hasRoundedCorners = false } } opt={t=FROM_STYLE mUserId=0}},
04-26 15:41:30.346 V/WindowManager(  736):         {m=CLOSE f=FILLS_TASK leash=Surface(name=ActivityRecord{248702527 u0 com.muonline.client/.PreloadActivity t89}#115)/@0xb20b08d sb=Rect(0, 0 - 2400, 1080) eb=Rect(0, 0 - 2400, 1080) epz=Point(2400, 1080) d=0 bc=ff000000 activity=ActivityTransitionInfo { component = ComponentInfo{com.muonline.client/com.muonline.client.PreloadActivity}, taskId = 89, appCompatTransitionInfo = AppCompatTransitionInfo { letterboxBounds = Rect(132, 0 - 2400, 1080), hasRoundedCorners = false } } opt={t=FROM_STYLE mUserId=0}}
04-26 15:41:30.346 V/WindowManager(  736):     ]}
04-26 15:41:30.350 V/WindowManager(  736): deferTransitionReady deferReadyDepth=1 stack=com.android.server.wm.WindowOrganizerController.applyTransaction:717 com.android.server.wm.WindowOrganizerController.applyTransaction:641 com.android.server.wm.WindowOrganizerController.lambda$applyTaskFragmentTransactionLocked$5:617 com.android.server.wm.WindowOrganizerController.$r8$lambda$b9SZ7IAloD3MuUhvAJTdz5zHJ5k:0 com.android.server.wm.WindowOrganizerController$$ExternalSyntheticLambda4.onCollectStarted:0 
04-26 15:41:30.353 V/WindowManager(  736): continueTransitionReady deferReadyDepth=0 stack=com.android.server.wm.WindowOrganizerController.applyTransaction:864 com.android.server.wm.WindowOrganizerController.applyTransaction:641 com.android.server.wm.WindowOrganizerController.lambda$applyTaskFragmentTransactionLocked$5:617 com.android.server.wm.WindowOrganizerController.$r8$lambda$b9SZ7IAloD3MuUhvAJTdz5zHJ5k:0 com.android.server.wm.WindowOrganizerController$$ExternalSyntheticLambda4.onCollectStarted:0 
04-26 15:41:30.353 V/WindowManagerShell( 1036): onTransitionReady(transaction=3161095931232)
04-26 15:41:30.353 D/InsetsController( 5343): Setting requestedVisibleTypes to 496 (was 503)
04-26 15:41:30.356 V/WindowManagerShell( 1036): onTransitionReady (#15) android.os.BinderProxy@a5e8f09: {id=15 t=CLOSE f=0x0 trk=0 r=[0@Point(0, 0)] c=[
04-26 15:41:30.356 V/WindowManagerShell( 1036):         {m=OPEN f=FILLS_TASK leash=Surface(name=ActivityRecord{227740911 u0 com.muonline.client/.MuMainActivity t89}#136)/@0x4c8a95f sb=Rect(0, 0 - 0, 0) eb=Rect(0, 0 - 2400, 1080) epz=Point(2400, 1080) d=-1->0 r=-1->1:-1 bc=ff000000 activity=ActivityTransitionInfo { component = ComponentInfo{com.muonline.client/com.muonline.client.MuMainActivity}, taskId = 89, appCompatTransitionInfo = AppCompatTransitionInfo { letterboxBounds = Rect(132, 0 - 2400, 1080), hasRoundedCorners = false } } opt={t=FROM_STYLE mUserId=0}},
04-26 15:41:30.356 V/WindowManagerShell( 1036):         {m=CLOSE f=FILLS_TASK leash=Surface(name=ActivityRecord{248702527 u0 com.muonline.client/.PreloadActivity t89}#115)/@0xb853fac sb=Rect(0, 0 - 2400, 1080) eb=Rect(0, 0 - 2400, 1080) epz=Point(2400, 1080) d=0 bc=ff000000 activity=ActivityTransitionInfo { component = ComponentInfo{com.muonline.client/com.muonline.client.PreloadActivity}, taskId = 89, appCompatTransitionInfo = AppCompatTransitionInfo { letterboxBounds = Rect(132, 0 - 2400, 1080), hasRoundedCorners = false } } opt={t=FROM_STYLE mUserId=0}}
04-26 15:41:30.356 V/WindowManagerShell( 1036):     ]}
04-26 15:41:30.356 I/PlayCommon( 4164): [80] Successfully uploaded logs.
04-26 15:41:30.356 V/WindowManagerShell( 1036): Playing animation for (#15) android.os.BinderProxy@a5e8f09@0
04-26 15:41:30.357 V/WindowManager(  736): Defer transition id=16 for TaskFragmentTransaction=android.os.Binder@dc9508e
04-26 15:41:30.357 V/WindowManagerShell( 1036):  try firstHandler com.android.wm.shell.transition.RemoteTransitionHandler@8a8ac0a
04-26 15:41:30.357 V/WindowManagerShell( 1036):  Delegate animation for (#15) to RemoteTransition { remoteTransition = android.window.IRemoteTransition$Stub$Proxy@3cdd50e, appThread = null, debugName = TaskFragmentComponent, filter = null }
04-26 15:41:30.358 D/TaskFragmentComponent( 1219): Setting valid task fragment surface control in TYPE_TASK_FRAGMENT_APPEARED
04-26 15:41:30.358 I/libbinder.BpBinder(  566): onLastStrongRef automatically unlinking death recipients for binder (0x7eaa360689c0) with descriptor: '(not cached)'
04-26 15:41:30.363 D/VRI[MuMainActivity]( 5343): WindowInsets changed: statusBars:null navigationBars:null 
04-26 15:41:30.364 W/ActivityTaskManager(  736): setRunningRemoteTransition: no process for null
04-26 15:41:30.364 V/WindowManager(  736): Queueing transition: TransitionRecord{bbf8cbc id=-1 type=CLOSE flags=0x0 parallelCollectType=NONE recentsDisplayId=-1}
04-26 15:41:30.364 V/WindowManagerShell( 1036):  animated by firstHandler
04-26 15:41:30.364 V/SDL     ( 5343): surfaceChanged()
04-26 15:41:30.364 V/SDL     ( 5343): Window size: 2268x1080
04-26 15:41:30.364 V/WindowManagerShell( 1036): Received remote transition finished callback for (#15)
04-26 15:41:30.364 V/SDL     ( 5343): Device size: 2400x1080
04-26 15:41:30.365 V/WindowManagerShell( 1036): Transition requested (#16): android.os.BinderProxy@adcaa98 TransitionRequestInfo { type = CHANGE, triggerTask = null, pipChange = null, remoteTransitionInfo = RemoteTransitionInfo { remoteTransition = android.window.IRemoteTransition$Stub$Proxy@57f22f1, debugName = TaskFragmentComponent, filter = null }, displayChange = null, requestedLocation = null, userChange = null, windowingLayerChange = null, fullscreenRequestChange = null, flags = 0, debugId = 16 }
04-26 15:41:30.365 W/DisconnectHandler( 1036): No disconnect change found in the transition, not handling request.
04-26 15:41:30.365 V/ShellDesktopMode( 1036): DesktopTasksController: skipping handleRequest reason=triggerTask is null
04-26 15:41:30.365 V/WindowManagerShell( 1036): RemoteTransition directly requested for (#16) android.os.BinderProxy@adcaa98: RemoteTransition { remoteTransition = android.window.IRemoteTransition$Stub$Proxy@57f22f1, appThread = null, debugName = TaskFragmentComponent, filter = null }
04-26 15:41:30.365 V/WindowManagerShell( 1036): Transition (#16): request handled by RemoteTransitionHandler
04-26 15:41:30.366 D/TaskFragmentComponent( 1219): release and clear taskSurface
04-26 15:41:30.366 V/WindowManagerShell( 1036): Transition animation finished (aborted=false), notifying core (#15) android.os.BinderProxy@a5e8f09@0
04-26 15:41:30.372 W/TransitionChain(  736): Combining tfTransact into #16(CHANGE|R|0x0) from tfTransact
04-26 15:41:30.372 V/WindowManager(  736): deferTransitionReady deferReadyDepth=1 stack=com.android.server.wm.WindowOrganizerController.applyTransaction:717 com.android.server.wm.WindowOrganizerController.applyTaskFragmentTransactionLocked:600 com.android.server.wm.TaskFragmentOrganizerController.applyTransaction:761 com.android.server.wm.TaskFragmentOrganizerController.onTransactionHandled:727 android.window.ITaskFragmentOrganizerController$Stub.onTransact:220 
04-26 15:41:30.373 V/WindowManager(  736): continueTransitionReady deferReadyDepth=0 stack=com.android.server.wm.WindowOrganizerController.applyTransaction:864 com.android.server.wm.WindowOrganizerController.applyTaskFragmentTransactionLocked:600 com.android.server.wm.TaskFragmentOrganizerController.applyTransaction:761 com.android.server.wm.TaskFragmentOrganizerController.onTransactionHandled:727 android.window.ITaskFragmentOrganizerController$Stub.onTransact:220 
04-26 15:41:30.373 V/WindowManager(  736): Continue transition id=16 for TaskFragmentTransaction=android.os.Binder@dc9508e
04-26 15:41:30.377 V/WindowManager(  736): Finish Transition (#15): created at 04-26 15:41:30.016 collect-started=0.052ms request-sent=2.105ms started=40.125ms ready=274.352ms sent=328.648ms commit=25.027ms finished=357.816ms
04-26 15:41:30.380 V/WindowManager(  736): Sent Transition (#16) createdAt=04-26 15:41:30.211 via request=TransitionRequestInfo { type = CHANGE, triggerTask = null, pipChange = null, remoteTransitionInfo = RemoteTransitionInfo { remoteTransition = android.window.IRemoteTransition$Stub$Proxy@2d86445, debugName = TaskFragmentComponent, filter = null }, displayChange = null, requestedLocation = null, userChange = null, windowingLayerChange = null, fullscreenRequestChange = null, flags = 0, debugId = 16 }
04-26 15:41:30.380 V/WindowManager(  736):     startWCT=WindowContainerTransaction { changes= {} hops= [] flags= 0 errorCallbackToken=null taskFragmentOrganizer=null }
04-26 15:41:30.380 V/WindowManager(  736):     info={id=16 t=CHANGE f=0x0 trk=1 r=[] c=[]}
04-26 15:41:30.380 V/WindowManagerShell( 1036): onTransitionReady(transaction=3161095931260)
04-26 15:41:30.382 V/WindowManager(  736): deferTransitionReady deferReadyDepth=1 stack=com.android.server.wm.WindowOrganizerController.applyTransaction:717 com.android.server.wm.WindowOrganizerController.applyTransaction:641 com.android.server.wm.WindowOrganizerController.lambda$applyTaskFragmentTransactionLocked$5:617 com.android.server.wm.WindowOrganizerController.$r8$lambda$b9SZ7IAloD3MuUhvAJTdz5zHJ5k:0 com.android.server.wm.WindowOrganizerController$$ExternalSyntheticLambda4.onCollectStarted:0 
04-26 15:41:30.383 V/WindowManager(  736): continueTransitionReady deferReadyDepth=0 stack=com.android.server.wm.WindowOrganizerController.applyTransaction:864 com.android.server.wm.WindowOrganizerController.applyTransaction:641 com.android.server.wm.WindowOrganizerController.lambda$applyTaskFragmentTransactionLocked$5:617 com.android.server.wm.WindowOrganizerController.$r8$lambda$b9SZ7IAloD3MuUhvAJTdz5zHJ5k:0 com.android.server.wm.WindowOrganizerController$$ExternalSyntheticLambda4.onCollectStarted:0 
04-26 15:41:30.386 I/MuMain  ( 5343): Screen size (drawable): 2268x1080 (scale: 3.54 x 2.25)
04-26 15:41:30.387 V/WindowManagerShell( 1036): Track 0 became idle
04-26 15:41:30.387 V/WindowManagerShell( 1036): onTransitionReady (#16) android.os.BinderProxy@adcaa98: {id=16 t=CHANGE f=0x0 trk=1 r=[] c=[]}
04-26 15:41:30.388 V/WindowManagerShell( 1036): No transition roots in (#16) android.os.BinderProxy@adcaa98@1 so abort
04-26 15:41:30.389 V/WindowManagerShell( 1036): Transition animation finished (aborted=true), notifying core (#16) android.os.BinderProxy@adcaa98@1
04-26 15:41:30.392 V/WindowManager(  736): Finish Transition (#16): created at 04-26 15:41:30.211 collect-started=134.281ms request-sent=147.119ms started=154.633ms ready=162.2ms sent=167.886ms finished=180.117ms
04-26 15:41:30.392 I/GL_Compat( 5343): GL_Compat_Init: OK (prog=3, vbo=1, ebo=2)
04-26 15:41:30.392 I/MuRender( 5343): OpenGLCompat initialized (drawable=2268x1080)
04-26 15:41:30.392 I/MuMain  ( 5343): Render backend active: OpenGLCompat
04-26 15:41:30.392 I/GL_Compat( 5343): GL path switch: preferDirectVA=1
04-26 15:41:30.392 I/MuMain  ( 5343): GL compat VA policy: preferDirect=1 (emulator=1)
04-26 15:41:30.392 I/AndroidGDI( 5343): SDL2_ttf initialized, defaultSize=15
04-26 15:41:30.393 V/WindowManagerShell( 1036): Track 1 became idle
04-26 15:41:30.393 V/WindowManagerShell( 1036): All active transition animations finished
04-26 15:41:30.393 V/WindowManagerShell( 1036): Transition requested (#17): android.os.BinderProxy@b2d7ed6 TransitionRequestInfo { type = CLOSE, triggerTask = null, pipChange = null, remoteTransitionInfo = RemoteTransitionInfo { remoteTransition = android.window.IRemoteTransition$Stub$Proxy@e886557, debugName = TaskFragmentComponent, filter = null }, displayChange = null, requestedLocation = null, userChange = null, windowingLayerChange = null, fullscreenRequestChange = null, flags = 0, debugId = 17 }
04-26 15:41:30.393 W/DisconnectHandler( 1036): No disconnect change found in the transition, not handling request.
04-26 15:41:30.393 V/ShellDesktopMode( 1036): DesktopTasksController: skipping handleRequest reason=triggerTask is null
04-26 15:41:30.394 V/WindowManagerShell( 1036): RemoteTransition directly requested for (#17) android.os.BinderProxy@b2d7ed6: RemoteTransition { remoteTransition = android.window.IRemoteTransition$Stub$Proxy@e886557, appThread = null, debugName = TaskFragmentComponent, filter = null }
04-26 15:41:30.394 V/WindowManagerShell( 1036): Transition (#17): request handled by RemoteTransitionHandler
04-26 15:41:30.396 I/AndroidGDI( 5343): Font OK: /system/fonts/DroidSans.ttf sz=15
04-26 15:41:30.398 V/WindowManagerShell( 1036): onTransitionReady(transaction=3161095931271)
04-26 15:41:30.398 I/AndroidGDI( 5343): Font OK: /system/fonts/DroidSans-Bold.ttf sz=15
04-26 15:41:30.398 V/WindowManagerShell( 1036): onTransitionReady (#17) android.os.BinderProxy@b2d7ed6: {id=17 t=CLOSE f=0x0 trk=2 r=[] c=[]}
04-26 15:41:30.398 V/WindowManager(  736): Sent Transition (#17) createdAt=04-26 15:41:30.364 via request=TransitionRequestInfo { type = CLOSE, triggerTask = null, pipChange = null, remoteTransitionInfo = RemoteTransitionInfo { remoteTransition = android.window.IRemoteTransition$Stub$Proxy@70de79a, debugName = TaskFragmentComponent, filter = null }, displayChange = null, requestedLocation = null, userChange = null, windowingLayerChange = null, fullscreenRequestChange = null, flags = 0, debugId = 17 }
04-26 15:41:30.398 V/WindowManager(  736):     startWCT=WindowContainerTransaction { changes= {} hops= [] flags= 0 errorCallbackToken=null taskFragmentOrganizer=null }
04-26 15:41:30.398 V/WindowManager(  736):     info={id=17 t=CLOSE f=0x0 trk=2 r=[] c=[]}
04-26 15:41:30.398 V/WindowManagerShell( 1036): No transition roots in (#17) android.os.BinderProxy@b2d7ed6@2 so abort
04-26 15:41:30.399 I/AndroidGDI( 5343): Font OK: /system/fonts/DroidSans-Bold.ttf sz=30
04-26 15:41:30.399 V/WindowManagerShell( 1036): Transition animation finished (aborted=true), notifying core (#17) android.os.BinderProxy@b2d7ed6@2
04-26 15:41:30.400 I/AndroidGDI( 5343): Font OK: /system/fonts/DroidSans.ttf sz=14
04-26 15:41:30.400 I/MuMain  ( 5343): GDI fonts created: size=15 big=30
04-26 15:41:30.400 I/MuMain  ( 5343): Audio config: sound=1 music=1 rememberMe=0
04-26 15:41:30.400 I/MuMain  ( 5343): 
04-26 15:41:30.400 I/MuMain  ( 5343): Mix_Init requested=0x8 loaded=0x8
04-26 15:41:30.401 D/AudioSystem( 5343): onNewServiceWithAdapter: media.audio_flinger service obtained 0x733fdca99c10
04-26 15:41:30.401 V/WindowManager(  736): Finish Transition (#17): created at 04-26 15:41:30.364 collect-started=15.58ms request-sent=19.126ms started=30.056ms ready=29.98ms sent=32.212ms finished=36.399ms
04-26 15:41:30.404 D/AudioSystem( 5343): getService: IAudioFlingerService retrieved: 0x73401caafd70  IAudioFlinger cached: 0x733fdca99c10
04-26 15:41:30.404 W/AudioFlinger(  560): onStateChanged: pid:5343  uid:10230  state:unfrozen
04-26 15:41:30.405 D/muonline.client( 5343): PlayerBase::PlayerBase()
04-26 15:41:30.405 D/muonline.client( 5343): TrackPlayerBase::TrackPlayerBase()
04-26 15:41:30.405 I/libOpenSLES( 5343): Emulating old channel mask behavior (ignoring positional mask 0x3, using default mask 0x3 based on channel count of 2)
04-26 15:41:30.406 D/VRI[PreloadActivity]( 5343): visibilityChanged oldVisibility=true newVisibility=false
04-26 15:41:30.406 V/WindowManagerShell( 1036): Track 2 became idle
04-26 15:41:30.406 V/WindowManagerShell( 1036): All active transition animations finished
04-26 15:41:30.409 D/NativePermissionController(  560): checkPermission: missing 1 for 10230
04-26 15:41:30.409 D/NativePermissionController(  560): checkPermission: missing 3 for 10230
04-26 15:41:30.409 D/NativePermissionController(  560): checkPermission: missing 5 for 10230
04-26 15:41:30.409 W/AudioFlinger(  560): createTrack_l(): mismatch between requested flags (00000104) and output flags (00000002)
04-26 15:41:30.410 D/AudioFlinger(  560): Client defaulted notificationFrames to 882 for frameCount 4012
04-26 15:41:30.410 I/AF::AfPlaybackCommon(  560): creating track with enforcement level 2 shouldHarden 1
04-26 15:41:30.413 D/WindowOnBackDispatcher( 5343): setTopOnBackInvokedCallback (unwrapped): null
04-26 15:41:30.413 D/CoreBackPreview(  736): Window{8325f08 u0 com.muonline.client/com.muonline.client.PreloadActivity}: Setting back callback null
04-26 15:41:30.415 D/ViewRootImpl( 5343): Skipping stats log for color mode
04-26 15:41:30.417 I/ImeTracker(  736): system_server:db854db5: onRequestHide at ORIGIN_SERVER reason IME_REQUESTED_CHANGED_LISTENER fromUser false displayId 0
04-26 15:41:30.418 I/ImeTracker(  736): system_server:db854db5: onCancelled at PHASE_SERVER_SHOULD_HIDE
04-26 15:41:30.421 V/SDL     ( 5343): onWindowFocusChanged(): true
04-26 15:41:30.421 V/SDL     ( 5343): nativeFocusChanged()
04-26 15:41:30.423 I/ImeTracker(  736): com.muonline.client:c62faa21: onRequestHide at ORIGIN_SERVER reason HIDE_UNSPECIFIED_WINDOW fromUser false userId 0 displayId 0
04-26 15:41:30.425 W/InputChannel-JNI(  736): Channel already disposed.
04-26 15:41:30.426 I/GoogleInputMethodService( 4105): GoogleInputMethodService.onFinishInput():2113 
04-26 15:41:30.427 D/InsetsController( 5343): hide(ime())
04-26 15:41:30.427 I/ImeTracker( 5343): com.muonline.client:c62faa21: onCancelled at PHASE_CLIENT_ALREADY_HIDDEN
04-26 15:41:30.430 I/Module  ( 4105): DeviceLockedStatusModuleProvider$Module.updateDeviceLockedStatus():103 repeatCheckTimes = 0, locked = false
04-26 15:41:30.430 E/AppOps  (  736): attributionTag  not declared in manifest of com.muonline.client
04-26 15:41:30.433 I/GoogleInputMethodService( 4105): GoogleInputMethodService.onStartInput():1384 onStartInput(EditorInfo{EditorInfo{packageName=com.muonline.client, inputType=0, inputTypeString=NULL, enableLearning=false, autoCorrection=false, autoComplete=false, imeOptions=0, privateImeOptions=null, actionName=UNSPECIFIED, actionLabel=null, initialSelStart=-1, initialSelEnd=-1, initialCapsMode=0, label=null, fieldId=0, fieldName=null, extras=null, hintText=null, hintLocales=[]}}, false)
04-26 15:41:30.434 I/ImeTracker(  736): system_server:6ad9c09e: onRequestHide at ORIGIN_SERVER reason IME_REQUESTED_CHANGED_LISTENER fromUser false displayId 0
04-26 15:41:30.434 W/AndroidIME( 4105): LatinIMEBase.updateInputViewCoverNavigation():319 Null input view, cannot update padding!
04-26 15:41:30.434 W/libprocessgroup(  507): A JoinCgroup action in the SystemMemoryProcess profile is used for controller memory in the cgroup v2 hierarchy and will be ignored
04-26 15:41:30.435 I/ImeTracker(  736): system_server:6ad9c09e: onCancelled at PHASE_SERVER_SHOULD_HIDE
04-26 15:41:30.435 E/AppOps  (  736): attributionTag  not declared in manifest of com.muonline.client
04-26 15:41:30.435 I/Module  ( 4105): DeviceLockedStatusModuleProvider$Module.updateDeviceLockedStatus():103 repeatCheckTimes = 1, locked = false
04-26 15:41:30.438 D/muonline.client( 5343): PlayerBase::stop() from IPlayer
04-26 15:41:30.438 D/AudioTrack( 5343): stop(15): called with 0 frames delivered
04-26 15:41:30.438 E/AppOps  (  736): attributionTag  not declared in manifest of com.muonline.client
04-26 15:41:30.439 W/PackageConfigPersister(  736): App-specific configuration not found for packageName: com.muonline.client and userId: 0
04-26 15:41:30.439 E/AppOps  (  736): attributionTag  not declared in manifest of com.muonline.client
04-26 15:41:30.439 I/MuMain  ( 5343): SDL_mixer initialized (32 channels)
04-26 15:41:30.439 I/MuMain  ( 5343): INIT: srand
04-26 15:41:30.439 I/MuMain  ( 5343): INIT: alloc GateAttribute
04-26 15:41:30.439 I/MuMain  ( 5343): INIT: alloc SkillAttribute
04-26 15:41:30.440 I/MuMain  ( 5343): INIT: alloc ItemAttRibute
04-26 15:41:30.441 E/AppOps  (  736): attributionTag  not declared in manifest of com.muonline.client
04-26 15:41:30.441 E/AppOps  (  736): attributionTag  not declared in manifest of com.muonline.client
04-26 15:41:30.441 I/bluetooth( 1174): system/btif/avrcp/avrcp_service.cc:533 SendMediaUpdate: track_changed=true :  play_state=true :  queue=true
04-26 15:41:30.442 E/MediaControlProfile( 1174): onCurrentPlayerStateUpdated: base actions not supported, player actions= 0, expected at least= 7f
04-26 15:41:30.442 I/MuMain  ( 5343): INIT: alloc CharacterMemoryDump
04-26 15:41:30.442 W/MediaControlGattService( 1174): Feature PLAYBACK_SPEED support: true
04-26 15:41:30.442 W/MediaControlGattService( 1174): Feature PLAYBACK_SPEED support: true
04-26 15:41:30.442 W/MediaControlGattService( 1174): Feature PLAYBACK_SPEED support: true
04-26 15:41:30.442 W/MediaControlGattService( 1174): Feature TRACK_POSITION support: true
04-26 15:41:30.442 W/MediaControlGattService( 1174): Feature TRACK_POSITION_NOTIFY support: true
04-26 15:41:30.442 W/MediaControlGattService( 1174): Feature MEDIA_STATE support: true
04-26 15:41:30.442 W/MediaControlGattService( 1174): Feature MEDIA_STATE support: true
04-26 15:41:30.442 I/MuMain  ( 5343): INIT: alloc CharacterMachine
04-26 15:41:30.442 I/MuMain  ( 5343): INIT: CharacterMachine->Init()
04-26 15:41:30.443 I/MuMain  ( 5343): INIT: new UI objects
04-26 15:41:30.444 I/BluetoothAdapterProperties( 1174): getBondedDevices: length=0
04-26 15:41:30.444 W/MediaControlGattService( 1174): Feature MEDIA_CONTROL_POINT_OPCODES_SUPPORTED support: true
04-26 15:41:30.445 W/MediaControlGattService( 1174): Feature TRACK_TITLE support: true
04-26 15:41:30.445 W/MediaControlGattService( 1174): Feature TRACK_TITLE support: true
04-26 15:41:30.445 W/MediaControlGattService( 1174): Feature TRACK_TITLE_NOTIFY support: true
04-26 15:41:30.445 I/BluetoothAdapterProperties( 1174): getBondedDevices: length=0
04-26 15:41:30.446 W/MediaControlGattService( 1174): Feature TRACK_DURATION support: true
04-26 15:41:30.446 W/MediaControlGattService( 1174): Feature TRACK_DURATION support: true
04-26 15:41:30.446 W/MediaControlGattService( 1174): Feature TRACK_DURATION_NOTIFY support: true
04-26 15:41:30.447 I/BluetoothAdapterProperties( 1174): getBondedDevices: length=0
04-26 15:41:30.447 W/MediaControlGattService( 1174): Feature MEDIA_STATE support: true
04-26 15:41:30.447 W/MediaControlGattService( 1174): Feature MEDIA_STATE support: true
04-26 15:41:30.448 I/BluetoothAdapterProperties( 1174): getBondedDevices: length=0
04-26 15:41:30.448 I/MuMain  ( 5343): INIT: BuffStateSystem::Make()
04-26 15:41:30.449 W/MediaControlGattService( 1174): Feature MEDIA_STATE support: true
04-26 15:41:30.449 W/MediaControlGattService( 1174): Feature SEEKING_SPEED support: true
04-26 15:41:30.449 W/MediaControlGattService( 1174): Feature SEEKING_SPEED support: true
04-26 15:41:30.449 W/MediaControlGattService( 1174): Feature SEEKING_SPEED support: true
04-26 15:41:30.449 W/MediaControlGattService( 1174): Feature TRACK_CHANGED support: true
04-26 15:41:30.451 I/BluetoothAdapterProperties( 1174): getBondedDevices: length=0
04-26 15:41:30.451 W/MediaControlProfile( 1174): MCS service state fields left unhandled: 
04-26 15:41:30.451 W/MediaControlProfile( 1174):    > PLAYER_NAME
04-26 15:41:30.451 W/MediaControlProfile( 1174):    > PLAYING_ORDER_SUPPORTED
04-26 15:41:30.493 D/android.hardware.audio@7.1-impl.ranchu(  507): 544 frames of silence written
04-26 15:41:30.493 I/MuMain  ( 5343): INIT: MapProcess::Make()
04-26 15:41:30.493 I/MuMain  ( 5343): INIT: PetProcess::Make()
04-26 15:41:30.494 D/android.hardware.audio@7.1-impl.ranchu(  507): 544 frames of silence written
04-26 15:41:30.495 I/MuMain  ( 5343): INIT: CUIMng::Create()
04-26 15:41:30.495 I/MuMain  ( 5343): INIT: g_pNewUISystem->Create()
04-26 15:41:30.499 W/GFXSTREAM( 5343): [GLESv2Validation.cpp(1217)] Error internal format: 0x4 is invalid.
04-26 15:41:30.499 E/GFXSTREAM( 5343): [GL2Encoder.cpp(2814)] GL error 0x501 condition [!GLESv2Validation::pixelFormat(ctx, internalformat) && !GLESv2Validation::pixelInternalFormat(internalformat)].
04-26 15:41:30.500 W/GFXSTREAM( 5343): [GLESv2Validation.cpp(1217)] Error internal format: 0x4 is invalid.
04-26 15:41:30.500 E/GFXSTREAM( 5343): [GL2Encoder.cpp(2814)] GL error 0x501 condition [!GLESv2Validation::pixelFormat(ctx, internalformat) && !GLESv2Validation::pixelInternalFormat(internalformat)].
04-26 15:41:30.502 W/GFXSTREAM( 5343): [GLESv2Validation.cpp(1217)] Error internal format: 0x4 is invalid.
04-26 15:41:30.502 E/GFXSTREAM( 5343): [GL2Encoder.cpp(2814)] GL error 0x501 condition [!GLESv2Validation::pixelFormat(ctx, internalformat) && !GLESv2Validation::pixelInternalFormat(internalformat)].
04-26 15:41:30.502 W/GFXSTREAM( 5343): [GLESv2Validation.cpp(1217)] Error internal format: 0x4 is invalid.
04-26 15:41:30.502 E/GFXSTREAM( 5343): [GL2Encoder.cpp(2814)] GL error 0x501 condition [!GLESv2Validation::pixelFormat(ctx, internalformat) && !GLESv2Validation::pixelInternalFormat(internalformat)].
04-26 15:41:30.503 W/GFXSTREAM( 5343): [GLESv2Validation.cpp(1217)] Error internal format: 0x4 is invalid.
04-26 15:41:30.503 E/GFXSTREAM( 5343): [GL2Encoder.cpp(2814)] GL error 0x501 condition [!GLESv2Validation::pixelFormat(ctx, internalformat) && !GLESv2Validation::pixelInternalFormat(internalformat)].
04-26 15:41:30.504 W/GFXSTREAM( 5343): [GLESv2Validation.cpp(1217)] Error internal format: 0x3 is invalid.
04-26 15:41:30.504 E/GFXSTREAM( 5343): [GL2Encoder.cpp(2814)] GL error 0x501 condition [!GLESv2Validation::pixelFormat(ctx, internalformat) && !GLESv2Validation::pixelInternalFormat(internalformat)].
04-26 15:41:30.505 W/GFXSTREAM( 5343): [GLESv2Validation.cpp(1217)] Error internal format: 0x4 is invalid.
04-26 15:41:30.505 E/GFXSTREAM( 5343): [GL2Encoder.cpp(2814)] GL error 0x501 condition [!GLESv2Validation::pixelFormat(ctx, internalformat) && !GLESv2Validation::pixelInternalFormat(internalformat)].
04-26 15:41:30.505 W/GFXSTREAM( 5343): [GLESv2Validation.cpp(1217)] Error internal format: 0x3 is invalid.
04-26 15:41:30.505 E/GFXSTREAM( 5343): [GL2Encoder.cpp(2814)] GL error 0x501 condition [!GLESv2Validation::pixelFormat(ctx, internalformat) && !GLESv2Validation::pixelInternalFormat(internalformat)].
04-26 15:41:30.509 W/GFXSTREAM( 5343): [GLESv2Validation.cpp(1217)] Error internal format: 0x4 is invalid.
04-26 15:41:30.509 E/GFXSTREAM( 5343): [GL2Encoder.cpp(2814)] GL error 0x501 condition [!GLESv2Validation::pixelFormat(ctx, internalformat) && !GLESv2Validation::pixelInternalFormat(internalformat)].
04-26 15:41:30.510 W/GFXSTREAM( 5343): [GLESv2Validation.cpp(1217)] Error internal format: 0x4 is invalid.
04-26 15:41:30.511 E/GFXSTREAM( 5343): [GL2Encoder.cpp(2814)] GL error 0x501 condition [!GLESv2Validation::pixelFormat(ctx, internalformat) && !GLESv2Validation::pixelInternalFormat(internalformat)].
04-26 15:41:30.511 W/GFXSTREAM( 5343): [GLESv2Validation.cpp(1217)] Error internal format: 0x4 is invalid.
04-26 15:41:30.511 E/GFXSTREAM( 5343): [GL2Encoder.cpp(2814)] GL error 0x501 condition [!GLESv2Validation::pixelFormat(ctx, internalformat) && !GLESv2Validation::pixelInternalFormat(internalformat)].
04-26 15:41:30.512 W/GFXSTREAM( 5343): [GLESv2Validation.cpp(1217)] Error internal format: 0x4 is invalid.
04-26 15:41:30.512 E/GFXSTREAM( 5343): [GL2Encoder.cpp(2814)] GL error 0x501 condition [!GLESv2Validation::pixelFormat(ctx, internalformat) && !GLESv2Validation::pixelInternalFormat(internalformat)].
04-26 15:41:30.512 W/GFXSTREAM( 5343): [GLESv2Validation.cpp(1217)] Error internal format: 0x3 is invalid.
04-26 15:41:30.512 E/GFXSTREAM( 5343): [GL2Encoder.cpp(2814)] GL error 0x501 condition [!GLESv2Validation::pixelFormat(ctx, internalformat) && !GLESv2Validation::pixelInternalFormat(internalformat)].
04-26 15:41:30.513 W/GFXSTREAM( 5343): [GLESv2Validation.cpp(1217)] Error internal format: 0x4 is invalid.
04-26 15:41:30.513 E/GFXSTREAM( 5343): [GL2Encoder.cpp(2814)] GL error 0x501 condition [!GLESv2Validation::pixelFormat(ctx, internalformat) && !GLESv2Validation::pixelInternalFormat(internalformat)].
04-26 15:41:30.513 W/GFXSTREAM( 5343): [GLESv2Validation.cpp(1217)] Error internal format: 0x4 is invalid.
04-26 15:41:30.513 E/GFXSTREAM( 5343): [GL2Encoder.cpp(2814)] GL error 0x501 condition [!GLESv2Validation::pixelFormat(ctx, internalformat) && !GLESv2Validation::pixelInternalFormat(internalformat)].
04-26 15:41:30.514 W/GFXSTREAM( 5343): [GLESv2Validation.cpp(1217)] Error internal format: 0x4 is invalid.
04-26 15:41:30.514 E/GFXSTREAM( 5343): [GL2Encoder.cpp(2814)] GL error 0x501 condition [!GLESv2Validation::pixelFormat(ctx, internalformat) && !GLESv2Validation::pixelInternalFormat(internalformat)].
04-26 15:41:30.515 W/GFXSTREAM( 5343): [GLESv2Validation.cpp(1217)] Error internal format: 0x4 is invalid.
04-26 15:41:30.515 E/GFXSTREAM( 5343): [GL2Encoder.cpp(2814)] GL error 0x501 condition [!GLESv2Validation::pixelFormat(ctx, internalformat) && !GLESv2Validation::pixelInternalFormat(internalformat)].
04-26 15:41:30.516 W/GFXSTREAM( 5343): [GLESv2Validation.cpp(1217)] Error internal format: 0x4 is invalid.
04-26 15:41:30.516 E/GFXSTREAM( 5343): [GL2Encoder.cpp(2814)] GL error 0x501 condition [!GLESv2Validation::pixelFormat(ctx, internalformat) && !GLESv2Validation::pixelInternalFormat(internalformat)].
04-26 15:41:30.516 W/GFXSTREAM( 5343): [GLESv2Validation.cpp(1217)] Error internal format: 0x4 is invalid.
04-26 15:41:30.516 E/GFXSTREAM( 5343): [GL2Encoder.cpp(2814)] GL error 0x501 condition [!GLESv2Validation::pixelFormat(ctx, internalformat) && !GLESv2Validation::pixelInternalFormat(internalformat)].
04-26 15:41:30.520 W/GFXSTREAM( 5343): [GLESv2Validation.cpp(1217)] Error internal format: 0x4 is invalid.
04-26 15:41:30.520 E/GFXSTREAM( 5343): [GL2Encoder.cpp(2814)] GL error 0x501 condition [!GLESv2Validation::pixelFormat(ctx, internalformat) && !GLESv2Validation::pixelInternalFormat(internalformat)].
04-26 15:41:30.521 W/GFXSTREAM( 5343): [GLESv2Validation.cpp(1217)] Error internal format: 0x4 is invalid.
04-26 15:41:30.521 E/GFXSTREAM( 5343): [GL2Encoder.cpp(2814)] GL error 0x501 condition [!GLESv2Validation::pixelFormat(ctx, internalformat) && !GLESv2Validation::pixelInternalFormat(internalformat)].
04-26 15:41:30.522 W/GFXSTREAM( 5343): [GLESv2Validation.cpp(1217)] Error internal format: 0x4 is invalid.
04-26 15:41:30.522 E/GFXSTREAM( 5343): [GL2Encoder.cpp(2814)] GL error 0x501 condition [!GLESv2Validation::pixelFormat(ctx, internalformat) && !GLESv2Validation::pixelInternalFormat(internalformat)].
04-26 15:41:30.523 W/GFXSTREAM( 5343): [GLESv2Validation.cpp(1217)] Error internal format: 0x4 is invalid.
04-26 15:41:30.523 E/GFXSTREAM( 5343): [GL2Encoder.cpp(2814)] GL error 0x501 condition [!GLESv2Validation::pixelFormat(ctx, internalformat) && !GLESv2Validation::pixelInternalFormat(internalformat)].
04-26 15:41:30.524 W/GFXSTREAM( 5343): [GLESv2Validation.cpp(1217)] Error internal format: 0x4 is invalid.
04-26 15:41:30.524 E/GFXSTREAM( 5343): [GL2Encoder.cpp(2814)] GL error 0x501 condition [!GLESv2Validation::pixelFormat(ctx, internalformat) && !GLESv2Validation::pixelInternalFormat(internalformat)].
04-26 15:41:30.524 W/GFXSTREAM( 5343): [GLESv2Validation.cpp(1217)] Error internal format: 0x3 is invalid.
04-26 15:41:30.524 E/GFXSTREAM( 5343): [GL2Encoder.cpp(2814)] GL error 0x501 condition [!GLESv2Validation::pixelFormat(ctx, internalformat) && !GLESv2Validation::pixelInternalFormat(internalformat)].
04-26 15:41:30.525 W/GFXSTREAM( 5343): [GLESv2Validation.cpp(1217)] Error internal format: 0x4 is invalid.
04-26 15:41:30.525 E/GFXSTREAM( 5343): [GL2Encoder.cpp(2814)] GL error 0x501 condition [!GLESv2Validation::pixelFormat(ctx, internalformat) && !GLESv2Validation::pixelInternalFormat(internalformat)].
04-26 15:41:30.526 W/GFXSTREAM( 5343): [GLESv2Validation.cpp(1217)] Error internal format: 0x4 is invalid.
04-26 15:41:30.526 E/GFXSTREAM( 5343): [GL2Encoder.cpp(2814)] GL error 0x501 condition [!GLESv2Validation::pixelFormat(ctx, internalformat) && !GLESv2Validation::pixelInternalFormat(internalformat)].
04-26 15:41:30.532 W/GFXSTREAM( 5343): [GLESv2Validation.cpp(1217)] Error internal format: 0x4 is invalid.
04-26 15:41:30.532 E/GFXSTREAM( 5343): [GL2Encoder.cpp(2814)] GL error 0x501 condition [!GLESv2Validation::pixelFormat(ctx, internalformat) && !GLESv2Validation::pixelInternalFormat(internalformat)].
04-26 15:41:30.532 W/GFXSTREAM( 5343): [GLESv2Validation.cpp(1217)] Error internal format: 0x4 is invalid.
04-26 15:41:30.532 E/GFXSTREAM( 5343): [GL2Encoder.cpp(2814)] GL error 0x501 condition [!GLESv2Validation::pixelFormat(ctx, internalformat) && !GLESv2Validation::pixelInternalFormat(internalformat)].
04-26 15:41:30.533 W/GFXSTREAM( 5343): [GLESv2Validation.cpp(1217)] Error internal format: 0x4 is invalid.
04-26 15:41:30.533 E/GFXSTREAM( 5343): [GL2Encoder.cpp(2814)] GL error 0x501 condition [!GLESv2Validation::pixelFormat(ctx, internalformat) && !GLESv2Validation::pixelInternalFormat(internalformat)].
04-26 15:41:30.534 W/GFXSTREAM( 5343): [GLESv2Validation.cpp(1217)] Error internal format: 0x4 is invalid.
04-26 15:41:30.534 E/GFXSTREAM( 5343): [GL2Encoder.cpp(2814)] GL error 0x501 condition [!GLESv2Validation::pixelFormat(ctx, internalformat) && !GLESv2Validation::pixelInternalFormat(internalformat)].
04-26 15:41:30.535 W/GFXSTREAM( 5343): [GLESv2Validation.cpp(1217)] Error internal format: 0x3 is invalid.
04-26 15:41:30.535 E/GFXSTREAM( 5343): [GL2Encoder.cpp(2814)] GL error 0x501 condition [!GLESv2Validation::pixelFormat(ctx, internalformat) && !GLESv2Validation::pixelInternalFormat(internalformat)].
04-26 15:41:30.535 W/GFXSTREAM( 5343): [GLESv2Validation.cpp(1217)] Error internal format: 0x3 is invalid.
04-26 15:41:30.535 E/GFXSTREAM( 5343): [GL2Encoder.cpp(2814)] GL error 0x501 condition [!GLESv2Validation::pixelFormat(ctx, internalformat) && !GLESv2Validation::pixelInternalFormat(internalformat)].
04-26 15:41:30.536 W/GFXSTREAM( 5343): [GLESv2Validation.cpp(1217)] Error internal format: 0x4 is invalid.
04-26 15:41:30.536 E/GFXSTREAM( 5343): [GL2Encoder.cpp(2814)] GL error 0x501 condition [!GLESv2Validation::pixelFormat(ctx, internalformat) && !GLESv2Validation::pixelInternalFormat(internalformat)].
04-26 15:41:30.536 I/MuMain  ( 5343): INIT: UI creation done
04-26 15:41:30.537 I/MuMain  ( 5343): VirtualPad: slots loaded version=4 idx=[-1,-1,-1,-1,-1] type=[0,0,0,0,0] path=Data/Local/android_touch_skill_slots.cfg
04-26 15:41:30.537 I/MuMain  ( 5343): VirtualPad slots: [-1,-1,-1,-1,-1]
04-26 15:41:30.537 I/MuMain  ( 5343): Android perf defaults: maxMsgPerCycle=70 targetFps=-1.0 fxScale=1.00 adaptive=on isEmulator=1
04-26 15:41:30.537 I/MuMain  ( 5343): SDL mixer volume set: level=5 sdl=71
04-26 15:41:30.537 I/MuMain  ( 5343): FPS overlay enabled
04-26 15:41:30.537 I/MuMain  ( 5343): All systems initialized — entering main loop
04-26 15:41:30.537 I/MuMain  ( 5343): Window resized → drawable: 2268x1080
04-26 15:41:30.537 I/MuMain  ( 5343): CHATIME IME state changed focused=0 sdlTextInput=1
04-26 15:41:30.540 W/GFXSTREAM( 5343): [GLESv2Validation.cpp(1217)] Error internal format: 0x4 is invalid.
04-26 15:41:30.540 E/GFXSTREAM( 5343): [GL2Encoder.cpp(2814)] GL error 0x501 condition [!GLESv2Validation::pixelFormat(ctx, internalformat) && !GLESv2Validation::pixelInternalFormat(internalformat)].
04-26 15:41:30.552 W/GFXSTREAM( 5343): [GLESv2Validation.cpp(1217)] Error internal format: 0x4 is invalid.
04-26 15:41:30.552 E/GFXSTREAM( 5343): [GL2Encoder.cpp(2814)] GL error 0x501 condition [!GLESv2Validation::pixelFormat(ctx, internalformat) && !GLESv2Validation::pixelInternalFormat(internalformat)].
04-26 15:41:30.554 W/GFXSTREAM( 5343): [GLESv2Validation.cpp(1217)] Error internal format: 0x4 is invalid.
04-26 15:41:30.554 E/GFXSTREAM( 5343): [GL2Encoder.cpp(2814)] GL error 0x501 condition [!GLESv2Validation::pixelFormat(ctx, internalformat) && !GLESv2Validation::pixelInternalFormat(internalformat)].
04-26 15:41:30.554 W/GFXSTREAM( 5343): [GLESv2Validation.cpp(1217)] Error internal format: 0x3 is invalid.
04-26 15:41:30.554 E/GFXSTREAM( 5343): [GL2Encoder.cpp(2814)] GL error 0x501 condition [!GLESv2Validation::pixelFormat(ctx, internalformat) && !GLESv2Validation::pixelInternalFormat(internalformat)].
04-26 15:41:30.554 W/GFXSTREAM( 5343): [GLESv2Validation.cpp(1217)] Error internal format: 0x3 is invalid.
04-26 15:41:30.554 E/GFXSTREAM( 5343): [GL2Encoder.cpp(2814)] GL error 0x501 condition [!GLESv2Validation::pixelFormat(ctx, internalformat) && !GLESv2Validation::pixelInternalFormat(internalformat)].
04-26 15:41:30.556 W/GFXSTREAM( 5343): [GLESv2Validation.cpp(1217)] Error internal format: 0x4 is invalid.
04-26 15:41:30.556 E/GFXSTREAM( 5343): [GL2Encoder.cpp(2814)] GL error 0x501 condition [!GLESv2Validation::pixelFormat(ctx, internalformat) && !GLESv2Validation::pixelInternalFormat(internalformat)].
04-26 15:41:30.557 W/GFXSTREAM( 5343): [GLESv2Validation.cpp(1217)] Error internal format: 0x4 is invalid.
04-26 15:41:30.557 E/GFXSTREAM( 5343): [GL2Encoder.cpp(2814)] GL error 0x501 condition [!GLESv2Validation::pixelFormat(ctx, internalformat) && !GLESv2Validation::pixelInternalFormat(internalformat)].
04-26 15:41:30.558 W/GFXSTREAM( 5343): [GLESv2Validation.cpp(1217)] Error internal format: 0x4 is invalid.
04-26 15:41:30.558 E/GFXSTREAM( 5343): [GL2Encoder.cpp(2814)] GL error 0x501 condition [!GLESv2Validation::pixelFormat(ctx, internalformat) && !GLESv2Validation::pixelInternalFormat(internalformat)].
04-26 15:41:30.559 W/GFXSTREAM( 5343): [GLESv2Validation.cpp(1217)] Error internal format: 0x3 is invalid.
04-26 15:41:30.559 E/GFXSTREAM( 5343): [GL2Encoder.cpp(2814)] GL error 0x501 condition [!GLESv2Validation::pixelFormat(ctx, internalformat) && !GLESv2Validation::pixelInternalFormat(internalformat)].
04-26 15:41:30.559 W/GFXSTREAM( 5343): [GLESv2Validation.cpp(1217)] Error internal format: 0x3 is invalid.
04-26 15:41:30.559 E/GFXSTREAM( 5343): [GL2Encoder.cpp(2814)] GL error 0x501 condition [!GLESv2Validation::pixelFormat(ctx, internalformat) && !GLESv2Validation::pixelInternalFormat(internalformat)].
04-26 15:41:30.559 W/GFXSTREAM( 5343): [GLESv2Validation.cpp(1217)] Error internal format: 0x3 is invalid.
04-26 15:41:30.559 E/GFXSTREAM( 5343): [GL2Encoder.cpp(2814)] GL error 0x501 condition [!GLESv2Validation::pixelFormat(ctx, internalformat) && !GLESv2Validation::pixelInternalFormat(internalformat)].
04-26 15:41:30.559 W/GFXSTREAM( 5343): [GLESv2Validation.cpp(1217)] Error internal format: 0x3 is invalid.
04-26 15:41:30.559 E/GFXSTREAM( 5343): [GL2Encoder.cpp(2814)] GL error 0x501 condition [!GLESv2Validation::pixelFormat(ctx, internalformat) && !GLESv2Validation::pixelInternalFormat(internalformat)].
04-26 15:41:30.560 W/GFXSTREAM( 5343): [GLESv2Validation.cpp(1217)] Error internal format: 0x3 is invalid.
04-26 15:41:30.560 E/GFXSTREAM( 5343): [GL2Encoder.cpp(2814)] GL error 0x501 condition [!GLESv2Validation::pixelFormat(ctx, internalformat) && !GLESv2Validation::pixelInternalFormat(internalformat)].
04-26 15:41:30.560 W/GFXSTREAM( 5343): [GLESv2Validation.cpp(1217)] Error internal format: 0x3 is invalid.
04-26 15:41:30.560 E/GFXSTREAM( 5343): [GL2Encoder.cpp(2814)] GL error 0x501 condition [!GLESv2Validation::pixelFormat(ctx, internalformat) && !GLESv2Validation::pixelInternalFormat(internalformat)].
04-26 15:41:30.560 W/GFXSTREAM( 5343): [GLESv2Validation.cpp(1217)] Error internal format: 0x3 is invalid.
04-26 15:41:30.560 E/GFXSTREAM( 5343): [GL2Encoder.cpp(2814)] GL error 0x501 condition [!GLESv2Validation::pixelFormat(ctx, internalformat) && !GLESv2Validation::pixelInternalFormat(internalformat)].
04-26 15:41:30.561 W/GFXSTREAM( 5343): [GLESv2Validation.cpp(1217)] Error internal format: 0x3 is invalid.
04-26 15:41:30.561 E/GFXSTREAM( 5343): [GL2Encoder.cpp(2814)] GL error 0x501 condition [!GLESv2Validation::pixelFormat(ctx, internalformat) && !GLESv2Validation::pixelInternalFormat(internalformat)].
04-26 15:41:30.561 W/GFXSTREAM( 5343): [GLESv2Validation.cpp(1217)] Error internal format: 0x3 is invalid.
04-26 15:41:30.561 E/GFXSTREAM( 5343): [GL2Encoder.cpp(2814)] GL error 0x501 condition [!GLESv2Validation::pixelFormat(ctx, internalformat) && !GLESv2Validation::pixelInternalFormat(internalformat)].
04-26 15:41:30.561 D/AudioFlinger(  560): mixer(0x718908b67790) throttle end: throttle time(30)
