04-26 16:41:49.838 V/SDL     ( 8613): Window size: 2268x1080
04-26 16:41:49.838 V/SDL     ( 8613): Device size: 2400x1080
04-26 16:41:49.844 I/libbinder.BpBinder(  566): onLastStrongRef automatically unlinking death recipients for binder (0x7eaa36066b80) with descriptor: '(not cached)'
04-26 16:41:49.858 I/MuMain  ( 8613): Screen size (drawable): 2268x943 (scale: 3.54 x 1.96)
04-26 16:41:49.863 I/GL_Compat( 8613): GL_Compat_Init: OK (prog=3, vbo=1, ebo=2)
04-26 16:41:49.863 I/MuRender( 8613): OpenGLCompat initialized (drawable=2268x943)
04-26 16:41:49.863 I/MuMain  ( 8613): Render backend active: OpenGLCompat
04-26 16:41:49.863 I/GL_Compat( 8613): GL path switch: preferDirectVA=1
04-26 16:41:49.863 I/MuMain  ( 8613): GL compat VA policy: preferDirect=1 (emulator=1)
04-26 16:41:49.864 I/AndroidGDI( 8613): SDL2_ttf initialized, defaultSize=15
04-26 16:41:49.864 I/AndroidGDI( 8613): Font OK: /system/fonts/DroidSans.ttf sz=15
04-26 16:41:49.865 I/AndroidGDI( 8613): Font OK: /system/fonts/DroidSans-Bold.ttf sz=15
04-26 16:41:49.865 I/AndroidGDI( 8613): Font OK: /system/fonts/DroidSans-Bold.ttf sz=30
04-26 16:41:49.866 I/AndroidGDI( 8613): Font OK: /system/fonts/DroidSans.ttf sz=14
04-26 16:41:49.866 I/MuMain  ( 8613): GDI fonts created: size=15 big=30
04-26 16:41:49.866 I/MuMain  ( 8613): Audio config: sound=1 music=1 rememberMe=0
04-26 16:41:49.866 I/MuMain  ( 8613): 
04-26 16:41:49.866 I/MuMain  ( 8613): Mix_Init requested=0x8 loaded=0x8
04-26 16:41:49.867 D/AudioSystem( 8613): onNewServiceWithAdapter: media.audio_flinger service obtained 0x733fdca99670
04-26 16:41:49.868 W/AudioFlinger(  560): onStateChanged: pid:8613  uid:10230  state:unfrozen
04-26 16:41:49.868 D/AudioSystem( 8613): getService: IAudioFlingerService retrieved: 0x73401cab0810  IAudioFlinger cached: 0x733fdca99670
04-26 16:41:49.869 D/muonline.client( 8613): PlayerBase::PlayerBase()
04-26 16:41:49.869 D/muonline.client( 8613): TrackPlayerBase::TrackPlayerBase()
04-26 16:41:49.869 I/libOpenSLES( 8613): Emulating old channel mask behavior (ignoring positional mask 0x3, using default mask 0x3 based on channel count of 2)
04-26 16:41:49.874 D/NativePermissionController(  560): checkPermission: missing 1 for 10230
04-26 16:41:49.874 D/NativePermissionController(  560): checkPermission: missing 3 for 10230
04-26 16:41:49.874 D/NativePermissionController(  560): checkPermission: missing 5 for 10230
04-26 16:41:49.875 W/AudioFlinger(  560): createTrack_l(): mismatch between requested flags (00000104) and output flags (00000002)
04-26 16:41:49.876 D/AudioFlinger(  560): Client defaulted notificationFrames to 882 for frameCount 4012
04-26 16:41:49.876 I/AF::AfPlaybackCommon(  560): creating track with enforcement level 2 shouldHarden 1
04-26 16:41:49.886 E/AppOps  (  736): attributionTag  not declared in manifest of com.muonline.client
04-26 16:41:49.887 E/AppOps  (  736): attributionTag  not declared in manifest of com.muonline.client
04-26 16:41:49.887 I/bluetooth( 1174): system/btif/avrcp/avrcp_service.cc:533 SendMediaUpdate: track_changed=false :  play_state=true :  queue=false
04-26 16:41:49.888 D/muonline.client( 8613): PlayerBase::stop() from IPlayer
04-26 16:41:49.888 D/AudioTrack( 8613): stop(25): called with 0 frames delivered
04-26 16:41:49.889 E/AppOps  (  736): attributionTag  not declared in manifest of com.muonline.client
04-26 16:41:49.889 I/MuMain  ( 8613): SDL_mixer initialized (32 channels)
04-26 16:41:49.889 I/MuMain  ( 8613): INIT: srand
04-26 16:41:49.889 I/MuMain  ( 8613): INIT: alloc GateAttribute
04-26 16:41:49.889 I/MuMain  ( 8613): INIT: alloc SkillAttribute
04-26 16:41:49.889 I/MuMain  ( 8613): INIT: alloc ItemAttRibute
04-26 16:41:49.890 I/MuMain  ( 8613): INIT: alloc CharacterMemoryDump
04-26 16:41:49.891 I/MuMain  ( 8613): INIT: alloc CharacterMachine
04-26 16:41:49.891 E/MediaControlProfile( 1174): onCurrentPlayerStateUpdated: base actions not supported, player actions= 0, expected at least= 7f
04-26 16:41:49.891 I/MuMain  ( 8613): INIT: CharacterMachine->Init()
04-26 16:41:49.891 I/MuMain  ( 8613): INIT: new UI objects
04-26 16:41:49.892 W/MediaControlGattService( 1174): Feature PLAYBACK_SPEED support: true
04-26 16:41:49.892 W/MediaControlGattService( 1174): Feature PLAYBACK_SPEED support: true
04-26 16:41:49.892 W/MediaControlGattService( 1174): Feature PLAYBACK_SPEED support: true
04-26 16:41:49.892 W/MediaControlGattService( 1174): Feature PLAYBACK_SPEED_NOTIFY support: true
04-26 16:41:49.892 E/AppOps  (  736): attributionTag  not declared in manifest of com.muonline.client
04-26 16:41:49.894 I/BluetoothAdapterProperties( 1174): getBondedDevices: length=0
04-26 16:41:49.895 E/AppOps  (  736): attributionTag  not declared in manifest of com.muonline.client
04-26 16:41:49.896 I/MuMain  ( 8613): INIT: BuffStateSystem::Make()
04-26 16:41:49.896 W/MediaControlGattService( 1174): Feature TRACK_POSITION support: true
04-26 16:41:49.896 W/MediaControlGattService( 1174): Feature TRACK_POSITION_NOTIFY support: true
04-26 16:41:49.896 W/MediaControlGattService( 1174): Feature MEDIA_STATE support: true
04-26 16:41:49.897 E/AppOps  (  736): attributionTag  not declared in manifest of com.muonline.client
04-26 16:41:49.898 I/BluetoothAdapterProperties( 1174): getBondedDevices: length=0
04-26 16:41:49.898 I/MuMain  ( 8613): INIT: MapProcess::Make()
04-26 16:41:49.898 I/MuMain  ( 8613): INIT: PetProcess::Make()
04-26 16:41:49.898 W/MediaControlGattService( 1174): Feature MEDIA_CONTROL_POINT_OPCODES_SUPPORTED support: true
04-26 16:41:49.899 W/MediaControlGattService( 1174): Feature MEDIA_STATE support: true
04-26 16:41:49.899 W/MediaControlGattService( 1174): Feature MEDIA_STATE support: true
04-26 16:41:49.900 I/MuMain  ( 8613): INIT: CUIMng::Create()
04-26 16:41:49.900 I/MuMain  ( 8613): INIT: g_pNewUISystem->Create()
04-26 16:41:49.900 I/BluetoothAdapterProperties( 1174): getBondedDevices: length=0
04-26 16:41:49.900 W/MediaControlGattService( 1174): Feature MEDIA_STATE support: true
04-26 16:41:49.900 W/MediaControlGattService( 1174): Feature SEEKING_SPEED support: true
04-26 16:41:49.900 W/MediaControlGattService( 1174): Feature SEEKING_SPEED support: true
04-26 16:41:49.900 W/MediaControlGattService( 1174): Feature SEEKING_SPEED support: true
04-26 16:41:49.900 W/MediaControlProfile( 1174): MCS service state fields left unhandled: 
04-26 16:41:49.901 W/MediaControlProfile( 1174):    > PLAYER_NAME
04-26 16:41:49.901 W/MediaControlProfile( 1174):    > PLAYING_ORDER_SUPPORTED
04-26 16:41:49.921 I/RanchuHwc(  521): logCompositionFallbackIfChanged: layer 158 CompositionType fallback from 2 to 1
04-26 16:41:49.922 I/RanchuHwc(  521): logCompositionFallbackIfChanged: layer 159 CompositionType fallback from 2 to 1
04-26 16:41:49.922 I/RanchuHwc(  521): logCompositionFallbackIfChanged: layer 154 CompositionType fallback from 3 to 1
04-26 16:41:49.922 W/skia    (  566): AGTM parsing failed flags.readFromStream(s) at 159
04-26 16:41:49.922 W/skia    (  566): AGTM parsing failed flags.readFromStream(s) at 159
04-26 16:41:49.922 W/skia    (  566): AGTM parsing failed flags.readFromStream(s) at 159
04-26 16:41:49.922 W/skia    (  566): AGTM parsing failed flags.readFromStream(s) at 159
04-26 16:41:49.922 W/skia    (  566): AGTM parsing failed flags.readFromStream(s) at 159
04-26 16:41:49.927 V/SDL     ( 8613): onWindowFocusChanged(): true
04-26 16:41:49.927 V/SDL     ( 8613): nativeFocusChanged()
04-26 16:41:49.929 I/ImeTracker(  736): com.muonline.client:516c5797: onRequestHide at ORIGIN_SERVER reason HIDE_UNSPECIFIED_WINDOW fromUser false userId 0 displayId 0
04-26 16:41:49.930 D/InsetsController( 8613): hide(ime())
04-26 16:41:49.930 I/ImeTracker( 8613): com.muonline.client:516c5797: onCancelled at PHASE_CLIENT_ALREADY_HIDDEN
04-26 16:41:49.930 I/MuMain  ( 8613): INIT: UI creation done
04-26 16:41:49.931 I/MuMain  ( 8613): VirtualPad: slots loaded version=4 idx=[-1,-1,-1,-1,-1] type=[0,0,0,0,0] path=Data/Local/android_touch_skill_slots.cfg
04-26 16:41:49.931 I/MuMain  ( 8613): VirtualPad slots: [-1,-1,-1,-1,-1]
04-26 16:41:49.931 I/MuMain  ( 8613): Android perf defaults: maxMsgPerCycle=70 targetFps=-1.0 fxScale=1.00 adaptive=on isEmulator=1
04-26 16:41:49.931 I/MuMain  ( 8613): SDL mixer volume set: level=5 sdl=71
04-26 16:41:49.931 I/MuMain  ( 8613): FPS overlay enabled
04-26 16:41:49.931 I/MuMain  ( 8613): All systems initialized — entering main loop
04-26 16:41:49.931 I/MuMain  ( 8613): Window resized → drawable: 2268x1080
04-26 16:41:49.931 I/MuMain  ( 8613): CHATIME IME state changed focused=0 sdlTextInput=1
04-26 16:41:49.931 W/InputChannel-JNI(  736): Channel already disposed.
04-26 16:41:49.931 I/MuMain  ( 8613): WEBZEN: enter
04-26 16:41:49.932 I/GoogleInputMethodService( 4105): GoogleInputMethodService.onFinishInput():2113 
04-26 16:41:49.934 I/ImeTracker(  736): system_server:794e8b94: onRequestHide at ORIGIN_SERVER reason IME_REQUESTED_CHANGED_LISTENER fromUser false displayId 0
04-26 16:41:49.935 I/Module  ( 4105): DeviceLockedStatusModuleProvider$Module.updateDeviceLockedStatus():103 repeatCheckTimes = 0, locked = false
04-26 16:41:49.937 W/skia    (  566): AGTM parsing failed flags.readFromStream(s) at 159
04-26 16:41:49.937 W/skia    (  566): AGTM parsing failed flags.readFromStream(s) at 159
04-26 16:41:49.937 W/skia    (  566): AGTM parsing failed flags.readFromStream(s) at 159
04-26 16:41:49.937 W/skia    (  566): AGTM parsing failed flags.readFromStream(s) at 159
04-26 16:41:49.937 W/skia    (  566): AGTM parsing failed flags.readFromStream(s) at 159
04-26 16:41:49.938 I/ImeTracker(  736): system_server:794e8b94: onCancelled at PHASE_SERVER_SHOULD_HIDE
04-26 16:41:49.939 I/MuMain  ( 8613): WEBZEN: loading title bitmaps
04-26 16:41:49.942 I/GoogleInputMethodService( 4105): GoogleInputMethodService.onStartInput():1384 onStartInput(EditorInfo{EditorInfo{packageName=com.muonline.client, inputType=0, inputTypeString=NULL, enableLearning=false, autoCorrection=false, autoComplete=false, imeOptions=0, privateImeOptions=null, actionName=UNSPECIFIED, actionLabel=null, initialSelStart=-1, initialSelEnd=-1, initialCapsMode=0, label=null, fieldId=0, fieldName=null, extras=null, hintText=null, hintLocales=[]}}, false)
04-26 16:41:49.943 W/AndroidIME( 4105): LatinIMEBase.updateInputViewCoverNavigation():319 Null input view, cannot update padding!
04-26 16:41:49.944 I/Module  ( 4105): DeviceLockedStatusModuleProvider$Module.updateDeviceLockedStatus():103 repeatCheckTimes = 1, locked = false
04-26 16:41:49.947 W/PackageConfigPersister(  736): App-specific configuration not found for packageName: com.muonline.client and userId: 0
04-26 16:41:49.950 I/MuMain  ( 8613): WEBZEN: OpenBasicData begin
04-26 16:41:49.950 I/MuMain  ( 8613): OPENBASIC: enter
04-26 16:41:49.950 I/MuMain  ( 8613): OPENBASIC: RenderTitle 0 begin
04-26 16:41:49.951 I/MuMain  ( 8613): OPENBASIC: RenderTitle 0 done
04-26 16:41:49.951 I/MuMain  ( 8613): OPENBASIC: first bitmap group begin
04-26 16:41:49.954 W/skia    (  566): AGTM parsing failed flags.readFromStream(s) at 159
04-26 16:41:49.954 W/skia    (  566): AGTM parsing failed flags.readFromStream(s) at 159
04-26 16:41:49.954 W/skia    (  566): AGTM parsing failed flags.readFromStream(s) at 159
04-26 16:41:49.954 W/skia    (  566): AGTM parsing failed flags.readFromStream(s) at 159
04-26 16:41:49.955 W/skia    (  566): AGTM parsing failed flags.readFromStream(s) at 159
04-26 16:41:49.970 W/skia    (  566): AGTM parsing failed flags.readFromStream(s) at 159
04-26 16:41:49.970 W/skia    (  566): AGTM parsing failed flags.readFromStream(s) at 159
04-26 16:41:49.970 W/skia    (  566): AGTM parsing failed flags.readFromStream(s) at 159
04-26 16:41:49.970 W/skia    (  566): AGTM parsing failed flags.readFromStream(s) at 159
04-26 16:41:49.970 W/skia    (  566): AGTM parsing failed flags.readFromStream(s) at 159
04-26 16:41:49.976 I/MuMain  ( 8613): OPENBASIC: first bitmap group done
04-26 16:41:49.988 W/skia    (  566): AGTM parsing failed flags.readFromStream(s) at 159
04-26 16:41:49.989 W/skia    (  566): AGTM parsing failed flags.readFromStream(s) at 159
04-26 16:41:49.989 W/skia    (  566): AGTM parsing failed flags.readFromStream(s) at 159
04-26 16:41:49.989 W/skia    (  566): AGTM parsing failed flags.readFromStream(s) at 159
04-26 16:41:49.989 W/skia    (  566): AGTM parsing failed flags.readFromStream(s) at 159
04-26 16:41:50.004 W/skia    (  566): AGTM parsing failed flags.readFromStream(s) at 159
04-26 16:41:50.004 W/skia    (  566): AGTM parsing failed flags.readFromStream(s) at 159
04-26 16:41:50.004 W/skia    (  566): AGTM parsing failed flags.readFromStream(s) at 159
04-26 16:41:50.004 W/skia    (  566): AGTM parsing failed flags.readFromStream(s) at 159
04-26 16:41:50.005 W/skia    (  566): AGTM parsing failed flags.readFromStream(s) at 159
04-26 16:41:50.008 I/TakumiErrorReport( 8613): File not found Data\Effect\Shiny04.jpg (32118)->Data\Effect\Shiny05.jpg
04-26 16:41:50.020 W/skia    (  566): AGTM parsing failed flags.readFromStream(s) at 159
04-26 16:41:50.021 W/skia    (  566): AGTM parsing failed flags.readFromStream(s) at 159
04-26 16:41:50.021 W/skia    (  566): AGTM parsing failed flags.readFromStream(s) at 159
04-26 16:41:50.021 W/skia    (  566): AGTM parsing failed flags.readFromStream(s) at 159
04-26 16:41:50.021 W/skia    (  566): AGTM parsing failed flags.readFromStream(s) at 159
04-26 16:41:50.037 W/skia    (  566): AGTM parsing failed flags.readFromStream(s) at 159
04-26 16:41:50.037 W/skia    (  566): AGTM parsing failed flags.readFromStream(s) at 159
04-26 16:41:50.037 W/skia    (  566): AGTM parsing failed flags.readFromStream(s) at 159
04-26 16:41:50.037 W/skia    (  566): AGTM parsing failed flags.readFromStream(s) at 159
04-26 16:41:50.037 W/skia    (  566): AGTM parsing failed flags.readFromStream(s) at 159
04-26 16:41:50.053 W/skia    (  566): AGTM parsing failed flags.readFromStream(s) at 159
04-26 16:41:50.053 W/skia    (  566): AGTM parsing failed flags.readFromStream(s) at 159
04-26 16:41:50.053 W/skia    (  566): AGTM parsing failed flags.readFromStream(s) at 159
04-26 16:41:50.053 W/skia    (  566): AGTM parsing failed flags.readFromStream(s) at 159
04-26 16:41:50.054 W/skia    (  566): AGTM parsing failed flags.readFromStream(s) at 159
04-26 16:41:50.070 W/skia    (  566): AGTM parsing failed flags.readFromStream(s) at 159
04-26 16:41:50.070 W/skia    (  566): AGTM parsing failed flags.readFromStream(s) at 159
04-26 16:41:50.070 W/skia    (  566): AGTM parsing failed flags.readFromStream(s) at 159
04-26 16:41:50.070 W/skia    (  566): AGTM parsing failed flags.readFromStream(s) at 159
04-26 16:41:50.070 W/skia    (  566): AGTM parsing failed flags.readFromStream(s) at 159
04-26 16:41:50.077 I/TakumiErrorReport( 8613): > First Load Files OK.
04-26 16:41:50.087 W/skia    (  566): AGTM parsing failed flags.readFromStream(s) at 159
04-26 16:41:50.087 W/skia    (  566): AGTM parsing failed flags.readFromStream(s) at 159
04-26 16:41:50.087 W/skia    (  566): AGTM parsing failed flags.readFromStream(s) at 159
04-26 16:41:50.087 W/skia    (  566): AGTM parsing failed flags.readFromStream(s) at 159
04-26 16:41:50.087 W/skia    (  566): AGTM parsing failed flags.readFromStream(s) at 159
04-26 16:41:50.104 W/skia    (  566): AGTM parsing failed flags.readFromStream(s) at 159
04-26 16:41:50.104 W/skia    (  566): AGTM parsing failed flags.readFromStream(s) at 159
04-26 16:41:50.105 W/skia    (  566): AGTM parsing failed flags.readFromStream(s) at 159
04-26 16:41:50.105 W/skia    (  566): AGTM parsing failed flags.readFromStream(s) at 159
04-26 16:41:50.105 W/skia    (  566): AGTM parsing failed flags.readFromStream(s) at 159
04-26 16:41:50.120 W/skia    (  566): AGTM parsing failed flags.readFromStream(s) at 159
04-26 16:41:50.120 W/skia    (  566): AGTM parsing failed flags.readFromStream(s) at 159
04-26 16:41:50.120 W/skia    (  566): AGTM parsing failed flags.readFromStream(s) at 159
04-26 16:41:50.120 W/skia    (  566): AGTM parsing failed flags.readFromStream(s) at 159
04-26 16:41:50.120 W/skia    (  566): AGTM parsing failed flags.readFromStream(s) at 159
04-26 16:41:50.138 W/skia    (  566): AGTM parsing failed flags.readFromStream(s) at 159
04-26 16:41:50.138 W/skia    (  566): AGTM parsing failed flags.readFromStream(s) at 159
04-26 16:41:50.138 W/skia    (  566): AGTM parsing failed flags.readFromStream(s) at 159
04-26 16:41:50.138 W/skia    (  566): AGTM parsing failed flags.readFromStream(s) at 159
04-26 16:41:50.138 W/skia    (  566): AGTM parsing failed flags.readFromStream(s) at 159
04-26 16:41:50.153 W/skia    (  566): AGTM parsing failed flags.readFromStream(s) at 159
04-26 16:41:50.154 W/skia    (  566): AGTM parsing failed flags.readFromStream(s) at 159
04-26 16:41:50.154 W/skia    (  566): AGTM parsing failed flags.readFromStream(s) at 159
04-26 16:41:50.154 W/skia    (  566): AGTM parsing failed flags.readFromStream(s) at 159
04-26 16:41:50.154 W/skia    (  566): AGTM parsing failed flags.readFromStream(s) at 159
04-26 16:41:50.171 W/skia    (  566): AGTM parsing failed flags.readFromStream(s) at 159
04-26 16:41:50.171 W/skia    (  566): AGTM parsing failed flags.readFromStream(s) at 159
04-26 16:41:50.172 W/skia    (  566): AGTM parsing failed flags.readFromStream(s) at 159
04-26 16:41:50.186 W/skia    (  566): AGTM parsing failed flags.readFromStream(s) at 159
04-26 16:41:50.186 W/skia    (  566): AGTM parsing failed flags.readFromStream(s) at 159
04-26 16:41:50.187 W/skia    (  566): AGTM parsing failed flags.readFromStream(s) at 159
04-26 16:41:50.203 W/skia    (  566): AGTM parsing failed flags.readFromStream(s) at 159
04-26 16:41:50.204 W/skia    (  566): AGTM parsing failed flags.readFromStream(s) at 159
04-26 16:41:50.204 W/skia    (  566): AGTM parsing failed flags.readFromStream(s) at 159
04-26 16:41:50.205 I/ImeTracker(  736): system_server:a40b908d: onRequestHide at ORIGIN_SERVER reason IME_REQUESTED_CHANGED_LISTENER fromUser false displayId 0
04-26 16:41:50.206 I/ImeTracker(  736): system_server:a40b908d: onCancelled at PHASE_SERVER_SHOULD_HIDE
04-26 16:41:50.220 W/skia    (  566): AGTM parsing failed flags.readFromStream(s) at 159
04-26 16:41:50.220 W/skia    (  566): AGTM parsing failed flags.readFromStream(s) at 159
04-26 16:41:50.220 W/skia    (  566): AGTM parsing failed flags.readFromStream(s) at 159
04-26 16:41:50.237 W/skia    (  566): AGTM parsing failed flags.readFromStream(s) at 159
04-26 16:41:50.237 W/skia    (  566): AGTM parsing failed flags.readFromStream(s) at 159
04-26 16:41:50.237 W/skia    (  566): AGTM parsing failed flags.readFromStream(s) at 159
04-26 16:41:50.253 W/skia    (  566): AGTM parsing failed flags.readFromStream(s) at 159
04-26 16:41:50.254 W/skia    (  566): AGTM parsing failed flags.readFromStream(s) at 159
04-26 16:41:50.254 W/skia    (  566): AGTM parsing failed flags.readFromStream(s) at 159
04-26 16:41:50.269 W/skia    (  566): AGTM parsing failed flags.readFromStream(s) at 159
04-26 16:41:50.270 W/skia    (  566): AGTM parsing failed flags.readFromStream(s) at 159
04-26 16:41:50.270 W/skia    (  566): AGTM parsing failed flags.readFromStream(s) at 159
04-26 16:41:50.289 W/skia    (  566): AGTM parsing failed flags.readFromStream(s) at 159
04-26 16:41:50.289 W/skia    (  566): AGTM parsing failed flags.readFromStream(s) at 159
04-26 16:41:50.289 W/skia    (  566): AGTM parsing failed flags.readFromStream(s) at 159
04-26 16:41:50.302 V/WindowManagerShell( 1036): Transition animation finished (aborted=false), notifying core (#56) android.os.BinderProxy@22a1ec@0
04-26 16:41:50.303 W/skia    (  566): AGTM parsing failed flags.readFromStream(s) at 159
04-26 16:41:50.303 W/skia    (  566): AGTM parsing failed flags.readFromStream(s) at 159
04-26 16:41:50.303 W/skia    (  566): AGTM parsing failed flags.readFromStream(s) at 159
04-26 16:41:50.306 V/WindowManager(  736): Finish Transition (#56): created at 04-26 16:41:49.622 collect-started=0.234ms request-sent=7.207ms started=10.014ms ready=20.214ms sent=190.361ms commit=23.905ms finished=682.778ms
04-26 16:41:50.309 D/VRI[PreloadActivity]( 8613): visibilityChanged oldVisibility=true newVisibility=false
04-26 16:41:50.309 V/WindowManagerShell( 1036): Track 0 became idle
04-26 16:41:50.309 V/WindowManagerShell( 1036): All active transition animations finished
04-26 16:41:50.328 D/WindowOnBackDispatcher( 8613): setTopOnBackInvokedCallback (unwrapped): null
04-26 16:41:50.329 D/CoreBackPreview(  736): Window{bd7224a u0 com.muonline.client/com.muonline.client.PreloadActivity}: Setting back callback null
04-26 16:41:50.329 D/ViewRootImpl( 8613): Skipping stats log for color mode
04-26 16:41:51.012 I/AdbWifiNetworkMonitor(  736): Wi-Fi network available
04-26 16:41:51.012 I/AdbWifiNetworkMonitor(  736): Received the same Wi-Fi SSID. Ignoring.
04-26 16:41:51.014 W/libbinder.IPCThreadState(  736): Sending oneway calls to frozen process.
04-26 16:41:51.015 W/libbinder.IPCThreadState(  736): Sending oneway calls to frozen process.
04-26 16:41:51.015 I/HalDevMgr(  736): bestIfaceCreationProposal is null, requestIface=STA, existingIface=[name=wlan0 type=STA]
04-26 16:41:51.018 I/NullBinder( 1366): NullBinder for android.net.action.RECOMMEND_NETWORKS triggering remote TransactionTooLargeException due to Service without Chimera impl, calling uid: 1000, calling pid: 0
04-26 16:41:51.018 W/libbinder.Binder( 1366): Large reply transaction of 1056768 bytes, interface descriptor , function: UNKNOWN_FUNCTION_NAME, code: 1, flags: 17
04-26 16:41:51.024 D/IpClient/wlan0( 1160): interfaceLinkStateChanged: ifindex 16 up
04-26 16:41:51.028 D/IpClient/wlan0( 1160): interfaceLinkStateChanged: ifindex 16 up
04-26 16:41:51.634 I/MuMain  ( 8613): OPENBASIC: OpenImages begin
04-26 16:41:51.638 I/MuMain  ( 8613): OPENBASIC: OpenImages done
04-26 16:41:51.638 I/MuMain  ( 8613): OPENBASIC: OpenSounds begin
04-26 16:41:51.638 I/MuMain  ( 8613): OPENBASIC: OpenSounds done
04-26 16:41:51.639 I/MuMain  ( 8613): OPENBASIC: scripts begin
04-26 16:41:51.655 I/MuMain  ( 8613): OPENBASIC: OpenTextData begin
04-26 16:41:51.658 I/MuMain  ( 8613): OPENBASIC: OpenTextData done
04-26 16:41:51.660 I/MuMain  ( 8613): OPENBASIC: master/gate/filter done
04-26 16:41:51.662 I/MuMain  ( 8613): WEBZEN: OpenBasicData done
04-26 16:41:51.689 I/TakumiErrorReport( 8613): File not found Data\Interface\InGameShop\ingame_Bt_page_L.tga (32485)->Data\Custom\Maps\CRadar.tga
04-26 16:41:51.690 I/TakumiErrorReport( 8613): File not found Data\Interface\InGameShop\IGS_Storage_Page.tga (32487)->Data\Custom\Maps\map_radar.tga
04-26 16:41:51.691 I/TakumiErrorReport( 8613): File not found Data\Interface\InGameShop\IGS_Storage_Page_Left.tga (32488)->Data\Custom\Maps\background-tcp.tga
04-26 16:41:51.692 I/TakumiErrorReport( 8613): File not found Data\Interface\InGameShop\IGS_Storage_Page_Right.tga (32489)->Data\Interface\newui_option_check.tga
04-26 16:41:51.795 I/TakumiErrorReport( 8613): File not found Data\Interface\newui_item_back01.tga (31373)->Data\Interface\newui_item_back04.tga
04-26 16:41:51.796 I/TakumiErrorReport( 8613): File not found Data\Interface\newui_item_back04.tga (31373)->Data\Interface\newui_item_back01.tga
04-26 16:41:51.801 I/MuMain  ( 8613): WEBZEN: LoadMainSceneInterface done
04-26 16:41:51.802 I/TakumiErrorReport( 8613): > Loading ok.
04-26 16:41:51.804 E/BLASTBufferQueue( 8613): [aea69ca SurfaceView[com.muonline.client/com.muonline.client.MuMainActivity]#2](f:0,a:0) rejecting buffer:active_size=2268x1080, requested_size=2268x1080 buffer{size=2268x943 transform=0}
04-26 16:41:51.867 I/MuMain  ( 8613): ADAPT fx scale: fps=0.5 frameMs=1936.30 1.00->0.90 target=0.55
04-26 16:41:51.867 I/MuMain  ( 8613): PERF fps=0.5 frameMs=1936.30 phase(render=1871.31 pad=0.03 present=64.68) renderLevel=4 fxScale=1.00 maxMsg=70 avg(draw=156 verts=936 im=156 vaD=0 vaC=0 qI=0 qE=0) max(draw=156 verts=936)
04-26 16:41:51.867 I/MuMain  ( 8613): PERF_SCENE world=-1 char(live=0 vis=0 ply=0 mon=0 npc=0 pet=0 prio=0 topMon=-1 x0) obj(live=0 vis=0 op=0 trap=0 topObj=-1 x0)
04-26 16:41:51.867 I/MuMain  ( 8613): PERF_BUCKET objMove(cand=0 upd=0 def=0 n=0 m=0 f=0) objRender(cand=0 draw=0 cull=0 n=0 m=0 f=0 visDraw=0 visDef=0) charMove(cand=0 upd=0 def=0 n=0 m=0 f=0) charRender(cand=0 draw=0 def=0 cull=0 n=0 m=0 f=0)
04-26 16:41:51.867 I/MuMain  ( 8613): PERF_TERRAIN world=-1 normal(block=0 tile=0) grass(block=0 tile=0) after(block=0 tile=0)
04-26 16:41:51.867 I/MuMain  ( 8613): Frame 0 — drawCalls=156 verts=936 paths(im=156 vaD=0 vaC=0 qI=0 qE=0) SDL_err='Couldn't open asset '/storage/emulated/0/Android/data/com.muonline.client/files/Data/fonts/font_.ttf''
04-26 16:41:51.960 I/TakumiErrorReport( 8613): File not found Data\World74\leaf01.tga (30357)->Data\World74\leaf01.jpg
04-26 16:41:51.965 I/AndroidGDI( 8613): Font OK: /system/fonts/DroidSans-Bold.ttf sz=10
04-26 16:41:51.965 I/TakumiErrorReport( 8613): [Connect to Server 33] ip address = 171.235.182.88, port = 44405
04-26 16:41:51.967 E/MuMain  ( 8613): PlayMp3 failed requested=[data\music\login_theme.mp3] resolved=[data/music/login_theme.mp3] reqExists=0 resolvedExists=0 cwd=[/storage/emulated/0/Android/data/com.muonline.client/files]: Couldn't open 'data/music/login_theme.mp3'
04-26 16:41:51.967 I/TakumiErrorReport( 8613): > Login Scene init success.
04-26 16:41:51.978 I/AndroidGDI( 8613): AndroidTextOut ENTRY len=34 hdc=0x733fdca9c760 bmp=0x733fdca9c250 text[0]=40
04-26 16:41:51.978 I/AndroidGDI( 8613): TextOut surf=241x18 fmt=0x16362004 maxA=255 dib[0..2]=0,0,0
04-26 16:41:51.979 I/AndroidGDI( 8613): AndroidTextOut ENTRY len=25 hdc=0x733fdca9c760 bmp=0x733fdca9c250 text[0]=32
04-26 16:41:51.979 I/AndroidGDI( 8613): TextOut surf=177x18 fmt=0x16362004 maxA=255 dib[0..2]=0,0,0
04-26 16:41:51.980 I/AndroidGDI( 8613): AndroidTextOut ENTRY len=14 hdc=0x733fdca9c760 bmp=0x733fdca9c250 text[0]=80
04-26 16:41:51.980 I/AndroidGDI( 8613): TextOut surf=95x18 fmt=0x16362004 maxA=255 dib[0..2]=0,0,0
04-26 16:41:51.997 I/MuMain  ( 8613): Frame 1 — drawCalls=123 verts=43017 paths(im=885 vaD=0 vaC=0 qI=5 qE=0) SDL_err='Couldn't open 'data/music/login_theme.mp3''
04-26 16:41:52.017 I/AndroidGDI( 8613): AndroidTextOut ENTRY len=34 hdc=0x733fdca9c760 bmp=0x733fdca9c250 text[0]=40
04-26 16:41:52.017 I/AndroidGDI( 8613): TextOut surf=241x18 fmt=0x16362004 maxA=255 dib[0..2]=0,0,0
04-26 16:41:52.018 I/AndroidGDI( 8613): AndroidTextOut ENTRY len=25 hdc=0x733fdca9c760 bmp=0x733fdca9c250 text[0]=32
04-26 16:41:52.018 I/AndroidGDI( 8613): TextOut surf=177x18 fmt=0x16362004 maxA=255 dib[0..2]=0,0,0
04-26 16:41:52.018 I/AndroidGDI( 8613): AndroidTextOut ENTRY len=14 hdc=0x733fdca9c760 bmp=0x733fdca9c250 text[0]=80
04-26 16:41:52.038 I/MuMain  ( 8613): Frame 2 — drawCalls=315 verts=70092 paths(im=1526 vaD=0 vaC=0 qI=20 qE=0) SDL_err=''
04-26 16:41:52.057 I/AndroidGDI( 8613): AndroidTextOut ENTRY len=34 hdc=0x733fdca9c760 bmp=0x733fdca9c250 text[0]=40
04-26 16:41:52.057 I/AndroidGDI( 8613): AndroidTextOut ENTRY len=25 hdc=0x733fdca9c760 bmp=0x733fdca9c250 text[0]=32
04-26 16:41:52.057 I/AndroidGDI( 8613): AndroidTextOut ENTRY len=14 hdc=0x733fdca9c760 bmp=0x733fdca9c250 text[0]=80
04-26 16:41:52.058 I/MuMain  ( 8613): Frame 3 — drawCalls=319 verts=69198 paths(im=1512 vaD=0 vaC=0 qI=34 qE=0) SDL_err=''
04-26 16:41:52.081 I/AndroidGDI( 8613): AndroidTextOut ENTRY len=34 hdc=0x733fdca9c760 bmp=0x733fdca9c250 text[0]=40
04-26 16:41:52.083 I/MuMain  ( 8613): Frame 4 — drawCalls=329 verts=69258 paths(im=1522 vaD=0 vaC=0 qI=46 qE=0) SDL_err=''
04-26 16:41:52.107 I/MuMain  ( 8613): Frame 5 — drawCalls=347 verts=73659 paths(im=1539 vaD=0 vaC=0 qI=63 qE=0) SDL_err=''
04-26 16:41:52.129 I/MuMain  ( 8613): Frame 6 — drawCalls=359 verts=73785 paths(im=1560 vaD=0 vaC=0 qI=73 qE=0) SDL_err=''
04-26 16:41:52.151 I/MuMain  ( 8613): Frame 7 — drawCalls=365 verts=73941 paths(im=1572 vaD=0 vaC=0 qI=82 qE=0) SDL_err=''
04-26 16:41:52.174 I/MuMain  ( 8613): Frame 8 — drawCalls=379 verts=74031 paths(im=1587 vaD=0 vaC=0 qI=96 qE=0) SDL_err=''
04-26 16:41:52.199 I/MuMain  ( 8613): Frame 9 — drawCalls=390 verts=74205 paths(im=1602 vaD=0 vaC=0 qI=109 qE=0) SDL_err=''
04-26 16:41:52.403 W/MuMain  ( 8613): ADAPT net budget down: fps=40.2 frameMs=24.87 maxMsg 70->60
04-26 16:41:52.527 E/TaskPersister(  736): File error accessing recents directory (directory doesn't exist?).
04-26 16:41:52.676 W/MuMain  ( 8613): ADAPT net budget down: fps=36.6 frameMs=27.33 maxMsg 60->50
04-26 16:41:52.941 W/MuMain  ( 8613): ADAPT net budget down: fps=37.8 frameMs=26.48 maxMsg 50->40
04-26 16:41:52.941 I/MuMain  ( 8613): PERF fps=37.8 frameMs=26.48 phase(render=25.72 pad=0.02 present=0.68) renderLevel=4 fxScale=1.00 maxMsg=40 avg(draw=447 verts=75027 im=1814 vaD=0 vaC=0 qI=221 qE=0) max(draw=464 verts=76836)
04-26 16:41:52.941 I/MuMain  ( 8613): PERF_SCENE world=73 char(live=0 vis=0 ply=0 mon=0 npc=0 pet=0 prio=0 topMon=-1 x0) obj(live=375 vis=173 op=0 trap=0 topObj=155 x29)
04-26 16:41:52.941 I/MuMain  ( 8613): PERF_BUCKET objMove(cand=0 upd=0 def=0 n=0 m=0 f=0) objRender(cand=0 draw=0 cull=0 n=0 m=0 f=0 visDraw=0 visDef=0) charMove(cand=0 upd=0 def=0 n=0 m=0 f=0) charRender(cand=0 draw=0 def=0 cull=0 n=0 m=0 f=0)
04-26 16:41:52.941 I/MuMain  ( 8613): PERF_TERRAIN world=73 normal(block=0 tile=0) grass(block=0 tile=0) after(block=0 tile=0)
04-26 16:41:53.214 I/MuMain  ( 8613): ADAPT fx scale: fps=40.3 frameMs=24.80 1.00->0.90 target=0.90
04-26 16:41:53.214 W/MuMain  ( 8613): ADAPT net budget down: fps=40.3 frameMs=24.80 maxMsg 40->30
04-26 16:41:53.616 I/artd    ( 2780): GetBestInfo: odex next to the dex file (/data/app/~~PqdBwR9WSFUNw4iaJMgoGg==/com.google.android.gms-95Dc1VeYXyONiCBDqz_lkA==/oat/x86_64/base.odex) is kOatUpToDate with filter 'speed-profile' executable 'false'
04-26 16:41:53.618 I/artd    ( 2780): GetBestInfo: dm (/data/app/~~PqdBwR9WSFUNw4iaJMgoGg==/com.google.android.gms-95Dc1VeYXyONiCBDqz_lkA==/split_AdsDynamite_installtime.dm) is kOatUpToDate with filter 'verify' executable 'false'
04-26 16:41:53.620 I/artd    ( 2780): GetBestInfo: dm (/data/app/~~PqdBwR9WSFUNw4iaJMgoGg==/com.google.android.gms-95Dc1VeYXyONiCBDqz_lkA==/split_CronetDynamite_installtime.dm) is kOatUpToDate with filter 'verify' executable 'false'
04-26 16:41:53.621 I/artd    ( 2780): GetBestInfo: dm (/data/app/~~PqdBwR9WSFUNw4iaJMgoGg==/com.google.android.gms-95Dc1VeYXyONiCBDqz_lkA==/split_DynamiteLoader_installtime.dm) is kOatUpToDate with filter 'verify' executable 'false'
04-26 16:41:53.624 I/artd    ( 2780): GetBestInfo: dm (/data/app/~~PqdBwR9WSFUNw4iaJMgoGg==/com.google.android.gms-95Dc1VeYXyONiCBDqz_lkA==/split_DynamiteModulesA_installtime.dm) is kOatUpToDate with filter 'verify' executable 'false'
04-26 16:41:53.626 I/artd    ( 2780): GetBestInfo: dm (/data/app/~~PqdBwR9WSFUNw4iaJMgoGg==/com.google.android.gms-95Dc1VeYXyONiCBDqz_lkA==/split_DynamiteModulesC_installtime.dm) is kOatUpToDate with filter 'verify' executable 'false'
04-26 16:41:53.628 I/artd    ( 2780): GetBestInfo: dm (/data/app/~~PqdBwR9WSFUNw4iaJMgoGg==/com.google.android.gms-95Dc1VeYXyONiCBDqz_lkA==/split_GoogleCertificates_installtime.dm) is kOatUpToDate with filter 'verify' executable 'false'
04-26 16:41:53.630 I/artd    ( 2780): GetBestInfo: dm (/data/app/~~PqdBwR9WSFUNw4iaJMgoGg==/com.google.android.gms-95Dc1VeYXyONiCBDqz_lkA==/split_MapsDynamite_installtime.dm) is kOatUpToDate with filter 'verify' executable 'false'
04-26 16:41:53.632 I/artd    ( 2780): GetBestInfo: dm (/data/app/~~PqdBwR9WSFUNw4iaJMgoGg==/com.google.android.gms-95Dc1VeYXyONiCBDqz_lkA==/split_MeasurementDynamite_installtime.dm) is kOatUpToDate with filter 'verify' executable 'false'
04-26 16:41:53.634 I/artd    ( 2780): GetBestInfo: dm (/data/app/~~PqdBwR9WSFUNw4iaJMgoGg==/com.google.android.gms-95Dc1VeYXyONiCBDqz_lkA==/split_all_locale_splits.dm) is kOatUpToDate with filter 'verify' executable 'false'
04-26 16:41:53.635 I/artd    ( 2780): GetBestInfo: /data/user_de/0/com.google.android.gms/app_chimera/m/0000000a/dl-TfliteDynamiteDynamite.integ_252130102100800.apk has no usable artifacts
04-26 16:41:53.636 I/artd    ( 2780): GetBestInfo: /data/user_de/0/com.google.android.gms/app_chimera/m/00000001/CronetDynamite.apk has no usable artifacts
04-26 16:41:53.638 I/artd    ( 2780): GetBestInfo: /data/user_de/0/com.google.android.gms/app_chimera/m/00000016/dl-MlkitOcrCommon.optional_261332100800.apk has no usable artifacts
04-26 16:41:53.639 I/artd    ( 2780): GetBestInfo: /data/user_de/0/com.google.android.gms/app_chimera/m/00000002/DynamiteLoader.apk has no usable artifacts
04-26 16:41:53.641 I/artd    ( 2780): GetBestInfo: /data/user_de/0/com.google.android.gms/app_chimera/m/0000000e/dl-MlkitBarcodeUi.optional_260235100800.apk has no usable artifacts
04-26 16:41:53.642 I/artd    ( 2780): GetBestInfo: /data/user_de/0/com.google.android.gms/app_chimera/m/00000013/dl-Appsearch.optional_261332100800.apk has no usable artifacts
04-26 16:41:53.643 I/artd    ( 2780): GetBestInfo: /data/user_de/0/com.google.android.gms/app_chimera/m/00000005/GoogleCertificates.apk has no usable artifacts
04-26 16:41:53.645 I/artd    ( 2780): GetBestInfo: /data/user_de/0/com.google.android.gms/app_chimera/m/00000012/dl-PlayCloudSearch.optional_261332100000.apk has no usable artifacts
04-26 16:41:53.648 I/artd    ( 2780): GetBestInfo: vdex next to the dex file (/data/user/0/com.google.android.gms/app_dg_cache/B3ED91DEC21F0EB5284BE10D982ABEAAC45F5C48/oat/x86_64/the.vdex) is kOatUpToDate with filter 'verify' executable 'false'
04-26 16:41:53.649 I/artd    ( 2780): GetBestInfo: /data/user_de/0/com.google.android.gms/app_chimera/m/0000000f/dl-PlayCloudSearch.optional_260235100000.apk has no usable artifacts
04-26 16:41:53.651 I/artd    ( 2780): GetBestInfo: /data/user_de/0/com.google.android.gms/app_chimera/m/00000008/dl-VisionOcr.optional_260235100000.apk has no usable artifacts
04-26 16:41:53.653 I/artd    ( 2780): GetBestInfo: /data/user_de/0/com.google.android.gms/app_chimera/m/0000000b/dl-Appsearch.optional_260235100800.apk has no usable artifacts
04-26 16:41:53.654 I/artd    ( 2780): GetBestInfo: /data/user_de/0/com.google.android.gms/app_chimera/m/00000011/dl-VisionOcr.optional_261332100000.apk has no usable artifacts
04-26 16:41:53.655 I/artd    ( 2780): GetBestInfo: /data/user_de/0/com.google.android.gms/app_chimera/m/00000015/dl-MlkitBarcodeUi.optional_261332100800.apk has no usable artifacts
04-26 16:41:53.657 I/artd    ( 2780): GetBestInfo: /data/user_de/0/com.google.android.gms/app_chimera/m/00000009/dl-MlkitOcrCommon.optional_260235100800.apk has no usable artifacts
04-26 16:41:53.659 I/artd    ( 2780): GetBestInfo: vdex next to the dex file (/data/user/0/com.google.android.gms/app_dg_cache/CE973E4DE823F0AA69070767A9FABB590DDD455C/oat/x86_64/the.vdex) is kOatUpToDate with filter 'verify' executable 'false'
04-26 16:41:53.660 I/artd    ( 2780): GetBestInfo: /data/user_de/0/com.google.android.gms/app_chimera/m/00000007/MeasurementDynamite.apk has no usable artifacts
04-26 16:41:53.836 D/InetDiagMessage(  736): Destroyed 0 sockets, proto=IPPROTO_TCP, family=AF_INET, states=14
04-26 16:41:53.839 D/InetDiagMessage(  736): Destroyed 0 sockets, proto=IPPROTO_TCP, family=AF_INET6, states=14
04-26 16:41:53.839 D/InetDiagMessage(  736): Destroyed live tcp sockets for uids={10172} in 4ms
04-26 16:41:53.839 D/InetDiagMessage(  736): Destroyed 0 sockets, proto=IPPROTO_TCP, family=AF_INET, states=14
04-26 16:41:53.840 D/InetDiagMessage(  736): Destroyed 0 sockets, proto=IPPROTO_TCP, family=AF_INET6, states=14
04-26 16:41:53.840 D/InetDiagMessage(  736): Destroyed live tcp sockets for uids={20172} in 1ms
04-26 16:41:53.904 D/AF::Track(  560): interceptBuffer: took 2533us to intercept 0 tracks
04-26 16:41:54.002 I/MuMain  ( 8613): PERF fps=44.5 frameMs=22.47 phase(render=21.71 pad=0.02 present=0.69) renderLevel=4 fxScale=1.00 maxMsg=30 avg(draw=356 verts=77747 im=1725 vaD=0 vaC=0 qI=168 qE=0) max(draw=367 verts=81411)
04-26 16:41:54.002 I/MuMain  ( 8613): PERF_SCENE world=73 char(live=0 vis=0 ply=0 mon=0 npc=0 pet=0 prio=0 topMon=-1 x0) obj(live=375 vis=176 op=0 trap=0 topObj=79 x20)
04-26 16:41:54.002 I/MuMain  ( 8613): PERF_BUCKET objMove(cand=0 upd=0 def=0 n=0 m=0 f=0) objRender(cand=0 draw=0 cull=0 n=0 m=0 f=0 visDraw=0 visDef=0) charMove(cand=0 upd=0 def=0 n=0 m=0 f=0) charRender(cand=0 draw=0 def=0 cull=0 n=0 m=0 f=0)
04-26 16:41:54.002 I/MuMain  ( 8613): PERF_TERRAIN world=73 normal(block=0 tile=0) grass(block=0 tile=0) after(block=0 tile=0)
04-26 16:41:54.018 I/AdbWifiNetworkMonitor(  736): Wi-Fi network available
04-26 16:41:54.018 I/AdbWifiNetworkMonitor(  736): Received the same Wi-Fi SSID. Ignoring.
04-26 16:41:54.022 I/HalDevMgr(  736): bestIfaceCreationProposal is null, requestIface=STA, existingIface=[name=wlan0 type=STA]
04-26 16:41:54.025 W/libbinder.IPCThreadState(  736): Sending oneway calls to frozen process.
04-26 16:41:54.026 W/libbinder.IPCThreadState(  736): Sending oneway calls to frozen process.
04-26 16:41:54.043 I/NullBinder( 1366): NullBinder for android.net.action.RECOMMEND_NETWORKS triggering remote TransactionTooLargeException due to Service without Chimera impl, calling uid: 1000, calling pid: 0
04-26 16:41:54.043 W/libbinder.Binder( 1366): Large reply transaction of 1056768 bytes, interface descriptor , function: UNKNOWN_FUNCTION_NAME, code: 1, flags: 17
04-26 16:41:54.518 I/MuMain  ( 8613): ADAPT fx scale: fps=47.9 frameMs=20.89 1.00->0.90 target=0.90
04-26 16:41:55.026 I/MuMain  ( 8613): PERF fps=62.5 frameMs=16.00 phase(render=15.42 pad=0.03 present=0.50) renderLevel=4 fxScale=1.00 maxMsg=30 avg(draw=236 verts=70898 im=1601 vaD=0 vaC=0 qI=92 qE=0) max(draw=250 verts=72312)
04-26 16:41:55.026 I/MuMain  ( 8613): PERF_SCENE world=73 char(live=0 vis=0 ply=0 mon=0 npc=0 pet=0 prio=0 topMon=-1 x0) obj(live=375 vis=180 op=0 trap=0 topObj=79 x24)
04-26 16:41:55.026 I/MuMain  ( 8613): PERF_BUCKET objMove(cand=0 upd=0 def=0 n=0 m=0 f=0) objRender(cand=0 draw=0 cull=0 n=0 m=0 f=0 visDraw=0 visDef=0) charMove(cand=0 upd=0 def=0 n=0 m=0 f=0) charRender(cand=0 draw=0 def=0 cull=0 n=0 m=0 f=0)
04-26 16:41:55.027 I/MuMain  ( 8613): PERF_TERRAIN world=73 normal(block=0 tile=0) grass(block=0 tile=0) after(block=0 tile=0)
04-26 16:41:55.813 I/MuMain  ( 8613): ADAPT net budget up: fps=76.0 frameMs=13.16 maxMsg 30->35
04-26 16:41:56.069 I/MuMain  ( 8613): PERF fps=86.0 frameMs=11.63 phase(render=11.06 pad=0.02 present=0.48) renderLevel=4 fxScale=1.00 maxMsg=35 avg(draw=149 verts=80827 im=1536 vaD=0 vaC=0 qI=35 qE=0) max(draw=163 verts=84945)
04-26 16:41:56.069 I/MuMain  ( 8613): PERF_SCENE world=73 char(live=0 vis=0 ply=0 mon=0 npc=0 pet=0 prio=0 topMon=-1 x0) obj(live=375 vis=156 op=0 trap=0 topObj=79 x23)
04-26 16:41:56.069 I/MuMain  ( 8613): PERF_BUCKET objMove(cand=0 upd=0 def=0 n=0 m=0 f=0) objRender(cand=0 draw=0 cull=0 n=0 m=0 f=0 visDraw=0 visDef=0) charMove(cand=0 upd=0 def=0 n=0 m=0 f=0) charRender(cand=0 draw=0 def=0 cull=0 n=0 m=0 f=0)
04-26 16:41:56.069 I/MuMain  ( 8613): PERF_TERRAIN world=73 normal(block=0 tile=0) grass(block=0 tile=0) after(block=0 tile=0)
04-26 16:41:56.444 I/wpa_supplicant( 1016): wlan0: CTRL-EVENT-BEACON-LOSS 
04-26 16:41:56.844 I/MuMain  ( 8613): ADAPT net budget up: fps=96.3 frameMs=10.39 maxMsg 35->40
04-26 16:41:57.029 I/HalDevMgr(  736): bestIfaceCreationProposal is null, requestIface=STA, existingIface=[name=wlan0 type=STA]
04-26 16:41:57.036 D/IpClient/wlan0( 1160): interfaceLinkStateChanged: ifindex 16 up
04-26 16:41:57.046 D/IpClient/wlan0( 1160): interfaceLinkStateChanged: ifindex 16 up
04-26 16:41:57.097 I/MuMain  ( 8613): PERF fps=98.8 frameMs=10.12 phase(render=9.50 pad=0.02 present=0.54) renderLevel=4 fxScale=1.00 maxMsg=40 avg(draw=109 verts=93552 im=1540 vaD=0 vaC=0 qI=7 qE=0) max(draw=111 verts=93996)
04-26 16:41:57.097 I/MuMain  ( 8613): PERF_SCENE world=73 char(live=0 vis=0 ply=0 mon=0 npc=0 pet=0 prio=0 topMon=-1 x0) obj(live=375 vis=169 op=0 trap=0 topObj=79 x29)
04-26 16:41:57.097 I/MuMain  ( 8613): PERF_BUCKET objMove(cand=0 upd=0 def=0 n=0 m=0 f=0) objRender(cand=0 draw=0 cull=0 n=0 m=0 f=0 visDraw=0 visDef=0) charMove(cand=0 upd=0 def=0 n=0 m=0 f=0) charRender(cand=0 draw=0 def=0 cull=0 n=0 m=0 f=0)
04-26 16:41:57.097 I/MuMain  ( 8613): PERF_TERRAIN world=73 normal(block=0 tile=0) grass(block=0 tile=0) after(block=0 tile=0)
04-26 16:41:57.857 I/MuMain  ( 8613): ADAPT net budget up: fps=94.6 frameMs=10.57 maxMsg 40->45
04-26 16:41:58.112 I/MuMain  ( 8613): PERF fps=94.2 frameMs=10.62 phase(render=9.97 pad=0.02 present=0.56) renderLevel=4 fxScale=1.00 maxMsg=45 avg(draw=120 verts=92458 im=1558 vaD=0 vaC=0 qI=13 qE=0) max(draw=124 verts=96660)
04-26 16:41:58.112 I/MuMain  ( 8613): PERF_SCENE world=73 char(live=0 vis=0 ply=0 mon=0 npc=0 pet=0 prio=0 topMon=-1 x0) obj(live=375 vis=166 op=0 trap=0 topObj=79 x25)
04-26 16:41:58.112 I/MuMain  ( 8613): PERF_BUCKET objMove(cand=0 upd=0 def=0 n=0 m=0 f=0) objRender(cand=0 draw=0 cull=0 n=0 m=0 f=0 visDraw=0 visDef=0) charMove(cand=0 upd=0 def=0 n=0 m=0 f=0) charRender(cand=0 draw=0 def=0 cull=0 n=0 m=0 f=0)
04-26 16:41:58.112 I/MuMain  ( 8613): PERF_TERRAIN world=73 normal(block=0 tile=0) grass(block=0 tile=0) after(block=0 tile=0)
04-26 16:41:58.266 W/ssioncontroller( 4376): Reducing the number of considered missed Gc histogram windows from 306 to 100
04-26 16:41:58.475 D/ActivityManager(  736): freezing 4276 com.android.vending:background
04-26 16:41:58.718 D/SatelliteController( 1203): isInCarrierRoamingNbIotNtn: satellite is disabled
04-26 16:41:58.718 D/SatelliteController( 1203): getCarrierRoamingNtnConnectType: Checking connect type from PLMN config for subId: 1
04-26 16:41:58.723 D/SatelliteController( 1203): getSatellitePerPlmnConfiguration: invalid subId or not supported via carrier.
04-26 16:41:58.724 D/SatelliteController( 1203): getCarrierRoamingNtnConnectType: config: null
04-26 16:41:58.724 D/SatelliteController( 1203): getCarrierRoamingNtnConnectType: Falling back to global carrier config connect type: 0
04-26 16:41:58.724 D/SatelliteController( 1203): updateLastNotifiedCarrierRoamingNtnSignalStrengthAndNotify(1)
04-26 16:41:58.724 D/SatelliteController( 1203): updateLastNotifiedCarrierRoamingNtnSignalStrengthAndNotify(1) lastNotifiedSignalStrength level: 0
04-26 16:41:58.725 D/SatelliteController( 1203): updateLastNotifiedCarrierRoamingNtnSignalStrengthAndNotify(1) currSignalStrength level: 0
04-26 16:41:58.732 D/ActivityManager(  736): freezing 4164 com.android.vending
04-26 16:41:58.737 D/InetDiagMessage(  736): Destroyed 0 sockets, proto=IPPROTO_TCP, family=AF_INET, states=14
04-26 16:41:58.739 D/ActivityManager(  736): freezing 3810 com.google.android.apps.photos
04-26 16:41:58.741 D/InetDiagMessage(  736): Destroyed 2 sockets, proto=IPPROTO_TCP, family=AF_INET6, states=14
04-26 16:41:58.741 D/InetDiagMessage(  736): Destroyed live tcp sockets for uids={10154} in 4ms
04-26 16:41:58.845 D/InetDiagMessage(  736): Destroyed 0 sockets, proto=IPPROTO_TCP, family=AF_INET, states=14
04-26 16:41:58.846 D/InetDiagMessage(  736): Destroyed 0 sockets, proto=IPPROTO_TCP, family=AF_INET6, states=14
04-26 16:41:58.858 D/InetDiagMessage(  736): Destroyed live tcp sockets for uids={10172} in 2ms
04-26 16:41:58.877 I/MuMain  ( 8613): ADAPT net budget up: fps=76.9 frameMs=13.01 maxMsg 45->50
04-26 16:41:59.140 I/MuMain  ( 8613): PERF fps=64.8 frameMs=15.44 phase(render=14.76 pad=0.02 present=0.55) renderLevel=4 fxScale=1.00 maxMsg=50 avg(draw=186 verts=93493 im=1639 vaD=0 vaC=0 qI=75 qE=0) max(draw=207 verts=94443)
04-26 16:41:59.140 I/MuMain  ( 8613): PERF_SCENE world=73 char(live=0 vis=0 ply=0 mon=0 npc=0 pet=0 prio=0 topMon=-1 x0) obj(live=375 vis=156 op=0 trap=0 topObj=135 x18)
04-26 16:41:59.140 I/MuMain  ( 8613): PERF_BUCKET objMove(cand=0 upd=0 def=0 n=0 m=0 f=0) objRender(cand=0 draw=0 cull=0 n=0 m=0 f=0 visDraw=0 visDef=0) charMove(cand=0 upd=0 def=0 n=0 m=0 f=0) charRender(cand=0 draw=0 def=0 cull=0 n=0 m=0 f=0)
04-26 16:41:59.140 I/MuMain  ( 8613): PERF_TERRAIN world=73 normal(block=0 tile=0) grass(block=0 tile=0) after(block=0 tile=0)
04-26 16:42:00.072 I/system_server(  736): Background young concurrent mark compact GC freed 10MB AllocSpace bytes, 7(336KB) LOS objects, 30% free, 41MB/59MB, paused 2.722ms,38.091ms total 70.754ms
04-26 16:42:00.076 I/HalDevMgr(  736): bestIfaceCreationProposal is null, requestIface=STA, existingIface=[name=wlan0 type=STA]
04-26 16:42:00.196 W/MuMain  ( 8613): ADAPT net budget down: fps=48.0 frameMs=20.81 maxMsg 50->40
04-26 16:42:00.196 I/MuMain  ( 8613): PERF fps=48.0 frameMs=20.81 phase(render=20.03 pad=0.04 present=0.69) renderLevel=4 fxScale=1.00 maxMsg=40 avg(draw=307 verts=104210 im=1817 vaD=0 vaC=0 qI=191 qE=0) max(draw=317 verts=104331)
04-26 16:42:00.196 I/MuMain  ( 8613): PERF_SCENE world=73 char(live=0 vis=0 ply=0 mon=0 npc=0 pet=0 prio=0 topMon=-1 x0) obj(live=375 vis=126 op=0 trap=0 topObj=135 x18)
04-26 16:42:00.196 I/MuMain  ( 8613): PERF_BUCKET objMove(cand=0 upd=0 def=0 n=0 m=0 f=0) objRender(cand=0 draw=0 cull=0 n=0 m=0 f=0 visDraw=0 visDef=0) charMove(cand=0 upd=0 def=0 n=0 m=0 f=0) charRender(cand=0 draw=0 def=0 cull=0 n=0 m=0 f=0)
04-26 16:42:00.196 I/MuMain  ( 8613): PERF_TERRAIN world=73 normal(block=0 tile=0) grass(block=0 tile=0) after(block=0 tile=0)
04-26 16:42:00.463 I/MuMain  ( 8613): ADAPT fx scale: fps=45.0 frameMs=22.24 1.00->0.90 target=0.90
04-26 16:42:00.463 W/MuMain  ( 8613): ADAPT net budget down: fps=45.0 frameMs=22.24 maxMsg 40->30
04-26 16:42:00.617 D/InetDiagMessage(  736): Destroyed 0 sockets, proto=IPPROTO_TCP, family=AF_INET, states=14
04-26 16:42:00.618 D/InetDiagMessage(  736): Destroyed 0 sockets, proto=IPPROTO_TCP, family=AF_INET6, states=14
04-26 16:42:00.618 D/InetDiagMessage(  736): Destroyed live tcp sockets for uids={10160} in 1ms
04-26 16:42:00.618 D/InetDiagMessage(  736): Destroyed 0 sockets, proto=IPPROTO_TCP, family=AF_INET, states=14
04-26 16:42:00.619 D/InetDiagMessage(  736): Destroyed 0 sockets, proto=IPPROTO_TCP, family=AF_INET6, states=14
04-26 16:42:00.619 D/InetDiagMessage(  736): Destroyed live tcp sockets for uids={20160} in 1ms
04-26 16:42:01.245 I/MuMain  ( 8613): PERF fps=42.0 frameMs=23.83 phase(render=23.07 pad=0.03 present=0.68) renderLevel=4 fxScale=1.00 maxMsg=30 avg(draw=386 verts=99125 im=1962 vaD=0 vaC=0 qI=289 qE=0) max(draw=401 verts=100014)
04-26 16:42:01.245 I/MuMain  ( 8613): PERF_SCENE world=73 char(live=0 vis=0 ply=0 mon=0 npc=0 pet=0 prio=0 topMon=-1 x0) obj(live=375 vis=105 op=0 trap=0 topObj=135 x12)
04-26 16:42:01.245 I/MuMain  ( 8613): PERF_BUCKET objMove(cand=0 upd=0 def=0 n=0 m=0 f=0) objRender(cand=0 draw=0 cull=0 n=0 m=0 f=0 visDraw=0 visDef=0) charMove(cand=0 upd=0 def=0 n=0 m=0 f=0) charRender(cand=0 draw=0 def=0 cull=0 n=0 m=0 f=0)
04-26 16:42:01.245 I/MuMain  ( 8613): PERF_TERRAIN world=73 normal(block=0 tile=0) grass(block=0 tile=0) after(block=0 tile=0)
04-26 16:42:01.779 I/MuMain  ( 8613): ADAPT fx scale: fps=40.4 frameMs=24.73 1.00->0.90 target=0.90
04-26 16:42:02.325 I/MuMain  ( 8613): PERF fps=40.5 frameMs=24.69 phase(render=23.94 pad=0.03 present=0.67) renderLevel=4 fxScale=1.00 maxMsg=30 avg(draw=403 verts=96674 im=1984 vaD=0 vaC=0 qI=305 qE=0) max(draw=410 verts=96750)
04-26 16:42:02.325 I/MuMain  ( 8613): PERF_SCENE world=73 char(live=0 vis=0 ply=0 mon=0 npc=0 pet=0 prio=0 topMon=-1 x0) obj(live=375 vis=88 op=0 trap=0 topObj=129 x7)
04-26 16:42:02.325 I/MuMain  ( 8613): PERF_BUCKET objMove(cand=0 upd=0 def=0 n=0 m=0 f=0) objRender(cand=0 draw=0 cull=0 n=0 m=0 f=0 visDraw=0 visDef=0) charMove(cand=0 upd=0 def=0 n=0 m=0 f=0) charRender(cand=0 draw=0 def=0 cull=0 n=0 m=0 f=0)
04-26 16:42:02.325 I/MuMain  ( 8613): PERF_TERRAIN world=73 normal(block=0 tile=0) grass(block=0 tile=0) after(block=0 tile=0)
04-26 16:42:03.084 I/HalDevMgr(  736): bestIfaceCreationProposal is null, requestIface=STA, existingIface=[name=wlan0 type=STA]
04-26 16:42:03.089 D/IpClient/wlan0( 1160): interfaceLinkStateChanged: ifindex 16 up
04-26 16:42:03.094 D/IpClient/wlan0( 1160): interfaceLinkStateChanged: ifindex 16 up
04-26 16:42:03.116 I/MuMain  ( 8613): ADAPT fx scale: fps=41.8 frameMs=23.90 1.00->0.90 target=0.90
04-26 16:42:03.381 I/MuMain  ( 8613): PERF fps=45.4 frameMs=22.01 phase(render=21.23 pad=0.02 present=0.69) renderLevel=4 fxScale=1.00 maxMsg=30 avg(draw=351 verts=81786 im=1942 vaD=0 vaC=0 qI=270 qE=0) max(draw=366 verts=85599)
04-26 16:42:03.381 I/MuMain  ( 8613): PERF_SCENE world=73 char(live=0 vis=0 ply=0 mon=0 npc=0 pet=0 prio=0 topMon=-1 x0) obj(live=375 vis=72 op=0 trap=0 topObj=129 x7)
04-26 16:42:03.381 I/MuMain  ( 8613): PERF_BUCKET objMove(cand=0 upd=0 def=0 n=0 m=0 f=0) objRender(cand=0 draw=0 cull=0 n=0 m=0 f=0 visDraw=0 visDef=0) charMove(cand=0 upd=0 def=0 n=0 m=0 f=0) charRender(cand=0 draw=0 def=0 cull=0 n=0 m=0 f=0)
04-26 16:42:03.381 I/MuMain  ( 8613): PERF_TERRAIN world=73 normal(block=0 tile=0) grass(block=0 tile=0) after(block=0 tile=0)
04-26 16:42:03.616 I/artd    ( 2780): GetBestInfo: odex next to the dex file (/data/app/~~PqdBwR9WSFUNw4iaJMgoGg==/com.google.android.gms-95Dc1VeYXyONiCBDqz_lkA==/oat/x86_64/base.odex) is kOatUpToDate with filter 'speed-profile' executable 'false'
04-26 16:42:03.618 I/artd    ( 2780): GetBestInfo: dm (/data/app/~~PqdBwR9WSFUNw4iaJMgoGg==/com.google.android.gms-95Dc1VeYXyONiCBDqz_lkA==/split_AdsDynamite_installtime.dm) is kOatUpToDate with filter 'verify' executable 'false'
04-26 16:42:03.624 I/artd    ( 2780): GetBestInfo: dm (/data/app/~~PqdBwR9WSFUNw4iaJMgoGg==/com.google.android.gms-95Dc1VeYXyONiCBDqz_lkA==/split_CronetDynamite_installtime.dm) is kOatUpToDate with filter 'verify' executable 'false'
04-26 16:42:03.626 I/artd    ( 2780): GetBestInfo: dm (/data/app/~~PqdBwR9WSFUNw4iaJMgoGg==/com.google.android.gms-95Dc1VeYXyONiCBDqz_lkA==/split_DynamiteLoader_installtime.dm) is kOatUpToDate with filter 'verify' executable 'false'
04-26 16:42:03.628 I/artd    ( 2780): GetBestInfo: dm (/data/app/~~PqdBwR9WSFUNw4iaJMgoGg==/com.google.android.gms-95Dc1VeYXyONiCBDqz_lkA==/split_DynamiteModulesA_installtime.dm) is kOatUpToDate with filter 'verify' executable 'false'
