04-26 20:29:33.354  1036  1091 V WindowManagerShell: start default transition animation, info = {id=140 t=OPEN f=0x0 trk=0 r=[0@Point(0, 0)] c=[{m=OPEN f=FILLS_TASK p=WCT{android.os.BinderProxy@b697625} leash=Surface(name=ActivityRecord{263532748 u0 com.muonline.client/.MuMainActivity t115}#1522)/@0x8d671ae sb=Rect(0, 0 - 0, 0) eb=Rect(0, 0 - 2400, 1080) epz=Point(2400, 1080) d=-1->0 r=-1->1:-1 bc=ff000000 activity=ActivityTransitionInfo { component = ComponentInfo{com.muonline.client/com.muonline.client.MuMainActivity}, taskId = 115, appCompatTransitionInfo = AppCompatTransitionInfo { letterboxBounds = Rect(132, 0 - 2400, 1080), hasRoundedCorners = false } }},{m=CLOSE f=FILLS_TASK|IS_BEHIND_STARTING_WINDOW p=WCT{android.os.BinderProxy@b697625} leash=Surface(name=ActivityRecord{58484355 u0 com.muonline.client/.PreloadActivity t115}#1504)/@0x4859b4f sb=Rect(0, 0 - 2400, 1080) eb=Rect(0, 0 - 2400, 1080) epz=Point(2400, 1080) d=0 bc=ff000000 activity=ActivityTransitionInfo { component = ComponentInfo{com.muonline.client/com.muonline.client.PreloadActivity}, taskId = 115, appCompatTransitionInfo = AppCompatTransitionInfo { letterboxBounds = Rect(132, 0 - 2400, 1080), hasRoundedCorners = false } }},{m=CHANGE f=NONE leash=Surface(name=Task=115#1503)/@0x4f62dc sb=Rect(0, 0 - 2400, 1080) eb=Rect(0, 0 - 2400, 1080) epz=Point(2400, 1080) d=0 taskParent=-1 winMode=1 userId=0}]}
04-26 20:29:33.354  1036  1091 V WindowManagerShell: loadAnimation: anim=android.view.animation.AnimationSet@4bf0561 animAttr=0x5 type=OPEN isEntrance=false
04-26 20:29:33.361  1036  1132 D WindowOnBackDispatcher: setTopOnBackInvokedCallback (unwrapped): null
04-26 20:29:33.361   736  1953 D CoreBackPreview: Window{f656d71 u0 Splash Screen com.muonline.client EXITING}: Setting back callback null
04-26 20:29:33.361  1036  1091 V WindowManagerShell: loadAnimation: anim=android.view.animation.AnimationSet@905969d animAttr=0x4 type=OPEN isEntrance=true
04-26 20:29:33.363   566   616 W skia    : AGTM parsing failed flags.readFromStream(s) at 159
04-26 20:29:33.363   566   616 W skia    : AGTM parsing failed flags.readFromStream(s) at 159
04-26 20:29:33.363  1036  1091 V WindowManagerShell:  animated by com.android.wm.shell.transition.DefaultTransitionHandler@11f9e32
04-26 20:29:33.370 18895 18895 D InsetsController: Setting requestedVisibleTypes to 496 (was 503)
04-26 20:29:33.374 18895 18895 D VRI[MuMainActivity]: WindowInsets changed: statusBars:null navigationBars:null 
04-26 20:29:33.374 18895 18895 V SDL     : surfaceChanged()
04-26 20:29:33.374 18895 18895 V SDL     : Window size: 2268x1080
04-26 20:29:33.374 18895 18895 V SDL     : Device size: 2400x1080
04-26 20:29:33.378   566   996 I libbinder.BpBinder: onLastStrongRef automatically unlinking death recipients for binder (0x7eaa3605cd60) with descriptor: '(not cached)'
04-26 20:29:33.394 18895 18939 I MuMain  : Screen size (drawable): 2268x943 (scale: 3.54 x 1.96)
04-26 20:29:33.399 18895 18939 I GL_Compat: GL_Compat_Init: OK (prog=3, vbo=1, ebo=2)
04-26 20:29:33.399 18895 18939 I MuRender: OpenGLCompat initialized (drawable=2268x943)
04-26 20:29:33.399 18895 18939 I MuMain  : Render backend active: OpenGLCompat
04-26 20:29:33.399 18895 18939 I GL_Compat: GL path switch: preferDirectVA=1
04-26 20:29:33.399 18895 18939 I MuMain  : GL compat VA policy: preferDirect=1 (emulator=1)
04-26 20:29:33.400 18895 18939 I AndroidGDI: SDL2_ttf initialized, defaultSize=15
04-26 20:29:33.400 18895 18939 I AndroidGDI: Font OK: /system/fonts/DroidSans.ttf sz=15
04-26 20:29:33.401 18895 18939 I AndroidGDI: Font OK: /system/fonts/DroidSans-Bold.ttf sz=15
04-26 20:29:33.401 18895 18939 I AndroidGDI: Font OK: /system/fonts/DroidSans-Bold.ttf sz=30
04-26 20:29:33.401 18895 18939 I AndroidGDI: Font OK: /system/fonts/DroidSans.ttf sz=14
04-26 20:29:33.402 18895 18939 I MuMain  : GDI fonts created: size=15 big=30
04-26 20:29:33.402 18895 18939 I MuMain  : Audio config: sound=1 music=1 rememberMe=0
04-26 20:29:33.402 18895 18939 I MuMain  : 
04-26 20:29:33.402 18895 18939 I MuMain  : Mix_Init requested=0x8 loaded=0x8
04-26 20:29:33.404 18895 18939 D AudioSystem: onNewServiceWithAdapter: media.audio_flinger service obtained 0x733fdca99160
04-26 20:29:33.405   560 17589 W AudioFlinger: onStateChanged: pid:18895  uid:10230  state:unfrozen
04-26 20:29:33.406 18895 18939 D AudioSystem: getService: IAudioFlingerService retrieved: 0x73401cab1f30  IAudioFlinger cached: 0x733fdca99160
04-26 20:29:33.408 18895 18939 D muonline.client: PlayerBase::PlayerBase()
04-26 20:29:33.408 18895 18939 D muonline.client: TrackPlayerBase::TrackPlayerBase()
04-26 20:29:33.408 18895 18939 I libOpenSLES: Emulating old channel mask behavior (ignoring positional mask 0x3, using default mask 0x3 based on channel count of 2)
04-26 20:29:33.409   560   594 D NativePermissionController: checkPermission: missing 1 for 10230
04-26 20:29:33.409   560   594 D NativePermissionController: checkPermission: missing 3 for 10230
04-26 20:29:33.409   560   594 D NativePermissionController: checkPermission: missing 5 for 10230
04-26 20:29:33.410   560   594 W AudioFlinger: createTrack_l(): mismatch between requested flags (00000104) and output flags (00000002)
04-26 20:29:33.411   560   594 D AudioFlinger: Client defaulted notificationFrames to 882 for frameCount 4012
04-26 20:29:33.411   560   594 I AF::AfPlaybackCommon: creating track with enforcement level 2 shouldHarden 1
04-26 20:29:33.425  1174  1174 I bluetooth: system/btif/avrcp/avrcp_service.cc:533 SendMediaUpdate: track_changed=false :  play_state=true :  queue=false
04-26 20:29:33.426   736   835 E AppOps  : attributionTag  not declared in manifest of com.muonline.client
04-26 20:29:33.427   736   835 E AppOps  : attributionTag  not declared in manifest of com.muonline.client
04-26 20:29:33.427  1174  1174 E MediaControlProfile: onCurrentPlayerStateUpdated: base actions not supported, player actions= 0, expected at least= 7f
04-26 20:29:33.427 18895 18941 D muonline.client: PlayerBase::stop() from IPlayer
04-26 20:29:33.428 18895 18941 D AudioTrack: stop(36): called with 0 frames delivered
04-26 20:29:33.428 18895 18939 I MuMain  : SDL_mixer initialized (32 channels)
04-26 20:29:33.428 18895 18939 I MuMain  : INIT: srand
04-26 20:29:33.428 18895 18939 I MuMain  : INIT: alloc GateAttribute
04-26 20:29:33.428 18895 18939 I MuMain  : INIT: alloc SkillAttribute
04-26 20:29:33.428 18895 18939 I MuMain  : INIT: alloc ItemAttRibute
04-26 20:29:33.428   736  1145 E AppOps  : attributionTag  not declared in manifest of com.muonline.client
04-26 20:29:33.429 18895 18939 I MuMain  : INIT: alloc CharacterMemoryDump
04-26 20:29:33.429   736   835 E AppOps  : attributionTag  not declared in manifest of com.muonline.client
04-26 20:29:33.429 18895 18939 I MuMain  : INIT: alloc CharacterMachine
04-26 20:29:33.429 18895 18939 I MuMain  : INIT: CharacterMachine->Init()
04-26 20:29:33.429 18895 18939 I MuMain  : INIT: new UI objects
04-26 20:29:33.430  1174  1174 W MediaControlGattService: Feature PLAYBACK_SPEED support: true
04-26 20:29:33.430 18895 18939 I MuMain  : INIT: BuffStateSystem::Make()
04-26 20:29:33.430 18895 18939 I MuMain  : INIT: MapProcess::Make()
04-26 20:29:33.431 18895 18939 I MuMain  : INIT: PetProcess::Make()
04-26 20:29:33.431 18895 18939 I MuMain  : INIT: CUIMng::Create()
04-26 20:29:33.431  1174  1174 W MediaControlGattService: Feature PLAYBACK_SPEED support: true
04-26 20:29:33.431 18895 18939 I MuMain  : INIT: g_pNewUISystem->Create()
04-26 20:29:33.431  1174  1174 W MediaControlGattService: Feature PLAYBACK_SPEED support: true
04-26 20:29:33.431  1174  1174 W MediaControlGattService: Feature PLAYBACK_SPEED_NOTIFY support: true
04-26 20:29:33.431   736  1953 E AppOps  : attributionTag  not declared in manifest of com.muonline.client
04-26 20:29:33.433  1174  1361 I BluetoothAdapterProperties: getBondedDevices: length=0
04-26 20:29:33.434  1174  1174 W MediaControlGattService: Feature TRACK_POSITION support: true
04-26 20:29:33.434   736  1953 E AppOps  : attributionTag  not declared in manifest of com.muonline.client
04-26 20:29:33.434  1174  1174 W MediaControlGattService: Feature TRACK_POSITION_NOTIFY support: true
04-26 20:29:33.434  1174  1174 W MediaControlGattService: Feature MEDIA_STATE support: true
04-26 20:29:33.437  1174  1361 I BluetoothAdapterProperties: getBondedDevices: length=0
04-26 20:29:33.437  1174  1174 W MediaControlGattService: Feature MEDIA_CONTROL_POINT_OPCODES_SUPPORTED support: true
04-26 20:29:33.438  1174  1174 W MediaControlGattService: Feature MEDIA_STATE support: true
04-26 20:29:33.438  1174  1174 W MediaControlGattService: Feature MEDIA_STATE support: true
04-26 20:29:33.440  1174  1361 I BluetoothAdapterProperties: getBondedDevices: length=0
04-26 20:29:33.440  1174  1174 W MediaControlGattService: Feature MEDIA_STATE support: true
04-26 20:29:33.440  1174  1174 W MediaControlGattService: Feature SEEKING_SPEED support: true
04-26 20:29:33.440  1174  1174 W MediaControlGattService: Feature SEEKING_SPEED support: true
04-26 20:29:33.441  1174  1174 W MediaControlGattService: Feature SEEKING_SPEED support: true
04-26 20:29:33.441  1174  1174 W MediaControlProfile: MCS service state fields left unhandled: 
04-26 20:29:33.441  1174  1174 W MediaControlProfile:    > PLAYER_NAME
04-26 20:29:33.441  1174  1174 W MediaControlProfile:    > PLAYING_ORDER_SUPPORTED
04-26 20:29:33.447 18895 18939 I MuMain  : INIT: UI creation done
04-26 20:29:33.447 18895 18939 I MuMain  : VirtualPad: slots loaded version=4 idx=[-1,-1,-1,-1,-1] type=[0,0,0,0,0] path=Data/Local/android_touch_skill_slots.cfg
04-26 20:29:33.447 18895 18939 I MuMain  : VirtualPad slots: [-1,-1,-1,-1,-1]
04-26 20:29:33.447 18895 18939 I MuMain  : Android perf defaults: maxMsgPerCycle=70 targetFps=-1.0 fxScale=1.00 adaptive=on isEmulator=1
04-26 20:29:33.448 18895 18939 I MuMain  : SDL mixer volume set: level=5 sdl=71
04-26 20:29:33.448 18895 18939 I MuMain  : FPS overlay enabled
04-26 20:29:33.448 18895 18939 I MuMain  : All systems initialized — entering main loop
04-26 20:29:33.448 18895 18939 I MuMain  : Window resized → drawable: 2268x1080
04-26 20:29:33.448 18895 18939 I MuMain  : CHATIME IME state changed focused=0 sdlTextInput=1
04-26 20:29:33.448 18895 18939 I MuMain  : WEBZEN: enter
04-26 20:29:33.450 18895 18939 I MuMain  : WEBZEN: loading title bitmaps
04-26 20:29:33.454   521  6964 I RanchuHwc: logCompositionFallbackIfChanged: layer 464 CompositionType fallback from 2 to 1
04-26 20:29:33.454   521  6964 I RanchuHwc: logCompositionFallbackIfChanged: layer 465 CompositionType fallback from 2 to 1
04-26 20:29:33.454   521  6964 I RanchuHwc: logCompositionFallbackIfChanged: layer 460 CompositionType fallback from 3 to 1
04-26 20:29:33.455   566   616 W skia    : AGTM parsing failed flags.readFromStream(s) at 159
04-26 20:29:33.455   566   616 W skia    : AGTM parsing failed flags.readFromStream(s) at 159
04-26 20:29:33.455   566   616 W skia    : AGTM parsing failed flags.readFromStream(s) at 159
04-26 20:29:33.455   566   616 W skia    : AGTM parsing failed flags.readFromStream(s) at 159
04-26 20:29:33.455   566   616 W skia    : AGTM parsing failed flags.readFromStream(s) at 159
04-26 20:29:33.455 18895 18939 I MuMain  : WEBZEN: OpenBasicData begin
04-26 20:29:33.455 18895 18939 I MuMain  : OPENBASIC: enter
04-26 20:29:33.455 18895 18939 I MuMain  : OPENBASIC: RenderTitle 0 begin
04-26 20:29:33.456 18895 18939 I MuMain  : OPENBASIC: RenderTitle 0 done
04-26 20:29:33.457 18895 18939 I MuMain  : OPENBASIC: first bitmap group begin
04-26 20:29:33.461 18895 18895 V SDL     : onWindowFocusChanged(): true
04-26 20:29:33.461 18895 18895 V SDL     : nativeFocusChanged()
04-26 20:29:33.462   736   881 I ImeTracker: com.muonline.client:da5921b4: onRequestHide at ORIGIN_SERVER reason HIDE_UNSPECIFIED_WINDOW fromUser false userId 0 displayId 0
04-26 20:29:33.464  4105  4105 I GoogleInputMethodService: GoogleInputMethodService.onFinishInput():2113 
04-26 20:29:33.464   736   881 W InputChannel-JNI: Channel already disposed.
04-26 20:29:33.464 18895 18895 D InsetsController: hide(ime())
04-26 20:29:33.464 18895 18895 I ImeTracker: com.muonline.client:da5921b4: onCancelled at PHASE_CLIENT_ALREADY_HIDDEN
04-26 20:29:33.465  4105  4105 I Module  : DeviceLockedStatusModuleProvider$Module.updateDeviceLockedStatus():103 repeatCheckTimes = 0, locked = false
04-26 20:29:33.466   736  1410 I ImeTracker: system_server:4eda39be: onRequestHide at ORIGIN_SERVER reason IME_REQUESTED_CHANGED_LISTENER fromUser false displayId 0
04-26 20:29:33.467  4105  4105 I GoogleInputMethodService: GoogleInputMethodService.onStartInput():1384 onStartInput(EditorInfo{EditorInfo{packageName=com.muonline.client, inputType=0, inputTypeString=NULL, enableLearning=false, autoCorrection=false, autoComplete=false, imeOptions=0, privateImeOptions=null, actionName=UNSPECIFIED, actionLabel=null, initialSelStart=-1, initialSelEnd=-1, initialCapsMode=0, label=null, fieldId=0, fieldName=null, extras=null, hintText=null, hintLocales=[]}}, false)
04-26 20:29:33.468  4105  4105 W AndroidIME: LatinIMEBase.updateInputViewCoverNavigation():319 Null input view, cannot update padding!
04-26 20:29:33.468   736   762 I ImeTracker: system_server:4eda39be: onCancelled at PHASE_SERVER_SHOULD_HIDE
04-26 20:29:33.470   566   616 W skia    : AGTM parsing failed flags.readFromStream(s) at 159
04-26 20:29:33.470   566   616 W skia    : AGTM parsing failed flags.readFromStream(s) at 159
04-26 20:29:33.470   566   616 W skia    : AGTM parsing failed flags.readFromStream(s) at 159
04-26 20:29:33.470   566   616 W skia    : AGTM parsing failed flags.readFromStream(s) at 159
04-26 20:29:33.471   566   616 W skia    : AGTM parsing failed flags.readFromStream(s) at 159
04-26 20:29:33.471  4105  4105 I Module  : DeviceLockedStatusModuleProvider$Module.updateDeviceLockedStatus():103 repeatCheckTimes = 1, locked = false
04-26 20:29:33.473   736  1953 W PackageConfigPersister: App-specific configuration not found for packageName: com.muonline.client and userId: 0
04-26 20:29:33.481 18895 18939 I MuMain  : OPENBASIC: first bitmap group done
04-26 20:29:33.488   566   616 W skia    : AGTM parsing failed flags.readFromStream(s) at 159
04-26 20:29:33.488   566   616 W skia    : AGTM parsing failed flags.readFromStream(s) at 159
04-26 20:29:33.488   566   616 W skia    : AGTM parsing failed flags.readFromStream(s) at 159
04-26 20:29:33.489   566   616 W skia    : AGTM parsing failed flags.readFromStream(s) at 159
04-26 20:29:33.489   566   616 W skia    : AGTM parsing failed flags.readFromStream(s) at 159
04-26 20:29:33.503   566   616 W skia    : AGTM parsing failed flags.readFromStream(s) at 159
04-26 20:29:33.503   566   616 W skia    : AGTM parsing failed flags.readFromStream(s) at 159
04-26 20:29:33.503   566   616 W skia    : AGTM parsing failed flags.readFromStream(s) at 159
04-26 20:29:33.503   566   616 W skia    : AGTM parsing failed flags.readFromStream(s) at 159
04-26 20:29:33.503   566   616 W skia    : AGTM parsing failed flags.readFromStream(s) at 159
04-26 20:29:33.517 18895 18939 I TakumiErrorReport: File not found Data\Effect\Shiny04.jpg (32118)->Data\Effect\Shiny05.jpg
04-26 20:29:33.521   566   616 W skia    : AGTM parsing failed flags.readFromStream(s) at 159
04-26 20:29:33.521   566   616 W skia    : AGTM parsing failed flags.readFromStream(s) at 159
04-26 20:29:33.521   566   616 W skia    : AGTM parsing failed flags.readFromStream(s) at 159
04-26 20:29:33.521   566   616 W skia    : AGTM parsing failed flags.readFromStream(s) at 159
04-26 20:29:33.521   566   616 W skia    : AGTM parsing failed flags.readFromStream(s) at 159
04-26 20:29:33.538   566   616 W skia    : AGTM parsing failed flags.readFromStream(s) at 159
04-26 20:29:33.539   566   616 W skia    : AGTM parsing failed flags.readFromStream(s) at 159
04-26 20:29:33.539   566   616 W skia    : AGTM parsing failed flags.readFromStream(s) at 159
04-26 20:29:33.539   566   616 W skia    : AGTM parsing failed flags.readFromStream(s) at 159
04-26 20:29:33.539   566   616 W skia    : AGTM parsing failed flags.readFromStream(s) at 159
04-26 20:29:33.556   566   616 W skia    : AGTM parsing failed flags.readFromStream(s) at 159
04-26 20:29:33.556   566   616 W skia    : AGTM parsing failed flags.readFromStream(s) at 159
04-26 20:29:33.556   566   616 W skia    : AGTM parsing failed flags.readFromStream(s) at 159
04-26 20:29:33.556   566   616 W skia    : AGTM parsing failed flags.readFromStream(s) at 159
04-26 20:29:33.556   566   616 W skia    : AGTM parsing failed flags.readFromStream(s) at 159
04-26 20:29:33.570   566   616 W skia    : AGTM parsing failed flags.readFromStream(s) at 159
04-26 20:29:33.571   566   616 W skia    : AGTM parsing failed flags.readFromStream(s) at 159
04-26 20:29:33.571   566   616 W skia    : AGTM parsing failed flags.readFromStream(s) at 159
04-26 20:29:33.571   566   616 W skia    : AGTM parsing failed flags.readFromStream(s) at 159
04-26 20:29:33.571   566   616 W skia    : AGTM parsing failed flags.readFromStream(s) at 159
04-26 20:29:33.577 18895 18939 I TakumiErrorReport: > First Load Files OK.
04-26 20:29:33.588   566   616 W skia    : AGTM parsing failed flags.readFromStream(s) at 159
04-26 20:29:33.588   566   616 W skia    : AGTM parsing failed flags.readFromStream(s) at 159
04-26 20:29:33.588   566   616 W skia    : AGTM parsing failed flags.readFromStream(s) at 159
04-26 20:29:33.589   566   616 W skia    : AGTM parsing failed flags.readFromStream(s) at 159
04-26 20:29:33.589   566   616 W skia    : AGTM parsing failed flags.readFromStream(s) at 159
04-26 20:29:33.606   566   616 W skia    : AGTM parsing failed flags.readFromStream(s) at 159
04-26 20:29:33.607   566   616 W skia    : AGTM parsing failed flags.readFromStream(s) at 159
04-26 20:29:33.607   566   616 W skia    : AGTM parsing failed flags.readFromStream(s) at 159
04-26 20:29:33.607   566   616 W skia    : AGTM parsing failed flags.readFromStream(s) at 159
04-26 20:29:33.607   566   616 W skia    : AGTM parsing failed flags.readFromStream(s) at 159
04-26 20:29:33.623   566   616 W skia    : AGTM parsing failed flags.readFromStream(s) at 159
04-26 20:29:33.623   566   616 W skia    : AGTM parsing failed flags.readFromStream(s) at 159
04-26 20:29:33.623   566   616 W skia    : AGTM parsing failed flags.readFromStream(s) at 159
04-26 20:29:33.623   566   616 W skia    : AGTM parsing failed flags.readFromStream(s) at 159
04-26 20:29:33.623   566   616 W skia    : AGTM parsing failed flags.readFromStream(s) at 159
04-26 20:29:33.638   566   616 W skia    : AGTM parsing failed flags.readFromStream(s) at 159
04-26 20:29:33.638   566   616 W skia    : AGTM parsing failed flags.readFromStream(s) at 159
04-26 20:29:33.638   566   616 W skia    : AGTM parsing failed flags.readFromStream(s) at 159
04-26 20:29:33.638   566   616 W skia    : AGTM parsing failed flags.readFromStream(s) at 159
04-26 20:29:33.638   566   616 W skia    : AGTM parsing failed flags.readFromStream(s) at 159
04-26 20:29:33.653   566   616 W skia    : AGTM parsing failed flags.readFromStream(s) at 159
04-26 20:29:33.653   566   616 W skia    : AGTM parsing failed flags.readFromStream(s) at 159
04-26 20:29:33.653   566   616 W skia    : AGTM parsing failed flags.readFromStream(s) at 159
04-26 20:29:33.653   566   616 W skia    : AGTM parsing failed flags.readFromStream(s) at 159
04-26 20:29:33.653   566   616 W skia    : AGTM parsing failed flags.readFromStream(s) at 159
04-26 20:29:33.673   566   616 W skia    : AGTM parsing failed flags.readFromStream(s) at 159
04-26 20:29:33.673   566   616 W skia    : AGTM parsing failed flags.readFromStream(s) at 159
04-26 20:29:33.673   566   616 W skia    : AGTM parsing failed flags.readFromStream(s) at 159
04-26 20:29:33.674   566   616 W skia    : AGTM parsing failed flags.readFromStream(s) at 159
04-26 20:29:33.675   566   616 W skia    : AGTM parsing failed flags.readFromStream(s) at 159
04-26 20:29:33.689   566   616 W skia    : AGTM parsing failed flags.readFromStream(s) at 159
04-26 20:29:33.689   566   616 W skia    : AGTM parsing failed flags.readFromStream(s) at 159
04-26 20:29:33.689   566   616 W skia    : AGTM parsing failed flags.readFromStream(s) at 159
04-26 20:29:33.689   566   616 W skia    : AGTM parsing failed flags.readFromStream(s) at 159
04-26 20:29:33.689   566   616 W skia    : AGTM parsing failed flags.readFromStream(s) at 159
04-26 20:29:33.706   566   616 W skia    : AGTM parsing failed flags.readFromStream(s) at 159
04-26 20:29:33.706   566   616 W skia    : AGTM parsing failed flags.readFromStream(s) at 159
04-26 20:29:33.706   566   616 W skia    : AGTM parsing failed flags.readFromStream(s) at 159
04-26 20:29:33.716   560   624 D AF::Track: interceptBuffer: took 1016us to intercept 0 tracks
04-26 20:29:33.722   566   616 W skia    : AGTM parsing failed flags.readFromStream(s) at 159
04-26 20:29:33.722   566   616 W skia    : AGTM parsing failed flags.readFromStream(s) at 159
04-26 20:29:33.722   566   616 W skia    : AGTM parsing failed flags.readFromStream(s) at 159
04-26 20:29:33.742   566   616 W skia    : AGTM parsing failed flags.readFromStream(s) at 159
04-26 20:29:33.742   566   616 W skia    : AGTM parsing failed flags.readFromStream(s) at 159
04-26 20:29:33.742   566   616 W skia    : AGTM parsing failed flags.readFromStream(s) at 159
04-26 20:29:33.751   736  1953 I ImeTracker: system_server:327e8ba9: onRequestHide at ORIGIN_SERVER reason IME_REQUESTED_CHANGED_LISTENER fromUser false displayId 0
04-26 20:29:33.755   736   762 I ImeTracker: system_server:327e8ba9: onCancelled at PHASE_SERVER_SHOULD_HIDE
04-26 20:29:33.757   566   616 W skia    : AGTM parsing failed flags.readFromStream(s) at 159
04-26 20:29:33.758   566   616 W skia    : AGTM parsing failed flags.readFromStream(s) at 159
04-26 20:29:33.758   566   616 W skia    : AGTM parsing failed flags.readFromStream(s) at 159
04-26 20:29:33.769   566   616 W skia    : AGTM parsing failed flags.readFromStream(s) at 159
04-26 20:29:33.770   566   616 W skia    : AGTM parsing failed flags.readFromStream(s) at 159
04-26 20:29:33.770   566   616 W skia    : AGTM parsing failed flags.readFromStream(s) at 159
04-26 20:29:33.787   566   616 W skia    : AGTM parsing failed flags.readFromStream(s) at 159
04-26 20:29:33.787   566   616 W skia    : AGTM parsing failed flags.readFromStream(s) at 159
04-26 20:29:33.788   566   616 W skia    : AGTM parsing failed flags.readFromStream(s) at 159
04-26 20:29:33.799  2780 18838 I artd    : GetBestInfo: odex next to the dex file (/data/app/~~PqdBwR9WSFUNw4iaJMgoGg==/com.google.android.gms-95Dc1VeYXyONiCBDqz_lkA==/oat/x86_64/base.odex) is kOatUpToDate with filter 'speed-profile' executable 'false'
04-26 20:29:33.803   566   616 W skia    : AGTM parsing failed flags.readFromStream(s) at 159
04-26 20:29:33.803   566   616 W skia    : AGTM parsing failed flags.readFromStream(s) at 159
04-26 20:29:33.803   566   616 W skia    : AGTM parsing failed flags.readFromStream(s) at 159
04-26 20:29:33.804  2780 18838 I artd    : GetBestInfo: dm (/data/app/~~PqdBwR9WSFUNw4iaJMgoGg==/com.google.android.gms-95Dc1VeYXyONiCBDqz_lkA==/split_AdsDynamite_installtime.dm) is kOatUpToDate with filter 'verify' executable 'false'
04-26 20:29:33.808  2780 18838 I artd    : GetBestInfo: dm (/data/app/~~PqdBwR9WSFUNw4iaJMgoGg==/com.google.android.gms-95Dc1VeYXyONiCBDqz_lkA==/split_CronetDynamite_installtime.dm) is kOatUpToDate with filter 'verify' executable 'false'
04-26 20:29:33.812  2780 18838 I artd    : GetBestInfo: dm (/data/app/~~PqdBwR9WSFUNw4iaJMgoGg==/com.google.android.gms-95Dc1VeYXyONiCBDqz_lkA==/split_DynamiteLoader_installtime.dm) is kOatUpToDate with filter 'verify' executable 'false'
04-26 20:29:33.816  2780 18838 I artd    : GetBestInfo: dm (/data/app/~~PqdBwR9WSFUNw4iaJMgoGg==/com.google.android.gms-95Dc1VeYXyONiCBDqz_lkA==/split_DynamiteModulesA_installtime.dm) is kOatUpToDate with filter 'verify' executable 'false'
04-26 20:29:33.820   566   616 W skia    : AGTM parsing failed flags.readFromStream(s) at 159
04-26 20:29:33.820   566   616 W skia    : AGTM parsing failed flags.readFromStream(s) at 159
04-26 20:29:33.820   566   616 W skia    : AGTM parsing failed flags.readFromStream(s) at 159
04-26 20:29:33.836  1036  1091 V WindowManagerShell: Transition animation finished (aborted=false), notifying core (#140) android.os.BinderProxy@9ad7dd6@0
04-26 20:29:33.836   566   616 W skia    : AGTM parsing failed flags.readFromStream(s) at 159
04-26 20:29:33.836   566   616 W skia    : AGTM parsing failed flags.readFromStream(s) at 159
04-26 20:29:33.836   566   616 W skia    : AGTM parsing failed flags.readFromStream(s) at 159
04-26 20:29:33.857   736   759 V WindowManager: Finish Transition (#140): created at 04-26 20:29:33.158 collect-started=0.126ms request-sent=4.783ms started=7.016ms ready=14.665ms sent=188.625ms commit=24.26ms finished=698.787ms
04-26 20:29:33.861   736   748 I system_server: Background young concurrent mark compact GC freed 22MB AllocSpace bytes, 23(1232KB) LOS objects, 39% free, 36MB/60MB, paused 3.133ms,42.410ms total 76.684ms
04-26 20:29:33.862  2780 18838 I artd    : GetBestInfo: dm (/data/app/~~PqdBwR9WSFUNw4iaJMgoGg==/com.google.android.gms-95Dc1VeYXyONiCBDqz_lkA==/split_DynamiteModulesC_installtime.dm) is kOatUpToDate with filter 'verify' executable 'false'
04-26 20:29:33.862 18895 18895 D VRI[PreloadActivity]: visibilityChanged oldVisibility=true newVisibility=false
04-26 20:29:33.867  2780 18838 I artd    : GetBestInfo: dm (/data/app/~~PqdBwR9WSFUNw4iaJMgoGg==/com.google.android.gms-95Dc1VeYXyONiCBDqz_lkA==/split_GoogleCertificates_installtime.dm) is kOatUpToDate with filter 'verify' executable 'false'
04-26 20:29:33.868  1036  1091 V WindowManagerShell: Track 0 became idle
04-26 20:29:33.868  1036  1091 V WindowManagerShell: All active transition animations finished
04-26 20:29:33.872  2780 18838 I artd    : GetBestInfo: dm (/data/app/~~PqdBwR9WSFUNw4iaJMgoGg==/com.google.android.gms-95Dc1VeYXyONiCBDqz_lkA==/split_MapsDynamite_installtime.dm) is kOatUpToDate with filter 'verify' executable 'false'
04-26 20:29:33.876 18895 18895 D WindowOnBackDispatcher: setTopOnBackInvokedCallback (unwrapped): null
04-26 20:29:33.876  2780 18838 I artd    : GetBestInfo: dm (/data/app/~~PqdBwR9WSFUNw4iaJMgoGg==/com.google.android.gms-95Dc1VeYXyONiCBDqz_lkA==/split_MeasurementDynamite_installtime.dm) is kOatUpToDate with filter 'verify' executable 'false'
04-26 20:29:33.877  4164  4216 I Finsky  : [47] WM::SCH: Logging work initialize for 12-1
04-26 20:29:33.878   736   835 D CoreBackPreview: Window{da30c6c u0 com.muonline.client/com.muonline.client.PreloadActivity}: Setting back callback null
04-26 20:29:33.879 18895 18895 D ViewRootImpl: Skipping stats log for color mode
04-26 20:29:33.880  2780 18838 I artd    : GetBestInfo: dm (/data/app/~~PqdBwR9WSFUNw4iaJMgoGg==/com.google.android.gms-95Dc1VeYXyONiCBDqz_lkA==/split_all_locale_splits.dm) is kOatUpToDate with filter 'verify' executable 'false'
04-26 20:29:33.883  2780  2785 I artd    : GetBestInfo: /data/user_de/0/com.google.android.gms/app_chimera/m/0000000a/dl-TfliteDynamiteDynamite.integ_252130102100800.apk has no usable artifacts
04-26 20:29:33.886  2780 18838 I artd    : GetBestInfo: /data/user_de/0/com.google.android.gms/app_chimera/m/00000001/CronetDynamite.apk has no usable artifacts
04-26 20:29:33.891  2780 18838 I artd    : GetBestInfo: /data/user_de/0/com.google.android.gms/app_chimera/m/00000016/dl-MlkitOcrCommon.optional_261332100800.apk has no usable artifacts
04-26 20:29:33.892  4164  4216 I Finsky  : [47] WM::SCH: Logging work initialize for 12-1
04-26 20:29:33.893  2780 18838 I artd    : GetBestInfo: /data/user_de/0/com.google.android.gms/app_chimera/m/00000002/DynamiteLoader.apk has no usable artifacts
04-26 20:29:33.899  2780 18838 I artd    : GetBestInfo: /data/user_de/0/com.google.android.gms/app_chimera/m/0000000e/dl-MlkitBarcodeUi.optional_260235100800.apk has no usable artifacts
04-26 20:29:33.902  2780 18838 I artd    : GetBestInfo: /data/user_de/0/com.google.android.gms/app_chimera/m/00000013/dl-Appsearch.optional_261332100800.apk has no usable artifacts
04-26 20:29:33.909  2780 18838 I artd    : GetBestInfo: /data/user_de/0/com.google.android.gms/app_chimera/m/00000005/GoogleCertificates.apk has no usable artifacts
04-26 20:29:33.912  4164  4222 I Finsky  : [53] SCH: Scheduling phonesky job Id: 12-1, CT: 1777210172141, Constraints: [{ L: 15000, D: 86400000, C: CHARGING_NONE, I: IDLE_NONE, N: NET_ANY, B: BATTERY_ANY }]
04-26 20:29:33.913  2780 18838 I artd    : GetBestInfo: /data/user_de/0/com.google.android.gms/app_chimera/m/00000012/dl-PlayCloudSearch.optional_261332100000.apk has no usable artifacts
04-26 20:29:33.917  2780 18838 I artd    : GetBestInfo: vdex next to the dex file (/data/user/0/com.google.android.gms/app_dg_cache/B3ED91DEC21F0EB5284BE10D982ABEAAC45F5C48/oat/x86_64/the.vdex) is kOatUpToDate with filter 'verify' executable 'false'
04-26 20:29:33.920  2780 18838 I artd    : GetBestInfo: /data/user_de/0/com.google.android.gms/app_chimera/m/0000000f/dl-PlayCloudSearch.optional_260235100000.apk has no usable artifacts
04-26 20:29:33.925  2780 18838 I artd    : GetBestInfo: /data/user_de/0/com.google.android.gms/app_chimera/m/00000008/dl-VisionOcr.optional_260235100000.apk has no usable artifacts
04-26 20:29:33.931  4164  4223 I Finsky  : [54] SCH: Scheduling 1 system job(s)
04-26 20:29:33.932  4164  4223 I Finsky  : [54] SCH: Scheduling system job Id: 9798, L: 13209, D: 43703755, C: false, I: false, N: 1
04-26 20:29:33.933  2780  2785 I artd    : GetBestInfo: /data/user_de/0/com.google.android.gms/app_chimera/m/0000000b/dl-Appsearch.optional_260235100800.apk has no usable artifacts
04-26 20:29:33.936  2780  2785 I artd    : GetBestInfo: /data/user_de/0/com.google.android.gms/app_chimera/m/00000011/dl-VisionOcr.optional_261332100000.apk has no usable artifacts
04-26 20:29:33.940  2780  2785 I artd    : GetBestInfo: /data/user_de/0/com.google.android.gms/app_chimera/m/00000015/dl-MlkitBarcodeUi.optional_261332100800.apk has no usable artifacts
04-26 20:29:33.945  2780  2785 I artd    : GetBestInfo: /data/user_de/0/com.google.android.gms/app_chimera/m/00000009/dl-MlkitOcrCommon.optional_260235100800.apk has no usable artifacts
04-26 20:29:33.947  2780  2785 I artd    : GetBestInfo: vdex next to the dex file (/data/user/0/com.google.android.gms/app_dg_cache/CE973E4DE823F0AA69070767A9FABB590DDD455C/oat/x86_64/the.vdex) is kOatUpToDate with filter 'verify' executable 'false'
04-26 20:29:33.948  2780  2785 I artd    : GetBestInfo: /data/user_de/0/com.google.android.gms/app_chimera/m/00000007/MeasurementDynamite.apk has no usable artifacts
04-26 20:29:33.956  4164  4224 I Finsky  : [55] SCH: Scheduling phonesky job Id: 12-1, CT: 1777210171960, Constraints: [{ L: 15000, D: 86400000, C: CHARGING_NONE, I: IDLE_NONE, N: NET_ANY, B: BATTERY_ANY }]
04-26 20:29:33.956  4164  4215 I Finsky  : [46] [ContentSync] finished, scheduled=true
04-26 20:29:33.962  4164  4225 I Finsky  : [56] SCH: Scheduling 1 system job(s)
04-26 20:29:33.963  4164  4225 I Finsky  : [56] SCH: Scheduling system job Id: 9798, L: 12998, D: 43703725, C: false, I: false, N: 1
04-26 20:29:33.985  4164  4216 I Finsky  : [47] [ContentSync] finished, scheduled=true
04-26 20:29:34.740 18895 18939 I MuMain  : OPENBASIC: OpenImages begin
04-26 20:29:34.742 18895 18939 I MuMain  : OPENBASIC: OpenImages done
04-26 20:29:34.743 18895 18939 I MuMain  : OPENBASIC: OpenSounds begin
04-26 20:29:34.743 18895 18939 I MuMain  : OPENBASIC: OpenSounds done
04-26 20:29:34.744 18895 18939 I MuMain  : OPENBASIC: scripts begin
04-26 20:29:34.748 18895 18939 I MuMain  : OPENBASIC: OpenTextData begin
04-26 20:29:34.751 18895 18939 I MuMain  : OPENBASIC: OpenTextData done
04-26 20:29:34.753 18895 18939 I MuMain  : OPENBASIC: master/gate/filter done
04-26 20:29:34.755 18895 18939 I MuMain  : WEBZEN: OpenBasicData done
04-26 20:29:34.782 18895 18939 I TakumiErrorReport: File not found Data\Interface\InGameShop\ingame_Bt_page_L.tga (32485)->Data\Custom\Maps\CRadar.tga
04-26 20:29:34.783 18895 18939 I TakumiErrorReport: File not found Data\Interface\InGameShop\IGS_Storage_Page.tga (32487)->Data\Custom\Maps\map_radar.tga
04-26 20:29:34.785 18895 18939 I TakumiErrorReport: File not found Data\Interface\InGameShop\IGS_Storage_Page_Left.tga (32488)->Data\Custom\Maps\background-tcp.tga
04-26 20:29:34.785 18895 18939 I TakumiErrorReport: File not found Data\Interface\InGameShop\IGS_Storage_Page_Right.tga (32489)->Data\Interface\newui_option_check.tga
04-26 20:29:34.848 18895 18939 I TakumiErrorReport: File not found Data\Interface\newui_item_back01.tga (31373)->Data\Interface\newui_item_back04.tga
04-26 20:29:34.849 18895 18939 I TakumiErrorReport: File not found Data\Interface\newui_item_back04.tga (31373)->Data\Interface\newui_item_back01.tga
04-26 20:29:34.853 18895 18939 I MuMain  : WEBZEN: LoadMainSceneInterface done
04-26 20:29:34.853 18895 18939 I TakumiErrorReport: > Loading ok.
04-26 20:29:34.856 18895 18939 E BLASTBufferQueue: [aea69ca SurfaceView[com.muonline.client/com.muonline.client.MuMainActivity]#2](f:0,a:0) rejecting buffer:active_size=2268x1080, requested_size=2268x1080 buffer{size=2268x943 transform=0}
04-26 20:29:34.911 18895 18939 I MuMain  : ADAPT fx scale: fps=0.7 frameMs=1463.88 1.00->0.90 target=0.55
04-26 20:29:34.912 18895 18939 I MuMain  : PERF fps=0.7 frameMs=1463.88 phase(render=1405.68 pad=0.05 present=57.88) renderLevel=4 fxScale=1.00 maxMsg=70 avg(draw=132 verts=792 im=132 vaD=0 vaC=0 qI=0 qE=0) max(draw=132 verts=792)
04-26 20:29:34.912 18895 18939 I MuMain  : PERF_SCENE world=-1 char(live=0 vis=0 ply=0 mon=0 npc=0 pet=0 prio=0 topMon=-1 x0) obj(live=0 vis=0 op=0 trap=0 topObj=-1 x0)
04-26 20:29:34.912 18895 18939 I MuMain  : PERF_BUCKET objMove(cand=0 upd=0 def=0 n=0 m=0 f=0) objRender(cand=0 draw=0 cull=0 n=0 m=0 f=0 visDraw=0 visDef=0) charMove(cand=0 upd=0 def=0 n=0 m=0 f=0) charRender(cand=0 draw=0 def=0 cull=0 n=0 m=0 f=0)
04-26 20:29:34.912 18895 18939 I MuMain  : PERF_TERRAIN world=-1 normal(block=0 tile=0) grass(block=0 tile=0) after(block=0 tile=0)
04-26 20:29:34.912 18895 18939 I MuMain  : Frame 0 — drawCalls=132 verts=792 paths(im=132 vaD=0 vaC=0 qI=0 qE=0) SDL_err='Couldn't open asset '/storage/emulated/0/Android/data/com.muonline.client/files/Data/fonts/font_.ttf''
04-26 20:29:34.915 18895 18939 I MuMain  : OpenTga logo file=Data\Logo\MU-logo.OZT size=512x256 alphaMin=0 alphaMax=255 alphaZero=80277 cornerRGBA=74,76,87,0
04-26 20:29:35.003 18895 18939 I TakumiErrorReport: File not found Data\World74\leaf01.tga (30357)->Data\World74\leaf01.jpg
04-26 20:29:35.008 18895 18939 I AndroidGDI: Font OK: /system/fonts/DroidSans-Bold.ttf sz=10
04-26 20:29:35.009 18895 18939 I TakumiErrorReport: [Connect to Server 33] ip address = 171.235.182.88, port = 44405
04-26 20:29:35.010 18895 18939 E MuMain  : PlayMp3 failed requested=[data\music\login_theme.mp3] resolved=[data/music/login_theme.mp3] reqExists=0 resolvedExists=0 cwd=[/storage/emulated/0/Android/data/com.muonline.client/files]: Couldn't open 'data/music/login_theme.mp3'
04-26 20:29:35.010 18895 18939 I TakumiErrorReport: > Login Scene init success.
04-26 20:29:35.022 18895 18939 I AndroidGDI: AndroidTextOut ENTRY len=34 hdc=0x733fdca9b620 bmp=0x733fdca9b680 text[0]=40
04-26 20:29:35.023 18895 18939 I AndroidGDI: TextOut surf=241x18 fmt=0x16362004 maxA=255 dib[0..2]=0,0,0
04-26 20:29:35.023 18895 18939 I AndroidGDI: AndroidTextOut ENTRY len=25 hdc=0x733fdca9b620 bmp=0x733fdca9b680 text[0]=32
04-26 20:29:35.024 18895 18939 I AndroidGDI: TextOut surf=177x18 fmt=0x16362004 maxA=255 dib[0..2]=0,0,0
04-26 20:29:35.024 18895 18939 I AndroidGDI: AndroidTextOut ENTRY len=14 hdc=0x733fdca9b620 bmp=0x733fdca9b680 text[0]=80
04-26 20:29:35.024 18895 18939 I AndroidGDI: TextOut surf=95x18 fmt=0x16362004 maxA=255 dib[0..2]=0,0,0
04-26 20:29:35.034 18895 18939 I MuMain  : Frame 1 — drawCalls=123 verts=43017 paths(im=885 vaD=0 vaC=0 qI=5 qE=0) SDL_err='Couldn't open 'data/music/login_theme.mp3''
04-26 20:29:35.053 18895 18939 I AndroidGDI: AndroidTextOut ENTRY len=34 hdc=0x733fdca9b620 bmp=0x733fdca9b680 text[0]=40
04-26 20:29:35.054 18895 18939 I AndroidGDI: TextOut surf=241x18 fmt=0x16362004 maxA=255 dib[0..2]=0,0,0
04-26 20:29:35.054 18895 18939 I AndroidGDI: AndroidTextOut ENTRY len=25 hdc=0x733fdca9b620 bmp=0x733fdca9b680 text[0]=32
04-26 20:29:35.054 18895 18939 I AndroidGDI: TextOut surf=177x18 fmt=0x16362004 maxA=255 dib[0..2]=0,0,0
04-26 20:29:35.054 18895 18939 I AndroidGDI: AndroidTextOut ENTRY len=14 hdc=0x733fdca9b620 bmp=0x733fdca9b680 text[0]=80
04-26 20:29:35.066 18895 18939 I MuMain  : Frame 2 — drawCalls=314 verts=70086 paths(im=1525 vaD=0 vaC=0 qI=19 qE=0) SDL_err=''
04-26 20:29:35.085 18895 18939 I AndroidGDI: AndroidTextOut ENTRY len=34 hdc=0x733fdca9b620 bmp=0x733fdca9b680 text[0]=40
04-26 20:29:35.086 18895 18939 I AndroidGDI: AndroidTextOut ENTRY len=25 hdc=0x733fdca9b620 bmp=0x733fdca9b680 text[0]=32
04-26 20:29:35.086 18895 18939 I AndroidGDI: AndroidTextOut ENTRY len=14 hdc=0x733fdca9b620 bmp=0x733fdca9b680 text[0]=80
04-26 20:29:35.087 18895 18939 I MuMain  : Frame 3 — drawCalls=316 verts=69192 paths(im=1511 vaD=0 vaC=0 qI=31 qE=0) SDL_err=''
04-26 20:29:35.107 18895 18939 I AndroidGDI: AndroidTextOut ENTRY len=34 hdc=0x733fdca9b620 bmp=0x733fdca9b680 text[0]=40
04-26 20:29:35.109 18895 18939 I MuMain  : Frame 4 — drawCalls=327 verts=69252 paths(im=1521 vaD=0 vaC=0 qI=44 qE=0) SDL_err=''
04-26 20:29:35.133 18895 18939 I MuMain  : Frame 5 — drawCalls=345 verts=73671 paths(im=1541 vaD=0 vaC=0 qI=59 qE=0) SDL_err=''
04-26 20:29:35.157 18895 18939 I MuMain  : Frame 6 — drawCalls=355 verts=73773 paths(im=1558 vaD=0 vaC=0 qI=69 qE=0) SDL_err=''
04-26 20:29:35.181 18895 18939 I MuMain  : Frame 7 — drawCalls=364 verts=73851 paths(im=1571 vaD=0 vaC=0 qI=82 qE=0) SDL_err=''
04-26 20:29:35.206 18895 18939 I MuMain  : Frame 8 — drawCalls=378 verts=74037 paths(im=1588 vaD=0 vaC=0 qI=95 qE=0) SDL_err=''
04-26 20:29:35.231 18895 18939 I MuMain  : Frame 9 — drawCalls=388 verts=74217 paths(im=1604 vaD=0 vaC=0 qI=107 qE=0) SDL_err=''
04-26 20:29:35.448 18895 18939 W MuMain  : ADAPT net budget down: fps=37.4 frameMs=26.70 maxMsg 70->60
04-26 20:29:35.640   736   921 I HalDevMgr: bestIfaceCreationProposal is null, requestIface=STA, existingIface=[name=wlan0 type=STA]
04-26 20:29:35.646  1160  1312 D IpClient/wlan0: interfaceLinkStateChanged: ifindex 16 up
04-26 20:29:35.656  1160  1312 D IpClient/wlan0: interfaceLinkStateChanged: ifindex 16 up
04-26 20:29:35.704 18895 18939 W MuMain  : ADAPT net budget down: fps=35.0 frameMs=28.54 maxMsg 60->50
04-26 20:29:35.957 18895 18939 W MuMain  : ADAPT net budget down: fps=35.7 frameMs=28.02 maxMsg 50->40
04-26 20:29:35.957 18895 18939 I MuMain  : PERF fps=35.7 frameMs=28.02 phase(render=27.23 pad=0.02 present=0.70) renderLevel=4 fxScale=1.00 maxMsg=40 avg(draw=448 verts=74810 im=1814 vaD=0 vaC=0 qI=221 qE=0) max(draw=451 verts=76884)
04-26 20:29:35.957 18895 18939 I MuMain  : PERF_SCENE world=73 char(live=0 vis=0 ply=0 mon=0 npc=0 pet=0 prio=0 topMon=-1 x0) obj(live=375 vis=174 op=0 trap=0 topObj=155 x29)
04-26 20:29:35.957 18895 18939 I MuMain  : PERF_BUCKET objMove(cand=0 upd=0 def=0 n=0 m=0 f=0) objRender(cand=0 draw=0 cull=0 n=0 m=0 f=0 visDraw=0 visDef=0) charMove(cand=0 upd=0 def=0 n=0 m=0 f=0) charRender(cand=0 draw=0 def=0 cull=0 n=0 m=0 f=0)
04-26 20:29:35.957 18895 18939 I MuMain  : PERF_TERRAIN world=73 normal(block=0 tile=0) grass(block=0 tile=0) after(block=0 tile=0)
04-26 20:29:36.197   736  1699 E TaskPersister: File error accessing recents directory (directory doesn't exist?).
04-26 20:29:36.229 18895 18939 I MuMain  : ADAPT fx scale: fps=36.8 frameMs=27.20 1.00->0.90 target=0.90
04-26 20:29:36.229 18895 18939 W MuMain  : ADAPT net budget down: fps=36.8 frameMs=27.20 maxMsg 40->30
04-26 20:29:37.008 18895 18939 I MuMain  : PERF fps=41.3 frameMs=24.21 phase(render=23.43 pad=0.02 present=0.70) renderLevel=4 fxScale=1.00 maxMsg=30 avg(draw=380 verts=78615 im=1743 vaD=0 vaC=0 qI=191 qE=0) max(draw=395 verts=81567)
04-26 20:29:37.008 18895 18939 I MuMain  : PERF_SCENE world=73 char(live=0 vis=0 ply=0 mon=0 npc=0 pet=0 prio=0 topMon=-1 x0) obj(live=375 vis=176 op=0 trap=0 topObj=79 x20)
04-26 20:29:37.008 18895 18939 I MuMain  : PERF_BUCKET objMove(cand=0 upd=0 def=0 n=0 m=0 f=0) objRender(cand=0 draw=0 cull=0 n=0 m=0 f=0 visDraw=0 visDef=0) charMove(cand=0 upd=0 def=0 n=0 m=0 f=0) charRender(cand=0 draw=0 def=0 cull=0 n=0 m=0 f=0)
04-26 20:29:37.008 18895 18939 I MuMain  : PERF_TERRAIN world=73 normal(block=0 tile=0) grass(block=0 tile=0) after(block=0 tile=0)
04-26 20:29:37.524 18895 18939 I MuMain  : ADAPT fx scale: fps=42.5 frameMs=23.54 1.00->0.90 target=0.90
04-26 20:29:38.034 18895 18939 I MuMain  : PERF fps=55.5 frameMs=18.02 phase(render=17.12 pad=0.02 present=0.82) renderLevel=4 fxScale=1.00 maxMsg=30 avg(draw=256 verts=70489 im=1622 vaD=0 vaC=0 qI=111 qE=0) max(draw=269 verts=72330)
04-26 20:29:38.034 18895 18939 I MuMain  : PERF_SCENE world=73 char(live=0 vis=0 ply=0 mon=0 npc=0 pet=0 prio=0 topMon=-1 x0) obj(live=375 vis=183 op=0 trap=0 topObj=79 x24)
04-26 20:29:38.034 18895 18939 I MuMain  : PERF_BUCKET objMove(cand=0 upd=0 def=0 n=0 m=0 f=0) objRender(cand=0 draw=0 cull=0 n=0 m=0 f=0 visDraw=0 visDef=0) charMove(cand=0 upd=0 def=0 n=0 m=0 f=0) charRender(cand=0 draw=0 def=0 cull=0 n=0 m=0 f=0)
04-26 20:29:38.034 18895 18939 I MuMain  : PERF_TERRAIN world=73 normal(block=0 tile=0) grass(block=0 tile=0) after(block=0 tile=0)
04-26 20:29:38.648   736   954 I AdbWifiNetworkMonitor: Wi-Fi network available
04-26 20:29:38.648   736   954 I AdbWifiNetworkMonitor: Received the same Wi-Fi SSID. Ignoring.
04-26 20:29:38.654  1366  3232 I NullBinder: NullBinder for android.net.action.RECOMMEND_NETWORKS triggering remote TransactionTooLargeException due to Service without Chimera impl, calling uid: 1000, calling pid: 0
04-26 20:29:38.654   736   921 I HalDevMgr: bestIfaceCreationProposal is null, requestIface=STA, existingIface=[name=wlan0 type=STA]
04-26 20:29:38.654  1366  3232 W libbinder.Binder: Large reply transaction of 1056768 bytes, interface descriptor , function: UNKNOWN_FUNCTION_NAME, code: 1, flags: 17
04-26 20:29:39.065 18895 18939 I MuMain  : PERF fps=67.5 frameMs=14.82 phase(render=14.17 pad=0.02 present=0.57) renderLevel=4 fxScale=1.00 maxMsg=30 avg(draw=189 verts=79550 im=1583 vaD=0 vaC=0 qI=74 qE=0) max(draw=197 verts=81669)
04-26 20:29:39.065 18895 18939 I MuMain  : PERF_SCENE world=73 char(live=0 vis=0 ply=0 mon=0 npc=0 pet=0 prio=0 topMon=-1 x0) obj(live=375 vis=166 op=0 trap=0 topObj=79 x24)
04-26 20:29:39.065 18895 18939 I MuMain  : PERF_BUCKET objMove(cand=0 upd=0 def=0 n=0 m=0 f=0) objRender(cand=0 draw=0 cull=0 n=0 m=0 f=0 visDraw=0 visDef=0) charMove(cand=0 upd=0 def=0 n=0 m=0 f=0) charRender(cand=0 draw=0 def=0 cull=0 n=0 m=0 f=0)
04-26 20:29:39.065 18895 18939 I MuMain  : PERF_TERRAIN world=73 normal(block=0 tile=0) grass(block=0 tile=0) after(block=0 tile=0)
04-26 20:29:39.320 18895 18939 I MuMain  : ADAPT net budget up: fps=62.9 frameMs=15.91 maxMsg 30->35
04-26 20:29:39.562  1203  1331 D SatelliteController: isInCarrierRoamingNbIotNtn: satellite is disabled
04-26 20:29:39.562  1203  1331 D SatelliteController: getCarrierRoamingNtnConnectType: Checking connect type from PLMN config for subId: 1
04-26 20:29:39.565  1203  1331 D SatelliteController: getSatellitePerPlmnConfiguration: invalid subId or not supported via carrier.
04-26 20:29:39.565  1203  1331 D SatelliteController: getCarrierRoamingNtnConnectType: config: null
04-26 20:29:39.566  1203  1331 D SatelliteController: getCarrierRoamingNtnConnectType: Falling back to global carrier config connect type: 0
04-26 20:29:39.566  1203  1331 D SatelliteController: updateLastNotifiedCarrierRoamingNtnSignalStrengthAndNotify(1)
04-26 20:29:39.566  1203  1331 D SatelliteController: updateLastNotifiedCarrierRoamingNtnSignalStrengthAndNotify(1) lastNotifiedSignalStrength level: 0
04-26 20:29:39.566  1203  1331 D SatelliteController: updateLastNotifiedCarrierRoamingNtnSignalStrengthAndNotify(1) currSignalStrength level: 0
04-26 20:29:40.098 18895 18939 I MuMain  : PERF fps=61.8 frameMs=16.18 phase(render=15.51 pad=0.04 present=0.56) renderLevel=4 fxScale=1.00 maxMsg=35 avg(draw=208 verts=93790 im=1626 vaD=0 vaC=0 qI=105 qE=0) max(draw=215 verts=94626)
04-26 20:29:40.098 18895 18939 I MuMain  : PERF_SCENE world=73 char(live=0 vis=0 ply=0 mon=0 npc=0 pet=0 prio=0 topMon=-1 x0) obj(live=375 vis=169 op=0 trap=0 topObj=79 x29)
04-26 20:29:40.098 18895 18939 I MuMain  : PERF_BUCKET objMove(cand=0 upd=0 def=0 n=0 m=0 f=0) objRender(cand=0 draw=0 cull=0 n=0 m=0 f=0 visDraw=0 visDef=0) charMove(cand=0 upd=0 def=0 n=0 m=0 f=0) charRender(cand=0 draw=0 def=0 cull=0 n=0 m=0 f=0)
04-26 20:29:40.098 18895 18939 I MuMain  : PERF_TERRAIN world=73 normal(block=0 tile=0) grass(block=0 tile=0) after(block=0 tile=0)
04-26 20:29:40.444  1016  1016 I wpa_supplicant: wlan0: CTRL-EVENT-BEACON-LOSS 
04-26 20:29:41.125 18895 18939 I MuMain  : PERF fps=57.9 frameMs=17.27 phase(render=16.34 pad=0.02 present=0.85) renderLevel=4 fxScale=1.00 maxMsg=35 avg(draw=219 verts=93772 im=1661 vaD=0 vaC=0 qI=112 qE=0) max(draw=225 verts=97302)
04-26 20:29:41.125 18895 18939 I MuMain  : PERF_SCENE world=73 char(live=0 vis=0 ply=0 mon=0 npc=0 pet=0 prio=0 topMon=-1 x0) obj(live=375 vis=166 op=0 trap=0 topObj=79 x25)
04-26 20:29:41.125 18895 18939 I MuMain  : PERF_BUCKET objMove(cand=0 upd=0 def=0 n=0 m=0 f=0) objRender(cand=0 draw=0 cull=0 n=0 m=0 f=0 visDraw=0 visDef=0) charMove(cand=0 upd=0 def=0 n=0 m=0 f=0) charRender(cand=0 draw=0 def=0 cull=0 n=0 m=0 f=0)
04-26 20:29:41.125 18895 18939 I MuMain  : PERF_TERRAIN world=73 normal(block=0 tile=0) grass(block=0 tile=0) after(block=0 tile=0)
04-26 20:29:41.662   736   921 I HalDevMgr: bestIfaceCreationProposal is null, requestIface=STA, existingIface=[name=wlan0 type=STA]
04-26 20:29:41.669  1160  1312 D IpClient/wlan0: interfaceLinkStateChanged: ifindex 16 up
04-26 20:29:41.680  1160  1312 D IpClient/wlan0: interfaceLinkStateChanged: ifindex 16 up
04-26 20:29:42.141 18895 18939 I MuMain  : PERF fps=54.3 frameMs=18.43 phase(render=17.59 pad=0.03 present=0.71) renderLevel=4 fxScale=1.00 maxMsg=35 avg(draw=243 verts=94056 im=1724 vaD=0 vaC=0 qI=132 qE=0) max(draw=251 verts=94989)
04-26 20:29:42.141 18895 18939 I MuMain  : PERF_SCENE world=73 char(live=0 vis=0 ply=0 mon=0 npc=0 pet=0 prio=0 topMon=-1 x0) obj(live=375 vis=157 op=0 trap=0 topObj=135 x18)
04-26 20:29:42.141 18895 18939 I MuMain  : PERF_BUCKET objMove(cand=0 upd=0 def=0 n=0 m=0 f=0) objRender(cand=0 draw=0 cull=0 n=0 m=0 f=0 visDraw=0 visDef=0) charMove(cand=0 upd=0 def=0 n=0 m=0 f=0) charRender(cand=0 draw=0 def=0 cull=0 n=0 m=0 f=0)
04-26 20:29:42.141 18895 18939 I MuMain  : PERF_TERRAIN world=73 normal(block=0 tile=0) grass(block=0 tile=0) after(block=0 tile=0)
04-26 20:29:42.394 18895 18939 W MuMain  : ADAPT net budget down: fps=55.1 frameMs=18.14 maxMsg 35->30
04-26 20:29:42.412   736   862 D ActivityManager: freezing 4276 com.android.vending:background
04-26 20:29:42.529   736   862 D ActivityManager: freezing 4164 com.android.vending
04-26 20:29:42.534   736   931 D InetDiagMessage: Destroyed 0 sockets, proto=IPPROTO_TCP, family=AF_INET, states=14
04-26 20:29:42.535   736   931 D InetDiagMessage: Destroyed 2 sockets, proto=IPPROTO_TCP, family=AF_INET6, states=14
04-26 20:29:42.535   736   931 D InetDiagMessage: Destroyed live tcp sockets for uids={10154} in 2ms
04-26 20:29:42.669 18895 18939 I MuMain  : ADAPT fx scale: fps=47.3 frameMs=21.15 1.00->0.90 target=0.90
04-26 20:29:43.187 18895 18939 I MuMain  : PERF fps=42.6 frameMs=23.45 phase(render=22.68 pad=0.02 present=0.69) renderLevel=4 fxScale=1.00 maxMsg=30 avg(draw=357 verts=104661 im=1886 vaD=0 vaC=0 qI=239 qE=0) max(draw=368 verts=104811)
04-26 20:29:43.187 18895 18939 I MuMain  : PERF_SCENE world=73 char(live=0 vis=0 ply=0 mon=0 npc=0 pet=0 prio=0 topMon=-1 x0) obj(live=375 vis=127 op=0 trap=0 topObj=135 x18)
04-26 20:29:43.188 18895 18939 I MuMain  : PERF_BUCKET objMove(cand=0 upd=0 def=0 n=0 m=0 f=0) objRender(cand=0 draw=0 cull=0 n=0 m=0 f=0 visDraw=0 visDef=0) charMove(cand=0 upd=0 def=0 n=0 m=0 f=0) charRender(cand=0 draw=0 def=0 cull=0 n=0 m=0 f=0)
04-26 20:29:43.188 18895 18939 I MuMain  : PERF_TERRAIN world=73 normal(block=0 tile=0) grass(block=0 tile=0) after(block=0 tile=0)
04-26 20:29:43.758  2780  2784 I artd    : GetBestInfo: odex next to the dex file (/data/app/~~PqdBwR9WSFUNw4iaJMgoGg==/com.google.android.gms-95Dc1VeYXyONiCBDqz_lkA==/oat/x86_64/base.odex) is kOatUpToDate with filter 'speed-profile' executable 'false'
04-26 20:29:43.760  2780  2784 I artd    : GetBestInfo: dm (/data/app/~~PqdBwR9WSFUNw4iaJMgoGg==/com.google.android.gms-95Dc1VeYXyONiCBDqz_lkA==/split_AdsDynamite_installtime.dm) is kOatUpToDate with filter 'verify' executable 'false'
04-26 20:29:43.762  2780  2784 I artd    : GetBestInfo: dm (/data/app/~~PqdBwR9WSFUNw4iaJMgoGg==/com.google.android.gms-95Dc1VeYXyONiCBDqz_lkA==/split_CronetDynamite_installtime.dm) is kOatUpToDate with filter 'verify' executable 'false'
04-26 20:29:43.765  2780  2784 I artd    : GetBestInfo: dm (/data/app/~~PqdBwR9WSFUNw4iaJMgoGg==/com.google.android.gms-95Dc1VeYXyONiCBDqz_lkA==/split_DynamiteLoader_installtime.dm) is kOatUpToDate with filter 'verify' executable 'false'
04-26 20:29:43.766  2780  2784 I artd    : GetBestInfo: dm (/data/app/~~PqdBwR9WSFUNw4iaJMgoGg==/com.google.android.gms-95Dc1VeYXyONiCBDqz_lkA==/split_DynamiteModulesA_installtime.dm) is kOatUpToDate with filter 'verify' executable 'false'
04-26 20:29:43.768  2780  2784 I artd    : GetBestInfo: dm (/data/app/~~PqdBwR9WSFUNw4iaJMgoGg==/com.google.android.gms-95Dc1VeYXyONiCBDqz_lkA==/split_DynamiteModulesC_installtime.dm) is kOatUpToDate with filter 'verify' executable 'false'
