04-26 19:50:49.520  1203  1331 D SatelliteController: updateLastNotifiedCarrierRoamingNtnSignalStrengthAndNotify(1) lastNotifiedSignalStrength level: 0
04-26 19:50:49.520  1203  1331 D SatelliteController: updateLastNotifiedCarrierRoamingNtnSignalStrengthAndNotify(1) currSignalStrength level: 0
04-26 19:50:49.651 16944 17008 I MuMain  : PERF fps=55.4 frameMs=18.05 phase(render=17.17 pad=0.02 present=0.80) renderLevel=4 fxScale=1.00 maxMsg=30 avg(draw=254 verts=85991 im=1987 vaD=0 vaC=0 qI=180 qE=0) max(draw=267 verts=87057)
04-26 19:50:49.651 16944 17008 I MuMain  : PERF_SCENE world=73 char(live=0 vis=0 ply=0 mon=0 npc=0 pet=0 prio=0 topMon=-1 x0) obj(live=375 vis=123 op=0 trap=0 topObj=146 x8)
04-26 19:50:49.651 16944 17008 I MuMain  : PERF_BUCKET objMove(cand=0 upd=0 def=0 n=0 m=0 f=0) objRender(cand=0 draw=0 cull=0 n=0 m=0 f=0 visDraw=0 visDef=0) charMove(cand=0 upd=0 def=0 n=0 m=0 f=0) charRender(cand=0 draw=0 def=0 cull=0 n=0 m=0 f=0)
04-26 19:50:49.651 16944 17008 I MuMain  : PERF_TERRAIN world=73 normal(block=0 tile=0) grass(block=0 tile=0) after(block=0 tile=0)
04-26 19:50:50.426 16944 17008 I MuMain  : ADAPT fx scale: fps=47.7 frameMs=20.98 1.00->0.90 target=0.90
04-26 19:50:50.461   736   862 D ActivityManager: freezing 4376 com.google.android.permissioncontroller
04-26 19:50:50.464   736   931 D InetDiagMessage: Destroyed 0 sockets, proto=IPPROTO_TCP, family=AF_INET, states=14
04-26 19:50:50.464   736   931 D InetDiagMessage: Destroyed 0 sockets, proto=IPPROTO_TCP, family=AF_INET6, states=14
04-26 19:50:50.465   736   931 D InetDiagMessage: Destroyed live tcp sockets for uids={10211} in 1ms
04-26 19:50:50.687 16944 17008 I MuMain  : PERF fps=46.0 frameMs=21.72 phase(render=20.88 pad=0.02 present=0.75) renderLevel=4 fxScale=1.00 maxMsg=30 avg(draw=334 verts=90869 im=1979 vaD=0 vaC=0 qI=255 qE=0) max(draw=342 verts=92280)
04-26 19:50:50.687 16944 17008 I MuMain  : PERF_SCENE world=73 char(live=0 vis=0 ply=0 mon=0 npc=0 pet=0 prio=0 topMon=-1 x0) obj(live=375 vis=123 op=0 trap=0 topObj=79 x15)
04-26 19:50:50.687 16944 17008 I MuMain  : PERF_BUCKET objMove(cand=0 upd=0 def=0 n=0 m=0 f=0) objRender(cand=0 draw=0 cull=0 n=0 m=0 f=0 visDraw=0 visDef=0) charMove(cand=0 upd=0 def=0 n=0 m=0 f=0) charRender(cand=0 draw=0 def=0 cull=0 n=0 m=0 f=0)
04-26 19:50:50.687 16944 17008 I MuMain  : PERF_TERRAIN world=73 normal(block=0 tile=0) grass(block=0 tile=0) after(block=0 tile=0)
04-26 19:50:51.717 16944 17008 I MuMain  : PERF fps=59.4 frameMs=16.85 phase(render=16.19 pad=0.02 present=0.56) renderLevel=4 fxScale=1.00 maxMsg=30 avg(draw=234 verts=84604 im=1827 vaD=0 vaC=0 qI=162 qE=0) max(draw=253 verts=85176)
04-26 19:50:51.717 16944 17008 I MuMain  : PERF_SCENE world=73 char(live=0 vis=0 ply=0 mon=0 npc=0 pet=0 prio=0 topMon=-1 x0) obj(live=375 vis=90 op=0 trap=0 topObj=79 x12)
04-26 19:50:51.717 16944 17008 I MuMain  : PERF_BUCKET objMove(cand=0 upd=0 def=0 n=0 m=0 f=0) objRender(cand=0 draw=0 cull=0 n=0 m=0 f=0 visDraw=0 visDef=0) charMove(cand=0 upd=0 def=0 n=0 m=0 f=0) charRender(cand=0 draw=0 def=0 cull=0 n=0 m=0 f=0)
04-26 19:50:51.717 16944 17008 I MuMain  : PERF_TERRAIN world=73 normal(block=0 tile=0) grass(block=0 tile=0) after(block=0 tile=0)
04-26 19:50:51.953   736   921 I HalDevMgr: bestIfaceCreationProposal is null, requestIface=STA, existingIface=[name=wlan0 type=STA]
04-26 19:50:52.381  1016  1016 I wpa_supplicant: wlan0: CTRL-EVENT-BEACON-LOSS 
04-26 19:50:52.753 16944 17008 I MuMain  : PERF fps=67.7 frameMs=14.77 phase(render=13.73 pad=0.04 present=0.95) renderLevel=4 fxScale=1.00 maxMsg=30 avg(draw=197 verts=57991 im=1665 vaD=0 vaC=0 qI=144 qE=0) max(draw=207 verts=59802)
04-26 19:50:52.753 16944 17008 I MuMain  : PERF_SCENE world=73 char(live=0 vis=0 ply=0 mon=0 npc=0 pet=0 prio=0 topMon=-1 x0) obj(live=375 vis=77 op=0 trap=0 topObj=79 x13)
04-26 19:50:52.753 16944 17008 I MuMain  : PERF_BUCKET objMove(cand=0 upd=0 def=0 n=0 m=0 f=0) objRender(cand=0 draw=0 cull=0 n=0 m=0 f=0 visDraw=0 visDef=0) charMove(cand=0 upd=0 def=0 n=0 m=0 f=0) charRender(cand=0 draw=0 def=0 cull=0 n=0 m=0 f=0)
04-26 19:50:52.753 16944 17008 I MuMain  : PERF_TERRAIN world=73 normal(block=0 tile=0) grass(block=0 tile=0) after(block=0 tile=0)
04-26 19:50:53.511 16944 17008 I MuMain  : ADAPT net budget up: fps=86.8 frameMs=11.53 maxMsg 30->35
04-26 19:50:53.660   560   624 D AF::Track: interceptBuffer: took 1168us to intercept 0 tracks
04-26 19:50:53.732  2780  2784 I artd    : GetBestInfo: odex next to the dex file (/data/app/~~PqdBwR9WSFUNw4iaJMgoGg==/com.google.android.gms-95Dc1VeYXyONiCBDqz_lkA==/oat/x86_64/base.odex) is kOatUpToDate with filter 'speed-profile' executable 'false'
04-26 19:50:53.734  2780  2784 I artd    : GetBestInfo: dm (/data/app/~~PqdBwR9WSFUNw4iaJMgoGg==/com.google.android.gms-95Dc1VeYXyONiCBDqz_lkA==/split_AdsDynamite_installtime.dm) is kOatUpToDate with filter 'verify' executable 'false'
04-26 19:50:53.736  2780  2784 I artd    : GetBestInfo: dm (/data/app/~~PqdBwR9WSFUNw4iaJMgoGg==/com.google.android.gms-95Dc1VeYXyONiCBDqz_lkA==/split_CronetDynamite_installtime.dm) is kOatUpToDate with filter 'verify' executable 'false'
04-26 19:50:53.738  2780  2784 I artd    : GetBestInfo: dm (/data/app/~~PqdBwR9WSFUNw4iaJMgoGg==/com.google.android.gms-95Dc1VeYXyONiCBDqz_lkA==/split_DynamiteLoader_installtime.dm) is kOatUpToDate with filter 'verify' executable 'false'
04-26 19:50:53.740  2780  2784 I artd    : GetBestInfo: dm (/data/app/~~PqdBwR9WSFUNw4iaJMgoGg==/com.google.android.gms-95Dc1VeYXyONiCBDqz_lkA==/split_DynamiteModulesA_installtime.dm) is kOatUpToDate with filter 'verify' executable 'false'
04-26 19:50:53.742  2780  2784 I artd    : GetBestInfo: dm (/data/app/~~PqdBwR9WSFUNw4iaJMgoGg==/com.google.android.gms-95Dc1VeYXyONiCBDqz_lkA==/split_DynamiteModulesC_installtime.dm) is kOatUpToDate with filter 'verify' executable 'false'
04-26 19:50:53.744  2780  2784 I artd    : GetBestInfo: dm (/data/app/~~PqdBwR9WSFUNw4iaJMgoGg==/com.google.android.gms-95Dc1VeYXyONiCBDqz_lkA==/split_GoogleCertificates_installtime.dm) is kOatUpToDate with filter 'verify' executable 'false'
04-26 19:50:53.746  2780  2784 I artd    : GetBestInfo: dm (/data/app/~~PqdBwR9WSFUNw4iaJMgoGg==/com.google.android.gms-95Dc1VeYXyONiCBDqz_lkA==/split_MapsDynamite_installtime.dm) is kOatUpToDate with filter 'verify' executable 'false'
04-26 19:50:53.749  2780  2784 I artd    : GetBestInfo: dm (/data/app/~~PqdBwR9WSFUNw4iaJMgoGg==/com.google.android.gms-95Dc1VeYXyONiCBDqz_lkA==/split_MeasurementDynamite_installtime.dm) is kOatUpToDate with filter 'verify' executable 'false'
04-26 19:50:53.750  2780  2784 I artd    : GetBestInfo: dm (/data/app/~~PqdBwR9WSFUNw4iaJMgoGg==/com.google.android.gms-95Dc1VeYXyONiCBDqz_lkA==/split_all_locale_splits.dm) is kOatUpToDate with filter 'verify' executable 'false'
04-26 19:50:53.752  2780  2784 I artd    : GetBestInfo: /data/user_de/0/com.google.android.gms/app_chimera/m/0000000a/dl-TfliteDynamiteDynamite.integ_252130102100800.apk has no usable artifacts
04-26 19:50:53.753  2780  2784 I artd    : GetBestInfo: /data/user_de/0/com.google.android.gms/app_chimera/m/00000001/CronetDynamite.apk has no usable artifacts
04-26 19:50:53.755  2780  2784 I artd    : GetBestInfo: /data/user_de/0/com.google.android.gms/app_chimera/m/00000016/dl-MlkitOcrCommon.optional_261332100800.apk has no usable artifacts
04-26 19:50:53.755  2780  2784 I artd    : GetBestInfo: /data/user_de/0/com.google.android.gms/app_chimera/m/00000002/DynamiteLoader.apk has no usable artifacts
04-26 19:50:53.758  2780  2784 I artd    : GetBestInfo: /data/user_de/0/com.google.android.gms/app_chimera/m/0000000e/dl-MlkitBarcodeUi.optional_260235100800.apk has no usable artifacts
04-26 19:50:53.761  2780  2784 I artd    : GetBestInfo: /data/user_de/0/com.google.android.gms/app_chimera/m/00000013/dl-Appsearch.optional_261332100800.apk has no usable artifacts
04-26 19:50:53.762  2780  2784 I artd    : GetBestInfo: /data/user_de/0/com.google.android.gms/app_chimera/m/00000005/GoogleCertificates.apk has no usable artifacts
04-26 19:50:53.763  2780  2784 I artd    : GetBestInfo: /data/user_de/0/com.google.android.gms/app_chimera/m/00000012/dl-PlayCloudSearch.optional_261332100000.apk has no usable artifacts
04-26 19:50:53.765  2780  2784 I artd    : GetBestInfo: vdex next to the dex file (/data/user/0/com.google.android.gms/app_dg_cache/B3ED91DEC21F0EB5284BE10D982ABEAAC45F5C48/oat/x86_64/the.vdex) is kOatUpToDate with filter 'verify' executable 'false'
04-26 19:50:53.767  2780  2784 I artd    : GetBestInfo: /data/user_de/0/com.google.android.gms/app_chimera/m/0000000f/dl-PlayCloudSearch.optional_260235100000.apk has no usable artifacts
04-26 19:50:53.768 16944 17008 I MuMain  : PERF fps=54.3 frameMs=18.40 phase(render=17.22 pad=0.03 present=0.96) renderLevel=4 fxScale=1.00 maxMsg=35 avg(draw=126 verts=70848 im=1684 vaD=0 vaC=0 qI=64 qE=0) max(draw=144 verts=72696)
04-26 19:50:53.768 16944 17008 I MuMain  : PERF_SCENE world=73 char(live=0 vis=0 ply=0 mon=0 npc=0 pet=0 prio=0 topMon=-1 x0) obj(live=375 vis=51 op=0 trap=0 topObj=79 x8)
04-26 19:50:53.768 16944 17008 I MuMain  : PERF_BUCKET objMove(cand=0 upd=0 def=0 n=0 m=0 f=0) objRender(cand=0 draw=0 cull=0 n=0 m=0 f=0 visDraw=0 visDef=0) charMove(cand=0 upd=0 def=0 n=0 m=0 f=0) charRender(cand=0 draw=0 def=0 cull=0 n=0 m=0 f=0)
04-26 19:50:53.768 16944 17008 I MuMain  : PERF_TERRAIN world=73 normal(block=0 tile=0) grass(block=0 tile=0) after(block=0 tile=0)
04-26 19:50:53.769  2780  2784 I artd    : GetBestInfo: /data/user_de/0/com.google.android.gms/app_chimera/m/00000008/dl-VisionOcr.optional_260235100000.apk has no usable artifacts
04-26 19:50:53.771  2780  2784 I artd    : GetBestInfo: /data/user_de/0/com.google.android.gms/app_chimera/m/0000000b/dl-Appsearch.optional_260235100800.apk has no usable artifacts
04-26 19:50:53.775  2780  2784 I artd    : GetBestInfo: /data/user_de/0/com.google.android.gms/app_chimera/m/00000011/dl-VisionOcr.optional_261332100000.apk has no usable artifacts
04-26 19:50:53.777  2780  2784 I artd    : GetBestInfo: /data/user_de/0/com.google.android.gms/app_chimera/m/00000015/dl-MlkitBarcodeUi.optional_261332100800.apk has no usable artifacts
04-26 19:50:53.780  2780  2784 I artd    : GetBestInfo: /data/user_de/0/com.google.android.gms/app_chimera/m/00000009/dl-MlkitOcrCommon.optional_260235100800.apk has no usable artifacts
04-26 19:50:53.782  2780  2784 I artd    : GetBestInfo: vdex next to the dex file (/data/user/0/com.google.android.gms/app_dg_cache/CE973E4DE823F0AA69070767A9FABB590DDD455C/oat/x86_64/the.vdex) is kOatUpToDate with filter 'verify' executable 'false'
04-26 19:50:53.783  2780  2784 I artd    : GetBestInfo: /data/user_de/0/com.google.android.gms/app_chimera/m/00000007/MeasurementDynamite.apk has no usable artifacts
04-26 19:50:54.168 16944 16950 I muonline.client: Background concurrent mark compact GC freed 3547KB AllocSpace bytes, 0(0B) LOS objects, 49% free, 2665KB/5331KB, paused 2.357ms,5.503ms total 19.494ms
04-26 19:50:54.795 16944 17008 I MuMain  : ADAPT net budget up: fps=103.6 frameMs=9.65 maxMsg 35->40
04-26 19:50:54.795 16944 17008 I MuMain  : PERF fps=103.6 frameMs=9.65 phase(render=8.95 pad=0.03 present=0.59) renderLevel=4 fxScale=1.00 maxMsg=40 avg(draw=104 verts=62992 im=1587 vaD=0 vaC=0 qI=36 qE=0) max(draw=125 verts=66927)
04-26 19:50:54.795 16944 17008 I MuMain  : PERF_SCENE world=73 char(live=0 vis=0 ply=0 mon=0 npc=0 pet=0 prio=0 topMon=-1 x0) obj(live=375 vis=88 op=0 trap=0 topObj=20 x10)
04-26 19:50:54.795 16944 17008 I MuMain  : PERF_BUCKET objMove(cand=0 upd=0 def=0 n=0 m=0 f=0) objRender(cand=0 draw=0 cull=0 n=0 m=0 f=0 visDraw=0 visDef=0) charMove(cand=0 upd=0 def=0 n=0 m=0 f=0) charRender(cand=0 draw=0 def=0 cull=0 n=0 m=0 f=0)
04-26 19:50:54.795 16944 17008 I MuMain  : PERF_TERRAIN world=73 normal(block=0 tile=0) grass(block=0 tile=0) after(block=0 tile=0)
04-26 19:50:54.966   736   921 I HalDevMgr: bestIfaceCreationProposal is null, requestIface=STA, existingIface=[name=wlan0 type=STA]
04-26 19:50:55.837 16944 17008 I MuMain  : PERF fps=56.5 frameMs=17.69 phase(render=16.83 pad=0.02 present=0.78) renderLevel=4 fxScale=1.00 maxMsg=40 avg(draw=262 verts=60329 im=1434 vaD=0 vaC=0 qI=118 qE=0) max(draw=303 verts=60759)
04-26 19:50:55.837 16944 17008 I MuMain  : PERF_SCENE world=73 char(live=0 vis=0 ply=0 mon=0 npc=0 pet=0 prio=0 topMon=-1 x0) obj(live=375 vis=164 op=0 trap=0 topObj=79 x17)
04-26 19:50:55.837 16944 17008 I MuMain  : PERF_BUCKET objMove(cand=0 upd=0 def=0 n=0 m=0 f=0) objRender(cand=0 draw=0 cull=0 n=0 m=0 f=0 visDraw=0 visDef=0) charMove(cand=0 upd=0 def=0 n=0 m=0 f=0) charRender(cand=0 draw=0 def=0 cull=0 n=0 m=0 f=0)
04-26 19:50:55.837 16944 17008 I MuMain  : PERF_TERRAIN world=73 normal(block=0 tile=0) grass(block=0 tile=0) after(block=0 tile=0)
04-26 19:50:56.451   736   850 D ActivityManager: sync unfroze 4164 com.android.vending for 6
04-26 19:50:56.478   736   736 W ProcessStats: Tracking association SourceState{f999d38 system/1000 ImpBg #6205} whose proc state 6 is better than process ProcessState{2c5a08d com.android.vending/10154 pkg=com.android.vending} proc state 14 (11 skipped)
04-26 19:50:56.503   736   862 D ActivityManager: freezing 14925 com.google.android.gms
04-26 19:50:56.522  4164  4164 I Finsky  : [2] SCH: job service start with id 9783.
04-26 19:50:56.580  4164 16924 I Finsky  : [359] SCH: Satisfied jobs for 9783 are: 12-1
04-26 19:50:56.599  4164 17036 I Finsky  : [368] SCH: Job 12-1 starting
04-26 19:50:56.602  4164  4164 I Finsky  : [2] WM::SCH: Logging work start for 12-1
04-26 19:50:56.602 16944 17008 I MuMain  : ADAPT fx scale: fps=43.2 frameMs=23.16 1.00->0.90 target=0.90
04-26 19:50:56.603   560   624 D AF::Track: interceptBuffer: took 528us to intercept 0 tracks
04-26 19:50:56.617  4164  4164 I Finsky  : [2] [ContentSync] job started
04-26 19:50:56.731  4164 17037 I Finsky  : [369] App states replicator found 7 unowned apps
04-26 19:50:56.752  4164  4223 I Finsky  : [54] Completed 0 account content syncs with 0 successful.
04-26 19:50:56.752  4164  4164 I Finsky  : [2] [ContentSync] Installation state replication succeeded.
04-26 19:50:56.752  4164  4164 I Finsky  : [2] SCH: jobFinished: 12-1. TimeElapsed: 152ms.
04-26 19:50:56.752  4164  4164 I Finsky  : [2] WM::SCH: Logging work end for 12-1
04-26 19:50:56.820  4164  4223 I Finsky  : [54] SCH: Scheduling phonesky job Id: 1-1337, CT: 1777185491409, Constraints: [{ L: 25186278, D: 68386278, C: CHARGING_NONE, I: IDLE_NONE, N: NET_ANY, B: BATTERY_ANY }]
04-26 19:50:56.827  4164  4224 I Finsky  : [55] SCH: Scheduling 1 system job(s)
04-26 19:50:56.827  4164  4224 I Finsky  : [55] SCH: Scheduling system job Id: 9786, L: 2820860, D: 46020860, C: false, I: false, N: 1
04-26 19:50:56.838  4164 17036 I Finsky  : [368] SCH: job service finished with id 9783.
04-26 19:50:56.854 16944 17008 I MuMain  : PERF fps=35.7 frameMs=27.99 phase(render=27.03 pad=0.03 present=0.86) renderLevel=4 fxScale=1.00 maxMsg=40 avg(draw=289 verts=60832 im=1449 vaD=0 vaC=0 qI=176 qE=0) max(draw=297 verts=62718)
04-26 19:50:56.854 16944 17008 I MuMain  : PERF_SCENE world=73 char(live=0 vis=0 ply=0 mon=0 npc=0 pet=0 prio=0 topMon=-1 x0) obj(live=375 vis=171 op=0 trap=0 topObj=79 x16)
04-26 19:50:56.854 16944 17008 I MuMain  : PERF_BUCKET objMove(cand=0 upd=0 def=0 n=0 m=0 f=0) objRender(cand=0 draw=0 cull=0 n=0 m=0 f=0 visDraw=0 visDef=0) charMove(cand=0 upd=0 def=0 n=0 m=0 f=0) charRender(cand=0 draw=0 def=0 cull=0 n=0 m=0 f=0)
04-26 19:50:56.854 16944 17008 I MuMain  : PERF_TERRAIN world=73 normal(block=0 tile=0) grass(block=0 tile=0) after(block=0 tile=0)
04-26 19:50:56.855  4164  4164 I Finsky  : [2] Memory trim requested to level 40
04-26 19:50:56.855  4164  4164 I Finsky  : [2] Flushing in-memory image cache
04-26 19:50:57.120 16944 17008 W MuMain  : ADAPT net budget down: fps=41.3 frameMs=24.20 maxMsg 40->30
04-26 19:50:57.921 16944 17008 I MuMain  : ADAPT fx scale: fps=34.7 frameMs=28.84 1.00->0.90 target=0.80
04-26 19:50:57.921 16944 17008 I MuMain  : PERF fps=34.7 frameMs=28.84 phase(render=28.05 pad=0.03 present=0.71) renderLevel=4 fxScale=1.00 maxMsg=30 avg(draw=487 verts=54245 im=1652 vaD=0 vaC=0 qI=217 qE=0) max(draw=508 verts=63495)
04-26 19:50:57.921 16944 17008 I MuMain  : PERF_SCENE world=73 char(live=0 vis=0 ply=0 mon=0 npc=0 pet=0 prio=0 topMon=-1 x0) obj(live=375 vis=188 op=0 trap=0 topObj=155 x22)
04-26 19:50:57.921 16944 17008 I MuMain  : PERF_BUCKET objMove(cand=0 upd=0 def=0 n=0 m=0 f=0) objRender(cand=0 draw=0 cull=0 n=0 m=0 f=0 visDraw=0 visDef=0) charMove(cand=0 upd=0 def=0 n=0 m=0 f=0) charRender(cand=0 draw=0 def=0 cull=0 n=0 m=0 f=0)
04-26 19:50:57.921 16944 17008 I MuMain  : PERF_TERRAIN world=73 normal(block=0 tile=0) grass(block=0 tile=0) after(block=0 tile=0)
04-26 19:50:57.976   736   921 I HalDevMgr: bestIfaceCreationProposal is null, requestIface=STA, existingIface=[name=wlan0 type=STA]
04-26 19:50:59.011 16944 17008 I MuMain  : PERF fps=30.6 frameMs=32.69 phase(render=31.95 pad=0.02 present=0.66) renderLevel=4 fxScale=1.00 maxMsg=30 avg(draw=578 verts=45022 im=1561 vaD=0 vaC=0 qI=186 qE=0) max(draw=612 verts=46626)
04-26 19:50:59.011 16944 17008 I MuMain  : PERF_SCENE world=73 char(live=0 vis=0 ply=0 mon=0 npc=0 pet=0 prio=0 topMon=-1 x0) obj(live=375 vis=151 op=0 trap=0 topObj=155 x20)
04-26 19:50:59.011 16944 17008 I MuMain  : PERF_BUCKET objMove(cand=0 upd=0 def=0 n=0 m=0 f=0) objRender(cand=0 draw=0 cull=0 n=0 m=0 f=0 visDraw=0 visDef=0) charMove(cand=0 upd=0 def=0 n=0 m=0 f=0) charRender(cand=0 draw=0 def=0 cull=0 n=0 m=0 f=0)
04-26 19:50:59.011 16944 17008 I MuMain  : PERF_TERRAIN world=73 normal(block=0 tile=0) grass(block=0 tile=0) after(block=0 tile=0)
04-26 19:50:59.281 16944 17008 I MuMain  : ADAPT fx scale: fps=29.7 frameMs=33.72 1.00->0.90 target=0.80
04-26 19:50:59.517  1203  1331 D SatelliteController: isInCarrierRoamingNbIotNtn: satellite is disabled
04-26 19:50:59.517  1203  1331 D SatelliteController: getCarrierRoamingNtnConnectType: Checking connect type from PLMN config for subId: 1
04-26 19:50:59.517  1203  1331 D SatelliteController: getSatellitePerPlmnConfiguration: invalid subId or not supported via carrier.
04-26 19:50:59.517  1203  1331 D SatelliteController: getCarrierRoamingNtnConnectType: config: null
04-26 19:50:59.518  1203  1331 D SatelliteController: getCarrierRoamingNtnConnectType: Falling back to global carrier config connect type: 0
04-26 19:50:59.518  1203  1331 D SatelliteController: updateLastNotifiedCarrierRoamingNtnSignalStrengthAndNotify(1)
04-26 19:50:59.518  1203  1331 D SatelliteController: updateLastNotifiedCarrierRoamingNtnSignalStrengthAndNotify(1) lastNotifiedSignalStrength level: 0
04-26 19:50:59.518  1203  1331 D SatelliteController: updateLastNotifiedCarrierRoamingNtnSignalStrengthAndNotify(1) currSignalStrength level: 0
04-26 19:51:00.080 16944 17008 I MuMain  : PERF fps=27.7 frameMs=36.15 phase(render=35.35 pad=0.02 present=0.72) renderLevel=4 fxScale=1.00 maxMsg=30 avg(draw=628 verts=51576 im=1603 vaD=0 vaC=0 qI=121 qE=0) max(draw=668 verts=52833)
04-26 19:51:00.080 16944 17008 I MuMain  : PERF_SCENE world=73 char(live=0 vis=0 ply=0 mon=0 npc=0 pet=0 prio=0 topMon=-1 x0) obj(live=375 vis=187 op=0 trap=0 topObj=79 x25)
04-26 19:51:00.080 16944 17008 I MuMain  : PERF_BUCKET objMove(cand=0 upd=0 def=0 n=0 m=0 f=0) objRender(cand=0 draw=0 cull=0 n=0 m=0 f=0 visDraw=0 visDef=0) charMove(cand=0 upd=0 def=0 n=0 m=0 f=0) charRender(cand=0 draw=0 def=0 cull=0 n=0 m=0 f=0)
04-26 19:51:00.080 16944 17008 I MuMain  : PERF_TERRAIN world=73 normal(block=0 tile=0) grass(block=0 tile=0) after(block=0 tile=0)
04-26 19:51:00.317  1016  1016 I wpa_supplicant: wlan0: CTRL-EVENT-BEACON-LOSS 
04-26 19:51:00.588 16944 17008 I MuMain  : ADAPT fx scale: fps=28.0 frameMs=35.73 1.00->0.90 target=0.80
04-26 19:51:00.983   736   921 I HalDevMgr: bestIfaceCreationProposal is null, requestIface=STA, existingIface=[name=wlan0 type=STA]
04-26 19:51:01.121 16944 17008 I MuMain  : PERF fps=26.0 frameMs=38.42 phase(render=37.67 pad=0.02 present=0.68) renderLevel=4 fxScale=1.00 maxMsg=30 avg(draw=685 verts=51165 im=1652 vaD=0 vaC=0 qI=67 qE=0) max(draw=688 verts=51921)
04-26 19:51:01.121 16944 17008 I MuMain  : PERF_SCENE world=73 char(live=0 vis=0 ply=0 mon=0 npc=0 pet=0 prio=0 topMon=-1 x0) obj(live=375 vis=163 op=0 trap=0 topObj=155 x20)
04-26 19:51:01.121 16944 17008 I MuMain  : PERF_BUCKET objMove(cand=0 upd=0 def=0 n=0 m=0 f=0) objRender(cand=0 draw=0 cull=0 n=0 m=0 f=0 visDraw=0 visDef=0) charMove(cand=0 upd=0 def=0 n=0 m=0 f=0) charRender(cand=0 draw=0 def=0 cull=0 n=0 m=0 f=0)
04-26 19:51:01.121 16944 17008 I MuMain  : PERF_TERRAIN world=73 normal(block=0 tile=0) grass(block=0 tile=0) after(block=0 tile=0)
04-26 19:51:01.947 16944 17008 I MuMain  : ADAPT fx scale: fps=25.5 frameMs=39.17 1.00->0.90 target=0.65
04-26 19:51:02.212 16944 17008 I MuMain  : PERF fps=26.5 frameMs=37.78 phase(render=37.00 pad=0.02 present=0.70) renderLevel=4 fxScale=1.00 maxMsg=30 avg(draw=687 verts=54399 im=1492 vaD=0 vaC=0 qI=17 qE=0) max(draw=700 verts=55152)
04-26 19:51:02.212 16944 17008 I MuMain  : PERF_SCENE world=73 char(live=0 vis=0 ply=0 mon=0 npc=0 pet=0 prio=0 topMon=-1 x0) obj(live=375 vis=113 op=0 trap=0 topObj=77 x11)
04-26 19:51:02.212 16944 17008 I MuMain  : PERF_BUCKET objMove(cand=0 upd=0 def=0 n=0 m=0 f=0) objRender(cand=0 draw=0 cull=0 n=0 m=0 f=0 visDraw=0 visDef=0) charMove(cand=0 upd=0 def=0 n=0 m=0 f=0) charRender(cand=0 draw=0 def=0 cull=0 n=0 m=0 f=0)
04-26 19:51:02.212 16944 17008 I MuMain  : PERF_TERRAIN world=73 normal(block=0 tile=0) grass(block=0 tile=0) after(block=0 tile=0)
04-26 19:51:03.256 16944 17008 I MuMain  : ADAPT fx scale: fps=31.1 frameMs=32.17 1.00->0.90 target=0.80
04-26 19:51:03.256 16944 17008 I MuMain  : PERF fps=31.1 frameMs=32.17 phase(render=31.43 pad=0.02 present=0.66) renderLevel=4 fxScale=1.00 maxMsg=30 avg(draw=569 verts=53895 im=1177 vaD=0 vaC=0 qI=28 qE=0) max(draw=581 verts=54345)
04-26 19:51:03.256 16944 17008 I MuMain  : PERF_SCENE world=73 char(live=0 vis=0 ply=0 mon=0 npc=0 pet=0 prio=0 topMon=-1 x0) obj(live=375 vis=91 op=0 trap=0 topObj=136 x9)
04-26 19:51:03.256 16944 17008 I MuMain  : PERF_BUCKET objMove(cand=0 upd=0 def=0 n=0 m=0 f=0) objRender(cand=0 draw=0 cull=0 n=0 m=0 f=0 visDraw=0 visDef=0) charMove(cand=0 upd=0 def=0 n=0 m=0 f=0) charRender(cand=0 draw=0 def=0 cull=0 n=0 m=0 f=0)
04-26 19:51:03.256 16944 17008 I MuMain  : PERF_TERRAIN world=73 normal(block=0 tile=0) grass(block=0 tile=0) after(block=0 tile=0)
04-26 19:51:03.564   560   624 D AF::Track: interceptBuffer: took 862us to intercept 0 tracks
04-26 19:51:03.735   736   748 I system_server: Background young concurrent mark compact GC freed 21MB AllocSpace bytes, 7(272KB) LOS objects, 36% free, 37MB/59MB, paused 1.820ms,34.619ms total 63.159ms
04-26 19:51:03.746  2780  2783 I artd    : GetBestInfo: odex next to the dex file (/data/app/~~PqdBwR9WSFUNw4iaJMgoGg==/com.google.android.gms-95Dc1VeYXyONiCBDqz_lkA==/oat/x86_64/base.odex) is kOatUpToDate with filter 'speed-profile' executable 'false'
04-26 19:51:03.748  2780  2783 I artd    : GetBestInfo: dm (/data/app/~~PqdBwR9WSFUNw4iaJMgoGg==/com.google.android.gms-95Dc1VeYXyONiCBDqz_lkA==/split_AdsDynamite_installtime.dm) is kOatUpToDate with filter 'verify' executable 'false'
04-26 19:51:03.750  2780  2783 I artd    : GetBestInfo: dm (/data/app/~~PqdBwR9WSFUNw4iaJMgoGg==/com.google.android.gms-95Dc1VeYXyONiCBDqz_lkA==/split_CronetDynamite_installtime.dm) is kOatUpToDate with filter 'verify' executable 'false'
04-26 19:51:03.752  2780  2783 I artd    : GetBestInfo: dm (/data/app/~~PqdBwR9WSFUNw4iaJMgoGg==/com.google.android.gms-95Dc1VeYXyONiCBDqz_lkA==/split_DynamiteLoader_installtime.dm) is kOatUpToDate with filter 'verify' executable 'false'
04-26 19:51:03.754  2780  2783 I artd    : GetBestInfo: dm (/data/app/~~PqdBwR9WSFUNw4iaJMgoGg==/com.google.android.gms-95Dc1VeYXyONiCBDqz_lkA==/split_DynamiteModulesA_installtime.dm) is kOatUpToDate with filter 'verify' executable 'false'
04-26 19:51:03.756  2780  2783 I artd    : GetBestInfo: dm (/data/app/~~PqdBwR9WSFUNw4iaJMgoGg==/com.google.android.gms-95Dc1VeYXyONiCBDqz_lkA==/split_DynamiteModulesC_installtime.dm) is kOatUpToDate with filter 'verify' executable 'false'
04-26 19:51:03.759  2780  2783 I artd    : GetBestInfo: dm (/data/app/~~PqdBwR9WSFUNw4iaJMgoGg==/com.google.android.gms-95Dc1VeYXyONiCBDqz_lkA==/split_GoogleCertificates_installtime.dm) is kOatUpToDate with filter 'verify' executable 'false'
04-26 19:51:03.760  2780  2783 I artd    : GetBestInfo: dm (/data/app/~~PqdBwR9WSFUNw4iaJMgoGg==/com.google.android.gms-95Dc1VeYXyONiCBDqz_lkA==/split_MapsDynamite_installtime.dm) is kOatUpToDate with filter 'verify' executable 'false'
04-26 19:51:03.762  2780  2783 I artd    : GetBestInfo: dm (/data/app/~~PqdBwR9WSFUNw4iaJMgoGg==/com.google.android.gms-95Dc1VeYXyONiCBDqz_lkA==/split_MeasurementDynamite_installtime.dm) is kOatUpToDate with filter 'verify' executable 'false'
04-26 19:51:03.763  2780  2783 I artd    : GetBestInfo: dm (/data/app/~~PqdBwR9WSFUNw4iaJMgoGg==/com.google.android.gms-95Dc1VeYXyONiCBDqz_lkA==/split_all_locale_splits.dm) is kOatUpToDate with filter 'verify' executable 'false'
04-26 19:51:03.765  2780  2783 I artd    : GetBestInfo: /data/user_de/0/com.google.android.gms/app_chimera/m/0000000a/dl-TfliteDynamiteDynamite.integ_252130102100800.apk has no usable artifacts
04-26 19:51:03.766  2780  2783 I artd    : GetBestInfo: /data/user_de/0/com.google.android.gms/app_chimera/m/00000001/CronetDynamite.apk has no usable artifacts
04-26 19:51:03.767  2780  2783 I artd    : GetBestInfo: /data/user_de/0/com.google.android.gms/app_chimera/m/00000016/dl-MlkitOcrCommon.optional_261332100800.apk has no usable artifacts
04-26 19:51:03.768  2780  2783 I artd    : GetBestInfo: /data/user_de/0/com.google.android.gms/app_chimera/m/00000002/DynamiteLoader.apk has no usable artifacts
04-26 19:51:03.770  2780  2783 I artd    : GetBestInfo: /data/user_de/0/com.google.android.gms/app_chimera/m/0000000e/dl-MlkitBarcodeUi.optional_260235100800.apk has no usable artifacts
04-26 19:51:03.772  2780  2783 I artd    : GetBestInfo: /data/user_de/0/com.google.android.gms/app_chimera/m/00000013/dl-Appsearch.optional_261332100800.apk has no usable artifacts
04-26 19:51:03.772  2780  2783 I artd    : GetBestInfo: /data/user_de/0/com.google.android.gms/app_chimera/m/00000005/GoogleCertificates.apk has no usable artifacts
04-26 19:51:03.774  2780  2783 I artd    : GetBestInfo: /data/user_de/0/com.google.android.gms/app_chimera/m/00000012/dl-PlayCloudSearch.optional_261332100000.apk has no usable artifacts
04-26 19:51:03.776  2780  2783 I artd    : GetBestInfo: vdex next to the dex file (/data/user/0/com.google.android.gms/app_dg_cache/B3ED91DEC21F0EB5284BE10D982ABEAAC45F5C48/oat/x86_64/the.vdex) is kOatUpToDate with filter 'verify' executable 'false'
04-26 19:51:03.778  2780  2783 I artd    : GetBestInfo: /data/user_de/0/com.google.android.gms/app_chimera/m/0000000f/dl-PlayCloudSearch.optional_260235100000.apk has no usable artifacts
04-26 19:51:03.780  2780  2783 I artd    : GetBestInfo: /data/user_de/0/com.google.android.gms/app_chimera/m/00000008/dl-VisionOcr.optional_260235100000.apk has no usable artifacts
04-26 19:51:03.782  2780  2783 I artd    : GetBestInfo: /data/user_de/0/com.google.android.gms/app_chimera/m/0000000b/dl-Appsearch.optional_260235100800.apk has no usable artifacts
04-26 19:51:03.783  2780  2783 I artd    : GetBestInfo: /data/user_de/0/com.google.android.gms/app_chimera/m/00000011/dl-VisionOcr.optional_261332100000.apk has no usable artifacts
04-26 19:51:03.785  2780  2783 I artd    : GetBestInfo: /data/user_de/0/com.google.android.gms/app_chimera/m/00000015/dl-MlkitBarcodeUi.optional_261332100800.apk has no usable artifacts
04-26 19:51:03.789  2780  2783 I artd    : GetBestInfo: /data/user_de/0/com.google.android.gms/app_chimera/m/00000009/dl-MlkitOcrCommon.optional_260235100800.apk has no usable artifacts
04-26 19:51:03.791  2780  2783 I artd    : GetBestInfo: vdex next to the dex file (/data/user/0/com.google.android.gms/app_dg_cache/CE973E4DE823F0AA69070767A9FABB590DDD455C/oat/x86_64/the.vdex) is kOatUpToDate with filter 'verify' executable 'false'
04-26 19:51:03.792  2780  2783 I artd    : GetBestInfo: /data/user_de/0/com.google.android.gms/app_chimera/m/00000007/MeasurementDynamite.apk has no usable artifacts
04-26 19:51:03.988   736   921 I HalDevMgr: bestIfaceCreationProposal is null, requestIface=STA, existingIface=[name=wlan0 type=STA]
04-26 19:51:04.314 16944 17008 I MuMain  : PERF fps=33.0 frameMs=30.30 phase(render=29.62 pad=0.02 present=0.61) renderLevel=4 fxScale=1.00 maxMsg=30 avg(draw=538 verts=54330 im=1024 vaD=0 vaC=0 qI=119 qE=0) max(draw=547 verts=54756)
04-26 19:51:04.314 16944 17008 I MuMain  : PERF_SCENE world=73 char(live=0 vis=0 ply=0 mon=0 npc=0 pet=0 prio=0 topMon=-1 x0) obj(live=375 vis=56 op=0 trap=0 topObj=79 x19)
04-26 19:51:04.314 16944 17008 I MuMain  : PERF_BUCKET objMove(cand=0 upd=0 def=0 n=0 m=0 f=0) objRender(cand=0 draw=0 cull=0 n=0 m=0 f=0 visDraw=0 visDef=0) charMove(cand=0 upd=0 def=0 n=0 m=0 f=0) charRender(cand=0 draw=0 def=0 cull=0 n=0 m=0 f=0)
04-26 19:51:04.314 16944 17008 I MuMain  : PERF_TERRAIN world=73 normal(block=0 tile=0) grass(block=0 tile=0) after(block=0 tile=0)
04-26 19:51:04.588 16944 17008 I MuMain  : ADAPT fx scale: fps=32.9 frameMs=30.42 1.00->0.90 target=0.80
04-26 19:51:04.995  1036  1141 I QuickAccessWalletTile: QAW service is unavailable, recreating the wallet client.
04-26 19:51:05.021  1036  1141 D ControlsListingControllerImpl: Subscribing callback, service count: 0
04-26 19:51:05.023  1036  1141 D ControlsListingControllerImpl: Unsubscribing callback
04-26 19:51:05.388 16944 17008 I MuMain  : PERF fps=30.8 frameMs=32.45 phase(render=31.58 pad=0.02 present=0.79) renderLevel=4 fxScale=1.00 maxMsg=30 avg(draw=580 verts=52152 im=1212 vaD=0 vaC=0 qI=188 qE=0) max(draw=619 verts=53097)
04-26 19:51:05.388 16944 17008 I MuMain  : PERF_SCENE world=73 char(live=0 vis=0 ply=0 mon=0 npc=0 pet=0 prio=0 topMon=-1 x0) obj(live=375 vis=78 op=0 trap=0 topObj=79 x23)
04-26 19:51:05.388 16944 17008 I MuMain  : PERF_BUCKET objMove(cand=0 upd=0 def=0 n=0 m=0 f=0) objRender(cand=0 draw=0 cull=0 n=0 m=0 f=0 visDraw=0 visDef=0) charMove(cand=0 upd=0 def=0 n=0 m=0 f=0) charRender(cand=0 draw=0 def=0 cull=0 n=0 m=0 f=0)
04-26 19:51:05.388 16944 17008 I MuMain  : PERF_TERRAIN world=73 normal(block=0 tile=0) grass(block=0 tile=0) after(block=0 tile=0)
04-26 19:51:05.819 17047 17047 W libbinder.BackendUnifiedServiceManager: Thread Pool max thread count is 0. Cannot cache binder as linkToDeath cannot be implemented. serviceName: SurfaceFlingerAIDL
04-26 19:51:05.820 17047 17047 W libbinder.BpBinder: Linking to death on android.gui.ISurfaceComposer but there are no threads (yet?) listening to incoming transactions. See ProcessState::startThreadPool and ProcessState::setThreadPoolMaxThreadCount. Generally you should setup the binder threadpool before other initialization steps.
04-26 19:51:05.821 17047 17047 W libbinder.ProcessState: Extra binder thread started, but 0 threads requested. Do not use *startThreadPool when zero threads are requested.
04-26 19:51:05.883   566   616 W skia    : AGTM parsing failed flags.readFromStream(s) at 159
04-26 19:51:05.916 16944 17008 I MuMain  : ADAPT fx scale: fps=23.0 frameMs=43.44 1.00->0.90 target=0.65
