04-26 15:49:59.060 W/GFXSTREAM( 6235): [GLESv2Validation.cpp(1217)] Error internal format: 0x3 is invalid.
04-26 15:49:59.060 W/InputChannel-JNI(  736): Channel already disposed.
04-26 15:49:59.060 E/GFXSTREAM( 6235): [GL2Encoder.cpp(2814)] GL error 0x501 condition [!GLESv2Validation::pixelFormat(ctx, internalformat) && !GLESv2Validation::pixelInternalFormat(internalformat)].
04-26 15:49:59.061 W/GFXSTREAM( 6235): [GLESv2Validation.cpp(1217)] Error internal format: 0x3 is invalid.
04-26 15:49:59.061 E/GFXSTREAM( 6235): [GL2Encoder.cpp(2814)] GL error 0x501 condition [!GLESv2Validation::pixelFormat(ctx, internalformat) && !GLESv2Validation::pixelInternalFormat(internalformat)].
04-26 15:49:59.061 W/GFXSTREAM( 6235): [GLESv2Validation.cpp(1217)] Error internal format: 0x3 is invalid.
04-26 15:49:59.061 E/GFXSTREAM( 6235): [GL2Encoder.cpp(2814)] GL error 0x501 condition [!GLESv2Validation::pixelFormat(ctx, internalformat) && !GLESv2Validation::pixelInternalFormat(internalformat)].
04-26 15:49:59.061 W/GFXSTREAM( 6235): [GLESv2Validation.cpp(1217)] Error internal format: 0x3 is invalid.
04-26 15:49:59.061 E/GFXSTREAM( 6235): [GL2Encoder.cpp(2814)] GL error 0x501 condition [!GLESv2Validation::pixelFormat(ctx, internalformat) && !GLESv2Validation::pixelInternalFormat(internalformat)].
04-26 15:49:59.061 W/GFXSTREAM( 6235): [GLESv2Validation.cpp(1217)] Error internal format: 0x3 is invalid.
04-26 15:49:59.061 E/GFXSTREAM( 6235): [GL2Encoder.cpp(2814)] GL error 0x501 condition [!GLESv2Validation::pixelFormat(ctx, internalformat) && !GLESv2Validation::pixelInternalFormat(internalformat)].
04-26 15:49:59.061 W/GFXSTREAM( 6235): [GLESv2Validation.cpp(1217)] Error internal format: 0x3 is invalid.
04-26 15:49:59.061 E/GFXSTREAM( 6235): [GL2Encoder.cpp(2814)] GL error 0x501 condition [!GLESv2Validation::pixelFormat(ctx, internalformat) && !GLESv2Validation::pixelInternalFormat(internalformat)].
04-26 15:49:59.061 I/GoogleInputMethodService( 4105): GoogleInputMethodService.onFinishInput():2113 
04-26 15:49:59.061 W/GFXSTREAM( 6235): [GLESv2Validation.cpp(1217)] Error internal format: 0x3 is invalid.
04-26 15:49:59.062 E/GFXSTREAM( 6235): [GL2Encoder.cpp(2814)] GL error 0x501 condition [!GLESv2Validation::pixelFormat(ctx, internalformat) && !GLESv2Validation::pixelInternalFormat(internalformat)].
04-26 15:49:59.062 W/GFXSTREAM( 6235): [GLESv2Validation.cpp(1217)] Error internal format: 0x3 is invalid.
04-26 15:49:59.062 E/GFXSTREAM( 6235): [GL2Encoder.cpp(2814)] GL error 0x501 condition [!GLESv2Validation::pixelFormat(ctx, internalformat) && !GLESv2Validation::pixelInternalFormat(internalformat)].
04-26 15:49:59.062 W/GFXSTREAM( 6235): [GLESv2Validation.cpp(1217)] Error internal format: 0x3 is invalid.
04-26 15:49:59.062 E/GFXSTREAM( 6235): [GL2Encoder.cpp(2814)] GL error 0x501 condition [!GLESv2Validation::pixelFormat(ctx, internalformat) && !GLESv2Validation::pixelInternalFormat(internalformat)].
04-26 15:49:59.062 W/GFXSTREAM( 6235): [GLESv2Validation.cpp(1217)] Error internal format: 0x3 is invalid.
04-26 15:49:59.062 E/GFXSTREAM( 6235): [GL2Encoder.cpp(2814)] GL error 0x501 condition [!GLESv2Validation::pixelFormat(ctx, internalformat) && !GLESv2Validation::pixelInternalFormat(internalformat)].
04-26 15:49:59.062 W/GFXSTREAM( 6235): [GLESv2Validation.cpp(1217)] Error internal format: 0x3 is invalid.
04-26 15:49:59.062 E/GFXSTREAM( 6235): [GL2Encoder.cpp(2814)] GL error 0x501 condition [!GLESv2Validation::pixelFormat(ctx, internalformat) && !GLESv2Validation::pixelInternalFormat(internalformat)].
04-26 15:49:59.063 W/GFXSTREAM( 6235): [GLESv2Validation.cpp(1217)] Error internal format: 0x3 is invalid.
04-26 15:49:59.063 E/GFXSTREAM( 6235): [GL2Encoder.cpp(2814)] GL error 0x501 condition [!GLESv2Validation::pixelFormat(ctx, internalformat) && !GLESv2Validation::pixelInternalFormat(internalformat)].
04-26 15:49:59.063 W/GFXSTREAM( 6235): [GLESv2Validation.cpp(1217)] Error internal format: 0x3 is invalid.
04-26 15:49:59.063 E/GFXSTREAM( 6235): [GL2Encoder.cpp(2814)] GL error 0x501 condition [!GLESv2Validation::pixelFormat(ctx, internalformat) && !GLESv2Validation::pixelInternalFormat(internalformat)].
04-26 15:49:59.063 W/GFXSTREAM( 6235): [GLESv2Validation.cpp(1217)] Error internal format: 0x3 is invalid.
04-26 15:49:59.063 I/Module  ( 4105): DeviceLockedStatusModuleProvider$Module.updateDeviceLockedStatus():103 repeatCheckTimes = 0, locked = false
04-26 15:49:59.063 E/GFXSTREAM( 6235): [GL2Encoder.cpp(2814)] GL error 0x501 condition [!GLESv2Validation::pixelFormat(ctx, internalformat) && !GLESv2Validation::pixelInternalFormat(internalformat)].
04-26 15:49:59.063 D/InsetsController( 6235): hide(ime())
04-26 15:49:59.063 I/ImeTracker( 6235): com.muonline.client:11853a87: onCancelled at PHASE_CLIENT_ALREADY_HIDDEN
04-26 15:49:59.063 I/ImeTracker(  736): system_server:4b8af751: onRequestHide at ORIGIN_SERVER reason IME_REQUESTED_CHANGED_LISTENER fromUser false displayId 0
04-26 15:49:59.063 W/GFXSTREAM( 6235): [GLESv2Validation.cpp(1217)] Error internal format: 0x3 is invalid.
04-26 15:49:59.063 E/GFXSTREAM( 6235): [GL2Encoder.cpp(2814)] GL error 0x501 condition [!GLESv2Validation::pixelFormat(ctx, internalformat) && !GLESv2Validation::pixelInternalFormat(internalformat)].
04-26 15:49:59.063 W/GFXSTREAM( 6235): [GLESv2Validation.cpp(1217)] Error internal format: 0x3 is invalid.
04-26 15:49:59.063 E/GFXSTREAM( 6235): [GL2Encoder.cpp(2814)] GL error 0x501 condition [!GLESv2Validation::pixelFormat(ctx, internalformat) && !GLESv2Validation::pixelInternalFormat(internalformat)].
04-26 15:49:59.064 W/GFXSTREAM( 6235): [GLESv2Validation.cpp(1217)] Error internal format: 0x3 is invalid.
04-26 15:49:59.064 E/GFXSTREAM( 6235): [GL2Encoder.cpp(2814)] GL error 0x501 condition [!GLESv2Validation::pixelFormat(ctx, internalformat) && !GLESv2Validation::pixelInternalFormat(internalformat)].
04-26 15:49:59.064 W/GFXSTREAM( 6235): [GLESv2Validation.cpp(1217)] Error internal format: 0x3 is invalid.
04-26 15:49:59.064 E/GFXSTREAM( 6235): [GL2Encoder.cpp(2814)] GL error 0x501 condition [!GLESv2Validation::pixelFormat(ctx, internalformat) && !GLESv2Validation::pixelInternalFormat(internalformat)].
04-26 15:49:59.064 W/GFXSTREAM( 6235): [GLESv2Validation.cpp(1217)] Error internal format: 0x3 is invalid.
04-26 15:49:59.064 E/GFXSTREAM( 6235): [GL2Encoder.cpp(2814)] GL error 0x501 condition [!GLESv2Validation::pixelFormat(ctx, internalformat) && !GLESv2Validation::pixelInternalFormat(internalformat)].
04-26 15:49:59.065 W/GFXSTREAM( 6235): [GLESv2Validation.cpp(1217)] Error internal format: 0x3 is invalid.
04-26 15:49:59.065 E/GFXSTREAM( 6235): [GL2Encoder.cpp(2814)] GL error 0x501 condition [!GLESv2Validation::pixelFormat(ctx, internalformat) && !GLESv2Validation::pixelInternalFormat(internalformat)].
04-26 15:49:59.065 W/GFXSTREAM( 6235): [GLESv2Validation.cpp(1217)] Error internal format: 0x3 is invalid.
04-26 15:49:59.065 E/GFXSTREAM( 6235): [GL2Encoder.cpp(2814)] GL error 0x501 condition [!GLESv2Validation::pixelFormat(ctx, internalformat) && !GLESv2Validation::pixelInternalFormat(internalformat)].
04-26 15:49:59.065 I/GoogleInputMethodService( 4105): GoogleInputMethodService.onStartInput():1384 onStartInput(EditorInfo{EditorInfo{packageName=com.muonline.client, inputType=0, inputTypeString=NULL, enableLearning=false, autoCorrection=false, autoComplete=false, imeOptions=0, privateImeOptions=null, actionName=UNSPECIFIED, actionLabel=null, initialSelStart=-1, initialSelEnd=-1, initialCapsMode=0, label=null, fieldId=0, fieldName=null, extras=null, hintText=null, hintLocales=[]}}, false)
04-26 15:49:59.065 I/ImeTracker(  736): system_server:4b8af751: onCancelled at PHASE_SERVER_SHOULD_HIDE
04-26 15:49:59.065 W/AndroidIME( 4105): LatinIMEBase.updateInputViewCoverNavigation():319 Null input view, cannot update padding!
04-26 15:49:59.065 W/GFXSTREAM( 6235): [GLESv2Validation.cpp(1217)] Error internal format: 0x3 is invalid.
04-26 15:49:59.065 E/GFXSTREAM( 6235): [GL2Encoder.cpp(2814)] GL error 0x501 condition [!GLESv2Validation::pixelFormat(ctx, internalformat) && !GLESv2Validation::pixelInternalFormat(internalformat)].
04-26 15:49:59.066 W/GFXSTREAM( 6235): [GLESv2Validation.cpp(1217)] Error internal format: 0x3 is invalid.
04-26 15:49:59.066 E/GFXSTREAM( 6235): [GL2Encoder.cpp(2814)] GL error 0x501 condition [!GLESv2Validation::pixelFormat(ctx, internalformat) && !GLESv2Validation::pixelInternalFormat(internalformat)].
04-26 15:49:59.066 W/GFXSTREAM( 6235): [GLESv2Validation.cpp(1217)] Error internal format: 0x3 is invalid.
04-26 15:49:59.066 E/GFXSTREAM( 6235): [GL2Encoder.cpp(2814)] GL error 0x501 condition [!GLESv2Validation::pixelFormat(ctx, internalformat) && !GLESv2Validation::pixelInternalFormat(internalformat)].
04-26 15:49:59.066 W/GFXSTREAM( 6235): [GLESv2Validation.cpp(1217)] Error internal format: 0x3 is invalid.
04-26 15:49:59.066 E/GFXSTREAM( 6235): [GL2Encoder.cpp(2814)] GL error 0x501 condition [!GLESv2Validation::pixelFormat(ctx, internalformat) && !GLESv2Validation::pixelInternalFormat(internalformat)].
04-26 15:49:59.066 I/Module  ( 4105): DeviceLockedStatusModuleProvider$Module.updateDeviceLockedStatus():103 repeatCheckTimes = 1, locked = false
04-26 15:49:59.066 W/GFXSTREAM( 6235): [GLESv2Validation.cpp(1217)] Error internal format: 0x3 is invalid.
04-26 15:49:59.066 E/GFXSTREAM( 6235): [GL2Encoder.cpp(2814)] GL error 0x501 condition [!GLESv2Validation::pixelFormat(ctx, internalformat) && !GLESv2Validation::pixelInternalFormat(internalformat)].
04-26 15:49:59.066 W/GFXSTREAM( 6235): [GLESv2Validation.cpp(1217)] Error internal format: 0x3 is invalid.
04-26 15:49:59.066 E/GFXSTREAM( 6235): [GL2Encoder.cpp(2814)] GL error 0x501 condition [!GLESv2Validation::pixelFormat(ctx, internalformat) && !GLESv2Validation::pixelInternalFormat(internalformat)].
04-26 15:49:59.066 W/GFXSTREAM( 6235): [GLESv2Validation.cpp(1217)] Error internal format: 0x3 is invalid.
04-26 15:49:59.066 E/GFXSTREAM( 6235): [GL2Encoder.cpp(2814)] GL error 0x501 condition [!GLESv2Validation::pixelFormat(ctx, internalformat) && !GLESv2Validation::pixelInternalFormat(internalformat)].
04-26 15:49:59.066 W/GFXSTREAM( 6235): [GLESv2Validation.cpp(1217)] Error internal format: 0x3 is invalid.
04-26 15:49:59.067 E/GFXSTREAM( 6235): [GL2Encoder.cpp(2814)] GL error 0x501 condition [!GLESv2Validation::pixelFormat(ctx, internalformat) && !GLESv2Validation::pixelInternalFormat(internalformat)].
04-26 15:49:59.067 W/GFXSTREAM( 6235): [GLESv2Validation.cpp(1217)] Error internal format: 0x3 is invalid.
04-26 15:49:59.067 E/GFXSTREAM( 6235): [GL2Encoder.cpp(2814)] GL error 0x501 condition [!GLESv2Validation::pixelFormat(ctx, internalformat) && !GLESv2Validation::pixelInternalFormat(internalformat)].
04-26 15:49:59.067 W/PackageConfigPersister(  736): App-specific configuration not found for packageName: com.muonline.client and userId: 0
04-26 15:49:59.067 W/GFXSTREAM( 6235): [GLESv2Validation.cpp(1217)] Error internal format: 0x3 is invalid.
04-26 15:49:59.067 E/GFXSTREAM( 6235): [GL2Encoder.cpp(2814)] GL error 0x501 condition [!GLESv2Validation::pixelFormat(ctx, internalformat) && !GLESv2Validation::pixelInternalFormat(internalformat)].
04-26 15:49:59.067 W/GFXSTREAM( 6235): [GLESv2Validation.cpp(1217)] Error internal format: 0x3 is invalid.
04-26 15:49:59.067 E/GFXSTREAM( 6235): [GL2Encoder.cpp(2814)] GL error 0x501 condition [!GLESv2Validation::pixelFormat(ctx, internalformat) && !GLESv2Validation::pixelInternalFormat(internalformat)].
04-26 15:49:59.067 W/GFXSTREAM( 6235): [GLESv2Validation.cpp(1217)] Error internal format: 0x4 is invalid.
04-26 15:49:59.067 E/GFXSTREAM( 6235): [GL2Encoder.cpp(2814)] GL error 0x501 condition [!GLESv2Validation::pixelFormat(ctx, internalformat) && !GLESv2Validation::pixelInternalFormat(internalformat)].
04-26 15:49:59.067 W/GFXSTREAM( 6235): [GLESv2Validation.cpp(1217)] Error internal format: 0x4 is invalid.
04-26 15:49:59.067 E/GFXSTREAM( 6235): [GL2Encoder.cpp(2814)] GL error 0x501 condition [!GLESv2Validation::pixelFormat(ctx, internalformat) && !GLESv2Validation::pixelInternalFormat(internalformat)].
04-26 15:49:59.067 W/GFXSTREAM( 6235): [GLESv2Validation.cpp(1217)] Error internal format: 0x3 is invalid.
04-26 15:49:59.067 E/GFXSTREAM( 6235): [GL2Encoder.cpp(2814)] GL error 0x501 condition [!GLESv2Validation::pixelFormat(ctx, internalformat) && !GLESv2Validation::pixelInternalFormat(internalformat)].
04-26 15:49:59.068 W/GFXSTREAM( 6235): [GLESv2Validation.cpp(1217)] Error internal format: 0x3 is invalid.
04-26 15:49:59.068 E/GFXSTREAM( 6235): [GL2Encoder.cpp(2814)] GL error 0x501 condition [!GLESv2Validation::pixelFormat(ctx, internalformat) && !GLESv2Validation::pixelInternalFormat(internalformat)].
04-26 15:49:59.068 W/GFXSTREAM( 6235): [GLESv2Validation.cpp(1217)] Error internal format: 0x3 is invalid.
04-26 15:49:59.068 E/GFXSTREAM( 6235): [GL2Encoder.cpp(2814)] GL error 0x501 condition [!GLESv2Validation::pixelFormat(ctx, internalformat) && !GLESv2Validation::pixelInternalFormat(internalformat)].
04-26 15:49:59.068 W/GFXSTREAM( 6235): [GLESv2Validation.cpp(1217)] Error internal format: 0x3 is invalid.
04-26 15:49:59.068 E/GFXSTREAM( 6235): [GL2Encoder.cpp(2814)] GL error 0x501 condition [!GLESv2Validation::pixelFormat(ctx, internalformat) && !GLESv2Validation::pixelInternalFormat(internalformat)].
04-26 15:49:59.068 W/GFXSTREAM( 6235): [GLESv2Validation.cpp(1217)] Error internal format: 0x3 is invalid.
04-26 15:49:59.068 E/GFXSTREAM( 6235): [GL2Encoder.cpp(2814)] GL error 0x501 condition [!GLESv2Validation::pixelFormat(ctx, internalformat) && !GLESv2Validation::pixelInternalFormat(internalformat)].
04-26 15:49:59.068 W/GFXSTREAM( 6235): [GLESv2Validation.cpp(1217)] Error internal format: 0x3 is invalid.
04-26 15:49:59.068 E/GFXSTREAM( 6235): [GL2Encoder.cpp(2814)] GL error 0x501 condition [!GLESv2Validation::pixelFormat(ctx, internalformat) && !GLESv2Validation::pixelInternalFormat(internalformat)].
04-26 15:49:59.069 W/GFXSTREAM( 6235): [GLESv2Validation.cpp(1217)] Error internal format: 0x3 is invalid.
04-26 15:49:59.069 E/GFXSTREAM( 6235): [GL2Encoder.cpp(2814)] GL error 0x501 condition [!GLESv2Validation::pixelFormat(ctx, internalformat) && !GLESv2Validation::pixelInternalFormat(internalformat)].
04-26 15:49:59.069 W/GFXSTREAM( 6235): [GLESv2Validation.cpp(1217)] Error internal format: 0x3 is invalid.
04-26 15:49:59.069 E/GFXSTREAM( 6235): [GL2Encoder.cpp(2814)] GL error 0x501 condition [!GLESv2Validation::pixelFormat(ctx, internalformat) && !GLESv2Validation::pixelInternalFormat(internalformat)].
04-26 15:49:59.069 W/GFXSTREAM( 6235): [GLESv2Validation.cpp(1217)] Error internal format: 0x3 is invalid.
04-26 15:49:59.069 E/GFXSTREAM( 6235): [GL2Encoder.cpp(2814)] GL error 0x501 condition [!GLESv2Validation::pixelFormat(ctx, internalformat) && !GLESv2Validation::pixelInternalFormat(internalformat)].
04-26 15:49:59.070 W/GFXSTREAM( 6235): [GLESv2Validation.cpp(1217)] Error internal format: 0x3 is invalid.
04-26 15:49:59.070 E/GFXSTREAM( 6235): [GL2Encoder.cpp(2814)] GL error 0x501 condition [!GLESv2Validation::pixelFormat(ctx, internalformat) && !GLESv2Validation::pixelInternalFormat(internalformat)].
04-26 15:49:59.070 W/skia    (  566): AGTM parsing failed flags.readFromStream(s) at 159
04-26 15:49:59.070 W/skia    (  566): AGTM parsing failed flags.readFromStream(s) at 159
04-26 15:49:59.070 W/skia    (  566): AGTM parsing failed flags.readFromStream(s) at 159
04-26 15:49:59.070 W/skia    (  566): AGTM parsing failed flags.readFromStream(s) at 159
04-26 15:49:59.070 W/GFXSTREAM( 6235): [GLESv2Validation.cpp(1217)] Error internal format: 0x3 is invalid.
04-26 15:49:59.070 E/GFXSTREAM( 6235): [GL2Encoder.cpp(2814)] GL error 0x501 condition [!GLESv2Validation::pixelFormat(ctx, internalformat) && !GLESv2Validation::pixelInternalFormat(internalformat)].
04-26 15:49:59.070 W/skia    (  566): AGTM parsing failed flags.readFromStream(s) at 159
04-26 15:49:59.070 W/GFXSTREAM( 6235): [GLESv2Validation.cpp(1217)] Error internal format: 0x3 is invalid.
04-26 15:49:59.070 E/GFXSTREAM( 6235): [GL2Encoder.cpp(2814)] GL error 0x501 condition [!GLESv2Validation::pixelFormat(ctx, internalformat) && !GLESv2Validation::pixelInternalFormat(internalformat)].
04-26 15:49:59.070 W/GFXSTREAM( 6235): [GLESv2Validation.cpp(1217)] Error internal format: 0x3 is invalid.
04-26 15:49:59.070 E/GFXSTREAM( 6235): [GL2Encoder.cpp(2814)] GL error 0x501 condition [!GLESv2Validation::pixelFormat(ctx, internalformat) && !GLESv2Validation::pixelInternalFormat(internalformat)].
04-26 15:49:59.070 W/GFXSTREAM( 6235): [GLESv2Validation.cpp(1217)] Error internal format: 0x3 is invalid.
04-26 15:49:59.070 E/GFXSTREAM( 6235): [GL2Encoder.cpp(2814)] GL error 0x501 condition [!GLESv2Validation::pixelFormat(ctx, internalformat) && !GLESv2Validation::pixelInternalFormat(internalformat)].
04-26 15:49:59.070 W/GFXSTREAM( 6235): [GLESv2Validation.cpp(1217)] Error internal format: 0x3 is invalid.
04-26 15:49:59.071 E/GFXSTREAM( 6235): [GL2Encoder.cpp(2814)] GL error 0x501 condition [!GLESv2Validation::pixelFormat(ctx, internalformat) && !GLESv2Validation::pixelInternalFormat(internalformat)].
04-26 15:49:59.071 W/GFXSTREAM( 6235): [GLESv2Validation.cpp(1217)] Error internal format: 0x3 is invalid.
04-26 15:49:59.071 E/GFXSTREAM( 6235): [GL2Encoder.cpp(2814)] GL error 0x501 condition [!GLESv2Validation::pixelFormat(ctx, internalformat) && !GLESv2Validation::pixelInternalFormat(internalformat)].
04-26 15:49:59.071 W/GFXSTREAM( 6235): [GLESv2Validation.cpp(1217)] Error internal format: 0x3 is invalid.
04-26 15:49:59.071 E/GFXSTREAM( 6235): [GL2Encoder.cpp(2814)] GL error 0x501 condition [!GLESv2Validation::pixelFormat(ctx, internalformat) && !GLESv2Validation::pixelInternalFormat(internalformat)].
04-26 15:49:59.072 W/GFXSTREAM( 6235): [GLESv2Validation.cpp(1217)] Error internal format: 0x3 is invalid.
04-26 15:49:59.072 E/GFXSTREAM( 6235): [GL2Encoder.cpp(2814)] GL error 0x501 condition [!GLESv2Validation::pixelFormat(ctx, internalformat) && !GLESv2Validation::pixelInternalFormat(internalformat)].
04-26 15:49:59.072 I/TakumiErrorReport( 6235): File not found Data\Effect\Shiny04.jpg (32118)->Data\Effect\Shiny05.jpg
04-26 15:49:59.072 W/GFXSTREAM( 6235): [GLESv2Validation.cpp(1217)] Error internal format: 0x3 is invalid.
04-26 15:49:59.072 E/GFXSTREAM( 6235): [GL2Encoder.cpp(2814)] GL error 0x501 condition [!GLESv2Validation::pixelFormat(ctx, internalformat) && !GLESv2Validation::pixelInternalFormat(internalformat)].
04-26 15:49:59.072 W/GFXSTREAM( 6235): [GLESv2Validation.cpp(1217)] Error internal format: 0x3 is invalid.
04-26 15:49:59.072 E/GFXSTREAM( 6235): [GL2Encoder.cpp(2814)] GL error 0x501 condition [!GLESv2Validation::pixelFormat(ctx, internalformat) && !GLESv2Validation::pixelInternalFormat(internalformat)].
04-26 15:49:59.073 W/GFXSTREAM( 6235): [GLESv2Validation.cpp(1217)] Error internal format: 0x3 is invalid.
04-26 15:49:59.073 E/GFXSTREAM( 6235): [GL2Encoder.cpp(2814)] GL error 0x501 condition [!GLESv2Validation::pixelFormat(ctx, internalformat) && !GLESv2Validation::pixelInternalFormat(internalformat)].
04-26 15:49:59.073 W/GFXSTREAM( 6235): [GLESv2Validation.cpp(1217)] Error internal format: 0x3 is invalid.
04-26 15:49:59.073 E/GFXSTREAM( 6235): [GL2Encoder.cpp(2814)] GL error 0x501 condition [!GLESv2Validation::pixelFormat(ctx, internalformat) && !GLESv2Validation::pixelInternalFormat(internalformat)].
04-26 15:49:59.073 W/GFXSTREAM( 6235): [GLESv2Validation.cpp(1217)] Error internal format: 0x3 is invalid.
04-26 15:49:59.073 E/GFXSTREAM( 6235): [GL2Encoder.cpp(2814)] GL error 0x501 condition [!GLESv2Validation::pixelFormat(ctx, internalformat) && !GLESv2Validation::pixelInternalFormat(internalformat)].
04-26 15:49:59.073 W/GFXSTREAM( 6235): [GLESv2Validation.cpp(1217)] Error internal format: 0x3 is invalid.
04-26 15:49:59.073 E/GFXSTREAM( 6235): [GL2Encoder.cpp(2814)] GL error 0x501 condition [!GLESv2Validation::pixelFormat(ctx, internalformat) && !GLESv2Validation::pixelInternalFormat(internalformat)].
04-26 15:49:59.073 W/GFXSTREAM( 6235): [GLESv2Validation.cpp(1217)] Error internal format: 0x3 is invalid.
04-26 15:49:59.073 E/GFXSTREAM( 6235): [GL2Encoder.cpp(2814)] GL error 0x501 condition [!GLESv2Validation::pixelFormat(ctx, internalformat) && !GLESv2Validation::pixelInternalFormat(internalformat)].
04-26 15:49:59.074 W/GFXSTREAM( 6235): [GLESv2Validation.cpp(1217)] Error internal format: 0x3 is invalid.
04-26 15:49:59.074 E/GFXSTREAM( 6235): [GL2Encoder.cpp(2814)] GL error 0x501 condition [!GLESv2Validation::pixelFormat(ctx, internalformat) && !GLESv2Validation::pixelInternalFormat(internalformat)].
04-26 15:49:59.074 W/GFXSTREAM( 6235): [GLESv2Validation.cpp(1217)] Error internal format: 0x3 is invalid.
04-26 15:49:59.074 E/GFXSTREAM( 6235): [GL2Encoder.cpp(2814)] GL error 0x501 condition [!GLESv2Validation::pixelFormat(ctx, internalformat) && !GLESv2Validation::pixelInternalFormat(internalformat)].
04-26 15:49:59.074 W/GFXSTREAM( 6235): [GLESv2Validation.cpp(1217)] Error internal format: 0x3 is invalid.
04-26 15:49:59.074 E/GFXSTREAM( 6235): [GL2Encoder.cpp(2814)] GL error 0x501 condition [!GLESv2Validation::pixelFormat(ctx, internalformat) && !GLESv2Validation::pixelInternalFormat(internalformat)].
04-26 15:49:59.074 W/GFXSTREAM( 6235): [GLESv2Validation.cpp(1217)] Error internal format: 0x3 is invalid.
04-26 15:49:59.074 E/GFXSTREAM( 6235): [GL2Encoder.cpp(2814)] GL error 0x501 condition [!GLESv2Validation::pixelFormat(ctx, internalformat) && !GLESv2Validation::pixelInternalFormat(internalformat)].
04-26 15:49:59.074 W/GFXSTREAM( 6235): [GLESv2Validation.cpp(1217)] Error internal format: 0x3 is invalid.
04-26 15:49:59.074 E/GFXSTREAM( 6235): [GL2Encoder.cpp(2814)] GL error 0x501 condition [!GLESv2Validation::pixelFormat(ctx, internalformat) && !GLESv2Validation::pixelInternalFormat(internalformat)].
04-26 15:49:59.074 W/GFXSTREAM( 6235): [GLESv2Validation.cpp(1217)] Error internal format: 0x3 is invalid.
04-26 15:49:59.075 E/GFXSTREAM( 6235): [GL2Encoder.cpp(2814)] GL error 0x501 condition [!GLESv2Validation::pixelFormat(ctx, internalformat) && !GLESv2Validation::pixelInternalFormat(internalformat)].
04-26 15:49:59.075 W/GFXSTREAM( 6235): [GLESv2Validation.cpp(1217)] Error internal format: 0x3 is invalid.
04-26 15:49:59.075 E/GFXSTREAM( 6235): [GL2Encoder.cpp(2814)] GL error 0x501 condition [!GLESv2Validation::pixelFormat(ctx, internalformat) && !GLESv2Validation::pixelInternalFormat(internalformat)].
04-26 15:49:59.075 W/GFXSTREAM( 6235): [GLESv2Validation.cpp(1217)] Error internal format: 0x3 is invalid.
04-26 15:49:59.075 E/GFXSTREAM( 6235): [GL2Encoder.cpp(2814)] GL error 0x501 condition [!GLESv2Validation::pixelFormat(ctx, internalformat) && !GLESv2Validation::pixelInternalFormat(internalformat)].
04-26 15:49:59.075 W/GFXSTREAM( 6235): [GLESv2Validation.cpp(1217)] Error internal format: 0x3 is invalid.
04-26 15:49:59.075 E/GFXSTREAM( 6235): [GL2Encoder.cpp(2814)] GL error 0x501 condition [!GLESv2Validation::pixelFormat(ctx, internalformat) && !GLESv2Validation::pixelInternalFormat(internalformat)].
04-26 15:49:59.075 W/GFXSTREAM( 6235): [GLESv2Validation.cpp(1217)] Error internal format: 0x3 is invalid.
04-26 15:49:59.075 E/GFXSTREAM( 6235): [GL2Encoder.cpp(2814)] GL error 0x501 condition [!GLESv2Validation::pixelFormat(ctx, internalformat) && !GLESv2Validation::pixelInternalFormat(internalformat)].
04-26 15:49:59.075 W/GFXSTREAM( 6235): [GLESv2Validation.cpp(1217)] Error internal format: 0x3 is invalid.
04-26 15:49:59.075 E/GFXSTREAM( 6235): [GL2Encoder.cpp(2814)] GL error 0x501 condition [!GLESv2Validation::pixelFormat(ctx, internalformat) && !GLESv2Validation::pixelInternalFormat(internalformat)].
04-26 15:49:59.075 W/GFXSTREAM( 6235): [GLESv2Validation.cpp(1217)] Error internal format: 0x3 is invalid.
04-26 15:49:59.075 E/GFXSTREAM( 6235): [GL2Encoder.cpp(2814)] GL error 0x501 condition [!GLESv2Validation::pixelFormat(ctx, internalformat) && !GLESv2Validation::pixelInternalFormat(internalformat)].
04-26 15:49:59.076 W/GFXSTREAM( 6235): [GLESv2Validation.cpp(1217)] Error internal format: 0x4 is invalid.
04-26 15:49:59.076 E/GFXSTREAM( 6235): [GL2Encoder.cpp(2814)] GL error 0x501 condition [!GLESv2Validation::pixelFormat(ctx, internalformat) && !GLESv2Validation::pixelInternalFormat(internalformat)].
04-26 15:49:59.076 W/GFXSTREAM( 6235): [GLESv2Validation.cpp(1217)] Error internal format: 0x3 is invalid.
04-26 15:49:59.076 E/GFXSTREAM( 6235): [GL2Encoder.cpp(2814)] GL error 0x501 condition [!GLESv2Validation::pixelFormat(ctx, internalformat) && !GLESv2Validation::pixelInternalFormat(internalformat)].
04-26 15:49:59.076 W/GFXSTREAM( 6235): [GLESv2Validation.cpp(1217)] Error internal format: 0x3 is invalid.
04-26 15:49:59.077 E/GFXSTREAM( 6235): [GL2Encoder.cpp(2814)] GL error 0x501 condition [!GLESv2Validation::pixelFormat(ctx, internalformat) && !GLESv2Validation::pixelInternalFormat(internalformat)].
04-26 15:49:59.077 W/GFXSTREAM( 6235): [GLESv2Validation.cpp(1217)] Error internal format: 0x3 is invalid.
04-26 15:49:59.077 E/GFXSTREAM( 6235): [GL2Encoder.cpp(2814)] GL error 0x501 condition [!GLESv2Validation::pixelFormat(ctx, internalformat) && !GLESv2Validation::pixelInternalFormat(internalformat)].
04-26 15:49:59.077 W/GFXSTREAM( 6235): [GLESv2Validation.cpp(1217)] Error internal format: 0x3 is invalid.
04-26 15:49:59.077 E/GFXSTREAM( 6235): [GL2Encoder.cpp(2814)] GL error 0x501 condition [!GLESv2Validation::pixelFormat(ctx, internalformat) && !GLESv2Validation::pixelInternalFormat(internalformat)].
04-26 15:49:59.077 W/GFXSTREAM( 6235): [GLESv2Validation.cpp(1217)] Error internal format: 0x3 is invalid.
04-26 15:49:59.077 E/GFXSTREAM( 6235): [GL2Encoder.cpp(2814)] GL error 0x501 condition [!GLESv2Validation::pixelFormat(ctx, internalformat) && !GLESv2Validation::pixelInternalFormat(internalformat)].
04-26 15:49:59.077 W/GFXSTREAM( 6235): [GLESv2Validation.cpp(1217)] Error internal format: 0x3 is invalid.
04-26 15:49:59.077 E/GFXSTREAM( 6235): [GL2Encoder.cpp(2814)] GL error 0x501 condition [!GLESv2Validation::pixelFormat(ctx, internalformat) && !GLESv2Validation::pixelInternalFormat(internalformat)].
04-26 15:49:59.078 W/GFXSTREAM( 6235): [GLESv2Validation.cpp(1217)] Error internal format: 0x3 is invalid.
04-26 15:49:59.078 E/GFXSTREAM( 6235): [GL2Encoder.cpp(2814)] GL error 0x501 condition [!GLESv2Validation::pixelFormat(ctx, internalformat) && !GLESv2Validation::pixelInternalFormat(internalformat)].
04-26 15:49:59.078 W/GFXSTREAM( 6235): [GLESv2Validation.cpp(1217)] Error internal format: 0x3 is invalid.
04-26 15:49:59.078 E/GFXSTREAM( 6235): [GL2Encoder.cpp(2814)] GL error 0x501 condition [!GLESv2Validation::pixelFormat(ctx, internalformat) && !GLESv2Validation::pixelInternalFormat(internalformat)].
04-26 15:49:59.078 W/GFXSTREAM( 6235): [GLESv2Validation.cpp(1217)] Error internal format: 0x4 is invalid.
04-26 15:49:59.078 E/GFXSTREAM( 6235): [GL2Encoder.cpp(2814)] GL error 0x501 condition [!GLESv2Validation::pixelFormat(ctx, internalformat) && !GLESv2Validation::pixelInternalFormat(internalformat)].
04-26 15:49:59.078 W/GFXSTREAM( 6235): [GLESv2Validation.cpp(1217)] Error internal format: 0x4 is invalid.
04-26 15:49:59.078 E/GFXSTREAM( 6235): [GL2Encoder.cpp(2814)] GL error 0x501 condition [!GLESv2Validation::pixelFormat(ctx, internalformat) && !GLESv2Validation::pixelInternalFormat(internalformat)].
04-26 15:49:59.079 W/GFXSTREAM( 6235): [GLESv2Validation.cpp(1217)] Error internal format: 0x4 is invalid.
04-26 15:49:59.079 E/GFXSTREAM( 6235): [GL2Encoder.cpp(2814)] GL error 0x501 condition [!GLESv2Validation::pixelFormat(ctx, internalformat) && !GLESv2Validation::pixelInternalFormat(internalformat)].
04-26 15:49:59.079 W/GFXSTREAM( 6235): [GLESv2Validation.cpp(1217)] Error internal format: 0x4 is invalid.
04-26 15:49:59.079 E/GFXSTREAM( 6235): [GL2Encoder.cpp(2814)] GL error 0x501 condition [!GLESv2Validation::pixelFormat(ctx, internalformat) && !GLESv2Validation::pixelInternalFormat(internalformat)].
04-26 15:49:59.079 W/GFXSTREAM( 6235): [GLESv2Validation.cpp(1217)] Error internal format: 0x4 is invalid.
04-26 15:49:59.079 E/GFXSTREAM( 6235): [GL2Encoder.cpp(2814)] GL error 0x501 condition [!GLESv2Validation::pixelFormat(ctx, internalformat) && !GLESv2Validation::pixelInternalFormat(internalformat)].
04-26 15:49:59.080 W/GFXSTREAM( 6235): [GLESv2Validation.cpp(1217)] Error internal format: 0x3 is invalid.
04-26 15:49:59.080 E/GFXSTREAM( 6235): [GL2Encoder.cpp(2814)] GL error 0x501 condition [!GLESv2Validation::pixelFormat(ctx, internalformat) && !GLESv2Validation::pixelInternalFormat(internalformat)].
04-26 15:49:59.080 W/GFXSTREAM( 6235): [GLESv2Validation.cpp(1217)] Error internal format: 0x3 is invalid.
04-26 15:49:59.080 E/GFXSTREAM( 6235): [GL2Encoder.cpp(2814)] GL error 0x501 condition [!GLESv2Validation::pixelFormat(ctx, internalformat) && !GLESv2Validation::pixelInternalFormat(internalformat)].
04-26 15:49:59.080 W/GFXSTREAM( 6235): [GLESv2Validation.cpp(1217)] Error internal format: 0x3 is invalid.
04-26 15:49:59.080 E/GFXSTREAM( 6235): [GL2Encoder.cpp(2814)] GL error 0x501 condition [!GLESv2Validation::pixelFormat(ctx, internalformat) && !GLESv2Validation::pixelInternalFormat(internalformat)].
04-26 15:49:59.080 W/GFXSTREAM( 6235): [GLESv2Validation.cpp(1217)] Error internal format: 0x3 is invalid.
04-26 15:49:59.080 E/GFXSTREAM( 6235): [GL2Encoder.cpp(2814)] GL error 0x501 condition [!GLESv2Validation::pixelFormat(ctx, internalformat) && !GLESv2Validation::pixelInternalFormat(internalformat)].
04-26 15:49:59.081 W/GFXSTREAM( 6235): [GLESv2Validation.cpp(1217)] Error internal format: 0x3 is invalid.
04-26 15:49:59.081 E/GFXSTREAM( 6235): [GL2Encoder.cpp(2814)] GL error 0x501 condition [!GLESv2Validation::pixelFormat(ctx, internalformat) && !GLESv2Validation::pixelInternalFormat(internalformat)].
04-26 15:49:59.081 W/GFXSTREAM( 6235): [GLESv2Validation.cpp(1217)] Error internal format: 0x3 is invalid.
04-26 15:49:59.081 E/GFXSTREAM( 6235): [GL2Encoder.cpp(2814)] GL error 0x501 condition [!GLESv2Validation::pixelFormat(ctx, internalformat) && !GLESv2Validation::pixelInternalFormat(internalformat)].
04-26 15:49:59.081 W/GFXSTREAM( 6235): [GLESv2Validation.cpp(1217)] Error internal format: 0x3 is invalid.
04-26 15:49:59.081 E/GFXSTREAM( 6235): [GL2Encoder.cpp(2814)] GL error 0x501 condition [!GLESv2Validation::pixelFormat(ctx, internalformat) && !GLESv2Validation::pixelInternalFormat(internalformat)].
04-26 15:49:59.081 W/GFXSTREAM( 6235): [GLESv2Validation.cpp(1217)] Error internal format: 0x3 is invalid.
04-26 15:49:59.081 E/GFXSTREAM( 6235): [GL2Encoder.cpp(2814)] GL error 0x501 condition [!GLESv2Validation::pixelFormat(ctx, internalformat) && !GLESv2Validation::pixelInternalFormat(internalformat)].
04-26 15:49:59.081 W/GFXSTREAM( 6235): [GLESv2Validation.cpp(1217)] Error internal format: 0x3 is invalid.
04-26 15:49:59.081 E/GFXSTREAM( 6235): [GL2Encoder.cpp(2814)] GL error 0x501 condition [!GLESv2Validation::pixelFormat(ctx, internalformat) && !GLESv2Validation::pixelInternalFormat(internalformat)].
04-26 15:49:59.081 W/GFXSTREAM( 6235): [GLESv2Validation.cpp(1217)] Error internal format: 0x3 is invalid.
04-26 15:49:59.081 E/GFXSTREAM( 6235): [GL2Encoder.cpp(2814)] GL error 0x501 condition [!GLESv2Validation::pixelFormat(ctx, internalformat) && !GLESv2Validation::pixelInternalFormat(internalformat)].
04-26 15:49:59.081 W/GFXSTREAM( 6235): [GLESv2Validation.cpp(1217)] Error internal format: 0x4 is invalid.
04-26 15:49:59.081 E/GFXSTREAM( 6235): [GL2Encoder.cpp(2814)] GL error 0x501 condition [!GLESv2Validation::pixelFormat(ctx, internalformat) && !GLESv2Validation::pixelInternalFormat(internalformat)].
04-26 15:49:59.082 W/GFXSTREAM( 6235): [GLESv2Validation.cpp(1217)] Error internal format: 0x4 is invalid.
04-26 15:49:59.082 E/GFXSTREAM( 6235): [GL2Encoder.cpp(2814)] GL error 0x501 condition [!GLESv2Validation::pixelFormat(ctx, internalformat) && !GLESv2Validation::pixelInternalFormat(internalformat)].
04-26 15:49:59.082 W/GFXSTREAM( 6235): [GLESv2Validation.cpp(1217)] Error internal format: 0x4 is invalid.
04-26 15:49:59.082 E/GFXSTREAM( 6235): [GL2Encoder.cpp(2814)] GL error 0x501 condition [!GLESv2Validation::pixelFormat(ctx, internalformat) && !GLESv2Validation::pixelInternalFormat(internalformat)].
04-26 15:49:59.082 W/GFXSTREAM( 6235): [GLESv2Validation.cpp(1217)] Error internal format: 0x4 is invalid.
04-26 15:49:59.082 E/GFXSTREAM( 6235): [GL2Encoder.cpp(2814)] GL error 0x501 condition [!GLESv2Validation::pixelFormat(ctx, internalformat) && !GLESv2Validation::pixelInternalFormat(internalformat)].
04-26 15:49:59.082 W/GFXSTREAM( 6235): [GLESv2Validation.cpp(1217)] Error internal format: 0x3 is invalid.
04-26 15:49:59.082 E/GFXSTREAM( 6235): [GL2Encoder.cpp(2814)] GL error 0x501 condition [!GLESv2Validation::pixelFormat(ctx, internalformat) && !GLESv2Validation::pixelInternalFormat(internalformat)].
04-26 15:49:59.082 W/GFXSTREAM( 6235): [GLESv2Validation.cpp(1217)] Error internal format: 0x3 is invalid.
04-26 15:49:59.082 E/GFXSTREAM( 6235): [GL2Encoder.cpp(2814)] GL error 0x501 condition [!GLESv2Validation::pixelFormat(ctx, internalformat) && !GLESv2Validation::pixelInternalFormat(internalformat)].
04-26 15:49:59.083 W/GFXSTREAM( 6235): [GLESv2Validation.cpp(1217)] Error internal format: 0x3 is invalid.
04-26 15:49:59.083 E/GFXSTREAM( 6235): [GL2Encoder.cpp(2814)] GL error 0x501 condition [!GLESv2Validation::pixelFormat(ctx, internalformat) && !GLESv2Validation::pixelInternalFormat(internalformat)].
04-26 15:49:59.083 W/GFXSTREAM( 6235): [GLESv2Validation.cpp(1217)] Error internal format: 0x3 is invalid.
04-26 15:49:59.083 E/GFXSTREAM( 6235): [GL2Encoder.cpp(2814)] GL error 0x501 condition [!GLESv2Validation::pixelFormat(ctx, internalformat) && !GLESv2Validation::pixelInternalFormat(internalformat)].
04-26 15:49:59.083 W/GFXSTREAM( 6235): [GLESv2Validation.cpp(1217)] Error internal format: 0x4 is invalid.
04-26 15:49:59.083 E/GFXSTREAM( 6235): [GL2Encoder.cpp(2814)] GL error 0x501 condition [!GLESv2Validation::pixelFormat(ctx, internalformat) && !GLESv2Validation::pixelInternalFormat(internalformat)].
04-26 15:49:59.083 W/GFXSTREAM( 6235): [GLESv2Validation.cpp(1217)] Error internal format: 0x4 is invalid.
04-26 15:49:59.083 E/GFXSTREAM( 6235): [GL2Encoder.cpp(2814)] GL error 0x501 condition [!GLESv2Validation::pixelFormat(ctx, internalformat) && !GLESv2Validation::pixelInternalFormat(internalformat)].
04-26 15:49:59.083 W/GFXSTREAM( 6235): [GLESv2Validation.cpp(1217)] Error internal format: 0x3 is invalid.
04-26 15:49:59.083 E/GFXSTREAM( 6235): [GL2Encoder.cpp(2814)] GL error 0x501 condition [!GLESv2Validation::pixelFormat(ctx, internalformat) && !GLESv2Validation::pixelInternalFormat(internalformat)].
04-26 15:49:59.084 W/GFXSTREAM( 6235): [GLESv2Validation.cpp(1217)] Error internal format: 0x3 is invalid.
04-26 15:49:59.084 E/GFXSTREAM( 6235): [GL2Encoder.cpp(2814)] GL error 0x501 condition [!GLESv2Validation::pixelFormat(ctx, internalformat) && !GLESv2Validation::pixelInternalFormat(internalformat)].
04-26 15:49:59.084 W/GFXSTREAM( 6235): [GLESv2Validation.cpp(1217)] Error internal format: 0x3 is invalid.
04-26 15:49:59.084 E/GFXSTREAM( 6235): [GL2Encoder.cpp(2814)] GL error 0x501 condition [!GLESv2Validation::pixelFormat(ctx, internalformat) && !GLESv2Validation::pixelInternalFormat(internalformat)].
04-26 15:49:59.084 W/GFXSTREAM( 6235): [GLESv2Validation.cpp(1217)] Error internal format: 0x3 is invalid.
04-26 15:49:59.084 E/GFXSTREAM( 6235): [GL2Encoder.cpp(2814)] GL error 0x501 condition [!GLESv2Validation::pixelFormat(ctx, internalformat) && !GLESv2Validation::pixelInternalFormat(internalformat)].
04-26 15:49:59.084 W/GFXSTREAM( 6235): [GLESv2Validation.cpp(1217)] Error internal format: 0x3 is invalid.
04-26 15:49:59.084 E/GFXSTREAM( 6235): [GL2Encoder.cpp(2814)] GL error 0x501 condition [!GLESv2Validation::pixelFormat(ctx, internalformat) && !GLESv2Validation::pixelInternalFormat(internalformat)].
04-26 15:49:59.085 W/GFXSTREAM( 6235): [GLESv2Validation.cpp(1217)] Error internal format: 0x3 is invalid.
04-26 15:49:59.085 E/GFXSTREAM( 6235): [GL2Encoder.cpp(2814)] GL error 0x501 condition [!GLESv2Validation::pixelFormat(ctx, internalformat) && !GLESv2Validation::pixelInternalFormat(internalformat)].
04-26 15:49:59.085 W/GFXSTREAM( 6235): [GLESv2Validation.cpp(1217)] Error internal format: 0x3 is invalid.
04-26 15:49:59.085 E/GFXSTREAM( 6235): [GL2Encoder.cpp(2814)] GL error 0x501 condition [!GLESv2Validation::pixelFormat(ctx, internalformat) && !GLESv2Validation::pixelInternalFormat(internalformat)].
04-26 15:49:59.085 W/GFXSTREAM( 6235): [GLESv2Validation.cpp(1217)] Error internal format: 0x3 is invalid.
04-26 15:49:59.085 E/GFXSTREAM( 6235): [GL2Encoder.cpp(2814)] GL error 0x501 condition [!GLESv2Validation::pixelFormat(ctx, internalformat) && !GLESv2Validation::pixelInternalFormat(internalformat)].
04-26 15:49:59.085 W/GFXSTREAM( 6235): [GLESv2Validation.cpp(1217)] Error internal format: 0x3 is invalid.
04-26 15:49:59.085 E/GFXSTREAM( 6235): [GL2Encoder.cpp(2814)] GL error 0x501 condition [!GLESv2Validation::pixelFormat(ctx, internalformat) && !GLESv2Validation::pixelInternalFormat(internalformat)].
04-26 15:49:59.085 W/GFXSTREAM( 6235): [GLESv2Validation.cpp(1217)] Error internal format: 0x3 is invalid.
04-26 15:49:59.085 E/GFXSTREAM( 6235): [GL2Encoder.cpp(2814)] GL error 0x501 condition [!GLESv2Validation::pixelFormat(ctx, internalformat) && !GLESv2Validation::pixelInternalFormat(internalformat)].
04-26 15:49:59.086 W/GFXSTREAM( 6235): [GLESv2Validation.cpp(1217)] Error internal format: 0x4 is invalid.
04-26 15:49:59.086 E/GFXSTREAM( 6235): [GL2Encoder.cpp(2814)] GL error 0x501 condition [!GLESv2Validation::pixelFormat(ctx, internalformat) && !GLESv2Validation::pixelInternalFormat(internalformat)].
04-26 15:49:59.086 W/GFXSTREAM( 6235): [GLESv2Validation.cpp(1217)] Error internal format: 0x4 is invalid.
04-26 15:49:59.086 E/GFXSTREAM( 6235): [GL2Encoder.cpp(2814)] GL error 0x501 condition [!GLESv2Validation::pixelFormat(ctx, internalformat) && !GLESv2Validation::pixelInternalFormat(internalformat)].
04-26 15:49:59.086 W/GFXSTREAM( 6235): [GLESv2Validation.cpp(1217)] Error internal format: 0x4 is invalid.
04-26 15:49:59.087 E/GFXSTREAM( 6235): [GL2Encoder.cpp(2814)] GL error 0x501 condition [!GLESv2Validation::pixelFormat(ctx, internalformat) && !GLESv2Validation::pixelInternalFormat(internalformat)].
04-26 15:49:59.087 W/skia    (  566): AGTM parsing failed flags.readFromStream(s) at 159
04-26 15:49:59.087 W/skia    (  566): AGTM parsing failed flags.readFromStream(s) at 159
04-26 15:49:59.087 W/skia    (  566): AGTM parsing failed flags.readFromStream(s) at 159
04-26 15:49:59.087 W/skia    (  566): AGTM parsing failed flags.readFromStream(s) at 159
04-26 15:49:59.087 W/GFXSTREAM( 6235): [GLESv2Validation.cpp(1217)] Error internal format: 0x4 is invalid.
04-26 15:49:59.087 E/GFXSTREAM( 6235): [GL2Encoder.cpp(2814)] GL error 0x501 condition [!GLESv2Validation::pixelFormat(ctx, internalformat) && !GLESv2Validation::pixelInternalFormat(internalformat)].
04-26 15:49:59.087 W/skia    (  566): AGTM parsing failed flags.readFromStream(s) at 159
04-26 15:49:59.087 W/GFXSTREAM( 6235): [GLESv2Validation.cpp(1217)] Error internal format: 0x4 is invalid.
04-26 15:49:59.088 E/GFXSTREAM( 6235): [GL2Encoder.cpp(2814)] GL error 0x501 condition [!GLESv2Validation::pixelFormat(ctx, internalformat) && !GLESv2Validation::pixelInternalFormat(internalformat)].
04-26 15:49:59.088 W/GFXSTREAM( 6235): [GLESv2Validation.cpp(1217)] Error internal format: 0x3 is invalid.
04-26 15:49:59.088 E/GFXSTREAM( 6235): [GL2Encoder.cpp(2814)] GL error 0x501 condition [!GLESv2Validation::pixelFormat(ctx, internalformat) && !GLESv2Validation::pixelInternalFormat(internalformat)].
04-26 15:49:59.088 W/GFXSTREAM( 6235): [GLESv2Validation.cpp(1217)] Error internal format: 0x4 is invalid.
04-26 15:49:59.088 E/GFXSTREAM( 6235): [GL2Encoder.cpp(2814)] GL error 0x501 condition [!GLESv2Validation::pixelFormat(ctx, internalformat) && !GLESv2Validation::pixelInternalFormat(internalformat)].
04-26 15:49:59.088 W/GFXSTREAM( 6235): [GLESv2Validation.cpp(1217)] Error internal format: 0x4 is invalid.
04-26 15:49:59.088 E/GFXSTREAM( 6235): [GL2Encoder.cpp(2814)] GL error 0x501 condition [!GLESv2Validation::pixelFormat(ctx, internalformat) && !GLESv2Validation::pixelInternalFormat(internalformat)].
04-26 15:49:59.089 W/GFXSTREAM( 6235): [GLESv2Validation.cpp(1217)] Error internal format: 0x3 is invalid.
04-26 15:49:59.089 E/GFXSTREAM( 6235): [GL2Encoder.cpp(2814)] GL error 0x501 condition [!GLESv2Validation::pixelFormat(ctx, internalformat) && !GLESv2Validation::pixelInternalFormat(internalformat)].
04-26 15:49:59.089 W/GFXSTREAM( 6235): [GLESv2Validation.cpp(1217)] Error internal format: 0x3 is invalid.
04-26 15:49:59.089 E/GFXSTREAM( 6235): [GL2Encoder.cpp(2814)] GL error 0x501 condition [!GLESv2Validation::pixelFormat(ctx, internalformat) && !GLESv2Validation::pixelInternalFormat(internalformat)].
04-26 15:49:59.089 W/GFXSTREAM( 6235): [GLESv2Validation.cpp(1217)] Error internal format: 0x4 is invalid.
04-26 15:49:59.089 E/GFXSTREAM( 6235): [GL2Encoder.cpp(2814)] GL error 0x501 condition [!GLESv2Validation::pixelFormat(ctx, internalformat) && !GLESv2Validation::pixelInternalFormat(internalformat)].
04-26 15:49:59.090 W/GFXSTREAM( 6235): [GLESv2Validation.cpp(1217)] Error internal format: 0x4 is invalid.
04-26 15:49:59.090 E/GFXSTREAM( 6235): [GL2Encoder.cpp(2814)] GL error 0x501 condition [!GLESv2Validation::pixelFormat(ctx, internalformat) && !GLESv2Validation::pixelInternalFormat(internalformat)].
04-26 15:49:59.090 W/GFXSTREAM( 6235): [GLESv2Validation.cpp(1217)] Error internal format: 0x4 is invalid.
04-26 15:49:59.090 E/GFXSTREAM( 6235): [GL2Encoder.cpp(2814)] GL error 0x501 condition [!GLESv2Validation::pixelFormat(ctx, internalformat) && !GLESv2Validation::pixelInternalFormat(internalformat)].
04-26 15:49:59.090 W/GFXSTREAM( 6235): [GLESv2Validation.cpp(1217)] Error internal format: 0x4 is invalid.
04-26 15:49:59.090 E/GFXSTREAM( 6235): [GL2Encoder.cpp(2814)] GL error 0x501 condition [!GLESv2Validation::pixelFormat(ctx, internalformat) && !GLESv2Validation::pixelInternalFormat(internalformat)].
04-26 15:49:59.090 W/GFXSTREAM( 6235): [GLESv2Validation.cpp(1217)] Error internal format: 0x3 is invalid.
04-26 15:49:59.090 E/GFXSTREAM( 6235): [GL2Encoder.cpp(2814)] GL error 0x501 condition [!GLESv2Validation::pixelFormat(ctx, internalformat) && !GLESv2Validation::pixelInternalFormat(internalformat)].
04-26 15:49:59.090 W/GFXSTREAM( 6235): [GLESv2Validation.cpp(1217)] Error internal format: 0x4 is invalid.
04-26 15:49:59.091 E/GFXSTREAM( 6235): [GL2Encoder.cpp(2814)] GL error 0x501 condition [!GLESv2Validation::pixelFormat(ctx, internalformat) && !GLESv2Validation::pixelInternalFormat(internalformat)].
04-26 15:49:59.091 W/GFXSTREAM( 6235): [GLESv2Validation.cpp(1217)] Error internal format: 0x3 is invalid.
04-26 15:49:59.091 E/GFXSTREAM( 6235): [GL2Encoder.cpp(2814)] GL error 0x501 condition [!GLESv2Validation::pixelFormat(ctx, internalformat) && !GLESv2Validation::pixelInternalFormat(internalformat)].
04-26 15:49:59.091 W/GFXSTREAM( 6235): [GLESv2Validation.cpp(1217)] Error internal format: 0x3 is invalid.
04-26 15:49:59.091 E/GFXSTREAM( 6235): [GL2Encoder.cpp(2814)] GL error 0x501 condition [!GLESv2Validation::pixelFormat(ctx, internalformat) && !GLESv2Validation::pixelInternalFormat(internalformat)].
04-26 15:49:59.091 W/GFXSTREAM( 6235): [GLESv2Validation.cpp(1217)] Error internal format: 0x4 is invalid.
04-26 15:49:59.091 E/GFXSTREAM( 6235): [GL2Encoder.cpp(2814)] GL error 0x501 condition [!GLESv2Validation::pixelFormat(ctx, internalformat) && !GLESv2Validation::pixelInternalFormat(internalformat)].
04-26 15:49:59.091 W/GFXSTREAM( 6235): [GLESv2Validation.cpp(1217)] Error internal format: 0x3 is invalid.
04-26 15:49:59.091 E/GFXSTREAM( 6235): [GL2Encoder.cpp(2814)] GL error 0x501 condition [!GLESv2Validation::pixelFormat(ctx, internalformat) && !GLESv2Validation::pixelInternalFormat(internalformat)].
04-26 15:49:59.092 W/GFXSTREAM( 6235): [GLESv2Validation.cpp(1217)] Error internal format: 0x3 is invalid.
04-26 15:49:59.092 E/GFXSTREAM( 6235): [GL2Encoder.cpp(2814)] GL error 0x501 condition [!GLESv2Validation::pixelFormat(ctx, internalformat) && !GLESv2Validation::pixelInternalFormat(internalformat)].
04-26 15:49:59.092 W/GFXSTREAM( 6235): [GLESv2Validation.cpp(1217)] Error internal format: 0x3 is invalid.
04-26 15:49:59.092 E/GFXSTREAM( 6235): [GL2Encoder.cpp(2814)] GL error 0x501 condition [!GLESv2Validation::pixelFormat(ctx, internalformat) && !GLESv2Validation::pixelInternalFormat(internalformat)].
04-26 15:49:59.093 W/GFXSTREAM( 6235): [GLESv2Validation.cpp(1217)] Error internal format: 0x3 is invalid.
04-26 15:49:59.093 E/GFXSTREAM( 6235): [GL2Encoder.cpp(2814)] GL error 0x501 condition [!GLESv2Validation::pixelFormat(ctx, internalformat) && !GLESv2Validation::pixelInternalFormat(internalformat)].
04-26 15:49:59.094 W/GFXSTREAM( 6235): [GLESv2Validation.cpp(1217)] Error internal format: 0x3 is invalid.
04-26 15:49:59.094 E/GFXSTREAM( 6235): [GL2Encoder.cpp(2814)] GL error 0x501 condition [!GLESv2Validation::pixelFormat(ctx, internalformat) && !GLESv2Validation::pixelInternalFormat(internalformat)].
04-26 15:49:59.094 W/GFXSTREAM( 6235): [GLESv2Validation.cpp(1217)] Error internal format: 0x3 is invalid.
04-26 15:49:59.094 E/GFXSTREAM( 6235): [GL2Encoder.cpp(2814)] GL error 0x501 condition [!GLESv2Validation::pixelFormat(ctx, internalformat) && !GLESv2Validation::pixelInternalFormat(internalformat)].
04-26 15:49:59.094 W/GFXSTREAM( 6235): [GLESv2Validation.cpp(1217)] Error internal format: 0x3 is invalid.
04-26 15:49:59.094 E/GFXSTREAM( 6235): [GL2Encoder.cpp(2814)] GL error 0x501 condition [!GLESv2Validation::pixelFormat(ctx, internalformat) && !GLESv2Validation::pixelInternalFormat(internalformat)].
04-26 15:49:59.094 W/GFXSTREAM( 6235): [GLESv2Validation.cpp(1217)] Error internal format: 0x3 is invalid.
04-26 15:49:59.094 E/GFXSTREAM( 6235): [GL2Encoder.cpp(2814)] GL error 0x501 condition [!GLESv2Validation::pixelFormat(ctx, internalformat) && !GLESv2Validation::pixelInternalFormat(internalformat)].
04-26 15:49:59.095 W/GFXSTREAM( 6235): [GLESv2Validation.cpp(1217)] Error internal format: 0x3 is invalid.
04-26 15:49:59.095 E/GFXSTREAM( 6235): [GL2Encoder.cpp(2814)] GL error 0x501 condition [!GLESv2Validation::pixelFormat(ctx, internalformat) && !GLESv2Validation::pixelInternalFormat(internalformat)].
04-26 15:49:59.095 W/GFXSTREAM( 6235): [GLESv2Validation.cpp(1217)] Error internal format: 0x3 is invalid.
04-26 15:49:59.095 E/GFXSTREAM( 6235): [GL2Encoder.cpp(2814)] GL error 0x501 condition [!GLESv2Validation::pixelFormat(ctx, internalformat) && !GLESv2Validation::pixelInternalFormat(internalformat)].
04-26 15:49:59.095 W/GFXSTREAM( 6235): [GLESv2Validation.cpp(1217)] Error internal format: 0x3 is invalid.
04-26 15:49:59.095 E/GFXSTREAM( 6235): [GL2Encoder.cpp(2814)] GL error 0x501 condition [!GLESv2Validation::pixelFormat(ctx, internalformat) && !GLESv2Validation::pixelInternalFormat(internalformat)].
04-26 15:49:59.095 W/GFXSTREAM( 6235): [GLESv2Validation.cpp(1217)] Error internal format: 0x3 is invalid.
04-26 15:49:59.095 E/GFXSTREAM( 6235): [GL2Encoder.cpp(2814)] GL error 0x501 condition [!GLESv2Validation::pixelFormat(ctx, internalformat) && !GLESv2Validation::pixelInternalFormat(internalformat)].
04-26 15:49:59.095 W/GFXSTREAM( 6235): [GLESv2Validation.cpp(1217)] Error internal format: 0x3 is invalid.
04-26 15:49:59.095 E/GFXSTREAM( 6235): [GL2Encoder.cpp(2814)] GL error 0x501 condition [!GLESv2Validation::pixelFormat(ctx, internalformat) && !GLESv2Validation::pixelInternalFormat(internalformat)].
04-26 15:49:59.096 W/GFXSTREAM( 6235): [GLESv2Validation.cpp(1217)] Error internal format: 0x3 is invalid.
04-26 15:49:59.096 E/GFXSTREAM( 6235): [GL2Encoder.cpp(2814)] GL error 0x501 condition [!GLESv2Validation::pixelFormat(ctx, internalformat) && !GLESv2Validation::pixelInternalFormat(internalformat)].
04-26 15:49:59.096 W/GFXSTREAM( 6235): [GLESv2Validation.cpp(1217)] Error internal format: 0x4 is invalid.
04-26 15:49:59.096 E/GFXSTREAM( 6235): [GL2Encoder.cpp(2814)] GL error 0x501 condition [!GLESv2Validation::pixelFormat(ctx, internalformat) && !GLESv2Validation::pixelInternalFormat(internalformat)].
04-26 15:49:59.096 W/GFXSTREAM( 6235): [GLESv2Validation.cpp(1217)] Error internal format: 0x3 is invalid.
04-26 15:49:59.096 E/GFXSTREAM( 6235): [GL2Encoder.cpp(2814)] GL error 0x501 condition [!GLESv2Validation::pixelFormat(ctx, internalformat) && !GLESv2Validation::pixelInternalFormat(internalformat)].
04-26 15:49:59.096 W/GFXSTREAM( 6235): [GLESv2Validation.cpp(1217)] Error internal format: 0x3 is invalid.
04-26 15:49:59.096 E/GFXSTREAM( 6235): [GL2Encoder.cpp(2814)] GL error 0x501 condition [!GLESv2Validation::pixelFormat(ctx, internalformat) && !GLESv2Validation::pixelInternalFormat(internalformat)].
04-26 15:49:59.096 W/GFXSTREAM( 6235): [GLESv2Validation.cpp(1217)] Error internal format: 0x3 is invalid.
04-26 15:49:59.096 E/GFXSTREAM( 6235): [GL2Encoder.cpp(2814)] GL error 0x501 condition [!GLESv2Validation::pixelFormat(ctx, internalformat) && !GLESv2Validation::pixelInternalFormat(internalformat)].
04-26 15:49:59.096 W/GFXSTREAM( 6235): [GLESv2Validation.cpp(1217)] Error internal format: 0x3 is invalid.
04-26 15:49:59.096 E/GFXSTREAM( 6235): [GL2Encoder.cpp(2814)] GL error 0x501 condition [!GLESv2Validation::pixelFormat(ctx, internalformat) && !GLESv2Validation::pixelInternalFormat(internalformat)].
04-26 15:49:59.096 W/GFXSTREAM( 6235): [GLESv2Validation.cpp(1217)] Error internal format: 0x3 is invalid.
04-26 15:49:59.097 E/GFXSTREAM( 6235): [GL2Encoder.cpp(2814)] GL error 0x501 condition [!GLESv2Validation::pixelFormat(ctx, internalformat) && !GLESv2Validation::pixelInternalFormat(internalformat)].
