04-26 19:44:43.748  2780  2783 I artd    : GetBestInfo: /data/user_de/0/com.google.android.gms/app_chimera/m/00000007/MeasurementDynamite.apk has no usable artifacts
04-26 19:44:43.969 16616 16683 I MuMain  : PERF fps=46.3 frameMs=21.58 phase(render=20.84 pad=0.02 present=0.66) renderLevel=4 fxScale=1.00 maxMsg=30 avg(draw=295 verts=94680 im=1888 vaD=0 vaC=0 qI=213 qE=0) max(draw=308 verts=95562)
04-26 19:44:43.969 16616 16683 I MuMain  : PERF_SCENE world=73 char(live=0 vis=0 ply=0 mon=0 npc=0 pet=0 prio=0 topMon=-1 x0) obj(live=375 vis=53 op=0 trap=0 topObj=129 x6)
04-26 19:44:43.969 16616 16683 I MuMain  : PERF_BUCKET objMove(cand=0 upd=0 def=0 n=0 m=0 f=0) objRender(cand=0 draw=0 cull=0 n=0 m=0 f=0 visDraw=0 visDef=0) charMove(cand=0 upd=0 def=0 n=0 m=0 f=0) charRender(cand=0 draw=0 def=0 cull=0 n=0 m=0 f=0)
04-26 19:44:43.969 16616 16683 I MuMain  : PERF_TERRAIN world=73 normal(block=0 tile=0) grass(block=0 tile=0) after(block=0 tile=0)
04-26 19:44:44.255  1016  1016 I wpa_supplicant: wlan0: CTRL-EVENT-BEACON-LOSS 
04-26 19:44:44.719   736   921 I HalDevMgr: bestIfaceCreationProposal is null, requestIface=STA, existingIface=[name=wlan0 type=STA]
04-26 19:44:45.013 16616 16683 I MuMain  : ADAPT fx scale: fps=46.7 frameMs=21.44 1.00->0.90 target=0.90
04-26 19:44:45.013 16616 16683 I MuMain  : PERF fps=46.7 frameMs=21.44 phase(render=20.56 pad=0.02 present=0.80) renderLevel=4 fxScale=1.00 maxMsg=30 avg(draw=314 verts=91716 im=2031 vaD=0 vaC=0 qI=235 qE=0) max(draw=326 verts=92670)
04-26 19:44:45.013 16616 16683 I MuMain  : PERF_SCENE world=73 char(live=0 vis=0 ply=0 mon=0 npc=0 pet=0 prio=0 topMon=-1 x0) obj(live=375 vis=50 op=0 trap=0 topObj=129 x7)
04-26 19:44:45.013 16616 16683 I MuMain  : PERF_BUCKET objMove(cand=0 upd=0 def=0 n=0 m=0 f=0) objRender(cand=0 draw=0 cull=0 n=0 m=0 f=0 visDraw=0 visDef=0) charMove(cand=0 upd=0 def=0 n=0 m=0 f=0) charRender(cand=0 draw=0 def=0 cull=0 n=0 m=0 f=0)
04-26 19:44:45.013 16616 16683 I MuMain  : PERF_TERRAIN world=73 normal(block=0 tile=0) grass(block=0 tile=0) after(block=0 tile=0)
04-26 19:44:46.066 16616 16683 I MuMain  : PERF fps=53.9 frameMs=18.54 phase(render=17.63 pad=0.02 present=0.81) renderLevel=4 fxScale=1.00 maxMsg=30 avg(draw=252 verts=84306 im=2094 vaD=0 vaC=0 qI=180 qE=0) max(draw=263 verts=86451)
04-26 19:44:46.067 16616 16683 I MuMain  : PERF_SCENE world=73 char(live=0 vis=0 ply=0 mon=0 npc=0 pet=0 prio=0 topMon=-1 x0) obj(live=375 vis=108 op=0 trap=0 topObj=146 x8)
04-26 19:44:46.067 16616 16683 I MuMain  : PERF_BUCKET objMove(cand=0 upd=0 def=0 n=0 m=0 f=0) objRender(cand=0 draw=0 cull=0 n=0 m=0 f=0 visDraw=0 visDef=0) charMove(cand=0 upd=0 def=0 n=0 m=0 f=0) charRender(cand=0 draw=0 def=0 cull=0 n=0 m=0 f=0)
04-26 19:44:46.067 16616 16683 I MuMain  : PERF_TERRAIN world=73 normal(block=0 tile=0) grass(block=0 tile=0) after(block=0 tile=0)
04-26 19:44:46.485   736   862 D ActivityManager: freezing 4376 com.google.android.permissioncontroller
04-26 19:44:46.489   736   931 D InetDiagMessage: Destroyed 0 sockets, proto=IPPROTO_TCP, family=AF_INET, states=14
04-26 19:44:46.489   736   931 D InetDiagMessage: Destroyed 0 sockets, proto=IPPROTO_TCP, family=AF_INET6, states=14
04-26 19:44:46.489   736   931 D InetDiagMessage: Destroyed live tcp sockets for uids={10211} in 1ms
04-26 19:44:46.585 16616 16683 I MuMain  : ADAPT fx scale: fps=47.8 frameMs=20.93 1.00->0.90 target=0.90
04-26 19:44:47.116 16616 16683 I MuMain  : PERF fps=44.9 frameMs=22.25 phase(render=21.48 pad=0.02 present=0.69) renderLevel=4 fxScale=1.00 maxMsg=30 avg(draw=327 verts=91479 im=1954 vaD=0 vaC=0 qI=247 qE=0) max(draw=338 verts=92370)
04-26 19:44:47.116 16616 16683 I MuMain  : PERF_SCENE world=73 char(live=0 vis=0 ply=0 mon=0 npc=0 pet=0 prio=0 topMon=-1 x0) obj(live=375 vis=123 op=0 trap=0 topObj=79 x15)
04-26 19:44:47.116 16616 16683 I MuMain  : PERF_BUCKET objMove(cand=0 upd=0 def=0 n=0 m=0 f=0) objRender(cand=0 draw=0 cull=0 n=0 m=0 f=0 visDraw=0 visDef=0) charMove(cand=0 upd=0 def=0 n=0 m=0 f=0) charRender(cand=0 draw=0 def=0 cull=0 n=0 m=0 f=0)
04-26 19:44:47.116 16616 16683 I MuMain  : PERF_TERRAIN world=73 normal(block=0 tile=0) grass(block=0 tile=0) after(block=0 tile=0)
04-26 19:44:47.732   736   921 I HalDevMgr: bestIfaceCreationProposal is null, requestIface=STA, existingIface=[name=wlan0 type=STA]
04-26 19:44:48.139 16616 16683 I MuMain  : PERF fps=55.1 frameMs=18.15 phase(render=17.29 pad=0.02 present=0.78) renderLevel=4 fxScale=1.00 maxMsg=30 avg(draw=241 verts=85005 im=1865 vaD=0 vaC=0 qI=167 qE=0) max(draw=250 verts=85272)
04-26 19:44:48.139 16616 16683 I MuMain  : PERF_SCENE world=73 char(live=0 vis=0 ply=0 mon=0 npc=0 pet=0 prio=0 topMon=-1 x0) obj(live=375 vis=90 op=0 trap=0 topObj=79 x12)
04-26 19:44:48.139 16616 16683 I MuMain  : PERF_BUCKET objMove(cand=0 upd=0 def=0 n=0 m=0 f=0) objRender(cand=0 draw=0 cull=0 n=0 m=0 f=0 visDraw=0 visDef=0) charMove(cand=0 upd=0 def=0 n=0 m=0 f=0) charRender(cand=0 draw=0 def=0 cull=0 n=0 m=0 f=0)
04-26 19:44:48.139 16616 16683 I MuMain  : PERF_TERRAIN world=73 normal(block=0 tile=0) grass(block=0 tile=0) after(block=0 tile=0)
04-26 19:44:49.173 16616 16683 I MuMain  : PERF fps=62.5 frameMs=16.01 phase(render=15.40 pad=0.02 present=0.53) renderLevel=4 fxScale=1.00 maxMsg=30 avg(draw=213 verts=58675 im=1713 vaD=0 vaC=0 qI=158 qE=0) max(draw=221 verts=60054)
04-26 19:44:49.174 16616 16683 I MuMain  : PERF_SCENE world=73 char(live=0 vis=0 ply=0 mon=0 npc=0 pet=0 prio=0 topMon=-1 x0) obj(live=375 vis=77 op=0 trap=0 topObj=79 x13)
04-26 19:44:49.174 16616 16683 I MuMain  : PERF_BUCKET objMove(cand=0 upd=0 def=0 n=0 m=0 f=0) objRender(cand=0 draw=0 cull=0 n=0 m=0 f=0 visDraw=0 visDef=0) charMove(cand=0 upd=0 def=0 n=0 m=0 f=0) charRender(cand=0 draw=0 def=0 cull=0 n=0 m=0 f=0)
04-26 19:44:49.174 16616 16683 I MuMain  : PERF_TERRAIN world=73 normal(block=0 tile=0) grass(block=0 tile=0) after(block=0 tile=0)
04-26 19:44:49.510  1203  1331 D SatelliteController: isInCarrierRoamingNbIotNtn: satellite is disabled
04-26 19:44:49.510  1203  1331 D SatelliteController: getCarrierRoamingNtnConnectType: Checking connect type from PLMN config for subId: 1
04-26 19:44:49.511  1203  1331 D SatelliteController: getSatellitePerPlmnConfiguration: invalid subId or not supported via carrier.
04-26 19:44:49.511  1203  1331 D SatelliteController: getCarrierRoamingNtnConnectType: config: null
04-26 19:44:49.511  1203  1331 D SatelliteController: getCarrierRoamingNtnConnectType: Falling back to global carrier config connect type: 0
04-26 19:44:49.514  1203  1331 D SatelliteController: updateLastNotifiedCarrierRoamingNtnSignalStrengthAndNotify(1)
04-26 19:44:49.514  1203  1331 D SatelliteController: updateLastNotifiedCarrierRoamingNtnSignalStrengthAndNotify(1) lastNotifiedSignalStrength level: 0
04-26 19:44:49.514  1203  1331 D SatelliteController: updateLastNotifiedCarrierRoamingNtnSignalStrengthAndNotify(1) currSignalStrength level: 0
04-26 19:44:50.219 16616 16683 I MuMain  : PERF fps=60.9 frameMs=16.42 phase(render=15.31 pad=0.03 present=1.02) renderLevel=4 fxScale=1.00 maxMsg=30 avg(draw=207 verts=70183 im=1655 vaD=0 vaC=0 qI=145 qE=0) max(draw=218 verts=70944)
04-26 19:44:50.220 16616 16683 I MuMain  : PERF_SCENE world=73 char(live=0 vis=0 ply=0 mon=0 npc=0 pet=0 prio=0 topMon=-1 x0) obj(live=375 vis=51 op=0 trap=0 topObj=79 x8)
04-26 19:44:50.220 16616 16683 I MuMain  : PERF_BUCKET objMove(cand=0 upd=0 def=0 n=0 m=0 f=0) objRender(cand=0 draw=0 cull=0 n=0 m=0 f=0 visDraw=0 visDef=0) charMove(cand=0 upd=0 def=0 n=0 m=0 f=0) charRender(cand=0 draw=0 def=0 cull=0 n=0 m=0 f=0)
04-26 19:44:50.220 16616 16683 I MuMain  : PERF_TERRAIN world=73 normal(block=0 tile=0) grass(block=0 tile=0) after(block=0 tile=0)
04-26 19:44:50.243 16616 16621 I muonline.client: Background concurrent mark compact GC freed 3611KB AllocSpace bytes, 0(0B) LOS objects, 49% free, 2665KB/5331KB, paused 1.952ms,8.085ms total 23.238ms
04-26 19:44:50.605   560   624 D AF::Track: interceptBuffer: took 599us to intercept 0 tracks
04-26 19:44:50.741   736   921 I HalDevMgr: bestIfaceCreationProposal is null, requestIface=STA, existingIface=[name=wlan0 type=STA]
04-26 19:44:51.262 16616 16683 I MuMain  : PERF fps=57.0 frameMs=17.53 phase(render=16.40 pad=0.07 present=0.98) renderLevel=4 fxScale=1.00 maxMsg=30 avg(draw=241 verts=67682 im=1468 vaD=0 vaC=0 qI=179 qE=0) max(draw=253 verts=73470)
04-26 19:44:51.262 16616 16683 I MuMain  : PERF_SCENE world=73 char(live=0 vis=0 ply=0 mon=0 npc=0 pet=0 prio=0 topMon=-1 x0) obj(live=375 vis=64 op=0 trap=0 topObj=20 x10)
04-26 19:44:51.262 16616 16683 I MuMain  : PERF_BUCKET objMove(cand=0 upd=0 def=0 n=0 m=0 f=0) objRender(cand=0 draw=0 cull=0 n=0 m=0 f=0 visDraw=0 visDef=0) charMove(cand=0 upd=0 def=0 n=0 m=0 f=0) charRender(cand=0 draw=0 def=0 cull=0 n=0 m=0 f=0)
04-26 19:44:51.262 16616 16683 I MuMain  : PERF_TERRAIN world=73 normal(block=0 tile=0) grass(block=0 tile=0) after(block=0 tile=0)
04-26 19:44:51.498   736   850 D ActivityManager: sync unfroze 4164 com.android.vending for 6
04-26 19:44:51.565   736   753 W ProcessStats: Tracking association SourceState{f999d38 system/1000 ImpBg #6068} whose proc state 6 is better than process ProcessState{2c5a08d com.android.vending/10154 pkg=com.android.vending} proc state 14 (19 skipped)
04-26 19:44:51.569  4164  4164 I Finsky  : [2] SCH: job service start with id 9780.
04-26 19:44:51.609  4164 16590 I Finsky  : [345] SCH: Satisfied jobs for 9780 are: 12-1
04-26 19:44:51.624  4164 16701 I Finsky  : [354] SCH: Job 12-1 starting
04-26 19:44:51.628  4164  4164 I Finsky  : [2] WM::SCH: Logging work start for 12-1
04-26 19:44:51.641  4164  4164 I Finsky  : [2] [ContentSync] job started
04-26 19:44:51.774   736   748 I system_server: Background young concurrent mark compact GC freed 19MB AllocSpace bytes, 13(640KB) LOS objects, 37% free, 37MB/59MB, paused 3.463ms,36.071ms total 61.450ms
04-26 19:44:51.793 16616 16683 I MuMain  : ADAPT fx scale: fps=33.8 frameMs=29.61 1.00->0.90 target=0.80
04-26 19:44:51.808  4164 16702 I Finsky  : [355] App states replicator found 7 unowned apps
04-26 19:44:51.826  4164  4225 I Finsky  : [56] Completed 0 account content syncs with 0 successful.
04-26 19:44:51.832  4164  4164 I Finsky  : [2] [ContentSync] Installation state replication succeeded.
04-26 19:44:51.832  4164  4164 I Finsky  : [2] SCH: jobFinished: 12-1. TimeElapsed: 206ms.
04-26 19:44:51.832  4164  4164 I Finsky  : [2] WM::SCH: Logging work end for 12-1
04-26 19:44:51.866  4164  4222 I Finsky  : [53] SCH: Scheduling phonesky job Id: 1-1337, CT: 1777185491409, Constraints: [{ L: 25186278, D: 68386278, C: CHARGING_NONE, I: IDLE_NONE, N: NET_ANY, B: BATTERY_ANY }]
04-26 19:44:51.873  4164  4223 I Finsky  : [54] SCH: Scheduling 1 system job(s)
04-26 19:44:51.873  4164  4223 I Finsky  : [54] SCH: Scheduling system job Id: 9783, L: 3185814, D: 46385814, C: false, I: false, N: 1
04-26 19:44:51.881  4164 16701 I Finsky  : [354] SCH: job service finished with id 9780.
04-26 19:44:51.893  4164  4164 I Finsky  : [2] Memory trim requested to level 40
04-26 19:44:51.893  4164  4164 I Finsky  : [2] Flushing in-memory image cache
04-26 19:44:52.315 16616 16683 I MuMain  : PERF fps=42.6 frameMs=23.50 phase(render=22.51 pad=0.02 present=0.86) renderLevel=4 fxScale=1.00 maxMsg=30 avg(draw=363 verts=60101 im=1480 vaD=0 vaC=0 qI=175 qE=0) max(draw=367 verts=62817)
04-26 19:44:52.316 16616 16683 I MuMain  : PERF_SCENE world=73 char(live=0 vis=0 ply=0 mon=0 npc=0 pet=0 prio=0 topMon=-1 x0) obj(live=375 vis=157 op=0 trap=0 topObj=79 x15)
04-26 19:44:52.316 16616 16683 I MuMain  : PERF_BUCKET objMove(cand=0 upd=0 def=0 n=0 m=0 f=0) objRender(cand=0 draw=0 cull=0 n=0 m=0 f=0 visDraw=0 visDef=0) charMove(cand=0 upd=0 def=0 n=0 m=0 f=0) charRender(cand=0 draw=0 def=0 cull=0 n=0 m=0 f=0)
04-26 19:44:52.316 16616 16683 I MuMain  : PERF_TERRAIN world=73 normal(block=0 tile=0) grass(block=0 tile=0) after(block=0 tile=0)
04-26 19:44:52.321   736   862 D ActivityManager: freezing 14925 com.google.android.gms
04-26 19:44:52.446  1016  1016 I wpa_supplicant: wlan0: CTRL-EVENT-BEACON-LOSS 
04-26 19:44:53.099 16616 16683 I MuMain  : ADAPT fx scale: fps=39.6 frameMs=25.23 1.00->0.90 target=0.90
04-26 19:44:53.367 16616 16683 I MuMain  : PERF fps=37.3 frameMs=26.82 phase(render=25.68 pad=0.06 present=1.02) renderLevel=4 fxScale=1.00 maxMsg=30 avg(draw=401 verts=61054 im=1434 vaD=0 vaC=0 qI=209 qE=0) max(draw=413 verts=62736)
04-26 19:44:53.367 16616 16683 I MuMain  : PERF_SCENE world=73 char(live=0 vis=0 ply=0 mon=0 npc=0 pet=0 prio=0 topMon=-1 x0) obj(live=375 vis=175 op=0 trap=0 topObj=155 x19)
04-26 19:44:53.367 16616 16683 I MuMain  : PERF_BUCKET objMove(cand=0 upd=0 def=0 n=0 m=0 f=0) objRender(cand=0 draw=0 cull=0 n=0 m=0 f=0 visDraw=0 visDef=0) charMove(cand=0 upd=0 def=0 n=0 m=0 f=0) charRender(cand=0 draw=0 def=0 cull=0 n=0 m=0 f=0)
04-26 19:44:53.367 16616 16683 I MuMain  : PERF_TERRAIN world=73 normal(block=0 tile=0) grass(block=0 tile=0) after(block=0 tile=0)
04-26 19:44:53.740  2780  2783 I artd    : GetBestInfo: odex next to the dex file (/data/app/~~PqdBwR9WSFUNw4iaJMgoGg==/com.google.android.gms-95Dc1VeYXyONiCBDqz_lkA==/oat/x86_64/base.odex) is kOatUpToDate with filter 'speed-profile' executable 'false'
04-26 19:44:53.742  2780  2783 I artd    : GetBestInfo: dm (/data/app/~~PqdBwR9WSFUNw4iaJMgoGg==/com.google.android.gms-95Dc1VeYXyONiCBDqz_lkA==/split_AdsDynamite_installtime.dm) is kOatUpToDate with filter 'verify' executable 'false'
04-26 19:44:53.745  2780  2783 I artd    : GetBestInfo: dm (/data/app/~~PqdBwR9WSFUNw4iaJMgoGg==/com.google.android.gms-95Dc1VeYXyONiCBDqz_lkA==/split_CronetDynamite_installtime.dm) is kOatUpToDate with filter 'verify' executable 'false'
04-26 19:44:53.747  2780  2783 I artd    : GetBestInfo: dm (/data/app/~~PqdBwR9WSFUNw4iaJMgoGg==/com.google.android.gms-95Dc1VeYXyONiCBDqz_lkA==/split_DynamiteLoader_installtime.dm) is kOatUpToDate with filter 'verify' executable 'false'
04-26 19:44:53.749  2780  2783 I artd    : GetBestInfo: dm (/data/app/~~PqdBwR9WSFUNw4iaJMgoGg==/com.google.android.gms-95Dc1VeYXyONiCBDqz_lkA==/split_DynamiteModulesA_installtime.dm) is kOatUpToDate with filter 'verify' executable 'false'
04-26 19:44:53.749   736   921 I HalDevMgr: bestIfaceCreationProposal is null, requestIface=STA, existingIface=[name=wlan0 type=STA]
04-26 19:44:53.750  2780  2783 I artd    : GetBestInfo: dm (/data/app/~~PqdBwR9WSFUNw4iaJMgoGg==/com.google.android.gms-95Dc1VeYXyONiCBDqz_lkA==/split_DynamiteModulesC_installtime.dm) is kOatUpToDate with filter 'verify' executable 'false'
04-26 19:44:53.752  2780  2783 I artd    : GetBestInfo: dm (/data/app/~~PqdBwR9WSFUNw4iaJMgoGg==/com.google.android.gms-95Dc1VeYXyONiCBDqz_lkA==/split_GoogleCertificates_installtime.dm) is kOatUpToDate with filter 'verify' executable 'false'
04-26 19:44:53.753  2780  2783 I artd    : GetBestInfo: dm (/data/app/~~PqdBwR9WSFUNw4iaJMgoGg==/com.google.android.gms-95Dc1VeYXyONiCBDqz_lkA==/split_MapsDynamite_installtime.dm) is kOatUpToDate with filter 'verify' executable 'false'
04-26 19:44:53.755  2780  2783 I artd    : GetBestInfo: dm (/data/app/~~PqdBwR9WSFUNw4iaJMgoGg==/com.google.android.gms-95Dc1VeYXyONiCBDqz_lkA==/split_MeasurementDynamite_installtime.dm) is kOatUpToDate with filter 'verify' executable 'false'
04-26 19:44:53.757  2780  2783 I artd    : GetBestInfo: dm (/data/app/~~PqdBwR9WSFUNw4iaJMgoGg==/com.google.android.gms-95Dc1VeYXyONiCBDqz_lkA==/split_all_locale_splits.dm) is kOatUpToDate with filter 'verify' executable 'false'
04-26 19:44:53.760  2780  2783 I artd    : GetBestInfo: /data/user_de/0/com.google.android.gms/app_chimera/m/0000000a/dl-TfliteDynamiteDynamite.integ_252130102100800.apk has no usable artifacts
04-26 19:44:53.761  2780  2783 I artd    : GetBestInfo: /data/user_de/0/com.google.android.gms/app_chimera/m/00000001/CronetDynamite.apk has no usable artifacts
04-26 19:44:53.762  2780  2783 I artd    : GetBestInfo: /data/user_de/0/com.google.android.gms/app_chimera/m/00000016/dl-MlkitOcrCommon.optional_261332100800.apk has no usable artifacts
04-26 19:44:53.764  2780  2783 I artd    : GetBestInfo: /data/user_de/0/com.google.android.gms/app_chimera/m/00000002/DynamiteLoader.apk has no usable artifacts
04-26 19:44:53.766  2780  2783 I artd    : GetBestInfo: /data/user_de/0/com.google.android.gms/app_chimera/m/0000000e/dl-MlkitBarcodeUi.optional_260235100800.apk has no usable artifacts
04-26 19:44:53.767  2780  2783 I artd    : GetBestInfo: /data/user_de/0/com.google.android.gms/app_chimera/m/00000013/dl-Appsearch.optional_261332100800.apk has no usable artifacts
04-26 19:44:53.768  2780  2783 I artd    : GetBestInfo: /data/user_de/0/com.google.android.gms/app_chimera/m/00000005/GoogleCertificates.apk has no usable artifacts
04-26 19:44:53.770  2780  2783 I artd    : GetBestInfo: /data/user_de/0/com.google.android.gms/app_chimera/m/00000012/dl-PlayCloudSearch.optional_261332100000.apk has no usable artifacts
04-26 19:44:53.772  2780  2783 I artd    : GetBestInfo: vdex next to the dex file (/data/user/0/com.google.android.gms/app_dg_cache/B3ED91DEC21F0EB5284BE10D982ABEAAC45F5C48/oat/x86_64/the.vdex) is kOatUpToDate with filter 'verify' executable 'false'
04-26 19:44:53.775  2780  2783 I artd    : GetBestInfo: /data/user_de/0/com.google.android.gms/app_chimera/m/0000000f/dl-PlayCloudSearch.optional_260235100000.apk has no usable artifacts
04-26 19:44:53.777  2780  2783 I artd    : GetBestInfo: /data/user_de/0/com.google.android.gms/app_chimera/m/00000008/dl-VisionOcr.optional_260235100000.apk has no usable artifacts
04-26 19:44:53.779  2780  2783 I artd    : GetBestInfo: /data/user_de/0/com.google.android.gms/app_chimera/m/0000000b/dl-Appsearch.optional_260235100800.apk has no usable artifacts
04-26 19:44:53.781  2780  2783 I artd    : GetBestInfo: /data/user_de/0/com.google.android.gms/app_chimera/m/00000011/dl-VisionOcr.optional_261332100000.apk has no usable artifacts
04-26 19:44:53.782  2780  2783 I artd    : GetBestInfo: /data/user_de/0/com.google.android.gms/app_chimera/m/00000015/dl-MlkitBarcodeUi.optional_261332100800.apk has no usable artifacts
04-26 19:44:53.784  2780  2783 I artd    : GetBestInfo: /data/user_de/0/com.google.android.gms/app_chimera/m/00000009/dl-MlkitOcrCommon.optional_260235100800.apk has no usable artifacts
04-26 19:44:53.786  2780  2783 I artd    : GetBestInfo: vdex next to the dex file (/data/user/0/com.google.android.gms/app_dg_cache/CE973E4DE823F0AA69070767A9FABB590DDD455C/oat/x86_64/the.vdex) is kOatUpToDate with filter 'verify' executable 'false'
04-26 19:44:53.786  2780  2783 I artd    : GetBestInfo: /data/user_de/0/com.google.android.gms/app_chimera/m/00000007/MeasurementDynamite.apk has no usable artifacts
04-26 19:44:54.416 16616 16683 I MuMain  : ADAPT fx scale: fps=35.2 frameMs=28.41 1.00->0.90 target=0.80
04-26 19:44:54.416 16616 16683 I MuMain  : PERF fps=35.2 frameMs=28.41 phase(render=27.65 pad=0.04 present=0.66) renderLevel=4 fxScale=1.00 maxMsg=30 avg(draw=480 verts=52531 im=1499 vaD=0 vaC=0 qI=208 qE=0) max(draw=490 verts=55230)
04-26 19:44:54.416 16616 16683 I MuMain  : PERF_SCENE world=73 char(live=0 vis=0 ply=0 mon=0 npc=0 pet=0 prio=0 topMon=-1 x0) obj(live=375 vis=184 op=0 trap=0 topObj=155 x22)
04-26 19:44:54.416 16616 16683 I MuMain  : PERF_BUCKET objMove(cand=0 upd=0 def=0 n=0 m=0 f=0) objRender(cand=0 draw=0 cull=0 n=0 m=0 f=0 visDraw=0 visDef=0) charMove(cand=0 upd=0 def=0 n=0 m=0 f=0) charRender(cand=0 draw=0 def=0 cull=0 n=0 m=0 f=0)
04-26 19:44:54.416 16616 16683 I MuMain  : PERF_TERRAIN world=73 normal(block=0 tile=0) grass(block=0 tile=0) after(block=0 tile=0)
04-26 19:44:55.479 16616 16683 I MuMain  : PERF fps=30.7 frameMs=32.57 phase(render=31.82 pad=0.04 present=0.66) renderLevel=4 fxScale=1.00 maxMsg=30 avg(draw=568 verts=44595 im=1566 vaD=0 vaC=0 qI=175 qE=0) max(draw=608 verts=46644)
04-26 19:44:55.479 16616 16683 I MuMain  : PERF_SCENE world=73 char(live=0 vis=0 ply=0 mon=0 npc=0 pet=0 prio=0 topMon=-1 x0) obj(live=375 vis=151 op=0 trap=0 topObj=155 x20)
04-26 19:44:55.480 16616 16683 I MuMain  : PERF_BUCKET objMove(cand=0 upd=0 def=0 n=0 m=0 f=0) objRender(cand=0 draw=0 cull=0 n=0 m=0 f=0 visDraw=0 visDef=0) charMove(cand=0 upd=0 def=0 n=0 m=0 f=0) charRender(cand=0 draw=0 def=0 cull=0 n=0 m=0 f=0)
04-26 19:44:55.480 16616 16683 I MuMain  : PERF_TERRAIN world=73 normal(block=0 tile=0) grass(block=0 tile=0) after(block=0 tile=0)
04-26 19:44:55.755 16616 16683 I MuMain  : ADAPT fx scale: fps=29.1 frameMs=34.40 1.00->0.90 target=0.80
04-26 19:44:56.534 16616 16683 I MuMain  : PERF fps=27.7 frameMs=36.13 phase(render=35.37 pad=0.02 present=0.69) renderLevel=4 fxScale=1.00 maxMsg=30 avg(draw=641 verts=50733 im=1597 vaD=0 vaC=0 qI=143 qE=0) max(draw=647 verts=51957)
04-26 19:44:56.534 16616 16683 I MuMain  : PERF_SCENE world=73 char(live=0 vis=0 ply=0 mon=0 npc=0 pet=0 prio=0 topMon=-1 x0) obj(live=375 vis=187 op=0 trap=0 topObj=79 x25)
04-26 19:44:56.534 16616 16683 I MuMain  : PERF_BUCKET objMove(cand=0 upd=0 def=0 n=0 m=0 f=0) objRender(cand=0 draw=0 cull=0 n=0 m=0 f=0 visDraw=0 visDef=0) charMove(cand=0 upd=0 def=0 n=0 m=0 f=0) charRender(cand=0 draw=0 def=0 cull=0 n=0 m=0 f=0)
04-26 19:44:56.534 16616 16683 I MuMain  : PERF_TERRAIN world=73 normal(block=0 tile=0) grass(block=0 tile=0) after(block=0 tile=0)
04-26 19:44:56.758   736   921 I HalDevMgr: bestIfaceCreationProposal is null, requestIface=STA, existingIface=[name=wlan0 type=STA]
04-26 19:44:57.062 16616 16683 I MuMain  : ADAPT fx scale: fps=26.8 frameMs=37.34 1.00->0.90 target=0.80
04-26 19:44:57.601 16616 16683 I MuMain  : PERF fps=25.9 frameMs=38.58 phase(render=37.79 pad=0.03 present=0.71) renderLevel=4 fxScale=1.00 maxMsg=30 avg(draw=690 verts=51441 im=1659 vaD=0 vaC=0 qI=70 qE=0) max(draw=702 verts=51921)
04-26 19:44:57.602 16616 16683 I MuMain  : PERF_SCENE world=73 char(live=0 vis=0 ply=0 mon=0 npc=0 pet=0 prio=0 topMon=-1 x0) obj(live=375 vis=163 op=0 trap=0 topObj=155 x20)
04-26 19:44:57.602 16616 16683 I MuMain  : PERF_BUCKET objMove(cand=0 upd=0 def=0 n=0 m=0 f=0) objRender(cand=0 draw=0 cull=0 n=0 m=0 f=0 visDraw=0 visDef=0) charMove(cand=0 upd=0 def=0 n=0 m=0 f=0) charRender(cand=0 draw=0 def=0 cull=0 n=0 m=0 f=0)
04-26 19:44:57.602 16616 16683 I MuMain  : PERF_TERRAIN world=73 normal(block=0 tile=0) grass(block=0 tile=0) after(block=0 tile=0)
04-26 19:44:58.412 16616 16683 I MuMain  : ADAPT fx scale: fps=24.8 frameMs=40.34 1.00->0.90 target=0.65
04-26 19:44:58.682 16616 16683 I MuMain  : PERF fps=26.0 frameMs=38.46 phase(render=37.69 pad=0.02 present=0.67) renderLevel=4 fxScale=1.00 maxMsg=30 avg(draw=692 verts=54441 im=1500 vaD=0 vaC=0 qI=19 qE=0) max(draw=704 verts=55206)
04-26 19:44:58.682 16616 16683 I MuMain  : PERF_SCENE world=73 char(live=0 vis=0 ply=0 mon=0 npc=0 pet=0 prio=0 topMon=-1 x0) obj(live=375 vis=114 op=0 trap=0 topObj=77 x11)
04-26 19:44:58.682 16616 16683 I MuMain  : PERF_BUCKET objMove(cand=0 upd=0 def=0 n=0 m=0 f=0) objRender(cand=0 draw=0 cull=0 n=0 m=0 f=0 visDraw=0 visDef=0) charMove(cand=0 upd=0 def=0 n=0 m=0 f=0) charRender(cand=0 draw=0 def=0 cull=0 n=0 m=0 f=0)
04-26 19:44:58.682 16616 16683 I MuMain  : PERF_TERRAIN world=73 normal(block=0 tile=0) grass(block=0 tile=0) after(block=0 tile=0)
04-26 19:44:59.509  1203  1331 D SatelliteController: isInCarrierRoamingNbIotNtn: satellite is disabled
04-26 19:44:59.509  1203  1331 D SatelliteController: getCarrierRoamingNtnConnectType: Checking connect type from PLMN config for subId: 1
04-26 19:44:59.509  1203  1331 D SatelliteController: getSatellitePerPlmnConfiguration: invalid subId or not supported via carrier.
04-26 19:44:59.509  1203  1331 D SatelliteController: getCarrierRoamingNtnConnectType: config: null
04-26 19:44:59.509  1203  1331 D SatelliteController: getCarrierRoamingNtnConnectType: Falling back to global carrier config connect type: 0
04-26 19:44:59.510  1203  1331 D SatelliteController: updateLastNotifiedCarrierRoamingNtnSignalStrengthAndNotify(1)
04-26 19:44:59.510  1203  1331 D SatelliteController: updateLastNotifiedCarrierRoamingNtnSignalStrengthAndNotify(1) lastNotifiedSignalStrength level: 0
04-26 19:44:59.510  1203  1331 D SatelliteController: updateLastNotifiedCarrierRoamingNtnSignalStrengthAndNotify(1) currSignalStrength level: 0
04-26 19:44:59.748 16616 16683 I MuMain  : ADAPT fx scale: fps=30.4 frameMs=32.92 1.00->0.90 target=0.80
04-26 19:44:59.749 16616 16683 I MuMain  : PERF fps=30.4 frameMs=32.92 phase(render=32.12 pad=0.07 present=0.67) renderLevel=4 fxScale=1.00 maxMsg=30 avg(draw=569 verts=54058 im=1175 vaD=0 vaC=0 qI=26 qE=0) max(draw=579 verts=54315)
04-26 19:44:59.749 16616 16683 I MuMain  : PERF_SCENE world=73 char(live=0 vis=0 ply=0 mon=0 npc=0 pet=0 prio=0 topMon=-1 x0) obj(live=375 vis=91 op=0 trap=0 topObj=136 x9)
04-26 19:44:59.749 16616 16683 I MuMain  : PERF_BUCKET objMove(cand=0 upd=0 def=0 n=0 m=0 f=0) objRender(cand=0 draw=0 cull=0 n=0 m=0 f=0 visDraw=0 visDef=0) charMove(cand=0 upd=0 def=0 n=0 m=0 f=0) charRender(cand=0 draw=0 def=0 cull=0 n=0 m=0 f=0)
04-26 19:44:59.749 16616 16683 I MuMain  : PERF_TERRAIN world=73 normal(block=0 tile=0) grass(block=0 tile=0) after(block=0 tile=0)
04-26 19:44:59.767   736   921 I HalDevMgr: bestIfaceCreationProposal is null, requestIface=STA, existingIface=[name=wlan0 type=STA]
04-26 19:45:00.381  1016  1016 I wpa_supplicant: wlan0: CTRL-EVENT-BEACON-LOSS 
04-26 19:45:00.798 16616 16683 I MuMain  : PERF fps=31.3 frameMs=31.94 phase(render=31.22 pad=0.03 present=0.64) renderLevel=4 fxScale=1.00 maxMsg=30 avg(draw=559 verts=54375 im=1027 vaD=0 vaC=0 qI=138 qE=0) max(draw=568 verts=54816)
04-26 19:45:00.798 16616 16683 I MuMain  : PERF_SCENE world=73 char(live=0 vis=0 ply=0 mon=0 npc=0 pet=0 prio=0 topMon=-1 x0) obj(live=375 vis=56 op=0 trap=0 topObj=79 x19)
04-26 19:45:00.798 16616 16683 I MuMain  : PERF_BUCKET objMove(cand=0 upd=0 def=0 n=0 m=0 f=0) objRender(cand=0 draw=0 cull=0 n=0 m=0 f=0 visDraw=0 visDef=0) charMove(cand=0 upd=0 def=0 n=0 m=0 f=0) charRender(cand=0 draw=0 def=0 cull=0 n=0 m=0 f=0)
04-26 19:45:00.798 16616 16683 I MuMain  : PERF_TERRAIN world=73 normal(block=0 tile=0) grass(block=0 tile=0) after(block=0 tile=0)
04-26 19:45:01.053 16616 16683 I MuMain  : ADAPT fx scale: fps=31.3 frameMs=31.92 1.00->0.90 target=0.80
04-26 19:45:01.818 16616 16683 I MuMain  : PERF fps=30.9 frameMs=32.38 phase(render=31.70 pad=0.02 present=0.61) renderLevel=4 fxScale=1.00 maxMsg=30 avg(draw=562 verts=51837 im=1160 vaD=0 vaC=0 qI=179 qE=0) max(draw=566 verts=52389)
04-26 19:45:01.818 16616 16683 I MuMain  : PERF_SCENE world=73 char(live=0 vis=0 ply=0 mon=0 npc=0 pet=0 prio=0 topMon=-1 x0) obj(live=375 vis=78 op=0 trap=0 topObj=79 x23)
04-26 19:45:01.818 16616 16683 I MuMain  : PERF_BUCKET objMove(cand=0 upd=0 def=0 n=0 m=0 f=0) objRender(cand=0 draw=0 cull=0 n=0 m=0 f=0 visDraw=0 visDef=0) charMove(cand=0 upd=0 def=0 n=0 m=0 f=0) charRender(cand=0 draw=0 def=0 cull=0 n=0 m=0 f=0)
04-26 19:45:01.818 16616 16683 I MuMain  : PERF_TERRAIN world=73 normal(block=0 tile=0) grass(block=0 tile=0) after(block=0 tile=0)
04-26 19:45:01.929 16712 16712 W libbinder.BackendUnifiedServiceManager: Thread Pool max thread count is 0. Cannot cache binder as linkToDeath cannot be implemented. serviceName: SurfaceFlingerAIDL
04-26 19:45:01.930 16712 16712 W libbinder.BpBinder: Linking to death on android.gui.ISurfaceComposer but there are no threads (yet?) listening to incoming transactions. See ProcessState::startThreadPool and ProcessState::setThreadPoolMaxThreadCount. Generally you should setup the binder threadpool before other initialization steps.
04-26 19:45:01.930 16712 16712 W libbinder.ProcessState: Extra binder thread started, but 0 threads requested. Do not use *startThreadPool when zero threads are requested.
04-26 19:45:01.936   736   862 D ActivityManager: freezing 4164 com.android.vending
04-26 19:45:01.944   736   931 D InetDiagMessage: Destroyed 0 sockets, proto=IPPROTO_TCP, family=AF_INET, states=14
04-26 19:45:01.946   736   931 D InetDiagMessage: Destroyed 0 sockets, proto=IPPROTO_TCP, family=AF_INET6, states=14
04-26 19:45:01.946   736   931 D InetDiagMessage: Destroyed live tcp sockets for uids={10154} in 4ms
04-26 19:45:01.988   566   616 W skia    : AGTM parsing failed flags.readFromStream(s) at 159
