04-26 15:44:29.934 V/WindowManagerShell( 1036):  Checking filter Pair{{types=[OPEN,TO_FRONT] flags=0x0 notFlags=0x0 checks=[{atype=standard independent=true modes=[OPEN,TO_FRONT] flags=NONE mustBeTask=true order=ANY topActivity=null launchCookie=null windowingMode=freeform isCrossDisplayMove=false}]} RemoteTransition { remoteTransition = android.window.IRemoteTransition$Stub$Proxy@5987ffe, appThread = null, debugName = DesktopWindowLimitUnminimize, filter = {types=[OPEN,TO_FRONT] flags=0x0 notFlags=0x0 checks=[{atype=standard independent=true modes=[OPEN,TO_FRONT] flags=NONE mustBeTask=true order=ANY topActivity=null launchCookie=null windowingMode=freeform isCrossDisplayMove=false}]} }}
04-26 15:44:29.934 V/WindowManagerShell( 1036):  Delegate animation for (#20) to null
04-26 15:44:29.934 V/WindowManagerShell( 1036): start default transition animation, info = {id=20 t=OPEN f=0x0 trk=0 r=[0@Point(0, 0)] c=[{m=OPEN f=FILLS_TASK p=WCT{android.os.BinderProxy@4d104f2} leash=Surface(name=ActivityRecord{89647328 u0 com.muonline.client/.MuMainActivity t90}#181)/@0xaf3c514 sb=Rect(0, 0 - 0, 0) eb=Rect(0, 0 - 2400, 1080) epz=Point(2400, 1080) d=-1->0 r=-1->1:-1 bc=ff000000 activity=ActivityTransitionInfo { component = ComponentInfo{com.muonline.client/com.muonline.client.MuMainActivity}, taskId = 90, appCompatTransitionInfo = AppCompatTransitionInfo { letterboxBounds = Rect(132, 0 - 2400, 1080), hasRoundedCorners = false } }},{m=CLOSE f=FILLS_TASK|IS_BEHIND_STARTING_WINDOW p=WCT{android.os.BinderProxy@4d104f2} leash=Surface(name=ActivityRecord{238269449 u0 com.muonline.client/.PreloadActivity t90}#163)/@0x14f31bd sb=Rect(0, 0 - 2400, 1080) eb=Rect(0, 0 - 2400, 1080) epz=Point(2400, 1080) d=0 bc=ff000000 activity=ActivityTransitionInfo { component = ComponentInfo{com.muonline.client/com.muonline.client.PreloadActivity}, taskId = 90, appCompatTransitionInfo = AppCompatTransitionInfo { letterboxBounds = Rect(132, 0 - 2400, 1080), hasRoundedCorners = false } }},{m=CHANGE f=NONE leash=Surface(name=Task=90#162)/@0x50df3b2 sb=Rect(0, 0 - 2400, 1080) eb=Rect(0, 0 - 2400, 1080) epz=Point(2400, 1080) d=0 taskParent=-1 winMode=1 userId=0}]}
04-26 15:44:29.935 V/WindowManagerShell( 1036): loadAnimation: anim=android.view.animation.AnimationSet@779b85f animAttr=0x5 type=OPEN isEntrance=false
04-26 15:44:29.937 V/WindowManagerShell( 1036): loadAnimation: anim=android.view.animation.AnimationSet@c2b7b7b animAttr=0x4 type=OPEN isEntrance=true
04-26 15:44:29.938 I/SDL/APP ( 5633): pixel format wanted SDL_PIXELFORMAT_RGBX8888 (2), got SDL_PIXELFORMAT_RGBX8888 (2)
04-26 15:44:29.939 V/WindowManagerShell( 1036):  animated by com.android.wm.shell.transition.DefaultTransitionHandler@11f9e32
04-26 15:44:29.939 I/ImeTracker(  736): system_server:523835c: onCancelled at PHASE_SERVER_SHOULD_HIDE
04-26 15:44:29.940 I/ImeTracker(  736): system_server:feba35df: onCancelled at PHASE_SERVER_SHOULD_HIDE
04-26 15:44:29.969 D/InsetsController( 5633): Setting requestedVisibleTypes to 496 (was 503)
04-26 15:44:29.970 D/VRI[MuMainActivity]( 5633): WindowInsets changed: statusBars:null navigationBars:null 
04-26 15:44:29.972 V/SDL     ( 5633): surfaceChanged()
04-26 15:44:29.972 V/SDL     ( 5633): Window size: 2268x1080
04-26 15:44:29.972 V/SDL     ( 5633): Device size: 2400x1080
04-26 15:44:29.975 I/libbinder.BpBinder(  566): onLastStrongRef automatically unlinking death recipients for binder (0x7eaa3605e2b0) with descriptor: '(not cached)'
04-26 15:44:29.990 I/MuMain  ( 5633): Screen size (drawable): 2268x943 (scale: 3.54 x 1.96)
04-26 15:44:29.998 I/GL_Compat( 5633): GL_Compat_Init: OK (prog=3, vbo=1, ebo=2)
04-26 15:44:29.998 I/MuRender( 5633): OpenGLCompat initialized (drawable=2268x943)
04-26 15:44:29.998 I/MuMain  ( 5633): Render backend active: OpenGLCompat
04-26 15:44:29.998 I/GL_Compat( 5633): GL path switch: preferDirectVA=1
04-26 15:44:29.999 I/MuMain  ( 5633): GL compat VA policy: preferDirect=1 (emulator=1)
04-26 15:44:29.999 I/AndroidGDI( 5633): SDL2_ttf initialized, defaultSize=15
04-26 15:44:30.000 I/AndroidGDI( 5633): Font OK: /system/fonts/DroidSans.ttf sz=15
04-26 15:44:30.000 I/AndroidGDI( 5633): Font OK: /system/fonts/DroidSans-Bold.ttf sz=15
04-26 15:44:30.001 I/AndroidGDI( 5633): Font OK: /system/fonts/DroidSans-Bold.ttf sz=30
04-26 15:44:30.002 I/AndroidGDI( 5633): Font OK: /system/fonts/DroidSans.ttf sz=14
04-26 15:44:30.002 I/MuMain  ( 5633): GDI fonts created: size=15 big=30
04-26 15:44:30.002 I/MuMain  ( 5633): Audio config: sound=1 music=1 rememberMe=0
04-26 15:44:30.003 I/MuMain  ( 5633): 
04-26 15:44:30.003 I/MuMain  ( 5633): Mix_Init requested=0x8 loaded=0x8
04-26 15:44:30.004 D/AudioSystem( 5633): onNewServiceWithAdapter: media.audio_flinger service obtained 0x733fdca99c10
04-26 15:44:30.005 W/AudioFlinger(  560): onStateChanged: pid:5633  uid:10230  state:unfrozen
04-26 15:44:30.006 D/AudioSystem( 5633): getService: IAudioFlingerService retrieved: 0x73401cab0ef0  IAudioFlinger cached: 0x733fdca99c10
04-26 15:44:30.007 D/muonline.client( 5633): PlayerBase::PlayerBase()
04-26 15:44:30.007 D/muonline.client( 5633): TrackPlayerBase::TrackPlayerBase()
04-26 15:44:30.007 I/libOpenSLES( 5633): Emulating old channel mask behavior (ignoring positional mask 0x3, using default mask 0x3 based on channel count of 2)
04-26 15:44:30.008 D/NativePermissionController(  560): checkPermission: missing 1 for 10230
04-26 15:44:30.008 D/NativePermissionController(  560): checkPermission: missing 3 for 10230
04-26 15:44:30.008 D/NativePermissionController(  560): checkPermission: missing 5 for 10230
04-26 15:44:30.008 W/AudioFlinger(  560): createTrack_l(): mismatch between requested flags (00000104) and output flags (00000002)
04-26 15:44:30.009 D/AudioFlinger(  560): Client defaulted notificationFrames to 882 for frameCount 4012
04-26 15:44:30.009 I/AF::AfPlaybackCommon(  560): creating track with enforcement level 2 shouldHarden 1
04-26 15:44:30.022 E/AppOps  (  736): attributionTag  not declared in manifest of com.muonline.client
04-26 15:44:30.023 I/bluetooth( 1174): system/btif/avrcp/avrcp_service.cc:533 SendMediaUpdate: track_changed=false :  play_state=true :  queue=false
04-26 15:44:30.024 E/AppOps  (  736): attributionTag  not declared in manifest of com.muonline.client
04-26 15:44:30.024 D/muonline.client( 5633): PlayerBase::stop() from IPlayer
04-26 15:44:30.024 D/AudioTrack( 5633): stop(16): called with 0 frames delivered
04-26 15:44:30.025 E/AppOps  (  736): attributionTag  not declared in manifest of com.muonline.client
04-26 15:44:30.025 E/MediaControlProfile( 1174): onCurrentPlayerStateUpdated: base actions not supported, player actions= 0, expected at least= 7f
04-26 15:44:30.025 W/MediaControlGattService( 1174): Feature PLAYBACK_SPEED support: true
04-26 15:44:30.025 W/MediaControlGattService( 1174): Feature PLAYBACK_SPEED support: true
04-26 15:44:30.025 W/MediaControlGattService( 1174): Feature PLAYBACK_SPEED support: true
04-26 15:44:30.025 W/MediaControlGattService( 1174): Feature PLAYBACK_SPEED_NOTIFY support: true
04-26 15:44:30.025 E/AppOps  (  736): attributionTag  not declared in manifest of com.muonline.client
04-26 15:44:30.026 I/MuMain  ( 5633): SDL_mixer initialized (32 channels)
04-26 15:44:30.026 I/MuMain  ( 5633): INIT: srand
04-26 15:44:30.026 I/MuMain  ( 5633): INIT: alloc GateAttribute
04-26 15:44:30.026 I/MuMain  ( 5633): INIT: alloc SkillAttribute
04-26 15:44:30.026 I/MuMain  ( 5633): INIT: alloc ItemAttRibute
04-26 15:44:30.026 I/BluetoothAdapterProperties( 1174): getBondedDevices: length=0
04-26 15:44:30.027 W/MediaControlGattService( 1174): Feature TRACK_POSITION support: true
04-26 15:44:30.027 W/MediaControlGattService( 1174): Feature TRACK_POSITION_NOTIFY support: true
04-26 15:44:30.027 W/MediaControlGattService( 1174): Feature MEDIA_STATE support: true
04-26 15:44:30.027 I/MuMain  ( 5633): INIT: alloc CharacterMemoryDump
04-26 15:44:30.028 I/MuMain  ( 5633): INIT: alloc CharacterMachine
04-26 15:44:30.028 I/MuMain  ( 5633): INIT: CharacterMachine->Init()
04-26 15:44:30.028 I/MuMain  ( 5633): INIT: new UI objects
04-26 15:44:30.028 E/AppOps  (  736): attributionTag  not declared in manifest of com.muonline.client
04-26 15:44:30.028 I/BluetoothAdapterProperties( 1174): getBondedDevices: length=0
04-26 15:44:30.028 I/MuMain  ( 5633): INIT: BuffStateSystem::Make()
04-26 15:44:30.029 W/MediaControlGattService( 1174): Feature MEDIA_CONTROL_POINT_OPCODES_SUPPORTED support: true
04-26 15:44:30.029 W/MediaControlGattService( 1174): Feature MEDIA_STATE support: true
04-26 15:44:30.029 W/MediaControlGattService( 1174): Feature MEDIA_STATE support: true
04-26 15:44:30.029 I/MuMain  ( 5633): INIT: MapProcess::Make()
04-26 15:44:30.029 I/MuMain  ( 5633): INIT: PetProcess::Make()
04-26 15:44:30.029 I/MuMain  ( 5633): INIT: CUIMng::Create()
04-26 15:44:30.029 I/MuMain  ( 5633): INIT: g_pNewUISystem->Create()
04-26 15:44:30.029 W/GFXSTREAM( 5633): [GLESv2Validation.cpp(1217)] Error internal format: 0x4 is invalid.
04-26 15:44:30.029 E/GFXSTREAM( 5633): [GL2Encoder.cpp(2814)] GL error 0x501 condition [!GLESv2Validation::pixelFormat(ctx, internalformat) && !GLESv2Validation::pixelInternalFormat(internalformat)].
04-26 15:44:30.030 W/GFXSTREAM( 5633): [GLESv2Validation.cpp(1217)] Error internal format: 0x4 is invalid.
04-26 15:44:30.030 E/GFXSTREAM( 5633): [GL2Encoder.cpp(2814)] GL error 0x501 condition [!GLESv2Validation::pixelFormat(ctx, internalformat) && !GLESv2Validation::pixelInternalFormat(internalformat)].
04-26 15:44:30.030 W/GFXSTREAM( 5633): [GLESv2Validation.cpp(1217)] Error internal format: 0x4 is invalid.
04-26 15:44:30.030 E/AppOps  (  736): attributionTag  not declared in manifest of com.muonline.client
04-26 15:44:30.030 E/GFXSTREAM( 5633): [GL2Encoder.cpp(2814)] GL error 0x501 condition [!GLESv2Validation::pixelFormat(ctx, internalformat) && !GLESv2Validation::pixelInternalFormat(internalformat)].
04-26 15:44:30.030 W/GFXSTREAM( 5633): [GLESv2Validation.cpp(1217)] Error internal format: 0x4 is invalid.
04-26 15:44:30.030 E/GFXSTREAM( 5633): [GL2Encoder.cpp(2814)] GL error 0x501 condition [!GLESv2Validation::pixelFormat(ctx, internalformat) && !GLESv2Validation::pixelInternalFormat(internalformat)].
04-26 15:44:30.031 W/GFXSTREAM( 5633): [GLESv2Validation.cpp(1217)] Error internal format: 0x4 is invalid.
04-26 15:44:30.031 E/GFXSTREAM( 5633): [GL2Encoder.cpp(2814)] GL error 0x501 condition [!GLESv2Validation::pixelFormat(ctx, internalformat) && !GLESv2Validation::pixelInternalFormat(internalformat)].
04-26 15:44:30.031 W/GFXSTREAM( 5633): [GLESv2Validation.cpp(1217)] Error internal format: 0x3 is invalid.
04-26 15:44:30.031 E/GFXSTREAM( 5633): [GL2Encoder.cpp(2814)] GL error 0x501 condition [!GLESv2Validation::pixelFormat(ctx, internalformat) && !GLESv2Validation::pixelInternalFormat(internalformat)].
04-26 15:44:30.031 W/GFXSTREAM( 5633): [GLESv2Validation.cpp(1217)] Error internal format: 0x4 is invalid.
04-26 15:44:30.031 I/BluetoothAdapterProperties( 1174): getBondedDevices: length=0
04-26 15:44:30.031 E/GFXSTREAM( 5633): [GL2Encoder.cpp(2814)] GL error 0x501 condition [!GLESv2Validation::pixelFormat(ctx, internalformat) && !GLESv2Validation::pixelInternalFormat(internalformat)].
04-26 15:44:30.031 W/GFXSTREAM( 5633): [GLESv2Validation.cpp(1217)] Error internal format: 0x3 is invalid.
04-26 15:44:30.031 W/MediaControlGattService( 1174): Feature MEDIA_STATE support: true
04-26 15:44:30.031 W/MediaControlGattService( 1174): Feature SEEKING_SPEED support: true
04-26 15:44:30.031 E/GFXSTREAM( 5633): [GL2Encoder.cpp(2814)] GL error 0x501 condition [!GLESv2Validation::pixelFormat(ctx, internalformat) && !GLESv2Validation::pixelInternalFormat(internalformat)].
04-26 15:44:30.031 W/MediaControlGattService( 1174): Feature SEEKING_SPEED support: true
04-26 15:44:30.031 W/MediaControlGattService( 1174): Feature SEEKING_SPEED support: true
04-26 15:44:30.031 W/MediaControlProfile( 1174): MCS service state fields left unhandled: 
04-26 15:44:30.031 W/MediaControlProfile( 1174):    > PLAYER_NAME
04-26 15:44:30.031 W/MediaControlProfile( 1174):    > PLAYING_ORDER_SUPPORTED
04-26 15:44:30.031 W/GFXSTREAM( 5633): [GLESv2Validation.cpp(1217)] Error internal format: 0x4 is invalid.
04-26 15:44:30.031 E/GFXSTREAM( 5633): [GL2Encoder.cpp(2814)] GL error 0x501 condition [!GLESv2Validation::pixelFormat(ctx, internalformat) && !GLESv2Validation::pixelInternalFormat(internalformat)].
04-26 15:44:30.032 W/GFXSTREAM( 5633): [GLESv2Validation.cpp(1217)] Error internal format: 0x4 is invalid.
04-26 15:44:30.032 E/GFXSTREAM( 5633): [GL2Encoder.cpp(2814)] GL error 0x501 condition [!GLESv2Validation::pixelFormat(ctx, internalformat) && !GLESv2Validation::pixelInternalFormat(internalformat)].
04-26 15:44:30.032 W/GFXSTREAM( 5633): [GLESv2Validation.cpp(1217)] Error internal format: 0x4 is invalid.
04-26 15:44:30.032 E/GFXSTREAM( 5633): [GL2Encoder.cpp(2814)] GL error 0x501 condition [!GLESv2Validation::pixelFormat(ctx, internalformat) && !GLESv2Validation::pixelInternalFormat(internalformat)].
04-26 15:44:30.032 W/GFXSTREAM( 5633): [GLESv2Validation.cpp(1217)] Error internal format: 0x4 is invalid.
04-26 15:44:30.032 E/GFXSTREAM( 5633): [GL2Encoder.cpp(2814)] GL error 0x501 condition [!GLESv2Validation::pixelFormat(ctx, internalformat) && !GLESv2Validation::pixelInternalFormat(internalformat)].
04-26 15:44:30.032 W/GFXSTREAM( 5633): [GLESv2Validation.cpp(1217)] Error internal format: 0x3 is invalid.
04-26 15:44:30.032 E/GFXSTREAM( 5633): [GL2Encoder.cpp(2814)] GL error 0x501 condition [!GLESv2Validation::pixelFormat(ctx, internalformat) && !GLESv2Validation::pixelInternalFormat(internalformat)].
04-26 15:44:30.032 W/GFXSTREAM( 5633): [GLESv2Validation.cpp(1217)] Error internal format: 0x4 is invalid.
04-26 15:44:30.033 E/GFXSTREAM( 5633): [GL2Encoder.cpp(2814)] GL error 0x501 condition [!GLESv2Validation::pixelFormat(ctx, internalformat) && !GLESv2Validation::pixelInternalFormat(internalformat)].
04-26 15:44:30.033 W/GFXSTREAM( 5633): [GLESv2Validation.cpp(1217)] Error internal format: 0x4 is invalid.
04-26 15:44:30.033 E/GFXSTREAM( 5633): [GL2Encoder.cpp(2814)] GL error 0x501 condition [!GLESv2Validation::pixelFormat(ctx, internalformat) && !GLESv2Validation::pixelInternalFormat(internalformat)].
04-26 15:44:30.033 W/GFXSTREAM( 5633): [GLESv2Validation.cpp(1217)] Error internal format: 0x4 is invalid.
04-26 15:44:30.033 E/GFXSTREAM( 5633): [GL2Encoder.cpp(2814)] GL error 0x501 condition [!GLESv2Validation::pixelFormat(ctx, internalformat) && !GLESv2Validation::pixelInternalFormat(internalformat)].
04-26 15:44:30.033 W/GFXSTREAM( 5633): [GLESv2Validation.cpp(1217)] Error internal format: 0x4 is invalid.
04-26 15:44:30.033 E/GFXSTREAM( 5633): [GL2Encoder.cpp(2814)] GL error 0x501 condition [!GLESv2Validation::pixelFormat(ctx, internalformat) && !GLESv2Validation::pixelInternalFormat(internalformat)].
04-26 15:44:30.033 W/GFXSTREAM( 5633): [GLESv2Validation.cpp(1217)] Error internal format: 0x4 is invalid.
04-26 15:44:30.034 E/GFXSTREAM( 5633): [GL2Encoder.cpp(2814)] GL error 0x501 condition [!GLESv2Validation::pixelFormat(ctx, internalformat) && !GLESv2Validation::pixelInternalFormat(internalformat)].
04-26 15:44:30.034 W/GFXSTREAM( 5633): [GLESv2Validation.cpp(1217)] Error internal format: 0x4 is invalid.
04-26 15:44:30.034 E/GFXSTREAM( 5633): [GL2Encoder.cpp(2814)] GL error 0x501 condition [!GLESv2Validation::pixelFormat(ctx, internalformat) && !GLESv2Validation::pixelInternalFormat(internalformat)].
04-26 15:44:30.034 W/GFXSTREAM( 5633): [GLESv2Validation.cpp(1217)] Error internal format: 0x4 is invalid.
04-26 15:44:30.034 E/GFXSTREAM( 5633): [GL2Encoder.cpp(2814)] GL error 0x501 condition [!GLESv2Validation::pixelFormat(ctx, internalformat) && !GLESv2Validation::pixelInternalFormat(internalformat)].
04-26 15:44:30.034 W/GFXSTREAM( 5633): [GLESv2Validation.cpp(1217)] Error internal format: 0x4 is invalid.
04-26 15:44:30.034 E/GFXSTREAM( 5633): [GL2Encoder.cpp(2814)] GL error 0x501 condition [!GLESv2Validation::pixelFormat(ctx, internalformat) && !GLESv2Validation::pixelInternalFormat(internalformat)].
04-26 15:44:30.035 W/GFXSTREAM( 5633): [GLESv2Validation.cpp(1217)] Error internal format: 0x4 is invalid.
04-26 15:44:30.035 E/GFXSTREAM( 5633): [GL2Encoder.cpp(2814)] GL error 0x501 condition [!GLESv2Validation::pixelFormat(ctx, internalformat) && !GLESv2Validation::pixelInternalFormat(internalformat)].
04-26 15:44:30.035 W/GFXSTREAM( 5633): [GLESv2Validation.cpp(1217)] Error internal format: 0x4 is invalid.
04-26 15:44:30.035 E/GFXSTREAM( 5633): [GL2Encoder.cpp(2814)] GL error 0x501 condition [!GLESv2Validation::pixelFormat(ctx, internalformat) && !GLESv2Validation::pixelInternalFormat(internalformat)].
04-26 15:44:30.037 W/GFXSTREAM( 5633): [GLESv2Validation.cpp(1217)] Error internal format: 0x4 is invalid.
04-26 15:44:30.037 E/GFXSTREAM( 5633): [GL2Encoder.cpp(2814)] GL error 0x501 condition [!GLESv2Validation::pixelFormat(ctx, internalformat) && !GLESv2Validation::pixelInternalFormat(internalformat)].
04-26 15:44:30.037 I/RanchuHwc(  521): logCompositionFallbackIfChanged: layer 43 CompositionType fallback from 2 to 1
04-26 15:44:30.037 I/RanchuHwc(  521): logCompositionFallbackIfChanged: layer 44 CompositionType fallback from 2 to 1
04-26 15:44:30.037 I/RanchuHwc(  521): logCompositionFallbackIfChanged: layer 37 CompositionType fallback from 3 to 1
04-26 15:44:30.037 W/GFXSTREAM( 5633): [GLESv2Validation.cpp(1217)] Error internal format: 0x3 is invalid.
04-26 15:44:30.037 E/GFXSTREAM( 5633): [GL2Encoder.cpp(2814)] GL error 0x501 condition [!GLESv2Validation::pixelFormat(ctx, internalformat) && !GLESv2Validation::pixelInternalFormat(internalformat)].
04-26 15:44:30.037 W/GFXSTREAM( 5633): [GLESv2Validation.cpp(1217)] Error internal format: 0x4 is invalid.
04-26 15:44:30.037 E/GFXSTREAM( 5633): [GL2Encoder.cpp(2814)] GL error 0x501 condition [!GLESv2Validation::pixelFormat(ctx, internalformat) && !GLESv2Validation::pixelInternalFormat(internalformat)].
04-26 15:44:30.038 W/GFXSTREAM( 5633): [GLESv2Validation.cpp(1217)] Error internal format: 0x4 is invalid.
04-26 15:44:30.038 E/GFXSTREAM( 5633): [GL2Encoder.cpp(2814)] GL error 0x501 condition [!GLESv2Validation::pixelFormat(ctx, internalformat) && !GLESv2Validation::pixelInternalFormat(internalformat)].
04-26 15:44:30.038 W/skia    (  566): AGTM parsing failed flags.readFromStream(s) at 159
04-26 15:44:30.038 W/skia    (  566): AGTM parsing failed flags.readFromStream(s) at 159
04-26 15:44:30.038 W/skia    (  566): AGTM parsing failed flags.readFromStream(s) at 159
04-26 15:44:30.038 W/skia    (  566): AGTM parsing failed flags.readFromStream(s) at 159
04-26 15:44:30.038 W/skia    (  566): AGTM parsing failed flags.readFromStream(s) at 159
04-26 15:44:30.049 W/GFXSTREAM( 5633): [GLESv2Validation.cpp(1217)] Error internal format: 0x4 is invalid.
04-26 15:44:30.049 E/GFXSTREAM( 5633): [GL2Encoder.cpp(2814)] GL error 0x501 condition [!GLESv2Validation::pixelFormat(ctx, internalformat) && !GLESv2Validation::pixelInternalFormat(internalformat)].
04-26 15:44:30.049 W/GFXSTREAM( 5633): [GLESv2Validation.cpp(1217)] Error internal format: 0x4 is invalid.
04-26 15:44:30.049 E/GFXSTREAM( 5633): [GL2Encoder.cpp(2814)] GL error 0x501 condition [!GLESv2Validation::pixelFormat(ctx, internalformat) && !GLESv2Validation::pixelInternalFormat(internalformat)].
04-26 15:44:30.049 W/GFXSTREAM( 5633): [GLESv2Validation.cpp(1217)] Error internal format: 0x4 is invalid.
04-26 15:44:30.049 E/GFXSTREAM( 5633): [GL2Encoder.cpp(2814)] GL error 0x501 condition [!GLESv2Validation::pixelFormat(ctx, internalformat) && !GLESv2Validation::pixelInternalFormat(internalformat)].
04-26 15:44:30.050 W/GFXSTREAM( 5633): [GLESv2Validation.cpp(1217)] Error internal format: 0x4 is invalid.
04-26 15:44:30.050 E/GFXSTREAM( 5633): [GL2Encoder.cpp(2814)] GL error 0x501 condition [!GLESv2Validation::pixelFormat(ctx, internalformat) && !GLESv2Validation::pixelInternalFormat(internalformat)].
04-26 15:44:30.050 W/GFXSTREAM( 5633): [GLESv2Validation.cpp(1217)] Error internal format: 0x3 is invalid.
04-26 15:44:30.050 E/GFXSTREAM( 5633): [GL2Encoder.cpp(2814)] GL error 0x501 condition [!GLESv2Validation::pixelFormat(ctx, internalformat) && !GLESv2Validation::pixelInternalFormat(internalformat)].
04-26 15:44:30.050 W/GFXSTREAM( 5633): [GLESv2Validation.cpp(1217)] Error internal format: 0x3 is invalid.
04-26 15:44:30.050 E/GFXSTREAM( 5633): [GL2Encoder.cpp(2814)] GL error 0x501 condition [!GLESv2Validation::pixelFormat(ctx, internalformat) && !GLESv2Validation::pixelInternalFormat(internalformat)].
04-26 15:44:30.051 W/GFXSTREAM( 5633): [GLESv2Validation.cpp(1217)] Error internal format: 0x4 is invalid.
04-26 15:44:30.051 E/GFXSTREAM( 5633): [GL2Encoder.cpp(2814)] GL error 0x501 condition [!GLESv2Validation::pixelFormat(ctx, internalformat) && !GLESv2Validation::pixelInternalFormat(internalformat)].
04-26 15:44:30.051 I/MuMain  ( 5633): INIT: UI creation done
04-26 15:44:30.051 I/MuMain  ( 5633): VirtualPad: slots loaded version=4 idx=[-1,-1,-1,-1,-1] type=[0,0,0,0,0] path=Data/Local/android_touch_skill_slots.cfg
04-26 15:44:30.051 I/MuMain  ( 5633): VirtualPad slots: [-1,-1,-1,-1,-1]
04-26 15:44:30.051 I/MuMain  ( 5633): Android perf defaults: maxMsgPerCycle=70 targetFps=-1.0 fxScale=1.00 adaptive=on isEmulator=1
04-26 15:44:30.051 I/MuMain  ( 5633): SDL mixer volume set: level=5 sdl=71
04-26 15:44:30.051 I/MuMain  ( 5633): FPS overlay enabled
04-26 15:44:30.051 I/MuMain  ( 5633): All systems initialized — entering main loop
04-26 15:44:30.051 I/MuMain  ( 5633): Window resized → drawable: 2268x1080
04-26 15:44:30.051 I/MuMain  ( 5633): CHATIME IME state changed focused=0 sdlTextInput=1
04-26 15:44:30.051 W/GFXSTREAM( 5633): [GLESv2Validation.cpp(1217)] Error internal format: 0x4 is invalid.
04-26 15:44:30.051 E/GFXSTREAM( 5633): [GL2Encoder.cpp(2814)] GL error 0x501 condition [!GLESv2Validation::pixelFormat(ctx, internalformat) && !GLESv2Validation::pixelInternalFormat(internalformat)].
04-26 15:44:30.053 W/GFXSTREAM( 5633): [GLESv2Validation.cpp(1217)] Error internal format: 0x4 is invalid.
04-26 15:44:30.053 E/GFXSTREAM( 5633): [GL2Encoder.cpp(2814)] GL error 0x501 condition [!GLESv2Validation::pixelFormat(ctx, internalformat) && !GLESv2Validation::pixelInternalFormat(internalformat)].
04-26 15:44:30.053 W/GFXSTREAM( 5633): [GLESv2Validation.cpp(1217)] Error internal format: 0x4 is invalid.
04-26 15:44:30.053 E/GFXSTREAM( 5633): [GL2Encoder.cpp(2814)] GL error 0x501 condition [!GLESv2Validation::pixelFormat(ctx, internalformat) && !GLESv2Validation::pixelInternalFormat(internalformat)].
04-26 15:44:30.054 W/GFXSTREAM( 5633): [GLESv2Validation.cpp(1217)] Error internal format: 0x3 is invalid.
04-26 15:44:30.054 E/GFXSTREAM( 5633): [GL2Encoder.cpp(2814)] GL error 0x501 condition [!GLESv2Validation::pixelFormat(ctx, internalformat) && !GLESv2Validation::pixelInternalFormat(internalformat)].
04-26 15:44:30.054 W/GFXSTREAM( 5633): [GLESv2Validation.cpp(1217)] Error internal format: 0x3 is invalid.
04-26 15:44:30.054 E/GFXSTREAM( 5633): [GL2Encoder.cpp(2814)] GL error 0x501 condition [!GLESv2Validation::pixelFormat(ctx, internalformat) && !GLESv2Validation::pixelInternalFormat(internalformat)].
04-26 15:44:30.054 W/GFXSTREAM( 5633): [GLESv2Validation.cpp(1217)] Error internal format: 0x4 is invalid.
04-26 15:44:30.054 E/GFXSTREAM( 5633): [GL2Encoder.cpp(2814)] GL error 0x501 condition [!GLESv2Validation::pixelFormat(ctx, internalformat) && !GLESv2Validation::pixelInternalFormat(internalformat)].
04-26 15:44:30.054 W/GFXSTREAM( 5633): [GLESv2Validation.cpp(1217)] Error internal format: 0x4 is invalid.
04-26 15:44:30.054 E/GFXSTREAM( 5633): [GL2Encoder.cpp(2814)] GL error 0x501 condition [!GLESv2Validation::pixelFormat(ctx, internalformat) && !GLESv2Validation::pixelInternalFormat(internalformat)].
04-26 15:44:30.054 W/GFXSTREAM( 5633): [GLESv2Validation.cpp(1217)] Error internal format: 0x4 is invalid.
04-26 15:44:30.054 E/GFXSTREAM( 5633): [GL2Encoder.cpp(2814)] GL error 0x501 condition [!GLESv2Validation::pixelFormat(ctx, internalformat) && !GLESv2Validation::pixelInternalFormat(internalformat)].
04-26 15:44:30.054 W/GFXSTREAM( 5633): [GLESv2Validation.cpp(1217)] Error internal format: 0x3 is invalid.
04-26 15:44:30.054 E/GFXSTREAM( 5633): [GL2Encoder.cpp(2814)] GL error 0x501 condition [!GLESv2Validation::pixelFormat(ctx, internalformat) && !GLESv2Validation::pixelInternalFormat(internalformat)].
04-26 15:44:30.055 W/GFXSTREAM( 5633): [GLESv2Validation.cpp(1217)] Error internal format: 0x3 is invalid.
04-26 15:44:30.055 E/GFXSTREAM( 5633): [GL2Encoder.cpp(2814)] GL error 0x501 condition [!GLESv2Validation::pixelFormat(ctx, internalformat) && !GLESv2Validation::pixelInternalFormat(internalformat)].
04-26 15:44:30.055 W/GFXSTREAM( 5633): [GLESv2Validation.cpp(1217)] Error internal format: 0x3 is invalid.
04-26 15:44:30.055 E/GFXSTREAM( 5633): [GL2Encoder.cpp(2814)] GL error 0x501 condition [!GLESv2Validation::pixelFormat(ctx, internalformat) && !GLESv2Validation::pixelInternalFormat(internalformat)].
04-26 15:44:30.055 W/GFXSTREAM( 5633): [GLESv2Validation.cpp(1217)] Error internal format: 0x3 is invalid.
04-26 15:44:30.055 E/GFXSTREAM( 5633): [GL2Encoder.cpp(2814)] GL error 0x501 condition [!GLESv2Validation::pixelFormat(ctx, internalformat) && !GLESv2Validation::pixelInternalFormat(internalformat)].
04-26 15:44:30.055 W/GFXSTREAM( 5633): [GLESv2Validation.cpp(1217)] Error internal format: 0x3 is invalid.
04-26 15:44:30.055 E/GFXSTREAM( 5633): [GL2Encoder.cpp(2814)] GL error 0x501 condition [!GLESv2Validation::pixelFormat(ctx, internalformat) && !GLESv2Validation::pixelInternalFormat(internalformat)].
04-26 15:44:30.055 W/GFXSTREAM( 5633): [GLESv2Validation.cpp(1217)] Error internal format: 0x3 is invalid.
04-26 15:44:30.055 E/GFXSTREAM( 5633): [GL2Encoder.cpp(2814)] GL error 0x501 condition [!GLESv2Validation::pixelFormat(ctx, internalformat) && !GLESv2Validation::pixelInternalFormat(internalformat)].
04-26 15:44:30.056 W/GFXSTREAM( 5633): [GLESv2Validation.cpp(1217)] Error internal format: 0x3 is invalid.
04-26 15:44:30.056 E/GFXSTREAM( 5633): [GL2Encoder.cpp(2814)] GL error 0x501 condition [!GLESv2Validation::pixelFormat(ctx, internalformat) && !GLESv2Validation::pixelInternalFormat(internalformat)].
04-26 15:44:30.056 W/GFXSTREAM( 5633): [GLESv2Validation.cpp(1217)] Error internal format: 0x3 is invalid.
04-26 15:44:30.056 E/GFXSTREAM( 5633): [GL2Encoder.cpp(2814)] GL error 0x501 condition [!GLESv2Validation::pixelFormat(ctx, internalformat) && !GLESv2Validation::pixelInternalFormat(internalformat)].
04-26 15:44:30.056 W/GFXSTREAM( 5633): [GLESv2Validation.cpp(1217)] Error internal format: 0x3 is invalid.
04-26 15:44:30.056 E/GFXSTREAM( 5633): [GL2Encoder.cpp(2814)] GL error 0x501 condition [!GLESv2Validation::pixelFormat(ctx, internalformat) && !GLESv2Validation::pixelInternalFormat(internalformat)].
04-26 15:44:30.056 W/GFXSTREAM( 5633): [GLESv2Validation.cpp(1217)] Error internal format: 0x4 is invalid.
04-26 15:44:30.056 E/GFXSTREAM( 5633): [GL2Encoder.cpp(2814)] GL error 0x501 condition [!GLESv2Validation::pixelFormat(ctx, internalformat) && !GLESv2Validation::pixelInternalFormat(internalformat)].
04-26 15:44:30.056 W/GFXSTREAM( 5633): [GLESv2Validation.cpp(1217)] Error internal format: 0x4 is invalid.
04-26 15:44:30.056 E/GFXSTREAM( 5633): [GL2Encoder.cpp(2814)] GL error 0x501 condition [!GLESv2Validation::pixelFormat(ctx, internalformat) && !GLESv2Validation::pixelInternalFormat(internalformat)].
04-26 15:44:30.056 W/GFXSTREAM( 5633): [GLESv2Validation.cpp(1217)] Error internal format: 0x4 is invalid.
04-26 15:44:30.056 E/GFXSTREAM( 5633): [GL2Encoder.cpp(2814)] GL error 0x501 condition [!GLESv2Validation::pixelFormat(ctx, internalformat) && !GLESv2Validation::pixelInternalFormat(internalformat)].
04-26 15:44:30.057 W/GFXSTREAM( 5633): [GLESv2Validation.cpp(1217)] Error internal format: 0x4 is invalid.
04-26 15:44:30.057 E/GFXSTREAM( 5633): [GL2Encoder.cpp(2814)] GL error 0x501 condition [!GLESv2Validation::pixelFormat(ctx, internalformat) && !GLESv2Validation::pixelInternalFormat(internalformat)].
04-26 15:44:30.057 W/GFXSTREAM( 5633): [GLESv2Validation.cpp(1217)] Error internal format: 0x4 is invalid.
04-26 15:44:30.057 E/GFXSTREAM( 5633): [GL2Encoder.cpp(2814)] GL error 0x501 condition [!GLESv2Validation::pixelFormat(ctx, internalformat) && !GLESv2Validation::pixelInternalFormat(internalformat)].
04-26 15:44:30.074 W/GFXSTREAM( 5633): [GLESv2Validation.cpp(1217)] Error internal format: 0x4 is invalid.
04-26 15:44:30.074 E/GFXSTREAM( 5633): [GL2Encoder.cpp(2814)] GL error 0x501 condition [!GLESv2Validation::pixelFormat(ctx, internalformat) && !GLESv2Validation::pixelInternalFormat(internalformat)].
04-26 15:44:30.074 W/GFXSTREAM( 5633): [GLESv2Validation.cpp(1217)] Error internal format: 0x4 is invalid.
04-26 15:44:30.074 E/GFXSTREAM( 5633): [GL2Encoder.cpp(2814)] GL error 0x501 condition [!GLESv2Validation::pixelFormat(ctx, internalformat) && !GLESv2Validation::pixelInternalFormat(internalformat)].
04-26 15:44:30.074 W/GFXSTREAM( 5633): [GLESv2Validation.cpp(1217)] Error internal format: 0x4 is invalid.
04-26 15:44:30.074 E/GFXSTREAM( 5633): [GL2Encoder.cpp(2814)] GL error 0x501 condition [!GLESv2Validation::pixelFormat(ctx, internalformat) && !GLESv2Validation::pixelInternalFormat(internalformat)].
04-26 15:44:30.075 W/GFXSTREAM( 5633): [GLESv2Validation.cpp(1217)] Error internal format: 0x4 is invalid.
04-26 15:44:30.075 E/GFXSTREAM( 5633): [GL2Encoder.cpp(2814)] GL error 0x501 condition [!GLESv2Validation::pixelFormat(ctx, internalformat) && !GLESv2Validation::pixelInternalFormat(internalformat)].
04-26 15:44:30.076 W/GFXSTREAM( 5633): [GLESv2Validation.cpp(1217)] Error internal format: 0x4 is invalid.
04-26 15:44:30.076 E/GFXSTREAM( 5633): [GL2Encoder.cpp(2814)] GL error 0x501 condition [!GLESv2Validation::pixelFormat(ctx, internalformat) && !GLESv2Validation::pixelInternalFormat(internalformat)].
04-26 15:44:30.076 W/GFXSTREAM( 5633): [GLESv2Validation.cpp(1217)] Error internal format: 0x4 is invalid.
04-26 15:44:30.076 E/GFXSTREAM( 5633): [GL2Encoder.cpp(2814)] GL error 0x501 condition [!GLESv2Validation::pixelFormat(ctx, internalformat) && !GLESv2Validation::pixelInternalFormat(internalformat)].
04-26 15:44:30.076 W/GFXSTREAM( 5633): [GLESv2Validation.cpp(1217)] Error internal format: 0x4 is invalid.
04-26 15:44:30.076 E/GFXSTREAM( 5633): [GL2Encoder.cpp(2814)] GL error 0x501 condition [!GLESv2Validation::pixelFormat(ctx, internalformat) && !GLESv2Validation::pixelInternalFormat(internalformat)].
04-26 15:44:30.077 W/GFXSTREAM( 5633): [GLESv2Validation.cpp(1217)] Error internal format: 0x4 is invalid.
04-26 15:44:30.077 E/GFXSTREAM( 5633): [GL2Encoder.cpp(2814)] GL error 0x501 condition [!GLESv2Validation::pixelFormat(ctx, internalformat) && !GLESv2Validation::pixelInternalFormat(internalformat)].
04-26 15:44:30.077 W/GFXSTREAM( 5633): [GLESv2Validation.cpp(1217)] Error internal format: 0x4 is invalid.
04-26 15:44:30.078 E/GFXSTREAM( 5633): [GL2Encoder.cpp(2814)] GL error 0x501 condition [!GLESv2Validation::pixelFormat(ctx, internalformat) && !GLESv2Validation::pixelInternalFormat(internalformat)].
04-26 15:44:30.078 W/GFXSTREAM( 5633): [GLESv2Validation.cpp(1217)] Error internal format: 0x3 is invalid.
04-26 15:44:30.078 E/GFXSTREAM( 5633): [GL2Encoder.cpp(2814)] GL error 0x501 condition [!GLESv2Validation::pixelFormat(ctx, internalformat) && !GLESv2Validation::pixelInternalFormat(internalformat)].
04-26 15:44:30.078 W/GFXSTREAM( 5633): [GLESv2Validation.cpp(1217)] Error internal format: 0x3 is invalid.
04-26 15:44:30.079 E/GFXSTREAM( 5633): [GL2Encoder.cpp(2814)] GL error 0x501 condition [!GLESv2Validation::pixelFormat(ctx, internalformat) && !GLESv2Validation::pixelInternalFormat(internalformat)].
04-26 15:44:30.079 W/GFXSTREAM( 5633): [GLESv2Validation.cpp(1217)] Error internal format: 0x3 is invalid.
04-26 15:44:30.079 E/GFXSTREAM( 5633): [GL2Encoder.cpp(2814)] GL error 0x501 condition [!GLESv2Validation::pixelFormat(ctx, internalformat) && !GLESv2Validation::pixelInternalFormat(internalformat)].
04-26 15:44:30.080 W/GFXSTREAM( 5633): [GLESv2Validation.cpp(1217)] Error internal format: 0x3 is invalid.
04-26 15:44:30.080 E/GFXSTREAM( 5633): [GL2Encoder.cpp(2814)] GL error 0x501 condition [!GLESv2Validation::pixelFormat(ctx, internalformat) && !GLESv2Validation::pixelInternalFormat(internalformat)].
04-26 15:44:30.080 W/GFXSTREAM( 5633): [GLESv2Validation.cpp(1217)] Error internal format: 0x3 is invalid.
04-26 15:44:30.080 E/GFXSTREAM( 5633): [GL2Encoder.cpp(2814)] GL error 0x501 condition [!GLESv2Validation::pixelFormat(ctx, internalformat) && !GLESv2Validation::pixelInternalFormat(internalformat)].
04-26 15:44:30.080 W/GFXSTREAM( 5633): [GLESv2Validation.cpp(1217)] Error internal format: 0x4 is invalid.
04-26 15:44:30.080 W/skia    (  566): AGTM parsing failed flags.readFromStream(s) at 159
04-26 15:44:30.080 W/skia    (  566): AGTM parsing failed flags.readFromStream(s) at 159
04-26 15:44:30.080 W/skia    (  566): AGTM parsing failed flags.readFromStream(s) at 159
04-26 15:44:30.080 W/skia    (  566): AGTM parsing failed flags.readFromStream(s) at 159
04-26 15:44:30.080 W/skia    (  566): AGTM parsing failed flags.readFromStream(s) at 159
04-26 15:44:30.081 V/SDL     ( 5633): onWindowFocusChanged(): true
04-26 15:44:30.081 V/SDL     ( 5633): nativeFocusChanged()
04-26 15:44:30.081 E/GFXSTREAM( 5633): [GL2Encoder.cpp(2814)] GL error 0x501 condition [!GLESv2Validation::pixelFormat(ctx, internalformat) && !GLESv2Validation::pixelInternalFormat(internalformat)].
04-26 15:44:30.082 I/ImeTracker(  736): com.muonline.client:5fdb2926: onRequestHide at ORIGIN_SERVER reason HIDE_UNSPECIFIED_WINDOW fromUser false userId 0 displayId 0
04-26 15:44:30.083 W/GFXSTREAM( 5633): [GLESv2Validation.cpp(1217)] Error internal format: 0x3 is invalid.
04-26 15:44:30.083 E/GFXSTREAM( 5633): [GL2Encoder.cpp(2814)] GL error 0x501 condition [!GLESv2Validation::pixelFormat(ctx, internalformat) && !GLESv2Validation::pixelInternalFormat(internalformat)].
04-26 15:44:30.084 W/GFXSTREAM( 5633): [GLESv2Validation.cpp(1217)] Error internal format: 0x4 is invalid.
04-26 15:44:30.084 E/GFXSTREAM( 5633): [GL2Encoder.cpp(2814)] GL error 0x501 condition [!GLESv2Validation::pixelFormat(ctx, internalformat) && !GLESv2Validation::pixelInternalFormat(internalformat)].
04-26 15:44:30.084 W/GFXSTREAM( 5633): [GLESv2Validation.cpp(1217)] Error internal format: 0x3 is invalid.
04-26 15:44:30.084 E/GFXSTREAM( 5633): [GL2Encoder.cpp(2814)] GL error 0x501 condition [!GLESv2Validation::pixelFormat(ctx, internalformat) && !GLESv2Validation::pixelInternalFormat(internalformat)].
04-26 15:44:30.084 D/InsetsController( 5633): hide(ime())
04-26 15:44:30.084 I/ImeTracker( 5633): com.muonline.client:5fdb2926: onCancelled at PHASE_CLIENT_ALREADY_HIDDEN
04-26 15:44:30.084 W/GFXSTREAM( 5633): [GLESv2Validation.cpp(1217)] Error internal format: 0x4 is invalid.
04-26 15:44:30.084 E/GFXSTREAM( 5633): [GL2Encoder.cpp(2814)] GL error 0x501 condition [!GLESv2Validation::pixelFormat(ctx, internalformat) && !GLESv2Validation::pixelInternalFormat(internalformat)].
04-26 15:44:30.084 W/GFXSTREAM( 5633): [GLESv2Validation.cpp(1217)] Error internal format: 0x4 is invalid.
04-26 15:44:30.084 E/GFXSTREAM( 5633): [GL2Encoder.cpp(2814)] GL error 0x501 condition [!GLESv2Validation::pixelFormat(ctx, internalformat) && !GLESv2Validation::pixelInternalFormat(internalformat)].
04-26 15:44:30.085 W/InputChannel-JNI(  736): Channel already disposed.
04-26 15:44:30.085 W/GFXSTREAM( 5633): [GLESv2Validation.cpp(1217)] Error internal format: 0x4 is invalid.
04-26 15:44:30.085 E/GFXSTREAM( 5633): [GL2Encoder.cpp(2814)] GL error 0x501 condition [!GLESv2Validation::pixelFormat(ctx, internalformat) && !GLESv2Validation::pixelInternalFormat(internalformat)].
04-26 15:44:30.085 W/GFXSTREAM( 5633): [GLESv2Validation.cpp(1217)] Error internal format: 0x3 is invalid.
04-26 15:44:30.085 E/GFXSTREAM( 5633): [GL2Encoder.cpp(2814)] GL error 0x501 condition [!GLESv2Validation::pixelFormat(ctx, internalformat) && !GLESv2Validation::pixelInternalFormat(internalformat)].
04-26 15:44:30.085 W/GFXSTREAM( 5633): [GLESv2Validation.cpp(1217)] Error internal format: 0x3 is invalid.
04-26 15:44:30.085 E/GFXSTREAM( 5633): [GL2Encoder.cpp(2814)] GL error 0x501 condition [!GLESv2Validation::pixelFormat(ctx, internalformat) && !GLESv2Validation::pixelInternalFormat(internalformat)].
04-26 15:44:30.085 W/GFXSTREAM( 5633): [GLESv2Validation.cpp(1217)] Error internal format: 0x3 is invalid.
04-26 15:44:30.085 E/GFXSTREAM( 5633): [GL2Encoder.cpp(2814)] GL error 0x501 condition [!GLESv2Validation::pixelFormat(ctx, internalformat) && !GLESv2Validation::pixelInternalFormat(internalformat)].
04-26 15:44:30.085 W/GFXSTREAM( 5633): [GLESv2Validation.cpp(1217)] Error internal format: 0x4 is invalid.
04-26 15:44:30.085 E/GFXSTREAM( 5633): [GL2Encoder.cpp(2814)] GL error 0x501 condition [!GLESv2Validation::pixelFormat(ctx, internalformat) && !GLESv2Validation::pixelInternalFormat(internalformat)].
04-26 15:44:30.086 W/GFXSTREAM( 5633): [GLESv2Validation.cpp(1217)] Error internal format: 0x3 is invalid.
04-26 15:44:30.086 E/GFXSTREAM( 5633): [GL2Encoder.cpp(2814)] GL error 0x501 condition [!GLESv2Validation::pixelFormat(ctx, internalformat) && !GLESv2Validation::pixelInternalFormat(internalformat)].
04-26 15:44:30.086 I/GoogleInputMethodService( 4105): GoogleInputMethodService.onFinishInput():2113 
04-26 15:44:30.086 W/GFXSTREAM( 5633): [GLESv2Validation.cpp(1217)] Error internal format: 0x4 is invalid.
04-26 15:44:30.086 E/GFXSTREAM( 5633): [GL2Encoder.cpp(2814)] GL error 0x501 condition [!GLESv2Validation::pixelFormat(ctx, internalformat) && !GLESv2Validation::pixelInternalFormat(internalformat)].
04-26 15:44:30.086 W/GFXSTREAM( 5633): [GLESv2Validation.cpp(1217)] Error internal format: 0x3 is invalid.
04-26 15:44:30.086 E/GFXSTREAM( 5633): [GL2Encoder.cpp(2814)] GL error 0x501 condition [!GLESv2Validation::pixelFormat(ctx, internalformat) && !GLESv2Validation::pixelInternalFormat(internalformat)].
04-26 15:44:30.086 W/GFXSTREAM( 5633): [GLESv2Validation.cpp(1217)] Error internal format: 0x3 is invalid.
04-26 15:44:30.086 E/GFXSTREAM( 5633): [GL2Encoder.cpp(2814)] GL error 0x501 condition [!GLESv2Validation::pixelFormat(ctx, internalformat) && !GLESv2Validation::pixelInternalFormat(internalformat)].
04-26 15:44:30.086 W/GFXSTREAM( 5633): [GLESv2Validation.cpp(1217)] Error internal format: 0x3 is invalid.
04-26 15:44:30.086 E/GFXSTREAM( 5633): [GL2Encoder.cpp(2814)] GL error 0x501 condition [!GLESv2Validation::pixelFormat(ctx, internalformat) && !GLESv2Validation::pixelInternalFormat(internalformat)].
04-26 15:44:30.087 W/GFXSTREAM( 5633): [GLESv2Validation.cpp(1217)] Error internal format: 0x3 is invalid.
04-26 15:44:30.087 E/GFXSTREAM( 5633): [GL2Encoder.cpp(2814)] GL error 0x501 condition [!GLESv2Validation::pixelFormat(ctx, internalformat) && !GLESv2Validation::pixelInternalFormat(internalformat)].
04-26 15:44:30.087 W/skia    (  566): AGTM parsing failed flags.readFromStream(s) at 159
04-26 15:44:30.087 W/skia    (  566): AGTM parsing failed flags.readFromStream(s) at 159
04-26 15:44:30.087 W/skia    (  566): AGTM parsing failed flags.readFromStream(s) at 159
04-26 15:44:30.087 W/skia    (  566): AGTM parsing failed flags.readFromStream(s) at 159
04-26 15:44:30.087 W/skia    (  566): AGTM parsing failed flags.readFromStream(s) at 159
04-26 15:44:30.087 W/GFXSTREAM( 5633): [GLESv2Validation.cpp(1217)] Error internal format: 0x3 is invalid.
04-26 15:44:30.087 E/GFXSTREAM( 5633): [GL2Encoder.cpp(2814)] GL error 0x501 condition [!GLESv2Validation::pixelFormat(ctx, internalformat) && !GLESv2Validation::pixelInternalFormat(internalformat)].
04-26 15:44:30.087 W/GFXSTREAM( 5633): [GLESv2Validation.cpp(1217)] Error internal format: 0x3 is invalid.
04-26 15:44:30.088 E/GFXSTREAM( 5633): [GL2Encoder.cpp(2814)] GL error 0x501 condition [!GLESv2Validation::pixelFormat(ctx, internalformat) && !GLESv2Validation::pixelInternalFormat(internalformat)].
04-26 15:44:30.088 W/GFXSTREAM( 5633): [GLESv2Validation.cpp(1217)] Error internal format: 0x3 is invalid.
04-26 15:44:30.088 E/GFXSTREAM( 5633): [GL2Encoder.cpp(2814)] GL error 0x501 condition [!GLESv2Validation::pixelFormat(ctx, internalformat) && !GLESv2Validation::pixelInternalFormat(internalformat)].
04-26 15:44:30.088 I/Module  ( 4105): DeviceLockedStatusModuleProvider$Module.updateDeviceLockedStatus():103 repeatCheckTimes = 0, locked = false
04-26 15:44:30.088 W/GFXSTREAM( 5633): [GLESv2Validation.cpp(1217)] Error internal format: 0x3 is invalid.
04-26 15:44:30.088 E/GFXSTREAM( 5633): [GL2Encoder.cpp(2814)] GL error 0x501 condition [!GLESv2Validation::pixelFormat(ctx, internalformat) && !GLESv2Validation::pixelInternalFormat(internalformat)].
04-26 15:44:30.089 W/GFXSTREAM( 5633): [GLESv2Validation.cpp(1217)] Error internal format: 0x3 is invalid.
04-26 15:44:30.089 E/GFXSTREAM( 5633): [GL2Encoder.cpp(2814)] GL error 0x501 condition [!GLESv2Validation::pixelFormat(ctx, internalformat) && !GLESv2Validation::pixelInternalFormat(internalformat)].
04-26 15:44:30.089 I/ImeTracker(  736): system_server:c7237867: onRequestHide at ORIGIN_SERVER reason IME_REQUESTED_CHANGED_LISTENER fromUser false displayId 0
04-26 15:44:30.090 W/GFXSTREAM( 5633): [GLESv2Validation.cpp(1217)] Error internal format: 0x4 is invalid.
04-26 15:44:30.090 E/GFXSTREAM( 5633): [GL2Encoder.cpp(2814)] GL error 0x501 condition [!GLESv2Validation::pixelFormat(ctx, internalformat) && !GLESv2Validation::pixelInternalFormat(internalformat)].
04-26 15:44:30.090 W/GFXSTREAM( 5633): [GLESv2Validation.cpp(1217)] Error internal format: 0x3 is invalid.
04-26 15:44:30.090 E/GFXSTREAM( 5633): [GL2Encoder.cpp(2814)] GL error 0x501 condition [!GLESv2Validation::pixelFormat(ctx, internalformat) && !GLESv2Validation::pixelInternalFormat(internalformat)].
04-26 15:44:30.090 W/GFXSTREAM( 5633): [GLESv2Validation.cpp(1217)] Error internal format: 0x3 is invalid.
04-26 15:44:30.090 E/GFXSTREAM( 5633): [GL2Encoder.cpp(2814)] GL error 0x501 condition [!GLESv2Validation::pixelFormat(ctx, internalformat) && !GLESv2Validation::pixelInternalFormat(internalformat)].
04-26 15:44:30.090 W/GFXSTREAM( 5633): [GLESv2Validation.cpp(1217)] Error internal format: 0x3 is invalid.
04-26 15:44:30.090 E/GFXSTREAM( 5633): [GL2Encoder.cpp(2814)] GL error 0x501 condition [!GLESv2Validation::pixelFormat(ctx, internalformat) && !GLESv2Validation::pixelInternalFormat(internalformat)].
04-26 15:44:30.091 W/GFXSTREAM( 5633): [GLESv2Validation.cpp(1217)] Error internal format: 0x3 is invalid.
04-26 15:44:30.091 E/GFXSTREAM( 5633): [GL2Encoder.cpp(2814)] GL error 0x501 condition [!GLESv2Validation::pixelFormat(ctx, internalformat) && !GLESv2Validation::pixelInternalFormat(internalformat)].
04-26 15:44:30.091 I/GoogleInputMethodService( 4105): GoogleInputMethodService.onStartInput():1384 onStartInput(EditorInfo{EditorInfo{packageName=com.muonline.client, inputType=0, inputTypeString=NULL, enableLearning=false, autoCorrection=false, autoComplete=false, imeOptions=0, privateImeOptions=null, actionName=UNSPECIFIED, actionLabel=null, initialSelStart=-1, initialSelEnd=-1, initialCapsMode=0, label=null, fieldId=0, fieldName=null, extras=null, hintText=null, hintLocales=[]}}, false)
04-26 15:44:30.091 W/GFXSTREAM( 5633): [GLESv2Validation.cpp(1217)] Error internal format: 0x3 is invalid.
04-26 15:44:30.091 E/GFXSTREAM( 5633): [GL2Encoder.cpp(2814)] GL error 0x501 condition [!GLESv2Validation::pixelFormat(ctx, internalformat) && !GLESv2Validation::pixelInternalFormat(internalformat)].
04-26 15:44:30.091 I/ImeTracker(  736): system_server:c7237867: onCancelled at PHASE_SERVER_SHOULD_HIDE
04-26 15:44:30.091 W/AndroidIME( 4105): LatinIMEBase.updateInputViewCoverNavigation():319 Null input view, cannot update padding!
04-26 15:44:30.091 W/GFXSTREAM( 5633): [GLESv2Validation.cpp(1217)] Error internal format: 0x3 is invalid.
04-26 15:44:30.092 E/GFXSTREAM( 5633): [GL2Encoder.cpp(2814)] GL error 0x501 condition [!GLESv2Validation::pixelFormat(ctx, internalformat) && !GLESv2Validation::pixelInternalFormat(internalformat)].
04-26 15:44:30.092 W/GFXSTREAM( 5633): [GLESv2Validation.cpp(1217)] Error internal format: 0x4 is invalid.
04-26 15:44:30.092 E/GFXSTREAM( 5633): [GL2Encoder.cpp(2814)] GL error 0x501 condition [!GLESv2Validation::pixelFormat(ctx, internalformat) && !GLESv2Validation::pixelInternalFormat(internalformat)].
04-26 15:44:30.092 W/GFXSTREAM( 5633): [GLESv2Validation.cpp(1217)] Error internal format: 0x4 is invalid.
04-26 15:44:30.092 E/GFXSTREAM( 5633): [GL2Encoder.cpp(2814)] GL error 0x501 condition [!GLESv2Validation::pixelFormat(ctx, internalformat) && !GLESv2Validation::pixelInternalFormat(internalformat)].
04-26 15:44:30.092 W/GFXSTREAM( 5633): [GLESv2Validation.cpp(1217)] Error internal format: 0x3 is invalid.
04-26 15:44:30.092 E/GFXSTREAM( 5633): [GL2Encoder.cpp(2814)] GL error 0x501 condition [!GLESv2Validation::pixelFormat(ctx, internalformat) && !GLESv2Validation::pixelInternalFormat(internalformat)].
04-26 15:44:30.093 W/GFXSTREAM( 5633): [GLESv2Validation.cpp(1217)] Error internal format: 0x3 is invalid.
04-26 15:44:30.093 E/GFXSTREAM( 5633): [GL2Encoder.cpp(2814)] GL error 0x501 condition [!GLESv2Validation::pixelFormat(ctx, internalformat) && !GLESv2Validation::pixelInternalFormat(internalformat)].
04-26 15:44:30.093 W/GFXSTREAM( 5633): [GLESv2Validation.cpp(1217)] Error internal format: 0x3 is invalid.
04-26 15:44:30.093 I/Module  ( 4105): DeviceLockedStatusModuleProvider$Module.updateDeviceLockedStatus():103 repeatCheckTimes = 1, locked = false
04-26 15:44:30.093 E/GFXSTREAM( 5633): [GL2Encoder.cpp(2814)] GL error 0x501 condition [!GLESv2Validation::pixelFormat(ctx, internalformat) && !GLESv2Validation::pixelInternalFormat(internalformat)].
04-26 15:44:30.093 W/GFXSTREAM( 5633): [GLESv2Validation.cpp(1217)] Error internal format: 0x3 is invalid.
04-26 15:44:30.093 E/GFXSTREAM( 5633): [GL2Encoder.cpp(2814)] GL error 0x501 condition [!GLESv2Validation::pixelFormat(ctx, internalformat) && !GLESv2Validation::pixelInternalFormat(internalformat)].
04-26 15:44:30.094 W/GFXSTREAM( 5633): [GLESv2Validation.cpp(1217)] Error internal format: 0x3 is invalid.
04-26 15:44:30.094 E/GFXSTREAM( 5633): [GL2Encoder.cpp(2814)] GL error 0x501 condition [!GLESv2Validation::pixelFormat(ctx, internalformat) && !GLESv2Validation::pixelInternalFormat(internalformat)].
04-26 15:44:30.094 W/PackageConfigPersister(  736): App-specific configuration not found for packageName: com.muonline.client and userId: 0
04-26 15:44:30.094 W/GFXSTREAM( 5633): [GLESv2Validation.cpp(1217)] Error internal format: 0x3 is invalid.
04-26 15:44:30.094 E/GFXSTREAM( 5633): [GL2Encoder.cpp(2814)] GL error 0x501 condition [!GLESv2Validation::pixelFormat(ctx, internalformat) && !GLESv2Validation::pixelInternalFormat(internalformat)].
04-26 15:44:30.094 W/GFXSTREAM( 5633): [GLESv2Validation.cpp(1217)] Error internal format: 0x3 is invalid.
04-26 15:44:30.094 E/GFXSTREAM( 5633): [GL2Encoder.cpp(2814)] GL error 0x501 condition [!GLESv2Validation::pixelFormat(ctx, internalformat) && !GLESv2Validation::pixelInternalFormat(internalformat)].
04-26 15:44:30.095 W/GFXSTREAM( 5633): [GLESv2Validation.cpp(1217)] Error internal format: 0x3 is invalid.
04-26 15:44:30.095 E/GFXSTREAM( 5633): [GL2Encoder.cpp(2814)] GL error 0x501 condition [!GLESv2Validation::pixelFormat(ctx, internalformat) && !GLESv2Validation::pixelInternalFormat(internalformat)].
04-26 15:44:30.095 W/GFXSTREAM( 5633): [GLESv2Validation.cpp(1217)] Error internal format: 0x3 is invalid.
04-26 15:44:30.095 E/GFXSTREAM( 5633): [GL2Encoder.cpp(2814)] GL error 0x501 condition [!GLESv2Validation::pixelFormat(ctx, internalformat) && !GLESv2Validation::pixelInternalFormat(internalformat)].
04-26 15:44:30.095 W/GFXSTREAM( 5633): [GLESv2Validation.cpp(1217)] Error internal format: 0x3 is invalid.
04-26 15:44:30.095 E/GFXSTREAM( 5633): [GL2Encoder.cpp(2814)] GL error 0x501 condition [!GLESv2Validation::pixelFormat(ctx, internalformat) && !GLESv2Validation::pixelInternalFormat(internalformat)].
04-26 15:44:30.095 W/GFXSTREAM( 5633): [GLESv2Validation.cpp(1217)] Error internal format: 0x3 is invalid.
04-26 15:44:30.095 E/GFXSTREAM( 5633): [GL2Encoder.cpp(2814)] GL error 0x501 condition [!GLESv2Validation::pixelFormat(ctx, internalformat) && !GLESv2Validation::pixelInternalFormat(internalformat)].
04-26 15:44:30.095 W/GFXSTREAM( 5633): [GLESv2Validation.cpp(1217)] Error internal format: 0x4 is invalid.
04-26 15:44:30.095 E/GFXSTREAM( 5633): [GL2Encoder.cpp(2814)] GL error 0x501 condition [!GLESv2Validation::pixelFormat(ctx, internalformat) && !GLESv2Validation::pixelInternalFormat(internalformat)].
04-26 15:44:30.096 W/GFXSTREAM( 5633): [GLESv2Validation.cpp(1217)] Error internal format: 0x4 is invalid.
04-26 15:44:30.096 E/GFXSTREAM( 5633): [GL2Encoder.cpp(2814)] GL error 0x501 condition [!GLESv2Validation::pixelFormat(ctx, internalformat) && !GLESv2Validation::pixelInternalFormat(internalformat)].
04-26 15:44:30.096 W/GFXSTREAM( 5633): [GLESv2Validation.cpp(1217)] Error internal format: 0x4 is invalid.
04-26 15:44:30.096 E/GFXSTREAM( 5633): [GL2Encoder.cpp(2814)] GL error 0x501 condition [!GLESv2Validation::pixelFormat(ctx, internalformat) && !GLESv2Validation::pixelInternalFormat(internalformat)].
04-26 15:44:30.096 W/GFXSTREAM( 5633): [GLESv2Validation.cpp(1217)] Error internal format: 0x4 is invalid.
04-26 15:44:30.096 E/GFXSTREAM( 5633): [GL2Encoder.cpp(2814)] GL error 0x501 condition [!GLESv2Validation::pixelFormat(ctx, internalformat) && !GLESv2Validation::pixelInternalFormat(internalformat)].
04-26 15:44:30.096 W/GFXSTREAM( 5633): [GLESv2Validation.cpp(1217)] Error internal format: 0x3 is invalid.
