--------- beginning of main
04-26 19:08:16.504   736   921 I HalDevMgr: bestIfaceCreationProposal is null, requestIface=STA, existingIface=[name=wlan0 type=STA]
04-26 19:08:16.506  4164  4164 I Finsky  : [2] ajjp - Received: android.intent.action.PACKAGE_ADDED, [n076RJLEETmEZ61FBJHrGFwh-0szukPG_iaeB-mhrwQ]
04-26 19:08:16.509   736  5314 W SignedPackage: Package doesn't have required signing certificate: com.google.android.apps.work.clouddpc
04-26 19:08:16.512   736   736 D AppSearchAppsIndexerManagerS: userid in package receiver: 10230
04-26 19:08:16.525   736   736 W libbinder.IPCThreadState: Sending oneway calls to frozen process.
04-26 19:08:16.525   736   736 W libbinder.IPCThreadState: Sending oneway calls to frozen process.
04-26 19:08:16.525   736   736 W libbinder.IPCThreadState: Sending oneway calls to frozen process.
04-26 19:08:16.525   736   736 W libbinder.IPCThreadState: Sending oneway calls to frozen process.
04-26 19:08:16.526  4276 14887 I Finsky:background: [170] Wrote row to frosting DB: 3162
04-26 19:08:16.528   736   736 W libbinder.IPCThreadState: Sending oneway calls to frozen process.
04-26 19:08:16.528   736   736 W libbinder.IPCThreadState: Sending oneway calls to frozen process.
04-26 19:08:16.528   736   736 W libbinder.IPCThreadState: Sending oneway calls to frozen process.
04-26 19:08:16.529   736   736 W libbinder.IPCThreadState: Sending oneway calls to frozen process.
04-26 19:08:16.536  4511  4518 W .apps.wellbeing: Reducing the number of considered missed Gc histogram windows from 217 to 100
04-26 19:08:16.537   736   736 W libbinder.IPCThreadState: Sending oneway calls to frozen process.
04-26 19:08:16.538   736   736 W libbinder.IPCThreadState: Sending oneway calls to frozen process.
04-26 19:08:16.538   736   736 W libbinder.IPCThreadState: Sending oneway calls to frozen process.
04-26 19:08:16.538   736   736 W libbinder.IPCThreadState: Sending oneway calls to frozen process.
04-26 19:08:16.539   736   736 W libbinder.IPCThreadState: Sending oneway calls to frozen process.
04-26 19:08:16.539   736   736 W libbinder.IPCThreadState: Sending oneway calls to frozen process.
04-26 19:08:16.539   736   736 W libbinder.IPCThreadState: Sending oneway calls to frozen process.
04-26 19:08:16.540   736   736 W libbinder.IPCThreadState: Sending oneway calls to frozen process.
04-26 19:08:16.541  4164  4164 I Finsky  : [2] DTU: Received onPackageAdded, replacing: true
--------- beginning of system
04-26 19:08:16.542   736   736 W Looper  : Drained
04-26 19:08:16.549  4164 14895 I Finsky  : [303] SCH: Received scheduling request: Id: 12-1, Constraints: [{ L: 15000, D: 86400000, C: CHARGING_NONE, I: IDLE_NONE, N: NET_ANY, B: BATTERY_ANY }]
04-26 19:08:16.550  4276 14887 I Finsky:background: [170] Wrote row to frosting DB: 3163
04-26 19:08:16.557  4276  4276 I Finsky:background: [2] Memory trim requested to level 40
04-26 19:08:16.560   736  5314 I Role    : com.google.android.gms not qualified for android.app.role.SYSTEM_DEPENDENCY_INSTALLER due to missing RequiredComponent{mFlags='0', mIntentFilterData=IntentFilterData{mAction='android.content.pm.action.INSTALL_DEPENDENCY', mCategories='[]', mDataScheme='null', mDataType='null'}, mMetaData=[], mPermission='android.permission.BIND_DEPENDENCY_INSTALLER', mQueryFlags=0} Requirement{mFeatureFlag=null, mMinTargetSdkVersion=1}
04-26 19:08:16.560   736  5314 E RoleControllerServiceImpl: Default/fallback role holder package doesn't qualify for the role, package: com.google.android.gms, role: android.app.role.SYSTEM_DEPENDENCY_INSTALLER, user: 0
04-26 19:08:16.563  4164  4164 I Finsky  : [2] ajjp - Received: android.intent.action.PACKAGE_ADDED, [n076RJLEETmEZ61FBJHrGFwh-0szukPG_iaeB-mhrwQ]
04-26 19:08:16.569  4164  4164 I Finsky  : [2] ajjp - Deduping intent android.intent.action.PACKAGE_ADDED
04-26 19:08:16.600  4164  4164 I Finsky  : [2] ajjp - Received: android.intent.action.PACKAGE_ADDED, [n076RJLEETmEZ61FBJHrGFwh-0szukPG_iaeB-mhrwQ]
04-26 19:08:16.608   736  1814 V SafetySourceDataValidat: Package: com.android.vending has expected signature
04-26 19:08:16.619  4164  4164 I Finsky  : [2] ajjp - Deduping intent android.intent.action.PACKAGE_ADDED
04-26 19:08:16.620  4164  4205 I Finsky  : [41] RECEIVER_PACKAGE_MONITOR#logWorkEndAndFinishGoAsync: SUCCESS
04-26 19:08:16.620  4164  4164 D ActivityThread: Package [com.muonline.client] reported as REPLACED, but missing application info. Assuming REMOVED.
04-26 19:08:16.624  1231  1239 W id.ext.services: Reducing the number of considered missed Gc histogram windows from 790 to 100
04-26 19:08:16.658  1219  1270 W LauncherActivityCachingLogic: loadIcon: Default app icon returned from PackageManager. component=ComponentInfo{com.muonline.client/com.muonline.client.PreloadActivity}, user=UserHandle{0}
04-26 19:08:16.658  1219  1270 W LauncherActivityCachingLogic: java.lang.Exception
04-26 19:08:16.658  1219  1270 W LauncherActivityCachingLogic: 	at com.android.launcher3.icons.cache.LauncherActivityCachingLogic.loadIcon(go/retraceme 7226a759aa2bb3787a79806f85d80eaad84f1f1e15acd6db988f2df789d1680d:62)
04-26 19:08:16.658  1219  1270 W LauncherActivityCachingLogic: 	at com.android.launcher3.icons.cache.BaseIconCache.addIconToDBAndMemCache(go/retraceme 7226a759aa2bb3787a79806f85d80eaad84f1f1e15acd6db988f2df789d1680d:22)
04-26 19:08:16.658  1219  1270 W LauncherActivityCachingLogic: 	at com.android.launcher3.model.tasks.PackageUpdatedTask.execute(go/retraceme 7226a759aa2bb3787a79806f85d80eaad84f1f1e15acd6db988f2df789d1680d:177)
04-26 19:08:16.658  1219  1270 W LauncherActivityCachingLogic: 	at com.android.launcher3.LauncherModel$enqueueModelUpdateTask$1.run(go/retraceme 7226a759aa2bb3787a79806f85d80eaad84f1f1e15acd6db988f2df789d1680d:27)
04-26 19:08:16.658  1219  1270 W LauncherActivityCachingLogic: 	at com.android.launcher3.util.LooperExecutor.execute(go/retraceme 7226a759aa2bb3787a79806f85d80eaad84f1f1e15acd6db988f2df789d1680d:16)
04-26 19:08:16.658  1219  1270 W LauncherActivityCachingLogic: 	at com.android.launcher3.LauncherModel.enqueueModelUpdateTask(go/retraceme 7226a759aa2bb3787a79806f85d80eaad84f1f1e15acd6db988f2df789d1680d:19)
04-26 19:08:16.658  1219  1270 W LauncherActivityCachingLogic: 	at com.android.launcher3.LauncherModel$newModelCallbacks$1.accept(go/retraceme 7226a759aa2bb3787a79806f85d80eaad84f1f1e15acd6db988f2df789d1680d:4)
04-26 19:08:16.658  1219  1270 W LauncherActivityCachingLogic: 	at com.android.launcher3.model.ModelLauncherCallbacks.onPackageChanged(go/retraceme 7226a759aa2bb3787a79806f85d80eaad84f1f1e15acd6db988f2df789d1680d:12)
04-26 19:08:16.658  1219  1270 W LauncherActivityCachingLogic: 	at android.content.pm.LauncherApps$CallbackMessageHandler.handleMessage(LauncherApps.java:2329)
04-26 19:08:16.658  1219  1270 W LauncherActivityCachingLogic: 	at android.os.Handler.dispatchMessageImpl(Handler.java:142)
04-26 19:08:16.658  1219  1270 W LauncherActivityCachingLogic: 	at android.os.Handler.dispatchMessage(Handler.java:125)
04-26 19:08:16.658  1219  1270 W LauncherActivityCachingLogic: 	at android.os.Looper.loopOnce(Looper.java:292)
04-26 19:08:16.658  1219  1270 W LauncherActivityCachingLogic: 	at android.os.Looper.loop(Looper.java:393)
04-26 19:08:16.658  1219  1270 W LauncherActivityCachingLogic: 	at android.os.HandlerThread.run(HandlerThread.java:139)
04-26 19:08:16.660  4164  4164 I Finsky  : [2] Memory trim requested to level 40
04-26 19:08:16.661  4164  4164 I Finsky  : [2] Flushing in-memory image cache
04-26 19:08:16.663  1219  1270 W LauncherActivityCachingLogic: loadIcon: Default app icon returned from PackageManager. component=ComponentInfo{com.muonline.client/com.muonline.client.PreloadActivity}, user=UserHandle{0}
04-26 19:08:16.663  1219  1270 W LauncherActivityCachingLogic: java.lang.Exception
04-26 19:08:16.663  1219  1270 W LauncherActivityCachingLogic: 	at com.android.launcher3.icons.cache.LauncherActivityCachingLogic.loadIcon(go/retraceme 7226a759aa2bb3787a79806f85d80eaad84f1f1e15acd6db988f2df789d1680d:62)
04-26 19:08:16.663  1219  1270 W LauncherActivityCachingLogic: 	at com.android.launcher3.icons.cache.BaseIconCache.loadFallbackIcon(go/retraceme 7226a759aa2bb3787a79806f85d80eaad84f1f1e15acd6db988f2df789d1680d:8)
04-26 19:08:16.663  1219  1270 W LauncherActivityCachingLogic: 	at com.android.launcher3.icons.cache.BaseIconCache.cacheLocked(go/retraceme 7226a759aa2bb3787a79806f85d80eaad84f1f1e15acd6db988f2df789d1680d:99)
04-26 19:08:16.663  1219  1270 W LauncherActivityCachingLogic: 	at com.android.launcher3.icons.IconCache.getTitleAndIcon(go/retraceme 7226a759aa2bb3787a79806f85d80eaad84f1f1e15acd6db988f2df789d1680d:233)
04-26 19:08:16.663  1219  1270 W LauncherActivityCachingLogic: 	at com.android.launcher3.icons.IconCache.getTitleAndIcon(go/retraceme 7226a759aa2bb3787a79806f85d80eaad84f1f1e15acd6db988f2df789d1680d:230)
04-26 19:08:16.663  1219  1270 W LauncherActivityCachingLogic: 	at com.android.launcher3.model.tasks.PackageUpdatedTask.execute(go/retraceme 7226a759aa2bb3787a79806f85d80eaad84f1f1e15acd6db988f2df789d1680d:371)
04-26 19:08:16.663  1219  1270 W LauncherActivityCachingLogic: 	at com.android.launcher3.LauncherModel$enqueueModelUpdateTask$1.run(go/retraceme 7226a759aa2bb3787a79806f85d80eaad84f1f1e15acd6db988f2df789d1680d:27)
04-26 19:08:16.663  1219  1270 W LauncherActivityCachingLogic: 	at com.android.launcher3.util.LooperExecutor.execute(go/retraceme 7226a759aa2bb3787a79806f85d80eaad84f1f1e15acd6db988f2df789d1680d:16)
04-26 19:08:16.663  1219  1270 W LauncherActivityCachingLogic: 	at com.android.launcher3.LauncherModel.enqueueModelUpdateTask(go/retraceme 7226a759aa2bb3787a79806f85d80eaad84f1f1e15acd6db988f2df789d1680d:19)
04-26 19:08:16.663  1219  1270 W LauncherActivityCachingLogic: 	at com.android.launcher3.LauncherModel$newModelCallbacks$1.accept(go/retraceme 7226a759aa2bb3787a79806f85d80eaad84f1f1e15acd6db988f2df789d1680d:4)
04-26 19:08:16.663  1219  1270 W LauncherActivityCachingLogic: 	at com.android.launcher3.model.ModelLauncherCallbacks.onPackageChanged(go/retraceme 7226a759aa2bb3787a79806f85d80eaad84f1f1e15acd6db988f2df789d1680d:12)
04-26 19:08:16.663  1219  1270 W LauncherActivityCachingLogic: 	at android.content.pm.LauncherApps$CallbackMessageHandler.handleMessage(LauncherApps.java:2329)
04-26 19:08:16.663  1219  1270 W LauncherActivityCachingLogic: 	at android.os.Handler.dispatchMessageImpl(Handler.java:142)
04-26 19:08:16.663  1219  1270 W LauncherActivityCachingLogic: 	at android.os.Handler.dispatchMessage(Handler.java:125)
04-26 19:08:16.663  1219  1270 W LauncherActivityCachingLogic: 	at android.os.Looper.loopOnce(Looper.java:292)
04-26 19:08:16.663  1219  1270 W LauncherActivityCachingLogic: 	at android.os.Looper.loop(Looper.java:393)
04-26 19:08:16.663  1219  1270 W LauncherActivityCachingLogic: 	at android.os.HandlerThread.run(HandlerThread.java:139)
04-26 19:08:16.663  3743 14917 I AiAiEcho: AppIndexer Package:[com.muonline.client] UserProfile:[0] Enabled:[true].
04-26 19:08:16.663  3743 14917 I AiAiEcho: AppFetcherImplV2 updateApps package:[com.muonline.client], userId:[0], reason:[package is updated.].
04-26 19:08:16.664  1219  1270 D AlphabeticIndexCompat: computeSectionName: cs: MU Online sectionName: M
04-26 19:08:16.664  1219  1219 D AllAppsStore: setApps: apps.length=21
04-26 19:08:16.664  1219  1219 D AllAppsStore: notifyUpdate: notifying listeners
04-26 19:08:16.665  1219  1219 D ActivityAllAppsContainerView: onAppsUpdated; number of apps: 21
04-26 19:08:16.665  1219  1219 D ActivityAllAppsContainerView: rebindAdapters: force: false
04-26 19:08:16.665  1219  1219 D ActivityAllAppsContainerView: rebindAdapters: Not needed.
04-26 19:08:16.665  1219  1219 D StatsLog: LAUNCHER_ALLAPPS_COUNT
04-26 19:08:16.665  1219  1219 D AlphabeticalAppsList: Clearing FastScrollerSections.
04-26 19:08:16.665  1219  1219 D AlphabeticalAppsList: Adding apps with sections. HasPrivateApps: false
04-26 19:08:16.665  1219  1219 D AlphabeticalAppsList: addAppsWithSections: adding sectionName: C with appInfoTitle: Calendar
04-26 19:08:16.665  1219  1219 D AlphabeticalAppsList: addAppsWithSections: adding sectionName: D with appInfoTitle: Drive
04-26 19:08:16.665  1219  1219 D AlphabeticalAppsList: addAppsWithSections: adding sectionName: F with appInfoTitle: Files
04-26 19:08:16.665  1219  1219 D AlphabeticalAppsList: addAppsWithSections: adding sectionName: G with appInfoTitle: Glasses
04-26 19:08:16.665  1219  1219 D AlphabeticalAppsList: addAppsWithSections: adding sectionName: M with appInfoTitle: Maps
04-26 19:08:16.665  1219  1219 D AlphabeticalAppsList: addAppsWithSections: adding sectionName: P with appInfoTitle: Phone
04-26 19:08:16.665  1219  1219 D AlphabeticalAppsList: addAppsWithSections: adding sectionName: S with appInfoTitle: Safety
04-26 19:08:16.665  1219  1219 D AlphabeticalAppsList: addAppsWithSections: adding sectionName: T with appInfoTitle: TMoble
04-26 19:08:16.665  1219  1219 D AlphabeticalAppsList: addAppsWithSections: adding sectionName: Y with appInfoTitle: YouTube
04-26 19:08:16.665  1219  1219 D AlphabeticalAppsList: Adding FastScrollSection duplicate to scroll to the bottom.
04-26 19:08:16.665  1219  1219 D AlphabeticalAppsList: Clearing FastScrollerSections.
04-26 19:08:16.665  1219  1219 D AlphabeticalAppsList: Adding apps with sections. HasPrivateApps: false
04-26 19:08:16.665  1219  1219 D AlphabeticalAppsList: addAppsWithSections: adding sectionName: C with appInfoTitle: Calendar
04-26 19:08:16.665  1219  1219 D AlphabeticalAppsList: addAppsWithSections: adding sectionName: D with appInfoTitle: Drive
04-26 19:08:16.665  1219  1219 D AlphabeticalAppsList: addAppsWithSections: adding sectionName: F with appInfoTitle: Files
04-26 19:08:16.665  1219  1219 D AlphabeticalAppsList: addAppsWithSections: adding sectionName: G with appInfoTitle: Glasses
04-26 19:08:16.665  1219  1219 D AlphabeticalAppsList: addAppsWithSections: adding sectionName: M with appInfoTitle: Maps
04-26 19:08:16.665  1219  1219 D AlphabeticalAppsList: addAppsWithSections: adding sectionName: P with appInfoTitle: Phone
04-26 19:08:16.665  1219  1219 D AlphabeticalAppsList: addAppsWithSections: adding sectionName: S with appInfoTitle: Safety
04-26 19:08:16.665  1219  1219 D AlphabeticalAppsList: addAppsWithSections: adding sectionName: T with appInfoTitle: TMoble
04-26 19:08:16.665  1219  1219 D AlphabeticalAppsList: addAppsWithSections: adding sectionName: Y with appInfoTitle: YouTube
04-26 19:08:16.665  1219  1219 D AlphabeticalAppsList: Adding FastScrollSection duplicate to scroll to the bottom.
04-26 19:08:16.665  1219  1219 D AllAppsStore: setApps: apps.length=21
04-26 19:08:16.665  1219  1219 D AllAppsStore: notifyUpdate: notifying listeners
04-26 19:08:16.666  1219  1219 D b/387844520: getOutlineOffsetX: measured width = 173, mNormalizedIconSize = 159, last updated width = 173
04-26 19:08:16.673  1619  1619 I MediaProvider: Invalidating LocalCallingIdentity cache for package com.muonline.client. Reason: package android.intent.action.PACKAGE_REMOVED
04-26 19:08:16.673  1619  1619 W MediaProvider: WorkProfileOwnerApps cache is empty
04-26 19:08:16.674  1619  1619 D PickerSyncLockManager: Trying to acquire lock com.android.providers.media.photopicker.sync.CloseableReentrantLock@13ff476[Unlocked]. Lock Name = CLOUD_PROVIDER_LOCK. Threads that may be waiting to acquire this lock = []
04-26 19:08:16.674  1619  1619 D CloseableReentrantLock: Successfully acquired lock com.android.providers.media.photopicker.sync.CloseableReentrantLock@13ff476[Locked by thread main]. Lock Name = CLOUD_PROVIDER_LOCK. Threads that may be waiting to acquire this lock = []
04-26 19:08:16.674  1619  1619 D CloseableReentrantLock: Successfully released lock com.android.providers.media.photopicker.sync.CloseableReentrantLock@13ff476[Unlocked]. Lock Name = CLOUD_PROVIDER_LOCK. Threads that may be waiting to acquire this lock = []
04-26 19:08:16.689   736   835 W ActivityTaskManager: callingPackage for (uid=2000, pid=14918) has no WPC
04-26 19:08:16.690   566   616 W skia    : AGTM parsing failed flags.readFromStream(s) at 159
04-26 19:08:16.690   566   616 W skia    : AGTM parsing failed flags.readFromStream(s) at 159
04-26 19:08:16.693   736   835 V GrammaticalInflectionUtils: AttributionSource: android.content.AttributionSource@d322a4fb does not have READ_SYSTEM_GRAMMATICAL_GENDER permission.
04-26 19:08:16.700  1219  1219 D RecentsView: onTaskDisplayChanged: 106, new displayId = 0
04-26 19:08:16.705   566   598 I libbinder.BpBinder: onLastStrongRef automatically unlinking death recipients for binder (0x7eaa36064ea0) with descriptor: '(not cached)'
04-26 19:08:16.712   736   835 V ActivityTaskManager: TaskLaunchParamsModifier: phase=3 task=Task{cde266c #106 type=standard A=10230:com.muonline.client} activity=ActivityRecord{234469753 u0 com.muonline.client/.PreloadActivity t-1} display-from-task=0 display-id=0 task-display-area-windowing-mode=1 suggested-display-area=DefaultTaskDisplayArea@125646128 inherit-from-task=fullscreen non-freeform-task-display-area display-area=DefaultTaskDisplayArea@125646128 skip-bounds-fullscreen
04-26 19:08:16.712   736   835 I ActivityTaskManager: START u0 {flg=0x10000000 xflg=0x5 cmp=com.muonline.client/.PreloadActivity} with LAUNCH_SINGLE_TASK from uid 2000 (com.android.shell) (BAL_ALLOW_PERMISSION) result code=0
04-26 19:08:16.712  1219  1219 D BaseActivity: Launcher flags updated: [state_started|state_resumed|state_deferred_resumed|state_window_focused|state_user_active] -[]
04-26 19:08:16.714  1036  1091 V WindowManagerShell: Transition requested (#106): android.os.BinderProxy@fd99c94 TransitionRequestInfo { type = OPEN, triggerTask = TaskInfo{userId=0 taskId=106 effectiveUid=10230 displayId=0 isRunning=true baseIntent=Intent { flg=0x10000000 cmp=com.muonline.client/.PreloadActivity } baseActivity=ComponentInfo{com.muonline.client/com.muonline.client.PreloadActivity} topActivity=ComponentInfo{com.muonline.client/com.muonline.client.PreloadActivity} origActivity=null realActivity=ComponentInfo{com.muonline.client/com.muonline.client.PreloadActivity} realActivityIsAppLockEnabled=false numActivities=1 lastActiveTime=13071308 supportsMultiWindow=true supportsMultiWindowWithoutConstraints=true resizeMode=1 isResizeable=true minWidth=-1 minHeight=-1 defaultMinSize=220 token=WCT{android.os.BinderProxy@bd4f33d} topActivityType=1 pictureInPictureParams=null shouldDockBigOverlays=false launchIntoPipHostTaskId=-1 lastParentTaskIdBeforePip=-1 displayCutoutSafeInsets=Rect(0, 132 - 0, 0) topActivityInfo=ActivityInfo{9f65732 com.muonline.client.PreloadActivity} launchCookies=[] positionInParent=Point(0, 0) parentTaskId=-1 isFocused=false isInteractive=false isVisible=false isVisibleRequested=false isTopActivityNoDisplay=false isSleeping=false locusId=null displayAreaFeatureId=1 isTopActivityTransparent=false isActivityStackTransparent=false lastNonFullscreenBounds=null leafTaskBoundsFromOptions= false capturedLink=null capturedLinkTimestamp=0 requestedVisibleTypes=503 topActivityRequestOpenInBrowserEducationTimestamp=0 appCompatTaskInfo=AppCompatTaskInfo { topActivityInSizeCompat=false isLeafTask= true eligibleForLetterboxEducation= false isLetterboxEducationEnabled= true isLetterboxDoubleTapEnabled= false eligibleForUserAspectRatioButton= false topActivityBoundsLetterboxed= false isFromLetterboxDoubleTap= false topActivityLetterboxVerticalPosition= -1 topActivityLetterboxHorizontalPosition= -1 topActivityLetterboxWidth=-1 topActivityLetterboxHeight=-1 topActivityAppBounds=Rect(0, 132 - 1080, 2337) isUserFullscreenOverrideEnabled=false isSystemFullscreenOverrideEnabled=false hasMinAspectRatioOverride=false topActivityLetterboxBounds=null topNonResizableActivityAspectRatio=-1.0} topActivityMainWindowFrame=null isAppBubble=false}, pipChange = null, remoteTransitionInfo = null, displayChange = null, requestedLocation = null, userChange = null, windowingLayerChange = null, fullscreenRequestChange = null, flags = 0, debugId = 106 }
04-26 19:08:16.714  1036  1091 W DisconnectHandler: No disconnect change found in the transition, not handling request.
04-26 19:08:16.714  1036  1091 V ShellDesktopMode: DesktopTasksController: skipping handleRequest reason=triggerTask's display doesn't support desktop mode
04-26 19:08:16.714   736  1067 W InputChannel-JNI: Channel already disposed.
04-26 19:08:16.715  1036  1091 D ShellSplitScreen: logExit: no-op, mLoggerSessionId is null
04-26 19:08:16.723  1036  1132 D WindowOnBackDispatcher: setTopOnBackInvokedCallback (unwrapped): android.view.ViewRootImpl$$ExternalSyntheticLambda13@c0d9c73
04-26 19:08:16.724  1219  1219 D BaseActivity: Launcher flags updated: [state_started|state_resumed|state_deferred_resumed|state_window_focused] -[state_user_active]
04-26 19:08:16.724  1219  1219 D BaseActivity: Launcher flags updated: [state_started|state_window_focused] -[state_resumed|state_deferred_resumed]
04-26 19:08:16.725  1219  1219 W SplitSelectStateCtor: Missing session instanceIds
04-26 19:08:16.725  1219  1219 D StatsLog: LAUNCHER_SPLIT_SELECTION_EXIT_INTERRUPTED
04-26 19:08:16.726   736  1145 D CoreBackPreview: Window{9533115 u0 Splash Screen com.muonline.client}: Setting back callback OnBackInvokedCallbackInfo{mCallback=android.window.IOnBackInvokedCallback$Stub$Proxy@6c2c991, mPriority=0, mIsAnimationCallback=false, mOverrideBehavior=0}
04-26 19:08:16.727   736  1827 D WindowManager: setClientSurface Surface(name=VRI-Splash Screen com.muonline.client#1056)/@0x18030f6 for 9533115 Splash Screen com.muonline.client
04-26 19:08:16.730  1036  1132 I Surface : Creating surface for consumer unnamed-1036-22 with slotExpansion=1 for 64 slots
04-26 19:08:16.730  1036  1132 I Surface : Creating surface for consumer VRI[client]#22(BLAST Consumer)22 with slotExpansion=1 for 64 slots
04-26 19:08:16.731   499   499 D Zygote  : Forked child process 14925
04-26 19:08:16.733  1036  1091 D WindowManagerShell: setLauncherKeepClearAreaHeight: visible=false, height=495
04-26 19:08:16.735   736  5314 E RoleControllerServiceImpl: Default/fallback role holder package doesn't qualify for the role, package: com.google.android.gms, role: android.app.role.WALLET, user: 0
04-26 19:08:16.765 14925 14925 I Zygote  : Process 14925 created for com.google.android.gms
04-26 19:08:16.767 14925 14925 I gle.android.gms: Using generational CollectorTypeCMC GC.
04-26 19:08:16.770 14925 14925 W gle.android.gms: Unexpected CPU variant for x86: x86_64.
04-26 19:08:16.770 14925 14925 W gle.android.gms: Known variants: atom, sandybridge, silvermont, goldmont, goldmont-plus, goldmont-without-sha-xsaves, tremont, kabylake, alderlake, lunarlake, default
04-26 19:08:16.784 14925 14925 D nativeloader: Load libframework-connectivity-tiramisu-jni.so using APEX ns com_android_tethering for caller /apex/com.android.tethering/javalib/framework-connectivity-t.jar: ok
04-26 19:08:16.786   736  1814 V WindowManager: Defer transition id=106 for TaskFragmentTransaction=android.os.Binder@7a868ce
04-26 19:08:16.788   736   762 V GrammaticalInflectionUtils: AttributionSource: android.content.AttributionSource@d322a4fb does not have READ_SYSTEM_GRAMMATICAL_GENDER permission.
04-26 19:08:16.790   736   762 W ActivityManager: Slow operation: 68ms so far, now at startProcess: done creating new process record
04-26 19:08:16.790   736   762 W ActivityManager: Slow operation: 68ms so far, now at startProcess: stepping in to startProcess
04-26 19:08:16.791   736   762 W ActivityManager: Slow operation: 70ms so far, now at startProcess: done starting proc!
04-26 19:08:16.794  1036  1091 V RecentTasksController: Notify recent tasks changed
04-26 19:08:16.795  1219  1219 D RecentTasksList: invalidateLoadedTasks - previous requestLoadId: -1
04-26 19:08:16.797  4164  4169 W android.vending: Reducing the number of considered missed Gc histogram windows from 782 to 100
04-26 19:08:16.799   736   835 W ActivityManager: Slow operation: 82ms so far, now at startProcess: done updating battery stats
04-26 19:08:16.799   736   835 W ActivityManager: Slow operation: 83ms so far, now at startProcess: building log message
04-26 19:08:16.799   736   835 I ActivityManager: Start proc 14925:com.google.android.gms/u0a214 for started-service {com.google.android.gms/com.google.android.gms.chimera.GmsIntentOperationService}
04-26 19:08:16.799   736   835 W ActivityManager: Slow operation: 83ms so far, now at startProcess: starting to update pids map
04-26 19:08:16.799   736   835 W ActivityManager: Slow operation: 83ms so far, now at startProcess: done updating pids map
04-26 19:08:16.800   736  1620 V WindowManager: Continue transition id=106 for TaskFragmentTransaction=android.os.Binder@7a868ce
04-26 19:08:16.807  4276  4284 W ding:background: Reducing the number of considered missed Gc histogram windows from 784 to 100
04-26 19:08:16.821   499   499 D Zygote  : Forked child process 14936
04-26 19:08:16.825  1219  1219 D BaseActivity: Launcher flags updated: [state_started] -[state_window_focused]
04-26 19:08:16.827   736   759 V WindowManager: Sent Transition (#106) createdAt=04-26 19:08:16.696 via request=TransitionRequestInfo { type = OPEN, triggerTask = TaskInfo{userId=0 taskId=106 effectiveUid=10230 displayId=0 isRunning=true baseIntent=Intent { flg=0x10000000 cmp=com.muonline.client/.PreloadActivity } baseActivity=ComponentInfo{com.muonline.client/com.muonline.client.PreloadActivity} topActivity=ComponentInfo{com.muonline.client/com.muonline.client.PreloadActivity} origActivity=null realActivity=ComponentInfo{com.muonline.client/com.muonline.client.PreloadActivity} realActivityIsAppLockEnabled=false numActivities=1 lastActiveTime=13071308 supportsMultiWindow=true supportsMultiWindowWithoutConstraints=true resizeMode=1 isResizeable=true minWidth=-1 minHeight=-1 defaultMinSize=220 token=WCT{RemoteToken{bd61f2c Task{cde266c #106 type=standard A=10230:com.muonline.client}}} topActivityType=1 pictureInPictureParams=null shouldDockBigOverlays=false launchIntoPipHostTaskId=-1 lastParentTaskIdBeforePip=-1 displayCutoutSafeInsets=Rect(0, 132 - 0, 0) topActivityInfo=ActivityInfo{fb2ddf5 com.muonline.client.PreloadActivity} launchCookies=[] positionInParent=Point(0, 0) parentTaskId=-1 isFocused=false isInteractive=false isVisible=false isVisibleRequested=false isTopActivityNoDisplay=false isSleeping=false locusId=null displayAreaFeatureId=1 isTopActivityTransparent=false isActivityStackTransparent=false lastNonFullscreenBounds=null leafTaskBoundsFromOptions= false capturedLink=null capturedLinkTimestamp=0 requestedVisibleTypes=503 topActivityRequestOpenInBrowserEducationTimestamp=0 appCompatTaskInfo=AppCompatTaskInfo { topActivityInSizeCompat=false isLeafTask= true eligibleForLetterboxEducation= false isLetterboxEducationEnabled= true isLetterboxDoubleTapEnabled= false eligibleForUserAspectRatioButton= false topActivityBoundsLetterboxed= false isFromLetterboxDoubleTap= false topActivityLetterboxVerticalPosition= -1 topActivityLetterboxHorizontalPosition= -1 topActivityLetterboxWidth=-1 topActivityLetterboxHeight=-1 topActivityAppBounds=Rect(0, 132 - 1080, 2337) isUserFullscreenOverrideEnabled=false isSystemFullscreenOverrideEnabled=false hasMinAspectRatioOverride=false topActivityLetterboxBounds=null topNonResizableActivityAspectRatio=-1.0} topActivityMainWindowFrame=null isAppBubble=false}, pipChange = null, remoteTransitionInfo = null, displayChange = null, requestedLocation = null, userChange = null, windowingLayerChange = null, fullscreenRequestChange = null, flags = 0, debugId = 106 }
04-26 19:08:16.827   736   759 V WindowManager:     startWCT=WindowContainerTransaction { changes= {} hops= [] flags= 0 errorCallbackToken=null taskFragmentOrganizer=null }
04-26 19:08:16.827  1036  1910 V WindowManagerShell: onTransitionReady(transaction=3161095940822)
04-26 19:08:16.824   736   769 I ActivityManager: Start proc 14936:com.muonline.client/u0a230 for next-top-activity {com.muonline.client/com.muonline.client.PreloadActivity}
04-26 19:08:16.828  1036  1091 V WindowManagerShell: onTransitionReady (#106) android.os.BinderProxy@fd99c94: {id=106 t=OPEN f=0x0 trk=0 r=[0@Point(0, 0)] c=[
04-26 19:08:16.828  1036  1091 V WindowManagerShell:         {m=OPEN f=MOVE_TO_TOP leash=Surface(name=Task=106#1053)/@0xd845c48 sb=Rect(0, 0 - 1080, 2400) eb=Rect(0, 0 - 1080, 2400) epz=Point(1080, 2400) d=0 endFixedRotation=1 taskParent=-1 winMode=1 userId=0},
04-26 19:08:16.828  1036  1091 V WindowManagerShell:         {m=TO_BACK f=SHOW_WALLPAPER leash=Surface(name=Task=1#34)/@0xd296ae1 sb=Rect(0, 0 - 1080, 2400) eb=Rect(0, 0 - 1080, 2400) epz=Point(1080, 2400) d=0 taskParent=-1 winMode=1 userId=0},
04-26 19:08:16.828  1036  1091 V WindowManagerShell:         {m=TO_BACK f=IS_WALLPAPER leash=Surface(name=WallpaperWindowToken{3bea6dd}#54)/@0x4394006 sb=Rect(0, 0 - 1080, 2400) eb=Rect(0, 0 - 1080, 2400) epz=Point(1080, 2400) d=0}
04-26 19:08:16.828  1036  1091 V WindowManagerShell:     ]}
04-26 19:08:16.829   736   759 V WindowManager:     info={id=106 t=OPEN f=0x0 trk=0 r=[0@Point(0, 0)] c=[
04-26 19:08:16.829   736   759 V WindowManager:         {WCT{RemoteToken{bd61f2c Task{cde266c #106 type=standard A=10230:com.muonline.client}}} m=OPEN f=MOVE_TO_TOP leash=Surface(name=Task=106#1053)/@0xb66a17e sb=Rect(0, 0 - 1080, 2400) eb=Rect(0, 0 - 1080, 2400) epz=Point(1080, 2400) d=0 endFixedRotation=1 taskParent=-1 winMode=1 userId=0},
04-26 19:08:16.829   736   759 V WindowManager:         {WCT{RemoteToken{4853fd5 Task{13e540b #1 type=home}}} m=TO_BACK f=SHOW_WALLPAPER leash=Surface(name=Task=1#34)/@0x499be06 sb=Rect(0, 0 - 1080, 2400) eb=Rect(0, 0 - 1080, 2400) epz=Point(1080, 2400) d=0 taskParent=-1 winMode=1 userId=0},
04-26 19:08:16.829   736   759 V WindowManager:         {m=TO_BACK f=IS_WALLPAPER leash=Surface(name=WallpaperWindowToken{3bea6dd}#54)/@0x4e520e1 sb=Rect(0, 0 - 1080, 2400) eb=Rect(0, 0 - 1080, 2400) epz=Point(1080, 2400) d=0}
04-26 19:08:16.829   736   759 V WindowManager:     ]}
04-26 19:08:16.829  1036  1091 V WindowManagerShell: Playing animation for (#106) android.os.BinderProxy@fd99c94@0
04-26 19:08:16.829  1036  1091 D ShellSplitScreen: startAnimation: transition=106 isSplitActive=false
04-26 19:08:16.829  1036  1091 V ShellRecents: RecentsTransitionHandler.startAnimation: no controller found
04-26 19:08:16.829  1036  1091 V ShellDesktopMode: DesktopMixedTransitionHandler: No pending desktop transition
04-26 19:08:16.829  1036  1091 V WindowManagerShell: Transition doesn't have explicit remote, search filters for match for {id=106 t=OPEN f=0x0 trk=0 r=[0@Point(0, 0)] c=[{m=OPEN f=MOVE_TO_TOP leash=Surface(name=Task=106#1053)/@0xd845c48 sb=Rect(0, 0 - 1080, 2400) eb=Rect(0, 0 - 1080, 2400) epz=Point(1080, 2400) d=0 endFixedRotation=1 taskParent=-1 winMode=1 userId=0},{m=TO_BACK f=SHOW_WALLPAPER leash=Surface(name=Task=1#34)/@0xd296ae1 sb=Rect(0, 0 - 1080, 2400) eb=Rect(0, 0 - 1080, 2400) epz=Point(1080, 2400) d=0 taskParent=-1 winMode=1 userId=0},{m=TO_BACK f=IS_WALLPAPER leash=Surface(name=WallpaperWindowToken{3bea6dd}#54)/@0x4394006 sb=Rect(0, 0 - 1080, 2400) eb=Rect(0, 0 - 1080, 2400) epz=Point(1080, 2400) d=0}]}
04-26 19:08:16.830  1036  1091 V WindowManagerShell:  Checking filter Pair{{types=[] flags=0x0 notFlags=0x0 checks=[{atype=undefined independent=true modes=[CLOSE,TO_BACK] flags=IN_TASK_WITH_EMBEDDED_ACTIVITY mustBeTask=false order=ANY topActivity=null launchCookie=null taskFragmentToken=android.os.BinderProxy@e90ae30 windowingMode=undefined isCrossDisplayMove=false}]} RemoteTransition { remoteTransition = android.window.IRemoteTransition$Stub$Proxy@1ccfaa9, appThread = android.app.IApplicationThread$Stub$Proxy@5c682e, debugName = overlayBackTransition, filter = {types=[] flags=0x0 notFlags=0x0 checks=[{atype=undefined independent=true modes=[CLOSE,TO_BACK] flags=IN_TASK_WITH_EMBEDDED_ACTIVITY mustBeTask=false order=ANY topActivity=null launchCookie=null taskFragmentToken=android.os.BinderProxy@e90ae30 windowingMode=undefined isCrossDisplayMove=false}]} }}
04-26 19:08:16.830  1036  1091 V WindowManagerShell:  Checking filter Pair{{types=[] flags=0x0 notFlags=0x0 checks=[{atype=dream independent=true modes=[OPEN,TO_FRONT] flags=NONE mustBeTask=false order=ANY topActivity=null launchCookie=null windowingMode=undefined isCrossDisplayMove=false},{atype=home independent=true modes=[CLOSE,TO_BACK] flags=NONE mustBeTask=false order=ANY topActivity=null launchCookie=null windowingMode=undefined isCrossDisplayMove=false}]} RemoteTransition { remoteTransition = android.window.IRemoteTransition$Stub$Proxy@aa8fcf, appThread = android.app.IApplicationThread$Stub$Proxy@98a7d5c, debugName = LauncherToDream, filter = {types=[] flags=0x0 notFlags=0x0 checks=[{atype=dream independent=true modes=[OPEN,TO_FRONT] flags=NONE mustBeTask=false order=ANY topActivity=null launchCookie=null windowingMode=undefined isCrossDisplayMove=false},{atype=home independent=true modes=[CLOSE,TO_BACK] flags=NONE mustBeTask=false order=ANY topActivity=null launchCookie=null windowingMode=undefined isCrossDisplayMove=false}]} }}
04-26 19:08:16.830  1036  1091 V WindowManagerShell:  Checking filter Pair{{types=[] flags=0x0 notFlags=0x0 checks=[{atype=standard independent=false modes=[CHANGE] flags=NONE mustBeTask=true order=ANY topActivity=null launchCookie=null windowingMode=undefined isCrossDisplayMove=true}]} RemoteTransition { remoteTransition = android.window.IRemoteTransition$Stub$Proxy@3519865, appThread = android.app.IApplicationThread$Stub$Proxy@94ad93a, debugName = QuickstepDisplayMove, filter = {types=[] flags=0x0 notFlags=0x0 checks=[{atype=standard independent=false modes=[CHANGE] flags=NONE mustBeTask=true order=ANY topActivity=null launchCookie=null windowingMode=undefined isCrossDisplayMove=true}]} }}
04-26 19:08:16.830  1036  1091 V WindowManagerShell:  Checking filter Pair{{types=[] flags=0x0 notFlags=0x100 checks=[{atype=home independent=true modes=[OPEN,TO_FRONT] flags=NONE mustBeTask=false order=ANY topActivity=ComponentInfo{com.google.android.apps.nexuslauncher/com.google.android.apps.nexuslauncher.NexusLauncherActivity} launchCookie=null windowingMode=undefined isCrossDisplayMove=false},{atype=standard independent=true modes=[CLOSE,TO_BACK] flags=NONE mustBeTask=false order=ANY topActivity=null launchCookie=null windowingMode=undefined isCrossDisplayMove=false},{NOT atype=undefined independent=true modes=[] flags=NONE mustBeTask=true order=ANY topActivity=null launchCookie=null customAnim=true windowingMode=undefined isCrossDisplayMove=false}]} RemoteTransition { remoteTransition = android.window.IRemoteTransition$Stub$Proxy@fea59eb, appThread = android.app.IApplicationThread$Stub$Proxy@4f01348, debugName = QuickstepLaunchHome, filter = {types=[] flags=0x0 notFlags=0x100 checks=[{atype=home independent=true modes=[OPEN,TO_FRONT] flags=NONE mustBeTask=false order=ANY topActivity=ComponentInfo{com.google.android.apps.nexuslauncher/com.google.android.apps.nexuslauncher.NexusLauncherActivity} launchCookie=null windowingMode=undefined isCrossDisplayMove=false},{atype=standard independent=true modes=[CLOSE,TO_BACK] flags=NONE mustBeTask=false order=ANY topActivity=null launchCookie=null windowingMode=undefined isCrossDisplayMove=false},{NOT atype=undefined independent=true modes=[] flags=NONE mustBeTask=true order=ANY topActivity=null launchCookie=null customAnim=true windowingMode=undefined isCrossDisplayMove=false}]} }}
04-26 19:08:16.830  1036  1091 V WindowManagerShell:  Checking filter Pair{{types=[OPEN,TO_FRONT] flags=0x0 notFlags=0x0 checks=[{atype=standard independent=true modes=[OPEN,TO_FRONT] flags=NONE mustBeTask=true order=ANY topActivity=null launchCookie=null windowingMode=freeform isCrossDisplayMove=false}]} RemoteTransition { remoteTransition = android.window.IRemoteTransition$Stub$Proxy@5987ffe, appThread = null, debugName = DesktopWindowLimitUnminimize, filter = {types=[OPEN,TO_FRONT] flags=0x0 notFlags=0x0 checks=[{atype=standard independent=true modes=[OPEN,TO_FRONT] flags=NONE mustBeTask=true order=ANY topActivity=null launchCookie=null windowingMode=freeform isCrossDisplayMove=false}]} }}
04-26 19:08:16.830  1036  1091 V WindowManagerShell:  Delegate animation for (#106) to null
04-26 19:08:16.830  1036  1091 V WindowManagerShell: start default transition animation, info = {id=106 t=OPEN f=0x0 trk=0 r=[0@Point(0, 0)] c=[{m=OPEN f=MOVE_TO_TOP leash=Surface(name=Task=106#1053)/@0xd845c48 sb=Rect(0, 0 - 1080, 2400) eb=Rect(0, 0 - 1080, 2400) epz=Point(1080, 2400) d=0 endFixedRotation=1 taskParent=-1 winMode=1 userId=0},{m=TO_BACK f=SHOW_WALLPAPER leash=Surface(name=Task=1#34)/@0xd296ae1 sb=Rect(0, 0 - 1080, 2400) eb=Rect(0, 0 - 1080, 2400) epz=Point(1080, 2400) d=0 taskParent=-1 winMode=1 userId=0},{m=TO_BACK f=IS_WALLPAPER leash=Surface(name=WallpaperWindowToken{3bea6dd}#54)/@0x4394006 sb=Rect(0, 0 - 1080, 2400) eb=Rect(0, 0 - 1080, 2400) epz=Point(1080, 2400) d=0}]}
04-26 19:08:16.830  1036  1091 V WindowManagerShell: loadAnimation: anim=android.view.animation.AnimationSet@9195692 animAttr=0x13 type=OPEN isEntrance=false
04-26 19:08:16.831  1036  1091 V WindowManagerShell: loadAnimation: anim=android.view.animation.AnimationSet@67249de animAttr=0x12 type=OPEN isEntrance=true
04-26 19:08:16.833  1036  1091 V WindowManagerShell:  animated by com.android.wm.shell.transition.DefaultTransitionHandler@11f9e32
04-26 19:08:16.833  1036  1091 V ShellTaskOrganizer: Task appeared taskId=106 listener=FullscreenTaskListener
04-26 19:08:16.833  1036  1091 V ShellTaskOrganizer: Fullscreen Task Appeared: #106
04-26 19:08:16.834  1036  1091 V RecentTasksController: Notify recent tasks changed
04-26 19:08:16.834  1036  1091 V RecentTasksController: Notify recent tasks changed
04-26 19:08:16.835   736  5314 W SignedPackage: Cannot get ApplicationInfo for package: com.google.android.devicelockcontroller
04-26 19:08:16.836 14936 14936 I Zygote  : Process 14936 created for com.muonline.client
04-26 19:08:16.836 14936 14936 I muonline.client: Using generational CollectorTypeCMC GC.
04-26 19:08:16.837 14936 14936 W muonline.client: Unexpected CPU variant for x86: x86_64.
04-26 19:08:16.837 14936 14936 W muonline.client: Known variants: atom, sandybridge, silvermont, goldmont, goldmont-plus, goldmont-without-sha-xsaves, tremont, kabylake, alderlake, lunarlake, default
04-26 19:08:16.842 14936 14936 D nativeloader: Load libframework-connectivity-tiramisu-jni.so using APEX ns com_android_tethering for caller /apex/com.android.tethering/javalib/framework-connectivity-t.jar: ok
04-26 19:08:16.847  1219  1219 D RecentTasksList: invalidateLoadedTasks - previous requestLoadId: -1
04-26 19:08:16.847  1219  1219 D RecentTasksList: invalidateLoadedTasks - previous requestLoadId: -1
04-26 19:08:16.858 14925 14925 D CompatChangeReporter: Compat change id reported: 333566037; UID 10214; state: ENABLED
04-26 19:08:16.863  1036  1091 V RecentTasksController: generateList(getRecentTasks)
04-26 19:08:16.863  1036  1091 V RecentTasksController: initializeDesksMap - allDeskIds: []
04-26 19:08:16.864  1036  1091 V RecentTasksController: Task 106 is not an active desktop task
04-26 19:08:16.865  1036  1091 V RecentTasksController: Added fullscreen task: 106
04-26 19:08:16.865  1036  1091 V RecentTasksController: generateList - complete
04-26 19:08:16.867 14925 14925 D ApplicationLoaders: Returning zygote-cached class loader: /system/framework/org.apache.http.legacy.jar
04-26 19:08:16.867 14925 14925 D ApplicationLoaders: Returning zygote-cached class loader: /system/framework/com.android.location.provider.jar
04-26 19:08:16.867 14925 14925 D ApplicationLoaders: Returning zygote-cached class loader: /system/framework/com.android.media.remotedisplay.jar
04-26 19:08:16.870 14925 14925 D nativeloader: Configuring clns-9 for other apk /system_ext/framework/com.android.extensions.appfunctions.jar. target_sdk_version=37, uses_libraries=ALL, library_path=/data/app/~~PqdBwR9WSFUNw4iaJMgoGg==/com.google.android.gms-95Dc1VeYXyONiCBDqz_lkA==/lib/x86_64:/data/app/~~PqdBwR9WSFUNw4iaJMgoGg==/com.google.android.gms-95Dc1VeYXyONiCBDqz_lkA==/base.apk!/lib/x86_64, permitted_path=/data:/mnt/expand:/data/user/0/com.google.android.gms
04-26 19:08:16.877 14925 14925 D ApplicationLoaders: Returning zygote-cached class loader: /system_ext/framework/androidx.window.extensions.jar
04-26 19:08:16.877 14925 14925 D ApplicationLoaders: Returning zygote-cached class loader: /system_ext/framework/androidx.window.sidecar.jar
04-26 19:08:16.894   566   616 W skia    : AGTM parsing failed flags.readFromStream(s) at 159
04-26 19:08:16.894   566   616 W skia    : AGTM parsing failed flags.readFromStream(s) at 159
04-26 19:08:16.898 14936 14936 D CompatChangeReporter: Compat change id reported: 242716250; UID 10230; state: ENABLED
04-26 19:08:16.914 14936 14936 D nativeloader: Configuring clns-9 for other apk /data/app/~~Y_mergCc1o0t9YVxesoXhQ==/com.muonline.client-5MNoaCgSrTJdzn98yNnnlA==/base.apk. target_sdk_version=34, uses_libraries=, library_path=/data/app/~~Y_mergCc1o0t9YVxesoXhQ==/com.muonline.client-5MNoaCgSrTJdzn98yNnnlA==/lib/x86_64:/data/app/~~Y_mergCc1o0t9YVxesoXhQ==/com.muonline.client-5MNoaCgSrTJdzn98yNnnlA==/base.apk!/lib/x86_64, permitted_path=/data:/mnt/expand:/data/user/0/com.muonline.client
04-26 19:08:16.918  1366 14924 I Fitness : (REDACTED) FitCleanupIntentOperation received Intent %s
04-26 19:08:16.919  1366 14948 I ProximityAuth: [RecentAppsMediator] Package added: (user=UserHandle{0}) com.muonline.client
04-26 19:08:16.923 14936 14936 V GraphicsEnvironment: Currently set values for:
04-26 19:08:16.923 14936 14936 V GraphicsEnvironment:   angle_gl_driver_selection_pkgs=[]
04-26 19:08:16.924 14936 14936 V GraphicsEnvironment:   angle_gl_driver_selection_values=[]
04-26 19:08:16.924 14936 14936 V GraphicsEnvironment: com.muonline.client is not listed in per-application setting
04-26 19:08:16.924 14936 14936 V GraphicsEnvironment: No special selections for ANGLE, returning default driver choice
04-26 19:08:16.925 14936 14936 V GraphicsEnvironment: Neither updatable production driver nor prerelease driver is supported.
04-26 19:08:16.942 14925 14925 D nativeloader: Configuring clns-10 for other apk /data/app/~~PqdBwR9WSFUNw4iaJMgoGg==/com.google.android.gms-95Dc1VeYXyONiCBDqz_lkA==/base.apk. target_sdk_version=37, uses_libraries=, library_path=/data/app/~~PqdBwR9WSFUNw4iaJMgoGg==/com.google.android.gms-95Dc1VeYXyONiCBDqz_lkA==/lib/x86_64:/data/app/~~PqdBwR9WSFUNw4iaJMgoGg==/com.google.android.gms-95Dc1VeYXyONiCBDqz_lkA==/base.apk!/lib/x86_64, permitted_path=/data:/mnt/expand:/data/user/0/com.google.android.gms
04-26 19:08:16.946  1366 14923 I FontLog : (REDACTED) Package %s has no metadata
04-26 19:08:16.954 14925 14925 V GraphicsEnvironment: Currently set values for:
04-26 19:08:16.954 14925 14925 V GraphicsEnvironment:   angle_gl_driver_selection_pkgs=[]
04-26 19:08:16.954 14925 14925 V GraphicsEnvironment:   angle_gl_driver_selection_values=[]
04-26 19:08:16.954 14925 14925 V GraphicsEnvironment: com.google.android.gms is not listed in per-application setting
04-26 19:08:16.954 14925 14925 V GraphicsEnvironment: No special selections for ANGLE, returning default driver choice
04-26 19:08:16.955 14925 14925 V GraphicsEnvironment: Neither updatable production driver nor prerelease driver is supported.
04-26 19:08:16.961 14936 14957 I DisplayManager: Choreographer implicitly registered for the refresh rate.
04-26 19:08:16.961 14925 14925 D CompatChangeReporter: Compat change id reported: 407952621; UID 10214; state: ENABLED
04-26 19:08:16.961 14925 14925 D CompatChangeReporter: Compat change id reported: 419020719; UID 10214; state: ENABLED
04-26 19:08:16.962 14925 14925 D CompatChangeReporter: Compat change id reported: 418924588; UID 10214; state: ENABLED
04-26 19:08:16.990 14936 14936 D DesktopExperienceFlags: Toggle override initialized to: false
04-26 19:08:16.990 14936 14936 D DesktopModeFlags: Toggle override initialized to: OVERRIDE_UNSET
04-26 19:08:16.996 14936 14957 I GFXSTREAM: [eglDisplay.cpp(297)] Opening libGLESv1_CM_emulation.so
04-26 19:08:16.997   566   616 W skia    : AGTM parsing failed flags.readFromStream(s) at 159
04-26 19:08:16.997   566   616 W skia    : AGTM parsing failed flags.readFromStream(s) at 159
04-26 19:08:16.999 14936 14957 I GFXSTREAM: [eglDisplay.cpp(297)] Opening libGLESv2_emulation.so
04-26 19:08:17.013 14936 14957 W HWUI    : Failed to choose config with EGL_SWAP_BEHAVIOR_PRESERVED, retrying without...
04-26 19:08:17.013 14936 14957 W HWUI    : Failed to initialize 101010-2 format, error = EGL_SUCCESS
04-26 19:08:17.019 14925 14965 D CompatChangeReporter: Compat change id reported: 458413887; UID 10214; state: ENABLED
04-26 19:08:17.022 14925 14925 W ProviderHelper: Unknown dynamite feature providerinstaller.dynamite
04-26 19:08:17.023 14925 14925 I DynamiteModule: Considering local module com.google.android.gms.providerinstaller.dynamite:1 and remote module com.google.android.gms.providerinstaller.dynamite:0
04-26 19:08:17.023 14925 14925 I DynamiteModule: Selected local version of com.google.android.gms.providerinstaller.dynamite
04-26 19:08:17.030 14925 14925 D nativeloader: Load /data/app/~~PqdBwR9WSFUNw4iaJMgoGg==/com.google.android.gms-95Dc1VeYXyONiCBDqz_lkA==/base.apk!/lib/x86_64/libconscrypt_gmscore_jni.so using class loader ns clns-10 (caller=/data/app/~~PqdBwR9WSFUNw4iaJMgoGg==/com.google.android.gms-95Dc1VeYXyONiCBDqz_lkA==/base.apk): ok
04-26 19:08:17.030 14925 14925 V NativeCrypto: Registering com/google/android/gms/org/conscrypt/NativeCrypto's 336 native methods...
04-26 19:08:17.038 14936 14936 W HWUI    : Unknown dataspace 0
04-26 19:08:17.050 14925 14925 I ProviderInstaller: Installed default security provider GmsCore_OpenSSL
04-26 19:08:17.054 14925 14977 I Watchcat: Started
04-26 19:08:17.057 14925 14977 I GMS_MM_Logger: (REDACTED) Start time: %s
04-26 19:08:17.057 14925 14977 I GMS_MM_Logger: Started.
04-26 19:08:17.062 14936 14936 D InsetsController: Setting requestedVisibleTypes to 496 (was 503)
04-26 19:08:17.065   736  1145 W InputChannel-JNI: Channel already disposed.
04-26 19:08:17.071 14936 14936 D VRI[PreloadActivity]: WindowInsets changed: 2268x1080 statusBars:[0,74,0,0] navigationBars:[0,0,0,63] mandatorySystemGestures:[0,74,0,84] 
04-26 19:08:17.071 14936 14936 D WindowOnBackDispatcher: setTopOnBackInvokedCallback (unwrapped): android.view.ViewRootImpl$$ExternalSyntheticLambda13@7a716e3
04-26 19:08:17.072  1036  1091 D Bubbles : BubbleData.onLocusVisibilityChanged() locusId=Overview|ENABLED visible=false taskId=1
04-26 19:08:17.072  1036  1091 D Bubbles : BubbleData.onLocusVisibilityChanged() locusId=Overview|DISABLED visible=true taskId=1
04-26 19:08:17.072 14936 14936 I HWUI    : Using FreeType backend (prop=Auto)
04-26 19:08:17.073   736  1095 D CoreBackPreview: Window{5e5e3a8 u0 com.muonline.client/com.muonline.client.PreloadActivity}: Setting back callback OnBackInvokedCallbackInfo{mCallback=android.window.IOnBackInvokedCallback$Stub$Proxy@c899254, mPriority=0, mIsAnimationCallback=false, mOverrideBehavior=0}
04-26 19:08:17.077   736   753 D WindowManager: setClientSurface Surface(name=VRI-com.muonline.client/com.muonline.client.PreloadActivity#1064)/@0x22115fd for 5e5e3a8 com.muonline.client/com.muonline.client.PreloadActivity
04-26 19:08:17.081   566   598 I libbinder.BpBinder: onLastStrongRef automatically unlinking death recipients for binder (0x7eaa36061590) with descriptor: '(not cached)'
04-26 19:08:17.082 14936 14936 I Surface : Creating surface for consumer unnamed-14936-0 with slotExpansion=1 for 64 slots
04-26 19:08:17.083 14936 14967 I MuPreload: Check data root: /storage/emulated/0/Android/data/com.muonline.client/files existingDataDir=/storage/emulated/0/Android/data/com.muonline.client/files/Data usable=true marker=true
04-26 19:08:17.084 14936 14936 I Surface : Creating surface for consumer VRI[PreloadActivity]#0(BLAST Consumer)0 with slotExpansion=1 for 64 slots
04-26 19:08:17.085 14936 14936 D VRI[PreloadActivity]: WindowInsets changed: statusBars:null navigationBars:null 
04-26 19:08:17.107 14936 14967 I MuPreload: Skip download, usable data exists: /storage/emulated/0/Android/data/com.muonline.client/files/Data markerWasPresent=true
04-26 19:08:17.138  1036  1091 V WindowManagerShell: Transition animation finished (aborted=false), notifying core (#106) android.os.BinderProxy@fd99c94@0
04-26 19:08:17.139 14925 14985 I PackageInstalledIntentO: Test flag v2 is disabled [CONTEXT service_id=469 ]
04-26 19:08:17.144   736   759 V WindowManager: Finish Transition (#106): created at 04-26 19:08:16.696 collect-started=0.149ms request-sent=15.411ms started=22.424ms ready=125.422ms sent=129.025ms commit=63.662ms finished=447.617ms
04-26 19:08:17.146  1036  1344 D WallpaperService: onVisibilityChanged(false): com.android.systemui.wallpapers.ImageWallpaper$CanvasEngine@85e2344
04-26 19:08:17.146   736   753 I WindowManager: Display id=0 rotation changed to 1 from 0, lastOrientation=0 userRotationMode=0 userRotation=0 lastSensorRotation=1
04-26 19:08:17.147  1036  1091 V WindowManagerShell: Track 0 became idle
04-26 19:08:17.148  1036  1091 V WindowManagerShell: All active transition animations finished
04-26 19:08:17.149  1036  1091 V WindowManagerShell: Transition requested (#107): android.os.BinderProxy@e93fe8d TransitionRequestInfo { type = CHANGE, triggerTask = null, pipChange = null, remoteTransitionInfo = null, displayChange = DisplayChange { displayId = 0, startAbsBounds = null, endAbsBounds = null, startRotation = 0, endRotation = 1, physicalDisplayChanged = false, disconnectReparentDisplay = -1, endInsetsState = null }, requestedLocation = null, userChange = null, windowingLayerChange = null, fullscreenRequestChange = null, flags = 0, debugId = 107 }
04-26 19:08:17.149  1036  1091 V ShellDesktopMode: DisconnectHandler: handleRequest: no reparent display; returning
04-26 19:08:17.149  1036  1091 V ShellDesktopMode: DesktopTasksController: skipping handleRequest reason=triggerTask is null
