--------- beginning of main
04-26 22:09:09.858   736   864 I RoleService: Granting default roles...
04-26 22:09:09.864   736   736 D AppSearchAppsIndexerManagerS: userid in package receiver: 10230
04-26 22:09:09.865  4164  4164 I Finsky  : [2] ajjp - Received: android.intent.action.PACKAGE_ADDED, [n076RJLEETmEZ61FBJHrGFwh-0szukPG_iaeB-mhrwQ]
04-26 22:09:09.867   736   750 W System  : A resource failed to call close. 
04-26 22:09:09.868  1219  1219 V BaseDepthController: Applying blur: 0 to Surface(name=VRI-com.google.android.apps.nexuslauncher/com.google.android.apps.nexuslauncher.NexusLauncherActivity#1741)/@0xd45637f applyImmediately: false
04-26 22:09:09.869  1219  1219 D BaseDepthController: shouldBlurWorkspace: false targetState: Normal currentStableState: Normal mCurrentBlur: 0 mLauncher.getDepthBlurTargets(): [com.android.launcher3.Workspace{573bc60 V.ED..... ........ 0,0-1080,2400 #7f0a047d app:id/workspace}, com.android.launcher3.Hotseat{7eca519 V.ED..... ........ 0,1905-1080,2400 #7f0a01f1 app:id/hotseat}]
04-26 22:09:09.869   736  5314 W SignedPackage: Package doesn't have required signing certificate: com.google.android.retaildemo
04-26 22:09:09.869   736   750 W System  : A resource failed to call close. 
04-26 22:09:09.869   736  5314 E RoleControllerServiceImpl: Default/fallback role holder package doesn't qualify for the role, package: com.google.android.gms.supervision, role: android.app.role.SYSTEM_SUPERVISION, user: 0
04-26 22:09:09.870  4164  4164 I Finsky  : [2] ajjp - Deduping intent android.intent.action.PACKAGE_ADDED
04-26 22:09:09.881  1203  1331 D SatelliteController: isInCarrierRoamingNbIotNtn: satellite is disabled
04-26 22:09:09.881  1203  1331 D SatelliteController: getCarrierRoamingNtnConnectType: Checking connect type from PLMN config for subId: 1
04-26 22:09:09.887   736  5314 W SignedPackage: Package doesn't have required signing certificate: com.google.android.apps.work.clouddpc
04-26 22:09:09.893  4164  4164 I Finsky  : [2] ajjp - Received: android.intent.action.PACKAGE_ADDED, [n076RJLEETmEZ61FBJHrGFwh-0szukPG_iaeB-mhrwQ]
04-26 22:09:09.898  1203  1331 D SatelliteController: getSatellitePerPlmnConfiguration: invalid subId or not supported via carrier.
04-26 22:09:09.902  1219  1219 V BaseDepthController: Applying blur: 0 to Surface(name=VRI-com.google.android.apps.nexuslauncher/com.google.android.apps.nexuslauncher.NexusLauncherActivity#1741)/@0xd45637f applyImmediately: false
04-26 22:09:09.902  1219  1219 D BaseDepthController: shouldBlurWorkspace: false targetState: Normal currentStableState: Normal mCurrentBlur: 0 mLauncher.getDepthBlurTargets(): [com.android.launcher3.Workspace{573bc60 V.ED..... ........ 0,0-1080,2400 #7f0a047d app:id/workspace}, com.android.launcher3.Hotseat{7eca519 V.ED..... ........ 0,1905-1080,2400 #7f0a01f1 app:id/hotseat}]
04-26 22:09:09.906  1203  1331 D SatelliteController: getCarrierRoamingNtnConnectType: config: null
04-26 22:09:09.913  4164  4164 I Finsky  : [2] ajjp - Deduping intent android.intent.action.PACKAGE_ADDED
04-26 22:09:09.914  4164  4208 I Finsky  : [44] RECEIVER_PACKAGE_MONITOR#logWorkEndAndFinishGoAsync: SUCCESS
04-26 22:09:09.917  1203  1331 D SatelliteController: getCarrierRoamingNtnConnectType: Falling back to global carrier config connect type: 0
--------- beginning of system
04-26 22:09:09.922   736   736 I BackupManagerService: No delayed restore requests for the given dependency: com.muonline.client
04-26 22:09:09.922  1219  1219 V BaseDepthController: Applying blur: 0 to Surface(name=VRI-com.google.android.apps.nexuslauncher/com.google.android.apps.nexuslauncher.NexusLauncherActivity#1741)/@0xd45637f applyImmediately: false
04-26 22:09:09.922  1219  1219 D BaseDepthController: shouldBlurWorkspace: false targetState: Normal currentStableState: Normal mCurrentBlur: 0 mLauncher.getDepthBlurTargets(): [com.android.launcher3.Workspace{573bc60 V.ED..... ........ 0,0-1080,2400 #7f0a047d app:id/workspace}, com.android.launcher3.Hotseat{7eca519 V.ED..... ........ 0,1905-1080,2400 #7f0a01f1 app:id/hotseat}]
04-26 22:09:09.925  1203  1331 D SatelliteController: updateLastNotifiedCarrierRoamingNtnSignalStrengthAndNotify(1)
04-26 22:09:09.925  1203  1331 D SatelliteController: updateLastNotifiedCarrierRoamingNtnSignalStrengthAndNotify(1) lastNotifiedSignalStrength level: 0
04-26 22:09:09.925  1203  1331 D SatelliteController: updateLastNotifiedCarrierRoamingNtnSignalStrengthAndNotify(1) currSignalStrength level: 0
04-26 22:09:09.927  1203  1203 D CarrierSvcBindHelper: onHandleForceStop: [com.muonline.client]
04-26 22:09:09.927  1203  1203 D CarrierSvcBindHelper: No carrier app for: 0
04-26 22:09:09.929   566   616 W skia    : AGTM parsing failed flags.readFromStream(s) at 159
04-26 22:09:09.929   566   616 W skia    : AGTM parsing failed flags.readFromStream(s) at 159
04-26 22:09:09.953  1219  1219 V BaseDepthController: Applying blur: 0 to Surface(name=VRI-com.google.android.apps.nexuslauncher/com.google.android.apps.nexuslauncher.NexusLauncherActivity#1741)/@0xd45637f applyImmediately: false
04-26 22:09:09.953  1219  1219 D BaseDepthController: shouldBlurWorkspace: false targetState: Normal currentStableState: Normal mCurrentBlur: 0 mLauncher.getDepthBlurTargets(): [com.android.launcher3.Workspace{573bc60 V.ED..... ........ 0,0-1080,2400 #7f0a047d app:id/workspace}, com.android.launcher3.Hotseat{7eca519 V.ED..... ........ 0,1905-1080,2400 #7f0a01f1 app:id/hotseat}]
04-26 22:09:09.954   736  5314 I Role    : com.google.android.gms not qualified for android.app.role.SYSTEM_DEPENDENCY_INSTALLER due to missing RequiredComponent{mFlags='0', mIntentFilterData=IntentFilterData{mAction='android.content.pm.action.INSTALL_DEPENDENCY', mCategories='[]', mDataScheme='null', mDataType='null'}, mMetaData=[], mPermission='android.permission.BIND_DEPENDENCY_INSTALLER', mQueryFlags=0} Requirement{mFeatureFlag=null, mMinTargetSdkVersion=1}
04-26 22:09:09.954   736  5314 E RoleControllerServiceImpl: Default/fallback role holder package doesn't qualify for the role, package: com.google.android.gms, role: android.app.role.SYSTEM_DEPENDENCY_INSTALLER, user: 0
04-26 22:09:09.962  4376  6008 I PermissionControllerServiceImpl: Updating user sensitive for uid 10230
04-26 22:09:09.967  3743 22901 I AiAiEcho: AppIndexer Package:[com.muonline.client] UserProfile:[0] Enabled:[true].
04-26 22:09:09.967  3743 22901 I AiAiEcho: AppFetcherImplV2 updateApps package:[com.muonline.client], userId:[0], reason:[package is updated.].
04-26 22:09:09.986  1219  1219 V BaseDepthController: Applying blur: 0 to Surface(name=VRI-com.google.android.apps.nexuslauncher/com.google.android.apps.nexuslauncher.NexusLauncherActivity#1741)/@0xd45637f applyImmediately: false
04-26 22:09:09.987  1219  1219 D BaseDepthController: shouldBlurWorkspace: false targetState: Normal currentStableState: Normal mCurrentBlur: 0 mLauncher.getDepthBlurTargets(): [com.android.launcher3.Workspace{573bc60 V.ED..... ........ 0,0-1080,2400 #7f0a047d app:id/workspace}, com.android.launcher3.Hotseat{7eca519 V.ED..... ........ 0,1905-1080,2400 #7f0a01f1 app:id/hotseat}]
04-26 22:09:09.987   736   736 D AS.AudioService: received android.intent.action.PACKAGE_REPLACED replacing: true archival: false for package com.muonline.client with uid 10230
04-26 22:09:09.989   736   736 D AppSearchAppsIndexerManagerS: userid in package receiver: 10230
04-26 22:09:09.994   736   736 W AlarmManager: Package com.muonline.client, uid 10230 lost permission to set exact alarms!
04-26 22:09:09.994 14925 14925 D ActivityThread: Package [com.muonline.client] reported as REPLACED, but missing application info. Assuming REMOVED.
04-26 22:09:09.994   736  1076 D IntervalStats: Unable to parse usage stats packages: [266, 267, 268, 269, 270, 271, 272, 273]
04-26 22:09:09.995   736   736 W Looper  : Drained
04-26 22:09:09.995   736  1076 D IntervalStats: Unable to parse usage stats packages: [273]
04-26 22:09:09.998 14925 14925 D ActivityThread: Package [com.muonline.client] reported as REPLACED, but missing application info. Assuming REMOVED.
04-26 22:09:09.999  1219  1270 W LauncherActivityCachingLogic: loadIcon: Default app icon returned from PackageManager. component=ComponentInfo{com.muonline.client/com.muonline.client.PreloadActivity}, user=UserHandle{0}
04-26 22:09:09.999  1219  1270 W LauncherActivityCachingLogic: java.lang.Exception
04-26 22:09:09.999  1219  1270 W LauncherActivityCachingLogic: 	at com.android.launcher3.icons.cache.LauncherActivityCachingLogic.loadIcon(go/retraceme 7226a759aa2bb3787a79806f85d80eaad84f1f1e15acd6db988f2df789d1680d:62)
04-26 22:09:09.999  1219  1270 W LauncherActivityCachingLogic: 	at com.android.launcher3.icons.cache.BaseIconCache.addIconToDBAndMemCache(go/retraceme 7226a759aa2bb3787a79806f85d80eaad84f1f1e15acd6db988f2df789d1680d:22)
04-26 22:09:09.999  1219  1270 W LauncherActivityCachingLogic: 	at com.android.launcher3.model.tasks.PackageUpdatedTask.execute(go/retraceme 7226a759aa2bb3787a79806f85d80eaad84f1f1e15acd6db988f2df789d1680d:177)
04-26 22:09:09.999  1219  1270 W LauncherActivityCachingLogic: 	at com.android.launcher3.LauncherModel$enqueueModelUpdateTask$1.run(go/retraceme 7226a759aa2bb3787a79806f85d80eaad84f1f1e15acd6db988f2df789d1680d:27)
04-26 22:09:09.999  1219  1270 W LauncherActivityCachingLogic: 	at com.android.launcher3.util.LooperExecutor.execute(go/retraceme 7226a759aa2bb3787a79806f85d80eaad84f1f1e15acd6db988f2df789d1680d:16)
04-26 22:09:09.999  1219  1270 W LauncherActivityCachingLogic: 	at com.android.launcher3.LauncherModel.enqueueModelUpdateTask(go/retraceme 7226a759aa2bb3787a79806f85d80eaad84f1f1e15acd6db988f2df789d1680d:19)
04-26 22:09:09.999  1219  1270 W LauncherActivityCachingLogic: 	at com.android.launcher3.LauncherModel$newModelCallbacks$1.accept(go/retraceme 7226a759aa2bb3787a79806f85d80eaad84f1f1e15acd6db988f2df789d1680d:4)
04-26 22:09:09.999  1219  1270 W LauncherActivityCachingLogic: 	at com.android.launcher3.model.ModelLauncherCallbacks.onPackageChanged(go/retraceme 7226a759aa2bb3787a79806f85d80eaad84f1f1e15acd6db988f2df789d1680d:12)
04-26 22:09:09.999  1219  1270 W LauncherActivityCachingLogic: 	at android.content.pm.LauncherApps$CallbackMessageHandler.handleMessage(LauncherApps.java:2329)
04-26 22:09:09.999  1219  1270 W LauncherActivityCachingLogic: 	at android.os.Handler.dispatchMessageImpl(Handler.java:142)
04-26 22:09:09.999  1219  1270 W LauncherActivityCachingLogic: 	at android.os.Handler.dispatchMessage(Handler.java:125)
04-26 22:09:09.999  1219  1270 W LauncherActivityCachingLogic: 	at android.os.Looper.loopOnce(Looper.java:292)
04-26 22:09:09.999  1219  1270 W LauncherActivityCachingLogic: 	at android.os.Looper.loop(Looper.java:393)
04-26 22:09:09.999  1219  1270 W LauncherActivityCachingLogic: 	at android.os.HandlerThread.run(HandlerThread.java:139)
04-26 22:09:10.002   736   753 D ActivityManager: sync unfroze 14925 com.google.android.gms for 6
04-26 22:09:10.009  4276  4276 I Finsky:background: [2] Memory trim requested to level 40
04-26 22:09:10.018   736  1095 W ActivityTaskManager: callingPackage for (uid=2000, pid=22905) has no WPC
04-26 22:09:10.021  4164  4164 I Finsky  : [2] Memory trim requested to level 40
04-26 22:09:10.021  4164  4164 I Finsky  : [2] Flushing in-memory image cache
04-26 22:09:10.026   736   886 V AccessibilityUserState: updateShortcutTargets: type:accessibility_shortcut_target_service, current:{}, new:{}
04-26 22:09:10.027   736  1095 V GrammaticalInflectionUtils: AttributionSource: android.content.AttributionSource@d322a4fb does not have READ_SYSTEM_GRAMMATICAL_GENDER permission.
04-26 22:09:10.027   736   886 V AccessibilityUserState: updateShortcutTargets: type:accessibility_qs_targets, current:{}, new:{}
04-26 22:09:10.027   736   886 V AccessibilityUserState: updateShortcutTargets: type:accessibility_button_targets, current:{}, new:{}
04-26 22:09:10.027   736   886 V AccessibilityUserState: updateShortcutTargets: type:accessibility_gesture_targets, current:{}, new:{}
04-26 22:09:10.027   736   886 V AccessibilityUserState: updateShortcutTargets: type:accessibility_key_gesture_targets, current:{}, new:{}
04-26 22:09:10.027   736   886 V AccessibilityUserState: updateShortcutTargets: type:accessibility_top_row_key_targets, current:{}, new:{}
04-26 22:09:10.027   736   886 V AccessibilityUserState: updateShortcutTargets: type:accessibility_quick_access_targets, current:{}, new:{}
04-26 22:09:10.027   736   886 V AccessibilityManagerService: onUserStateChangedLocked for userId: 0, forceUpdate: false
04-26 22:09:10.030   566   616 W skia    : AGTM parsing failed flags.readFromStream(s) at 159
04-26 22:09:10.030   566   616 W skia    : AGTM parsing failed flags.readFromStream(s) at 159
04-26 22:09:10.035  1219  1219 V BaseDepthController: Applying blur: 0 to Surface(name=VRI-com.google.android.apps.nexuslauncher/com.google.android.apps.nexuslauncher.NexusLauncherActivity#1741)/@0xd45637f applyImmediately: false
04-26 22:09:10.035  1219  1219 D BaseDepthController: shouldBlurWorkspace: false targetState: Normal currentStableState: Normal mCurrentBlur: 0 mLauncher.getDepthBlurTargets(): [com.android.launcher3.Workspace{573bc60 V.ED..... ........ 0,0-1080,2400 #7f0a047d app:id/workspace}, com.android.launcher3.Hotseat{7eca519 V.ED..... ........ 0,1905-1080,2400 #7f0a01f1 app:id/hotseat}]
04-26 22:09:10.042  1219  1270 W LauncherActivityCachingLogic: loadIcon: Default app icon returned from PackageManager. component=ComponentInfo{com.muonline.client/com.muonline.client.PreloadActivity}, user=UserHandle{0}
04-26 22:09:10.042  1219  1270 W LauncherActivityCachingLogic: java.lang.Exception
04-26 22:09:10.042  1219  1270 W LauncherActivityCachingLogic: 	at com.android.launcher3.icons.cache.LauncherActivityCachingLogic.loadIcon(go/retraceme 7226a759aa2bb3787a79806f85d80eaad84f1f1e15acd6db988f2df789d1680d:62)
04-26 22:09:10.042  1219  1270 W LauncherActivityCachingLogic: 	at com.android.launcher3.icons.cache.BaseIconCache.loadFallbackIcon(go/retraceme 7226a759aa2bb3787a79806f85d80eaad84f1f1e15acd6db988f2df789d1680d:8)
04-26 22:09:10.042  1219  1270 W LauncherActivityCachingLogic: 	at com.android.launcher3.icons.cache.BaseIconCache.cacheLocked(go/retraceme 7226a759aa2bb3787a79806f85d80eaad84f1f1e15acd6db988f2df789d1680d:99)
04-26 22:09:10.042  1219  1270 W LauncherActivityCachingLogic: 	at com.android.launcher3.icons.IconCache.getTitleAndIcon(go/retraceme 7226a759aa2bb3787a79806f85d80eaad84f1f1e15acd6db988f2df789d1680d:233)
04-26 22:09:10.042  1219  1270 W LauncherActivityCachingLogic: 	at com.android.launcher3.icons.IconCache.getTitleAndIcon(go/retraceme 7226a759aa2bb3787a79806f85d80eaad84f1f1e15acd6db988f2df789d1680d:230)
04-26 22:09:10.042  1219  1270 W LauncherActivityCachingLogic: 	at com.android.launcher3.model.tasks.PackageUpdatedTask.execute(go/retraceme 7226a759aa2bb3787a79806f85d80eaad84f1f1e15acd6db988f2df789d1680d:371)
04-26 22:09:10.042  1219  1270 W LauncherActivityCachingLogic: 	at com.android.launcher3.LauncherModel$enqueueModelUpdateTask$1.run(go/retraceme 7226a759aa2bb3787a79806f85d80eaad84f1f1e15acd6db988f2df789d1680d:27)
04-26 22:09:10.042  1219  1270 W LauncherActivityCachingLogic: 	at com.android.launcher3.util.LooperExecutor.execute(go/retraceme 7226a759aa2bb3787a79806f85d80eaad84f1f1e15acd6db988f2df789d1680d:16)
04-26 22:09:10.042  1219  1270 W LauncherActivityCachingLogic: 	at com.android.launcher3.LauncherModel.enqueueModelUpdateTask(go/retraceme 7226a759aa2bb3787a79806f85d80eaad84f1f1e15acd6db988f2df789d1680d:19)
04-26 22:09:10.042  1219  1270 W LauncherActivityCachingLogic: 	at com.android.launcher3.LauncherModel$newModelCallbacks$1.accept(go/retraceme 7226a759aa2bb3787a79806f85d80eaad84f1f1e15acd6db988f2df789d1680d:4)
04-26 22:09:10.042  1219  1270 W LauncherActivityCachingLogic: 	at com.android.launcher3.model.ModelLauncherCallbacks.onPackageChanged(go/retraceme 7226a759aa2bb3787a79806f85d80eaad84f1f1e15acd6db988f2df789d1680d:12)
04-26 22:09:10.042  1219  1270 W LauncherActivityCachingLogic: 	at android.content.pm.LauncherApps$CallbackMessageHandler.handleMessage(LauncherApps.java:2329)
04-26 22:09:10.042  1219  1270 W LauncherActivityCachingLogic: 	at android.os.Handler.dispatchMessageImpl(Handler.java:142)
04-26 22:09:10.042  1219  1270 W LauncherActivityCachingLogic: 	at android.os.Handler.dispatchMessage(Handler.java:125)
04-26 22:09:10.042  1219  1270 W LauncherActivityCachingLogic: 	at android.os.Looper.loopOnce(Looper.java:292)
04-26 22:09:10.042  1219  1270 W LauncherActivityCachingLogic: 	at android.os.Looper.loop(Looper.java:393)
04-26 22:09:10.042  1219  1270 W LauncherActivityCachingLogic: 	at android.os.HandlerThread.run(HandlerThread.java:139)
04-26 22:09:10.042  1219  1270 D AlphabeticIndexCompat: computeSectionName: cs: MU Online sectionName: M
04-26 22:09:10.043  1219  1219 D AllAppsStore: setApps: apps.length=21
04-26 22:09:10.043  1219  1219 D AllAppsStore: notifyUpdate: notifying listeners
04-26 22:09:10.044  1219  1219 D ActivityAllAppsContainerView: onAppsUpdated; number of apps: 21
04-26 22:09:10.044  1219  1219 D ActivityAllAppsContainerView: rebindAdapters: force: false
04-26 22:09:10.044  1219  1219 D ActivityAllAppsContainerView: rebindAdapters: Not needed.
04-26 22:09:10.044  1219  1219 D StatsLog: LAUNCHER_ALLAPPS_COUNT
04-26 22:09:10.044  1219  1219 D AlphabeticalAppsList: Clearing FastScrollerSections.
04-26 22:09:10.044  1219  1219 D AlphabeticalAppsList: Adding apps with sections. HasPrivateApps: false
04-26 22:09:10.044  1219  1219 D AlphabeticalAppsList: addAppsWithSections: adding sectionName: C with appInfoTitle: Calendar
04-26 22:09:10.044  1219  1219 D AlphabeticalAppsList: addAppsWithSections: adding sectionName: D with appInfoTitle: Drive
04-26 22:09:10.044  1219  1219 D AlphabeticalAppsList: addAppsWithSections: adding sectionName: F with appInfoTitle: Files
04-26 22:09:10.044  1219  1219 D AlphabeticalAppsList: addAppsWithSections: adding sectionName: G with appInfoTitle: Glasses
04-26 22:09:10.044  1219  1219 D AlphabeticalAppsList: addAppsWithSections: adding sectionName: M with appInfoTitle: Maps
04-26 22:09:10.044  1219  1219 D AlphabeticalAppsList: addAppsWithSections: adding sectionName: P with appInfoTitle: Phone
04-26 22:09:10.044  1219  1219 D AlphabeticalAppsList: addAppsWithSections: adding sectionName: S with appInfoTitle: Safety
04-26 22:09:10.044  1219  1219 D AlphabeticalAppsList: addAppsWithSections: adding sectionName: T with appInfoTitle: TMoble
04-26 22:09:10.044  1219  1219 D AlphabeticalAppsList: addAppsWithSections: adding sectionName: Y with appInfoTitle: YouTube
04-26 22:09:10.044  1219  1219 D AlphabeticalAppsList: Adding FastScrollSection duplicate to scroll to the bottom.
04-26 22:09:10.045  1219  1219 D AlphabeticalAppsList: Clearing FastScrollerSections.
04-26 22:09:10.045  1219  1219 D AlphabeticalAppsList: Adding apps with sections. HasPrivateApps: false
04-26 22:09:10.046  1219  1219 D AlphabeticalAppsList: addAppsWithSections: adding sectionName: C with appInfoTitle: Calendar
04-26 22:09:10.046  1219  1219 D AlphabeticalAppsList: addAppsWithSections: adding sectionName: D with appInfoTitle: Drive
04-26 22:09:10.046  1219  1219 D AlphabeticalAppsList: addAppsWithSections: adding sectionName: F with appInfoTitle: Files
04-26 22:09:10.046  1219  1219 D AlphabeticalAppsList: addAppsWithSections: adding sectionName: G with appInfoTitle: Glasses
04-26 22:09:10.046  1219  1219 D AlphabeticalAppsList: addAppsWithSections: adding sectionName: M with appInfoTitle: Maps
04-26 22:09:10.046  1219  1219 D AlphabeticalAppsList: addAppsWithSections: adding sectionName: P with appInfoTitle: Phone
04-26 22:09:10.046  1219  1219 D AlphabeticalAppsList: addAppsWithSections: adding sectionName: S with appInfoTitle: Safety
04-26 22:09:10.046  1219  1219 D AlphabeticalAppsList: addAppsWithSections: adding sectionName: T with appInfoTitle: TMoble
04-26 22:09:10.046  1219  1219 D AlphabeticalAppsList: addAppsWithSections: adding sectionName: Y with appInfoTitle: YouTube
04-26 22:09:10.046  1219  1219 D AlphabeticalAppsList: Adding FastScrollSection duplicate to scroll to the bottom.
04-26 22:09:10.046  1219  1219 D AllAppsStore: setApps: apps.length=21
04-26 22:09:10.046  1219  1219 D AllAppsStore: notifyUpdate: notifying listeners
04-26 22:09:10.048  1219  1219 D b/387844520: getOutlineOffsetX: measured width = 173, mNormalizedIconSize = 159, last updated width = 173
04-26 22:09:10.057  1219  1219 D RecentsView: onTaskDisplayChanged: 120, new displayId = 0
04-26 22:09:10.062   566   996 I libbinder.BpBinder: onLastStrongRef automatically unlinking death recipients for binder (0x7eaa360682e0) with descriptor: '(not cached)'
04-26 22:09:10.065   736  1095 I ActivityTaskManager: Add Task{6361211 #119 type=standard A=10230:com.muonline.client} to hidden list because adding Task{9c6bce8 #120 type=standard A=10230:com.muonline.client}
04-26 22:09:10.069   736  1095 V ActivityTaskManager: TaskLaunchParamsModifier: phase=3 task=Task{9c6bce8 #120 type=standard A=10230:com.muonline.client} activity=ActivityRecord{183576075 u0 com.muonline.client/.PreloadActivity t-1} display-from-task=0 display-id=0 task-display-area-windowing-mode=1 suggested-display-area=DefaultTaskDisplayArea@125646128 inherit-from-task=fullscreen non-freeform-task-display-area display-area=DefaultTaskDisplayArea@125646128 skip-bounds-fullscreen
04-26 22:09:10.069   736  1095 I ActivityTaskManager: START u0 {flg=0x10000000 xflg=0x5 cmp=com.muonline.client/.PreloadActivity} with LAUNCH_SINGLE_TASK from uid 2000 (com.android.shell) (BAL_ALLOW_PERMISSION) result code=0
04-26 22:09:10.070  1036  1091 V WindowManagerShell: Transition requested (#156): android.os.BinderProxy@f118cd9 TransitionRequestInfo { type = OPEN, triggerTask = TaskInfo{userId=0 taskId=120 effectiveUid=10230 displayId=0 isRunning=true baseIntent=Intent { flg=0x10000000 cmp=com.muonline.client/.PreloadActivity } baseActivity=ComponentInfo{com.muonline.client/com.muonline.client.PreloadActivity} topActivity=ComponentInfo{com.muonline.client/com.muonline.client.PreloadActivity} origActivity=null realActivity=ComponentInfo{com.muonline.client/com.muonline.client.PreloadActivity} realActivityIsAppLockEnabled=false numActivities=1 lastActiveTime=23924664 supportsMultiWindow=true supportsMultiWindowWithoutConstraints=true resizeMode=1 isResizeable=true minWidth=-1 minHeight=-1 defaultMinSize=220 token=WCT{android.os.BinderProxy@c39469e} topActivityType=1 pictureInPictureParams=null shouldDockBigOverlays=false launchIntoPipHostTaskId=-1 lastParentTaskIdBeforePip=-1 displayCutoutSafeInsets=Rect(132, 0 - 0, 0) topActivityInfo=ActivityInfo{41b657f com.muonline.client.PreloadActivity} launchCookies=[] positionInParent=Point(0, 0) parentTaskId=-1 isFocused=false isInteractive=false isVisible=false isVisibleRequested=false isTopActivityNoDisplay=false isSleeping=false locusId=null displayAreaFeatureId=1 isTopActivityTransparent=false isActivityStackTransparent=false lastNonFullscreenBounds=null leafTaskBoundsFromOptions= false capturedLink=null capturedLinkTimestamp=0 requestedVisibleTypes=503 topActivityRequestOpenInBrowserEducationTimestamp=0 appCompatTaskInfo=AppCompatTaskInfo { topActivityInSizeCompat=false isLeafTask= true eligibleForLetterboxEducation= false isLetterboxEducationEnabled= true isLetterboxDoubleTapEnabled= false eligibleForUserAspectRatioButton= false topActivityBoundsLetterboxed= false isFromLetterboxDoubleTap= false topActivityLetterboxVerticalPosition= -1 topActivityLetterboxHorizontalPosition= -1 topActivityLetterboxWidth=-1 topActivityLetterboxHeight=-1 topActivityAppBounds=Rect(132, 0 - 2400, 1017) isUserFullscreenOverrideEnabled=false isSystemFullscreenOverrideEnabled=false hasMinAspectRatioOverride=false topActivityLetterboxBounds=null topNonResizableActivityAspectRatio=-1.0} topActivityMainWindowFrame=null isAppBubble=false}, pipChange = null, remoteTransitionInfo = null, displayChange = null, requestedLocation = null, userChange = null, windowingLayerChange = null, fullscreenRequestChange = null, flags = 0, debugId = 156 }
04-26 22:09:10.070  1036  1091 W DisconnectHandler: No disconnect change found in the transition, not handling request.
04-26 22:09:10.070  1036  1091 V ShellDesktopMode: DesktopTasksController: skipping handleRequest reason=triggerTask's display doesn't support desktop mode
04-26 22:09:10.070  1036  1091 D ShellSplitScreen: logExit: no-op, mLoggerSessionId is null
04-26 22:09:10.072  1219  1219 D BaseActivity: Launcher flags updated: [state_started|state_resumed|state_deferred_resumed|state_window_focused|state_user_active] -[]
04-26 22:09:10.073   736   886 V AccessibilityUserState: updateShortcutTargets: type:accessibility_shortcut_target_service, current:{}, new:{}
04-26 22:09:10.073   736   886 V AccessibilityUserState: updateShortcutTargets: type:accessibility_button_targets, current:{}, new:{}
04-26 22:09:10.073   736   886 V AccessibilityUserState: updateShortcutTargets: type:accessibility_gesture_targets, current:{}, new:{}
04-26 22:09:10.073   736   886 V AccessibilityUserState: updateShortcutTargets: type:accessibility_qs_targets, current:{}, new:{}
04-26 22:09:10.073   736   886 V AccessibilityUserState: updateShortcutTargets: type:accessibility_key_gesture_targets, current:{}, new:{}
04-26 22:09:10.073   736   886 V AccessibilityUserState: updateShortcutTargets: type:accessibility_top_row_key_targets, current:{}, new:{}
04-26 22:09:10.073   736   886 V AccessibilityUserState: updateShortcutTargets: type:accessibility_quick_access_targets, current:{}, new:{}
04-26 22:09:10.073   736   886 W MagnificationConnectionManager: requestConnection duplicated request: connect=false, mConnectionState=DISCONNECTED
04-26 22:09:10.073   736   886 V AccessibilityUserState: updateShortcutTargets: type:accessibility_button_targets, current:{}, new:{}
04-26 22:09:10.073   736   886 V AccessibilityUserState: updateShortcutTargets: type:accessibility_qs_targets, current:{}, new:{}
04-26 22:09:10.075   736   736 V AccessibilityManagerService: onUserStateChangedLocked for userId: 0, forceUpdate: false
04-26 22:09:10.079  3743  3747 W ogle.android.as: Suspending all threads took: 9.094ms
04-26 22:09:10.083   736   836 W InputChannel-JNI: Channel already disposed.
04-26 22:09:10.083   736   762 V GrammaticalInflectionUtils: AttributionSource: android.content.AttributionSource@d322a4fb does not have READ_SYSTEM_GRAMMATICAL_GENDER permission.
04-26 22:09:10.083  1219  1219 D BaseActivity: Launcher flags updated: [state_started|state_resumed|state_deferred_resumed|state_window_focused] -[state_user_active]
04-26 22:09:10.085  1219  1219 D BaseActivity: Launcher flags updated: [state_started|state_window_focused] -[state_resumed|state_deferred_resumed]
04-26 22:09:10.087 14925 14925 D BoundBrokerSvc: onUnbind: Intent { act=com.google.android.gms.common.BIND_SHARED_PREFS xflg=0x4 pkg=com.google.android.gms }
04-26 22:09:10.088  1219  1219 W SplitSelectStateCtor: Missing session instanceIds
04-26 22:09:10.088  1219  1219 D StatsLog: LAUNCHER_SPLIT_SELECTION_EXIT_INTERRUPTED
04-26 22:09:10.093  1036  1132 D WindowOnBackDispatcher: setTopOnBackInvokedCallback (unwrapped): android.view.ViewRootImpl$$ExternalSyntheticLambda13@8699605
04-26 22:09:10.095   736  2217 V WindowManager: Defer transition id=156 for TaskFragmentTransaction=android.os.Binder@5f2c8d7
04-26 22:09:10.098  1036  1091 D WindowManagerShell: setLauncherKeepClearAreaHeight: visible=false, height=495
04-26 22:09:10.100   736   836 D CoreBackPreview: Window{d0eda3d u0 Splash Screen com.muonline.client}: Setting back callback OnBackInvokedCallbackInfo{mCallback=android.window.IOnBackInvokedCallback$Stub$Proxy@edb35c4, mPriority=0, mIsAnimationCallback=false, mOverrideBehavior=0}
04-26 22:09:10.100   736   736 V AccessibilityUserState: updateShortcutTargets: type:accessibility_shortcut_target_service, current:{}, new:{}
04-26 22:09:10.100   736   736 V AccessibilityUserState: updateShortcutTargets: type:accessibility_button_targets, current:{}, new:{}
04-26 22:09:10.100   736   736 V AccessibilityUserState: updateShortcutTargets: type:accessibility_gesture_targets, current:{}, new:{}
04-26 22:09:10.100   736   736 V AccessibilityUserState: updateShortcutTargets: type:accessibility_qs_targets, current:{}, new:{}
04-26 22:09:10.100   736   736 V AccessibilityUserState: updateShortcutTargets: type:accessibility_key_gesture_targets, current:{}, new:{}
04-26 22:09:10.100   736   736 V AccessibilityUserState: updateShortcutTargets: type:accessibility_top_row_key_targets, current:{}, new:{}
04-26 22:09:10.100   736   736 V AccessibilityUserState: updateShortcutTargets: type:accessibility_quick_access_targets, current:{}, new:{}
04-26 22:09:10.100   736   753 D WindowManager: setClientSurface Surface(name=VRI-Splash Screen com.muonline.client#1753)/@0x74fccad for d0eda3d Splash Screen com.muonline.client
04-26 22:09:10.100   736   736 W MagnificationConnectionManager: requestConnection duplicated request: connect=false, mConnectionState=DISCONNECTED
04-26 22:09:10.102  1036  1091 V RecentTasksController: Notify recent tasks changed
04-26 22:09:10.102  1036  1091 D ShellDesktopMode: DesktopRepository(0): Removes freeform task: taskId=119
04-26 22:09:10.103  1036  1091 W ShellDesktopMode: DesktopRepository(0): No display id found for task: taskId=119
04-26 22:09:10.103  1036  1091 V RecentTasksController: Notify recent tasks changed
04-26 22:09:10.103  1219  1219 V BaseDepthController: Applying blur: 0 to Surface(name=VRI-com.google.android.apps.nexuslauncher/com.google.android.apps.nexuslauncher.NexusLauncherActivity#1741)/@0xd45637f applyImmediately: false
04-26 22:09:10.104  1219  1219 D BaseDepthController: setEarlyWakeup: false
04-26 22:09:10.104  1219  1219 D BaseDepthController: shouldBlurWorkspace: false targetState: Normal currentStableState: Normal mCurrentBlur: 0 mLauncher.getDepthBlurTargets(): [com.android.launcher3.Workspace{573bc60 V.ED..... ........ 0,0-1080,2400 #7f0a047d app:id/workspace}, com.android.launcher3.Hotseat{7eca519 V.ED..... ........ 0,1905-1080,2400 #7f0a01f1 app:id/hotseat}]
04-26 22:09:10.105   736  1076 D IntervalStats: Unable to parse usage stats packages: [273]
04-26 22:09:10.104   499   499 D Zygote  : Forked child process 22914
04-26 22:09:10.106   736   736 W libbinder.IPCThreadState: Sending oneway calls to frozen process.
04-26 22:09:10.106   736   736 W libbinder.IPCThreadState: Sending oneway calls to frozen process.
04-26 22:09:10.107   736   736 W libbinder.IPCThreadState: Sending oneway calls to frozen process.
04-26 22:09:10.107  1219  1219 D RecentTasksList: invalidateLoadedTasks - previous requestLoadId: -1
04-26 22:09:10.107  1219  1219 D RecentTasksList: invalidateLoadedTasks - previous requestLoadId: -1
04-26 22:09:10.107   736   886 V AccessibilityUserState: updateShortcutTargets: type:accessibility_shortcut_target_service, current:{}, new:{}
04-26 22:09:10.107   736   886 V AccessibilityUserState: updateShortcutTargets: type:accessibility_qs_targets, current:{}, new:{}
04-26 22:09:10.107   736   886 V AccessibilityUserState: updateShortcutTargets: type:accessibility_button_targets, current:{}, new:{}
04-26 22:09:10.107   736   886 V AccessibilityUserState: updateShortcutTargets: type:accessibility_gesture_targets, current:{}, new:{}
04-26 22:09:10.107   736   886 V AccessibilityUserState: updateShortcutTargets: type:accessibility_key_gesture_targets, current:{}, new:{}
04-26 22:09:10.107   736   886 V AccessibilityUserState: updateShortcutTargets: type:accessibility_top_row_key_targets, current:{}, new:{}
04-26 22:09:10.107   736   886 V AccessibilityUserState: updateShortcutTargets: type:accessibility_quick_access_targets, current:{}, new:{}
04-26 22:09:10.107   736   886 V AccessibilityManagerService: onUserStateChangedLocked for userId: 0, forceUpdate: false
04-26 22:09:10.110   736  1076 D IntervalStats: Unable to parse usage stats packages: [273]
04-26 22:09:10.110   736   736 W libbinder.IPCThreadState: Sending oneway calls to frozen process.
04-26 22:09:10.112  1036  1132 I Surface : Creating surface for consumer unnamed-1036-36 with slotExpansion=1 for 64 slots
04-26 22:09:10.112   736   886 V AccessibilityUserState: updateShortcutTargets: type:accessibility_shortcut_target_service, current:{}, new:{}
04-26 22:09:10.112   736   886 V AccessibilityUserState: updateShortcutTargets: type:accessibility_button_targets, current:{}, new:{}
04-26 22:09:10.112   736   886 V AccessibilityUserState: updateShortcutTargets: type:accessibility_gesture_targets, current:{}, new:{}
04-26 22:09:10.112   736   886 V AccessibilityUserState: updateShortcutTargets: type:accessibility_qs_targets, current:{}, new:{}
04-26 22:09:10.113   736   886 V AccessibilityUserState: updateShortcutTargets: type:accessibility_key_gesture_targets, current:{}, new:{}
04-26 22:09:10.113   736   886 V AccessibilityUserState: updateShortcutTargets: type:accessibility_top_row_key_targets, current:{}, new:{}
04-26 22:09:10.113   736   886 V AccessibilityUserState: updateShortcutTargets: type:accessibility_quick_access_targets, current:{}, new:{}
04-26 22:09:10.113   736   886 W MagnificationConnectionManager: requestConnection duplicated request: connect=false, mConnectionState=DISCONNECTED
04-26 22:09:10.114   736   736 V AccessibilityManagerService: onUserStateChangedLocked for userId: 0, forceUpdate: false
04-26 22:09:10.116  1036  1132 I Surface : Creating surface for consumer VRI[client]#36(BLAST Consumer)36 with slotExpansion=1 for 64 slots
04-26 22:09:10.117   736   836 V WindowManager: Continue transition id=156 for TaskFragmentTransaction=android.os.Binder@5f2c8d7
04-26 22:09:10.120   736   736 V AccessibilityUserState: updateShortcutTargets: type:accessibility_shortcut_target_service, current:{}, new:{}
04-26 22:09:10.120   736   736 V AccessibilityUserState: updateShortcutTargets: type:accessibility_button_targets, current:{}, new:{}
04-26 22:09:10.120   736   736 V AccessibilityUserState: updateShortcutTargets: type:accessibility_gesture_targets, current:{}, new:{}
04-26 22:09:10.120   736   736 V AccessibilityUserState: updateShortcutTargets: type:accessibility_qs_targets, current:{}, new:{}
04-26 22:09:10.121   736   769 I ActivityManager: Start proc 22914:com.muonline.client/u0a230 for next-top-activity {com.muonline.client/com.muonline.client.PreloadActivity}
04-26 22:09:10.120   736   736 V AccessibilityUserState: updateShortcutTargets: type:accessibility_key_gesture_targets, current:{}, new:{}
04-26 22:09:10.121   736   736 V AccessibilityUserState: updateShortcutTargets: type:accessibility_top_row_key_targets, current:{}, new:{}
04-26 22:09:10.121   736   736 V AccessibilityUserState: updateShortcutTargets: type:accessibility_quick_access_targets, current:{}, new:{}
04-26 22:09:10.121   736   736 W MagnificationConnectionManager: requestConnection duplicated request: connect=false, mConnectionState=DISCONNECTED
04-26 22:09:10.122   736   736 W libbinder.IPCThreadState: Sending oneway calls to frozen process.
04-26 22:09:10.123 22914 22914 I Zygote  : Process 22914 created for com.muonline.client
04-26 22:09:10.123   736   736 W libbinder.IPCThreadState: Sending oneway calls to frozen process.
04-26 22:09:10.123 22914 22914 I muonline.client: Using generational CollectorTypeCMC GC.
04-26 22:09:10.123   736   736 W libbinder.IPCThreadState: Sending oneway calls to frozen process.
04-26 22:09:10.124   736   736 W libbinder.IPCThreadState: Sending oneway calls to frozen process.
04-26 22:09:10.125 22914 22914 W muonline.client: Unexpected CPU variant for x86: x86_64.
04-26 22:09:10.125 22914 22914 W muonline.client: Known variants: atom, sandybridge, silvermont, goldmont, goldmont-plus, goldmont-without-sha-xsaves, tremont, kabylake, alderlake, lunarlake, default
04-26 22:09:10.126   736   736 W libbinder.IPCThreadState: Sending oneway calls to frozen process.
04-26 22:09:10.126   736   736 W libbinder.IPCThreadState: Sending oneway calls to frozen process.
04-26 22:09:10.126   736   736 W libbinder.IPCThreadState: Sending oneway calls to frozen process.
04-26 22:09:10.126   736   736 W libbinder.IPCThreadState: Sending oneway calls to frozen process.
04-26 22:09:10.127   736   736 W libbinder.IPCThreadState: Sending oneway calls to frozen process.
04-26 22:09:10.127   736   736 W libbinder.IPCThreadState: Sending oneway calls to frozen process.
04-26 22:09:10.127   736   736 W libbinder.IPCThreadState: Sending oneway calls to frozen process.
04-26 22:09:10.127   736   736 W libbinder.IPCThreadState: Sending oneway calls to frozen process.
04-26 22:09:10.131  1366 22911 I Fitness : (REDACTED) FitCleanupIntentOperation received Intent %s
04-26 22:09:10.133 22914 22914 D nativeloader: Load libframework-connectivity-tiramisu-jni.so using APEX ns com_android_tethering for caller /apex/com.android.tethering/javalib/framework-connectivity-t.jar: ok
04-26 22:09:10.139   736  1095 E AppOps  : attributionTag VCN not declared in manifest of android
04-26 22:09:10.142  1366 22911 I ProximityAuth: [RecentAppsMediator] Package added: (user=UserHandle{0}) com.muonline.client
04-26 22:09:10.145   736  1076 D IntervalStats: Unable to parse usage stats packages: [273, 276, 277, 278]
04-26 22:09:10.146   736  1076 D IntervalStats: Unable to parse usage stats packages: [278, 280, 281, 282, 283]
04-26 22:09:10.147   736  1076 D IntervalStats: Unable to parse usage stats packages: [283]
04-26 22:09:10.151   736  1076 D IntervalStats: Unable to parse usage stats packages: [283]
04-26 22:09:10.154   736  1076 D IntervalStats: Unable to parse usage stats packages: [283, 284]
04-26 22:09:10.155   736  5314 E RoleControllerServiceImpl: Default/fallback role holder package doesn't qualify for the role, package: com.google.android.gms, role: android.app.role.WALLET, user: 0
04-26 22:09:10.172 22914 22914 D CompatChangeReporter: Compat change id reported: 242716250; UID 10230; state: ENABLED
04-26 22:09:10.187  1219  1219 D BaseActivity: Launcher flags updated: [state_started] -[state_window_focused]
04-26 22:09:10.189 22914 22914 D nativeloader: Configuring clns-9 for other apk /data/app/~~Xf5WRTFL-InhfSanbSm64A==/com.muonline.client-grmULRHeaMPNjBk1XwKyxg==/base.apk. target_sdk_version=34, uses_libraries=, library_path=/data/app/~~Xf5WRTFL-InhfSanbSm64A==/com.muonline.client-grmULRHeaMPNjBk1XwKyxg==/lib/x86_64:/data/app/~~Xf5WRTFL-InhfSanbSm64A==/com.muonline.client-grmULRHeaMPNjBk1XwKyxg==/base.apk!/lib/x86_64, permitted_path=/data:/mnt/expand:/data/user/0/com.muonline.client
04-26 22:09:10.190   736  5314 W SignedPackage: Cannot get ApplicationInfo for package: com.google.android.devicelockcontroller
04-26 22:09:10.198 22914 22914 V GraphicsEnvironment: Currently set values for:
04-26 22:09:10.198 22914 22914 V GraphicsEnvironment:   angle_gl_driver_selection_pkgs=[]
04-26 22:09:10.198  1036  1091 V RecentTasksController: Notify recent tasks changed
04-26 22:09:10.198 22914 22914 V GraphicsEnvironment:   angle_gl_driver_selection_values=[]
04-26 22:09:10.198 22914 22914 V GraphicsEnvironment: com.muonline.client is not listed in per-application setting
04-26 22:09:10.198 22914 22914 V GraphicsEnvironment: No special selections for ANGLE, returning default driver choice
04-26 22:09:10.198 22914 22914 V GraphicsEnvironment: Neither updatable production driver nor prerelease driver is supported.
04-26 22:09:10.212   736   759 V WindowManager: Sent Transition (#156) createdAt=04-26 22:09:10.033 via request=TransitionRequestInfo { type = OPEN, triggerTask = TaskInfo{userId=0 taskId=120 effectiveUid=10230 displayId=0 isRunning=true baseIntent=Intent { flg=0x10000000 cmp=com.muonline.client/.PreloadActivity } baseActivity=ComponentInfo{com.muonline.client/com.muonline.client.PreloadActivity} topActivity=ComponentInfo{com.muonline.client/com.muonline.client.PreloadActivity} origActivity=null realActivity=ComponentInfo{com.muonline.client/com.muonline.client.PreloadActivity} realActivityIsAppLockEnabled=false numActivities=1 lastActiveTime=23924664 supportsMultiWindow=true supportsMultiWindowWithoutConstraints=true resizeMode=1 isResizeable=true minWidth=-1 minHeight=-1 defaultMinSize=220 token=WCT{RemoteToken{565e21c Task{9c6bce8 #120 type=standard A=10230:com.muonline.client}}} topActivityType=1 pictureInPictureParams=null shouldDockBigOverlays=false launchIntoPipHostTaskId=-1 lastParentTaskIdBeforePip=-1 displayCutoutSafeInsets=Rect(132, 0 - 0, 0) topActivityInfo=ActivityInfo{4edfe25 com.muonline.client.PreloadActivity} launchCookies=[] positionInParent=Point(0, 0) parentTaskId=-1 isFocused=false isInteractive=false isVisible=false isVisibleRequested=false isTopActivityNoDisplay=false isSleeping=false locusId=null displayAreaFeatureId=1 isTopActivityTransparent=false isActivityStackTransparent=false lastNonFullscreenBounds=null leafTaskBoundsFromOptions= false capturedLink=null capturedLinkTimestamp=0 requestedVisibleTypes=503 topActivityRequestOpenInBrowserEducationTimestamp=0 appCompatTaskInfo=AppCompatTaskInfo { topActivityInSizeCompat=false isLeafTask= true eligibleForLetterboxEducation= false isLetterboxEducationEnabled= true isLetterboxDoubleTapEnabled= false eligibleForUserAspectRatioButton= false topActivityBoundsLetterboxed= false isFromLetterboxDoubleTap= false topActivityLetterboxVerticalPosition= -1 topActivityLetterboxHorizontalPosition= -1 topActivityLetterboxWidth=-1 topActivityLetterboxHeight=-1 topActivityAppBounds=Rect(132, 0 - 2400, 1017) isUserFullscreenOverrideEnabled=false isSystemFullscreenOverrideEnabled=false hasMinAspectRatioOverride=false topActivityLetterboxBounds=null topNonResizableActivityAspectRatio=-1.0} topActivityMainWindowFrame=null isAppBubble=false}, pipChange = null, remoteTransitionInfo = null, displayChange = null, requestedLocation = null, userChange = null, windowingLayerChange = null, fullscreenRequestChange = null, flags = 0, debugId = 156 }
04-26 22:09:10.212   736   759 V WindowManager:     startWCT=WindowContainerTransaction { changes= {} hops= [] flags= 0 errorCallbackToken=null taskFragmentOrganizer=null }
04-26 22:09:10.212   736   759 V WindowManager:     info={id=156 t=OPEN f=0x0 trk=0 r=[0@Point(0, 0)] c=[
04-26 22:09:10.212   736   759 V WindowManager:         {WCT{RemoteToken{565e21c Task{9c6bce8 #120 type=standard A=10230:com.muonline.client}}} m=OPEN f=MOVE_TO_TOP leash=Surface(name=Task=120#1750)/@0x3a8f333 sb=Rect(0, 0 - 2400, 1080) eb=Rect(0, 0 - 2400, 1080) epz=Point(2400, 1080) d=0 taskParent=-1 winMode=1 userId=0},
04-26 22:09:10.212   736   759 V WindowManager:         {WCT{RemoteToken{4853fd5 Task{13e540b #1 type=home}}} m=TO_BACK f=SHOW_WALLPAPER leash=Surface(name=Task=1#34)/@0x499be06 sb=Rect(0, 0 - 2400, 1080) eb=Rect(0, 0 - 2400, 1080) epz=Point(2400, 1080) d=0 taskParent=-1 winMode=1 userId=0},
04-26 22:09:10.212   736   759 V WindowManager:         {m=TO_BACK f=IS_WALLPAPER leash=Surface(name=Surface(name=WallpaperWindowToken{3bea6dd}#54)/@0x4e520e1 - rotation-leash#1745)/@0xb007185 sb=Rect(0, 0 - 1080, 2400) eb=Rect(0, 0 - 2400, 1080) epz=Point(2400, 1080) d=0 r=0->1:-1}
04-26 22:09:10.212   736   759 V WindowManager:     ]}
04-26 22:09:10.214  1036  1418 V WindowManagerShell: onTransitionReady(transaction=3161095946500)
04-26 22:09:10.215  1036  1091 V ShellTaskOrganizer: Task appeared taskId=120 listener=FullscreenTaskListener
04-26 22:09:10.215  1036  1091 V ShellTaskOrganizer: Fullscreen Task Appeared: #120
04-26 22:09:10.218  1036  1091 V RecentTasksController: Notify recent tasks changed
04-26 22:09:10.218 14925 22936 I PackageInstalledIntentO: Test flag v2 is disabled [CONTEXT service_id=469 ]
04-26 22:09:10.218 14925 22933 I AppBackupPkgRemovedIO: Backup state cleanup on uninstall is disabled. [CONTEXT service_id=229 ]
04-26 22:09:10.218  1036  1091 V WindowManagerShell: onTransitionReady (#156) android.os.BinderProxy@f118cd9: {id=156 t=OPEN f=0x0 trk=0 r=[0@Point(0, 0)] c=[
04-26 22:09:10.218  1036  1091 V WindowManagerShell:         {m=OPEN f=MOVE_TO_TOP leash=Surface(name=Task=120#1750)/@0x86396b2 sb=Rect(0, 0 - 2400, 1080) eb=Rect(0, 0 - 2400, 1080) epz=Point(2400, 1080) d=0 taskParent=-1 winMode=1 userId=0},
04-26 22:09:10.218  1036  1091 V WindowManagerShell:         {m=TO_BACK f=SHOW_WALLPAPER leash=Surface(name=Task=1#34)/@0x9fd9603 sb=Rect(0, 0 - 2400, 1080) eb=Rect(0, 0 - 2400, 1080) epz=Point(2400, 1080) d=0 taskParent=-1 winMode=1 userId=0},
04-26 22:09:10.218  1036  1091 V WindowManagerShell:         {m=TO_BACK f=IS_WALLPAPER leash=Surface(name=Surface(name=WallpaperWindowToken{3bea6dd}#54)/@0x4e520e1 - rotation-leash#1745)/@0xdfff980 sb=Rect(0, 0 - 1080, 2400) eb=Rect(0, 0 - 2400, 1080) epz=Point(2400, 1080) d=0 r=0->1:-1}
04-26 22:09:10.218  1036  1091 V WindowManagerShell:     ]}
04-26 22:09:10.229  1366 22913 I FontLog : (REDACTED) Package %s has no metadata
04-26 22:09:10.236   736  1715 W InputChannel-JNI: Channel already disposed.
04-26 22:09:10.238  1036  1091 V WindowManagerShell: Transition (#156) android.os.BinderProxy@f118cd9@0 ready while (#155) android.os.BinderProxy@ec0b4ec@0 is still animating. Notify the animating transition in case they can be merged
04-26 22:09:10.239  1036  1091 V WindowManagerShell:    Requesting merge (#156) into remote: RemoteTransition { remoteTransition = android.window.IRemoteTransition$Stub$Proxy@fea59eb, appThread = android.app.IApplicationThread$Stub$Proxy@4f01348, debugName = QuickstepLaunchHome, filter = {types=[] flags=0x0 notFlags=0x100 checks=[{atype=home independent=true modes=[OPEN,TO_FRONT] flags=NONE mustBeTask=false order=ANY topActivity=ComponentInfo{com.google.android.apps.nexuslauncher/com.google.android.apps.nexuslauncher.NexusLauncherActivity} launchCookie=null windowingMode=undefined isCrossDisplayMove=false},{atype=standard independent=true modes=[CLOSE,TO_BACK] flags=NONE mustBeTask=false order=ANY topActivity=null launchCookie=null windowingMode=undefined isCrossDisplayMove=false},{NOT atype=undefined independent=true modes=[] flags=NONE mustBeTask=true order=ANY topActivity=null launchCookie=null customAnim=true windowingMode=undefined isCrossDisplayMove=false}]} }
04-26 22:09:10.241  1036  1144 V WindowManagerShell: Received remote transition finished callback for (#155)
04-26 22:09:10.242  1036  1091 V WindowManagerShell: Transition animation finished (aborted=false), notifying core (#155) android.os.BinderProxy@ec0b4ec@0
04-26 22:09:10.245  1219  1219 D RecentTasksList: invalidateLoadedTasks - previous requestLoadId: -1
04-26 22:09:10.246  1219  1219 D RecentTasksList: invalidateLoadedTasks - previous requestLoadId: -1
04-26 22:09:10.252   736   759 V WindowManager: Finish Transition (#155): created at 04-26 22:09:08.976 collect-started=0.093ms request-sent=0.154ms started=23.749ms ready=150.969ms sent=160.109ms commit=83.686ms finished=1274.831ms
04-26 22:09:10.254 22914 22944 I DisplayManager: Choreographer implicitly registered for the refresh rate.
04-26 22:09:10.257   736  1954 E libbinder.IPCThreadState: Binder transaction failure. id: 5776673, cmd: BR_DEAD_REPLY (29189), error: -22 (Invalid argument)
04-26 22:09:10.257   736  1954 W ActivityManager: pid 736 system sent binder code 7 with flags 1 and got error -32
04-26 22:09:10.260   736  1954 W WindowManager: Exception thrown during dispatchAppVisibility Window{95d7509 u0 com.muonline.client/com.muonline.client.MuMainActivity EXITING}
04-26 22:09:10.260   736  1954 W WindowManager: android.os.DeadObjectException
04-26 22:09:10.260   736  1954 W WindowManager: 	at android.os.BinderProxy.transactNative(Native Method)
04-26 22:09:10.260   736  1954 W WindowManager: 	at android.os.BinderProxy.transact(BinderProxy.java:617)
04-26 22:09:10.260   736  1954 W WindowManager: 	at android.view.IWindow$Stub$Proxy.dispatchAppVisibility(IWindow.java:596)
04-26 22:09:10.260   736  1954 W WindowManager: 	at com.android.server.wm.WindowState.sendAppVisibilityToClients(WindowState.java:3335)
04-26 22:09:10.260   736  1954 W WindowManager: 	at com.android.server.wm.WindowContainer.sendAppVisibilityToClients(WindowContainer.java:1245)
04-26 22:09:10.260   736  1954 W WindowManager: 	at com.android.server.wm.WindowToken.setClientVisible(WindowToken.java:392)
04-26 22:09:10.260   736  1954 W WindowManager: 	at com.android.server.wm.ActivityRecord.commitVisibility(ActivityRecord.java:5599)
04-26 22:09:10.260   736  1954 W WindowManager: 	at com.android.server.wm.Transition.finishTransition(Transition.java:1570)
04-26 22:09:10.260   736  1954 W WindowManager: 	at com.android.server.wm.TransitionController.finishTransition(TransitionController.java:1205)
04-26 22:09:10.260   736  1954 W WindowManager: 	at com.android.server.wm.WindowOrganizerController.finishTransition(WindowOrganizerController.java:533)
04-26 22:09:10.260   736  1954 W WindowManager: 	at android.window.IWindowOrganizerController$Stub.onTransact(IWindowOrganizerController.java:265)
04-26 22:09:10.260   736  1954 W WindowManager: 	at com.android.server.wm.WindowOrganizerController.onTransact(WindowOrganizerController.java:239)
04-26 22:09:10.260   736  1954 W WindowManager: 	at android.os.Binder.execTransactInternal(Binder.java:1466)
04-26 22:09:10.260   736  1954 W WindowManager: 	at android.os.Binder.execTransact(Binder.java:1411)
04-26 22:09:10.261   736  1954 W Process : Unable to open /proc/22736/status
04-26 22:09:10.279  1036  1091 V WindowManagerShell: Playing animation for (#156) android.os.BinderProxy@f118cd9@0
04-26 22:09:10.279  1036  1091 D ShellSplitScreen: startAnimation: transition=156 isSplitActive=false
04-26 22:09:10.280  1036  1091 V ShellRecents: RecentsTransitionHandler.startAnimation: no controller found
04-26 22:09:10.280  1036  1091 V ShellDesktopMode: DesktopMixedTransitionHandler: No pending desktop transition
