04-26 16:49:34.517   736   931 D InetDiagMessage: Destroyed 0 sockets, proto=IPPROTO_TCP, family=AF_INET6, states=14
04-26 16:49:34.517   736   931 D InetDiagMessage: Destroyed live tcp sockets for uids={20230} in 1ms
04-26 16:49:34.518  1219  1219 D ViewRootImpl: Skipping stats log for color mode
04-26 16:49:34.518  1036  1091 V RecentTasksController: Notify recent tasks changed
04-26 16:49:34.518  1219  1219 D BaseActivity: Launcher flags updated: [state_started] +[state_started]
04-26 16:49:34.518  1219  1219 D BaseActivity: Launcher flags updated: [state_started|state_resumed|state_user_active] +[state_resumed|state_user_active]
04-26 16:49:34.521  1219  1219 D BaseActivity: Launcher flags updated: [state_started|state_resumed|state_user_active] +[]
04-26 16:49:34.522  1219  1219 D SmartspaceInteractor: notifySmartspaceEvent: SmartspaceTargetEvent{mSmartspaceTarget=null, mSmartspaceActionId='null', mEventType=6}
04-26 16:49:34.525  1036  1091 D WindowManagerShell: setLauncherKeepClearAreaHeight: visible=true, height=495
04-26 16:49:34.525   736  1848 V WindowManager: Continue transition id=60 for TaskFragmentTransaction=android.os.Binder@5ec4bf6
04-26 16:49:34.526   736   796 I ActivityManager: Force stopping com.muonline.client appid=10230 user=0: pkg removed
04-26 16:49:34.527   736   796 I WindowManager:   Force removing ActivityRecord{116775216 u0 com.muonline.client/.MuMainActivity t99 f} isExiting}
04-26 16:49:34.527   736   796 W WindowManager: removeAppToken: Attempted to remove non-existing token: Token{9fa49a9 ActivityRecord{116775216 u0 com.muonline.client/.MuMainActivity t99 f} isExiting}}
04-26 16:49:34.527   736  1957 D WindowManager: setClientSurface Surface(name=VRI-com.google.android.apps.nexuslauncher/com.google.android.apps.nexuslauncher.NexusLauncherActivity#660)/@0xb057bf7 for 7d08289 com.google.android.apps.nexuslauncher/com.google.android.apps.nexuslauncher.NexusLauncherActivity
04-26 16:49:34.531   736  2221 E AppOps  : attributionTag  not declared in manifest of com.muonline.client
04-26 16:49:34.531   736  2221 W AppOps  : Operation not started: uid=10230 pkg=com.muonline.client(null) op=CONTROL_AUDIO_PARTIAL
04-26 16:49:34.533   736   796 W libbinder.IPCThreadState: Sending oneway calls to frozen process.
04-26 16:49:34.533   736   796 W libbinder.IPCThreadState: Sending oneway calls to frozen process.
04-26 16:49:34.533   736   796 W libbinder.IPCThreadState: Sending oneway calls to frozen process.
04-26 16:49:34.533   736   796 W libbinder.IPCThreadState: Sending oneway calls to frozen process.
04-26 16:49:34.533  1219  1219 I Surface : Creating surface for consumer unnamed-1219-22 with slotExpansion=1 for 64 slots
04-26 16:49:34.534   736   796 W libbinder.IPCThreadState: Sending oneway calls to frozen process.
04-26 16:49:34.534   736   796 W libbinder.IPCThreadState: Sending oneway calls to frozen process.
04-26 16:49:34.534   736  1957 I AS.AudioService: AudioHardening background playback would be muted for com.muonline.client (10230), level: partial
04-26 16:49:34.534  1219  1219 I Surface : Creating surface for consumer VRI[NexusLauncherActivity]#16(BLAST Consumer)16 with slotExpansion=1 for 64 slots
04-26 16:49:34.535   736  1957 E AppOps  : attributionTag  not declared in manifest of com.muonline.client
04-26 16:49:34.535   736  1957 W AppOps  : Operation not started: uid=10230 pkg=com.muonline.client(null) op=CONTROL_AUDIO
04-26 16:49:34.535   736   796 W libbinder.IPCThreadState: Sending oneway calls to frozen process.
04-26 16:49:34.535   736   796 W libbinder.IPCThreadState: Sending oneway calls to frozen process.
04-26 16:49:34.535   736   796 W libbinder.IPCThreadState: Sending oneway calls to frozen process.
04-26 16:49:34.535   736   796 W libbinder.IPCThreadState: Sending oneway calls to frozen process.
04-26 16:49:34.535   736   796 W libbinder.IPCThreadState: Sending oneway calls to frozen process.
04-26 16:49:34.535   736   796 W libbinder.IPCThreadState: Sending oneway calls to frozen process.
04-26 16:49:34.536   736   796 W libbinder.IPCThreadState: Sending oneway calls to frozen process.
04-26 16:49:34.536   736   796 W libbinder.IPCThreadState: Sending oneway calls to frozen process.
04-26 16:49:34.536   736   796 W libbinder.IPCThreadState: Sending oneway calls to frozen process.
04-26 16:49:34.536   736   796 W libbinder.IPCThreadState: Sending oneway calls to frozen process.
04-26 16:49:34.537  1219  1219 D BaseDepthController: setSurface:
04-26 16:49:34.537  1219  1219 D BaseDepthController: 	mWaitingOnSurfaceValidity: false
04-26 16:49:34.537  1219  1219 D BaseDepthController: 	mBaseSurface: Surface(name=VRI-com.google.android.apps.nexuslauncher/com.google.android.apps.nexuslauncher.NexusLauncherActivity#660)/@0xd45637f
04-26 16:49:34.537  1219  1219 V BaseDepthController: Applying blur: 0 to Surface(name=VRI-com.google.android.apps.nexuslauncher/com.google.android.apps.nexuslauncher.NexusLauncherActivity#660)/@0xd45637f applyImmediately: false
04-26 16:49:34.537  1219  1219 D BaseDepthController: shouldBlurWorkspace: false targetState: Normal currentStableState: Normal mCurrentBlur: 0 mLauncher.getDepthBlurTargets(): [com.android.launcher3.Workspace{573bc60 V.ED..... .......D 0,0-1080,2400 #7f0a047d app:id/workspace}, com.android.launcher3.Hotseat{7eca519 V.ED..... .......D 0,1905-1080,2400 #7f0a01f1 app:id/hotseat}]
04-26 16:49:34.539  1036  1344 D WallpaperService: onVisibilityChanged(true): com.android.systemui.wallpapers.ImageWallpaper$CanvasEngine@85e2344
04-26 16:49:34.548  1036  1344 D WallpaperService: onSurfaceChanged(android.service.wallpaper.WallpaperService$Engine$1@81efc57, 2, 922, 1024): com.android.systemui.wallpapers.ImageWallpaper$CanvasEngine@85e2344
04-26 16:49:34.548  1036  1344 D WallpaperService: onSurfaceRedrawNeeded(android.service.wallpaper.WallpaperService$Engine$1@81efc57): com.android.systemui.wallpapers.ImageWallpaper$CanvasEngine@85e2344
04-26 16:49:34.553  1036  1344 D WallpaperService: onSurfaceChanged(android.service.wallpaper.WallpaperService$Engine$1@81efc57, 2, 922, 1024): com.android.systemui.wallpapers.ImageWallpaper$CanvasEngine@85e2344
04-26 16:49:34.553  1036  1344 D WallpaperService: onSurfaceRedrawNeeded(android.service.wallpaper.WallpaperService$Engine$1@81efc57): com.android.systemui.wallpapers.ImageWallpaper$CanvasEngine@85e2344
04-26 16:49:34.558   560   624 I AF::AfPlaybackCommon: processMuteEvent(66): processed mute state for port ID 26 from 0 to 0x80
04-26 16:49:34.603   736   936 E AppOps  : attributionTag VCN not declared in manifest of android
04-26 16:49:34.609   736   976 D ShortcutService: received package broadcast intent: Intent { act=android.intent.action.PACKAGE_REMOVED dat=package: flg=0x4000010 (has extras) }
04-26 16:49:34.626   736   986 I SdkSandboxManager: No SDKs used. Skipping SDK data reconcilation for CallingInfo{mUid=10230, mPackageName='com.muonline.client, mAppProcessToken='null'}
04-26 16:49:34.626   736   976 D ShortcutService: received package broadcast intent: Intent { act=android.intent.action.PACKAGE_ADDED dat=package: flg=0x4000010 (has extras) }
04-26 16:49:34.626   736   976 D ShortcutService: replacing package: com.muonline.client userId=0
04-26 16:49:34.631  1219  1219 D RecentTasksList: invalidateLoadedTasks - previous requestLoadId: -1
04-26 16:49:34.631  1219  1219 D BaseActivity: Launcher flags updated: [state_started|state_resumed|state_deferred_resumed|state_user_active] +[state_deferred_resumed]
04-26 16:49:34.631  1219  1219 D StatsLog: LAUNCHER_ONRESUME
04-26 16:49:34.635  1203  1331 I SatelliteAppTracker: onPackageUpdateFinished : com.muonline.client
04-26 16:49:34.635  1203  1331 I SatelliteAppTracker: onPackageModified : com.muonline.client
04-26 16:49:34.637  1219  1270 D QuickstepModelDelegate: notifyAppTargetEvent action=1 launchLocation=workspace/0/[-1,-1]/[1,1]
04-26 16:49:34.637  3743  3773 I AiAiEcho: Predicting[0]:  [CONTEXT sampling_count=5 ]
04-26 16:49:34.638  3743  3773 I AiAiEcho: EchoTargets: 
04-26 16:49:34.638  3743  3773 I AiAiEcho: Filtered by AiAi flag check: 
04-26 16:49:34.638  3743  3773 I AiAiEcho: [CONTEXT ratelimit_period="10 SECONDS" ]
04-26 16:49:34.639  3743  3773 I AiAiEcho: #remoteViewsTwiddler: feature disabled.
04-26 16:49:34.642   736   767 I AppBindingService: [Supervision app] feature disabled
04-26 16:49:34.643  1036  1036 D ControlsListingControllerImpl: ServiceConfig reloaded, count: 0
04-26 16:49:34.643  1036  1046 V WindowManagerShell: onTransitionReady(transaction=3161095935922)
04-26 16:49:34.644  1036  1091 V WindowManagerShell: onTransitionReady (#60) android.os.BinderProxy@51a63ef: {id=60 t=CLOSE f=0x0 trk=0 r=[0@Point(0, 0)] c=[
04-26 16:49:34.644  1036  1091 V WindowManagerShell:         {m=TO_FRONT f=SHOW_WALLPAPER|MOVE_TO_TOP leash=Surface(name=Task=1#34)/@0x5f2c194 sb=Rect(0, 0 - 2400, 1080) eb=Rect(0, 0 - 2400, 1080) epz=Point(2400, 1080) d=0 endFixedRotation=0 taskParent=-1 winMode=1 userId=0},
04-26 16:49:34.644  1036  1091 V WindowManagerShell:         {m=CLOSE f=NONE leash=Surface(name=Task=99#626)/@0xbcfb43d sb=Rect(0, 0 - 2400, 1080) eb=Rect(0, 0 - 2400, 1080) epz=Point(2400, 1080) d=0 taskParent=-1 winMode=1 userId=0},
04-26 16:49:34.644  1036  1091 V WindowManagerShell:         {m=TO_FRONT f=IS_WALLPAPER leash=Surface(name=Surface(name=WallpaperWindowToken{3bea6dd}#54)/@0x4e520e1 - rotation-leash#664)/@0x4888432 sb=Rect(0, 0 - 2400, 1080) eb=Rect(0, 0 - 2400, 1080) epz=Point(2400, 1080) d=0}
04-26 16:49:34.644  1036  1091 V WindowManagerShell:     ]}
04-26 16:49:34.644  1036  1091 V WindowManagerShell: Playing animation for (#60) android.os.BinderProxy@51a63ef@0
04-26 16:49:34.645  1036  1091 D ShellSplitScreen: startAnimation: transition=60 isSplitActive=false
04-26 16:49:34.645  1036  1091 V ShellRecents: RecentsTransitionHandler.startAnimation: no controller found
04-26 16:49:34.645  1036  1091 V ShellDesktopMode: DesktopMixedTransitionHandler: No pending desktop transition
04-26 16:49:34.645  1036  1091 V WindowManagerShell: Transition doesn't have explicit remote, search filters for match for {id=60 t=CLOSE f=0x0 trk=0 r=[0@Point(0, 0)] c=[{m=TO_FRONT f=SHOW_WALLPAPER|MOVE_TO_TOP leash=Surface(name=Task=1#34)/@0x5f2c194 sb=Rect(0, 0 - 2400, 1080) eb=Rect(0, 0 - 2400, 1080) epz=Point(2400, 1080) d=0 endFixedRotation=0 taskParent=-1 winMode=1 userId=0},{m=CLOSE f=NONE leash=Surface(name=Task=99#626)/@0xbcfb43d sb=Rect(0, 0 - 2400, 1080) eb=Rect(0, 0 - 2400, 1080) epz=Point(2400, 1080) d=0 taskParent=-1 winMode=1 userId=0},{m=TO_FRONT f=IS_WALLPAPER leash=Surface(name=Surface(name=WallpaperWindowToken{3bea6dd}#54)/@0x4e520e1 - rotation-leash#664)/@0x4888432 sb=Rect(0, 0 - 2400, 1080) eb=Rect(0, 0 - 2400, 1080) epz=Point(2400, 1080) d=0}]}
04-26 16:49:34.645  1036  1091 V WindowManagerShell:  Checking filter Pair{{types=[] flags=0x0 notFlags=0x0 checks=[{atype=undefined independent=true modes=[CLOSE,TO_BACK] flags=IN_TASK_WITH_EMBEDDED_ACTIVITY mustBeTask=false order=ANY topActivity=null launchCookie=null taskFragmentToken=android.os.BinderProxy@e90ae30 windowingMode=undefined isCrossDisplayMove=false}]} RemoteTransition { remoteTransition = android.window.IRemoteTransition$Stub$Proxy@1ccfaa9, appThread = android.app.IApplicationThread$Stub$Proxy@5c682e, debugName = overlayBackTransition, filter = {types=[] flags=0x0 notFlags=0x0 checks=[{atype=undefined independent=true modes=[CLOSE,TO_BACK] flags=IN_TASK_WITH_EMBEDDED_ACTIVITY mustBeTask=false order=ANY topActivity=null launchCookie=null taskFragmentToken=android.os.BinderProxy@e90ae30 windowingMode=undefined isCrossDisplayMove=false}]} }}
04-26 16:49:34.645  1036  1091 V WindowManagerShell:  Checking filter Pair{{types=[] flags=0x0 notFlags=0x0 checks=[{atype=dream independent=true modes=[OPEN,TO_FRONT] flags=NONE mustBeTask=false order=ANY topActivity=null launchCookie=null windowingMode=undefined isCrossDisplayMove=false},{atype=home independent=true modes=[CLOSE,TO_BACK] flags=NONE mustBeTask=false order=ANY topActivity=null launchCookie=null windowingMode=undefined isCrossDisplayMove=false}]} RemoteTransition { remoteTransition = android.window.IRemoteTransition$Stub$Proxy@aa8fcf, appThread = android.app.IApplicationThread$Stub$Proxy@98a7d5c, debugName = LauncherToDream, filter = {types=[] flags=0x0 notFlags=0x0 checks=[{atype=dream independent=true modes=[OPEN,TO_FRONT] flags=NONE mustBeTask=false order=ANY topActivity=null launchCookie=null windowingMode=undefined isCrossDisplayMove=false},{atype=home independent=true modes=[CLOSE,TO_BACK] flags=NONE mustBeTask=false order=ANY topActivity=null launchCookie=null windowingMode=undefined isCrossDisplayMove=false}]} }}
04-26 16:49:34.646   736  1000 D SensorService: Unregistering client listener for PID 9020
04-26 16:49:34.646  1203  1203 E SmsApplication: com.google.android.apps.messaging lost android:read_cell_broadcasts:  (fixing)
04-26 16:49:34.646   736  1827 W AppOpService: Ignored setUidMode call for runtime permission app op: uid = 10155, code = READ_CELL_BROADCASTS, mode = allow, callingUid = 1001, oldMode = allow
04-26 16:49:34.647  3743  3773 I AiAiEcho: #postPredictionTargets: Sending updates to UISurface home with targets# 0 (types=[])
04-26 16:49:34.649  1174  1174 I bluetooth: system/btif/avrcp/avrcp_service.cc:533 SendMediaUpdate: track_changed=false :  play_state=true :  queue=false
04-26 16:49:34.649  1174  1174 E MediaControlProfile: onCurrentPlayerStateUpdated: base actions not supported, player actions= 0, expected at least= 7f
04-26 16:49:34.649  1174  1174 W MediaControlGattService: Feature PLAYBACK_SPEED support: true
04-26 16:49:34.650  1174  1174 W MediaControlGattService: Feature PLAYBACK_SPEED support: true
04-26 16:49:34.650  1174  1174 W MediaControlGattService: Feature PLAYBACK_SPEED support: true
04-26 16:49:34.650  1174  1174 W MediaControlGattService: Feature PLAYBACK_SPEED_NOTIFY support: true
04-26 16:49:34.650  1036  1091 V WindowManagerShell:  Checking filter Pair{{types=[] flags=0x0 notFlags=0x0 checks=[{atype=standard independent=false modes=[CHANGE] flags=NONE mustBeTask=true order=ANY topActivity=null launchCookie=null windowingMode=undefined isCrossDisplayMove=true}]} RemoteTransition { remoteTransition = android.window.IRemoteTransition$Stub$Proxy@3519865, appThread = android.app.IApplicationThread$Stub$Proxy@94ad93a, debugName = QuickstepDisplayMove, filter = {types=[] flags=0x0 notFlags=0x0 checks=[{atype=standard independent=false modes=[CHANGE] flags=NONE mustBeTask=true order=ANY topActivity=null launchCookie=null windowingMode=undefined isCrossDisplayMove=true}]} }}
04-26 16:49:34.650  1036  1091 V WindowManagerShell:  Checking filter Pair{{types=[] flags=0x0 notFlags=0x100 checks=[{atype=home independent=true modes=[OPEN,TO_FRONT] flags=NONE mustBeTask=false order=ANY topActivity=ComponentInfo{com.google.android.apps.nexuslauncher/com.google.android.apps.nexuslauncher.NexusLauncherActivity} launchCookie=null windowingMode=undefined isCrossDisplayMove=false},{atype=standard independent=true modes=[CLOSE,TO_BACK] flags=NONE mustBeTask=false order=ANY topActivity=null launchCookie=null windowingMode=undefined isCrossDisplayMove=false},{NOT atype=undefined independent=true modes=[] flags=NONE mustBeTask=true order=ANY topActivity=null launchCookie=null customAnim=true windowingMode=undefined isCrossDisplayMove=false}]} RemoteTransition { remoteTransition = android.window.IRemoteTransition$Stub$Proxy@fea59eb, appThread = android.app.IApplicationThread$Stub$Proxy@4f01348, debugName = QuickstepLaunchHome, filter = {types=[] flags=0x0 notFlags=0x100 checks=[{atype=home independent=true modes=[OPEN,TO_FRONT] flags=NONE mustBeTask=false order=ANY topActivity=ComponentInfo{com.google.android.apps.nexuslauncher/com.google.android.apps.nexuslauncher.NexusLauncherActivity} launchCookie=null windowingMode=undefined isCrossDisplayMove=false},{atype=standard independent=true modes=[CLOSE,TO_BACK] flags=NONE mustBeTask=false order=ANY topActivity=null launchCookie=null windowingMode=undefined isCrossDisplayMove=false},{NOT atype=undefined independent=true modes=[] flags=NONE mustBeTask=true order=ANY topActivity=null launchCookie=null customAnim=true windowingMode=undefined isCrossDisplayMove=false}]} }}
04-26 16:49:34.650  1036  1091 D RemoteTransitionHandler: Found filterPair{{types=[] flags=0x0 notFlags=0x100 checks=[{atype=home independent=true modes=[OPEN,TO_FRONT] flags=NONE mustBeTask=false order=ANY topActivity=ComponentInfo{com.google.android.apps.nexuslauncher/com.google.android.apps.nexuslauncher.NexusLauncherActivity} launchCookie=null windowingMode=undefined isCrossDisplayMove=false},{atype=standard independent=true modes=[CLOSE,TO_BACK] flags=NONE mustBeTask=false order=ANY topActivity=null launchCookie=null windowingMode=undefined isCrossDisplayMove=false},{NOT atype=undefined independent=true modes=[] flags=NONE mustBeTask=true order=ANY topActivity=null launchCookie=null customAnim=true windowingMode=undefined isCrossDisplayMove=false}]} RemoteTransition { remoteTransition = android.window.IRemoteTransition$Stub$Proxy@fea59eb, appThread = android.app.IApplicationThread$Stub$Proxy@4f01348, debugName = QuickstepLaunchHome, filter = {types=[] flags=0x0 notFlags=0x100 checks=[{atype=home independent=true modes=[OPEN,TO_FRONT] flags=NONE mustBeTask=false order=ANY topActivity=ComponentInfo{com.google.android.apps.nexuslauncher/com.google.android.apps.nexuslauncher.NexusLauncherActivity} launchCookie=null windowingMode=undefined isCrossDisplayMove=false},{atype=standard independent=true modes=[CLOSE,TO_BACK] flags=NONE mustBeTask=false order=ANY topActivity=null launchCookie=null windowingMode=undefined isCrossDisplayMove=false},{NOT atype=undefined independent=true modes=[] flags=NONE mustBeTask=true order=ANY topActivity=null launchCookie=null customAnim=true windowingMode=undefined isCrossDisplayMove=false}]} }}
04-26 16:49:34.650  1036  1091 V WindowManagerShell:  Delegate animation for (#60) to RemoteTransition { remoteTransition = android.window.IRemoteTransition$Stub$Proxy@fea59eb, appThread = android.app.IApplicationThread$Stub$Proxy@4f01348, debugName = QuickstepLaunchHome, filter = {types=[] flags=0x0 notFlags=0x100 checks=[{atype=home independent=true modes=[OPEN,TO_FRONT] flags=NONE mustBeTask=false order=ANY topActivity=ComponentInfo{com.google.android.apps.nexuslauncher/com.google.android.apps.nexuslauncher.NexusLauncherActivity} launchCookie=null windowingMode=undefined isCrossDisplayMove=false},{atype=standard independent=true modes=[CLOSE,TO_BACK] flags=NONE mustBeTask=false order=ANY topActivity=null launchCookie=null windowingMode=undefined isCrossDisplayMove=false},{NOT atype=undefined independent=true modes=[] flags=NONE mustBeTask=true order=ANY topActivity=null launchCookie=null customAnim=true windowingMode=undefined isCrossDisplayMove=false}]} }
04-26 16:49:34.654   736  1938 I ImeTracker: com.muonline.client:e93e5318: onRequestHide at ORIGIN_SERVER reason HIDE_REMOVE_CLIENT fromUser false userId 0 displayId 0
04-26 16:49:34.656  1036  1036 D ControlsListingControllerImpl: ServiceConfig reloaded, count: 0
04-26 16:49:34.658   736  1938 I ImeTracker: com.muonline.client:e93e5318: onCancelled at PHASE_SERVER_SHOULD_HIDE
04-26 16:49:34.658  4105  4105 W InputChannel-JNI: Channel already disposed.
04-26 16:49:34.670  1174  1361 I BluetoothAdapterProperties: getBondedDevices: length=0
04-26 16:49:34.670  1174  1174 W MediaControlGattService: Feature TRACK_POSITION support: true
04-26 16:49:34.670  1174  1174 W MediaControlGattService: Feature TRACK_POSITION_NOTIFY support: true
04-26 16:49:34.670  1174  1174 W MediaControlGattService: Feature MEDIA_STATE support: true
04-26 16:49:34.670  1174  1174 W MediaControlGattService: Feature MEDIA_STATE support: true
04-26 16:49:34.671  1174  1361 I BluetoothAdapterProperties: getBondedDevices: length=0
04-26 16:49:34.672   736  1962 W AppOpService: Ignored setUidMode call for runtime permission app op: uid = 1001, code = READ_SMS, mode = allow, callingUid = 1001, oldMode = allow
04-26 16:49:34.672  1174  1174 W MediaControlGattService: Feature MEDIA_CONTROL_POINT_OPCODES_SUPPORTED support: true
04-26 16:49:34.672  1174  1174 W MediaControlGattService: Feature MEDIA_STATE support: true
04-26 16:49:34.672  1174  1174 W MediaControlGattService: Feature MEDIA_STATE support: true
04-26 16:49:34.673  1174  1361 I BluetoothAdapterProperties: getBondedDevices: length=0
04-26 16:49:34.673  1174  1174 W MediaControlGattService: Feature MEDIA_STATE support: true
04-26 16:49:34.673  1174  1174 W MediaControlGattService: Feature SEEKING_SPEED support: true
04-26 16:49:34.673  1174  1174 W MediaControlGattService: Feature SEEKING_SPEED support: true
04-26 16:49:34.673   566   616 W skia    : AGTM parsing failed flags.readFromStream(s) at 159
04-26 16:49:34.673  1174  1174 W MediaControlGattService: Feature SEEKING_SPEED support: true
04-26 16:49:34.674  1174  1174 W MediaControlProfile: MCS service state fields left unhandled: 
04-26 16:49:34.674  1174  1174 W MediaControlProfile:    > PLAYER_NAME
04-26 16:49:34.674  1174  1174 W MediaControlProfile:    > PLAYING_ORDER_SUPPORTED
04-26 16:49:34.677   736   759 V WindowManager: Sent Transition (#60) createdAt=04-26 16:49:34.506 via request=TransitionRequestInfo { type = CLOSE, triggerTask = TaskInfo{userId=0 taskId=99 effectiveUid=10230 displayId=0 isRunning=false baseIntent=Intent { flg=0x10000000 cmp=com.muonline.client/.PreloadActivity } baseActivity=null topActivity=null origActivity=null realActivity=ComponentInfo{com.muonline.client/com.muonline.client.PreloadActivity} realActivityIsAppLockEnabled=false numActivities=0 lastActiveTime=4744687 supportsMultiWindow=true supportsMultiWindowWithoutConstraints=true resizeMode=1 isResizeable=true minWidth=-1 minHeight=-1 defaultMinSize=220 token=WCT{RemoteToken{82fd67 Task{30ed461 #99 type=standard A=10230:com.muonline.client}}} topActivityType=1 pictureInPictureParams=null shouldDockBigOverlays=false launchIntoPipHostTaskId=-1 lastParentTaskIdBeforePip=-1 displayCutoutSafeInsets=Rect(132, 0 - 0, 0) topActivityInfo=null launchCookies=[] positionInParent=Point(0, 0) parentTaskId=-1 isFocused=true isInteractive=false isVisible=true isVisibleRequested=true isTopActivityNoDisplay=false isSleeping=false locusId=null displayAreaFeatureId=1 isTopActivityTransparent=false isActivityStackTransparent=true lastNonFullscreenBounds=null leafTaskBoundsFromOptions= false capturedLink=null capturedLinkTimestamp=0 requestedVisibleTypes=503 topActivityRequestOpenInBrowserEducationTimestamp=0 appCompatTaskInfo=AppCompatTaskInfo { topActivityInSizeCompat=false isLeafTask= true eligibleForLetterboxEducation= false isLetterboxEducationEnabled= false isLetterboxDoubleTapEnabled= false eligibleForUserAspectRatioButton= false topActivityBoundsLetterboxed= false isFromLetterboxDoubleTap= false topActivityLetterboxVerticalPosition= -1 topActivityLetterboxHorizontalPosition= -1 topActivityLetterboxWidth=-1 topActivityLetterboxHeight=-1 topActivityAppBounds=Rect(0, 0 - 0, 0) isUserFullscreenOverrideEnabled=false isSystemFullscreenOverrideEnabled=false hasMinAspectRatioOverride=false topActivityLetterboxBounds=null topNonResizableActivityAspectRatio=-1.0} topActivityMainWindowFrame=null isAppBubble=false}, pipChange = null, remoteTransitionInfo = null, displayChange = null, requestedLocation = null, userChange = null, windowingLayerChange = null, fullscreenRequestChange = null, flags = 0, debugId = 60 }
04-26 16:49:34.677   736   759 V WindowManager:     startWCT=WindowContainerTransaction { changes= {} hops= [] flags= 0 errorCallbackToken=null taskFragmentOrganizer=null }
04-26 16:49:34.677   736   759 V WindowManager:     info={id=60 t=CLOSE f=0x0 trk=0 r=[0@Point(0, 0)] c=[
04-26 16:49:34.677   736   759 V WindowManager:         {WCT{RemoteToken{4853fd5 Task{13e540b #1 type=home}}} m=TO_FRONT f=SHOW_WALLPAPER|MOVE_TO_TOP leash=Surface(name=Task=1#34)/@0x499be06 sb=Rect(0, 0 - 2400, 1080) eb=Rect(0, 0 - 2400, 1080) epz=Point(2400, 1080) d=0 endFixedRotation=0 taskParent=-1 winMode=1 userId=0},
04-26 16:49:34.677   736   759 V WindowManager:         {WCT{RemoteToken{82fd67 Task{30ed461 #99 type=standard A=10230:com.muonline.client}}} m=CLOSE f=NONE leash=Surface(name=Task=99#626)/@0x42b5881 sb=Rect(0, 0 - 2400, 1080) eb=Rect(0, 0 - 2400, 1080) epz=Point(2400, 1080) d=0 taskParent=-1 winMode=1 userId=0},
04-26 16:49:34.677   736   759 V WindowManager:         {m=TO_FRONT f=IS_WALLPAPER leash=Surface(name=Surface(name=WallpaperWindowToken{3bea6dd}#54)/@0x4e520e1 - rotation-leash#664)/@0x37c82c0 sb=Rect(0, 0 - 2400, 1080) eb=Rect(0, 0 - 2400, 1080) epz=Point(2400, 1080) d=0}
04-26 16:49:34.677   736   759 V WindowManager:     ]}
04-26 16:49:34.680  1219  1219 D LauncherStateManager: StateManager.createAtomicAnimation: fromState: Normal, toState: Normal, partial trace:
04-26 16:49:34.680  1219  1219 D LauncherStateManager: 	at com.android.quickstep.util.ScalingWorkspaceRevealAnim.<init>(go/retraceme 7226a759aa2bb3787a79806f85d80eaad84f1f1e15acd6db988f2df789d1680d:60)
04-26 16:49:34.680  1219  1219 D LauncherStateManager: 	at com.android.launcher3.QuickstepTransitionManager.createWallpaperOpenAnimations(go/retraceme 7226a759aa2bb3787a79806f85d80eaad84f1f1e15acd6db988f2df789d1680d:560)
04-26 16:49:34.680  1219  1219 D LauncherStateManager: 	at com.android.launcher3.QuickstepTransitionManager$WallpaperOpenLauncherAnimationRunner.onAnimationStart(go/retraceme 7226a759aa2bb3787a79806f85d80eaad84f1f1e15acd6db988f2df789d1680d:135)
04-26 16:49:34.680  1219  1219 D AllAppsTransitionController: shouldProtectHeader: false skipScrim: true state: Normal stateManager.getState(): Normal
04-26 16:49:34.680  1219  1219 D KeyboardInsetsHandler: removePendingImeController: pendingImeController=null
04-26 16:49:34.680  1219  1219 V BaseDepthController: Applying blur: 0 to Surface(name=VRI-com.google.android.apps.nexuslauncher/com.google.android.apps.nexuslauncher.NexusLauncherActivity#660)/@0xd45637f applyImmediately: false
04-26 16:49:34.681  1219  1219 D BaseDepthController: shouldBlurWorkspace: false targetState: Normal currentStableState: Normal mCurrentBlur: 0 mLauncher.getDepthBlurTargets(): [com.android.launcher3.Workspace{573bc60 V.ED..... ......ID 0,0-1080,2400 #7f0a047d app:id/workspace}, com.android.launcher3.Hotseat{7eca519 V.ED..... ........ 0,1905-1080,2400 #7f0a01f1 app:id/hotseat}]
04-26 16:49:34.681  1219  1219 V BaseDepthController: Applying blur: 0 to Surface(name=VRI-com.google.android.apps.nexuslauncher/com.google.android.apps.nexuslauncher.NexusLauncherActivity#660)/@0xd45637f applyImmediately: false
04-26 16:49:34.681  1219  1219 D BaseDepthController: shouldBlurWorkspace: false targetState: Normal currentStableState: Normal mCurrentBlur: 0 mLauncher.getDepthBlurTargets(): [com.android.launcher3.Workspace{573bc60 V.ED..... ......ID 0,0-1080,2400 #7f0a047d app:id/workspace}, com.android.launcher3.Hotseat{7eca519 V.ED..... ........ 0,1905-1080,2400 #7f0a01f1 app:id/hotseat}]
04-26 16:49:34.681  1219  1219 D LauncherStateManager: StateManager.cancelAnimation: animation ongoing: false, partial trace:
04-26 16:49:34.681  1219  1219 D LauncherStateManager: 	at com.android.launcher3.statemanager.StateManager.setCurrentAnimation(go/retraceme 7226a759aa2bb3787a79806f85d80eaad84f1f1e15acd6db988f2df789d1680d:59)
04-26 16:49:34.681  1219  1219 D LauncherStateManager: 	at com.android.launcher3.QuickstepTransitionManager.createWallpaperOpenAnimations(go/retraceme 7226a759aa2bb3787a79806f85d80eaad84f1f1e15acd6db988f2df789d1680d:672)
04-26 16:49:34.681  1219  1219 D LauncherStateManager: 	at com.android.launcher3.QuickstepTransitionManager$WallpaperOpenLauncherAnimationRunner.onAnimationStart(go/retraceme 7226a759aa2bb3787a79806f85d80eaad84f1f1e15acd6db988f2df789d1680d:135)
04-26 16:49:34.681  1219  1219 D b/311077782: LauncherAnimationRunner.setAnimation
04-26 16:49:34.681  1219  1219 V BaseDepthController: Applying blur: 0 to Surface(name=VRI-com.google.android.apps.nexuslauncher/com.google.android.apps.nexuslauncher.NexusLauncherActivity#660)/@0xd45637f applyImmediately: false
04-26 16:49:34.682  1219  1219 D BaseDepthController: shouldBlurWorkspace: false targetState: Normal currentStableState: Normal mCurrentBlur: 0 mLauncher.getDepthBlurTargets(): [com.android.launcher3.Workspace{573bc60 V.ED..... ......ID 0,0-1080,2400 #7f0a047d app:id/workspace}, com.android.launcher3.Hotseat{7eca519 V.ED..... ......ID 0,1905-1080,2400 #7f0a01f1 app:id/hotseat}]
04-26 16:49:34.682  1219  1219 V BaseDepthController: Applying blur: 0 to Surface(name=VRI-com.google.android.apps.nexuslauncher/com.google.android.apps.nexuslauncher.NexusLauncherActivity#660)/@0xd45637f applyImmediately: false
04-26 16:49:34.682  1219  1219 D BaseDepthController: shouldBlurWorkspace: false targetState: Normal currentStableState: Normal mCurrentBlur: 0 mLauncher.getDepthBlurTargets(): [com.android.launcher3.Workspace{573bc60 V.ED..... ......ID 0,0-1080,2400 #7f0a047d app:id/workspace}, com.android.launcher3.Hotseat{7eca519 V.ED..... ......ID 0,1905-1080,2400 #7f0a01f1 app:id/hotseat}]
04-26 16:49:34.682  1219  1219 V BaseDepthController: Applying blur: 0 to Surface(name=VRI-com.google.android.apps.nexuslauncher/com.google.android.apps.nexuslauncher.NexusLauncherActivity#660)/@0xd45637f applyImmediately: false
04-26 16:49:34.682  1219  1219 D BaseDepthController: shouldBlurWorkspace: false targetState: Normal currentStableState: Normal mCurrentBlur: 0 mLauncher.getDepthBlurTargets(): [com.android.launcher3.Workspace{573bc60 V.ED..... ......ID 0,0-1080,2400 #7f0a047d app:id/workspace}, com.android.launcher3.Hotseat{7eca519 V.ED..... ......ID 0,1905-1080,2400 #7f0a01f1 app:id/hotseat}]
04-26 16:49:34.683  1219  1219 V BaseDepthController: Applying blur: 0 to Surface(name=VRI-com.google.android.apps.nexuslauncher/com.google.android.apps.nexuslauncher.NexusLauncherActivity#660)/@0xd45637f applyImmediately: false
04-26 16:49:34.683  1219  1219 D BaseDepthController: shouldBlurWorkspace: false targetState: Normal currentStableState: Normal mCurrentBlur: 0 mLauncher.getDepthBlurTargets(): [com.android.launcher3.Workspace{573bc60 V.ED..... ......ID 0,0-1080,2400 #7f0a047d app:id/workspace}, com.android.launcher3.Hotseat{7eca519 V.ED..... ......ID 0,1905-1080,2400 #7f0a01f1 app:id/hotseat}]
04-26 16:49:34.683  1219  1219 V BaseDepthController: Applying blur: 0 to Surface(name=VRI-com.google.android.apps.nexuslauncher/com.google.android.apps.nexuslauncher.NexusLauncherActivity#660)/@0xd45637f applyImmediately: false
04-26 16:49:34.685   736  1959 I WindowManager: WIN DEATH: Window{4136851 u0 com.muonline.client/com.muonline.client.MuMainActivity}
04-26 16:49:34.686   736  1145 W AppOpService: Ignored setUidMode call for runtime permission app op: uid = 1001, code = RECEIVE_SMS, mode = allow, callingUid = 1001, oldMode = allow
04-26 16:49:34.687   736  1848 W ActivityTaskManager: setRunningRemoteTransition: no process for null
04-26 16:49:34.688  1036  1091 V WindowManagerShell:  animated by com.android.wm.shell.transition.RemoteTransitionHandler@8a8ac0a
04-26 16:49:34.689  1219  1219 D BaseDepthController: shouldBlurWorkspace: false targetState: Normal currentStableState: Normal mCurrentBlur: 0 mLauncher.getDepthBlurTargets(): [com.android.launcher3.Workspace{573bc60 V.ED..... ......ID 0,0-1080,2400 #7f0a047d app:id/workspace}, com.android.launcher3.Hotseat{7eca519 V.ED..... ......ID 0,1905-1080,2400 #7f0a01f1 app:id/hotseat}]
04-26 16:49:34.690  1219  1219 D BaseActivity: Launcher flags updated: [state_started|state_resumed|state_deferred_resumed|state_window_focused|state_user_active] +[state_window_focused]
04-26 16:49:34.690   736  1145 W AppOpService: Ignored setUidMode call for runtime permission app op: uid = 1001, code = RECEIVE_WAP_PUSH, mode = allow, callingUid = 1001, oldMode = allow
04-26 16:49:34.690  1036  1091 D Bubbles : BubbleData.onLocusVisibilityChanged() locusId=Overview|DISABLED visible=true taskId=1
04-26 16:49:34.691   736  1938 W AppOpService: Ignored setUidMode call for runtime permission app op: uid = 1001, code = SEND_SMS, mode = allow, callingUid = 1001, oldMode = allow
04-26 16:49:34.696  1219  1219 D SsBaseTemplateCard: Passed-in item info is null
04-26 16:49:34.696  1219  1219 D SsBaseTemplateCard: Passed-in item info is null
04-26 16:49:34.696  1219  1219 D SsBaseTemplateCard: Passed-in item info is null
04-26 16:49:34.696  1219  1219 D SsBaseTemplateCard: Passed-in item info is null
04-26 16:49:34.696  1219  1219 I SsBaseTemplateCard: Secondary card pane is null
04-26 16:49:34.697   736   736 W Looper  : Slow dispatch took 100ms main app=system_server main=true group=FOREGROUND h=android.app.ActivityThread$H c=android.app.LoadedApk$ReceiverDispatcher$Args$$ExternalSyntheticLambda0@17d28a1 m=0
04-26 16:49:34.697   560   614 I APM_AudioPolicyManager: getNewOutputDevices io 13 recent device override {AUDIO_DEVICE_OUT_SPEAKER, @:}
04-26 16:49:34.697   736  1959 W AppOpService: Ignored setUidMode call for runtime permission app op: uid = 1001, code = READ_CELL_BROADCASTS, mode = allow, callingUid = 1001, oldMode = allow
04-26 16:49:34.699   736   881 I ImeTracker: com.google.android.apps.nexuslauncher:a2a990e5: onRequestHide at ORIGIN_SERVER reason HIDE_UNSPECIFIED_WINDOW fromUser false userId 0 displayId 0
04-26 16:49:34.704   736   752 V ActivityManager: Got obituary of 9020:com.muonline.client
04-26 16:49:34.705  1219  1219 V BaseDepthController: Applying blur: 0 to Surface(name=VRI-com.google.android.apps.nexuslauncher/com.google.android.apps.nexuslauncher.NexusLauncherActivity#660)/@0xd45637f applyImmediately: false
04-26 16:49:34.705  1219  1219 D BaseDepthController: shouldBlurWorkspace: false targetState: Normal currentStableState: Normal mCurrentBlur: 0 mLauncher.getDepthBlurTargets(): [com.android.launcher3.Workspace{573bc60 V.ED..... ........ 0,0-1080,2400 #7f0a047d app:id/workspace}, com.android.launcher3.Hotseat{7eca519 V.ED..... .......D 0,1905-1080,2400 #7f0a01f1 app:id/hotseat}]
04-26 16:49:34.713  1203  1203 D CarrierSvcBindHelper: onPackageUpdateFinished: com.muonline.client
04-26 16:49:34.715   736   736 I Telecom : CarModeTracker: Package com.muonline.client is not tracked.: SSH.oR@ALE
04-26 16:49:34.715   736   736 I Telecom : InCallController: updateCarModeForConnections: car mode apps: : SSH.oR@ALE
04-26 16:49:34.715   736   736 I Telecom : InCallController: update carmode current:UserHandle{0} parent:null: SSH.oR@ALE
04-26 16:49:34.718  1203  1203 D CarrierSvcBindHelper: No carrier app for: 0
04-26 16:49:34.718  1203  1203 D CarrierSvcBindHelper: onPackageModified: com.muonline.client
04-26 16:49:34.718  1203  1203 D CarrierSvcBindHelper: No carrier app for: 0
04-26 16:49:34.722  4105  4105 I GoogleInputMethodService: GoogleInputMethodService.onFinishInput():2113 
04-26 16:49:34.723  4105  4105 I Module  : DeviceLockedStatusModuleProvider$Module.updateDeviceLockedStatus():103 repeatCheckTimes = 0, locked = false
04-26 16:49:34.726   736   881 W InputChannel-JNI: Channel already disposed.
04-26 16:49:34.726  4105  4105 I GoogleInputMethodService: GoogleInputMethodService.onStartInput():1384 onStartInput(EditorInfo{EditorInfo{packageName=com.google.android.apps.nexuslauncher, inputType=0, inputTypeString=NULL, enableLearning=false, autoCorrection=false, autoComplete=false, imeOptions=0, privateImeOptions=null, actionName=UNSPECIFIED, actionLabel=null, initialSelStart=-1, initialSelEnd=-1, initialCapsMode=0, label=null, fieldId=0, fieldName=null, extras=null, hintText=null, hintLocales=[]}}, false)
04-26 16:49:34.726  1219  1219 D InsetsController: hide(ime())
04-26 16:49:34.727  1219  1219 I ImeTracker: com.google.android.apps.nexuslauncher:a2a990e5: onCancelled at PHASE_CLIENT_ALREADY_HIDDEN
04-26 16:49:34.727  4105  4105 W AndroidIME: LatinIMEBase.updateInputViewCoverNavigation():319 Null input view, cannot update padding!
04-26 16:49:34.727   499   499 I Zygote  : Process 9020 exited due to signal 9 (Killed)
04-26 16:49:34.727  4376  4376 I SafetyLabelChangedBroadcastReceiver: received broadcast packageName: com.muonline.client, current user: UserHandle{0}, packageChangeEvent: UPDATE, intent user: UserHandle{0}
04-26 16:49:34.728  1219  1219 V BaseDepthController: Applying blur: 0 to Surface(name=VRI-com.google.android.apps.nexuslauncher/com.google.android.apps.nexuslauncher.NexusLauncherActivity#660)/@0xd45637f applyImmediately: false
04-26 16:49:34.728  1219  1219 D BaseDepthController: shouldBlurWorkspace: false targetState: Normal currentStableState: Normal mCurrentBlur: 0 mLauncher.getDepthBlurTargets(): [com.android.launcher3.Workspace{573bc60 V.ED..... ........ 0,0-1080,2400 #7f0a047d app:id/workspace}, com.android.launcher3.Hotseat{7eca519 V.ED..... ........ 0,1905-1080,2400 #7f0a01f1 app:id/hotseat}]
04-26 16:49:34.731  4105  4105 I Module  : DeviceLockedStatusModuleProvider$Module.updateDeviceLockedStatus():103 repeatCheckTimes = 1, locked = false
04-26 16:49:34.731   736  1959 I ImeTracker: system_server:79e47e18: onRequestHide at ORIGIN_SERVER reason IME_REQUESTED_CHANGED_LISTENER fromUser false displayId 0
04-26 16:49:34.732   566   616 W skia    : AGTM parsing failed flags.readFromStream(s) at 159
04-26 16:49:34.733  4276  4276 I Finsky:background: [2] Memory trim requested to level 40
04-26 16:49:34.733  4276  4276 I Finsky:background: [2] Memory trim requested to level 40
04-26 16:49:34.734   736  1957 W PackageConfigPersister: App-specific configuration not found for packageName: com.google.android.apps.nexuslauncher and userId: 0
04-26 16:49:34.735  5305  5305 D ActivityThread: Package [com.muonline.client] reported as REPLACED, but missing application info. Assuming REMOVED.
04-26 16:49:34.736  4276  4276 I Finsky:background: [2] ajje - Received: android.intent.action.PACKAGE_REMOVED, [n076RJLEETmEZ61FBJHrGFwh-0szukPG_iaeB-mhrwQ]
04-26 16:49:34.739  8988  8988 D ActivityThread: Package [com.muonline.client] reported as REPLACED, but missing application info. Assuming REMOVED.
04-26 16:49:34.740  4164  4164 I Finsky  : [2] Memory trim requested to level 40
04-26 16:49:34.740  1203  1203 E SmsApplication: com.google.android.apps.messaging lost android:read_cell_broadcasts:  (fixing)
04-26 16:49:34.740  4164  4164 I Finsky  : [2] Flushing in-memory image cache
04-26 16:49:34.740   521  6964 I RanchuHwc: logCompositionFallbackIfChanged: layer 182 CompositionType fallback from 2 to 1
04-26 16:49:34.740   521  6964 I RanchuHwc: logCompositionFallbackIfChanged: layer 183 CompositionType fallback from 2 to 1
04-26 16:49:34.740   736   796 W libbinder.IPCThreadState: Sending oneway calls to frozen process.
04-26 16:49:34.740   736   796 W libbinder.IPCThreadState: Sending oneway calls to frozen process.
04-26 16:49:34.741   566   616 W skia    : AGTM parsing failed flags.readFromStream(s) at 159
04-26 16:49:34.741   566   616 W skia    : AGTM parsing failed flags.readFromStream(s) at 159
04-26 16:49:34.741   736  1848 W AppOpService: Ignored setUidMode call for runtime permission app op: uid = 10155, code = READ_CELL_BROADCASTS, mode = allow, callingUid = 1001, oldMode = allow
04-26 16:49:34.741   566   616 W skia    : AGTM parsing failed flags.readFromStream(s) at 159
04-26 16:49:34.741   566   616 W skia    : AGTM parsing failed flags.readFromStream(s) at 159
04-26 16:49:34.741   566   616 W skia    : AGTM parsing failed flags.readFromStream(s) at 159
04-26 16:49:34.742  4164  4164 I Finsky  : [2] Memory trim requested to level 40
04-26 16:49:34.742  4164  4164 I Finsky  : [2] Flushing in-memory image cache
04-26 16:49:34.742  4511  4511 D ActivityThread: Package [com.muonline.client] reported as REPLACED, but missing application info. Assuming REMOVED.
04-26 16:49:34.742  4164  4164 I Finsky  : [2] ajjp - Received: android.intent.action.PACKAGE_REMOVED, [n076RJLEETmEZ61FBJHrGFwh-0szukPG_iaeB-mhrwQ]
04-26 16:49:34.742  3743  3743 D ActivityThread: Package [com.muonline.client] reported as REPLACED, but missing application info. Assuming REMOVED.
04-26 16:49:34.743  1619  1619 D ActivityThread: Package [com.muonline.client] reported as REPLACED, but missing application info. Assuming REMOVED.
04-26 16:49:34.743   736   796 W libbinder.IPCThreadState: Sending oneway calls to frozen process.
04-26 16:49:34.743   736   796 W libbinder.IPCThreadState: Sending oneway calls to frozen process.
04-26 16:49:34.745  1366  1366 D ActivityThread: Package [com.muonline.client] reported as REPLACED, but missing application info. Assuming REMOVED.
04-26 16:49:34.746  1648  1648 D ActivityThread: Package [com.muonline.client] reported as REPLACED, but missing application info. Assuming REMOVED.
04-26 16:49:34.746  1867  1867 D ActivityThread: Package [com.muonline.client] reported as REPLACED, but missing application info. Assuming REMOVED.
04-26 16:49:34.746   736   796 W libbinder.IPCThreadState: Sending oneway calls to frozen process.
04-26 16:49:34.746   736   796 W libbinder.IPCThreadState: Sending oneway calls to frozen process.
04-26 16:49:34.746  1219  1219 D ActivityThread: Package [com.muonline.client] reported as REPLACED, but missing application info. Assuming REMOVED.
04-26 16:49:34.746   736   796 W libbinder.IPCThreadState: Sending oneway calls to frozen process.
04-26 16:49:34.746   736   796 W libbinder.IPCThreadState: Sending oneway calls to frozen process.
04-26 16:49:34.746   736   770 I libprocessgroup: Removed cgroup /sys/fs/cgroup/apps/uid_10230/pid_9020
04-26 16:49:34.746   736   796 W libbinder.IPCThreadState: Sending oneway calls to frozen process.
04-26 16:49:34.746   736   796 W libbinder.IPCThreadState: Sending oneway calls to frozen process.
04-26 16:49:34.746  4376  4376 D ActivityThread: Package [com.muonline.client] reported as REPLACED, but missing application info. Assuming REMOVED.
04-26 16:49:34.747   736   796 W libbinder.IPCThreadState: Sending oneway calls to frozen process.
04-26 16:49:34.747   736   796 W libbinder.IPCThreadState: Sending oneway calls to frozen process.
04-26 16:49:34.747   736   796 W libbinder.IPCThreadState: Sending oneway calls to frozen process.
04-26 16:49:34.747   736   796 W libbinder.IPCThreadState: Sending oneway calls to frozen process.
04-26 16:49:34.747   736   796 W libbinder.IPCThreadState: Sending oneway calls to frozen process.
04-26 16:49:34.747   736   796 W libbinder.IPCThreadState: Sending oneway calls to frozen process.
04-26 16:49:34.749  4453  4453 D ActivityThread: Package [com.muonline.client] reported as REPLACED, but missing application info. Assuming REMOVED.
04-26 16:49:34.749  1701  1701 D ActivityThread: Package [com.muonline.client] reported as REPLACED, but missing application info. Assuming REMOVED.
04-26 16:49:34.750  1219  1219 V BaseDepthController: Applying blur: 0 to Surface(name=VRI-com.google.android.apps.nexuslauncher/com.google.android.apps.nexuslauncher.NexusLauncherActivity#660)/@0xd45637f applyImmediately: false
04-26 16:49:34.750  1219  1219 D BaseDepthController: shouldBlurWorkspace: false targetState: Normal currentStableState: Normal mCurrentBlur: 0 mLauncher.getDepthBlurTargets(): [com.android.launcher3.Workspace{573bc60 V.ED..... ........ 0,0-1080,2400 #7f0a047d app:id/workspace}, com.android.launcher3.Hotseat{7eca519 V.ED..... ........ 0,1905-1080,2400 #7f0a01f1 app:id/hotseat}]
04-26 16:49:34.751   736   762 V WindowManager: Unknown focus tokens, dropping reportFocusChanged
04-26 16:49:34.751   736  1938 W AppOpService: Ignored setUidMode call for runtime permission app op: uid = 1001, code = READ_SMS, mode = allow, callingUid = 1001, oldMode = allow
04-26 16:49:34.754   736  1962 W AppOpService: Ignored setUidMode call for runtime permission app op: uid = 1001, code = RECEIVE_SMS, mode = allow, callingUid = 1001, oldMode = allow
04-26 16:49:34.754   566   616 W skia    : AGTM parsing failed flags.readFromStream(s) at 159
04-26 16:49:34.754   566   616 W skia    : AGTM parsing failed flags.readFromStream(s) at 159
04-26 16:49:34.754   566   616 W skia    : AGTM parsing failed flags.readFromStream(s) at 159
04-26 16:49:34.754   566   616 W skia    : AGTM parsing failed flags.readFromStream(s) at 159
04-26 16:49:34.754   566   616 W skia    : AGTM parsing failed flags.readFromStream(s) at 159
04-26 16:49:34.755   736   954 I AdbWifiNetworkMonitor: Wi-Fi network available
04-26 16:49:34.755   736   954 I AdbWifiNetworkMonitor: Received the same Wi-Fi SSID. Ignoring.
04-26 16:49:34.755  4105  4105 D ActivityThread: Package [com.muonline.client] reported as REPLACED, but missing application info. Assuming REMOVED.
04-26 16:49:34.756   736  1959 W AppOpService: Ignored setUidMode call for runtime permission app op: uid = 1001, code = RECEIVE_WAP_PUSH, mode = allow, callingUid = 1001, oldMode = allow
04-26 16:49:34.756  1160  1160 D ActivityThread: Package [com.muonline.client] reported as REPLACED, but missing application info. Assuming REMOVED.
04-26 16:49:34.757  1036  1036 D ActivityThread: Package [com.muonline.client] reported as REPLACED, but missing application info. Assuming REMOVED.
04-26 16:49:34.758  1192  1192 D ActivityThread: Package [com.muonline.client] reported as REPLACED, but missing application info. Assuming REMOVED.
04-26 16:49:34.762  1219  1219 V BaseDepthController: Applying blur: 0 to Surface(name=VRI-com.google.android.apps.nexuslauncher/com.google.android.apps.nexuslauncher.NexusLauncherActivity#660)/@0xd45637f applyImmediately: false
04-26 16:49:34.762  1219  1219 D BaseDepthController: shouldBlurWorkspace: false targetState: Normal currentStableState: Normal mCurrentBlur: 0 mLauncher.getDepthBlurTargets(): [com.android.launcher3.Workspace{573bc60 V.ED..... ........ 0,0-1080,2400 #7f0a047d app:id/workspace}, com.android.launcher3.Hotseat{7eca519 V.ED..... ........ 0,1905-1080,2400 #7f0a01f1 app:id/hotseat}]
04-26 16:49:34.762   736   736 D AS.AudioService: received android.intent.action.PACKAGE_ADDED replacing: true archival: false for package com.muonline.client with uid 10230
04-26 16:49:34.762   736  1067 W AppOpService: Ignored setUidMode call for runtime permission app op: uid = 1001, code = SEND_SMS, mode = allow, callingUid = 1001, oldMode = allow
04-26 16:49:34.765   736  1848 W AppOpService: Ignored setUidMode call for runtime permission app op: uid = 1001, code = READ_CELL_BROADCASTS, mode = allow, callingUid = 1001, oldMode = allow
04-26 16:49:34.766  1231  1231 D ActivityThread: Package [com.muonline.client] reported as REPLACED, but missing application info. Assuming REMOVED.
04-26 16:49:34.768   736   864 I RoleService: Granting default roles...
04-26 16:49:34.772   566   616 W skia    : AGTM parsing failed flags.readFromStream(s) at 159
04-26 16:49:34.772   566   616 W skia    : AGTM parsing failed flags.readFromStream(s) at 159
04-26 16:49:34.772   566   616 W skia    : AGTM parsing failed flags.readFromStream(s) at 159
04-26 16:49:34.772   566   616 W skia    : AGTM parsing failed flags.readFromStream(s) at 159
04-26 16:49:34.772   566   616 W skia    : AGTM parsing failed flags.readFromStream(s) at 159
04-26 16:49:34.777   736  5314 W SignedPackage: Package doesn't have required signing certificate: com.google.android.retaildemo
04-26 16:49:34.777   736   986 I SdkSandboxManager: No SDKs used. Skipping SDK data reconcilation for CallingInfo{mUid=10230, mPackageName='com.muonline.client, mAppProcessToken='null'}
04-26 16:49:34.777   736  5314 E RoleControllerServiceImpl: Default/fallback role holder package doesn't qualify for the role, package: com.google.android.gms.supervision, role: android.app.role.SYSTEM_SUPERVISION, user: 0
04-26 16:49:34.782  5305  5305 D ActivityThread: Package [com.muonline.client] reported as REPLACED, but missing application info. Assuming REMOVED.
04-26 16:49:34.782  8988  8988 D ActivityThread: Package [com.muonline.client] reported as REPLACED, but missing application info. Assuming REMOVED.
04-26 16:49:34.782   736   796 W libbinder.IPCThreadState: Sending oneway calls to frozen process.
04-26 16:49:34.782   736   921 I HalDevMgr: bestIfaceCreationProposal is null, requestIface=STA, existingIface=[name=wlan0 type=STA]
04-26 16:49:34.783  3743  3743 D ActivityThread: Package [com.muonline.client] reported as REPLACED, but missing application info. Assuming REMOVED.
04-26 16:49:34.783  1231  1231 D ActivityThread: Package [com.muonline.client] reported as REPLACED, but missing application info. Assuming REMOVED.
04-26 16:49:34.784  1867  1867 D ActivityThread: Package [com.muonline.client] reported as REPLACED, but missing application info. Assuming REMOVED.
04-26 16:49:34.784  4511  4511 D ActivityThread: Package [com.muonline.client] reported as REPLACED, but missing application info. Assuming REMOVED.
04-26 16:49:34.785  4276  4276 I Finsky:background: [2] ajje - Received: android.intent.action.PACKAGE_ADDED, [n076RJLEETmEZ61FBJHrGFwh-0szukPG_iaeB-mhrwQ]
04-26 16:49:34.785  1648  1648 D ActivityThread: Package [com.muonline.client] reported as REPLACED, but missing application info. Assuming REMOVED.
04-26 16:49:34.785   736  5314 W SignedPackage: Package doesn't have required signing certificate: com.google.android.apps.work.clouddpc
04-26 16:49:34.786  1619  1619 D ActivityThread: Package [com.muonline.client] reported as REPLACED, but missing application info. Assuming REMOVED.
04-26 16:49:34.786  1036  1036 D ControlsListingControllerImpl: ServiceConfig reloaded, count: 0
04-26 16:49:34.786  1366  1366 D ActivityThread: Package [com.muonline.client] reported as REPLACED, but missing application info. Assuming REMOVED.
04-26 16:49:34.787   566   616 W skia    : AGTM parsing failed flags.readFromStream(s) at 159
04-26 16:49:34.787   566   616 W skia    : AGTM parsing failed flags.readFromStream(s) at 159
04-26 16:49:34.787   566   616 W skia    : AGTM parsing failed flags.readFromStream(s) at 159
