--------- beginning of main
04-26 15:48:52.720 V/BaseDepthController( 1219): Applying blur: 0 to Surface(name=VRI-com.google.android.apps.nexuslauncher/com.google.android.apps.nexuslauncher.NexusLauncherActivity#249)/@0xd45637f applyImmediately: false
04-26 15:48:52.721 D/BaseDepthController( 1219): shouldBlurWorkspace: false targetState: Normal currentStableState: Normal mCurrentBlur: 0 mLauncher.getDepthBlurTargets(): [com.android.launcher3.Workspace{573bc60 V.ED..... ........ 0,0-1080,2400 #7f0a047d app:id/workspace}, com.android.launcher3.Hotseat{7eca519 V.ED..... ........ 0,1905-1080,2400 #7f0a01f1 app:id/hotseat}]
04-26 15:48:52.735 W/System  ( 1036): A resource failed to call release. 
04-26 15:48:52.735 W/System  ( 1036): A resource failed to call release. 
04-26 15:48:52.735 W/System  ( 1036): A resource failed to call release. 
04-26 15:48:52.735 W/System  ( 1036): A resource failed to call release. 
04-26 15:48:52.736 V/BaseDepthController( 1219): Applying blur: 0 to Surface(name=VRI-com.google.android.apps.nexuslauncher/com.google.android.apps.nexuslauncher.NexusLauncherActivity#249)/@0xd45637f applyImmediately: false
04-26 15:48:52.736 D/BaseDepthController( 1219): shouldBlurWorkspace: false targetState: Normal currentStableState: Normal mCurrentBlur: 0 mLauncher.getDepthBlurTargets(): [com.android.launcher3.Workspace{573bc60 V.ED..... ........ 0,0-1080,2400 #7f0a047d app:id/workspace}, com.android.launcher3.Hotseat{7eca519 V.ED..... ........ 0,1905-1080,2400 #7f0a01f1 app:id/hotseat}]
04-26 15:48:52.743 E/SmsApplication( 1203): com.google.android.apps.messaging lost android:read_cell_broadcasts:  (fixing)
--------- beginning of system
04-26 15:48:52.743 W/AppOpService(  736): Ignored setUidMode call for runtime permission app op: uid = 10155, code = READ_CELL_BROADCASTS, mode = allow, callingUid = 1001, oldMode = allow
04-26 15:48:52.747 W/PackageConfigPersister(  736): App-specific configuration not found for packageName: com.muonline.client and userId: 0
04-26 15:48:52.752 V/BaseDepthController( 1219): Applying blur: 0 to Surface(name=VRI-com.google.android.apps.nexuslauncher/com.google.android.apps.nexuslauncher.NexusLauncherActivity#249)/@0xd45637f applyImmediately: false
04-26 15:48:52.752 D/BaseDepthController( 1219): shouldBlurWorkspace: false targetState: Normal currentStableState: Normal mCurrentBlur: 0 mLauncher.getDepthBlurTargets(): [com.android.launcher3.Workspace{573bc60 V.ED..... ........ 0,0-1080,2400 #7f0a047d app:id/workspace}, com.android.launcher3.Hotseat{7eca519 V.ED..... ........ 0,1905-1080,2400 #7f0a01f1 app:id/hotseat}]
04-26 15:48:52.754 I/Finsky  ( 4164): [2] DTU: Received onPackageAdded, replacing: true
04-26 15:48:52.754 E/RoleControllerServiceImpl(  736): Default/fallback role holder package doesn't qualify for the role, package: com.google.android.gms, role: android.app.role.WALLET, user: 0
04-26 15:48:52.756 I/Finsky:background( 4276): [2] ajje - Received: android.intent.action.PACKAGE_ADDED, [n076RJLEETmEZ61FBJHrGFwh-0szukPG_iaeB-mhrwQ]
04-26 15:48:52.760 W/ApplicationInfo(  736): Large ApplicationInfo parcel: size=17540 package=com.google.android.googlequicksearchbox sharedLibs=3 resDirs=2 overlayPaths=2
04-26 15:48:52.762 I/Finsky  ( 4164): [141] SCH: Received scheduling request: Id: 12-1, Constraints: [{ L: 15000, D: 86400000, C: CHARGING_NONE, I: IDLE_NONE, N: NET_ANY, B: BATTERY_ANY }]
04-26 15:48:52.764 V/AccessibilityUserState(  736): updateShortcutTargets: type:accessibility_shortcut_target_service, current:{}, new:{}
04-26 15:48:52.764 V/AccessibilityUserState(  736): updateShortcutTargets: type:accessibility_qs_targets, current:{}, new:{}
04-26 15:48:52.764 V/AccessibilityUserState(  736): updateShortcutTargets: type:accessibility_button_targets, current:{}, new:{}
04-26 15:48:52.764 V/AccessibilityUserState(  736): updateShortcutTargets: type:accessibility_gesture_targets, current:{}, new:{}
04-26 15:48:52.764 V/AccessibilityUserState(  736): updateShortcutTargets: type:accessibility_key_gesture_targets, current:{}, new:{}
04-26 15:48:52.764 V/AccessibilityUserState(  736): updateShortcutTargets: type:accessibility_top_row_key_targets, current:{}, new:{}
04-26 15:48:52.764 V/AccessibilityUserState(  736): updateShortcutTargets: type:accessibility_quick_access_targets, current:{}, new:{}
04-26 15:48:52.764 V/AccessibilityManagerService(  736): onUserStateChangedLocked for userId: 0, forceUpdate: false
04-26 15:48:52.765 V/AccessibilityUserState(  736): updateShortcutTargets: type:accessibility_shortcut_target_service, current:{}, new:{}
04-26 15:48:52.765 V/AccessibilityUserState(  736): updateShortcutTargets: type:accessibility_button_targets, current:{}, new:{}
04-26 15:48:52.765 V/AccessibilityUserState(  736): updateShortcutTargets: type:accessibility_gesture_targets, current:{}, new:{}
04-26 15:48:52.765 V/AccessibilityUserState(  736): updateShortcutTargets: type:accessibility_qs_targets, current:{}, new:{}
04-26 15:48:52.766 V/AccessibilityUserState(  736): updateShortcutTargets: type:accessibility_key_gesture_targets, current:{}, new:{}
04-26 15:48:52.766 V/AccessibilityUserState(  736): updateShortcutTargets: type:accessibility_top_row_key_targets, current:{}, new:{}
04-26 15:48:52.766 V/AccessibilityUserState(  736): updateShortcutTargets: type:accessibility_quick_access_targets, current:{}, new:{}
04-26 15:48:52.766 W/MagnificationConnectionManager(  736): requestConnection duplicated request: connect=false, mConnectionState=DISCONNECTED
04-26 15:48:52.767 V/AccessibilityUserState(  736): updateShortcutTargets: type:accessibility_button_targets, current:{}, new:{}
04-26 15:48:52.767 V/AccessibilityUserState(  736): updateShortcutTargets: type:accessibility_qs_targets, current:{}, new:{}
04-26 15:48:52.767 V/AccessibilityManagerService(  736): onUserStateChangedLocked for userId: 0, forceUpdate: false
04-26 15:48:52.768 V/AccessibilityUserState(  736): updateShortcutTargets: type:accessibility_shortcut_target_service, current:{}, new:{}
04-26 15:48:52.768 V/AccessibilityUserState(  736): updateShortcutTargets: type:accessibility_button_targets, current:{}, new:{}
04-26 15:48:52.769 V/BaseDepthController( 1219): Applying blur: 0 to Surface(name=VRI-com.google.android.apps.nexuslauncher/com.google.android.apps.nexuslauncher.NexusLauncherActivity#249)/@0xd45637f applyImmediately: false
04-26 15:48:52.769 D/BaseDepthController( 1219): shouldBlurWorkspace: false targetState: Normal currentStableState: Normal mCurrentBlur: 0 mLauncher.getDepthBlurTargets(): [com.android.launcher3.Workspace{573bc60 V.ED..... ........ 0,0-1080,2400 #7f0a047d app:id/workspace}, com.android.launcher3.Hotseat{7eca519 V.ED..... ........ 0,1905-1080,2400 #7f0a01f1 app:id/hotseat}]
04-26 15:48:52.769 V/AccessibilityUserState(  736): updateShortcutTargets: type:accessibility_gesture_targets, current:{}, new:{}
04-26 15:48:52.769 V/AccessibilityUserState(  736): updateShortcutTargets: type:accessibility_qs_targets, current:{}, new:{}
04-26 15:48:52.769 V/AccessibilityUserState(  736): updateShortcutTargets: type:accessibility_key_gesture_targets, current:{}, new:{}
04-26 15:48:52.770 V/AccessibilityUserState(  736): updateShortcutTargets: type:accessibility_top_row_key_targets, current:{}, new:{}
04-26 15:48:52.770 V/AccessibilityUserState(  736): updateShortcutTargets: type:accessibility_quick_access_targets, current:{}, new:{}
04-26 15:48:52.770 W/MagnificationConnectionManager(  736): requestConnection duplicated request: connect=false, mConnectionState=DISCONNECTED
04-26 15:48:52.770 I/ImeTracker(  736): system_server:e2d7801f: onCancelled at PHASE_SERVER_SHOULD_HIDE
04-26 15:48:52.771 W/SignedPackage(  736): Cannot get ApplicationInfo for package: com.google.android.devicelockcontroller
04-26 15:48:52.771 W/libbinder.IPCThreadState(  736): Sending oneway calls to frozen process.
04-26 15:48:52.773 W/libbinder.IPCThreadState(  736): Sending oneway calls to frozen process.
04-26 15:48:52.774 W/libbinder.IPCThreadState(  736): Sending oneway calls to frozen process.
04-26 15:48:52.775 V/AccessibilityUserState(  736): updateShortcutTargets: type:accessibility_shortcut_target_service, current:{}, new:{}
04-26 15:48:52.775 V/AccessibilityUserState(  736): updateShortcutTargets: type:accessibility_qs_targets, current:{}, new:{}
04-26 15:48:52.775 V/AccessibilityUserState(  736): updateShortcutTargets: type:accessibility_button_targets, current:{}, new:{}
04-26 15:48:52.775 V/AccessibilityUserState(  736): updateShortcutTargets: type:accessibility_gesture_targets, current:{}, new:{}
04-26 15:48:52.775 V/AccessibilityUserState(  736): updateShortcutTargets: type:accessibility_key_gesture_targets, current:{}, new:{}
04-26 15:48:52.775 V/AccessibilityUserState(  736): updateShortcutTargets: type:accessibility_top_row_key_targets, current:{}, new:{}
04-26 15:48:52.775 V/AccessibilityUserState(  736): updateShortcutTargets: type:accessibility_quick_access_targets, current:{}, new:{}
04-26 15:48:52.775 I/Finsky:background( 4276): [2] ajje - Deduping intent android.intent.action.PACKAGE_ADDED
04-26 15:48:52.775 V/AccessibilityManagerService(  736): onUserStateChangedLocked for userId: 0, forceUpdate: false
04-26 15:48:52.776 V/AccessibilityUserState(  736): updateShortcutTargets: type:accessibility_shortcut_target_service, current:{}, new:{}
04-26 15:48:52.776 V/AccessibilityUserState(  736): updateShortcutTargets: type:accessibility_button_targets, current:{}, new:{}
04-26 15:48:52.776 V/AccessibilityUserState(  736): updateShortcutTargets: type:accessibility_gesture_targets, current:{}, new:{}
04-26 15:48:52.776 V/AccessibilityUserState(  736): updateShortcutTargets: type:accessibility_qs_targets, current:{}, new:{}
04-26 15:48:52.776 V/AccessibilityUserState(  736): updateShortcutTargets: type:accessibility_key_gesture_targets, current:{}, new:{}
04-26 15:48:52.776 V/AccessibilityUserState(  736): updateShortcutTargets: type:accessibility_top_row_key_targets, current:{}, new:{}
04-26 15:48:52.777 V/AccessibilityUserState(  736): updateShortcutTargets: type:accessibility_quick_access_targets, current:{}, new:{}
04-26 15:48:52.777 W/MagnificationConnectionManager(  736): requestConnection duplicated request: connect=false, mConnectionState=DISCONNECTED
04-26 15:48:52.777 V/AccessibilityManagerService(  736): onUserStateChangedLocked for userId: 0, forceUpdate: false
04-26 15:48:52.778 V/AccessibilityUserState(  736): updateShortcutTargets: type:accessibility_shortcut_target_service, current:{}, new:{}
04-26 15:48:52.778 V/AccessibilityUserState(  736): updateShortcutTargets: type:accessibility_button_targets, current:{}, new:{}
04-26 15:48:52.779 V/AccessibilityUserState(  736): updateShortcutTargets: type:accessibility_gesture_targets, current:{}, new:{}
04-26 15:48:52.779 V/AccessibilityUserState(  736): updateShortcutTargets: type:accessibility_qs_targets, current:{}, new:{}
04-26 15:48:52.779 V/AccessibilityUserState(  736): updateShortcutTargets: type:accessibility_key_gesture_targets, current:{}, new:{}
04-26 15:48:52.780 V/AccessibilityUserState(  736): updateShortcutTargets: type:accessibility_top_row_key_targets, current:{}, new:{}
04-26 15:48:52.780 V/AccessibilityUserState(  736): updateShortcutTargets: type:accessibility_quick_access_targets, current:{}, new:{}
04-26 15:48:52.780 W/MagnificationConnectionManager(  736): requestConnection duplicated request: connect=false, mConnectionState=DISCONNECTED
04-26 15:48:52.780 W/libbinder.IPCThreadState(  736): Sending oneway calls to frozen process.
04-26 15:48:52.781 W/libbinder.IPCThreadState(  736): Sending oneway calls to frozen process.
04-26 15:48:52.781 W/AppOpService(  736): Ignored setUidMode call for runtime permission app op: uid = 1001, code = READ_SMS, mode = allow, callingUid = 1001, oldMode = allow
04-26 15:48:52.781 W/libbinder.IPCThreadState(  736): Sending oneway calls to frozen process.
04-26 15:48:52.782 W/libbinder.IPCThreadState(  736): Sending oneway calls to frozen process.
04-26 15:48:52.784 W/AppOpService(  736): Ignored setUidMode call for runtime permission app op: uid = 1001, code = RECEIVE_SMS, mode = allow, callingUid = 1001, oldMode = allow
04-26 15:48:52.785 W/libbinder.IPCThreadState(  736): Sending oneway calls to frozen process.
04-26 15:48:52.785 W/libbinder.IPCThreadState(  736): Sending oneway calls to frozen process.
04-26 15:48:52.785 W/libbinder.IPCThreadState(  736): Sending oneway calls to frozen process.
04-26 15:48:52.786 W/AppOpService(  736): Ignored setUidMode call for runtime permission app op: uid = 1001, code = RECEIVE_WAP_PUSH, mode = allow, callingUid = 1001, oldMode = allow
04-26 15:48:52.786 V/BaseDepthController( 1219): Applying blur: 0 to Surface(name=VRI-com.google.android.apps.nexuslauncher/com.google.android.apps.nexuslauncher.NexusLauncherActivity#249)/@0xd45637f applyImmediately: false
04-26 15:48:52.786 D/BaseDepthController( 1219): shouldBlurWorkspace: false targetState: Normal currentStableState: Normal mCurrentBlur: 0 mLauncher.getDepthBlurTargets(): [com.android.launcher3.Workspace{573bc60 V.ED..... ........ 0,0-1080,2400 #7f0a047d app:id/workspace}, com.android.launcher3.Hotseat{7eca519 V.ED..... ........ 0,1905-1080,2400 #7f0a01f1 app:id/hotseat}]
04-26 15:48:52.786 W/AppOpService(  736): Ignored setUidMode call for runtime permission app op: uid = 1001, code = SEND_SMS, mode = allow, callingUid = 1001, oldMode = allow
04-26 15:48:52.784 I/Finsky  ( 4164): [2] ajjp - Received: android.intent.action.PACKAGE_ADDED, [n076RJLEETmEZ61FBJHrGFwh-0szukPG_iaeB-mhrwQ]
04-26 15:48:52.790 I/Finsky:background( 4276): [2] ajje - Received: android.intent.action.PACKAGE_ADDED, [n076RJLEETmEZ61FBJHrGFwh-0szukPG_iaeB-mhrwQ]
04-26 15:48:52.791 W/AppOpService(  736): Ignored setUidMode call for runtime permission app op: uid = 1001, code = READ_CELL_BROADCASTS, mode = allow, callingUid = 1001, oldMode = allow
04-26 15:48:52.791 W/libbinder.IPCThreadState(  736): Sending oneway calls to frozen process.
04-26 15:48:52.792 W/libbinder.IPCThreadState(  736): Sending oneway calls to frozen process.
04-26 15:48:52.794 I/MediaProvider( 1619): Invalidating LocalCallingIdentity cache for package com.muonline.client. Reason: package android.intent.action.PACKAGE_REMOVED
04-26 15:48:52.794 W/MediaProvider( 1619): WorkProfileOwnerApps cache is empty
04-26 15:48:52.794 D/PickerSyncLockManager( 1619): Trying to acquire lock com.android.providers.media.photopicker.sync.CloseableReentrantLock@13ff476[Unlocked]. Lock Name = CLOUD_PROVIDER_LOCK. Threads that may be waiting to acquire this lock = []
04-26 15:48:52.794 D/CloseableReentrantLock( 1619): Successfully acquired lock com.android.providers.media.photopicker.sync.CloseableReentrantLock@13ff476[Locked by thread main]. Lock Name = CLOUD_PROVIDER_LOCK. Threads that may be waiting to acquire this lock = []
04-26 15:48:52.794 D/CloseableReentrantLock( 1619): Successfully released lock com.android.providers.media.photopicker.sync.CloseableReentrantLock@13ff476[Unlocked]. Lock Name = CLOUD_PROVIDER_LOCK. Threads that may be waiting to acquire this lock = []
04-26 15:48:52.797 W/skia    (  566): AGTM parsing failed flags.readFromStream(s) at 159
04-26 15:48:52.797 W/skia    (  566): AGTM parsing failed flags.readFromStream(s) at 159
04-26 15:48:52.798 I/Finsky:background( 4276): [111] Wrote row to frosting DB: 3090
04-26 15:48:52.800 I/Finsky  ( 4164): [2] ajjp - Deduping intent android.intent.action.PACKAGE_ADDED
04-26 15:48:52.801 D/IntervalStats(  736): Unable to parse usage stats packages: [273, 276, 277, 278]
04-26 15:48:52.804 V/BaseDepthController( 1219): Applying blur: 0 to Surface(name=VRI-com.google.android.apps.nexuslauncher/com.google.android.apps.nexuslauncher.NexusLauncherActivity#249)/@0xd45637f applyImmediately: false
04-26 15:48:52.807 D/BaseDepthController( 1219): shouldBlurWorkspace: false targetState: Normal currentStableState: Normal mCurrentBlur: 0 mLauncher.getDepthBlurTargets(): [com.android.launcher3.Workspace{573bc60 V.ED..... ........ 0,0-1080,2400 #7f0a047d app:id/workspace}, com.android.launcher3.Hotseat{7eca519 V.ED..... ........ 0,1905-1080,2400 #7f0a01f1 app:id/hotseat}]
04-26 15:48:52.806 I/system_server(  736): Background concurrent mark compact GC freed 19MB AllocSpace bytes, 11(304KB) LOS objects, 37% free, 39MB/63MB, paused 8.881ms,67.772ms total 509.067ms
04-26 15:48:52.813 I/libbinder.BpBinder(  736): onLastStrongRef automatically unlinking death recipients for binder (0x733fbca40010) with descriptor: '(not cached)'
04-26 15:48:52.815 I/Finsky  ( 4164): [2] ajjp - Received: android.intent.action.PACKAGE_ADDED, [n076RJLEETmEZ61FBJHrGFwh-0szukPG_iaeB-mhrwQ]
04-26 15:48:52.815 D/ImsResolver( 1203): maybeAddedImsService, packageName: com.muonline.client
04-26 15:48:52.815 V/ImsResolver( 1203): searchForImsServices: package=com.muonline.client, users=[UserHandle{0}]
04-26 15:48:52.816 I/AiAiEcho( 3743): AppIndexer Package:[com.muonline.client] UserProfile:[0] Enabled:[true].
04-26 15:48:52.816 I/AiAiEcho( 3743): AppFetcherImplV2 updateApps package:[com.muonline.client], userId:[0], reason:[package is updated.].
04-26 15:48:52.816 I/Finsky:background( 4276): [111] Wrote row to frosting DB: 3091
04-26 15:48:52.818 V/ImsResolver( 1203): searchForImsServices: package=com.muonline.client, users=[UserHandle{0}]
04-26 15:48:52.819 V/BaseDepthController( 1219): Applying blur: 0 to Surface(name=VRI-com.google.android.apps.nexuslauncher/com.google.android.apps.nexuslauncher.NexusLauncherActivity#249)/@0xd45637f applyImmediately: false
04-26 15:48:52.821 D/BaseDepthController( 1219): shouldBlurWorkspace: false targetState: Normal currentStableState: Normal mCurrentBlur: 0 mLauncher.getDepthBlurTargets(): [com.android.launcher3.Workspace{573bc60 V.ED..... ........ 0,0-1080,2400 #7f0a047d app:id/workspace}, com.android.launcher3.Hotseat{7eca519 V.ED..... ........ 0,1905-1080,2400 #7f0a01f1 app:id/hotseat}]
04-26 15:48:52.823 I/Finsky:background( 4276): [2] ajje - Deduping intent android.intent.action.PACKAGE_ADDED
04-26 15:48:52.826 D/IntervalStats(  736): Unable to parse usage stats packages: [278, 280, 281, 282, 283]
04-26 15:48:52.829 D/ActivityThread( 4276): Package [com.muonline.client] reported as REPLACED, but missing application info. Assuming REMOVED.
04-26 15:48:52.830 I/Finsky:background( 4276): [51] RECEIVER_PACKAGE_MONITOR_BACKGROUND#logWorkEndAndFinishGoAsync: SUCCESS
04-26 15:48:52.832 I/Finsky  ( 4164): [2] ajjp - Deduping intent android.intent.action.PACKAGE_ADDED
04-26 15:48:52.832 D/ActivityThread( 4164): Package [com.muonline.client] reported as REPLACED, but missing application info. Assuming REMOVED.
04-26 15:48:52.833 I/Finsky  ( 4164): [41] RECEIVER_PACKAGE_MONITOR#logWorkEndAndFinishGoAsync: SUCCESS
04-26 15:48:52.833 D/IntervalStats(  736): Unable to parse usage stats packages: [283]
04-26 15:48:52.835 W/VvmPkgInstalledRcvr( 1203): carrierVvmPkgAdded: carrier vvm packages doesn't contain com.muonline.client
04-26 15:48:52.840 V/BaseDepthController( 1219): Applying blur: 0 to Surface(name=VRI-com.google.android.apps.nexuslauncher/com.google.android.apps.nexuslauncher.NexusLauncherActivity#249)/@0xd45637f applyImmediately: false
04-26 15:48:52.840 D/BaseDepthController( 1219): shouldBlurWorkspace: false targetState: Normal currentStableState: Normal mCurrentBlur: 0 mLauncher.getDepthBlurTargets(): [com.android.launcher3.Workspace{573bc60 V.ED..... ........ 0,0-1080,2400 #7f0a047d app:id/workspace}, com.android.launcher3.Hotseat{7eca519 V.ED..... ........ 0,1905-1080,2400 #7f0a01f1 app:id/hotseat}]
04-26 15:48:52.842 W/LauncherActivityCachingLogic( 1219): loadIcon: Default app icon returned from PackageManager. component=ComponentInfo{com.muonline.client/com.muonline.client.PreloadActivity}, user=UserHandle{0}
04-26 15:48:52.842 W/LauncherActivityCachingLogic( 1219): java.lang.Exception
04-26 15:48:52.842 W/LauncherActivityCachingLogic( 1219): 	at com.android.launcher3.icons.cache.LauncherActivityCachingLogic.loadIcon(go/retraceme 7226a759aa2bb3787a79806f85d80eaad84f1f1e15acd6db988f2df789d1680d:62)
04-26 15:48:52.842 W/LauncherActivityCachingLogic( 1219): 	at com.android.launcher3.icons.cache.BaseIconCache.addIconToDBAndMemCache(go/retraceme 7226a759aa2bb3787a79806f85d80eaad84f1f1e15acd6db988f2df789d1680d:22)
04-26 15:48:52.842 W/LauncherActivityCachingLogic( 1219): 	at com.android.launcher3.model.tasks.PackageUpdatedTask.execute(go/retraceme 7226a759aa2bb3787a79806f85d80eaad84f1f1e15acd6db988f2df789d1680d:177)
04-26 15:48:52.842 W/LauncherActivityCachingLogic( 1219): 	at com.android.launcher3.LauncherModel$enqueueModelUpdateTask$1.run(go/retraceme 7226a759aa2bb3787a79806f85d80eaad84f1f1e15acd6db988f2df789d1680d:27)
04-26 15:48:52.842 W/LauncherActivityCachingLogic( 1219): 	at com.android.launcher3.util.LooperExecutor.execute(go/retraceme 7226a759aa2bb3787a79806f85d80eaad84f1f1e15acd6db988f2df789d1680d:16)
04-26 15:48:52.842 W/LauncherActivityCachingLogic( 1219): 	at com.android.launcher3.LauncherModel.enqueueModelUpdateTask(go/retraceme 7226a759aa2bb3787a79806f85d80eaad84f1f1e15acd6db988f2df789d1680d:19)
04-26 15:48:52.842 W/LauncherActivityCachingLogic( 1219): 	at com.android.launcher3.LauncherModel$newModelCallbacks$1.accept(go/retraceme 7226a759aa2bb3787a79806f85d80eaad84f1f1e15acd6db988f2df789d1680d:4)
04-26 15:48:52.842 W/LauncherActivityCachingLogic( 1219): 	at com.android.launcher3.model.ModelLauncherCallbacks.onPackageChanged(go/retraceme 7226a759aa2bb3787a79806f85d80eaad84f1f1e15acd6db988f2df789d1680d:12)
04-26 15:48:52.842 W/LauncherActivityCachingLogic( 1219): 	at android.content.pm.LauncherApps$CallbackMessageHandler.handleMessage(LauncherApps.java:2329)
04-26 15:48:52.842 W/LauncherActivityCachingLogic( 1219): 	at android.os.Handler.dispatchMessageImpl(Handler.java:142)
04-26 15:48:52.842 W/LauncherActivityCachingLogic( 1219): 	at android.os.Handler.dispatchMessage(Handler.java:125)
04-26 15:48:52.842 W/LauncherActivityCachingLogic( 1219): 	at android.os.Looper.loopOnce(Looper.java:292)
04-26 15:48:52.842 W/LauncherActivityCachingLogic( 1219): 	at android.os.Looper.loop(Looper.java:393)
04-26 15:48:52.842 W/LauncherActivityCachingLogic( 1219): 	at android.os.HandlerThread.run(HandlerThread.java:139)
04-26 15:48:52.852 D/IntervalStats(  736): Unable to parse usage stats packages: [283]
04-26 15:48:52.853 W/LauncherActivityCachingLogic( 1219): loadIcon: Default app icon returned from PackageManager. component=ComponentInfo{com.muonline.client/com.muonline.client.PreloadActivity}, user=UserHandle{0}
04-26 15:48:52.853 W/LauncherActivityCachingLogic( 1219): java.lang.Exception
04-26 15:48:52.853 W/LauncherActivityCachingLogic( 1219): 	at com.android.launcher3.icons.cache.LauncherActivityCachingLogic.loadIcon(go/retraceme 7226a759aa2bb3787a79806f85d80eaad84f1f1e15acd6db988f2df789d1680d:62)
04-26 15:48:52.853 W/LauncherActivityCachingLogic( 1219): 	at com.android.launcher3.icons.cache.BaseIconCache.loadFallbackIcon(go/retraceme 7226a759aa2bb3787a79806f85d80eaad84f1f1e15acd6db988f2df789d1680d:8)
04-26 15:48:52.853 W/LauncherActivityCachingLogic( 1219): 	at com.android.launcher3.icons.cache.BaseIconCache.cacheLocked(go/retraceme 7226a759aa2bb3787a79806f85d80eaad84f1f1e15acd6db988f2df789d1680d:99)
04-26 15:48:52.853 W/LauncherActivityCachingLogic( 1219): 	at com.android.launcher3.icons.IconCache.getTitleAndIcon(go/retraceme 7226a759aa2bb3787a79806f85d80eaad84f1f1e15acd6db988f2df789d1680d:233)
04-26 15:48:52.853 W/LauncherActivityCachingLogic( 1219): 	at com.android.launcher3.icons.IconCache.getTitleAndIcon(go/retraceme 7226a759aa2bb3787a79806f85d80eaad84f1f1e15acd6db988f2df789d1680d:230)
04-26 15:48:52.853 W/LauncherActivityCachingLogic( 1219): 	at com.android.launcher3.model.tasks.PackageUpdatedTask.execute(go/retraceme 7226a759aa2bb3787a79806f85d80eaad84f1f1e15acd6db988f2df789d1680d:371)
04-26 15:48:52.853 W/LauncherActivityCachingLogic( 1219): 	at com.android.launcher3.LauncherModel$enqueueModelUpdateTask$1.run(go/retraceme 7226a759aa2bb3787a79806f85d80eaad84f1f1e15acd6db988f2df789d1680d:27)
04-26 15:48:52.853 W/LauncherActivityCachingLogic( 1219): 	at com.android.launcher3.util.LooperExecutor.execute(go/retraceme 7226a759aa2bb3787a79806f85d80eaad84f1f1e15acd6db988f2df789d1680d:16)
04-26 15:48:52.853 W/LauncherActivityCachingLogic( 1219): 	at com.android.launcher3.LauncherModel.enqueueModelUpdateTask(go/retraceme 7226a759aa2bb3787a79806f85d80eaad84f1f1e15acd6db988f2df789d1680d:19)
04-26 15:48:52.853 W/LauncherActivityCachingLogic( 1219): 	at com.android.launcher3.LauncherModel$newModelCallbacks$1.accept(go/retraceme 7226a759aa2bb3787a79806f85d80eaad84f1f1e15acd6db988f2df789d1680d:4)
04-26 15:48:52.853 W/LauncherActivityCachingLogic( 1219): 	at com.android.launcher3.model.ModelLauncherCallbacks.onPackageChanged(go/retraceme 7226a759aa2bb3787a79806f85d80eaad84f1f1e15acd6db988f2df789d1680d:12)
04-26 15:48:52.853 W/LauncherActivityCachingLogic( 1219): 	at android.content.pm.LauncherApps$CallbackMessageHandler.handleMessage(LauncherApps.java:2329)
04-26 15:48:52.853 W/LauncherActivityCachingLogic( 1219): 	at android.os.Handler.dispatchMessageImpl(Handler.java:142)
04-26 15:48:52.853 W/LauncherActivityCachingLogic( 1219): 	at android.os.Handler.dispatchMessage(Handler.java:125)
04-26 15:48:52.853 W/LauncherActivityCachingLogic( 1219): 	at android.os.Looper.loopOnce(Looper.java:292)
04-26 15:48:52.853 W/LauncherActivityCachingLogic( 1219): 	at android.os.Looper.loop(Looper.java:393)
04-26 15:48:52.853 W/LauncherActivityCachingLogic( 1219): 	at android.os.HandlerThread.run(HandlerThread.java:139)
04-26 15:48:52.853 D/AlphabeticIndexCompat( 1219): computeSectionName: cs: MU Online sectionName: M
04-26 15:48:52.857 V/BaseDepthController( 1219): Applying blur: 0 to Surface(name=VRI-com.google.android.apps.nexuslauncher/com.google.android.apps.nexuslauncher.NexusLauncherActivity#249)/@0xd45637f applyImmediately: false
04-26 15:48:52.858 D/BaseDepthController( 1219): shouldBlurWorkspace: false targetState: Normal currentStableState: Normal mCurrentBlur: 0 mLauncher.getDepthBlurTargets(): [com.android.launcher3.Workspace{573bc60 V.ED..... ........ 0,0-1080,2400 #7f0a047d app:id/workspace}, com.android.launcher3.Hotseat{7eca519 V.ED..... ........ 0,1905-1080,2400 #7f0a01f1 app:id/hotseat}]
04-26 15:48:52.859 D/AllAppsStore( 1219): setApps: apps.length=21
04-26 15:48:52.860 D/AllAppsStore( 1219): notifyUpdate: notifying listeners
04-26 15:48:52.860 D/AllAppsStore( 1219): setApps: apps.length=21
04-26 15:48:52.860 D/AllAppsStore( 1219): notifyUpdate: notifying listeners
04-26 15:48:52.860 D/ActivityAllAppsContainerView( 1219): onAppsUpdated; number of apps: 21
04-26 15:48:52.860 D/ActivityAllAppsContainerView( 1219): rebindAdapters: force: false
04-26 15:48:52.860 D/ActivityAllAppsContainerView( 1219): rebindAdapters: Not needed.
04-26 15:48:52.860 D/StatsLog( 1219): LAUNCHER_ALLAPPS_COUNT
04-26 15:48:52.860 D/AlphabeticalAppsList( 1219): Clearing FastScrollerSections.
04-26 15:48:52.861 D/AlphabeticalAppsList( 1219): Adding apps with sections. HasPrivateApps: false
04-26 15:48:52.861 D/AlphabeticalAppsList( 1219): addAppsWithSections: adding sectionName: C with appInfoTitle: Calendar
04-26 15:48:52.861 D/AlphabeticalAppsList( 1219): addAppsWithSections: adding sectionName: D with appInfoTitle: Drive
04-26 15:48:52.861 D/AlphabeticalAppsList( 1219): addAppsWithSections: adding sectionName: F with appInfoTitle: Files
04-26 15:48:52.861 D/AlphabeticalAppsList( 1219): addAppsWithSections: adding sectionName: G with appInfoTitle: Glasses
04-26 15:48:52.861 D/AlphabeticalAppsList( 1219): addAppsWithSections: adding sectionName: M with appInfoTitle: Maps
04-26 15:48:52.861 D/AlphabeticalAppsList( 1219): addAppsWithSections: adding sectionName: P with appInfoTitle: Phone
04-26 15:48:52.861 D/AlphabeticalAppsList( 1219): addAppsWithSections: adding sectionName: S with appInfoTitle: Safety
04-26 15:48:52.861 D/AlphabeticalAppsList( 1219): addAppsWithSections: adding sectionName: T with appInfoTitle: TMoble
04-26 15:48:52.861 D/AlphabeticalAppsList( 1219): addAppsWithSections: adding sectionName: Y with appInfoTitle: YouTube
04-26 15:48:52.861 D/AlphabeticalAppsList( 1219): Adding FastScrollSection duplicate to scroll to the bottom.
04-26 15:48:52.861 D/AlphabeticalAppsList( 1219): Clearing FastScrollerSections.
04-26 15:48:52.861 D/AlphabeticalAppsList( 1219): Adding apps with sections. HasPrivateApps: false
04-26 15:48:52.861 D/AlphabeticalAppsList( 1219): addAppsWithSections: adding sectionName: C with appInfoTitle: Calendar
04-26 15:48:52.861 D/AlphabeticalAppsList( 1219): addAppsWithSections: adding sectionName: D with appInfoTitle: Drive
04-26 15:48:52.861 D/AlphabeticalAppsList( 1219): addAppsWithSections: adding sectionName: F with appInfoTitle: Files
04-26 15:48:52.861 D/AlphabeticalAppsList( 1219): addAppsWithSections: adding sectionName: G with appInfoTitle: Glasses
04-26 15:48:52.861 D/AlphabeticalAppsList( 1219): addAppsWithSections: adding sectionName: M with appInfoTitle: Maps
04-26 15:48:52.861 D/AlphabeticalAppsList( 1219): addAppsWithSections: adding sectionName: P with appInfoTitle: Phone
04-26 15:48:52.861 D/AlphabeticalAppsList( 1219): addAppsWithSections: adding sectionName: S with appInfoTitle: Safety
04-26 15:48:52.861 D/AlphabeticalAppsList( 1219): addAppsWithSections: adding sectionName: T with appInfoTitle: TMoble
04-26 15:48:52.861 D/AlphabeticalAppsList( 1219): addAppsWithSections: adding sectionName: Y with appInfoTitle: YouTube
04-26 15:48:52.861 D/AlphabeticalAppsList( 1219): Adding FastScrollSection duplicate to scroll to the bottom.
04-26 15:48:52.862 D/SatelliteController( 1203): packageStateChanged: package:com.muonline.client defaultSmsPackageName: com.google.android.apps.messaging satelliteGatewayServicePackageName: 
04-26 15:48:52.862 D/ActivityThread( 1203): Package [com.muonline.client] reported as REPLACED, but missing application info. Assuming REMOVED.
04-26 15:48:52.862 D/b/387844520( 1219): getOutlineOffsetX: measured width = 173, mNormalizedIconSize = 159, last updated width = 173
04-26 15:48:52.872 D/ActivityThread( 1867): Package [com.muonline.client] reported as REPLACED, but missing application info. Assuming REMOVED.
04-26 15:48:52.872 V/BaseDepthController( 1219): Applying blur: 0 to Surface(name=VRI-com.google.android.apps.nexuslauncher/com.google.android.apps.nexuslauncher.NexusLauncherActivity#249)/@0xd45637f applyImmediately: false
04-26 15:48:52.873 D/BaseDepthController( 1219): shouldBlurWorkspace: false targetState: Normal currentStableState: Normal mCurrentBlur: 0 mLauncher.getDepthBlurTargets(): [com.android.launcher3.Workspace{573bc60 V.ED..... ......ID 0,0-1080,2400 #7f0a047d app:id/workspace}, com.android.launcher3.Hotseat{7eca519 V.ED..... .......D 0,1905-1080,2400 #7f0a01f1 app:id/hotseat}]
04-26 15:48:52.875 D/ActivityManager(  736): sync unfroze 1867 com.google.android.gms for 6
04-26 15:48:52.877 D/ActivityThread( 1867): Package [com.muonline.client] reported as REPLACED, but missing application info. Assuming REMOVED.
04-26 15:48:52.879 D/CarrierSvcBindHelper( 1203): onHandleForceStop: [com.muonline.client]
04-26 15:48:52.879 D/CarrierSvcBindHelper( 1203): No carrier app for: 0
04-26 15:48:52.887 V/SafetySourceDataValidat(  736): Package: com.android.vending has expected signature
04-26 15:48:52.887 V/BaseDepthController( 1219): Applying blur: 0 to Surface(name=VRI-com.google.android.apps.nexuslauncher/com.google.android.apps.nexuslauncher.NexusLauncherActivity#249)/@0xd45637f applyImmediately: false
04-26 15:48:52.887 D/BaseDepthController( 1219): shouldBlurWorkspace: false targetState: Normal currentStableState: Normal mCurrentBlur: 0 mLauncher.getDepthBlurTargets(): [com.android.launcher3.Workspace{573bc60 V.ED..... ........ 0,0-1080,2400 #7f0a047d app:id/workspace}, com.android.launcher3.Hotseat{7eca519 V.ED..... ........ 0,1905-1080,2400 #7f0a01f1 app:id/hotseat}]
04-26 15:48:52.895 W/skia    (  566): AGTM parsing failed flags.readFromStream(s) at 159
04-26 15:48:52.896 W/skia    (  566): AGTM parsing failed flags.readFromStream(s) at 159
04-26 15:48:52.900 W/ActivityTaskManager(  736): callingPackage for (uid=2000, pid=6034) has no WPC
04-26 15:48:52.905 V/BaseDepthController( 1219): Applying blur: 0 to Surface(name=VRI-com.google.android.apps.nexuslauncher/com.google.android.apps.nexuslauncher.NexusLauncherActivity#249)/@0xd45637f applyImmediately: false
04-26 15:48:52.905 D/BaseDepthController( 1219): shouldBlurWorkspace: false targetState: Normal currentStableState: Normal mCurrentBlur: 0 mLauncher.getDepthBlurTargets(): [com.android.launcher3.Workspace{573bc60 V.ED..... ........ 0,0-1080,2400 #7f0a047d app:id/workspace}, com.android.launcher3.Hotseat{7eca519 V.ED..... ........ 0,1905-1080,2400 #7f0a01f1 app:id/hotseat}]
04-26 15:48:52.908 V/GrammaticalInflectionUtils(  736): AttributionSource: android.content.AttributionSource@d322a4fb does not have READ_SYSTEM_GRAMMATICAL_GENDER permission.
04-26 15:48:52.910 W/System  (  736): A resource failed to call close. 
04-26 15:48:52.911 W/System  (  736): A resource failed to call close. 
04-26 15:48:52.915 D/RecentsView( 1219): onTaskDisplayChanged: 92, new displayId = 0
04-26 15:48:52.920 V/BaseDepthController( 1219): Applying blur: 0 to Surface(name=VRI-com.google.android.apps.nexuslauncher/com.google.android.apps.nexuslauncher.NexusLauncherActivity#249)/@0xd45637f applyImmediately: false
04-26 15:48:52.920 D/BaseDepthController( 1219): shouldBlurWorkspace: false targetState: Normal currentStableState: Normal mCurrentBlur: 0 mLauncher.getDepthBlurTargets(): [com.android.launcher3.Workspace{573bc60 V.ED..... ........ 0,0-1080,2400 #7f0a047d app:id/workspace}, com.android.launcher3.Hotseat{7eca519 V.ED..... ........ 0,1905-1080,2400 #7f0a01f1 app:id/hotseat}]
04-26 15:48:52.925 I/libbinder.BpBinder(  566): onLastStrongRef automatically unlinking death recipients for binder (0x7eaa36065e70) with descriptor: '(not cached)'
04-26 15:48:52.932 I/ActivityTaskManager(  736): Add Task{f7e4105 #91 type=standard A=10230:com.muonline.client} to hidden list because adding Task{a8a90f0 #92 type=standard A=10230:com.muonline.client}
04-26 15:48:52.933 V/WindowManagerShell( 1036): Transition requested (#25): android.os.BinderProxy@cced25b TransitionRequestInfo { type = OPEN, triggerTask = TaskInfo{userId=0 taskId=92 effectiveUid=10230 displayId=0 isRunning=true baseIntent=Intent { flg=0x10000000 cmp=com.muonline.client/.PreloadActivity } baseActivity=ComponentInfo{com.muonline.client/com.muonline.client.PreloadActivity} topActivity=ComponentInfo{com.muonline.client/com.muonline.client.PreloadActivity} origActivity=null realActivity=ComponentInfo{com.muonline.client/com.muonline.client.PreloadActivity} realActivityIsAppLockEnabled=false numActivities=1 lastActiveTime=1107529 supportsMultiWindow=true supportsMultiWindowWithoutConstraints=true resizeMode=1 isResizeable=true minWidth=-1 minHeight=-1 defaultMinSize=220 token=WCT{android.os.BinderProxy@5897af8} topActivityType=1 pictureInPictureParams=null shouldDockBigOverlays=false launchIntoPipHostTaskId=-1 lastParentTaskIdBeforePip=-1 displayCutoutSafeInsets=Rect(132, 0 - 0, 0) topActivityInfo=ActivityInfo{2d11bd1 com.muonline.client.PreloadActivity} launchCookies=[] positionInParent=Point(0, 0) parentTaskId=-1 isFocused=false isInteractive=false isVisible=false isVisibleRequested=false isTopActivityNoDisplay=false isSleeping=false locusId=null displayAreaFeatureId=1 isTopActivityTransparent=false isActivityStackTransparent=false lastNonFullscreenBounds=null leafTaskBoundsFromOptions= false capturedLink=null capturedLinkTimestamp=0 requestedVisibleTypes=503 topActivityRequestOpenInBrowserEducationTimestamp=0 appCompatTaskInfo=AppCompatTaskInfo { topActivityInSizeCompat=false isLeafTask= true eligibleForLetterboxEducation= false isLetterboxEducationEnabled= true isLetterboxDoubleTapEnabled= false eligibleForUserAspectRatioButton= false topActivityBoundsLetterboxed= false isFromLetterboxDoubleTap= false topActivityLetterboxVerticalPosition= -1 topActivityLetterboxHorizontalPosition= -1 topActivityLetterboxWidth=-1 topActivityLetterboxHeight=-1 topActivityAppBounds=Rect(132, 0 - 2400, 1017) isUserFullscreenOverrideEnabled=false isSystemFullscreenOverrideEnabled=false hasMinAspectRatioOverride=false topActivityLetterboxBounds=null topNonResizableActivityAspectRatio=-1.0} topActivityMainWindowFrame=null isAppBubble=false}, pipChange = null, remoteTransitionInfo = null, displayChange = null, requestedLocation = null, userChange = null, windowingLayerChange = null, fullscreenRequestChange = null, flags = 0, debugId = 25 }
04-26 15:48:52.933 W/DisconnectHandler( 1036): No disconnect change found in the transition, not handling request.
04-26 15:48:52.934 V/ShellDesktopMode( 1036): DesktopTasksController: skipping handleRequest reason=triggerTask's display doesn't support desktop mode
04-26 15:48:52.934 D/ShellSplitScreen( 1036): logExit: no-op, mLoggerSessionId is null
04-26 15:48:52.936 V/ActivityTaskManager(  736): TaskLaunchParamsModifier: phase=3 task=Task{a8a90f0 #92 type=standard A=10230:com.muonline.client} activity=ActivityRecord{121775266 u0 com.muonline.client/.PreloadActivity t-1} display-from-task=0 display-id=0 task-display-area-windowing-mode=1 suggested-display-area=DefaultTaskDisplayArea@125646128 inherit-from-task=fullscreen non-freeform-task-display-area display-area=DefaultTaskDisplayArea@125646128 skip-bounds-fullscreen
04-26 15:48:52.936 I/ActivityTaskManager(  736): START u0 {flg=0x10000000 xflg=0x5 cmp=com.muonline.client/.PreloadActivity} with LAUNCH_SINGLE_TASK from uid 2000 (com.android.shell) (BAL_ALLOW_PERMISSION) result code=0
04-26 15:48:52.936 D/BaseActivity( 1219): Launcher flags updated: [state_started|state_resumed|state_deferred_resumed|state_window_focused|state_user_active] -[]
04-26 15:48:52.942 V/GrammaticalInflectionUtils(  736): AttributionSource: android.content.AttributionSource@d322a4fb does not have READ_SYSTEM_GRAMMATICAL_GENDER permission.
04-26 15:48:52.942 D/BaseActivity( 1219): Launcher flags updated: [state_started|state_resumed|state_deferred_resumed|state_window_focused] -[state_user_active]
04-26 15:48:52.943 W/ding:background( 4276): Suspending all threads took: 28.428ms
04-26 15:48:52.943 D/BaseActivity( 1219): Launcher flags updated: [state_started|state_window_focused] -[state_resumed|state_deferred_resumed]
04-26 15:48:52.943 W/SplitSelectStateCtor( 1219): Missing session instanceIds
04-26 15:48:52.944 D/StatsLog( 1219): LAUNCHER_SPLIT_SELECTION_EXIT_INTERRUPTED
04-26 15:48:52.957 V/WindowManager(  736): Defer transition id=25 for TaskFragmentTransaction=android.os.Binder@14219a1
04-26 15:48:52.957 D/Zygote  (  499): Forked child process 6050
04-26 15:48:52.963 W/InputChannel-JNI(  736): Channel already disposed.
04-26 15:48:52.964 V/RecentTasksController( 1036): Notify recent tasks changed
04-26 15:48:52.965 D/ShellDesktopMode( 1036): DesktopRepository(0): Removes freeform task: taskId=91
04-26 15:48:52.965 W/ShellDesktopMode( 1036): DesktopRepository(0): No display id found for task: taskId=91
04-26 15:48:52.966 V/RecentTasksController( 1036): Notify recent tasks changed
04-26 15:48:52.966 D/WindowManagerShell( 1036): setLauncherKeepClearAreaHeight: visible=false, height=495
04-26 15:48:52.968 D/WindowOnBackDispatcher( 1036): setTopOnBackInvokedCallback (unwrapped): android.view.ViewRootImpl$$ExternalSyntheticLambda13@45c35c3
04-26 15:48:52.969 D/WindowManager(  736): setClientSurface Surface(name=VRI-Splash Screen com.muonline.client#261)/@0xe45aedd for 5457387 Splash Screen com.muonline.client
04-26 15:48:52.971 I/AppBackupPkgRemovedIO( 1867): Backup state cleanup on uninstall is disabled. [CONTEXT service_id=229 ]
04-26 15:48:52.974 I/Zygote  ( 6050): Process 6050 created for com.muonline.client
04-26 15:48:52.974 I/muonline.client( 6050): Using generational CollectorTypeCMC GC.
04-26 15:48:52.975 I/PackageInstalledIntentO( 1867): Test flag v2 is disabled [CONTEXT service_id=469 ]
04-26 15:48:52.975 W/muonline.client( 6050): Unexpected CPU variant for x86: x86_64.
04-26 15:48:52.975 W/muonline.client( 6050): Known variants: atom, sandybridge, silvermont, goldmont, goldmont-plus, goldmont-without-sha-xsaves, tremont, kabylake, alderlake, lunarlake, default
04-26 15:48:52.978 I/ActivityManager(  736): Start proc 6050:com.muonline.client/u0a230 for next-top-activity {com.muonline.client/com.muonline.client.PreloadActivity}
04-26 15:48:52.981 I/Surface ( 1036): Creating surface for consumer unnamed-1036-8 with slotExpansion=1 for 64 slots
04-26 15:48:52.981 V/BaseDepthController( 1219): Applying blur: 0 to Surface(name=VRI-com.google.android.apps.nexuslauncher/com.google.android.apps.nexuslauncher.NexusLauncherActivity#249)/@0xd45637f applyImmediately: false
04-26 15:48:52.982 D/BaseDepthController( 1219): shouldBlurWorkspace: false targetState: Normal currentStableState: Normal mCurrentBlur: 0 mLauncher.getDepthBlurTargets(): [com.android.launcher3.Workspace{573bc60 V.ED..... ........ 0,0-1080,2400 #7f0a047d app:id/workspace}, com.android.launcher3.Hotseat{7eca519 V.ED..... ........ 0,1905-1080,2400 #7f0a01f1 app:id/hotseat}]
04-26 15:48:52.982 I/Surface ( 1036): Creating surface for consumer VRI[client]#8(BLAST Consumer)8 with slotExpansion=1 for 64 slots
04-26 15:48:52.984 D/CoreBackPreview(  736): Window{5457387 u0 Splash Screen com.muonline.client}: Setting back callback OnBackInvokedCallbackInfo{mCallback=android.window.IOnBackInvokedCallback$Stub$Proxy@f3f4c7f, mPriority=0, mIsAnimationCallback=false, mOverrideBehavior=0}
04-26 15:48:52.999 I/ImeTracker(  736): system_server:1ee8def7: onRequestHide at ORIGIN_SERVER reason IME_REQUESTED_CHANGED_LISTENER fromUser false displayId 0
04-26 15:48:53.000 I/ImeTracker(  736): system_server:1ee8def7: onCancelled at PHASE_SERVER_SHOULD_HIDE
04-26 15:48:53.004 D/RecentTasksList( 1219): invalidateLoadedTasks - previous requestLoadId: -1
04-26 15:48:53.005 D/RecentTasksList( 1219): invalidateLoadedTasks - previous requestLoadId: -1
04-26 15:48:53.008 V/BaseDepthController( 1219): Applying blur: 0 to Surface(name=VRI-com.google.android.apps.nexuslauncher/com.google.android.apps.nexuslauncher.NexusLauncherActivity#249)/@0xd45637f applyImmediately: false
04-26 15:48:53.011 D/BaseDepthController( 1219): shouldBlurWorkspace: false targetState: Normal currentStableState: Normal mCurrentBlur: 0 mLauncher.getDepthBlurTargets(): [com.android.launcher3.Workspace{573bc60 V.ED..... ........ 0,0-1080,2400 #7f0a047d app:id/workspace}, com.android.launcher3.Hotseat{7eca519 V.ED..... ........ 0,1905-1080,2400 #7f0a01f1 app:id/hotseat}]
04-26 15:48:53.014 V/WindowManager(  736): Continue transition id=25 for TaskFragmentTransaction=android.os.Binder@14219a1
04-26 15:48:53.031 D/nativeloader( 6050): Load libframework-connectivity-tiramisu-jni.so using APEX ns com_android_tethering for caller /apex/com.android.tethering/javalib/framework-connectivity-t.jar: ok
04-26 15:48:53.032 V/WindowManager(  736): Sent Transition (#25) createdAt=04-26 15:48:52.912 via request=TransitionRequestInfo { type = OPEN, triggerTask = TaskInfo{userId=0 taskId=92 effectiveUid=10230 displayId=0 isRunning=true baseIntent=Intent { flg=0x10000000 cmp=com.muonline.client/.PreloadActivity } baseActivity=ComponentInfo{com.muonline.client/com.muonline.client.PreloadActivity} topActivity=ComponentInfo{com.muonline.client/com.muonline.client.PreloadActivity} origActivity=null realActivity=ComponentInfo{com.muonline.client/com.muonline.client.PreloadActivity} realActivityIsAppLockEnabled=false numActivities=1 lastActiveTime=1107529 supportsMultiWindow=true supportsMultiWindowWithoutConstraints=true resizeMode=1 isResizeable=true minWidth=-1 minHeight=-1 defaultMinSize=220 token=WCT{RemoteToken{e2b887c Task{a8a90f0 #92 type=standard A=10230:com.muonline.client}}} topActivityType=1 pictureInPictureParams=null shouldDockBigOverlays=false launchIntoPipHostTaskId=-1 lastParentTaskIdBeforePip=-1 displayCutoutSafeInsets=Rect(132, 0 - 0, 0) topActivityInfo=ActivityInfo{8071505 com.muonline.client.PreloadActivity} launchCookies=[] positionInParent=Point(0, 0) parentTaskId=-1 isFocused=false isInteractive=false isVisible=false isVisibleRequested=false isTopActivityNoDisplay=false isSleeping=false locusId=null displayAreaFeatureId=1 isTopActivityTransparent=false isActivityStackTransparent=false lastNonFullscreenBounds=null leafTaskBoundsFromOptions= false capturedLink=null capturedLinkTimestamp=0 requestedVisibleTypes=503 topActivityRequestOpenInBrowserEducationTimestamp=0 appCompatTaskInfo=AppCompatTaskInfo { topActivityInSizeCompat=false isLeafTask= true eligibleForLetterboxEducation= false isLetterboxEducationEnabled= true isLetterboxDoubleTapEnabled= false eligibleForUserAspectRatioButton= false topActivityBoundsLetterboxed= false isFromLetterboxDoubleTap= false topActivityLetterboxVerticalPosition= -1 topActivityLetterboxHorizontalPosition= -1 topActivityLetterboxWidth=-1 topActivityLetterboxHeight=-1 topActivityAppBounds=Rect(132, 0 - 2400, 1017) isUserFullscreenOverrideEnabled=false isSystemFullscreenOverrideEnabled=false hasMinAspectRatioOverride=false topActivityLetterboxBounds=null topNonResizableActivityAspectRatio=-1.0} topActivityMainWindowFrame=null isAppBubble=false}, pipChange = null, remoteTransitionInfo = null, displayChange = null, requestedLocation = null, userChange = null, windowingLayerChange = null, fullscreenRequestChange = null, flags = 0, debugId = 25 }
04-26 15:48:53.032 V/WindowManager(  736):     startWCT=WindowContainerTransaction { changes= {} hops= [] flags= 0 errorCallbackToken=null taskFragmentOrganizer=null }
04-26 15:48:53.032 V/WindowManager(  736):     info={id=25 t=OPEN f=0x0 trk=0 r=[0@Point(0, 0)] c=[
04-26 15:48:53.032 V/WindowManager(  736):         {WCT{RemoteToken{e2b887c Task{a8a90f0 #92 type=standard A=10230:com.muonline.client}}} m=OPEN f=MOVE_TO_TOP leash=Surface(name=Task=92#258)/@0x9d8764e sb=Rect(0, 0 - 2400, 1080) eb=Rect(0, 0 - 2400, 1080) epz=Point(2400, 1080) d=0 taskParent=-1 winMode=1 userId=0},
04-26 15:48:53.032 V/WindowManager(  736):         {WCT{RemoteToken{4853fd5 Task{13e540b #1 type=home}}} m=TO_BACK f=SHOW_WALLPAPER leash=Surface(name=Task=1#34)/@0x499be06 sb=Rect(0, 0 - 2400, 1080) eb=Rect(0, 0 - 2400, 1080) epz=Point(2400, 1080) d=0 taskParent=-1 winMode=1 userId=0},
04-26 15:48:53.032 V/WindowManager(  736):         {m=TO_BACK f=IS_WALLPAPER leash=Surface(name=Surface(name=WallpaperWindowToken{3bea6dd}#54)/@0x4e520e1 - rotation-leash#253)/@0x4fea500 sb=Rect(0, 0 - 1080, 2400) eb=Rect(0, 0 - 2400, 1080) epz=Point(2400, 1080) d=0 r=0->1:-1}
04-26 15:48:53.032 V/WindowManager(  736):     ]}
04-26 15:48:53.033 V/WindowManagerShell( 1036): onTransitionReady(transaction=3161095932013)
04-26 15:48:53.033 V/WindowManagerShell( 1036): onTransitionReady (#25) android.os.BinderProxy@cced25b: {id=25 t=OPEN f=0x0 trk=0 r=[0@Point(0, 0)] c=[
04-26 15:48:53.033 V/WindowManagerShell( 1036):         {m=OPEN f=MOVE_TO_TOP leash=Surface(name=Task=92#258)/@0xc9dd558 sb=Rect(0, 0 - 2400, 1080) eb=Rect(0, 0 - 2400, 1080) epz=Point(2400, 1080) d=0 taskParent=-1 winMode=1 userId=0},
04-26 15:48:53.033 V/WindowManagerShell( 1036):         {m=TO_BACK f=SHOW_WALLPAPER leash=Surface(name=Task=1#34)/@0x44d6b1 sb=Rect(0, 0 - 2400, 1080) eb=Rect(0, 0 - 2400, 1080) epz=Point(2400, 1080) d=0 taskParent=-1 winMode=1 userId=0},
04-26 15:48:53.033 V/WindowManagerShell( 1036):         {m=TO_BACK f=IS_WALLPAPER leash=Surface(name=Surface(name=WallpaperWindowToken{3bea6dd}#54)/@0x4e520e1 - rotation-leash#253)/@0x49f8796 sb=Rect(0, 0 - 1080, 2400) eb=Rect(0, 0 - 2400, 1080) epz=Point(2400, 1080) d=0 r=0->1:-1}
04-26 15:48:53.033 V/WindowManagerShell( 1036):     ]}
04-26 15:48:53.039 I/Fitness ( 1366): (REDACTED) FitCleanupIntentOperation received Intent %s
04-26 15:48:53.042 D/BaseActivity( 1219): Launcher flags updated: [state_started] -[state_window_focused]
04-26 15:48:53.042 I/Finsky  ( 4164): [2] Memory trim requested to level 40
04-26 15:48:53.042 V/BaseDepthController( 1219): Applying blur: 0 to Surface(name=VRI-com.google.android.apps.nexuslauncher/com.google.android.apps.nexuslauncher.NexusLauncherActivity#249)/@0xd45637f applyImmediately: false
04-26 15:48:53.043 D/BaseDepthController( 1219): shouldBlurWorkspace: false targetState: Normal currentStableState: Normal mCurrentBlur: 0 mLauncher.getDepthBlurTargets(): [com.android.launcher3.Workspace{573bc60 V.ED..... ........ 0,0-1080,2400 #7f0a047d app:id/workspace}, com.android.launcher3.Hotseat{7eca519 V.ED..... .......D 0,1905-1080,2400 #7f0a01f1 app:id/hotseat}]
04-26 15:48:53.043 I/Finsky  ( 4164): [2] Flushing in-memory image cache
04-26 15:48:53.043 W/InputChannel-JNI(  736): Channel already disposed.
04-26 15:48:53.044 V/WindowManagerShell( 1036): Transition (#25) android.os.BinderProxy@cced25b@0 ready while (#24) android.os.BinderProxy@27ea862@0 is still animating. Notify the animating transition in case they can be merged
