04-26 19:44:27.379  4105  4105 I InputMethodEntryManager: InputMethodEntryManager.loadAdditionalImeDefsForCurrentEntry():3077 loadAdditionalImeDefsForCurrentEntry(): mua{languageTag=en-US, variant=qwerty, hasLocalizedResources=true, conditionCacheKey=_android_software_xr_api_spatial=false_app_first_start_timestamp=1776337405505_cache_additional_ime_defs_for_condition_change=false_cache_ime_defs_for_condition_change=false_deprecate_long_press_space_for_ime_picker=false_device=phone_device_size=default_enable_more_candidates_view_for_multilingual=false_enable_number_row=false_enable_number_row_in_password=true_enable_pk_simulator=false_enable_pk_simulator_setting=false_enable_preemptive_decode=true_enable_scrub_move=true_enable_secondary_digits=true_enable_secondary_symbols=false_expressions=normal_four_or_more_letter_rows=false_free_cursor=false_free_cursor_spacebar_popup=false_keyboard_font_size_setting=_keyboard_mode=normal_language=en-US_layout_9key_split=false_orientation=landscape_physical_keyboard=qwerty_pk_simulator_vk_ready=false_pref_enable_flick_symbols=false_rtl_layout=false_show_comma_key=true_show_period_key=true_show_secondary_digits=true_show_suggestion_strip=true_show_suggestions=true_split_with_duplicate_keys=true_true=true_variant=qwerty_writing_helper_enable_by_word_revert=false, imeDef.stringId=ime_english_united_states, imeDef.className=com.google.android.apps.inputmethod.libs.latin5.LatinIme, imeDef.languageTag=en-US}
04-26 19:44:27.381  4105  4105 I InputMethodEntryManager: InputMethodEntryManager$6.onSuccess():3093 Success load additional ImeDefs, entryChanged=false, additionalImeDefsChanged=false, [noh{stringId=password, language=und-Latn-x-password, languageTag=und-Latn-x-password, processedConditions={writing_helper_enable_by_word_revert=false, variant=qwerty, true=true, language=en-US, enable_number_row=true, device=phone, enable_number_row_in_password=true, enable_pk_simulator=false}, className=com.google.android.libraries.inputmethod.ime.password.PasswordIme, label=2132019347, keyEventInterpreter=null, inlineComposing=true, autoCapital=true, announceAutoSelectedCandidate=true, statusIcon=0, indicatorIcon=0, indicatorLabel=null, displayAppCompletions=false, extraValues=noa{}, processors=nqa@e1dc12, unacceptableMetaKeys=4098, languageSpecificSettings=0, asciiCapable=false, alwaysShowSuggestions=false, useAsciiPasswordKeyboard=false, keyboardGroupDef=npj@9245fe3, phenotypeFlagId=0, localizationLanguageTag=null, supportsInlineSuggestion=false}, noh{stringId=number, language=und-Latn-x-number, languageTag=und-Latn-x-number, processedConditions={}, className=com.google.android.libraries.inputmethod.ime.DummyIme, label=2132019284, keyEventInterpreter=null, inlineComposing=true, autoCapital=false, announceAutoSelectedCandidate=false, statusIcon=0, indicatorIcon=0, indicatorLabel=null, displayAppCompletions=false, extraValues=noa{}, processors=nqa@e1dc12, unacceptableMetaKeys=4098, languageSpecificSettings=0, asciiCapable=false, alwaysShowSuggestions=false, useAsciiPasswordKeyboard=false, keyboardGroupDef=npj@6462de0, phenotypeFlagId=0, localizationLanguageTag=null, supportsInlineSuggestion=false}, noh{stringId=number_password, language=und-Latn-x-number-password, languageTag=und-Latn-x-number-password, processedConditions={}, className=com.google.android.libraries.inputmethod.ime.DummyIme, label=2132019285, keyEventInterpreter=null, inlineComposing=true, autoCapital=false, announceAutoSelectedCandidate=false, statusIcon=0, indicatorIcon=0, indicatorLabel=null, displayAppCompletions=false, extraValues=noa{}, processors=nqa@e1dc12, unacceptableMetaKeys=4098, languageSpecificSettings=0, asciiCapable=false, alwaysShowSuggestions=false, useAsciiPasswordKeyboard=false, keyboardGroupDef=npj@91bf899, phenotypeFlagId=0, localizationLanguageTag=null, supportsInlineSuggestion=false}, noh{stringId=phone_number, language=und-Latn-x-phone-number, languageTag=und-Latn-x-phone-number, processedConditions={}, className=com.google.android.libraries.inputmethod.ime.DummyIme, label=2132019384, keyEventInterpreter=null, inlineComposing=true, autoCapital=false, announceAutoSelectedCandidate=false, statusIcon=0, indicatorIcon=0, indicatorLabel=null, displayAppCompletions=false, extraValues=noa{}, processors=nqa@e1dc12, unacceptableMetaKeys=4098, languageSpecificSettings=0, asciiCapable=false, alwaysShowSuggestions=false, useAsciiPasswordKeyboard=false, keyboardGroupDef=npj@5fda75e, phenotypeFlagId=0, localizationLanguageTag=null, supportsInlineSuggestion=false}, noh{stringId=date_time, language=und-Latn-x-date-time, languageTag=und-Latn-x-date-time, processedConditions={}, className=com.google.android.libraries.inputmethod.ime.DummyIme, label=2132017762, keyEventInterpreter=null, inlineComposing=true, autoCapital=false, announceAutoSelectedCandidate=false, statusIcon=0, indicatorIcon=0, indicatorLabel=null, displayAppCompletions=false, extraValues=noa{}, processors=nqa@e1dc12, unacceptableMetaKeys=4098, languageSpecificSettings=0, asciiCapable=false, alwaysShowSuggestions=false, useAsciiPasswordKeyboard=false, keyboardGroupDef=npj@6b3173f, phenotypeFlagId=0, localizationLanguageTag=null, supportsInlineSuggestion=false}]
04-26 19:44:27.381  1219  1219 D CueBarController: CuebarController destroy
04-26 19:44:27.381  4105  4105 I InputMethodEntryManager: InputMethodEntryManager.onSuccessLoadingAdditionalImeDefs():3159 Additional ImeDefs have been loaded, maybe notify entry change: false
04-26 19:44:27.382  1219  1219 D TaskbarOverlayController: onDestroy: 	at com.android.launcher3.taskbar.PerDisplayTaskbarResource.destroyTaskbarForDisplay(go/retraceme 7226a759aa2bb3787a79806f85d80eaad84f1f1e15acd6db988f2df789d1680d:455)
04-26 19:44:27.382  1219  1219 D TaskbarOverlayController: 	at com.android.launcher3.taskbar.TaskbarManagerImpl.recreateTaskbarForDisplay(go/retraceme 7226a759aa2bb3787a79806f85d80eaad84f1f1e15acd6db988f2df789d1680d:125)
04-26 19:44:27.382  1219  1219 D TaskbarOverlayController: 	at com.android.launcher3.taskbar.TaskbarManagerImpl$$ExternalSyntheticLambda24.invoke(go/retraceme 7226a759aa2bb3787a79806f85d80eaad84f1f1e15acd6db988f2df789d1680d:45)
04-26 19:44:27.382  1219  1219 D TaskbarOverlayController: onDestroy: Was window already present? false
04-26 19:44:27.382  1219  1219 D PerDisplayTaskbarResource: recreateTaskbarForDisplay: isTaskbarEnabled=true [dp != null]=true mUserUnlocked=true dp.isTaskbarPresent=false isTaskbarEnabled=true displayExists=true displayId=0
04-26 19:44:27.382  1219  1219 D PerDisplayTaskbarResource: recreateTaskbarForDisplay: creating taskbar displayId=0
04-26 19:44:27.383  4105  4105 I SystemSubtypesReportModule: SystemSubtypesReportModule$2.onCurrentInputMethodEntryChanged():153 entry: en-US, source: UNSPECIFIED
04-26 19:44:27.383  4105  4105 I GoogleInputMethodService: GoogleInputMethodService.onCurrentInputMethodEntryChanged():2375 onCurrentInputMethodEntryChanged(): imeDefsChanged=false, entryLanguageVariantChanged=false, keyboardContextChanged=false
04-26 19:44:27.383  4105  4105 I GoogleInputMethodService: GoogleInputMethodService.onCurrentInputMethodEntryChanged():2393 Skip the entry change as the input method entry is consider as not changed.
04-26 19:44:27.386  4105  4105 I DeviceModeModule: DeviceModeModule.calculateAndNotify():225 Device mode 'phone' from display metrics 'DisplayMetrics{density=0.0, width=1080, height=2400, scaledDensity=0.0, xdpi=420.0, ydpi=420.0}' or smallestScreenWidthDp: 411
04-26 19:44:27.386  4105  4150 I SP      : Syncing emoticon_content_description (2022081613) with slices: [7a635888cb828dfa2fc744b7b9b50f04], metadata: false
04-26 19:44:27.386  4105  4105 I GoogleInputMethodService: GoogleInputMethodService.onConfigurationChanged():1109 changedMask : 20000480
04-26 19:44:27.386  4105  4105 I GoogleInputMethodService: GoogleInputMethodService.clearInputMethodServiceData():1064 clearInputMethodServiceData for configurationChange
04-26 19:44:27.386  4105  4105 I GoogleInputMethodService: GoogleInputMethodService.discardAllKeyboardViewAndInputView():1299 discardAllKeyboardViewAndInputView()
04-26 19:44:27.387  4105  4105 I AbstractOpenableExtension: AbstractOpenableExtension.maybeDestroyExistingKeyboardGroupManager():536 Destroy existing keyboard group manager in hph
04-26 19:44:27.387  4105  4105 I AbstractOpenableExtension: AbstractOpenableExtension$3.onSuccess():556 KeyboardGroupManager destroyed in hph.
04-26 19:44:27.387  4105  4105 I AbstractOpenableExtension: AbstractOpenableExtension.createKeyboardGroupManagerListenableFuture():121 Create keyboard group manager listenable future in hph
04-26 19:44:27.387  4105  4105 I AbstractOpenableExtension: AbstractOpenableExtension.maybeDestroyExistingKeyboardGroupManager():536 Destroy existing keyboard group manager in fei
04-26 19:44:27.387  4105  4105 I AbstractOpenableExtension: AbstractOpenableExtension$3.onSuccess():556 KeyboardGroupManager destroyed in fei.
04-26 19:44:27.387  4105  4105 I AbstractOpenableExtension: AbstractOpenableExtension.createKeyboardGroupManagerListenableFuture():121 Create keyboard group manager listenable future in fei
04-26 19:44:27.388   736   762 I InputManager-JNI: Viewport [0] to add: local:4619827259835644672, isActive: true
04-26 19:44:27.389   736   873 I InputReader: Reconfiguring input devices, changes=DISPLAY_INFO
04-26 19:44:27.389   736   873 I InputReader: Touch device 'virtio_input_multi_touch_11' could not query the properties of its associated display.  The device will be inoperable until the display size becomes available.
04-26 19:44:27.389   736   873 I InputReader: Touch device 'virtio_input_multi_touch_10' could not query the properties of its associated display.  The device will be inoperable until the display size becomes available.
04-26 19:44:27.389   736   873 I InputReader: Touch device 'virtio_input_multi_touch_9' could not query the properties of its associated display.  The device will be inoperable until the display size becomes available.
04-26 19:44:27.389   736   873 I InputReader: Touch device 'virtio_input_multi_touch_8' could not query the properties of its associated display.  The device will be inoperable until the display size becomes available.
04-26 19:44:27.389   736   873 I InputReader: Touch device 'virtio_input_multi_touch_7' could not query the properties of its associated display.  The device will be inoperable until the display size becomes available.
04-26 19:44:27.389   736   873 I InputReader: Touch device 'virtio_input_multi_touch_6' could not query the properties of its associated display.  The device will be inoperable until the display size becomes available.
04-26 19:44:27.389   736   873 I InputReader: Touch device 'virtio_input_multi_touch_5' could not query the properties of its associated display.  The device will be inoperable until the display size becomes available.
04-26 19:44:27.389   736   873 I InputReader: Touch device 'virtio_input_multi_touch_4' could not query the properties of its associated display.  The device will be inoperable until the display size becomes available.
04-26 19:44:27.389   736   873 I InputReader: Touch device 'virtio_input_multi_touch_3' could not query the properties of its associated display.  The device will be inoperable until the display size becomes available.
04-26 19:44:27.389   736   873 I InputReader: Touch device 'virtio_input_multi_touch_2' could not query the properties of its associated display.  The device will be inoperable until the display size becomes available.
04-26 19:44:27.390  1036  1091 D Bubbles : BubblePositioner.update() insets=Insets{left=132, top=74, right=0, bottom=63} largeScreen=false smallTablet=false isBubbleBar=false bounds=Rect(0, 0 - 2400, 1080)
04-26 19:44:27.390  4105  4105 I AbstractOpenableExtension: AbstractOpenableExtension.maybeDestroyExistingKeyboardGroupManager():536 Destroy existing keyboard group manager in hsc
04-26 19:44:27.390  4105  4105 I AbstractOpenableExtension: AbstractOpenableExtension$3.onSuccess():556 KeyboardGroupManager destroyed in hsc.
04-26 19:44:27.390  4105  4105 I AbstractOpenableExtension: AbstractOpenableExtension.createKeyboardGroupManagerListenableFuture():121 Create keyboard group manager listenable future in hsc
04-26 19:44:27.392  1036  2393 V WindowManagerShell: onTransitionReady(transaction=3161095942662)
04-26 19:44:27.395   736   881 I ImeTracker: com.muonline.client:e64bd7de: onRequestHide at ORIGIN_SERVER reason HIDE_UNSPECIFIED_WINDOW fromUser false userId 0 displayId 0
04-26 19:44:27.396  1036  1091 D ShellSplitScreen: Updating status bar override leftRight=false currentSplit=1 splitVisible=false overridden=false
04-26 19:44:27.396  1036  1091 D ShellSplitScreen: No change in status bar override state
04-26 19:44:27.396  1036  1091 V ShellSplitScreen: Updating status bar for split, no change in state
04-26 19:44:27.396  1036  1091 V ShellSplitScreen: Updating status bar for split, no change in state
04-26 19:44:27.398  1036  1091 V WindowManagerShell: onTransitionReady (#121) android.os.BinderProxy@a5d7e48: {id=121 t=CHANGE f=0x0 trk=0 r=[0@Point(0, 0)] c=[
04-26 19:44:27.398  1036  1091 V WindowManagerShell:         {m=CHANGE f=NONE p=WCT{android.os.BinderProxy@d845049} leash=Surface(name=Task=109#1215)/@0x4613137 sb=Rect(0, 0 - 1080, 2400) eb=Rect(0, 0 - 2400, 1080) epz=Point(2400, 1080) d=0 r=0->1:0 taskParent=-1 winMode=1 userId=0},
04-26 19:44:27.398  1036  1091 V WindowManagerShell:         {m=CHANGE f=FLAG_IS_TASK_DISPLAY_AREA p=WCT{android.os.BinderProxy@38a5576} leash=Surface(name=DefaultTaskDisplayArea#9)/@0x1eae6a4 sb=Rect(0, 0 - 1080, 2400) eb=Rect(0, 0 - 2400, 1080) epz=Point(2400, 1080) d=0 r=0->1:-1},
04-26 19:44:27.398  1036  1091 V WindowManagerShell:         {m=CHANGE f=NONE p=WCT{android.os.BinderProxy@7be5302} leash=Surface(name=AppZoomOut:2:14#8)/@0xa225c0d sb=Rect(0, 0 - 1080, 2400) eb=Rect(0, 0 - 2400, 1080) epz=Point(2400, 1080) d=0 r=0->1:-1},
04-26 19:44:27.398  1036  1091 V WindowManagerShell:         {m=CHANGE f=NONE p=WCT{android.os.BinderProxy@9b57942} leash=Surface(name=WindowedMagnification:0:31#3)/@0x7bb57c2 sb=Rect(0, 0 - 1080, 2400) eb=Rect(0, 0 - 2400, 1080) epz=Point(2400, 1080) d=0 r=0->1:-1},
04-26 19:44:27.398  1036  1091 V WindowManagerShell:         {m=CHANGE f=IS_DISPLAY leash=Surface(name=WindowedMagnification:0:31#3)/@0x18da9d3 sb=Rect(0, 0 - 1080, 2400) eb=Rect(0, 0 - 2400, 1080) epz=Point(2400, 1080) d=0 r=0->1:3}
04-26 19:44:27.398  1036  1091 V WindowManagerShell:     ]}
04-26 19:44:27.403 14925 15755 I Icing   : Indexing com.google.android.gms-apps from com.google.android.gms
04-26 19:44:27.403   736   762 D DisplayManagerService: Sending topology graph to Input Manager: DisplayTopologyGraph{mPrimaryDisplayId=0}
04-26 19:44:27.403   736   762 D DisplayManagerService:   DisplayNode{displayId=0, density=420, bounds=RectF(0.0, 0.0, 914.2857, 411.42856)}
04-26 19:44:27.406 16616 16616 D InsetsController: hide(ime())
04-26 19:44:27.406 16616 16616 I ImeTracker: com.muonline.client:e64bd7de: onCancelled at PHASE_CLIENT_ALREADY_HIDDEN
04-26 19:44:27.406 16616 16660 I MuPreload: Skip download, usable data exists: /storage/emulated/0/Android/data/com.muonline.client/files/Data markerWasPresent=true
04-26 19:44:27.409  1036  1091 V WindowManagerShell: Playing animation for (#121) android.os.BinderProxy@a5d7e48@0
04-26 19:44:27.410  4105 16668 I KeyboardGroupDefParser: KeyboardGroupDefParser.parseKeyboardGroupDef():86 parseKeyboardGroupDef() 2132213994 -> 0_resource_name_obfuscated : WaitTime = 3 ms : RunTime = 20 ms
04-26 19:44:27.410  1036  1091 V WindowManagerShell: PipTransitionState: Set mIsDisplayChangeScheduled=false
04-26 19:44:27.410  1036  1091 D ShellSplitScreen: startAnimation: transition=121 isSplitActive=false
04-26 19:44:27.410  1036  1091 V ShellRecents: RecentsTransitionHandler.startAnimation: no controller found
04-26 19:44:27.410  1036  1091 V ShellDesktopMode: DesktopMixedTransitionHandler: No pending desktop transition
04-26 19:44:27.410  1036  1091 V WindowManagerShell: start default transition animation, info = {id=121 t=CHANGE f=0x0 trk=0 r=[0@Point(0, 0)] c=[{m=CHANGE f=NONE p=WCT{android.os.BinderProxy@d845049} leash=Surface(name=Task=109#1215)/@0x4613137 sb=Rect(0, 0 - 1080, 2400) eb=Rect(0, 0 - 2400, 1080) epz=Point(2400, 1080) d=0 r=0->1:0 taskParent=-1 winMode=1 userId=0},{m=CHANGE f=FLAG_IS_TASK_DISPLAY_AREA p=WCT{android.os.BinderProxy@38a5576} leash=Surface(name=DefaultTaskDisplayArea#9)/@0x1eae6a4 sb=Rect(0, 0 - 1080, 2400) eb=Rect(0, 0 - 2400, 1080) epz=Point(2400, 1080) d=0 r=0->1:-1},{m=CHANGE f=NONE p=WCT{android.os.BinderProxy@7be5302} leash=Surface(name=AppZoomOut:2:14#8)/@0xa225c0d sb=Rect(0, 0 - 1080, 2400) eb=Rect(0, 0 - 2400, 1080) epz=Point(2400, 1080) d=0 r=0->1:-1},{m=CHANGE f=NONE p=WCT{android.os.BinderProxy@9b57942} leash=Surface(name=WindowedMagnification:0:31#3)/@0x7bb57c2 sb=Rect(0, 0 - 1080, 2400) eb=Rect(0, 0 - 2400, 1080) epz=Point(2400, 1080) d=0 r=0->1:-1},{m=CHANGE f=IS_DISPLAY leash=Surface(name=WindowedMagnification:0:31#3)/@0x18da9d3 sb=Rect(0, 0 - 1080, 2400) eb=Rect(0, 0 - 2400, 1080) epz=Point(2400, 1080) d=0 r=0->1:3}]}
04-26 19:44:27.410  1036  1091 V WindowManagerShell: Display is changing, resolve the animation hint.
04-26 19:44:27.410  1036  1091 V WindowManagerShell:   display requests explicit seamless
04-26 19:44:27.412  1036  1091 V WindowManagerShell: Transition animation finished (aborted=false), notifying core (#121) android.os.BinderProxy@a5d7e48@0
04-26 19:44:27.416  1219  1219 W AmbientCueRepository: spoonBarOptedIn not found, default to enabled
04-26 19:44:27.416  1219  1219 W AmbientCueRepository: android.provider.Settings$SettingNotFoundException: spoonBarOptedIn
04-26 19:44:27.416  1219  1219 W AmbientCueRepository: 	at android.provider.Settings.parseIntSetting(Settings.java:4348)
04-26 19:44:27.416  1219  1219 W AmbientCueRepository: 	at android.provider.Settings.-$$Nest$smparseIntSetting(Settings.java:0)
04-26 19:44:27.416  1219  1219 W AmbientCueRepository: 	at android.provider.Settings$Secure.getIntForUser(Settings.java:7792)
04-26 19:44:27.416  1219  1219 W AmbientCueRepository: 	at android.provider.Settings$Secure.getInt(Settings.java:7784)
04-26 19:44:27.416  1219  1219 W AmbientCueRepository: 	at com.android.quickstep.cuebar.data.repository.AmbientCueRepositoryImpl.isAmbientCueSettingEnabled(go/retraceme 7226a759aa2bb3787a79806f85d80eaad84f1f1e15acd6db988f2df789d1680d:9)
04-26 19:44:27.416  1219  1219 W AmbientCueRepository: 	at com.android.quickstep.cuebar.data.repository.AmbientCueRepositoryImpl.<init>(go/retraceme 7226a759aa2bb3787a79806f85d80eaad84f1f1e15acd6db988f2df789d1680d:144)
04-26 19:44:27.416  1219  1219 W AmbientCueRepository: 	at com.android.launcher3.taskbar.CueBarController.<init>(go/retraceme 7226a759aa2bb3787a79806f85d80eaad84f1f1e15acd6db988f2df789d1680d:31)
04-26 19:44:27.416  1219  1219 W AmbientCueRepository: 	at com.android.launcher3.taskbar.TaskbarActivityContext.<init>(go/retraceme 7226a759aa2bb3787a79806f85d80eaad84f1f1e15acd6db988f2df789d1680d:3648)
04-26 19:44:27.416  1219  1219 W AmbientCueRepository: 	at com.android.launcher3.taskbar.TaskbarManagerImpl.createTaskbarActivityContext(go/retraceme 7226a759aa2bb3787a79806f85d80eaad84f1f1e15acd6db988f2df789d1680d:59)
04-26 19:44:27.416  1219  1219 W AmbientCueRepository: 	at com.android.launcher3.taskbar.TaskbarManagerImpl.recreateTaskbarForDisplay(go/retraceme 7226a759aa2bb3787a79806f85d80eaad84f1f1e15acd6db988f2df789d1680d:248)
04-26 19:44:27.416  1219  1219 W AmbientCueRepository: 	at com.android.launcher3.taskbar.TaskbarManagerImpl$$ExternalSyntheticLambda24.invoke(go/retraceme 7226a759aa2bb3787a79806f85d80eaad84f1f1e15acd6db988f2df789d1680d:45)
04-26 19:44:27.416  1219  1219 W AmbientCueRepository: 	at com.android.launcher3.taskbar.PerDisplayTaskbarResource$componentCallbacks$1$onConfigurationChanged$1.run(go/retraceme 7226a759aa2bb3787a79806f85d80eaad84f1f1e15acd6db988f2df789d1680d:114)
04-26 19:44:27.416  1219  1219 W AmbientCueRepository: 	at com.android.launcher3.util.LooperExecutor.execute(go/retraceme 7226a759aa2bb3787a79806f85d80eaad84f1f1e15acd6db988f2df789d1680d:16)
04-26 19:44:27.416  1219  1219 W AmbientCueRepository: 	at com.android.launcher3.taskbar.PerDisplayTaskbarResource$componentCallbacks$1.onConfigurationChanged(go/retraceme 7226a759aa2bb3787a79806f85d80eaad84f1f1e15acd6db988f2df789d1680d:14)
04-26 19:44:27.416  1219  1219 W AmbientCueRepository: 	at android.content.ComponentCallbacksController.lambda$dispatchConfigurationChanged$0(ComponentCallbacksController.java:92)
04-26 19:44:27.416  1219  1219 W AmbientCueRepository: 	at android.content.ComponentCallbacksController$$ExternalSyntheticLambda2.accept(D8$$SyntheticClass:0)
04-26 19:44:27.416  1219  1219 W AmbientCueRepository: 	at android.content.ComponentCallbacksController.forAllComponentCallbacks(ComponentCallbacksController.java:125)
04-26 19:44:27.416  1219  1219 W AmbientCueRepository: 	at android.content.ComponentCallbacksController.dispatchConfigurationChanged(ComponentCallbacksController.java:92)
04-26 19:44:27.416  1219  1219 W AmbientCueRepository: 	at android.window.WindowContext.dispatchConfigurationChanged(WindowContext.java:281)
04-26 19:44:27.416  1219  1219 W AmbientCueRepository: 	at android.window.WindowTokenClient.onConfigurationChangedInner(WindowTokenClient.java:212)
04-26 19:44:27.416  1219  1219 W AmbientCueRepository: 	at android.window.WindowTokenClient.onConfigurationChanged(WindowTokenClient.java:158)
04-26 19:44:27.416  1219  1219 W AmbientCueRepository: 	at android.window.WindowTokenClient.onConfigurationChanged(WindowTokenClient.java:114)
04-26 19:44:27.416  1219  1219 W AmbientCueRepository: 	at android.window.WindowTokenClientController.onWindowContextInfoChanged(WindowTokenClientController.java:249)
04-26 19:44:27.416  1219  1219 W AmbientCueRepository: 	at android.app.ActivityThread.handleWindowContextInfoChanged(ActivityThread.java:7289)
04-26 19:44:27.416  1219  1219 W AmbientCueRepository: 	at android.app.servertransaction.WindowContextInfoChangeItem.execute(WindowContextInfoChangeItem.java:53)
04-26 19:44:27.416  1219  1219 W AmbientCueRepository: 	at android.app.servertransaction.TransactionExecutor.executeNonLifecycleItem(TransactionExecutor.java:133)
04-26 19:44:27.416  1219  1219 W AmbientCueRepository: 	at android.app.servertransaction.TransactionExecutor.executeTransactionItems(TransactionExecutor.java:103)
04-26 19:44:27.416  1219  1219 W AmbientCueRepository: 	at android.app.servertransaction.TransactionExecutor.execute(TransactionExecutor.java:80)
04-26 19:44:27.416  1219  1219 W AmbientCueRepository: 	at android.app.ActivityThread$H.handleMessage(ActivityThread.java:3024)
04-26 19:44:27.416  1219  1219 W AmbientCueRepository: 	at android.os.Handler.dispatchMessageImpl(Handler.java:142)
04-26 19:44:27.416  1219  1219 W AmbientCueRepository: 	at android.os.Handler.dispatchMessage(Handler.java:125)
04-26 19:44:27.416  1219  1219 W AmbientCueRepository: 	at android.os.Looper.loopOnce(Looper.java:292)
04-26 19:44:27.416  1219  1219 W AmbientCueRepository: 	at android.os.Looper.loop(Looper.java:393)
04-26 19:44:27.416  1219  1219 W AmbientCueRepository: 	at android.app.ActivityThread.main(ActivityThread.java:9486)
04-26 19:44:27.416  1219  1219 W AmbientCueRepository: 	at java.lang.reflect.Method.invoke(Native Method)
04-26 19:44:27.416  1219  1219 W AmbientCueRepository: 	at com.android.internal.os.RuntimeInit$MethodAndArgsCaller.run(RuntimeInit.java:575)
04-26 19:44:27.416  1219  1219 W AmbientCueRepository: 	at com.android.internal.os.ZygoteInit.main(ZygoteInit.java:939)
04-26 19:44:27.417  4105  4105 W NotificationCenter: NotificationCenter$NotificationQueue.notifyPendingNotificationsOnExecutor():877 Heavy notify work detected on UI thread: [qnx->nes] takes 25ms
04-26 19:44:27.417  4105  4105 I DeviceModeModule: DeviceModeModule.calculateAndNotify():225 Device mode 'phone' from display metrics 'DisplayMetrics{density=0.0, width=2400, height=1080, scaledDensity=0.0, xdpi=420.0, ydpi=420.0}' or smallestScreenWidthDp: 411
04-26 19:44:27.417  1219  1219 D LauncherAmbientCueVM: onUnfilteredActionsChange: []
04-26 19:44:27.417  4105  4105 I GoogleInputMethodService: GoogleInputMethodService$8.onWindowMetricsChanged():817 windowMetrics: bounds() = Rect(132, 74 - 2400, 1080), insets() = Rect(0, 0 - 0, 0)
04-26 19:44:27.417  4105  4105 W AndroidIME: LatinIMEBase.updateInputViewCoverNavigation():319 Null input view, cannot update padding!
04-26 19:44:27.418  4105  4105 I WindowMetricsNotification: WindowMetricsNotification.notify():159 qnx[bounds=Rect(132, 74 - 2400, 1080), insets=Rect(0, 0 - 0, 0), densityDpi=420, smallestScreenWidthDp=411, displayWidth=2400, displayHeight=1080, xdpi=420.0, ydpi=420.0, isTrustable=true, displayId=0]; DisplayMetrics{density=2.625, width=2400, height=1080, scaledDensity=2.625, xdpi=420.0, ydpi=420.0}
04-26 19:44:27.418  4105 16668 I KeyboardGroupDefParser: KeyboardGroupDefParser.parseKeyboardGroupDef():86 parseKeyboardGroupDef() 2132213998 -> 0_resource_name_obfuscated : WaitTime = 19 ms : RunTime = 8 ms
04-26 19:44:27.418  4105  4105 I WindowMetricsHelper: WindowMetricsHelper.predictAndNotify():145 Window metrics predicted.
04-26 19:44:27.422  4105  4105 I GoogleInputMethodService: GoogleInputMethodService.initializeInputMethodServiceData():872 initializeInputMethodServiceData for mua{languageTag=en-US, variant=qwerty, hasLocalizedResources=true, conditionCacheKey=_android_software_xr_api_spatial=false_app_first_start_timestamp=1776337405505_cache_additional_ime_defs_for_condition_change=false_cache_ime_defs_for_condition_change=false_deprecate_long_press_space_for_ime_picker=false_device=phone_device_size=default_enable_more_candidates_view_for_multilingual=false_enable_number_row=false_enable_number_row_in_password=true_enable_pk_simulator=false_enable_pk_simulator_setting=false_enable_preemptive_decode=true_enable_scrub_move=true_enable_secondary_digits=true_enable_secondary_symbols=false_expressions=normal_four_or_more_letter_rows=false_free_cursor=false_free_cursor_spacebar_popup=false_keyboard_font_size_setting=_keyboard_mode=normal_language=en-US_layout_9key_split=false_orientation=landscape_physical_keyboard=qwerty_pk_simulator_vk_ready=false_pref_enable_flick_symbols=false_rtl_layout=false_show_comma_key=true_show_period_key=true_show_secondary_digits=true_show_suggestion_strip=true_show_suggestions=true_split_with_duplicate_keys=true_true=true_variant=qwerty_writing_helper_enable_by_word_revert=false, imeDef.stringId=ime_english_united_states, imeDef.className=com.google.android.apps.inputmethod.libs.latin5.LatinIme, imeDef.languageTag=en-US}
04-26 19:44:27.422  1219  1219 D AmbientCueRepository: connectToAce: connecting TO ACE and registering
04-26 19:44:27.423  4105 16671 I KeyboardGroupDefParser: KeyboardGroupDefParser.parseKeyboardGroupDef():86 parseKeyboardGroupDef() 2132213997 -> 0_resource_name_obfuscated : WaitTime = 20 ms : RunTime = 11 ms
04-26 19:44:27.425  4105  4105 I Gm3ColorTokenStyleSheetProvider: Gm3ColorTokenStyleSheetProvider.isHigherContrastMode():326 Detected higher contrast mode: 72.432045
04-26 19:44:27.426  1219  1219 D AllAppsStore: setApps: apps.length=21
04-26 19:44:27.426  1219  1219 D AllAppsStore: notifyUpdate: notifying listeners
04-26 19:44:27.429  1219  1219 D AlphabeticIndexCompat: computeSectionName: cs: Settings sectionName: S
04-26 19:44:27.430  1219  1219 D AlphabeticIndexCompat: computeSectionName: cs: Photos sectionName: P
04-26 19:44:27.430   736   759 V WindowManager: Finish Transition (#121): created at 04-26 19:44:27.313 collect-started=0.115ms request-sent=0.141ms started=14.054ms ready=41.107ms sent=60.76ms commit=47.335ms finished=111.823ms
04-26 19:44:27.430  1219  1219 D AlphabeticIndexCompat: computeSectionName: cs: Battery sectionName: B
04-26 19:44:27.430  1219  1219 D AlphabeticIndexCompat: computeSectionName: cs: Chrome sectionName: C
04-26 19:44:27.430  1219  1219 D AlphabeticIndexCompat: computeSectionName: cs: Gmail sectionName: G
04-26 19:44:27.432  1219  1219 D AlphabeticIndexCompat: computeSectionName: cs: Drive sectionName: D
04-26 19:44:27.433  1219  1219 D AlphabeticIndexCompat: computeSectionName: cs: Clock sectionName: C
04-26 19:44:27.433  1219  1219 D AlphabeticIndexCompat: computeSectionName: cs: Contacts sectionName: C
04-26 19:44:27.433  1219  1219 D AlphabeticIndexCompat: computeSectionName: cs: Calendar sectionName: C
04-26 19:44:27.433  1219  1219 D AlphabeticIndexCompat: computeSectionName: cs: Maps sectionName: M
04-26 19:44:27.433  1219  1219 D AlphabeticIndexCompat: computeSectionName: cs: YouTube Music sectionName: Y
04-26 19:44:27.434  1219  1219 D AlphabeticIndexCompat: computeSectionName: cs: YouTube sectionName: Y
04-26 19:44:27.434  1219  1219 D AlphabeticIndexCompat: computeSectionName: cs: Google sectionName: G
04-26 19:44:27.434  1219  1219 D AlphabeticIndexCompat: computeSectionName: cs: Android System Intelligence sectionName: A
04-26 19:44:27.435  1219  1219 D AlphabeticIndexCompat: computeSectionName: cs: Digital Wellbeing sectionName: D
04-26 19:44:27.435  1219  1219 D AlphabeticIndexCompat: computeSectionName: cs: Conversations sectionName: C
04-26 19:44:27.436  1160  1234 E SystemServiceRegistry: No service published for: ethernet
04-26 19:44:27.436  1160  1234 E SystemServiceRegistry: android.os.ServiceManager$ServiceNotFoundException: No service published for: ethernet
04-26 19:44:27.436  1160  1234 E SystemServiceRegistry: 	at android.os.ServiceManager.getServiceOrThrow(ServiceManager.java:176)
04-26 19:44:27.436  1160  1234 E SystemServiceRegistry: 	at android.app.SystemServiceRegistry$168.createService(SystemServiceRegistry.java:2638)
04-26 19:44:27.436  1160  1234 E SystemServiceRegistry: 	at android.app.SystemServiceRegistry$CachedServiceFetcher.getService(SystemServiceRegistry.java:2768)
04-26 19:44:27.436  1160  1234 E SystemServiceRegistry: 	at android.app.SystemServiceRegistry.getSystemService(SystemServiceRegistry.java:2285)
04-26 19:44:27.436  1160  1234 E SystemServiceRegistry: 	at android.app.ContextImpl.getSystemService(ContextImpl.java:2448)
04-26 19:44:27.436  1160  1234 E SystemServiceRegistry: 	at android.content.ContextWrapper.getSystemService(ContextWrapper.java:991)
04-26 19:44:27.436  1160  1234 E SystemServiceRegistry: 	at com.android.networkstack.tethering.Tethering.isEthernetSupported(Tethering.java:1849)
04-26 19:44:27.436  1160  1234 E SystemServiceRegistry: 	at com.android.networkstack.tethering.Tethering.makeSupportedDownstreams(Tethering.java:2830)
04-26 19:44:27.436  1160  1234 E SystemServiceRegistry: 	at com.android.networkstack.tethering.Tethering.updateSupportedDownstreams(Tethering.java:2804)
04-26 19:44:27.436  1160  1234 E SystemServiceRegistry: 	at com.android.networkstack.tethering.Tethering.updateConfiguration(Tethering.java:558)
04-26 19:44:27.436  1160  1234 E SystemServiceRegistry: 	at com.android.networkstack.tethering.Tethering.-$$Nest$mupdateConfiguration(Tethering.java:0)
04-26 19:44:27.436  1160  1234 E SystemServiceRegistry: 	at com.android.networkstack.tethering.Tethering$StateReceiver.onReceive(Tethering.java:1372)
04-26 19:44:27.436  1160  1234 E SystemServiceRegistry: 	at android.app.LoadedApk$ReceiverDispatcher$Args.lambda$getRunnable$0(LoadedApk.java:2050)
04-26 19:44:27.436  1160  1234 E SystemServiceRegistry: 	at android.app.LoadedApk$ReceiverDispatcher$Args.$r8$lambda$mcNAAl1SQ4MyJPyDg8TJ2x2h0Rk(LoadedApk.java:0)
04-26 19:44:27.436  1160  1234 E SystemServiceRegistry: 	at android.app.LoadedApk$ReceiverDispatcher$Args$$ExternalSyntheticLambda0.run(D8$$SyntheticClass:0)
04-26 19:44:27.436  1160  1234 E SystemServiceRegistry: 	at android.os.Handler.handleCallback(Handler.java:1095)
04-26 19:44:27.436  1160  1234 E SystemServiceRegistry: 	at android.os.Handler.dispatchMessageImpl(Handler.java:135)
04-26 19:44:27.436  1160  1234 E SystemServiceRegistry: 	at android.os.Handler.dispatchMessage(Handler.java:125)
04-26 19:44:27.436  1160  1234 E SystemServiceRegistry: 	at android.os.Looper.loopOnce(Looper.java:292)
04-26 19:44:27.436  1160  1234 E SystemServiceRegistry: 	at android.os.Looper.loop(Looper.java:393)
04-26 19:44:27.436  1160  1234 E SystemServiceRegistry: 	at android.os.HandlerThread.run(HandlerThread.java:139)
04-26 19:44:27.437  1219  1219 D TaskbarManager: createTaskbarUIControllerForRecentsViewContainer displayId=0 mPrimaryDisplayId=0
04-26 19:44:27.437  1219  1219 D PerDisplayTaskbarResource: recreateTaskbarForDisplay: adding rootView displayId=0
04-26 19:44:27.437  1219  1219 D PerDisplayTaskbarResource: recreateTaskbarForDisplay: adding root layout displayId=0
04-26 19:44:27.438  4105  4105 I KeyboardThemeProvider: KeyboardThemeProvider.applyKeyboardTheme():27 Apply keyboard theme: theme,!gsf,!pgsans,!pgsf,!use_system_font,BORDER,FLAVOR_DPI=XXHDPI,IS_LIGHT,KEYBOARD_MODE=1,KEYBOARD_WIDTH_CATEGORY=NORMAL,KEY_BORDER_SHAPE=1,LANDSCAPE,LIGHT_THEME=true,ORIENTATION=2,PHYSICAL_DIAGONAL=5.9073825,POPUP,SCREEN_SHORTEST_WIDTH=411,SCREEN_SHORTEST_WIDTH_NO_SCALE=411,SW400DP,XXHDPI,enable_popup_on_keypress=true,keyboard_redesign_google_sans=true,non_linear_scale,noshadow,overlay_builtin_dynamic_color_light_base.binarypb:gm3-light-fffaf8fe-ff4c5e8b-4fb1adea13304a190d4abf12326cf60c,silkpopup
04-26 19:44:27.442  4105  4105 I KeyboardInterfacePrivate: IKeyboard.createKeyboard():67 Keyboard created from HiltKeyboardFactory: com.google.android.apps.inputmethod.latin.keyboard.LatinPrimeKeyboard
04-26 19:44:27.442  4105  4105 I AndroidIME: InputBundleManager.loadActiveInputBundleId():531 loadActiveInputBundleId: und-Latn-x-password, password
04-26 19:44:27.445  1036  1091 V WindowManagerShell: Track 0 became idle
04-26 19:44:27.445  1036  1091 V WindowManagerShell: All active transition animations finished
04-26 19:44:27.445  1036  1091 V WindowManagerShell:  animated by com.android.wm.shell.transition.DefaultTransitionHandler@11f9e32
04-26 19:44:27.445  1036  1091 V WindowManagerShell: Track 0 became idle
04-26 19:44:27.445  1036  1091 V WindowManagerShell: All active transition animations finished
04-26 19:44:27.446  1036  1091 D ShellWindowDecoration: MultiDisplayTaskMover: onTopologyChanged: displayIds=[0]
04-26 19:44:27.458  4105  4147 W ModuleManager: ModuleManager.loadModule():634 Module pig is not available
04-26 19:44:27.461  4105  4147 W LatinCommonMetricsProcessor: LatinCommonMetricsProcessor.processInputMethodEntryChanged():2554 The new entry is equal to the old entry
04-26 19:44:27.465  1219  1219 D PerDisplayTaskbarResource: onDisplayInfoChanged: Rotation changed displayId=0
04-26 19:44:27.465  1219  1219 D PerDisplayTaskbarResource: recreateTaskbarForDisplay displayId=0
04-26 19:44:27.465  1219  1219 D PerDisplayTaskbarResource: recreateTaskbarForDisplay: getting device profile displayId=0
04-26 19:44:27.465  1219  1219 D PerDisplayTaskbarResource: recreateTaskbarForDisplay: destroying taskbar displayId=0
04-26 19:44:27.465  1219  1219 D PerDisplayTaskbarResource: destroyTaskbarForDisplay displayId=0
04-26 19:44:27.466  1219  1219 D CueBarController: CuebarController destroy
04-26 19:44:27.466  4105  4105 I GoogleInputMethodService: GoogleInputMethodService.onStartInput():1384 onStartInput(EditorInfo{EditorInfo{packageName=com.google.android.apps.nexuslauncher, inputType=0, inputTypeString=NULL, enableLearning=false, autoCorrection=false, autoComplete=false, imeOptions=0, privateImeOptions=null, actionName=UNSPECIFIED, actionLabel=null, initialSelStart=-1, initialSelEnd=-1, initialCapsMode=0, label=null, fieldId=0, fieldName=null, extras=null, hintText=null, hintLocales=[]}}, true)
04-26 19:44:27.466  4105  4105 W SessionManager: SessionManager.beginSession():53 Try to begin an already begun session [INPUT_SESSION], end it first
04-26 19:44:27.466  1219  1219 D TaskbarOverlayController: onDestroy: 	at com.android.launcher3.taskbar.PerDisplayTaskbarResource.destroyTaskbarForDisplay(go/retraceme 7226a759aa2bb3787a79806f85d80eaad84f1f1e15acd6db988f2df789d1680d:455)
04-26 19:44:27.466  1219  1219 D TaskbarOverlayController: 	at com.android.launcher3.taskbar.TaskbarManagerImpl.recreateTaskbarForDisplay(go/retraceme 7226a759aa2bb3787a79806f85d80eaad84f1f1e15acd6db988f2df789d1680d:125)
04-26 19:44:27.466  1219  1219 D TaskbarOverlayController: 	at com.android.launcher3.taskbar.TaskbarManagerImpl$$ExternalSyntheticLambda29.accept(go/retraceme 7226a759aa2bb3787a79806f85d80eaad84f1f1e15acd6db988f2df789d1680d:76)
04-26 19:44:27.466  1219  1219 D TaskbarOverlayController: onDestroy: Was window already present? false
04-26 19:44:27.466  1219  1219 D PerDisplayTaskbarResource: recreateTaskbarForDisplay: isTaskbarEnabled=true [dp != null]=true mUserUnlocked=true dp.isTaskbarPresent=false isTaskbarEnabled=true displayExists=true displayId=0
04-26 19:44:27.467  1219  1219 D PerDisplayTaskbarResource: recreateTaskbarForDisplay: creating taskbar displayId=0
04-26 19:44:27.467  4105  4105 W AndroidIME: LatinIMEBase.updateInputViewCoverNavigation():319 Null input view, cannot update padding!
04-26 19:44:27.473  4105  4105 I Module  : DeviceLockedStatusModuleProvider$Module.updateDeviceLockedStatus():103 repeatCheckTimes = 1, locked = false
04-26 19:44:27.476 14925 15755 I Icing   : Indexing done com.google.android.gms-apps
04-26 19:44:27.477   736  1827 W PackageConfigPersister: App-specific configuration not found for packageName: com.google.android.apps.nexuslauncher and userId: 0
04-26 19:44:27.478  4105  4105 W PrimesLoggerHolder: FrameMetricServiceImpl.start():188 measurement already started: MeasurementKey{rawStringEventName=null, noPiiEventName=OnConfigurationChanged, isActivity=false}
04-26 19:44:27.485   736  2215 D InputMethodManagerService: Attach new input but force hide
04-26 19:44:27.486   736  2215 I ImeTracker: com.muonline.client:a9b588ea: onRequestHide at ORIGIN_SERVER reason HIDE_SOFT_INPUT fromUser false userId 0 displayId 0
04-26 19:44:27.486   736  2215 I ImeTracker: com.muonline.client:a9b588ea: onCancelled at PHASE_SERVER_SHOULD_HIDE
04-26 19:44:27.486   736   753 W ActivityManager: Skipping manifest association check for null package. SourceUid: 10214, SourcePkg: null, TargetUid: 10214, TargetPkg: com.google.android.gms
04-26 19:44:27.489   736  2215 W InputChannel-JNI: Channel already disposed.
04-26 19:44:27.490  4105  4105 I GoogleInputMethodService: GoogleInputMethodService.onFinishInput():2113 
04-26 19:44:27.492  4105  4105 I Module  : DeviceLockedStatusModuleProvider$Module.updateDeviceLockedStatus():103 repeatCheckTimes = 0, locked = false
04-26 19:44:27.497   736  2215 I ImeTracker: system_server:6858a40: onRequestHide at ORIGIN_SERVER reason IME_REQUESTED_CHANGED_LISTENER fromUser false displayId 0
04-26 19:44:27.513  1219  1219 W AmbientCueRepository: spoonBarOptedIn not found, default to enabled
04-26 19:44:27.513  1219  1219 W AmbientCueRepository: android.provider.Settings$SettingNotFoundException: spoonBarOptedIn
04-26 19:44:27.513  1219  1219 W AmbientCueRepository: 	at android.provider.Settings.parseIntSetting(Settings.java:4348)
04-26 19:44:27.513  1219  1219 W AmbientCueRepository: 	at android.provider.Settings.-$$Nest$smparseIntSetting(Settings.java:0)
04-26 19:44:27.513  1219  1219 W AmbientCueRepository: 	at android.provider.Settings$Secure.getIntForUser(Settings.java:7792)
04-26 19:44:27.513  1219  1219 W AmbientCueRepository: 	at android.provider.Settings$Secure.getInt(Settings.java:7784)
04-26 19:44:27.513  1219  1219 W AmbientCueRepository: 	at com.android.quickstep.cuebar.data.repository.AmbientCueRepositoryImpl.isAmbientCueSettingEnabled(go/retraceme 7226a759aa2bb3787a79806f85d80eaad84f1f1e15acd6db988f2df789d1680d:9)
04-26 19:44:27.513  1219  1219 W AmbientCueRepository: 	at com.android.quickstep.cuebar.data.repository.AmbientCueRepositoryImpl.<init>(go/retraceme 7226a759aa2bb3787a79806f85d80eaad84f1f1e15acd6db988f2df789d1680d:144)
04-26 19:44:27.513  1219  1219 W AmbientCueRepository: 	at com.android.launcher3.taskbar.CueBarController.<init>(go/retraceme 7226a759aa2bb3787a79806f85d80eaad84f1f1e15acd6db988f2df789d1680d:31)
04-26 19:44:27.513  1219  1219 W AmbientCueRepository: 	at com.android.launcher3.taskbar.TaskbarActivityContext.<init>(go/retraceme 7226a759aa2bb3787a79806f85d80eaad84f1f1e15acd6db988f2df789d1680d:3648)
04-26 19:44:27.513  1219  1219 W AmbientCueRepository: 	at com.android.launcher3.taskbar.TaskbarManagerImpl.createTaskbarActivityContext(go/retraceme 7226a759aa2bb3787a79806f85d80eaad84f1f1e15acd6db988f2df789d1680d:59)
04-26 19:44:27.513  1219  1219 W AmbientCueRepository: 	at com.android.launcher3.taskbar.TaskbarManagerImpl.recreateTaskbarForDisplay(go/retraceme 7226a759aa2bb3787a79806f85d80eaad84f1f1e15acd6db988f2df789d1680d:248)
04-26 19:44:27.513  1219  1219 W AmbientCueRepository: 	at com.android.launcher3.taskbar.TaskbarManagerImpl$$ExternalSyntheticLambda29.accept(go/retraceme 7226a759aa2bb3787a79806f85d80eaad84f1f1e15acd6db988f2df789d1680d:76)
04-26 19:44:27.513  1219  1219 W AmbientCueRepository: 	at com.android.launcher3.taskbar.PerDisplayTaskbarResource$setDisplayChangeListener$1.accept(go/retraceme 7226a759aa2bb3787a79806f85d80eaad84f1f1e15acd6db988f2df789d1680d:74)
04-26 19:44:27.513  1219  1219 W AmbientCueRepository: 	at com.android.launcher3.util.ListenableDiffAwareRef$$ExternalSyntheticLambda0.invoke(go/retraceme 7226a759aa2bb3787a79806f85d80eaad84f1f1e15acd6db988f2df789d1680d:8)
04-26 19:44:27.513  1219  1219 W AmbientCueRepository: 	at com.android.launcher3.util.MutableListenableStream$dispatchValue$1$1.run(go/retraceme 7226a759aa2bb3787a79806f85d80eaad84f1f1e15acd6db988f2df789d1680d:20)
04-26 19:44:27.513  1219  1219 W AmbientCueRepository: 	at com.android.launcher3.util.LooperExecutor.execute(go/retraceme 7226a759aa2bb3787a79806f85d80eaad84f1f1e15acd6db988f2df789d1680d:16)
04-26 19:44:27.513  1219  1219 W AmbientCueRepository: 	at com.android.launcher3.util.MutableListenableStream.dispatchValue(go/retraceme 7226a759aa2bb3787a79806f85d80eaad84f1f1e15acd6db988f2df789d1680d:52)
04-26 19:44:27.513  1219  1219 W AmbientCueRepository: 	at com.android.launcher3.display.DisplayInfoContainer.notifyConfigChange(go/retraceme 7226a759aa2bb3787a79806f85d80eaad84f1f1e15acd6db988f2df789d1680d:168)
04-26 19:44:27.513  1219  1219 W AmbientCueRepository: 	at com.android.launcher3.display.DisplayInfoContainer.onConfigurationChanged(go/retraceme 7226a759aa2bb3787a79806f85d80eaad84f1f1e15acd6db988f2df789d1680d:90)
04-26 19:44:27.513  1219  1219 W AmbientCueRepository: 	at android.content.ComponentCallbacksController.lambda$dispatchConfigurationChanged$0(ComponentCallbacksController.java:92)
04-26 19:44:27.513  1219  1219 W AmbientCueRepository: 	at android.content.ComponentCallbacksController$$ExternalSyntheticLambda2.accept(D8$$SyntheticClass:0)
04-26 19:44:27.513  1219  1219 W AmbientCueRepository: 	at android.content.ComponentCallbacksController.forAllComponentCallbacks(ComponentCallbacksController.java:125)
04-26 19:44:27.513  1219  1219 W AmbientCueRepository: 	at android.content.ComponentCallbacksController.dispatchConfigurationChanged(ComponentCallbacksController.java:92)
04-26 19:44:27.513  1219  1219 W AmbientCueRepository: 	at android.window.WindowContext.dispatchConfigurationChanged(WindowContext.java:281)
04-26 19:44:27.513  1219  1219 W AmbientCueRepository: 	at android.window.WindowTokenClient.onConfigurationChangedInner(WindowTokenClient.java:212)
04-26 19:44:27.513  1219  1219 W AmbientCueRepository: 	at android.window.WindowTokenClient.onConfigurationChanged(WindowTokenClient.java:158)
04-26 19:44:27.513  1219  1219 W AmbientCueRepository: 	at android.window.WindowTokenClient.onConfigurationChanged(WindowTokenClient.java:114)
04-26 19:44:27.513  1219  1219 W AmbientCueRepository: 	at android.window.WindowTokenClientController.onWindowContextInfoChanged(WindowTokenClientController.java:249)
04-26 19:44:27.513  1219  1219 W AmbientCueRepository: 	at android.app.ActivityThread.handleWindowContextInfoChanged(ActivityThread.java:7289)
04-26 19:44:27.513  1219  1219 W AmbientCueRepository: 	at android.app.servertransaction.WindowContextInfoChangeItem.execute(WindowContextInfoChangeItem.java:53)
04-26 19:44:27.513  1219  1219 W AmbientCueRepository: 	at android.app.servertransaction.TransactionExecutor.executeNonLifecycleItem(TransactionExecutor.java:133)
04-26 19:44:27.513  1219  1219 W AmbientCueRepository: 	at android.app.servertransaction.TransactionExecutor.executeTransactionItems(TransactionExecutor.java:103)
04-26 19:44:27.513  1219  1219 W AmbientCueRepository: 	at android.app.servertransaction.TransactionExecutor.execute(TransactionExecutor.java:80)
04-26 19:44:27.513  1219  1219 W AmbientCueRepository: 	at android.app.ActivityThread$H.handleMessage(ActivityThread.java:3024)
04-26 19:44:27.513  1219  1219 W AmbientCueRepository: 	at android.os.Handler.dispatchMessageImpl(Handler.java:142)
04-26 19:44:27.513  1219  1219 W AmbientCueRepository: 	at android.os.Handler.dispatchMessage(Handler.java:125)
04-26 19:44:27.513  1219  1219 W AmbientCueRepository: 	at android.os.Looper.loopOnce(Looper.java:292)
04-26 19:44:27.513  1219  1219 W AmbientCueRepository: 	at android.os.Looper.loop(Looper.java:393)
04-26 19:44:27.513  1219  1219 W AmbientCueRepository: 	at android.app.ActivityThread.main(ActivityThread.java:9486)
04-26 19:44:27.513  1219  1219 W AmbientCueRepository: 	at java.lang.reflect.Method.invoke(Native Method)
04-26 19:44:27.513  1219  1219 W AmbientCueRepository: 	at com.android.internal.os.RuntimeInit$MethodAndArgsCaller.run(RuntimeInit.java:575)
04-26 19:44:27.513  1219  1219 W AmbientCueRepository: 	at com.android.internal.os.ZygoteInit.main(ZygoteInit.java:939)
04-26 19:44:27.513  1219  1219 D LauncherAmbientCueVM: onUnfilteredActionsChange: []
04-26 19:44:27.516   736   762 I ImeTracker: system_server:6858a40: onCancelled at PHASE_SERVER_SHOULD_HIDE
04-26 19:44:27.518  1219  1219 D AmbientCueRepository: connectToAce: connecting TO ACE and registering
04-26 19:44:27.520  1219  1219 D AllAppsStore: setApps: apps.length=21
04-26 19:44:27.520  1219  1219 D AllAppsStore: notifyUpdate: notifying listeners
04-26 19:44:27.522  1219  1219 D AlphabeticIndexCompat: computeSectionName: cs: Settings sectionName: S
04-26 19:44:27.522  1219  1219 D AlphabeticIndexCompat: computeSectionName: cs: Photos sectionName: P
04-26 19:44:27.522  1219  1219 D AlphabeticIndexCompat: computeSectionName: cs: Battery sectionName: B
04-26 19:44:27.522  1219  1219 D AlphabeticIndexCompat: computeSectionName: cs: Chrome sectionName: C
04-26 19:44:27.523  1219  1219 D AlphabeticIndexCompat: computeSectionName: cs: Gmail sectionName: G
04-26 19:44:27.523  1219  1219 D AlphabeticIndexCompat: computeSectionName: cs: Drive sectionName: D
04-26 19:44:27.523  1219  1219 D AlphabeticIndexCompat: computeSectionName: cs: Clock sectionName: C
04-26 19:44:27.537  4105  4105 I GoogleInputMethodService: GoogleInputMethodService.onStartInput():1384 onStartInput(EditorInfo{EditorInfo{packageName=com.muonline.client, inputType=0, inputTypeString=NULL, enableLearning=false, autoCorrection=false, autoComplete=false, imeOptions=0, privateImeOptions=null, actionName=UNSPECIFIED, actionLabel=null, initialSelStart=-1, initialSelEnd=-1, initialCapsMode=0, label=null, fieldId=0, fieldName=null, extras=null, hintText=null, hintLocales=[]}}, false)
04-26 19:44:27.538  4105  4105 W AndroidIME: LatinIMEBase.updateInputViewCoverNavigation():319 Null input view, cannot update padding!
04-26 19:44:27.542  1219  1219 D AlphabeticIndexCompat: computeSectionName: cs: Contacts sectionName: C
04-26 19:44:27.542  1219  1219 D AlphabeticIndexCompat: computeSectionName: cs: Calendar sectionName: C
04-26 19:44:27.542  1219  1219 D AlphabeticIndexCompat: computeSectionName: cs: Maps sectionName: M
04-26 19:44:27.542  1219  1219 D AlphabeticIndexCompat: computeSectionName: cs: YouTube Music sectionName: Y
04-26 19:44:27.543  1219  1219 D AlphabeticIndexCompat: computeSectionName: cs: YouTube sectionName: Y
04-26 19:44:27.544  1219  1219 D AlphabeticIndexCompat: computeSectionName: cs: Google sectionName: G
04-26 19:44:27.544  4105  4105 I Module  : DeviceLockedStatusModuleProvider$Module.updateDeviceLockedStatus():103 repeatCheckTimes = 1, locked = false
04-26 19:44:27.544  1219  1219 D AlphabeticIndexCompat: computeSectionName: cs: Android System Intelligence sectionName: A
04-26 19:44:27.544  1219  1219 D AlphabeticIndexCompat: computeSectionName: cs: Digital Wellbeing sectionName: D
04-26 19:44:27.545  1219  1219 D AlphabeticIndexCompat: computeSectionName: cs: Conversations sectionName: C
04-26 19:44:27.553  1219  1219 D TaskbarManager: createTaskbarUIControllerForRecentsViewContainer displayId=0 mPrimaryDisplayId=0
04-26 19:44:27.553  1219  1219 D PerDisplayTaskbarResource: recreateTaskbarForDisplay: adding rootView displayId=0
04-26 19:44:27.553  1219  1219 D PerDisplayTaskbarResource: recreateTaskbarForDisplay: adding root layout displayId=0
04-26 19:44:27.557  1219  1219 D BubbleBarView: BubbleBar RTL properties changed, new layoutDirection=0 previous layoutDirection=-1
04-26 19:44:27.569   736  1957 W PackageConfigPersister: App-specific configuration not found for packageName: com.muonline.client and userId: 0
04-26 19:44:27.577  4105  4109 I putmethod.latin: JIT allocated 52KB for compiled code of boolean gog.b(nri, java.lang.Object[])
04-26 19:44:27.581  4105  4109 I putmethod.latin: Compiler allocated 4485KB to compile boolean gog.b(nri, java.lang.Object[])
04-26 19:44:27.601  1036  1036 D SsCardRecyclerViewAdapter: Updating Smartspace targets to targets for Lockscreen
04-26 19:44:27.603   736  1824 I WindowManager: finishDrawing of orientation change: Window{904d21f u0 ScreenDecorOverlay} 246ms
04-26 19:44:27.603  1036  1036 D SsCardRecyclerViewAdapter: Updating Smartspace targets to targets for Lockscreen
