04-26 19:08:17.704  1036  1091 V WindowManagerShell:  Checking filter Pair{{types=[OPEN,TO_FRONT] flags=0x0 notFlags=0x0 checks=[{atype=standard independent=true modes=[OPEN,TO_FRONT] flags=NONE mustBeTask=true order=ANY topActivity=null launchCookie=null windowingMode=freeform isCrossDisplayMove=false}]} RemoteTransition { remoteTransition = android.window.IRemoteTransition$Stub$Proxy@5987ffe, appThread = null, debugName = DesktopWindowLimitUnminimize, filter = {types=[OPEN,TO_FRONT] flags=0x0 notFlags=0x0 checks=[{atype=standard independent=true modes=[OPEN,TO_FRONT] flags=NONE mustBeTask=true order=ANY topActivity=null launchCookie=null windowingMode=freeform isCrossDisplayMove=false}]} }}
04-26 19:08:17.704  1036  1091 V WindowManagerShell:  Delegate animation for (#108) to null
04-26 19:08:17.704  1036  1091 V WindowManagerShell: start default transition animation, info = {id=108 t=OPEN f=0x0 trk=0 r=[0@Point(0, 0)] c=[{m=OPEN f=FILLS_TASK leash=Surface(name=ActivityRecord{265447913 u0 com.muonline.client/.MuMainActivity t106}#1074)/@0xad4e1ac sb=Rect(0, 0 - 0, 0) eb=Rect(0, 0 - 2400, 1080) epz=Point(2400, 1080) d=-1->0 r=-1->1:-1 bc=ff000000 activity=ActivityTransitionInfo { component = ComponentInfo{com.muonline.client/com.muonline.client.MuMainActivity}, taskId = 106, appCompatTransitionInfo = AppCompatTransitionInfo { letterboxBounds = Rect(132, 0 - 2400, 1080), hasRoundedCorners = false } } opt={t=FROM_STYLE mUserId=0}},{m=CLOSE f=FILLS_TASK|IS_BEHIND_STARTING_WINDOW leash=Surface(name=ActivityRecord{234469753 u0 com.muonline.client/.PreloadActivity t106}#1054)/@0x6eae75 sb=Rect(0, 0 - 2400, 1080) eb=Rect(0, 0 - 2400, 1080) epz=Point(2400, 1080) d=0 bc=ff000000 activity=ActivityTransitionInfo { component = ComponentInfo{com.muonline.client/com.muonline.client.PreloadActivity}, taskId = 106, appCompatTransitionInfo = AppCompatTransitionInfo { letterboxBounds = Rect(132, 0 - 2400, 1080), hasRoundedCorners = false } } opt={t=FROM_STYLE mUserId=0}}]}
04-26 19:08:17.705  1036  1091 V WindowManagerShell: loadAnimation: anim=android.view.animation.AnimationSet@7b010d6 animAttr=0x5 type=OPEN isEntrance=false
04-26 19:08:17.707  1036  1091 V WindowManagerShell: loadAnimation: anim=android.view.animation.AnimationSet@b5b372d animAttr=0x4 type=OPEN isEntrance=true
04-26 19:08:17.709  1036  1091 V WindowManagerShell:  animated by com.android.wm.shell.transition.DefaultTransitionHandler@11f9e32
04-26 19:08:17.720 14936 14936 D InsetsController: Setting requestedVisibleTypes to 496 (was 503)
04-26 19:08:17.720   521   521 I RanchuHwc: logCompositionFallbackIfChanged: layer 326 CompositionType fallback from 2 to 1
04-26 19:08:17.720   521   521 I RanchuHwc: logCompositionFallbackIfChanged: layer 327 CompositionType fallback from 2 to 1
04-26 19:08:17.721   521   521 I RanchuHwc: logCompositionFallbackIfChanged: layer 323 CompositionType fallback from 3 to 1
04-26 19:08:17.722   566   616 W skia    : AGTM parsing failed flags.readFromStream(s) at 159
04-26 19:08:17.722   566   616 W skia    : AGTM parsing failed flags.readFromStream(s) at 159
04-26 19:08:17.722   566   616 W skia    : AGTM parsing failed flags.readFromStream(s) at 159
04-26 19:08:17.722   566   616 W skia    : AGTM parsing failed flags.readFromStream(s) at 159
04-26 19:08:17.722   566   616 W skia    : AGTM parsing failed flags.readFromStream(s) at 159
04-26 19:08:17.722   566   616 W skia    : AGTM parsing failed flags.readFromStream(s) at 159
04-26 19:08:17.721 14936 14936 D VRI[MuMainActivity]: WindowInsets changed: statusBars:null navigationBars:null 
04-26 19:08:17.725 14936 14936 V SDL     : surfaceChanged()
04-26 19:08:17.725 14936 14936 V SDL     : Window size: 2268x1080
04-26 19:08:17.725 14936 14936 V SDL     : Device size: 2400x1080
04-26 19:08:17.726  4164  4216 I Finsky  : [47] WM::SCH: Logging work initialize for 12-1
04-26 19:08:17.726   566   616 W skia    : AGTM parsing failed flags.readFromStream(s) at 159
04-26 19:08:17.726   566   616 W skia    : AGTM parsing failed flags.readFromStream(s) at 159
04-26 19:08:17.741  4164  4216 I Finsky  : [47] WM::SCH: Logging work initialize for 12-1
04-26 19:08:17.747   566   616 W skia    : AGTM parsing failed flags.readFromStream(s) at 159
04-26 19:08:17.747   566   616 W skia    : AGTM parsing failed flags.readFromStream(s) at 159
04-26 19:08:17.747   566   616 W skia    : AGTM parsing failed flags.readFromStream(s) at 159
04-26 19:08:17.748   566   616 W skia    : AGTM parsing failed flags.readFromStream(s) at 159
04-26 19:08:17.748   566   616 W skia    : AGTM parsing failed flags.readFromStream(s) at 159
04-26 19:08:17.748   566   616 W skia    : AGTM parsing failed flags.readFromStream(s) at 159
04-26 19:08:17.750 14936 15015 I MuMain  : Screen size (drawable): 2268x943 (scale: 3.54 x 1.96)
04-26 19:08:17.756   566   616 W skia    : AGTM parsing failed flags.readFromStream(s) at 159
04-26 19:08:17.757   566   616 W skia    : AGTM parsing failed flags.readFromStream(s) at 159
04-26 19:08:17.757   566   616 W skia    : AGTM parsing failed flags.readFromStream(s) at 159
04-26 19:08:17.757   566   616 W skia    : AGTM parsing failed flags.readFromStream(s) at 159
04-26 19:08:17.757   566   616 W skia    : AGTM parsing failed flags.readFromStream(s) at 159
04-26 19:08:17.757   566   616 W skia    : AGTM parsing failed flags.readFromStream(s) at 159
04-26 19:08:17.763  4164  4224 I Finsky  : [55] SCH: Scheduling phonesky job Id: 12-1, CT: 1777205296549, Constraints: [{ L: 15000, D: 86400000, C: CHARGING_NONE, I: IDLE_NONE, N: NET_ANY, B: BATTERY_ANY }]
04-26 19:08:17.763  1036  1132 D WindowOnBackDispatcher: setTopOnBackInvokedCallback (unwrapped): null
04-26 19:08:17.764   736  1715 D CoreBackPreview: Window{9533115 u0 Splash Screen com.muonline.client EXITING}: Setting back callback null
04-26 19:08:17.765 14936 15015 I GL_Compat: GL_Compat_Init: OK (prog=3, vbo=1, ebo=2)
04-26 19:08:17.765 14936 15015 I MuRender: OpenGLCompat initialized (drawable=2268x943)
04-26 19:08:17.765 14936 15015 I MuMain  : Render backend active: OpenGLCompat
04-26 19:08:17.765 14936 15015 I GL_Compat: GL path switch: preferDirectVA=1
04-26 19:08:17.765 14936 15015 I MuMain  : GL compat VA policy: preferDirect=1 (emulator=1)
04-26 19:08:17.765 14936 15015 I AndroidGDI: SDL2_ttf initialized, defaultSize=15
04-26 19:08:17.769 14936 15015 I AndroidGDI: Font OK: /system/fonts/DroidSans.ttf sz=15
04-26 19:08:17.769 14936 15015 I AndroidGDI: Font OK: /system/fonts/DroidSans-Bold.ttf sz=15
04-26 19:08:17.771   521   521 I RanchuHwc: logCompositionFallbackIfChanged: layer 321 CompositionType fallback from 2 to 1
04-26 19:08:17.771  4164  4223 I Finsky  : [54] SCH: Scheduling 1 system job(s)
04-26 19:08:17.771  4164  4223 I Finsky  : [54] SCH: Scheduling system job Id: 9771, L: 13778, D: 48579916, C: false, I: false, N: 1
04-26 19:08:17.772   566   616 W skia    : AGTM parsing failed flags.readFromStream(s) at 159
04-26 19:08:17.772   566   616 W skia    : AGTM parsing failed flags.readFromStream(s) at 159
04-26 19:08:17.772   566   616 W skia    : AGTM parsing failed flags.readFromStream(s) at 159
04-26 19:08:17.772   566   616 W skia    : AGTM parsing failed flags.readFromStream(s) at 159
04-26 19:08:17.772   566   616 W skia    : AGTM parsing failed flags.readFromStream(s) at 159
04-26 19:08:17.772   566   616 W skia    : AGTM parsing failed flags.readFromStream(s) at 159
04-26 19:08:17.781 14936 15015 I AndroidGDI: Font OK: /system/fonts/DroidSans-Bold.ttf sz=30
04-26 19:08:17.782   566   599 I libbinder.BpBinder: onLastStrongRef automatically unlinking death recipients for binder (0x7eaa36062350) with descriptor: '(not cached)'
04-26 19:08:17.782 14936 15015 I AndroidGDI: Font OK: /system/fonts/DroidSans.ttf sz=14
04-26 19:08:17.782 14936 15015 I MuMain  : GDI fonts created: size=15 big=30
04-26 19:08:17.782 14936 15015 I MuMain  : Audio config: sound=1 music=1 rememberMe=0
04-26 19:08:17.782 14936 15015 I MuMain  : 
04-26 19:08:17.783 14936 15015 I MuMain  : Mix_Init requested=0x8 loaded=0x8
04-26 19:08:17.787   566   616 W skia    : AGTM parsing failed flags.readFromStream(s) at 159
04-26 19:08:17.787   566   616 W skia    : AGTM parsing failed flags.readFromStream(s) at 159
04-26 19:08:17.787   566   616 W skia    : AGTM parsing failed flags.readFromStream(s) at 159
04-26 19:08:17.787   566   616 W skia    : AGTM parsing failed flags.readFromStream(s) at 159
04-26 19:08:17.787   566   616 W skia    : AGTM parsing failed flags.readFromStream(s) at 159
04-26 19:08:17.787   566   616 W skia    : AGTM parsing failed flags.readFromStream(s) at 159
04-26 19:08:17.793 14936 15015 D AudioSystem: onNewServiceWithAdapter: media.audio_flinger service obtained 0x733fdca98e00
04-26 19:08:17.794   560   593 W AudioFlinger: onStateChanged: pid:14936  uid:10230  state:unfrozen
04-26 19:08:17.795 14936 15015 D AudioSystem: getService: IAudioFlingerService retrieved: 0x73401cab0400  IAudioFlinger cached: 0x733fdca98e00
04-26 19:08:17.798 14936 15015 D muonline.client: PlayerBase::PlayerBase()
04-26 19:08:17.798 14936 15015 D muonline.client: TrackPlayerBase::TrackPlayerBase()
04-26 19:08:17.798 14936 15015 I libOpenSLES: Emulating old channel mask behavior (ignoring positional mask 0x3, using default mask 0x3 based on channel count of 2)
04-26 19:08:17.799   560  1697 D NativePermissionController: checkPermission: missing 1 for 10230
04-26 19:08:17.799   560  1697 D NativePermissionController: checkPermission: missing 3 for 10230
04-26 19:08:17.799   560  1697 D NativePermissionController: checkPermission: missing 5 for 10230
04-26 19:08:17.800   560  1697 W AudioFlinger: createTrack_l(): mismatch between requested flags (00000104) and output flags (00000002)
04-26 19:08:17.801   560  1697 D AudioFlinger: Client defaulted notificationFrames to 882 for frameCount 4012
04-26 19:08:17.801   560  1697 I AF::AfPlaybackCommon: creating track with enforcement level 2 shouldHarden 1
04-26 19:08:17.806   521   521 I RanchuHwc: logCompositionFallbackIfChanged: layer 322 CompositionType fallback from 2 to 1
04-26 19:08:17.807   566   616 W skia    : AGTM parsing failed flags.readFromStream(s) at 159
04-26 19:08:17.807   566   616 W skia    : AGTM parsing failed flags.readFromStream(s) at 159
04-26 19:08:17.807   566   616 W skia    : AGTM parsing failed flags.readFromStream(s) at 159
04-26 19:08:17.807   566   616 W skia    : AGTM parsing failed flags.readFromStream(s) at 159
04-26 19:08:17.808   566   616 W skia    : AGTM parsing failed flags.readFromStream(s) at 159
04-26 19:08:17.808   566   616 W skia    : AGTM parsing failed flags.readFromStream(s) at 159
04-26 19:08:17.808   566   616 W skia    : AGTM parsing failed flags.readFromStream(s) at 159
04-26 19:08:17.808  4164  4224 I Finsky  : [55] SCH: Scheduling phonesky job Id: 12-1, CT: 1777205296442, Constraints: [{ L: 15000, D: 86400000, C: CHARGING_NONE, I: IDLE_NONE, N: NET_ANY, B: BATTERY_ANY }]
04-26 19:08:17.808  4164  4218 I Finsky  : [49] [ContentSync] finished, scheduled=true
04-26 19:08:17.815 14936 14936 V SDL     : onWindowFocusChanged(): true
04-26 19:08:17.815 14936 14936 V SDL     : nativeFocusChanged()
04-26 19:08:17.815  4164  4225 I Finsky  : [56] SCH: Scheduling 1 system job(s)
04-26 19:08:17.815  4164  4225 I Finsky  : [56] SCH: Scheduling system job Id: 9771, L: 13627, D: 48579872, C: false, I: false, N: 1
04-26 19:08:17.816   736   881 I ImeTracker: com.muonline.client:f5aa6a7b: onRequestHide at ORIGIN_SERVER reason HIDE_UNSPECIFIED_WINDOW fromUser false userId 0 displayId 0
04-26 19:08:17.816   507 15020 D android.hardware.audio@7.1-impl.ranchu: 544 frames of silence written
04-26 19:08:17.817   507 15020 D android.hardware.audio@7.1-impl.ranchu: 544 frames of silence written
04-26 19:08:17.817 14936 14936 D InsetsController: hide(ime())
04-26 19:08:17.817   507 15020 D android.hardware.audio@7.1-impl.ranchu: 544 frames of silence written
04-26 19:08:17.817   507 15020 D android.hardware.audio@7.1-impl.ranchu: 544 frames of silence written
04-26 19:08:17.817   736   881 W InputChannel-JNI: Channel already disposed.
04-26 19:08:17.818  4105  4105 I GoogleInputMethodService: GoogleInputMethodService.onFinishInput():2113 
04-26 19:08:17.818 14936 14936 I ImeTracker: com.muonline.client:f5aa6a7b: onCancelled at PHASE_CLIENT_ALREADY_HIDDEN
04-26 19:08:17.820   566   616 W skia    : AGTM parsing failed flags.readFromStream(s) at 159
04-26 19:08:17.821   566   616 W skia    : AGTM parsing failed flags.readFromStream(s) at 159
04-26 19:08:17.821   566   616 W skia    : AGTM parsing failed flags.readFromStream(s) at 159
04-26 19:08:17.821   566   616 W skia    : AGTM parsing failed flags.readFromStream(s) at 159
04-26 19:08:17.821   566   616 W skia    : AGTM parsing failed flags.readFromStream(s) at 159
04-26 19:08:17.821   566   616 W skia    : AGTM parsing failed flags.readFromStream(s) at 159
04-26 19:08:17.821   566   616 W skia    : AGTM parsing failed flags.readFromStream(s) at 159
04-26 19:08:17.822   736   753 E AppOps  : attributionTag  not declared in manifest of com.muonline.client
04-26 19:08:17.823   736   753 E AppOps  : attributionTag  not declared in manifest of com.muonline.client
04-26 19:08:17.825   736  1095 I ImeTracker: system_server:cdb38f4e: onRequestHide at ORIGIN_SERVER reason IME_REQUESTED_CHANGED_LISTENER fromUser false displayId 0
04-26 19:08:17.825  1174  1174 I bluetooth: system/btif/avrcp/avrcp_service.cc:533 SendMediaUpdate: track_changed=false :  play_state=true :  queue=false
04-26 19:08:17.825   736   762 I ImeTracker: system_server:cdb38f4e: onCancelled at PHASE_SERVER_SHOULD_HIDE
04-26 19:08:17.826  1174  1174 E MediaControlProfile: onCurrentPlayerStateUpdated: base actions not supported, player actions= 0, expected at least= 7f
04-26 19:08:17.826 14936 15019 D muonline.client: PlayerBase::stop() from IPlayer
04-26 19:08:17.826 14936 15019 D AudioTrack: stop(27): called with 0 frames delivered
04-26 19:08:17.826  1174  1174 W MediaControlGattService: Feature PLAYBACK_SPEED support: true
04-26 19:08:17.826  1174  1174 W MediaControlGattService: Feature PLAYBACK_SPEED support: true
04-26 19:08:17.826  1174  1174 W MediaControlGattService: Feature PLAYBACK_SPEED support: true
04-26 19:08:17.826  1174  1174 W MediaControlGattService: Feature PLAYBACK_SPEED_NOTIFY support: true
04-26 19:08:17.827   736  1715 E AppOps  : attributionTag  not declared in manifest of com.muonline.client
04-26 19:08:17.827   736  1715 E AppOps  : attributionTag  not declared in manifest of com.muonline.client
04-26 19:08:17.828  1174  1361 I BluetoothAdapterProperties: getBondedDevices: length=0
04-26 19:08:17.830 14936 15015 I MuMain  : SDL_mixer initialized (32 channels)
04-26 19:08:17.830 14936 15015 I MuMain  : INIT: srand
04-26 19:08:17.830 14936 15015 I MuMain  : INIT: alloc GateAttribute
04-26 19:08:17.830 14936 15015 I MuMain  : INIT: alloc SkillAttribute
04-26 19:08:17.830 14936 15015 I MuMain  : INIT: alloc ItemAttRibute
04-26 19:08:17.830  1174  1174 W MediaControlGattService: Feature TRACK_POSITION support: true
04-26 19:08:17.830  1174  1174 W MediaControlGattService: Feature TRACK_POSITION_NOTIFY support: true
04-26 19:08:17.830   736  1095 E AppOps  : attributionTag  not declared in manifest of com.muonline.client
04-26 19:08:17.830  1174  1174 W MediaControlGattService: Feature MEDIA_STATE support: true
04-26 19:08:17.831   736  1095 E AppOps  : attributionTag  not declared in manifest of com.muonline.client
04-26 19:08:17.832 14936 15015 I MuMain  : INIT: alloc CharacterMemoryDump
04-26 19:08:17.832  4105  4105 I Module  : DeviceLockedStatusModuleProvider$Module.updateDeviceLockedStatus():103 repeatCheckTimes = 0, locked = false
04-26 19:08:17.832 14936 15015 I MuMain  : INIT: alloc CharacterMachine
04-26 19:08:17.832 14936 15015 I MuMain  : INIT: CharacterMachine->Init()
04-26 19:08:17.833 14936 15015 I MuMain  : INIT: new UI objects
04-26 19:08:17.833  1174  1361 I BluetoothAdapterProperties: getBondedDevices: length=0
04-26 19:08:17.834  1174  1174 W MediaControlGattService: Feature MEDIA_CONTROL_POINT_OPCODES_SUPPORTED support: true
04-26 19:08:17.834  1174  1174 W MediaControlGattService: Feature MEDIA_STATE support: true
04-26 19:08:17.834  1174  1174 W MediaControlGattService: Feature MEDIA_STATE support: true
04-26 19:08:17.835 14936 15015 I MuMain  : INIT: BuffStateSystem::Make()
04-26 19:08:17.836   566   616 W skia    : AGTM parsing failed flags.readFromStream(s) at 159
04-26 19:08:17.836   566   616 W skia    : AGTM parsing failed flags.readFromStream(s) at 159
04-26 19:08:17.836  1174  1361 I BluetoothAdapterProperties: getBondedDevices: length=0
04-26 19:08:17.837   566   616 W skia    : AGTM parsing failed flags.readFromStream(s) at 159
04-26 19:08:17.837   566   616 W skia    : AGTM parsing failed flags.readFromStream(s) at 159
04-26 19:08:17.837   566   616 W skia    : AGTM parsing failed flags.readFromStream(s) at 159
04-26 19:08:17.837   566   616 W skia    : AGTM parsing failed flags.readFromStream(s) at 159
04-26 19:08:17.837   566   616 W skia    : AGTM parsing failed flags.readFromStream(s) at 159
04-26 19:08:17.837  1174  1174 W MediaControlGattService: Feature MEDIA_STATE support: true
04-26 19:08:17.837  1174  1174 W MediaControlGattService: Feature SEEKING_SPEED support: true
04-26 19:08:17.837  1174  1174 W MediaControlGattService: Feature SEEKING_SPEED support: true
04-26 19:08:17.837  1174  1174 W MediaControlGattService: Feature SEEKING_SPEED support: true
04-26 19:08:17.837  1174  1174 W MediaControlProfile: MCS service state fields left unhandled: 
04-26 19:08:17.837  1174  1174 W MediaControlProfile:    > PLAYER_NAME
04-26 19:08:17.837  1174  1174 W MediaControlProfile:    > PLAYING_ORDER_SUPPORTED
04-26 19:08:17.839  4105  4105 I GoogleInputMethodService: GoogleInputMethodService.onStartInput():1384 onStartInput(EditorInfo{EditorInfo{packageName=com.muonline.client, inputType=0, inputTypeString=NULL, enableLearning=false, autoCorrection=false, autoComplete=false, imeOptions=0, privateImeOptions=null, actionName=UNSPECIFIED, actionLabel=null, initialSelStart=-1, initialSelEnd=-1, initialCapsMode=0, label=null, fieldId=0, fieldName=null, extras=null, hintText=null, hintLocales=[]}}, false)
04-26 19:08:17.839  4105  4105 W AndroidIME: LatinIMEBase.updateInputViewCoverNavigation():319 Null input view, cannot update padding!
04-26 19:08:17.841  4105  4105 I Module  : DeviceLockedStatusModuleProvider$Module.updateDeviceLockedStatus():103 repeatCheckTimes = 1, locked = false
04-26 19:08:17.845 14936 15015 I MuMain  : INIT: MapProcess::Make()
04-26 19:08:17.845 14936 15015 I MuMain  : INIT: PetProcess::Make()
04-26 19:08:17.846 14936 15015 I MuMain  : INIT: CUIMng::Create()
04-26 19:08:17.846 14936 15015 I MuMain  : INIT: g_pNewUISystem->Create()
04-26 19:08:17.849   736  1067 W PackageConfigPersister: App-specific configuration not found for packageName: com.muonline.client and userId: 0
04-26 19:08:17.854  4164  4215 I Finsky  : [46] [ContentSync] finished, scheduled=true
04-26 19:08:17.854   566   616 W skia    : AGTM parsing failed flags.readFromStream(s) at 159
04-26 19:08:17.854   566   616 W skia    : AGTM parsing failed flags.readFromStream(s) at 159
04-26 19:08:17.854   566   616 W skia    : AGTM parsing failed flags.readFromStream(s) at 159
04-26 19:08:17.854   566   616 W skia    : AGTM parsing failed flags.readFromStream(s) at 159
04-26 19:08:17.854   566   616 W skia    : AGTM parsing failed flags.readFromStream(s) at 159
04-26 19:08:17.854   566   616 W skia    : AGTM parsing failed flags.readFromStream(s) at 159
04-26 19:08:17.854   566   616 W skia    : AGTM parsing failed flags.readFromStream(s) at 159
04-26 19:08:17.871   566   616 W skia    : AGTM parsing failed flags.readFromStream(s) at 159
04-26 19:08:17.872   566   616 W skia    : AGTM parsing failed flags.readFromStream(s) at 159
04-26 19:08:17.872   566   616 W skia    : AGTM parsing failed flags.readFromStream(s) at 159
04-26 19:08:17.872   566   616 W skia    : AGTM parsing failed flags.readFromStream(s) at 159
04-26 19:08:17.872   566   616 W skia    : AGTM parsing failed flags.readFromStream(s) at 159
04-26 19:08:17.872   566   616 W skia    : AGTM parsing failed flags.readFromStream(s) at 159
04-26 19:08:17.872   566   616 W skia    : AGTM parsing failed flags.readFromStream(s) at 159
04-26 19:08:17.886   566   616 W skia    : AGTM parsing failed flags.readFromStream(s) at 159
04-26 19:08:17.886   566   616 W skia    : AGTM parsing failed flags.readFromStream(s) at 159
04-26 19:08:17.886   566   616 W skia    : AGTM parsing failed flags.readFromStream(s) at 159
04-26 19:08:17.887   566   616 W skia    : AGTM parsing failed flags.readFromStream(s) at 159
04-26 19:08:17.887   566   616 W skia    : AGTM parsing failed flags.readFromStream(s) at 159
04-26 19:08:17.887   566   616 W skia    : AGTM parsing failed flags.readFromStream(s) at 159
04-26 19:08:17.887   566   616 W skia    : AGTM parsing failed flags.readFromStream(s) at 159
04-26 19:08:17.898 14936 15015 I MuMain  : INIT: UI creation done
04-26 19:08:17.898  1174  1181 W droid.bluetooth: Reducing the number of considered missed Gc histogram windows from 833 to 100
04-26 19:08:17.899 14936 15015 I MuMain  : VirtualPad: slots loaded version=4 idx=[-1,-1,-1,-1,-1] type=[0,0,0,0,0] path=Data/Local/android_touch_skill_slots.cfg
04-26 19:08:17.899 14936 15015 I MuMain  : VirtualPad slots: [-1,-1,-1,-1,-1]
04-26 19:08:17.899 14936 15015 I MuMain  : Android perf defaults: maxMsgPerCycle=70 targetFps=-1.0 fxScale=1.00 adaptive=on isEmulator=1
04-26 19:08:17.899 14936 15015 I MuMain  : SDL mixer volume set: level=5 sdl=71
04-26 19:08:17.899 14936 15015 I MuMain  : FPS overlay enabled
04-26 19:08:17.899 14936 15015 I MuMain  : All systems initialized — entering main loop
04-26 19:08:17.899 14936 15015 I MuMain  : Window resized → drawable: 2268x1080
04-26 19:08:17.899 14936 15015 I MuMain  : CHATIME IME state changed focused=0 sdlTextInput=1
04-26 19:08:17.899 14936 15015 I MuMain  : WEBZEN: enter
04-26 19:08:17.902   566   616 W skia    : AGTM parsing failed flags.readFromStream(s) at 159
04-26 19:08:17.903   566   616 W skia    : AGTM parsing failed flags.readFromStream(s) at 159
04-26 19:08:17.903   566   616 W skia    : AGTM parsing failed flags.readFromStream(s) at 159
04-26 19:08:17.903   566   616 W skia    : AGTM parsing failed flags.readFromStream(s) at 159
04-26 19:08:17.903   566   616 W skia    : AGTM parsing failed flags.readFromStream(s) at 159
04-26 19:08:17.903   566   616 W skia    : AGTM parsing failed flags.readFromStream(s) at 159
04-26 19:08:17.903   566   616 W skia    : AGTM parsing failed flags.readFromStream(s) at 159
04-26 19:08:17.911 14936 15015 I MuMain  : WEBZEN: loading title bitmaps
04-26 19:08:17.919 14936 15015 I MuMain  : WEBZEN: OpenBasicData begin
04-26 19:08:17.919 14936 15015 I MuMain  : OPENBASIC: enter
04-26 19:08:17.919 14936 15015 I MuMain  : OPENBASIC: RenderTitle 0 begin
04-26 19:08:17.920 14936 15015 I MuMain  : OPENBASIC: RenderTitle 0 done
04-26 19:08:17.920 14936 15015 I MuMain  : OPENBASIC: first bitmap group begin
04-26 19:08:17.920   566   616 W skia    : AGTM parsing failed flags.readFromStream(s) at 159
04-26 19:08:17.921   566   616 W skia    : AGTM parsing failed flags.readFromStream(s) at 159
04-26 19:08:17.921   566   616 W skia    : AGTM parsing failed flags.readFromStream(s) at 159
04-26 19:08:17.921   566   616 W skia    : AGTM parsing failed flags.readFromStream(s) at 159
04-26 19:08:17.921   566   616 W skia    : AGTM parsing failed flags.readFromStream(s) at 159
04-26 19:08:17.921   566   616 W skia    : AGTM parsing failed flags.readFromStream(s) at 159
04-26 19:08:17.921   566   616 W skia    : AGTM parsing failed flags.readFromStream(s) at 159
04-26 19:08:17.937   566   616 W skia    : AGTM parsing failed flags.readFromStream(s) at 159
04-26 19:08:17.937   566   616 W skia    : AGTM parsing failed flags.readFromStream(s) at 159
04-26 19:08:17.937   566   616 W skia    : AGTM parsing failed flags.readFromStream(s) at 159
04-26 19:08:17.937   566   616 W skia    : AGTM parsing failed flags.readFromStream(s) at 159
04-26 19:08:17.937   566   616 W skia    : AGTM parsing failed flags.readFromStream(s) at 159
04-26 19:08:17.937   566   616 W skia    : AGTM parsing failed flags.readFromStream(s) at 159
04-26 19:08:17.937   566   616 W skia    : AGTM parsing failed flags.readFromStream(s) at 159
04-26 19:08:17.942  4511  6334 W libbinder.Binder: Binder transaction to android.content.IContentProvider, function: UNKNOWN_FUNCTION_NAME, code: 21, took 1726ms. Data bytes: 480 Reply bytes: 432 Flags: 18
04-26 19:08:17.945   736   748 I system_server: Background young concurrent mark compact GC freed 18MB AllocSpace bytes, 18(800KB) LOS objects, 34% free, 38MB/59MB, paused 6.055ms,48.069ms total 119.655ms
04-26 19:08:17.955   566   616 W skia    : AGTM parsing failed flags.readFromStream(s) at 159
04-26 19:08:17.955   566   616 W skia    : AGTM parsing failed flags.readFromStream(s) at 159
04-26 19:08:17.955   566   616 W skia    : AGTM parsing failed flags.readFromStream(s) at 159
04-26 19:08:17.955   566   616 W skia    : AGTM parsing failed flags.readFromStream(s) at 159
04-26 19:08:17.955   566   616 W skia    : AGTM parsing failed flags.readFromStream(s) at 159
04-26 19:08:17.956   566   616 W skia    : AGTM parsing failed flags.readFromStream(s) at 159
04-26 19:08:17.972   566   616 W skia    : AGTM parsing failed flags.readFromStream(s) at 159
04-26 19:08:17.972   566   616 W skia    : AGTM parsing failed flags.readFromStream(s) at 159
04-26 19:08:17.972   566   616 W skia    : AGTM parsing failed flags.readFromStream(s) at 159
04-26 19:08:17.972   566   616 W skia    : AGTM parsing failed flags.readFromStream(s) at 159
04-26 19:08:17.972   566   616 W skia    : AGTM parsing failed flags.readFromStream(s) at 159
04-26 19:08:17.972   566   616 W skia    : AGTM parsing failed flags.readFromStream(s) at 159
04-26 19:08:17.975 14936 15015 I MuMain  : OPENBASIC: first bitmap group done
04-26 19:08:17.986   566   616 W skia    : AGTM parsing failed flags.readFromStream(s) at 159
04-26 19:08:17.986   566   616 W skia    : AGTM parsing failed flags.readFromStream(s) at 159
04-26 19:08:17.986   566   616 W skia    : AGTM parsing failed flags.readFromStream(s) at 159
04-26 19:08:17.986   566   616 W skia    : AGTM parsing failed flags.readFromStream(s) at 159
04-26 19:08:17.987   566   616 W skia    : AGTM parsing failed flags.readFromStream(s) at 159
04-26 19:08:17.987   566   616 W skia    : AGTM parsing failed flags.readFromStream(s) at 159
04-26 19:08:18.003   566   616 W skia    : AGTM parsing failed flags.readFromStream(s) at 159
04-26 19:08:18.003   566   616 W skia    : AGTM parsing failed flags.readFromStream(s) at 159
04-26 19:08:18.003   566   616 W skia    : AGTM parsing failed flags.readFromStream(s) at 159
04-26 19:08:18.003   566   616 W skia    : AGTM parsing failed flags.readFromStream(s) at 159
04-26 19:08:18.003   566   616 W skia    : AGTM parsing failed flags.readFromStream(s) at 159
04-26 19:08:18.003   566   616 W skia    : AGTM parsing failed flags.readFromStream(s) at 159
04-26 19:08:18.019   566   616 W skia    : AGTM parsing failed flags.readFromStream(s) at 159
04-26 19:08:18.020   566   616 W skia    : AGTM parsing failed flags.readFromStream(s) at 159
04-26 19:08:18.020   566   616 W skia    : AGTM parsing failed flags.readFromStream(s) at 159
04-26 19:08:18.020   566   616 W skia    : AGTM parsing failed flags.readFromStream(s) at 159
04-26 19:08:18.020   566   616 W skia    : AGTM parsing failed flags.readFromStream(s) at 159
04-26 19:08:18.020   566   616 W skia    : AGTM parsing failed flags.readFromStream(s) at 159
04-26 19:08:18.026 14936 15015 I TakumiErrorReport: File not found Data\Effect\Shiny04.jpg (32118)->Data\Effect\Shiny05.jpg
04-26 19:08:18.028 14925 14990 E native  : E0000 00:00:1777205298.028424   14990 flash-index.cc:2699] Lite index docid 1645 ahead of clip 1643
04-26 19:08:18.036   566   616 W skia    : AGTM parsing failed flags.readFromStream(s) at 159
04-26 19:08:18.037   566   616 W skia    : AGTM parsing failed flags.readFromStream(s) at 159
04-26 19:08:18.037   566   616 W skia    : AGTM parsing failed flags.readFromStream(s) at 159
04-26 19:08:18.037   566   616 W skia    : AGTM parsing failed flags.readFromStream(s) at 159
04-26 19:08:18.037   566   616 W skia    : AGTM parsing failed flags.readFromStream(s) at 159
04-26 19:08:18.037   566   616 W skia    : AGTM parsing failed flags.readFromStream(s) at 159
04-26 19:08:18.045   736  1715 W ApplicationInfo: Large ApplicationInfo parcel: size=17540 package=com.google.android.googlequicksearchbox sharedLibs=3 resDirs=2 overlayPaths=2
04-26 19:08:18.045   736  1715 W PackageInfo: Large parcel: size=17804 pkg=com.google.android.googlequicksearchbox
04-26 19:08:18.054   566   616 W skia    : AGTM parsing failed flags.readFromStream(s) at 159
04-26 19:08:18.054   566   616 W skia    : AGTM parsing failed flags.readFromStream(s) at 159
04-26 19:08:18.055   566   616 W skia    : AGTM parsing failed flags.readFromStream(s) at 159
04-26 19:08:18.055   566   616 W skia    : AGTM parsing failed flags.readFromStream(s) at 159
04-26 19:08:18.066 14925 14982 I GmsModuleInitializer: Using ContainerGservicesDelegate
04-26 19:08:18.070   566   616 W skia    : AGTM parsing failed flags.readFromStream(s) at 159
04-26 19:08:18.070   566   616 W skia    : AGTM parsing failed flags.readFromStream(s) at 159
04-26 19:08:18.070   566   616 W skia    : AGTM parsing failed flags.readFromStream(s) at 159
04-26 19:08:18.070   566   616 W skia    : AGTM parsing failed flags.readFromStream(s) at 159
04-26 19:08:18.072 14925 14990 I Icing   : updateResources: need to parse cgwv{com.google.android.gms}
04-26 19:08:18.086   566   616 W skia    : AGTM parsing failed flags.readFromStream(s) at 159
04-26 19:08:18.086   566   616 W skia    : AGTM parsing failed flags.readFromStream(s) at 159
04-26 19:08:18.086   566   616 W skia    : AGTM parsing failed flags.readFromStream(s) at 159
04-26 19:08:18.087   566   616 W skia    : AGTM parsing failed flags.readFromStream(s) at 159
04-26 19:08:18.090   736  1715 I ImeTracker: system_server:11b025ec: onRequestHide at ORIGIN_SERVER reason IME_REQUESTED_CHANGED_LISTENER fromUser false displayId 0
04-26 19:08:18.092   736   762 I ImeTracker: system_server:11b025ec: onCancelled at PHASE_SERVER_SHOULD_HIDE
04-26 19:08:18.104   566   616 W skia    : AGTM parsing failed flags.readFromStream(s) at 159
04-26 19:08:18.105   566   616 W skia    : AGTM parsing failed flags.readFromStream(s) at 159
04-26 19:08:18.105   566   616 W skia    : AGTM parsing failed flags.readFromStream(s) at 159
04-26 19:08:18.105   566   616 W skia    : AGTM parsing failed flags.readFromStream(s) at 159
04-26 19:08:18.119 14936 15015 I TakumiErrorReport: > First Load Files OK.
04-26 19:08:18.120   560   624 D AF::Track: interceptBuffer: took 1011us to intercept 0 tracks
04-26 19:08:18.120   566   616 W skia    : AGTM parsing failed flags.readFromStream(s) at 159
04-26 19:08:18.120   566   616 W skia    : AGTM parsing failed flags.readFromStream(s) at 159
04-26 19:08:18.120   566   616 W skia    : AGTM parsing failed flags.readFromStream(s) at 159
04-26 19:08:18.120   566   616 W skia    : AGTM parsing failed flags.readFromStream(s) at 159
04-26 19:08:18.139   566   616 W skia    : AGTM parsing failed flags.readFromStream(s) at 159
04-26 19:08:18.139   566   616 W skia    : AGTM parsing failed flags.readFromStream(s) at 159
04-26 19:08:18.140   566   616 W skia    : AGTM parsing failed flags.readFromStream(s) at 159
04-26 19:08:18.140   566   616 W skia    : AGTM parsing failed flags.readFromStream(s) at 159
04-26 19:08:18.152   566   616 W skia    : AGTM parsing failed flags.readFromStream(s) at 159
04-26 19:08:18.153   566   616 W skia    : AGTM parsing failed flags.readFromStream(s) at 159
04-26 19:08:18.153   566   616 W skia    : AGTM parsing failed flags.readFromStream(s) at 159
04-26 19:08:18.153   566   616 W skia    : AGTM parsing failed flags.readFromStream(s) at 159
04-26 19:08:18.169   566   616 W skia    : AGTM parsing failed flags.readFromStream(s) at 159
04-26 19:08:18.170   566   616 W skia    : AGTM parsing failed flags.readFromStream(s) at 159
04-26 19:08:18.170   566   616 W skia    : AGTM parsing failed flags.readFromStream(s) at 159
04-26 19:08:18.170   566   616 W skia    : AGTM parsing failed flags.readFromStream(s) at 159
04-26 19:08:18.181 14925 14990 I Icing   : Internal init done: storage state 0
04-26 19:08:18.186  1036  1091 V WindowManagerShell: Transition animation finished (aborted=false), notifying core (#108) android.os.BinderProxy@80a3d02@0
04-26 19:08:18.188   566   616 W skia    : AGTM parsing failed flags.readFromStream(s) at 159
04-26 19:08:18.188   566   616 W skia    : AGTM parsing failed flags.readFromStream(s) at 159
04-26 19:08:18.188   566   616 W skia    : AGTM parsing failed flags.readFromStream(s) at 159
04-26 19:08:18.188   566   616 W skia    : AGTM parsing failed flags.readFromStream(s) at 159
04-26 19:08:18.198   736   759 V WindowManager: Finish Transition (#108): created at 04-26 19:08:17.471 collect-started=0.062ms request-sent=9.298ms started=15.184ms ready=31.146ms sent=213.64ms commit=35.886ms finished=725.887ms
04-26 19:08:18.203 14936 14936 D VRI[PreloadActivity]: visibilityChanged oldVisibility=true newVisibility=false
04-26 19:08:18.205  1036  1091 V WindowManagerShell: Track 0 became idle
04-26 19:08:18.205  1036  1091 V WindowManagerShell: All active transition animations finished
04-26 19:08:18.229 14936 14936 D WindowOnBackDispatcher: setTopOnBackInvokedCallback (unwrapped): null
04-26 19:08:18.229   736  1715 D CoreBackPreview: Window{5e5e3a8 u0 com.muonline.client/com.muonline.client.PreloadActivity}: Setting back callback null
04-26 19:08:18.230 14936 14936 D ViewRootImpl: Skipping stats log for color mode
04-26 19:08:18.246 14925 14990 I Icing   : 8 corpora need re-polling
04-26 19:08:18.250 14925 14990 I Icing   : Post-init done
04-26 19:08:18.251 14925 14984 I Auth    : (REDACTED) [SupervisedAccountIntentOperation] onHandleIntent: %s
04-26 19:08:18.253 14925 14984 I PackageInstalledIntentO: Test flag v2 is disabled [CONTEXT service_id=469 ]
04-26 19:08:18.273 14925 15001 I Icing   : Using regular flags by method 2
04-26 19:08:18.277 14925 15023 I NearbyDiscovery: (REDACTED) processGrantSlicePermission: %s
04-26 19:08:18.282 14925 15005 I Icing   : IndexChimeraService.getServiceInterface callingPackage=com.google.android.gms componentName=ContactsIndexer serviceId=33
04-26 19:08:18.306   736  1620 D IntervalStats: Unable to parse usage stats packages: [283, 284]
04-26 19:08:18.308 14925 14984 W SQLiteLog: (28) double-quoted string literal: "com.muonline.client"
04-26 19:08:18.308 14925 14963 I GmscoreIpa: (REDACTED) Using %s flags by method %d
04-26 19:08:18.323 14925 14992 I Icing   : IndexChimeraService.getServiceInterface callingPackage=com.google.android.gms componentName=null serviceId=36
04-26 19:08:18.329 14925 14990 I Icing   : Usage reports ok 1, Failed Usage reports 0, indexed 0, rejected 0
04-26 19:08:18.341   736  1715 D ActivityManager: sync unfroze 1780 android.process.acore for 7
04-26 19:08:18.342  1780  1780 D ActivityThread: Package [com.muonline.client] reported as REPLACED, but missing application info. Assuming REMOVED.
04-26 19:08:18.342 14925 14990 I Icing   : Usage reports ok 0, Failed Usage reports 0, indexed 0, rejected 0
04-26 19:08:18.343  1780  1780 D ActivityThread: Package [com.muonline.client] reported as REPLACED, but missing application info. Assuming REMOVED.
04-26 19:08:18.345  1780  1780 D ActivityThread: Package [com.muonline.client] reported as REPLACED, but missing application info. Assuming REMOVED.
04-26 19:08:18.347  1780  1780 D ActivityThread: Package [com.muonline.client] reported as REPLACED, but missing application info. Assuming REMOVED.
04-26 19:08:18.350  1780  1780 D ActivityThread: Package [com.muonline.client] reported as REPLACED, but missing application info. Assuming REMOVED.
04-26 19:08:18.350  1780  1780 D ActivityThread: Package [com.muonline.client] reported as REPLACED, but missing application info. Assuming REMOVED.
04-26 19:08:18.351  1780  1780 D ActivityThread: Package [com.muonline.client] reported as REPLACED, but missing application info. Assuming REMOVED.
04-26 19:08:18.356  1780  1780 D ActivityThread: Package [com.muonline.client] reported as REPLACED, but missing application info. Assuming REMOVED.
04-26 19:08:18.358  1780  1780 D ActivityThread: Package [com.muonline.client] reported as REPLACED, but missing application info. Assuming REMOVED.
04-26 19:08:18.359  1780  1780 D ActivityThread: Package [com.muonline.client] reported as REPLACED, but missing application info. Assuming REMOVED.
04-26 19:08:18.360  1780  1780 D ActivityThread: Package [com.muonline.client] reported as REPLACED, but missing application info. Assuming REMOVED.
04-26 19:08:18.360  1780  1780 D ActivityThread: Package [com.muonline.client] reported as REPLACED, but missing application info. Assuming REMOVED.
04-26 19:08:18.360 14925 14990 I Icing   : Usage reports ok 0, Failed Usage reports 0, indexed 0, rejected 0
04-26 19:08:18.361  1780  1780 D ActivityThread: Package [com.muonline.client] reported as REPLACED, but missing application info. Assuming REMOVED.
04-26 19:08:18.361 14925 14990 I Icing   : Indexing com.google.android.gms-phones_data_id from com.google.android.gms
04-26 19:08:18.361  1780  1780 D ActivityThread: Package [com.muonline.client] reported as REPLACED, but missing application info. Assuming REMOVED.
04-26 19:08:18.362  1780  1780 D ActivityThread: Package [com.muonline.client] reported as REPLACED, but missing application info. Assuming REMOVED.
04-26 19:08:18.363  1780  1780 D ActivityThread: Package [com.muonline.client] reported as REPLACED, but missing application info. Assuming REMOVED.
04-26 19:08:18.364  1780  1780 D ActivityThread: Package [com.muonline.client] reported as REPLACED, but missing application info. Assuming REMOVED.
04-26 19:08:18.364  1780  1780 D ActivityThread: Package [com.muonline.client] reported as REPLACED, but missing application info. Assuming REMOVED.
04-26 19:08:18.366  1780  1780 D ActivityThread: Package [com.muonline.client] reported as REPLACED, but missing application info. Assuming REMOVED.
04-26 19:08:18.366  1780  1780 D ActivityThread: Package [com.muonline.client] reported as REPLACED, but missing application info. Assuming REMOVED.
04-26 19:08:18.367  1780  1780 D ActivityThread: Package [com.muonline.client] reported as REPLACED, but missing application info. Assuming REMOVED.
04-26 19:08:18.370  1780  1780 D ActivityThread: Package [com.muonline.client] reported as REPLACED, but missing application info. Assuming REMOVED.
04-26 19:08:18.373  1780  1780 D ActivityThread: Package [com.muonline.client] reported as REPLACED, but missing application info. Assuming REMOVED.
04-26 19:08:18.377  1780  1780 D ActivityThread: Package [com.muonline.client] reported as REPLACED, but missing application info. Assuming REMOVED.
04-26 19:08:18.378  1780  1780 D ActivityThread: Package [com.muonline.client] reported as REPLACED, but missing application info. Assuming REMOVED.
04-26 19:08:18.379  1780  1780 D ActivityThread: Package [com.muonline.client] reported as REPLACED, but missing application info. Assuming REMOVED.
04-26 19:08:18.381  1780  1780 D ActivityThread: Package [com.muonline.client] reported as REPLACED, but missing application info. Assuming REMOVED.
04-26 19:08:18.382  1780  1780 D ActivityThread: Package [com.muonline.client] reported as REPLACED, but missing application info. Assuming REMOVED.
04-26 19:08:18.383  1780  1780 D ActivityThread: Package [com.muonline.client] reported as REPLACED, but missing application info. Assuming REMOVED.
04-26 19:08:18.385 14925 14990 I Icing   : Indexing done com.google.android.gms-phones_data_id
04-26 19:08:18.385 14925 14990 I Icing   : Indexing com.google.android.gms-apps from com.google.android.gms
04-26 19:08:18.385  1780  1780 D ActivityThread: Package [com.muonline.client] reported as REPLACED, but missing application info. Assuming REMOVED.
04-26 19:08:18.386  1780  1780 D ActivityThread: Package [com.muonline.client] reported as REPLACED, but missing application info. Assuming REMOVED.
04-26 19:08:18.387  1780  1780 D ActivityThread: Package [com.muonline.client] reported as REPLACED, but missing application info. Assuming REMOVED.
04-26 19:08:18.412 14925 14990 I Icing   : Indexing com.google.android.gms-postals_data_id from com.google.android.gms
04-26 19:08:18.430 14925 14990 I Icing   : Indexing done com.google.android.gms-postals_data_id
04-26 19:08:18.430 14925 14990 I Icing   : Indexing com.google.android.gms-contacts_contact_id from com.google.android.gms
04-26 19:08:18.440 14925 14990 I Icing   : Indexing done com.google.android.gms-contacts_contact_id
04-26 19:08:18.441 14925 14990 I Icing   : Indexing com.google.android.gms-emails_data_id from com.google.android.gms
04-26 19:08:18.443 14925 14990 I Icing   : Indexing done com.google.android.gms-emails_data_id
04-26 19:08:18.458  1780  1800 W d.process.acore: Cleared Reference was only reachable from finalizer (only reported once)
04-26 19:08:18.460 14925 14990 I Icing   : Usage reports ok 0, Failed Usage reports 0, indexed 0, rejected 0
04-26 19:08:18.463  1780  1800 W d.process.acore: Reducing the number of considered missed Gc histogram windows from 1301 to 100
04-26 19:08:18.480 14925 14990 I Icing   : Usage reports ok 0, Failed Usage reports 0, indexed 0, rejected 0
04-26 19:08:18.545 14925 14990 I Icing   : Indexing done com.google.android.gms-apps
04-26 19:08:18.545 14925 14990 I Icing   : Indexing com.google.android.gms-apps from com.google.android.gms
04-26 19:08:18.546 14925 14990 I Icing   : Indexing done com.google.android.gms-apps
04-26 19:08:18.551   736  1827 W ActivityManager: Skipping manifest association check for null package. SourceUid: 10214, SourcePkg: null, TargetUid: 10214, TargetPkg: com.google.android.gms
04-26 19:08:18.936   560   624 D AF::Track: interceptBuffer: took 714us to intercept 0 tracks
04-26 19:08:19.217  1203  1331 D SatelliteController: isInCarrierRoamingNbIotNtn: satellite is disabled
04-26 19:08:19.218  1203  1331 D SatelliteController: getCarrierRoamingNtnConnectType: Checking connect type from PLMN config for subId: 1
04-26 19:08:19.221  1203  1331 D SatelliteController: getSatellitePerPlmnConfiguration: invalid subId or not supported via carrier.
04-26 19:08:19.221  1203  1331 D SatelliteController: getCarrierRoamingNtnConnectType: config: null
04-26 19:08:19.222  1203  1331 D SatelliteController: getCarrierRoamingNtnConnectType: Falling back to global carrier config connect type: 0
04-26 19:08:19.222  1203  1331 D SatelliteController: updateLastNotifiedCarrierRoamingNtnSignalStrengthAndNotify(1)
04-26 19:08:19.222  1203  1331 D SatelliteController: updateLastNotifiedCarrierRoamingNtnSignalStrengthAndNotify(1) lastNotifiedSignalStrength level: 0
04-26 19:08:19.222  1203  1331 D SatelliteController: updateLastNotifiedCarrierRoamingNtnSignalStrengthAndNotify(1) currSignalStrength level: 0
04-26 19:08:19.240  1160  1312 D IpClient/wlan0: addressUpdated: fec0::318:2ae9:4605:3476/64 on ifindex 16 flags 0x00000900 scope 200
04-26 19:08:19.240  1160  1312 D IpClient/wlan0: addressUpdated: fec0::842a:93e7:4d8d:46d/64 on ifindex 16 flags 0x00000001 scope 200
04-26 19:08:19.240  1160  1312 W AlarmManager: Unrecognized alarm listener com.android.networkstack.android.net.ip.IpClientLinkObserver$Dhcp6PdPreferredPrefixAlarmListener@909d135
04-26 19:08:19.240  1160  1312 D ApfFilter: (wlan0): Ignoring RA RA fe80::2 -> ff02::1 1800s fec0::/64 86400s/14400s  which matches RA fe80::2 -> ff02::1 1800s fec0::/64 86400s/14400s 
04-26 19:08:19.509   736   954 I AdbWifiNetworkMonitor: Wi-Fi network available
04-26 19:08:19.509   736   954 I AdbWifiNetworkMonitor: Received the same Wi-Fi SSID. Ignoring.
04-26 19:08:19.511   736   921 I HalDevMgr: bestIfaceCreationProposal is null, requestIface=STA, existingIface=[name=wlan0 type=STA]
04-26 19:08:19.515  1366  1970 I NullBinder: NullBinder for android.net.action.RECOMMEND_NETWORKS triggering remote TransactionTooLargeException due to Service without Chimera impl, calling uid: 1000, calling pid: 0
04-26 19:08:19.516  1366  1970 W libbinder.Binder: Large reply transaction of 1056768 bytes, interface descriptor , function: UNKNOWN_FUNCTION_NAME, code: 1, flags: 17
04-26 19:08:19.522   736   931 W libbinder.IPCThreadState: Sending oneway calls to frozen process.
04-26 19:08:19.523  1160  1312 D IpClient/wlan0: interfaceLinkStateChanged: ifindex 16 up
04-26 19:08:19.528  1160  1312 D IpClient/wlan0: interfaceLinkStateChanged: ifindex 16 up
04-26 19:08:20.059 14936 15015 I MuMain  : OPENBASIC: OpenImages begin
04-26 19:08:20.062 14936 15015 I MuMain  : OPENBASIC: OpenImages done
04-26 19:08:20.062 14936 15015 I MuMain  : OPENBASIC: OpenSounds begin
04-26 19:08:20.062 14936 15015 I MuMain  : OPENBASIC: OpenSounds done
04-26 19:08:20.063 14936 15015 I MuMain  : OPENBASIC: scripts begin
04-26 19:08:20.087 14936 15015 I MuMain  : OPENBASIC: OpenTextData begin
04-26 19:08:20.092 14936 15015 I MuMain  : OPENBASIC: OpenTextData done
04-26 19:08:20.102 14936 15015 I MuMain  : OPENBASIC: master/gate/filter done
04-26 19:08:20.103 14936 15015 I MuMain  : WEBZEN: OpenBasicData done
04-26 19:08:20.173 14936 15015 I TakumiErrorReport: File not found Data\Interface\InGameShop\ingame_Bt_page_L.tga (32485)->Data\Custom\Maps\CRadar.tga
04-26 19:08:20.177 14936 15015 I TakumiErrorReport: File not found Data\Interface\InGameShop\IGS_Storage_Page.tga (32487)->Data\Custom\Maps\map_radar.tga
04-26 19:08:20.181 14936 15015 I TakumiErrorReport: File not found Data\Interface\InGameShop\IGS_Storage_Page_Left.tga (32488)->Data\Custom\Maps\background-tcp.tga
04-26 19:08:20.183 14936 15015 I TakumiErrorReport: File not found Data\Interface\InGameShop\IGS_Storage_Page_Right.tga (32489)->Data\Interface\newui_option_check.tga
04-26 19:08:20.226   736  1699 E TaskPersister: File error accessing recents directory (directory doesn't exist?).
04-26 19:08:20.316  1016  1016 I wpa_supplicant: wlan0: CTRL-EVENT-BEACON-LOSS 
04-26 19:08:20.413 14936 15015 I TakumiErrorReport: File not found Data\Interface\newui_item_back01.tga (31373)->Data\Interface\newui_item_back04.tga
04-26 19:08:20.415 14936 15015 I TakumiErrorReport: File not found Data\Interface\newui_item_back04.tga (31373)->Data\Interface\newui_item_back01.tga
04-26 19:08:20.421 14936 15015 I MuMain  : WEBZEN: LoadMainSceneInterface done
04-26 19:08:20.422 14936 15015 I TakumiErrorReport: > Loading ok.
04-26 19:08:20.424 14936 15015 E BLASTBufferQueue: [aea69ca SurfaceView[com.muonline.client/com.muonline.client.MuMainActivity]#2](f:0,a:0) rejecting buffer:active_size=2268x1080, requested_size=2268x1080 buffer{size=2268x943 transform=0}
04-26 19:08:20.483 14936 15015 I MuMain  : ADAPT fx scale: fps=0.4 frameMs=2583.67 1.00->0.90 target=0.55
04-26 19:08:20.483 14936 15015 I MuMain  : PERF fps=0.4 frameMs=2583.67 phase(render=2522.60 pad=0.02 present=60.67) renderLevel=4 fxScale=1.00 maxMsg=70 avg(draw=132 verts=792 im=132 vaD=0 vaC=0 qI=0 qE=0) max(draw=132 verts=792)
04-26 19:08:20.483 14936 15015 I MuMain  : PERF_SCENE world=-1 char(live=0 vis=0 ply=0 mon=0 npc=0 pet=0 prio=0 topMon=-1 x0) obj(live=0 vis=0 op=0 trap=0 topObj=-1 x0)
04-26 19:08:20.483 14936 15015 I MuMain  : PERF_BUCKET objMove(cand=0 upd=0 def=0 n=0 m=0 f=0) objRender(cand=0 draw=0 cull=0 n=0 m=0 f=0 visDraw=0 visDef=0) charMove(cand=0 upd=0 def=0 n=0 m=0 f=0) charRender(cand=0 draw=0 def=0 cull=0 n=0 m=0 f=0)
04-26 19:08:20.483 14936 15015 I MuMain  : PERF_TERRAIN world=-1 normal(block=0 tile=0) grass(block=0 tile=0) after(block=0 tile=0)
04-26 19:08:20.483 14936 15015 I MuMain  : Frame 0 — drawCalls=132 verts=792 paths(im=132 vaD=0 vaC=0 qI=0 qE=0) SDL_err='Couldn't open asset '/storage/emulated/0/Android/data/com.muonline.client/files/Data/fonts/font_.ttf''
04-26 19:08:20.665 14936 15015 I TakumiErrorReport: File not found Data\World74\leaf01.tga (30357)->Data\World74\leaf01.jpg
04-26 19:08:20.679 14936 15015 I AndroidGDI: Font OK: /system/fonts/DroidSans-Bold.ttf sz=10
04-26 19:08:20.680 14936 15015 I TakumiErrorReport: [Connect to Server 33] ip address = 171.235.182.88, port = 44405
04-26 19:08:20.682 14936 15015 E MuMain  : PlayMp3 failed requested=[data\music\login_theme.mp3] resolved=[data/music/login_theme.mp3] reqExists=0 resolvedExists=0 cwd=[/storage/emulated/0/Android/data/com.muonline.client/files]: Couldn't open 'data/music/login_theme.mp3'
04-26 19:08:20.682 14936 15015 I TakumiErrorReport: > Login Scene init success.
04-26 19:08:20.693 14936 15015 I AndroidGDI: AndroidTextOut ENTRY len=34 hdc=0x733fdca9c220 bmp=0x733fdca9be00 text[0]=40
04-26 19:08:20.694 14936 15015 I AndroidGDI: TextOut surf=241x18 fmt=0x16362004 maxA=255 dib[0..2]=0,0,0
04-26 19:08:20.694 14936 15015 I AndroidGDI: AndroidTextOut ENTRY len=25 hdc=0x733fdca9c220 bmp=0x733fdca9be00 text[0]=32
04-26 19:08:20.694 14936 15015 I AndroidGDI: TextOut surf=177x18 fmt=0x16362004 maxA=255 dib[0..2]=0,0,0
04-26 19:08:20.694 14936 15015 I AndroidGDI: AndroidTextOut ENTRY len=14 hdc=0x733fdca9c220 bmp=0x733fdca9be00 text[0]=80
04-26 19:08:20.695 14936 15015 I AndroidGDI: TextOut surf=95x18 fmt=0x16362004 maxA=255 dib[0..2]=0,0,0
04-26 19:08:20.706 14936 15015 I MuMain  : Frame 1 — drawCalls=122 verts=43017 paths(im=885 vaD=0 vaC=0 qI=4 qE=0) SDL_err='Couldn't open 'data/music/login_theme.mp3''
04-26 19:08:20.728 14936 15015 I AndroidGDI: AndroidTextOut ENTRY len=34 hdc=0x733fdca9c220 bmp=0x733fdca9be00 text[0]=40
04-26 19:08:20.728 14936 15015 I AndroidGDI: TextOut surf=241x18 fmt=0x16362004 maxA=255 dib[0..2]=0,0,0
