04-26 15:48:05.376 D/muonline.client( 5891): PlayerBase::PlayerBase()
04-26 15:48:05.376 D/muonline.client( 5891): TrackPlayerBase::TrackPlayerBase()
04-26 15:48:05.376 I/libOpenSLES( 5891): Emulating old channel mask behavior (ignoring positional mask 0x3, using default mask 0x3 based on channel count of 2)
04-26 15:48:05.379 D/NativePermissionController(  560): checkPermission: missing 1 for 10230
04-26 15:48:05.379 D/NativePermissionController(  560): checkPermission: missing 3 for 10230
04-26 15:48:05.379 D/NativePermissionController(  560): checkPermission: missing 5 for 10230
04-26 15:48:05.379 W/AudioFlinger(  560): createTrack_l(): mismatch between requested flags (00000104) and output flags (00000002)
04-26 15:48:05.380 D/AudioFlinger(  560): Client defaulted notificationFrames to 882 for frameCount 4012
04-26 15:48:05.380 I/AF::AfPlaybackCommon(  560): creating track with enforcement level 2 shouldHarden 1
04-26 15:48:05.393 I/bluetooth( 1174): system/btif/avrcp/avrcp_service.cc:533 SendMediaUpdate: track_changed=false :  play_state=true :  queue=false
04-26 15:48:05.393 E/AppOps  (  736): attributionTag  not declared in manifest of com.muonline.client
04-26 15:48:05.393 E/AppOps  (  736): attributionTag  not declared in manifest of com.muonline.client
04-26 15:48:05.394 E/MediaControlProfile( 1174): onCurrentPlayerStateUpdated: base actions not supported, player actions= 0, expected at least= 7f
04-26 15:48:05.395 D/muonline.client( 5891): PlayerBase::stop() from IPlayer
04-26 15:48:05.395 W/MediaControlGattService( 1174): Feature PLAYBACK_SPEED support: true
04-26 15:48:05.395 D/AudioTrack( 5891): stop(17): called with 0 frames delivered
04-26 15:48:05.395 E/AppOps  (  736): attributionTag  not declared in manifest of com.muonline.client
04-26 15:48:05.396 W/MediaControlGattService( 1174): Feature PLAYBACK_SPEED support: true
04-26 15:48:05.396 W/MediaControlGattService( 1174): Feature PLAYBACK_SPEED support: true
04-26 15:48:05.396 W/MediaControlGattService( 1174): Feature PLAYBACK_SPEED_NOTIFY support: true
04-26 15:48:05.396 I/MuMain  ( 5891): SDL_mixer initialized (32 channels)
04-26 15:48:05.396 I/MuMain  ( 5891): INIT: srand
04-26 15:48:05.396 I/MuMain  ( 5891): INIT: alloc GateAttribute
04-26 15:48:05.396 I/MuMain  ( 5891): INIT: alloc SkillAttribute
04-26 15:48:05.396 I/MuMain  ( 5891): INIT: alloc ItemAttRibute
04-26 15:48:05.396 E/AppOps  (  736): attributionTag  not declared in manifest of com.muonline.client
04-26 15:48:05.397 I/MuMain  ( 5891): INIT: alloc CharacterMemoryDump
04-26 15:48:05.397 E/AppOps  (  736): attributionTag  not declared in manifest of com.muonline.client
04-26 15:48:05.398 I/BluetoothAdapterProperties( 1174): getBondedDevices: length=0
04-26 15:48:05.398 W/MediaControlGattService( 1174): Feature TRACK_POSITION support: true
04-26 15:48:05.398 W/MediaControlGattService( 1174): Feature TRACK_POSITION_NOTIFY support: true
04-26 15:48:05.398 E/AppOps  (  736): attributionTag  not declared in manifest of com.muonline.client
04-26 15:48:05.398 W/MediaControlGattService( 1174): Feature MEDIA_STATE support: true
04-26 15:48:05.399 I/MuMain  ( 5891): INIT: alloc CharacterMachine
04-26 15:48:05.400 I/MuMain  ( 5891): INIT: CharacterMachine->Init()
04-26 15:48:05.400 I/MuMain  ( 5891): INIT: new UI objects
04-26 15:48:05.401 I/BluetoothAdapterProperties( 1174): getBondedDevices: length=0
04-26 15:48:05.401 I/MuMain  ( 5891): INIT: BuffStateSystem::Make()
04-26 15:48:05.401 W/MediaControlGattService( 1174): Feature MEDIA_CONTROL_POINT_OPCODES_SUPPORTED support: true
04-26 15:48:05.401 W/MediaControlGattService( 1174): Feature MEDIA_STATE support: true
04-26 15:48:05.401 W/MediaControlGattService( 1174): Feature MEDIA_STATE support: true
04-26 15:48:05.401 I/MuMain  ( 5891): INIT: MapProcess::Make()
04-26 15:48:05.401 I/MuMain  ( 5891): INIT: PetProcess::Make()
04-26 15:48:05.403 I/MuMain  ( 5891): INIT: CUIMng::Create()
04-26 15:48:05.405 I/BluetoothAdapterProperties( 1174): getBondedDevices: length=0
04-26 15:48:05.405 W/MediaControlGattService( 1174): Feature MEDIA_STATE support: true
04-26 15:48:05.405 W/MediaControlGattService( 1174): Feature SEEKING_SPEED support: true
04-26 15:48:05.405 W/MediaControlGattService( 1174): Feature SEEKING_SPEED support: true
04-26 15:48:05.405 W/MediaControlGattService( 1174): Feature SEEKING_SPEED support: true
04-26 15:48:05.405 W/MediaControlProfile( 1174): MCS service state fields left unhandled: 
04-26 15:48:05.405 W/MediaControlProfile( 1174):    > PLAYER_NAME
04-26 15:48:05.405 W/MediaControlProfile( 1174):    > PLAYING_ORDER_SUPPORTED
04-26 15:48:05.406 I/MuMain  ( 5891): INIT: g_pNewUISystem->Create()
04-26 15:48:05.406 W/GFXSTREAM( 5891): [GLESv2Validation.cpp(1217)] Error internal format: 0x4 is invalid.
04-26 15:48:05.407 E/GFXSTREAM( 5891): [GL2Encoder.cpp(2814)] GL error 0x501 condition [!GLESv2Validation::pixelFormat(ctx, internalformat) && !GLESv2Validation::pixelInternalFormat(internalformat)].
04-26 15:48:05.407 W/GFXSTREAM( 5891): [GLESv2Validation.cpp(1217)] Error internal format: 0x4 is invalid.
04-26 15:48:05.407 E/GFXSTREAM( 5891): [GL2Encoder.cpp(2814)] GL error 0x501 condition [!GLESv2Validation::pixelFormat(ctx, internalformat) && !GLESv2Validation::pixelInternalFormat(internalformat)].
04-26 15:48:05.407 W/GFXSTREAM( 5891): [GLESv2Validation.cpp(1217)] Error internal format: 0x4 is invalid.
04-26 15:48:05.408 E/GFXSTREAM( 5891): [GL2Encoder.cpp(2814)] GL error 0x501 condition [!GLESv2Validation::pixelFormat(ctx, internalformat) && !GLESv2Validation::pixelInternalFormat(internalformat)].
04-26 15:48:05.408 W/GFXSTREAM( 5891): [GLESv2Validation.cpp(1217)] Error internal format: 0x4 is invalid.
04-26 15:48:05.408 E/GFXSTREAM( 5891): [GL2Encoder.cpp(2814)] GL error 0x501 condition [!GLESv2Validation::pixelFormat(ctx, internalformat) && !GLESv2Validation::pixelInternalFormat(internalformat)].
04-26 15:48:05.408 W/GFXSTREAM( 5891): [GLESv2Validation.cpp(1217)] Error internal format: 0x4 is invalid.
04-26 15:48:05.408 E/GFXSTREAM( 5891): [GL2Encoder.cpp(2814)] GL error 0x501 condition [!GLESv2Validation::pixelFormat(ctx, internalformat) && !GLESv2Validation::pixelInternalFormat(internalformat)].
04-26 15:48:05.408 W/GFXSTREAM( 5891): [GLESv2Validation.cpp(1217)] Error internal format: 0x3 is invalid.
04-26 15:48:05.408 E/GFXSTREAM( 5891): [GL2Encoder.cpp(2814)] GL error 0x501 condition [!GLESv2Validation::pixelFormat(ctx, internalformat) && !GLESv2Validation::pixelInternalFormat(internalformat)].
04-26 15:48:05.409 W/GFXSTREAM( 5891): [GLESv2Validation.cpp(1217)] Error internal format: 0x4 is invalid.
04-26 15:48:05.409 E/GFXSTREAM( 5891): [GL2Encoder.cpp(2814)] GL error 0x501 condition [!GLESv2Validation::pixelFormat(ctx, internalformat) && !GLESv2Validation::pixelInternalFormat(internalformat)].
04-26 15:48:05.409 W/GFXSTREAM( 5891): [GLESv2Validation.cpp(1217)] Error internal format: 0x3 is invalid.
04-26 15:48:05.409 E/GFXSTREAM( 5891): [GL2Encoder.cpp(2814)] GL error 0x501 condition [!GLESv2Validation::pixelFormat(ctx, internalformat) && !GLESv2Validation::pixelInternalFormat(internalformat)].
04-26 15:48:05.409 W/GFXSTREAM( 5891): [GLESv2Validation.cpp(1217)] Error internal format: 0x4 is invalid.
04-26 15:48:05.410 E/GFXSTREAM( 5891): [GL2Encoder.cpp(2814)] GL error 0x501 condition [!GLESv2Validation::pixelFormat(ctx, internalformat) && !GLESv2Validation::pixelInternalFormat(internalformat)].
04-26 15:48:05.410 W/GFXSTREAM( 5891): [GLESv2Validation.cpp(1217)] Error internal format: 0x4 is invalid.
04-26 15:48:05.410 E/GFXSTREAM( 5891): [GL2Encoder.cpp(2814)] GL error 0x501 condition [!GLESv2Validation::pixelFormat(ctx, internalformat) && !GLESv2Validation::pixelInternalFormat(internalformat)].
04-26 15:48:05.411 W/GFXSTREAM( 5891): [GLESv2Validation.cpp(1217)] Error internal format: 0x4 is invalid.
04-26 15:48:05.411 E/GFXSTREAM( 5891): [GL2Encoder.cpp(2814)] GL error 0x501 condition [!GLESv2Validation::pixelFormat(ctx, internalformat) && !GLESv2Validation::pixelInternalFormat(internalformat)].
04-26 15:48:05.411 W/GFXSTREAM( 5891): [GLESv2Validation.cpp(1217)] Error internal format: 0x4 is invalid.
04-26 15:48:05.411 E/GFXSTREAM( 5891): [GL2Encoder.cpp(2814)] GL error 0x501 condition [!GLESv2Validation::pixelFormat(ctx, internalformat) && !GLESv2Validation::pixelInternalFormat(internalformat)].
04-26 15:48:05.411 W/GFXSTREAM( 5891): [GLESv2Validation.cpp(1217)] Error internal format: 0x3 is invalid.
04-26 15:48:05.411 E/GFXSTREAM( 5891): [GL2Encoder.cpp(2814)] GL error 0x501 condition [!GLESv2Validation::pixelFormat(ctx, internalformat) && !GLESv2Validation::pixelInternalFormat(internalformat)].
04-26 15:48:05.412 W/GFXSTREAM( 5891): [GLESv2Validation.cpp(1217)] Error internal format: 0x4 is invalid.
04-26 15:48:05.412 E/GFXSTREAM( 5891): [GL2Encoder.cpp(2814)] GL error 0x501 condition [!GLESv2Validation::pixelFormat(ctx, internalformat) && !GLESv2Validation::pixelInternalFormat(internalformat)].
04-26 15:48:05.412 W/GFXSTREAM( 5891): [GLESv2Validation.cpp(1217)] Error internal format: 0x4 is invalid.
04-26 15:48:05.412 E/GFXSTREAM( 5891): [GL2Encoder.cpp(2814)] GL error 0x501 condition [!GLESv2Validation::pixelFormat(ctx, internalformat) && !GLESv2Validation::pixelInternalFormat(internalformat)].
04-26 15:48:05.413 W/GFXSTREAM( 5891): [GLESv2Validation.cpp(1217)] Error internal format: 0x4 is invalid.
04-26 15:48:05.413 E/GFXSTREAM( 5891): [GL2Encoder.cpp(2814)] GL error 0x501 condition [!GLESv2Validation::pixelFormat(ctx, internalformat) && !GLESv2Validation::pixelInternalFormat(internalformat)].
04-26 15:48:05.414 W/GFXSTREAM( 5891): [GLESv2Validation.cpp(1217)] Error internal format: 0x4 is invalid.
04-26 15:48:05.414 E/GFXSTREAM( 5891): [GL2Encoder.cpp(2814)] GL error 0x501 condition [!GLESv2Validation::pixelFormat(ctx, internalformat) && !GLESv2Validation::pixelInternalFormat(internalformat)].
04-26 15:48:05.414 W/GFXSTREAM( 5891): [GLESv2Validation.cpp(1217)] Error internal format: 0x4 is invalid.
04-26 15:48:05.415 E/GFXSTREAM( 5891): [GL2Encoder.cpp(2814)] GL error 0x501 condition [!GLESv2Validation::pixelFormat(ctx, internalformat) && !GLESv2Validation::pixelInternalFormat(internalformat)].
04-26 15:48:05.415 W/GFXSTREAM( 5891): [GLESv2Validation.cpp(1217)] Error internal format: 0x4 is invalid.
04-26 15:48:05.415 E/GFXSTREAM( 5891): [GL2Encoder.cpp(2814)] GL error 0x501 condition [!GLESv2Validation::pixelFormat(ctx, internalformat) && !GLESv2Validation::pixelInternalFormat(internalformat)].
04-26 15:48:05.416 W/GFXSTREAM( 5891): [GLESv2Validation.cpp(1217)] Error internal format: 0x4 is invalid.
04-26 15:48:05.416 E/GFXSTREAM( 5891): [GL2Encoder.cpp(2814)] GL error 0x501 condition [!GLESv2Validation::pixelFormat(ctx, internalformat) && !GLESv2Validation::pixelInternalFormat(internalformat)].
04-26 15:48:05.416 W/GFXSTREAM( 5891): [GLESv2Validation.cpp(1217)] Error internal format: 0x4 is invalid.
04-26 15:48:05.416 E/GFXSTREAM( 5891): [GL2Encoder.cpp(2814)] GL error 0x501 condition [!GLESv2Validation::pixelFormat(ctx, internalformat) && !GLESv2Validation::pixelInternalFormat(internalformat)].
04-26 15:48:05.416 W/GFXSTREAM( 5891): [GLESv2Validation.cpp(1217)] Error internal format: 0x4 is invalid.
04-26 15:48:05.417 E/GFXSTREAM( 5891): [GL2Encoder.cpp(2814)] GL error 0x501 condition [!GLESv2Validation::pixelFormat(ctx, internalformat) && !GLESv2Validation::pixelInternalFormat(internalformat)].
04-26 15:48:05.417 W/GFXSTREAM( 5891): [GLESv2Validation.cpp(1217)] Error internal format: 0x4 is invalid.
04-26 15:48:05.417 E/GFXSTREAM( 5891): [GL2Encoder.cpp(2814)] GL error 0x501 condition [!GLESv2Validation::pixelFormat(ctx, internalformat) && !GLESv2Validation::pixelInternalFormat(internalformat)].
04-26 15:48:05.417 W/GFXSTREAM( 5891): [GLESv2Validation.cpp(1217)] Error internal format: 0x4 is invalid.
04-26 15:48:05.417 E/GFXSTREAM( 5891): [GL2Encoder.cpp(2814)] GL error 0x501 condition [!GLESv2Validation::pixelFormat(ctx, internalformat) && !GLESv2Validation::pixelInternalFormat(internalformat)].
04-26 15:48:05.418 W/GFXSTREAM( 5891): [GLESv2Validation.cpp(1217)] Error internal format: 0x3 is invalid.
04-26 15:48:05.418 E/GFXSTREAM( 5891): [GL2Encoder.cpp(2814)] GL error 0x501 condition [!GLESv2Validation::pixelFormat(ctx, internalformat) && !GLESv2Validation::pixelInternalFormat(internalformat)].
04-26 15:48:05.418 W/GFXSTREAM( 5891): [GLESv2Validation.cpp(1217)] Error internal format: 0x4 is invalid.
04-26 15:48:05.418 E/GFXSTREAM( 5891): [GL2Encoder.cpp(2814)] GL error 0x501 condition [!GLESv2Validation::pixelFormat(ctx, internalformat) && !GLESv2Validation::pixelInternalFormat(internalformat)].
04-26 15:48:05.418 W/GFXSTREAM( 5891): [GLESv2Validation.cpp(1217)] Error internal format: 0x4 is invalid.
04-26 15:48:05.419 E/GFXSTREAM( 5891): [GL2Encoder.cpp(2814)] GL error 0x501 condition [!GLESv2Validation::pixelFormat(ctx, internalformat) && !GLESv2Validation::pixelInternalFormat(internalformat)].
04-26 15:48:05.419 W/GFXSTREAM( 5891): [GLESv2Validation.cpp(1217)] Error internal format: 0x4 is invalid.
04-26 15:48:05.420 E/GFXSTREAM( 5891): [GL2Encoder.cpp(2814)] GL error 0x501 condition [!GLESv2Validation::pixelFormat(ctx, internalformat) && !GLESv2Validation::pixelInternalFormat(internalformat)].
04-26 15:48:05.420 W/GFXSTREAM( 5891): [GLESv2Validation.cpp(1217)] Error internal format: 0x4 is invalid.
04-26 15:48:05.420 E/GFXSTREAM( 5891): [GL2Encoder.cpp(2814)] GL error 0x501 condition [!GLESv2Validation::pixelFormat(ctx, internalformat) && !GLESv2Validation::pixelInternalFormat(internalformat)].
04-26 15:48:05.421 W/GFXSTREAM( 5891): [GLESv2Validation.cpp(1217)] Error internal format: 0x4 is invalid.
04-26 15:48:05.421 E/GFXSTREAM( 5891): [GL2Encoder.cpp(2814)] GL error 0x501 condition [!GLESv2Validation::pixelFormat(ctx, internalformat) && !GLESv2Validation::pixelInternalFormat(internalformat)].
04-26 15:48:05.421 W/GFXSTREAM( 5891): [GLESv2Validation.cpp(1217)] Error internal format: 0x4 is invalid.
04-26 15:48:05.421 E/GFXSTREAM( 5891): [GL2Encoder.cpp(2814)] GL error 0x501 condition [!GLESv2Validation::pixelFormat(ctx, internalformat) && !GLESv2Validation::pixelInternalFormat(internalformat)].
04-26 15:48:05.421 W/GFXSTREAM( 5891): [GLESv2Validation.cpp(1217)] Error internal format: 0x3 is invalid.
04-26 15:48:05.421 E/GFXSTREAM( 5891): [GL2Encoder.cpp(2814)] GL error 0x501 condition [!GLESv2Validation::pixelFormat(ctx, internalformat) && !GLESv2Validation::pixelInternalFormat(internalformat)].
04-26 15:48:05.422 W/GFXSTREAM( 5891): [GLESv2Validation.cpp(1217)] Error internal format: 0x3 is invalid.
04-26 15:48:05.422 E/GFXSTREAM( 5891): [GL2Encoder.cpp(2814)] GL error 0x501 condition [!GLESv2Validation::pixelFormat(ctx, internalformat) && !GLESv2Validation::pixelInternalFormat(internalformat)].
04-26 15:48:05.422 W/GFXSTREAM( 5891): [GLESv2Validation.cpp(1217)] Error internal format: 0x4 is invalid.
04-26 15:48:05.423 E/GFXSTREAM( 5891): [GL2Encoder.cpp(2814)] GL error 0x501 condition [!GLESv2Validation::pixelFormat(ctx, internalformat) && !GLESv2Validation::pixelInternalFormat(internalformat)].
04-26 15:48:05.423 I/MuMain  ( 5891): INIT: UI creation done
04-26 15:48:05.423 I/MuMain  ( 5891): VirtualPad: slots loaded version=4 idx=[-1,-1,-1,-1,-1] type=[0,0,0,0,0] path=Data/Local/android_touch_skill_slots.cfg
04-26 15:48:05.423 I/MuMain  ( 5891): VirtualPad slots: [-1,-1,-1,-1,-1]
04-26 15:48:05.423 I/MuMain  ( 5891): Android perf defaults: maxMsgPerCycle=70 targetFps=-1.0 fxScale=1.00 adaptive=on isEmulator=1
04-26 15:48:05.424 I/MuMain  ( 5891): SDL mixer volume set: level=5 sdl=71
04-26 15:48:05.424 I/MuMain  ( 5891): FPS overlay enabled
04-26 15:48:05.424 I/MuMain  ( 5891): All systems initialized — entering main loop
04-26 15:48:05.424 I/MuMain  ( 5891): Window resized → drawable: 2268x1080
04-26 15:48:05.424 I/MuMain  ( 5891): CHATIME IME state changed focused=0 sdlTextInput=1
04-26 15:48:05.424 I/MuMain  ( 5891): WEBZEN: enter
04-26 15:48:05.426 W/GFXSTREAM( 5891): [GLESv2Validation.cpp(1217)] Error internal format: 0x4 is invalid.
04-26 15:48:05.426 E/GFXSTREAM( 5891): [GL2Encoder.cpp(2814)] GL error 0x501 condition [!GLESv2Validation::pixelFormat(ctx, internalformat) && !GLESv2Validation::pixelInternalFormat(internalformat)].
04-26 15:48:05.427 W/GFXSTREAM( 5891): [GLESv2Validation.cpp(1217)] Error internal format: 0x4 is invalid.
04-26 15:48:05.427 E/GFXSTREAM( 5891): [GL2Encoder.cpp(2814)] GL error 0x501 condition [!GLESv2Validation::pixelFormat(ctx, internalformat) && !GLESv2Validation::pixelInternalFormat(internalformat)].
04-26 15:48:05.428 W/GFXSTREAM( 5891): [GLESv2Validation.cpp(1217)] Error internal format: 0x4 is invalid.
04-26 15:48:05.428 E/GFXSTREAM( 5891): [GL2Encoder.cpp(2814)] GL error 0x501 condition [!GLESv2Validation::pixelFormat(ctx, internalformat) && !GLESv2Validation::pixelInternalFormat(internalformat)].
04-26 15:48:05.429 I/MuMain  ( 5891): WEBZEN: loading title bitmaps
04-26 15:48:05.429 W/GFXSTREAM( 5891): [GLESv2Validation.cpp(1217)] Error internal format: 0x3 is invalid.
04-26 15:48:05.430 E/GFXSTREAM( 5891): [GL2Encoder.cpp(2814)] GL error 0x501 condition [!GLESv2Validation::pixelFormat(ctx, internalformat) && !GLESv2Validation::pixelInternalFormat(internalformat)].
04-26 15:48:05.430 W/GFXSTREAM( 5891): [GLESv2Validation.cpp(1217)] Error internal format: 0x3 is invalid.
04-26 15:48:05.430 E/GFXSTREAM( 5891): [GL2Encoder.cpp(2814)] GL error 0x501 condition [!GLESv2Validation::pixelFormat(ctx, internalformat) && !GLESv2Validation::pixelInternalFormat(internalformat)].
04-26 15:48:05.431 W/GFXSTREAM( 5891): [GLESv2Validation.cpp(1217)] Error internal format: 0x4 is invalid.
04-26 15:48:05.431 E/GFXSTREAM( 5891): [GL2Encoder.cpp(2814)] GL error 0x501 condition [!GLESv2Validation::pixelFormat(ctx, internalformat) && !GLESv2Validation::pixelInternalFormat(internalformat)].
04-26 15:48:05.431 W/GFXSTREAM( 5891): [GLESv2Validation.cpp(1217)] Error internal format: 0x4 is invalid.
04-26 15:48:05.431 E/GFXSTREAM( 5891): [GL2Encoder.cpp(2814)] GL error 0x501 condition [!GLESv2Validation::pixelFormat(ctx, internalformat) && !GLESv2Validation::pixelInternalFormat(internalformat)].
04-26 15:48:05.431 W/GFXSTREAM( 5891): [GLESv2Validation.cpp(1217)] Error internal format: 0x4 is invalid.
04-26 15:48:05.432 E/GFXSTREAM( 5891): [GL2Encoder.cpp(2814)] GL error 0x501 condition [!GLESv2Validation::pixelFormat(ctx, internalformat) && !GLESv2Validation::pixelInternalFormat(internalformat)].
04-26 15:48:05.432 W/GFXSTREAM( 5891): [GLESv2Validation.cpp(1217)] Error internal format: 0x3 is invalid.
04-26 15:48:05.432 E/GFXSTREAM( 5891): [GL2Encoder.cpp(2814)] GL error 0x501 condition [!GLESv2Validation::pixelFormat(ctx, internalformat) && !GLESv2Validation::pixelInternalFormat(internalformat)].
04-26 15:48:05.432 W/GFXSTREAM( 5891): [GLESv2Validation.cpp(1217)] Error internal format: 0x3 is invalid.
04-26 15:48:05.432 E/GFXSTREAM( 5891): [GL2Encoder.cpp(2814)] GL error 0x501 condition [!GLESv2Validation::pixelFormat(ctx, internalformat) && !GLESv2Validation::pixelInternalFormat(internalformat)].
04-26 15:48:05.432 W/GFXSTREAM( 5891): [GLESv2Validation.cpp(1217)] Error internal format: 0x3 is invalid.
04-26 15:48:05.432 E/GFXSTREAM( 5891): [GL2Encoder.cpp(2814)] GL error 0x501 condition [!GLESv2Validation::pixelFormat(ctx, internalformat) && !GLESv2Validation::pixelInternalFormat(internalformat)].
04-26 15:48:05.432 W/GFXSTREAM( 5891): [GLESv2Validation.cpp(1217)] Error internal format: 0x3 is invalid.
04-26 15:48:05.432 E/GFXSTREAM( 5891): [GL2Encoder.cpp(2814)] GL error 0x501 condition [!GLESv2Validation::pixelFormat(ctx, internalformat) && !GLESv2Validation::pixelInternalFormat(internalformat)].
04-26 15:48:05.433 W/GFXSTREAM( 5891): [GLESv2Validation.cpp(1217)] Error internal format: 0x3 is invalid.
04-26 15:48:05.433 E/GFXSTREAM( 5891): [GL2Encoder.cpp(2814)] GL error 0x501 condition [!GLESv2Validation::pixelFormat(ctx, internalformat) && !GLESv2Validation::pixelInternalFormat(internalformat)].
04-26 15:48:05.433 W/GFXSTREAM( 5891): [GLESv2Validation.cpp(1217)] Error internal format: 0x3 is invalid.
04-26 15:48:05.433 E/GFXSTREAM( 5891): [GL2Encoder.cpp(2814)] GL error 0x501 condition [!GLESv2Validation::pixelFormat(ctx, internalformat) && !GLESv2Validation::pixelInternalFormat(internalformat)].
04-26 15:48:05.434 W/GFXSTREAM( 5891): [GLESv2Validation.cpp(1217)] Error internal format: 0x3 is invalid.
04-26 15:48:05.434 E/GFXSTREAM( 5891): [GL2Encoder.cpp(2814)] GL error 0x501 condition [!GLESv2Validation::pixelFormat(ctx, internalformat) && !GLESv2Validation::pixelInternalFormat(internalformat)].
04-26 15:48:05.434 W/GFXSTREAM( 5891): [GLESv2Validation.cpp(1217)] Error internal format: 0x3 is invalid.
04-26 15:48:05.434 E/GFXSTREAM( 5891): [GL2Encoder.cpp(2814)] GL error 0x501 condition [!GLESv2Validation::pixelFormat(ctx, internalformat) && !GLESv2Validation::pixelInternalFormat(internalformat)].
04-26 15:48:05.436 W/GFXSTREAM( 5891): [GLESv2Validation.cpp(1217)] Error internal format: 0x3 is invalid.
04-26 15:48:05.436 E/GFXSTREAM( 5891): [GL2Encoder.cpp(2814)] GL error 0x501 condition [!GLESv2Validation::pixelFormat(ctx, internalformat) && !GLESv2Validation::pixelInternalFormat(internalformat)].
04-26 15:48:05.436 W/GFXSTREAM( 5891): [GLESv2Validation.cpp(1217)] Error internal format: 0x4 is invalid.
04-26 15:48:05.436 E/GFXSTREAM( 5891): [GL2Encoder.cpp(2814)] GL error 0x501 condition [!GLESv2Validation::pixelFormat(ctx, internalformat) && !GLESv2Validation::pixelInternalFormat(internalformat)].
04-26 15:48:05.437 W/GFXSTREAM( 5891): [GLESv2Validation.cpp(1217)] Error internal format: 0x4 is invalid.
04-26 15:48:05.437 E/GFXSTREAM( 5891): [GL2Encoder.cpp(2814)] GL error 0x501 condition [!GLESv2Validation::pixelFormat(ctx, internalformat) && !GLESv2Validation::pixelInternalFormat(internalformat)].
04-26 15:48:05.437 W/GFXSTREAM( 5891): [GLESv2Validation.cpp(1217)] Error internal format: 0x4 is invalid.
04-26 15:48:05.437 E/GFXSTREAM( 5891): [GL2Encoder.cpp(2814)] GL error 0x501 condition [!GLESv2Validation::pixelFormat(ctx, internalformat) && !GLESv2Validation::pixelInternalFormat(internalformat)].
04-26 15:48:05.437 W/GFXSTREAM( 5891): [GLESv2Validation.cpp(1217)] Error internal format: 0x4 is invalid.
04-26 15:48:05.437 I/RanchuHwc(  521): logCompositionFallbackIfChanged: layer 55 CompositionType fallback from 2 to 1
04-26 15:48:05.437 E/GFXSTREAM( 5891): [GL2Encoder.cpp(2814)] GL error 0x501 condition [!GLESv2Validation::pixelFormat(ctx, internalformat) && !GLESv2Validation::pixelInternalFormat(internalformat)].
04-26 15:48:05.437 I/RanchuHwc(  521): logCompositionFallbackIfChanged: layer 54 CompositionType fallback from 2 to 1
04-26 15:48:05.437 I/RanchuHwc(  521): logCompositionFallbackIfChanged: layer 50 CompositionType fallback from 3 to 1
04-26 15:48:05.437 W/GFXSTREAM( 5891): [GLESv2Validation.cpp(1217)] Error internal format: 0x4 is invalid.
04-26 15:48:05.437 E/GFXSTREAM( 5891): [GL2Encoder.cpp(2814)] GL error 0x501 condition [!GLESv2Validation::pixelFormat(ctx, internalformat) && !GLESv2Validation::pixelInternalFormat(internalformat)].
04-26 15:48:05.437 I/MuMain  ( 5891): WEBZEN: OpenBasicData begin
04-26 15:48:05.437 I/MuMain  ( 5891): OPENBASIC: enter
04-26 15:48:05.438 W/skia    (  566): AGTM parsing failed flags.readFromStream(s) at 159
04-26 15:48:05.438 W/skia    (  566): AGTM parsing failed flags.readFromStream(s) at 159
04-26 15:48:05.438 W/skia    (  566): AGTM parsing failed flags.readFromStream(s) at 159
04-26 15:48:05.438 W/skia    (  566): AGTM parsing failed flags.readFromStream(s) at 159
04-26 15:48:05.438 W/skia    (  566): AGTM parsing failed flags.readFromStream(s) at 159
04-26 15:48:05.439 W/GFXSTREAM( 5891): [GLESv2Validation.cpp(1217)] Error internal format: 0x4 is invalid.
04-26 15:48:05.439 E/GFXSTREAM( 5891): [GL2Encoder.cpp(2814)] GL error 0x501 condition [!GLESv2Validation::pixelFormat(ctx, internalformat) && !GLESv2Validation::pixelInternalFormat(internalformat)].
04-26 15:48:05.439 W/GFXSTREAM( 5891): [GLESv2Validation.cpp(1217)] Error internal format: 0x4 is invalid.
04-26 15:48:05.439 E/GFXSTREAM( 5891): [GL2Encoder.cpp(2814)] GL error 0x501 condition [!GLESv2Validation::pixelFormat(ctx, internalformat) && !GLESv2Validation::pixelInternalFormat(internalformat)].
04-26 15:48:05.439 W/GFXSTREAM( 5891): [GLESv2Validation.cpp(1217)] Error internal format: 0x4 is invalid.
04-26 15:48:05.440 E/GFXSTREAM( 5891): [GL2Encoder.cpp(2814)] GL error 0x501 condition [!GLESv2Validation::pixelFormat(ctx, internalformat) && !GLESv2Validation::pixelInternalFormat(internalformat)].
04-26 15:48:05.440 W/GFXSTREAM( 5891): [GLESv2Validation.cpp(1217)] Error internal format: 0x4 is invalid.
04-26 15:48:05.440 E/GFXSTREAM( 5891): [GL2Encoder.cpp(2814)] GL error 0x501 condition [!GLESv2Validation::pixelFormat(ctx, internalformat) && !GLESv2Validation::pixelInternalFormat(internalformat)].
04-26 15:48:05.440 W/GFXSTREAM( 5891): [GLESv2Validation.cpp(1217)] Error internal format: 0x4 is invalid.
04-26 15:48:05.440 E/GFXSTREAM( 5891): [GL2Encoder.cpp(2814)] GL error 0x501 condition [!GLESv2Validation::pixelFormat(ctx, internalformat) && !GLESv2Validation::pixelInternalFormat(internalformat)].
04-26 15:48:05.440 W/GFXSTREAM( 5891): [GLESv2Validation.cpp(1217)] Error internal format: 0x4 is invalid.
04-26 15:48:05.440 E/GFXSTREAM( 5891): [GL2Encoder.cpp(2814)] GL error 0x501 condition [!GLESv2Validation::pixelFormat(ctx, internalformat) && !GLESv2Validation::pixelInternalFormat(internalformat)].
04-26 15:48:05.440 W/GFXSTREAM( 5891): [GLESv2Validation.cpp(1217)] Error internal format: 0x4 is invalid.
04-26 15:48:05.441 E/GFXSTREAM( 5891): [GL2Encoder.cpp(2814)] GL error 0x501 condition [!GLESv2Validation::pixelFormat(ctx, internalformat) && !GLESv2Validation::pixelInternalFormat(internalformat)].
04-26 15:48:05.441 W/GFXSTREAM( 5891): [GLESv2Validation.cpp(1217)] Error internal format: 0x4 is invalid.
04-26 15:48:05.441 E/GFXSTREAM( 5891): [GL2Encoder.cpp(2814)] GL error 0x501 condition [!GLESv2Validation::pixelFormat(ctx, internalformat) && !GLESv2Validation::pixelInternalFormat(internalformat)].
04-26 15:48:05.441 W/GFXSTREAM( 5891): [GLESv2Validation.cpp(1217)] Error internal format: 0x4 is invalid.
04-26 15:48:05.441 E/GFXSTREAM( 5891): [GL2Encoder.cpp(2814)] GL error 0x501 condition [!GLESv2Validation::pixelFormat(ctx, internalformat) && !GLESv2Validation::pixelInternalFormat(internalformat)].
04-26 15:48:05.441 W/GFXSTREAM( 5891): [GLESv2Validation.cpp(1217)] Error internal format: 0x3 is invalid.
04-26 15:48:05.441 E/GFXSTREAM( 5891): [GL2Encoder.cpp(2814)] GL error 0x501 condition [!GLESv2Validation::pixelFormat(ctx, internalformat) && !GLESv2Validation::pixelInternalFormat(internalformat)].
04-26 15:48:05.441 W/GFXSTREAM( 5891): [GLESv2Validation.cpp(1217)] Error internal format: 0x3 is invalid.
04-26 15:48:05.441 E/GFXSTREAM( 5891): [GL2Encoder.cpp(2814)] GL error 0x501 condition [!GLESv2Validation::pixelFormat(ctx, internalformat) && !GLESv2Validation::pixelInternalFormat(internalformat)].
04-26 15:48:05.442 V/SDL     ( 5891): onWindowFocusChanged(): true
04-26 15:48:05.442 W/GFXSTREAM( 5891): [GLESv2Validation.cpp(1217)] Error internal format: 0x3 is invalid.
04-26 15:48:05.442 V/SDL     ( 5891): nativeFocusChanged()
04-26 15:48:05.442 E/GFXSTREAM( 5891): [GL2Encoder.cpp(2814)] GL error 0x501 condition [!GLESv2Validation::pixelFormat(ctx, internalformat) && !GLESv2Validation::pixelInternalFormat(internalformat)].
04-26 15:48:05.442 W/GFXSTREAM( 5891): [GLESv2Validation.cpp(1217)] Error internal format: 0x3 is invalid.
04-26 15:48:05.442 E/GFXSTREAM( 5891): [GL2Encoder.cpp(2814)] GL error 0x501 condition [!GLESv2Validation::pixelFormat(ctx, internalformat) && !GLESv2Validation::pixelInternalFormat(internalformat)].
04-26 15:48:05.442 W/GFXSTREAM( 5891): [GLESv2Validation.cpp(1217)] Error internal format: 0x3 is invalid.
04-26 15:48:05.442 E/GFXSTREAM( 5891): [GL2Encoder.cpp(2814)] GL error 0x501 condition [!GLESv2Validation::pixelFormat(ctx, internalformat) && !GLESv2Validation::pixelInternalFormat(internalformat)].
04-26 15:48:05.442 W/GFXSTREAM( 5891): [GLESv2Validation.cpp(1217)] Error internal format: 0x4 is invalid.
04-26 15:48:05.442 E/GFXSTREAM( 5891): [GL2Encoder.cpp(2814)] GL error 0x501 condition [!GLESv2Validation::pixelFormat(ctx, internalformat) && !GLESv2Validation::pixelInternalFormat(internalformat)].
04-26 15:48:05.442 W/GFXSTREAM( 5891): [GLESv2Validation.cpp(1217)] Error internal format: 0x3 is invalid.
04-26 15:48:05.442 E/GFXSTREAM( 5891): [GL2Encoder.cpp(2814)] GL error 0x501 condition [!GLESv2Validation::pixelFormat(ctx, internalformat) && !GLESv2Validation::pixelInternalFormat(internalformat)].
04-26 15:48:05.443 W/GFXSTREAM( 5891): [GLESv2Validation.cpp(1217)] Error internal format: 0x4 is invalid.
04-26 15:48:05.443 E/GFXSTREAM( 5891): [GL2Encoder.cpp(2814)] GL error 0x501 condition [!GLESv2Validation::pixelFormat(ctx, internalformat) && !GLESv2Validation::pixelInternalFormat(internalformat)].
04-26 15:48:05.443 W/GFXSTREAM( 5891): [GLESv2Validation.cpp(1217)] Error internal format: 0x3 is invalid.
04-26 15:48:05.443 E/GFXSTREAM( 5891): [GL2Encoder.cpp(2814)] GL error 0x501 condition [!GLESv2Validation::pixelFormat(ctx, internalformat) && !GLESv2Validation::pixelInternalFormat(internalformat)].
04-26 15:48:05.444 W/GFXSTREAM( 5891): [GLESv2Validation.cpp(1217)] Error internal format: 0x4 is invalid.
04-26 15:48:05.444 I/ImeTracker(  736): com.muonline.client:8458816b: onRequestHide at ORIGIN_SERVER reason HIDE_UNSPECIFIED_WINDOW fromUser false userId 0 displayId 0
04-26 15:48:05.444 E/GFXSTREAM( 5891): [GL2Encoder.cpp(2814)] GL error 0x501 condition [!GLESv2Validation::pixelFormat(ctx, internalformat) && !GLESv2Validation::pixelInternalFormat(internalformat)].
04-26 15:48:05.444 W/GFXSTREAM( 5891): [GLESv2Validation.cpp(1217)] Error internal format: 0x4 is invalid.
04-26 15:48:05.444 D/InsetsController( 5891): hide(ime())
04-26 15:48:05.444 E/GFXSTREAM( 5891): [GL2Encoder.cpp(2814)] GL error 0x501 condition [!GLESv2Validation::pixelFormat(ctx, internalformat) && !GLESv2Validation::pixelInternalFormat(internalformat)].
04-26 15:48:05.444 I/ImeTracker( 5891): com.muonline.client:8458816b: onCancelled at PHASE_CLIENT_ALREADY_HIDDEN
04-26 15:48:05.444 W/GFXSTREAM( 5891): [GLESv2Validation.cpp(1217)] Error internal format: 0x4 is invalid.
04-26 15:48:05.444 E/GFXSTREAM( 5891): [GL2Encoder.cpp(2814)] GL error 0x501 condition [!GLESv2Validation::pixelFormat(ctx, internalformat) && !GLESv2Validation::pixelInternalFormat(internalformat)].
04-26 15:48:05.445 W/GFXSTREAM( 5891): [GLESv2Validation.cpp(1217)] Error internal format: 0x3 is invalid.
04-26 15:48:05.445 E/GFXSTREAM( 5891): [GL2Encoder.cpp(2814)] GL error 0x501 condition [!GLESv2Validation::pixelFormat(ctx, internalformat) && !GLESv2Validation::pixelInternalFormat(internalformat)].
04-26 15:48:05.445 W/GFXSTREAM( 5891): [GLESv2Validation.cpp(1217)] Error internal format: 0x3 is invalid.
04-26 15:48:05.445 E/GFXSTREAM( 5891): [GL2Encoder.cpp(2814)] GL error 0x501 condition [!GLESv2Validation::pixelFormat(ctx, internalformat) && !GLESv2Validation::pixelInternalFormat(internalformat)].
04-26 15:48:05.445 W/InputChannel-JNI(  736): Channel already disposed.
04-26 15:48:05.446 W/GFXSTREAM( 5891): [GLESv2Validation.cpp(1217)] Error internal format: 0x3 is invalid.
04-26 15:48:05.446 E/GFXSTREAM( 5891): [GL2Encoder.cpp(2814)] GL error 0x501 condition [!GLESv2Validation::pixelFormat(ctx, internalformat) && !GLESv2Validation::pixelInternalFormat(internalformat)].
04-26 15:48:05.446 W/GFXSTREAM( 5891): [GLESv2Validation.cpp(1217)] Error internal format: 0x4 is invalid.
04-26 15:48:05.446 E/GFXSTREAM( 5891): [GL2Encoder.cpp(2814)] GL error 0x501 condition [!GLESv2Validation::pixelFormat(ctx, internalformat) && !GLESv2Validation::pixelInternalFormat(internalformat)].
04-26 15:48:05.446 I/GoogleInputMethodService( 4105): GoogleInputMethodService.onFinishInput():2113 
04-26 15:48:05.446 W/GFXSTREAM( 5891): [GLESv2Validation.cpp(1217)] Error internal format: 0x3 is invalid.
04-26 15:48:05.446 E/GFXSTREAM( 5891): [GL2Encoder.cpp(2814)] GL error 0x501 condition [!GLESv2Validation::pixelFormat(ctx, internalformat) && !GLESv2Validation::pixelInternalFormat(internalformat)].
04-26 15:48:05.446 W/GFXSTREAM( 5891): [GLESv2Validation.cpp(1217)] Error internal format: 0x4 is invalid.
04-26 15:48:05.446 E/GFXSTREAM( 5891): [GL2Encoder.cpp(2814)] GL error 0x501 condition [!GLESv2Validation::pixelFormat(ctx, internalformat) && !GLESv2Validation::pixelInternalFormat(internalformat)].
04-26 15:48:05.446 W/GFXSTREAM( 5891): [GLESv2Validation.cpp(1217)] Error internal format: 0x3 is invalid.
04-26 15:48:05.447 I/Module  ( 4105): DeviceLockedStatusModuleProvider$Module.updateDeviceLockedStatus():103 repeatCheckTimes = 0, locked = false
04-26 15:48:05.447 E/GFXSTREAM( 5891): [GL2Encoder.cpp(2814)] GL error 0x501 condition [!GLESv2Validation::pixelFormat(ctx, internalformat) && !GLESv2Validation::pixelInternalFormat(internalformat)].
04-26 15:48:05.447 W/GFXSTREAM( 5891): [GLESv2Validation.cpp(1217)] Error internal format: 0x3 is invalid.
04-26 15:48:05.447 I/ImeTracker(  736): system_server:9fbb2bf6: onRequestHide at ORIGIN_SERVER reason IME_REQUESTED_CHANGED_LISTENER fromUser false displayId 0
04-26 15:48:05.447 E/GFXSTREAM( 5891): [GL2Encoder.cpp(2814)] GL error 0x501 condition [!GLESv2Validation::pixelFormat(ctx, internalformat) && !GLESv2Validation::pixelInternalFormat(internalformat)].
04-26 15:48:05.447 W/GFXSTREAM( 5891): [GLESv2Validation.cpp(1217)] Error internal format: 0x3 is invalid.
04-26 15:48:05.447 E/GFXSTREAM( 5891): [GL2Encoder.cpp(2814)] GL error 0x501 condition [!GLESv2Validation::pixelFormat(ctx, internalformat) && !GLESv2Validation::pixelInternalFormat(internalformat)].
04-26 15:48:05.448 I/ImeTracker(  736): system_server:9fbb2bf6: onCancelled at PHASE_SERVER_SHOULD_HIDE
04-26 15:48:05.449 W/GFXSTREAM( 5891): [GLESv2Validation.cpp(1217)] Error internal format: 0x3 is invalid.
04-26 15:48:05.449 E/GFXSTREAM( 5891): [GL2Encoder.cpp(2814)] GL error 0x501 condition [!GLESv2Validation::pixelFormat(ctx, internalformat) && !GLESv2Validation::pixelInternalFormat(internalformat)].
04-26 15:48:05.449 I/GoogleInputMethodService( 4105): GoogleInputMethodService.onStartInput():1384 onStartInput(EditorInfo{EditorInfo{packageName=com.muonline.client, inputType=0, inputTypeString=NULL, enableLearning=false, autoCorrection=false, autoComplete=false, imeOptions=0, privateImeOptions=null, actionName=UNSPECIFIED, actionLabel=null, initialSelStart=-1, initialSelEnd=-1, initialCapsMode=0, label=null, fieldId=0, fieldName=null, extras=null, hintText=null, hintLocales=[]}}, false)
04-26 15:48:05.449 W/GFXSTREAM( 5891): [GLESv2Validation.cpp(1217)] Error internal format: 0x3 is invalid.
04-26 15:48:05.449 E/GFXSTREAM( 5891): [GL2Encoder.cpp(2814)] GL error 0x501 condition [!GLESv2Validation::pixelFormat(ctx, internalformat) && !GLESv2Validation::pixelInternalFormat(internalformat)].
04-26 15:48:05.449 W/GFXSTREAM( 5891): [GLESv2Validation.cpp(1217)] Error internal format: 0x3 is invalid.
04-26 15:48:05.449 E/GFXSTREAM( 5891): [GL2Encoder.cpp(2814)] GL error 0x501 condition [!GLESv2Validation::pixelFormat(ctx, internalformat) && !GLESv2Validation::pixelInternalFormat(internalformat)].
04-26 15:48:05.449 W/AndroidIME( 4105): LatinIMEBase.updateInputViewCoverNavigation():319 Null input view, cannot update padding!
04-26 15:48:05.449 W/GFXSTREAM( 5891): [GLESv2Validation.cpp(1217)] Error internal format: 0x3 is invalid.
04-26 15:48:05.450 E/GFXSTREAM( 5891): [GL2Encoder.cpp(2814)] GL error 0x501 condition [!GLESv2Validation::pixelFormat(ctx, internalformat) && !GLESv2Validation::pixelInternalFormat(internalformat)].
04-26 15:48:05.450 W/GFXSTREAM( 5891): [GLESv2Validation.cpp(1217)] Error internal format: 0x3 is invalid.
04-26 15:48:05.450 E/GFXSTREAM( 5891): [GL2Encoder.cpp(2814)] GL error 0x501 condition [!GLESv2Validation::pixelFormat(ctx, internalformat) && !GLESv2Validation::pixelInternalFormat(internalformat)].
04-26 15:48:05.450 W/GFXSTREAM( 5891): [GLESv2Validation.cpp(1217)] Error internal format: 0x3 is invalid.
04-26 15:48:05.450 E/GFXSTREAM( 5891): [GL2Encoder.cpp(2814)] GL error 0x501 condition [!GLESv2Validation::pixelFormat(ctx, internalformat) && !GLESv2Validation::pixelInternalFormat(internalformat)].
04-26 15:48:05.451 I/Module  ( 4105): DeviceLockedStatusModuleProvider$Module.updateDeviceLockedStatus():103 repeatCheckTimes = 1, locked = false
04-26 15:48:05.451 W/GFXSTREAM( 5891): [GLESv2Validation.cpp(1217)] Error internal format: 0x4 is invalid.
04-26 15:48:05.451 E/GFXSTREAM( 5891): [GL2Encoder.cpp(2814)] GL error 0x501 condition [!GLESv2Validation::pixelFormat(ctx, internalformat) && !GLESv2Validation::pixelInternalFormat(internalformat)].
04-26 15:48:05.451 W/GFXSTREAM( 5891): [GLESv2Validation.cpp(1217)] Error internal format: 0x3 is invalid.
04-26 15:48:05.452 E/GFXSTREAM( 5891): [GL2Encoder.cpp(2814)] GL error 0x501 condition [!GLESv2Validation::pixelFormat(ctx, internalformat) && !GLESv2Validation::pixelInternalFormat(internalformat)].
04-26 15:48:05.453 W/GFXSTREAM( 5891): [GLESv2Validation.cpp(1217)] Error internal format: 0x3 is invalid.
04-26 15:48:05.453 E/GFXSTREAM( 5891): [GL2Encoder.cpp(2814)] GL error 0x501 condition [!GLESv2Validation::pixelFormat(ctx, internalformat) && !GLESv2Validation::pixelInternalFormat(internalformat)].
04-26 15:48:05.453 W/PackageConfigPersister(  736): App-specific configuration not found for packageName: com.muonline.client and userId: 0
04-26 15:48:05.454 W/skia    (  566): AGTM parsing failed flags.readFromStream(s) at 159
04-26 15:48:05.454 W/skia    (  566): AGTM parsing failed flags.readFromStream(s) at 159
04-26 15:48:05.454 W/skia    (  566): AGTM parsing failed flags.readFromStream(s) at 159
04-26 15:48:05.454 W/GFXSTREAM( 5891): [GLESv2Validation.cpp(1217)] Error internal format: 0x3 is invalid.
04-26 15:48:05.454 E/GFXSTREAM( 5891): [GL2Encoder.cpp(2814)] GL error 0x501 condition [!GLESv2Validation::pixelFormat(ctx, internalformat) && !GLESv2Validation::pixelInternalFormat(internalformat)].
04-26 15:48:05.454 W/skia    (  566): AGTM parsing failed flags.readFromStream(s) at 159
04-26 15:48:05.454 W/skia    (  566): AGTM parsing failed flags.readFromStream(s) at 159
04-26 15:48:05.454 W/GFXSTREAM( 5891): [GLESv2Validation.cpp(1217)] Error internal format: 0x3 is invalid.
04-26 15:48:05.454 E/GFXSTREAM( 5891): [GL2Encoder.cpp(2814)] GL error 0x501 condition [!GLESv2Validation::pixelFormat(ctx, internalformat) && !GLESv2Validation::pixelInternalFormat(internalformat)].
04-26 15:48:05.455 W/GFXSTREAM( 5891): [GLESv2Validation.cpp(1217)] Error internal format: 0x3 is invalid.
04-26 15:48:05.455 E/GFXSTREAM( 5891): [GL2Encoder.cpp(2814)] GL error 0x501 condition [!GLESv2Validation::pixelFormat(ctx, internalformat) && !GLESv2Validation::pixelInternalFormat(internalformat)].
04-26 15:48:05.455 W/GFXSTREAM( 5891): [GLESv2Validation.cpp(1217)] Error internal format: 0x3 is invalid.
04-26 15:48:05.456 E/GFXSTREAM( 5891): [GL2Encoder.cpp(2814)] GL error 0x501 condition [!GLESv2Validation::pixelFormat(ctx, internalformat) && !GLESv2Validation::pixelInternalFormat(internalformat)].
04-26 15:48:05.456 W/GFXSTREAM( 5891): [GLESv2Validation.cpp(1217)] Error internal format: 0x4 is invalid.
04-26 15:48:05.456 E/GFXSTREAM( 5891): [GL2Encoder.cpp(2814)] GL error 0x501 condition [!GLESv2Validation::pixelFormat(ctx, internalformat) && !GLESv2Validation::pixelInternalFormat(internalformat)].
04-26 15:48:05.456 W/GFXSTREAM( 5891): [GLESv2Validation.cpp(1217)] Error internal format: 0x4 is invalid.
04-26 15:48:05.456 E/GFXSTREAM( 5891): [GL2Encoder.cpp(2814)] GL error 0x501 condition [!GLESv2Validation::pixelFormat(ctx, internalformat) && !GLESv2Validation::pixelInternalFormat(internalformat)].
04-26 15:48:05.457 W/GFXSTREAM( 5891): [GLESv2Validation.cpp(1217)] Error internal format: 0x3 is invalid.
04-26 15:48:05.457 E/GFXSTREAM( 5891): [GL2Encoder.cpp(2814)] GL error 0x501 condition [!GLESv2Validation::pixelFormat(ctx, internalformat) && !GLESv2Validation::pixelInternalFormat(internalformat)].
04-26 15:48:05.457 W/GFXSTREAM( 5891): [GLESv2Validation.cpp(1217)] Error internal format: 0x3 is invalid.
04-26 15:48:05.457 E/GFXSTREAM( 5891): [GL2Encoder.cpp(2814)] GL error 0x501 condition [!GLESv2Validation::pixelFormat(ctx, internalformat) && !GLESv2Validation::pixelInternalFormat(internalformat)].
04-26 15:48:05.457 W/GFXSTREAM( 5891): [GLESv2Validation.cpp(1217)] Error internal format: 0x3 is invalid.
04-26 15:48:05.457 E/GFXSTREAM( 5891): [GL2Encoder.cpp(2814)] GL error 0x501 condition [!GLESv2Validation::pixelFormat(ctx, internalformat) && !GLESv2Validation::pixelInternalFormat(internalformat)].
04-26 15:48:05.458 W/GFXSTREAM( 5891): [GLESv2Validation.cpp(1217)] Error internal format: 0x3 is invalid.
04-26 15:48:05.458 E/GFXSTREAM( 5891): [GL2Encoder.cpp(2814)] GL error 0x501 condition [!GLESv2Validation::pixelFormat(ctx, internalformat) && !GLESv2Validation::pixelInternalFormat(internalformat)].
04-26 15:48:05.458 W/GFXSTREAM( 5891): [GLESv2Validation.cpp(1217)] Error internal format: 0x3 is invalid.
04-26 15:48:05.458 E/GFXSTREAM( 5891): [GL2Encoder.cpp(2814)] GL error 0x501 condition [!GLESv2Validation::pixelFormat(ctx, internalformat) && !GLESv2Validation::pixelInternalFormat(internalformat)].
04-26 15:48:05.458 W/GFXSTREAM( 5891): [GLESv2Validation.cpp(1217)] Error internal format: 0x3 is invalid.
04-26 15:48:05.458 E/GFXSTREAM( 5891): [GL2Encoder.cpp(2814)] GL error 0x501 condition [!GLESv2Validation::pixelFormat(ctx, internalformat) && !GLESv2Validation::pixelInternalFormat(internalformat)].
04-26 15:48:05.458 W/GFXSTREAM( 5891): [GLESv2Validation.cpp(1217)] Error internal format: 0x3 is invalid.
04-26 15:48:05.458 E/GFXSTREAM( 5891): [GL2Encoder.cpp(2814)] GL error 0x501 condition [!GLESv2Validation::pixelFormat(ctx, internalformat) && !GLESv2Validation::pixelInternalFormat(internalformat)].
04-26 15:48:05.459 W/GFXSTREAM( 5891): [GLESv2Validation.cpp(1217)] Error internal format: 0x3 is invalid.
04-26 15:48:05.459 E/GFXSTREAM( 5891): [GL2Encoder.cpp(2814)] GL error 0x501 condition [!GLESv2Validation::pixelFormat(ctx, internalformat) && !GLESv2Validation::pixelInternalFormat(internalformat)].
04-26 15:48:05.459 W/GFXSTREAM( 5891): [GLESv2Validation.cpp(1217)] Error internal format: 0x3 is invalid.
04-26 15:48:05.459 E/GFXSTREAM( 5891): [GL2Encoder.cpp(2814)] GL error 0x501 condition [!GLESv2Validation::pixelFormat(ctx, internalformat) && !GLESv2Validation::pixelInternalFormat(internalformat)].
04-26 15:48:05.459 W/GFXSTREAM( 5891): [GLESv2Validation.cpp(1217)] Error internal format: 0x3 is invalid.
04-26 15:48:05.460 E/GFXSTREAM( 5891): [GL2Encoder.cpp(2814)] GL error 0x501 condition [!GLESv2Validation::pixelFormat(ctx, internalformat) && !GLESv2Validation::pixelInternalFormat(internalformat)].
04-26 15:48:05.460 W/GFXSTREAM( 5891): [GLESv2Validation.cpp(1217)] Error internal format: 0x3 is invalid.
04-26 15:48:05.460 E/GFXSTREAM( 5891): [GL2Encoder.cpp(2814)] GL error 0x501 condition [!GLESv2Validation::pixelFormat(ctx, internalformat) && !GLESv2Validation::pixelInternalFormat(internalformat)].
04-26 15:48:05.460 W/GFXSTREAM( 5891): [GLESv2Validation.cpp(1217)] Error internal format: 0x4 is invalid.
04-26 15:48:05.460 E/GFXSTREAM( 5891): [GL2Encoder.cpp(2814)] GL error 0x501 condition [!GLESv2Validation::pixelFormat(ctx, internalformat) && !GLESv2Validation::pixelInternalFormat(internalformat)].
04-26 15:48:05.460 W/GFXSTREAM( 5891): [GLESv2Validation.cpp(1217)] Error internal format: 0x4 is invalid.
04-26 15:48:05.460 E/GFXSTREAM( 5891): [GL2Encoder.cpp(2814)] GL error 0x501 condition [!GLESv2Validation::pixelFormat(ctx, internalformat) && !GLESv2Validation::pixelInternalFormat(internalformat)].
04-26 15:48:05.460 W/GFXSTREAM( 5891): [GLESv2Validation.cpp(1217)] Error internal format: 0x4 is invalid.
04-26 15:48:05.460 E/GFXSTREAM( 5891): [GL2Encoder.cpp(2814)] GL error 0x501 condition [!GLESv2Validation::pixelFormat(ctx, internalformat) && !GLESv2Validation::pixelInternalFormat(internalformat)].
04-26 15:48:05.461 W/GFXSTREAM( 5891): [GLESv2Validation.cpp(1217)] Error internal format: 0x4 is invalid.
04-26 15:48:05.461 E/GFXSTREAM( 5891): [GL2Encoder.cpp(2814)] GL error 0x501 condition [!GLESv2Validation::pixelFormat(ctx, internalformat) && !GLESv2Validation::pixelInternalFormat(internalformat)].
04-26 15:48:05.461 W/GFXSTREAM( 5891): [GLESv2Validation.cpp(1217)] Error internal format: 0x3 is invalid.
04-26 15:48:05.461 E/GFXSTREAM( 5891): [GL2Encoder.cpp(2814)] GL error 0x501 condition [!GLESv2Validation::pixelFormat(ctx, internalformat) && !GLESv2Validation::pixelInternalFormat(internalformat)].
04-26 15:48:05.461 W/GFXSTREAM( 5891): [GLESv2Validation.cpp(1217)] Error internal format: 0x3 is invalid.
04-26 15:48:05.461 E/GFXSTREAM( 5891): [GL2Encoder.cpp(2814)] GL error 0x501 condition [!GLESv2Validation::pixelFormat(ctx, internalformat) && !GLESv2Validation::pixelInternalFormat(internalformat)].
04-26 15:48:05.461 W/GFXSTREAM( 5891): [GLESv2Validation.cpp(1217)] Error internal format: 0x3 is invalid.
04-26 15:48:05.461 E/GFXSTREAM( 5891): [GL2Encoder.cpp(2814)] GL error 0x501 condition [!GLESv2Validation::pixelFormat(ctx, internalformat) && !GLESv2Validation::pixelInternalFormat(internalformat)].
04-26 15:48:05.461 W/GFXSTREAM( 5891): [GLESv2Validation.cpp(1217)] Error internal format: 0x3 is invalid.
04-26 15:48:05.461 E/GFXSTREAM( 5891): [GL2Encoder.cpp(2814)] GL error 0x501 condition [!GLESv2Validation::pixelFormat(ctx, internalformat) && !GLESv2Validation::pixelInternalFormat(internalformat)].
04-26 15:48:05.461 W/GFXSTREAM( 5891): [GLESv2Validation.cpp(1217)] Error internal format: 0x3 is invalid.
04-26 15:48:05.462 E/GFXSTREAM( 5891): [GL2Encoder.cpp(2814)] GL error 0x501 condition [!GLESv2Validation::pixelFormat(ctx, internalformat) && !GLESv2Validation::pixelInternalFormat(internalformat)].
04-26 15:48:05.462 W/GFXSTREAM( 5891): [GLESv2Validation.cpp(1217)] Error internal format: 0x3 is invalid.
04-26 15:48:05.462 E/GFXSTREAM( 5891): [GL2Encoder.cpp(2814)] GL error 0x501 condition [!GLESv2Validation::pixelFormat(ctx, internalformat) && !GLESv2Validation::pixelInternalFormat(internalformat)].
04-26 15:48:05.462 W/GFXSTREAM( 5891): [GLESv2Validation.cpp(1217)] Error internal format: 0x3 is invalid.
04-26 15:48:05.462 E/GFXSTREAM( 5891): [GL2Encoder.cpp(2814)] GL error 0x501 condition [!GLESv2Validation::pixelFormat(ctx, internalformat) && !GLESv2Validation::pixelInternalFormat(internalformat)].
04-26 15:48:05.462 W/GFXSTREAM( 5891): [GLESv2Validation.cpp(1217)] Error internal format: 0x3 is invalid.
04-26 15:48:05.462 E/GFXSTREAM( 5891): [GL2Encoder.cpp(2814)] GL error 0x501 condition [!GLESv2Validation::pixelFormat(ctx, internalformat) && !GLESv2Validation::pixelInternalFormat(internalformat)].
04-26 15:48:05.462 W/GFXSTREAM( 5891): [GLESv2Validation.cpp(1217)] Error internal format: 0x4 is invalid.
04-26 15:48:05.462 E/GFXSTREAM( 5891): [GL2Encoder.cpp(2814)] GL error 0x501 condition [!GLESv2Validation::pixelFormat(ctx, internalformat) && !GLESv2Validation::pixelInternalFormat(internalformat)].
04-26 15:48:05.462 W/GFXSTREAM( 5891): [GLESv2Validation.cpp(1217)] Error internal format: 0x3 is invalid.
04-26 15:48:05.462 E/GFXSTREAM( 5891): [GL2Encoder.cpp(2814)] GL error 0x501 condition [!GLESv2Validation::pixelFormat(ctx, internalformat) && !GLESv2Validation::pixelInternalFormat(internalformat)].
04-26 15:48:05.463 W/GFXSTREAM( 5891): [GLESv2Validation.cpp(1217)] Error internal format: 0x3 is invalid.
04-26 15:48:05.463 E/GFXSTREAM( 5891): [GL2Encoder.cpp(2814)] GL error 0x501 condition [!GLESv2Validation::pixelFormat(ctx, internalformat) && !GLESv2Validation::pixelInternalFormat(internalformat)].
04-26 15:48:05.463 W/GFXSTREAM( 5891): [GLESv2Validation.cpp(1217)] Error internal format: 0x3 is invalid.
04-26 15:48:05.463 E/GFXSTREAM( 5891): [GL2Encoder.cpp(2814)] GL error 0x501 condition [!GLESv2Validation::pixelFormat(ctx, internalformat) && !GLESv2Validation::pixelInternalFormat(internalformat)].
04-26 15:48:05.463 W/GFXSTREAM( 5891): [GLESv2Validation.cpp(1217)] Error internal format: 0x3 is invalid.
04-26 15:48:05.463 E/GFXSTREAM( 5891): [GL2Encoder.cpp(2814)] GL error 0x501 condition [!GLESv2Validation::pixelFormat(ctx, internalformat) && !GLESv2Validation::pixelInternalFormat(internalformat)].
04-26 15:48:05.463 W/GFXSTREAM( 5891): [GLESv2Validation.cpp(1217)] Error internal format: 0x3 is invalid.
04-26 15:48:05.463 E/GFXSTREAM( 5891): [GL2Encoder.cpp(2814)] GL error 0x501 condition [!GLESv2Validation::pixelFormat(ctx, internalformat) && !GLESv2Validation::pixelInternalFormat(internalformat)].
04-26 15:48:05.463 W/GFXSTREAM( 5891): [GLESv2Validation.cpp(1217)] Error internal format: 0x3 is invalid.
04-26 15:48:05.463 E/GFXSTREAM( 5891): [GL2Encoder.cpp(2814)] GL error 0x501 condition [!GLESv2Validation::pixelFormat(ctx, internalformat) && !GLESv2Validation::pixelInternalFormat(internalformat)].
04-26 15:48:05.464 W/GFXSTREAM( 5891): [GLESv2Validation.cpp(1217)] Error internal format: 0x3 is invalid.
04-26 15:48:05.464 E/GFXSTREAM( 5891): [GL2Encoder.cpp(2814)] GL error 0x501 condition [!GLESv2Validation::pixelFormat(ctx, internalformat) && !GLESv2Validation::pixelInternalFormat(internalformat)].
04-26 15:48:05.464 W/GFXSTREAM( 5891): [GLESv2Validation.cpp(1217)] Error internal format: 0x3 is invalid.
04-26 15:48:05.464 E/GFXSTREAM( 5891): [GL2Encoder.cpp(2814)] GL error 0x501 condition [!GLESv2Validation::pixelFormat(ctx, internalformat) && !GLESv2Validation::pixelInternalFormat(internalformat)].
04-26 15:48:05.464 W/GFXSTREAM( 5891): [GLESv2Validation.cpp(1217)] Error internal format: 0x3 is invalid.
