04-26 23:09:34.504   566   616 W skia    : AGTM parsing failed flags.readFromStream(s) at 159
04-26 23:09:34.504   566   616 W skia    : AGTM parsing failed flags.readFromStream(s) at 159
04-26 23:09:34.504  1174  1361 I BluetoothAdapterProperties: getBondedDevices: length=0
04-26 23:09:34.505   736   835 E AppOps  : attributionTag  not declared in manifest of com.muonline.client
04-26 23:09:34.505 26043 26121 I MuMain  : INIT: alloc CharacterMachine
04-26 23:09:34.505 26043 26121 I MuMain  : INIT: CharacterMachine->Init()
04-26 23:09:34.505 26043 26121 I MuMain  : INIT: new UI objects
04-26 23:09:34.506 26043 26121 I MuMain  : INIT: BuffStateSystem::Make()
04-26 23:09:34.506 26043 26121 I MuMain  : INIT: MapProcess::Make()
04-26 23:09:34.506 26043 26121 I MuMain  : INIT: PetProcess::Make()
04-26 23:09:34.506 26043 26121 I MuMain  : INIT: CUIMng::Create()
04-26 23:09:34.506 26043 26121 I MuMain  : INIT: g_pNewUISystem->Create()
04-26 23:09:34.508  1174  1174 W MediaControlGattService: Feature TRACK_POSITION support: true
04-26 23:09:34.508  1174  1174 W MediaControlGattService: Feature TRACK_POSITION_NOTIFY support: true
04-26 23:09:34.508  1174  1174 W MediaControlGattService: Feature MEDIA_STATE support: true
04-26 23:09:34.510  1174  1361 I BluetoothAdapterProperties: getBondedDevices: length=0
04-26 23:09:34.511  1174  1174 W MediaControlGattService: Feature MEDIA_CONTROL_POINT_OPCODES_SUPPORTED support: true
04-26 23:09:34.511  1174  1174 W MediaControlGattService: Feature MEDIA_STATE support: true
04-26 23:09:34.511  1174  1174 W MediaControlGattService: Feature MEDIA_STATE support: true
04-26 23:09:34.512  1174  1361 I BluetoothAdapterProperties: getBondedDevices: length=0
04-26 23:09:34.512  1174  1174 W MediaControlGattService: Feature MEDIA_STATE support: true
04-26 23:09:34.512  1174  1174 W MediaControlGattService: Feature SEEKING_SPEED support: true
04-26 23:09:34.513  1174  1174 W MediaControlGattService: Feature SEEKING_SPEED support: true
04-26 23:09:34.513  1174  1174 W MediaControlGattService: Feature SEEKING_SPEED support: true
04-26 23:09:34.513  1174  1174 W MediaControlProfile: MCS service state fields left unhandled: 
04-26 23:09:34.513  1174  1174 W MediaControlProfile:    > PLAYER_NAME
04-26 23:09:34.513  1174  1174 W MediaControlProfile:    > PLAYING_ORDER_SUPPORTED
04-26 23:09:34.523   566   616 W skia    : AGTM parsing failed flags.readFromStream(s) at 159
04-26 23:09:34.523   566   616 W skia    : AGTM parsing failed flags.readFromStream(s) at 159
04-26 23:09:34.523   566   616 W skia    : AGTM parsing failed flags.readFromStream(s) at 159
04-26 23:09:34.523   566   616 W skia    : AGTM parsing failed flags.readFromStream(s) at 159
04-26 23:09:34.523   566   616 W skia    : AGTM parsing failed flags.readFromStream(s) at 159
04-26 23:09:34.523   566   616 W skia    : AGTM parsing failed flags.readFromStream(s) at 159
04-26 23:09:34.533 26043 26121 I MuMain  : INIT: UI creation done
04-26 23:09:34.533 26043 26121 I MuMain  : VirtualPad: slots loaded version=4 idx=[-1,-1,-1,-1,-1] type=[0,0,0,0,0] path=Data/Local/android_touch_skill_slots.cfg
04-26 23:09:34.533 26043 26121 I MuMain  : VirtualPad slots: [-1,-1,-1,-1,-1]
04-26 23:09:34.533 26043 26121 I MuMain  : Android perf defaults: maxMsgPerCycle=70 targetFps=-1.0 fxScale=1.00 adaptive=on isEmulator=1
04-26 23:09:34.533 26043 26121 I MuMain  : SDL mixer volume set: level=5 sdl=71
04-26 23:09:34.533 26043 26121 I MuMain  : FPS overlay enabled
04-26 23:09:34.534 26043 26121 I MuMain  : All systems initialized — entering main loop
04-26 23:09:34.534 26043 26121 I MuMain  : Window resized → drawable: 2268x1080
04-26 23:09:34.534 26043 26121 I MuMain  : CHATIME IME state changed focused=0 sdlTextInput=1
04-26 23:09:34.534 26043 26121 I MuMain  : WEBZEN: enter
04-26 23:09:34.537   566   616 W skia    : AGTM parsing failed flags.readFromStream(s) at 159
04-26 23:09:34.538   566   616 W skia    : AGTM parsing failed flags.readFromStream(s) at 159
04-26 23:09:34.538   566   616 W skia    : AGTM parsing failed flags.readFromStream(s) at 159
04-26 23:09:34.538   566   616 W skia    : AGTM parsing failed flags.readFromStream(s) at 159
04-26 23:09:34.538   566   616 W skia    : AGTM parsing failed flags.readFromStream(s) at 159
04-26 23:09:34.538   566   616 W skia    : AGTM parsing failed flags.readFromStream(s) at 159
04-26 23:09:34.539 26043 26121 I MuMain  : WEBZEN: loading title bitmaps
04-26 23:09:34.542   560   624 D AudioFlinger: mixer(0x718908b67790) throttle end: throttle time(32)
04-26 23:09:34.554   566   616 W skia    : AGTM parsing failed flags.readFromStream(s) at 159
04-26 23:09:34.554   566   616 W skia    : AGTM parsing failed flags.readFromStream(s) at 159
04-26 23:09:34.554   566   616 W skia    : AGTM parsing failed flags.readFromStream(s) at 159
04-26 23:09:34.555   566   616 W skia    : AGTM parsing failed flags.readFromStream(s) at 159
04-26 23:09:34.555   566   616 W skia    : AGTM parsing failed flags.readFromStream(s) at 159
04-26 23:09:34.555   566   616 W skia    : AGTM parsing failed flags.readFromStream(s) at 159
04-26 23:09:34.570 26043 26121 I MuMain  : WEBZEN: OpenBasicData begin
04-26 23:09:34.570 26043 26121 I MuMain  : OPENBASIC: enter
04-26 23:09:34.570   566   616 W skia    : AGTM parsing failed flags.readFromStream(s) at 159
04-26 23:09:34.570 26043 26121 I MuMain  : OPENBASIC: RenderTitle 0 begin
04-26 23:09:34.570   566   616 W skia    : AGTM parsing failed flags.readFromStream(s) at 159
04-26 23:09:34.570   566   616 W skia    : AGTM parsing failed flags.readFromStream(s) at 159
04-26 23:09:34.570   566   616 W skia    : AGTM parsing failed flags.readFromStream(s) at 159
04-26 23:09:34.570   566   616 W skia    : AGTM parsing failed flags.readFromStream(s) at 159
04-26 23:09:34.570   566   616 W skia    : AGTM parsing failed flags.readFromStream(s) at 159
04-26 23:09:34.571 26043 26121 I MuMain  : OPENBASIC: RenderTitle 0 done
04-26 23:09:34.571 26043 26121 I MuMain  : OPENBASIC: first bitmap group begin
04-26 23:09:34.587   566   616 W skia    : AGTM parsing failed flags.readFromStream(s) at 159
04-26 23:09:34.587   566   616 W skia    : AGTM parsing failed flags.readFromStream(s) at 159
04-26 23:09:34.587   566   616 W skia    : AGTM parsing failed flags.readFromStream(s) at 159
04-26 23:09:34.587   566   616 W skia    : AGTM parsing failed flags.readFromStream(s) at 159
04-26 23:09:34.587   566   616 W skia    : AGTM parsing failed flags.readFromStream(s) at 159
04-26 23:09:34.587   566   616 W skia    : AGTM parsing failed flags.readFromStream(s) at 159
04-26 23:09:34.595 26043 26121 I MuMain  : OPENBASIC: first bitmap group done
04-26 23:09:34.603   566   616 W skia    : AGTM parsing failed flags.readFromStream(s) at 159
04-26 23:09:34.603   566   616 W skia    : AGTM parsing failed flags.readFromStream(s) at 159
04-26 23:09:34.603   566   616 W skia    : AGTM parsing failed flags.readFromStream(s) at 159
04-26 23:09:34.603   566   616 W skia    : AGTM parsing failed flags.readFromStream(s) at 159
04-26 23:09:34.603   566   616 W skia    : AGTM parsing failed flags.readFromStream(s) at 159
04-26 23:09:34.603   566   616 W skia    : AGTM parsing failed flags.readFromStream(s) at 159
04-26 23:09:34.620   566   616 W skia    : AGTM parsing failed flags.readFromStream(s) at 159
04-26 23:09:34.621   566   616 W skia    : AGTM parsing failed flags.readFromStream(s) at 159
04-26 23:09:34.621   566   616 W skia    : AGTM parsing failed flags.readFromStream(s) at 159
04-26 23:09:34.621   566   616 W skia    : AGTM parsing failed flags.readFromStream(s) at 159
04-26 23:09:34.621   566   616 W skia    : AGTM parsing failed flags.readFromStream(s) at 159
04-26 23:09:34.621   566   616 W skia    : AGTM parsing failed flags.readFromStream(s) at 159
04-26 23:09:34.637   566   616 W skia    : AGTM parsing failed flags.readFromStream(s) at 159
04-26 23:09:34.637   566   616 W skia    : AGTM parsing failed flags.readFromStream(s) at 159
04-26 23:09:34.637   566   616 W skia    : AGTM parsing failed flags.readFromStream(s) at 159
04-26 23:09:34.637   566   616 W skia    : AGTM parsing failed flags.readFromStream(s) at 159
04-26 23:09:34.637   566   616 W skia    : AGTM parsing failed flags.readFromStream(s) at 159
04-26 23:09:34.637   566   616 W skia    : AGTM parsing failed flags.readFromStream(s) at 159
04-26 23:09:34.653   566   616 W skia    : AGTM parsing failed flags.readFromStream(s) at 159
04-26 23:09:34.653   566   616 W skia    : AGTM parsing failed flags.readFromStream(s) at 159
04-26 23:09:34.653   566   616 W skia    : AGTM parsing failed flags.readFromStream(s) at 159
04-26 23:09:34.653   566   616 W skia    : AGTM parsing failed flags.readFromStream(s) at 159
04-26 23:09:34.653   566   616 W skia    : AGTM parsing failed flags.readFromStream(s) at 159
04-26 23:09:34.653   566   616 W skia    : AGTM parsing failed flags.readFromStream(s) at 159
04-26 23:09:34.666 26043 26121 I TakumiErrorReport: File not found Data\Effect\Shiny04.jpg (32118)->Data\Effect\Shiny05.jpg
04-26 23:09:34.669   566   616 W skia    : AGTM parsing failed flags.readFromStream(s) at 159
04-26 23:09:34.669   566   616 W skia    : AGTM parsing failed flags.readFromStream(s) at 159
04-26 23:09:34.669   566   616 W skia    : AGTM parsing failed flags.readFromStream(s) at 159
04-26 23:09:34.670   566   616 W skia    : AGTM parsing failed flags.readFromStream(s) at 159
04-26 23:09:34.670   566   616 W skia    : AGTM parsing failed flags.readFromStream(s) at 159
04-26 23:09:34.670   566   616 W skia    : AGTM parsing failed flags.readFromStream(s) at 159
04-26 23:09:34.687   566   616 W skia    : AGTM parsing failed flags.readFromStream(s) at 159
04-26 23:09:34.687   566   616 W skia    : AGTM parsing failed flags.readFromStream(s) at 159
04-26 23:09:34.687   566   616 W skia    : AGTM parsing failed flags.readFromStream(s) at 159
04-26 23:09:34.688   566   616 W skia    : AGTM parsing failed flags.readFromStream(s) at 159
04-26 23:09:34.688   566   616 W skia    : AGTM parsing failed flags.readFromStream(s) at 159
04-26 23:09:34.688   566   616 W skia    : AGTM parsing failed flags.readFromStream(s) at 159
04-26 23:09:34.704   566   616 W skia    : AGTM parsing failed flags.readFromStream(s) at 159
04-26 23:09:34.704   566   616 W skia    : AGTM parsing failed flags.readFromStream(s) at 159
04-26 23:09:34.704   566   616 W skia    : AGTM parsing failed flags.readFromStream(s) at 159
04-26 23:09:34.705   566   616 W skia    : AGTM parsing failed flags.readFromStream(s) at 159
04-26 23:09:34.705   566   616 W skia    : AGTM parsing failed flags.readFromStream(s) at 159
04-26 23:09:34.705   566   616 W skia    : AGTM parsing failed flags.readFromStream(s) at 159
04-26 23:09:34.720   566   616 W skia    : AGTM parsing failed flags.readFromStream(s) at 159
04-26 23:09:34.720   566   616 W skia    : AGTM parsing failed flags.readFromStream(s) at 159
04-26 23:09:34.720   566   616 W skia    : AGTM parsing failed flags.readFromStream(s) at 159
04-26 23:09:34.720   566   616 W skia    : AGTM parsing failed flags.readFromStream(s) at 159
04-26 23:09:34.720   566   616 W skia    : AGTM parsing failed flags.readFromStream(s) at 159
04-26 23:09:34.721   566   616 W skia    : AGTM parsing failed flags.readFromStream(s) at 159
04-26 23:09:34.738   566   616 W skia    : AGTM parsing failed flags.readFromStream(s) at 159
04-26 23:09:34.738   566   616 W skia    : AGTM parsing failed flags.readFromStream(s) at 159
04-26 23:09:34.738   566   616 W skia    : AGTM parsing failed flags.readFromStream(s) at 159
04-26 23:09:34.738   566   616 W skia    : AGTM parsing failed flags.readFromStream(s) at 159
04-26 23:09:34.748   560   624 D AF::Track: interceptBuffer: took 1132us to intercept 0 tracks
04-26 23:09:34.753   566   616 W skia    : AGTM parsing failed flags.readFromStream(s) at 159
04-26 23:09:34.754   566   616 W skia    : AGTM parsing failed flags.readFromStream(s) at 159
04-26 23:09:34.754   566   616 W skia    : AGTM parsing failed flags.readFromStream(s) at 159
04-26 23:09:34.754   566   616 W skia    : AGTM parsing failed flags.readFromStream(s) at 159
04-26 23:09:34.769   566   616 W skia    : AGTM parsing failed flags.readFromStream(s) at 159
04-26 23:09:34.770   566   616 W skia    : AGTM parsing failed flags.readFromStream(s) at 159
04-26 23:09:34.770   566   616 W skia    : AGTM parsing failed flags.readFromStream(s) at 159
04-26 23:09:34.770   566   616 W skia    : AGTM parsing failed flags.readFromStream(s) at 159
04-26 23:09:34.772   736   836 I ImeTracker: system_server:ad565606: onRequestHide at ORIGIN_SERVER reason IME_REQUESTED_CHANGED_LISTENER fromUser false displayId 0
04-26 23:09:34.773   736   762 I ImeTracker: system_server:ad565606: onCancelled at PHASE_SERVER_SHOULD_HIDE
04-26 23:09:34.774 26043 26121 I TakumiErrorReport: > First Load Files OK.
04-26 23:09:34.786   566   616 W skia    : AGTM parsing failed flags.readFromStream(s) at 159
04-26 23:09:34.787   566   616 W skia    : AGTM parsing failed flags.readFromStream(s) at 159
04-26 23:09:34.787   566   616 W skia    : AGTM parsing failed flags.readFromStream(s) at 159
04-26 23:09:34.787   566   616 W skia    : AGTM parsing failed flags.readFromStream(s) at 159
04-26 23:09:34.802   566   616 W skia    : AGTM parsing failed flags.readFromStream(s) at 159
04-26 23:09:34.803   566   616 W skia    : AGTM parsing failed flags.readFromStream(s) at 159
04-26 23:09:34.803   566   616 W skia    : AGTM parsing failed flags.readFromStream(s) at 159
04-26 23:09:34.803   566   616 W skia    : AGTM parsing failed flags.readFromStream(s) at 159
04-26 23:09:34.817  4511  8984 W libbinder.Binder: Binder transaction to android.content.IContentProvider, function: UNKNOWN_FUNCTION_NAME, code: 21, took 2646ms. Data bytes: 480 Reply bytes: 432 Flags: 18
04-26 23:09:34.820   566   616 W skia    : AGTM parsing failed flags.readFromStream(s) at 159
04-26 23:09:34.821   566   616 W skia    : AGTM parsing failed flags.readFromStream(s) at 159
04-26 23:09:34.821   566   616 W skia    : AGTM parsing failed flags.readFromStream(s) at 159
04-26 23:09:34.821   566   616 W skia    : AGTM parsing failed flags.readFromStream(s) at 159
04-26 23:09:34.835  1036  1091 V WindowManagerShell: Transition animation finished (aborted=false), notifying core (#198) android.os.BinderProxy@75edaa@0
04-26 23:09:34.836   566   616 W skia    : AGTM parsing failed flags.readFromStream(s) at 159
04-26 23:09:34.836   566   616 W skia    : AGTM parsing failed flags.readFromStream(s) at 159
04-26 23:09:34.836   566   616 W skia    : AGTM parsing failed flags.readFromStream(s) at 159
04-26 23:09:34.836   566   616 W skia    : AGTM parsing failed flags.readFromStream(s) at 159
04-26 23:09:34.840   736   759 V WindowManager: Finish Transition (#198): created at 04-26 23:09:33.850 collect-started=0.332ms request-sent=14.693ms started=82.676ms ready=92.466ms sent=498.956ms commit=20.497ms finished=989.032ms
04-26 23:09:34.842 26043 26043 D VRI[PreloadActivity]: visibilityChanged oldVisibility=true newVisibility=false
04-26 23:09:34.845  1036  1091 V WindowManagerShell: Track 0 became idle
04-26 23:09:34.845  1036  1091 V WindowManagerShell: All active transition animations finished
04-26 23:09:34.864 26043 26043 D WindowOnBackDispatcher: setTopOnBackInvokedCallback (unwrapped): null
04-26 23:09:34.865   736   836 D CoreBackPreview: Window{e25c084 u0 com.muonline.client/com.muonline.client.PreloadActivity}: Setting back callback null
04-26 23:09:34.866 26043 26043 D ViewRootImpl: Skipping stats log for color mode
04-26 23:09:35.121   736   954 I AdbWifiNetworkMonitor: Wi-Fi network available
04-26 23:09:35.121   736   954 I AdbWifiNetworkMonitor: Received the same Wi-Fi SSID. Ignoring.
04-26 23:09:35.131   736   931 W libbinder.IPCThreadState: Sending oneway calls to frozen process.
04-26 23:09:35.132   736   931 W libbinder.IPCThreadState: Sending oneway calls to frozen process.
04-26 23:09:35.132   736   931 W libbinder.IPCThreadState: Sending oneway calls to frozen process.
04-26 23:09:35.134  1366  1377 I NullBinder: NullBinder for android.net.action.RECOMMEND_NETWORKS triggering remote TransactionTooLargeException due to Service without Chimera impl, calling uid: 1000, calling pid: 0
04-26 23:09:35.134  1366  1377 W libbinder.Binder: Large reply transaction of 1056768 bytes, interface descriptor , function: UNKNOWN_FUNCTION_NAME, code: 1, flags: 17
04-26 23:09:35.135   736   921 I HalDevMgr: bestIfaceCreationProposal is null, requestIface=STA, existingIface=[name=wlan0 type=STA]
04-26 23:09:35.147  1160  1312 D IpClient/wlan0: interfaceLinkStateChanged: ifindex 16 up
04-26 23:09:35.157  1160  1312 D IpClient/wlan0: interfaceLinkStateChanged: ifindex 16 up
04-26 23:09:35.474   560   624 D AF::Track: interceptBuffer: took 910us to intercept 0 tracks
04-26 23:09:35.769  4511  4536 I .apps.wellbeing: Waiting for a blocking GC ProfileSaver
04-26 23:09:35.784  4511  4536 I .apps.wellbeing: WaitForGcToComplete blocked ProfileSaver on Background for 15.188ms
04-26 23:09:36.139   736  1699 E TaskPersister: File error accessing recents directory (directory doesn't exist?).
04-26 23:09:38.143   736   954 I AdbWifiNetworkMonitor: Wi-Fi network available
04-26 23:09:38.143   736   954 I AdbWifiNetworkMonitor: Received the same Wi-Fi SSID. Ignoring.
04-26 23:09:38.148   736   931 W libbinder.IPCThreadState: Sending oneway calls to frozen process.
04-26 23:09:38.149   736   931 W libbinder.IPCThreadState: Sending oneway calls to frozen process.
04-26 23:09:38.149   736   931 W libbinder.IPCThreadState: Sending oneway calls to frozen process.
04-26 23:09:38.150   736   921 I HalDevMgr: bestIfaceCreationProposal is null, requestIface=STA, existingIface=[name=wlan0 type=STA]
04-26 23:09:38.154  1366  1761 I NullBinder: NullBinder for android.net.action.RECOMMEND_NETWORKS triggering remote TransactionTooLargeException due to Service without Chimera impl, calling uid: 1000, calling pid: 0
04-26 23:09:38.154  1366  1761 W libbinder.Binder: Large reply transaction of 1056768 bytes, interface descriptor , function: UNKNOWN_FUNCTION_NAME, code: 1, flags: 17
04-26 23:09:38.185 26043 26121 I MuMain  : OPENBASIC: OpenImages begin
04-26 23:09:38.192 26043 26121 I MuMain  : OPENBASIC: OpenImages done
04-26 23:09:38.192 26043 26121 I MuMain  : OPENBASIC: OpenSounds begin
04-26 23:09:38.192 26043 26121 I MuMain  : OPENBASIC: OpenSounds done
04-26 23:09:38.193 26043 26121 I MuMain  : OPENBASIC: scripts begin
04-26 23:09:38.197 26043 26121 I MuMain  : OPENBASIC: OpenTextData begin
04-26 23:09:38.200 26043 26121 I MuMain  : OPENBASIC: OpenTextData done
04-26 23:09:38.202 26043 26121 I MuMain  : OPENBASIC: master/gate/filter done
04-26 23:09:38.204 26043 26121 I MuMain  : WEBZEN: OpenBasicData done
04-26 23:09:38.385 26043 26121 I TakumiErrorReport: File not found Data\Interface\InGameShop\ingame_Bt_page_L.tga (32485)->Data\Custom\Maps\CRadar.tga
04-26 23:09:38.388 26043 26121 I TakumiErrorReport: File not found Data\Interface\InGameShop\IGS_Storage_Page.tga (32487)->Data\Custom\Maps\map_radar.tga
04-26 23:09:38.391 26043 26121 I TakumiErrorReport: File not found Data\Interface\InGameShop\IGS_Storage_Page_Left.tga (32488)->Data\Custom\Maps\background-tcp.tga
04-26 23:09:38.392 26043 26121 I TakumiErrorReport: File not found Data\Interface\InGameShop\IGS_Storage_Page_Right.tga (32489)->Data\Interface\newui_option_check.tga
04-26 23:09:38.821 26043 26121 I TakumiErrorReport: File not found Data\Interface\newui_item_back01.tga (31373)->Data\Interface\newui_item_back04.tga
04-26 23:09:38.826 26043 26121 I TakumiErrorReport: File not found Data\Interface\newui_item_back04.tga (31373)->Data\Interface\newui_item_back01.tga
04-26 23:09:38.833 26043 26121 I MuMain  : WEBZEN: LoadMainSceneInterface done
04-26 23:09:38.834 26043 26121 I TakumiErrorReport: > Loading ok.
04-26 23:09:38.836 26043 26121 E BLASTBufferQueue: [1aba804 SurfaceView[com.muonline.client/com.muonline.client.MuMainActivity]#2](f:0,a:0) rejecting buffer:active_size=2268x1080, requested_size=2268x1080 buffer{size=2268x943 transform=0}
04-26 23:09:38.899 26043 26121 I MuMain  : ADAPT fx scale: fps=0.2 frameMs=4365.84 1.00->0.90 target=0.55
04-26 23:09:38.900 26043 26121 I MuMain  : PERF fps=0.2 frameMs=4365.84 phase(render=4299.69 pad=0.03 present=65.18) renderLevel=4 fxScale=1.00 maxMsg=70 avg(draw=132 verts=792 im=132 vaD=0 vaC=0 qI=0 qE=0) max(draw=132 verts=792)
04-26 23:09:38.900 26043 26121 I MuMain  : PERF_SCENE world=-1 char(live=0 vis=0 ply=0 mon=0 npc=0 pet=0 prio=0 topMon=-1 x0) obj(live=0 vis=0 op=0 trap=0 topObj=-1 x0)
04-26 23:09:38.900 26043 26121 I MuMain  : PERF_BUCKET objMove(cand=0 upd=0 def=0 n=0 m=0 f=0) objRender(cand=0 draw=0 cull=0 n=0 m=0 f=0 visDraw=0 visDef=0) charMove(cand=0 upd=0 def=0 n=0 m=0 f=0) charRender(cand=0 draw=0 def=0 cull=0 n=0 m=0 f=0)
04-26 23:09:38.900 26043 26121 I MuMain  : PERF_TERRAIN world=-1 normal(block=0 tile=0) grass(block=0 tile=0) after(block=0 tile=0)
04-26 23:09:38.900 26043 26121 I MuMain  : Frame 0 — drawCalls=132 verts=792 paths(im=132 vaD=0 vaC=0 qI=0 qE=0) SDL_err='Couldn't open asset '/storage/emulated/0/Android/data/com.muonline.client/files/Data/fonts/font_.ttf''
04-26 23:09:38.909 26043 26121 I MuMain  : OpenTga logo file=Data\Logo\MU-logo.OZT size=512x256 alphaMin=0 alphaMax=255 alphaZero=80277 cornerRGBA=74,76,87,0
04-26 23:09:38.910 26043 26121 I MuMain  : OpenJpeg turbo file=Data\Logo\MU-logo_g.OZJ jpeg=512x256 tex=512x256 idx=31019 texNo=2016
04-26 23:09:39.512 26043 26121 I MuMain  : LoadWorld OpenTerrainMapping enc world=74 result=74 file=Data\World74\EncTerrain74.map
04-26 23:09:39.519 26043 26121 I MuMain  : LoadWorld OpenTerrainAttribute enc world=74 result=74 file=Data\World74\EncTerrain74.att
04-26 23:09:39.521 26043 26121 I MuMain  : LoadWorld OpenObjectsEnc enc world=74 result=74 file=Data\World74\EncTerrain74.obj
04-26 23:09:39.526 26043 26121 I MuMain  : OpenJpegBuffer turbo file=Data\World74\TerrainLight.OZJ jpeg=256x256 firstRGB=0.341,0.341,0.435
04-26 23:09:39.533 26043 26121 I MuMain  : OpenJpeg turbo file=Data\World74\TileGrass01.OZJ jpeg=256x256 tex=256x256 idx=30256 texNo=2180
04-26 23:09:39.539 26043 26121 I MuMain  : OpenJpeg turbo file=Data\World74\TileGrass02.OZJ jpeg=256x256 tex=256x256 idx=30257 texNo=2181
04-26 23:09:39.544 26043 26121 I MuMain  : OpenJpeg turbo file=Data\World74\TileGround01.OZJ jpeg=256x256 tex=256x256 idx=30258 texNo=2182
04-26 23:09:39.548 26043 26121 I MuMain  : OpenJpeg turbo file=Data\World74\TileGround02.OZJ jpeg=256x256 tex=256x256 idx=30259 texNo=2183
04-26 23:09:39.553 26043 26121 I MuMain  : OpenJpeg turbo file=Data\World74\TileGround03.OZJ jpeg=256x256 tex=256x256 idx=30260 texNo=2184
04-26 23:09:39.556 26043 26121 I MuMain  : OpenJpeg turbo file=Data\World74\TileWater01.OZJ jpeg=256x256 tex=256x256 idx=30261 texNo=2185
04-26 23:09:39.559 26043 26121 I MuMain  : OpenJpeg turbo file=Data\World74\TileWood01.OZJ jpeg=256x256 tex=256x256 idx=30262 texNo=2186
04-26 23:09:39.564 26043 26121 I MuMain  : OpenJpeg turbo file=Data\World74\TileRock01.OZJ jpeg=256x256 tex=256x256 idx=30263 texNo=2187
04-26 23:09:39.571 26043 26121 I MuMain  : OpenJpeg turbo file=Data\World74\TileRock02.OZJ jpeg=256x256 tex=256x256 idx=30264 texNo=2188
04-26 23:09:39.577 26043 26121 I MuMain  : OpenJpeg turbo file=Data\World74\TileRock03.OZJ jpeg=256x256 tex=256x256 idx=30265 texNo=2189
04-26 23:09:39.585 26043 26121 I MuMain  : OpenJpeg turbo file=Data\World74\TileRock05.OZJ jpeg=256x256 tex=256x256 idx=30267 texNo=2191
04-26 23:09:39.586 26043 26121 I MuMain  : OpenJpeg turbo file=Data\World74\TileRock06.OZJ jpeg=128x128 tex=128x128 idx=30268 texNo=2192
04-26 23:09:39.590 26043 26121 I MuMain  : OpenJpeg turbo file=Data\World74\TileRock07.OZJ jpeg=256x256 tex=256x256 idx=30269 texNo=2193
04-26 23:09:39.604 26043 26121 I TakumiErrorReport: File not found Data\World74\leaf01.tga (30357)->Data\World74\leaf01.jpg
04-26 23:09:39.605 26043 26121 I MuMain  : OpenJpeg turbo file=Data\World74\leaf01.OZJ jpeg=16x16 tex=16x16 idx=30357 texNo=2198
04-26 23:09:39.607 26043 26121 I MuMain  : OpenJpeg turbo file=Data\World74\leaf02.OZJ jpeg=16x16 tex=16x16 idx=30358 texNo=2199
04-26 23:09:39.632 26043 26121 I AndroidGDI: Font OK: /system/fonts/DroidSans-Bold.ttf sz=10
04-26 23:09:39.633 26043 26121 I TakumiErrorReport: [Connect to Server 33] ip address = 192.168.99.200, port = 63000
04-26 23:09:39.635 26043 26121 E MuMain  : PlayMp3 failed requested=[data\music\login_theme.mp3] resolved=[data/music/login_theme.mp3] reqExists=0 resolvedExists=0 cwd=[/storage/emulated/0/Android/data/com.muonline.client/files]: Couldn't open 'data/music/login_theme.mp3'
04-26 23:09:39.635 26043 26121 I TakumiErrorReport: > Login Scene init success.
04-26 23:09:39.646 26043 26121 I MuMain  : RenderBitmap logo texture=31019 texNo=2016 file=Data\Logo\MU-logo_g.jpg size=512x256 comp=3 ref=1 colorAlpha=0.000 alphaArg=0.000
04-26 23:09:39.646 26043 26121 I MuMain  : RenderBitmap logo texture=31018 texNo=2015 file=Data\Logo\MU-logo.tga size=512x256 comp=4 ref=1 colorAlpha=0.000 alphaArg=0.000
04-26 23:09:39.646 26043 26121 I AndroidGDI: AndroidTextOut ENTRY len=34 hdc=0x733fdca9bdd0 bmp=0x733fdca9c190 text[0]=40
04-26 23:09:39.647 26043 26121 I AndroidGDI: TextOut surf=241x18 fmt=0x16362004 maxA=255 dib[0..2]=0,0,0
04-26 23:09:39.648 26043 26121 I AndroidGDI: AndroidTextOut ENTRY len=25 hdc=0x733fdca9bdd0 bmp=0x733fdca9c190 text[0]=32
04-26 23:09:39.648 26043 26121 I AndroidGDI: TextOut surf=177x18 fmt=0x16362004 maxA=255 dib[0..2]=0,0,0
04-26 23:09:39.649 26043 26121 I AndroidGDI: AndroidTextOut ENTRY len=14 hdc=0x733fdca9bdd0 bmp=0x733fdca9c190 text[0]=80
04-26 23:09:39.649 26043 26121 I AndroidGDI: TextOut surf=95x18 fmt=0x16362004 maxA=255 dib[0..2]=0,0,0
04-26 23:09:39.664 26043 26121 I MuMain  : Frame 1 — drawCalls=122 verts=43017 paths(im=885 vaD=0 vaC=0 qI=4 qE=0) SDL_err='Couldn't open 'data/music/login_theme.mp3''
04-26 23:09:39.690 26043 26121 I AndroidGDI: AndroidTextOut ENTRY len=34 hdc=0x733fdca9bdd0 bmp=0x733fdca9c190 text[0]=40
04-26 23:09:39.690 26043 26121 I AndroidGDI: TextOut surf=241x18 fmt=0x16362004 maxA=255 dib[0..2]=0,0,0
04-26 23:09:39.690 26043 26121 I AndroidGDI: AndroidTextOut ENTRY len=25 hdc=0x733fdca9bdd0 bmp=0x733fdca9c190 text[0]=32
04-26 23:09:39.690 26043 26121 I AndroidGDI: TextOut surf=177x18 fmt=0x16362004 maxA=255 dib[0..2]=0,0,0
04-26 23:09:39.690 26043 26121 I AndroidGDI: AndroidTextOut ENTRY len=14 hdc=0x733fdca9bdd0 bmp=0x733fdca9c190 text[0]=80
04-26 23:09:39.704 26043 26121 I MuMain  : Frame 2 — drawCalls=314 verts=70080 paths(im=1524 vaD=0 vaC=0 qI=19 qE=0) SDL_err=''
04-26 23:09:39.727 26043 26121 I AndroidGDI: AndroidTextOut ENTRY len=34 hdc=0x733fdca9bdd0 bmp=0x733fdca9c190 text[0]=40
04-26 23:09:39.727 26043 26121 I AndroidGDI: AndroidTextOut ENTRY len=25 hdc=0x733fdca9bdd0 bmp=0x733fdca9c190 text[0]=32
04-26 23:09:39.728 26043 26121 I AndroidGDI: AndroidTextOut ENTRY len=14 hdc=0x733fdca9bdd0 bmp=0x733fdca9c190 text[0]=80
04-26 23:09:39.729 26043 26121 I MuMain  : Frame 3 — drawCalls=318 verts=69186 paths(im=1510 vaD=0 vaC=0 qI=33 qE=0) SDL_err=''
04-26 23:09:39.753 26043 26121 I AndroidGDI: AndroidTextOut ENTRY len=34 hdc=0x733fdca9bdd0 bmp=0x733fdca9c190 text[0]=40
04-26 23:09:39.755 26043 26121 I MuMain  : Frame 4 — drawCalls=326 verts=69240 paths(im=1519 vaD=0 vaC=0 qI=43 qE=0) SDL_err=''
04-26 23:09:39.782 26043 26121 I MuMain  : Frame 5 — drawCalls=343 verts=73641 paths(im=1536 vaD=0 vaC=0 qI=59 qE=0) SDL_err=''
04-26 23:09:39.810 26043 26121 I MuMain  : Frame 6 — drawCalls=360 verts=73749 paths(im=1554 vaD=0 vaC=0 qI=74 qE=0) SDL_err=''
04-26 23:09:39.838 26043 26121 I MuMain  : Frame 7 — drawCalls=373 verts=73917 paths(im=1568 vaD=0 vaC=0 qI=90 qE=0) SDL_err=''
04-26 23:09:39.868 26043 26121 I MuMain  : Frame 8 — drawCalls=381 verts=73983 paths(im=1579 vaD=0 vaC=0 qI=98 qE=0) SDL_err=''
04-26 23:09:39.899 26043 26121 I MuMain  : Frame 9 — drawCalls=386 verts=74103 paths(im=1585 vaD=0 vaC=0 qI=105 qE=0) SDL_err=''
04-26 23:09:39.929  1203  1331 D SatelliteController: isInCarrierRoamingNbIotNtn: satellite is disabled
04-26 23:09:39.929  1203  1331 D SatelliteController: getCarrierRoamingNtnConnectType: Checking connect type from PLMN config for subId: 1
04-26 23:09:39.930 26043 26121 W MuMain  : ADAPT net budget down: fps=33.9 frameMs=29.50 maxMsg 70->60
04-26 23:09:39.931  1203  1331 D SatelliteController: getSatellitePerPlmnConfiguration: invalid subId or not supported via carrier.
04-26 23:09:39.931  1203  1331 D SatelliteController: getCarrierRoamingNtnConnectType: config: null
04-26 23:09:39.932  1203  1331 D SatelliteController: getCarrierRoamingNtnConnectType: Falling back to global carrier config connect type: 0
04-26 23:09:39.933  1203  1331 D SatelliteController: updateLastNotifiedCarrierRoamingNtnSignalStrengthAndNotify(1)
04-26 23:09:39.933  1203  1331 D SatelliteController: updateLastNotifiedCarrierRoamingNtnSignalStrengthAndNotify(1) lastNotifiedSignalStrength level: 0
04-26 23:09:39.933  1203  1331 D SatelliteController: updateLastNotifiedCarrierRoamingNtnSignalStrengthAndNotify(1) currSignalStrength level: 0
04-26 23:09:40.210 26043 26121 I MuMain  : ADAPT fx scale: fps=32.1 frameMs=31.13 1.00->0.90 target=0.80
04-26 23:09:40.210 26043 26121 W MuMain  : ADAPT net budget down: fps=32.1 frameMs=31.13 maxMsg 60->50
04-26 23:09:40.446  1016  1016 I wpa_supplicant: wlan0: CTRL-EVENT-BEACON-LOSS 
04-26 23:09:40.485 26043 26121 W MuMain  : ADAPT net budget down: fps=32.7 frameMs=30.55 maxMsg 50->40
04-26 23:09:40.485 26043 26121 I MuMain  : PERF fps=32.7 frameMs=30.55 phase(render=29.54 pad=0.02 present=0.92) renderLevel=4 fxScale=1.00 maxMsg=40 avg(draw=422 verts=75018 im=1778 vaD=0 vaC=0 qI=188 qE=0) max(draw=438 verts=76533)
04-26 23:09:40.485 26043 26121 I MuMain  : PERF_SCENE world=73 char(live=0 vis=0 ply=0 mon=0 npc=0 pet=0 prio=0 topMon=-1 x0) obj(live=375 vis=170 op=0 trap=0 topObj=155 x30)
04-26 23:09:40.485 26043 26121 I MuMain  : PERF_BUCKET objMove(cand=0 upd=0 def=0 n=0 m=0 f=0) objRender(cand=0 draw=0 cull=0 n=0 m=0 f=0 visDraw=0 visDef=0) charMove(cand=0 upd=0 def=0 n=0 m=0 f=0) charRender(cand=0 draw=0 def=0 cull=0 n=0 m=0 f=0)
04-26 23:09:40.485 26043 26121 I MuMain  : PERF_TERRAIN world=73 normal(block=0 tile=0) grass(block=0 tile=0) after(block=0 tile=0)
04-26 23:09:40.754 26043 26121 W MuMain  : ADAPT net budget down: fps=33.5 frameMs=29.84 maxMsg 40->30
04-26 23:09:41.155 26043 26121 I MuMain  : ZzzScene android logo alpha raw=1.020 clamp=1.000 glow=0.700
04-26 23:09:41.157   736   921 I HalDevMgr: bestIfaceCreationProposal is null, requestIface=STA, existingIface=[name=wlan0 type=STA]
04-26 23:09:41.162  1160  1312 D IpClient/wlan0: interfaceLinkStateChanged: ifindex 16 up
04-26 23:09:41.173  1160  1312 D IpClient/wlan0: interfaceLinkStateChanged: ifindex 16 up
04-26 23:09:41.548 26043 26121 I MuMain  : ADAPT fx scale: fps=36.8 frameMs=27.20 1.00->0.90 target=0.90
04-26 23:09:41.548 26043 26121 I MuMain  : PERF fps=36.8 frameMs=27.20 phase(render=26.01 pad=0.04 present=1.05) renderLevel=4 fxScale=1.00 maxMsg=30 avg(draw=366 verts=80978 im=1738 vaD=0 vaC=0 qI=171 qE=0) max(draw=377 verts=81459)
04-26 23:09:41.548 26043 26121 I MuMain  : PERF_SCENE world=73 char(live=0 vis=0 ply=0 mon=0 npc=0 pet=0 prio=0 topMon=-1 x0) obj(live=375 vis=188 op=0 trap=0 topObj=79 x23)
04-26 23:09:41.548 26043 26121 I MuMain  : PERF_BUCKET objMove(cand=0 upd=0 def=0 n=0 m=0 f=0) objRender(cand=0 draw=0 cull=0 n=0 m=0 f=0 visDraw=0 visDef=0) charMove(cand=0 upd=0 def=0 n=0 m=0 f=0) charRender(cand=0 draw=0 def=0 cull=0 n=0 m=0 f=0)
04-26 23:09:41.548 26043 26121 I MuMain  : PERF_TERRAIN world=73 normal(block=0 tile=0) grass(block=0 tile=0) after(block=0 tile=0)
04-26 23:09:42.609 26043 26121 I MuMain  : PERF fps=42.0 frameMs=23.79 phase(render=21.65 pad=0.02 present=2.06) renderLevel=4 fxScale=1.00 maxMsg=30 avg(draw=261 verts=69837 im=1638 vaD=0 vaC=0 qI=116 qE=0) max(draw=285 verts=72270)
04-26 23:09:42.610 26043 26121 I MuMain  : PERF_SCENE world=73 char(live=0 vis=0 ply=0 mon=0 npc=0 pet=0 prio=0 topMon=-1 x0) obj(live=375 vis=184 op=0 trap=0 topObj=79 x24)
04-26 23:09:42.610 26043 26121 I MuMain  : PERF_BUCKET objMove(cand=0 upd=0 def=0 n=0 m=0 f=0) objRender(cand=0 draw=0 cull=0 n=0 m=0 f=0 visDraw=0 visDef=0) charMove(cand=0 upd=0 def=0 n=0 m=0 f=0) charRender(cand=0 draw=0 def=0 cull=0 n=0 m=0 f=0)
04-26 23:09:42.610 26043 26121 I MuMain  : PERF_TERRAIN world=73 normal(block=0 tile=0) grass(block=0 tile=0) after(block=0 tile=0)
04-26 23:09:42.997   736   862 D ActivityManager: freezing 4276 com.android.vending:background
04-26 23:09:43.001   736   862 D ActivityManager: freezing 4164 com.android.vending
04-26 23:09:43.093   736   931 D InetDiagMessage: Destroyed 0 sockets, proto=IPPROTO_TCP, family=AF_INET, states=14
04-26 23:09:43.094   736   931 D InetDiagMessage: Destroyed 2 sockets, proto=IPPROTO_TCP, family=AF_INET6, states=14
04-26 23:09:43.096   736   931 D InetDiagMessage: Destroyed live tcp sockets for uids={10154} in 5ms
04-26 23:09:43.127 26043 26121 I MuMain  : ADAPT fx scale: fps=47.7 frameMs=20.95 1.00->0.90 target=0.90
04-26 23:09:43.691 26043 26121 I MuMain  : PERF fps=42.8 frameMs=23.35 phase(render=21.70 pad=0.06 present=1.34) renderLevel=4 fxScale=1.00 maxMsg=30 avg(draw=188 verts=78875 im=1594 vaD=0 vaC=0 qI=71 qE=0) max(draw=195 verts=79593)
04-26 23:09:43.691 26043 26121 I MuMain  : PERF_SCENE world=73 char(live=0 vis=0 ply=0 mon=0 npc=0 pet=0 prio=0 topMon=-1 x0) obj(live=375 vis=168 op=0 trap=0 topObj=79 x24)
04-26 23:09:43.691 26043 26121 I MuMain  : PERF_BUCKET objMove(cand=0 upd=0 def=0 n=0 m=0 f=0) objRender(cand=0 draw=0 cull=0 n=0 m=0 f=0 visDraw=0 visDef=0) charMove(cand=0 upd=0 def=0 n=0 m=0 f=0) charRender(cand=0 draw=0 def=0 cull=0 n=0 m=0 f=0)
04-26 23:09:43.691 26043 26121 I MuMain  : PERF_TERRAIN world=73 normal(block=0 tile=0) grass(block=0 tile=0) after(block=0 tile=0)
04-26 23:09:43.807  2780 18838 I artd    : GetBestInfo: odex next to the dex file (/data/app/~~PqdBwR9WSFUNw4iaJMgoGg==/com.google.android.gms-95Dc1VeYXyONiCBDqz_lkA==/oat/x86_64/base.odex) is kOatUpToDate with filter 'speed-profile' executable 'false'
04-26 23:09:43.809  2780 18838 I artd    : GetBestInfo: dm (/data/app/~~PqdBwR9WSFUNw4iaJMgoGg==/com.google.android.gms-95Dc1VeYXyONiCBDqz_lkA==/split_AdsDynamite_installtime.dm) is kOatUpToDate with filter 'verify' executable 'false'
04-26 23:09:43.811  2780 18838 I artd    : GetBestInfo: dm (/data/app/~~PqdBwR9WSFUNw4iaJMgoGg==/com.google.android.gms-95Dc1VeYXyONiCBDqz_lkA==/split_CronetDynamite_installtime.dm) is kOatUpToDate with filter 'verify' executable 'false'
04-26 23:09:43.813  2780 18838 I artd    : GetBestInfo: dm (/data/app/~~PqdBwR9WSFUNw4iaJMgoGg==/com.google.android.gms-95Dc1VeYXyONiCBDqz_lkA==/split_DynamiteLoader_installtime.dm) is kOatUpToDate with filter 'verify' executable 'false'
04-26 23:09:43.815  2780 18838 I artd    : GetBestInfo: dm (/data/app/~~PqdBwR9WSFUNw4iaJMgoGg==/com.google.android.gms-95Dc1VeYXyONiCBDqz_lkA==/split_DynamiteModulesA_installtime.dm) is kOatUpToDate with filter 'verify' executable 'false'
04-26 23:09:43.817  2780 18838 I artd    : GetBestInfo: dm (/data/app/~~PqdBwR9WSFUNw4iaJMgoGg==/com.google.android.gms-95Dc1VeYXyONiCBDqz_lkA==/split_DynamiteModulesC_installtime.dm) is kOatUpToDate with filter 'verify' executable 'false'
04-26 23:09:43.820  2780 18838 I artd    : GetBestInfo: dm (/data/app/~~PqdBwR9WSFUNw4iaJMgoGg==/com.google.android.gms-95Dc1VeYXyONiCBDqz_lkA==/split_GoogleCertificates_installtime.dm) is kOatUpToDate with filter 'verify' executable 'false'
04-26 23:09:43.822  2780 18838 I artd    : GetBestInfo: dm (/data/app/~~PqdBwR9WSFUNw4iaJMgoGg==/com.google.android.gms-95Dc1VeYXyONiCBDqz_lkA==/split_MapsDynamite_installtime.dm) is kOatUpToDate with filter 'verify' executable 'false'
04-26 23:09:43.824  2780 18838 I artd    : GetBestInfo: dm (/data/app/~~PqdBwR9WSFUNw4iaJMgoGg==/com.google.android.gms-95Dc1VeYXyONiCBDqz_lkA==/split_MeasurementDynamite_installtime.dm) is kOatUpToDate with filter 'verify' executable 'false'
04-26 23:09:43.826  2780 18838 I artd    : GetBestInfo: dm (/data/app/~~PqdBwR9WSFUNw4iaJMgoGg==/com.google.android.gms-95Dc1VeYXyONiCBDqz_lkA==/split_all_locale_splits.dm) is kOatUpToDate with filter 'verify' executable 'false'
04-26 23:09:43.828  2780 18838 I artd    : GetBestInfo: /data/user_de/0/com.google.android.gms/app_chimera/m/0000000a/dl-TfliteDynamiteDynamite.integ_252130102100800.apk has no usable artifacts
04-26 23:09:43.829  2780 18838 I artd    : GetBestInfo: /data/user_de/0/com.google.android.gms/app_chimera/m/00000001/CronetDynamite.apk has no usable artifacts
04-26 23:09:43.831  2780 18838 I artd    : GetBestInfo: /data/user_de/0/com.google.android.gms/app_chimera/m/00000016/dl-MlkitOcrCommon.optional_261332100800.apk has no usable artifacts
04-26 23:09:43.832  2780 18838 I artd    : GetBestInfo: /data/user_de/0/com.google.android.gms/app_chimera/m/00000002/DynamiteLoader.apk has no usable artifacts
04-26 23:09:43.833  2780 18838 I artd    : GetBestInfo: /data/user_de/0/com.google.android.gms/app_chimera/m/0000000e/dl-MlkitBarcodeUi.optional_260235100800.apk has no usable artifacts
04-26 23:09:43.835  2780 18838 I artd    : GetBestInfo: /data/user_de/0/com.google.android.gms/app_chimera/m/00000013/dl-Appsearch.optional_261332100800.apk has no usable artifacts
04-26 23:09:43.836  2780 18838 I artd    : GetBestInfo: /data/user_de/0/com.google.android.gms/app_chimera/m/00000005/GoogleCertificates.apk has no usable artifacts
04-26 23:09:43.840  2780 18838 I artd    : GetBestInfo: /data/user_de/0/com.google.android.gms/app_chimera/m/00000012/dl-PlayCloudSearch.optional_261332100000.apk has no usable artifacts
04-26 23:09:43.842  2780 18838 I artd    : GetBestInfo: vdex next to the dex file (/data/user/0/com.google.android.gms/app_dg_cache/B3ED91DEC21F0EB5284BE10D982ABEAAC45F5C48/oat/x86_64/the.vdex) is kOatUpToDate with filter 'verify' executable 'false'
04-26 23:09:43.845  2780 18838 I artd    : GetBestInfo: /data/user_de/0/com.google.android.gms/app_chimera/m/0000000f/dl-PlayCloudSearch.optional_260235100000.apk has no usable artifacts
04-26 23:09:43.847  2780 18838 I artd    : GetBestInfo: /data/user_de/0/com.google.android.gms/app_chimera/m/00000008/dl-VisionOcr.optional_260235100000.apk has no usable artifacts
04-26 23:09:43.849  2780 18838 I artd    : GetBestInfo: /data/user_de/0/com.google.android.gms/app_chimera/m/0000000b/dl-Appsearch.optional_260235100800.apk has no usable artifacts
04-26 23:09:43.852  2780 18838 I artd    : GetBestInfo: /data/user_de/0/com.google.android.gms/app_chimera/m/00000011/dl-VisionOcr.optional_261332100000.apk has no usable artifacts
04-26 23:09:43.853  2780 18838 I artd    : GetBestInfo: /data/user_de/0/com.google.android.gms/app_chimera/m/00000015/dl-MlkitBarcodeUi.optional_261332100800.apk has no usable artifacts
04-26 23:09:43.856  2780 18838 I artd    : GetBestInfo: /data/user_de/0/com.google.android.gms/app_chimera/m/00000009/dl-MlkitOcrCommon.optional_260235100800.apk has no usable artifacts
04-26 23:09:43.858  2780 18838 I artd    : GetBestInfo: vdex next to the dex file (/data/user/0/com.google.android.gms/app_dg_cache/CE973E4DE823F0AA69070767A9FABB590DDD455C/oat/x86_64/the.vdex) is kOatUpToDate with filter 'verify' executable 'false'
04-26 23:09:43.860  2780 18838 I artd    : GetBestInfo: /data/user_de/0/com.google.android.gms/app_chimera/m/00000007/MeasurementDynamite.apk has no usable artifacts
04-26 23:09:44.166   736   921 I HalDevMgr: bestIfaceCreationProposal is null, requestIface=STA, existingIface=[name=wlan0 type=STA]
04-26 23:09:44.721 26043 26121 I MuMain  : PERF fps=50.8 frameMs=19.68 phase(render=18.64 pad=0.06 present=0.92) renderLevel=4 fxScale=1.00 maxMsg=30 avg(draw=220 verts=93774 im=1648 vaD=0 vaC=0 qI=117 qE=0) max(draw=227 verts=94794)
04-26 23:09:44.721 26043 26121 I MuMain  : PERF_SCENE world=73 char(live=0 vis=0 ply=0 mon=0 npc=0 pet=0 prio=0 topMon=-1 x0) obj(live=375 vis=169 op=0 trap=0 topObj=79 x29)
04-26 23:09:44.721 26043 26121 I MuMain  : PERF_BUCKET objMove(cand=0 upd=0 def=0 n=0 m=0 f=0) objRender(cand=0 draw=0 cull=0 n=0 m=0 f=0 visDraw=0 visDef=0) charMove(cand=0 upd=0 def=0 n=0 m=0 f=0) charRender(cand=0 draw=0 def=0 cull=0 n=0 m=0 f=0)
04-26 23:09:44.721 26043 26121 I MuMain  : PERF_TERRAIN world=73 normal(block=0 tile=0) grass(block=0 tile=0) after(block=0 tile=0)
04-26 23:09:44.855 26139 26139 W libbinder.BackendUnifiedServiceManager: Thread Pool max thread count is 0. Cannot cache binder as linkToDeath cannot be implemented. serviceName: SurfaceFlingerAIDL
04-26 23:09:44.855 26139 26139 W libbinder.BpBinder: Linking to death on android.gui.ISurfaceComposer but there are no threads (yet?) listening to incoming transactions. See ProcessState::startThreadPool and ProcessState::setThreadPoolMaxThreadCount. Generally you should setup the binder threadpool before other initialization steps.
04-26 23:09:44.857 26139 26139 W libbinder.ProcessState: Extra binder thread started, but 0 threads requested. Do not use *startThreadPool when zero threads are requested.
04-26 23:09:44.920   566   616 W skia    : AGTM parsing failed flags.readFromStream(s) at 159
04-26 23:09:44.995 26043 26121 I MuMain  : ADAPT fx scale: fps=32.8 frameMs=30.49 1.00->0.90 target=0.80
