04-26 15:41:29.667 V/WindowManagerShell( 1036): Transition requested (#14): android.os.BinderProxy@90149f3 TransitionRequestInfo { type = CHANGE, triggerTask = null, pipChange = null, remoteTransitionInfo = null, displayChange = DisplayChange { displayId = 0, startAbsBounds = null, endAbsBounds = null, startRotation = 0, endRotation = 1, physicalDisplayChanged = false, disconnectReparentDisplay = -1, endInsetsState = null }, requestedLocation = null, userChange = null, windowingLayerChange = null, fullscreenRequestChange = null, flags = 0, debugId = 14 }
04-26 15:41:29.667 V/ShellDesktopMode( 1036): DisconnectHandler: handleRequest: no reparent display; returning
04-26 15:41:29.667 V/ShellDesktopMode( 1036): DesktopTasksController: skipping handleRequest reason=triggerTask is null
04-26 15:41:29.669 W/SurfaceFlinger(  566): requested unsupported config eVsyncSourceSurfaceFlinger
04-26 15:41:29.669 D/SmartspaceInteractor( 1219): notifySmartspaceEvent: SmartspaceTargetEvent{mSmartspaceTarget=null, mSmartspaceActionId='null', mEventType=7}
04-26 15:41:29.676 I/DisplayTopology(  736): Display with ID 0 updated, new logical width: 2400, new logicalHeight: 1080, new density: 420
04-26 15:41:29.677 I/ActivityTaskManager(  736): Config changes=20000480 {1.0 310mcc260mnc [en_US] ldltr sw411dp w914dp h411dp 420dpi nrml long compactNeeded land finger qwerty/v/v dpad/v winConfig={ mBounds=Rect(0, 0 - 2400, 1080) mAppBounds=Rect(0, 0 - 2400, 1080) mMaxBounds=Rect(0, 0 - 2400, 1080) mDisplayRotation=ROTATION_90 mWindowingMode=fullscreen mActivityType=undefined mAlwaysOnTop=undefined mRotation=ROTATION_90} as.3 s.78 fontWeightAdjustment=0}
04-26 15:41:29.678 D/BrightnessThermalClamper(  736): Thermal status observer already started
04-26 15:41:29.682 E/AppOps  (  736): attributionTag VCN not declared in manifest of android
04-26 15:41:29.684 I/Icing   ( 1867): IndexChimeraService.getServiceInterface callingPackage=com.google.android.gms componentName=AppsCorpus serviceId=36
04-26 15:41:29.684 I/MuPreload( 5343): Check data root: /storage/emulated/0/Android/data/com.muonline.client/files existingDataDir=/storage/emulated/0/Android/data/com.muonline.client/files/Data usable=true marker=true
04-26 15:41:29.685 D/CompatChangeReporter(  736): Compat change id reported: 151861875; UID 10172; state: ENABLED
04-26 15:41:29.694 I/WindowManager(  736): Override config changes=20000480 {1.0 310mcc260mnc [en_US] ldltr sw411dp w914dp h411dp 420dpi nrml long compactNeeded land finger qwerty/v/v dpad/v winConfig={ mBounds=Rect(0, 0 - 2400, 1080) mAppBounds=Rect(0, 0 - 2400, 1080) mMaxBounds=Rect(0, 0 - 2400, 1080) mDisplayRotation=ROTATION_90 mWindowingMode=fullscreen mActivityType=undefined mAlwaysOnTop=undefined mRotation=ROTATION_90} as.3 s.78 fontWeightAdjustment=0} for displayId=0
04-26 15:41:29.694 W/TransitionChain(  736): Combining dispOverCfg into #14(CHANGE|R|0x0) from updateRot
04-26 15:41:29.701 V/ShellDesktopMode( 1036): DesktopDisplayEventHandler: displayAreaChanged in displayId=0, keyguardLocked=false
04-26 15:41:29.701 V/ShellDesktopMode( 1036): DesktopDisplayEventHandler: handlePotentialReconnect: default display; aborting.
04-26 15:41:29.701 V/ShellDesktopMode( 1036): DesktopDisplayEventHandler: createDefaultDesksIfNeeded displays=[0] userId=null
04-26 15:41:29.703 V/ShellDragAndDrop( 1036): Display changed: 0
04-26 15:41:29.706 V/ShellDesktopMode( 1036): DesktopDisplayEventHandler: shouldCreateOrWarmUpDesk skipping displayId=0 reason: desktop ineligible
04-26 15:41:29.710 D/ShadeStatusBarComponentsInteractor#disableFlagsInteractor( 1036): newValue: DisableFlagsModel(disable1=0, disable2=0, animate=true)
04-26 15:41:29.711 I/NoBackGesture( 1036): Config changed: newConfig={1.0 310mcc260mnc [en_US] ldltr sw411dp w914dp h411dp 420dpi nrml long compactNeeded land finger qwerty/v/v dpad/v winConfig={ mBounds=Rect(0, 0 - 2400, 1080) mAppBounds=Rect(0, 0 - 2400, 1080) mMaxBounds=Rect(0, 0 - 2400, 1080) mDisplayRotation=ROTATION_90 mWindowingMode=fullscreen mActivityType=undefined mAlwaysOnTop=undefined mRotation=ROTATION_90} as.3 s.114 fontWeightAdjustment=0} lastReportedConfig={1.0 310mcc260mnc [en_US] ldltr sw411dp w411dp h914dp 420dpi nrml long compactNeeded port finger qwerty/v/v dpad/v winConfig={ mBounds=Rect(0, 0 - 1080, 2400) mAppBounds=Rect(0, 0 - 1080, 2400) mMaxBounds=Rect(0, 0 - 1080, 2400) mDisplayRotation=ROTATION_0 mWindowingMode=fullscreen mActivityType=undefined mAlwaysOnTop=undefined mRotation=ROTATION_0} as.3 s.75 fontWeightAdjustment=0}
04-26 15:41:29.711 I/NoBackGesture( 1036): NavbarController: newConfig={1.0 310mcc260mnc [en_US] ldltr sw411dp w914dp h411dp 420dpi nrml long compactNeeded land finger qwerty/v/v dpad/v winConfig={ mBounds=Rect(0, 0 - 2400, 1080) mAppBounds=Rect(0, 0 - 2400, 1080) mMaxBounds=Rect(0, 0 - 2400, 1080) mDisplayRotation=ROTATION_90 mWindowingMode=fullscreen mActivityType=undefined mAlwaysOnTop=undefined mRotation=ROTATION_90} as.3 s.114 fontWeightAdjustment=0} mTaskbarDelegate initialized=true willApplyConfigToNavbars=false navBarCount=0
04-26 15:41:29.712 D/PerDisplayTaskbarResource( 1219): onConfigurationChanged: {1.0 310mcc260mnc [en_US] ldltr sw411dp w914dp h411dp 420dpi nrml long compactNeeded land finger qwerty/v/v dpad/v winConfig={ mBounds=Rect(0, 0 - 2400, 1080) mAppBounds=Rect(0, 0 - 2400, 1080) mMaxBounds=Rect(0, 0 - 2400, 1080) mDisplayRotation=ROTATION_90 mWindowingMode=fullscreen mActivityType=undefined mAlwaysOnTop=undefined mRotation=ROTATION_90} as.3 s.78 fontWeightAdjustment=0} displayId=0
04-26 15:41:29.712 D/PerDisplayTaskbarResource( 1219): onConfigurationChanged: | configDiff={} displayId=0
04-26 15:41:29.712 D/PerDisplayTaskbarResource( 1219): onConfigurationChanged: isTaskbarEnabled()=True displayId=0
04-26 15:41:29.712 D/PerDisplayTaskbarResource( 1219): onConfigurationChanged: call recreateTaskbars displayId=0
04-26 15:41:29.712 D/PerDisplayTaskbarResource( 1219): recreateTaskbarForDisplay displayId=0
04-26 15:41:29.712 D/PerDisplayTaskbarResource( 1219): recreateTaskbarForDisplay: getting device profile displayId=0
04-26 15:41:29.712 D/PerDisplayTaskbarResource( 1219): recreateTaskbarForDisplay: destroying taskbar displayId=0
04-26 15:41:29.712 D/PerDisplayTaskbarResource( 1219): destroyTaskbarForDisplay displayId=0
04-26 15:41:29.713 D/CueBarController( 1219): CuebarController destroy
04-26 15:41:29.713 D/ShadeStateTraceLogger( 1036): New configuration change from Shade window. smallestScreenWidthDp: 411, densityDpi: 420
04-26 15:41:29.713 D/ShadeStateTraceLogger( 1036): New shadeHeaderHeight: 0, displayId: 0
04-26 15:41:29.714 D/TaskbarOverlayController( 1219): onDestroy: 	at com.android.launcher3.taskbar.PerDisplayTaskbarResource.destroyTaskbarForDisplay(go/retraceme 7226a759aa2bb3787a79806f85d80eaad84f1f1e15acd6db988f2df789d1680d:455)
04-26 15:41:29.714 D/TaskbarOverlayController( 1219): 	at com.android.launcher3.taskbar.TaskbarManagerImpl.recreateTaskbarForDisplay(go/retraceme 7226a759aa2bb3787a79806f85d80eaad84f1f1e15acd6db988f2df789d1680d:125)
04-26 15:41:29.714 D/TaskbarOverlayController( 1219): 	at com.android.launcher3.taskbar.TaskbarManagerImpl$$ExternalSyntheticLambda24.invoke(go/retraceme 7226a759aa2bb3787a79806f85d80eaad84f1f1e15acd6db988f2df789d1680d:45)
04-26 15:41:29.714 D/TaskbarOverlayController( 1219): onDestroy: Was window already present? false
04-26 15:41:29.714 D/PerDisplayTaskbarResource( 1219): recreateTaskbarForDisplay: isTaskbarEnabled=true [dp != null]=true mUserUnlocked=true dp.isTaskbarPresent=false isTaskbarEnabled=true displayExists=true displayId=0
04-26 15:41:29.714 D/PerDisplayTaskbarResource( 1219): recreateTaskbarForDisplay: creating taskbar displayId=0
04-26 15:41:29.716 I/AppBase ( 4105): AppBase.onConfigurationChanged():294 onConfigurationChanged() : NewConfig = {1.0 310mcc260mnc [en_US] ldltr sw411dp w914dp h411dp 420dpi nrml long compactNeeded land finger qwerty/v/v dpad/v winConfig={ mBounds=Rect(0, 0 - 2400, 1080) mAppBounds=Rect(0, 0 - 2400, 1080) mMaxBounds=Rect(0, 0 - 2400, 1080) mDisplayRotation=ROTATION_90 mWindowingMode=fullscreen mActivityType=undefined mAlwaysOnTop=undefined mRotation=ROTATION_90} as.3 s.95 fontWeightAdjustment=0}
04-26 15:41:29.723 I/GoogleInputMethodService( 4105): GoogleInputMethodService.onConfigurationChanged():1078 onConfigurationChanged() : NewConfig = {1.0 310mcc260mnc [en_US] ldltr sw411dp w914dp h411dp 420dpi nrml long compactNeeded land finger qwerty/v/v dpad/v winConfig={ mBounds=Rect(0, 0 - 2400, 1080) mAppBounds=Rect(0, 0 - 2400, 1080) mMaxBounds=Rect(0, 0 - 2400, 1080) mDisplayRotation=ROTATION_90 mWindowingMode=fullscreen mActivityType=undefined mAlwaysOnTop=undefined mRotation=ROTATION_90} as.3 s.78 fontWeightAdjustment=0}
04-26 15:41:29.725 I/GoogleInputMethodService( 4105): GoogleInputMethodService.onConfigurationChanged():1079 device real metrics: DisplayMetrics{density=2.625, width=2400, height=1080, scaledDensity=2.625, xdpi=420.0, ydpi=420.0}
04-26 15:41:29.725 I/GoogleInputMethodService( 4105): GoogleInputMethodService.onConfigurationChanged():1087 Maybe update OEM display config because of configuration change
04-26 15:41:29.726 I/InputMethodEntryManager( 4105): InputMethodEntryManager.notifyCurrentInputMethodEntryOnContextChanged():560 notifyCurrentInputMethodEntryOnContextChanged()
04-26 15:41:29.726 I/InputMethodEntryManager( 4105): InputMethodEntryManager.notifyCurrentInputMethodEntryOnContextChanged():581 Notify current input method entry changed on context change
04-26 15:41:29.729 I/SystemSubtypesReportModule( 4105): SystemSubtypesReportModule$2.onCurrentInputMethodEntryChanged():153 entry: en-US, source: UNSPECIFIED
04-26 15:41:29.730 I/KeyboardContextProvider( 4105): KeyboardContextProvider$KeyboardContextCache.createKeyboardContext():173 createKeyboardContext(): en-US, lpz@f8aa474(com.android.inputmethod.latin.LatinIME@3ee55f2), {1.0 310mcc260mnc [en_US] ldltr sw411dp w914dp h411dp 420dpi nrml long compactNeeded land finger qwerty/v/v dpad/v winConfig={ mBounds=Rect(0, 0 - 2400, 1080) mAppBounds=Rect(0, 0 - 2400, 1080) mMaxBounds=Rect(0, 0 - 2400, 1080) mDisplayRotation=ROTATION_90 mWindowingMode=fullscreen mActivityType=undefined mAlwaysOnTop=undefined mRotation=ROTATION_90} as.3 s.78 fontWeightAdjustment=0}
04-26 15:41:29.730 I/GoogleInputMethodService( 4105): GoogleInputMethodService.onCurrentInputMethodEntryChanged():2375 onCurrentInputMethodEntryChanged(): imeDefsChanged=false, entryLanguageVariantChanged=false, keyboardContextChanged=true
04-26 15:41:29.731 I/KeyboardContextProvider( 4105): KeyboardContextProvider.setBaseContextAndInvalidKeyboardContextCache():88 setBaseContextAndInvalidKeyboardContextCache(): com.android.inputmethod.latin.LatinIME@3ee55f2
04-26 15:41:29.731 I/InputMethodEntryManager( 4105): InputMethodEntryManager.resetLanguages():2825 resetLanguages(): languages=null, conditionName=orientation
04-26 15:41:29.732 I/ImeDefCache( 4105): ImeDefCache.clearCacheForLanguages():392 clearCacheForLanguages(): []
04-26 15:41:29.732 I/AdditionalImeDefCache( 4105): AdditionalImeDefCache.clearAdditionalImeDefsForCondition():421 clearAdditionalImeDefsForCondition() clear additional ImeDefs: []
04-26 15:41:29.732 I/InputMethodEntryManager( 4105): InputMethodEntryManager.resetLanguages():2836 Clear cache for languages: null, changed=false
04-26 15:41:29.733 I/InputMethodEntryManager( 4105): InputMethodEntryManager.startLoadingInputMethodEntrySettings():755 Start loading input method entry settings: [LanguageTagVariantTuple{languageTag=en-US, variant=qwerty}]
04-26 15:41:29.733 D/BoundBrokerSvc( 1867): onBind: Intent { act=com.google.android.gms.feedback.internal.IFeedbackService dat=chimera-action:/... xflg=0x4 cmp=com.google.android.gms/.chimera.GmsBoundBrokerService }
04-26 15:41:29.733 D/BoundBrokerSvc( 1867): Loading bound service for intent: Intent { act=com.google.android.gms.feedback.internal.IFeedbackService dat=chimera-action:/... xflg=0x4 cmp=com.google.android.gms/.chimera.GmsBoundBrokerService }
04-26 15:41:29.733 I/InputMethodEntryManager( 4105): InputMethodEntryManager.updateInputMethodEntrySettingsLoadingTask():885 update loading task with resetImplicitlyEnabledEntries is false
04-26 15:41:29.733 I/InputMethodEntryManager( 4105): InputMethodEntryManager$4.onSuccess():907 Success load entries: [LanguageTagVariantTuple{languageTag=en-US, variant=qwerty}], resetImplicitlyEnabledEntries=false, initialized=true
04-26 15:41:29.735 I/SP      ( 4105): Registering emoticon_content_description.2022081613, url: https://www.gstatic.com/android/keyboard/emoticon_content_desc/202208161305/superpacks_manifest.json, constraints: W:*:*:*, flags: bg, requested: 2022081613, current: 2022081613
04-26 15:41:29.742 I/InputMethodEntryManager( 4105): InputMethodEntryManager.changeCurrentInputMethodEntry():3048 Set current input method entry: source=UNSPECIFIED, entryChanged=false, enablePersist=true, mua{languageTag=en-US, variant=qwerty, hasLocalizedResources=true, conditionCacheKey=_android_software_xr_api_spatial=false_app_first_start_timestamp=1776337405505_cache_additional_ime_defs_for_condition_change=false_cache_ime_defs_for_condition_change=false_deprecate_long_press_space_for_ime_picker=false_device=phone_device_size=default_enable_more_candidates_view_for_multilingual=false_enable_number_row=false_enable_number_row_in_password=true_enable_pk_simulator=false_enable_pk_simulator_setting=false_enable_preemptive_decode=true_enable_scrub_move=true_enable_secondary_digits=true_enable_secondary_symbols=false_expressions=normal_four_or_more_letter_rows=false_free_cursor=false_free_cursor_spacebar_popup=false_keyboard_font_size_setting=_keyboard_mode=normal_language=en-US_layout_9key_split=false_orientation=landscape_physical_keyboard=qwerty_pk_simulator_vk_ready=false_pref_enable_flick_symbols=false_rtl_layout=false_show_comma_key=true_show_period_key=true_show_secondary_digits=true_show_suggestion_strip=true_show_suggestions=true_split_with_duplicate_keys=true_true=true_variant=qwerty_writing_helper_enable_by_word_revert=false, imeDef.stringId=ime_english_united_states, imeDef.className=com.google.android.apps.inputmethod.libs.latin5.LatinIme, imeDef.languageTag=en-US}
04-26 15:41:29.742 I/InputMethodEntryManager( 4105): InputMethodEntryManager.loadAdditionalImeDefsForCurrentEntry():3077 loadAdditionalImeDefsForCurrentEntry(): mua{languageTag=en-US, variant=qwerty, hasLocalizedResources=true, conditionCacheKey=_android_software_xr_api_spatial=false_app_first_start_timestamp=1776337405505_cache_additional_ime_defs_for_condition_change=false_cache_ime_defs_for_condition_change=false_deprecate_long_press_space_for_ime_picker=false_device=phone_device_size=default_enable_more_candidates_view_for_multilingual=false_enable_number_row=false_enable_number_row_in_password=true_enable_pk_simulator=false_enable_pk_simulator_setting=false_enable_preemptive_decode=true_enable_scrub_move=true_enable_secondary_digits=true_enable_secondary_symbols=false_expressions=normal_four_or_more_letter_rows=false_free_cursor=false_free_cursor_spacebar_popup=false_keyboard_font_size_setting=_keyboard_mode=normal_language=en-US_layout_9key_split=false_orientation=landscape_physical_keyboard=qwerty_pk_simulator_vk_ready=false_pref_enable_flick_symbols=false_rtl_layout=false_show_comma_key=true_show_period_key=true_show_secondary_digits=true_show_suggestion_strip=true_show_suggestions=true_split_with_duplicate_keys=true_true=true_variant=qwerty_writing_helper_enable_by_word_revert=false, imeDef.stringId=ime_english_united_states, imeDef.className=com.google.android.apps.inputmethod.libs.latin5.LatinIme, imeDef.languageTag=en-US}
04-26 15:41:29.743 I/InputMethodEntryManager( 4105): InputMethodEntryManager$6.onSuccess():3093 Success load additional ImeDefs, entryChanged=false, additionalImeDefsChanged=false, [noh{stringId=password, language=und-Latn-x-password, languageTag=und-Latn-x-password, processedConditions={writing_helper_enable_by_word_revert=false, variant=qwerty, true=true, language=en-US, enable_number_row=true, device=phone, enable_number_row_in_password=true, enable_pk_simulator=false}, className=com.google.android.libraries.inputmethod.ime.password.PasswordIme, label=2132019347, keyEventInterpreter=null, inlineComposing=true, autoCapital=true, announceAutoSelectedCandidate=true, statusIcon=0, indicatorIcon=0, indicatorLabel=null, displayAppCompletions=false, extraValues=noa{}, processors=nqa@e1dc12, unacceptableMetaKeys=4098, languageSpecificSettings=0, asciiCapable=false, alwaysShowSuggestions=false, useAsciiPasswordKeyboard=false, keyboardGroupDef=npj@9245fe3, phenotypeFlagId=0, localizationLanguageTag=null, supportsInlineSuggestion=false}, noh{stringId=number, language=und-Latn-x-number, languageTag=und-Latn-x-number, processedConditions={}, className=com.google.android.libraries.inputmethod.ime.DummyIme, label=2132019284, keyEventInterpreter=null, inlineComposing=true, autoCapital=false, announceAutoSelectedCandidate=false, statusIcon=0, indicatorIcon=0, indicatorLabel=null, displayAppCompletions=false, extraValues=noa{}, processors=nqa@e1dc12, unacceptableMetaKeys=4098, languageSpecificSettings=0, asciiCapable=false, alwaysShowSuggestions=false, useAsciiPasswordKeyboard=false, keyboardGroupDef=npj@6462de0, phenotypeFlagId=0, localizationLanguageTag=null, supportsInlineSuggestion=false}, noh{stringId=number_password, language=und-Latn-x-number-password, languageTag=und-Latn-x-number-password, processedConditions={}, className=com.google.android.libraries.inputmethod.ime.DummyIme, label=2132019285, keyEventInterpreter=null, inlineComposing=true, autoCapital=false, announceAutoSelectedCandidate=false, statusIcon=0, indicatorIcon=0, indicatorLabel=null, displayAppCompletions=false, extraValues=noa{}, processors=nqa@e1dc12, unacceptableMetaKeys=4098, languageSpecificSettings=0, asciiCapable=false, alwaysShowSuggestions=false, useAsciiPasswordKeyboard=false, keyboardGroupDef=npj@91bf899, phenotypeFlagId=0, localizationLanguageTag=null, supportsInlineSuggestion=false}, noh{stringId=phone_number, language=und-Latn-x-phone-number, languageTag=und-Latn-x-phone-number, processedConditions={}, className=com.google.android.libraries.inputmethod.ime.DummyIme, label=2132019384, keyEventInterpreter=null, inlineComposing=true, autoCapital=false, announceAutoSelectedCandidate=false, statusIcon=0, indicatorIcon=0, indicatorLabel=null, displayAppCompletions=false, extraValues=noa{}, processors=nqa@e1dc12, unacceptableMetaKeys=4098, languageSpecificSettings=0, asciiCapable=false, alwaysShowSuggestions=false, useAsciiPasswordKeyboard=false, keyboardGroupDef=npj@5fda75e, phenotypeFlagId=0, localizationLanguageTag=null, supportsInlineSuggestion=false}, noh{stringId=date_time, language=und-Latn-x-date-time, languageTag=und-Latn-x-date-time, processedConditions={}, className=com.google.android.libraries.inputmethod.ime.DummyIme, label=2132017762, keyEventInterpreter=null, inlineComposing=true, autoCapital=false, announceAutoSelectedCandidate=false, statusIcon=0, indicatorIcon=0, indicatorLabel=null, displayAppCompletions=false, extraValues=noa{}, processors=nqa@e1dc12, unacceptableMetaKeys=4098, languageSpecificSettings=0, asciiCapable=false, alwaysShowSuggestions=false, useAsciiPasswordKeyboard=false, keyboardGroupDef=npj@6b3173f, phenotypeFlagId=0, localizationLanguageTag=null, supportsInlineSuggestion=false}]
04-26 15:41:29.743 I/InputMethodEntryManager( 4105): InputMethodEntryManager.onSuccessLoadingAdditionalImeDefs():3159 Additional ImeDefs have been loaded, maybe notify entry change: false
04-26 15:41:29.745 V/WindowManager(  736): Sent Transition (#14) createdAt=04-26 15:41:29.654 via request=TransitionRequestInfo { type = CHANGE, triggerTask = null, pipChange = null, remoteTransitionInfo = null, displayChange = DisplayChange { displayId = 0, startAbsBounds = null, endAbsBounds = null, startRotation = 0, endRotation = 1, physicalDisplayChanged = false, disconnectReparentDisplay = -1, endInsetsState = null }, requestedLocation = null, userChange = null, windowingLayerChange = null, fullscreenRequestChange = null, flags = 0, debugId = 14 }
04-26 15:41:29.746 V/WindowManager(  736):     startWCT=WindowContainerTransaction { changes= {} hops= [] flags= 0 errorCallbackToken=null taskFragmentOrganizer=null }
04-26 15:41:29.746 V/WindowManager(  736):     info={id=14 t=CHANGE f=0x0 trk=0 r=[0@Point(0, 0)] c=[
04-26 15:41:29.746 V/WindowManager(  736):         {WCT{RemoteToken{927adbf Task{5ad6b0c #89 type=standard A=10230:com.muonline.client}}} m=CHANGE f=NONE p=WCT{RemoteToken{c11d292 DefaultTaskDisplayArea@125646128}} leash=Surface(name=Task=89#114)/@0xbffecc7 sb=Rect(0, 0 - 1080, 2400) eb=Rect(0, 0 - 2400, 1080) epz=Point(2400, 1080) d=0 r=0->1:0 taskParent=-1 winMode=1 userId=0},
04-26 15:41:29.746 V/WindowManager(  736):         {WCT{RemoteToken{c11d292 DefaultTaskDisplayArea@125646128}} m=CHANGE f=FLAG_IS_TASK_DISPLAY_AREA p=WCT{RemoteToken{5194fac AppZoomOut:2:14@13750468}} leash=Surface(name=DefaultTaskDisplayArea#9)/@0x7ec752e sb=Rect(0, 0 - 1080, 2400) eb=Rect(0, 0 - 2400, 1080) epz=Point(2400, 1080) d=0 r=0->1:-1},
04-26 15:41:29.746 V/WindowManager(  736):         {WCT{RemoteToken{5194fac AppZoomOut:2:14@13750468}} m=CHANGE f=NONE p=WCT{RemoteToken{d158475 WindowedMagnification:0:31@119458816}} leash=Surface(name=AppZoomOut:2:14#8)/@0x8565169 sb=Rect(0, 0 - 1080, 2400) eb=Rect(0, 0 - 2400, 1080) epz=Point(2400, 1080) d=0 r=0->1:-1},
04-26 15:41:29.746 V/WindowManager(  736):         {WCT{RemoteToken{d158475 WindowedMagnification:0:31@119458816}} m=CHANGE f=NONE p=WCT{RemoteToken{f199 Display{#0 state=ON size=2400x1080 ROTATION_90}}} leash=Surface(name=WindowedMagnification:0:31#3)/@0x62e2663 sb=Rect(0, 0 - 1080, 2400) eb=Rect(0, 0 - 2400, 1080) epz=Point(2400, 1080) d=0 r=0->1:-1},
04-26 15:41:29.746 V/WindowManager(  736):         {WCT{RemoteToken{f199 Display{#0 state=ON size=2400x1080 ROTATION_90}}} m=CHANGE f=IS_DISPLAY leash=Surface(name=WindowedMagnification:0:31#3)/@0x62e2663 sb=Rect(0, 0 - 1080, 2400) eb=Rect(0, 0 - 2400, 1080) epz=Point(2400, 1080) d=0 r=0->1:3}
04-26 15:41:29.746 V/WindowManager(  736):     ]}
04-26 15:41:29.746 I/SystemSubtypesReportModule( 4105): SystemSubtypesReportModule$2.onCurrentInputMethodEntryChanged():153 entry: en-US, source: UNSPECIFIED
04-26 15:41:29.747 I/GoogleInputMethodService( 4105): GoogleInputMethodService.onCurrentInputMethodEntryChanged():2375 onCurrentInputMethodEntryChanged(): imeDefsChanged=false, entryLanguageVariantChanged=false, keyboardContextChanged=false
04-26 15:41:29.747 I/GoogleInputMethodService( 4105): GoogleInputMethodService.onCurrentInputMethodEntryChanged():2393 Skip the entry change as the input method entry is consider as not changed.
04-26 15:41:29.749 I/DeviceModeModule( 4105): DeviceModeModule.calculateAndNotify():225 Device mode 'phone' from display metrics 'DisplayMetrics{density=0.0, width=1080, height=2400, scaledDensity=0.0, xdpi=420.0, ydpi=420.0}' or smallestScreenWidthDp: 411
04-26 15:41:29.750 I/GoogleInputMethodService( 4105): GoogleInputMethodService.onConfigurationChanged():1109 changedMask : 20000480
04-26 15:41:29.750 I/GoogleInputMethodService( 4105): GoogleInputMethodService.clearInputMethodServiceData():1064 clearInputMethodServiceData for configurationChange
04-26 15:41:29.750 I/GoogleInputMethodService( 4105): GoogleInputMethodService.discardAllKeyboardViewAndInputView():1299 discardAllKeyboardViewAndInputView()
04-26 15:41:29.750 I/AbstractOpenableExtension( 4105): AbstractOpenableExtension.maybeDestroyExistingKeyboardGroupManager():536 Destroy existing keyboard group manager in hph
04-26 15:41:29.750 I/AbstractOpenableExtension( 4105): AbstractOpenableExtension$3.onSuccess():556 KeyboardGroupManager destroyed in hph.
04-26 15:41:29.750 I/AbstractOpenableExtension( 4105): AbstractOpenableExtension.createKeyboardGroupManagerListenableFuture():121 Create keyboard group manager listenable future in hph
04-26 15:41:29.751 I/AbstractOpenableExtension( 4105): AbstractOpenableExtension.maybeDestroyExistingKeyboardGroupManager():536 Destroy existing keyboard group manager in fei
04-26 15:41:29.751 I/AbstractOpenableExtension( 4105): AbstractOpenableExtension$3.onSuccess():556 KeyboardGroupManager destroyed in fei.
04-26 15:41:29.751 I/AbstractOpenableExtension( 4105): AbstractOpenableExtension.createKeyboardGroupManagerListenableFuture():121 Create keyboard group manager listenable future in fei
04-26 15:41:29.751 V/WindowManagerShell( 1036): onTransitionReady(transaction=3161095931011)
04-26 15:41:29.752 I/AbstractOpenableExtension( 4105): AbstractOpenableExtension.maybeDestroyExistingKeyboardGroupManager():536 Destroy existing keyboard group manager in hsc
04-26 15:41:29.753 I/AbstractOpenableExtension( 4105): AbstractOpenableExtension$3.onSuccess():556 KeyboardGroupManager destroyed in hsc.
04-26 15:41:29.753 I/AbstractOpenableExtension( 4105): AbstractOpenableExtension.createKeyboardGroupManagerListenableFuture():121 Create keyboard group manager listenable future in hsc
04-26 15:41:29.753 I/KeyboardGroupDefParser( 4105): KeyboardGroupDefParser.parseKeyboardGroupDef():86 parseKeyboardGroupDef() 2132213994 -> 0_resource_name_obfuscated : WaitTime = 0 ms : RunTime = 2 ms
04-26 15:41:29.754 I/Icing   ( 1867): Usage reports ok 1, Failed Usage reports 0, indexed 0, rejected 0
04-26 15:41:29.756 I/ImeTracker(  736): com.muonline.client:72d3b319: onRequestHide at ORIGIN_SERVER reason HIDE_UNSPECIFIED_WINDOW fromUser false userId 0 displayId 0
04-26 15:41:29.760 I/MuPreload( 5343): Skip download, usable data exists: /storage/emulated/0/Android/data/com.muonline.client/files/Data markerWasPresent=true
04-26 15:41:29.761 W/ModuleManager( 4105): ModuleManager.loadModule():634 Module pig is not available
04-26 15:41:29.762 I/InputManager-JNI(  736): Viewport [0] to add: local:4619827259835644672, isActive: true
04-26 15:41:29.762 I/InputReader(  736): Reconfiguring input devices, changes=DISPLAY_INFO
04-26 15:41:29.763 I/InputReader(  736): Touch device 'virtio_input_multi_touch_11' could not query the properties of its associated display.  The device will be inoperable until the display size becomes available.
04-26 15:41:29.763 I/InputReader(  736): Touch device 'virtio_input_multi_touch_10' could not query the properties of its associated display.  The device will be inoperable until the display size becomes available.
04-26 15:41:29.763 I/InputReader(  736): Touch device 'virtio_input_multi_touch_9' could not query the properties of its associated display.  The device will be inoperable until the display size becomes available.
04-26 15:41:29.763 I/InputReader(  736): Touch device 'virtio_input_multi_touch_8' could not query the properties of its associated display.  The device will be inoperable until the display size becomes available.
04-26 15:41:29.763 I/InputReader(  736): Touch device 'virtio_input_multi_touch_7' could not query the properties of its associated display.  The device will be inoperable until the display size becomes available.
04-26 15:41:29.763 I/InputReader(  736): Touch device 'virtio_input_multi_touch_6' could not query the properties of its associated display.  The device will be inoperable until the display size becomes available.
04-26 15:41:29.763 I/InputReader(  736): Touch device 'virtio_input_multi_touch_5' could not query the properties of its associated display.  The device will be inoperable until the display size becomes available.
04-26 15:41:29.763 I/InputReader(  736): Touch device 'virtio_input_multi_touch_4' could not query the properties of its associated display.  The device will be inoperable until the display size becomes available.
04-26 15:41:29.763 I/InputReader(  736): Touch device 'virtio_input_multi_touch_3' could not query the properties of its associated display.  The device will be inoperable until the display size becomes available.
04-26 15:41:29.763 I/InputReader(  736): Touch device 'virtio_input_multi_touch_2' could not query the properties of its associated display.  The device will be inoperable until the display size becomes available.
04-26 15:41:29.764 D/Bubbles ( 1036): BubblePositioner.update() insets=Insets{left=132, top=74, right=0, bottom=63} largeScreen=false smallTablet=false isBubbleBar=false bounds=Rect(0, 0 - 2400, 1080)
04-26 15:41:29.766 D/ShellSplitScreen( 1036): onTaskInfoChanged: taskId=5 taskAct=null stageId=MAIN displayId=0
04-26 15:41:29.766 D/InsetsController( 5343): hide(ime())
04-26 15:41:29.768 D/ShellSplitScreen( 1036): Updating status bar override leftRight=false currentSplit=1 splitVisible=false overridden=false
04-26 15:41:29.769 D/ShellSplitScreen( 1036): No change in status bar override state
04-26 15:41:29.769 V/ShellSplitScreen( 1036): Updating status bar for split, no change in state
04-26 15:41:29.770 I/ImeTracker( 5343): com.muonline.client:72d3b319: onCancelled at PHASE_CLIENT_ALREADY_HIDDEN
04-26 15:41:29.771 I/DeviceModeModule( 4105): DeviceModeModule.calculateAndNotify():225 Device mode 'phone' from display metrics 'DisplayMetrics{density=0.0, width=2400, height=1080, scaledDensity=0.0, xdpi=420.0, ydpi=420.0}' or smallestScreenWidthDp: 411
04-26 15:41:29.771 W/LatinCommonMetricsProcessor( 4105): LatinCommonMetricsProcessor.processInputMethodEntryChanged():2554 The new entry is equal to the old entry
04-26 15:41:29.771 V/ShellSplitScreen( 1036): Updating status bar for split, no change in state
04-26 15:41:29.772 V/WindowManagerShell( 1036): onTransitionReady (#14) android.os.BinderProxy@90149f3: {id=14 t=CHANGE f=0x0 trk=0 r=[0@Point(0, 0)] c=[
04-26 15:41:29.772 V/WindowManagerShell( 1036):         {m=CHANGE f=NONE p=WCT{android.os.BinderProxy@d845049} leash=Surface(name=Task=89#114)/@0x77bded5 sb=Rect(0, 0 - 1080, 2400) eb=Rect(0, 0 - 2400, 1080) epz=Point(2400, 1080) d=0 r=0->1:0 taskParent=-1 winMode=1 userId=0},
04-26 15:41:29.772 V/WindowManagerShell( 1036):         {m=CHANGE f=FLAG_IS_TASK_DISPLAY_AREA p=WCT{android.os.BinderProxy@38a5576} leash=Surface(name=DefaultTaskDisplayArea#9)/@0xb60f6ea sb=Rect(0, 0 - 1080, 2400) eb=Rect(0, 0 - 2400, 1080) epz=Point(2400, 1080) d=0 r=0->1:-1},
04-26 15:41:29.772 V/WindowManagerShell( 1036):         {m=CHANGE f=NONE p=WCT{android.os.BinderProxy@7be5302} leash=Surface(name=AppZoomOut:2:14#8)/@0x6809ddb sb=Rect(0, 0 - 1080, 2400) eb=Rect(0, 0 - 2400, 1080) epz=Point(2400, 1080) d=0 r=0->1:-1},
04-26 15:41:29.772 V/WindowManagerShell( 1036):         {m=CHANGE f=NONE p=WCT{android.os.BinderProxy@9b57942} leash=Surface(name=WindowedMagnification:0:31#3)/@0x73e2078 sb=Rect(0, 0 - 1080, 2400) eb=Rect(0, 0 - 2400, 1080) epz=Point(2400, 1080) d=0 r=0->1:-1},
04-26 15:41:29.772 V/WindowManagerShell( 1036):         {m=CHANGE f=IS_DISPLAY leash=Surface(name=WindowedMagnification:0:31#3)/@0x8289351 sb=Rect(0, 0 - 1080, 2400) eb=Rect(0, 0 - 2400, 1080) epz=Point(2400, 1080) d=0 r=0->1:3}
04-26 15:41:29.772 V/WindowManagerShell( 1036):     ]}
04-26 15:41:29.773 I/GoogleInputMethodService( 4105): GoogleInputMethodService$8.onWindowMetricsChanged():817 windowMetrics: bounds() = Rect(132, 74 - 2400, 1080), insets() = Rect(0, 0 - 0, 0)
04-26 15:41:29.773 W/AndroidIME( 4105): LatinIMEBase.updateInputViewCoverNavigation():319 Null input view, cannot update padding!
04-26 15:41:29.774 I/WindowMetricsNotification( 4105): WindowMetricsNotification.notify():159 qnx[bounds=Rect(132, 74 - 2400, 1080), insets=Rect(0, 0 - 0, 0), densityDpi=420, smallestScreenWidthDp=411, displayWidth=2400, displayHeight=1080, xdpi=420.0, ydpi=420.0, isTrustable=true, displayId=0]; DisplayMetrics{density=2.625, width=2400, height=1080, scaledDensity=2.625, xdpi=420.0, ydpi=420.0}
04-26 15:41:29.774 I/WindowMetricsHelper( 4105): WindowMetricsHelper.predictAndNotify():145 Window metrics predicted.
04-26 15:41:29.774 I/GoogleInputMethodService( 4105): GoogleInputMethodService.initializeInputMethodServiceData():872 initializeInputMethodServiceData for mua{languageTag=en-US, variant=qwerty, hasLocalizedResources=true, conditionCacheKey=_android_software_xr_api_spatial=false_app_first_start_timestamp=1776337405505_cache_additional_ime_defs_for_condition_change=false_cache_ime_defs_for_condition_change=false_deprecate_long_press_space_for_ime_picker=false_device=phone_device_size=default_enable_more_candidates_view_for_multilingual=false_enable_number_row=false_enable_number_row_in_password=true_enable_pk_simulator=false_enable_pk_simulator_setting=false_enable_preemptive_decode=true_enable_scrub_move=true_enable_secondary_digits=true_enable_secondary_symbols=false_expressions=normal_four_or_more_letter_rows=false_free_cursor=false_free_cursor_spacebar_popup=false_keyboard_font_size_setting=_keyboard_mode=normal_language=en-US_layout_9key_split=false_orientation=landscape_physical_keyboard=qwerty_pk_simulator_vk_ready=false_pref_enable_flick_symbols=false_rtl_layout=false_show_comma_key=true_show_period_key=true_show_secondary_digits=true_show_suggestion_strip=true_show_suggestions=true_split_with_duplicate_keys=true_true=true_variant=qwerty_writing_helper_enable_by_word_revert=false, imeDef.stringId=ime_english_united_states, imeDef.className=com.google.android.apps.inputmethod.libs.latin5.LatinIme, imeDef.languageTag=en-US}
04-26 15:41:29.774 I/Gm3ColorTokenStyleSheetProvider( 4105): Gm3ColorTokenStyleSheetProvider.isHigherContrastMode():326 Detected higher contrast mode: 72.432045
04-26 15:41:29.777 V/WindowManagerShell( 1036): Playing animation for (#14) android.os.BinderProxy@90149f3@0
04-26 15:41:29.777 V/WindowManagerShell( 1036): PipTransitionState: Set mIsDisplayChangeScheduled=false
04-26 15:41:29.777 D/ShellSplitScreen( 1036): startAnimation: transition=14 isSplitActive=false
04-26 15:41:29.777 V/ShellRecents( 1036): RecentsTransitionHandler.startAnimation: no controller found
04-26 15:41:29.777 V/ShellDesktopMode( 1036): DesktopMixedTransitionHandler: No pending desktop transition
04-26 15:41:29.778 V/WindowManagerShell( 1036): start default transition animation, info = {id=14 t=CHANGE f=0x0 trk=0 r=[0@Point(0, 0)] c=[{m=CHANGE f=NONE p=WCT{android.os.BinderProxy@d845049} leash=Surface(name=Task=89#114)/@0x77bded5 sb=Rect(0, 0 - 1080, 2400) eb=Rect(0, 0 - 2400, 1080) epz=Point(2400, 1080) d=0 r=0->1:0 taskParent=-1 winMode=1 userId=0},{m=CHANGE f=FLAG_IS_TASK_DISPLAY_AREA p=WCT{android.os.BinderProxy@38a5576} leash=Surface(name=DefaultTaskDisplayArea#9)/@0xb60f6ea sb=Rect(0, 0 - 1080, 2400) eb=Rect(0, 0 - 2400, 1080) epz=Point(2400, 1080) d=0 r=0->1:-1},{m=CHANGE f=NONE p=WCT{android.os.BinderProxy@7be5302} leash=Surface(name=AppZoomOut:2:14#8)/@0x6809ddb sb=Rect(0, 0 - 1080, 2400) eb=Rect(0, 0 - 2400, 1080) epz=Point(2400, 1080) d=0 r=0->1:-1},{m=CHANGE f=NONE p=WCT{android.os.BinderProxy@9b57942} leash=Surface(name=WindowedMagnification:0:31#3)/@0x73e2078 sb=Rect(0, 0 - 1080, 2400) eb=Rect(0, 0 - 2400, 1080) epz=Point(2400, 1080) d=0 r=0->1:-1},{m=CHANGE f=IS_DISPLAY leash=Surface(name=WindowedMagnification:0:31#3)/@0x8289351 sb=Rect(0, 0 - 1080, 2400) eb=Rect(0, 0 - 2400, 1080) epz=Point(2400, 1080) d=0 r=0->1:3}]}
04-26 15:41:29.778 V/WindowManagerShell( 1036): Display is changing, resolve the animation hint.
04-26 15:41:29.778 V/WindowManagerShell( 1036):   display requests explicit seamless
04-26 15:41:29.780 V/WindowManagerShell( 1036): Transition animation finished (aborted=false), notifying core (#14) android.os.BinderProxy@90149f3@0
04-26 15:41:29.784 I/Icing   ( 1867): IndexChimeraService.getServiceInterface callingPackage=com.google.android.gms componentName=null serviceId=30
04-26 15:41:29.801 I/KeyboardThemeProvider( 4105): KeyboardThemeProvider.applyKeyboardTheme():27 Apply keyboard theme: theme,!gsf,!pgsans,!pgsf,!use_system_font,BORDER,FLAVOR_DPI=XXHDPI,IS_LIGHT,KEYBOARD_MODE=1,KEYBOARD_WIDTH_CATEGORY=NORMAL,KEY_BORDER_SHAPE=1,LANDSCAPE,LIGHT_THEME=true,ORIENTATION=2,PHYSICAL_DIAGONAL=5.9073825,POPUP,SCREEN_SHORTEST_WIDTH=411,SCREEN_SHORTEST_WIDTH_NO_SCALE=411,SW400DP,XXHDPI,enable_popup_on_keypress=true,keyboard_redesign_google_sans=true,non_linear_scale,noshadow,overlay_builtin_dynamic_color_light_base.binarypb:gm3-light-fffaf8fe-ff4c5e8b-4fb1adea13304a190d4abf12326cf60c,silkpopup
04-26 15:41:29.802 I/AndroidIME( 4105): InputBundleManager.loadActiveInputBundleId():531 loadActiveInputBundleId: und-Latn-x-password, password
04-26 15:41:29.805 W/AmbientCueRepository( 1219): spoonBarOptedIn not found, default to enabled
04-26 15:41:29.805 W/AmbientCueRepository( 1219): android.provider.Settings$SettingNotFoundException: spoonBarOptedIn
04-26 15:41:29.805 W/AmbientCueRepository( 1219): 	at android.provider.Settings.parseIntSetting(Settings.java:4348)
04-26 15:41:29.805 W/AmbientCueRepository( 1219): 	at android.provider.Settings.-$$Nest$smparseIntSetting(Settings.java:0)
04-26 15:41:29.805 W/AmbientCueRepository( 1219): 	at android.provider.Settings$Secure.getIntForUser(Settings.java:7792)
04-26 15:41:29.805 W/AmbientCueRepository( 1219): 	at android.provider.Settings$Secure.getInt(Settings.java:7784)
04-26 15:41:29.805 W/AmbientCueRepository( 1219): 	at com.android.quickstep.cuebar.data.repository.AmbientCueRepositoryImpl.isAmbientCueSettingEnabled(go/retraceme 7226a759aa2bb3787a79806f85d80eaad84f1f1e15acd6db988f2df789d1680d:9)
04-26 15:41:29.805 W/AmbientCueRepository( 1219): 	at com.android.quickstep.cuebar.data.repository.AmbientCueRepositoryImpl.<init>(go/retraceme 7226a759aa2bb3787a79806f85d80eaad84f1f1e15acd6db988f2df789d1680d:144)
04-26 15:41:29.805 W/AmbientCueRepository( 1219): 	at com.android.launcher3.taskbar.CueBarController.<init>(go/retraceme 7226a759aa2bb3787a79806f85d80eaad84f1f1e15acd6db988f2df789d1680d:31)
04-26 15:41:29.805 W/AmbientCueRepository( 1219): 	at com.android.launcher3.taskbar.TaskbarActivityContext.<init>(go/retraceme 7226a759aa2bb3787a79806f85d80eaad84f1f1e15acd6db988f2df789d1680d:3648)
04-26 15:41:29.805 W/AmbientCueRepository( 1219): 	at com.android.launcher3.taskbar.TaskbarManagerImpl.createTaskbarActivityContext(go/retraceme 7226a759aa2bb3787a79806f85d80eaad84f1f1e15acd6db988f2df789d1680d:59)
04-26 15:41:29.805 W/AmbientCueRepository( 1219): 	at com.android.launcher3.taskbar.TaskbarManagerImpl.recreateTaskbarForDisplay(go/retraceme 7226a759aa2bb3787a79806f85d80eaad84f1f1e15acd6db988f2df789d1680d:248)
04-26 15:41:29.805 W/AmbientCueRepository( 1219): 	at com.android.launcher3.taskbar.TaskbarManagerImpl$$ExternalSyntheticLambda24.invoke(go/retraceme 7226a759aa2bb3787a79806f85d80eaad84f1f1e15acd6db988f2df789d1680d:45)
04-26 15:41:29.805 W/AmbientCueRepository( 1219): 	at com.android.launcher3.taskbar.PerDisplayTaskbarResource$componentCallbacks$1$onConfigurationChanged$1.run(go/retraceme 7226a759aa2bb3787a79806f85d80eaad84f1f1e15acd6db988f2df789d1680d:114)
04-26 15:41:29.805 W/AmbientCueRepository( 1219): 	at com.android.launcher3.util.LooperExecutor.execute(go/retraceme 7226a759aa2bb3787a79806f85d80eaad84f1f1e15acd6db988f2df789d1680d:16)
04-26 15:41:29.805 W/AmbientCueRepository( 1219): 	at com.android.launcher3.taskbar.PerDisplayTaskbarResource$componentCallbacks$1.onConfigurationChanged(go/retraceme 7226a759aa2bb3787a79806f85d80eaad84f1f1e15acd6db988f2df789d1680d:14)
04-26 15:41:29.805 W/AmbientCueRepository( 1219): 	at android.content.ComponentCallbacksController.lambda$dispatchConfigurationChanged$0(ComponentCallbacksController.java:92)
04-26 15:41:29.805 W/AmbientCueRepository( 1219): 	at android.content.ComponentCallbacksController$$ExternalSyntheticLambda2.accept(D8$$SyntheticClass:0)
04-26 15:41:29.805 W/AmbientCueRepository( 1219): 	at android.content.ComponentCallbacksController.forAllComponentCallbacks(ComponentCallbacksController.java:125)
04-26 15:41:29.805 W/AmbientCueRepository( 1219): 	at android.content.ComponentCallbacksController.dispatchConfigurationChanged(ComponentCallbacksController.java:92)
04-26 15:41:29.805 W/AmbientCueRepository( 1219): 	at android.window.WindowContext.dispatchConfigurationChanged(WindowContext.java:281)
04-26 15:41:29.805 W/AmbientCueRepository( 1219): 	at android.window.WindowTokenClient.onConfigurationChangedInner(WindowTokenClient.java:212)
04-26 15:41:29.805 W/AmbientCueRepository( 1219): 	at android.window.WindowTokenClient.onConfigurationChanged(WindowTokenClient.java:158)
04-26 15:41:29.805 W/AmbientCueRepository( 1219): 	at android.window.WindowTokenClient.onConfigurationChanged(WindowTokenClient.java:114)
04-26 15:41:29.805 W/AmbientCueRepository( 1219): 	at android.window.WindowTokenClientController.onWindowContextInfoChanged(WindowTokenClientController.java:249)
04-26 15:41:29.805 W/AmbientCueRepository( 1219): 	at android.app.ActivityThread.handleWindowContextInfoChanged(ActivityThread.java:7289)
04-26 15:41:29.805 W/AmbientCueRepository( 1219): 	at android.app.servertransaction.WindowContextInfoChangeItem.execute(WindowContextInfoChangeItem.java:53)
04-26 15:41:29.805 W/AmbientCueRepository( 1219): 	at android.app.servertransaction.TransactionExecutor.executeNonLifecycleItem(TransactionExecutor.java:133)
04-26 15:41:29.805 W/AmbientCueRepository( 1219): 	at android.app.servertransaction.TransactionExecutor.executeTransactionItems(TransactionExecutor.java:103)
04-26 15:41:29.805 W/AmbientCueRepository( 1219): 	at android.app.servertransaction.TransactionExecutor.execute(TransactionExecutor.java:80)
04-26 15:41:29.805 W/AmbientCueRepository( 1219): 	at android.app.ActivityThread$H.handleMessage(ActivityThread.java:3024)
04-26 15:41:29.805 W/AmbientCueRepository( 1219): 	at android.os.Handler.dispatchMessageImpl(Handler.java:142)
04-26 15:41:29.805 W/AmbientCueRepository( 1219): 	at android.os.Handler.dispatchMessage(Handler.java:125)
04-26 15:41:29.805 W/AmbientCueRepository( 1219): 	at android.os.Looper.loopOnce(Looper.java:292)
04-26 15:41:29.805 W/AmbientCueRepository( 1219): 	at android.os.Looper.loop(Looper.java:393)
04-26 15:41:29.805 W/AmbientCueRepository( 1219): 	at android.app.ActivityThread.main(ActivityThread.java:9486)
04-26 15:41:29.805 W/AmbientCueRepository( 1219): 	at java.lang.reflect.Method.invoke(Native Method)
04-26 15:41:29.805 W/AmbientCueRepository( 1219): 	at com.android.internal.os.RuntimeInit$MethodAndArgsCaller.run(RuntimeInit.java:575)
04-26 15:41:29.805 W/AmbientCueRepository( 1219): 	at com.android.internal.os.ZygoteInit.main(ZygoteInit.java:939)
04-26 15:41:29.807 D/DisplayManagerService(  736): Sending topology graph to Input Manager: DisplayTopologyGraph{mPrimaryDisplayId=0}
04-26 15:41:29.807 D/DisplayManagerService(  736):   DisplayNode{displayId=0, density=420, bounds=RectF(0.0, 0.0, 914.2857, 411.42856)}
04-26 15:41:29.808 D/LauncherAmbientCueVM( 1219): onUnfilteredActionsChange: []
04-26 15:41:29.810 I/KeyboardGroupDefParser( 4105): KeyboardGroupDefParser.parseKeyboardGroupDef():86 parseKeyboardGroupDef() 2132213998 -> 0_resource_name_obfuscated : WaitTime = 1 ms : RunTime = 42 ms
04-26 15:41:29.813 V/WindowManager(  736): Finish Transition (#14): created at 04-26 15:41:29.654 collect-started=0.077ms request-sent=0.144ms started=21.503ms ready=46.773ms sent=89.896ms commit=48.546ms finished=158.801ms
04-26 15:41:29.822 V/WindowManagerShell( 1036): Track 0 became idle
04-26 15:41:29.822 V/WindowManagerShell( 1036): All active transition animations finished
04-26 15:41:29.822 V/WindowManagerShell( 1036):  animated by com.android.wm.shell.transition.DefaultTransitionHandler@11f9e32
04-26 15:41:29.822 V/WindowManagerShell( 1036): Track 0 became idle
04-26 15:41:29.822 V/WindowManagerShell( 1036): All active transition animations finished
04-26 15:41:29.824 D/AmbientCueRepository( 1219): connectToAce: connecting TO ACE and registering
04-26 15:41:29.832 D/AllAppsStore( 1219): setApps: apps.length=21
04-26 15:41:29.832 D/AllAppsStore( 1219): notifyUpdate: notifying listeners
04-26 15:41:29.836 D/AlphabeticIndexCompat( 1219): computeSectionName: cs: Settings sectionName: S
04-26 15:41:29.836 D/AlphabeticIndexCompat( 1219): computeSectionName: cs: Photos sectionName: P
04-26 15:41:29.836 D/AlphabeticIndexCompat( 1219): computeSectionName: cs: Battery sectionName: B
04-26 15:41:29.837 D/AlphabeticIndexCompat( 1219): computeSectionName: cs: Chrome sectionName: C
04-26 15:41:29.837 D/AlphabeticIndexCompat( 1219): computeSectionName: cs: Gmail sectionName: G
04-26 15:41:29.837 D/AlphabeticIndexCompat( 1219): computeSectionName: cs: Drive sectionName: D
04-26 15:41:29.837 D/AlphabeticIndexCompat( 1219): computeSectionName: cs: Clock sectionName: C
04-26 15:41:29.838 D/AlphabeticIndexCompat( 1219): computeSectionName: cs: Contacts sectionName: C
04-26 15:41:29.838 I/SP      ( 4105): Syncing emoticon_content_description (2022081613) with slices: [7a635888cb828dfa2fc744b7b9b50f04], metadata: false
04-26 15:41:29.838 D/AlphabeticIndexCompat( 1219): computeSectionName: cs: Calendar sectionName: C
04-26 15:41:29.838 D/AlphabeticIndexCompat( 1219): computeSectionName: cs: Maps sectionName: M
04-26 15:41:29.839 D/AlphabeticIndexCompat( 1219): computeSectionName: cs: YouTube Music sectionName: Y
04-26 15:41:29.839 D/AlphabeticIndexCompat( 1219): computeSectionName: cs: YouTube sectionName: Y
04-26 15:41:29.839 D/AlphabeticIndexCompat( 1219): computeSectionName: cs: Google sectionName: G
04-26 15:41:29.839 D/AlphabeticIndexCompat( 1219): computeSectionName: cs: Android System Intelligence sectionName: A
04-26 15:41:29.840 D/AlphabeticIndexCompat( 1219): computeSectionName: cs: Digital Wellbeing sectionName: D
04-26 15:41:29.840 D/AlphabeticIndexCompat( 1219): computeSectionName: cs: Conversations sectionName: C
04-26 15:41:29.841 D/TaskbarManager( 1219): createTaskbarUIControllerForRecentsViewContainer displayId=0 mPrimaryDisplayId=0
04-26 15:41:29.841 D/PerDisplayTaskbarResource( 1219): recreateTaskbarForDisplay: adding rootView displayId=0
04-26 15:41:29.842 D/PerDisplayTaskbarResource( 1219): recreateTaskbarForDisplay: adding root layout displayId=0
04-26 15:41:29.856 D/ShellWindowDecoration( 1036): MultiDisplayTaskMover: onTopologyChanged: displayIds=[0]
04-26 15:41:29.860 I/gle.android.gms( 1867): Waiting for a blocking GC ProfileSaver
04-26 15:41:29.866 I/KeyboardGroupDefParser( 4105): KeyboardGroupDefParser.parseKeyboardGroupDef():86 parseKeyboardGroupDef() 2132213997 -> 0_resource_name_obfuscated : WaitTime = 1 ms : RunTime = 16 ms
04-26 15:41:29.866 I/Icing   ( 1867): Usage reports ok 0, Failed Usage reports 0, indexed 0, rejected 0
04-26 15:41:29.866 D/PerDisplayTaskbarResource( 1219): onDisplayInfoChanged: Rotation changed displayId=0
04-26 15:41:29.866 D/PerDisplayTaskbarResource( 1219): recreateTaskbarForDisplay displayId=0
04-26 15:41:29.866 D/PerDisplayTaskbarResource( 1219): recreateTaskbarForDisplay: getting device profile displayId=0
04-26 15:41:29.866 D/PerDisplayTaskbarResource( 1219): recreateTaskbarForDisplay: destroying taskbar displayId=0
04-26 15:41:29.866 D/PerDisplayTaskbarResource( 1219): destroyTaskbarForDisplay displayId=0
04-26 15:41:29.867 D/CueBarController( 1219): CuebarController destroy
04-26 15:41:29.867 E/SystemServiceRegistry( 1160): No service published for: ethernet
04-26 15:41:29.867 E/SystemServiceRegistry( 1160): android.os.ServiceManager$ServiceNotFoundException: No service published for: ethernet
04-26 15:41:29.867 E/SystemServiceRegistry( 1160): 	at android.os.ServiceManager.getServiceOrThrow(ServiceManager.java:176)
04-26 15:41:29.867 E/SystemServiceRegistry( 1160): 	at android.app.SystemServiceRegistry$168.createService(SystemServiceRegistry.java:2638)
04-26 15:41:29.867 E/SystemServiceRegistry( 1160): 	at android.app.SystemServiceRegistry$CachedServiceFetcher.getService(SystemServiceRegistry.java:2768)
04-26 15:41:29.867 E/SystemServiceRegistry( 1160): 	at android.app.SystemServiceRegistry.getSystemService(SystemServiceRegistry.java:2285)
04-26 15:41:29.867 E/SystemServiceRegistry( 1160): 	at android.app.ContextImpl.getSystemService(ContextImpl.java:2448)
04-26 15:41:29.867 E/SystemServiceRegistry( 1160): 	at android.content.ContextWrapper.getSystemService(ContextWrapper.java:991)
04-26 15:41:29.867 E/SystemServiceRegistry( 1160): 	at com.android.networkstack.tethering.Tethering.isEthernetSupported(Tethering.java:1849)
04-26 15:41:29.867 E/SystemServiceRegistry( 1160): 	at com.android.networkstack.tethering.Tethering.makeSupportedDownstreams(Tethering.java:2830)
04-26 15:41:29.867 E/SystemServiceRegistry( 1160): 	at com.android.networkstack.tethering.Tethering.updateSupportedDownstreams(Tethering.java:2804)
04-26 15:41:29.867 E/SystemServiceRegistry( 1160): 	at com.android.networkstack.tethering.Tethering.updateConfiguration(Tethering.java:558)
04-26 15:41:29.867 E/SystemServiceRegistry( 1160): 	at com.android.networkstack.tethering.Tethering.-$$Nest$mupdateConfiguration(Tethering.java:0)
04-26 15:41:29.867 E/SystemServiceRegistry( 1160): 	at com.android.networkstack.tethering.Tethering$StateReceiver.onReceive(Tethering.java:1372)
04-26 15:41:29.867 E/SystemServiceRegistry( 1160): 	at android.app.LoadedApk$ReceiverDispatcher$Args.lambda$getRunnable$0(LoadedApk.java:2050)
04-26 15:41:29.867 E/SystemServiceRegistry( 1160): 	at android.app.LoadedApk$ReceiverDispatcher$Args.$r8$lambda$mcNAAl1SQ4MyJPyDg8TJ2x2h0Rk(LoadedApk.java:0)
04-26 15:41:29.867 E/SystemServiceRegistry( 1160): 	at android.app.LoadedApk$ReceiverDispatcher$Args$$ExternalSyntheticLambda0.run(D8$$SyntheticClass:0)
04-26 15:41:29.867 E/SystemServiceRegistry( 1160): 	at android.os.Handler.handleCallback(Handler.java:1095)
04-26 15:41:29.867 E/SystemServiceRegistry( 1160): 	at android.os.Handler.dispatchMessageImpl(Handler.java:135)
04-26 15:41:29.867 E/SystemServiceRegistry( 1160): 	at android.os.Handler.dispatchMessage(Handler.java:125)
04-26 15:41:29.867 E/SystemServiceRegistry( 1160): 	at android.os.Looper.loopOnce(Looper.java:292)
04-26 15:41:29.867 E/SystemServiceRegistry( 1160): 	at android.os.Looper.loop(Looper.java:393)
04-26 15:41:29.867 E/SystemServiceRegistry( 1160): 	at android.os.HandlerThread.run(HandlerThread.java:139)
