04-26 22:23:52.737  1219  1219 D BaseDepthController: setEarlyWakeup: false
04-26 22:23:52.737  1219  1219 D BaseDepthController: shouldBlurWorkspace: false targetState: Normal currentStableState: Normal mCurrentBlur: 0 mLauncher.getDepthBlurTargets(): [com.android.launcher3.Workspace{573bc60 V.ED..... ........ 0,0-1080,2400 #7f0a047d app:id/workspace}, com.android.launcher3.Hotseat{7eca519 V.ED..... ........ 0,1905-1080,2400 #7f0a01f1 app:id/hotseat}]
04-26 22:23:52.737  1036  1091 V ShellTaskOrganizer: Task appeared taskId=122 listener=FullscreenTaskListener
04-26 22:23:52.737  1036  1091 V ShellTaskOrganizer: Fullscreen Task Appeared: #122
04-26 22:23:52.737  1036  1091 V RecentTasksController: Notify recent tasks changed
04-26 22:23:52.737  1036  1091 V RecentTasksController: Notify recent tasks changed
04-26 22:23:52.738  1036  1091 D ShellDesktopMode: DesktopRepository(0): Removes freeform task: taskId=121
04-26 22:23:52.738  1036  1091 W ShellDesktopMode: DesktopRepository(0): No display id found for task: taskId=121
04-26 22:23:52.738  1036  1091 V RecentTasksController: Notify recent tasks changed
04-26 22:23:52.738  1036  1091 V WindowManagerShell: Transition animation finished (aborted=false), notifying core (#161) android.os.BinderProxy@c9c73c4@0
04-26 22:23:52.746  1203  1203 D CarrierSvcBindHelper: onHandleForceStop: [com.muonline.client]
04-26 22:23:52.746  1203  1203 D CarrierSvcBindHelper: No carrier app for: 0
04-26 22:23:52.748   736   762 I ImeTracker: system_server:3c5cc5b1: onCancelled at PHASE_SERVER_SHOULD_HIDE
04-26 22:23:52.751 23654 23654 I Zygote  : Process 23654 created for com.muonline.client
04-26 22:23:52.751 23654 23654 I muonline.client: Using generational CollectorTypeCMC GC.
04-26 22:23:52.753 23654 23654 W muonline.client: Unexpected CPU variant for x86: x86_64.
04-26 22:23:52.753 23654 23654 W muonline.client: Known variants: atom, sandybridge, silvermont, goldmont, goldmont-plus, goldmont-without-sha-xsaves, tremont, kabylake, alderlake, lunarlake, default
04-26 22:23:52.758   736   759 V WindowManager: Finish Transition (#161): created at 04-26 22:23:51.566 collect-started=0.047ms request-sent=0.096ms started=16.326ms ready=45.761ms sent=232.423ms commit=73.297ms finished=1191.432ms
04-26 22:23:52.760   566   616 W skia    : AGTM parsing failed flags.readFromStream(s) at 159
04-26 22:23:52.761   566   616 W skia    : AGTM parsing failed flags.readFromStream(s) at 159
04-26 22:23:52.764  4164  4164 I Finsky  : [2] Memory trim requested to level 40
04-26 22:23:52.765  4164  4164 I Finsky  : [2] Flushing in-memory image cache
04-26 22:23:52.769  4276  4276 I Finsky:background: [2] Memory trim requested to level 40
04-26 22:23:52.773   736  1848 E libbinder.IPCThreadState: Binder transaction failure. id: 6126250, cmd: BR_DEAD_REPLY (29189), error: -22 (Invalid argument)
04-26 22:23:52.777   736  1848 W ActivityManager: pid 736 system sent binder code 7 with flags 1 and got error -32
04-26 22:23:52.778   736  1848 W WindowManager: Exception thrown during dispatchAppVisibility Window{d0ad143 u0 com.muonline.client/com.muonline.client.MuMainActivity EXITING}
04-26 22:23:52.778   736  1848 W WindowManager: android.os.DeadObjectException
04-26 22:23:52.778   736  1848 W WindowManager: 	at android.os.BinderProxy.transactNative(Native Method)
04-26 22:23:52.778   736  1848 W WindowManager: 	at android.os.BinderProxy.transact(BinderProxy.java:617)
04-26 22:23:52.778   736  1848 W WindowManager: 	at android.view.IWindow$Stub$Proxy.dispatchAppVisibility(IWindow.java:596)
04-26 22:23:52.778   736  1848 W WindowManager: 	at com.android.server.wm.WindowState.sendAppVisibilityToClients(WindowState.java:3335)
04-26 22:23:52.778   736  1848 W WindowManager: 	at com.android.server.wm.WindowContainer.sendAppVisibilityToClients(WindowContainer.java:1245)
04-26 22:23:52.778   736  1848 W WindowManager: 	at com.android.server.wm.WindowToken.setClientVisible(WindowToken.java:392)
04-26 22:23:52.778   736  1848 W WindowManager: 	at com.android.server.wm.ActivityRecord.commitVisibility(ActivityRecord.java:5599)
04-26 22:23:52.778   736  1848 W WindowManager: 	at com.android.server.wm.Transition.finishTransition(Transition.java:1570)
04-26 22:23:52.778   736  1848 W WindowManager: 	at com.android.server.wm.TransitionController.finishTransition(TransitionController.java:1205)
04-26 22:23:52.778   736  1848 W WindowManager: 	at com.android.server.wm.WindowOrganizerController.finishTransition(WindowOrganizerController.java:533)
04-26 22:23:52.778   736  1848 W WindowManager: 	at android.window.IWindowOrganizerController$Stub.onTransact(IWindowOrganizerController.java:265)
04-26 22:23:52.778   736  1848 W WindowManager: 	at com.android.server.wm.WindowOrganizerController.onTransact(WindowOrganizerController.java:239)
04-26 22:23:52.778   736  1848 W WindowManager: 	at android.os.Binder.execTransactInternal(Binder.java:1466)
04-26 22:23:52.778   736  1848 W WindowManager: 	at android.os.Binder.execTransact(Binder.java:1411)
04-26 22:23:52.778   736  1848 W Process : Unable to open /proc/23264/status
04-26 22:23:52.783 23654 23654 D nativeloader: Load libframework-connectivity-tiramisu-jni.so using APEX ns com_android_tethering for caller /apex/com.android.tethering/javalib/framework-connectivity-t.jar: ok
04-26 22:23:52.784   736  1603 E AppOps  : attributionTag VCN not declared in manifest of android
04-26 22:23:52.790  1219  1219 D RecentTasksList: invalidateLoadedTasks - previous requestLoadId: -1
04-26 22:23:52.790  1219  1219 D RecentTasksList: invalidateLoadedTasks - previous requestLoadId: -1
04-26 22:23:52.790  1219  1219 D RecentTasksList: invalidateLoadedTasks - previous requestLoadId: -1
04-26 22:23:52.794  1036  1091 V WindowManagerShell: Playing animation for (#162) android.os.BinderProxy@3f25389@0
04-26 22:23:52.794  1036  1091 D ShellSplitScreen: startAnimation: transition=162 isSplitActive=false
04-26 22:23:52.795  1036  1091 V ShellRecents: RecentsTransitionHandler.startAnimation: no controller found
04-26 22:23:52.795  1036  1091 V ShellDesktopMode: DesktopMixedTransitionHandler: No pending desktop transition
04-26 22:23:52.795  1036  1091 V WindowManagerShell: Transition doesn't have explicit remote, search filters for match for {id=162 t=OPEN f=0x0 trk=0 r=[0@Point(0, 0)] c=[{m=OPEN f=MOVE_TO_TOP leash=Surface(name=Task=122#1848)/@0xa8e83e sb=Rect(0, 0 - 2400, 1080) eb=Rect(0, 0 - 2400, 1080) epz=Point(2400, 1080) d=0 taskParent=-1 winMode=1 userId=0},{m=TO_BACK f=SHOW_WALLPAPER leash=Surface(name=Task=1#34)/@0xca1f69f sb=Rect(0, 0 - 2400, 1080) eb=Rect(0, 0 - 2400, 1080) epz=Point(2400, 1080) d=0 taskParent=-1 winMode=1 userId=0},{m=TO_BACK f=IS_WALLPAPER leash=Surface(name=Surface(name=WallpaperWindowToken{3bea6dd}#54)/@0x4e520e1 - rotation-leash#1843)/@0x814a3ec sb=Rect(0, 0 - 1080, 2400) eb=Rect(0, 0 - 2400, 1080) epz=Point(2400, 1080) d=0 r=0->1:-1}]}
04-26 22:23:52.795  1036  1091 V WindowManagerShell:  Checking filter Pair{{types=[] flags=0x0 notFlags=0x0 checks=[{atype=undefined independent=true modes=[CLOSE,TO_BACK] flags=IN_TASK_WITH_EMBEDDED_ACTIVITY mustBeTask=false order=ANY topActivity=null launchCookie=null taskFragmentToken=android.os.BinderProxy@e90ae30 windowingMode=undefined isCrossDisplayMove=false}]} RemoteTransition { remoteTransition = android.window.IRemoteTransition$Stub$Proxy@1ccfaa9, appThread = android.app.IApplicationThread$Stub$Proxy@5c682e, debugName = overlayBackTransition, filter = {types=[] flags=0x0 notFlags=0x0 checks=[{atype=undefined independent=true modes=[CLOSE,TO_BACK] flags=IN_TASK_WITH_EMBEDDED_ACTIVITY mustBeTask=false order=ANY topActivity=null launchCookie=null taskFragmentToken=android.os.BinderProxy@e90ae30 windowingMode=undefined isCrossDisplayMove=false}]} }}
04-26 22:23:52.796  1036  1091 V WindowManagerShell:  Checking filter Pair{{types=[] flags=0x0 notFlags=0x0 checks=[{atype=dream independent=true modes=[OPEN,TO_FRONT] flags=NONE mustBeTask=false order=ANY topActivity=null launchCookie=null windowingMode=undefined isCrossDisplayMove=false},{atype=home independent=true modes=[CLOSE,TO_BACK] flags=NONE mustBeTask=false order=ANY topActivity=null launchCookie=null windowingMode=undefined isCrossDisplayMove=false}]} RemoteTransition { remoteTransition = android.window.IRemoteTransition$Stub$Proxy@aa8fcf, appThread = android.app.IApplicationThread$Stub$Proxy@98a7d5c, debugName = LauncherToDream, filter = {types=[] flags=0x0 notFlags=0x0 checks=[{atype=dream independent=true modes=[OPEN,TO_FRONT] flags=NONE mustBeTask=false order=ANY topActivity=null launchCookie=null windowingMode=undefined isCrossDisplayMove=false},{atype=home independent=true modes=[CLOSE,TO_BACK] flags=NONE mustBeTask=false order=ANY topActivity=null launchCookie=null windowingMode=undefined isCrossDisplayMove=false}]} }}
04-26 22:23:52.796  1036  1091 V WindowManagerShell:  Checking filter Pair{{types=[] flags=0x0 notFlags=0x0 checks=[{atype=standard independent=false modes=[CHANGE] flags=NONE mustBeTask=true order=ANY topActivity=null launchCookie=null windowingMode=undefined isCrossDisplayMove=true}]} RemoteTransition { remoteTransition = android.window.IRemoteTransition$Stub$Proxy@3519865, appThread = android.app.IApplicationThread$Stub$Proxy@94ad93a, debugName = QuickstepDisplayMove, filter = {types=[] flags=0x0 notFlags=0x0 checks=[{atype=standard independent=false modes=[CHANGE] flags=NONE mustBeTask=true order=ANY topActivity=null launchCookie=null windowingMode=undefined isCrossDisplayMove=true}]} }}
04-26 22:23:52.796  1036  1091 V WindowManagerShell:  Checking filter Pair{{types=[] flags=0x0 notFlags=0x100 checks=[{atype=home independent=true modes=[OPEN,TO_FRONT] flags=NONE mustBeTask=false order=ANY topActivity=ComponentInfo{com.google.android.apps.nexuslauncher/com.google.android.apps.nexuslauncher.NexusLauncherActivity} launchCookie=null windowingMode=undefined isCrossDisplayMove=false},{atype=standard independent=true modes=[CLOSE,TO_BACK] flags=NONE mustBeTask=false order=ANY topActivity=null launchCookie=null windowingMode=undefined isCrossDisplayMove=false},{NOT atype=undefined independent=true modes=[] flags=NONE mustBeTask=true order=ANY topActivity=null launchCookie=null customAnim=true windowingMode=undefined isCrossDisplayMove=false}]} RemoteTransition { remoteTransition = android.window.IRemoteTransition$Stub$Proxy@fea59eb, appThread = android.app.IApplicationThread$Stub$Proxy@4f01348, debugName = QuickstepLaunchHome, filter = {types=[] flags=0x0 notFlags=0x100 checks=[{atype=home independent=true modes=[OPEN,TO_FRONT] flags=NONE mustBeTask=false order=ANY topActivity=ComponentInfo{com.google.android.apps.nexuslauncher/com.google.android.apps.nexuslauncher.NexusLauncherActivity} launchCookie=null windowingMode=undefined isCrossDisplayMove=false},{atype=standard independent=true modes=[CLOSE,TO_BACK] flags=NONE mustBeTask=false order=ANY topActivity=null launchCookie=null windowingMode=undefined isCrossDisplayMove=false},{NOT atype=undefined independent=true modes=[] flags=NONE mustBeTask=true order=ANY topActivity=null launchCookie=null customAnim=true windowingMode=undefined isCrossDisplayMove=false}]} }}
04-26 22:23:52.796  1036  1091 V WindowManagerShell:  Checking filter Pair{{types=[OPEN,TO_FRONT] flags=0x0 notFlags=0x0 checks=[{atype=standard independent=true modes=[OPEN,TO_FRONT] flags=NONE mustBeTask=true order=ANY topActivity=null launchCookie=null windowingMode=freeform isCrossDisplayMove=false}]} RemoteTransition { remoteTransition = android.window.IRemoteTransition$Stub$Proxy@5987ffe, appThread = null, debugName = DesktopWindowLimitUnminimize, filter = {types=[OPEN,TO_FRONT] flags=0x0 notFlags=0x0 checks=[{atype=standard independent=true modes=[OPEN,TO_FRONT] flags=NONE mustBeTask=true order=ANY topActivity=null launchCookie=null windowingMode=freeform isCrossDisplayMove=false}]} }}
04-26 22:23:52.796  1036  1091 V WindowManagerShell:  Delegate animation for (#162) to null
04-26 22:23:52.796  1036  1091 V WindowManagerShell: start default transition animation, info = {id=162 t=OPEN f=0x0 trk=0 r=[0@Point(0, 0)] c=[{m=OPEN f=MOVE_TO_TOP leash=Surface(name=Task=122#1848)/@0xa8e83e sb=Rect(0, 0 - 2400, 1080) eb=Rect(0, 0 - 2400, 1080) epz=Point(2400, 1080) d=0 taskParent=-1 winMode=1 userId=0},{m=TO_BACK f=SHOW_WALLPAPER leash=Surface(name=Task=1#34)/@0xca1f69f sb=Rect(0, 0 - 2400, 1080) eb=Rect(0, 0 - 2400, 1080) epz=Point(2400, 1080) d=0 taskParent=-1 winMode=1 userId=0},{m=TO_BACK f=IS_WALLPAPER leash=Surface(name=Surface(name=WallpaperWindowToken{3bea6dd}#54)/@0x4e520e1 - rotation-leash#1843)/@0x814a3ec sb=Rect(0, 0 - 1080, 2400) eb=Rect(0, 0 - 2400, 1080) epz=Point(2400, 1080) d=0 r=0->1:-1}]}
04-26 22:23:52.798  1036  1091 V WindowManagerShell: loadAnimation: anim=android.view.animation.AnimationSet@94d8484 animAttr=0x13 type=OPEN isEntrance=false
04-26 22:23:52.800  1036  1091 V WindowManagerShell: loadAnimation: anim=android.view.animation.AnimationSet@c97c933 animAttr=0x12 type=OPEN isEntrance=true
04-26 22:23:52.805  1036  1091 V WindowManagerShell:  animated by com.android.wm.shell.transition.DefaultTransitionHandler@11f9e32
04-26 22:23:52.811   736  1848 W ActivityManager: Slow operation: 104ms so far, now at startProcess: done updating battery stats
04-26 22:23:52.812   736  1848 W ActivityManager: Slow operation: 105ms so far, now at startProcess: building log message
04-26 22:23:52.812   736  1848 I ActivityManager: Start proc 23654:com.muonline.client/u0a230 for next-top-activity {com.muonline.client/com.muonline.client.PreloadActivity}
04-26 22:23:52.813   736  1848 W ActivityManager: Slow operation: 105ms so far, now at startProcess: starting to update pids map
04-26 22:23:52.813  1036  1091 V RecentTasksController: generateList(getRecentTasks)
04-26 22:23:52.813  1036  1091 V RecentTasksController: initializeDesksMap - allDeskIds: []
04-26 22:23:52.813   736  1848 W ActivityManager: Slow operation: 106ms so far, now at startProcess: done updating pids map
04-26 22:23:52.813  1036  1091 V RecentTasksController: Task 122 is not an active desktop task
04-26 22:23:52.814  1036  1091 V RecentTasksController: Added fullscreen task: 122
04-26 22:23:52.814  1036  1091 V RecentTasksController: generateList - complete
04-26 22:23:52.814  1036  1091 V ShellTaskOrganizer: Task vanished taskId=121
04-26 22:23:52.814  1036  1091 V ShellTaskOrganizer: Fullscreen Task Vanished: #121
04-26 22:23:52.814  1036  1091 V ShellDesktopMode: Task Vanished: #121 closed=true
04-26 22:23:52.815  1036  1091 V RecentTasksController: Notify recent tasks changed
04-26 22:23:52.815  1036  1091 D ShellDesktopMode: AppToWebRepository: Task 121 is vanishing. Removing task data from repository
04-26 22:23:52.816  1036  1091 V AppCompat: SingleSurfaceLetterboxController: [122]
04-26 22:23:52.816  1036  1091 V AppCompat: MultiSurfaceLetterboxController: []
04-26 22:23:52.816  1036  1091 V AppCompat: LetterboxInputController: [122]
04-26 22:23:52.816  1036  1091 V AppCompat: RoundedCornersLetterboxController: {}
04-26 22:23:52.817   736   872 W InputDispatcher: channel 'Embedded{LetterboxInputDetector of Surface(name=Task=121#1799)/@0x8adad3a}' ~ Consumer closed input channel or an error occurred.  events=0x9
04-26 22:23:52.817   736   872 E InputDispatcher: channel 'Embedded{LetterboxInputDetector of Surface(name=Task=121#1799)/@0x8adad3a}' ~ Channel is unrecoverably broken and will be disposed!
04-26 22:23:52.820   736  1410 W WindowManager: Failed looking up window session=Session{597bd89 1036:u0a10196} callers=com.android.server.wm.WindowManagerService.removeClientToken:2272 com.android.server.wm.Session.remove:282 android.view.IWindowSession$Stub.onTransact:637 
04-26 22:23:52.821  1219  1219 D RecentTasksList: invalidateLoadedTasks - previous requestLoadId: -1
04-26 22:23:52.827 23654 23654 D CompatChangeReporter: Compat change id reported: 242716250; UID 10230; state: ENABLED
04-26 22:23:52.833 14925 14925 D BoundBrokerSvc: onBind: Intent { act=com.google.android.gms.common.BIND_SHARED_PREFS xflg=0x4 pkg=com.google.android.gms }
04-26 22:23:52.833 14925 14925 D BoundBrokerSvc: Loading bound service for intent: Intent { act=com.google.android.gms.common.BIND_SHARED_PREFS xflg=0x4 pkg=com.google.android.gms }
04-26 22:23:52.836   566   566 E BpTransactionCompletedListener: Failed to transact (-32)
04-26 22:23:52.836   566   566 E BpTransactionCompletedListener: Failed to transact (-32)
04-26 22:23:52.837 23654 23654 D nativeloader: Configuring clns-9 for other apk /data/app/~~q1d6oNKKnmKWPsucecoJ9Q==/com.muonline.client-79Q3SPLcZEcVhBEY6emPAw==/base.apk. target_sdk_version=34, uses_libraries=, library_path=/data/app/~~q1d6oNKKnmKWPsucecoJ9Q==/com.muonline.client-79Q3SPLcZEcVhBEY6emPAw==/lib/x86_64:/data/app/~~q1d6oNKKnmKWPsucecoJ9Q==/com.muonline.client-79Q3SPLcZEcVhBEY6emPAw==/base.apk!/lib/x86_64, permitted_path=/data:/mnt/expand:/data/user/0/com.muonline.client
04-26 22:23:52.856 23654 23654 V GraphicsEnvironment: Currently set values for:
04-26 22:23:52.857 23654 23654 V GraphicsEnvironment:   angle_gl_driver_selection_pkgs=[]
04-26 22:23:52.857 23654 23654 V GraphicsEnvironment:   angle_gl_driver_selection_values=[]
04-26 22:23:52.857 23654 23654 V GraphicsEnvironment: com.muonline.client is not listed in per-application setting
04-26 22:23:52.857 23654 23654 V GraphicsEnvironment: No special selections for ANGLE, returning default driver choice
04-26 22:23:52.858 23654 23654 V GraphicsEnvironment: Neither updatable production driver nor prerelease driver is supported.
04-26 22:23:52.861   566   616 W skia    : AGTM parsing failed flags.readFromStream(s) at 159
04-26 22:23:52.862   566   616 W skia    : AGTM parsing failed flags.readFromStream(s) at 159
04-26 22:23:52.868   736  1959 V SafetySourceDataValidat: Package: com.android.vending has expected signature
04-26 22:23:52.901   566   616 W skia    : AGTM parsing failed flags.readFromStream(s) at 159
04-26 22:23:52.909  1219  1219 D ScalingWorkspaceRevealAnim: onAnimationEnd, workspace and hotseat are visible
04-26 22:23:52.909  1219  1219 V BaseDepthController: Applying blur: 0 to Surface(name=VRI-com.google.android.apps.nexuslauncher/com.google.android.apps.nexuslauncher.NexusLauncherActivity#1839)/@0xd45637f applyImmediately: false
04-26 22:23:52.909  1219  1219 D BaseDepthController: shouldBlurWorkspace: false targetState: Normal currentStableState: Normal mCurrentBlur: 0 mLauncher.getDepthBlurTargets(): [com.android.launcher3.Workspace{573bc60 V.ED..... ......ID 0,0-1080,2400 #7f0a047d app:id/workspace}, com.android.launcher3.Hotseat{7eca519 V.ED..... ......ID 0,1905-1080,2400 #7f0a01f1 app:id/hotseat}]
04-26 22:23:52.942  1036  1091 V RecentTasksController: generateList(getRecentTasks)
04-26 22:23:52.942  1036  1091 V RecentTasksController: initializeDesksMap - allDeskIds: []
04-26 22:23:52.942  1036  1091 V RecentTasksController: Task 122 is not an active desktop task
04-26 22:23:52.942  1036  1091 V RecentTasksController: Added fullscreen task: 122
04-26 22:23:52.943  1036  1091 V RecentTasksController: generateList - complete
04-26 22:23:52.958  1219  1219 D RecentsView: onTaskRemoved: 121, not handling task stack changes
04-26 22:23:52.958  1219  1219 D RecentsView: onTaskRemoved: 121, not handling task stack changes
04-26 22:23:52.960  1036  1091 V RecentTasksController: Notify recent tasks changed
04-26 22:23:52.961  1219  1219 D RecentTasksList: invalidateLoadedTasks - previous requestLoadId: -1
04-26 22:23:52.964   566   616 W skia    : AGTM parsing failed flags.readFromStream(s) at 159
04-26 22:23:52.964   566   616 W skia    : AGTM parsing failed flags.readFromStream(s) at 159
04-26 22:23:52.969 23654 23673 I DisplayManager: Choreographer implicitly registered for the refresh rate.
04-26 22:23:52.995 14925 23640 I Auth    : (REDACTED) [SupervisedAccountIntentOperation] onHandleIntent: %s
04-26 22:23:52.996 14925 23640 I PackageInstalledIntentO: Test flag v2 is disabled [CONTEXT service_id=469 ]
04-26 22:23:53.000  3743  3758 I ogle.android.as: Waiting for a blocking GC ProfileSaver
04-26 22:23:53.006 14925 23640 I NearbyDiscovery: (REDACTED) processGrantSlicePermission: %s
04-26 22:23:53.022 23654 23654 D DesktopExperienceFlags: Toggle override initialized to: false
04-26 22:23:53.023 23654 23654 D DesktopModeFlags: Toggle override initialized to: OVERRIDE_UNSET
04-26 22:23:53.026  1366 23656 I ProximityAuth: [RecentAppsMediator] Package added: (user=UserHandle{0}) com.muonline.client
04-26 22:23:53.042 14925 23677 W SQLiteLog: (28) double-quoted string literal: "com.muonline.client"
04-26 22:23:53.061 23654 23673 I GFXSTREAM: [eglDisplay.cpp(297)] Opening libGLESv1_CM_emulation.so
04-26 22:23:53.062 23654 23673 I GFXSTREAM: [eglDisplay.cpp(297)] Opening libGLESv2_emulation.so
04-26 22:23:53.076   566   616 W skia    : AGTM parsing failed flags.readFromStream(s) at 159
04-26 22:23:53.080 23654 23673 W HWUI    : Failed to choose config with EGL_SWAP_BEHAVIOR_PRESERVED, retrying without...
04-26 22:23:53.080 23654 23673 W HWUI    : Failed to initialize 101010-2 format, error = EGL_SUCCESS
04-26 22:23:53.083 14925 14992 I Icing   : IndexChimeraService.getServiceInterface callingPackage=com.google.android.gms componentName=AppsCorpus serviceId=36
04-26 22:23:53.094  1366 23659 I Fitness : (REDACTED) FitCleanupIntentOperation received Intent %s
04-26 22:23:53.096  1366 23636 I FontLog : (REDACTED) Package %s has no metadata
04-26 22:23:53.109  3743  3758 I ogle.android.as: WaitForGcToComplete blocked ProfileSaver on Background for 109.152ms
04-26 22:23:53.112 23654 23654 W HWUI    : Unknown dataspace 0
04-26 22:23:53.117  1219  1228 I s.nexuslauncher: NativeAlloc concurrent mark compact GC freed 1827KB AllocSpace bytes, 3(96KB) LOS objects, 49% free, 6247KB/12MB, paused 4.069ms,45.912ms total 128.201ms
04-26 22:23:53.125  1036  1091 V WindowManagerShell: Transition animation finished (aborted=false), notifying core (#162) android.os.BinderProxy@3f25389@0
04-26 22:23:53.131 23654 23654 D InsetsController: Setting requestedVisibleTypes to 496 (was 503)
04-26 22:23:53.133   736   759 V WindowManager: Finish Transition (#162): created at 04-26 22:23:52.341 collect-started=0.089ms request-sent=73.258ms started=117.127ms ready=320.804ms sent=329.678ms commit=149.192ms finished=787.427ms
04-26 22:23:53.135  1219  1230 W System  : A resource failed to call release. 
04-26 22:23:53.135  1219  1230 W System  : A resource failed to call release. 
04-26 22:23:53.135  1219  1230 W System  : A resource failed to call release. 
04-26 22:23:53.142  1036  1344 D WallpaperService: onVisibilityChanged(false): com.android.systemui.wallpapers.ImageWallpaper$CanvasEngine@85e2344
04-26 22:23:53.146  1219  1219 D VRI[NexusLauncherActivity]: visibilityChanged oldVisibility=true newVisibility=false
04-26 22:23:53.149  1036  1091 V WindowManagerShell: Track 0 became idle
04-26 22:23:53.149  1036  1091 V WindowManagerShell: All active transition animations finished
04-26 22:23:53.152   736  1959 W InputChannel-JNI: Channel already disposed.
04-26 22:23:53.152  1219  1219 D SmartspaceInteractor: notifySmartspaceEvent: SmartspaceTargetEvent{mSmartspaceTarget=null, mSmartspaceActionId='null', mEventType=7}
04-26 22:23:53.158 14925 14925 D BoundBrokerSvc: onBind: Intent { act=com.google.android.gms.feedback.internal.IFeedbackService dat=chimera-action:/... xflg=0x4 cmp=com.google.android.gms/.chimera.GmsBoundBrokerService }
04-26 22:23:53.158 14925 14925 D BoundBrokerSvc: Loading bound service for intent: Intent { act=com.google.android.gms.feedback.internal.IFeedbackService dat=chimera-action:/... xflg=0x4 cmp=com.google.android.gms/.chimera.GmsBoundBrokerService }
04-26 22:23:53.164  1036  1091 D Bubbles : BubbleData.onLocusVisibilityChanged() locusId=Overview|DISABLED visible=false taskId=1
04-26 22:23:53.165 23654 23654 D VRI[PreloadActivity]: WindowInsets changed: 2268x1080 statusBars:[0,74,0,0] navigationBars:[0,0,0,63] mandatorySystemGestures:[0,74,0,84] 
04-26 22:23:53.165 23654 23654 D WindowOnBackDispatcher: setTopOnBackInvokedCallback (unwrapped): android.view.ViewRootImpl$$ExternalSyntheticLambda13@7a716e3
04-26 22:23:53.166 23654 23654 I HWUI    : Using FreeType backend (prop=Auto)
04-26 22:23:53.167   736  1603 D CoreBackPreview: Window{81bad3 u0 com.muonline.client/com.muonline.client.PreloadActivity}: Setting back callback OnBackInvokedCallbackInfo{mCallback=android.window.IOnBackInvokedCallback$Stub$Proxy@4bbb14b, mPriority=0, mIsAnimationCallback=false, mOverrideBehavior=0}
04-26 22:23:53.172   736  1957 D WindowManager: setClientSurface Surface(name=VRI-com.muonline.client/com.muonline.client.PreloadActivity#1862)/@0x16bedd4 for 81bad3 com.muonline.client/com.muonline.client.PreloadActivity
04-26 22:23:53.173   566   616 W skia    : AGTM parsing failed flags.readFromStream(s) at 159
04-26 22:23:53.184   566   598 I libbinder.BpBinder: onLastStrongRef automatically unlinking death recipients for binder (0x7eaa36062820) with descriptor: '(not cached)'
04-26 22:23:53.186 23654 23654 I Surface : Creating surface for consumer unnamed-23654-0 with slotExpansion=1 for 64 slots
04-26 22:23:53.187 23654 23654 I Surface : Creating surface for consumer VRI[PreloadActivity]#0(BLAST Consumer)0 with slotExpansion=1 for 64 slots
04-26 22:23:53.189 23654 23654 D VRI[PreloadActivity]: WindowInsets changed: statusBars:null navigationBars:null 
04-26 22:23:53.198 23654 23682 I MuPreload: Check data root: /storage/emulated/0/Android/data/com.muonline.client/files existingDataDir=/storage/emulated/0/Android/data/com.muonline.client/files/Data usable=true marker=true
04-26 22:23:53.200 14925 22947 I Icing   : Usage reports ok 1, Failed Usage reports 0, indexed 0, rejected 0
04-26 22:23:53.213  4511  4518 W .apps.wellbeing: Suspending all threads took: 11.001ms
04-26 22:23:53.226 14925 14976 I Icing   : IndexChimeraService.getServiceInterface callingPackage=com.google.android.gms componentName=null serviceId=30
04-26 22:23:53.233 23654 23682 I MuPreload: Skip download, usable data exists: /storage/emulated/0/Android/data/com.muonline.client/files/Data markerWasPresent=true
04-26 22:23:53.301 14925 22947 I Icing   : Usage reports ok 0, Failed Usage reports 0, indexed 0, rejected 0
04-26 22:23:53.324   736   759 I ActivityTaskManager: Displayed com.muonline.client/.PreloadActivity for user 0: +1s16ms
04-26 22:23:53.355 14925 22947 I Icing   : Indexing com.google.android.gms-apps from com.google.android.gms
04-26 22:23:53.366   736   881 I ImeTracker: com.muonline.client:151fb16f: onRequestHide at ORIGIN_SERVER reason HIDE_UNSPECIFIED_WINDOW fromUser false userId 0 displayId 0
04-26 22:23:53.368 23654 23654 D InsetsController: hide(ime())
04-26 22:23:53.368 23654 23654 I ImeTracker: com.muonline.client:151fb16f: onCancelled at PHASE_CLIENT_ALREADY_HIDDEN
04-26 22:23:53.374   736  1827 D InputMethodManagerService: Attach new input but force hide
04-26 22:23:53.375   736  1827 I ImeTracker: com.muonline.client:8a264d5d: onRequestHide at ORIGIN_SERVER reason HIDE_SOFT_INPUT fromUser false userId 0 displayId 0
04-26 22:23:53.375   736  1827 I ImeTracker: com.muonline.client:8a264d5d: onCancelled at PHASE_SERVER_SHOULD_HIDE
04-26 22:23:53.376   736  1827 W InputChannel-JNI: Channel already disposed.
04-26 22:23:53.376  4105  4105 I GoogleInputMethodService: GoogleInputMethodService.onFinishInput():2113 
04-26 22:23:53.377  1219  1219 D BaseActivity: Launcher flags updated: [] -[state_started]
04-26 22:23:53.377  1219  1219 D BaseDepthController: setSurface:
04-26 22:23:53.377  1219  1219 D BaseDepthController: 	mWaitingOnSurfaceValidity: false
04-26 22:23:53.377  1219  1219 D BaseDepthController: 	mBaseSurface: null
04-26 22:23:53.377  1219  1219 D BaseDepthController: mSurface is null and mCurrentBlur is: 0
04-26 22:23:53.378  1219  1219 D LauncherStateManager: StateManager.goToState: fromState: Normal, toState: Normal, partial trace:
04-26 22:23:53.378  1219  1219 D LauncherStateManager: 	at com.android.launcher3.statemanager.StateManager.moveToRestState(go/retraceme 7226a759aa2bb3787a79806f85d80eaad84f1f1e15acd6db988f2df789d1680d:26)
04-26 22:23:53.378  1219  1219 D LauncherStateManager: 	at com.android.launcher3.statemanager.StateManager.moveToRestState(go/retraceme 7226a759aa2bb3787a79806f85d80eaad84f1f1e15acd6db988f2df789d1680d:35)
04-26 22:23:53.378  1219  1219 D LauncherStateManager: 	at com.android.launcher3.statemanager.StatefulActivity.onStop(go/retraceme 7226a759aa2bb3787a79806f85d80eaad84f1f1e15acd6db988f2df789d1680d:31)
04-26 22:23:53.378  1219  1219 D LauncherStateManager: StateManager.onRepeatStateSetAborted: state: Normal
04-26 22:23:53.379  1219  1219 D KeyboardStateManager: hideKeyboard
04-26 22:23:53.379  1219  1219 D KeyboardStateManager: isImeShown: false
04-26 22:23:53.379  1219  1219 D StatsLog: LAUNCHER_ONSTOP
04-26 22:23:53.379  4105  4105 I Module  : DeviceLockedStatusModuleProvider$Module.updateDeviceLockedStatus():103 repeatCheckTimes = 0, locked = false
04-26 22:23:53.379  1219  1219 D StatsLog: LAUNCHER_GOOGLE_SEARCH_RESTORE_LIST_SIZE_AFTER_ACTIVITY_RESTART
04-26 22:23:53.382  4105  4105 I GoogleInputMethodService: GoogleInputMethodService.onStartInput():1384 onStartInput(EditorInfo{EditorInfo{packageName=com.muonline.client, inputType=0, inputTypeString=NULL, enableLearning=false, autoCorrection=false, autoComplete=false, imeOptions=0, privateImeOptions=null, actionName=UNSPECIFIED, actionLabel=null, initialSelStart=-1, initialSelEnd=-1, initialCapsMode=0, label=null, fieldId=0, fieldName=null, extras=null, hintText=null, hintLocales=[]}}, false)
04-26 22:23:53.382  4105  4105 W AndroidIME: LatinIMEBase.updateInputViewCoverNavigation():319 Null input view, cannot update padding!
04-26 22:23:53.383   736  1620 I ImeTracker: system_server:ed7b4ea0: onRequestHide at ORIGIN_SERVER reason IME_REQUESTED_CHANGED_LISTENER fromUser false displayId 0
04-26 22:23:53.384  4105  4105 I Module  : DeviceLockedStatusModuleProvider$Module.updateDeviceLockedStatus():103 repeatCheckTimes = 1, locked = false
04-26 22:23:53.385   736   762 I ImeTracker: system_server:ed7b4ea0: onCancelled at PHASE_SERVER_SHOULD_HIDE
04-26 22:23:53.386   736  1602 W PackageConfigPersister: App-specific configuration not found for packageName: com.muonline.client and userId: 0
04-26 22:23:53.431 14925 22947 I Icing   : Indexing done com.google.android.gms-apps
04-26 22:23:53.432 14925 22947 I Icing   : Indexing com.google.android.gms-apps from com.google.android.gms
04-26 22:23:53.432 14925 22947 I Icing   : Indexing done com.google.android.gms-apps
04-26 22:23:53.442   736  1620 W ActivityManager: Skipping manifest association check for null package. SourceUid: 10214, SourcePkg: null, TargetUid: 10214, TargetPkg: com.google.android.gms
04-26 22:23:53.589   736  1620 V GrammaticalInflectionUtils: AttributionSource: android.content.AttributionSource@d322a4fb does not have READ_SYSTEM_GRAMMATICAL_GENDER permission.
04-26 22:23:53.597   736  1620 V ActivityTaskManager: TaskLaunchParamsModifier: phase=3 task=Task{45d6f2e #122 type=standard A=10230:com.muonline.client} activity=ActivityRecord{37414452 u0 com.muonline.client/.MuMainActivity t-1} display-area-from-source=DefaultTaskDisplayArea@125646128 display-id=0 task-display-area-windowing-mode=1 suggested-display-area=DefaultTaskDisplayArea@125646128 inherit-from-source=fullscreen non-freeform-task-display-area display-area=DefaultTaskDisplayArea@125646128 skip-bounds-fullscreen
04-26 22:23:53.597  1036  1091 V WindowManagerShell: Transition requested (#163): android.os.BinderProxy@2f92bab TransitionRequestInfo { type = OPEN, triggerTask = TaskInfo{userId=0 taskId=122 effectiveUid=10230 displayId=0 isRunning=true baseIntent=Intent { flg=0x10000000 cmp=com.muonline.client/.PreloadActivity } baseActivity=ComponentInfo{com.muonline.client/com.muonline.client.PreloadActivity} topActivity=ComponentInfo{com.muonline.client/com.muonline.client.MuMainActivity} origActivity=null realActivity=ComponentInfo{com.muonline.client/com.muonline.client.PreloadActivity} realActivityIsAppLockEnabled=false numActivities=2 lastActiveTime=24808191 supportsMultiWindow=true supportsMultiWindowWithoutConstraints=true resizeMode=1 isResizeable=true minWidth=-1 minHeight=-1 defaultMinSize=220 token=WCT{android.os.BinderProxy@8977f8e} topActivityType=1 pictureInPictureParams=null shouldDockBigOverlays=false launchIntoPipHostTaskId=-1 lastParentTaskIdBeforePip=-1 displayCutoutSafeInsets=Rect(132, 0 - 0, 0) topActivityInfo=ActivityInfo{a7e208 com.muonline.client.MuMainActivity} launchCookies=[] positionInParent=Point(0, 0) parentTaskId=-1 isFocused=true isInteractive=false isVisible=true isVisibleRequested=true isTopActivityNoDisplay=false isSleeping=false locusId=null displayAreaFeatureId=1 isTopActivityTransparent=false isActivityStackTransparent=false lastNonFullscreenBounds=null leafTaskBoundsFromOptions= false capturedLink=null capturedLinkTimestamp=0 requestedVisibleTypes=503 topActivityRequestOpenInBrowserEducationTimestamp=0 appCompatTaskInfo=AppCompatTaskInfo { topActivityInSizeCompat=false isLeafTask= true eligibleForLetterboxEducation= false isLetterboxEducationEnabled= true isLetterboxDoubleTapEnabled= false eligibleForUserAspectRatioButton= false topActivityBoundsLetterboxed= false isFromLetterboxDoubleTap= false topActivityLetterboxVerticalPosition= -1 topActivityLetterboxHorizontalPosition= -1 topActivityLetterboxWidth=-1 topActivityLetterboxHeight=-1 topActivityAppBounds=Rect(132, 0 - 2400, 1017) isUserFullscreenOverrideEnabled=false isSystemFullscreenOverrideEnabled=false hasMinAspectRatioOverride=false topActivityLetterboxBounds=null topNonResizableActivityAspectRatio=-1.0} topActivityMainWindowFrame=null isAppBubble=false}, pipChange = null, remoteTransitionInfo = null, displayChange = null, requestedLocation = null, userChange = null, windowingLayerChange = null, fullscreenRequestChange = null, flags = 0, debugId = 163 }
04-26 22:23:53.597   736  1620 I ActivityTaskManager: START u0 {flg=0x14000000 xflg=0x4 cmp=com.muonline.client/.MuMainActivity} with LAUNCH_SINGLE_TASK from uid 10230 (com.muonline.client) (sr=257444694) (BAL_ALLOW_VISIBLE_WINDOW) result code=0
04-26 22:23:53.597  1036  1091 W DisconnectHandler: No disconnect change found in the transition, not handling request.
04-26 22:23:53.598  1036  1091 V ShellDesktopMode: DesktopTasksController: skipping handleRequest reason=triggerTask's display doesn't support desktop mode
04-26 22:23:53.598  1036  1091 D ShellSplitScreen: logExit: no-op, mLoggerSessionId is null
04-26 22:23:53.625  1366  2579 I FontLog : (REDACTED) Received query %s, URI %s
04-26 22:23:53.625  1366  2579 I FontLog : (REDACTED) Query [%s] resolved to %s
04-26 22:23:53.627 23654 23654 I MuMain  : MuMainActivity onCreate
04-26 22:23:53.630  1366  2579 I FontLog : (REDACTED) Fetch %s end status %s
04-26 22:23:53.645 23654 23654 I MuMain  : extractGameAssets -> /storage/emulated/0/Android/data/com.muonline.client/files
04-26 22:23:53.646  1366  2579 I FontLog : (REDACTED) Pulling font file for id = %d, cache size = %d
04-26 22:23:53.667  1366  2579 I FontLog : (REDACTED) Pulling font file for id = %d, cache size = %d
04-26 22:23:53.671 23654 23654 V SDL     : Device: emu64xa16k
04-26 22:23:53.672 23654 23654 V SDL     : Model: sdk_gphone16k_x86_64
04-26 22:23:53.674 23654 23654 V SDL     : onCreate()
04-26 22:23:53.681 23654 23654 D nativeloader: Load /data/app/~~q1d6oNKKnmKWPsucecoJ9Q==/com.muonline.client-79Q3SPLcZEcVhBEY6emPAw==/lib/x86_64/libmpg123.so using class loader ns clns-9 (caller=/data/app/~~q1d6oNKKnmKWPsucecoJ9Q==/com.muonline.client-79Q3SPLcZEcVhBEY6emPAw==/base.apk): ok
04-26 22:23:53.682 23654 23654 D nativeloader: Load /data/app/~~q1d6oNKKnmKWPsucecoJ9Q==/com.muonline.client-79Q3SPLcZEcVhBEY6emPAw==/lib/x86_64/libSDL2.so using class loader ns clns-9 (caller=/data/app/~~q1d6oNKKnmKWPsucecoJ9Q==/com.muonline.client-79Q3SPLcZEcVhBEY6emPAw==/base.apk): ok
04-26 22:23:53.693 23654 23691 W InteractionJankMonitor: Initializing without READ_DEVICE_CONFIG permission. enabled=false, interval=1, missedFrameThreshold=3, frameTimeThreshold=64, package=com.muonline.client
04-26 22:23:53.697 23654 23654 D nativeloader: Load /data/app/~~q1d6oNKKnmKWPsucecoJ9Q==/com.muonline.client-79Q3SPLcZEcVhBEY6emPAw==/lib/x86_64/libSDL2_image.so using class loader ns clns-9 (caller=/data/app/~~q1d6oNKKnmKWPsucecoJ9Q==/com.muonline.client-79Q3SPLcZEcVhBEY6emPAw==/base.apk): ok
04-26 22:23:53.706 23654 23654 D nativeloader: Load /data/app/~~q1d6oNKKnmKWPsucecoJ9Q==/com.muonline.client-79Q3SPLcZEcVhBEY6emPAw==/lib/x86_64/libSDL2_mixer.so using class loader ns clns-9 (caller=/data/app/~~q1d6oNKKnmKWPsucecoJ9Q==/com.muonline.client-79Q3SPLcZEcVhBEY6emPAw==/base.apk): ok
04-26 22:23:53.709 23654 23654 D nativeloader: Load /data/app/~~q1d6oNKKnmKWPsucecoJ9Q==/com.muonline.client-79Q3SPLcZEcVhBEY6emPAw==/lib/x86_64/libSDL2_ttf.so using class loader ns clns-9 (caller=/data/app/~~q1d6oNKKnmKWPsucecoJ9Q==/com.muonline.client-79Q3SPLcZEcVhBEY6emPAw==/base.apk): ok
04-26 22:23:53.711 23654 23654 D nativeloader: Load /data/app/~~q1d6oNKKnmKWPsucecoJ9Q==/com.muonline.client-79Q3SPLcZEcVhBEY6emPAw==/lib/x86_64/libSDL_net.so using class loader ns clns-9 (caller=/data/app/~~q1d6oNKKnmKWPsucecoJ9Q==/com.muonline.client-79Q3SPLcZEcVhBEY6emPAw==/base.apk): ok
04-26 22:23:53.714 23654 23654 D nativeloader: Load /data/app/~~q1d6oNKKnmKWPsucecoJ9Q==/com.muonline.client-79Q3SPLcZEcVhBEY6emPAw==/lib/x86_64/libbotan.so using class loader ns clns-9 (caller=/data/app/~~q1d6oNKKnmKWPsucecoJ9Q==/com.muonline.client-79Q3SPLcZEcVhBEY6emPAw==/base.apk): ok
04-26 22:23:53.722 23654 23654 I MuMain  : early chdir(/sdcard/.../files) = 0 (errno=88)
04-26 22:23:53.724  1036  1132 D WindowOnBackDispatcher: setTopOnBackInvokedCallback (unwrapped): null
04-26 22:23:53.732  1036  1091 V RecentTasksController: Notify recent tasks changed
04-26 22:23:53.742   736  1620 D CoreBackPreview: Window{b5daf4 u0 Splash Screen com.muonline.client EXITING}: Setting back callback null
04-26 22:23:53.767  1036  1132 W FrameTracker: Missed SF frame:jankTypeLegacy: JANK_COMPOSER, jankTypeExperimental: JANK_NONE, vsyncId: 604842, totalDuration: 11443388, CUJ=J<SPLASHSCREEN_EXIT_ANIM>
04-26 22:23:53.767  1036  1132 W FrameTracker: Missed SF frame:jankTypeLegacy: JANK_COMPOSER, jankTypeExperimental: JANK_NONE, vsyncId: 605015, totalDuration: 8460358, CUJ=J<SPLASHSCREEN_EXIT_ANIM>
04-26 22:23:53.767  1036  1132 W FrameTracker: Missed SF frame:jankTypeLegacy: JANK_COMPOSER, jankTypeExperimental: JANK_NONE, vsyncId: 605044, totalDuration: 7561992, CUJ=J<SPLASHSCREEN_EXIT_ANIM>
04-26 22:23:53.767  1036  1132 W FrameTracker: Missed SF frame:jankTypeLegacy: JANK_COMPOSER, jankTypeExperimental: JANK_NONE, vsyncId: 605240, totalDuration: 11809730, CUJ=J<SPLASHSCREEN_EXIT_ANIM>
04-26 22:23:53.767  1036  1132 W FrameTracker: Missed SF frame:jankTypeLegacy: JANK_COMPOSER, jankTypeExperimental: JANK_NONE, vsyncId: 605255, totalDuration: 7098064, CUJ=J<SPLASHSCREEN_EXIT_ANIM>
04-26 22:23:53.767  1036  1132 W FrameTracker: Missed SF frame:jankTypeLegacy: JANK_COMPOSER, jankTypeExperimental: JANK_NONE, vsyncId: 605307, totalDuration: 9270666, CUJ=J<SPLASHSCREEN_EXIT_ANIM>
04-26 22:23:53.767  1036  1132 W FrameTracker: Missed SF frame:jankTypeLegacy: JANK_COMPOSER, jankTypeExperimental: JANK_NONE, vsyncId: 605329, totalDuration: 11928800, CUJ=J<SPLASHSCREEN_EXIT_ANIM>
04-26 22:23:53.767  1036  1132 W FrameTracker: Missed SF frame:jankTypeLegacy: JANK_COMPOSER, jankTypeExperimental: JANK_NONE, vsyncId: 605409, totalDuration: 13785602, CUJ=J<SPLASHSCREEN_EXIT_ANIM>
04-26 22:23:53.767 23654 23654 D nativeloader: Load /data/app/~~q1d6oNKKnmKWPsucecoJ9Q==/com.muonline.client-79Q3SPLcZEcVhBEY6emPAw==/lib/x86_64/libmain.so using class loader ns clns-9 (caller=/data/app/~~q1d6oNKKnmKWPsucecoJ9Q==/com.muonline.client-79Q3SPLcZEcVhBEY6emPAw==/base.apk): ok
04-26 22:23:53.768 23654 23654 V SDL     : nativeSetupJNI()
04-26 22:23:53.768 23654 23654 V SDL     : AUDIO nativeSetupJNI()
04-26 22:23:53.770 23654 23654 V SDL     : CONTROLLER nativeSetupJNI()
04-26 22:23:53.785 23654 23654 D AudioSystem: onNewService: media.audio_policy service obtained 0x73401cab4230
04-26 22:23:53.785  1219  1219 D RecentTasksList: invalidateLoadedTasks - previous requestLoadId: -1
04-26 22:23:53.788 23654 23654 D AudioSystem: getService: IAudioPolicyService retrieved: 0x73401cab4230  cached: 0x73401cab4230
04-26 22:23:53.789   560  5592 D NativePermissionController: checkPermission: missing 13 for 10230
04-26 22:23:53.792   560  5592 D NativePermissionController: checkPermission: missing 13 for 10230
04-26 22:23:53.799   560   594 D NativePermissionController: checkPermission: missing 13 for 10230
04-26 22:23:53.800   560   594 D NativePermissionController: checkPermission: missing 13 for 10230
04-26 22:23:53.826 23654 23654 V SDL     : onStart()
04-26 22:23:53.826 23654 23654 D MuMain  : onResume
04-26 22:23:53.827 23654 23654 V SDL     : onResume()
04-26 22:23:53.830 23654 23654 D InsetsController: Setting requestedVisibleTypes to 496 (was 503)
04-26 22:23:53.832   736   836 W InputChannel-JNI: Channel already disposed.
04-26 22:23:53.834   736  1827 I ImeTracker: system_server:3148d64b: onRequestHide at ORIGIN_SERVER reason IME_REQUESTED_CHANGED_LISTENER fromUser false displayId 0
04-26 22:23:53.835   736  1827 I ImeTracker: system_server:6bb5652a: onRequestHide at ORIGIN_SERVER reason IME_REQUESTED_CHANGED_LISTENER fromUser false displayId 0
04-26 22:23:53.836   736   762 I ImeTracker: system_server:3148d64b: onCancelled at PHASE_SERVER_SHOULD_HIDE
04-26 22:23:53.837 23654 23654 D VRI[MuMainActivity]: WindowInsets changed: 2268x1080 mandatorySystemGestures:[0,74,0,84] 
04-26 22:23:53.838 23654 23654 D WindowOnBackDispatcher: setTopOnBackInvokedCallback (unwrapped): android.view.ViewRootImpl$$ExternalSyntheticLambda13@a5ff1ed
04-26 22:23:53.838 23654 23654 D InsetsController: Setting requestedVisibleTypes to 503 (was 496)
04-26 22:23:53.840   736   762 I ImeTracker: system_server:6bb5652a: onCancelled at PHASE_SERVER_SHOULD_HIDE
04-26 22:23:53.841   736  1848 D CoreBackPreview: Window{2bfde26 u0 com.muonline.client/com.muonline.client.MuMainActivity}: Setting back callback OnBackInvokedCallbackInfo{mCallback=android.window.IOnBackInvokedCallback$Stub$Proxy@3d1014, mPriority=0, mIsAnimationCallback=false, mOverrideBehavior=0}
04-26 22:23:53.842   736   836 D WindowManager: setClientSurface Surface(name=VRI-com.muonline.client/com.muonline.client.MuMainActivity#1874)/@0x85e20bd for 2bfde26 com.muonline.client/com.muonline.client.MuMainActivity
04-26 22:23:53.848 23654 23654 I Surface : Creating surface for consumer unnamed-23654-1 with slotExpansion=1 for 64 slots
04-26 22:23:53.849 23654 23654 I Surface : Creating surface for consumer VRI[MuMainActivity]#1(BLAST Consumer)1 with slotExpansion=1 for 64 slots
04-26 22:23:53.850 23654 23654 D VRI[MuMainActivity]: WindowInsets changed: statusBars:[0,74,0,0] navigationBars:[0,0,0,63] 
04-26 22:23:53.852 23654 23654 I Surface : Creating surface for consumer unnamed-23654-2 with slotExpansion=1 for 64 slots
04-26 22:23:53.853 23654 23654 I Surface : Creating surface for consumer 1aba804 SurfaceView[com.muonline.client/com.muonline.client.MuMainActivity]#2(BLAST Consumer)2 with slotExpansion=1 for 64 slots
04-26 22:23:53.853 23654 23654 V SDL     : surfaceCreated()
04-26 22:23:53.853 23654 23654 V SDL     : surfaceChanged()
04-26 22:23:53.853 23654 23654 V SDL     : Window size: 2268x943
04-26 22:23:53.853 23654 23654 V SDL     : Device size: 2400x1080
04-26 22:23:53.853  2780  2783 I artd    : GetBestInfo: odex next to the dex file (/data/app/~~PqdBwR9WSFUNw4iaJMgoGg==/com.google.android.gms-95Dc1VeYXyONiCBDqz_lkA==/oat/x86_64/base.odex) is kOatUpToDate with filter 'speed-profile' executable 'false'
04-26 22:23:53.856  2780  2783 I artd    : GetBestInfo: dm (/data/app/~~PqdBwR9WSFUNw4iaJMgoGg==/com.google.android.gms-95Dc1VeYXyONiCBDqz_lkA==/split_AdsDynamite_installtime.dm) is kOatUpToDate with filter 'verify' executable 'false'
04-26 22:23:53.858  2780  2783 I artd    : GetBestInfo: dm (/data/app/~~PqdBwR9WSFUNw4iaJMgoGg==/com.google.android.gms-95Dc1VeYXyONiCBDqz_lkA==/split_CronetDynamite_installtime.dm) is kOatUpToDate with filter 'verify' executable 'false'
04-26 22:23:53.860  2780  2783 I artd    : GetBestInfo: dm (/data/app/~~PqdBwR9WSFUNw4iaJMgoGg==/com.google.android.gms-95Dc1VeYXyONiCBDqz_lkA==/split_DynamiteLoader_installtime.dm) is kOatUpToDate with filter 'verify' executable 'false'
04-26 22:23:53.864 23654 23705 V SDL     : Running main function SDL_main from library /data/app/~~q1d6oNKKnmKWPsucecoJ9Q==/com.muonline.client-79Q3SPLcZEcVhBEY6emPAw==/lib/x86_64/libmain.so
04-26 22:23:53.864 23654 23705 V SDL     : nativeRunMain()
04-26 22:23:53.864 23654 23705 I MuMain  : === MuMain Android v1.0 starting ===
04-26 22:23:53.867  2780  2783 I artd    : GetBestInfo: dm (/data/app/~~PqdBwR9WSFUNw4iaJMgoGg==/com.google.android.gms-95Dc1VeYXyONiCBDqz_lkA==/split_DynamiteModulesA_installtime.dm) is kOatUpToDate with filter 'verify' executable 'false'
04-26 22:23:53.873 23654 23705 I MuMain  : Working dir set to: /storage/emulated/0/Android/data/com.muonline.client/files
04-26 22:23:53.876  2780  2783 I artd    : GetBestInfo: dm (/data/app/~~PqdBwR9WSFUNw4iaJMgoGg==/com.google.android.gms-95Dc1VeYXyONiCBDqz_lkA==/split_DynamiteModulesC_installtime.dm) is kOatUpToDate with filter 'verify' executable 'false'
04-26 22:23:53.880  2780  2783 I artd    : GetBestInfo: dm (/data/app/~~PqdBwR9WSFUNw4iaJMgoGg==/com.google.android.gms-95Dc1VeYXyONiCBDqz_lkA==/split_GoogleCertificates_installtime.dm) is kOatUpToDate with filter 'verify' executable 'false'
04-26 22:23:53.883  2780  2783 I artd    : GetBestInfo: dm (/data/app/~~PqdBwR9WSFUNw4iaJMgoGg==/com.google.android.gms-95Dc1VeYXyONiCBDqz_lkA==/split_MapsDynamite_installtime.dm) is kOatUpToDate with filter 'verify' executable 'false'
04-26 22:23:53.888  2780  2783 I artd    : GetBestInfo: dm (/data/app/~~PqdBwR9WSFUNw4iaJMgoGg==/com.google.android.gms-95Dc1VeYXyONiCBDqz_lkA==/split_MeasurementDynamite_installtime.dm) is kOatUpToDate with filter 'verify' executable 'false'
04-26 22:23:53.890  2780  2783 I artd    : GetBestInfo: dm (/data/app/~~PqdBwR9WSFUNw4iaJMgoGg==/com.google.android.gms-95Dc1VeYXyONiCBDqz_lkA==/split_all_locale_splits.dm) is kOatUpToDate with filter 'verify' executable 'false'
04-26 22:23:53.893  2780  2783 I artd    : GetBestInfo: /data/user_de/0/com.google.android.gms/app_chimera/m/0000000a/dl-TfliteDynamiteDynamite.integ_252130102100800.apk has no usable artifacts
04-26 22:23:53.894  2780  2783 I artd    : GetBestInfo: /data/user_de/0/com.google.android.gms/app_chimera/m/00000001/CronetDynamite.apk has no usable artifacts
04-26 22:23:53.896  2780  2783 I artd    : GetBestInfo: /data/user_de/0/com.google.android.gms/app_chimera/m/00000016/dl-MlkitOcrCommon.optional_261332100800.apk has no usable artifacts
04-26 22:23:53.899  2780 18838 I artd    : GetBestInfo: /data/user_de/0/com.google.android.gms/app_chimera/m/00000002/DynamiteLoader.apk has no usable artifacts
04-26 22:23:53.902  2780 18838 I artd    : GetBestInfo: /data/user_de/0/com.google.android.gms/app_chimera/m/0000000e/dl-MlkitBarcodeUi.optional_260235100800.apk has no usable artifacts
04-26 22:23:53.903 23654 23705 W libOpenSLES: class OutputMix interface 0 requested but unavailable MPH=43
04-26 22:23:53.904 23654 23705 I MuMain  : SDL2 initialized
04-26 22:23:53.904 23654 23705 I MuMain  : Render backend request env=(null) -> opengl
04-26 22:23:53.906  2780 18838 I artd    : GetBestInfo: /data/user_de/0/com.google.android.gms/app_chimera/m/00000013/dl-Appsearch.optional_261332100800.apk has no usable artifacts
04-26 22:23:53.908  2780 18838 I artd    : GetBestInfo: /data/user_de/0/com.google.android.gms/app_chimera/m/00000005/GoogleCertificates.apk has no usable artifacts
04-26 22:23:53.908 23654 23705 V SDL     : setOrientation() requestedOrientation=6 width=2400 height=1080 resizable=false hint=
04-26 22:23:53.910  2780 18838 I artd    : GetBestInfo: /data/user_de/0/com.google.android.gms/app_chimera/m/00000012/dl-PlayCloudSearch.optional_261332100000.apk has no usable artifacts
04-26 22:23:53.913  2780 18838 I artd    : GetBestInfo: vdex next to the dex file (/data/user/0/com.google.android.gms/app_dg_cache/B3ED91DEC21F0EB5284BE10D982ABEAAC45F5C48/oat/x86_64/the.vdex) is kOatUpToDate with filter 'verify' executable 'false'
04-26 22:23:53.916  2780 18838 I artd    : GetBestInfo: /data/user_de/0/com.google.android.gms/app_chimera/m/0000000f/dl-PlayCloudSearch.optional_260235100000.apk has no usable artifacts
04-26 22:23:53.918   736   759 I ActivityTaskManager: Displayed com.muonline.client/.MuMainActivity for user 0: +324ms
