04-26 22:07:35.424  4105  4105 I GoogleInputMethodService: GoogleInputMethodService.onStartInput():1384 onStartInput(EditorInfo{EditorInfo{packageName=com.muonline.client, inputType=0, inputTypeString=NULL, enableLearning=false, autoCorrection=false, autoComplete=false, imeOptions=0, privateImeOptions=null, actionName=UNSPECIFIED, actionLabel=null, initialSelStart=-1, initialSelEnd=-1, initialCapsMode=0, label=null, fieldId=0, fieldName=null, extras=null, hintText=null, hintLocales=[]}}, false)
04-26 22:07:35.424  4105  4105 W AndroidIME: LatinIMEBase.updateInputViewCoverNavigation():319 Null input view, cannot update padding!
04-26 22:07:35.426  4105  4105 I Module  : DeviceLockedStatusModuleProvider$Module.updateDeviceLockedStatus():103 repeatCheckTimes = 1, locked = false
04-26 22:07:35.428   736  1962 W PackageConfigPersister: App-specific configuration not found for packageName: com.muonline.client and userId: 0
04-26 22:07:35.436   566   616 W skia    : AGTM parsing failed flags.readFromStream(s) at 159
04-26 22:07:35.436   566   616 W skia    : AGTM parsing failed flags.readFromStream(s) at 159
04-26 22:07:35.436   566   616 W skia    : AGTM parsing failed flags.readFromStream(s) at 159
04-26 22:07:35.436   566   616 W skia    : AGTM parsing failed flags.readFromStream(s) at 159
04-26 22:07:35.436   566   616 W skia    : AGTM parsing failed flags.readFromStream(s) at 159
04-26 22:07:35.437 22736 22795 I MuMain  : INIT: UI creation done
04-26 22:07:35.437 22736 22795 I MuMain  : VirtualPad: slots loaded version=4 idx=[-1,-1,-1,-1,-1] type=[0,0,0,0,0] path=Data/Local/android_touch_skill_slots.cfg
04-26 22:07:35.437 22736 22795 I MuMain  : VirtualPad slots: [-1,-1,-1,-1,-1]
04-26 22:07:35.438 22736 22795 I MuMain  : Android perf defaults: maxMsgPerCycle=70 targetFps=-1.0 fxScale=1.00 adaptive=on isEmulator=1
04-26 22:07:35.438 22736 22795 I MuMain  : SDL mixer volume set: level=5 sdl=71
04-26 22:07:35.438 22736 22795 I MuMain  : FPS overlay enabled
04-26 22:07:35.438 22736 22795 I MuMain  : All systems initialized — entering main loop
04-26 22:07:35.439 22736 22795 I MuMain  : Window resized → drawable: 2268x1080
04-26 22:07:35.441 22736 22795 I MuMain  : CHATIME IME state changed focused=0 sdlTextInput=1
04-26 22:07:35.441 22736 22795 I MuMain  : WEBZEN: enter
04-26 22:07:35.445 22736 22795 I MuMain  : WEBZEN: loading title bitmaps
04-26 22:07:35.451 22736 22795 I MuMain  : WEBZEN: OpenBasicData begin
04-26 22:07:35.451 22736 22795 I MuMain  : OPENBASIC: enter
04-26 22:07:35.451 22736 22795 I MuMain  : OPENBASIC: RenderTitle 0 begin
04-26 22:07:35.453   566   616 W skia    : AGTM parsing failed flags.readFromStream(s) at 159
04-26 22:07:35.453   566   616 W skia    : AGTM parsing failed flags.readFromStream(s) at 159
04-26 22:07:35.453   566   616 W skia    : AGTM parsing failed flags.readFromStream(s) at 159
04-26 22:07:35.453   566   616 W skia    : AGTM parsing failed flags.readFromStream(s) at 159
04-26 22:07:35.453   566   616 W skia    : AGTM parsing failed flags.readFromStream(s) at 159
04-26 22:07:35.453 22736 22795 I MuMain  : OPENBASIC: RenderTitle 0 done
04-26 22:07:35.453 22736 22795 I MuMain  : OPENBASIC: first bitmap group begin
04-26 22:07:35.470 22736 22795 I MuMain  : OPENBASIC: first bitmap group done
04-26 22:07:35.470   566   616 W skia    : AGTM parsing failed flags.readFromStream(s) at 159
04-26 22:07:35.470   566   616 W skia    : AGTM parsing failed flags.readFromStream(s) at 159
04-26 22:07:35.470   566   616 W skia    : AGTM parsing failed flags.readFromStream(s) at 159
04-26 22:07:35.470   566   616 W skia    : AGTM parsing failed flags.readFromStream(s) at 159
04-26 22:07:35.470   566   616 W skia    : AGTM parsing failed flags.readFromStream(s) at 159
04-26 22:07:35.488   566   616 W skia    : AGTM parsing failed flags.readFromStream(s) at 159
04-26 22:07:35.488   566   616 W skia    : AGTM parsing failed flags.readFromStream(s) at 159
04-26 22:07:35.488   566   616 W skia    : AGTM parsing failed flags.readFromStream(s) at 159
04-26 22:07:35.488   566   616 W skia    : AGTM parsing failed flags.readFromStream(s) at 159
04-26 22:07:35.489   566   616 W skia    : AGTM parsing failed flags.readFromStream(s) at 159
04-26 22:07:35.503   566   616 W skia    : AGTM parsing failed flags.readFromStream(s) at 159
04-26 22:07:35.503   566   616 W skia    : AGTM parsing failed flags.readFromStream(s) at 159
04-26 22:07:35.504   566   616 W skia    : AGTM parsing failed flags.readFromStream(s) at 159
04-26 22:07:35.504   566   616 W skia    : AGTM parsing failed flags.readFromStream(s) at 159
04-26 22:07:35.504   566   616 W skia    : AGTM parsing failed flags.readFromStream(s) at 159
04-26 22:07:35.511 22736 22795 I TakumiErrorReport: File not found Data\Effect\Shiny04.jpg (32118)->Data\Effect\Shiny05.jpg
04-26 22:07:35.520   566   616 W skia    : AGTM parsing failed flags.readFromStream(s) at 159
04-26 22:07:35.520   566   616 W skia    : AGTM parsing failed flags.readFromStream(s) at 159
04-26 22:07:35.520   566   616 W skia    : AGTM parsing failed flags.readFromStream(s) at 159
04-26 22:07:35.520   566   616 W skia    : AGTM parsing failed flags.readFromStream(s) at 159
04-26 22:07:35.520   566   616 W skia    : AGTM parsing failed flags.readFromStream(s) at 159
04-26 22:07:35.533  4164  4216 I Finsky  : [47] WM::SCH: Logging work initialize for 12-1
04-26 22:07:35.538   566   616 W skia    : AGTM parsing failed flags.readFromStream(s) at 159
04-26 22:07:35.538   566   616 W skia    : AGTM parsing failed flags.readFromStream(s) at 159
04-26 22:07:35.538   566   616 W skia    : AGTM parsing failed flags.readFromStream(s) at 159
04-26 22:07:35.538   566   616 W skia    : AGTM parsing failed flags.readFromStream(s) at 159
04-26 22:07:35.538   566   616 W skia    : AGTM parsing failed flags.readFromStream(s) at 159
04-26 22:07:35.554   566   616 W skia    : AGTM parsing failed flags.readFromStream(s) at 159
04-26 22:07:35.554  4164  4216 I Finsky  : [47] WM::SCH: Logging work initialize for 12-1
04-26 22:07:35.554   566   616 W skia    : AGTM parsing failed flags.readFromStream(s) at 159
04-26 22:07:35.554   566   616 W skia    : AGTM parsing failed flags.readFromStream(s) at 159
04-26 22:07:35.554   566   616 W skia    : AGTM parsing failed flags.readFromStream(s) at 159
04-26 22:07:35.554   566   616 W skia    : AGTM parsing failed flags.readFromStream(s) at 159
04-26 22:07:35.571   566   616 W skia    : AGTM parsing failed flags.readFromStream(s) at 159
04-26 22:07:35.571   566   616 W skia    : AGTM parsing failed flags.readFromStream(s) at 159
04-26 22:07:35.571   566   616 W skia    : AGTM parsing failed flags.readFromStream(s) at 159
04-26 22:07:35.571   566   616 W skia    : AGTM parsing failed flags.readFromStream(s) at 159
04-26 22:07:35.571   566   616 W skia    : AGTM parsing failed flags.readFromStream(s) at 159
04-26 22:07:35.574  4164  4223 I Finsky  : [54] SCH: Scheduling phonesky job Id: 12-1, CT: 1777216053584, Constraints: [{ L: 15000, D: 86400000, C: CHARGING_NONE, I: IDLE_NONE, N: NET_ANY, B: BATTERY_ANY }]
04-26 22:07:35.589   566   616 W skia    : AGTM parsing failed flags.readFromStream(s) at 159
04-26 22:07:35.589   566   616 W skia    : AGTM parsing failed flags.readFromStream(s) at 159
04-26 22:07:35.589   566   616 W skia    : AGTM parsing failed flags.readFromStream(s) at 159
04-26 22:07:35.589   566   616 W skia    : AGTM parsing failed flags.readFromStream(s) at 159
04-26 22:07:35.589   566   616 W skia    : AGTM parsing failed flags.readFromStream(s) at 159
04-26 22:07:35.595  4164  4225 I Finsky  : [56] SCH: Scheduling 1 system job(s)
04-26 22:07:35.596  4164  4225 I Finsky  : [56] SCH: Scheduling system job Id: 9828, L: 12988, D: 81022098, C: false, I: false, N: 1
04-26 22:07:35.603   566   616 W skia    : AGTM parsing failed flags.readFromStream(s) at 159
04-26 22:07:35.603   566   616 W skia    : AGTM parsing failed flags.readFromStream(s) at 159
04-26 22:07:35.604   566   616 W skia    : AGTM parsing failed flags.readFromStream(s) at 159
04-26 22:07:35.604   566   616 W skia    : AGTM parsing failed flags.readFromStream(s) at 159
04-26 22:07:35.604   566   616 W skia    : AGTM parsing failed flags.readFromStream(s) at 159
04-26 22:07:35.608 22736 22795 I TakumiErrorReport: > First Load Files OK.
04-26 22:07:35.621   566   616 W skia    : AGTM parsing failed flags.readFromStream(s) at 159
04-26 22:07:35.621   566   616 W skia    : AGTM parsing failed flags.readFromStream(s) at 159
04-26 22:07:35.621  4164  4218 I Finsky  : [49] [ContentSync] finished, scheduled=true
04-26 22:07:35.621   566   616 W skia    : AGTM parsing failed flags.readFromStream(s) at 159
04-26 22:07:35.621   566   616 W skia    : AGTM parsing failed flags.readFromStream(s) at 159
04-26 22:07:35.621   566   616 W skia    : AGTM parsing failed flags.readFromStream(s) at 159
04-26 22:07:35.622  4164  4224 I Finsky  : [55] SCH: Scheduling phonesky job Id: 12-1, CT: 1777216053938, Constraints: [{ L: 15000, D: 86400000, C: CHARGING_NONE, I: IDLE_NONE, N: NET_ANY, B: BATTERY_ANY }]
04-26 22:07:35.632  4164  4223 I Finsky  : [54] SCH: Scheduling 0 system job(s)
04-26 22:07:35.633  4164  4223 I Finsky  : [54] [ContentSync] finished, scheduled=true
04-26 22:07:35.637   566   616 W skia    : AGTM parsing failed flags.readFromStream(s) at 159
04-26 22:07:35.637   566   616 W skia    : AGTM parsing failed flags.readFromStream(s) at 159
04-26 22:07:35.637   566   616 W skia    : AGTM parsing failed flags.readFromStream(s) at 159
04-26 22:07:35.637   566   616 W skia    : AGTM parsing failed flags.readFromStream(s) at 159
04-26 22:07:35.637   566   616 W skia    : AGTM parsing failed flags.readFromStream(s) at 159
04-26 22:07:35.654   566   616 W skia    : AGTM parsing failed flags.readFromStream(s) at 159
04-26 22:07:35.654   566   616 W skia    : AGTM parsing failed flags.readFromStream(s) at 159
04-26 22:07:35.654   566   616 W skia    : AGTM parsing failed flags.readFromStream(s) at 159
04-26 22:07:35.654   566   616 W skia    : AGTM parsing failed flags.readFromStream(s) at 159
04-26 22:07:35.654   566   616 W skia    : AGTM parsing failed flags.readFromStream(s) at 159
04-26 22:07:35.670   566   616 W skia    : AGTM parsing failed flags.readFromStream(s) at 159
04-26 22:07:35.670   566   616 W skia    : AGTM parsing failed flags.readFromStream(s) at 159
04-26 22:07:35.670   566   616 W skia    : AGTM parsing failed flags.readFromStream(s) at 159
04-26 22:07:35.684   560   624 D AF::Track: interceptBuffer: took 895us to intercept 0 tracks
04-26 22:07:35.688   566   616 W skia    : AGTM parsing failed flags.readFromStream(s) at 159
04-26 22:07:35.688   566   616 W skia    : AGTM parsing failed flags.readFromStream(s) at 159
04-26 22:07:35.688   566   616 W skia    : AGTM parsing failed flags.readFromStream(s) at 159
04-26 22:07:35.705   566   616 W skia    : AGTM parsing failed flags.readFromStream(s) at 159
04-26 22:07:35.705   566   616 W skia    : AGTM parsing failed flags.readFromStream(s) at 159
04-26 22:07:35.705   566   616 W skia    : AGTM parsing failed flags.readFromStream(s) at 159
04-26 22:07:35.707   736  1962 I ImeTracker: system_server:fc5cf5c: onRequestHide at ORIGIN_SERVER reason IME_REQUESTED_CHANGED_LISTENER fromUser false displayId 0
04-26 22:07:35.708   736   762 I ImeTracker: system_server:fc5cf5c: onCancelled at PHASE_SERVER_SHOULD_HIDE
04-26 22:07:35.722   566   616 W skia    : AGTM parsing failed flags.readFromStream(s) at 159
04-26 22:07:35.723   566   616 W skia    : AGTM parsing failed flags.readFromStream(s) at 159
04-26 22:07:35.723   566   616 W skia    : AGTM parsing failed flags.readFromStream(s) at 159
04-26 22:07:35.726   736   994 D androidtc: Initializing SystemTextClassifier, type = System
04-26 22:07:35.730  3743  3743 I AiAiTextClassifier: onCreateTextClassificationSession = TextClassificationSessionId {10a91f9a-a6ef-4914-b4a7-612c1a70e3f8}
04-26 22:07:35.738   566   616 W skia    : AGTM parsing failed flags.readFromStream(s) at 159
04-26 22:07:35.738   566   616 W skia    : AGTM parsing failed flags.readFromStream(s) at 159
04-26 22:07:35.738   566   616 W skia    : AGTM parsing failed flags.readFromStream(s) at 159
04-26 22:07:35.741  3743  3781 I AiAiTranslate: C2T - not in a conversation
04-26 22:07:35.742  1036  1036 I ClipboardListener: Clipboard overlay suppressed.
04-26 22:07:35.745  3743  3786 I AiAiTextClassifier: GenerateLinks did not find valid links, returning empty result
04-26 22:07:35.756   566   616 W skia    : AGTM parsing failed flags.readFromStream(s) at 159
04-26 22:07:35.757   566   616 W skia    : AGTM parsing failed flags.readFromStream(s) at 159
04-26 22:07:35.757   566   616 W skia    : AGTM parsing failed flags.readFromStream(s) at 159
04-26 22:07:35.759  3743  3786 I AiAiTextClassifier: GenerateLinks did not find valid links, returning empty result
04-26 22:07:35.759  1036  1036 I ClipboardListener: Clipboard overlay suppressed.
04-26 22:07:35.772   566   616 W skia    : AGTM parsing failed flags.readFromStream(s) at 159
04-26 22:07:35.772   566   616 W skia    : AGTM parsing failed flags.readFromStream(s) at 159
04-26 22:07:35.772   566   616 W skia    : AGTM parsing failed flags.readFromStream(s) at 159
04-26 22:07:35.785  1036  1091 V WindowManagerShell: Transition animation finished (aborted=false), notifying core (#154) android.os.BinderProxy@7e77159@0
04-26 22:07:35.786   566   616 W skia    : AGTM parsing failed flags.readFromStream(s) at 159
04-26 22:07:35.786   566   616 W skia    : AGTM parsing failed flags.readFromStream(s) at 159
04-26 22:07:35.787   566   616 W skia    : AGTM parsing failed flags.readFromStream(s) at 159
04-26 22:07:35.794   736   759 V WindowManager: Finish Transition (#154): created at 04-26 22:07:35.090 collect-started=0.06ms request-sent=9.818ms started=16.322ms ready=24.216ms sent=206.11ms commit=23.637ms finished=700.601ms
04-26 22:07:35.795 22736 22736 D VRI[PreloadActivity]: visibilityChanged oldVisibility=true newVisibility=false
04-26 22:07:35.798  1036  1091 V WindowManagerShell: Track 0 became idle
04-26 22:07:35.798  1036  1091 V WindowManagerShell: All active transition animations finished
04-26 22:07:35.819 22736 22736 D WindowOnBackDispatcher: setTopOnBackInvokedCallback (unwrapped): null
04-26 22:07:35.821 22736 22736 D ViewRootImpl: Skipping stats log for color mode
04-26 22:07:35.821   736  1962 D CoreBackPreview: Window{a27d512 u0 com.muonline.client/com.muonline.client.PreloadActivity}: Setting back callback null
04-26 22:07:36.263   736   954 I AdbWifiNetworkMonitor: Wi-Fi network available
04-26 22:07:36.263   736   954 I AdbWifiNetworkMonitor: Received the same Wi-Fi SSID. Ignoring.
04-26 22:07:36.267   736   921 I HalDevMgr: bestIfaceCreationProposal is null, requestIface=STA, existingIface=[name=wlan0 type=STA]
04-26 22:07:36.274  1366  3046 I NullBinder: NullBinder for android.net.action.RECOMMEND_NETWORKS triggering remote TransactionTooLargeException due to Service without Chimera impl, calling uid: 1000, calling pid: 0
04-26 22:07:36.274  1366  3046 W libbinder.Binder: Large reply transaction of 1056768 bytes, interface descriptor , function: UNKNOWN_FUNCTION_NAME, code: 1, flags: 17
04-26 22:07:36.279  1160  1312 D IpClient/wlan0: interfaceLinkStateChanged: ifindex 16 up
04-26 22:07:36.283  1160  1312 D IpClient/wlan0: interfaceLinkStateChanged: ifindex 16 up
04-26 22:07:36.705 22736 22795 I MuMain  : OPENBASIC: OpenImages begin
04-26 22:07:36.709 22736 22795 I MuMain  : OPENBASIC: OpenImages done
04-26 22:07:36.709 22736 22795 I MuMain  : OPENBASIC: OpenSounds begin
04-26 22:07:36.710 22736 22795 I MuMain  : OPENBASIC: OpenSounds done
04-26 22:07:36.710 22736 22795 I MuMain  : OPENBASIC: scripts begin
04-26 22:07:36.714 22736 22795 I MuMain  : OPENBASIC: OpenTextData begin
04-26 22:07:36.717 22736 22795 I MuMain  : OPENBASIC: OpenTextData done
04-26 22:07:36.719 22736 22795 I MuMain  : OPENBASIC: master/gate/filter done
04-26 22:07:36.721 22736 22795 I MuMain  : WEBZEN: OpenBasicData done
04-26 22:07:36.748 22736 22795 I TakumiErrorReport: File not found Data\Interface\InGameShop\ingame_Bt_page_L.tga (32485)->Data\Custom\Maps\CRadar.tga
04-26 22:07:36.749 22736 22795 I TakumiErrorReport: File not found Data\Interface\InGameShop\IGS_Storage_Page.tga (32487)->Data\Custom\Maps\map_radar.tga
04-26 22:07:36.751 22736 22795 I TakumiErrorReport: File not found Data\Interface\InGameShop\IGS_Storage_Page_Left.tga (32488)->Data\Custom\Maps\background-tcp.tga
04-26 22:07:36.751 22736 22795 I TakumiErrorReport: File not found Data\Interface\InGameShop\IGS_Storage_Page_Right.tga (32489)->Data\Interface\newui_option_check.tga
04-26 22:07:36.813 22736 22795 I TakumiErrorReport: File not found Data\Interface\newui_item_back01.tga (31373)->Data\Interface\newui_item_back04.tga
04-26 22:07:36.814 22736 22795 I TakumiErrorReport: File not found Data\Interface\newui_item_back04.tga (31373)->Data\Interface\newui_item_back01.tga
04-26 22:07:36.818 22736 22795 I MuMain  : WEBZEN: LoadMainSceneInterface done
04-26 22:07:36.818 22736 22795 I TakumiErrorReport: > Loading ok.
04-26 22:07:36.820 22736 22795 E BLASTBufferQueue: [1aba804 SurfaceView[com.muonline.client/com.muonline.client.MuMainActivity]#2](f:0,a:0) rejecting buffer:active_size=2268x1080, requested_size=2268x1080 buffer{size=2268x943 transform=0}
04-26 22:07:36.885 22736 22795 I MuMain  : ADAPT fx scale: fps=0.7 frameMs=1447.07 1.00->0.90 target=0.55
04-26 22:07:36.885 22736 22795 I MuMain  : PERF fps=0.7 frameMs=1447.07 phase(render=1377.34 pad=0.03 present=66.67) renderLevel=4 fxScale=1.00 maxMsg=70 avg(draw=132 verts=792 im=132 vaD=0 vaC=0 qI=0 qE=0) max(draw=132 verts=792)
04-26 22:07:36.885 22736 22795 I MuMain  : PERF_SCENE world=-1 char(live=0 vis=0 ply=0 mon=0 npc=0 pet=0 prio=0 topMon=-1 x0) obj(live=0 vis=0 op=0 trap=0 topObj=-1 x0)
04-26 22:07:36.885 22736 22795 I MuMain  : PERF_BUCKET objMove(cand=0 upd=0 def=0 n=0 m=0 f=0) objRender(cand=0 draw=0 cull=0 n=0 m=0 f=0 visDraw=0 visDef=0) charMove(cand=0 upd=0 def=0 n=0 m=0 f=0) charRender(cand=0 draw=0 def=0 cull=0 n=0 m=0 f=0)
04-26 22:07:36.885 22736 22795 I MuMain  : PERF_TERRAIN world=-1 normal(block=0 tile=0) grass(block=0 tile=0) after(block=0 tile=0)
04-26 22:07:36.885 22736 22795 I MuMain  : Frame 0 — drawCalls=132 verts=792 paths(im=132 vaD=0 vaC=0 qI=0 qE=0) SDL_err='Couldn't open asset '/storage/emulated/0/Android/data/com.muonline.client/files/Data/fonts/font_.ttf''
04-26 22:07:36.889 22736 22795 I MuMain  : OpenTga logo file=Data\Logo\MU-logo.OZT size=512x256 alphaMin=0 alphaMax=255 alphaZero=80277 cornerRGBA=74,76,87,0
04-26 22:07:36.972 22736 22795 I MuMain  : LoadWorld OpenTerrainMapping enc world=74 result=74 file=Data\World74\EncTerrain74.map
04-26 22:07:36.972 22736 22795 I MuMain  : LoadWorld OpenTerrainAttribute enc world=74 result=74 file=Data\World74\EncTerrain74.att
04-26 22:07:36.972 22736 22795 I MuMain  : LoadWorld OpenObjectsEnc enc world=74 result=74 file=Data\World74\EncTerrain74.obj
04-26 22:07:36.984 22736 22795 I TakumiErrorReport: File not found Data\World74\leaf01.tga (30357)->Data\World74\leaf01.jpg
04-26 22:07:36.989 22736 22795 I AndroidGDI: Font OK: /system/fonts/DroidSans-Bold.ttf sz=10
04-26 22:07:36.989 22736 22795 I TakumiErrorReport: [Connect to Server 33] ip address = 171.235.182.88, port = 44405
04-26 22:07:36.991 22736 22795 E MuMain  : PlayMp3 failed requested=[data\music\login_theme.mp3] resolved=[data/music/login_theme.mp3] reqExists=0 resolvedExists=0 cwd=[/storage/emulated/0/Android/data/com.muonline.client/files]: Couldn't open 'data/music/login_theme.mp3'
04-26 22:07:36.991 22736 22795 I TakumiErrorReport: > Login Scene init success.
04-26 22:07:37.002 22736 22795 I MuMain  : RenderBitmap logo texture=31019 texNo=2016 file=Data\Logo\MU-logo_g.jpg size=1x1 comp=3 ref=1 colorAlpha=0.000 alphaArg=0.000
04-26 22:07:37.002 22736 22795 I MuMain  : RenderBitmap logo texture=31018 texNo=2015 file=Data\Logo\MU-logo.tga size=512x256 comp=4 ref=1 colorAlpha=0.000 alphaArg=0.000
04-26 22:07:37.003 22736 22795 I AndroidGDI: AndroidTextOut ENTRY len=34 hdc=0x733fdca9c6d0 bmp=0x733fdca9c280 text[0]=40
04-26 22:07:37.003 22736 22795 I AndroidGDI: TextOut surf=241x18 fmt=0x16362004 maxA=255 dib[0..2]=0,0,0
04-26 22:07:37.003 22736 22795 I AndroidGDI: AndroidTextOut ENTRY len=25 hdc=0x733fdca9c6d0 bmp=0x733fdca9c280 text[0]=32
04-26 22:07:37.004 22736 22795 I AndroidGDI: TextOut surf=177x18 fmt=0x16362004 maxA=255 dib[0..2]=0,0,0
04-26 22:07:37.004 22736 22795 I AndroidGDI: AndroidTextOut ENTRY len=14 hdc=0x733fdca9c6d0 bmp=0x733fdca9c280 text[0]=80
04-26 22:07:37.004 22736 22795 I AndroidGDI: TextOut surf=95x18 fmt=0x16362004 maxA=255 dib[0..2]=0,0,0
04-26 22:07:37.018 22736 22795 I MuMain  : Frame 1 — drawCalls=121 verts=43017 paths(im=885 vaD=0 vaC=0 qI=3 qE=0) SDL_err='Couldn't open 'data/music/login_theme.mp3''
04-26 22:07:37.039 22736 22795 I AndroidGDI: AndroidTextOut ENTRY len=34 hdc=0x733fdca9c6d0 bmp=0x733fdca9c280 text[0]=40
04-26 22:07:37.039 22736 22795 I AndroidGDI: TextOut surf=241x18 fmt=0x16362004 maxA=255 dib[0..2]=0,0,0
04-26 22:07:37.039 22736 22795 I AndroidGDI: AndroidTextOut ENTRY len=25 hdc=0x733fdca9c6d0 bmp=0x733fdca9c280 text[0]=32
04-26 22:07:37.039 22736 22795 I AndroidGDI: TextOut surf=177x18 fmt=0x16362004 maxA=255 dib[0..2]=0,0,0
04-26 22:07:37.039 22736 22795 I AndroidGDI: AndroidTextOut ENTRY len=14 hdc=0x733fdca9c6d0 bmp=0x733fdca9c280 text[0]=80
04-26 22:07:37.050 22736 22795 I MuMain  : Frame 2 — drawCalls=312 verts=70086 paths(im=1525 vaD=0 vaC=0 qI=17 qE=0) SDL_err=''
04-26 22:07:37.069 22736 22795 I AndroidGDI: AndroidTextOut ENTRY len=34 hdc=0x733fdca9c6d0 bmp=0x733fdca9c280 text[0]=40
04-26 22:07:37.070 22736 22795 I AndroidGDI: AndroidTextOut ENTRY len=25 hdc=0x733fdca9c6d0 bmp=0x733fdca9c280 text[0]=32
04-26 22:07:37.070 22736 22795 I AndroidGDI: AndroidTextOut ENTRY len=14 hdc=0x733fdca9c6d0 bmp=0x733fdca9c280 text[0]=80
04-26 22:07:37.071 22736 22795 I MuMain  : Frame 3 — drawCalls=319 verts=69204 paths(im=1513 vaD=0 vaC=0 qI=34 qE=0) SDL_err=''
04-26 22:07:37.091 22736 22795 I AndroidGDI: AndroidTextOut ENTRY len=34 hdc=0x733fdca9c6d0 bmp=0x733fdca9c280 text[0]=40
04-26 22:07:37.092 22736 22795 I MuMain  : Frame 4 — drawCalls=327 verts=69264 paths(im=1523 vaD=0 vaC=0 qI=44 qE=0) SDL_err=''
04-26 22:07:37.115 22736 22795 I MuMain  : Frame 5 — drawCalls=341 verts=73677 paths(im=1542 vaD=0 vaC=0 qI=55 qE=0) SDL_err=''
04-26 22:07:37.139 22736 22795 I MuMain  : Frame 6 — drawCalls=349 verts=73773 paths(im=1558 vaD=0 vaC=0 qI=63 qE=0) SDL_err=''
04-26 22:07:37.162 22736 22795 I MuMain  : Frame 7 — drawCalls=358 verts=73851 paths(im=1571 vaD=0 vaC=0 qI=76 qE=0) SDL_err=''
04-26 22:07:37.187 22736 22795 I MuMain  : Frame 8 — drawCalls=372 verts=74037 paths(im=1588 vaD=0 vaC=0 qI=89 qE=0) SDL_err=''
04-26 22:07:37.211 22736 22795 I MuMain  : Frame 9 — drawCalls=380 verts=74199 paths(im=1601 vaD=0 vaC=0 qI=99 qE=0) SDL_err=''
04-26 22:07:37.402 22736 22795 W MuMain  : ADAPT net budget down: fps=38.0 frameMs=26.29 maxMsg 70->60
04-26 22:07:37.661 22736 22795 W MuMain  : ADAPT net budget down: fps=34.7 frameMs=28.79 maxMsg 60->50
04-26 22:07:37.892   736  1699 E TaskPersister: File error accessing recents directory (directory doesn't exist?).
04-26 22:07:37.914 22736 22795 W MuMain  : ADAPT net budget down: fps=35.6 frameMs=28.12 maxMsg 50->40
04-26 22:07:37.914 22736 22795 I MuMain  : PERF fps=35.6 frameMs=28.12 phase(render=27.38 pad=0.02 present=0.64) renderLevel=4 fxScale=1.00 maxMsg=40 avg(draw=440 verts=74774 im=1814 vaD=0 vaC=0 qI=212 qE=0) max(draw=454 verts=76869)
04-26 22:07:37.914 22736 22795 I MuMain  : PERF_SCENE world=73 char(live=0 vis=0 ply=0 mon=0 npc=0 pet=0 prio=0 topMon=-1 x0) obj(live=375 vis=168 op=0 trap=0 topObj=155 x29)
04-26 22:07:37.914 22736 22795 I MuMain  : PERF_BUCKET objMove(cand=0 upd=0 def=0 n=0 m=0 f=0) objRender(cand=0 draw=0 cull=0 n=0 m=0 f=0 visDraw=0 visDef=0) charMove(cand=0 upd=0 def=0 n=0 m=0 f=0) charRender(cand=0 draw=0 def=0 cull=0 n=0 m=0 f=0)
04-26 22:07:37.915 22736 22795 I MuMain  : PERF_TERRAIN world=73 normal(block=0 tile=0) grass(block=0 tile=0) after(block=0 tile=0)
04-26 22:07:38.182 22736 22795 I MuMain  : ADAPT fx scale: fps=37.3 frameMs=26.82 1.00->0.90 target=0.90
04-26 22:07:38.183 22736 22795 W MuMain  : ADAPT net budget down: fps=37.3 frameMs=26.82 maxMsg 40->30
04-26 22:07:38.370 22736 22795 I MuMain  : ZzzScene android logo alpha raw=1.020 clamp=1.000 glow=0.700
04-26 22:07:38.957 22736 22795 I MuMain  : PERF fps=40.0 frameMs=25.02 phase(render=23.93 pad=0.03 present=0.98) renderLevel=4 fxScale=1.00 maxMsg=30 avg(draw=377 verts=79127 im=1742 vaD=0 vaC=0 qI=187 qE=0) max(draw=392 verts=81537)
04-26 22:07:38.957 22736 22795 I MuMain  : PERF_SCENE world=73 char(live=0 vis=0 ply=0 mon=0 npc=0 pet=0 prio=0 topMon=-1 x0) obj(live=375 vis=188 op=0 trap=0 topObj=79 x23)
04-26 22:07:38.957 22736 22795 I MuMain  : PERF_BUCKET objMove(cand=0 upd=0 def=0 n=0 m=0 f=0) objRender(cand=0 draw=0 cull=0 n=0 m=0 f=0 visDraw=0 visDef=0) charMove(cand=0 upd=0 def=0 n=0 m=0 f=0) charRender(cand=0 draw=0 def=0 cull=0 n=0 m=0 f=0)
04-26 22:07:38.957 22736 22795 I MuMain  : PERF_TERRAIN world=73 normal(block=0 tile=0) grass(block=0 tile=0) after(block=0 tile=0)
04-26 22:07:39.275   736   954 I AdbWifiNetworkMonitor: Wi-Fi network available
04-26 22:07:39.275   736   954 I AdbWifiNetworkMonitor: Received the same Wi-Fi SSID. Ignoring.
04-26 22:07:39.284   736   921 I HalDevMgr: bestIfaceCreationProposal is null, requestIface=STA, existingIface=[name=wlan0 type=STA]
04-26 22:07:39.286  1366  3046 I NullBinder: NullBinder for android.net.action.RECOMMEND_NETWORKS triggering remote TransactionTooLargeException due to Service without Chimera impl, calling uid: 1000, calling pid: 0
04-26 22:07:39.286  1366  3046 W libbinder.Binder: Large reply transaction of 1056768 bytes, interface descriptor , function: UNKNOWN_FUNCTION_NAME, code: 1, flags: 17
04-26 22:07:39.486 22736 22795 I MuMain  : ADAPT fx scale: fps=44.1 frameMs=22.69 1.00->0.90 target=0.90
04-26 22:07:39.679  1203  1331 D SatelliteController: isInCarrierRoamingNbIotNtn: satellite is disabled
04-26 22:07:39.679  1203  1331 D SatelliteController: getCarrierRoamingNtnConnectType: Checking connect type from PLMN config for subId: 1
04-26 22:07:39.684  1203  1331 D SatelliteController: getSatellitePerPlmnConfiguration: invalid subId or not supported via carrier.
04-26 22:07:39.684  1203  1331 D SatelliteController: getCarrierRoamingNtnConnectType: config: null
04-26 22:07:39.685  1203  1331 D SatelliteController: getCarrierRoamingNtnConnectType: Falling back to global carrier config connect type: 0
04-26 22:07:39.685  1203  1331 D SatelliteController: updateLastNotifiedCarrierRoamingNtnSignalStrengthAndNotify(1)
04-26 22:07:39.685  1203  1331 D SatelliteController: updateLastNotifiedCarrierRoamingNtnSignalStrengthAndNotify(1) lastNotifiedSignalStrength level: 0
04-26 22:07:39.685  1203  1331 D SatelliteController: updateLastNotifiedCarrierRoamingNtnSignalStrengthAndNotify(1) currSignalStrength level: 0
04-26 22:07:39.992 22736 22795 I MuMain  : PERF fps=44.0 frameMs=22.75 phase(render=21.70 pad=0.03 present=0.95) renderLevel=4 fxScale=1.00 maxMsg=30 avg(draw=275 verts=70402 im=1648 vaD=0 vaC=0 qI=130 qE=0) max(draw=296 verts=72402)
04-26 22:07:39.992 22736 22795 I MuMain  : PERF_SCENE world=73 char(live=0 vis=0 ply=0 mon=0 npc=0 pet=0 prio=0 topMon=-1 x0) obj(live=375 vis=186 op=0 trap=0 topObj=79 x24)
04-26 22:07:39.992 22736 22795 I MuMain  : PERF_BUCKET objMove(cand=0 upd=0 def=0 n=0 m=0 f=0) objRender(cand=0 draw=0 cull=0 n=0 m=0 f=0 visDraw=0 visDef=0) charMove(cand=0 upd=0 def=0 n=0 m=0 f=0) charRender(cand=0 draw=0 def=0 cull=0 n=0 m=0 f=0)
04-26 22:07:39.992 22736 22795 I MuMain  : PERF_TERRAIN world=73 normal(block=0 tile=0) grass(block=0 tile=0) after(block=0 tile=0)
04-26 22:07:40.252  1016  1016 I wpa_supplicant: wlan0: CTRL-EVENT-BEACON-LOSS 
04-26 22:07:41.032 22736 22795 I MuMain  : PERF fps=60.0 frameMs=16.67 phase(render=15.93 pad=0.02 present=0.61) renderLevel=4 fxScale=1.00 maxMsg=30 avg(draw=192 verts=79289 im=1589 vaD=0 vaC=0 qI=77 qE=0) max(draw=199 verts=81675)
04-26 22:07:41.032 22736 22795 I MuMain  : PERF_SCENE world=73 char(live=0 vis=0 ply=0 mon=0 npc=0 pet=0 prio=0 topMon=-1 x0) obj(live=375 vis=166 op=0 trap=0 topObj=79 x24)
04-26 22:07:41.032 22736 22795 I MuMain  : PERF_BUCKET objMove(cand=0 upd=0 def=0 n=0 m=0 f=0) objRender(cand=0 draw=0 cull=0 n=0 m=0 f=0 visDraw=0 visDef=0) charMove(cand=0 upd=0 def=0 n=0 m=0 f=0) charRender(cand=0 draw=0 def=0 cull=0 n=0 m=0 f=0)
04-26 22:07:41.032 22736 22795 I MuMain  : PERF_TERRAIN world=73 normal(block=0 tile=0) grass(block=0 tile=0) after(block=0 tile=0)
04-26 22:07:41.602  3743  3781 I AiAiTranslate: C2T - not in a conversation
04-26 22:07:41.603  1036  1036 I ClipboardListener: Clipboard overlay suppressed.
04-26 22:07:41.611  3743  3781 I AiAiTranslate: C2T - not in a conversation
04-26 22:07:41.614  1036  1036 I ClipboardListener: Clipboard overlay suppressed.
04-26 22:07:41.826 22736 22795 I MuMain  : ADAPT fx scale: fps=41.6 frameMs=24.04 1.00->0.90 target=0.90
04-26 22:07:42.082 22736 22795 I MuMain  : PERF fps=46.9 frameMs=21.34 phase(render=20.01 pad=0.03 present=1.20) renderLevel=4 fxScale=1.00 maxMsg=30 avg(draw=218 verts=93864 im=1639 vaD=0 vaC=0 qI=114 qE=0) max(draw=221 verts=94734)
04-26 22:07:42.082 22736 22795 I MuMain  : PERF_SCENE world=73 char(live=0 vis=0 ply=0 mon=0 npc=0 pet=0 prio=0 topMon=-1 x0) obj(live=375 vis=169 op=0 trap=0 topObj=79 x29)
04-26 22:07:42.082 22736 22795 I MuMain  : PERF_BUCKET objMove(cand=0 upd=0 def=0 n=0 m=0 f=0) objRender(cand=0 draw=0 cull=0 n=0 m=0 f=0 visDraw=0 visDef=0) charMove(cand=0 upd=0 def=0 n=0 m=0 f=0) charRender(cand=0 draw=0 def=0 cull=0 n=0 m=0 f=0)
04-26 22:07:42.082 22736 22795 I MuMain  : PERF_TERRAIN world=73 normal(block=0 tile=0) grass(block=0 tile=0) after(block=0 tile=0)
04-26 22:07:42.295   736   921 I HalDevMgr: bestIfaceCreationProposal is null, requestIface=STA, existingIface=[name=wlan0 type=STA]
04-26 22:07:42.303  1160  1312 D IpClient/wlan0: interfaceLinkStateChanged: ifindex 16 up
04-26 22:07:42.311  1160  1312 D IpClient/wlan0: interfaceLinkStateChanged: ifindex 16 up
04-26 22:07:43.146 22736 22795 I MuMain  : PERF fps=53.1 frameMs=18.82 phase(render=18.01 pad=0.03 present=0.72) renderLevel=4 fxScale=1.00 maxMsg=30 avg(draw=229 verts=93127 im=1669 vaD=0 vaC=0 qI=123 qE=0) max(draw=236 verts=97338)
04-26 22:07:43.146 22736 22795 I MuMain  : PERF_SCENE world=73 char(live=0 vis=0 ply=0 mon=0 npc=0 pet=0 prio=0 topMon=-1 x0) obj(live=375 vis=166 op=0 trap=0 topObj=79 x25)
04-26 22:07:43.146 22736 22795 I MuMain  : PERF_BUCKET objMove(cand=0 upd=0 def=0 n=0 m=0 f=0) objRender(cand=0 draw=0 cull=0 n=0 m=0 f=0 visDraw=0 visDef=0) charMove(cand=0 upd=0 def=0 n=0 m=0 f=0) charRender(cand=0 draw=0 def=0 cull=0 n=0 m=0 f=0)
04-26 22:07:43.146 22736 22795 I MuMain  : PERF_TERRAIN world=73 normal(block=0 tile=0) grass(block=0 tile=0) after(block=0 tile=0)
04-26 22:07:43.709 22736 22795 I MuMain  : ADAPT fx scale: fps=36.0 frameMs=27.77 1.00->0.90 target=0.90
04-26 22:07:43.804  2780  2785 I artd    : GetBestInfo: odex next to the dex file (/data/app/~~PqdBwR9WSFUNw4iaJMgoGg==/com.google.android.gms-95Dc1VeYXyONiCBDqz_lkA==/oat/x86_64/base.odex) is kOatUpToDate with filter 'speed-profile' executable 'false'
04-26 22:07:43.807  2780 18838 I artd    : GetBestInfo: dm (/data/app/~~PqdBwR9WSFUNw4iaJMgoGg==/com.google.android.gms-95Dc1VeYXyONiCBDqz_lkA==/split_AdsDynamite_installtime.dm) is kOatUpToDate with filter 'verify' executable 'false'
04-26 22:07:43.808  2780 18838 I artd    : GetBestInfo: dm (/data/app/~~PqdBwR9WSFUNw4iaJMgoGg==/com.google.android.gms-95Dc1VeYXyONiCBDqz_lkA==/split_CronetDynamite_installtime.dm) is kOatUpToDate with filter 'verify' executable 'false'
04-26 22:07:43.810  2780 18838 I artd    : GetBestInfo: dm (/data/app/~~PqdBwR9WSFUNw4iaJMgoGg==/com.google.android.gms-95Dc1VeYXyONiCBDqz_lkA==/split_DynamiteLoader_installtime.dm) is kOatUpToDate with filter 'verify' executable 'false'
04-26 22:07:43.812  2780 18838 I artd    : GetBestInfo: dm (/data/app/~~PqdBwR9WSFUNw4iaJMgoGg==/com.google.android.gms-95Dc1VeYXyONiCBDqz_lkA==/split_DynamiteModulesA_installtime.dm) is kOatUpToDate with filter 'verify' executable 'false'
04-26 22:07:43.815  2780 18838 I artd    : GetBestInfo: dm (/data/app/~~PqdBwR9WSFUNw4iaJMgoGg==/com.google.android.gms-95Dc1VeYXyONiCBDqz_lkA==/split_DynamiteModulesC_installtime.dm) is kOatUpToDate with filter 'verify' executable 'false'
04-26 22:07:43.818  2780 18838 I artd    : GetBestInfo: dm (/data/app/~~PqdBwR9WSFUNw4iaJMgoGg==/com.google.android.gms-95Dc1VeYXyONiCBDqz_lkA==/split_GoogleCertificates_installtime.dm) is kOatUpToDate with filter 'verify' executable 'false'
04-26 22:07:43.821  2780 18838 I artd    : GetBestInfo: dm (/data/app/~~PqdBwR9WSFUNw4iaJMgoGg==/com.google.android.gms-95Dc1VeYXyONiCBDqz_lkA==/split_MapsDynamite_installtime.dm) is kOatUpToDate with filter 'verify' executable 'false'
04-26 22:07:43.823  2780 18838 I artd    : GetBestInfo: dm (/data/app/~~PqdBwR9WSFUNw4iaJMgoGg==/com.google.android.gms-95Dc1VeYXyONiCBDqz_lkA==/split_MeasurementDynamite_installtime.dm) is kOatUpToDate with filter 'verify' executable 'false'
04-26 22:07:43.825  2780 18838 I artd    : GetBestInfo: dm (/data/app/~~PqdBwR9WSFUNw4iaJMgoGg==/com.google.android.gms-95Dc1VeYXyONiCBDqz_lkA==/split_all_locale_splits.dm) is kOatUpToDate with filter 'verify' executable 'false'
04-26 22:07:43.827  2780 18838 I artd    : GetBestInfo: /data/user_de/0/com.google.android.gms/app_chimera/m/0000000a/dl-TfliteDynamiteDynamite.integ_252130102100800.apk has no usable artifacts
04-26 22:07:43.828  2780 18838 I artd    : GetBestInfo: /data/user_de/0/com.google.android.gms/app_chimera/m/00000001/CronetDynamite.apk has no usable artifacts
04-26 22:07:43.829  2780 18838 I artd    : GetBestInfo: /data/user_de/0/com.google.android.gms/app_chimera/m/00000016/dl-MlkitOcrCommon.optional_261332100800.apk has no usable artifacts
04-26 22:07:43.831  2780 18838 I artd    : GetBestInfo: /data/user_de/0/com.google.android.gms/app_chimera/m/00000002/DynamiteLoader.apk has no usable artifacts
04-26 22:07:43.835  2780 18838 I artd    : GetBestInfo: /data/user_de/0/com.google.android.gms/app_chimera/m/0000000e/dl-MlkitBarcodeUi.optional_260235100800.apk has no usable artifacts
04-26 22:07:43.837  2780 18838 I artd    : GetBestInfo: /data/user_de/0/com.google.android.gms/app_chimera/m/00000013/dl-Appsearch.optional_261332100800.apk has no usable artifacts
04-26 22:07:43.838  2780 18838 I artd    : GetBestInfo: /data/user_de/0/com.google.android.gms/app_chimera/m/00000005/GoogleCertificates.apk has no usable artifacts
04-26 22:07:43.840  2780 18838 I artd    : GetBestInfo: /data/user_de/0/com.google.android.gms/app_chimera/m/00000012/dl-PlayCloudSearch.optional_261332100000.apk has no usable artifacts
04-26 22:07:43.843  2780 18838 I artd    : GetBestInfo: vdex next to the dex file (/data/user/0/com.google.android.gms/app_dg_cache/B3ED91DEC21F0EB5284BE10D982ABEAAC45F5C48/oat/x86_64/the.vdex) is kOatUpToDate with filter 'verify' executable 'false'
04-26 22:07:43.846  2780 18838 I artd    : GetBestInfo: /data/user_de/0/com.google.android.gms/app_chimera/m/0000000f/dl-PlayCloudSearch.optional_260235100000.apk has no usable artifacts
04-26 22:07:43.849  2780 18838 I artd    : GetBestInfo: /data/user_de/0/com.google.android.gms/app_chimera/m/00000008/dl-VisionOcr.optional_260235100000.apk has no usable artifacts
04-26 22:07:43.852  2780  2785 I artd    : GetBestInfo: /data/user_de/0/com.google.android.gms/app_chimera/m/0000000b/dl-Appsearch.optional_260235100800.apk has no usable artifacts
04-26 22:07:43.855  2780 18838 I artd    : GetBestInfo: /data/user_de/0/com.google.android.gms/app_chimera/m/00000011/dl-VisionOcr.optional_261332100000.apk has no usable artifacts
04-26 22:07:43.858  2780 18838 I artd    : GetBestInfo: /data/user_de/0/com.google.android.gms/app_chimera/m/00000015/dl-MlkitBarcodeUi.optional_261332100800.apk has no usable artifacts
04-26 22:07:43.860  2780 18838 I artd    : GetBestInfo: /data/user_de/0/com.google.android.gms/app_chimera/m/00000009/dl-MlkitOcrCommon.optional_260235100800.apk has no usable artifacts
04-26 22:07:43.863  2780 18838 I artd    : GetBestInfo: vdex next to the dex file (/data/user/0/com.google.android.gms/app_dg_cache/CE973E4DE823F0AA69070767A9FABB590DDD455C/oat/x86_64/the.vdex) is kOatUpToDate with filter 'verify' executable 'false'
04-26 22:07:43.865  2780 18838 I artd    : GetBestInfo: /data/user_de/0/com.google.android.gms/app_chimera/m/00000007/MeasurementDynamite.apk has no usable artifacts
04-26 22:07:44.073  4376  4380 W ssioncontroller: Reducing the number of considered missed Gc histogram windows from 574 to 100
04-26 22:07:44.247 22736 22795 I MuMain  : PERF fps=44.4 frameMs=22.53 phase(render=21.17 pad=0.04 present=1.24) renderLevel=4 fxScale=1.00 maxMsg=30 avg(draw=264 verts=93574 im=1726 vaD=0 vaC=0 qI=154 qE=0) max(draw=273 verts=95031)
04-26 22:07:44.247 22736 22795 I MuMain  : PERF_SCENE world=73 char(live=0 vis=0 ply=0 mon=0 npc=0 pet=0 prio=0 topMon=-1 x0) obj(live=375 vis=153 op=0 trap=0 topObj=135 x18)
04-26 22:07:44.247 22736 22795 I MuMain  : PERF_BUCKET objMove(cand=0 upd=0 def=0 n=0 m=0 f=0) objRender(cand=0 draw=0 cull=0 n=0 m=0 f=0 visDraw=0 visDef=0) charMove(cand=0 upd=0 def=0 n=0 m=0 f=0) charRender(cand=0 draw=0 def=0 cull=0 n=0 m=0 f=0)
04-26 22:07:44.247 22736 22795 I MuMain  : PERF_TERRAIN world=73 normal(block=0 tile=0) grass(block=0 tile=0) after(block=0 tile=0)
04-26 22:07:44.329   736   862 D ActivityManager: freezing 4164 com.android.vending
04-26 22:07:44.334   736   862 D ActivityManager: freezing 4276 com.android.vending:background
04-26 22:07:44.409   736   931 D InetDiagMessage: Destroyed 0 sockets, proto=IPPROTO_TCP, family=AF_INET, states=14
04-26 22:07:44.411   736   931 D InetDiagMessage: Destroyed 2 sockets, proto=IPPROTO_TCP, family=AF_INET6, states=14
04-26 22:07:44.412   736   931 D InetDiagMessage: Destroyed live tcp sockets for uids={10154} in 3ms
04-26 22:07:45.042 22736 22795 I MuMain  : ADAPT fx scale: fps=38.3 frameMs=26.10 1.00->0.90 target=0.90
04-26 22:07:45.304   736   921 I HalDevMgr: bestIfaceCreationProposal is null, requestIface=STA, existingIface=[name=wlan0 type=STA]
04-26 22:07:45.312 22736 22795 I MuMain  : PERF fps=37.0 frameMs=27.03 phase(render=26.12 pad=0.03 present=0.80) renderLevel=4 fxScale=1.00 maxMsg=30 avg(draw=342 verts=104319 im=1847 vaD=0 vaC=0 qI=227 qE=0) max(draw=356 verts=104451)
04-26 22:07:45.312 22736 22795 I MuMain  : PERF_SCENE world=73 char(live=0 vis=0 ply=0 mon=0 npc=0 pet=0 prio=0 topMon=-1 x0) obj(live=375 vis=126 op=0 trap=0 topObj=135 x18)
04-26 22:07:45.312 22736 22795 I MuMain  : PERF_BUCKET objMove(cand=0 upd=0 def=0 n=0 m=0 f=0) objRender(cand=0 draw=0 cull=0 n=0 m=0 f=0 visDraw=0 visDef=0) charMove(cand=0 upd=0 def=0 n=0 m=0 f=0) charRender(cand=0 draw=0 def=0 cull=0 n=0 m=0 f=0)
04-26 22:07:45.312 22736 22795 I MuMain  : PERF_TERRAIN world=73 normal(block=0 tile=0) grass(block=0 tile=0) after(block=0 tile=0)
04-26 22:07:46.270   736   931 D InetDiagMessage: Destroyed 0 sockets, proto=IPPROTO_TCP, family=AF_INET, states=14
04-26 22:07:46.270   736   931 D InetDiagMessage: Destroyed 0 sockets, proto=IPPROTO_TCP, family=AF_INET6, states=14
04-26 22:07:46.270   736   931 D InetDiagMessage: Destroyed live tcp sockets for uids={10160} in 1ms
04-26 22:07:46.271   736   931 D InetDiagMessage: Destroyed 0 sockets, proto=IPPROTO_TCP, family=AF_INET, states=14
04-26 22:07:46.272   736   931 D InetDiagMessage: Destroyed 0 sockets, proto=IPPROTO_TCP, family=AF_INET6, states=14
04-26 22:07:46.272   736   931 D InetDiagMessage: Destroyed live tcp sockets for uids={20160} in 1ms
04-26 22:07:46.371 22736 22795 I MuMain  : ADAPT fx scale: fps=34.5 frameMs=28.96 1.00->0.90 target=0.80
04-26 22:07:46.371 22736 22795 I MuMain  : PERF fps=34.5 frameMs=28.96 phase(render=27.97 pad=0.02 present=0.90) renderLevel=4 fxScale=1.00 maxMsg=30 avg(draw=349 verts=98500 im=1897 vaD=0 vaC=0 qI=251 qE=0) max(draw=353 verts=99648)
04-26 22:07:46.371 22736 22795 I MuMain  : PERF_SCENE world=73 char(live=0 vis=0 ply=0 mon=0 npc=0 pet=0 prio=0 topMon=-1 x0) obj(live=375 vis=105 op=0 trap=0 topObj=135 x12)
04-26 22:07:46.371 22736 22795 I MuMain  : PERF_BUCKET objMove(cand=0 upd=0 def=0 n=0 m=0 f=0) objRender(cand=0 draw=0 cull=0 n=0 m=0 f=0 visDraw=0 visDef=0) charMove(cand=0 upd=0 def=0 n=0 m=0 f=0) charRender(cand=0 draw=0 def=0 cull=0 n=0 m=0 f=0)
04-26 22:07:46.371 22736 22795 I MuMain  : PERF_TERRAIN world=73 normal(block=0 tile=0) grass(block=0 tile=0) after(block=0 tile=0)
04-26 22:07:47.410 22736 22795 I MuMain  : PERF fps=35.7 frameMs=28.04 phase(render=26.97 pad=0.03 present=0.97) renderLevel=4 fxScale=1.00 maxMsg=30 avg(draw=374 verts=96602 im=1972 vaD=0 vaC=0 qI=276 qE=0) max(draw=382 verts=96654)
04-26 22:07:47.411 22736 22795 I MuMain  : PERF_SCENE world=73 char(live=0 vis=0 ply=0 mon=0 npc=0 pet=0 prio=0 topMon=-1 x0) obj(live=375 vis=88 op=0 trap=0 topObj=129 x7)
04-26 22:07:47.411 22736 22795 I MuMain  : PERF_BUCKET objMove(cand=0 upd=0 def=0 n=0 m=0 f=0) objRender(cand=0 draw=0 cull=0 n=0 m=0 f=0 visDraw=0 visDef=0) charMove(cand=0 upd=0 def=0 n=0 m=0 f=0) charRender(cand=0 draw=0 def=0 cull=0 n=0 m=0 f=0)
04-26 22:07:47.411 22736 22795 I MuMain  : PERF_TERRAIN world=73 normal(block=0 tile=0) grass(block=0 tile=0) after(block=0 tile=0)
04-26 22:07:47.680 22736 22795 I MuMain  : ADAPT fx scale: fps=37.1 frameMs=26.97 1.00->0.90 target=0.90
04-26 22:07:47.980  3743  3781 I AiAiTranslate: C2T - not in a conversation
04-26 22:07:47.985  1036  1036 I ClipboardListener: Clipboard overlay suppressed.
04-26 22:07:47.999  1036  1036 I ClipboardListener: Clipboard overlay suppressed.
04-26 22:07:48.001  3743  3781 I AiAiTranslate: C2T - not in a conversation
04-26 22:07:48.316   736   921 I HalDevMgr: bestIfaceCreationProposal is null, requestIface=STA, existingIface=[name=wlan0 type=STA]
04-26 22:07:48.324  1160  1312 D IpClient/wlan0: interfaceLinkStateChanged: ifindex 16 up
04-26 22:07:48.334  1160  1312 D IpClient/wlan0: interfaceLinkStateChanged: ifindex 16 up
04-26 22:07:48.445  1016  1016 I wpa_supplicant: wlan0: CTRL-EVENT-BEACON-LOSS 
04-26 22:07:48.466 22736 22795 I MuMain  : PERF fps=39.7 frameMs=25.18 phase(render=23.92 pad=0.04 present=1.16) renderLevel=4 fxScale=1.00 maxMsg=30 avg(draw=307 verts=82503 im=1884 vaD=0 vaC=0 qI=226 qE=0) max(draw=315 verts=85263)
04-26 22:07:48.466 22736 22795 I MuMain  : PERF_SCENE world=73 char(live=0 vis=0 ply=0 mon=0 npc=0 pet=0 prio=0 topMon=-1 x0) obj(live=375 vis=71 op=0 trap=0 topObj=129 x7)
04-26 22:07:48.466 22736 22795 I MuMain  : PERF_BUCKET objMove(cand=0 upd=0 def=0 n=0 m=0 f=0) objRender(cand=0 draw=0 cull=0 n=0 m=0 f=0 visDraw=0 visDef=0) charMove(cand=0 upd=0 def=0 n=0 m=0 f=0) charRender(cand=0 draw=0 def=0 cull=0 n=0 m=0 f=0)
04-26 22:07:48.466 22736 22795 I MuMain  : PERF_TERRAIN world=73 normal(block=0 tile=0) grass(block=0 tile=0) after(block=0 tile=0)
04-26 22:07:48.979 22736 22795 I MuMain  : ADAPT fx scale: fps=39.0 frameMs=25.67 1.00->0.90 target=0.90
04-26 22:07:49.493 22736 22795 I MuMain  : PERF fps=35.0 frameMs=28.53 phase(render=27.34 pad=0.03 present=1.11) renderLevel=4 fxScale=1.00 maxMsg=30 avg(draw=335 verts=92088 im=1932 vaD=0 vaC=0 qI=254 qE=0) max(draw=341 verts=95727)
04-26 22:07:49.493 22736 22795 I MuMain  : PERF_SCENE world=73 char(live=0 vis=0 ply=0 mon=0 npc=0 pet=0 prio=0 topMon=-1 x0) obj(live=375 vis=59 op=0 trap=0 topObj=129 x6)
04-26 22:07:49.493 22736 22795 I MuMain  : PERF_BUCKET objMove(cand=0 upd=0 def=0 n=0 m=0 f=0) objRender(cand=0 draw=0 cull=0 n=0 m=0 f=0 visDraw=0 visDef=0) charMove(cand=0 upd=0 def=0 n=0 m=0 f=0) charRender(cand=0 draw=0 def=0 cull=0 n=0 m=0 f=0)
04-26 22:07:49.493 22736 22795 I MuMain  : PERF_TERRAIN world=73 normal(block=0 tile=0) grass(block=0 tile=0) after(block=0 tile=0)
04-26 22:07:49.679  1203  1331 D SatelliteController: isInCarrierRoamingNbIotNtn: satellite is disabled
04-26 22:07:49.679  1203  1331 D SatelliteController: getCarrierRoamingNtnConnectType: Checking connect type from PLMN config for subId: 1
04-26 22:07:49.685  1203  1331 D SatelliteController: getSatellitePerPlmnConfiguration: invalid subId or not supported via carrier.
04-26 22:07:49.686  1203  1331 D SatelliteController: getCarrierRoamingNtnConnectType: config: null
04-26 22:07:49.687  1203  1331 D SatelliteController: getCarrierRoamingNtnConnectType: Falling back to global carrier config connect type: 0
04-26 22:07:49.687  1203  1331 D SatelliteController: updateLastNotifiedCarrierRoamingNtnSignalStrengthAndNotify(1)
04-26 22:07:49.687  1203  1331 D SatelliteController: updateLastNotifiedCarrierRoamingNtnSignalStrengthAndNotify(1) lastNotifiedSignalStrength level: 0
04-26 22:07:49.687  1203  1331 D SatelliteController: updateLastNotifiedCarrierRoamingNtnSignalStrengthAndNotify(1) currSignalStrength level: 0
04-26 22:07:49.769 14925 14925 D BoundBrokerSvc: onUnbind: Intent { act=com.google.android.gms.feedback.internal.IFeedbackService dat=chimera-action:/... xflg=0x4 cmp=com.google.android.gms/.chimera.GmsBoundBrokerService }
04-26 22:07:50.286 22736 22795 I MuMain  : ADAPT fx scale: fps=39.5 frameMs=25.34 1.00->0.90 target=0.90
04-26 22:07:50.553 22736 22795 I MuMain  : PERF fps=41.2 frameMs=24.30 phase(render=23.39 pad=0.02 present=0.82) renderLevel=4 fxScale=1.00 maxMsg=30 avg(draw=303 verts=94554 im=1897 vaD=0 vaC=0 qI=220 qE=0) max(draw=319 verts=95682)
04-26 22:07:50.553 22736 22795 I MuMain  : PERF_SCENE world=73 char(live=0 vis=0 ply=0 mon=0 npc=0 pet=0 prio=0 topMon=-1 x0) obj(live=375 vis=49 op=0 trap=0 topObj=129 x6)
04-26 22:07:50.553 22736 22795 I MuMain  : PERF_BUCKET objMove(cand=0 upd=0 def=0 n=0 m=0 f=0) objRender(cand=0 draw=0 cull=0 n=0 m=0 f=0 visDraw=0 visDef=0) charMove(cand=0 upd=0 def=0 n=0 m=0 f=0) charRender(cand=0 draw=0 def=0 cull=0 n=0 m=0 f=0)
04-26 22:07:50.554 22736 22795 I MuMain  : PERF_TERRAIN world=73 normal(block=0 tile=0) grass(block=0 tile=0) after(block=0 tile=0)
04-26 22:07:51.326   736   921 I HalDevMgr: bestIfaceCreationProposal is null, requestIface=STA, existingIface=[name=wlan0 type=STA]
04-26 22:07:51.595 22736 22795 I MuMain  : ADAPT fx scale: fps=45.7 frameMs=21.87 1.00->0.90 target=0.90
04-26 22:07:51.595 22736 22795 I MuMain  : PERF fps=45.7 frameMs=21.87 phase(render=20.76 pad=0.02 present=0.99) renderLevel=4 fxScale=1.00 maxMsg=30 avg(draw=288 verts=89081 im=2055 vaD=0 vaC=0 qI=212 qE=0) max(draw=293 verts=90726)
04-26 22:07:51.595 22736 22795 I MuMain  : PERF_SCENE world=73 char(live=0 vis=0 ply=0 mon=0 npc=0 pet=0 prio=0 topMon=-1 x0) obj(live=375 vis=58 op=0 trap=0 topObj=129 x7)
04-26 22:07:51.595 22736 22795 I MuMain  : PERF_BUCKET objMove(cand=0 upd=0 def=0 n=0 m=0 f=0) objRender(cand=0 draw=0 cull=0 n=0 m=0 f=0 visDraw=0 visDef=0) charMove(cand=0 upd=0 def=0 n=0 m=0 f=0) charRender(cand=0 draw=0 def=0 cull=0 n=0 m=0 f=0)
04-26 22:07:51.595 22736 22795 I MuMain  : PERF_TERRAIN world=73 normal(block=0 tile=0) grass(block=0 tile=0) after(block=0 tile=0)
04-26 22:07:52.100 22808 22808 W libbinder.BackendUnifiedServiceManager: Thread Pool max thread count is 0. Cannot cache binder as linkToDeath cannot be implemented. serviceName: SurfaceFlingerAIDL
04-26 22:07:52.101 22808 22808 W libbinder.BpBinder: Linking to death on android.gui.ISurfaceComposer but there are no threads (yet?) listening to incoming transactions. See ProcessState::startThreadPool and ProcessState::setThreadPoolMaxThreadCount. Generally you should setup the binder threadpool before other initialization steps.
04-26 22:07:52.101 22808 22808 W libbinder.ProcessState: Extra binder thread started, but 0 threads requested. Do not use *startThreadPool when zero threads are requested.
04-26 22:07:52.142   566   616 W skia    : AGTM parsing failed flags.readFromStream(s) at 159
