--------- beginning of main
04-26 16:49:28.447   736  5314 W SignedPackage: Package doesn't have required signing certificate: com.google.android.apps.work.clouddpc
04-26 16:49:28.449   566   616 W skia    : AGTM parsing failed flags.readFromStream(s) at 159
04-26 16:49:28.449   566   616 W skia    : AGTM parsing failed flags.readFromStream(s) at 159
04-26 16:49:28.454  1219  1219 V BaseDepthController: Applying blur: 0 to Surface(name=VRI-com.google.android.apps.nexuslauncher/com.google.android.apps.nexuslauncher.NexusLauncherActivity#617)/@0xd45637f applyImmediately: false
04-26 16:49:28.454  1219  1219 D BaseDepthController: shouldBlurWorkspace: false targetState: Normal currentStableState: Normal mCurrentBlur: 0 mLauncher.getDepthBlurTargets(): [com.android.launcher3.Workspace{573bc60 V.ED..... ........ 0,0-1080,2400 #7f0a047d app:id/workspace}, com.android.launcher3.Hotseat{7eca519 V.ED..... ........ 0,1905-1080,2400 #7f0a01f1 app:id/hotseat}]
04-26 16:49:28.454   566   616 W skia    : AGTM parsing failed flags.readFromStream(s) at 159
04-26 16:49:28.454   566   616 W skia    : AGTM parsing failed flags.readFromStream(s) at 159
04-26 16:49:28.455   566   616 W skia    : AGTM parsing failed flags.readFromStream(s) at 159
04-26 16:49:28.455   566   616 W skia    : AGTM parsing failed flags.readFromStream(s) at 159
04-26 16:49:28.455   566   616 W skia    : AGTM parsing failed flags.readFromStream(s) at 159
04-26 16:49:28.470  1219  1219 V BaseDepthController: Applying blur: 0 to Surface(name=VRI-com.google.android.apps.nexuslauncher/com.google.android.apps.nexuslauncher.NexusLauncherActivity#617)/@0xd45637f applyImmediately: false
04-26 16:49:28.470  1219  1219 D BaseDepthController: shouldBlurWorkspace: false targetState: Normal currentStableState: Normal mCurrentBlur: 0 mLauncher.getDepthBlurTargets(): [com.android.launcher3.Workspace{573bc60 V.ED..... ........ 0,0-1080,2400 #7f0a047d app:id/workspace}, com.android.launcher3.Hotseat{7eca519 V.ED..... ........ 0,1905-1080,2400 #7f0a01f1 app:id/hotseat}]
04-26 16:49:28.481   499   499 D Zygote  : Forked child process 8988
04-26 16:49:28.486  1219  1219 V BaseDepthController: Applying blur: 0 to Surface(name=VRI-com.google.android.apps.nexuslauncher/com.google.android.apps.nexuslauncher.NexusLauncherActivity#617)/@0xd45637f applyImmediately: false
04-26 16:49:28.488  1219  1219 D BaseDepthController: setEarlyWakeup: true
04-26 16:49:28.489  1219  1219 D BaseDepthController: shouldBlurWorkspace: false targetState: Normal currentStableState: Normal mCurrentBlur: 0 mLauncher.getDepthBlurTargets(): [com.android.launcher3.Workspace{573bc60 V.ED..... ........ 0,0-1080,2400 #7f0a047d app:id/workspace}, com.android.launcher3.Hotseat{7eca519 V.ED..... ........ 0,1905-1080,2400 #7f0a01f1 app:id/hotseat}]
04-26 16:49:28.494   736   748 W system_server: Suspending all threads took: 9.787ms
04-26 16:49:28.496  4276  4276 I Finsky:background: [2] Memory trim requested to level 40
04-26 16:49:28.496  4276  4297 I Finsky:background: [41] Stats for Executor: bgExecutor vpk@6659eac[Running, pool size = 4, active threads = 0, queued tasks = 0, completed tasks = 94]
04-26 16:49:28.496  4276  4297 I Finsky:background: [41] Stats for Executor: LightweightExecutor vpk@d2463b0[Running, pool size = 4, active threads = 0, queued tasks = 0, completed tasks = 40]
04-26 16:49:28.496  4276  4297 I Finsky:background: [41] Stats for Executor: BlockingExecutor vpk@6e7c1ff[Running, pool size = 0, active threads = 0, queued tasks = 0, completed tasks = 110]
04-26 16:49:28.499  1174  1181 W droid.bluetooth: Reducing the number of considered missed Gc histogram windows from 342 to 100
04-26 16:49:28.501  4276  4276 I Finsky:background: [2] Memory trim requested to level 40
04-26 16:49:28.503  1219  1219 V BaseDepthController: Applying blur: 0 to Surface(name=VRI-com.google.android.apps.nexuslauncher/com.google.android.apps.nexuslauncher.NexusLauncherActivity#617)/@0xd45637f applyImmediately: false
04-26 16:49:28.503  1219  1219 D BaseDepthController: shouldBlurWorkspace: false targetState: Normal currentStableState: Normal mCurrentBlur: 0 mLauncher.getDepthBlurTargets(): [com.android.launcher3.Workspace{573bc60 V.ED..... ........ 0,0-1080,2400 #7f0a047d app:id/workspace}, com.android.launcher3.Hotseat{7eca519 V.ED..... ........ 0,1905-1080,2400 #7f0a01f1 app:id/hotseat}]
04-26 16:49:28.503  4276  4276 I Finsky:background: [2] ajje - Received: android.intent.action.PACKAGE_REMOVED, [n076RJLEETmEZ61FBJHrGFwh-0szukPG_iaeB-mhrwQ]
04-26 16:49:28.513  8988  8988 I Zygote  : Process 8988 created for com.google.android.apps.pulse
04-26 16:49:28.513  8988  8988 I roid.apps.pulse: Using generational CollectorTypeCMC GC.
04-26 16:49:28.514  8988  8988 W roid.apps.pulse: Unexpected CPU variant for x86: x86_64.
04-26 16:49:28.514  8988  8988 W roid.apps.pulse: Known variants: atom, sandybridge, silvermont, goldmont, goldmont-plus, goldmont-without-sha-xsaves, tremont, kabylake, alderlake, lunarlake, default
04-26 16:49:28.521  1219  1219 V BaseDepthController: Applying blur: 0 to Surface(name=VRI-com.google.android.apps.nexuslauncher/com.google.android.apps.nexuslauncher.NexusLauncherActivity#617)/@0xd45637f applyImmediately: false
04-26 16:49:28.523  4376  6193 I PermissionControllerServiceImpl: Updating user sensitive for uid 10230
04-26 16:49:28.525  1203  1203 E SmsApplication: com.google.android.apps.messaging lost android:read_cell_broadcasts:  (fixing)
04-26 16:49:28.522  1219  1219 D BaseDepthController: shouldBlurWorkspace: false targetState: Normal currentStableState: Normal mCurrentBlur: 0 mLauncher.getDepthBlurTargets(): [com.android.launcher3.Workspace{573bc60 V.ED..... ........ 0,0-1080,2400 #7f0a047d app:id/workspace}, com.android.launcher3.Hotseat{7eca519 V.ED..... ........ 0,1905-1080,2400 #7f0a01f1 app:id/hotseat}]
04-26 16:49:28.529  8988  8988 D nativeloader: Load libframework-connectivity-tiramisu-jni.so using APEX ns com_android_tethering for caller /apex/com.android.tethering/javalib/framework-connectivity-t.jar: ok
--------- beginning of system
04-26 16:49:28.530   736  1958 W AppOpService: Ignored setUidMode call for runtime permission app op: uid = 10155, code = READ_CELL_BROADCASTS, mode = allow, callingUid = 1001, oldMode = allow
04-26 16:49:28.537  1219  1219 V BaseDepthController: Applying blur: 0 to Surface(name=VRI-com.google.android.apps.nexuslauncher/com.google.android.apps.nexuslauncher.NexusLauncherActivity#617)/@0xd45637f applyImmediately: false
04-26 16:49:28.537  1219  1219 D BaseDepthController: shouldBlurWorkspace: false targetState: Normal currentStableState: Normal mCurrentBlur: 0 mLauncher.getDepthBlurTargets(): [com.android.launcher3.Workspace{573bc60 V.ED..... ........ 0,0-1080,2400 #7f0a047d app:id/workspace}, com.android.launcher3.Hotseat{7eca519 V.ED..... ........ 0,1905-1080,2400 #7f0a01f1 app:id/hotseat}]
04-26 16:49:28.542   736   736 W Looper  : Slow dispatch took 113ms main app=system_server main=true group=FOREGROUND h=android.app.ActivityThread$H c=android.app.LoadedApk$ReceiverDispatcher$Args$$ExternalSyntheticLambda0@57e351c m=0
04-26 16:49:28.553  1219  1219 V BaseDepthController: Applying blur: 0 to Surface(name=VRI-com.google.android.apps.nexuslauncher/com.google.android.apps.nexuslauncher.NexusLauncherActivity#617)/@0xd45637f applyImmediately: false
04-26 16:49:28.553  1219  1219 D BaseDepthController: shouldBlurWorkspace: false targetState: Normal currentStableState: Normal mCurrentBlur: 0 mLauncher.getDepthBlurTargets(): [com.android.launcher3.Workspace{573bc60 V.ED..... ........ 0,0-1080,2400 #7f0a047d app:id/workspace}, com.android.launcher3.Hotseat{7eca519 V.ED..... ........ 0,1905-1080,2400 #7f0a01f1 app:id/hotseat}]
04-26 16:49:28.559   566   616 W skia    : AGTM parsing failed flags.readFromStream(s) at 159
04-26 16:49:28.559   566   616 W skia    : AGTM parsing failed flags.readFromStream(s) at 159
04-26 16:49:28.570  1219  1219 V BaseDepthController: Applying blur: 0 to Surface(name=VRI-com.google.android.apps.nexuslauncher/com.google.android.apps.nexuslauncher.NexusLauncherActivity#617)/@0xd45637f applyImmediately: false
04-26 16:49:28.571  1219  1219 D BaseDepthController: shouldBlurWorkspace: false targetState: Normal currentStableState: Normal mCurrentBlur: 0 mLauncher.getDepthBlurTargets(): [com.android.launcher3.Workspace{573bc60 V.ED..... ........ 0,0-1080,2400 #7f0a047d app:id/workspace}, com.android.launcher3.Hotseat{7eca519 V.ED..... ........ 0,1905-1080,2400 #7f0a01f1 app:id/hotseat}]
04-26 16:49:28.571   736   736 I BackupManagerService: No delayed restore requests for the given dependency: com.muonline.client
04-26 16:49:28.586  1219  1219 V BaseDepthController: Applying blur: 0 to Surface(name=VRI-com.google.android.apps.nexuslauncher/com.google.android.apps.nexuslauncher.NexusLauncherActivity#617)/@0xd45637f applyImmediately: false
04-26 16:49:28.586  1219  1219 D BaseDepthController: shouldBlurWorkspace: false targetState: Normal currentStableState: Normal mCurrentBlur: 0 mLauncher.getDepthBlurTargets(): [com.android.launcher3.Workspace{573bc60 V.ED..... ........ 0,0-1080,2400 #7f0a047d app:id/workspace}, com.android.launcher3.Hotseat{7eca519 V.ED..... ........ 0,1905-1080,2400 #7f0a01f1 app:id/hotseat}]
04-26 16:49:28.590  1619  1619 I MediaProvider: Invalidating LocalCallingIdentity cache for package com.muonline.client. Reason: package android.intent.action.PACKAGE_REMOVED
04-26 16:49:28.590  1619  1619 W MediaProvider: WorkProfileOwnerApps cache is empty
04-26 16:49:28.590  1619  1619 D PickerSyncLockManager: Trying to acquire lock com.android.providers.media.photopicker.sync.CloseableReentrantLock@13ff476[Unlocked]. Lock Name = CLOUD_PROVIDER_LOCK. Threads that may be waiting to acquire this lock = []
04-26 16:49:28.591  1619  1619 D CloseableReentrantLock: Successfully acquired lock com.android.providers.media.photopicker.sync.CloseableReentrantLock@13ff476[Locked by thread main]. Lock Name = CLOUD_PROVIDER_LOCK. Threads that may be waiting to acquire this lock = []
04-26 16:49:28.591  1619  1619 D CloseableReentrantLock: Successfully released lock com.android.providers.media.photopicker.sync.CloseableReentrantLock@13ff476[Unlocked]. Lock Name = CLOUD_PROVIDER_LOCK. Threads that may be waiting to acquire this lock = []
04-26 16:49:28.598   736  5314 I Role    : com.google.android.gms not qualified for android.app.role.SYSTEM_DEPENDENCY_INSTALLER due to missing RequiredComponent{mFlags='0', mIntentFilterData=IntentFilterData{mAction='android.content.pm.action.INSTALL_DEPENDENCY', mCategories='[]', mDataScheme='null', mDataType='null'}, mMetaData=[], mPermission='android.permission.BIND_DEPENDENCY_INSTALLER', mQueryFlags=0} Requirement{mFeatureFlag=null, mMinTargetSdkVersion=1}
04-26 16:49:28.599   736  5314 E RoleControllerServiceImpl: Default/fallback role holder package doesn't qualify for the role, package: com.google.android.gms, role: android.app.role.SYSTEM_DEPENDENCY_INSTALLER, user: 0
04-26 16:49:28.603   736  1640 W AppOpService: Ignored setUidMode call for runtime permission app op: uid = 1001, code = READ_SMS, mode = allow, callingUid = 1001, oldMode = allow
04-26 16:49:28.603  1219  1219 V BaseDepthController: Applying blur: 0 to Surface(name=VRI-com.google.android.apps.nexuslauncher/com.google.android.apps.nexuslauncher.NexusLauncherActivity#617)/@0xd45637f applyImmediately: false
04-26 16:49:28.604  1219  1219 D BaseDepthController: shouldBlurWorkspace: false targetState: Normal currentStableState: Normal mCurrentBlur: 0 mLauncher.getDepthBlurTargets(): [com.android.launcher3.Workspace{573bc60 V.ED..... ........ 0,0-1080,2400 #7f0a047d app:id/workspace}, com.android.launcher3.Hotseat{7eca519 V.ED..... ........ 0,1905-1080,2400 #7f0a01f1 app:id/hotseat}]
04-26 16:49:28.605   736  1640 W AppOpService: Ignored setUidMode call for runtime permission app op: uid = 1001, code = RECEIVE_SMS, mode = allow, callingUid = 1001, oldMode = allow
04-26 16:49:28.607   736  1640 W AppOpService: Ignored setUidMode call for runtime permission app op: uid = 1001, code = RECEIVE_WAP_PUSH, mode = allow, callingUid = 1001, oldMode = allow
04-26 16:49:28.617   736  1640 W AppOpService: Ignored setUidMode call for runtime permission app op: uid = 1001, code = SEND_SMS, mode = allow, callingUid = 1001, oldMode = allow
04-26 16:49:28.618   736  2215 W AppOpService: Ignored setUidMode call for runtime permission app op: uid = 1001, code = READ_CELL_BROADCASTS, mode = allow, callingUid = 1001, oldMode = allow
04-26 16:49:28.621  1219  1219 V BaseDepthController: Applying blur: 0 to Surface(name=VRI-com.google.android.apps.nexuslauncher/com.google.android.apps.nexuslauncher.NexusLauncherActivity#617)/@0xd45637f applyImmediately: false
04-26 16:49:28.621  1219  1219 D BaseDepthController: shouldBlurWorkspace: false targetState: Normal currentStableState: Normal mCurrentBlur: 0 mLauncher.getDepthBlurTargets(): [com.android.launcher3.Workspace{573bc60 V.ED..... ........ 0,0-1080,2400 #7f0a047d app:id/workspace}, com.android.launcher3.Hotseat{7eca519 V.ED..... ........ 0,1905-1080,2400 #7f0a01f1 app:id/hotseat}]
04-26 16:49:28.636  1219  1219 V BaseDepthController: Applying blur: 0 to Surface(name=VRI-com.google.android.apps.nexuslauncher/com.google.android.apps.nexuslauncher.NexusLauncherActivity#617)/@0xd45637f applyImmediately: false
04-26 16:49:28.636  1219  1219 D BaseDepthController: shouldBlurWorkspace: false targetState: Normal currentStableState: Normal mCurrentBlur: 0 mLauncher.getDepthBlurTargets(): [com.android.launcher3.Workspace{573bc60 V.ED..... ........ 0,0-1080,2400 #7f0a047d app:id/workspace}, com.android.launcher3.Hotseat{7eca519 V.ED..... ........ 0,1905-1080,2400 #7f0a01f1 app:id/hotseat}]
04-26 16:49:28.649  4164  4164 I Finsky  : [2] ajjp - Received: android.intent.action.PACKAGE_ADDED, [n076RJLEETmEZ61FBJHrGFwh-0szukPG_iaeB-mhrwQ]
04-26 16:49:28.651   736   762 W ProcessStats: Tracking association SourceState{452c8c8 com.google.android.apps.nexuslauncher/10193 BTop #3598} whose proc state 2 is better than process ProcessState{5def4b0 com.google.android.apps.wellbeing/10160 pkg=com.google.android.apps.wellbeing} proc state 14 (1 skipped)
04-26 16:49:28.651   736   762 I ImeTracker: system_server:fdf02c69: onCancelled at PHASE_SERVER_SHOULD_HIDE
04-26 16:49:28.651  4276  4276 I Finsky:background: [2] ajje - Received: android.intent.action.PACKAGE_ADDED, [n076RJLEETmEZ61FBJHrGFwh-0szukPG_iaeB-mhrwQ]
04-26 16:49:28.653  1219  1219 V BaseDepthController: Applying blur: 0 to Surface(name=VRI-com.google.android.apps.nexuslauncher/com.google.android.apps.nexuslauncher.NexusLauncherActivity#617)/@0xd45637f applyImmediately: false
04-26 16:49:28.653  1219  1219 D BaseDepthController: shouldBlurWorkspace: false targetState: Normal currentStableState: Normal mCurrentBlur: 0 mLauncher.getDepthBlurTargets(): [com.android.launcher3.Workspace{573bc60 V.ED..... ........ 0,0-1080,2400 #7f0a047d app:id/workspace}, com.android.launcher3.Hotseat{7eca519 V.ED..... ........ 0,1905-1080,2400 #7f0a01f1 app:id/hotseat}]
04-26 16:49:28.666  8988  8988 D nativeloader: InitLlndkLibrariesProduct: libEGL.so:libGLESv1_CM.so:libGLESv2.so:libGLESv3.so:libRS.so:libandroid_net.so:libapexsupport.so:libavf.so:libbinder_ndk.so:libc.so:libcamera_metadata.so:libcgrouprc.so:libclang_rt.asan-x86_64-android.so:libcom.android.tethering.connectivity_native.so:libdl.so:libft2.so:liblog.so:libm.so:libmediandk.so:libnativewindow.so:libneuralnetworks.so:libselinux.so:libsync.so:libvendorsupport.so:libvndksupport.so:libvulkan.so
04-26 16:49:28.666  8988  8988 D nativeloader: Configuring product-clns-9 for unbundled product apk /product/priv-app/PulsePrebuilt/PulsePrebuilt.apk. target_sdk_version=35, uses_libraries=, library_path=/product/priv-app/PulsePrebuilt/lib/x86_64:/product/lib64:/system/product/lib64, permitted_path=/data:/mnt/expand:/data/user/0/com.google.android.apps.pulse:/product/lib64:/system/product/lib64
04-26 16:49:28.667  8988  8988 D nativeloader: InitVndkspLibrariesProduct: VNDK is deprecated with product
04-26 16:49:28.672   566   616 W skia    : AGTM parsing failed flags.readFromStream(s) at 159
04-26 16:49:28.672   566   616 W skia    : AGTM parsing failed flags.readFromStream(s) at 159
04-26 16:49:28.675  1219  1219 V BaseDepthController: Applying blur: 0 to Surface(name=VRI-com.google.android.apps.nexuslauncher/com.google.android.apps.nexuslauncher.NexusLauncherActivity#617)/@0xd45637f applyImmediately: false
04-26 16:49:28.675  1219  1219 D BaseDepthController: shouldBlurWorkspace: false targetState: Normal currentStableState: Normal mCurrentBlur: 0 mLauncher.getDepthBlurTargets(): [com.android.launcher3.Workspace{573bc60 V.ED..... ........ 0,0-1080,2400 #7f0a047d app:id/workspace}, com.android.launcher3.Hotseat{7eca519 V.ED..... ........ 0,1905-1080,2400 #7f0a01f1 app:id/hotseat}]
04-26 16:49:28.684   736  1095 D ActivityManager: sync unfroze 1867 com.google.android.gms for 6
04-26 16:49:28.686  1203  1203 E SmsApplication: com.google.android.apps.messaging lost android:read_cell_broadcasts:  (fixing)
04-26 16:49:28.687   736   835 W AppOpService: Ignored setUidMode call for runtime permission app op: uid = 10155, code = READ_CELL_BROADCASTS, mode = allow, callingUid = 1001, oldMode = allow
04-26 16:49:28.687   736   736 W Looper  : Slow dispatch took 100ms main app=system_server main=true group=FOREGROUND h=android.app.ActivityThread$H c=android.app.LoadedApk$ReceiverDispatcher$Args$$ExternalSyntheticLambda0@6dbe0d6 m=0
04-26 16:49:28.689   736   736 D AS.AudioService: received android.intent.action.PACKAGE_REPLACED replacing: true archival: false for package com.muonline.client with uid 10230
04-26 16:49:28.689   736   736 D AppSearchAppsIndexerManagerS: userid in package receiver: 10230
04-26 16:49:28.691   736   736 W AlarmManager: Package com.muonline.client, uid 10230 lost permission to set exact alarms!
04-26 16:49:28.691  1867  1867 D ActivityThread: Package [com.muonline.client] reported as REPLACED, but missing application info. Assuming REMOVED.
04-26 16:49:28.697   736  2215 W ActivityTaskManager: callingPackage for (uid=2000, pid=9008) has no WPC
04-26 16:49:28.699  1219  1219 V BaseDepthController: Applying blur: 0 to Surface(name=VRI-com.google.android.apps.nexuslauncher/com.google.android.apps.nexuslauncher.NexusLauncherActivity#617)/@0xd45637f applyImmediately: false
04-26 16:49:28.699  1219  1219 D BaseDepthController: shouldBlurWorkspace: false targetState: Normal currentStableState: Normal mCurrentBlur: 0 mLauncher.getDepthBlurTargets(): [com.android.launcher3.Workspace{573bc60 V.ED..... ........ 0,0-1080,2400 #7f0a047d app:id/workspace}, com.android.launcher3.Hotseat{7eca519 V.ED..... ........ 0,1905-1080,2400 #7f0a01f1 app:id/hotseat}]
04-26 16:49:28.701   736   836 W AppOpService: Ignored setUidMode call for runtime permission app op: uid = 1001, code = READ_SMS, mode = allow, callingUid = 1001, oldMode = allow
04-26 16:49:28.702   736   736 V AccessibilityManagerService: onUserStateChangedLocked for userId: 0, forceUpdate: false
04-26 16:49:28.702  1867  1867 D ActivityThread: Package [com.muonline.client] reported as REPLACED, but missing application info. Assuming REMOVED.
04-26 16:49:28.711  8988  8988 D CompatChangeReporter: Compat change id reported: 202956589; UID 10156; state: ENABLED
04-26 16:49:28.712   736  2215 V GrammaticalInflectionUtils: AttributionSource: android.content.AttributionSource@d322a4fb does not have READ_SYSTEM_GRAMMATICAL_GENDER permission.
04-26 16:49:28.712  1219  1219 V BaseDepthController: Applying blur: 0 to Surface(name=VRI-com.google.android.apps.nexuslauncher/com.google.android.apps.nexuslauncher.NexusLauncherActivity#617)/@0xd45637f applyImmediately: false
04-26 16:49:28.713  1219  1219 D BaseDepthController: shouldBlurWorkspace: false targetState: Normal currentStableState: Normal mCurrentBlur: 0 mLauncher.getDepthBlurTargets(): [com.android.launcher3.Workspace{573bc60 V.ED..... ........ 0,0-1080,2400 #7f0a047d app:id/workspace}, com.android.launcher3.Hotseat{7eca519 V.ED..... ........ 0,1905-1080,2400 #7f0a01f1 app:id/hotseat}]
04-26 16:49:28.721  1219  1219 V BaseDepthController: Applying blur: 0 to Surface(name=VRI-com.google.android.apps.nexuslauncher/com.google.android.apps.nexuslauncher.NexusLauncherActivity#617)/@0xd45637f applyImmediately: false
04-26 16:49:28.721  1219  1219 D BaseDepthController: shouldBlurWorkspace: false targetState: Normal currentStableState: Normal mCurrentBlur: 0 mLauncher.getDepthBlurTargets(): [com.android.launcher3.Workspace{573bc60 V.ED..... ........ 0,0-1080,2400 #7f0a047d app:id/workspace}, com.android.launcher3.Hotseat{7eca519 V.ED..... ........ 0,1905-1080,2400 #7f0a01f1 app:id/hotseat}]
04-26 16:49:28.727   736   921 I HalDevMgr: bestIfaceCreationProposal is null, requestIface=STA, existingIface=[name=wlan0 type=STA]
04-26 16:49:28.728   736   836 W AppOpService: Ignored setUidMode call for runtime permission app op: uid = 1001, code = RECEIVE_SMS, mode = allow, callingUid = 1001, oldMode = allow
04-26 16:49:28.729  1219  1219 D RecentsView: onTaskDisplayChanged: 99, new displayId = 0
04-26 16:49:28.734  8988  8988 V GraphicsEnvironment: Currently set values for:
04-26 16:49:28.734  8988  8988 V GraphicsEnvironment:   angle_gl_driver_selection_pkgs=[]
04-26 16:49:28.734  8988  8988 V GraphicsEnvironment:   angle_gl_driver_selection_values=[]
04-26 16:49:28.734  8988  8988 V GraphicsEnvironment: com.google.android.apps.pulse is not listed in per-application setting
04-26 16:49:28.734  8988  8988 V GraphicsEnvironment: No special selections for ANGLE, returning default driver choice
04-26 16:49:28.734   736  1640 W AppOpService: Ignored setUidMode call for runtime permission app op: uid = 1001, code = RECEIVE_WAP_PUSH, mode = allow, callingUid = 1001, oldMode = allow
04-26 16:49:28.736  1219  1219 V BaseDepthController: Applying blur: 0 to Surface(name=VRI-com.google.android.apps.nexuslauncher/com.google.android.apps.nexuslauncher.NexusLauncherActivity#617)/@0xd45637f applyImmediately: false
04-26 16:49:28.736  1219  1219 D BaseDepthController: shouldBlurWorkspace: false targetState: Normal currentStableState: Normal mCurrentBlur: 0 mLauncher.getDepthBlurTargets(): [com.android.launcher3.Workspace{573bc60 V.ED..... ........ 0,0-1080,2400 #7f0a047d app:id/workspace}, com.android.launcher3.Hotseat{7eca519 V.ED..... ........ 0,1905-1080,2400 #7f0a01f1 app:id/hotseat}]
04-26 16:49:28.738  8988  8988 V GraphicsEnvironment: Neither updatable production driver nor prerelease driver is supported.
04-26 16:49:28.742   736   999 W AppOpService: Ignored setUidMode call for runtime permission app op: uid = 1001, code = SEND_SMS, mode = allow, callingUid = 1001, oldMode = allow
04-26 16:49:28.747  4164  8991 I Finsky  : [235] SCH: Received scheduling request: Id: 12-1, Constraints: [{ L: 15000, D: 86400000, C: CHARGING_NONE, I: IDLE_NONE, N: NET_ANY, B: BATTERY_ANY }]
04-26 16:49:28.748  4164  4164 I Finsky  : [2] DTU: Received onPackageAdded, replacing: true
04-26 16:49:28.749   736  1959 W AppOpService: Ignored setUidMode call for runtime permission app op: uid = 1001, code = READ_CELL_BROADCASTS, mode = allow, callingUid = 1001, oldMode = allow
04-26 16:49:28.753  1219  1219 V BaseDepthController: Applying blur: 0 to Surface(name=VRI-com.google.android.apps.nexuslauncher/com.google.android.apps.nexuslauncher.NexusLauncherActivity#617)/@0xd45637f applyImmediately: false
04-26 16:49:28.753  1219  1219 D BaseDepthController: shouldBlurWorkspace: false targetState: Normal currentStableState: Normal mCurrentBlur: 0 mLauncher.getDepthBlurTargets(): [com.android.launcher3.Workspace{573bc60 V.ED..... ........ 0,0-1080,2400 #7f0a047d app:id/workspace}, com.android.launcher3.Hotseat{7eca519 V.ED..... ........ 0,1905-1080,2400 #7f0a01f1 app:id/hotseat}]
04-26 16:49:28.761  4164  8991 I Finsky  : [235] SCH: Received scheduling request: Id: 12-1, Constraints: [{ L: 15000, D: 86400000, C: CHARGING_NONE, I: IDLE_NONE, N: NET_ANY, B: BATTERY_ANY }]
04-26 16:49:28.765   566   616 W skia    : AGTM parsing failed flags.readFromStream(s) at 159
04-26 16:49:28.765   566   616 W skia    : AGTM parsing failed flags.readFromStream(s) at 159
04-26 16:49:28.765   736  2215 I ActivityTaskManager: Add Task{c2c26f #98 type=standard A=10230:com.muonline.client} to hidden list because adding Task{30ed461 #99 type=standard A=10230:com.muonline.client}
04-26 16:49:28.765  1203  1423 D ImsResolver: maybeAddedImsService, packageName: com.muonline.client
04-26 16:49:28.765  1203  1423 V ImsResolver: searchForImsServices: package=com.muonline.client, users=[UserHandle{0}]
04-26 16:49:28.768  1203  1423 V ImsResolver: searchForImsServices: package=com.muonline.client, users=[UserHandle{0}]
04-26 16:49:28.769  1219  1219 V BaseDepthController: Applying blur: 0 to Surface(name=VRI-com.google.android.apps.nexuslauncher/com.google.android.apps.nexuslauncher.NexusLauncherActivity#617)/@0xd45637f applyImmediately: false
04-26 16:49:28.769  1219  1219 D BaseDepthController: shouldBlurWorkspace: false targetState: Normal currentStableState: Normal mCurrentBlur: 0 mLauncher.getDepthBlurTargets(): [com.android.launcher3.Workspace{573bc60 V.ED..... ........ 0,0-1080,2400 #7f0a047d app:id/workspace}, com.android.launcher3.Hotseat{7eca519 V.ED..... ........ 0,1905-1080,2400 #7f0a01f1 app:id/hotseat}]
04-26 16:49:28.769  4276  4276 I Finsky:background: [2] ajje - Received: android.intent.action.PACKAGE_ADDED, [n076RJLEETmEZ61FBJHrGFwh-0szukPG_iaeB-mhrwQ]
04-26 16:49:28.771   736  2215 V ActivityTaskManager: TaskLaunchParamsModifier: phase=3 task=Task{30ed461 #99 type=standard A=10230:com.muonline.client} activity=ActivityRecord{106920904 u0 com.muonline.client/.PreloadActivity t-1} display-from-task=0 display-id=0 task-display-area-windowing-mode=1 suggested-display-area=DefaultTaskDisplayArea@125646128 inherit-from-task=fullscreen non-freeform-task-display-area display-area=DefaultTaskDisplayArea@125646128 skip-bounds-fullscreen
04-26 16:49:28.771   736  2215 I ActivityTaskManager: START u0 {flg=0x10000000 xflg=0x5 cmp=com.muonline.client/.PreloadActivity} with LAUNCH_SINGLE_TASK from uid 2000 (com.android.shell) (BAL_ALLOW_PERMISSION) result code=0
04-26 16:49:28.774  1219  1219 D BaseActivity: Launcher flags updated: [state_started|state_resumed|state_deferred_resumed|state_window_focused|state_user_active] -[]
04-26 16:49:28.780  1219  1219 D BaseActivity: Launcher flags updated: [state_started|state_resumed|state_deferred_resumed|state_window_focused] -[state_user_active]
04-26 16:49:28.780  1219  1219 D BaseActivity: Launcher flags updated: [state_started|state_window_focused] -[state_resumed|state_deferred_resumed]
04-26 16:49:28.780   736   762 V GrammaticalInflectionUtils: AttributionSource: android.content.AttributionSource@d322a4fb does not have READ_SYSTEM_GRAMMATICAL_GENDER permission.
04-26 16:49:28.780  1219  1219 W SplitSelectStateCtor: Missing session instanceIds
04-26 16:49:28.780  1219  1219 D StatsLog: LAUNCHER_SPLIT_SELECTION_EXIT_INTERRUPTED
04-26 16:49:28.790  4276  4276 I Finsky:background: [2] ajje - Deduping intent android.intent.action.PACKAGE_ADDED
04-26 16:49:28.792   736   736 V AccessibilityUserState: updateShortcutTargets: type:accessibility_shortcut_target_service, current:{}, new:{}
04-26 16:49:28.792   736   736 V AccessibilityUserState: updateShortcutTargets: type:accessibility_button_targets, current:{}, new:{}
04-26 16:49:28.792   736   736 V AccessibilityUserState: updateShortcutTargets: type:accessibility_gesture_targets, current:{}, new:{}
04-26 16:49:28.792   736   736 V AccessibilityUserState: updateShortcutTargets: type:accessibility_qs_targets, current:{}, new:{}
04-26 16:49:28.792   736   736 V AccessibilityUserState: updateShortcutTargets: type:accessibility_key_gesture_targets, current:{}, new:{}
04-26 16:49:28.792   736   736 V AccessibilityUserState: updateShortcutTargets: type:accessibility_top_row_key_targets, current:{}, new:{}
04-26 16:49:28.792   736   736 V AccessibilityUserState: updateShortcutTargets: type:accessibility_quick_access_targets, current:{}, new:{}
04-26 16:49:28.793   736   736 W MagnificationConnectionManager: requestConnection duplicated request: connect=false, mConnectionState=DISCONNECTED
04-26 16:49:28.793   499   499 D Zygote  : Forked child process 9020
04-26 16:49:28.796   736   835 V WindowManager: Defer transition id=58 for TaskFragmentTransaction=android.os.Binder@a3eee5b
04-26 16:49:28.796  1203  1203 W VvmPkgInstalledRcvr: carrierVvmPkgAdded: carrier vvm packages doesn't contain com.muonline.client
04-26 16:49:28.797  4164  4164 I Finsky  : [2] ajjp - Received: android.intent.action.PACKAGE_ADDED, [n076RJLEETmEZ61FBJHrGFwh-0szukPG_iaeB-mhrwQ]
04-26 16:49:28.807  1219  1219 V BaseDepthController: Applying blur: 0 to Surface(name=VRI-com.google.android.apps.nexuslauncher/com.google.android.apps.nexuslauncher.NexusLauncherActivity#617)/@0xd45637f applyImmediately: false
04-26 16:49:28.807   736  1954 I ImeTracker: system_server:bec51133: onRequestHide at ORIGIN_SERVER reason IME_REQUESTED_CHANGED_LISTENER fromUser false displayId 0
04-26 16:49:28.808  1219  1219 D BaseDepthController: shouldBlurWorkspace: false targetState: Normal currentStableState: Normal mCurrentBlur: 0 mLauncher.getDepthBlurTargets(): [com.android.launcher3.Workspace{573bc60 V.ED..... ........ 0,0-1080,2400 #7f0a047d app:id/workspace}, com.android.launcher3.Hotseat{7eca519 V.ED..... ........ 0,1905-1080,2400 #7f0a01f1 app:id/hotseat}]
04-26 16:49:28.808  4276  4307 I Finsky:background: [48] IQ:PSL: skipping onPackageRemoved(replacing=true) for untracked package=com.muonline.client
04-26 16:49:28.812   736   736 W libbinder.IPCThreadState: Sending oneway calls to frozen process.
04-26 16:49:28.815  9020  9020 I Zygote  : Process 9020 created for com.muonline.client
04-26 16:49:28.816  9020  9020 I muonline.client: Using generational CollectorTypeCMC GC.
04-26 16:49:28.817  9020  9020 W muonline.client: Unexpected CPU variant for x86: x86_64.
04-26 16:49:28.817  9020  9020 W muonline.client: Known variants: atom, sandybridge, silvermont, goldmont, goldmont-plus, goldmont-without-sha-xsaves, tremont, kabylake, alderlake, lunarlake, default
04-26 16:49:28.818   736   736 W libbinder.IPCThreadState: Sending oneway calls to frozen process.
04-26 16:49:28.818   736   736 W libbinder.IPCThreadState: Sending oneway calls to frozen process.
04-26 16:49:28.819  4276  4276 I Finsky:background: [2] ajje - Received: android.intent.action.PACKAGE_ADDED, [n076RJLEETmEZ61FBJHrGFwh-0szukPG_iaeB-mhrwQ]
04-26 16:49:28.836   736   769 I ActivityManager: Start proc 9020:com.muonline.client/u0a230 for next-top-activity {com.muonline.client/com.muonline.client.PreloadActivity}
04-26 16:49:28.836   736   769 W ActivityManager: Slow operation: 55ms so far, now at startProcess: starting to update pids map
04-26 16:49:28.837   736   736 V AccessibilityManagerService: onUserStateChangedLocked for userId: 0, forceUpdate: false
04-26 16:49:28.840  1203  1203 D SatelliteController: packageStateChanged: package:com.muonline.client defaultSmsPackageName: com.google.android.apps.messaging satelliteGatewayServicePackageName: 
04-26 16:49:28.841  1203  1203 D CarrierSvcBindHelper: onHandleForceStop: [com.muonline.client]
04-26 16:49:28.841  1203  1203 D CarrierSvcBindHelper: No carrier app for: 0
04-26 16:49:28.844  4276  4276 I Finsky:background: [2] ajje - Deduping intent android.intent.action.PACKAGE_ADDED
04-26 16:49:28.845  4276  4319 I Finsky:background: [60] RECEIVER_PACKAGE_MONITOR_BACKGROUND#logWorkEndAndFinishGoAsync: SUCCESS
04-26 16:49:28.845  9020  9020 D nativeloader: Load libframework-connectivity-tiramisu-jni.so using APEX ns com_android_tethering for caller /apex/com.android.tethering/javalib/framework-connectivity-t.jar: ok
04-26 16:49:28.846   736   769 W ActivityManager: Slow operation: 65ms so far, now at startProcess: done updating pids map
04-26 16:49:28.846   736   736 V AccessibilityUserState: updateShortcutTargets: type:accessibility_shortcut_target_service, current:{}, new:{}
04-26 16:49:28.847   736   762 I ImeTracker: system_server:bec51133: onCancelled at PHASE_SERVER_SHOULD_HIDE
04-26 16:49:28.851   736   736 V AccessibilityUserState: updateShortcutTargets: type:accessibility_button_targets, current:{}, new:{}
04-26 16:49:28.851   736   736 V AccessibilityUserState: updateShortcutTargets: type:accessibility_gesture_targets, current:{}, new:{}
04-26 16:49:28.851   736   736 V AccessibilityUserState: updateShortcutTargets: type:accessibility_qs_targets, current:{}, new:{}
04-26 16:49:28.851   736   736 V AccessibilityUserState: updateShortcutTargets: type:accessibility_key_gesture_targets, current:{}, new:{}
04-26 16:49:28.851   736   736 V AccessibilityUserState: updateShortcutTargets: type:accessibility_top_row_key_targets, current:{}, new:{}
04-26 16:49:28.852   736   736 V AccessibilityUserState: updateShortcutTargets: type:accessibility_quick_access_targets, current:{}, new:{}
04-26 16:49:28.854   736   736 W MagnificationConnectionManager: requestConnection duplicated request: connect=false, mConnectionState=DISCONNECTED
04-26 16:49:28.858  4164  4164 I Finsky  : [2] ajjp - Deduping intent android.intent.action.PACKAGE_ADDED
04-26 16:49:28.863  1219  1219 V BaseDepthController: Applying blur: 0 to Surface(name=VRI-com.google.android.apps.nexuslauncher/com.google.android.apps.nexuslauncher.NexusLauncherActivity#617)/@0xd45637f applyImmediately: false
04-26 16:49:28.863  1219  1219 D BaseDepthController: shouldBlurWorkspace: false targetState: Normal currentStableState: Normal mCurrentBlur: 0 mLauncher.getDepthBlurTargets(): [com.android.launcher3.Workspace{573bc60 V.ED..... ........ 0,0-1080,2400 #7f0a047d app:id/workspace}, com.android.launcher3.Hotseat{7eca519 V.ED..... ........ 0,1905-1080,2400 #7f0a01f1 app:id/hotseat}]
04-26 16:49:28.878  1219  1219 D BaseActivity: Launcher flags updated: [state_started] -[state_window_focused]
04-26 16:49:28.878   566   616 W skia    : AGTM parsing failed flags.readFromStream(s) at 159
04-26 16:49:28.879   566   616 W skia    : AGTM parsing failed flags.readFromStream(s) at 159
04-26 16:49:28.881  4276  9002 I Finsky:background: [145] Wrote row to frosting DB: 3122
04-26 16:49:28.882  4164  4164 I Finsky  : [2] ajjp - Received: android.intent.action.PACKAGE_ADDED, [n076RJLEETmEZ61FBJHrGFwh-0szukPG_iaeB-mhrwQ]
04-26 16:49:28.885  1219  1219 V BaseDepthController: Applying blur: 0 to Surface(name=VRI-com.google.android.apps.nexuslauncher/com.google.android.apps.nexuslauncher.NexusLauncherActivity#617)/@0xd45637f applyImmediately: false
04-26 16:49:28.890  1219  1219 D BaseDepthController: shouldBlurWorkspace: false targetState: Normal currentStableState: Normal mCurrentBlur: 0 mLauncher.getDepthBlurTargets(): [com.android.launcher3.Workspace{573bc60 V.ED..... ........ 0,0-1080,2400 #7f0a047d app:id/workspace}, com.android.launcher3.Hotseat{7eca519 V.ED..... .......D 0,1905-1080,2400 #7f0a01f1 app:id/hotseat}]
04-26 16:49:28.908  1219  1219 V BaseDepthController: Applying blur: 0 to Surface(name=VRI-com.google.android.apps.nexuslauncher/com.google.android.apps.nexuslauncher.NexusLauncherActivity#617)/@0xd45637f applyImmediately: false
04-26 16:49:28.909  4276  9002 I Finsky:background: [145] Wrote row to frosting DB: 3123
04-26 16:49:28.913  1219  1219 D BaseDepthController: shouldBlurWorkspace: false targetState: Normal currentStableState: Normal mCurrentBlur: 0 mLauncher.getDepthBlurTargets(): [com.android.launcher3.Workspace{573bc60 V.ED..... ........ 0,0-1080,2400 #7f0a047d app:id/workspace}, com.android.launcher3.Hotseat{7eca519 V.ED..... .......D 0,1905-1080,2400 #7f0a01f1 app:id/hotseat}]
04-26 16:49:28.916  1036  1091 V WindowManagerShell: Transition requested (#58): android.os.BinderProxy@aa2aa5b TransitionRequestInfo { type = OPEN, triggerTask = TaskInfo{userId=0 taskId=99 effectiveUid=10230 displayId=0 isRunning=true baseIntent=Intent { flg=0x10000000 cmp=com.muonline.client/.PreloadActivity } baseActivity=ComponentInfo{com.muonline.client/com.muonline.client.PreloadActivity} topActivity=ComponentInfo{com.muonline.client/com.muonline.client.PreloadActivity} origActivity=null realActivity=ComponentInfo{com.muonline.client/com.muonline.client.PreloadActivity} realActivityIsAppLockEnabled=false numActivities=1 lastActiveTime=4743363 supportsMultiWindow=true supportsMultiWindowWithoutConstraints=true resizeMode=1 isResizeable=true minWidth=-1 minHeight=-1 defaultMinSize=220 token=WCT{android.os.BinderProxy@48c72f8} topActivityType=1 pictureInPictureParams=null shouldDockBigOverlays=false launchIntoPipHostTaskId=-1 lastParentTaskIdBeforePip=-1 displayCutoutSafeInsets=Rect(132, 0 - 0, 0) topActivityInfo=ActivityInfo{ea4b3d1 com.muonline.client.PreloadActivity} launchCookies=[] positionInParent=Point(0, 0) parentTaskId=-1 isFocused=false isInteractive=false isVisible=false isVisibleRequested=false isTopActivityNoDisplay=false isSleeping=false locusId=null displayAreaFeatureId=1 isTopActivityTransparent=false isActivityStackTransparent=false lastNonFullscreenBounds=null leafTaskBoundsFromOptions= false capturedLink=null capturedLinkTimestamp=0 requestedVisibleTypes=503 topActivityRequestOpenInBrowserEducationTimestamp=0 appCompatTaskInfo=AppCompatTaskInfo { topActivityInSizeCompat=false isLeafTask= true eligibleForLetterboxEducation= false isLetterboxEducationEnabled= true isLetterboxDoubleTapEnabled= false eligibleForUserAspectRatioButton= false topActivityBoundsLetterboxed= false isFromLetterboxDoubleTap= false topActivityLetterboxVerticalPosition= -1 topActivityLetterboxHorizontalPosition= -1 topActivityLetterboxWidth=-1 topActivityLetterboxHeight=-1 topActivityAppBounds=Rect(132, 0 - 2400, 1017) isUserFullscreenOverrideEnabled=false isSystemFullscreenOverrideEnabled=false hasMinAspectRatioOverride=false topActivityLetterboxBounds=null topNonResizableActivityAspectRatio=-1.0} topActivityMainWindowFrame=null isAppBubble=false}, pipChange = null, remoteTransitionInfo = null, displayChange = null, requestedLocation = null, userChange = null, windowingLayerChange = null, fullscreenRequestChange = null, flags = 0, debugId = 58 }
04-26 16:49:28.917  1036  1091 W DisconnectHandler: No disconnect change found in the transition, not handling request.
04-26 16:49:28.917  1036  1091 V ShellDesktopMode: DesktopTasksController: skipping handleRequest reason=triggerTask's display doesn't support desktop mode
04-26 16:49:28.917  1036  1091 D ShellSplitScreen: logExit: no-op, mLoggerSessionId is null
04-26 16:49:28.925  4276  9002 I Finsky:background: [145] Wrote row to frosting DB: 3124
04-26 16:49:28.928  1036  1044 W System  : A resource failed to call release. 
04-26 16:49:28.928  1036  1044 W System  : A resource failed to call release. 
04-26 16:49:28.929  1036  1044 W System  : A resource failed to call release. 
04-26 16:49:28.929  1036  1044 W System  : A resource failed to call release. 
04-26 16:49:28.930   566  1316 I libbinder.BpBinder: onLastStrongRef automatically unlinking death recipients for binder (0x7eaa36062610) with descriptor: '(not cached)'
04-26 16:49:28.934  1219  1219 V BaseDepthController: Applying blur: 0 to Surface(name=VRI-com.google.android.apps.nexuslauncher/com.google.android.apps.nexuslauncher.NexusLauncherActivity#617)/@0xd45637f applyImmediately: false
04-26 16:49:28.937  1219  1219 D BaseDepthController: shouldBlurWorkspace: false targetState: Normal currentStableState: Normal mCurrentBlur: 0 mLauncher.getDepthBlurTargets(): [com.android.launcher3.Workspace{573bc60 V.ED..... ........ 0,0-1080,2400 #7f0a047d app:id/workspace}, com.android.launcher3.Hotseat{7eca519 V.ED..... ........ 0,1905-1080,2400 #7f0a01f1 app:id/hotseat}]
04-26 16:49:28.943  4276  9002 I Finsky:background: [145] Wrote row to frosting DB: 3125
04-26 16:49:28.956  4276  9002 I Finsky:background: [145] Wrote row to frosting DB: 3126
04-26 16:49:28.964  1219  1219 V BaseDepthController: Applying blur: 0 to Surface(name=VRI-com.google.android.apps.nexuslauncher/com.google.android.apps.nexuslauncher.NexusLauncherActivity#617)/@0xd45637f applyImmediately: false
04-26 16:49:28.964  1219  1219 D BaseDepthController: shouldBlurWorkspace: false targetState: Normal currentStableState: Normal mCurrentBlur: 0 mLauncher.getDepthBlurTargets(): [com.android.launcher3.Workspace{573bc60 V.ED..... ........ 0,0-1080,2400 #7f0a047d app:id/workspace}, com.android.launcher3.Hotseat{7eca519 V.ED..... ........ 0,1905-1080,2400 #7f0a01f1 app:id/hotseat}]
04-26 16:49:28.968  4276  9002 I Finsky:background: [145] Wrote row to frosting DB: 3127
04-26 16:49:28.971   736  1953 W ActivityManager: Slow operation: 120ms so far, now at attachApplicationLocked: immediately after bindApplication
04-26 16:49:28.972   736  1953 W ActivityManager: Slow operation: 120ms so far, now at attachApplicationLocked: after updateLruProcessLocked
04-26 16:49:28.973   736   752 V WindowManager: Continue transition id=58 for TaskFragmentTransaction=android.os.Binder@a3eee5b
04-26 16:49:28.975  1036  1091 V RecentTasksController: Notify recent tasks changed
04-26 16:49:28.976   736   736 W Looper  : Slow dispatch took 121ms main app=system_server main=true group=FOREGROUND h=android.os.Handler c=com.android.internal.content.PackageMonitor$$ExternalSyntheticLambda0@7604a21 m=0
04-26 16:49:28.977   736  1953 W ActivityManager: Slow operation: 126ms so far, now at attachApplicationLocked: after updateOomAdjLocked
04-26 16:49:28.978  1036  1091 D ShellDesktopMode: DesktopRepository(0): Removes freeform task: taskId=98
04-26 16:49:28.979  1036  1091 W ShellDesktopMode: DesktopRepository(0): No display id found for task: taskId=98
04-26 16:49:28.984  9020  9020 D CompatChangeReporter: Compat change id reported: 242716250; UID 10230; state: ENABLED
04-26 16:49:28.988  1036  1091 V RecentTasksController: Notify recent tasks changed
04-26 16:49:28.989  1036  1091 D WindowManagerShell: setLauncherKeepClearAreaHeight: visible=false, height=495
04-26 16:49:28.993   736   736 W libbinder.IPCThreadState: Sending oneway calls to frozen process.
04-26 16:49:28.993   736  1067 W InputChannel-JNI: Channel already disposed.
04-26 16:49:28.994  1036  1091 V RecentTasksController: Notify recent tasks changed
04-26 16:49:28.995   736   748 I system_server: Background concurrent mark compact GC freed 16MB AllocSpace bytes, 75(2432KB) LOS objects, 35% free, 42MB/66MB, paused 22.523ms,114.099ms total 870.748ms
04-26 16:49:28.996   736   736 W libbinder.IPCThreadState: Sending oneway calls to frozen process.
04-26 16:49:28.997   736   736 W libbinder.IPCThreadState: Sending oneway calls to frozen process.
04-26 16:49:28.999  1219  1219 D RecentTasksList: invalidateLoadedTasks - previous requestLoadId: -1
04-26 16:49:29.001  1219  1219 V BaseDepthController: Applying blur: 0 to Surface(name=VRI-com.google.android.apps.nexuslauncher/com.google.android.apps.nexuslauncher.NexusLauncherActivity#617)/@0xd45637f applyImmediately: false
04-26 16:49:29.001  1219  1219 D BaseDepthController: shouldBlurWorkspace: false targetState: Normal currentStableState: Normal mCurrentBlur: 0 mLauncher.getDepthBlurTargets(): [com.android.launcher3.Workspace{573bc60 V.ED..... ........ 0,0-1080,2400 #7f0a047d app:id/workspace}, com.android.launcher3.Hotseat{7eca519 V.ED..... ........ 0,1905-1080,2400 #7f0a01f1 app:id/hotseat}]
04-26 16:49:29.001   736  5314 E RoleControllerServiceImpl: Default/fallback role holder package doesn't qualify for the role, package: com.google.android.gms, role: android.app.role.WALLET, user: 0
04-26 16:49:29.003  1203  1331 D SatelliteController: isInCarrierRoamingNbIotNtn: satellite is disabled
04-26 16:49:29.003  1203  1331 D SatelliteController: getCarrierRoamingNtnConnectType: Checking connect type from PLMN config for subId: 1
04-26 16:49:29.005  1036  1132 D WindowOnBackDispatcher: setTopOnBackInvokedCallback (unwrapped): android.view.ViewRootImpl$$ExternalSyntheticLambda13@6dec435
04-26 16:49:29.006  1203  1331 D SatelliteController: getSatellitePerPlmnConfiguration: invalid subId or not supported via carrier.
04-26 16:49:29.006  1203  1331 D SatelliteController: getCarrierRoamingNtnConnectType: config: null
04-26 16:49:29.006  1203  1331 D SatelliteController: getCarrierRoamingNtnConnectType: Falling back to global carrier config connect type: 0
04-26 16:49:29.006  1203  1331 D SatelliteController: updateLastNotifiedCarrierRoamingNtnSignalStrengthAndNotify(1)
04-26 16:49:29.006  1203  1331 D SatelliteController: updateLastNotifiedCarrierRoamingNtnSignalStrengthAndNotify(1) lastNotifiedSignalStrength level: 0
04-26 16:49:29.006  1203  1331 D SatelliteController: updateLastNotifiedCarrierRoamingNtnSignalStrengthAndNotify(1) currSignalStrength level: 0
04-26 16:49:29.007   736  1602 D CoreBackPreview: Window{54e65e7 u0 Splash Screen com.muonline.client}: Setting back callback OnBackInvokedCallbackInfo{mCallback=android.window.IOnBackInvokedCallback$Stub$Proxy@7093b8a, mPriority=0, mIsAnimationCallback=false, mOverrideBehavior=0}
04-26 16:49:29.007   736   999 D WindowManager: setClientSurface Surface(name=VRI-Splash Screen com.muonline.client#629)/@0x5ce95fb for 54e65e7 Splash Screen com.muonline.client
04-26 16:49:29.011  1036  1132 I Surface : Creating surface for consumer unnamed-1036-15 with slotExpansion=1 for 64 slots
04-26 16:49:29.012  1036  1132 I Surface : Creating surface for consumer VRI[client]#15(BLAST Consumer)15 with slotExpansion=1 for 64 slots
04-26 16:49:29.014  1219  1219 D RecentTasksList: invalidateLoadedTasks - previous requestLoadId: -1
04-26 16:49:29.014  1219  1219 D RecentTasksList: invalidateLoadedTasks - previous requestLoadId: -1
04-26 16:49:29.015  4164  4164 I Finsky  : [2] ajjp - Deduping intent android.intent.action.PACKAGE_ADDED
04-26 16:49:29.017   736   767 I AppBindingService: [Supervision app] feature disabled
04-26 16:49:29.024   736  5314 W SignedPackage: Cannot get ApplicationInfo for package: com.google.android.devicelockcontroller
04-26 16:49:29.035   736  2221 W ActivityManager: Slow operation: 51ms so far, now at finishAttachApplicationInner: after mServices.attachApplicationLocked
04-26 16:49:29.035   736  2221 W ActivityManager: Slow operation: 51ms so far, now at finishAttachApplicationInner: after dispatching broadcasts
04-26 16:49:29.055   736   736 W libbinder.IPCThreadState: Sending oneway calls to frozen process.
04-26 16:49:29.056  4164  4205 I Finsky  : [41] RECEIVER_PACKAGE_MONITOR#logWorkEndAndFinishGoAsync: SUCCESS
04-26 16:49:29.056  3743  3743 I AiAiTextClassifier: onDestroyTextClassificationSession = TextClassificationSessionId {a2f05f95-800f-4065-915f-5b9d391f68db}
04-26 16:49:29.056  9020  9020 D nativeloader: Configuring clns-9 for other apk /data/app/~~FfZDQLTmhrbLNOeIjFtZDw==/com.muonline.client-5b9bnjGAiXMTCa6ssPannA==/base.apk. target_sdk_version=34, uses_libraries=, library_path=/data/app/~~FfZDQLTmhrbLNOeIjFtZDw==/com.muonline.client-5b9bnjGAiXMTCa6ssPannA==/lib/x86_64:/data/app/~~FfZDQLTmhrbLNOeIjFtZDw==/com.muonline.client-5b9bnjGAiXMTCa6ssPannA==/base.apk!/lib/x86_64, permitted_path=/data:/mnt/expand:/data/user/0/com.muonline.client
04-26 16:49:29.062   736   736 W libbinder.IPCThreadState: Sending oneway calls to frozen process.
04-26 16:49:29.063   736   749 I libbinder.BpBinder: onLastStrongRef automatically unlinking death recipients for binder (0x733fbca32a40) with descriptor: '(not cached)'
04-26 16:49:29.069  3743  3743 I AiAiTextClassifier: onDestroyTextClassificationSession = TextClassificationSessionId {d0d312b9-682d-44f2-be6c-989e6a51e2d7}
04-26 16:49:29.069   736   736 W libbinder.IPCThreadState: Sending oneway calls to frozen process.
04-26 16:49:29.073  9020  9020 V GraphicsEnvironment: Currently set values for:
04-26 16:49:29.073  9020  9020 V GraphicsEnvironment:   angle_gl_driver_selection_pkgs=[]
04-26 16:49:29.073  9020  9020 V GraphicsEnvironment:   angle_gl_driver_selection_values=[]
04-26 16:49:29.073  9020  9020 V GraphicsEnvironment: com.muonline.client is not listed in per-application setting
04-26 16:49:29.073  9020  9020 V GraphicsEnvironment: No special selections for ANGLE, returning default driver choice
04-26 16:49:29.073  3743  9049 I AiAiEcho: AppIndexer Package:[com.muonline.client] UserProfile:[0] Enabled:[true].
04-26 16:49:29.074  3743  9049 I AiAiEcho: AppFetcherImplV2 updateApps package:[com.muonline.client], userId:[0], reason:[package is updated.].
04-26 16:49:29.083  3743  3743 I AiAiTextClassifier: onDestroyTextClassificationSession = TextClassificationSessionId {b47a80ef-b126-4885-a503-18c7937f4b0c}
04-26 16:49:29.085   736   736 W libbinder.IPCThreadState: Sending oneway calls to frozen process.
04-26 16:49:29.087  9020  9020 V GraphicsEnvironment: Neither updatable production driver nor prerelease driver is supported.
04-26 16:49:29.088   736   736 W libbinder.IPCThreadState: Sending oneway calls to frozen process.
04-26 16:49:29.089   736   736 W libbinder.IPCThreadState: Sending oneway calls to frozen process.
04-26 16:49:29.098  1219  1219 V BaseDepthController: Applying blur: 0 to Surface(name=VRI-com.google.android.apps.nexuslauncher/com.google.android.apps.nexuslauncher.NexusLauncherActivity#617)/@0xd45637f applyImmediately: false
04-26 16:49:29.099  1219  1219 D BaseDepthController: shouldBlurWorkspace: false targetState: Normal currentStableState: Normal mCurrentBlur: 0 mLauncher.getDepthBlurTargets(): [com.android.launcher3.Workspace{573bc60 V.ED..... ........ 0,0-1080,2400 #7f0a047d app:id/workspace}, com.android.launcher3.Hotseat{7eca519 V.ED..... ........ 0,1905-1080,2400 #7f0a01f1 app:id/hotseat}]
04-26 16:49:29.106   736  1076 D IntervalStats: Unable to parse usage stats packages: [240, 244, 247, 248, 249, 265, 266]
04-26 16:49:29.107   736  1076 D IntervalStats: Unable to parse usage stats packages: [266, 267, 268, 269, 270, 271, 272, 273]
