04-26 15:48:05.505 E/GFXSTREAM( 5891): [GL2Encoder.cpp(2814)] GL error 0x501 condition [!GLESv2Validation::pixelFormat(ctx, internalformat) && !GLESv2Validation::pixelInternalFormat(internalformat)].
04-26 15:48:05.505 W/GFXSTREAM( 5891): [GLESv2Validation.cpp(1217)] Error internal format: 0x4 is invalid.
04-26 15:48:05.505 E/GFXSTREAM( 5891): [GL2Encoder.cpp(2814)] GL error 0x501 condition [!GLESv2Validation::pixelFormat(ctx, internalformat) && !GLESv2Validation::pixelInternalFormat(internalformat)].
04-26 15:48:05.505 W/GFXSTREAM( 5891): [GLESv2Validation.cpp(1217)] Error internal format: 0x3 is invalid.
04-26 15:48:05.505 E/GFXSTREAM( 5891): [GL2Encoder.cpp(2814)] GL error 0x501 condition [!GLESv2Validation::pixelFormat(ctx, internalformat) && !GLESv2Validation::pixelInternalFormat(internalformat)].
04-26 15:48:05.505 W/GFXSTREAM( 5891): [GLESv2Validation.cpp(1217)] Error internal format: 0x4 is invalid.
04-26 15:48:05.505 E/GFXSTREAM( 5891): [GL2Encoder.cpp(2814)] GL error 0x501 condition [!GLESv2Validation::pixelFormat(ctx, internalformat) && !GLESv2Validation::pixelInternalFormat(internalformat)].
04-26 15:48:05.506 W/GFXSTREAM( 5891): [GLESv2Validation.cpp(1217)] Error internal format: 0x3 is invalid.
04-26 15:48:05.506 E/GFXSTREAM( 5891): [GL2Encoder.cpp(2814)] GL error 0x501 condition [!GLESv2Validation::pixelFormat(ctx, internalformat) && !GLESv2Validation::pixelInternalFormat(internalformat)].
04-26 15:48:05.506 W/GFXSTREAM( 5891): [GLESv2Validation.cpp(1217)] Error internal format: 0x3 is invalid.
04-26 15:48:05.506 E/GFXSTREAM( 5891): [GL2Encoder.cpp(2814)] GL error 0x501 condition [!GLESv2Validation::pixelFormat(ctx, internalformat) && !GLESv2Validation::pixelInternalFormat(internalformat)].
04-26 15:48:05.506 W/GFXSTREAM( 5891): [GLESv2Validation.cpp(1217)] Error internal format: 0x4 is invalid.
04-26 15:48:05.506 E/GFXSTREAM( 5891): [GL2Encoder.cpp(2814)] GL error 0x501 condition [!GLESv2Validation::pixelFormat(ctx, internalformat) && !GLESv2Validation::pixelInternalFormat(internalformat)].
04-26 15:48:05.507 W/GFXSTREAM( 5891): [GLESv2Validation.cpp(1217)] Error internal format: 0x3 is invalid.
04-26 15:48:05.507 E/GFXSTREAM( 5891): [GL2Encoder.cpp(2814)] GL error 0x501 condition [!GLESv2Validation::pixelFormat(ctx, internalformat) && !GLESv2Validation::pixelInternalFormat(internalformat)].
04-26 15:48:05.507 W/GFXSTREAM( 5891): [GLESv2Validation.cpp(1217)] Error internal format: 0x3 is invalid.
04-26 15:48:05.507 E/GFXSTREAM( 5891): [GL2Encoder.cpp(2814)] GL error 0x501 condition [!GLESv2Validation::pixelFormat(ctx, internalformat) && !GLESv2Validation::pixelInternalFormat(internalformat)].
04-26 15:48:05.507 W/GFXSTREAM( 5891): [GLESv2Validation.cpp(1217)] Error internal format: 0x3 is invalid.
04-26 15:48:05.507 E/GFXSTREAM( 5891): [GL2Encoder.cpp(2814)] GL error 0x501 condition [!GLESv2Validation::pixelFormat(ctx, internalformat) && !GLESv2Validation::pixelInternalFormat(internalformat)].
04-26 15:48:05.509 W/GFXSTREAM( 5891): [GLESv2Validation.cpp(1217)] Error internal format: 0x3 is invalid.
04-26 15:48:05.509 E/GFXSTREAM( 5891): [GL2Encoder.cpp(2814)] GL error 0x501 condition [!GLESv2Validation::pixelFormat(ctx, internalformat) && !GLESv2Validation::pixelInternalFormat(internalformat)].
04-26 15:48:05.510 W/GFXSTREAM( 5891): [GLESv2Validation.cpp(1217)] Error internal format: 0x3 is invalid.
04-26 15:48:05.510 E/GFXSTREAM( 5891): [GL2Encoder.cpp(2814)] GL error 0x501 condition [!GLESv2Validation::pixelFormat(ctx, internalformat) && !GLESv2Validation::pixelInternalFormat(internalformat)].
04-26 15:48:05.510 W/GFXSTREAM( 5891): [GLESv2Validation.cpp(1217)] Error internal format: 0x3 is invalid.
04-26 15:48:05.510 E/GFXSTREAM( 5891): [GL2Encoder.cpp(2814)] GL error 0x501 condition [!GLESv2Validation::pixelFormat(ctx, internalformat) && !GLESv2Validation::pixelInternalFormat(internalformat)].
04-26 15:48:05.510 W/GFXSTREAM( 5891): [GLESv2Validation.cpp(1217)] Error internal format: 0x3 is invalid.
04-26 15:48:05.510 E/GFXSTREAM( 5891): [GL2Encoder.cpp(2814)] GL error 0x501 condition [!GLESv2Validation::pixelFormat(ctx, internalformat) && !GLESv2Validation::pixelInternalFormat(internalformat)].
04-26 15:48:05.510 W/GFXSTREAM( 5891): [GLESv2Validation.cpp(1217)] Error internal format: 0x3 is invalid.
04-26 15:48:05.510 E/GFXSTREAM( 5891): [GL2Encoder.cpp(2814)] GL error 0x501 condition [!GLESv2Validation::pixelFormat(ctx, internalformat) && !GLESv2Validation::pixelInternalFormat(internalformat)].
04-26 15:48:05.510 W/GFXSTREAM( 5891): [GLESv2Validation.cpp(1217)] Error internal format: 0x3 is invalid.
04-26 15:48:05.510 E/GFXSTREAM( 5891): [GL2Encoder.cpp(2814)] GL error 0x501 condition [!GLESv2Validation::pixelFormat(ctx, internalformat) && !GLESv2Validation::pixelInternalFormat(internalformat)].
04-26 15:48:05.511 W/GFXSTREAM( 5891): [GLESv2Validation.cpp(1217)] Error internal format: 0x3 is invalid.
04-26 15:48:05.511 E/GFXSTREAM( 5891): [GL2Encoder.cpp(2814)] GL error 0x501 condition [!GLESv2Validation::pixelFormat(ctx, internalformat) && !GLESv2Validation::pixelInternalFormat(internalformat)].
04-26 15:48:05.511 W/GFXSTREAM( 5891): [GLESv2Validation.cpp(1217)] Error internal format: 0x3 is invalid.
04-26 15:48:05.511 E/GFXSTREAM( 5891): [GL2Encoder.cpp(2814)] GL error 0x501 condition [!GLESv2Validation::pixelFormat(ctx, internalformat) && !GLESv2Validation::pixelInternalFormat(internalformat)].
04-26 15:48:05.511 W/GFXSTREAM( 5891): [GLESv2Validation.cpp(1217)] Error internal format: 0x3 is invalid.
04-26 15:48:05.511 E/GFXSTREAM( 5891): [GL2Encoder.cpp(2814)] GL error 0x501 condition [!GLESv2Validation::pixelFormat(ctx, internalformat) && !GLESv2Validation::pixelInternalFormat(internalformat)].
04-26 15:48:05.511 W/GFXSTREAM( 5891): [GLESv2Validation.cpp(1217)] Error internal format: 0x3 is invalid.
04-26 15:48:05.511 E/GFXSTREAM( 5891): [GL2Encoder.cpp(2814)] GL error 0x501 condition [!GLESv2Validation::pixelFormat(ctx, internalformat) && !GLESv2Validation::pixelInternalFormat(internalformat)].
04-26 15:48:05.511 W/GFXSTREAM( 5891): [GLESv2Validation.cpp(1217)] Error internal format: 0x3 is invalid.
04-26 15:48:05.511 E/GFXSTREAM( 5891): [GL2Encoder.cpp(2814)] GL error 0x501 condition [!GLESv2Validation::pixelFormat(ctx, internalformat) && !GLESv2Validation::pixelInternalFormat(internalformat)].
04-26 15:48:05.512 W/GFXSTREAM( 5891): [GLESv2Validation.cpp(1217)] Error internal format: 0x4 is invalid.
04-26 15:48:05.512 E/GFXSTREAM( 5891): [GL2Encoder.cpp(2814)] GL error 0x501 condition [!GLESv2Validation::pixelFormat(ctx, internalformat) && !GLESv2Validation::pixelInternalFormat(internalformat)].
04-26 15:48:05.512 W/GFXSTREAM( 5891): [GLESv2Validation.cpp(1217)] Error internal format: 0x3 is invalid.
04-26 15:48:05.512 E/GFXSTREAM( 5891): [GL2Encoder.cpp(2814)] GL error 0x501 condition [!GLESv2Validation::pixelFormat(ctx, internalformat) && !GLESv2Validation::pixelInternalFormat(internalformat)].
04-26 15:48:05.512 W/GFXSTREAM( 5891): [GLESv2Validation.cpp(1217)] Error internal format: 0x3 is invalid.
04-26 15:48:05.512 E/GFXSTREAM( 5891): [GL2Encoder.cpp(2814)] GL error 0x501 condition [!GLESv2Validation::pixelFormat(ctx, internalformat) && !GLESv2Validation::pixelInternalFormat(internalformat)].
04-26 15:48:05.512 W/GFXSTREAM( 5891): [GLESv2Validation.cpp(1217)] Error internal format: 0x3 is invalid.
04-26 15:48:05.512 E/GFXSTREAM( 5891): [GL2Encoder.cpp(2814)] GL error 0x501 condition [!GLESv2Validation::pixelFormat(ctx, internalformat) && !GLESv2Validation::pixelInternalFormat(internalformat)].
04-26 15:48:05.512 W/GFXSTREAM( 5891): [GLESv2Validation.cpp(1217)] Error internal format: 0x3 is invalid.
04-26 15:48:05.512 E/GFXSTREAM( 5891): [GL2Encoder.cpp(2814)] GL error 0x501 condition [!GLESv2Validation::pixelFormat(ctx, internalformat) && !GLESv2Validation::pixelInternalFormat(internalformat)].
04-26 15:48:05.512 W/GFXSTREAM( 5891): [GLESv2Validation.cpp(1217)] Error internal format: 0x3 is invalid.
04-26 15:48:05.513 E/GFXSTREAM( 5891): [GL2Encoder.cpp(2814)] GL error 0x501 condition [!GLESv2Validation::pixelFormat(ctx, internalformat) && !GLESv2Validation::pixelInternalFormat(internalformat)].
04-26 15:48:05.513 W/GFXSTREAM( 5891): [GLESv2Validation.cpp(1217)] Error internal format: 0x3 is invalid.
04-26 15:48:05.513 E/GFXSTREAM( 5891): [GL2Encoder.cpp(2814)] GL error 0x501 condition [!GLESv2Validation::pixelFormat(ctx, internalformat) && !GLESv2Validation::pixelInternalFormat(internalformat)].
04-26 15:48:05.513 W/GFXSTREAM( 5891): [GLESv2Validation.cpp(1217)] Error internal format: 0x3 is invalid.
04-26 15:48:05.513 E/GFXSTREAM( 5891): [GL2Encoder.cpp(2814)] GL error 0x501 condition [!GLESv2Validation::pixelFormat(ctx, internalformat) && !GLESv2Validation::pixelInternalFormat(internalformat)].
04-26 15:48:05.513 W/GFXSTREAM( 5891): [GLESv2Validation.cpp(1217)] Error internal format: 0x3 is invalid.
04-26 15:48:05.513 E/GFXSTREAM( 5891): [GL2Encoder.cpp(2814)] GL error 0x501 condition [!GLESv2Validation::pixelFormat(ctx, internalformat) && !GLESv2Validation::pixelInternalFormat(internalformat)].
04-26 15:48:05.514 W/GFXSTREAM( 5891): [GLESv2Validation.cpp(1217)] Error internal format: 0x3 is invalid.
04-26 15:48:05.514 E/GFXSTREAM( 5891): [GL2Encoder.cpp(2814)] GL error 0x501 condition [!GLESv2Validation::pixelFormat(ctx, internalformat) && !GLESv2Validation::pixelInternalFormat(internalformat)].
04-26 15:48:05.514 W/GFXSTREAM( 5891): [GLESv2Validation.cpp(1217)] Error internal format: 0x3 is invalid.
04-26 15:48:05.514 E/GFXSTREAM( 5891): [GL2Encoder.cpp(2814)] GL error 0x501 condition [!GLESv2Validation::pixelFormat(ctx, internalformat) && !GLESv2Validation::pixelInternalFormat(internalformat)].
04-26 15:48:05.514 W/GFXSTREAM( 5891): [GLESv2Validation.cpp(1217)] Error internal format: 0x3 is invalid.
04-26 15:48:05.514 E/GFXSTREAM( 5891): [GL2Encoder.cpp(2814)] GL error 0x501 condition [!GLESv2Validation::pixelFormat(ctx, internalformat) && !GLESv2Validation::pixelInternalFormat(internalformat)].
04-26 15:48:05.514 W/GFXSTREAM( 5891): [GLESv2Validation.cpp(1217)] Error internal format: 0x4 is invalid.
04-26 15:48:05.514 E/GFXSTREAM( 5891): [GL2Encoder.cpp(2814)] GL error 0x501 condition [!GLESv2Validation::pixelFormat(ctx, internalformat) && !GLESv2Validation::pixelInternalFormat(internalformat)].
04-26 15:48:05.515 W/GFXSTREAM( 5891): [GLESv2Validation.cpp(1217)] Error internal format: 0x3 is invalid.
04-26 15:48:05.515 E/GFXSTREAM( 5891): [GL2Encoder.cpp(2814)] GL error 0x501 condition [!GLESv2Validation::pixelFormat(ctx, internalformat) && !GLESv2Validation::pixelInternalFormat(internalformat)].
04-26 15:48:05.515 W/GFXSTREAM( 5891): [GLESv2Validation.cpp(1217)] Error internal format: 0x3 is invalid.
04-26 15:48:05.515 E/GFXSTREAM( 5891): [GL2Encoder.cpp(2814)] GL error 0x501 condition [!GLESv2Validation::pixelFormat(ctx, internalformat) && !GLESv2Validation::pixelInternalFormat(internalformat)].
04-26 15:48:05.515 W/GFXSTREAM( 5891): [GLESv2Validation.cpp(1217)] Error internal format: 0x3 is invalid.
04-26 15:48:05.515 E/GFXSTREAM( 5891): [GL2Encoder.cpp(2814)] GL error 0x501 condition [!GLESv2Validation::pixelFormat(ctx, internalformat) && !GLESv2Validation::pixelInternalFormat(internalformat)].
04-26 15:48:05.515 W/GFXSTREAM( 5891): [GLESv2Validation.cpp(1217)] Error internal format: 0x3 is invalid.
04-26 15:48:05.515 E/GFXSTREAM( 5891): [GL2Encoder.cpp(2814)] GL error 0x501 condition [!GLESv2Validation::pixelFormat(ctx, internalformat) && !GLESv2Validation::pixelInternalFormat(internalformat)].
04-26 15:48:05.515 W/GFXSTREAM( 5891): [GLESv2Validation.cpp(1217)] Error internal format: 0x4 is invalid.
04-26 15:48:05.515 E/GFXSTREAM( 5891): [GL2Encoder.cpp(2814)] GL error 0x501 condition [!GLESv2Validation::pixelFormat(ctx, internalformat) && !GLESv2Validation::pixelInternalFormat(internalformat)].
04-26 15:48:05.515 W/GFXSTREAM( 5891): [GLESv2Validation.cpp(1217)] Error internal format: 0x4 is invalid.
04-26 15:48:05.515 E/GFXSTREAM( 5891): [GL2Encoder.cpp(2814)] GL error 0x501 condition [!GLESv2Validation::pixelFormat(ctx, internalformat) && !GLESv2Validation::pixelInternalFormat(internalformat)].
04-26 15:48:05.516 W/GFXSTREAM( 5891): [GLESv2Validation.cpp(1217)] Error internal format: 0x3 is invalid.
04-26 15:48:05.516 E/GFXSTREAM( 5891): [GL2Encoder.cpp(2814)] GL error 0x501 condition [!GLESv2Validation::pixelFormat(ctx, internalformat) && !GLESv2Validation::pixelInternalFormat(internalformat)].
04-26 15:48:05.516 W/GFXSTREAM( 5891): [GLESv2Validation.cpp(1217)] Error internal format: 0x3 is invalid.
04-26 15:48:05.516 E/GFXSTREAM( 5891): [GL2Encoder.cpp(2814)] GL error 0x501 condition [!GLESv2Validation::pixelFormat(ctx, internalformat) && !GLESv2Validation::pixelInternalFormat(internalformat)].
04-26 15:48:05.516 W/GFXSTREAM( 5891): [GLESv2Validation.cpp(1217)] Error internal format: 0x3 is invalid.
04-26 15:48:05.516 E/GFXSTREAM( 5891): [GL2Encoder.cpp(2814)] GL error 0x501 condition [!GLESv2Validation::pixelFormat(ctx, internalformat) && !GLESv2Validation::pixelInternalFormat(internalformat)].
04-26 15:48:05.516 W/GFXSTREAM( 5891): [GLESv2Validation.cpp(1217)] Error internal format: 0x4 is invalid.
04-26 15:48:05.516 E/GFXSTREAM( 5891): [GL2Encoder.cpp(2814)] GL error 0x501 condition [!GLESv2Validation::pixelFormat(ctx, internalformat) && !GLESv2Validation::pixelInternalFormat(internalformat)].
04-26 15:48:05.518 W/GFXSTREAM( 5891): [GLESv2Validation.cpp(1217)] Error internal format: 0x4 is invalid.
04-26 15:48:05.518 E/GFXSTREAM( 5891): [GL2Encoder.cpp(2814)] GL error 0x501 condition [!GLESv2Validation::pixelFormat(ctx, internalformat) && !GLESv2Validation::pixelInternalFormat(internalformat)].
04-26 15:48:05.518 W/GFXSTREAM( 5891): [GLESv2Validation.cpp(1217)] Error internal format: 0x4 is invalid.
04-26 15:48:05.518 E/GFXSTREAM( 5891): [GL2Encoder.cpp(2814)] GL error 0x501 condition [!GLESv2Validation::pixelFormat(ctx, internalformat) && !GLESv2Validation::pixelInternalFormat(internalformat)].
04-26 15:48:05.518 W/GFXSTREAM( 5891): [GLESv2Validation.cpp(1217)] Error internal format: 0x3 is invalid.
04-26 15:48:05.518 E/GFXSTREAM( 5891): [GL2Encoder.cpp(2814)] GL error 0x501 condition [!GLESv2Validation::pixelFormat(ctx, internalformat) && !GLESv2Validation::pixelInternalFormat(internalformat)].
04-26 15:48:05.519 W/GFXSTREAM( 5891): [GLESv2Validation.cpp(1217)] Error internal format: 0x3 is invalid.
04-26 15:48:05.519 E/GFXSTREAM( 5891): [GL2Encoder.cpp(2814)] GL error 0x501 condition [!GLESv2Validation::pixelFormat(ctx, internalformat) && !GLESv2Validation::pixelInternalFormat(internalformat)].
04-26 15:48:05.520 W/GFXSTREAM( 5891): [GLESv2Validation.cpp(1217)] Error internal format: 0x3 is invalid.
04-26 15:48:05.520 E/GFXSTREAM( 5891): [GL2Encoder.cpp(2814)] GL error 0x501 condition [!GLESv2Validation::pixelFormat(ctx, internalformat) && !GLESv2Validation::pixelInternalFormat(internalformat)].
04-26 15:48:05.520 W/GFXSTREAM( 5891): [GLESv2Validation.cpp(1217)] Error internal format: 0x3 is invalid.
04-26 15:48:05.520 E/GFXSTREAM( 5891): [GL2Encoder.cpp(2814)] GL error 0x501 condition [!GLESv2Validation::pixelFormat(ctx, internalformat) && !GLESv2Validation::pixelInternalFormat(internalformat)].
04-26 15:48:05.520 W/GFXSTREAM( 5891): [GLESv2Validation.cpp(1217)] Error internal format: 0x3 is invalid.
04-26 15:48:05.520 E/GFXSTREAM( 5891): [GL2Encoder.cpp(2814)] GL error 0x501 condition [!GLESv2Validation::pixelFormat(ctx, internalformat) && !GLESv2Validation::pixelInternalFormat(internalformat)].
04-26 15:48:05.520 E/GFXSTREAM( 5891): [GL2Encoder.cpp(2625)] GL error 0x500 condition [!GLESv2Validation::textureParamValue(ctx, pname, param, (GLfloat)param, (GLenum)param)].
04-26 15:48:05.520 E/GFXSTREAM( 5891): [GL2Encoder.cpp(2625)] GL error 0x500 condition [!GLESv2Validation::textureParamValue(ctx, pname, param, (GLfloat)param, (GLenum)param)].
04-26 15:48:05.520 W/GFXSTREAM( 5891): [GLESv2Validation.cpp(1217)] Error internal format: 0x3 is invalid.
04-26 15:48:05.520 E/GFXSTREAM( 5891): [GL2Encoder.cpp(2814)] GL error 0x501 condition [!GLESv2Validation::pixelFormat(ctx, internalformat) && !GLESv2Validation::pixelInternalFormat(internalformat)].
04-26 15:48:05.520 E/GFXSTREAM( 5891): [GL2Encoder.cpp(2625)] GL error 0x500 condition [!GLESv2Validation::textureParamValue(ctx, pname, param, (GLfloat)param, (GLenum)param)].
04-26 15:48:05.520 E/GFXSTREAM( 5891): [GL2Encoder.cpp(2625)] GL error 0x500 condition [!GLESv2Validation::textureParamValue(ctx, pname, param, (GLfloat)param, (GLenum)param)].
04-26 15:48:05.521 W/GFXSTREAM( 5891): [GLESv2Validation.cpp(1217)] Error internal format: 0x3 is invalid.
04-26 15:48:05.521 E/GFXSTREAM( 5891): [GL2Encoder.cpp(2814)] GL error 0x501 condition [!GLESv2Validation::pixelFormat(ctx, internalformat) && !GLESv2Validation::pixelInternalFormat(internalformat)].
04-26 15:48:05.521 E/GFXSTREAM( 5891): [GL2Encoder.cpp(2625)] GL error 0x500 condition [!GLESv2Validation::textureParamValue(ctx, pname, param, (GLfloat)param, (GLenum)param)].
04-26 15:48:05.521 E/GFXSTREAM( 5891): [GL2Encoder.cpp(2625)] GL error 0x500 condition [!GLESv2Validation::textureParamValue(ctx, pname, param, (GLfloat)param, (GLenum)param)].
04-26 15:48:05.521 W/skia    (  566): AGTM parsing failed flags.readFromStream(s) at 159
04-26 15:48:05.521 W/GFXSTREAM( 5891): [GLESv2Validation.cpp(1217)] Error internal format: 0x3 is invalid.
04-26 15:48:05.521 E/GFXSTREAM( 5891): [GL2Encoder.cpp(2814)] GL error 0x501 condition [!GLESv2Validation::pixelFormat(ctx, internalformat) && !GLESv2Validation::pixelInternalFormat(internalformat)].
04-26 15:48:05.521 W/skia    (  566): AGTM parsing failed flags.readFromStream(s) at 159
04-26 15:48:05.521 W/skia    (  566): AGTM parsing failed flags.readFromStream(s) at 159
04-26 15:48:05.521 W/skia    (  566): AGTM parsing failed flags.readFromStream(s) at 159
04-26 15:48:05.521 W/skia    (  566): AGTM parsing failed flags.readFromStream(s) at 159
04-26 15:48:05.521 E/GFXSTREAM( 5891): [GL2Encoder.cpp(2625)] GL error 0x500 condition [!GLESv2Validation::textureParamValue(ctx, pname, param, (GLfloat)param, (GLenum)param)].
04-26 15:48:05.521 E/GFXSTREAM( 5891): [GL2Encoder.cpp(2625)] GL error 0x500 condition [!GLESv2Validation::textureParamValue(ctx, pname, param, (GLfloat)param, (GLenum)param)].
04-26 15:48:05.521 W/GFXSTREAM( 5891): [GLESv2Validation.cpp(1217)] Error internal format: 0x3 is invalid.
04-26 15:48:05.522 E/GFXSTREAM( 5891): [GL2Encoder.cpp(2814)] GL error 0x501 condition [!GLESv2Validation::pixelFormat(ctx, internalformat) && !GLESv2Validation::pixelInternalFormat(internalformat)].
04-26 15:48:05.522 E/GFXSTREAM( 5891): [GL2Encoder.cpp(2625)] GL error 0x500 condition [!GLESv2Validation::textureParamValue(ctx, pname, param, (GLfloat)param, (GLenum)param)].
04-26 15:48:05.522 E/GFXSTREAM( 5891): [GL2Encoder.cpp(2625)] GL error 0x500 condition [!GLESv2Validation::textureParamValue(ctx, pname, param, (GLfloat)param, (GLenum)param)].
04-26 15:48:05.522 W/GFXSTREAM( 5891): [GLESv2Validation.cpp(1217)] Error internal format: 0x3 is invalid.
04-26 15:48:05.522 E/GFXSTREAM( 5891): [GL2Encoder.cpp(2814)] GL error 0x501 condition [!GLESv2Validation::pixelFormat(ctx, internalformat) && !GLESv2Validation::pixelInternalFormat(internalformat)].
04-26 15:48:05.522 E/GFXSTREAM( 5891): [GL2Encoder.cpp(2625)] GL error 0x500 condition [!GLESv2Validation::textureParamValue(ctx, pname, param, (GLfloat)param, (GLenum)param)].
04-26 15:48:05.522 E/GFXSTREAM( 5891): [GL2Encoder.cpp(2625)] GL error 0x500 condition [!GLESv2Validation::textureParamValue(ctx, pname, param, (GLfloat)param, (GLenum)param)].
04-26 15:48:05.522 W/GFXSTREAM( 5891): [GLESv2Validation.cpp(1217)] Error internal format: 0x3 is invalid.
04-26 15:48:05.522 E/GFXSTREAM( 5891): [GL2Encoder.cpp(2814)] GL error 0x501 condition [!GLESv2Validation::pixelFormat(ctx, internalformat) && !GLESv2Validation::pixelInternalFormat(internalformat)].
04-26 15:48:05.522 W/GFXSTREAM( 5891): [GLESv2Validation.cpp(1217)] Error internal format: 0x3 is invalid.
04-26 15:48:05.522 E/GFXSTREAM( 5891): [GL2Encoder.cpp(2814)] GL error 0x501 condition [!GLESv2Validation::pixelFormat(ctx, internalformat) && !GLESv2Validation::pixelInternalFormat(internalformat)].
04-26 15:48:05.523 W/GFXSTREAM( 5891): [GLESv2Validation.cpp(1217)] Error internal format: 0x3 is invalid.
04-26 15:48:05.523 E/GFXSTREAM( 5891): [GL2Encoder.cpp(2814)] GL error 0x501 condition [!GLESv2Validation::pixelFormat(ctx, internalformat) && !GLESv2Validation::pixelInternalFormat(internalformat)].
04-26 15:48:05.523 W/GFXSTREAM( 5891): [GLESv2Validation.cpp(1217)] Error internal format: 0x4 is invalid.
04-26 15:48:05.523 E/GFXSTREAM( 5891): [GL2Encoder.cpp(2814)] GL error 0x501 condition [!GLESv2Validation::pixelFormat(ctx, internalformat) && !GLESv2Validation::pixelInternalFormat(internalformat)].
04-26 15:48:05.523 W/GFXSTREAM( 5891): [GLESv2Validation.cpp(1217)] Error internal format: 0x4 is invalid.
04-26 15:48:05.523 E/GFXSTREAM( 5891): [GL2Encoder.cpp(2814)] GL error 0x501 condition [!GLESv2Validation::pixelFormat(ctx, internalformat) && !GLESv2Validation::pixelInternalFormat(internalformat)].
04-26 15:48:05.524 W/GFXSTREAM( 5891): [GLESv2Validation.cpp(1217)] Error internal format: 0x4 is invalid.
04-26 15:48:05.524 E/GFXSTREAM( 5891): [GL2Encoder.cpp(2814)] GL error 0x501 condition [!GLESv2Validation::pixelFormat(ctx, internalformat) && !GLESv2Validation::pixelInternalFormat(internalformat)].
04-26 15:48:05.524 W/GFXSTREAM( 5891): [GLESv2Validation.cpp(1217)] Error internal format: 0x4 is invalid.
04-26 15:48:05.524 E/GFXSTREAM( 5891): [GL2Encoder.cpp(2814)] GL error 0x501 condition [!GLESv2Validation::pixelFormat(ctx, internalformat) && !GLESv2Validation::pixelInternalFormat(internalformat)].
04-26 15:48:05.524 W/GFXSTREAM( 5891): [GLESv2Validation.cpp(1217)] Error internal format: 0x4 is invalid.
04-26 15:48:05.524 E/GFXSTREAM( 5891): [GL2Encoder.cpp(2814)] GL error 0x501 condition [!GLESv2Validation::pixelFormat(ctx, internalformat) && !GLESv2Validation::pixelInternalFormat(internalformat)].
04-26 15:48:05.524 W/GFXSTREAM( 5891): [GLESv2Validation.cpp(1217)] Error internal format: 0x4 is invalid.
04-26 15:48:05.524 E/GFXSTREAM( 5891): [GL2Encoder.cpp(2814)] GL error 0x501 condition [!GLESv2Validation::pixelFormat(ctx, internalformat) && !GLESv2Validation::pixelInternalFormat(internalformat)].
04-26 15:48:05.525 W/GFXSTREAM( 5891): [GLESv2Validation.cpp(1217)] Error internal format: 0x4 is invalid.
04-26 15:48:05.525 E/GFXSTREAM( 5891): [GL2Encoder.cpp(2814)] GL error 0x501 condition [!GLESv2Validation::pixelFormat(ctx, internalformat) && !GLESv2Validation::pixelInternalFormat(internalformat)].
04-26 15:48:05.525 W/GFXSTREAM( 5891): [GLESv2Validation.cpp(1217)] Error internal format: 0x3 is invalid.
04-26 15:48:05.525 E/GFXSTREAM( 5891): [GL2Encoder.cpp(2814)] GL error 0x501 condition [!GLESv2Validation::pixelFormat(ctx, internalformat) && !GLESv2Validation::pixelInternalFormat(internalformat)].
04-26 15:48:05.525 W/GFXSTREAM( 5891): [GLESv2Validation.cpp(1217)] Error internal format: 0x3 is invalid.
04-26 15:48:05.525 E/GFXSTREAM( 5891): [GL2Encoder.cpp(2814)] GL error 0x501 condition [!GLESv2Validation::pixelFormat(ctx, internalformat) && !GLESv2Validation::pixelInternalFormat(internalformat)].
04-26 15:48:05.525 W/GFXSTREAM( 5891): [GLESv2Validation.cpp(1217)] Error internal format: 0x3 is invalid.
04-26 15:48:05.525 E/GFXSTREAM( 5891): [GL2Encoder.cpp(2814)] GL error 0x501 condition [!GLESv2Validation::pixelFormat(ctx, internalformat) && !GLESv2Validation::pixelInternalFormat(internalformat)].
04-26 15:48:05.525 W/GFXSTREAM( 5891): [GLESv2Validation.cpp(1217)] Error internal format: 0x3 is invalid.
04-26 15:48:05.525 E/GFXSTREAM( 5891): [GL2Encoder.cpp(2814)] GL error 0x501 condition [!GLESv2Validation::pixelFormat(ctx, internalformat) && !GLESv2Validation::pixelInternalFormat(internalformat)].
04-26 15:48:05.525 W/GFXSTREAM( 5891): [GLESv2Validation.cpp(1217)] Error internal format: 0x3 is invalid.
04-26 15:48:05.525 E/GFXSTREAM( 5891): [GL2Encoder.cpp(2814)] GL error 0x501 condition [!GLESv2Validation::pixelFormat(ctx, internalformat) && !GLESv2Validation::pixelInternalFormat(internalformat)].
04-26 15:48:05.525 W/GFXSTREAM( 5891): [GLESv2Validation.cpp(1217)] Error internal format: 0x3 is invalid.
04-26 15:48:05.526 E/GFXSTREAM( 5891): [GL2Encoder.cpp(2814)] GL error 0x501 condition [!GLESv2Validation::pixelFormat(ctx, internalformat) && !GLESv2Validation::pixelInternalFormat(internalformat)].
04-26 15:48:05.526 W/GFXSTREAM( 5891): [GLESv2Validation.cpp(1217)] Error internal format: 0x3 is invalid.
04-26 15:48:05.526 E/GFXSTREAM( 5891): [GL2Encoder.cpp(2814)] GL error 0x501 condition [!GLESv2Validation::pixelFormat(ctx, internalformat) && !GLESv2Validation::pixelInternalFormat(internalformat)].
04-26 15:48:05.526 W/GFXSTREAM( 5891): [GLESv2Validation.cpp(1217)] Error internal format: 0x3 is invalid.
04-26 15:48:05.526 E/GFXSTREAM( 5891): [GL2Encoder.cpp(2814)] GL error 0x501 condition [!GLESv2Validation::pixelFormat(ctx, internalformat) && !GLESv2Validation::pixelInternalFormat(internalformat)].
04-26 15:48:05.526 W/GFXSTREAM( 5891): [GLESv2Validation.cpp(1217)] Error internal format: 0x3 is invalid.
04-26 15:48:05.526 E/GFXSTREAM( 5891): [GL2Encoder.cpp(2814)] GL error 0x501 condition [!GLESv2Validation::pixelFormat(ctx, internalformat) && !GLESv2Validation::pixelInternalFormat(internalformat)].
04-26 15:48:05.526 W/GFXSTREAM( 5891): [GLESv2Validation.cpp(1217)] Error internal format: 0x3 is invalid.
04-26 15:48:05.526 E/GFXSTREAM( 5891): [GL2Encoder.cpp(2814)] GL error 0x501 condition [!GLESv2Validation::pixelFormat(ctx, internalformat) && !GLESv2Validation::pixelInternalFormat(internalformat)].
04-26 15:48:05.527 W/GFXSTREAM( 5891): [GLESv2Validation.cpp(1217)] Error internal format: 0x3 is invalid.
04-26 15:48:05.527 E/GFXSTREAM( 5891): [GL2Encoder.cpp(2814)] GL error 0x501 condition [!GLESv2Validation::pixelFormat(ctx, internalformat) && !GLESv2Validation::pixelInternalFormat(internalformat)].
04-26 15:48:05.527 W/GFXSTREAM( 5891): [GLESv2Validation.cpp(1217)] Error internal format: 0x3 is invalid.
04-26 15:48:05.527 E/GFXSTREAM( 5891): [GL2Encoder.cpp(2814)] GL error 0x501 condition [!GLESv2Validation::pixelFormat(ctx, internalformat) && !GLESv2Validation::pixelInternalFormat(internalformat)].
04-26 15:48:05.527 W/GFXSTREAM( 5891): [GLESv2Validation.cpp(1217)] Error internal format: 0x3 is invalid.
04-26 15:48:05.527 E/GFXSTREAM( 5891): [GL2Encoder.cpp(2814)] GL error 0x501 condition [!GLESv2Validation::pixelFormat(ctx, internalformat) && !GLESv2Validation::pixelInternalFormat(internalformat)].
04-26 15:48:05.527 W/GFXSTREAM( 5891): [GLESv2Validation.cpp(1217)] Error internal format: 0x3 is invalid.
04-26 15:48:05.527 E/GFXSTREAM( 5891): [GL2Encoder.cpp(2814)] GL error 0x501 condition [!GLESv2Validation::pixelFormat(ctx, internalformat) && !GLESv2Validation::pixelInternalFormat(internalformat)].
04-26 15:48:05.527 W/GFXSTREAM( 5891): [GLESv2Validation.cpp(1217)] Error internal format: 0x3 is invalid.
04-26 15:48:05.527 E/GFXSTREAM( 5891): [GL2Encoder.cpp(2814)] GL error 0x501 condition [!GLESv2Validation::pixelFormat(ctx, internalformat) && !GLESv2Validation::pixelInternalFormat(internalformat)].
04-26 15:48:05.528 W/GFXSTREAM( 5891): [GLESv2Validation.cpp(1217)] Error internal format: 0x3 is invalid.
04-26 15:48:05.528 E/GFXSTREAM( 5891): [GL2Encoder.cpp(2814)] GL error 0x501 condition [!GLESv2Validation::pixelFormat(ctx, internalformat) && !GLESv2Validation::pixelInternalFormat(internalformat)].
04-26 15:48:05.528 W/GFXSTREAM( 5891): [GLESv2Validation.cpp(1217)] Error internal format: 0x3 is invalid.
04-26 15:48:05.528 E/GFXSTREAM( 5891): [GL2Encoder.cpp(2814)] GL error 0x501 condition [!GLESv2Validation::pixelFormat(ctx, internalformat) && !GLESv2Validation::pixelInternalFormat(internalformat)].
04-26 15:48:05.528 W/GFXSTREAM( 5891): [GLESv2Validation.cpp(1217)] Error internal format: 0x3 is invalid.
04-26 15:48:05.528 E/GFXSTREAM( 5891): [GL2Encoder.cpp(2814)] GL error 0x501 condition [!GLESv2Validation::pixelFormat(ctx, internalformat) && !GLESv2Validation::pixelInternalFormat(internalformat)].
04-26 15:48:05.528 W/GFXSTREAM( 5891): [GLESv2Validation.cpp(1217)] Error internal format: 0x3 is invalid.
04-26 15:48:05.528 E/GFXSTREAM( 5891): [GL2Encoder.cpp(2814)] GL error 0x501 condition [!GLESv2Validation::pixelFormat(ctx, internalformat) && !GLESv2Validation::pixelInternalFormat(internalformat)].
04-26 15:48:05.528 W/GFXSTREAM( 5891): [GLESv2Validation.cpp(1217)] Error internal format: 0x3 is invalid.
04-26 15:48:05.528 E/GFXSTREAM( 5891): [GL2Encoder.cpp(2814)] GL error 0x501 condition [!GLESv2Validation::pixelFormat(ctx, internalformat) && !GLESv2Validation::pixelInternalFormat(internalformat)].
04-26 15:48:05.528 I/TakumiErrorReport( 5891): > First Load Files OK.
04-26 15:48:05.536 W/skia    (  566): AGTM parsing failed flags.readFromStream(s) at 159
04-26 15:48:05.536 W/skia    (  566): AGTM parsing failed flags.readFromStream(s) at 159
04-26 15:48:05.536 W/skia    (  566): AGTM parsing failed flags.readFromStream(s) at 159
04-26 15:48:05.536 W/skia    (  566): AGTM parsing failed flags.readFromStream(s) at 159
04-26 15:48:05.536 W/skia    (  566): AGTM parsing failed flags.readFromStream(s) at 159
04-26 15:48:05.537 W/libc    ( 5891): malloc(18446744073709551615) failed: returning null pointer
04-26 15:48:05.537 E/MuMain  ( 5891): Scene exception scene=1 world=-1: std::bad_alloc
04-26 15:48:05.540 E/BLASTBufferQueue( 5891): [c134bb1 SurfaceView[com.muonline.client/com.muonline.client.MuMainActivity]#2](f:0,a:0) rejecting buffer:active_size=2268x1080, requested_size=2268x1080 buffer{size=2268x943 transform=0}
04-26 15:48:05.550 I/MuMain  ( 5891): Frame 0 — drawCalls=26 verts=156 paths(im=26 vaD=0 vaC=0 qI=0 qE=0) SDL_err='Couldn't open asset '/storage/emulated/0/Android/data/com.muonline.client/files/Data/fonts/font_.ttf''
04-26 15:48:05.551 I/MuMain  ( 5891): WEBZEN: enter
04-26 15:48:05.551 I/MuMain  ( 5891): WEBZEN: loading title bitmaps
04-26 15:48:05.551 I/TakumiErrorReport( 5891): File not found Data\Interface\lo_back_im01.jpg (31125)->Data\Interface\lo_back_s5_im01.jpg
04-26 15:48:05.551 W/GFXSTREAM( 5891): [GLESv2Validation.cpp(1217)] Error internal format: 0x3 is invalid.
04-26 15:48:05.551 E/GFXSTREAM( 5891): [GL2Encoder.cpp(2814)] GL error 0x501 condition [!GLESv2Validation::pixelFormat(ctx, internalformat) && !GLESv2Validation::pixelInternalFormat(internalformat)].
04-26 15:48:05.551 I/TakumiErrorReport( 5891): File not found Data\Interface\lo_back_im02.jpg (31126)->Data\Interface\lo_back_s5_im02.jpg
04-26 15:48:05.551 W/GFXSTREAM( 5891): [GLESv2Validation.cpp(1217)] Error internal format: 0x3 is invalid.
04-26 15:48:05.552 E/GFXSTREAM( 5891): [GL2Encoder.cpp(2814)] GL error 0x501 condition [!GLESv2Validation::pixelFormat(ctx, internalformat) && !GLESv2Validation::pixelInternalFormat(internalformat)].
04-26 15:48:05.552 I/TakumiErrorReport( 5891): File not found Data\Interface\lo_back_im03.jpg (31127)->Data\Interface\lo_back_s5_im03.jpg
04-26 15:48:05.552 W/GFXSTREAM( 5891): [GLESv2Validation.cpp(1217)] Error internal format: 0x3 is invalid.
04-26 15:48:05.552 E/GFXSTREAM( 5891): [GL2Encoder.cpp(2814)] GL error 0x501 condition [!GLESv2Validation::pixelFormat(ctx, internalformat) && !GLESv2Validation::pixelInternalFormat(internalformat)].
04-26 15:48:05.552 I/TakumiErrorReport( 5891): File not found Data\Interface\lo_back_im04.jpg (31128)->Data\Interface\lo_back_s5_im04.jpg
04-26 15:48:05.552 W/GFXSTREAM( 5891): [GLESv2Validation.cpp(1217)] Error internal format: 0x3 is invalid.
04-26 15:48:05.552 E/GFXSTREAM( 5891): [GL2Encoder.cpp(2814)] GL error 0x501 condition [!GLESv2Validation::pixelFormat(ctx, internalformat) && !GLESv2Validation::pixelInternalFormat(internalformat)].
04-26 15:48:05.552 I/TakumiErrorReport( 5891): File not found Data\Interface\lo_back_im05.jpg (31129)->Data\Interface\lo_back_s5_im05.jpg
04-26 15:48:05.553 W/GFXSTREAM( 5891): [GLESv2Validation.cpp(1217)] Error internal format: 0x3 is invalid.
04-26 15:48:05.553 E/GFXSTREAM( 5891): [GL2Encoder.cpp(2814)] GL error 0x501 condition [!GLESv2Validation::pixelFormat(ctx, internalformat) && !GLESv2Validation::pixelInternalFormat(internalformat)].
04-26 15:48:05.553 I/TakumiErrorReport( 5891): File not found Data\Interface\lo_back_im06.jpg (31130)->Data\Interface\lo_back_s5_im06.jpg
04-26 15:48:05.553 W/GFXSTREAM( 5891): [GLESv2Validation.cpp(1217)] Error internal format: 0x3 is invalid.
04-26 15:48:05.553 E/GFXSTREAM( 5891): [GL2Encoder.cpp(2814)] GL error 0x501 condition [!GLESv2Validation::pixelFormat(ctx, internalformat) && !GLESv2Validation::pixelInternalFormat(internalformat)].
04-26 15:48:05.553 I/MuMain  ( 5891): WEBZEN: OpenBasicData begin
04-26 15:48:05.553 I/MuMain  ( 5891): OPENBASIC: enter
04-26 15:48:05.553 W/skia    (  566): AGTM parsing failed flags.readFromStream(s) at 159
04-26 15:48:05.553 W/skia    (  566): AGTM parsing failed flags.readFromStream(s) at 159
04-26 15:48:05.554 W/skia    (  566): AGTM parsing failed flags.readFromStream(s) at 159
04-26 15:48:05.554 W/skia    (  566): AGTM parsing failed flags.readFromStream(s) at 159
04-26 15:48:05.554 W/skia    (  566): AGTM parsing failed flags.readFromStream(s) at 159
04-26 15:48:05.554 I/TakumiErrorReport( 5891): File not found Data\Effect\Shiny05.jpg (32118)->Data\Effect\Shiny04.jpg
04-26 15:48:05.554 W/GFXSTREAM( 5891): [GLESv2Validation.cpp(1217)] Error internal format: 0x3 is invalid.
04-26 15:48:05.554 E/GFXSTREAM( 5891): [GL2Encoder.cpp(2814)] GL error 0x501 condition [!GLESv2Validation::pixelFormat(ctx, internalformat) && !GLESv2Validation::pixelInternalFormat(internalformat)].
04-26 15:48:05.554 I/TakumiErrorReport( 5891): File not found Data\Effect\Shiny04.jpg (32118)->Data\Effect\Shiny05.jpg
04-26 15:48:05.554 W/GFXSTREAM( 5891): [GLESv2Validation.cpp(1217)] Error internal format: 0x3 is invalid.
04-26 15:48:05.555 E/GFXSTREAM( 5891): [GL2Encoder.cpp(2814)] GL error 0x501 condition [!GLESv2Validation::pixelFormat(ctx, internalformat) && !GLESv2Validation::pixelInternalFormat(internalformat)].
04-26 15:48:05.556 I/TakumiErrorReport( 5891): > First Load Files OK.
04-26 15:48:05.570 W/skia    (  566): AGTM parsing failed flags.readFromStream(s) at 159
04-26 15:48:05.570 W/skia    (  566): AGTM parsing failed flags.readFromStream(s) at 159
04-26 15:48:05.570 W/skia    (  566): AGTM parsing failed flags.readFromStream(s) at 159
04-26 15:48:05.570 W/skia    (  566): AGTM parsing failed flags.readFromStream(s) at 159
04-26 15:48:05.570 W/skia    (  566): AGTM parsing failed flags.readFromStream(s) at 159
04-26 15:48:05.587 W/skia    (  566): AGTM parsing failed flags.readFromStream(s) at 159
04-26 15:48:05.587 W/skia    (  566): AGTM parsing failed flags.readFromStream(s) at 159
04-26 15:48:05.587 W/skia    (  566): AGTM parsing failed flags.readFromStream(s) at 159
04-26 15:48:05.587 W/skia    (  566): AGTM parsing failed flags.readFromStream(s) at 159
04-26 15:48:05.587 W/skia    (  566): AGTM parsing failed flags.readFromStream(s) at 159
04-26 15:48:05.604 W/skia    (  566): AGTM parsing failed flags.readFromStream(s) at 159
04-26 15:48:05.604 W/skia    (  566): AGTM parsing failed flags.readFromStream(s) at 159
04-26 15:48:05.604 W/skia    (  566): AGTM parsing failed flags.readFromStream(s) at 159
04-26 15:48:05.604 W/skia    (  566): AGTM parsing failed flags.readFromStream(s) at 159
04-26 15:48:05.604 W/skia    (  566): AGTM parsing failed flags.readFromStream(s) at 159
04-26 15:48:05.619 W/skia    (  566): AGTM parsing failed flags.readFromStream(s) at 159
04-26 15:48:05.619 W/skia    (  566): AGTM parsing failed flags.readFromStream(s) at 159
04-26 15:48:05.619 W/skia    (  566): AGTM parsing failed flags.readFromStream(s) at 159
04-26 15:48:05.619 W/skia    (  566): AGTM parsing failed flags.readFromStream(s) at 159
04-26 15:48:05.619 W/skia    (  566): AGTM parsing failed flags.readFromStream(s) at 159
04-26 15:48:05.637 W/skia    (  566): AGTM parsing failed flags.readFromStream(s) at 159
04-26 15:48:05.637 W/skia    (  566): AGTM parsing failed flags.readFromStream(s) at 159
04-26 15:48:05.637 W/skia    (  566): AGTM parsing failed flags.readFromStream(s) at 159
04-26 15:48:05.637 W/skia    (  566): AGTM parsing failed flags.readFromStream(s) at 159
04-26 15:48:05.637 W/skia    (  566): AGTM parsing failed flags.readFromStream(s) at 159
04-26 15:48:05.653 W/skia    (  566): AGTM parsing failed flags.readFromStream(s) at 159
04-26 15:48:05.653 W/skia    (  566): AGTM parsing failed flags.readFromStream(s) at 159
04-26 15:48:05.653 W/skia    (  566): AGTM parsing failed flags.readFromStream(s) at 159
04-26 15:48:05.653 W/skia    (  566): AGTM parsing failed flags.readFromStream(s) at 159
04-26 15:48:05.653 W/skia    (  566): AGTM parsing failed flags.readFromStream(s) at 159
04-26 15:48:05.661 I/AdbWifiNetworkMonitor(  736): Wi-Fi network available
04-26 15:48:05.661 I/AdbWifiNetworkMonitor(  736): Received the same Wi-Fi SSID. Ignoring.
04-26 15:48:05.664 W/libbinder.IPCThreadState(  736): Sending oneway calls to frozen process.
04-26 15:48:05.664 W/libbinder.IPCThreadState(  736): Sending oneway calls to frozen process.
04-26 15:48:05.668 I/HalDevMgr(  736): bestIfaceCreationProposal is null, requestIface=STA, existingIface=[name=wlan0 type=STA]
04-26 15:48:05.668 I/NullBinder( 1366): NullBinder for android.net.action.RECOMMEND_NETWORKS triggering remote TransactionTooLargeException due to Service without Chimera impl, calling uid: 1000, calling pid: 0
04-26 15:48:05.668 W/libbinder.Binder( 1366): Large reply transaction of 1056768 bytes, interface descriptor , function: UNKNOWN_FUNCTION_NAME, code: 1, flags: 17
04-26 15:48:05.671 W/skia    (  566): AGTM parsing failed flags.readFromStream(s) at 159
04-26 15:48:05.671 W/skia    (  566): AGTM parsing failed flags.readFromStream(s) at 159
04-26 15:48:05.671 W/skia    (  566): AGTM parsing failed flags.readFromStream(s) at 159
04-26 15:48:05.676 D/IpClient/wlan0( 1160): interfaceLinkStateChanged: ifindex 16 up
04-26 15:48:05.684 D/IpClient/wlan0( 1160): interfaceLinkStateChanged: ifindex 16 up
04-26 15:48:05.687 W/skia    (  566): AGTM parsing failed flags.readFromStream(s) at 159
04-26 15:48:05.687 W/skia    (  566): AGTM parsing failed flags.readFromStream(s) at 159
04-26 15:48:05.687 W/skia    (  566): AGTM parsing failed flags.readFromStream(s) at 159
04-26 15:48:05.703 W/skia    (  566): AGTM parsing failed flags.readFromStream(s) at 159
04-26 15:48:05.703 W/skia    (  566): AGTM parsing failed flags.readFromStream(s) at 159
04-26 15:48:05.703 W/skia    (  566): AGTM parsing failed flags.readFromStream(s) at 159
04-26 15:48:05.705 I/ImeTracker(  736): system_server:9c86264: onRequestHide at ORIGIN_SERVER reason IME_REQUESTED_CHANGED_LISTENER fromUser false displayId 0
04-26 15:48:05.705 I/ImeTracker(  736): system_server:9c86264: onCancelled at PHASE_SERVER_SHOULD_HIDE
04-26 15:48:05.721 W/skia    (  566): AGTM parsing failed flags.readFromStream(s) at 159
04-26 15:48:05.721 W/skia    (  566): AGTM parsing failed flags.readFromStream(s) at 159
04-26 15:48:05.721 W/skia    (  566): AGTM parsing failed flags.readFromStream(s) at 159
04-26 15:48:05.737 W/skia    (  566): AGTM parsing failed flags.readFromStream(s) at 159
04-26 15:48:05.737 W/skia    (  566): AGTM parsing failed flags.readFromStream(s) at 159
04-26 15:48:05.737 W/skia    (  566): AGTM parsing failed flags.readFromStream(s) at 159
04-26 15:48:05.754 W/skia    (  566): AGTM parsing failed flags.readFromStream(s) at 159
04-26 15:48:05.755 W/skia    (  566): AGTM parsing failed flags.readFromStream(s) at 159
04-26 15:48:05.755 W/skia    (  566): AGTM parsing failed flags.readFromStream(s) at 159
04-26 15:48:05.770 W/skia    (  566): AGTM parsing failed flags.readFromStream(s) at 159
04-26 15:48:05.770 W/skia    (  566): AGTM parsing failed flags.readFromStream(s) at 159
04-26 15:48:05.770 W/skia    (  566): AGTM parsing failed flags.readFromStream(s) at 159
04-26 15:48:05.787 W/skia    (  566): AGTM parsing failed flags.readFromStream(s) at 159
04-26 15:48:05.787 W/skia    (  566): AGTM parsing failed flags.readFromStream(s) at 159
04-26 15:48:05.787 W/skia    (  566): AGTM parsing failed flags.readFromStream(s) at 159
04-26 15:48:05.796 I/Finsky  ( 4164): [49] WM::SCH: Logging work initialize for 12-1
04-26 15:48:05.803 W/skia    (  566): AGTM parsing failed flags.readFromStream(s) at 159
04-26 15:48:05.803 W/skia    (  566): AGTM parsing failed flags.readFromStream(s) at 159
04-26 15:48:05.803 W/skia    (  566): AGTM parsing failed flags.readFromStream(s) at 159
04-26 15:48:05.804 I/Finsky  ( 4164): [49] WM::SCH: Logging work initialize for 12-1
04-26 15:48:05.814 I/Finsky  ( 4164): [55] SCH: Scheduling phonesky job Id: 12-1, CT: 1777193284260, Constraints: [{ L: 15000, D: 86400000, C: CHARGING_NONE, I: IDLE_NONE, N: NET_ANY, B: BATTERY_ANY }]
04-26 15:48:05.819 V/WindowManagerShell( 1036): Transition animation finished (aborted=false), notifying core (#23) android.os.BinderProxy@32b2e5a@0
04-26 15:48:05.820 I/Finsky  ( 4164): [54] SCH: Scheduling 1 system job(s)
04-26 15:48:05.820 W/skia    (  566): AGTM parsing failed flags.readFromStream(s) at 159
04-26 15:48:05.820 W/skia    (  566): AGTM parsing failed flags.readFromStream(s) at 159
04-26 15:48:05.820 W/skia    (  566): AGTM parsing failed flags.readFromStream(s) at 159
04-26 15:48:05.820 I/Finsky  ( 4164): [54] SCH: Scheduling system job Id: 9735, L: 13440, D: 60591867, C: false, I: false, N: 1
04-26 15:48:05.823 V/WindowManager(  736): Finish Transition (#23): created at 04-26 15:48:05.166 collect-started=0.085ms request-sent=6.779ms started=11.576ms ready=18.751ms sent=164.71ms commit=24.837ms finished=656.003ms
04-26 15:48:05.826 D/VRI[PreloadActivity]( 5891): visibilityChanged oldVisibility=true newVisibility=false
04-26 15:48:05.827 V/WindowManagerShell( 1036): Track 0 became idle
04-26 15:48:05.827 V/WindowManagerShell( 1036): All active transition animations finished
04-26 15:48:05.837 I/Finsky  ( 4164): [47] [ContentSync] finished, scheduled=true
04-26 15:48:05.839 I/Finsky  ( 4164): [55] SCH: Scheduling phonesky job Id: 12-1, CT: 1777193284060, Constraints: [{ L: 15000, D: 86400000, C: CHARGING_NONE, I: IDLE_NONE, N: NET_ANY, B: BATTERY_ANY }]
04-26 15:48:05.839 D/WindowOnBackDispatcher( 5891): setTopOnBackInvokedCallback (unwrapped): null
04-26 15:48:05.840 D/CoreBackPreview(  736): Window{ac862d7 u0 com.muonline.client/com.muonline.client.PreloadActivity}: Setting back callback null
04-26 15:48:05.840 D/ViewRootImpl( 5891): Skipping stats log for color mode
04-26 15:48:05.844 I/Finsky  ( 4164): [56] SCH: Scheduling 1 system job(s)
04-26 15:48:05.844 I/Finsky  ( 4164): [56] SCH: Scheduling system job Id: 9735, L: 13216, D: 60591843, C: false, I: false, N: 1
04-26 15:48:05.857 I/Finsky  ( 4164): [49] [ContentSync] finished, scheduled=true
04-26 15:48:08.277 E/TaskPersister(  736): File error accessing recents directory (directory doesn't exist?).
04-26 15:48:08.455 D/SatelliteController( 1203): isInCarrierRoamingNbIotNtn: satellite is disabled
04-26 15:48:08.455 D/SatelliteController( 1203): getCarrierRoamingNtnConnectType: Checking connect type from PLMN config for subId: 1
04-26 15:48:08.458 D/SatelliteController( 1203): getSatellitePerPlmnConfiguration: invalid subId or not supported via carrier.
04-26 15:48:08.458 D/SatelliteController( 1203): getCarrierRoamingNtnConnectType: config: null
04-26 15:48:08.459 D/SatelliteController( 1203): getCarrierRoamingNtnConnectType: Falling back to global carrier config connect type: 0
04-26 15:48:08.459 D/SatelliteController( 1203): updateLastNotifiedCarrierRoamingNtnSignalStrengthAndNotify(1)
04-26 15:48:08.459 D/SatelliteController( 1203): updateLastNotifiedCarrierRoamingNtnSignalStrengthAndNotify(1) lastNotifiedSignalStrength level: 0
04-26 15:48:08.459 D/SatelliteController( 1203): updateLastNotifiedCarrierRoamingNtnSignalStrengthAndNotify(1) currSignalStrength level: 0
04-26 15:48:08.677 I/HalDevMgr(  736): bestIfaceCreationProposal is null, requestIface=STA, existingIface=[name=wlan0 type=STA]
04-26 15:48:11.356 I/wpa_supplicant( 1016): wlan0: CTRL-EVENT-BEACON-LOSS 
04-26 15:48:11.682 I/AdbWifiNetworkMonitor(  736): Wi-Fi network available
04-26 15:48:11.682 I/AdbWifiNetworkMonitor(  736): Received the same Wi-Fi SSID. Ignoring.
04-26 15:48:11.683 I/HalDevMgr(  736): bestIfaceCreationProposal is null, requestIface=STA, existingIface=[name=wlan0 type=STA]
04-26 15:48:11.685 W/libbinder.IPCThreadState(  736): Sending oneway calls to frozen process.
04-26 15:48:11.686 W/libbinder.IPCThreadState(  736): Sending oneway calls to frozen process.
04-26 15:48:11.689 I/NullBinder( 1366): NullBinder for android.net.action.RECOMMEND_NETWORKS triggering remote TransactionTooLargeException due to Service without Chimera impl, calling uid: 1000, calling pid: 0
04-26 15:48:11.689 W/libbinder.Binder( 1366): Large reply transaction of 1056768 bytes, interface descriptor , function: UNKNOWN_FUNCTION_NAME, code: 1, flags: 17
04-26 15:48:11.690 D/IpClient/wlan0( 1160): interfaceLinkStateChanged: ifindex 16 up
04-26 15:48:11.696 D/IpClient/wlan0( 1160): interfaceLinkStateChanged: ifindex 16 up
04-26 15:48:13.559 I/artd    ( 2780): GetBestInfo: odex next to the dex file (/data/app/~~PqdBwR9WSFUNw4iaJMgoGg==/com.google.android.gms-95Dc1VeYXyONiCBDqz_lkA==/oat/x86_64/base.odex) is kOatUpToDate with filter 'speed-profile' executable 'false'
04-26 15:48:13.561 I/artd    ( 2780): GetBestInfo: dm (/data/app/~~PqdBwR9WSFUNw4iaJMgoGg==/com.google.android.gms-95Dc1VeYXyONiCBDqz_lkA==/split_AdsDynamite_installtime.dm) is kOatUpToDate with filter 'verify' executable 'false'
04-26 15:48:13.562 I/artd    ( 2780): GetBestInfo: dm (/data/app/~~PqdBwR9WSFUNw4iaJMgoGg==/com.google.android.gms-95Dc1VeYXyONiCBDqz_lkA==/split_CronetDynamite_installtime.dm) is kOatUpToDate with filter 'verify' executable 'false'
04-26 15:48:13.563 I/artd    ( 2780): GetBestInfo: dm (/data/app/~~PqdBwR9WSFUNw4iaJMgoGg==/com.google.android.gms-95Dc1VeYXyONiCBDqz_lkA==/split_DynamiteLoader_installtime.dm) is kOatUpToDate with filter 'verify' executable 'false'
04-26 15:48:13.565 I/artd    ( 2780): GetBestInfo: dm (/data/app/~~PqdBwR9WSFUNw4iaJMgoGg==/com.google.android.gms-95Dc1VeYXyONiCBDqz_lkA==/split_DynamiteModulesA_installtime.dm) is kOatUpToDate with filter 'verify' executable 'false'
04-26 15:48:13.566 I/artd    ( 2780): GetBestInfo: dm (/data/app/~~PqdBwR9WSFUNw4iaJMgoGg==/com.google.android.gms-95Dc1VeYXyONiCBDqz_lkA==/split_DynamiteModulesC_installtime.dm) is kOatUpToDate with filter 'verify' executable 'false'
04-26 15:48:13.568 I/artd    ( 2780): GetBestInfo: dm (/data/app/~~PqdBwR9WSFUNw4iaJMgoGg==/com.google.android.gms-95Dc1VeYXyONiCBDqz_lkA==/split_GoogleCertificates_installtime.dm) is kOatUpToDate with filter 'verify' executable 'false'
04-26 15:48:13.570 I/artd    ( 2780): GetBestInfo: dm (/data/app/~~PqdBwR9WSFUNw4iaJMgoGg==/com.google.android.gms-95Dc1VeYXyONiCBDqz_lkA==/split_MapsDynamite_installtime.dm) is kOatUpToDate with filter 'verify' executable 'false'
04-26 15:48:13.571 I/artd    ( 2780): GetBestInfo: dm (/data/app/~~PqdBwR9WSFUNw4iaJMgoGg==/com.google.android.gms-95Dc1VeYXyONiCBDqz_lkA==/split_MeasurementDynamite_installtime.dm) is kOatUpToDate with filter 'verify' executable 'false'
04-26 15:48:13.573 I/artd    ( 2780): GetBestInfo: dm (/data/app/~~PqdBwR9WSFUNw4iaJMgoGg==/com.google.android.gms-95Dc1VeYXyONiCBDqz_lkA==/split_all_locale_splits.dm) is kOatUpToDate with filter 'verify' executable 'false'
04-26 15:48:13.574 I/artd    ( 2780): GetBestInfo: /data/user_de/0/com.google.android.gms/app_chimera/m/0000000a/dl-TfliteDynamiteDynamite.integ_252130102100800.apk has no usable artifacts
04-26 15:48:13.574 I/artd    ( 2780): GetBestInfo: /data/user_de/0/com.google.android.gms/app_chimera/m/00000001/CronetDynamite.apk has no usable artifacts
04-26 15:48:13.576 I/artd    ( 2780): GetBestInfo: /data/user_de/0/com.google.android.gms/app_chimera/m/00000016/dl-MlkitOcrCommon.optional_261332100800.apk has no usable artifacts
04-26 15:48:13.577 I/artd    ( 2780): GetBestInfo: /data/user_de/0/com.google.android.gms/app_chimera/m/00000002/DynamiteLoader.apk has no usable artifacts
04-26 15:48:13.578 I/artd    ( 2780): GetBestInfo: /data/user_de/0/com.google.android.gms/app_chimera/m/0000000e/dl-MlkitBarcodeUi.optional_260235100800.apk has no usable artifacts
04-26 15:48:13.579 I/artd    ( 2780): GetBestInfo: /data/user_de/0/com.google.android.gms/app_chimera/m/00000013/dl-Appsearch.optional_261332100800.apk has no usable artifacts
04-26 15:48:13.580 I/artd    ( 2780): GetBestInfo: /data/user_de/0/com.google.android.gms/app_chimera/m/00000005/GoogleCertificates.apk has no usable artifacts
04-26 15:48:13.581 I/artd    ( 2780): GetBestInfo: /data/user_de/0/com.google.android.gms/app_chimera/m/00000012/dl-PlayCloudSearch.optional_261332100000.apk has no usable artifacts
04-26 15:48:13.583 I/artd    ( 2780): GetBestInfo: vdex next to the dex file (/data/user/0/com.google.android.gms/app_dg_cache/B3ED91DEC21F0EB5284BE10D982ABEAAC45F5C48/oat/x86_64/the.vdex) is kOatUpToDate with filter 'verify' executable 'false'
04-26 15:48:13.584 I/artd    ( 2780): GetBestInfo: /data/user_de/0/com.google.android.gms/app_chimera/m/0000000f/dl-PlayCloudSearch.optional_260235100000.apk has no usable artifacts
04-26 15:48:13.586 I/artd    ( 2780): GetBestInfo: /data/user_de/0/com.google.android.gms/app_chimera/m/00000008/dl-VisionOcr.optional_260235100000.apk has no usable artifacts
04-26 15:48:13.587 I/artd    ( 2780): GetBestInfo: /data/user_de/0/com.google.android.gms/app_chimera/m/0000000b/dl-Appsearch.optional_260235100800.apk has no usable artifacts
