04-26 15:49:59.097 W/GFXSTREAM( 6235): [GLESv2Validation.cpp(1217)] Error internal format: 0x3 is invalid.
04-26 15:49:59.097 E/GFXSTREAM( 6235): [GL2Encoder.cpp(2814)] GL error 0x501 condition [!GLESv2Validation::pixelFormat(ctx, internalformat) && !GLESv2Validation::pixelInternalFormat(internalformat)].
04-26 15:49:59.097 W/GFXSTREAM( 6235): [GLESv2Validation.cpp(1217)] Error internal format: 0x3 is invalid.
04-26 15:49:59.097 E/GFXSTREAM( 6235): [GL2Encoder.cpp(2814)] GL error 0x501 condition [!GLESv2Validation::pixelFormat(ctx, internalformat) && !GLESv2Validation::pixelInternalFormat(internalformat)].
04-26 15:49:59.097 W/GFXSTREAM( 6235): [GLESv2Validation.cpp(1217)] Error internal format: 0x3 is invalid.
04-26 15:49:59.097 E/GFXSTREAM( 6235): [GL2Encoder.cpp(2814)] GL error 0x501 condition [!GLESv2Validation::pixelFormat(ctx, internalformat) && !GLESv2Validation::pixelInternalFormat(internalformat)].
04-26 15:49:59.097 W/GFXSTREAM( 6235): [GLESv2Validation.cpp(1217)] Error internal format: 0x3 is invalid.
04-26 15:49:59.097 E/GFXSTREAM( 6235): [GL2Encoder.cpp(2814)] GL error 0x501 condition [!GLESv2Validation::pixelFormat(ctx, internalformat) && !GLESv2Validation::pixelInternalFormat(internalformat)].
04-26 15:49:59.097 W/GFXSTREAM( 6235): [GLESv2Validation.cpp(1217)] Error internal format: 0x3 is invalid.
04-26 15:49:59.097 E/GFXSTREAM( 6235): [GL2Encoder.cpp(2814)] GL error 0x501 condition [!GLESv2Validation::pixelFormat(ctx, internalformat) && !GLESv2Validation::pixelInternalFormat(internalformat)].
04-26 15:49:59.097 W/GFXSTREAM( 6235): [GLESv2Validation.cpp(1217)] Error internal format: 0x3 is invalid.
04-26 15:49:59.097 E/GFXSTREAM( 6235): [GL2Encoder.cpp(2814)] GL error 0x501 condition [!GLESv2Validation::pixelFormat(ctx, internalformat) && !GLESv2Validation::pixelInternalFormat(internalformat)].
04-26 15:49:59.098 W/GFXSTREAM( 6235): [GLESv2Validation.cpp(1217)] Error internal format: 0x4 is invalid.
04-26 15:49:59.098 E/GFXSTREAM( 6235): [GL2Encoder.cpp(2814)] GL error 0x501 condition [!GLESv2Validation::pixelFormat(ctx, internalformat) && !GLESv2Validation::pixelInternalFormat(internalformat)].
04-26 15:49:59.098 W/GFXSTREAM( 6235): [GLESv2Validation.cpp(1217)] Error internal format: 0x3 is invalid.
04-26 15:49:59.098 E/GFXSTREAM( 6235): [GL2Encoder.cpp(2814)] GL error 0x501 condition [!GLESv2Validation::pixelFormat(ctx, internalformat) && !GLESv2Validation::pixelInternalFormat(internalformat)].
04-26 15:49:59.098 W/GFXSTREAM( 6235): [GLESv2Validation.cpp(1217)] Error internal format: 0x3 is invalid.
04-26 15:49:59.098 E/GFXSTREAM( 6235): [GL2Encoder.cpp(2814)] GL error 0x501 condition [!GLESv2Validation::pixelFormat(ctx, internalformat) && !GLESv2Validation::pixelInternalFormat(internalformat)].
04-26 15:49:59.098 W/GFXSTREAM( 6235): [GLESv2Validation.cpp(1217)] Error internal format: 0x3 is invalid.
04-26 15:49:59.098 E/GFXSTREAM( 6235): [GL2Encoder.cpp(2814)] GL error 0x501 condition [!GLESv2Validation::pixelFormat(ctx, internalformat) && !GLESv2Validation::pixelInternalFormat(internalformat)].
04-26 15:49:59.098 W/GFXSTREAM( 6235): [GLESv2Validation.cpp(1217)] Error internal format: 0x3 is invalid.
04-26 15:49:59.098 E/GFXSTREAM( 6235): [GL2Encoder.cpp(2814)] GL error 0x501 condition [!GLESv2Validation::pixelFormat(ctx, internalformat) && !GLESv2Validation::pixelInternalFormat(internalformat)].
04-26 15:49:59.098 W/GFXSTREAM( 6235): [GLESv2Validation.cpp(1217)] Error internal format: 0x4 is invalid.
04-26 15:49:59.098 E/GFXSTREAM( 6235): [GL2Encoder.cpp(2814)] GL error 0x501 condition [!GLESv2Validation::pixelFormat(ctx, internalformat) && !GLESv2Validation::pixelInternalFormat(internalformat)].
04-26 15:49:59.099 W/GFXSTREAM( 6235): [GLESv2Validation.cpp(1217)] Error internal format: 0x4 is invalid.
04-26 15:49:59.099 E/GFXSTREAM( 6235): [GL2Encoder.cpp(2814)] GL error 0x501 condition [!GLESv2Validation::pixelFormat(ctx, internalformat) && !GLESv2Validation::pixelInternalFormat(internalformat)].
04-26 15:49:59.099 W/GFXSTREAM( 6235): [GLESv2Validation.cpp(1217)] Error internal format: 0x3 is invalid.
04-26 15:49:59.099 E/GFXSTREAM( 6235): [GL2Encoder.cpp(2814)] GL error 0x501 condition [!GLESv2Validation::pixelFormat(ctx, internalformat) && !GLESv2Validation::pixelInternalFormat(internalformat)].
04-26 15:49:59.099 W/GFXSTREAM( 6235): [GLESv2Validation.cpp(1217)] Error internal format: 0x3 is invalid.
04-26 15:49:59.099 E/GFXSTREAM( 6235): [GL2Encoder.cpp(2814)] GL error 0x501 condition [!GLESv2Validation::pixelFormat(ctx, internalformat) && !GLESv2Validation::pixelInternalFormat(internalformat)].
04-26 15:49:59.099 W/GFXSTREAM( 6235): [GLESv2Validation.cpp(1217)] Error internal format: 0x3 is invalid.
04-26 15:49:59.099 E/GFXSTREAM( 6235): [GL2Encoder.cpp(2814)] GL error 0x501 condition [!GLESv2Validation::pixelFormat(ctx, internalformat) && !GLESv2Validation::pixelInternalFormat(internalformat)].
04-26 15:49:59.099 W/GFXSTREAM( 6235): [GLESv2Validation.cpp(1217)] Error internal format: 0x4 is invalid.
04-26 15:49:59.099 E/GFXSTREAM( 6235): [GL2Encoder.cpp(2814)] GL error 0x501 condition [!GLESv2Validation::pixelFormat(ctx, internalformat) && !GLESv2Validation::pixelInternalFormat(internalformat)].
04-26 15:49:59.100 W/GFXSTREAM( 6235): [GLESv2Validation.cpp(1217)] Error internal format: 0x4 is invalid.
04-26 15:49:59.100 E/GFXSTREAM( 6235): [GL2Encoder.cpp(2814)] GL error 0x501 condition [!GLESv2Validation::pixelFormat(ctx, internalformat) && !GLESv2Validation::pixelInternalFormat(internalformat)].
04-26 15:49:59.101 W/GFXSTREAM( 6235): [GLESv2Validation.cpp(1217)] Error internal format: 0x4 is invalid.
04-26 15:49:59.101 E/GFXSTREAM( 6235): [GL2Encoder.cpp(2814)] GL error 0x501 condition [!GLESv2Validation::pixelFormat(ctx, internalformat) && !GLESv2Validation::pixelInternalFormat(internalformat)].
04-26 15:49:59.101 W/GFXSTREAM( 6235): [GLESv2Validation.cpp(1217)] Error internal format: 0x3 is invalid.
04-26 15:49:59.101 E/GFXSTREAM( 6235): [GL2Encoder.cpp(2814)] GL error 0x501 condition [!GLESv2Validation::pixelFormat(ctx, internalformat) && !GLESv2Validation::pixelInternalFormat(internalformat)].
04-26 15:49:59.101 W/GFXSTREAM( 6235): [GLESv2Validation.cpp(1217)] Error internal format: 0x3 is invalid.
04-26 15:49:59.101 E/GFXSTREAM( 6235): [GL2Encoder.cpp(2814)] GL error 0x501 condition [!GLESv2Validation::pixelFormat(ctx, internalformat) && !GLESv2Validation::pixelInternalFormat(internalformat)].
04-26 15:49:59.101 W/GFXSTREAM( 6235): [GLESv2Validation.cpp(1217)] Error internal format: 0x3 is invalid.
04-26 15:49:59.101 E/GFXSTREAM( 6235): [GL2Encoder.cpp(2814)] GL error 0x501 condition [!GLESv2Validation::pixelFormat(ctx, internalformat) && !GLESv2Validation::pixelInternalFormat(internalformat)].
04-26 15:49:59.101 W/GFXSTREAM( 6235): [GLESv2Validation.cpp(1217)] Error internal format: 0x3 is invalid.
04-26 15:49:59.101 E/GFXSTREAM( 6235): [GL2Encoder.cpp(2814)] GL error 0x501 condition [!GLESv2Validation::pixelFormat(ctx, internalformat) && !GLESv2Validation::pixelInternalFormat(internalformat)].
04-26 15:49:59.101 W/GFXSTREAM( 6235): [GLESv2Validation.cpp(1217)] Error internal format: 0x3 is invalid.
04-26 15:49:59.102 E/GFXSTREAM( 6235): [GL2Encoder.cpp(2814)] GL error 0x501 condition [!GLESv2Validation::pixelFormat(ctx, internalformat) && !GLESv2Validation::pixelInternalFormat(internalformat)].
04-26 15:49:59.102 E/GFXSTREAM( 6235): [GL2Encoder.cpp(2625)] GL error 0x500 condition [!GLESv2Validation::textureParamValue(ctx, pname, param, (GLfloat)param, (GLenum)param)].
04-26 15:49:59.102 E/GFXSTREAM( 6235): [GL2Encoder.cpp(2625)] GL error 0x500 condition [!GLESv2Validation::textureParamValue(ctx, pname, param, (GLfloat)param, (GLenum)param)].
04-26 15:49:59.102 W/GFXSTREAM( 6235): [GLESv2Validation.cpp(1217)] Error internal format: 0x3 is invalid.
04-26 15:49:59.102 E/GFXSTREAM( 6235): [GL2Encoder.cpp(2814)] GL error 0x501 condition [!GLESv2Validation::pixelFormat(ctx, internalformat) && !GLESv2Validation::pixelInternalFormat(internalformat)].
04-26 15:49:59.102 E/GFXSTREAM( 6235): [GL2Encoder.cpp(2625)] GL error 0x500 condition [!GLESv2Validation::textureParamValue(ctx, pname, param, (GLfloat)param, (GLenum)param)].
04-26 15:49:59.102 E/GFXSTREAM( 6235): [GL2Encoder.cpp(2625)] GL error 0x500 condition [!GLESv2Validation::textureParamValue(ctx, pname, param, (GLfloat)param, (GLenum)param)].
04-26 15:49:59.102 W/GFXSTREAM( 6235): [GLESv2Validation.cpp(1217)] Error internal format: 0x3 is invalid.
04-26 15:49:59.102 E/GFXSTREAM( 6235): [GL2Encoder.cpp(2814)] GL error 0x501 condition [!GLESv2Validation::pixelFormat(ctx, internalformat) && !GLESv2Validation::pixelInternalFormat(internalformat)].
04-26 15:49:59.102 E/GFXSTREAM( 6235): [GL2Encoder.cpp(2625)] GL error 0x500 condition [!GLESv2Validation::textureParamValue(ctx, pname, param, (GLfloat)param, (GLenum)param)].
04-26 15:49:59.102 E/GFXSTREAM( 6235): [GL2Encoder.cpp(2625)] GL error 0x500 condition [!GLESv2Validation::textureParamValue(ctx, pname, param, (GLfloat)param, (GLenum)param)].
04-26 15:49:59.102 W/GFXSTREAM( 6235): [GLESv2Validation.cpp(1217)] Error internal format: 0x3 is invalid.
04-26 15:49:59.102 E/GFXSTREAM( 6235): [GL2Encoder.cpp(2814)] GL error 0x501 condition [!GLESv2Validation::pixelFormat(ctx, internalformat) && !GLESv2Validation::pixelInternalFormat(internalformat)].
04-26 15:49:59.102 E/GFXSTREAM( 6235): [GL2Encoder.cpp(2625)] GL error 0x500 condition [!GLESv2Validation::textureParamValue(ctx, pname, param, (GLfloat)param, (GLenum)param)].
04-26 15:49:59.102 E/GFXSTREAM( 6235): [GL2Encoder.cpp(2625)] GL error 0x500 condition [!GLESv2Validation::textureParamValue(ctx, pname, param, (GLfloat)param, (GLenum)param)].
04-26 15:49:59.102 W/GFXSTREAM( 6235): [GLESv2Validation.cpp(1217)] Error internal format: 0x3 is invalid.
04-26 15:49:59.102 E/GFXSTREAM( 6235): [GL2Encoder.cpp(2814)] GL error 0x501 condition [!GLESv2Validation::pixelFormat(ctx, internalformat) && !GLESv2Validation::pixelInternalFormat(internalformat)].
04-26 15:49:59.102 E/GFXSTREAM( 6235): [GL2Encoder.cpp(2625)] GL error 0x500 condition [!GLESv2Validation::textureParamValue(ctx, pname, param, (GLfloat)param, (GLenum)param)].
04-26 15:49:59.102 E/GFXSTREAM( 6235): [GL2Encoder.cpp(2625)] GL error 0x500 condition [!GLESv2Validation::textureParamValue(ctx, pname, param, (GLfloat)param, (GLenum)param)].
04-26 15:49:59.102 W/GFXSTREAM( 6235): [GLESv2Validation.cpp(1217)] Error internal format: 0x3 is invalid.
04-26 15:49:59.103 E/GFXSTREAM( 6235): [GL2Encoder.cpp(2814)] GL error 0x501 condition [!GLESv2Validation::pixelFormat(ctx, internalformat) && !GLESv2Validation::pixelInternalFormat(internalformat)].
04-26 15:49:59.103 E/GFXSTREAM( 6235): [GL2Encoder.cpp(2625)] GL error 0x500 condition [!GLESv2Validation::textureParamValue(ctx, pname, param, (GLfloat)param, (GLenum)param)].
04-26 15:49:59.103 E/GFXSTREAM( 6235): [GL2Encoder.cpp(2625)] GL error 0x500 condition [!GLESv2Validation::textureParamValue(ctx, pname, param, (GLfloat)param, (GLenum)param)].
04-26 15:49:59.103 W/GFXSTREAM( 6235): [GLESv2Validation.cpp(1217)] Error internal format: 0x3 is invalid.
04-26 15:49:59.103 E/GFXSTREAM( 6235): [GL2Encoder.cpp(2814)] GL error 0x501 condition [!GLESv2Validation::pixelFormat(ctx, internalformat) && !GLESv2Validation::pixelInternalFormat(internalformat)].
04-26 15:49:59.103 W/GFXSTREAM( 6235): [GLESv2Validation.cpp(1217)] Error internal format: 0x3 is invalid.
04-26 15:49:59.103 E/GFXSTREAM( 6235): [GL2Encoder.cpp(2814)] GL error 0x501 condition [!GLESv2Validation::pixelFormat(ctx, internalformat) && !GLESv2Validation::pixelInternalFormat(internalformat)].
04-26 15:49:59.103 W/GFXSTREAM( 6235): [GLESv2Validation.cpp(1217)] Error internal format: 0x3 is invalid.
04-26 15:49:59.103 E/GFXSTREAM( 6235): [GL2Encoder.cpp(2814)] GL error 0x501 condition [!GLESv2Validation::pixelFormat(ctx, internalformat) && !GLESv2Validation::pixelInternalFormat(internalformat)].
04-26 15:49:59.104 W/GFXSTREAM( 6235): [GLESv2Validation.cpp(1217)] Error internal format: 0x4 is invalid.
04-26 15:49:59.104 W/skia    (  566): AGTM parsing failed flags.readFromStream(s) at 159
04-26 15:49:59.104 E/GFXSTREAM( 6235): [GL2Encoder.cpp(2814)] GL error 0x501 condition [!GLESv2Validation::pixelFormat(ctx, internalformat) && !GLESv2Validation::pixelInternalFormat(internalformat)].
04-26 15:49:59.104 W/skia    (  566): AGTM parsing failed flags.readFromStream(s) at 159
04-26 15:49:59.104 W/skia    (  566): AGTM parsing failed flags.readFromStream(s) at 159
04-26 15:49:59.104 W/skia    (  566): AGTM parsing failed flags.readFromStream(s) at 159
04-26 15:49:59.104 W/skia    (  566): AGTM parsing failed flags.readFromStream(s) at 159
04-26 15:49:59.104 W/GFXSTREAM( 6235): [GLESv2Validation.cpp(1217)] Error internal format: 0x4 is invalid.
04-26 15:49:59.104 E/GFXSTREAM( 6235): [GL2Encoder.cpp(2814)] GL error 0x501 condition [!GLESv2Validation::pixelFormat(ctx, internalformat) && !GLESv2Validation::pixelInternalFormat(internalformat)].
04-26 15:49:59.104 W/GFXSTREAM( 6235): [GLESv2Validation.cpp(1217)] Error internal format: 0x4 is invalid.
04-26 15:49:59.104 E/GFXSTREAM( 6235): [GL2Encoder.cpp(2814)] GL error 0x501 condition [!GLESv2Validation::pixelFormat(ctx, internalformat) && !GLESv2Validation::pixelInternalFormat(internalformat)].
04-26 15:49:59.104 W/GFXSTREAM( 6235): [GLESv2Validation.cpp(1217)] Error internal format: 0x4 is invalid.
04-26 15:49:59.104 E/GFXSTREAM( 6235): [GL2Encoder.cpp(2814)] GL error 0x501 condition [!GLESv2Validation::pixelFormat(ctx, internalformat) && !GLESv2Validation::pixelInternalFormat(internalformat)].
04-26 15:49:59.105 W/GFXSTREAM( 6235): [GLESv2Validation.cpp(1217)] Error internal format: 0x4 is invalid.
04-26 15:49:59.105 E/GFXSTREAM( 6235): [GL2Encoder.cpp(2814)] GL error 0x501 condition [!GLESv2Validation::pixelFormat(ctx, internalformat) && !GLESv2Validation::pixelInternalFormat(internalformat)].
04-26 15:49:59.105 W/GFXSTREAM( 6235): [GLESv2Validation.cpp(1217)] Error internal format: 0x4 is invalid.
04-26 15:49:59.105 E/GFXSTREAM( 6235): [GL2Encoder.cpp(2814)] GL error 0x501 condition [!GLESv2Validation::pixelFormat(ctx, internalformat) && !GLESv2Validation::pixelInternalFormat(internalformat)].
04-26 15:49:59.105 W/GFXSTREAM( 6235): [GLESv2Validation.cpp(1217)] Error internal format: 0x4 is invalid.
04-26 15:49:59.105 E/GFXSTREAM( 6235): [GL2Encoder.cpp(2814)] GL error 0x501 condition [!GLESv2Validation::pixelFormat(ctx, internalformat) && !GLESv2Validation::pixelInternalFormat(internalformat)].
04-26 15:49:59.105 W/GFXSTREAM( 6235): [GLESv2Validation.cpp(1217)] Error internal format: 0x3 is invalid.
04-26 15:49:59.105 E/GFXSTREAM( 6235): [GL2Encoder.cpp(2814)] GL error 0x501 condition [!GLESv2Validation::pixelFormat(ctx, internalformat) && !GLESv2Validation::pixelInternalFormat(internalformat)].
04-26 15:49:59.105 W/GFXSTREAM( 6235): [GLESv2Validation.cpp(1217)] Error internal format: 0x3 is invalid.
04-26 15:49:59.105 E/GFXSTREAM( 6235): [GL2Encoder.cpp(2814)] GL error 0x501 condition [!GLESv2Validation::pixelFormat(ctx, internalformat) && !GLESv2Validation::pixelInternalFormat(internalformat)].
04-26 15:49:59.106 W/GFXSTREAM( 6235): [GLESv2Validation.cpp(1217)] Error internal format: 0x3 is invalid.
04-26 15:49:59.106 E/GFXSTREAM( 6235): [GL2Encoder.cpp(2814)] GL error 0x501 condition [!GLESv2Validation::pixelFormat(ctx, internalformat) && !GLESv2Validation::pixelInternalFormat(internalformat)].
04-26 15:49:59.106 W/GFXSTREAM( 6235): [GLESv2Validation.cpp(1217)] Error internal format: 0x3 is invalid.
04-26 15:49:59.106 E/GFXSTREAM( 6235): [GL2Encoder.cpp(2814)] GL error 0x501 condition [!GLESv2Validation::pixelFormat(ctx, internalformat) && !GLESv2Validation::pixelInternalFormat(internalformat)].
04-26 15:49:59.107 W/GFXSTREAM( 6235): [GLESv2Validation.cpp(1217)] Error internal format: 0x3 is invalid.
04-26 15:49:59.107 E/GFXSTREAM( 6235): [GL2Encoder.cpp(2814)] GL error 0x501 condition [!GLESv2Validation::pixelFormat(ctx, internalformat) && !GLESv2Validation::pixelInternalFormat(internalformat)].
04-26 15:49:59.107 W/GFXSTREAM( 6235): [GLESv2Validation.cpp(1217)] Error internal format: 0x3 is invalid.
04-26 15:49:59.107 E/GFXSTREAM( 6235): [GL2Encoder.cpp(2814)] GL error 0x501 condition [!GLESv2Validation::pixelFormat(ctx, internalformat) && !GLESv2Validation::pixelInternalFormat(internalformat)].
04-26 15:49:59.107 W/GFXSTREAM( 6235): [GLESv2Validation.cpp(1217)] Error internal format: 0x3 is invalid.
04-26 15:49:59.107 E/GFXSTREAM( 6235): [GL2Encoder.cpp(2814)] GL error 0x501 condition [!GLESv2Validation::pixelFormat(ctx, internalformat) && !GLESv2Validation::pixelInternalFormat(internalformat)].
04-26 15:49:59.107 W/GFXSTREAM( 6235): [GLESv2Validation.cpp(1217)] Error internal format: 0x3 is invalid.
04-26 15:49:59.108 E/GFXSTREAM( 6235): [GL2Encoder.cpp(2814)] GL error 0x501 condition [!GLESv2Validation::pixelFormat(ctx, internalformat) && !GLESv2Validation::pixelInternalFormat(internalformat)].
04-26 15:49:59.108 W/GFXSTREAM( 6235): [GLESv2Validation.cpp(1217)] Error internal format: 0x3 is invalid.
04-26 15:49:59.108 E/GFXSTREAM( 6235): [GL2Encoder.cpp(2814)] GL error 0x501 condition [!GLESv2Validation::pixelFormat(ctx, internalformat) && !GLESv2Validation::pixelInternalFormat(internalformat)].
04-26 15:49:59.108 W/GFXSTREAM( 6235): [GLESv2Validation.cpp(1217)] Error internal format: 0x3 is invalid.
04-26 15:49:59.108 E/GFXSTREAM( 6235): [GL2Encoder.cpp(2814)] GL error 0x501 condition [!GLESv2Validation::pixelFormat(ctx, internalformat) && !GLESv2Validation::pixelInternalFormat(internalformat)].
04-26 15:49:59.108 W/GFXSTREAM( 6235): [GLESv2Validation.cpp(1217)] Error internal format: 0x3 is invalid.
04-26 15:49:59.108 E/GFXSTREAM( 6235): [GL2Encoder.cpp(2814)] GL error 0x501 condition [!GLESv2Validation::pixelFormat(ctx, internalformat) && !GLESv2Validation::pixelInternalFormat(internalformat)].
04-26 15:49:59.109 W/GFXSTREAM( 6235): [GLESv2Validation.cpp(1217)] Error internal format: 0x3 is invalid.
04-26 15:49:59.109 E/GFXSTREAM( 6235): [GL2Encoder.cpp(2814)] GL error 0x501 condition [!GLESv2Validation::pixelFormat(ctx, internalformat) && !GLESv2Validation::pixelInternalFormat(internalformat)].
04-26 15:49:59.109 W/GFXSTREAM( 6235): [GLESv2Validation.cpp(1217)] Error internal format: 0x3 is invalid.
04-26 15:49:59.109 E/GFXSTREAM( 6235): [GL2Encoder.cpp(2814)] GL error 0x501 condition [!GLESv2Validation::pixelFormat(ctx, internalformat) && !GLESv2Validation::pixelInternalFormat(internalformat)].
04-26 15:49:59.109 W/GFXSTREAM( 6235): [GLESv2Validation.cpp(1217)] Error internal format: 0x3 is invalid.
04-26 15:49:59.109 E/GFXSTREAM( 6235): [GL2Encoder.cpp(2814)] GL error 0x501 condition [!GLESv2Validation::pixelFormat(ctx, internalformat) && !GLESv2Validation::pixelInternalFormat(internalformat)].
04-26 15:49:59.109 W/GFXSTREAM( 6235): [GLESv2Validation.cpp(1217)] Error internal format: 0x3 is invalid.
04-26 15:49:59.109 E/GFXSTREAM( 6235): [GL2Encoder.cpp(2814)] GL error 0x501 condition [!GLESv2Validation::pixelFormat(ctx, internalformat) && !GLESv2Validation::pixelInternalFormat(internalformat)].
04-26 15:49:59.109 W/GFXSTREAM( 6235): [GLESv2Validation.cpp(1217)] Error internal format: 0x3 is invalid.
04-26 15:49:59.109 E/GFXSTREAM( 6235): [GL2Encoder.cpp(2814)] GL error 0x501 condition [!GLESv2Validation::pixelFormat(ctx, internalformat) && !GLESv2Validation::pixelInternalFormat(internalformat)].
04-26 15:49:59.109 W/GFXSTREAM( 6235): [GLESv2Validation.cpp(1217)] Error internal format: 0x3 is invalid.
04-26 15:49:59.110 E/GFXSTREAM( 6235): [GL2Encoder.cpp(2814)] GL error 0x501 condition [!GLESv2Validation::pixelFormat(ctx, internalformat) && !GLESv2Validation::pixelInternalFormat(internalformat)].
04-26 15:49:59.110 W/GFXSTREAM( 6235): [GLESv2Validation.cpp(1217)] Error internal format: 0x3 is invalid.
04-26 15:49:59.110 E/GFXSTREAM( 6235): [GL2Encoder.cpp(2814)] GL error 0x501 condition [!GLESv2Validation::pixelFormat(ctx, internalformat) && !GLESv2Validation::pixelInternalFormat(internalformat)].
04-26 15:49:59.110 W/GFXSTREAM( 6235): [GLESv2Validation.cpp(1217)] Error internal format: 0x3 is invalid.
04-26 15:49:59.110 E/GFXSTREAM( 6235): [GL2Encoder.cpp(2814)] GL error 0x501 condition [!GLESv2Validation::pixelFormat(ctx, internalformat) && !GLESv2Validation::pixelInternalFormat(internalformat)].
04-26 15:49:59.110 W/GFXSTREAM( 6235): [GLESv2Validation.cpp(1217)] Error internal format: 0x3 is invalid.
04-26 15:49:59.110 E/GFXSTREAM( 6235): [GL2Encoder.cpp(2814)] GL error 0x501 condition [!GLESv2Validation::pixelFormat(ctx, internalformat) && !GLESv2Validation::pixelInternalFormat(internalformat)].
04-26 15:49:59.110 I/TakumiErrorReport( 6235): > First Load Files OK.
04-26 15:49:59.118 W/libc    ( 6235): malloc(18446744073709551615) failed: returning null pointer
04-26 15:49:59.118 E/MuMain  ( 6235): Scene exception scene=1 world=-1: std::bad_alloc
04-26 15:49:59.121 W/skia    (  566): AGTM parsing failed flags.readFromStream(s) at 159
04-26 15:49:59.121 E/BLASTBufferQueue( 6235): [aea69ca SurfaceView[com.muonline.client/com.muonline.client.MuMainActivity]#2](f:0,a:0) rejecting buffer:active_size=2268x1080, requested_size=2268x1080 buffer{size=2268x943 transform=0}
04-26 15:49:59.122 W/skia    (  566): AGTM parsing failed flags.readFromStream(s) at 159
04-26 15:49:59.122 W/skia    (  566): AGTM parsing failed flags.readFromStream(s) at 159
04-26 15:49:59.122 W/skia    (  566): AGTM parsing failed flags.readFromStream(s) at 159
04-26 15:49:59.122 W/skia    (  566): AGTM parsing failed flags.readFromStream(s) at 159
04-26 15:49:59.132 I/MuMain  ( 6235): Frame 0 — drawCalls=26 verts=156 paths(im=26 vaD=0 vaC=0 qI=0 qE=0) SDL_err='Couldn't open asset '/storage/emulated/0/Android/data/com.muonline.client/files/Data/fonts/font_.ttf''
04-26 15:49:59.133 I/MuMain  ( 6235): WEBZEN: enter
04-26 15:49:59.133 I/MuMain  ( 6235): WEBZEN: loading title bitmaps
04-26 15:49:59.133 I/TakumiErrorReport( 6235): File not found Data\Interface\lo_back_s5_im01.jpg (31125)->Data\Interface\lo_back_im01.jpg
04-26 15:49:59.133 W/GFXSTREAM( 6235): [GLESv2Validation.cpp(1217)] Error internal format: 0x3 is invalid.
04-26 15:49:59.133 E/GFXSTREAM( 6235): [GL2Encoder.cpp(2814)] GL error 0x501 condition [!GLESv2Validation::pixelFormat(ctx, internalformat) && !GLESv2Validation::pixelInternalFormat(internalformat)].
04-26 15:49:59.133 I/TakumiErrorReport( 6235): File not found Data\Interface\lo_back_s5_im02.jpg (31126)->Data\Interface\lo_back_im02.jpg
04-26 15:49:59.133 W/GFXSTREAM( 6235): [GLESv2Validation.cpp(1217)] Error internal format: 0x3 is invalid.
04-26 15:49:59.133 E/GFXSTREAM( 6235): [GL2Encoder.cpp(2814)] GL error 0x501 condition [!GLESv2Validation::pixelFormat(ctx, internalformat) && !GLESv2Validation::pixelInternalFormat(internalformat)].
04-26 15:49:59.134 I/TakumiErrorReport( 6235): File not found Data\Interface\lo_back_s5_im03.jpg (31127)->Data\Interface\lo_back_im03.jpg
04-26 15:49:59.134 W/GFXSTREAM( 6235): [GLESv2Validation.cpp(1217)] Error internal format: 0x3 is invalid.
04-26 15:49:59.134 E/GFXSTREAM( 6235): [GL2Encoder.cpp(2814)] GL error 0x501 condition [!GLESv2Validation::pixelFormat(ctx, internalformat) && !GLESv2Validation::pixelInternalFormat(internalformat)].
04-26 15:49:59.134 I/TakumiErrorReport( 6235): File not found Data\Interface\lo_back_s5_im04.jpg (31128)->Data\Interface\lo_back_im04.jpg
04-26 15:49:59.134 W/GFXSTREAM( 6235): [GLESv2Validation.cpp(1217)] Error internal format: 0x3 is invalid.
04-26 15:49:59.134 E/GFXSTREAM( 6235): [GL2Encoder.cpp(2814)] GL error 0x501 condition [!GLESv2Validation::pixelFormat(ctx, internalformat) && !GLESv2Validation::pixelInternalFormat(internalformat)].
04-26 15:49:59.134 I/TakumiErrorReport( 6235): File not found Data\Interface\lo_back_s5_im05.jpg (31129)->Data\Interface\lo_back_im05.jpg
04-26 15:49:59.134 W/GFXSTREAM( 6235): [GLESv2Validation.cpp(1217)] Error internal format: 0x3 is invalid.
04-26 15:49:59.134 E/GFXSTREAM( 6235): [GL2Encoder.cpp(2814)] GL error 0x501 condition [!GLESv2Validation::pixelFormat(ctx, internalformat) && !GLESv2Validation::pixelInternalFormat(internalformat)].
04-26 15:49:59.134 I/TakumiErrorReport( 6235): File not found Data\Interface\lo_back_s5_im06.jpg (31130)->Data\Interface\lo_back_im06.jpg
04-26 15:49:59.134 W/GFXSTREAM( 6235): [GLESv2Validation.cpp(1217)] Error internal format: 0x3 is invalid.
04-26 15:49:59.134 E/GFXSTREAM( 6235): [GL2Encoder.cpp(2814)] GL error 0x501 condition [!GLESv2Validation::pixelFormat(ctx, internalformat) && !GLESv2Validation::pixelInternalFormat(internalformat)].
04-26 15:49:59.134 I/MuMain  ( 6235): WEBZEN: OpenBasicData begin
04-26 15:49:59.134 I/MuMain  ( 6235): OPENBASIC: enter
04-26 15:49:59.134 I/MuMain  ( 6235): OPENBASIC: RenderTitle 0 begin
04-26 15:49:59.135 I/MuMain  ( 6235): OPENBASIC: RenderTitle 0 done
04-26 15:49:59.135 I/MuMain  ( 6235): OPENBASIC: first bitmap group begin
04-26 15:49:59.135 I/MuMain  ( 6235): OPENBASIC: first bitmap group done
04-26 15:49:59.135 I/TakumiErrorReport( 6235): File not found Data\Effect\Shiny05.jpg (32118)->Data\Effect\Shiny04.jpg
04-26 15:49:59.136 W/GFXSTREAM( 6235): [GLESv2Validation.cpp(1217)] Error internal format: 0x3 is invalid.
04-26 15:49:59.136 E/GFXSTREAM( 6235): [GL2Encoder.cpp(2814)] GL error 0x501 condition [!GLESv2Validation::pixelFormat(ctx, internalformat) && !GLESv2Validation::pixelInternalFormat(internalformat)].
04-26 15:49:59.136 I/TakumiErrorReport( 6235): File not found Data\Effect\Shiny04.jpg (32118)->Data\Effect\Shiny05.jpg
04-26 15:49:59.136 W/GFXSTREAM( 6235): [GLESv2Validation.cpp(1217)] Error internal format: 0x3 is invalid.
04-26 15:49:59.136 E/GFXSTREAM( 6235): [GL2Encoder.cpp(2814)] GL error 0x501 condition [!GLESv2Validation::pixelFormat(ctx, internalformat) && !GLESv2Validation::pixelInternalFormat(internalformat)].
04-26 15:49:59.138 W/skia    (  566): AGTM parsing failed flags.readFromStream(s) at 159
04-26 15:49:59.138 W/skia    (  566): AGTM parsing failed flags.readFromStream(s) at 159
04-26 15:49:59.138 W/skia    (  566): AGTM parsing failed flags.readFromStream(s) at 159
04-26 15:49:59.138 W/skia    (  566): AGTM parsing failed flags.readFromStream(s) at 159
04-26 15:49:59.138 W/skia    (  566): AGTM parsing failed flags.readFromStream(s) at 159
04-26 15:49:59.138 I/TakumiErrorReport( 6235): > First Load Files OK.
04-26 15:49:59.153 W/skia    (  566): AGTM parsing failed flags.readFromStream(s) at 159
04-26 15:49:59.153 W/skia    (  566): AGTM parsing failed flags.readFromStream(s) at 159
04-26 15:49:59.153 W/skia    (  566): AGTM parsing failed flags.readFromStream(s) at 159
04-26 15:49:59.154 W/skia    (  566): AGTM parsing failed flags.readFromStream(s) at 159
04-26 15:49:59.154 W/skia    (  566): AGTM parsing failed flags.readFromStream(s) at 159
04-26 15:49:59.170 W/skia    (  566): AGTM parsing failed flags.readFromStream(s) at 159
04-26 15:49:59.170 W/skia    (  566): AGTM parsing failed flags.readFromStream(s) at 159
04-26 15:49:59.170 W/skia    (  566): AGTM parsing failed flags.readFromStream(s) at 159
04-26 15:49:59.170 W/skia    (  566): AGTM parsing failed flags.readFromStream(s) at 159
04-26 15:49:59.170 W/skia    (  566): AGTM parsing failed flags.readFromStream(s) at 159
04-26 15:49:59.186 W/skia    (  566): AGTM parsing failed flags.readFromStream(s) at 159
04-26 15:49:59.186 W/skia    (  566): AGTM parsing failed flags.readFromStream(s) at 159
04-26 15:49:59.186 W/skia    (  566): AGTM parsing failed flags.readFromStream(s) at 159
04-26 15:49:59.186 W/skia    (  566): AGTM parsing failed flags.readFromStream(s) at 159
04-26 15:49:59.187 W/skia    (  566): AGTM parsing failed flags.readFromStream(s) at 159
04-26 15:49:59.203 W/skia    (  566): AGTM parsing failed flags.readFromStream(s) at 159
04-26 15:49:59.203 W/skia    (  566): AGTM parsing failed flags.readFromStream(s) at 159
04-26 15:49:59.203 W/skia    (  566): AGTM parsing failed flags.readFromStream(s) at 159
04-26 15:49:59.203 W/skia    (  566): AGTM parsing failed flags.readFromStream(s) at 159
04-26 15:49:59.203 W/skia    (  566): AGTM parsing failed flags.readFromStream(s) at 159
04-26 15:49:59.221 W/skia    (  566): AGTM parsing failed flags.readFromStream(s) at 159
04-26 15:49:59.221 W/skia    (  566): AGTM parsing failed flags.readFromStream(s) at 159
04-26 15:49:59.221 W/skia    (  566): AGTM parsing failed flags.readFromStream(s) at 159
04-26 15:49:59.221 W/skia    (  566): AGTM parsing failed flags.readFromStream(s) at 159
04-26 15:49:59.221 W/skia    (  566): AGTM parsing failed flags.readFromStream(s) at 159
04-26 15:49:59.238 W/skia    (  566): AGTM parsing failed flags.readFromStream(s) at 159
04-26 15:49:59.238 W/skia    (  566): AGTM parsing failed flags.readFromStream(s) at 159
04-26 15:49:59.238 W/skia    (  566): AGTM parsing failed flags.readFromStream(s) at 159
04-26 15:49:59.238 W/skia    (  566): AGTM parsing failed flags.readFromStream(s) at 159
04-26 15:49:59.238 W/skia    (  566): AGTM parsing failed flags.readFromStream(s) at 159
04-26 15:49:59.254 W/skia    (  566): AGTM parsing failed flags.readFromStream(s) at 159
04-26 15:49:59.254 W/skia    (  566): AGTM parsing failed flags.readFromStream(s) at 159
04-26 15:49:59.255 W/skia    (  566): AGTM parsing failed flags.readFromStream(s) at 159
04-26 15:49:59.255 W/skia    (  566): AGTM parsing failed flags.readFromStream(s) at 159
04-26 15:49:59.255 W/skia    (  566): AGTM parsing failed flags.readFromStream(s) at 159
04-26 15:49:59.270 W/skia    (  566): AGTM parsing failed flags.readFromStream(s) at 159
04-26 15:49:59.270 W/skia    (  566): AGTM parsing failed flags.readFromStream(s) at 159
04-26 15:49:59.270 W/skia    (  566): AGTM parsing failed flags.readFromStream(s) at 159
04-26 15:49:59.270 W/skia    (  566): AGTM parsing failed flags.readFromStream(s) at 159
04-26 15:49:59.271 W/skia    (  566): AGTM parsing failed flags.readFromStream(s) at 159
04-26 15:49:59.287 W/skia    (  566): AGTM parsing failed flags.readFromStream(s) at 159
04-26 15:49:59.287 W/skia    (  566): AGTM parsing failed flags.readFromStream(s) at 159
04-26 15:49:59.287 W/skia    (  566): AGTM parsing failed flags.readFromStream(s) at 159
04-26 15:49:59.305 W/skia    (  566): AGTM parsing failed flags.readFromStream(s) at 159
04-26 15:49:59.305 W/skia    (  566): AGTM parsing failed flags.readFromStream(s) at 159
04-26 15:49:59.305 W/skia    (  566): AGTM parsing failed flags.readFromStream(s) at 159
04-26 15:49:59.320 W/skia    (  566): AGTM parsing failed flags.readFromStream(s) at 159
04-26 15:49:59.320 W/skia    (  566): AGTM parsing failed flags.readFromStream(s) at 159
04-26 15:49:59.320 W/skia    (  566): AGTM parsing failed flags.readFromStream(s) at 159
04-26 15:49:59.323 I/ImeTracker(  736): system_server:41886e6c: onRequestHide at ORIGIN_SERVER reason IME_REQUESTED_CHANGED_LISTENER fromUser false displayId 0
04-26 15:49:59.324 I/ImeTracker(  736): system_server:41886e6c: onCancelled at PHASE_SERVER_SHOULD_HIDE
04-26 15:49:59.336 W/skia    (  566): AGTM parsing failed flags.readFromStream(s) at 159
04-26 15:49:59.336 W/skia    (  566): AGTM parsing failed flags.readFromStream(s) at 159
04-26 15:49:59.336 W/skia    (  566): AGTM parsing failed flags.readFromStream(s) at 159
04-26 15:49:59.353 W/skia    (  566): AGTM parsing failed flags.readFromStream(s) at 159
04-26 15:49:59.353 W/skia    (  566): AGTM parsing failed flags.readFromStream(s) at 159
04-26 15:49:59.353 W/skia    (  566): AGTM parsing failed flags.readFromStream(s) at 159
04-26 15:49:59.370 W/skia    (  566): AGTM parsing failed flags.readFromStream(s) at 159
04-26 15:49:59.370 W/skia    (  566): AGTM parsing failed flags.readFromStream(s) at 159
04-26 15:49:59.370 W/skia    (  566): AGTM parsing failed flags.readFromStream(s) at 159
04-26 15:49:59.388 W/skia    (  566): AGTM parsing failed flags.readFromStream(s) at 159
04-26 15:49:59.388 W/skia    (  566): AGTM parsing failed flags.readFromStream(s) at 159
04-26 15:49:59.388 W/skia    (  566): AGTM parsing failed flags.readFromStream(s) at 159
04-26 15:49:59.403 W/skia    (  566): AGTM parsing failed flags.readFromStream(s) at 159
04-26 15:49:59.403 W/skia    (  566): AGTM parsing failed flags.readFromStream(s) at 159
04-26 15:49:59.403 W/skia    (  566): AGTM parsing failed flags.readFromStream(s) at 159
04-26 15:49:59.420 W/skia    (  566): AGTM parsing failed flags.readFromStream(s) at 159
04-26 15:49:59.420 W/skia    (  566): AGTM parsing failed flags.readFromStream(s) at 159
04-26 15:49:59.420 W/skia    (  566): AGTM parsing failed flags.readFromStream(s) at 159
04-26 15:49:59.435 V/WindowManagerShell( 1036): Transition animation finished (aborted=false), notifying core (#29) android.os.BinderProxy@ceb2c77@0
04-26 15:49:59.436 W/skia    (  566): AGTM parsing failed flags.readFromStream(s) at 159
04-26 15:49:59.436 W/skia    (  566): AGTM parsing failed flags.readFromStream(s) at 159
04-26 15:49:59.436 W/skia    (  566): AGTM parsing failed flags.readFromStream(s) at 159
04-26 15:49:59.438 V/WindowManager(  736): Finish Transition (#29): created at 04-26 15:49:58.765 collect-started=0.042ms request-sent=5.165ms started=7.569ms ready=16.612ms sent=188.75ms commit=16.07ms finished=672.733ms
04-26 15:49:59.441 D/VRI[PreloadActivity]( 6235): visibilityChanged oldVisibility=true newVisibility=false
04-26 15:49:59.442 V/WindowManagerShell( 1036): Track 0 became idle
04-26 15:49:59.442 V/WindowManagerShell( 1036): All active transition animations finished
04-26 15:49:59.456 D/WindowOnBackDispatcher( 6235): setTopOnBackInvokedCallback (unwrapped): null
04-26 15:49:59.457 D/CoreBackPreview(  736): Window{425aa01 u0 com.muonline.client/com.muonline.client.PreloadActivity}: Setting back callback null
04-26 15:49:59.458 D/ViewRootImpl( 6235): Skipping stats log for color mode
04-26 15:49:59.952 I/AdbWifiNetworkMonitor(  736): Wi-Fi network available
04-26 15:49:59.952 I/AdbWifiNetworkMonitor(  736): Received the same Wi-Fi SSID. Ignoring.
04-26 15:49:59.955 I/HalDevMgr(  736): bestIfaceCreationProposal is null, requestIface=STA, existingIface=[name=wlan0 type=STA]
04-26 15:49:59.955 W/libbinder.IPCThreadState(  736): Sending oneway calls to frozen process.
04-26 15:49:59.955 W/libbinder.IPCThreadState(  736): Sending oneway calls to frozen process.
04-26 15:49:59.958 I/NullBinder( 1366): NullBinder for android.net.action.RECOMMEND_NETWORKS triggering remote TransactionTooLargeException due to Service without Chimera impl, calling uid: 1000, calling pid: 0
04-26 15:49:59.959 W/libbinder.Binder( 1366): Large reply transaction of 1056768 bytes, interface descriptor , function: UNKNOWN_FUNCTION_NAME, code: 1, flags: 17
04-26 15:49:59.963 D/IpClient/wlan0( 1160): interfaceLinkStateChanged: ifindex 16 up
04-26 15:49:59.972 D/IpClient/wlan0( 1160): interfaceLinkStateChanged: ifindex 16 up
04-26 15:50:01.959 E/TaskPersister(  736): File error accessing recents directory (directory doesn't exist?).
04-26 15:50:02.961 I/AdbWifiNetworkMonitor(  736): Wi-Fi network available
04-26 15:50:02.961 I/AdbWifiNetworkMonitor(  736): Received the same Wi-Fi SSID. Ignoring.
04-26 15:50:02.963 W/libbinder.IPCThreadState(  736): Sending oneway calls to frozen process.
04-26 15:50:02.963 W/libbinder.IPCThreadState(  736): Sending oneway calls to frozen process.
04-26 15:50:02.965 I/HalDevMgr(  736): bestIfaceCreationProposal is null, requestIface=STA, existingIface=[name=wlan0 type=STA]
04-26 15:50:02.968 I/NullBinder( 1366): NullBinder for android.net.action.RECOMMEND_NETWORKS triggering remote TransactionTooLargeException due to Service without Chimera impl, calling uid: 1000, calling pid: 0
04-26 15:50:02.968 W/libbinder.Binder( 1366): Large reply transaction of 1056768 bytes, interface descriptor , function: UNKNOWN_FUNCTION_NAME, code: 1, flags: 17
04-26 15:50:03.228 I/wpa_supplicant( 1016): wlan0: CTRL-EVENT-BEACON-LOSS 
04-26 15:50:03.552 I/artd    ( 2780): GetBestInfo: odex next to the dex file (/data/app/~~PqdBwR9WSFUNw4iaJMgoGg==/com.google.android.gms-95Dc1VeYXyONiCBDqz_lkA==/oat/x86_64/base.odex) is kOatUpToDate with filter 'speed-profile' executable 'false'
04-26 15:50:03.553 I/artd    ( 2780): GetBestInfo: dm (/data/app/~~PqdBwR9WSFUNw4iaJMgoGg==/com.google.android.gms-95Dc1VeYXyONiCBDqz_lkA==/split_AdsDynamite_installtime.dm) is kOatUpToDate with filter 'verify' executable 'false'
04-26 15:50:03.555 I/artd    ( 2780): GetBestInfo: dm (/data/app/~~PqdBwR9WSFUNw4iaJMgoGg==/com.google.android.gms-95Dc1VeYXyONiCBDqz_lkA==/split_CronetDynamite_installtime.dm) is kOatUpToDate with filter 'verify' executable 'false'
04-26 15:50:03.556 I/artd    ( 2780): GetBestInfo: dm (/data/app/~~PqdBwR9WSFUNw4iaJMgoGg==/com.google.android.gms-95Dc1VeYXyONiCBDqz_lkA==/split_DynamiteLoader_installtime.dm) is kOatUpToDate with filter 'verify' executable 'false'
04-26 15:50:03.558 I/artd    ( 2780): GetBestInfo: dm (/data/app/~~PqdBwR9WSFUNw4iaJMgoGg==/com.google.android.gms-95Dc1VeYXyONiCBDqz_lkA==/split_DynamiteModulesA_installtime.dm) is kOatUpToDate with filter 'verify' executable 'false'
04-26 15:50:03.559 I/artd    ( 2780): GetBestInfo: dm (/data/app/~~PqdBwR9WSFUNw4iaJMgoGg==/com.google.android.gms-95Dc1VeYXyONiCBDqz_lkA==/split_DynamiteModulesC_installtime.dm) is kOatUpToDate with filter 'verify' executable 'false'
04-26 15:50:03.561 I/artd    ( 2780): GetBestInfo: dm (/data/app/~~PqdBwR9WSFUNw4iaJMgoGg==/com.google.android.gms-95Dc1VeYXyONiCBDqz_lkA==/split_GoogleCertificates_installtime.dm) is kOatUpToDate with filter 'verify' executable 'false'
04-26 15:50:03.563 I/artd    ( 2780): GetBestInfo: dm (/data/app/~~PqdBwR9WSFUNw4iaJMgoGg==/com.google.android.gms-95Dc1VeYXyONiCBDqz_lkA==/split_MapsDynamite_installtime.dm) is kOatUpToDate with filter 'verify' executable 'false'
04-26 15:50:03.564 I/artd    ( 2780): GetBestInfo: dm (/data/app/~~PqdBwR9WSFUNw4iaJMgoGg==/com.google.android.gms-95Dc1VeYXyONiCBDqz_lkA==/split_MeasurementDynamite_installtime.dm) is kOatUpToDate with filter 'verify' executable 'false'
04-26 15:50:03.565 I/artd    ( 2780): GetBestInfo: dm (/data/app/~~PqdBwR9WSFUNw4iaJMgoGg==/com.google.android.gms-95Dc1VeYXyONiCBDqz_lkA==/split_all_locale_splits.dm) is kOatUpToDate with filter 'verify' executable 'false'
04-26 15:50:03.567 I/artd    ( 2780): GetBestInfo: /data/user_de/0/com.google.android.gms/app_chimera/m/0000000a/dl-TfliteDynamiteDynamite.integ_252130102100800.apk has no usable artifacts
04-26 15:50:03.568 I/artd    ( 2780): GetBestInfo: /data/user_de/0/com.google.android.gms/app_chimera/m/00000001/CronetDynamite.apk has no usable artifacts
04-26 15:50:03.569 I/artd    ( 2780): GetBestInfo: /data/user_de/0/com.google.android.gms/app_chimera/m/00000016/dl-MlkitOcrCommon.optional_261332100800.apk has no usable artifacts
04-26 15:50:03.569 I/artd    ( 2780): GetBestInfo: /data/user_de/0/com.google.android.gms/app_chimera/m/00000002/DynamiteLoader.apk has no usable artifacts
04-26 15:50:03.571 I/artd    ( 2780): GetBestInfo: /data/user_de/0/com.google.android.gms/app_chimera/m/0000000e/dl-MlkitBarcodeUi.optional_260235100800.apk has no usable artifacts
04-26 15:50:03.572 I/artd    ( 2780): GetBestInfo: /data/user_de/0/com.google.android.gms/app_chimera/m/00000013/dl-Appsearch.optional_261332100800.apk has no usable artifacts
04-26 15:50:03.573 I/artd    ( 2780): GetBestInfo: /data/user_de/0/com.google.android.gms/app_chimera/m/00000005/GoogleCertificates.apk has no usable artifacts
04-26 15:50:03.575 I/artd    ( 2780): GetBestInfo: /data/user_de/0/com.google.android.gms/app_chimera/m/00000012/dl-PlayCloudSearch.optional_261332100000.apk has no usable artifacts
04-26 15:50:03.576 I/artd    ( 2780): GetBestInfo: vdex next to the dex file (/data/user/0/com.google.android.gms/app_dg_cache/B3ED91DEC21F0EB5284BE10D982ABEAAC45F5C48/oat/x86_64/the.vdex) is kOatUpToDate with filter 'verify' executable 'false'
04-26 15:50:03.578 I/artd    ( 2780): GetBestInfo: /data/user_de/0/com.google.android.gms/app_chimera/m/0000000f/dl-PlayCloudSearch.optional_260235100000.apk has no usable artifacts
04-26 15:50:03.579 I/artd    ( 2780): GetBestInfo: /data/user_de/0/com.google.android.gms/app_chimera/m/00000008/dl-VisionOcr.optional_260235100000.apk has no usable artifacts
04-26 15:50:03.581 I/artd    ( 2780): GetBestInfo: /data/user_de/0/com.google.android.gms/app_chimera/m/0000000b/dl-Appsearch.optional_260235100800.apk has no usable artifacts
04-26 15:50:03.582 I/artd    ( 2780): GetBestInfo: /data/user_de/0/com.google.android.gms/app_chimera/m/00000011/dl-VisionOcr.optional_261332100000.apk has no usable artifacts
04-26 15:50:03.583 I/artd    ( 2780): GetBestInfo: /data/user_de/0/com.google.android.gms/app_chimera/m/00000015/dl-MlkitBarcodeUi.optional_261332100800.apk has no usable artifacts
04-26 15:50:03.585 I/artd    ( 2780): GetBestInfo: /data/user_de/0/com.google.android.gms/app_chimera/m/00000009/dl-MlkitOcrCommon.optional_260235100800.apk has no usable artifacts
04-26 15:50:03.587 I/artd    ( 2780): GetBestInfo: vdex next to the dex file (/data/user/0/com.google.android.gms/app_dg_cache/CE973E4DE823F0AA69070767A9FABB590DDD455C/oat/x86_64/the.vdex) is kOatUpToDate with filter 'verify' executable 'false'
04-26 15:50:03.587 I/artd    ( 2780): GetBestInfo: /data/user_de/0/com.google.android.gms/app_chimera/m/00000007/MeasurementDynamite.apk has no usable artifacts
04-26 15:50:05.971 I/AdbWifiNetworkMonitor(  736): Wi-Fi network available
04-26 15:50:05.971 I/AdbWifiNetworkMonitor(  736): Received the same Wi-Fi SSID. Ignoring.
04-26 15:50:05.973 I/HalDevMgr(  736): bestIfaceCreationProposal is null, requestIface=STA, existingIface=[name=wlan0 type=STA]
04-26 15:50:05.974 W/libbinder.IPCThreadState(  736): Sending oneway calls to frozen process.
04-26 15:50:05.974 W/libbinder.IPCThreadState(  736): Sending oneway calls to frozen process.
04-26 15:50:05.977 I/NullBinder( 1366): NullBinder for android.net.action.RECOMMEND_NETWORKS triggering remote TransactionTooLargeException due to Service without Chimera impl, calling uid: 1000, calling pid: 0
04-26 15:50:05.977 W/libbinder.Binder( 1366): Large reply transaction of 1056768 bytes, interface descriptor , function: UNKNOWN_FUNCTION_NAME, code: 1, flags: 17
04-26 15:50:05.980 D/IpClient/wlan0( 1160): interfaceLinkStateChanged: ifindex 16 up
04-26 15:50:05.985 D/IpClient/wlan0( 1160): interfaceLinkStateChanged: ifindex 16 up
