--------- beginning of main
04-26 16:41:48.256 I/wpa_supplicant( 1016): wlan0: CTRL-EVENT-BEACON-LOSS 
04-26 16:41:48.257 I/Finsky:background( 4276): [2] ajje - Received: android.intent.action.PACKAGE_ADDED, [n076RJLEETmEZ61FBJHrGFwh-0szukPG_iaeB-mhrwQ]
04-26 16:41:48.260 W/skia    (  566): AGTM parsing failed flags.readFromStream(s) at 159
04-26 16:41:48.261 W/skia    (  566): AGTM parsing failed flags.readFromStream(s) at 159
04-26 16:41:48.268 W/LauncherActivityCachingLogic( 1219): loadIcon: Default app icon returned from PackageManager. component=ComponentInfo{com.muonline.client/com.muonline.client.PreloadActivity}, user=UserHandle{0}
04-26 16:41:48.268 W/LauncherActivityCachingLogic( 1219): java.lang.Exception
04-26 16:41:48.268 W/LauncherActivityCachingLogic( 1219): 	at com.android.launcher3.icons.cache.LauncherActivityCachingLogic.loadIcon(go/retraceme 7226a759aa2bb3787a79806f85d80eaad84f1f1e15acd6db988f2df789d1680d:62)
04-26 16:41:48.268 W/LauncherActivityCachingLogic( 1219): 	at com.android.launcher3.icons.cache.BaseIconCache.loadFallbackIcon(go/retraceme 7226a759aa2bb3787a79806f85d80eaad84f1f1e15acd6db988f2df789d1680d:8)
04-26 16:41:48.268 W/LauncherActivityCachingLogic( 1219): 	at com.android.launcher3.icons.cache.BaseIconCache.cacheLocked(go/retraceme 7226a759aa2bb3787a79806f85d80eaad84f1f1e15acd6db988f2df789d1680d:99)
04-26 16:41:48.268 W/LauncherActivityCachingLogic( 1219): 	at com.android.launcher3.icons.IconCache.getTitleAndIcon(go/retraceme 7226a759aa2bb3787a79806f85d80eaad84f1f1e15acd6db988f2df789d1680d:233)
04-26 16:41:48.268 W/LauncherActivityCachingLogic( 1219): 	at com.android.launcher3.icons.IconCache.getTitleAndIcon(go/retraceme 7226a759aa2bb3787a79806f85d80eaad84f1f1e15acd6db988f2df789d1680d:230)
04-26 16:41:48.268 W/LauncherActivityCachingLogic( 1219): 	at com.android.launcher3.model.tasks.PackageUpdatedTask.execute(go/retraceme 7226a759aa2bb3787a79806f85d80eaad84f1f1e15acd6db988f2df789d1680d:371)
04-26 16:41:48.268 W/LauncherActivityCachingLogic( 1219): 	at com.android.launcher3.LauncherModel$enqueueModelUpdateTask$1.run(go/retraceme 7226a759aa2bb3787a79806f85d80eaad84f1f1e15acd6db988f2df789d1680d:27)
04-26 16:41:48.268 W/LauncherActivityCachingLogic( 1219): 	at com.android.launcher3.util.LooperExecutor.execute(go/retraceme 7226a759aa2bb3787a79806f85d80eaad84f1f1e15acd6db988f2df789d1680d:16)
04-26 16:41:48.268 W/LauncherActivityCachingLogic( 1219): 	at com.android.launcher3.LauncherModel.enqueueModelUpdateTask(go/retraceme 7226a759aa2bb3787a79806f85d80eaad84f1f1e15acd6db988f2df789d1680d:19)
04-26 16:41:48.268 W/LauncherActivityCachingLogic( 1219): 	at com.android.launcher3.LauncherModel$newModelCallbacks$1.accept(go/retraceme 7226a759aa2bb3787a79806f85d80eaad84f1f1e15acd6db988f2df789d1680d:4)
04-26 16:41:48.268 W/LauncherActivityCachingLogic( 1219): 	at com.android.launcher3.model.ModelLauncherCallbacks.onPackageChanged(go/retraceme 7226a759aa2bb3787a79806f85d80eaad84f1f1e15acd6db988f2df789d1680d:12)
04-26 16:41:48.268 W/LauncherActivityCachingLogic( 1219): 	at android.content.pm.LauncherApps$CallbackMessageHandler.handleMessage(LauncherApps.java:2329)
04-26 16:41:48.268 W/LauncherActivityCachingLogic( 1219): 	at android.os.Handler.dispatchMessageImpl(Handler.java:142)
04-26 16:41:48.268 W/LauncherActivityCachingLogic( 1219): 	at android.os.Handler.dispatchMessage(Handler.java:125)
04-26 16:41:48.268 W/LauncherActivityCachingLogic( 1219): 	at android.os.Looper.loopOnce(Looper.java:292)
04-26 16:41:48.268 W/LauncherActivityCachingLogic( 1219): 	at android.os.Looper.loop(Looper.java:393)
04-26 16:41:48.268 W/LauncherActivityCachingLogic( 1219): 	at android.os.HandlerThread.run(HandlerThread.java:139)
04-26 16:41:48.269 D/AlphabeticIndexCompat( 1219): computeSectionName: cs: MU Online sectionName: M
04-26 16:41:48.270 V/BaseDepthController( 1219): Applying blur: 0 to Surface(name=VRI-com.google.android.apps.nexuslauncher/com.google.android.apps.nexuslauncher.NexusLauncherActivity#560)/@0xd45637f applyImmediately: false
04-26 16:41:48.270 D/BaseDepthController( 1219): shouldBlurWorkspace: false targetState: Normal currentStableState: Normal mCurrentBlur: 0 mLauncher.getDepthBlurTargets(): [com.android.launcher3.Workspace{573bc60 V.ED..... ........ 0,0-1080,2400 #7f0a047d app:id/workspace}, com.android.launcher3.Hotseat{7eca519 V.ED..... ........ 0,1905-1080,2400 #7f0a01f1 app:id/hotseat}]
04-26 16:41:48.274 D/AllAppsStore( 1219): setApps: apps.length=21
04-26 16:41:48.274 D/AllAppsStore( 1219): notifyUpdate: notifying listeners
04-26 16:41:48.274 D/ActivityAllAppsContainerView( 1219): onAppsUpdated; number of apps: 21
04-26 16:41:48.274 D/ActivityAllAppsContainerView( 1219): rebindAdapters: force: false
04-26 16:41:48.274 D/ActivityAllAppsContainerView( 1219): rebindAdapters: Not needed.
04-26 16:41:48.275 D/StatsLog( 1219): LAUNCHER_ALLAPPS_COUNT
04-26 16:41:48.275 D/AlphabeticalAppsList( 1219): Clearing FastScrollerSections.
04-26 16:41:48.275 D/AlphabeticalAppsList( 1219): Adding apps with sections. HasPrivateApps: false
04-26 16:41:48.275 D/AlphabeticalAppsList( 1219): addAppsWithSections: adding sectionName: C with appInfoTitle: Calendar
04-26 16:41:48.275 D/AlphabeticalAppsList( 1219): addAppsWithSections: adding sectionName: D with appInfoTitle: Drive
04-26 16:41:48.275 D/AlphabeticalAppsList( 1219): addAppsWithSections: adding sectionName: F with appInfoTitle: Files
04-26 16:41:48.275 D/AlphabeticalAppsList( 1219): addAppsWithSections: adding sectionName: G with appInfoTitle: Glasses
04-26 16:41:48.275 D/AlphabeticalAppsList( 1219): addAppsWithSections: adding sectionName: M with appInfoTitle: Maps
04-26 16:41:48.275 D/AlphabeticalAppsList( 1219): addAppsWithSections: adding sectionName: P with appInfoTitle: Phone
04-26 16:41:48.275 D/AlphabeticalAppsList( 1219): addAppsWithSections: adding sectionName: S with appInfoTitle: Safety
04-26 16:41:48.275 D/AlphabeticalAppsList( 1219): addAppsWithSections: adding sectionName: T with appInfoTitle: TMoble
04-26 16:41:48.275 D/AlphabeticalAppsList( 1219): addAppsWithSections: adding sectionName: Y with appInfoTitle: YouTube
04-26 16:41:48.275 D/AlphabeticalAppsList( 1219): Adding FastScrollSection duplicate to scroll to the bottom.
04-26 16:41:48.276 D/AlphabeticalAppsList( 1219): Clearing FastScrollerSections.
04-26 16:41:48.276 D/AlphabeticalAppsList( 1219): Adding apps with sections. HasPrivateApps: false
04-26 16:41:48.276 D/AlphabeticalAppsList( 1219): addAppsWithSections: adding sectionName: C with appInfoTitle: Calendar
04-26 16:41:48.276 D/AlphabeticalAppsList( 1219): addAppsWithSections: adding sectionName: D with appInfoTitle: Drive
04-26 16:41:48.276 D/AlphabeticalAppsList( 1219): addAppsWithSections: adding sectionName: F with appInfoTitle: Files
04-26 16:41:48.276 D/AlphabeticalAppsList( 1219): addAppsWithSections: adding sectionName: G with appInfoTitle: Glasses
04-26 16:41:48.276 D/AlphabeticalAppsList( 1219): addAppsWithSections: adding sectionName: M with appInfoTitle: Maps
04-26 16:41:48.276 D/AlphabeticalAppsList( 1219): addAppsWithSections: adding sectionName: P with appInfoTitle: Phone
04-26 16:41:48.276 D/AlphabeticalAppsList( 1219): addAppsWithSections: adding sectionName: S with appInfoTitle: Safety
04-26 16:41:48.276 D/AlphabeticalAppsList( 1219): addAppsWithSections: adding sectionName: T with appInfoTitle: TMoble
04-26 16:41:48.276 D/AlphabeticalAppsList( 1219): addAppsWithSections: adding sectionName: Y with appInfoTitle: YouTube
04-26 16:41:48.276 D/AlphabeticalAppsList( 1219): Adding FastScrollSection duplicate to scroll to the bottom.
04-26 16:41:48.276 D/AllAppsStore( 1219): setApps: apps.length=21
04-26 16:41:48.276 D/AllAppsStore( 1219): notifyUpdate: notifying listeners
04-26 16:41:48.277 W/SignedPackage(  736): Cannot get ApplicationInfo for package: com.google.android.devicelockcontroller
04-26 16:41:48.278 D/b/387844520( 1219): getOutlineOffsetX: measured width = 173, mNormalizedIconSize = 159, last updated width = 173
04-26 16:41:48.285 W/ApplicationInfo(  736): Large ApplicationInfo parcel: size=17540 package=com.google.android.googlequicksearchbox sharedLibs=3 resDirs=2 overlayPaths=2
04-26 16:41:48.287 V/BaseDepthController( 1219): Applying blur: 0 to Surface(name=VRI-com.google.android.apps.nexuslauncher/com.google.android.apps.nexuslauncher.NexusLauncherActivity#560)/@0xd45637f applyImmediately: false
04-26 16:41:48.287 D/BaseDepthController( 1219): shouldBlurWorkspace: false targetState: Normal currentStableState: Normal mCurrentBlur: 0 mLauncher.getDepthBlurTargets(): [com.android.launcher3.Workspace{573bc60 V.ED..... ......ID 0,0-1080,2400 #7f0a047d app:id/workspace}, com.android.launcher3.Hotseat{7eca519 V.ED..... .......D 0,1905-1080,2400 #7f0a01f1 app:id/hotseat}]
04-26 16:41:48.287 I/Finsky:background( 4276): [139] Wrote row to frosting DB: 3116
04-26 16:41:48.292 I/Finsky  ( 4164): [2] ajjp - Received: android.intent.action.PACKAGE_ADDED, [n076RJLEETmEZ61FBJHrGFwh-0szukPG_iaeB-mhrwQ]
04-26 16:41:48.297 I/Finsky:background( 4276): [2] ajje - Deduping intent android.intent.action.PACKAGE_ADDED
04-26 16:41:48.304 I/Finsky:background( 4276): [2] ajje - Received: android.intent.action.PACKAGE_ADDED, [n076RJLEETmEZ61FBJHrGFwh-0szukPG_iaeB-mhrwQ]
04-26 16:41:48.312 I/MediaProvider( 1619): Invalidating LocalCallingIdentity cache for package com.muonline.client. Reason: package android.intent.action.PACKAGE_REMOVED
04-26 16:41:48.312 W/MediaProvider( 1619): WorkProfileOwnerApps cache is empty
04-26 16:41:48.313 D/PickerSyncLockManager( 1619): Trying to acquire lock com.android.providers.media.photopicker.sync.CloseableReentrantLock@13ff476[Unlocked]. Lock Name = CLOUD_PROVIDER_LOCK. Threads that may be waiting to acquire this lock = []
04-26 16:41:48.313 V/BaseDepthController( 1219): Applying blur: 0 to Surface(name=VRI-com.google.android.apps.nexuslauncher/com.google.android.apps.nexuslauncher.NexusLauncherActivity#560)/@0xd45637f applyImmediately: false
04-26 16:41:48.314 D/BaseDepthController( 1219): shouldBlurWorkspace: false targetState: Normal currentStableState: Normal mCurrentBlur: 0 mLauncher.getDepthBlurTargets(): [com.android.launcher3.Workspace{573bc60 V.ED..... ........ 0,0-1080,2400 #7f0a047d app:id/workspace}, com.android.launcher3.Hotseat{7eca519 V.ED..... ........ 0,1905-1080,2400 #7f0a01f1 app:id/hotseat}]
--------- beginning of system
04-26 16:41:48.316 W/MagnificationConnectionManager(  736): requestConnection duplicated request: connect=false, mConnectionState=DISCONNECTED
04-26 16:41:48.316 D/CloseableReentrantLock( 1619): Successfully acquired lock com.android.providers.media.photopicker.sync.CloseableReentrantLock@13ff476[Locked by thread main]. Lock Name = CLOUD_PROVIDER_LOCK. Threads that may be waiting to acquire this lock = []
04-26 16:41:48.316 D/CloseableReentrantLock( 1619): Successfully released lock com.android.providers.media.photopicker.sync.CloseableReentrantLock@13ff476[Unlocked]. Lock Name = CLOUD_PROVIDER_LOCK. Threads that may be waiting to acquire this lock = []
04-26 16:41:48.320 V/BaseDepthController( 1219): Applying blur: 0 to Surface(name=VRI-com.google.android.apps.nexuslauncher/com.google.android.apps.nexuslauncher.NexusLauncherActivity#560)/@0xd45637f applyImmediately: false
04-26 16:41:48.320 D/BaseDepthController( 1219): shouldBlurWorkspace: false targetState: Normal currentStableState: Normal mCurrentBlur: 0 mLauncher.getDepthBlurTargets(): [com.android.launcher3.Workspace{573bc60 V.ED..... ........ 0,0-1080,2400 #7f0a047d app:id/workspace}, com.android.launcher3.Hotseat{7eca519 V.ED..... ........ 0,1905-1080,2400 #7f0a01f1 app:id/hotseat}]
04-26 16:41:48.325 W/ApplicationInfo(  736): Large ApplicationInfo parcel: size=17540 package=com.google.android.googlequicksearchbox sharedLibs=3 resDirs=2 overlayPaths=2
04-26 16:41:48.330 I/Finsky:background( 4276): [2] ajje - Deduping intent android.intent.action.PACKAGE_ADDED
04-26 16:41:48.331 D/ActivityThread( 4276): Package [com.muonline.client] reported as REPLACED, but missing application info. Assuming REMOVED.
04-26 16:41:48.331 I/Finsky:background( 4276): [64] RECEIVER_PACKAGE_MONITOR_BACKGROUND#logWorkEndAndFinishGoAsync: SUCCESS
04-26 16:41:48.333 D/ActivityThread( 4276): Package [com.muonline.client] reported as REPLACED, but missing application info. Assuming REMOVED.
04-26 16:41:48.337 V/BaseDepthController( 1219): Applying blur: 0 to Surface(name=VRI-com.google.android.apps.nexuslauncher/com.google.android.apps.nexuslauncher.NexusLauncherActivity#560)/@0xd45637f applyImmediately: false
04-26 16:41:48.337 I/Finsky:background( 4276): [52] IQ:PSL: skipping onPackageRemoved(replacing=true) for untracked package=com.muonline.client
04-26 16:41:48.337 D/BaseDepthController( 1219): shouldBlurWorkspace: false targetState: Normal currentStableState: Normal mCurrentBlur: 0 mLauncher.getDepthBlurTargets(): [com.android.launcher3.Workspace{573bc60 V.ED..... ........ 0,0-1080,2400 #7f0a047d app:id/workspace}, com.android.launcher3.Hotseat{7eca519 V.ED..... ........ 0,1905-1080,2400 #7f0a01f1 app:id/hotseat}]
04-26 16:41:48.347 I/Finsky  ( 4164): [2] DTU: Received onPackageAdded, replacing: true
04-26 16:41:48.348 I/Finsky  ( 4164): [221] SCH: Received scheduling request: Id: 12-1, Constraints: [{ L: 15000, D: 86400000, C: CHARGING_NONE, I: IDLE_NONE, N: NET_ANY, B: BATTERY_ANY }]
04-26 16:41:48.353 V/BaseDepthController( 1219): Applying blur: 0 to Surface(name=VRI-com.google.android.apps.nexuslauncher/com.google.android.apps.nexuslauncher.NexusLauncherActivity#560)/@0xd45637f applyImmediately: false
04-26 16:41:48.353 D/BaseDepthController( 1219): shouldBlurWorkspace: false targetState: Normal currentStableState: Normal mCurrentBlur: 0 mLauncher.getDepthBlurTargets(): [com.android.launcher3.Workspace{573bc60 V.ED..... ........ 0,0-1080,2400 #7f0a047d app:id/workspace}, com.android.launcher3.Hotseat{7eca519 V.ED..... ........ 0,1905-1080,2400 #7f0a01f1 app:id/hotseat}]
04-26 16:41:48.362 W/skia    (  566): AGTM parsing failed flags.readFromStream(s) at 159
04-26 16:41:48.363 W/skia    (  566): AGTM parsing failed flags.readFromStream(s) at 159
04-26 16:41:48.371 V/BaseDepthController( 1219): Applying blur: 0 to Surface(name=VRI-com.google.android.apps.nexuslauncher/com.google.android.apps.nexuslauncher.NexusLauncherActivity#560)/@0xd45637f applyImmediately: false
04-26 16:41:48.371 D/BaseDepthController( 1219): shouldBlurWorkspace: false targetState: Normal currentStableState: Normal mCurrentBlur: 0 mLauncher.getDepthBlurTargets(): [com.android.launcher3.Workspace{573bc60 V.ED..... ........ 0,0-1080,2400 #7f0a047d app:id/workspace}, com.android.launcher3.Hotseat{7eca519 V.ED..... ........ 0,1905-1080,2400 #7f0a01f1 app:id/hotseat}]
04-26 16:41:48.380 W/Looper  (  736): Slow dispatch took 104ms main app=system_server main=true group=FOREGROUND h=android.app.ActivityThread$H c=android.app.LoadedApk$ReceiverDispatcher$Args$$ExternalSyntheticLambda0@e2ef74c m=0
04-26 16:41:48.384 D/ActivityThread( 1867): Package [com.muonline.client] reported as REPLACED, but missing application info. Assuming REMOVED.
04-26 16:41:48.386 V/BaseDepthController( 1219): Applying blur: 0 to Surface(name=VRI-com.google.android.apps.nexuslauncher/com.google.android.apps.nexuslauncher.NexusLauncherActivity#560)/@0xd45637f applyImmediately: false
04-26 16:41:48.387 D/ActivityManager(  736): sync unfroze 1867 com.google.android.gms for 6
04-26 16:41:48.387 D/BaseDepthController( 1219): shouldBlurWorkspace: false targetState: Normal currentStableState: Normal mCurrentBlur: 0 mLauncher.getDepthBlurTargets(): [com.android.launcher3.Workspace{573bc60 V.ED..... ........ 0,0-1080,2400 #7f0a047d app:id/workspace}, com.android.launcher3.Hotseat{7eca519 V.ED..... ........ 0,1905-1080,2400 #7f0a01f1 app:id/hotseat}]
04-26 16:41:48.392 I/Finsky  ( 4164): [2] ajjp - Received: android.intent.action.PACKAGE_ADDED, [n076RJLEETmEZ61FBJHrGFwh-0szukPG_iaeB-mhrwQ]
04-26 16:41:48.395 D/AS.AudioService(  736): received android.intent.action.PACKAGE_REPLACED replacing: true archival: false for package com.muonline.client with uid 10230
04-26 16:41:48.397 D/ActivityThread( 1867): Package [com.muonline.client] reported as REPLACED, but missing application info. Assuming REMOVED.
04-26 16:41:48.402 D/AppSearchAppsIndexerManagerS(  736): userid in package receiver: 10230
04-26 16:41:48.403 V/BaseDepthController( 1219): Applying blur: 0 to Surface(name=VRI-com.google.android.apps.nexuslauncher/com.google.android.apps.nexuslauncher.NexusLauncherActivity#560)/@0xd45637f applyImmediately: false
04-26 16:41:48.404 D/BaseDepthController( 1219): shouldBlurWorkspace: false targetState: Normal currentStableState: Normal mCurrentBlur: 0 mLauncher.getDepthBlurTargets(): [com.android.launcher3.Workspace{573bc60 V.ED..... ........ 0,0-1080,2400 #7f0a047d app:id/workspace}, com.android.launcher3.Hotseat{7eca519 V.ED..... ........ 0,1905-1080,2400 #7f0a01f1 app:id/hotseat}]
04-26 16:41:48.408 I/Finsky  ( 4164): [2] ajjp - Deduping intent android.intent.action.PACKAGE_ADDED
04-26 16:41:48.419 V/BaseDepthController( 1219): Applying blur: 0 to Surface(name=VRI-com.google.android.apps.nexuslauncher/com.google.android.apps.nexuslauncher.NexusLauncherActivity#560)/@0xd45637f applyImmediately: false
04-26 16:41:48.420 D/BaseDepthController( 1219): shouldBlurWorkspace: false targetState: Normal currentStableState: Normal mCurrentBlur: 0 mLauncher.getDepthBlurTargets(): [com.android.launcher3.Workspace{573bc60 V.ED..... ........ 0,0-1080,2400 #7f0a047d app:id/workspace}, com.android.launcher3.Hotseat{7eca519 V.ED..... ........ 0,1905-1080,2400 #7f0a01f1 app:id/hotseat}]
04-26 16:41:48.426 I/Finsky  ( 4164): [2] ajjp - Received: android.intent.action.PACKAGE_ADDED, [n076RJLEETmEZ61FBJHrGFwh-0szukPG_iaeB-mhrwQ]
04-26 16:41:48.429 I/Finsky:background( 4276): [2] Memory trim requested to level 40
04-26 16:41:48.434 I/Finsky:background( 4276): [139] Wrote row to frosting DB: 3117
04-26 16:41:48.438 V/BaseDepthController( 1219): Applying blur: 0 to Surface(name=VRI-com.google.android.apps.nexuslauncher/com.google.android.apps.nexuslauncher.NexusLauncherActivity#560)/@0xd45637f applyImmediately: false
04-26 16:41:48.438 D/BaseDepthController( 1219): shouldBlurWorkspace: false targetState: Normal currentStableState: Normal mCurrentBlur: 0 mLauncher.getDepthBlurTargets(): [com.android.launcher3.Workspace{573bc60 V.ED..... ........ 0,0-1080,2400 #7f0a047d app:id/workspace}, com.android.launcher3.Hotseat{7eca519 V.ED..... ........ 0,1905-1080,2400 #7f0a01f1 app:id/hotseat}]
04-26 16:41:48.444 I/Finsky  ( 4164): [2] ajjp - Deduping intent android.intent.action.PACKAGE_ADDED
04-26 16:41:48.445 D/ActivityThread( 4164): Package [com.muonline.client] reported as REPLACED, but missing application info. Assuming REMOVED.
04-26 16:41:48.446 D/ActivityThread( 4164): Package [com.muonline.client] reported as REPLACED, but missing application info. Assuming REMOVED.
04-26 16:41:48.446 I/Finsky:background( 4276): [139] Wrote row to frosting DB: 3118
04-26 16:41:48.448 I/Finsky  ( 4164): [42] RECEIVER_PACKAGE_MONITOR#logWorkEndAndFinishGoAsync: SUCCESS
04-26 16:41:48.454 V/BaseDepthController( 1219): Applying blur: 0 to Surface(name=VRI-com.google.android.apps.nexuslauncher/com.google.android.apps.nexuslauncher.NexusLauncherActivity#560)/@0xd45637f applyImmediately: false
04-26 16:41:48.454 D/BaseDepthController( 1219): shouldBlurWorkspace: false targetState: Normal currentStableState: Normal mCurrentBlur: 0 mLauncher.getDepthBlurTargets(): [com.android.launcher3.Workspace{573bc60 V.ED..... ........ 0,0-1080,2400 #7f0a047d app:id/workspace}, com.android.launcher3.Hotseat{7eca519 V.ED..... ........ 0,1905-1080,2400 #7f0a01f1 app:id/hotseat}]
04-26 16:41:48.465 W/skia    (  566): AGTM parsing failed flags.readFromStream(s) at 159
04-26 16:41:48.465 W/skia    (  566): AGTM parsing failed flags.readFromStream(s) at 159
04-26 16:41:48.470 V/BaseDepthController( 1219): Applying blur: 0 to Surface(name=VRI-com.google.android.apps.nexuslauncher/com.google.android.apps.nexuslauncher.NexusLauncherActivity#560)/@0xd45637f applyImmediately: false
04-26 16:41:48.470 D/BaseDepthController( 1219): shouldBlurWorkspace: false targetState: Normal currentStableState: Normal mCurrentBlur: 0 mLauncher.getDepthBlurTargets(): [com.android.launcher3.Workspace{573bc60 V.ED..... ........ 0,0-1080,2400 #7f0a047d app:id/workspace}, com.android.launcher3.Hotseat{7eca519 V.ED..... ........ 0,1905-1080,2400 #7f0a01f1 app:id/hotseat}]
04-26 16:41:48.470 I/Finsky:background( 4276): [139] Wrote row to frosting DB: 3119
04-26 16:41:48.474 W/ActivityTaskManager(  736): callingPackage for (uid=2000, pid=8588) has no WPC
04-26 16:41:48.480 V/GrammaticalInflectionUtils(  736): AttributionSource: android.content.AttributionSource@d322a4fb does not have READ_SYSTEM_GRAMMATICAL_GENDER permission.
04-26 16:41:48.487 V/BaseDepthController( 1219): Applying blur: 0 to Surface(name=VRI-com.google.android.apps.nexuslauncher/com.google.android.apps.nexuslauncher.NexusLauncherActivity#560)/@0xd45637f applyImmediately: false
04-26 16:41:48.487 D/BaseDepthController( 1219): shouldBlurWorkspace: false targetState: Normal currentStableState: Normal mCurrentBlur: 0 mLauncher.getDepthBlurTargets(): [com.android.launcher3.Workspace{573bc60 V.ED..... ........ 0,0-1080,2400 #7f0a047d app:id/workspace}, com.android.launcher3.Hotseat{7eca519 V.ED..... ........ 0,1905-1080,2400 #7f0a01f1 app:id/hotseat}]
04-26 16:41:48.489 I/Finsky:background( 4276): [139] Wrote row to frosting DB: 3120
04-26 16:41:48.493 D/RecentsView( 1219): onTaskDisplayChanged: 98, new displayId = 0
04-26 16:41:48.494 I/libbinder.BpBinder(  566): onLastStrongRef automatically unlinking death recipients for binder (0x7eaa36058530) with descriptor: '(not cached)'
04-26 16:41:48.504 W/libbinder.IPCThreadState(  736): Sending oneway calls to frozen process.
04-26 16:41:48.504 W/libbinder.IPCThreadState(  736): Sending oneway calls to frozen process.
04-26 16:41:48.505 V/BaseDepthController( 1219): Applying blur: 0 to Surface(name=VRI-com.google.android.apps.nexuslauncher/com.google.android.apps.nexuslauncher.NexusLauncherActivity#560)/@0xd45637f applyImmediately: false
04-26 16:41:48.505 D/BaseDepthController( 1219): shouldBlurWorkspace: false targetState: Normal currentStableState: Normal mCurrentBlur: 0 mLauncher.getDepthBlurTargets(): [com.android.launcher3.Workspace{573bc60 V.ED..... ........ 0,0-1080,2400 #7f0a047d app:id/workspace}, com.android.launcher3.Hotseat{7eca519 V.ED..... ........ 0,1905-1080,2400 #7f0a01f1 app:id/hotseat}]
04-26 16:41:48.504 I/Finsky:background( 4276): [139] Wrote row to frosting DB: 3121
04-26 16:41:48.510 W/libbinder.IPCThreadState(  736): Sending oneway calls to frozen process.
04-26 16:41:48.511 W/libbinder.IPCThreadState(  736): Sending oneway calls to frozen process.
04-26 16:41:48.514 V/AccessibilityManagerService(  736): onUserStateChangedLocked for userId: 0, forceUpdate: false
04-26 16:41:48.518 D/BoundBrokerSvc( 1867): onUnbind: Intent { act=com.google.android.gms.common.BIND_SHARED_PREFS xflg=0x4 pkg=com.google.android.gms }
04-26 16:41:48.518 I/ActivityTaskManager(  736): Add Task{74d3f3 #97 type=standard A=10230:com.muonline.client} to hidden list because adding Task{c2c26f #98 type=standard A=10230:com.muonline.client}
04-26 16:41:48.519 V/BaseDepthController( 1219): Applying blur: 0 to Surface(name=VRI-com.google.android.apps.nexuslauncher/com.google.android.apps.nexuslauncher.NexusLauncherActivity#560)/@0xd45637f applyImmediately: false
04-26 16:41:48.520 D/BaseDepthController( 1219): shouldBlurWorkspace: false targetState: Normal currentStableState: Normal mCurrentBlur: 0 mLauncher.getDepthBlurTargets(): [com.android.launcher3.Workspace{573bc60 V.ED..... ........ 0,0-1080,2400 #7f0a047d app:id/workspace}, com.android.launcher3.Hotseat{7eca519 V.ED..... ........ 0,1905-1080,2400 #7f0a01f1 app:id/hotseat}]
04-26 16:41:48.522 V/ActivityTaskManager(  736): TaskLaunchParamsModifier: phase=3 task=Task{c2c26f #98 type=standard A=10230:com.muonline.client} activity=ActivityRecord{100745550 u0 com.muonline.client/.PreloadActivity t-1} display-from-task=0 display-id=0 task-display-area-windowing-mode=1 suggested-display-area=DefaultTaskDisplayArea@125646128 inherit-from-task=fullscreen non-freeform-task-display-area display-area=DefaultTaskDisplayArea@125646128 skip-bounds-fullscreen
04-26 16:41:48.522 I/ActivityTaskManager(  736): START u0 {flg=0x10000000 xflg=0x5 cmp=com.muonline.client/.PreloadActivity} with LAUNCH_SINGLE_TASK from uid 2000 (com.android.shell) (BAL_ALLOW_PERMISSION) result code=0
04-26 16:41:48.525 I/ImeTracker(  736): system_server:1981d030: onRequestHide at ORIGIN_SERVER reason IME_REQUESTED_CHANGED_LISTENER fromUser false displayId 0
04-26 16:41:48.526 V/GrammaticalInflectionUtils(  736): AttributionSource: android.content.AttributionSource@d322a4fb does not have READ_SYSTEM_GRAMMATICAL_GENDER permission.
04-26 16:41:48.529 V/AccessibilityUserState(  736): updateShortcutTargets: type:accessibility_shortcut_target_service, current:{}, new:{}
04-26 16:41:48.529 V/AccessibilityUserState(  736): updateShortcutTargets: type:accessibility_button_targets, current:{}, new:{}
04-26 16:41:48.529 V/AccessibilityUserState(  736): updateShortcutTargets: type:accessibility_gesture_targets, current:{}, new:{}
04-26 16:41:48.529 V/AccessibilityUserState(  736): updateShortcutTargets: type:accessibility_qs_targets, current:{}, new:{}
04-26 16:41:48.529 V/AccessibilityUserState(  736): updateShortcutTargets: type:accessibility_key_gesture_targets, current:{}, new:{}
04-26 16:41:48.529 V/AccessibilityUserState(  736): updateShortcutTargets: type:accessibility_top_row_key_targets, current:{}, new:{}
04-26 16:41:48.529 V/AccessibilityUserState(  736): updateShortcutTargets: type:accessibility_quick_access_targets, current:{}, new:{}
04-26 16:41:48.529 W/MagnificationConnectionManager(  736): requestConnection duplicated request: connect=false, mConnectionState=DISCONNECTED
04-26 16:41:48.530 W/libbinder.IPCThreadState(  736): Sending oneway calls to frozen process.
04-26 16:41:48.531 W/InputChannel-JNI(  736): Channel already disposed.
04-26 16:41:48.533 V/WindowManagerShell( 1036): Transition requested (#55): android.os.BinderProxy@f6b62bf TransitionRequestInfo { type = OPEN, triggerTask = TaskInfo{userId=0 taskId=98 effectiveUid=10230 displayId=0 isRunning=true baseIntent=Intent { flg=0x10000000 cmp=com.muonline.client/.PreloadActivity } baseActivity=ComponentInfo{com.muonline.client/com.muonline.client.PreloadActivity} topActivity=ComponentInfo{com.muonline.client/com.muonline.client.PreloadActivity} origActivity=null realActivity=ComponentInfo{com.muonline.client/com.muonline.client.PreloadActivity} realActivityIsAppLockEnabled=false numActivities=1 lastActiveTime=4283115 supportsMultiWindow=true supportsMultiWindowWithoutConstraints=true resizeMode=1 isResizeable=true minWidth=-1 minHeight=-1 defaultMinSize=220 token=WCT{android.os.BinderProxy@7896d8c} topActivityType=1 pictureInPictureParams=null shouldDockBigOverlays=false launchIntoPipHostTaskId=-1 lastParentTaskIdBeforePip=-1 displayCutoutSafeInsets=Rect(132, 0 - 0, 0) topActivityInfo=ActivityInfo{b2c7cd5 com.muonline.client.PreloadActivity} launchCookies=[] positionInParent=Point(0, 0) parentTaskId=-1 isFocused=false isInteractive=false isVisible=false isVisibleRequested=false isTopActivityNoDisplay=false isSleeping=false locusId=null displayAreaFeatureId=1 isTopActivityTransparent=false isActivityStackTransparent=false lastNonFullscreenBounds=null leafTaskBoundsFromOptions= false capturedLink=null capturedLinkTimestamp=0 requestedVisibleTypes=503 topActivityRequestOpenInBrowserEducationTimestamp=0 appCompatTaskInfo=AppCompatTaskInfo { topActivityInSizeCompat=false isLeafTask= true eligibleForLetterboxEducation= false isLetterboxEducationEnabled= true isLetterboxDoubleTapEnabled= false eligibleForUserAspectRatioButton= false topActivityBoundsLetterboxed= false isFromLetterboxDoubleTap= false topActivityLetterboxVerticalPosition= -1 topActivityLetterboxHorizontalPosition= -1 topActivityLetterboxWidth=-1 topActivityLetterboxHeight=-1 topActivityAppBounds=Rect(132, 0 - 2400, 1017) isUserFullscreenOverrideEnabled=false isSystemFullscreenOverrideEnabled=false hasMinAspectRatioOverride=false topActivityLetterboxBounds=null topNonResizableActivityAspectRatio=-1.0} topActivityMainWindowFrame=null isAppBubble=false}, pipChange = null, remoteTransitionInfo = null, displayChange = null, requestedLocation = null, userChange = null, windowingLayerChange = null, fullscreenRequestChange = null, flags = 0, debugId = 55 }
04-26 16:41:48.533 W/DisconnectHandler( 1036): No disconnect change found in the transition, not handling request.
04-26 16:41:48.533 V/ShellDesktopMode( 1036): DesktopTasksController: skipping handleRequest reason=triggerTask's display doesn't support desktop mode
04-26 16:41:48.534 D/ShellSplitScreen( 1036): logExit: no-op, mLoggerSessionId is null
04-26 16:41:48.535 V/RecentTasksController( 1036): Notify recent tasks changed
04-26 16:41:48.535 D/RecentTasksList( 1219): invalidateLoadedTasks - previous requestLoadId: -1
04-26 16:41:48.535 D/ShellDesktopMode( 1036): DesktopRepository(0): Removes freeform task: taskId=97
04-26 16:41:48.535 W/ShellDesktopMode( 1036): DesktopRepository(0): No display id found for task: taskId=97
04-26 16:41:48.535 V/RecentTasksController( 1036): Notify recent tasks changed
04-26 16:41:48.536 D/RecentTasksList( 1219): invalidateLoadedTasks - previous requestLoadId: -1
04-26 16:41:48.536 W/libbinder.IPCThreadState(  736): Sending oneway calls to frozen process.
04-26 16:41:48.537 V/BaseDepthController( 1219): Applying blur: 0 to Surface(name=VRI-com.google.android.apps.nexuslauncher/com.google.android.apps.nexuslauncher.NexusLauncherActivity#560)/@0xd45637f applyImmediately: false
04-26 16:41:48.538 D/BaseDepthController( 1219): shouldBlurWorkspace: false targetState: Normal currentStableState: Normal mCurrentBlur: 0 mLauncher.getDepthBlurTargets(): [com.android.launcher3.Workspace{573bc60 V.ED..... ........ 0,0-1080,2400 #7f0a047d app:id/workspace}, com.android.launcher3.Hotseat{7eca519 V.ED..... ........ 0,1905-1080,2400 #7f0a01f1 app:id/hotseat}]
04-26 16:41:48.538 D/WindowOnBackDispatcher( 1036): setTopOnBackInvokedCallback (unwrapped): android.view.ViewRootImpl$$ExternalSyntheticLambda13@1b83cea
04-26 16:41:48.539 D/CoreBackPreview(  736): Window{8d00bac u0 Splash Screen com.muonline.client}: Setting back callback OnBackInvokedCallbackInfo{mCallback=android.window.IOnBackInvokedCallback$Stub$Proxy@d226157, mPriority=0, mIsAnimationCallback=false, mOverrideBehavior=0}
04-26 16:41:48.540 D/WindowManager(  736): setClientSurface Surface(name=VRI-Splash Screen com.muonline.client#572)/@0x1962444 for 8d00bac Splash Screen com.muonline.client
04-26 16:41:48.550 I/ImeTracker(  736): system_server:1981d030: onCancelled at PHASE_SERVER_SHOULD_HIDE
04-26 16:41:48.554 V/BaseDepthController( 1219): Applying blur: 0 to Surface(name=VRI-com.google.android.apps.nexuslauncher/com.google.android.apps.nexuslauncher.NexusLauncherActivity#560)/@0xd45637f applyImmediately: false
04-26 16:41:48.554 D/BaseDepthController( 1219): shouldBlurWorkspace: false targetState: Normal currentStableState: Normal mCurrentBlur: 0 mLauncher.getDepthBlurTargets(): [com.android.launcher3.Workspace{573bc60 V.ED..... ........ 0,0-1080,2400 #7f0a047d app:id/workspace}, com.android.launcher3.Hotseat{7eca519 V.ED..... ........ 0,1905-1080,2400 #7f0a01f1 app:id/hotseat}]
04-26 16:41:48.560 D/BaseActivity( 1219): Launcher flags updated: [state_started|state_resumed|state_deferred_resumed|state_window_focused|state_user_active] -[]
04-26 16:41:48.561 D/BaseActivity( 1219): Launcher flags updated: [state_started|state_resumed|state_deferred_resumed|state_window_focused] -[state_user_active]
04-26 16:41:48.561 D/BaseActivity( 1219): Launcher flags updated: [state_started|state_window_focused] -[state_resumed|state_deferred_resumed]
04-26 16:41:48.561 W/SplitSelectStateCtor( 1219): Missing session instanceIds
04-26 16:41:48.561 D/StatsLog( 1219): LAUNCHER_SPLIT_SELECTION_EXIT_INTERRUPTED
04-26 16:41:48.567 V/WindowManager(  736): Defer transition id=55 for TaskFragmentTransaction=android.os.Binder@42f8c36
04-26 16:41:48.571 V/BaseDepthController( 1219): Applying blur: 0 to Surface(name=VRI-com.google.android.apps.nexuslauncher/com.google.android.apps.nexuslauncher.NexusLauncherActivity#560)/@0xd45637f applyImmediately: false
04-26 16:41:48.574 D/BaseDepthController( 1219): shouldBlurWorkspace: false targetState: Normal currentStableState: Normal mCurrentBlur: 0 mLauncher.getDepthBlurTargets(): [com.android.launcher3.Workspace{573bc60 V.ED..... ........ 0,0-1080,2400 #7f0a047d app:id/workspace}, com.android.launcher3.Hotseat{7eca519 V.ED..... ........ 0,1905-1080,2400 #7f0a01f1 app:id/hotseat}]
04-26 16:41:48.576 W/libbinder.IPCThreadState(  736): Sending oneway calls to frozen process.
04-26 16:41:48.576 W/libbinder.IPCThreadState(  736): Sending oneway calls to frozen process.
04-26 16:41:48.576 I/ProximityAuth( 1366): [RecentAppsMediator] Package added: (user=UserHandle{0}) com.muonline.client
04-26 16:41:48.579 W/Looper  (  736): Drained
04-26 16:41:48.587 V/BaseDepthController( 1219): Applying blur: 0 to Surface(name=VRI-com.google.android.apps.nexuslauncher/com.google.android.apps.nexuslauncher.NexusLauncherActivity#560)/@0xd45637f applyImmediately: false
04-26 16:41:48.587 D/BaseDepthController( 1219): shouldBlurWorkspace: false targetState: Normal currentStableState: Normal mCurrentBlur: 0 mLauncher.getDepthBlurTargets(): [com.android.launcher3.Workspace{573bc60 V.ED..... ........ 0,0-1080,2400 #7f0a047d app:id/workspace}, com.android.launcher3.Hotseat{7eca519 V.ED..... ........ 0,1905-1080,2400 #7f0a01f1 app:id/hotseat}]
04-26 16:41:48.599 D/WindowManagerShell( 1036): setLauncherKeepClearAreaHeight: visible=false, height=495
04-26 16:41:48.607 D/Zygote  (  499): Forked child process 8613
04-26 16:41:48.608 W/ActivityManager(  736): Slow operation: 81ms so far, now at startProcess: returned from zygote!
04-26 16:41:48.608 W/ActivityManager(  736): Slow operation: 82ms so far, now at startProcess: done updating battery stats
04-26 16:41:48.608 W/ActivityManager(  736): Slow operation: 82ms so far, now at startProcess: building log message
04-26 16:41:48.608 I/ActivityManager(  736): Start proc 8613:com.muonline.client/u0a230 for next-top-activity {com.muonline.client/com.muonline.client.PreloadActivity}
04-26 16:41:48.609 W/ActivityManager(  736): Slow operation: 82ms so far, now at startProcess: starting to update pids map
04-26 16:41:48.609 I/Surface ( 1036): Creating surface for consumer unnamed-1036-14 with slotExpansion=1 for 64 slots
04-26 16:41:48.610 I/Surface ( 1036): Creating surface for consumer VRI[client]#14(BLAST Consumer)14 with slotExpansion=1 for 64 slots
04-26 16:41:48.613 V/BaseDepthController( 1219): Applying blur: 0 to Surface(name=VRI-com.google.android.apps.nexuslauncher/com.google.android.apps.nexuslauncher.NexusLauncherActivity#560)/@0xd45637f applyImmediately: false
04-26 16:41:48.613 D/BaseDepthController( 1219): shouldBlurWorkspace: false targetState: Normal currentStableState: Normal mCurrentBlur: 0 mLauncher.getDepthBlurTargets(): [com.android.launcher3.Workspace{573bc60 V.ED..... ........ 0,0-1080,2400 #7f0a047d app:id/workspace}, com.android.launcher3.Hotseat{7eca519 V.ED..... ........ 0,1905-1080,2400 #7f0a01f1 app:id/hotseat}]
04-26 16:41:48.616 W/ActivityManager(  736): Slow operation: 90ms so far, now at startProcess: done updating pids map
04-26 16:41:48.622 I/AppBackupPkgRemovedIO( 1867): Backup state cleanup on uninstall is disabled. [CONTEXT service_id=229 ]
04-26 16:41:48.630 I/Fitness ( 1366): (REDACTED) FitCleanupIntentOperation received Intent %s
04-26 16:41:48.635 I/PackageInstalledIntentO( 1867): Test flag v2 is disabled [CONTEXT service_id=469 ]
04-26 16:41:48.638 I/FontLog ( 1366): (REDACTED) Package %s has no metadata
04-26 16:41:48.662 V/SafetySourceDataValidat(  736): Package: com.android.vending has expected signature
04-26 16:41:48.678 D/BaseActivity( 1219): Launcher flags updated: [state_started] -[state_window_focused]
04-26 16:41:48.681 V/BaseDepthController( 1219): Applying blur: 0 to Surface(name=VRI-com.google.android.apps.nexuslauncher/com.google.android.apps.nexuslauncher.NexusLauncherActivity#560)/@0xd45637f applyImmediately: false
04-26 16:41:48.683 D/BaseDepthController( 1219): shouldBlurWorkspace: false targetState: Normal currentStableState: Normal mCurrentBlur: 0 mLauncher.getDepthBlurTargets(): [com.android.launcher3.Workspace{573bc60 V.ED..... ........ 0,0-1080,2400 #7f0a047d app:id/workspace}, com.android.launcher3.Hotseat{7eca519 V.ED..... .......D 0,1905-1080,2400 #7f0a01f1 app:id/hotseat}]
04-26 16:41:48.687 V/WindowManager(  736): Continue transition id=55 for TaskFragmentTransaction=android.os.Binder@42f8c36
04-26 16:41:48.703 V/RecentTasksController( 1036): Notify recent tasks changed
04-26 16:41:48.706 I/Zygote  ( 8613): Process 8613 created for com.muonline.client
04-26 16:41:48.707 I/muonline.client( 8613): Using generational CollectorTypeCMC GC.
04-26 16:41:48.712 W/muonline.client( 8613): Unexpected CPU variant for x86: x86_64.
04-26 16:41:48.712 W/muonline.client( 8613): Known variants: atom, sandybridge, silvermont, goldmont, goldmont-plus, goldmont-without-sha-xsaves, tremont, kabylake, alderlake, lunarlake, default
04-26 16:41:48.721 D/SatelliteController( 1203): isInCarrierRoamingNbIotNtn: satellite is disabled
04-26 16:41:48.721 D/SatelliteController( 1203): getCarrierRoamingNtnConnectType: Checking connect type from PLMN config for subId: 1
04-26 16:41:48.735 D/SatelliteController( 1203): getSatellitePerPlmnConfiguration: invalid subId or not supported via carrier.
04-26 16:41:48.735 D/SatelliteController( 1203): getCarrierRoamingNtnConnectType: config: null
04-26 16:41:48.742 D/SatelliteController( 1203): getCarrierRoamingNtnConnectType: Falling back to global carrier config connect type: 0
04-26 16:41:48.744 D/SatelliteController( 1203): updateLastNotifiedCarrierRoamingNtnSignalStrengthAndNotify(1)
04-26 16:41:48.744 D/SatelliteController( 1203): updateLastNotifiedCarrierRoamingNtnSignalStrengthAndNotify(1) lastNotifiedSignalStrength level: 0
04-26 16:41:48.744 D/SatelliteController( 1203): updateLastNotifiedCarrierRoamingNtnSignalStrengthAndNotify(1) currSignalStrength level: 0
04-26 16:41:48.752 I/Auth    ( 1867): (REDACTED) [SupervisedAccountIntentOperation] onHandleIntent: %s
04-26 16:41:48.753 I/PackageInstalledIntentO( 1867): Test flag v2 is disabled [CONTEXT service_id=469 ]
04-26 16:41:48.756 I/Finsky  ( 4164): [2] Memory trim requested to level 40
04-26 16:41:48.756 I/Finsky  ( 4164): [2] Flushing in-memory image cache
04-26 16:41:48.762 I/NearbyDiscovery( 1867): (REDACTED) processGrantSlicePermission: %s
04-26 16:41:48.770 D/BoundBrokerSvc( 1867): onBind: Intent { act=com.google.android.gms.common.BIND_SHARED_PREFS xflg=0x4 pkg=com.google.android.gms }
04-26 16:41:48.770 D/BoundBrokerSvc( 1867): Loading bound service for intent: Intent { act=com.google.android.gms.common.BIND_SHARED_PREFS xflg=0x4 pkg=com.google.android.gms }
04-26 16:41:48.771 V/BaseDepthController( 1219): Applying blur: 0 to Surface(name=VRI-com.google.android.apps.nexuslauncher/com.google.android.apps.nexuslauncher.NexusLauncherActivity#560)/@0xd45637f applyImmediately: false
04-26 16:41:48.771 D/BaseDepthController( 1219): shouldBlurWorkspace: false targetState: Normal currentStableState: Normal mCurrentBlur: 0 mLauncher.getDepthBlurTargets(): [com.android.launcher3.Workspace{573bc60 V.ED..... ........ 0,0-1080,2400 #7f0a047d app:id/workspace}, com.android.launcher3.Hotseat{7eca519 V.ED..... .......D 0,1905-1080,2400 #7f0a01f1 app:id/hotseat}]
04-26 16:41:48.800 D/RecentTasksList( 1219): invalidateLoadedTasks - previous requestLoadId: -1
04-26 16:41:48.807 W/SQLiteLog( 1867): (28) double-quoted string literal: "com.muonline.client"
04-26 16:41:48.815 V/WindowManager(  736): Sent Transition (#55) createdAt=04-26 16:41:48.481 via request=TransitionRequestInfo { type = OPEN, triggerTask = TaskInfo{userId=0 taskId=98 effectiveUid=10230 displayId=0 isRunning=true baseIntent=Intent { flg=0x10000000 cmp=com.muonline.client/.PreloadActivity } baseActivity=ComponentInfo{com.muonline.client/com.muonline.client.PreloadActivity} topActivity=ComponentInfo{com.muonline.client/com.muonline.client.PreloadActivity} origActivity=null realActivity=ComponentInfo{com.muonline.client/com.muonline.client.PreloadActivity} realActivityIsAppLockEnabled=false numActivities=1 lastActiveTime=4283115 supportsMultiWindow=true supportsMultiWindowWithoutConstraints=true resizeMode=1 isResizeable=true minWidth=-1 minHeight=-1 defaultMinSize=220 token=WCT{RemoteToken{96ac7d7 Task{c2c26f #98 type=standard A=10230:com.muonline.client}}} topActivityType=1 pictureInPictureParams=null shouldDockBigOverlays=false launchIntoPipHostTaskId=-1 lastParentTaskIdBeforePip=-1 displayCutoutSafeInsets=Rect(132, 0 - 0, 0) topActivityInfo=ActivityInfo{2a4c8c4 com.muonline.client.PreloadActivity} launchCookies=[] positionInParent=Point(0, 0) parentTaskId=-1 isFocused=false isInteractive=false isVisible=false isVisibleRequested=false isTopActivityNoDisplay=false isSleeping=false locusId=null displayAreaFeatureId=1 isTopActivityTransparent=false isActivityStackTransparent=false lastNonFullscreenBounds=null leafTaskBoundsFromOptions= false capturedLink=null capturedLinkTimestamp=0 requestedVisibleTypes=503 topActivityRequestOpenInBrowserEducationTimestamp=0 appCompatTaskInfo=AppCompatTaskInfo { topActivityInSizeCompat=false isLeafTask= true eligibleForLetterboxEducation= false isLetterboxEducationEnabled= true isLetterboxDoubleTapEnabled= false eligibleForUserAspectRatioButton= false topActivityBoundsLetterboxed= false isFromLetterboxDoubleTap= false topActivityLetterboxVerticalPosition= -1 topActivityLetterboxHorizontalPosition= -1 topActivityLetterboxWidth=-1 topActivityLetterboxHeight=-1 topActivityAppBounds=Rect(132, 0 - 2400, 1017) isUserFullscreenOverrideEnabled=false isSystemFullscreenOverrideEnabled=false hasMinAspectRatioOverride=false topActivityLetterboxBounds=null topNonResizableActivityAspectRatio=-1.0} topActivityMainWindowFrame=null isAppBubble=false}, pipChange = null, remoteTransitionInfo = null, displayChange = null, requestedLocation = null, userChange = null, windowingLayerChange = null, fullscreenRequestChange = null, flags = 0, debugId = 55 }
04-26 16:41:48.816 V/WindowManager(  736):     startWCT=WindowContainerTransaction { changes= {} hops= [] flags= 0 errorCallbackToken=null taskFragmentOrganizer=null }
04-26 16:41:48.817 V/WindowManager(  736):     info={id=55 t=OPEN f=0x0 trk=0 r=[0@Point(0, 0)] c=[
04-26 16:41:48.817 V/WindowManager(  736):         {WCT{RemoteToken{96ac7d7 Task{c2c26f #98 type=standard A=10230:com.muonline.client}}} m=OPEN f=MOVE_TO_TOP leash=Surface(name=Task=98#569)/@0xb92171 sb=Rect(0, 0 - 2400, 1080) eb=Rect(0, 0 - 2400, 1080) epz=Point(2400, 1080) d=0 taskParent=-1 winMode=1 userId=0},
04-26 16:41:48.817 V/WindowManager(  736):         {WCT{RemoteToken{4853fd5 Task{13e540b #1 type=home}}} m=TO_BACK f=SHOW_WALLPAPER leash=Surface(name=Task=1#34)/@0x499be06 sb=Rect(0, 0 - 2400, 1080) eb=Rect(0, 0 - 2400, 1080) epz=Point(2400, 1080) d=0 taskParent=-1 winMode=1 userId=0},
04-26 16:41:48.817 V/WindowManager(  736):         {m=TO_BACK f=IS_WALLPAPER leash=Surface(name=Surface(name=WallpaperWindowToken{3bea6dd}#54)/@0x4e520e1 - rotation-leash#564)/@0x230cdf8 sb=Rect(0, 0 - 1080, 2400) eb=Rect(0, 0 - 2400, 1080) epz=Point(2400, 1080) d=0 r=0->1:-1}
04-26 16:41:48.817 V/WindowManager(  736):     ]}
04-26 16:41:48.817 V/WindowManagerShell( 1036): onTransitionReady(transaction=3161095935317)
04-26 16:41:48.818 V/WindowManagerShell( 1036): onTransitionReady (#55) android.os.BinderProxy@f6b62bf: {id=55 t=OPEN f=0x0 trk=0 r=[0@Point(0, 0)] c=[
04-26 16:41:48.818 V/WindowManagerShell( 1036):         {m=OPEN f=MOVE_TO_TOP leash=Surface(name=Task=98#569)/@0x3cb7b53 sb=Rect(0, 0 - 2400, 1080) eb=Rect(0, 0 - 2400, 1080) epz=Point(2400, 1080) d=0 taskParent=-1 winMode=1 userId=0},
04-26 16:41:48.818 V/WindowManagerShell( 1036):         {m=TO_BACK f=SHOW_WALLPAPER leash=Surface(name=Task=1#34)/@0x268fc90 sb=Rect(0, 0 - 2400, 1080) eb=Rect(0, 0 - 2400, 1080) epz=Point(2400, 1080) d=0 taskParent=-1 winMode=1 userId=0},
04-26 16:41:48.818 V/WindowManagerShell( 1036):         {m=TO_BACK f=IS_WALLPAPER leash=Surface(name=Surface(name=WallpaperWindowToken{3bea6dd}#54)/@0x4e520e1 - rotation-leash#564)/@0xb079989 sb=Rect(0, 0 - 1080, 2400) eb=Rect(0, 0 - 2400, 1080) epz=Point(2400, 1080) d=0 r=0->1:-1}
04-26 16:41:48.818 V/WindowManagerShell( 1036):     ]}
04-26 16:41:48.832 V/BaseDepthController( 1219): Applying blur: 0 to Surface(name=VRI-com.google.android.apps.nexuslauncher/com.google.android.apps.nexuslauncher.NexusLauncherActivity#560)/@0xd45637f applyImmediately: false
04-26 16:41:48.833 D/BaseDepthController( 1219): setEarlyWakeup: false
04-26 16:41:48.834 D/BaseDepthController( 1219): shouldBlurWorkspace: false targetState: Normal currentStableState: Normal mCurrentBlur: 0 mLauncher.getDepthBlurTargets(): [com.android.launcher3.Workspace{573bc60 V.ED..... ........ 0,0-1080,2400 #7f0a047d app:id/workspace}, com.android.launcher3.Hotseat{7eca519 V.ED..... ........ 0,1905-1080,2400 #7f0a01f1 app:id/hotseat}]
04-26 16:41:48.835 D/nativeloader( 8613): Load libframework-connectivity-tiramisu-jni.so using APEX ns com_android_tethering for caller /apex/com.android.tethering/javalib/framework-connectivity-t.jar: ok
04-26 16:41:48.835 E/AppOps  (  736): attributionTag VCN not declared in manifest of android
04-26 16:41:48.855 W/InputChannel-JNI(  736): Channel already disposed.
04-26 16:41:48.857 V/WindowManagerShell( 1036): Transition (#55) android.os.BinderProxy@f6b62bf@0 ready while (#54) android.os.BinderProxy@a580b85@0 is still animating. Notify the animating transition in case they can be merged
04-26 16:41:48.857 V/WindowManagerShell( 1036):    Requesting merge (#55) into remote: RemoteTransition { remoteTransition = android.window.IRemoteTransition$Stub$Proxy@fea59eb, appThread = android.app.IApplicationThread$Stub$Proxy@4f01348, debugName = QuickstepLaunchHome, filter = {types=[] flags=0x0 notFlags=0x100 checks=[{atype=home independent=true modes=[OPEN,TO_FRONT] flags=NONE mustBeTask=false order=ANY topActivity=ComponentInfo{com.google.android.apps.nexuslauncher/com.google.android.apps.nexuslauncher.NexusLauncherActivity} launchCookie=null windowingMode=undefined isCrossDisplayMove=false},{atype=standard independent=true modes=[CLOSE,TO_BACK] flags=NONE mustBeTask=false order=ANY topActivity=null launchCookie=null windowingMode=undefined isCrossDisplayMove=false},{NOT atype=undefined independent=true modes=[] flags=NONE mustBeTask=true order=ANY topActivity=null launchCookie=null customAnim=true windowingMode=undefined isCrossDisplayMove=false}]} }
04-26 16:41:48.858 V/ShellTaskOrganizer( 1036): Task appeared taskId=98 listener=FullscreenTaskListener
04-26 16:41:48.859 V/ShellTaskOrganizer( 1036): Fullscreen Task Appeared: #98
04-26 16:41:48.859 V/RecentTasksController( 1036): Notify recent tasks changed
04-26 16:41:48.864 I/Icing   ( 1867): IndexChimeraService.getServiceInterface callingPackage=com.google.android.gms componentName=AppsCorpus serviceId=36
04-26 16:41:48.865 V/WindowManagerShell( 1036): Received remote transition finished callback for (#54)
04-26 16:41:48.865 V/WindowManagerShell( 1036): Transition animation finished (aborted=false), notifying core (#54) android.os.BinderProxy@a580b85@0
04-26 16:41:48.870 E/libbinder.IPCThreadState(  736): Binder transaction failure. id: 732570, cmd: BR_DEAD_REPLY (29189), error: -22 (Invalid argument)
04-26 16:41:48.870 W/ActivityManager(  736): pid 736 system sent binder code 7 with flags 1 and got error -32
04-26 16:41:48.871 W/WindowManager(  736): Exception thrown during dispatchAppVisibility Window{911a228 u0 com.muonline.client/com.muonline.client.MuMainActivity EXITING}
04-26 16:41:48.871 W/WindowManager(  736): android.os.DeadObjectException
04-26 16:41:48.871 W/WindowManager(  736): 	at android.os.BinderProxy.transactNative(Native Method)
04-26 16:41:48.871 W/WindowManager(  736): 	at android.os.BinderProxy.transact(BinderProxy.java:617)
04-26 16:41:48.871 W/WindowManager(  736): 	at android.view.IWindow$Stub$Proxy.dispatchAppVisibility(IWindow.java:596)
04-26 16:41:48.871 W/WindowManager(  736): 	at com.android.server.wm.WindowState.sendAppVisibilityToClients(WindowState.java:3335)
04-26 16:41:48.871 W/WindowManager(  736): 	at com.android.server.wm.WindowContainer.sendAppVisibilityToClients(WindowContainer.java:1245)
04-26 16:41:48.871 W/WindowManager(  736): 	at com.android.server.wm.WindowToken.setClientVisible(WindowToken.java:392)
04-26 16:41:48.871 W/WindowManager(  736): 	at com.android.server.wm.ActivityRecord.commitVisibility(ActivityRecord.java:5599)
04-26 16:41:48.871 W/WindowManager(  736): 	at com.android.server.wm.Transition.finishTransition(Transition.java:1570)
04-26 16:41:48.871 W/WindowManager(  736): 	at com.android.server.wm.TransitionController.finishTransition(TransitionController.java:1205)
04-26 16:41:48.871 W/WindowManager(  736): 	at com.android.server.wm.WindowOrganizerController.finishTransition(WindowOrganizerController.java:533)
04-26 16:41:48.871 W/WindowManager(  736): 	at android.window.IWindowOrganizerController$Stub.onTransact(IWindowOrganizerController.java:265)
04-26 16:41:48.871 W/WindowManager(  736): 	at com.android.server.wm.WindowOrganizerController.onTransact(WindowOrganizerController.java:239)
04-26 16:41:48.871 W/WindowManager(  736): 	at android.os.Binder.execTransactInternal(Binder.java:1466)
