04-26 20:13:14.643   736   759 V WindowManager: Sent Transition (#130) createdAt=04-26 20:13:14.446 via request=TransitionRequestInfo { type = OPEN, triggerTask = TaskInfo{userId=0 taskId=112 effectiveUid=10230 displayId=0 isRunning=true baseIntent=Intent { flg=0x10000000 cmp=com.muonline.client/.PreloadActivity } baseActivity=ComponentInfo{com.muonline.client/com.muonline.client.PreloadActivity} topActivity=ComponentInfo{com.muonline.client/com.muonline.client.PreloadActivity} origActivity=null realActivity=ComponentInfo{com.muonline.client/com.muonline.client.PreloadActivity} realActivityIsAppLockEnabled=false numActivities=1 lastActiveTime=16969063 supportsMultiWindow=true supportsMultiWindowWithoutConstraints=true resizeMode=1 isResizeable=true minWidth=-1 minHeight=-1 defaultMinSize=220 token=WCT{RemoteToken{60be980 Task{a9de8af #112 type=standard A=10230:com.muonline.client}}} topActivityType=1 pictureInPictureParams=null shouldDockBigOverlays=false launchIntoPipHostTaskId=-1 lastParentTaskIdBeforePip=-1 displayCutoutSafeInsets=Rect(132, 0 - 0, 0) topActivityInfo=ActivityInfo{d379bb9 com.muonline.client.PreloadActivity} launchCookies=[] positionInParent=Point(0, 0) parentTaskId=-1 isFocused=false isInteractive=false isVisible=false isVisibleRequested=false isTopActivityNoDisplay=false isSleeping=false locusId=null displayAreaFeatureId=1 isTopActivityTransparent=false isActivityStackTransparent=false lastNonFullscreenBounds=null leafTaskBoundsFromOptions= false capturedLink=null capturedLinkTimestamp=0 requestedVisibleTypes=503 topActivityRequestOpenInBrowserEducationTimestamp=0 appCompatTaskInfo=AppCompatTaskInfo { topActivityInSizeCompat=false isLeafTask= true eligibleForLetterboxEducation= false isLetterboxEducationEnabled= true isLetterboxDoubleTapEnabled= false eligibleForUserAspectRatioButton= false topActivityBoundsLetterboxed= false isFromLetterboxDoubleTap= false topActivityLetterboxVerticalPosition= -1 topActivityLetterboxHorizontalPosition= -1 topActivityLetterboxWidth=-1 topActivityLetterboxHeight=-1 topActivityAppBounds=Rect(132, 0 - 2400, 1017) isUserFullscreenOverrideEnabled=false isSystemFullscreenOverrideEnabled=false hasMinAspectRatioOverride=false topActivityLetterboxBounds=null topNonResizableActivityAspectRatio=-1.0} topActivityMainWindowFrame=null isAppBubble=false}, pipChange = null, remoteTransitionInfo = null, displayChange = null, requestedLocation = null, userChange = null, windowingLayerChange = null, fullscreenRequestChange = null, flags = 0, debugId = 130 }
04-26 20:13:14.644   736   759 V WindowManager:     startWCT=WindowContainerTransaction { changes= {} hops= [] flags= 0 errorCallbackToken=null taskFragmentOrganizer=null }
04-26 20:13:14.644   736   759 V WindowManager:     info={id=130 t=OPEN f=0x0 trk=0 r=[0@Point(0, 0)] c=[
04-26 20:13:14.644   736   759 V WindowManager:         {WCT{RemoteToken{60be980 Task{a9de8af #112 type=standard A=10230:com.muonline.client}}} m=OPEN f=MOVE_TO_TOP leash=Surface(name=Task=112#1358)/@0x453508b sb=Rect(0, 0 - 2400, 1080) eb=Rect(0, 0 - 2400, 1080) epz=Point(2400, 1080) d=0 taskParent=-1 winMode=1 userId=0},
04-26 20:13:14.644   736   759 V WindowManager:         {WCT{RemoteToken{4853fd5 Task{13e540b #1 type=home}}} m=TO_BACK f=SHOW_WALLPAPER leash=Surface(name=Task=1#34)/@0x499be06 sb=Rect(0, 0 - 2400, 1080) eb=Rect(0, 0 - 2400, 1080) epz=Point(2400, 1080) d=0 taskParent=-1 winMode=1 userId=0},
04-26 20:13:14.644   736   759 V WindowManager:         {m=TO_BACK f=IS_WALLPAPER leash=Surface(name=Surface(name=WallpaperWindowToken{3bea6dd}#54)/@0x4e520e1 - rotation-leash#1353)/@0x73e0a4 sb=Rect(0, 0 - 1080, 2400) eb=Rect(0, 0 - 2400, 1080) epz=Point(2400, 1080) d=0 r=0->1:-1}
04-26 20:13:14.644   736   759 V WindowManager:     ]}
04-26 20:13:14.646  1219  1219 D RecentTasksList: invalidateLoadedTasks - previous requestLoadId: -1
04-26 20:13:14.649  1036  1503 V WindowManagerShell: onTransitionReady(transaction=3161095943685)
04-26 20:13:14.661  1036  1091 V WindowManagerShell: onTransitionReady (#130) android.os.BinderProxy@fe5d92: {id=130 t=OPEN f=0x0 trk=0 r=[0@Point(0, 0)] c=[
04-26 20:13:14.661  1036  1091 V WindowManagerShell:         {m=OPEN f=MOVE_TO_TOP leash=Surface(name=Task=112#1358)/@0x7376f43 sb=Rect(0, 0 - 2400, 1080) eb=Rect(0, 0 - 2400, 1080) epz=Point(2400, 1080) d=0 taskParent=-1 winMode=1 userId=0},
04-26 20:13:14.661  1036  1091 V WindowManagerShell:         {m=TO_BACK f=SHOW_WALLPAPER leash=Surface(name=Task=1#34)/@0x752f9c0 sb=Rect(0, 0 - 2400, 1080) eb=Rect(0, 0 - 2400, 1080) epz=Point(2400, 1080) d=0 taskParent=-1 winMode=1 userId=0},
04-26 20:13:14.661  1036  1091 V WindowManagerShell:         {m=TO_BACK f=IS_WALLPAPER leash=Surface(name=Surface(name=WallpaperWindowToken{3bea6dd}#54)/@0x4e520e1 - rotation-leash#1353)/@0xed06f9 sb=Rect(0, 0 - 1080, 2400) eb=Rect(0, 0 - 2400, 1080) epz=Point(2400, 1080) d=0 r=0->1:-1}
04-26 20:13:14.661  1036  1091 V WindowManagerShell:     ]}
04-26 20:13:14.668  1219  1219 D RecentTasksList: invalidateLoadedTasks - previous requestLoadId: -1
04-26 20:13:14.672   736   835 W InputChannel-JNI: Channel already disposed.
04-26 20:13:14.673  1036  1091 V WindowManagerShell: Transition (#130) android.os.BinderProxy@fe5d92@0 ready while (#129) android.os.BinderProxy@6ee98df@0 is still animating. Notify the animating transition in case they can be merged
04-26 20:13:14.673  1036  1091 V WindowManagerShell:    Requesting merge (#130) into remote: RemoteTransition { remoteTransition = android.window.IRemoteTransition$Stub$Proxy@fea59eb, appThread = android.app.IApplicationThread$Stub$Proxy@4f01348, debugName = QuickstepLaunchHome, filter = {types=[] flags=0x0 notFlags=0x100 checks=[{atype=home independent=true modes=[OPEN,TO_FRONT] flags=NONE mustBeTask=false order=ANY topActivity=ComponentInfo{com.google.android.apps.nexuslauncher/com.google.android.apps.nexuslauncher.NexusLauncherActivity} launchCookie=null windowingMode=undefined isCrossDisplayMove=false},{atype=standard independent=true modes=[CLOSE,TO_BACK] flags=NONE mustBeTask=false order=ANY topActivity=null launchCookie=null windowingMode=undefined isCrossDisplayMove=false},{NOT atype=undefined independent=true modes=[] flags=NONE mustBeTask=true order=ANY topActivity=null launchCookie=null customAnim=true windowingMode=undefined isCrossDisplayMove=false}]} }
04-26 20:13:14.676  1036  1503 V WindowManagerShell: Received remote transition finished callback for (#129)
04-26 20:13:14.678  1036  1091 V WindowManagerShell: Transition animation finished (aborted=false), notifying core (#129) android.os.BinderProxy@6ee98df@0
04-26 20:13:14.679   736  1076 D IntervalStats: Unable to parse usage stats packages: [266, 267, 268, 269, 270, 271, 272, 273]
04-26 20:13:14.681   736  1145 W libbinder.Binder: Binder transaction to android.content.pm.IPackageManager, function: UNKNOWN_FUNCTION_NAME, code: 1598311760, took 1053ms. Data bytes: 80 Reply bytes: 4 Flags: 16
04-26 20:13:14.686   736   835 V SafetySourceDataValidat: Package: com.android.vending has expected signature
04-26 20:13:14.694   736  1076 D IntervalStats: Unable to parse usage stats packages: [273]
04-26 20:13:14.702  4164  4164 I Finsky  : [2] Memory trim requested to level 40
04-26 20:13:14.703  4164  4164 I Finsky  : [2] Flushing in-memory image cache
04-26 20:13:14.703   736   759 V WindowManager: Finish Transition (#129): created at 04-26 20:13:13.454 collect-started=0.142ms request-sent=0.218ms started=11.059ms ready=31.57ms sent=225.234ms commit=78.165ms finished=1248.856ms
04-26 20:13:14.705   736   736 W libbinder.IPCThreadState: Sending oneway calls to frozen process.
04-26 20:13:14.705   736   736 W libbinder.IPCThreadState: Sending oneway calls to frozen process.
04-26 20:13:14.705   736   736 W libbinder.IPCThreadState: Sending oneway calls to frozen process.
04-26 20:13:14.705   736   736 W libbinder.IPCThreadState: Sending oneway calls to frozen process.
04-26 20:13:14.707   736  1640 E libbinder.IPCThreadState: Binder transaction failure. id: 3185701, cmd: BR_DEAD_REPLY (29189), error: -22 (Invalid argument)
04-26 20:13:14.709   736  1640 W ActivityManager: pid 736 system sent binder code 7 with flags 1 and got error -32
04-26 20:13:14.709   736  1640 W WindowManager: Exception thrown during dispatchAppVisibility Window{e3e89b8 u0 com.muonline.client/com.muonline.client.MuMainActivity EXITING}
04-26 20:13:14.709   736  1640 W WindowManager: android.os.DeadObjectException
04-26 20:13:14.709   736  1640 W WindowManager: 	at android.os.BinderProxy.transactNative(Native Method)
04-26 20:13:14.709   736  1640 W WindowManager: 	at android.os.BinderProxy.transact(BinderProxy.java:617)
04-26 20:13:14.709   736  1640 W WindowManager: 	at android.view.IWindow$Stub$Proxy.dispatchAppVisibility(IWindow.java:596)
04-26 20:13:14.709   736  1640 W WindowManager: 	at com.android.server.wm.WindowState.sendAppVisibilityToClients(WindowState.java:3335)
04-26 20:13:14.709   736  1640 W WindowManager: 	at com.android.server.wm.WindowContainer.sendAppVisibilityToClients(WindowContainer.java:1245)
04-26 20:13:14.709   736  1640 W WindowManager: 	at com.android.server.wm.WindowToken.setClientVisible(WindowToken.java:392)
04-26 20:13:14.709   736  1640 W WindowManager: 	at com.android.server.wm.ActivityRecord.commitVisibility(ActivityRecord.java:5599)
04-26 20:13:14.709   736  1640 W WindowManager: 	at com.android.server.wm.Transition.finishTransition(Transition.java:1570)
04-26 20:13:14.709   736  1640 W WindowManager: 	at com.android.server.wm.TransitionController.finishTransition(TransitionController.java:1205)
04-26 20:13:14.709   736  1640 W WindowManager: 	at com.android.server.wm.WindowOrganizerController.finishTransition(WindowOrganizerController.java:533)
04-26 20:13:14.709   736  1640 W WindowManager: 	at android.window.IWindowOrganizerController$Stub.onTransact(IWindowOrganizerController.java:265)
04-26 20:13:14.709   736  1640 W WindowManager: 	at com.android.server.wm.WindowOrganizerController.onTransact(WindowOrganizerController.java:239)
04-26 20:13:14.709   736  1640 W WindowManager: 	at android.os.Binder.execTransactInternal(Binder.java:1466)
04-26 20:13:14.709   736  1640 W WindowManager: 	at android.os.Binder.execTransact(Binder.java:1411)
04-26 20:13:14.710   736  1640 W Process : Unable to open /proc/17653/status
04-26 20:13:14.712   499   499 D Zygote  : Forked child process 17980
04-26 20:13:14.713   736   769 W ActivityManager: Slow operation: 235ms so far, now at startProcess: returned from zygote!
04-26 20:13:14.732   736   736 W libbinder.IPCThreadState: Sending oneway calls to frozen process.
04-26 20:13:14.734  1036  1091 V WindowManagerShell: Playing animation for (#130) android.os.BinderProxy@fe5d92@0
04-26 20:13:14.735  1036  1091 D ShellSplitScreen: startAnimation: transition=130 isSplitActive=false
04-26 20:13:14.735  1036  1091 V ShellRecents: RecentsTransitionHandler.startAnimation: no controller found
04-26 20:13:14.735  1036  1091 V ShellDesktopMode: DesktopMixedTransitionHandler: No pending desktop transition
04-26 20:13:14.735  1036  1091 V WindowManagerShell: Transition doesn't have explicit remote, search filters for match for {id=130 t=OPEN f=0x0 trk=0 r=[0@Point(0, 0)] c=[{m=OPEN f=MOVE_TO_TOP leash=Surface(name=Task=112#1358)/@0x7376f43 sb=Rect(0, 0 - 2400, 1080) eb=Rect(0, 0 - 2400, 1080) epz=Point(2400, 1080) d=0 taskParent=-1 winMode=1 userId=0},{m=TO_BACK f=SHOW_WALLPAPER leash=Surface(name=Task=1#34)/@0x752f9c0 sb=Rect(0, 0 - 2400, 1080) eb=Rect(0, 0 - 2400, 1080) epz=Point(2400, 1080) d=0 taskParent=-1 winMode=1 userId=0},{m=TO_BACK f=IS_WALLPAPER leash=Surface(name=Surface(name=WallpaperWindowToken{3bea6dd}#54)/@0x4e520e1 - rotation-leash#1353)/@0xed06f9 sb=Rect(0, 0 - 1080, 2400) eb=Rect(0, 0 - 2400, 1080) epz=Point(2400, 1080) d=0 r=0->1:-1}]}
04-26 20:13:14.735  1036  1091 V WindowManagerShell:  Checking filter Pair{{types=[] flags=0x0 notFlags=0x0 checks=[{atype=undefined independent=true modes=[CLOSE,TO_BACK] flags=IN_TASK_WITH_EMBEDDED_ACTIVITY mustBeTask=false order=ANY topActivity=null launchCookie=null taskFragmentToken=android.os.BinderProxy@e90ae30 windowingMode=undefined isCrossDisplayMove=false}]} RemoteTransition { remoteTransition = android.window.IRemoteTransition$Stub$Proxy@1ccfaa9, appThread = android.app.IApplicationThread$Stub$Proxy@5c682e, debugName = overlayBackTransition, filter = {types=[] flags=0x0 notFlags=0x0 checks=[{atype=undefined independent=true modes=[CLOSE,TO_BACK] flags=IN_TASK_WITH_EMBEDDED_ACTIVITY mustBeTask=false order=ANY topActivity=null launchCookie=null taskFragmentToken=android.os.BinderProxy@e90ae30 windowingMode=undefined isCrossDisplayMove=false}]} }}
04-26 20:13:14.735  1036  1091 V WindowManagerShell:  Checking filter Pair{{types=[] flags=0x0 notFlags=0x0 checks=[{atype=dream independent=true modes=[OPEN,TO_FRONT] flags=NONE mustBeTask=false order=ANY topActivity=null launchCookie=null windowingMode=undefined isCrossDisplayMove=false},{atype=home independent=true modes=[CLOSE,TO_BACK] flags=NONE mustBeTask=false order=ANY topActivity=null launchCookie=null windowingMode=undefined isCrossDisplayMove=false}]} RemoteTransition { remoteTransition = android.window.IRemoteTransition$Stub$Proxy@aa8fcf, appThread = android.app.IApplicationThread$Stub$Proxy@98a7d5c, debugName = LauncherToDream, filter = {types=[] flags=0x0 notFlags=0x0 checks=[{atype=dream independent=true modes=[OPEN,TO_FRONT] flags=NONE mustBeTask=false order=ANY topActivity=null launchCookie=null windowingMode=undefined isCrossDisplayMove=false},{atype=home independent=true modes=[CLOSE,TO_BACK] flags=NONE mustBeTask=false order=ANY topActivity=null launchCookie=null windowingMode=undefined isCrossDisplayMove=false}]} }}
04-26 20:13:14.736  1036  1091 V WindowManagerShell:  Checking filter Pair{{types=[] flags=0x0 notFlags=0x0 checks=[{atype=standard independent=false modes=[CHANGE] flags=NONE mustBeTask=true order=ANY topActivity=null launchCookie=null windowingMode=undefined isCrossDisplayMove=true}]} RemoteTransition { remoteTransition = android.window.IRemoteTransition$Stub$Proxy@3519865, appThread = android.app.IApplicationThread$Stub$Proxy@94ad93a, debugName = QuickstepDisplayMove, filter = {types=[] flags=0x0 notFlags=0x0 checks=[{atype=standard independent=false modes=[CHANGE] flags=NONE mustBeTask=true order=ANY topActivity=null launchCookie=null windowingMode=undefined isCrossDisplayMove=true}]} }}
04-26 20:13:14.736  1036  1091 V WindowManagerShell:  Checking filter Pair{{types=[] flags=0x0 notFlags=0x100 checks=[{atype=home independent=true modes=[OPEN,TO_FRONT] flags=NONE mustBeTask=false order=ANY topActivity=ComponentInfo{com.google.android.apps.nexuslauncher/com.google.android.apps.nexuslauncher.NexusLauncherActivity} launchCookie=null windowingMode=undefined isCrossDisplayMove=false},{atype=standard independent=true modes=[CLOSE,TO_BACK] flags=NONE mustBeTask=false order=ANY topActivity=null launchCookie=null windowingMode=undefined isCrossDisplayMove=false},{NOT atype=undefined independent=true modes=[] flags=NONE mustBeTask=true order=ANY topActivity=null launchCookie=null customAnim=true windowingMode=undefined isCrossDisplayMove=false}]} RemoteTransition { remoteTransition = android.window.IRemoteTransition$Stub$Proxy@fea59eb, appThread = android.app.IApplicationThread$Stub$Proxy@4f01348, debugName = QuickstepLaunchHome, filter = {types=[] flags=0x0 notFlags=0x100 checks=[{atype=home independent=true modes=[OPEN,TO_FRONT] flags=NONE mustBeTask=false order=ANY topActivity=ComponentInfo{com.google.android.apps.nexuslauncher/com.google.android.apps.nexuslauncher.NexusLauncherActivity} launchCookie=null windowingMode=undefined isCrossDisplayMove=false},{atype=standard independent=true modes=[CLOSE,TO_BACK] flags=NONE mustBeTask=false order=ANY topActivity=null launchCookie=null windowingMode=undefined isCrossDisplayMove=false},{NOT atype=undefined independent=true modes=[] flags=NONE mustBeTask=true order=ANY topActivity=null launchCookie=null customAnim=true windowingMode=undefined isCrossDisplayMove=false}]} }}
04-26 20:13:14.736  1036  1091 V WindowManagerShell:  Checking filter Pair{{types=[OPEN,TO_FRONT] flags=0x0 notFlags=0x0 checks=[{atype=standard independent=true modes=[OPEN,TO_FRONT] flags=NONE mustBeTask=true order=ANY topActivity=null launchCookie=null windowingMode=freeform isCrossDisplayMove=false}]} RemoteTransition { remoteTransition = android.window.IRemoteTransition$Stub$Proxy@5987ffe, appThread = null, debugName = DesktopWindowLimitUnminimize, filter = {types=[OPEN,TO_FRONT] flags=0x0 notFlags=0x0 checks=[{atype=standard independent=true modes=[OPEN,TO_FRONT] flags=NONE mustBeTask=true order=ANY topActivity=null launchCookie=null windowingMode=freeform isCrossDisplayMove=false}]} }}
04-26 20:13:14.736  1036  1091 V WindowManagerShell:  Delegate animation for (#130) to null
04-26 20:13:14.736  1036  1091 V WindowManagerShell: start default transition animation, info = {id=130 t=OPEN f=0x0 trk=0 r=[0@Point(0, 0)] c=[{m=OPEN f=MOVE_TO_TOP leash=Surface(name=Task=112#1358)/@0x7376f43 sb=Rect(0, 0 - 2400, 1080) eb=Rect(0, 0 - 2400, 1080) epz=Point(2400, 1080) d=0 taskParent=-1 winMode=1 userId=0},{m=TO_BACK f=SHOW_WALLPAPER leash=Surface(name=Task=1#34)/@0x752f9c0 sb=Rect(0, 0 - 2400, 1080) eb=Rect(0, 0 - 2400, 1080) epz=Point(2400, 1080) d=0 taskParent=-1 winMode=1 userId=0},{m=TO_BACK f=IS_WALLPAPER leash=Surface(name=Surface(name=WallpaperWindowToken{3bea6dd}#54)/@0x4e520e1 - rotation-leash#1353)/@0xed06f9 sb=Rect(0, 0 - 1080, 2400) eb=Rect(0, 0 - 2400, 1080) epz=Point(2400, 1080) d=0 r=0->1:-1}]}
04-26 20:13:14.736  1036  1091 V WindowManagerShell: loadAnimation: anim=android.view.animation.AnimationSet@b39c31 animAttr=0x13 type=OPEN isEntrance=false
04-26 20:13:14.737  1036  1091 V WindowManagerShell: loadAnimation: anim=android.view.animation.AnimationSet@a29284 animAttr=0x12 type=OPEN isEntrance=true
04-26 20:13:14.738   736   736 W libbinder.IPCThreadState: Sending oneway calls to frozen process.
04-26 20:13:14.739   736   736 W libbinder.IPCThreadState: Sending oneway calls to frozen process.
04-26 20:13:14.739   736   736 W libbinder.IPCThreadState: Sending oneway calls to frozen process.
04-26 20:13:14.740  1036  1091 V WindowManagerShell:  animated by com.android.wm.shell.transition.DefaultTransitionHandler@11f9e32
04-26 20:13:14.744   736   769 W ActivityManager: Slow operation: 266ms so far, now at startProcess: done updating battery stats
04-26 20:13:14.744   736   769 W ActivityManager: Slow operation: 266ms so far, now at startProcess: building log message
04-26 20:13:14.744   736   769 I ActivityManager: Start proc 17980:com.muonline.client/u0a230 for next-top-activity {com.muonline.client/com.muonline.client.PreloadActivity}
04-26 20:13:14.744   736   769 W ActivityManager: Slow operation: 267ms so far, now at startProcess: starting to update pids map
04-26 20:13:14.745   736   769 W ActivityManager: Slow operation: 267ms so far, now at startProcess: done updating pids map
04-26 20:13:14.745  1036  1091 V RecentTasksController: generateList(getRecentTasks)
04-26 20:13:14.745  1036  1091 V RecentTasksController: initializeDesksMap - allDeskIds: []
04-26 20:13:14.745  1036  1091 V RecentTasksController: Task 112 is not an active desktop task
04-26 20:13:14.745  1036  1091 V RecentTasksController: Added fullscreen task: 112
04-26 20:13:14.745  1036  1091 V RecentTasksController: generateList - complete
04-26 20:13:14.745  1036  1091 V ShellTaskOrganizer: Task vanished taskId=111
04-26 20:13:14.745  1036  1091 V ShellTaskOrganizer: Fullscreen Task Vanished: #111
04-26 20:13:14.745  1036  1091 V ShellDesktopMode: Task Vanished: #111 closed=true
04-26 20:13:14.745  1036  1091 V RecentTasksController: Notify recent tasks changed
04-26 20:13:14.746  1036  1091 D ShellDesktopMode: AppToWebRepository: Task 111 is vanishing. Removing task data from repository
04-26 20:13:14.754  1036  1091 V AppCompat: SingleSurfaceLetterboxController: [112]
04-26 20:13:14.754  1036  1091 V AppCompat: MultiSurfaceLetterboxController: []
04-26 20:13:14.754  1036  1091 V AppCompat: LetterboxInputController: [112]
04-26 20:13:14.754  1036  1091 V AppCompat: RoundedCornersLetterboxController: {}
04-26 20:13:14.754 14925 17972 I AppBackupPkgRemovedIO: Backup state cleanup on uninstall is disabled. [CONTEXT service_id=229 ]
04-26 20:13:14.754   736   872 W InputDispatcher: channel 'Embedded{LetterboxInputDetector of Surface(name=Task=111#1309)/@0x174303e}' ~ Consumer closed input channel or an error occurred.  events=0x9
04-26 20:13:14.754   736   872 E InputDispatcher: channel 'Embedded{LetterboxInputDetector of Surface(name=Task=111#1309)/@0x174303e}' ~ Channel is unrecoverably broken and will be disposed!
04-26 20:13:14.755 14925 17972 I PackageInstalledIntentO: Test flag v2 is disabled [CONTEXT service_id=469 ]
04-26 20:13:14.756   736   736 W libbinder.IPCThreadState: Sending oneway calls to frozen process.
04-26 20:13:14.757  1219  1219 D RecentsView: onTaskRemoved: 111, not handling task stack changes
04-26 20:13:14.758   736  1938 W WindowManager: Failed looking up window session=Session{597bd89 1036:u0a10196} callers=com.android.server.wm.WindowManagerService.removeClientToken:2272 com.android.server.wm.Session.remove:282 android.view.IWindowSession$Stub.onTransact:637 
04-26 20:13:14.758  1366 17965 I FontLog : (REDACTED) Package %s has no metadata
04-26 20:13:14.763  1219  1219 D RecentsView: onTaskRemoved: 111, not handling task stack changes
04-26 20:13:14.764  1219  1219 D RecentTasksList: invalidateLoadedTasks - previous requestLoadId: -1
04-26 20:13:14.769   566   566 E BpTransactionCompletedListener: Failed to transact (-32)
04-26 20:13:14.769   736   736 W libbinder.IPCThreadState: Sending oneway calls to frozen process.
04-26 20:13:14.769   566   566 E BpTransactionCompletedListener: Failed to transact (-32)
04-26 20:13:14.778   736  1076 D IntervalStats: Unable to parse usage stats packages: [273]
04-26 20:13:14.779   736   736 W libbinder.IPCThreadState: Sending oneway calls to frozen process.
04-26 20:13:14.779   736   736 W libbinder.IPCThreadState: Sending oneway calls to frozen process.
04-26 20:13:14.779   736  1076 D IntervalStats: Unable to parse usage stats packages: [273]
04-26 20:13:14.781   736  1076 D IntervalStats: Unable to parse usage stats packages: [273, 276, 277, 278]
04-26 20:13:14.781   736  1076 D IntervalStats: Unable to parse usage stats packages: [278, 280, 281, 282, 283]
04-26 20:13:14.781   736  1076 D IntervalStats: Unable to parse usage stats packages: [283]
04-26 20:13:14.782   736  1076 D IntervalStats: Unable to parse usage stats packages: [283]
04-26 20:13:14.783   566   616 W skia    : AGTM parsing failed flags.readFromStream(s) at 159
04-26 20:13:14.786   736  1076 D IntervalStats: Unable to parse usage stats packages: [283, 284]
04-26 20:13:14.791   736   736 W Looper  : Drained
04-26 20:13:14.793 17980 17980 I Zygote  : Process 17980 created for com.muonline.client
04-26 20:13:14.794 17980 17980 I muonline.client: Using generational CollectorTypeCMC GC.
04-26 20:13:14.795 17980 17980 W muonline.client: Unexpected CPU variant for x86: x86_64.
04-26 20:13:14.795 17980 17980 W muonline.client: Known variants: atom, sandybridge, silvermont, goldmont, goldmont-plus, goldmont-without-sha-xsaves, tremont, kabylake, alderlake, lunarlake, default
04-26 20:13:14.803  1219  1219 D ScalingWorkspaceRevealAnim: onAnimationEnd, workspace and hotseat are visible
04-26 20:13:14.805  1219  1219 V BaseDepthController: Applying blur: 0 to Surface(name=VRI-com.google.android.apps.nexuslauncher/com.google.android.apps.nexuslauncher.NexusLauncherActivity#1349)/@0xd45637f applyImmediately: false
04-26 20:13:14.806  1219  1219 D BaseDepthController: shouldBlurWorkspace: false targetState: Normal currentStableState: Normal mCurrentBlur: 0 mLauncher.getDepthBlurTargets(): [com.android.launcher3.Workspace{573bc60 V.ED..... ......ID 0,0-1080,2400 #7f0a047d app:id/workspace}, com.android.launcher3.Hotseat{7eca519 V.ED..... ......ID 0,1905-1080,2400 #7f0a01f1 app:id/hotseat}]
04-26 20:13:14.814   566   616 W skia    : AGTM parsing failed flags.readFromStream(s) at 159
04-26 20:13:14.814   566   616 W skia    : AGTM parsing failed flags.readFromStream(s) at 159
04-26 20:13:14.826 17980 17980 D nativeloader: Load libframework-connectivity-tiramisu-jni.so using APEX ns com_android_tethering for caller /apex/com.android.tethering/javalib/framework-connectivity-t.jar: ok
04-26 20:13:14.846 14925 14925 D BoundBrokerSvc: onBind: Intent { act=com.google.android.gms.common.BIND_SHARED_PREFS xflg=0x4 pkg=com.google.android.gms }
04-26 20:13:14.849 14925 14925 D BoundBrokerSvc: Loading bound service for intent: Intent { act=com.google.android.gms.common.BIND_SHARED_PREFS xflg=0x4 pkg=com.google.android.gms }
04-26 20:13:14.851 17980 17980 D CompatChangeReporter: Compat change id reported: 242716250; UID 10230; state: ENABLED
04-26 20:13:14.857 14925 17981 I Auth    : (REDACTED) [SupervisedAccountIntentOperation] onHandleIntent: %s
04-26 20:13:14.862 14925 17972 I PackageInstalledIntentO: Test flag v2 is disabled [CONTEXT service_id=469 ]
04-26 20:13:14.867 17980 17980 D nativeloader: Configuring clns-9 for other apk /data/app/~~FENHgVTxahXq2A2FtAZUlw==/com.muonline.client-2S8GFvhmRepCUDnVnXF6VQ==/base.apk. target_sdk_version=34, uses_libraries=, library_path=/data/app/~~FENHgVTxahXq2A2FtAZUlw==/com.muonline.client-2S8GFvhmRepCUDnVnXF6VQ==/lib/x86_64:/data/app/~~FENHgVTxahXq2A2FtAZUlw==/com.muonline.client-2S8GFvhmRepCUDnVnXF6VQ==/base.apk!/lib/x86_64, permitted_path=/data:/mnt/expand:/data/user/0/com.muonline.client
04-26 20:13:14.871 14925 17972 I NearbyDiscovery: (REDACTED) processGrantSlicePermission: %s
04-26 20:13:14.884 17980 17980 V GraphicsEnvironment: Currently set values for:
04-26 20:13:14.885 17980 17980 V GraphicsEnvironment:   angle_gl_driver_selection_pkgs=[]
04-26 20:13:14.885 17980 17980 V GraphicsEnvironment:   angle_gl_driver_selection_values=[]
04-26 20:13:14.885 17980 17980 V GraphicsEnvironment: com.muonline.client is not listed in per-application setting
04-26 20:13:14.885 17980 17980 V GraphicsEnvironment: No special selections for ANGLE, returning default driver choice
04-26 20:13:14.890 17980 17980 V GraphicsEnvironment: Neither updatable production driver nor prerelease driver is supported.
04-26 20:13:14.897 14925 17971 W SQLiteLog: (28) double-quoted string literal: "com.muonline.client"
04-26 20:13:14.915   566   616 W skia    : AGTM parsing failed flags.readFromStream(s) at 159
04-26 20:13:14.916   566   616 W skia    : AGTM parsing failed flags.readFromStream(s) at 159
04-26 20:13:14.916   566   616 W skia    : AGTM parsing failed flags.readFromStream(s) at 159
04-26 20:13:14.964 17980 18014 I DisplayManager: Choreographer implicitly registered for the refresh rate.
04-26 20:13:14.964   736   753 W ActivityManager: Skipping manifest association check for null package. SourceUid: 10214, SourcePkg: null, TargetUid: 10214, TargetPkg: com.google.android.gms
04-26 20:13:15.006 17980 18014 I GFXSTREAM: [eglDisplay.cpp(297)] Opening libGLESv1_CM_emulation.so
04-26 20:13:15.006 17980 18014 I GFXSTREAM: [eglDisplay.cpp(297)] Opening libGLESv2_emulation.so
04-26 20:13:15.025   566   616 W skia    : AGTM parsing failed flags.readFromStream(s) at 159
04-26 20:13:15.025 17980 18014 W HWUI    : Failed to choose config with EGL_SWAP_BEHAVIOR_PRESERVED, retrying without...
04-26 20:13:15.025 17980 18014 W HWUI    : Failed to initialize 101010-2 format, error = EGL_SUCCESS
04-26 20:13:15.058 14925 14976 I Icing   : IndexChimeraService.getServiceInterface callingPackage=com.google.android.gms componentName=AppsCorpus serviceId=36
04-26 20:13:15.059 17980 17980 D DesktopExperienceFlags: Toggle override initialized to: false
04-26 20:13:15.059 17980 17980 D DesktopModeFlags: Toggle override initialized to: OVERRIDE_UNSET
04-26 20:13:15.075  1036  1091 V WindowManagerShell: Transition animation finished (aborted=false), notifying core (#130) android.os.BinderProxy@fe5d92@0
04-26 20:13:15.079   736   759 V WindowManager: Finish Transition (#130): created at 04-26 20:13:14.446 collect-started=0.035ms request-sent=19.867ms started=45.165ms ready=188.589ms sent=190.716ms commit=117.355ms finished=631.76ms
04-26 20:13:15.081  1219  1219 D VRI[NexusLauncherActivity]: visibilityChanged oldVisibility=true newVisibility=false
04-26 20:13:15.081  1036  1344 D WallpaperService: onVisibilityChanged(false): com.android.systemui.wallpapers.ImageWallpaper$CanvasEngine@85e2344
04-26 20:13:15.086  1036  1091 V WindowManagerShell: Track 0 became idle
04-26 20:13:15.086  1036  1091 V WindowManagerShell: All active transition animations finished
04-26 20:13:15.091  1219  1219 D SmartspaceInteractor: notifySmartspaceEvent: SmartspaceTargetEvent{mSmartspaceTarget=null, mSmartspaceActionId='null', mEventType=7}
04-26 20:13:15.103  1036  1091 D Bubbles : BubbleData.onLocusVisibilityChanged() locusId=Overview|DISABLED visible=false taskId=1
04-26 20:13:15.127   566   616 W skia    : AGTM parsing failed flags.readFromStream(s) at 159
04-26 20:13:15.130 17980 17980 W HWUI    : Unknown dataspace 0
04-26 20:13:15.131  1219  1228 I s.nexuslauncher: NativeAlloc concurrent mark compact GC freed 1795KB AllocSpace bytes, 3(96KB) LOS objects, 49% free, 6473KB/12MB, paused 6.426ms,23.240ms total 170.743ms
04-26 20:13:15.134  1219  1230 W System  : A resource failed to call HardwareBuffer.close. 
04-26 20:13:15.135  1219  1230 W System  : A resource failed to call release. 
04-26 20:13:15.135  1219  1230 W System  : A resource failed to call release. 
04-26 20:13:15.135  1219  1230 W System  : A resource failed to call release. 
04-26 20:13:15.160 17980 18017 I MuPreload: Check data root: /storage/emulated/0/Android/data/com.muonline.client/files existingDataDir=/storage/emulated/0/Android/data/com.muonline.client/files/Data usable=true marker=true
04-26 20:13:15.174 17980 17980 D InsetsController: Setting requestedVisibleTypes to 496 (was 503)
04-26 20:13:15.175   736   748 I system_server: Background young concurrent mark compact GC freed 21MB AllocSpace bytes, 19(880KB) LOS objects, 36% free, 38MB/60MB, paused 6.432ms,39.406ms total 157.060ms
04-26 20:13:15.176   736  1602 W InputChannel-JNI: Channel already disposed.
04-26 20:13:15.179 17980 18017 I MuPreload: Skip download, usable data exists: /storage/emulated/0/Android/data/com.muonline.client/files/Data markerWasPresent=true
04-26 20:13:15.186 17980 17980 D VRI[PreloadActivity]: WindowInsets changed: 2268x1080 statusBars:[0,74,0,0] navigationBars:[0,0,0,63] mandatorySystemGestures:[0,74,0,84] 
04-26 20:13:15.186 17980 17980 D WindowOnBackDispatcher: setTopOnBackInvokedCallback (unwrapped): android.view.ViewRootImpl$$ExternalSyntheticLambda13@1b018e0
04-26 20:13:15.186 17980 17980 I HWUI    : Using FreeType backend (prop=Auto)
04-26 20:13:15.187 14925 14925 D BoundBrokerSvc: onBind: Intent { act=com.google.android.gms.feedback.internal.IFeedbackService dat=chimera-action:/... xflg=0x4 cmp=com.google.android.gms/.chimera.GmsBoundBrokerService }
04-26 20:13:15.187 14925 14925 D BoundBrokerSvc: Loading bound service for intent: Intent { act=com.google.android.gms.feedback.internal.IFeedbackService dat=chimera-action:/... xflg=0x4 cmp=com.google.android.gms/.chimera.GmsBoundBrokerService }
04-26 20:13:15.190   736  1410 D CoreBackPreview: Window{742152c u0 com.muonline.client/com.muonline.client.PreloadActivity}: Setting back callback OnBackInvokedCallbackInfo{mCallback=android.window.IOnBackInvokedCallback$Stub$Proxy@c67a856, mPriority=0, mIsAnimationCallback=false, mOverrideBehavior=0}
04-26 20:13:15.191   736  1827 D WindowManager: setClientSurface Surface(name=VRI-com.muonline.client/com.muonline.client.PreloadActivity#1372)/@0x5f110d7 for 742152c com.muonline.client/com.muonline.client.PreloadActivity
04-26 20:13:15.198 17980 17980 I Surface : Creating surface for consumer unnamed-17980-0 with slotExpansion=1 for 64 slots
04-26 20:13:15.198 17980 17980 I Surface : Creating surface for consumer VRI[PreloadActivity]#0(BLAST Consumer)0 with slotExpansion=1 for 64 slots
04-26 20:13:15.199   566   599 I libbinder.BpBinder: onLastStrongRef automatically unlinking death recipients for binder (0x7eaa3605e150) with descriptor: '(not cached)'
04-26 20:13:15.201 17980 17980 D VRI[PreloadActivity]: WindowInsets changed: statusBars:null navigationBars:null 
04-26 20:13:15.209 14925 14976 I Icing   : IndexChimeraService.getServiceInterface callingPackage=com.google.android.gms componentName=null serviceId=30
04-26 20:13:15.219 14925 17958 I Icing   : Usage reports ok 1, Failed Usage reports 0, indexed 0, rejected 0
04-26 20:13:15.290 14925 17958 I Icing   : Usage reports ok 0, Failed Usage reports 0, indexed 0, rejected 0
04-26 20:13:15.316 14925 17958 I Icing   : Indexing com.google.android.gms-apps from com.google.android.gms
04-26 20:13:15.339   736   759 I ActivityTaskManager: Displayed com.muonline.client/.PreloadActivity for user 0: +949ms
04-26 20:13:15.353 14925 17958 I Icing   : Indexing done com.google.android.gms-apps
04-26 20:13:15.366   736  2221 W ActivityManager: Skipping manifest association check for null package. SourceUid: 10214, SourcePkg: null, TargetUid: 10214, TargetPkg: com.google.android.gms
04-26 20:13:15.368   736   881 I ImeTracker: com.muonline.client:fd90c814: onRequestHide at ORIGIN_SERVER reason HIDE_UNSPECIFIED_WINDOW fromUser false userId 0 displayId 0
04-26 20:13:15.379 17980 17980 D InsetsController: hide(ime())
04-26 20:13:15.379  1219  1219 D BaseActivity: Launcher flags updated: [] -[state_started]
04-26 20:13:15.379  1219  1219 D BaseDepthController: setSurface:
04-26 20:13:15.379  1219  1219 D BaseDepthController: 	mWaitingOnSurfaceValidity: false
04-26 20:13:15.379  1219  1219 D BaseDepthController: 	mBaseSurface: null
04-26 20:13:15.380   736  1827 D InputMethodManagerService: Attach new input but force hide
04-26 20:13:15.380   736  1827 I ImeTracker: com.muonline.client:cf5b0ff0: onRequestHide at ORIGIN_SERVER reason HIDE_SOFT_INPUT fromUser false userId 0 displayId 0
04-26 20:13:15.380 17980 17980 I ImeTracker: com.muonline.client:fd90c814: onCancelled at PHASE_CLIENT_ALREADY_HIDDEN
04-26 20:13:15.380   736  1827 I ImeTracker: com.muonline.client:cf5b0ff0: onCancelled at PHASE_SERVER_SHOULD_HIDE
04-26 20:13:15.381   736  1827 W InputChannel-JNI: Channel already disposed.
04-26 20:13:15.379  1219  1219 D BaseDepthController: mSurface is null and mCurrentBlur is: 0
04-26 20:13:15.383  4105  4105 I GoogleInputMethodService: GoogleInputMethodService.onFinishInput():2113 
04-26 20:13:15.382  1219  1219 D LauncherStateManager: StateManager.goToState: fromState: Normal, toState: Normal, partial trace:
04-26 20:13:15.382  1219  1219 D LauncherStateManager: 	at com.android.launcher3.statemanager.StateManager.moveToRestState(go/retraceme 7226a759aa2bb3787a79806f85d80eaad84f1f1e15acd6db988f2df789d1680d:26)
04-26 20:13:15.382  1219  1219 D LauncherStateManager: 	at com.android.launcher3.statemanager.StateManager.moveToRestState(go/retraceme 7226a759aa2bb3787a79806f85d80eaad84f1f1e15acd6db988f2df789d1680d:35)
04-26 20:13:15.382  1219  1219 D LauncherStateManager: 	at com.android.launcher3.statemanager.StatefulActivity.onStop(go/retraceme 7226a759aa2bb3787a79806f85d80eaad84f1f1e15acd6db988f2df789d1680d:31)
04-26 20:13:15.384  1219  1219 D LauncherStateManager: StateManager.onRepeatStateSetAborted: state: Normal
04-26 20:13:15.384  1219  1219 D KeyboardStateManager: hideKeyboard
04-26 20:13:15.385  1219  1219 D KeyboardStateManager: isImeShown: false
04-26 20:13:15.385  1219  1219 D StatsLog: LAUNCHER_ONSTOP
04-26 20:13:15.390   736  1603 I ImeTracker: system_server:7dff9383: onRequestHide at ORIGIN_SERVER reason IME_REQUESTED_CHANGED_LISTENER fromUser false displayId 0
04-26 20:13:15.391  4105  4105 I Module  : DeviceLockedStatusModuleProvider$Module.updateDeviceLockedStatus():103 repeatCheckTimes = 0, locked = false
04-26 20:13:15.393  4105  4105 I GoogleInputMethodService: GoogleInputMethodService.onStartInput():1384 onStartInput(EditorInfo{EditorInfo{packageName=com.muonline.client, inputType=0, inputTypeString=NULL, enableLearning=false, autoCorrection=false, autoComplete=false, imeOptions=0, privateImeOptions=null, actionName=UNSPECIFIED, actionLabel=null, initialSelStart=-1, initialSelEnd=-1, initialCapsMode=0, label=null, fieldId=0, fieldName=null, extras=null, hintText=null, hintLocales=[]}}, false)
04-26 20:13:15.394  4105  4105 W AndroidIME: LatinIMEBase.updateInputViewCoverNavigation():319 Null input view, cannot update padding!
04-26 20:13:15.395  4105  4105 I Module  : DeviceLockedStatusModuleProvider$Module.updateDeviceLockedStatus():103 repeatCheckTimes = 1, locked = false
04-26 20:13:15.400   736   762 I ImeTracker: system_server:7dff9383: onCancelled at PHASE_SERVER_SHOULD_HIDE
04-26 20:13:15.405   736  1145 W PackageConfigPersister: App-specific configuration not found for packageName: com.muonline.client and userId: 0
04-26 20:13:15.406  1219  1219 D StatsLog: LAUNCHER_GOOGLE_SEARCH_RESTORE_LIST_SIZE_AFTER_ACTIVITY_RESTART
04-26 20:13:15.533   736  1145 V GrammaticalInflectionUtils: AttributionSource: android.content.AttributionSource@d322a4fb does not have READ_SYSTEM_GRAMMATICAL_GENDER permission.
04-26 20:13:15.542   736  1145 V ActivityTaskManager: TaskLaunchParamsModifier: phase=3 task=Task{a9de8af #112 type=standard A=10230:com.muonline.client} activity=ActivityRecord{114256016 u0 com.muonline.client/.MuMainActivity t-1} display-area-from-source=DefaultTaskDisplayArea@125646128 display-id=0 task-display-area-windowing-mode=1 suggested-display-area=DefaultTaskDisplayArea@125646128 inherit-from-source=fullscreen non-freeform-task-display-area display-area=DefaultTaskDisplayArea@125646128 skip-bounds-fullscreen
04-26 20:13:15.542   736  1145 I ActivityTaskManager: START u0 {flg=0x14000000 xflg=0x4 cmp=com.muonline.client/.MuMainActivity} with LAUNCH_SINGLE_TASK from uid 10230 (com.muonline.client) (sr=164894862) (BAL_ALLOW_VISIBLE_WINDOW) result code=0
04-26 20:13:15.543  1036  1091 V WindowManagerShell: Transition requested (#131): android.os.BinderProxy@7a7ae1c TransitionRequestInfo { type = OPEN, triggerTask = TaskInfo{userId=0 taskId=112 effectiveUid=10230 displayId=0 isRunning=true baseIntent=Intent { flg=0x10000000 cmp=com.muonline.client/.PreloadActivity } baseActivity=ComponentInfo{com.muonline.client/com.muonline.client.PreloadActivity} topActivity=ComponentInfo{com.muonline.client/com.muonline.client.MuMainActivity} origActivity=null realActivity=ComponentInfo{com.muonline.client/com.muonline.client.PreloadActivity} realActivityIsAppLockEnabled=false numActivities=2 lastActiveTime=16970137 supportsMultiWindow=true supportsMultiWindowWithoutConstraints=true resizeMode=1 isResizeable=true minWidth=-1 minHeight=-1 defaultMinSize=220 token=WCT{android.os.BinderProxy@dbc8363} topActivityType=1 pictureInPictureParams=null shouldDockBigOverlays=false launchIntoPipHostTaskId=-1 lastParentTaskIdBeforePip=-1 displayCutoutSafeInsets=Rect(132, 0 - 0, 0) topActivityInfo=ActivityInfo{f19da25 com.muonline.client.MuMainActivity} launchCookies=[] positionInParent=Point(0, 0) parentTaskId=-1 isFocused=true isInteractive=false isVisible=true isVisibleRequested=true isTopActivityNoDisplay=false isSleeping=false locusId=null displayAreaFeatureId=1 isTopActivityTransparent=false isActivityStackTransparent=false lastNonFullscreenBounds=null leafTaskBoundsFromOptions= false capturedLink=null capturedLinkTimestamp=0 requestedVisibleTypes=503 topActivityRequestOpenInBrowserEducationTimestamp=0 appCompatTaskInfo=AppCompatTaskInfo { topActivityInSizeCompat=false isLeafTask= true eligibleForLetterboxEducation= false isLetterboxEducationEnabled= true isLetterboxDoubleTapEnabled= false eligibleForUserAspectRatioButton= false topActivityBoundsLetterboxed= false isFromLetterboxDoubleTap= false topActivityLetterboxVerticalPosition= -1 topActivityLetterboxHorizontalPosition= -1 topActivityLetterboxWidth=-1 topActivityLetterboxHeight=-1 topActivityAppBounds=Rect(132, 0 - 2400, 1017) isUserFullscreenOverrideEnabled=false isSystemFullscreenOverrideEnabled=false hasMinAspectRatioOverride=false topActivityLetterboxBounds=null topNonResizableActivityAspectRatio=-1.0} topActivityMainWindowFrame=null isAppBubble=false}, pipChange = null, remoteTransitionInfo = null, displayChange = null, requestedLocation = null, userChange = null, windowingLayerChange = null, fullscreenRequestChange = null, flags = 0, debugId = 131 }
04-26 20:13:15.543  1036  1091 W DisconnectHandler: No disconnect change found in the transition, not handling request.
04-26 20:13:15.544  1036  1091 V ShellDesktopMode: DesktopTasksController: skipping handleRequest reason=triggerTask's display doesn't support desktop mode
04-26 20:13:15.544  1036  1091 D ShellSplitScreen: logExit: no-op, mLoggerSessionId is null
04-26 20:13:15.561 17980 17980 I MuMain  : MuMainActivity onCreate
04-26 20:13:15.565 17980 17980 I MuMain  : extractGameAssets -> /storage/emulated/0/Android/data/com.muonline.client/files
04-26 20:13:15.572 17980 17980 V SDL     : Device: emu64xa16k
04-26 20:13:15.572 17980 17980 V SDL     : Model: sdk_gphone16k_x86_64
04-26 20:13:15.572 17980 17980 V SDL     : onCreate()
04-26 20:13:15.573 17980 17980 D nativeloader: Load /data/app/~~FENHgVTxahXq2A2FtAZUlw==/com.muonline.client-2S8GFvhmRepCUDnVnXF6VQ==/lib/x86_64/libmpg123.so using class loader ns clns-9 (caller=/data/app/~~FENHgVTxahXq2A2FtAZUlw==/com.muonline.client-2S8GFvhmRepCUDnVnXF6VQ==/base.apk): ok
04-26 20:13:15.576 17980 17980 D nativeloader: Load /data/app/~~FENHgVTxahXq2A2FtAZUlw==/com.muonline.client-2S8GFvhmRepCUDnVnXF6VQ==/lib/x86_64/libSDL2.so using class loader ns clns-9 (caller=/data/app/~~FENHgVTxahXq2A2FtAZUlw==/com.muonline.client-2S8GFvhmRepCUDnVnXF6VQ==/base.apk): ok
04-26 20:13:15.578 17980 17980 D nativeloader: Load /data/app/~~FENHgVTxahXq2A2FtAZUlw==/com.muonline.client-2S8GFvhmRepCUDnVnXF6VQ==/lib/x86_64/libSDL2_image.so using class loader ns clns-9 (caller=/data/app/~~FENHgVTxahXq2A2FtAZUlw==/com.muonline.client-2S8GFvhmRepCUDnVnXF6VQ==/base.apk): ok
04-26 20:13:15.579 17980 17980 D nativeloader: Load /data/app/~~FENHgVTxahXq2A2FtAZUlw==/com.muonline.client-2S8GFvhmRepCUDnVnXF6VQ==/lib/x86_64/libSDL2_mixer.so using class loader ns clns-9 (caller=/data/app/~~FENHgVTxahXq2A2FtAZUlw==/com.muonline.client-2S8GFvhmRepCUDnVnXF6VQ==/base.apk): ok
04-26 20:13:15.580 17980 17980 D nativeloader: Load /data/app/~~FENHgVTxahXq2A2FtAZUlw==/com.muonline.client-2S8GFvhmRepCUDnVnXF6VQ==/lib/x86_64/libSDL2_ttf.so using class loader ns clns-9 (caller=/data/app/~~FENHgVTxahXq2A2FtAZUlw==/com.muonline.client-2S8GFvhmRepCUDnVnXF6VQ==/base.apk): ok
04-26 20:13:15.580 17980 17980 D nativeloader: Load /data/app/~~FENHgVTxahXq2A2FtAZUlw==/com.muonline.client-2S8GFvhmRepCUDnVnXF6VQ==/lib/x86_64/libSDL_net.so using class loader ns clns-9 (caller=/data/app/~~FENHgVTxahXq2A2FtAZUlw==/com.muonline.client-2S8GFvhmRepCUDnVnXF6VQ==/base.apk): ok
04-26 20:13:15.581 17980 17980 D nativeloader: Load /data/app/~~FENHgVTxahXq2A2FtAZUlw==/com.muonline.client-2S8GFvhmRepCUDnVnXF6VQ==/lib/x86_64/libbotan.so using class loader ns clns-9 (caller=/data/app/~~FENHgVTxahXq2A2FtAZUlw==/com.muonline.client-2S8GFvhmRepCUDnVnXF6VQ==/base.apk): ok
04-26 20:13:15.581 17980 17980 I MuMain  : early chdir(/sdcard/.../files) = 0 (errno=88)
04-26 20:13:15.595 17980 17980 D nativeloader: Load /data/app/~~FENHgVTxahXq2A2FtAZUlw==/com.muonline.client-2S8GFvhmRepCUDnVnXF6VQ==/lib/x86_64/libmain.so using class loader ns clns-9 (caller=/data/app/~~FENHgVTxahXq2A2FtAZUlw==/com.muonline.client-2S8GFvhmRepCUDnVnXF6VQ==/base.apk): ok
04-26 20:13:15.595 17980 17980 V SDL     : nativeSetupJNI()
04-26 20:13:15.595 17980 17980 V SDL     : AUDIO nativeSetupJNI()
04-26 20:13:15.596 17980 17980 V SDL     : CONTROLLER nativeSetupJNI()
04-26 20:13:15.613 17980 17980 D AudioSystem: onNewService: media.audio_policy service obtained 0x73401cab36f0
04-26 20:13:15.615 17980 17980 D AudioSystem: getService: IAudioPolicyService retrieved: 0x73401cab36f0  cached: 0x73401cab36f0
04-26 20:13:15.617   560   560 D NativePermissionController: checkPermission: missing 13 for 10230
04-26 20:13:15.618   560   560 D NativePermissionController: checkPermission: missing 13 for 10230
04-26 20:13:15.624   560   560 D NativePermissionController: checkPermission: missing 13 for 10230
04-26 20:13:15.624   560   560 D NativePermissionController: checkPermission: missing 13 for 10230
04-26 20:13:15.632 17980 17980 V SDL     : onStart()
04-26 20:13:15.633 17980 17980 D MuMain  : onResume
04-26 20:13:15.633 17980 17980 V SDL     : onResume()
04-26 20:13:15.636 17980 17980 D InsetsController: Setting requestedVisibleTypes to 496 (was 503)
04-26 20:13:15.638   736  2215 W InputChannel-JNI: Channel already disposed.
04-26 20:13:15.642   736  2215 I ImeTracker: system_server:fdf896ff: onRequestHide at ORIGIN_SERVER reason IME_REQUESTED_CHANGED_LISTENER fromUser false displayId 0
04-26 20:13:15.643   736   762 I ImeTracker: system_server:fdf896ff: onCancelled at PHASE_SERVER_SHOULD_HIDE
04-26 20:13:15.645 17980 18023 W InteractionJankMonitor: Initializing without READ_DEVICE_CONFIG permission. enabled=false, interval=1, missedFrameThreshold=3, frameTimeThreshold=64, package=com.muonline.client
04-26 20:13:15.653 17980 17980 D VRI[MuMainActivity]: WindowInsets changed: 2268x1080 statusBars:[0,74,0,0] navigationBars:[0,0,0,63] mandatorySystemGestures:[0,74,0,84] 
04-26 20:13:15.653 17980 17980 D WindowOnBackDispatcher: setTopOnBackInvokedCallback (unwrapped): android.view.ViewRootImpl$$ExternalSyntheticLambda13@e46c73b
04-26 20:13:15.653 17980 17980 D InsetsController: Setting requestedVisibleTypes to 503 (was 496)
04-26 20:13:15.655   736  2215 D CoreBackPreview: Window{ba36cc1 u0 com.muonline.client/com.muonline.client.MuMainActivity}: Setting back callback OnBackInvokedCallbackInfo{mCallback=android.window.IOnBackInvokedCallback$Stub$Proxy@faac854, mPriority=0, mIsAnimationCallback=false, mOverrideBehavior=0}
04-26 20:13:15.655  1366  1377 I FontLog : (REDACTED) Received query %s, URI %s
04-26 20:13:15.656  1366  1377 I FontLog : (REDACTED) Query [%s] resolved to %s
04-26 20:13:15.657   736  2221 D WindowManager: setClientSurface Surface(name=VRI-com.muonline.client/com.muonline.client.MuMainActivity#1381)/@0x9b913fd for ba36cc1 com.muonline.client/com.muonline.client.MuMainActivity
04-26 20:13:15.659  1366  1377 I FontLog : (REDACTED) Fetch %s end status %s
04-26 20:13:15.661  1036  1091 V RecentTasksController: Notify recent tasks changed
04-26 20:13:15.661  1219  1219 D RecentTasksList: invalidateLoadedTasks - previous requestLoadId: -1
04-26 20:13:15.661 17980 17980 I Surface : Creating surface for consumer unnamed-17980-1 with slotExpansion=1 for 64 slots
04-26 20:13:15.662 17980 17980 I Surface : Creating surface for consumer VRI[MuMainActivity]#1(BLAST Consumer)1 with slotExpansion=1 for 64 slots
04-26 20:13:15.672 17980 17980 I Surface : Creating surface for consumer unnamed-17980-2 with slotExpansion=1 for 64 slots
04-26 20:13:15.673 17980 17980 I Surface : Creating surface for consumer aea69ca SurfaceView[com.muonline.client/com.muonline.client.MuMainActivity]#2(BLAST Consumer)2 with slotExpansion=1 for 64 slots
04-26 20:13:15.674  1366  1481 I FontLog : (REDACTED) Pulling font file for id = %d, cache size = %d
04-26 20:13:15.674 17980 17980 V SDL     : surfaceCreated()
04-26 20:13:15.674 17980 17980 V SDL     : surfaceChanged()
04-26 20:13:15.674 17980 17980 V SDL     : Window size: 2268x943
04-26 20:13:15.674 17980 17980 V SDL     : Device size: 2400x1080
04-26 20:13:15.684  1366  1481 I FontLog : (REDACTED) Pulling font file for id = %d, cache size = %d
04-26 20:13:15.690 17980 18030 V SDL     : Running main function SDL_main from library /data/app/~~FENHgVTxahXq2A2FtAZUlw==/com.muonline.client-2S8GFvhmRepCUDnVnXF6VQ==/lib/x86_64/libmain.so
04-26 20:13:15.690 17980 18030 V SDL     : nativeRunMain()
04-26 20:13:15.694 17980 18030 I MuMain  : === MuMain Android v1.0 starting ===
04-26 20:13:15.701 17980 18030 I MuMain  : Working dir set to: /storage/emulated/0/Android/data/com.muonline.client/files
04-26 20:13:15.724 17980 18030 W libOpenSLES: class OutputMix interface 0 requested but unavailable MPH=43
04-26 20:13:15.724 17980 18030 I MuMain  : SDL2 initialized
04-26 20:13:15.724 17980 18030 I MuMain  : Render backend request env=(null) -> opengl
04-26 20:13:15.725 17980 18030 V SDL     : setOrientation() requestedOrientation=6 width=2400 height=1080 resizable=false hint=
04-26 20:13:15.748 17980 18030 I SDL/APP : pixel format wanted SDL_PIXELFORMAT_RGBX8888 (2), got SDL_PIXELFORMAT_RGBX8888 (2)
04-26 20:13:15.750   736   759 I ActivityTaskManager: Displayed com.muonline.client/.MuMainActivity for user 0: +210ms
