04-26 22:23:58.777 23654 23705 I MuMain  : Frame 1 — drawCalls=121 verts=43017 paths(im=885 vaD=0 vaC=0 qI=3 qE=0) SDL_err='Couldn't open 'data/music/login_theme.mp3''
04-26 22:23:58.798 23654 23705 I AndroidGDI: AndroidTextOut ENTRY len=34 hdc=0x733fdca9c520 bmp=0x733fdca9c310 text[0]=40
04-26 22:23:58.798 23654 23705 I AndroidGDI: TextOut surf=241x18 fmt=0x16362004 maxA=255 dib[0..2]=0,0,0
04-26 22:23:58.799 23654 23705 I AndroidGDI: AndroidTextOut ENTRY len=25 hdc=0x733fdca9c520 bmp=0x733fdca9c310 text[0]=32
04-26 22:23:58.799 23654 23705 I AndroidGDI: TextOut surf=177x18 fmt=0x16362004 maxA=255 dib[0..2]=0,0,0
04-26 22:23:58.799 23654 23705 I AndroidGDI: AndroidTextOut ENTRY len=14 hdc=0x733fdca9c520 bmp=0x733fdca9c310 text[0]=80
04-26 22:23:58.810 23654 23705 I MuMain  : Frame 2 — drawCalls=314 verts=70086 paths(im=1525 vaD=0 vaC=0 qI=19 qE=0) SDL_err=''
04-26 22:23:58.836 23654 23705 I AndroidGDI: AndroidTextOut ENTRY len=34 hdc=0x733fdca9c520 bmp=0x733fdca9c310 text[0]=40
04-26 22:23:58.836 23654 23705 I AndroidGDI: AndroidTextOut ENTRY len=25 hdc=0x733fdca9c520 bmp=0x733fdca9c310 text[0]=32
04-26 22:23:58.836 23654 23705 I AndroidGDI: AndroidTextOut ENTRY len=14 hdc=0x733fdca9c520 bmp=0x733fdca9c310 text[0]=80
04-26 22:23:58.837 23654 23705 I MuMain  : Frame 3 — drawCalls=318 verts=69186 paths(im=1510 vaD=0 vaC=0 qI=33 qE=0) SDL_err=''
04-26 22:23:58.862 23654 23705 I AndroidGDI: AndroidTextOut ENTRY len=34 hdc=0x733fdca9c520 bmp=0x733fdca9c310 text[0]=40
04-26 22:23:58.864 23654 23705 I MuMain  : Frame 4 — drawCalls=330 verts=69246 paths(im=1520 vaD=0 vaC=0 qI=47 qE=0) SDL_err=''
04-26 22:23:58.894 23654 23705 I MuMain  : Frame 5 — drawCalls=343 verts=73641 paths(im=1536 vaD=0 vaC=0 qI=59 qE=0) SDL_err=''
04-26 22:23:58.925 23654 23705 I MuMain  : Frame 6 — drawCalls=359 verts=73749 paths(im=1554 vaD=0 vaC=0 qI=73 qE=0) SDL_err=''
04-26 22:23:58.951 23654 23705 I MuMain  : Frame 7 — drawCalls=365 verts=73821 paths(im=1566 vaD=0 vaC=0 qI=83 qE=0) SDL_err=''
04-26 22:23:58.978 23654 23705 I MuMain  : Frame 8 — drawCalls=379 verts=73989 paths(im=1580 vaD=0 vaC=0 qI=96 qE=0) SDL_err=''
04-26 22:23:59.005 23654 23705 I MuMain  : Frame 9 — drawCalls=386 verts=74133 paths(im=1590 vaD=0 vaC=0 qI=105 qE=0) SDL_err=''
04-26 22:23:59.030 23654 23705 W MuMain  : ADAPT net budget down: fps=35.6 frameMs=28.08 maxMsg 70->60
04-26 22:23:59.303 23654 23705 W MuMain  : ADAPT net budget down: fps=36.6 frameMs=27.31 maxMsg 60->50
04-26 22:23:59.558 23654 23705 I MuMain  : ADAPT fx scale: fps=35.3 frameMs=28.31 1.00->0.90 target=0.80
04-26 22:23:59.558 23654 23705 W MuMain  : ADAPT net budget down: fps=35.3 frameMs=28.31 maxMsg 50->40
04-26 22:23:59.558 23654 23705 I MuMain  : PERF fps=35.3 frameMs=28.31 phase(render=27.41 pad=0.02 present=0.82) renderLevel=4 fxScale=1.00 maxMsg=40 avg(draw=449 verts=75799 im=1828 vaD=0 vaC=0 qI=211 qE=0) max(draw=458 verts=76785)
04-26 22:23:59.558 23654 23705 I MuMain  : PERF_SCENE world=73 char(live=0 vis=0 ply=0 mon=0 npc=0 pet=0 prio=0 topMon=-1 x0) obj(live=375 vis=171 op=0 trap=0 topObj=155 x30)
04-26 22:23:59.558 23654 23705 I MuMain  : PERF_BUCKET objMove(cand=0 upd=0 def=0 n=0 m=0 f=0) objRender(cand=0 draw=0 cull=0 n=0 m=0 f=0 visDraw=0 visDef=0) charMove(cand=0 upd=0 def=0 n=0 m=0 f=0) charRender(cand=0 draw=0 def=0 cull=0 n=0 m=0 f=0)
04-26 22:23:59.558 23654 23705 I MuMain  : PERF_TERRAIN world=73 normal(block=0 tile=0) grass(block=0 tile=0) after(block=0 tile=0)
04-26 22:23:59.701  1203  1331 D SatelliteController: isInCarrierRoamingNbIotNtn: satellite is disabled
04-26 22:23:59.701  1203  1331 D SatelliteController: getCarrierRoamingNtnConnectType: Checking connect type from PLMN config for subId: 1
04-26 22:23:59.708  1203  1331 D SatelliteController: getSatellitePerPlmnConfiguration: invalid subId or not supported via carrier.
04-26 22:23:59.708  1203  1331 D SatelliteController: getCarrierRoamingNtnConnectType: config: null
04-26 22:23:59.709  1203  1331 D SatelliteController: getCarrierRoamingNtnConnectType: Falling back to global carrier config connect type: 0
04-26 22:23:59.709  1203  1331 D SatelliteController: updateLastNotifiedCarrierRoamingNtnSignalStrengthAndNotify(1)
04-26 22:23:59.709  1203  1331 D SatelliteController: updateLastNotifiedCarrierRoamingNtnSignalStrengthAndNotify(1) lastNotifiedSignalStrength level: 0
04-26 22:23:59.709  1203  1331 D SatelliteController: updateLastNotifiedCarrierRoamingNtnSignalStrengthAndNotify(1) currSignalStrength level: 0
04-26 22:23:59.835 23654 23705 W MuMain  : ADAPT net budget down: fps=36.1 frameMs=27.72 maxMsg 40->30
04-26 22:24:00.156 23654 23705 I MuMain  : ZzzScene android logo alpha raw=1.020 clamp=1.000 glow=0.700
04-26 22:24:00.617 23654 23705 I MuMain  : PERF fps=39.6 frameMs=25.27 phase(render=24.34 pad=0.02 present=0.82) renderLevel=4 fxScale=1.00 maxMsg=30 avg(draw=387 verts=81181 im=1735 vaD=0 vaC=0 qI=190 qE=0) max(draw=398 verts=81507)
04-26 22:24:00.617 23654 23705 I MuMain  : PERF_SCENE world=73 char(live=0 vis=0 ply=0 mon=0 npc=0 pet=0 prio=0 topMon=-1 x0) obj(live=375 vis=187 op=0 trap=0 topObj=79 x22)
04-26 22:24:00.617 23654 23705 I MuMain  : PERF_BUCKET objMove(cand=0 upd=0 def=0 n=0 m=0 f=0) objRender(cand=0 draw=0 cull=0 n=0 m=0 f=0 visDraw=0 visDef=0) charMove(cand=0 upd=0 def=0 n=0 m=0 f=0) charRender(cand=0 draw=0 def=0 cull=0 n=0 m=0 f=0)
04-26 22:24:00.617 23654 23705 I MuMain  : PERF_TERRAIN world=73 normal(block=0 tile=0) grass(block=0 tile=0) after(block=0 tile=0)
04-26 22:24:00.638   736   921 I HalDevMgr: bestIfaceCreationProposal is null, requestIface=STA, existingIface=[name=wlan0 type=STA]
04-26 22:24:00.647  1160  1312 D IpClient/wlan0: interfaceLinkStateChanged: ifindex 16 up
04-26 22:24:00.653  1160  1312 D IpClient/wlan0: interfaceLinkStateChanged: ifindex 16 up
04-26 22:24:00.872 23654 23705 I MuMain  : ADAPT fx scale: fps=43.1 frameMs=23.19 1.00->0.90 target=0.90
04-26 22:24:01.716 23654 23705 I MuMain  : PERF fps=56.7 frameMs=17.64 phase(render=16.85 pad=0.02 present=0.71) renderLevel=4 fxScale=1.00 maxMsg=30 avg(draw=241 verts=70189 im=1612 vaD=0 vaC=0 qI=95 qE=0) max(draw=264 verts=72162)
04-26 22:24:01.716 23654 23705 I MuMain  : PERF_SCENE world=73 char(live=0 vis=0 ply=0 mon=0 npc=0 pet=0 prio=0 topMon=-1 x0) obj(live=375 vis=184 op=0 trap=0 topObj=79 x24)
04-26 22:24:01.716 23654 23705 I MuMain  : PERF_BUCKET objMove(cand=0 upd=0 def=0 n=0 m=0 f=0) objRender(cand=0 draw=0 cull=0 n=0 m=0 f=0 visDraw=0 visDef=0) charMove(cand=0 upd=0 def=0 n=0 m=0 f=0) charRender(cand=0 draw=0 def=0 cull=0 n=0 m=0 f=0)
04-26 22:24:01.716 23654 23705 I MuMain  : PERF_TERRAIN world=73 normal(block=0 tile=0) grass(block=0 tile=0) after(block=0 tile=0)
04-26 22:24:02.733 23654 23705 I MuMain  : PERF fps=67.2 frameMs=14.89 phase(render=14.28 pad=0.03 present=0.53) renderLevel=4 fxScale=1.00 maxMsg=30 avg(draw=185 verts=78940 im=1579 vaD=0 vaC=0 qI=68 qE=0) max(draw=193 verts=79491)
04-26 22:24:02.733 23654 23705 I MuMain  : PERF_SCENE world=73 char(live=0 vis=0 ply=0 mon=0 npc=0 pet=0 prio=0 topMon=-1 x0) obj(live=375 vis=168 op=0 trap=0 topObj=79 x24)
04-26 22:24:02.733 23654 23705 I MuMain  : PERF_BUCKET objMove(cand=0 upd=0 def=0 n=0 m=0 f=0) objRender(cand=0 draw=0 cull=0 n=0 m=0 f=0 visDraw=0 visDef=0) charMove(cand=0 upd=0 def=0 n=0 m=0 f=0) charRender(cand=0 draw=0 def=0 cull=0 n=0 m=0 f=0)
04-26 22:24:02.733 23654 23705 I MuMain  : PERF_TERRAIN world=73 normal(block=0 tile=0) grass(block=0 tile=0) after(block=0 tile=0)
04-26 22:24:02.768   736   862 D ActivityManager: freezing 4276 com.android.vending:background
04-26 22:24:02.772   736   862 D ActivityManager: freezing 4164 com.android.vending
04-26 22:24:02.858   736   931 D InetDiagMessage: Destroyed 0 sockets, proto=IPPROTO_TCP, family=AF_INET, states=14
04-26 22:24:02.859   736   931 D InetDiagMessage: Destroyed 2 sockets, proto=IPPROTO_TCP, family=AF_INET6, states=14
04-26 22:24:02.859   736   931 D InetDiagMessage: Destroyed live tcp sockets for uids={10154} in 2ms
04-26 22:24:03.669   736   921 I HalDevMgr: bestIfaceCreationProposal is null, requestIface=STA, existingIface=[name=wlan0 type=STA]
04-26 22:24:03.792   560   624 D AF::Track: interceptBuffer: took 1616us to intercept 0 tracks
04-26 22:24:03.801 23654 23705 I MuMain  : ADAPT fx scale: fps=37.6 frameMs=26.58 1.00->0.90 target=0.90
04-26 22:24:03.802 23654 23705 I MuMain  : PERF fps=37.6 frameMs=26.58 phase(render=25.15 pad=0.03 present=1.33) renderLevel=4 fxScale=1.00 maxMsg=30 avg(draw=192 verts=94802 im=1637 vaD=0 vaC=0 qI=89 qE=0) max(draw=202 verts=97458)
04-26 22:24:03.802 23654 23705 I MuMain  : PERF_SCENE world=73 char(live=0 vis=0 ply=0 mon=0 npc=0 pet=0 prio=0 topMon=-1 x0) obj(live=375 vis=170 op=0 trap=0 topObj=79 x29)
04-26 22:24:03.802 23654 23705 I MuMain  : PERF_BUCKET objMove(cand=0 upd=0 def=0 n=0 m=0 f=0) objRender(cand=0 draw=0 cull=0 n=0 m=0 f=0 visDraw=0 visDef=0) charMove(cand=0 upd=0 def=0 n=0 m=0 f=0) charRender(cand=0 draw=0 def=0 cull=0 n=0 m=0 f=0)
04-26 22:24:03.802 23654 23705 I MuMain  : PERF_TERRAIN world=73 normal(block=0 tile=0) grass(block=0 tile=0) after(block=0 tile=0)
04-26 22:24:03.863  2780 18838 I artd    : GetBestInfo: odex next to the dex file (/data/app/~~PqdBwR9WSFUNw4iaJMgoGg==/com.google.android.gms-95Dc1VeYXyONiCBDqz_lkA==/oat/x86_64/base.odex) is kOatUpToDate with filter 'speed-profile' executable 'false'
04-26 22:24:03.865  2780 18838 I artd    : GetBestInfo: dm (/data/app/~~PqdBwR9WSFUNw4iaJMgoGg==/com.google.android.gms-95Dc1VeYXyONiCBDqz_lkA==/split_AdsDynamite_installtime.dm) is kOatUpToDate with filter 'verify' executable 'false'
04-26 22:24:03.867  2780 18838 I artd    : GetBestInfo: dm (/data/app/~~PqdBwR9WSFUNw4iaJMgoGg==/com.google.android.gms-95Dc1VeYXyONiCBDqz_lkA==/split_CronetDynamite_installtime.dm) is kOatUpToDate with filter 'verify' executable 'false'
04-26 22:24:03.870  2780 18838 I artd    : GetBestInfo: dm (/data/app/~~PqdBwR9WSFUNw4iaJMgoGg==/com.google.android.gms-95Dc1VeYXyONiCBDqz_lkA==/split_DynamiteLoader_installtime.dm) is kOatUpToDate with filter 'verify' executable 'false'
04-26 22:24:03.872  2780 18838 I artd    : GetBestInfo: dm (/data/app/~~PqdBwR9WSFUNw4iaJMgoGg==/com.google.android.gms-95Dc1VeYXyONiCBDqz_lkA==/split_DynamiteModulesA_installtime.dm) is kOatUpToDate with filter 'verify' executable 'false'
04-26 22:24:03.874  2780 18838 I artd    : GetBestInfo: dm (/data/app/~~PqdBwR9WSFUNw4iaJMgoGg==/com.google.android.gms-95Dc1VeYXyONiCBDqz_lkA==/split_DynamiteModulesC_installtime.dm) is kOatUpToDate with filter 'verify' executable 'false'
04-26 22:24:03.876  2780 18838 I artd    : GetBestInfo: dm (/data/app/~~PqdBwR9WSFUNw4iaJMgoGg==/com.google.android.gms-95Dc1VeYXyONiCBDqz_lkA==/split_GoogleCertificates_installtime.dm) is kOatUpToDate with filter 'verify' executable 'false'
04-26 22:24:03.878  2780 18838 I artd    : GetBestInfo: dm (/data/app/~~PqdBwR9WSFUNw4iaJMgoGg==/com.google.android.gms-95Dc1VeYXyONiCBDqz_lkA==/split_MapsDynamite_installtime.dm) is kOatUpToDate with filter 'verify' executable 'false'
04-26 22:24:03.880  2780 18838 I artd    : GetBestInfo: dm (/data/app/~~PqdBwR9WSFUNw4iaJMgoGg==/com.google.android.gms-95Dc1VeYXyONiCBDqz_lkA==/split_MeasurementDynamite_installtime.dm) is kOatUpToDate with filter 'verify' executable 'false'
04-26 22:24:03.882  2780 18838 I artd    : GetBestInfo: dm (/data/app/~~PqdBwR9WSFUNw4iaJMgoGg==/com.google.android.gms-95Dc1VeYXyONiCBDqz_lkA==/split_all_locale_splits.dm) is kOatUpToDate with filter 'verify' executable 'false'
04-26 22:24:03.884  2780 18838 I artd    : GetBestInfo: /data/user_de/0/com.google.android.gms/app_chimera/m/0000000a/dl-TfliteDynamiteDynamite.integ_252130102100800.apk has no usable artifacts
04-26 22:24:03.885  2780 18838 I artd    : GetBestInfo: /data/user_de/0/com.google.android.gms/app_chimera/m/00000001/CronetDynamite.apk has no usable artifacts
04-26 22:24:03.887  2780 18838 I artd    : GetBestInfo: /data/user_de/0/com.google.android.gms/app_chimera/m/00000016/dl-MlkitOcrCommon.optional_261332100800.apk has no usable artifacts
04-26 22:24:03.888  2780 18838 I artd    : GetBestInfo: /data/user_de/0/com.google.android.gms/app_chimera/m/00000002/DynamiteLoader.apk has no usable artifacts
04-26 22:24:03.890  2780 18838 I artd    : GetBestInfo: /data/user_de/0/com.google.android.gms/app_chimera/m/0000000e/dl-MlkitBarcodeUi.optional_260235100800.apk has no usable artifacts
04-26 22:24:03.892  2780 18838 I artd    : GetBestInfo: /data/user_de/0/com.google.android.gms/app_chimera/m/00000013/dl-Appsearch.optional_261332100800.apk has no usable artifacts
04-26 22:24:03.892  2780 18838 I artd    : GetBestInfo: /data/user_de/0/com.google.android.gms/app_chimera/m/00000005/GoogleCertificates.apk has no usable artifacts
04-26 22:24:03.894  2780 18838 I artd    : GetBestInfo: /data/user_de/0/com.google.android.gms/app_chimera/m/00000012/dl-PlayCloudSearch.optional_261332100000.apk has no usable artifacts
04-26 22:24:03.896  2780 18838 I artd    : GetBestInfo: vdex next to the dex file (/data/user/0/com.google.android.gms/app_dg_cache/B3ED91DEC21F0EB5284BE10D982ABEAAC45F5C48/oat/x86_64/the.vdex) is kOatUpToDate with filter 'verify' executable 'false'
04-26 22:24:03.898  2780 18838 I artd    : GetBestInfo: /data/user_de/0/com.google.android.gms/app_chimera/m/0000000f/dl-PlayCloudSearch.optional_260235100000.apk has no usable artifacts
04-26 22:24:03.900  2780 18838 I artd    : GetBestInfo: /data/user_de/0/com.google.android.gms/app_chimera/m/00000008/dl-VisionOcr.optional_260235100000.apk has no usable artifacts
04-26 22:24:03.902  2780 18838 I artd    : GetBestInfo: /data/user_de/0/com.google.android.gms/app_chimera/m/0000000b/dl-Appsearch.optional_260235100800.apk has no usable artifacts
04-26 22:24:03.905  2780 18838 I artd    : GetBestInfo: /data/user_de/0/com.google.android.gms/app_chimera/m/00000011/dl-VisionOcr.optional_261332100000.apk has no usable artifacts
04-26 22:24:03.907  2780 18838 I artd    : GetBestInfo: /data/user_de/0/com.google.android.gms/app_chimera/m/00000015/dl-MlkitBarcodeUi.optional_261332100800.apk has no usable artifacts
04-26 22:24:03.909  2780 18838 I artd    : GetBestInfo: /data/user_de/0/com.google.android.gms/app_chimera/m/00000009/dl-MlkitOcrCommon.optional_260235100800.apk has no usable artifacts
04-26 22:24:03.911  2780 18838 I artd    : GetBestInfo: vdex next to the dex file (/data/user/0/com.google.android.gms/app_dg_cache/CE973E4DE823F0AA69070767A9FABB590DDD455C/oat/x86_64/the.vdex) is kOatUpToDate with filter 'verify' executable 'false'
04-26 22:24:03.911  2780 18838 I artd    : GetBestInfo: /data/user_de/0/com.google.android.gms/app_chimera/m/00000007/MeasurementDynamite.apk has no usable artifacts
04-26 22:24:04.318  1016  1016 I wpa_supplicant: wlan0: CTRL-EVENT-BEACON-LOSS 
04-26 22:24:04.827 23654 23705 I MuMain  : PERF fps=55.7 frameMs=17.96 phase(render=17.04 pad=0.02 present=0.77) renderLevel=4 fxScale=1.00 maxMsg=30 avg(draw=232 verts=94651 im=1669 vaD=0 vaC=0 qI=126 qE=0) max(draw=237 verts=97974)
04-26 22:24:04.827 23654 23705 I MuMain  : PERF_SCENE world=73 char(live=0 vis=0 ply=0 mon=0 npc=0 pet=0 prio=0 topMon=-1 x0) obj(live=375 vis=164 op=0 trap=0 topObj=79 x28)
04-26 22:24:04.827 23654 23705 I MuMain  : PERF_BUCKET objMove(cand=0 upd=0 def=0 n=0 m=0 f=0) objRender(cand=0 draw=0 cull=0 n=0 m=0 f=0 visDraw=0 visDef=0) charMove(cand=0 upd=0 def=0 n=0 m=0 f=0) charRender(cand=0 draw=0 def=0 cull=0 n=0 m=0 f=0)
04-26 22:24:04.827 23654 23705 I MuMain  : PERF_TERRAIN world=73 normal(block=0 tile=0) grass(block=0 tile=0) after(block=0 tile=0)
04-26 22:24:05.115   736   931 D InetDiagMessage: Destroyed 0 sockets, proto=IPPROTO_TCP, family=AF_INET, states=14
04-26 22:24:05.116   736   931 D InetDiagMessage: Destroyed 0 sockets, proto=IPPROTO_TCP, family=AF_INET6, states=14
04-26 22:24:05.116   736   931 D InetDiagMessage: Destroyed live tcp sockets for uids={10160} in 2ms
04-26 22:24:05.117   736   931 D InetDiagMessage: Destroyed 0 sockets, proto=IPPROTO_TCP, family=AF_INET, states=14
04-26 22:24:05.117   736   931 D InetDiagMessage: Destroyed 0 sockets, proto=IPPROTO_TCP, family=AF_INET6, states=14
04-26 22:24:05.117   736   931 D InetDiagMessage: Destroyed live tcp sockets for uids={20160} in 1ms
04-26 22:24:05.870 23654 23705 I MuMain  : PERF fps=55.9 frameMs=17.90 phase(render=17.07 pad=0.02 present=0.74) renderLevel=4 fxScale=1.00 maxMsg=30 avg(draw=240 verts=93712 im=1702 vaD=0 vaC=0 qI=129 qE=0) max(draw=254 verts=94839)
04-26 22:24:05.870 23654 23705 I MuMain  : PERF_SCENE world=73 char(live=0 vis=0 ply=0 mon=0 npc=0 pet=0 prio=0 topMon=-1 x0) obj(live=375 vis=157 op=0 trap=0 topObj=135 x18)
04-26 22:24:05.870 23654 23705 I MuMain  : PERF_BUCKET objMove(cand=0 upd=0 def=0 n=0 m=0 f=0) objRender(cand=0 draw=0 cull=0 n=0 m=0 f=0 visDraw=0 visDef=0) charMove(cand=0 upd=0 def=0 n=0 m=0 f=0) charRender(cand=0 draw=0 def=0 cull=0 n=0 m=0 f=0)
04-26 22:24:05.870 23654 23705 I MuMain  : PERF_TERRAIN world=73 normal(block=0 tile=0) grass(block=0 tile=0) after(block=0 tile=0)
04-26 22:24:06.655 23654 23705 I MuMain  : ADAPT fx scale: fps=44.9 frameMs=22.29 1.00->0.90 target=0.90
04-26 22:24:06.676   736   921 I HalDevMgr: bestIfaceCreationProposal is null, requestIface=STA, existingIface=[name=wlan0 type=STA]
04-26 22:24:06.684  1160  1312 D IpClient/wlan0: interfaceLinkStateChanged: ifindex 16 up
04-26 22:24:06.691  1160  1312 D IpClient/wlan0: interfaceLinkStateChanged: ifindex 16 up
04-26 22:24:06.920 23654 23705 I MuMain  : PERF fps=41.6 frameMs=24.02 phase(render=23.14 pad=0.02 present=0.78) renderLevel=4 fxScale=1.00 maxMsg=30 avg(draw=345 verts=104599 im=1872 vaD=0 vaC=0 qI=228 qE=0) max(draw=356 verts=104679)
04-26 22:24:06.920 23654 23705 I MuMain  : PERF_SCENE world=73 char(live=0 vis=0 ply=0 mon=0 npc=0 pet=0 prio=0 topMon=-1 x0) obj(live=375 vis=128 op=0 trap=0 topObj=135 x18)
04-26 22:24:06.920 23654 23705 I MuMain  : PERF_BUCKET objMove(cand=0 upd=0 def=0 n=0 m=0 f=0) objRender(cand=0 draw=0 cull=0 n=0 m=0 f=0 visDraw=0 visDef=0) charMove(cand=0 upd=0 def=0 n=0 m=0 f=0) charRender(cand=0 draw=0 def=0 cull=0 n=0 m=0 f=0)
04-26 22:24:06.920 23654 23705 I MuMain  : PERF_TERRAIN world=73 normal(block=0 tile=0) grass(block=0 tile=0) after(block=0 tile=0)
04-26 22:24:07.989 23654 23705 I MuMain  : ADAPT fx scale: fps=39.0 frameMs=25.64 1.00->0.90 target=0.90
04-26 22:24:07.989 23654 23705 I MuMain  : PERF fps=39.0 frameMs=25.64 phase(render=24.78 pad=0.05 present=0.73) renderLevel=4 fxScale=1.00 maxMsg=30 avg(draw=384 verts=99203 im=1964 vaD=0 vaC=0 qI=286 qE=0) max(draw=389 verts=99948)
04-26 22:24:07.989 23654 23705 I MuMain  : PERF_SCENE world=73 char(live=0 vis=0 ply=0 mon=0 npc=0 pet=0 prio=0 topMon=-1 x0) obj(live=375 vis=106 op=0 trap=0 topObj=135 x12)
04-26 22:24:07.989 23654 23705 I MuMain  : PERF_BUCKET objMove(cand=0 upd=0 def=0 n=0 m=0 f=0) objRender(cand=0 draw=0 cull=0 n=0 m=0 f=0 visDraw=0 visDef=0) charMove(cand=0 upd=0 def=0 n=0 m=0 f=0) charRender(cand=0 draw=0 def=0 cull=0 n=0 m=0 f=0)
04-26 22:24:07.989 23654 23705 I MuMain  : PERF_TERRAIN world=73 normal(block=0 tile=0) grass(block=0 tile=0) after(block=0 tile=0)
04-26 22:24:08.267 14925 14925 D BoundBrokerSvc: onUnbind: Intent { act=com.google.android.gms.feedback.internal.IFeedbackService dat=chimera-action:/... xflg=0x4 cmp=com.google.android.gms/.chimera.GmsBoundBrokerService }
04-26 22:24:09.026 23654 23705 I MuMain  : PERF fps=39.0 frameMs=25.61 phase(render=24.78 pad=0.02 present=0.76) renderLevel=4 fxScale=1.00 maxMsg=30 avg(draw=401 verts=96813 im=2007 vaD=0 vaC=0 qI=303 qE=0) max(draw=411 verts=96900)
04-26 22:24:09.026 23654 23705 I MuMain  : PERF_SCENE world=73 char(live=0 vis=0 ply=0 mon=0 npc=0 pet=0 prio=0 topMon=-1 x0) obj(live=375 vis=88 op=0 trap=0 topObj=129 x7)
04-26 22:24:09.026 23654 23705 I MuMain  : PERF_BUCKET objMove(cand=0 upd=0 def=0 n=0 m=0 f=0) objRender(cand=0 draw=0 cull=0 n=0 m=0 f=0 visDraw=0 visDef=0) charMove(cand=0 upd=0 def=0 n=0 m=0 f=0) charRender(cand=0 draw=0 def=0 cull=0 n=0 m=0 f=0)
04-26 22:24:09.026 23654 23705 I MuMain  : PERF_TERRAIN world=73 normal(block=0 tile=0) grass(block=0 tile=0) after(block=0 tile=0)
04-26 22:24:09.285 23654 23705 I MuMain  : ADAPT fx scale: fps=38.6 frameMs=25.93 1.00->0.90 target=0.90
04-26 22:24:09.686   736   954 I AdbWifiNetworkMonitor: Wi-Fi network available
04-26 22:24:09.686   736   954 I AdbWifiNetworkMonitor: Received the same Wi-Fi SSID. Ignoring.
04-26 22:24:09.690   736   921 I HalDevMgr: bestIfaceCreationProposal is null, requestIface=STA, existingIface=[name=wlan0 type=STA]
04-26 22:24:09.698  1366  1481 I NullBinder: NullBinder for android.net.action.RECOMMEND_NETWORKS triggering remote TransactionTooLargeException due to Service without Chimera impl, calling uid: 1000, calling pid: 0
04-26 22:24:09.698  1366  1481 W libbinder.Binder: Large reply transaction of 1056768 bytes, interface descriptor , function: UNKNOWN_FUNCTION_NAME, code: 1, flags: 17
04-26 22:24:09.702  1203  1331 D SatelliteController: isInCarrierRoamingNbIotNtn: satellite is disabled
04-26 22:24:09.702  1203  1331 D SatelliteController: getCarrierRoamingNtnConnectType: Checking connect type from PLMN config for subId: 1
04-26 22:24:09.714  1203  1331 D SatelliteController: getSatellitePerPlmnConfiguration: invalid subId or not supported via carrier.
04-26 22:24:09.714  1203  1331 D SatelliteController: getCarrierRoamingNtnConnectType: config: null
04-26 22:24:09.714  1203  1331 D SatelliteController: getCarrierRoamingNtnConnectType: Falling back to global carrier config connect type: 0
04-26 22:24:09.714  1203  1331 D SatelliteController: updateLastNotifiedCarrierRoamingNtnSignalStrengthAndNotify(1)
04-26 22:24:09.714  1203  1331 D SatelliteController: updateLastNotifiedCarrierRoamingNtnSignalStrengthAndNotify(1) lastNotifiedSignalStrength level: 0
04-26 22:24:09.714  1203  1331 D SatelliteController: updateLastNotifiedCarrierRoamingNtnSignalStrengthAndNotify(1) currSignalStrength level: 0
04-26 22:24:10.057 23654 23705 I MuMain  : PERF fps=42.4 frameMs=23.57 phase(render=22.79 pad=0.02 present=0.69) renderLevel=4 fxScale=1.00 maxMsg=30 avg(draw=361 verts=81951 im=1968 vaD=0 vaC=0 qI=279 qE=0) max(draw=368 verts=82272)
04-26 22:24:10.057 23654 23705 I MuMain  : PERF_SCENE world=73 char(live=0 vis=0 ply=0 mon=0 npc=0 pet=0 prio=0 topMon=-1 x0) obj(live=375 vis=76 op=0 trap=0 topObj=129 x7)
04-26 22:24:10.057 23654 23705 I MuMain  : PERF_BUCKET objMove(cand=0 upd=0 def=0 n=0 m=0 f=0) objRender(cand=0 draw=0 cull=0 n=0 m=0 f=0 visDraw=0 visDef=0) charMove(cand=0 upd=0 def=0 n=0 m=0 f=0) charRender(cand=0 draw=0 def=0 cull=0 n=0 m=0 f=0)
04-26 22:24:10.057 23654 23705 I MuMain  : PERF_TERRAIN world=73 normal(block=0 tile=0) grass(block=0 tile=0) after(block=0 tile=0)
04-26 22:24:10.568   560   624 D AF::Track: interceptBuffer: took 636us to intercept 0 tracks
04-26 22:24:10.586 23654 23705 I MuMain  : ADAPT fx scale: fps=40.4 frameMs=24.72 1.00->0.90 target=0.90
04-26 22:24:10.623 23725 23725 W libbinder.BackendUnifiedServiceManager: Thread Pool max thread count is 0. Cannot cache binder as linkToDeath cannot be implemented. serviceName: SurfaceFlingerAIDL
04-26 22:24:10.624 23725 23725 W libbinder.BpBinder: Linking to death on android.gui.ISurfaceComposer but there are no threads (yet?) listening to incoming transactions. See ProcessState::startThreadPool and ProcessState::setThreadPoolMaxThreadCount. Generally you should setup the binder threadpool before other initialization steps.
04-26 22:24:10.625 23725 23725 W libbinder.ProcessState: Extra binder thread started, but 0 threads requested. Do not use *startThreadPool when zero threads are requested.
04-26 22:24:10.686   566   616 W skia    : AGTM parsing failed flags.readFromStream(s) at 159
04-26 22:24:11.000   560   624 D AF::Track: interceptBuffer: took 1151us to intercept 0 tracks
04-26 22:24:11.120 23654 23705 I MuMain  : PERF fps=25.6 frameMs=39.01 phase(render=38.09 pad=0.03 present=0.84) renderLevel=4 fxScale=1.00 maxMsg=30 avg(draw=302 verts=89782 im=1902 vaD=0 vaC=0 qI=220 qE=0) max(draw=316 verts=95193)
04-26 22:24:11.120 23654 23705 I MuMain  : PERF_SCENE world=73 char(live=0 vis=0 ply=0 mon=0 npc=0 pet=0 prio=0 topMon=-1 x0) obj(live=375 vis=62 op=0 trap=0 topObj=129 x6)
04-26 22:24:11.120 23654 23705 I MuMain  : PERF_BUCKET objMove(cand=0 upd=0 def=0 n=0 m=0 f=0) objRender(cand=0 draw=0 cull=0 n=0 m=0 f=0 visDraw=0 visDef=0) charMove(cand=0 upd=0 def=0 n=0 m=0 f=0) charRender(cand=0 draw=0 def=0 cull=0 n=0 m=0 f=0)
04-26 22:24:11.120 23654 23705 I MuMain  : PERF_TERRAIN world=73 normal(block=0 tile=0) grass(block=0 tile=0) after(block=0 tile=0)
