04-26 16:37:54.123 I/AppBase ( 4105): AppBase.onConfigurationChanged():294 onConfigurationChanged() : NewConfig = {1.0 310mcc260mnc [en_US] ldltr sw411dp w914dp h411dp 420dpi nrml long compactNeeded land finger qwerty/v/v dpad/v winConfig={ mBounds=Rect(0, 0 - 2400, 1080) mAppBounds=Rect(0, 0 - 2400, 1080) mMaxBounds=Rect(0, 0 - 2400, 1080) mDisplayRotation=ROTATION_90 mWindowingMode=fullscreen mActivityType=undefined mAlwaysOnTop=undefined mRotation=ROTATION_90} as.3 s.427 fontWeightAdjustment=0}
04-26 16:37:54.125 I/InputManager-JNI(  736): Viewport [0] to add: local:4619827259835644672, isActive: true
04-26 16:37:54.126 I/GoogleInputMethodService( 4105): GoogleInputMethodService.onConfigurationChanged():1078 onConfigurationChanged() : NewConfig = {1.0 310mcc260mnc [en_US] ldltr sw411dp w914dp h411dp 420dpi nrml long compactNeeded land finger qwerty/v/v dpad/v winConfig={ mBounds=Rect(0, 0 - 2400, 1080) mAppBounds=Rect(0, 0 - 2400, 1080) mMaxBounds=Rect(0, 0 - 2400, 1080) mDisplayRotation=ROTATION_90 mWindowingMode=fullscreen mActivityType=undefined mAlwaysOnTop=undefined mRotation=ROTATION_90} as.3 s.410 fontWeightAdjustment=0}
04-26 16:37:54.126 I/GoogleInputMethodService( 4105): GoogleInputMethodService.onConfigurationChanged():1079 device real metrics: DisplayMetrics{density=2.625, width=2400, height=1080, scaledDensity=2.625, xdpi=420.0, ydpi=420.0}
04-26 16:37:54.126 I/GoogleInputMethodService( 4105): GoogleInputMethodService.onConfigurationChanged():1087 Maybe update OEM display config because of configuration change
04-26 16:37:54.126 I/InputMethodEntryManager( 4105): InputMethodEntryManager.notifyCurrentInputMethodEntryOnContextChanged():560 notifyCurrentInputMethodEntryOnContextChanged()
04-26 16:37:54.126 I/libbinder.BpBinder(  566): onLastStrongRef automatically unlinking death recipients for binder (0x7eaa360553b0) with descriptor: '(not cached)'
04-26 16:37:54.126 I/InputReader(  736): Reconfiguring input devices, changes=DISPLAY_INFO
04-26 16:37:54.126 I/InputMethodEntryManager( 4105): InputMethodEntryManager.notifyCurrentInputMethodEntryOnContextChanged():581 Notify current input method entry changed on context change
04-26 16:37:54.126 I/InputReader(  736): Touch device 'virtio_input_multi_touch_11' could not query the properties of its associated display.  The device will be inoperable until the display size becomes available.
04-26 16:37:54.126 I/InputReader(  736): Touch device 'virtio_input_multi_touch_10' could not query the properties of its associated display.  The device will be inoperable until the display size becomes available.
04-26 16:37:54.126 I/InputReader(  736): Touch device 'virtio_input_multi_touch_9' could not query the properties of its associated display.  The device will be inoperable until the display size becomes available.
04-26 16:37:54.126 I/InputReader(  736): Touch device 'virtio_input_multi_touch_8' could not query the properties of its associated display.  The device will be inoperable until the display size becomes available.
04-26 16:37:54.126 I/InputReader(  736): Touch device 'virtio_input_multi_touch_7' could not query the properties of its associated display.  The device will be inoperable until the display size becomes available.
04-26 16:37:54.126 I/InputReader(  736): Touch device 'virtio_input_multi_touch_6' could not query the properties of its associated display.  The device will be inoperable until the display size becomes available.
04-26 16:37:54.126 I/InputReader(  736): Touch device 'virtio_input_multi_touch_5' could not query the properties of its associated display.  The device will be inoperable until the display size becomes available.
04-26 16:37:54.126 I/InputReader(  736): Touch device 'virtio_input_multi_touch_4' could not query the properties of its associated display.  The device will be inoperable until the display size becomes available.
04-26 16:37:54.127 I/InputReader(  736): Touch device 'virtio_input_multi_touch_3' could not query the properties of its associated display.  The device will be inoperable until the display size becomes available.
04-26 16:37:54.127 I/InputReader(  736): Touch device 'virtio_input_multi_touch_2' could not query the properties of its associated display.  The device will be inoperable until the display size becomes available.
04-26 16:37:54.127 I/SystemSubtypesReportModule( 4105): SystemSubtypesReportModule$2.onCurrentInputMethodEntryChanged():153 entry: en-US, source: UNSPECIFIED
04-26 16:37:54.128 I/KeyboardContextProvider( 4105): KeyboardContextProvider$KeyboardContextCache.createKeyboardContext():173 createKeyboardContext(): en-US, lpz@b29cdf3(com.android.inputmethod.latin.LatinIME@3ee55f2), {1.0 310mcc260mnc [en_US] ldltr sw411dp w914dp h411dp 420dpi nrml long compactNeeded land finger qwerty/v/v dpad/v winConfig={ mBounds=Rect(0, 0 - 2400, 1080) mAppBounds=Rect(0, 0 - 2400, 1080) mMaxBounds=Rect(0, 0 - 2400, 1080) mDisplayRotation=ROTATION_90 mWindowingMode=fullscreen mActivityType=undefined mAlwaysOnTop=undefined mRotation=ROTATION_90} as.3 s.410 fontWeightAdjustment=0}
04-26 16:37:54.128 I/GoogleInputMethodService( 4105): GoogleInputMethodService.onCurrentInputMethodEntryChanged():2375 onCurrentInputMethodEntryChanged(): imeDefsChanged=false, entryLanguageVariantChanged=false, keyboardContextChanged=true
04-26 16:37:54.129 V/WindowManager(  736): Sent Transition (#52) createdAt=04-26 16:37:54.034 via request=TransitionRequestInfo { type = CHANGE, triggerTask = null, pipChange = null, remoteTransitionInfo = null, displayChange = DisplayChange { displayId = 0, startAbsBounds = null, endAbsBounds = null, startRotation = 0, endRotation = 1, physicalDisplayChanged = false, disconnectReparentDisplay = -1, endInsetsState = null }, requestedLocation = null, userChange = null, windowingLayerChange = null, fullscreenRequestChange = null, flags = 0, debugId = 52 }
04-26 16:37:54.129 V/WindowManager(  736):     startWCT=WindowContainerTransaction { changes= {} hops= [] flags= 0 errorCallbackToken=null taskFragmentOrganizer=null }
04-26 16:37:54.130 I/KeyboardContextProvider( 4105): KeyboardContextProvider.setBaseContextAndInvalidKeyboardContextCache():88 setBaseContextAndInvalidKeyboardContextCache(): com.android.inputmethod.latin.LatinIME@3ee55f2
04-26 16:37:54.130 I/InputMethodEntryManager( 4105): InputMethodEntryManager.resetLanguages():2825 resetLanguages(): languages=null, conditionName=orientation
04-26 16:37:54.130 I/ImeDefCache( 4105): ImeDefCache.clearCacheForLanguages():392 clearCacheForLanguages(): []
04-26 16:37:54.130 I/AdditionalImeDefCache( 4105): AdditionalImeDefCache.clearAdditionalImeDefsForCondition():421 clearAdditionalImeDefsForCondition() clear additional ImeDefs: []
04-26 16:37:54.130 I/InputMethodEntryManager( 4105): InputMethodEntryManager.resetLanguages():2836 Clear cache for languages: null, changed=false
04-26 16:37:54.130 I/InputMethodEntryManager( 4105): InputMethodEntryManager.startLoadingInputMethodEntrySettings():755 Start loading input method entry settings: [LanguageTagVariantTuple{languageTag=en-US, variant=qwerty}]
04-26 16:37:54.130 V/WindowManager(  736):     info={id=52 t=CHANGE f=0x0 trk=0 r=[0@Point(0, 0)] c=[
04-26 16:37:54.130 V/WindowManager(  736):         {WCT{RemoteToken{a4ca6d4 Task{74d3f3 #97 type=standard A=10230:com.muonline.client}}} m=CHANGE f=NONE p=WCT{RemoteToken{c11d292 DefaultTaskDisplayArea@125646128}} leash=Surface(name=Task=97#522)/@0xdf6331a sb=Rect(0, 0 - 1080, 2400) eb=Rect(0, 0 - 2400, 1080) epz=Point(2400, 1080) d=0 r=0->1:-1 taskParent=-1 winMode=1 userId=0},
04-26 16:37:54.130 V/WindowManager(  736):         {WCT{RemoteToken{c11d292 DefaultTaskDisplayArea@125646128}} m=CHANGE f=FLAG_IS_TASK_DISPLAY_AREA p=WCT{RemoteToken{5194fac AppZoomOut:2:14@13750468}} leash=Surface(name=DefaultTaskDisplayArea#9)/@0x7ec752e sb=Rect(0, 0 - 1080, 2400) eb=Rect(0, 0 - 2400, 1080) epz=Point(2400, 1080) d=0 r=0->1:-1},
04-26 16:37:54.130 V/WindowManager(  736):         {WCT{RemoteToken{5194fac AppZoomOut:2:14@13750468}} m=CHANGE f=NONE p=WCT{RemoteToken{d158475 WindowedMagnification:0:31@119458816}} leash=Surface(name=AppZoomOut:2:14#8)/@0x8565169 sb=Rect(0, 0 - 1080, 2400) eb=Rect(0, 0 - 2400, 1080) epz=Point(2400, 1080) d=0 r=0->1:-1},
04-26 16:37:54.130 V/WindowManager(  736):         {WCT{RemoteToken{d158475 WindowedMagnification:0:31@119458816}} m=CHANGE f=NONE p=WCT{RemoteToken{f199 Display{#0 state=ON size=2400x1080 ROTATION_90}}} leash=Surface(name=WindowedMagnification:0:31#3)/@0x62e2663 sb=Rect(0, 0 - 1080, 2400) eb=Rect(0, 0 - 2400, 1080) epz=Point(2400, 1080) d=0 r=0->1:-1},
04-26 16:37:54.130 V/WindowManager(  736):         {WCT{RemoteToken{f199 Display{#0 state=ON size=2400x1080 ROTATION_90}}} m=CHANGE f=IS_DISPLAY leash=Surface(name=WindowedMagnification:0:31#3)/@0x62e2663 sb=Rect(0, 0 - 1080, 2400) eb=Rect(0, 0 - 2400, 1080) epz=Point(2400, 1080) d=0 r=0->1:3}
04-26 16:37:54.130 V/WindowManager(  736):     ]}
04-26 16:37:54.131 I/InputMethodEntryManager( 4105): InputMethodEntryManager.updateInputMethodEntrySettingsLoadingTask():885 update loading task with resetImplicitlyEnabledEntries is false
04-26 16:37:54.131 W/InputChannel-JNI(  736): Channel already disposed.
04-26 16:37:54.134 I/InputMethodEntryManager( 4105): InputMethodEntryManager$4.onSuccess():907 Success load entries: [LanguageTagVariantTuple{languageTag=en-US, variant=qwerty}], resetImplicitlyEnabledEntries=false, initialized=true
04-26 16:37:54.136 D/DisplayManagerService(  736): Sending topology graph to Input Manager: DisplayTopologyGraph{mPrimaryDisplayId=0}
04-26 16:37:54.136 D/DisplayManagerService(  736):   DisplayNode{displayId=0, density=420, bounds=RectF(0.0, 0.0, 914.2857, 411.42856)}
04-26 16:37:54.140 D/Bubbles ( 1036): BubblePositioner.update() insets=Insets{left=132, top=74, right=0, bottom=63} largeScreen=false smallTablet=false isBubbleBar=false bounds=Rect(0, 0 - 2400, 1080)
04-26 16:37:54.141 D/VRI[PreloadActivity]( 8312): WindowInsets changed: 2268x1080 statusBars:[0,74,0,0] navigationBars:[0,0,0,63] mandatorySystemGestures:[0,74,0,84] 
04-26 16:37:54.141 D/WindowOnBackDispatcher( 8312): setTopOnBackInvokedCallback (unwrapped): android.view.ViewRootImpl$$ExternalSyntheticLambda13@7a716e3
04-26 16:37:54.141 I/HWUI    ( 8312): Using FreeType backend (prop=Auto)
04-26 16:37:54.141 D/CoreBackPreview(  736): Window{a56bccb u0 com.muonline.client/com.muonline.client.PreloadActivity}: Setting back callback OnBackInvokedCallbackInfo{mCallback=android.window.IOnBackInvokedCallback$Stub$Proxy@1905e7d, mPriority=0, mIsAnimationCallback=false, mOverrideBehavior=0}
04-26 16:37:54.143 D/ShellWindowDecoration( 1036): MultiDisplayTaskMover: onTopologyChanged: displayIds=[0]
04-26 16:37:54.145 V/WindowManagerShell( 1036): onTransitionReady(transaction=3161095934908)
04-26 16:37:54.148 I/SP      ( 4105): Registering emoticon_content_description.2022081613, url: https://www.gstatic.com/android/keyboard/emoticon_content_desc/202208161305/superpacks_manifest.json, constraints: W:*:*:*, flags: bg, requested: 2022081613, current: 2022081613
04-26 16:37:54.148 V/WindowManagerShell( 1036): onTransitionReady (#52) android.os.BinderProxy@420f7ba: {id=52 t=CHANGE f=0x0 trk=0 r=[0@Point(0, 0)] c=[
04-26 16:37:54.148 V/WindowManagerShell( 1036):         {m=CHANGE f=NONE p=WCT{android.os.BinderProxy@d845049} leash=Surface(name=Task=97#522)/@0xbd653c3 sb=Rect(0, 0 - 1080, 2400) eb=Rect(0, 0 - 2400, 1080) epz=Point(2400, 1080) d=0 r=0->1:-1 taskParent=-1 winMode=1 userId=0},
04-26 16:37:54.148 V/WindowManagerShell( 1036):         {m=CHANGE f=FLAG_IS_TASK_DISPLAY_AREA p=WCT{android.os.BinderProxy@38a5576} leash=Surface(name=DefaultTaskDisplayArea#9)/@0xcd624 sb=Rect(0, 0 - 1080, 2400) eb=Rect(0, 0 - 2400, 1080) epz=Point(2400, 1080) d=0 r=0->1:-1},
04-26 16:37:54.148 V/WindowManagerShell( 1036):         {m=CHANGE f=NONE p=WCT{android.os.BinderProxy@7be5302} leash=Surface(name=AppZoomOut:2:14#8)/@0x28e558d sb=Rect(0, 0 - 1080, 2400) eb=Rect(0, 0 - 2400, 1080) epz=Point(2400, 1080) d=0 r=0->1:-1},
04-26 16:37:54.148 V/WindowManagerShell( 1036):         {m=CHANGE f=NONE p=WCT{android.os.BinderProxy@9b57942} leash=Surface(name=WindowedMagnification:0:31#3)/@0xcb99342 sb=Rect(0, 0 - 1080, 2400) eb=Rect(0, 0 - 2400, 1080) epz=Point(2400, 1080) d=0 r=0->1:-1},
04-26 16:37:54.148 V/WindowManagerShell( 1036):         {m=CHANGE f=IS_DISPLAY leash=Surface(name=WindowedMagnification:0:31#3)/@0xcedff53 sb=Rect(0, 0 - 1080, 2400) eb=Rect(0, 0 - 2400, 1080) epz=Point(2400, 1080) d=0 r=0->1:3}
04-26 16:37:54.148 V/WindowManagerShell( 1036):     ]}
04-26 16:37:54.150 I/InputMethodEntryManager( 4105): InputMethodEntryManager.changeCurrentInputMethodEntry():3048 Set current input method entry: source=UNSPECIFIED, entryChanged=false, enablePersist=true, mua{languageTag=en-US, variant=qwerty, hasLocalizedResources=true, conditionCacheKey=_android_software_xr_api_spatial=false_app_first_start_timestamp=1776337405505_cache_additional_ime_defs_for_condition_change=false_cache_ime_defs_for_condition_change=false_deprecate_long_press_space_for_ime_picker=false_device=phone_device_size=default_enable_more_candidates_view_for_multilingual=false_enable_number_row=false_enable_number_row_in_password=true_enable_pk_simulator=false_enable_pk_simulator_setting=false_enable_preemptive_decode=true_enable_scrub_move=true_enable_secondary_digits=true_enable_secondary_symbols=false_expressions=normal_four_or_more_letter_rows=false_free_cursor=false_free_cursor_spacebar_popup=false_keyboard_font_size_setting=_keyboard_mode=normal_language=en-US_layout_9key_split=false_orientation=landscape_physical_keyboard=qwerty_pk_simulator_vk_ready=false_pref_enable_flick_symbols=false_rtl_layout=false_show_comma_key=true_show_period_key=true_show_secondary_digits=true_show_suggestion_strip=true_show_suggestions=true_split_with_duplicate_keys=true_true=true_variant=qwerty_writing_helper_enable_by_word_revert=false, imeDef.stringId=ime_english_united_states, imeDef.className=com.google.android.apps.inputmethod.libs.latin5.LatinIme, imeDef.languageTag=en-US}
04-26 16:37:54.150 I/InputMethodEntryManager( 4105): InputMethodEntryManager.loadAdditionalImeDefsForCurrentEntry():3077 loadAdditionalImeDefsForCurrentEntry(): mua{languageTag=en-US, variant=qwerty, hasLocalizedResources=true, conditionCacheKey=_android_software_xr_api_spatial=false_app_first_start_timestamp=1776337405505_cache_additional_ime_defs_for_condition_change=false_cache_ime_defs_for_condition_change=false_deprecate_long_press_space_for_ime_picker=false_device=phone_device_size=default_enable_more_candidates_view_for_multilingual=false_enable_number_row=false_enable_number_row_in_password=true_enable_pk_simulator=false_enable_pk_simulator_setting=false_enable_preemptive_decode=true_enable_scrub_move=true_enable_secondary_digits=true_enable_secondary_symbols=false_expressions=normal_four_or_more_letter_rows=false_free_cursor=false_free_cursor_spacebar_popup=false_keyboard_font_size_setting=_keyboard_mode=normal_language=en-US_layout_9key_split=false_orientation=landscape_physical_keyboard=qwerty_pk_simulator_vk_ready=false_pref_enable_flick_symbols=false_rtl_layout=false_show_comma_key=true_show_period_key=true_show_secondary_digits=true_show_suggestion_strip=true_show_suggestions=true_split_with_duplicate_keys=true_true=true_variant=qwerty_writing_helper_enable_by_word_revert=false, imeDef.stringId=ime_english_united_states, imeDef.className=com.google.android.apps.inputmethod.libs.latin5.LatinIme, imeDef.languageTag=en-US}
04-26 16:37:54.150 I/InputMethodEntryManager( 4105): InputMethodEntryManager$6.onSuccess():3093 Success load additional ImeDefs, entryChanged=false, additionalImeDefsChanged=false, [noh{stringId=password, language=und-Latn-x-password, languageTag=und-Latn-x-password, processedConditions={writing_helper_enable_by_word_revert=false, variant=qwerty, true=true, language=en-US, enable_number_row=true, device=phone, enable_number_row_in_password=true, enable_pk_simulator=false}, className=com.google.android.libraries.inputmethod.ime.password.PasswordIme, label=2132019347, keyEventInterpreter=null, inlineComposing=true, autoCapital=true, announceAutoSelectedCandidate=true, statusIcon=0, indicatorIcon=0, indicatorLabel=null, displayAppCompletions=false, extraValues=noa{}, processors=nqa@e1dc12, unacceptableMetaKeys=4098, languageSpecificSettings=0, asciiCapable=false, alwaysShowSuggestions=false, useAsciiPasswordKeyboard=false, keyboardGroupDef=npj@9245fe3, phenotypeFlagId=0, localizationLanguageTag=null, supportsInlineSuggestion=false}, noh{stringId=number, language=und-Latn-x-number, languageTag=und-Latn-x-number, processedConditions={}, className=com.google.android.libraries.inputmethod.ime.DummyIme, label=2132019284, keyEventInterpreter=null, inlineComposing=true, autoCapital=false, announceAutoSelectedCandidate=false, statusIcon=0, indicatorIcon=0, indicatorLabel=null, displayAppCompletions=false, extraValues=noa{}, processors=nqa@e1dc12, unacceptableMetaKeys=4098, languageSpecificSettings=0, asciiCapable=false, alwaysShowSuggestions=false, useAsciiPasswordKeyboard=false, keyboardGroupDef=npj@6462de0, phenotypeFlagId=0, localizationLanguageTag=null, supportsInlineSuggestion=false}, noh{stringId=number_password, language=und-Latn-x-number-password, languageTag=und-Latn-x-number-password, processedConditions={}, className=com.google.android.libraries.inputmethod.ime.DummyIme, label=2132019285, keyEventInterpreter=null, inlineComposing=true, autoCapital=false, announceAutoSelectedCandidate=false, statusIcon=0, indicatorIcon=0, indicatorLabel=null, displayAppCompletions=false, extraValues=noa{}, processors=nqa@e1dc12, unacceptableMetaKeys=4098, languageSpecificSettings=0, asciiCapable=false, alwaysShowSuggestions=false, useAsciiPasswordKeyboard=false, keyboardGroupDef=npj@91bf899, phenotypeFlagId=0, localizationLanguageTag=null, supportsInlineSuggestion=false}, noh{stringId=phone_number, language=und-Latn-x-phone-number, languageTag=und-Latn-x-phone-number, processedConditions={}, className=com.google.android.libraries.inputmethod.ime.DummyIme, label=2132019384, keyEventInterpreter=null, inlineComposing=true, autoCapital=false, announceAutoSelectedCandidate=false, statusIcon=0, indicatorIcon=0, indicatorLabel=null, displayAppCompletions=false, extraValues=noa{}, processors=nqa@e1dc12, unacceptableMetaKeys=4098, languageSpecificSettings=0, asciiCapable=false, alwaysShowSuggestions=false, useAsciiPasswordKeyboard=false, keyboardGroupDef=npj@5fda75e, phenotypeFlagId=0, localizationLanguageTag=null, supportsInlineSuggestion=false}, noh{stringId=date_time, language=und-Latn-x-date-time, languageTag=und-Latn-x-date-time, processedConditions={}, className=com.google.android.libraries.inputmethod.ime.DummyIme, label=2132017762, keyEventInterpreter=null, inlineComposing=true, autoCapital=false, announceAutoSelectedCandidate=false, statusIcon=0, indicatorIcon=0, indicatorLabel=null, displayAppCompletions=false, extraValues=noa{}, processors=nqa@e1dc12, unacceptableMetaKeys=4098, languageSpecificSettings=0, asciiCapable=false, alwaysShowSuggestions=false, useAsciiPasswordKeyboard=false, keyboardGroupDef=npj@6b3173f, phenotypeFlagId=0, localizationLanguageTag=null, supportsInlineSuggestion=false}]
04-26 16:37:54.150 V/WindowManagerShell( 1036): Playing animation for (#52) android.os.BinderProxy@420f7ba@0
04-26 16:37:54.150 V/WindowManagerShell( 1036): PipTransitionState: Set mIsDisplayChangeScheduled=false
04-26 16:37:54.150 I/InputMethodEntryManager( 4105): InputMethodEntryManager.onSuccessLoadingAdditionalImeDefs():3159 Additional ImeDefs have been loaded, maybe notify entry change: false
04-26 16:37:54.151 D/ShellSplitScreen( 1036): startAnimation: transition=52 isSplitActive=false
04-26 16:37:54.151 V/ShellRecents( 1036): RecentsTransitionHandler.startAnimation: no controller found
04-26 16:37:54.151 V/ShellDesktopMode( 1036): DesktopMixedTransitionHandler: No pending desktop transition
04-26 16:37:54.151 V/WindowManagerShell( 1036): start default transition animation, info = {id=52 t=CHANGE f=0x0 trk=0 r=[0@Point(0, 0)] c=[{m=CHANGE f=NONE p=WCT{android.os.BinderProxy@d845049} leash=Surface(name=Task=97#522)/@0xbd653c3 sb=Rect(0, 0 - 1080, 2400) eb=Rect(0, 0 - 2400, 1080) epz=Point(2400, 1080) d=0 r=0->1:-1 taskParent=-1 winMode=1 userId=0},{m=CHANGE f=FLAG_IS_TASK_DISPLAY_AREA p=WCT{android.os.BinderProxy@38a5576} leash=Surface(name=DefaultTaskDisplayArea#9)/@0xcd624 sb=Rect(0, 0 - 1080, 2400) eb=Rect(0, 0 - 2400, 1080) epz=Point(2400, 1080) d=0 r=0->1:-1},{m=CHANGE f=NONE p=WCT{android.os.BinderProxy@7be5302} leash=Surface(name=AppZoomOut:2:14#8)/@0x28e558d sb=Rect(0, 0 - 1080, 2400) eb=Rect(0, 0 - 2400, 1080) epz=Point(2400, 1080) d=0 r=0->1:-1},{m=CHANGE f=NONE p=WCT{android.os.BinderProxy@9b57942} leash=Surface(name=WindowedMagnification:0:31#3)/@0xcb99342 sb=Rect(0, 0 - 1080, 2400) eb=Rect(0, 0 - 2400, 1080) epz=Point(2400, 1080) d=0 r=0->1:-1},{m=CHANGE f=IS_DISPLAY leash=Surface(name=WindowedMagnification:0:31#3)/@0xcedff53 sb=Rect(0, 0 - 1080, 2400) eb=Rect(0, 0 - 2400, 1080) epz=Point(2400, 1080) d=0 r=0->1:3}]}
04-26 16:37:54.151 V/WindowManagerShell( 1036): Display is changing, resolve the animation hint.
04-26 16:37:54.151 V/WindowManagerShell( 1036):   display requests explicit seamless
04-26 16:37:54.152 D/WindowManager(  736): setClientSurface Surface(name=VRI-com.muonline.client/com.muonline.client.PreloadActivity#536)/@0x1926ae8 for a56bccb com.muonline.client/com.muonline.client.PreloadActivity
04-26 16:37:54.153 I/SystemSubtypesReportModule( 4105): SystemSubtypesReportModule$2.onCurrentInputMethodEntryChanged():153 entry: en-US, source: UNSPECIFIED
04-26 16:37:54.154 I/GoogleInputMethodService( 4105): GoogleInputMethodService.onCurrentInputMethodEntryChanged():2375 onCurrentInputMethodEntryChanged(): imeDefsChanged=false, entryLanguageVariantChanged=false, keyboardContextChanged=false
04-26 16:37:54.154 I/GoogleInputMethodService( 4105): GoogleInputMethodService.onCurrentInputMethodEntryChanged():2393 Skip the entry change as the input method entry is consider as not changed.
04-26 16:37:54.157 V/WindowManagerShell( 1036): Transition animation finished (aborted=false), notifying core (#52) android.os.BinderProxy@420f7ba@0
04-26 16:37:54.175 W/AmbientCueRepository( 1219): spoonBarOptedIn not found, default to enabled
04-26 16:37:54.175 W/AmbientCueRepository( 1219): android.provider.Settings$SettingNotFoundException: spoonBarOptedIn
04-26 16:37:54.175 W/AmbientCueRepository( 1219): 	at android.provider.Settings.parseIntSetting(Settings.java:4348)
04-26 16:37:54.175 W/AmbientCueRepository( 1219): 	at android.provider.Settings.-$$Nest$smparseIntSetting(Settings.java:0)
04-26 16:37:54.175 W/AmbientCueRepository( 1219): 	at android.provider.Settings$Secure.getIntForUser(Settings.java:7792)
04-26 16:37:54.175 W/AmbientCueRepository( 1219): 	at android.provider.Settings$Secure.getInt(Settings.java:7784)
04-26 16:37:54.175 W/AmbientCueRepository( 1219): 	at com.android.quickstep.cuebar.data.repository.AmbientCueRepositoryImpl.isAmbientCueSettingEnabled(go/retraceme 7226a759aa2bb3787a79806f85d80eaad84f1f1e15acd6db988f2df789d1680d:9)
04-26 16:37:54.175 W/AmbientCueRepository( 1219): 	at com.android.quickstep.cuebar.data.repository.AmbientCueRepositoryImpl.<init>(go/retraceme 7226a759aa2bb3787a79806f85d80eaad84f1f1e15acd6db988f2df789d1680d:144)
04-26 16:37:54.175 W/AmbientCueRepository( 1219): 	at com.android.launcher3.taskbar.CueBarController.<init>(go/retraceme 7226a759aa2bb3787a79806f85d80eaad84f1f1e15acd6db988f2df789d1680d:31)
04-26 16:37:54.175 W/AmbientCueRepository( 1219): 	at com.android.launcher3.taskbar.TaskbarActivityContext.<init>(go/retraceme 7226a759aa2bb3787a79806f85d80eaad84f1f1e15acd6db988f2df789d1680d:3648)
04-26 16:37:54.175 W/AmbientCueRepository( 1219): 	at com.android.launcher3.taskbar.TaskbarManagerImpl.createTaskbarActivityContext(go/retraceme 7226a759aa2bb3787a79806f85d80eaad84f1f1e15acd6db988f2df789d1680d:59)
04-26 16:37:54.175 W/AmbientCueRepository( 1219): 	at com.android.launcher3.taskbar.TaskbarManagerImpl.recreateTaskbarForDisplay(go/retraceme 7226a759aa2bb3787a79806f85d80eaad84f1f1e15acd6db988f2df789d1680d:248)
04-26 16:37:54.175 W/AmbientCueRepository( 1219): 	at com.android.launcher3.taskbar.TaskbarManagerImpl$$ExternalSyntheticLambda24.invoke(go/retraceme 7226a759aa2bb3787a79806f85d80eaad84f1f1e15acd6db988f2df789d1680d:45)
04-26 16:37:54.175 W/AmbientCueRepository( 1219): 	at com.android.launcher3.taskbar.PerDisplayTaskbarResource$componentCallbacks$1$onConfigurationChanged$1.run(go/retraceme 7226a759aa2bb3787a79806f85d80eaad84f1f1e15acd6db988f2df789d1680d:114)
04-26 16:37:54.175 W/AmbientCueRepository( 1219): 	at com.android.launcher3.util.LooperExecutor.execute(go/retraceme 7226a759aa2bb3787a79806f85d80eaad84f1f1e15acd6db988f2df789d1680d:16)
04-26 16:37:54.175 W/AmbientCueRepository( 1219): 	at com.android.launcher3.taskbar.PerDisplayTaskbarResource$componentCallbacks$1.onConfigurationChanged(go/retraceme 7226a759aa2bb3787a79806f85d80eaad84f1f1e15acd6db988f2df789d1680d:14)
04-26 16:37:54.175 W/AmbientCueRepository( 1219): 	at android.content.ComponentCallbacksController.lambda$dispatchConfigurationChanged$0(ComponentCallbacksController.java:92)
04-26 16:37:54.175 W/AmbientCueRepository( 1219): 	at android.content.ComponentCallbacksController$$ExternalSyntheticLambda2.accept(D8$$SyntheticClass:0)
04-26 16:37:54.175 W/AmbientCueRepository( 1219): 	at android.content.ComponentCallbacksController.forAllComponentCallbacks(ComponentCallbacksController.java:125)
04-26 16:37:54.175 W/AmbientCueRepository( 1219): 	at android.content.ComponentCallbacksController.dispatchConfigurationChanged(ComponentCallbacksController.java:92)
04-26 16:37:54.175 W/AmbientCueRepository( 1219): 	at android.window.WindowContext.dispatchConfigurationChanged(WindowContext.java:281)
04-26 16:37:54.175 W/AmbientCueRepository( 1219): 	at android.window.WindowTokenClient.onConfigurationChangedInner(WindowTokenClient.java:212)
04-26 16:37:54.175 W/AmbientCueRepository( 1219): 	at android.window.WindowTokenClient.onConfigurationChanged(WindowTokenClient.java:158)
04-26 16:37:54.175 W/AmbientCueRepository( 1219): 	at android.window.WindowTokenClient.onConfigurationChanged(WindowTokenClient.java:114)
04-26 16:37:54.175 W/AmbientCueRepository( 1219): 	at android.window.WindowTokenClientController.onWindowContextInfoChanged(WindowTokenClientController.java:249)
04-26 16:37:54.175 W/AmbientCueRepository( 1219): 	at android.app.ActivityThread.handleWindowContextInfoChanged(ActivityThread.java:7289)
04-26 16:37:54.175 W/AmbientCueRepository( 1219): 	at android.app.servertransaction.WindowContextInfoChangeItem.execute(WindowContextInfoChangeItem.java:53)
04-26 16:37:54.175 W/AmbientCueRepository( 1219): 	at android.app.servertransaction.TransactionExecutor.executeNonLifecycleItem(TransactionExecutor.java:133)
04-26 16:37:54.175 W/AmbientCueRepository( 1219): 	at android.app.servertransaction.TransactionExecutor.executeTransactionItems(TransactionExecutor.java:103)
04-26 16:37:54.175 W/AmbientCueRepository( 1219): 	at android.app.servertransaction.TransactionExecutor.execute(TransactionExecutor.java:80)
04-26 16:37:54.175 W/AmbientCueRepository( 1219): 	at android.app.ActivityThread$H.handleMessage(ActivityThread.java:3024)
04-26 16:37:54.175 W/AmbientCueRepository( 1219): 	at android.os.Handler.dispatchMessageImpl(Handler.java:142)
04-26 16:37:54.175 W/AmbientCueRepository( 1219): 	at android.os.Handler.dispatchMessage(Handler.java:125)
04-26 16:37:54.175 W/AmbientCueRepository( 1219): 	at android.os.Looper.loopOnce(Looper.java:292)
04-26 16:37:54.175 W/AmbientCueRepository( 1219): 	at android.os.Looper.loop(Looper.java:393)
04-26 16:37:54.175 W/AmbientCueRepository( 1219): 	at android.app.ActivityThread.main(ActivityThread.java:9486)
04-26 16:37:54.175 W/AmbientCueRepository( 1219): 	at java.lang.reflect.Method.invoke(Native Method)
04-26 16:37:54.175 W/AmbientCueRepository( 1219): 	at com.android.internal.os.RuntimeInit$MethodAndArgsCaller.run(RuntimeInit.java:575)
04-26 16:37:54.175 W/AmbientCueRepository( 1219): 	at com.android.internal.os.ZygoteInit.main(ZygoteInit.java:939)
04-26 16:37:54.175 V/WindowManager(  736): Finish Transition (#52): created at 04-26 16:37:54.034 collect-started=0.061ms request-sent=0.156ms started=8.286ms ready=68.584ms sent=90.089ms commit=46.713ms finished=140.459ms
04-26 16:37:54.175 D/LauncherAmbientCueVM( 1219): onUnfilteredActionsChange: []
04-26 16:37:54.178 V/WindowManagerShell( 1036): Track 0 became idle
04-26 16:37:54.178 V/WindowManagerShell( 1036): All active transition animations finished
04-26 16:37:54.178 V/WindowManagerShell( 1036):  animated by com.android.wm.shell.transition.DefaultTransitionHandler@11f9e32
04-26 16:37:54.178 V/WindowManagerShell( 1036): Track 0 became idle
04-26 16:37:54.178 V/WindowManagerShell( 1036): All active transition animations finished
04-26 16:37:54.180 D/BoundBrokerSvc( 1867): onBind: Intent { act=com.google.android.gms.feedback.internal.IFeedbackService dat=chimera-action:/... xflg=0x4 cmp=com.google.android.gms/.chimera.GmsBoundBrokerService }
04-26 16:37:54.181 D/BoundBrokerSvc( 1867): Loading bound service for intent: Intent { act=com.google.android.gms.feedback.internal.IFeedbackService dat=chimera-action:/... xflg=0x4 cmp=com.google.android.gms/.chimera.GmsBoundBrokerService }
04-26 16:37:54.182 D/AmbientCueRepository( 1219): connectToAce: connecting TO ACE and registering
04-26 16:37:54.184 D/AllAppsStore( 1219): setApps: apps.length=21
04-26 16:37:54.184 I/Surface ( 8312): Creating surface for consumer unnamed-8312-0 with slotExpansion=1 for 64 slots
04-26 16:37:54.186 I/Surface ( 8312): Creating surface for consumer VRI[PreloadActivity]#0(BLAST Consumer)0 with slotExpansion=1 for 64 slots
04-26 16:37:54.187 D/AllAppsStore( 1219): notifyUpdate: notifying listeners
04-26 16:37:54.189 W/NotificationCenter( 4105): NotificationCenter$NotificationQueue.notifyPendingNotificationsOnExecutor():877 Heavy notify work detected on UI thread: [onq->qpy] takes 60ms
04-26 16:37:54.190 D/VRI[PreloadActivity]( 8312): WindowInsets changed: statusBars:null navigationBars:null 
04-26 16:37:54.193 I/DeviceModeModule( 4105): DeviceModeModule.calculateAndNotify():225 Device mode 'phone' from display metrics 'DisplayMetrics{density=0.0, width=1080, height=2400, scaledDensity=0.0, xdpi=420.0, ydpi=420.0}' or smallestScreenWidthDp: 411
04-26 16:37:54.193 I/GoogleInputMethodService( 4105): GoogleInputMethodService.onConfigurationChanged():1109 changedMask : 20000480
04-26 16:37:54.193 I/GoogleInputMethodService( 4105): GoogleInputMethodService.clearInputMethodServiceData():1064 clearInputMethodServiceData for configurationChange
04-26 16:37:54.194 I/GoogleInputMethodService( 4105): GoogleInputMethodService.discardAllKeyboardViewAndInputView():1299 discardAllKeyboardViewAndInputView()
04-26 16:37:54.194 I/AbstractOpenableExtension( 4105): AbstractOpenableExtension.maybeDestroyExistingKeyboardGroupManager():536 Destroy existing keyboard group manager in hph
04-26 16:37:54.194 I/AbstractOpenableExtension( 4105): AbstractOpenableExtension$3.onSuccess():556 KeyboardGroupManager destroyed in hph.
04-26 16:37:54.194 I/AbstractOpenableExtension( 4105): AbstractOpenableExtension.createKeyboardGroupManagerListenableFuture():121 Create keyboard group manager listenable future in hph
04-26 16:37:54.194 I/AbstractOpenableExtension( 4105): AbstractOpenableExtension.maybeDestroyExistingKeyboardGroupManager():536 Destroy existing keyboard group manager in fei
04-26 16:37:54.194 I/AbstractOpenableExtension( 4105): AbstractOpenableExtension$3.onSuccess():556 KeyboardGroupManager destroyed in fei.
04-26 16:37:54.194 I/AbstractOpenableExtension( 4105): AbstractOpenableExtension.createKeyboardGroupManagerListenableFuture():121 Create keyboard group manager listenable future in fei
04-26 16:37:54.195 I/AbstractOpenableExtension( 4105): AbstractOpenableExtension.maybeDestroyExistingKeyboardGroupManager():536 Destroy existing keyboard group manager in hsc
04-26 16:37:54.195 I/AbstractOpenableExtension( 4105): AbstractOpenableExtension$3.onSuccess():556 KeyboardGroupManager destroyed in hsc.
04-26 16:37:54.195 I/AbstractOpenableExtension( 4105): AbstractOpenableExtension.createKeyboardGroupManagerListenableFuture():121 Create keyboard group manager listenable future in hsc
04-26 16:37:54.195 D/AlphabeticIndexCompat( 1219): computeSectionName: cs: Settings sectionName: S
04-26 16:37:54.195 I/KeyboardGroupDefParser( 4105): KeyboardGroupDefParser.parseKeyboardGroupDef():86 parseKeyboardGroupDef() 2132213997 -> 0_resource_name_obfuscated : WaitTime = 0 ms : RunTime = 1 ms
04-26 16:37:54.196 D/AlphabeticIndexCompat( 1219): computeSectionName: cs: Photos sectionName: P
04-26 16:37:54.196 D/AlphabeticIndexCompat( 1219): computeSectionName: cs: Battery sectionName: B
04-26 16:37:54.196 D/AlphabeticIndexCompat( 1219): computeSectionName: cs: Chrome sectionName: C
04-26 16:37:54.197 D/AlphabeticIndexCompat( 1219): computeSectionName: cs: Gmail sectionName: G
04-26 16:37:54.197 D/AlphabeticIndexCompat( 1219): computeSectionName: cs: Drive sectionName: D
04-26 16:37:54.198 D/AlphabeticIndexCompat( 1219): computeSectionName: cs: Clock sectionName: C
04-26 16:37:54.198 D/AlphabeticIndexCompat( 1219): computeSectionName: cs: Contacts sectionName: C
04-26 16:37:54.198 D/AlphabeticIndexCompat( 1219): computeSectionName: cs: Calendar sectionName: C
04-26 16:37:54.198 D/AlphabeticIndexCompat( 1219): computeSectionName: cs: Maps sectionName: M
04-26 16:37:54.198 D/AlphabeticIndexCompat( 1219): computeSectionName: cs: YouTube Music sectionName: Y
04-26 16:37:54.198 D/AlphabeticIndexCompat( 1219): computeSectionName: cs: YouTube sectionName: Y
04-26 16:37:54.199 D/AlphabeticIndexCompat( 1219): computeSectionName: cs: Google sectionName: G
04-26 16:37:54.200 E/SystemServiceRegistry( 1160): No service published for: ethernet
04-26 16:37:54.200 E/SystemServiceRegistry( 1160): android.os.ServiceManager$ServiceNotFoundException: No service published for: ethernet
04-26 16:37:54.200 E/SystemServiceRegistry( 1160): 	at android.os.ServiceManager.getServiceOrThrow(ServiceManager.java:176)
04-26 16:37:54.200 E/SystemServiceRegistry( 1160): 	at android.app.SystemServiceRegistry$168.createService(SystemServiceRegistry.java:2638)
04-26 16:37:54.200 E/SystemServiceRegistry( 1160): 	at android.app.SystemServiceRegistry$CachedServiceFetcher.getService(SystemServiceRegistry.java:2768)
04-26 16:37:54.200 E/SystemServiceRegistry( 1160): 	at android.app.SystemServiceRegistry.getSystemService(SystemServiceRegistry.java:2285)
04-26 16:37:54.200 E/SystemServiceRegistry( 1160): 	at android.app.ContextImpl.getSystemService(ContextImpl.java:2448)
04-26 16:37:54.200 E/SystemServiceRegistry( 1160): 	at android.content.ContextWrapper.getSystemService(ContextWrapper.java:991)
04-26 16:37:54.200 E/SystemServiceRegistry( 1160): 	at com.android.networkstack.tethering.Tethering.isEthernetSupported(Tethering.java:1849)
04-26 16:37:54.200 E/SystemServiceRegistry( 1160): 	at com.android.networkstack.tethering.Tethering.makeSupportedDownstreams(Tethering.java:2830)
04-26 16:37:54.200 E/SystemServiceRegistry( 1160): 	at com.android.networkstack.tethering.Tethering.updateSupportedDownstreams(Tethering.java:2804)
04-26 16:37:54.200 E/SystemServiceRegistry( 1160): 	at com.android.networkstack.tethering.Tethering.updateConfiguration(Tethering.java:558)
04-26 16:37:54.200 E/SystemServiceRegistry( 1160): 	at com.android.networkstack.tethering.Tethering.-$$Nest$mupdateConfiguration(Tethering.java:0)
04-26 16:37:54.200 E/SystemServiceRegistry( 1160): 	at com.android.networkstack.tethering.Tethering$StateReceiver.onReceive(Tethering.java:1372)
04-26 16:37:54.200 E/SystemServiceRegistry( 1160): 	at android.app.LoadedApk$ReceiverDispatcher$Args.lambda$getRunnable$0(LoadedApk.java:2050)
04-26 16:37:54.200 E/SystemServiceRegistry( 1160): 	at android.app.LoadedApk$ReceiverDispatcher$Args.$r8$lambda$mcNAAl1SQ4MyJPyDg8TJ2x2h0Rk(LoadedApk.java:0)
04-26 16:37:54.200 E/SystemServiceRegistry( 1160): 	at android.app.LoadedApk$ReceiverDispatcher$Args$$ExternalSyntheticLambda0.run(D8$$SyntheticClass:0)
04-26 16:37:54.200 E/SystemServiceRegistry( 1160): 	at android.os.Handler.handleCallback(Handler.java:1095)
04-26 16:37:54.200 E/SystemServiceRegistry( 1160): 	at android.os.Handler.dispatchMessageImpl(Handler.java:135)
04-26 16:37:54.200 E/SystemServiceRegistry( 1160): 	at android.os.Handler.dispatchMessage(Handler.java:125)
04-26 16:37:54.200 E/SystemServiceRegistry( 1160): 	at android.os.Looper.loopOnce(Looper.java:292)
04-26 16:37:54.200 E/SystemServiceRegistry( 1160): 	at android.os.Looper.loop(Looper.java:393)
04-26 16:37:54.200 E/SystemServiceRegistry( 1160): 	at android.os.HandlerThread.run(HandlerThread.java:139)
04-26 16:37:54.200 W/ModuleManager( 4105): ModuleManager.loadModule():634 Module pig is not available
04-26 16:37:54.199 D/AlphabeticIndexCompat( 1219): computeSectionName: cs: Android System Intelligence sectionName: A
04-26 16:37:54.202 D/AlphabeticIndexCompat( 1219): computeSectionName: cs: Digital Wellbeing sectionName: D
04-26 16:37:54.203 D/AlphabeticIndexCompat( 1219): computeSectionName: cs: Conversations sectionName: C
04-26 16:37:54.204 D/TaskbarManager( 1219): createTaskbarUIControllerForRecentsViewContainer displayId=0 mPrimaryDisplayId=0
04-26 16:37:54.204 D/PerDisplayTaskbarResource( 1219): recreateTaskbarForDisplay: adding rootView displayId=0
04-26 16:37:54.204 D/PerDisplayTaskbarResource( 1219): recreateTaskbarForDisplay: adding root layout displayId=0
04-26 16:37:54.209 I/DeviceModeModule( 4105): DeviceModeModule.calculateAndNotify():225 Device mode 'phone' from display metrics 'DisplayMetrics{density=0.0, width=2400, height=1080, scaledDensity=0.0, xdpi=420.0, ydpi=420.0}' or smallestScreenWidthDp: 411
04-26 16:37:54.209 I/KeyboardGroupDefParser( 4105): KeyboardGroupDefParser.parseKeyboardGroupDef():86 parseKeyboardGroupDef() 2132213994 -> 0_resource_name_obfuscated : WaitTime = 5 ms : RunTime = 10 ms
04-26 16:37:54.210 I/GoogleInputMethodService( 4105): GoogleInputMethodService$8.onWindowMetricsChanged():817 windowMetrics: bounds() = Rect(132, 74 - 2400, 1080), insets() = Rect(0, 0 - 0, 0)
04-26 16:37:54.210 W/AndroidIME( 4105): LatinIMEBase.updateInputViewCoverNavigation():319 Null input view, cannot update padding!
04-26 16:37:54.210 I/WindowMetricsNotification( 4105): WindowMetricsNotification.notify():159 qnx[bounds=Rect(132, 74 - 2400, 1080), insets=Rect(0, 0 - 0, 0), densityDpi=420, smallestScreenWidthDp=411, displayWidth=2400, displayHeight=1080, xdpi=420.0, ydpi=420.0, isTrustable=true, displayId=0]; DisplayMetrics{density=2.625, width=2400, height=1080, scaledDensity=2.625, xdpi=420.0, ydpi=420.0}
04-26 16:37:54.210 I/WindowMetricsHelper( 4105): WindowMetricsHelper.predictAndNotify():145 Window metrics predicted.
04-26 16:37:54.211 I/GoogleInputMethodService( 4105): GoogleInputMethodService.initializeInputMethodServiceData():872 initializeInputMethodServiceData for mua{languageTag=en-US, variant=qwerty, hasLocalizedResources=true, conditionCacheKey=_android_software_xr_api_spatial=false_app_first_start_timestamp=1776337405505_cache_additional_ime_defs_for_condition_change=false_cache_ime_defs_for_condition_change=false_deprecate_long_press_space_for_ime_picker=false_device=phone_device_size=default_enable_more_candidates_view_for_multilingual=false_enable_number_row=false_enable_number_row_in_password=true_enable_pk_simulator=false_enable_pk_simulator_setting=false_enable_preemptive_decode=true_enable_scrub_move=true_enable_secondary_digits=true_enable_secondary_symbols=false_expressions=normal_four_or_more_letter_rows=false_free_cursor=false_free_cursor_spacebar_popup=false_keyboard_font_size_setting=_keyboard_mode=normal_language=en-US_layout_9key_split=false_orientation=landscape_physical_keyboard=qwerty_pk_simulator_vk_ready=false_pref_enable_flick_symbols=false_rtl_layout=false_show_comma_key=true_show_period_key=true_show_secondary_digits=true_show_suggestion_strip=true_show_suggestions=true_split_with_duplicate_keys=true_true=true_variant=qwerty_writing_helper_enable_by_word_revert=false, imeDef.stringId=ime_english_united_states, imeDef.className=com.google.android.apps.inputmethod.libs.latin5.LatinIme, imeDef.languageTag=en-US}
04-26 16:37:54.211 I/Gm3ColorTokenStyleSheetProvider( 4105): Gm3ColorTokenStyleSheetProvider.isHigherContrastMode():326 Detected higher contrast mode: 72.432045
04-26 16:37:54.213 I/Icing   ( 1867): IndexChimeraService.getServiceInterface callingPackage=com.google.android.gms componentName=null serviceId=30
04-26 16:37:54.217 I/KeyboardGroupDefParser( 4105): KeyboardGroupDefParser.parseKeyboardGroupDef():86 parseKeyboardGroupDef() 2132213998 -> 0_resource_name_obfuscated : WaitTime = 1 ms : RunTime = 22 ms
04-26 16:37:54.219 I/KeyboardThemeProvider( 4105): KeyboardThemeProvider.applyKeyboardTheme():27 Apply keyboard theme: theme,!gsf,!pgsans,!pgsf,!use_system_font,BORDER,FLAVOR_DPI=XXHDPI,IS_LIGHT,KEYBOARD_MODE=1,KEYBOARD_WIDTH_CATEGORY=NORMAL,KEY_BORDER_SHAPE=1,LANDSCAPE,LIGHT_THEME=true,ORIENTATION=2,PHYSICAL_DIAGONAL=5.9073825,POPUP,SCREEN_SHORTEST_WIDTH=411,SCREEN_SHORTEST_WIDTH_NO_SCALE=411,SW400DP,XXHDPI,enable_popup_on_keypress=true,keyboard_redesign_google_sans=true,non_linear_scale,noshadow,overlay_builtin_dynamic_color_light_base.binarypb:gm3-light-fffaf8fe-ff4c5e8b-4fb1adea13304a190d4abf12326cf60c,silkpopup
04-26 16:37:54.219 W/LatinCommonMetricsProcessor( 4105): LatinCommonMetricsProcessor.processInputMethodEntryChanged():2554 The new entry is equal to the old entry
04-26 16:37:54.226 I/KeyboardInterfacePrivate( 4105): IKeyboard.createKeyboard():67 Keyboard created from HiltKeyboardFactory: com.google.android.apps.inputmethod.latin.keyboard.LatinPrimeKeyboard
04-26 16:37:54.226 I/AndroidIME( 4105): InputBundleManager.loadActiveInputBundleId():531 loadActiveInputBundleId: und-Latn-x-password, password
04-26 16:37:54.233 D/PerDisplayTaskbarResource( 1219): onDisplayInfoChanged: Rotation changed displayId=0
04-26 16:37:54.234 D/PerDisplayTaskbarResource( 1219): recreateTaskbarForDisplay displayId=0
04-26 16:37:54.234 D/PerDisplayTaskbarResource( 1219): recreateTaskbarForDisplay: getting device profile displayId=0
04-26 16:37:54.234 D/PerDisplayTaskbarResource( 1219): recreateTaskbarForDisplay: destroying taskbar displayId=0
04-26 16:37:54.234 D/PerDisplayTaskbarResource( 1219): destroyTaskbarForDisplay displayId=0
04-26 16:37:54.234 D/CueBarController( 1219): CuebarController destroy
04-26 16:37:54.234 D/TaskbarOverlayController( 1219): onDestroy: 	at com.android.launcher3.taskbar.PerDisplayTaskbarResource.destroyTaskbarForDisplay(go/retraceme 7226a759aa2bb3787a79806f85d80eaad84f1f1e15acd6db988f2df789d1680d:455)
04-26 16:37:54.234 D/TaskbarOverlayController( 1219): 	at com.android.launcher3.taskbar.TaskbarManagerImpl.recreateTaskbarForDisplay(go/retraceme 7226a759aa2bb3787a79806f85d80eaad84f1f1e15acd6db988f2df789d1680d:125)
04-26 16:37:54.234 D/TaskbarOverlayController( 1219): 	at com.android.launcher3.taskbar.TaskbarManagerImpl$$ExternalSyntheticLambda29.accept(go/retraceme 7226a759aa2bb3787a79806f85d80eaad84f1f1e15acd6db988f2df789d1680d:76)
04-26 16:37:54.234 D/TaskbarOverlayController( 1219): onDestroy: Was window already present? false
04-26 16:37:54.234 D/PerDisplayTaskbarResource( 1219): recreateTaskbarForDisplay: isTaskbarEnabled=true [dp != null]=true mUserUnlocked=true dp.isTaskbarPresent=false isTaskbarEnabled=true displayExists=true displayId=0
04-26 16:37:54.235 D/PerDisplayTaskbarResource( 1219): recreateTaskbarForDisplay: creating taskbar displayId=0
04-26 16:37:54.238 I/Icing   ( 1867): Usage reports ok 1, Failed Usage reports 0, indexed 0, rejected 0
04-26 16:37:54.254 W/AmbientCueRepository( 1219): spoonBarOptedIn not found, default to enabled
04-26 16:37:54.254 W/AmbientCueRepository( 1219): android.provider.Settings$SettingNotFoundException: spoonBarOptedIn
04-26 16:37:54.254 W/AmbientCueRepository( 1219): 	at android.provider.Settings.parseIntSetting(Settings.java:4348)
04-26 16:37:54.254 W/AmbientCueRepository( 1219): 	at android.provider.Settings.-$$Nest$smparseIntSetting(Settings.java:0)
04-26 16:37:54.254 W/AmbientCueRepository( 1219): 	at android.provider.Settings$Secure.getIntForUser(Settings.java:7792)
04-26 16:37:54.254 W/AmbientCueRepository( 1219): 	at android.provider.Settings$Secure.getInt(Settings.java:7784)
04-26 16:37:54.254 W/AmbientCueRepository( 1219): 	at com.android.quickstep.cuebar.data.repository.AmbientCueRepositoryImpl.isAmbientCueSettingEnabled(go/retraceme 7226a759aa2bb3787a79806f85d80eaad84f1f1e15acd6db988f2df789d1680d:9)
04-26 16:37:54.254 W/AmbientCueRepository( 1219): 	at com.android.quickstep.cuebar.data.repository.AmbientCueRepositoryImpl.<init>(go/retraceme 7226a759aa2bb3787a79806f85d80eaad84f1f1e15acd6db988f2df789d1680d:144)
04-26 16:37:54.254 W/AmbientCueRepository( 1219): 	at com.android.launcher3.taskbar.CueBarController.<init>(go/retraceme 7226a759aa2bb3787a79806f85d80eaad84f1f1e15acd6db988f2df789d1680d:31)
04-26 16:37:54.254 W/AmbientCueRepository( 1219): 	at com.android.launcher3.taskbar.TaskbarActivityContext.<init>(go/retraceme 7226a759aa2bb3787a79806f85d80eaad84f1f1e15acd6db988f2df789d1680d:3648)
04-26 16:37:54.254 W/AmbientCueRepository( 1219): 	at com.android.launcher3.taskbar.TaskbarManagerImpl.createTaskbarActivityContext(go/retraceme 7226a759aa2bb3787a79806f85d80eaad84f1f1e15acd6db988f2df789d1680d:59)
04-26 16:37:54.254 W/AmbientCueRepository( 1219): 	at com.android.launcher3.taskbar.TaskbarManagerImpl.recreateTaskbarForDisplay(go/retraceme 7226a759aa2bb3787a79806f85d80eaad84f1f1e15acd6db988f2df789d1680d:248)
04-26 16:37:54.254 W/AmbientCueRepository( 1219): 	at com.android.launcher3.taskbar.TaskbarManagerImpl$$ExternalSyntheticLambda29.accept(go/retraceme 7226a759aa2bb3787a79806f85d80eaad84f1f1e15acd6db988f2df789d1680d:76)
04-26 16:37:54.254 W/AmbientCueRepository( 1219): 	at com.android.launcher3.taskbar.PerDisplayTaskbarResource$setDisplayChangeListener$1.accept(go/retraceme 7226a759aa2bb3787a79806f85d80eaad84f1f1e15acd6db988f2df789d1680d:74)
04-26 16:37:54.254 W/AmbientCueRepository( 1219): 	at com.android.launcher3.util.ListenableDiffAwareRef$$ExternalSyntheticLambda0.invoke(go/retraceme 7226a759aa2bb3787a79806f85d80eaad84f1f1e15acd6db988f2df789d1680d:8)
04-26 16:37:54.254 W/AmbientCueRepository( 1219): 	at com.android.launcher3.util.MutableListenableStream$dispatchValue$1$1.run(go/retraceme 7226a759aa2bb3787a79806f85d80eaad84f1f1e15acd6db988f2df789d1680d:20)
04-26 16:37:54.254 W/AmbientCueRepository( 1219): 	at com.android.launcher3.util.LooperExecutor.execute(go/retraceme 7226a759aa2bb3787a79806f85d80eaad84f1f1e15acd6db988f2df789d1680d:16)
04-26 16:37:54.254 W/AmbientCueRepository( 1219): 	at com.android.launcher3.util.MutableListenableStream.dispatchValue(go/retraceme 7226a759aa2bb3787a79806f85d80eaad84f1f1e15acd6db988f2df789d1680d:52)
04-26 16:37:54.254 W/AmbientCueRepository( 1219): 	at com.android.launcher3.display.DisplayInfoContainer.notifyConfigChange(go/retraceme 7226a759aa2bb3787a79806f85d80eaad84f1f1e15acd6db988f2df789d1680d:168)
04-26 16:37:54.254 W/AmbientCueRepository( 1219): 	at com.android.launcher3.display.DisplayInfoContainer.onConfigurationChanged(go/retraceme 7226a759aa2bb3787a79806f85d80eaad84f1f1e15acd6db988f2df789d1680d:90)
04-26 16:37:54.254 W/AmbientCueRepository( 1219): 	at android.content.ComponentCallbacksController.lambda$dispatchConfigurationChanged$0(ComponentCallbacksController.java:92)
04-26 16:37:54.254 W/AmbientCueRepository( 1219): 	at android.content.ComponentCallbacksController$$ExternalSyntheticLambda2.accept(D8$$SyntheticClass:0)
04-26 16:37:54.254 W/AmbientCueRepository( 1219): 	at android.content.ComponentCallbacksController.forAllComponentCallbacks(ComponentCallbacksController.java:125)
04-26 16:37:54.254 W/AmbientCueRepository( 1219): 	at android.content.ComponentCallbacksController.dispatchConfigurationChanged(ComponentCallbacksController.java:92)
04-26 16:37:54.254 W/AmbientCueRepository( 1219): 	at android.window.WindowContext.dispatchConfigurationChanged(WindowContext.java:281)
04-26 16:37:54.254 W/AmbientCueRepository( 1219): 	at android.window.WindowTokenClient.onConfigurationChangedInner(WindowTokenClient.java:212)
04-26 16:37:54.254 W/AmbientCueRepository( 1219): 	at android.window.WindowTokenClient.onConfigurationChanged(WindowTokenClient.java:158)
04-26 16:37:54.254 W/AmbientCueRepository( 1219): 	at android.window.WindowTokenClient.onConfigurationChanged(WindowTokenClient.java:114)
04-26 16:37:54.254 W/AmbientCueRepository( 1219): 	at android.window.WindowTokenClientController.onWindowContextInfoChanged(WindowTokenClientController.java:249)
04-26 16:37:54.254 W/AmbientCueRepository( 1219): 	at android.app.ActivityThread.handleWindowContextInfoChanged(ActivityThread.java:7289)
04-26 16:37:54.254 W/AmbientCueRepository( 1219): 	at android.app.servertransaction.WindowContextInfoChangeItem.execute(WindowContextInfoChangeItem.java:53)
04-26 16:37:54.254 W/AmbientCueRepository( 1219): 	at android.app.servertransaction.TransactionExecutor.executeNonLifecycleItem(TransactionExecutor.java:133)
04-26 16:37:54.254 W/AmbientCueRepository( 1219): 	at android.app.servertransaction.TransactionExecutor.executeTransactionItems(TransactionExecutor.java:103)
04-26 16:37:54.254 W/AmbientCueRepository( 1219): 	at android.app.servertransaction.TransactionExecutor.execute(TransactionExecutor.java:80)
04-26 16:37:54.254 W/AmbientCueRepository( 1219): 	at android.app.ActivityThread$H.handleMessage(ActivityThread.java:3024)
04-26 16:37:54.254 W/AmbientCueRepository( 1219): 	at android.os.Handler.dispatchMessageImpl(Handler.java:142)
04-26 16:37:54.254 W/AmbientCueRepository( 1219): 	at android.os.Handler.dispatchMessage(Handler.java:125)
