04-26 19:26:38.906  1036  1091 V WindowManagerShell: Transition animation finished (aborted=false), notifying core (#114) android.os.BinderProxy@cbbf2ca@0
04-26 19:26:38.916  1036  1091 V WindowManagerShell: Track 0 became idle
04-26 19:26:38.917  1036  1091 V WindowManagerShell: All active transition animations finished
04-26 19:26:38.945   736   759 V WindowManager: Finish Transition (#114): created at 04-26 19:26:37.744 collect-started=0.045ms request-sent=5.697ms started=7.977ms ready=18.608ms sent=485.423ms commit=277.785ms finished=1165.061ms
04-26 19:26:38.948  1174  1174 I bluetooth: system/btif/avrcp/avrcp_service.cc:533 SendMediaUpdate: track_changed=false :  play_state=true :  queue=false
04-26 19:26:38.949  1174  1174 E MediaControlProfile: onCurrentPlayerStateUpdated: base actions not supported, player actions= 0, expected at least= 7f
04-26 19:26:38.949  1174  1174 W MediaControlGattService: Feature PLAYBACK_SPEED support: true
04-26 19:26:38.949  1174  1174 W MediaControlGattService: Feature PLAYBACK_SPEED support: true
04-26 19:26:38.949  1174  1174 W MediaControlGattService: Feature PLAYBACK_SPEED support: true
04-26 19:26:38.949  1174  1174 W MediaControlGattService: Feature PLAYBACK_SPEED_NOTIFY support: true
04-26 19:26:38.950   736  2221 E AppOps  : attributionTag  not declared in manifest of com.muonline.client
04-26 19:26:38.951  1174  1361 I BluetoothAdapterProperties: getBondedDevices: length=0
04-26 19:26:38.951  1174  1174 W MediaControlGattService: Feature TRACK_POSITION support: true
04-26 19:26:38.951   736  2221 E AppOps  : attributionTag  not declared in manifest of com.muonline.client
04-26 19:26:38.951  1174  1174 W MediaControlGattService: Feature TRACK_POSITION_NOTIFY support: true
04-26 19:26:38.951  1174  1174 W MediaControlGattService: Feature MEDIA_STATE support: true
04-26 19:26:38.952 15712 15788 D muonline.client: PlayerBase::stop() from IPlayer
04-26 19:26:38.952 15712 15788 D AudioTrack: stop(28): called with 0 frames delivered
04-26 19:26:38.953   736   752 E AppOps  : attributionTag  not declared in manifest of com.muonline.client
04-26 19:26:38.953 15712 15784 I MuMain  : SDL_mixer initialized (32 channels)
04-26 19:26:38.953 15712 15784 I MuMain  : INIT: srand
04-26 19:26:38.953 15712 15784 I MuMain  : INIT: alloc GateAttribute
04-26 19:26:38.953 15712 15784 I MuMain  : INIT: alloc SkillAttribute
04-26 19:26:38.953 15712 15784 I MuMain  : INIT: alloc ItemAttRibute
04-26 19:26:38.953   736  1814 E AppOps  : attributionTag  not declared in manifest of com.muonline.client
04-26 19:26:38.954 15712 15784 I MuMain  : INIT: alloc CharacterMemoryDump
04-26 19:26:38.985  1174  1361 I BluetoothAdapterProperties: getBondedDevices: length=0
04-26 19:26:38.984 15712 15790 E libOpenSLES: frameworks/wilhelm/src/itf/IBufferQueue.cpp:56: pthread_mutex_lock_timeout_np returned 110
04-26 19:26:38.984 15712 15784 I MuMain  : INIT: alloc CharacterMachine
04-26 19:26:38.986 15712 15784 I MuMain  : INIT: CharacterMachine->Init()
04-26 19:26:38.986 15712 15784 I MuMain  : INIT: new UI objects
04-26 19:26:38.989 15712 15784 I MuMain  : INIT: BuffStateSystem::Make()
04-26 19:26:38.992 15712 15784 I MuMain  : INIT: MapProcess::Make()
04-26 19:26:38.992 15712 15784 I MuMain  : INIT: PetProcess::Make()
04-26 19:26:38.993 15712 15784 I MuMain  : INIT: CUIMng::Create()
04-26 19:26:38.993 15712 15784 I MuMain  : INIT: g_pNewUISystem->Create()
04-26 19:26:38.998   736   752 E AppOps  : attributionTag  not declared in manifest of com.muonline.client
04-26 19:26:39.001  1174  1174 W MediaControlGattService: Feature MEDIA_CONTROL_POINT_OPCODES_SUPPORTED support: true
04-26 19:26:39.001  1174  1174 W MediaControlGattService: Feature MEDIA_STATE support: true
04-26 19:26:39.001  1174  1174 W MediaControlGattService: Feature MEDIA_STATE support: true
04-26 19:26:39.012   736  2221 E AppOps  : attributionTag  not declared in manifest of com.muonline.client
04-26 19:26:39.013  1174  1361 I BluetoothAdapterProperties: getBondedDevices: length=0
04-26 19:26:39.016  1174  1174 W MediaControlGattService: Feature MEDIA_STATE support: true
04-26 19:26:39.016  1174  1174 W MediaControlGattService: Feature SEEKING_SPEED support: true
04-26 19:26:39.016  1174  1174 W MediaControlGattService: Feature SEEKING_SPEED support: true
04-26 19:26:39.016  1174  1174 W MediaControlGattService: Feature SEEKING_SPEED support: true
04-26 19:26:39.016  1174  1174 W MediaControlProfile: MCS service state fields left unhandled: 
04-26 19:26:39.016  1174  1174 W MediaControlProfile:    > PLAYER_NAME
04-26 19:26:39.016  1174  1174 W MediaControlProfile:    > PLAYING_ORDER_SUPPORTED
04-26 19:26:39.202 15712 15784 I MuMain  : INIT: UI creation done
04-26 19:26:39.204 15712 15784 I MuMain  : VirtualPad: slots loaded version=4 idx=[-1,-1,-1,-1,-1] type=[0,0,0,0,0] path=Data/Local/android_touch_skill_slots.cfg
04-26 19:26:39.204 15712 15784 I MuMain  : VirtualPad slots: [-1,-1,-1,-1,-1]
04-26 19:26:39.204 15712 15784 I MuMain  : Android perf defaults: maxMsgPerCycle=70 targetFps=-1.0 fxScale=1.00 adaptive=on isEmulator=1
04-26 19:26:39.204 15712 15784 I MuMain  : SDL mixer volume set: level=5 sdl=71
04-26 19:26:39.204 15712 15784 I MuMain  : FPS overlay enabled
04-26 19:26:39.204 15712 15784 I MuMain  : All systems initialized — entering main loop
04-26 19:26:39.204 15712 15784 I MuMain  : Window resized → drawable: 2268x1080
04-26 19:26:39.204 15712 15784 I MuMain  : CHATIME IME state changed focused=0 sdlTextInput=1
04-26 19:26:39.204 15712 15784 I MuMain  : WEBZEN: enter
04-26 19:26:39.232 15712 15784 I MuMain  : WEBZEN: loading title bitmaps
04-26 19:26:39.240   566   711 I libbinder.BpBinder: onLastStrongRef automatically unlinking death recipients for binder (0x7eaa36064920) with descriptor: '(not cached)'
04-26 19:26:39.243 15712 15784 I MuMain  : WEBZEN: OpenBasicData begin
04-26 19:26:39.243 15712 15784 I MuMain  : OPENBASIC: enter
04-26 19:26:39.243 15712 15784 I MuMain  : OPENBASIC: RenderTitle 0 begin
04-26 19:26:39.245 15712 15784 I MuMain  : OPENBASIC: RenderTitle 0 done
04-26 19:26:39.245 15712 15784 I MuMain  : OPENBASIC: first bitmap group begin
04-26 19:26:39.253   560   624 D AudioFlinger: mixer(0x718908b67790) throttle end: throttle time(53)
04-26 19:26:39.289 15712 15784 I MuMain  : OPENBASIC: first bitmap group done
04-26 19:26:39.322   560   624 D AudioFlinger: mixer(0x718908b67790) throttle end: throttle time(5)
04-26 19:26:39.378 15712 15784 I TakumiErrorReport: File not found Data\Effect\Shiny04.jpg (32118)->Data\Effect\Shiny05.jpg
04-26 19:26:39.450  1203  1331 D SatelliteController: isInCarrierRoamingNbIotNtn: satellite is disabled
04-26 19:26:39.450  1203  1331 D SatelliteController: getCarrierRoamingNtnConnectType: Checking connect type from PLMN config for subId: 1
04-26 19:26:39.459  1203  1331 D SatelliteController: getSatellitePerPlmnConfiguration: invalid subId or not supported via carrier.
04-26 19:26:39.460  1203  1331 D SatelliteController: getCarrierRoamingNtnConnectType: config: null
04-26 19:26:39.460  1203  1331 D SatelliteController: getCarrierRoamingNtnConnectType: Falling back to global carrier config connect type: 0
04-26 19:26:39.461  1203  1331 D SatelliteController: updateLastNotifiedCarrierRoamingNtnSignalStrengthAndNotify(1)
04-26 19:26:39.461  1203  1331 D SatelliteController: updateLastNotifiedCarrierRoamingNtnSignalStrengthAndNotify(1) lastNotifiedSignalStrength level: 0
04-26 19:26:39.461  1203  1331 D SatelliteController: updateLastNotifiedCarrierRoamingNtnSignalStrengthAndNotify(1) currSignalStrength level: 0
04-26 19:26:39.468   560   624 D AudioFlinger: mixer(0x718908b67790) throttle end: throttle time(17)
04-26 19:26:39.564   507 15789 D android.hardware.audio@7.1-impl.ranchu: 544 frames of silence written
04-26 19:26:39.565   560   624 D AudioFlinger: mixer(0x718908b67790) throttle end: throttle time(29)
04-26 19:26:39.661   560   624 D AudioFlinger: mixer(0x718908b67790) throttle end: throttle time(35)
04-26 19:26:39.725 15712 15712 V SDL     : onWindowFocusChanged(): true
04-26 19:26:39.725 15712 15712 V SDL     : nativeFocusChanged()
04-26 19:26:39.726 15712 15712 I Choreographer: Skipped 52 frames!  The application may be doing too much work on its main thread.
04-26 19:26:39.728 15712 15712 D VRI[PreloadActivity]: visibilityChanged oldVisibility=true newVisibility=false
04-26 19:26:39.730 15712 15784 I TakumiErrorReport: > First Load Files OK.
04-26 19:26:39.732   736   881 I ImeTracker: com.muonline.client:a7c55aaf: onRequestHide at ORIGIN_SERVER reason HIDE_UNSPECIFIED_WINDOW fromUser false userId 0 displayId 0
04-26 19:26:39.741   736   881 W InputChannel-JNI: Channel already disposed.
04-26 19:26:39.742  4105  4105 I GoogleInputMethodService: GoogleInputMethodService.onFinishInput():2113 
04-26 19:26:39.743  4105  4105 I Module  : DeviceLockedStatusModuleProvider$Module.updateDeviceLockedStatus():103 repeatCheckTimes = 0, locked = false
04-26 19:26:39.747   736  1185 I ImeTracker: system_server:f608ab69: onRequestHide at ORIGIN_SERVER reason IME_REQUESTED_CHANGED_LISTENER fromUser false displayId 0
04-26 19:26:39.748  4105  4105 I GoogleInputMethodService: GoogleInputMethodService.onStartInput():1384 onStartInput(EditorInfo{EditorInfo{packageName=com.muonline.client, inputType=0, inputTypeString=NULL, enableLearning=false, autoCorrection=false, autoComplete=false, imeOptions=0, privateImeOptions=null, actionName=UNSPECIFIED, actionLabel=null, initialSelStart=-1, initialSelEnd=-1, initialCapsMode=0, label=null, fieldId=0, fieldName=null, extras=null, hintText=null, hintLocales=[]}}, false)
04-26 19:26:39.748  4105  4105 W AndroidIME: LatinIMEBase.updateInputViewCoverNavigation():319 Null input view, cannot update padding!
04-26 19:26:39.790   736   762 I ImeTracker: system_server:f608ab69: onCancelled at PHASE_SERVER_SHOULD_HIDE
04-26 19:26:39.842  4105  4105 I Module  : DeviceLockedStatusModuleProvider$Module.updateDeviceLockedStatus():103 repeatCheckTimes = 1, locked = false
04-26 19:26:39.842  4105  4105 W NotificationCenter: NotificationCenter$NotificationQueue.notifyPendingNotificationsOnExecutor():877 Heavy notify work detected on UI thread: [myg->ooq, myg->kqq, myg->hnt, myg->glz, myg->kqq, myg->kqq, myg->ktn, myg->kqq, myg->kqq, myg->emu, myg->kqq, myg->kqq, myg->lyw, myg->kqq, myg->kqq, myg->ifl, myg->kny, myg->mwy, myg->kqq, myg->gow, myg->kqq, myg->kqq, myg->mxi, myg->kqq, myg->pdb] takes 63ms
04-26 19:26:39.852   736  2221 W PackageConfigPersister: App-specific configuration not found for packageName: com.muonline.client and userId: 0
04-26 19:26:39.959   507 15789 D android.hardware.audio@7.1-impl.ranchu: 544 frames of silence written
04-26 19:26:39.971   507 15789 D android.hardware.audio@7.1-impl.ranchu: 544 frames of silence written
04-26 19:26:39.982   507 15789 D android.hardware.audio@7.1-impl.ranchu: 544 frames of silence written
04-26 19:26:39.994   507 15789 D android.hardware.audio@7.1-impl.ranchu: 544 frames of silence written
04-26 19:26:40.026   507 15789 D android.hardware.audio@7.1-impl.ranchu: 544 frames of silence written
04-26 19:26:40.026   507 15789 D android.hardware.audio@7.1-impl.ranchu: 544 frames of silence written
04-26 19:26:40.027   507 15789 D android.hardware.audio@7.1-impl.ranchu: 544 frames of silence written
04-26 19:26:40.031   560   624 D AudioFlinger: mixer(0x718908b67790) throttle end: throttle time(75)
04-26 19:26:40.034 15712 15712 D WindowOnBackDispatcher: setTopOnBackInvokedCallback (unwrapped): null
04-26 19:26:40.035   736  1185 D CoreBackPreview: Window{edb2374 u0 com.muonline.client/com.muonline.client.PreloadActivity}: Setting back callback null
04-26 19:26:40.063 15712 15732 I HWUI    : Davey! duration=1179ms; Flags=0, FrameTimelineVsyncId=153149, IntendedVsync=14173114191204, Vsync=14173114191204, InputEventId=0, HandleInputStart=14173115245000, AnimationStart=14173115280900, PerformTraversalsStart=14173115447000, DrawStart=14173379384300, FrameDeadline=14173130857870, FrameStartTime=14173115225300, FrameInterval=16666666, WorkloadTarget=16666666, SyncQueued=14173379627700, SyncStart=14173401845000, IssueDrawCommandsStart=14173402092700, SwapBuffers=14173435554100, FrameCompleted=14174315628100, DequeueBufferDuration=702009000, QueueBufferDuration=434700, GpuCompleted=14173852114000, SwapBuffersCompleted=14174315628100, DisplayPresentTime=-69513272607831799, CommandSubmissionCompleted=14173435554100, 
04-26 19:26:40.074 15712 15712 D ViewRootImpl: Skipping stats log for color mode
04-26 19:26:40.110   560   624 D AF::Track: interceptBuffer: took 1421us to intercept 0 tracks
04-26 19:26:40.114 15712 15712 D InsetsController: hide(ime())
04-26 19:26:40.115 15712 15712 I ImeTracker: com.muonline.client:a7c55aaf: onCancelled at PHASE_CLIENT_ALREADY_HIDDEN
04-26 19:26:40.118   736  2221 I ImeTracker: system_server:f845781c: onRequestHide at ORIGIN_SERVER reason IME_REQUESTED_CHANGED_LISTENER fromUser false displayId 0
04-26 19:26:40.120   736   762 I ImeTracker: system_server:f845781c: onCancelled at PHASE_SERVER_SHOULD_HIDE
04-26 19:26:40.122   736  1699 E TaskPersister: File error accessing recents directory (directory doesn't exist?).
04-26 19:26:40.306   560   624 D AudioFlinger: mixer(0x718908b67790) throttle end: throttle time(122)
04-26 19:26:40.569  4511  4536 I .apps.wellbeing: Waiting for a blocking GC ProfileSaver
04-26 19:26:40.598  4511  4536 I .apps.wellbeing: WaitForGcToComplete blocked ProfileSaver on Background for 29.544ms
04-26 19:26:40.632   736  1699 E TaskPersister: File error accessing recents directory (directory doesn't exist?).
04-26 19:26:40.904   736   921 I HalDevMgr: bestIfaceCreationProposal is null, requestIface=STA, existingIface=[name=wlan0 type=STA]
04-26 19:26:41.541 15712 15784 I MuMain  : OPENBASIC: OpenImages begin
04-26 19:26:41.544 15712 15784 I MuMain  : OPENBASIC: OpenImages done
04-26 19:26:41.544 15712 15784 I MuMain  : OPENBASIC: OpenSounds begin
04-26 19:26:41.544 15712 15784 I MuMain  : OPENBASIC: OpenSounds done
04-26 19:26:41.545 15712 15784 I MuMain  : OPENBASIC: scripts begin
04-26 19:26:41.556 15712 15784 I MuMain  : OPENBASIC: OpenTextData begin
04-26 19:26:41.560 15712 15784 I MuMain  : OPENBASIC: OpenTextData done
04-26 19:26:41.571 15712 15784 I MuMain  : OPENBASIC: master/gate/filter done
04-26 19:26:41.573 15712 15784 I MuMain  : WEBZEN: OpenBasicData done
04-26 19:26:41.628 15712 15784 I TakumiErrorReport: File not found Data\Interface\InGameShop\ingame_Bt_page_L.tga (32485)->Data\Custom\Maps\CRadar.tga
04-26 19:26:41.633 15712 15784 I TakumiErrorReport: File not found Data\Interface\InGameShop\IGS_Storage_Page.tga (32487)->Data\Custom\Maps\map_radar.tga
04-26 19:26:41.638 15712 15784 I TakumiErrorReport: File not found Data\Interface\InGameShop\IGS_Storage_Page_Left.tga (32488)->Data\Custom\Maps\background-tcp.tga
04-26 19:26:41.641 15712 15784 I TakumiErrorReport: File not found Data\Interface\InGameShop\IGS_Storage_Page_Right.tga (32489)->Data\Interface\newui_option_check.tga
04-26 19:26:41.782 15712 15784 I TakumiErrorReport: File not found Data\Interface\newui_item_back01.tga (31373)->Data\Interface\newui_item_back04.tga
04-26 19:26:41.783 15712 15784 I TakumiErrorReport: File not found Data\Interface\newui_item_back04.tga (31373)->Data\Interface\newui_item_back01.tga
04-26 19:26:41.787 15712 15784 I MuMain  : WEBZEN: LoadMainSceneInterface done
04-26 19:26:41.788 15712 15784 I TakumiErrorReport: > Loading ok.
04-26 19:26:41.790 15712 15784 E BLASTBufferQueue: [c134bb1 SurfaceView[com.muonline.client/com.muonline.client.MuMainActivity]#2](f:0,a:0) rejecting buffer:active_size=2268x1080, requested_size=2268x1080 buffer{size=2268x943 transform=0}
04-26 19:26:41.846 15712 15784 I MuMain  : ADAPT fx scale: fps=0.4 frameMs=2641.57 1.00->0.90 target=0.55
04-26 19:26:41.846 15712 15784 I MuMain  : PERF fps=0.4 frameMs=2641.57 phase(render=2583.86 pad=0.04 present=57.28) renderLevel=4 fxScale=1.00 maxMsg=70 avg(draw=132 verts=792 im=132 vaD=0 vaC=0 qI=0 qE=0) max(draw=132 verts=792)
04-26 19:26:41.846 15712 15784 I MuMain  : PERF_SCENE world=-1 char(live=0 vis=0 ply=0 mon=0 npc=0 pet=0 prio=0 topMon=-1 x0) obj(live=0 vis=0 op=0 trap=0 topObj=-1 x0)
04-26 19:26:41.846 15712 15784 I MuMain  : PERF_BUCKET objMove(cand=0 upd=0 def=0 n=0 m=0 f=0) objRender(cand=0 draw=0 cull=0 n=0 m=0 f=0 visDraw=0 visDef=0) charMove(cand=0 upd=0 def=0 n=0 m=0 f=0) charRender(cand=0 draw=0 def=0 cull=0 n=0 m=0 f=0)
04-26 19:26:41.846 15712 15784 I MuMain  : PERF_TERRAIN world=-1 normal(block=0 tile=0) grass(block=0 tile=0) after(block=0 tile=0)
04-26 19:26:41.846 15712 15784 I MuMain  : Frame 0 — drawCalls=132 verts=792 paths(im=132 vaD=0 vaC=0 qI=0 qE=0) SDL_err='Couldn't open asset '/storage/emulated/0/Android/data/com.muonline.client/files/Data/fonts/font_.ttf''
04-26 19:26:41.962 15712 15784 I TakumiErrorReport: File not found Data\World74\leaf01.tga (30357)->Data\World74\leaf01.jpg
04-26 19:26:41.968 15712 15784 I AndroidGDI: Font OK: /system/fonts/DroidSans-Bold.ttf sz=10
04-26 19:26:41.968 15712 15784 I TakumiErrorReport: [Connect to Server 33] ip address = 171.235.182.88, port = 44405
04-26 19:26:41.969 15712 15784 E MuMain  : PlayMp3 failed requested=[data\music\login_theme.mp3] resolved=[data/music/login_theme.mp3] reqExists=0 resolvedExists=0 cwd=[/storage/emulated/0/Android/data/com.muonline.client/files]: Couldn't open 'data/music/login_theme.mp3'
04-26 19:26:41.970 15712 15784 I TakumiErrorReport: > Login Scene init success.
04-26 19:26:41.982 15712 15784 I AndroidGDI: AndroidTextOut ENTRY len=34 hdc=0x733fdca9c280 bmp=0x733fdca9c1f0 text[0]=40
04-26 19:26:41.983 15712 15784 I AndroidGDI: TextOut surf=241x18 fmt=0x16362004 maxA=255 dib[0..2]=0,0,0
04-26 19:26:41.983 15712 15784 I AndroidGDI: AndroidTextOut ENTRY len=25 hdc=0x733fdca9c280 bmp=0x733fdca9c1f0 text[0]=32
04-26 19:26:41.984 15712 15784 I AndroidGDI: TextOut surf=177x18 fmt=0x16362004 maxA=255 dib[0..2]=0,0,0
04-26 19:26:41.984 15712 15784 I AndroidGDI: AndroidTextOut ENTRY len=14 hdc=0x733fdca9c280 bmp=0x733fdca9c1f0 text[0]=80
04-26 19:26:41.984 15712 15784 I AndroidGDI: TextOut surf=95x18 fmt=0x16362004 maxA=255 dib[0..2]=0,0,0
04-26 19:26:41.999 15712 15784 I MuMain  : Frame 1 — drawCalls=123 verts=43017 paths(im=885 vaD=0 vaC=0 qI=5 qE=0) SDL_err='Couldn't open 'data/music/login_theme.mp3''
04-26 19:26:42.024 15712 15784 I AndroidGDI: AndroidTextOut ENTRY len=34 hdc=0x733fdca9c280 bmp=0x733fdca9c1f0 text[0]=40
04-26 19:26:42.024 15712 15784 I AndroidGDI: TextOut surf=241x18 fmt=0x16362004 maxA=255 dib[0..2]=0,0,0
04-26 19:26:42.024 15712 15784 I AndroidGDI: AndroidTextOut ENTRY len=25 hdc=0x733fdca9c280 bmp=0x733fdca9c1f0 text[0]=32
04-26 19:26:42.024 15712 15784 I AndroidGDI: TextOut surf=177x18 fmt=0x16362004 maxA=255 dib[0..2]=0,0,0
04-26 19:26:42.024 15712 15784 I AndroidGDI: AndroidTextOut ENTRY len=14 hdc=0x733fdca9c280 bmp=0x733fdca9c1f0 text[0]=80
04-26 19:26:42.039 15712 15784 I MuMain  : Frame 2 — drawCalls=317 verts=70104 paths(im=1528 vaD=0 vaC=0 qI=22 qE=0) SDL_err=''
04-26 19:26:42.060 15712 15784 I AndroidGDI: AndroidTextOut ENTRY len=34 hdc=0x733fdca9c280 bmp=0x733fdca9c1f0 text[0]=40
04-26 19:26:42.060 15712 15784 I AndroidGDI: AndroidTextOut ENTRY len=25 hdc=0x733fdca9c280 bmp=0x733fdca9c1f0 text[0]=32
04-26 19:26:42.061 15712 15784 I AndroidGDI: AndroidTextOut ENTRY len=14 hdc=0x733fdca9c280 bmp=0x733fdca9c1f0 text[0]=80
04-26 19:26:42.062 15712 15784 I MuMain  : Frame 3 — drawCalls=319 verts=69210 paths(im=1514 vaD=0 vaC=0 qI=34 qE=0) SDL_err=''
04-26 19:26:42.094 15712 15784 I AndroidGDI: AndroidTextOut ENTRY len=34 hdc=0x733fdca9c280 bmp=0x733fdca9c1f0 text[0]=40
04-26 19:26:42.096 15712 15784 I MuMain  : Frame 4 — drawCalls=331 verts=69270 paths(im=1524 vaD=0 vaC=0 qI=48 qE=0) SDL_err=''
04-26 19:26:42.139 15712 15784 I MuMain  : Frame 5 — drawCalls=345 verts=73665 paths(im=1540 vaD=0 vaC=0 qI=61 qE=0) SDL_err=''
04-26 19:26:42.169 15712 15784 I MuMain  : Frame 6 — drawCalls=356 verts=73773 paths(im=1558 vaD=0 vaC=0 qI=70 qE=0) SDL_err=''
04-26 19:26:42.199 15712 15784 I MuMain  : Frame 7 — drawCalls=366 verts=73905 paths(im=1566 vaD=0 vaC=0 qI=85 qE=0) SDL_err=''
04-26 19:26:42.227 15712 15784 I MuMain  : Frame 8 — drawCalls=383 verts=73965 paths(im=1576 vaD=0 vaC=0 qI=102 qE=0) SDL_err=''
04-26 19:26:42.255 15712 15784 I MuMain  : Frame 9 — drawCalls=391 verts=74091 paths(im=1583 vaD=0 vaC=0 qI=116 qE=0) SDL_err=''
04-26 19:26:42.369 15712 15784 W MuMain  : ADAPT net budget down: fps=33.0 frameMs=30.31 maxMsg 70->60
04-26 19:26:42.641 15712 15784 W MuMain  : ADAPT net budget down: fps=33.0 frameMs=30.27 maxMsg 60->50
04-26 19:26:42.896 15712 15784 W MuMain  : ADAPT net budget down: fps=35.3 frameMs=28.29 maxMsg 50->40
04-26 19:26:42.896 15712 15784 I MuMain  : PERF fps=35.3 frameMs=28.29 phase(render=27.50 pad=0.02 present=0.69) renderLevel=4 fxScale=1.00 maxMsg=40 avg(draw=426 verts=75043 im=1790 vaD=0 vaC=0 qI=199 qE=0) max(draw=436 verts=76575)
04-26 19:26:42.896 15712 15784 I MuMain  : PERF_SCENE world=73 char(live=0 vis=0 ply=0 mon=0 npc=0 pet=0 prio=0 topMon=-1 x0) obj(live=375 vis=168 op=0 trap=0 topObj=155 x29)
04-26 19:26:42.896 15712 15784 I MuMain  : PERF_BUCKET objMove(cand=0 upd=0 def=0 n=0 m=0 f=0) objRender(cand=0 draw=0 cull=0 n=0 m=0 f=0 visDraw=0 visDef=0) charMove(cand=0 upd=0 def=0 n=0 m=0 f=0) charRender(cand=0 draw=0 def=0 cull=0 n=0 m=0 f=0)
04-26 19:26:42.896 15712 15784 I MuMain  : PERF_TERRAIN world=73 normal(block=0 tile=0) grass(block=0 tile=0) after(block=0 tile=0)
04-26 19:26:43.151 15712 15784 I MuMain  : ADAPT fx scale: fps=35.3 frameMs=28.32 1.00->0.90 target=0.80
04-26 19:26:43.151 15712 15784 W MuMain  : ADAPT net budget down: fps=35.3 frameMs=28.32 maxMsg 40->30
04-26 19:26:43.572   560   624 D AF::Track: interceptBuffer: took 682us to intercept 0 tracks
04-26 19:26:43.731  2780  2783 I artd    : GetBestInfo: odex next to the dex file (/data/app/~~PqdBwR9WSFUNw4iaJMgoGg==/com.google.android.gms-95Dc1VeYXyONiCBDqz_lkA==/oat/x86_64/base.odex) is kOatUpToDate with filter 'speed-profile' executable 'false'
04-26 19:26:43.734  2780  2783 I artd    : GetBestInfo: dm (/data/app/~~PqdBwR9WSFUNw4iaJMgoGg==/com.google.android.gms-95Dc1VeYXyONiCBDqz_lkA==/split_AdsDynamite_installtime.dm) is kOatUpToDate with filter 'verify' executable 'false'
04-26 19:26:43.736  2780  2783 I artd    : GetBestInfo: dm (/data/app/~~PqdBwR9WSFUNw4iaJMgoGg==/com.google.android.gms-95Dc1VeYXyONiCBDqz_lkA==/split_CronetDynamite_installtime.dm) is kOatUpToDate with filter 'verify' executable 'false'
04-26 19:26:43.737  2780  2783 I artd    : GetBestInfo: dm (/data/app/~~PqdBwR9WSFUNw4iaJMgoGg==/com.google.android.gms-95Dc1VeYXyONiCBDqz_lkA==/split_DynamiteLoader_installtime.dm) is kOatUpToDate with filter 'verify' executable 'false'
04-26 19:26:43.739  2780  2783 I artd    : GetBestInfo: dm (/data/app/~~PqdBwR9WSFUNw4iaJMgoGg==/com.google.android.gms-95Dc1VeYXyONiCBDqz_lkA==/split_DynamiteModulesA_installtime.dm) is kOatUpToDate with filter 'verify' executable 'false'
04-26 19:26:43.741  2780  2783 I artd    : GetBestInfo: dm (/data/app/~~PqdBwR9WSFUNw4iaJMgoGg==/com.google.android.gms-95Dc1VeYXyONiCBDqz_lkA==/split_DynamiteModulesC_installtime.dm) is kOatUpToDate with filter 'verify' executable 'false'
04-26 19:26:43.742  2780  2783 I artd    : GetBestInfo: dm (/data/app/~~PqdBwR9WSFUNw4iaJMgoGg==/com.google.android.gms-95Dc1VeYXyONiCBDqz_lkA==/split_GoogleCertificates_installtime.dm) is kOatUpToDate with filter 'verify' executable 'false'
04-26 19:26:43.744  2780  2783 I artd    : GetBestInfo: dm (/data/app/~~PqdBwR9WSFUNw4iaJMgoGg==/com.google.android.gms-95Dc1VeYXyONiCBDqz_lkA==/split_MapsDynamite_installtime.dm) is kOatUpToDate with filter 'verify' executable 'false'
04-26 19:26:43.746  2780  2783 I artd    : GetBestInfo: dm (/data/app/~~PqdBwR9WSFUNw4iaJMgoGg==/com.google.android.gms-95Dc1VeYXyONiCBDqz_lkA==/split_MeasurementDynamite_installtime.dm) is kOatUpToDate with filter 'verify' executable 'false'
04-26 19:26:43.749  2780  2783 I artd    : GetBestInfo: dm (/data/app/~~PqdBwR9WSFUNw4iaJMgoGg==/com.google.android.gms-95Dc1VeYXyONiCBDqz_lkA==/split_all_locale_splits.dm) is kOatUpToDate with filter 'verify' executable 'false'
04-26 19:26:43.750  2780  2783 I artd    : GetBestInfo: /data/user_de/0/com.google.android.gms/app_chimera/m/0000000a/dl-TfliteDynamiteDynamite.integ_252130102100800.apk has no usable artifacts
04-26 19:26:43.750  2780  2783 I artd    : GetBestInfo: /data/user_de/0/com.google.android.gms/app_chimera/m/00000001/CronetDynamite.apk has no usable artifacts
04-26 19:26:43.752  2780  2783 I artd    : GetBestInfo: /data/user_de/0/com.google.android.gms/app_chimera/m/00000016/dl-MlkitOcrCommon.optional_261332100800.apk has no usable artifacts
04-26 19:26:43.753  2780  2783 I artd    : GetBestInfo: /data/user_de/0/com.google.android.gms/app_chimera/m/00000002/DynamiteLoader.apk has no usable artifacts
04-26 19:26:43.754  2780  2783 I artd    : GetBestInfo: /data/user_de/0/com.google.android.gms/app_chimera/m/0000000e/dl-MlkitBarcodeUi.optional_260235100800.apk has no usable artifacts
04-26 19:26:43.756  2780  2783 I artd    : GetBestInfo: /data/user_de/0/com.google.android.gms/app_chimera/m/00000013/dl-Appsearch.optional_261332100800.apk has no usable artifacts
04-26 19:26:43.757  2780  2783 I artd    : GetBestInfo: /data/user_de/0/com.google.android.gms/app_chimera/m/00000005/GoogleCertificates.apk has no usable artifacts
04-26 19:26:43.759  2780  2783 I artd    : GetBestInfo: /data/user_de/0/com.google.android.gms/app_chimera/m/00000012/dl-PlayCloudSearch.optional_261332100000.apk has no usable artifacts
04-26 19:26:43.761  2780  2783 I artd    : GetBestInfo: vdex next to the dex file (/data/user/0/com.google.android.gms/app_dg_cache/B3ED91DEC21F0EB5284BE10D982ABEAAC45F5C48/oat/x86_64/the.vdex) is kOatUpToDate with filter 'verify' executable 'false'
04-26 19:26:43.763  2780  2783 I artd    : GetBestInfo: /data/user_de/0/com.google.android.gms/app_chimera/m/0000000f/dl-PlayCloudSearch.optional_260235100000.apk has no usable artifacts
04-26 19:26:43.764  2780  2783 I artd    : GetBestInfo: /data/user_de/0/com.google.android.gms/app_chimera/m/00000008/dl-VisionOcr.optional_260235100000.apk has no usable artifacts
04-26 19:26:43.766  2780  2783 I artd    : GetBestInfo: /data/user_de/0/com.google.android.gms/app_chimera/m/0000000b/dl-Appsearch.optional_260235100800.apk has no usable artifacts
04-26 19:26:43.767  2780  2783 I artd    : GetBestInfo: /data/user_de/0/com.google.android.gms/app_chimera/m/00000011/dl-VisionOcr.optional_261332100000.apk has no usable artifacts
04-26 19:26:43.769  2780  2783 I artd    : GetBestInfo: /data/user_de/0/com.google.android.gms/app_chimera/m/00000015/dl-MlkitBarcodeUi.optional_261332100800.apk has no usable artifacts
04-26 19:26:43.771  2780  2783 I artd    : GetBestInfo: /data/user_de/0/com.google.android.gms/app_chimera/m/00000009/dl-MlkitOcrCommon.optional_260235100800.apk has no usable artifacts
04-26 19:26:43.773  2780  2783 I artd    : GetBestInfo: vdex next to the dex file (/data/user/0/com.google.android.gms/app_dg_cache/CE973E4DE823F0AA69070767A9FABB590DDD455C/oat/x86_64/the.vdex) is kOatUpToDate with filter 'verify' executable 'false'
04-26 19:26:43.773  2780  2783 I artd    : GetBestInfo: /data/user_de/0/com.google.android.gms/app_chimera/m/00000007/MeasurementDynamite.apk has no usable artifacts
04-26 19:26:43.916   736   921 I HalDevMgr: bestIfaceCreationProposal is null, requestIface=STA, existingIface=[name=wlan0 type=STA]
04-26 19:26:43.921  1160  1312 D IpClient/wlan0: interfaceLinkStateChanged: ifindex 16 up
04-26 19:26:43.930  1160  1312 D IpClient/wlan0: interfaceLinkStateChanged: ifindex 16 up
04-26 19:26:43.970 15712 15784 I MuMain  : PERF fps=39.9 frameMs=25.09 phase(render=24.24 pad=0.02 present=0.76) renderLevel=4 fxScale=1.00 maxMsg=30 avg(draw=328 verts=78088 im=1680 vaD=0 vaC=0 qI=140 qE=0) max(draw=341 verts=81147)
04-26 19:26:43.970 15712 15784 I MuMain  : PERF_SCENE world=73 char(live=0 vis=0 ply=0 mon=0 npc=0 pet=0 prio=0 topMon=-1 x0) obj(live=375 vis=176 op=0 trap=0 topObj=79 x20)
04-26 19:26:43.970 15712 15784 I MuMain  : PERF_BUCKET objMove(cand=0 upd=0 def=0 n=0 m=0 f=0) objRender(cand=0 draw=0 cull=0 n=0 m=0 f=0 visDraw=0 visDef=0) charMove(cand=0 upd=0 def=0 n=0 m=0 f=0) charRender(cand=0 draw=0 def=0 cull=0 n=0 m=0 f=0)
04-26 19:26:43.970 15712 15784 I MuMain  : PERF_TERRAIN world=73 normal(block=0 tile=0) grass(block=0 tile=0) after(block=0 tile=0)
04-26 19:26:44.444  1016  1016 I wpa_supplicant: wlan0: CTRL-EVENT-BEACON-LOSS 
04-26 19:26:44.487 15712 15784 I MuMain  : ADAPT fx scale: fps=45.8 frameMs=21.84 1.00->0.90 target=0.90
04-26 19:26:44.603   736  1185 W ActivityManager: stopServiceToken startId 13 is last, but have 1 remaining args
04-26 19:26:44.996 15712 15784 I MuMain  : PERF fps=55.6 frameMs=17.99 phase(render=17.22 pad=0.02 present=0.70) renderLevel=4 fxScale=1.00 maxMsg=30 avg(draw=259 verts=70473 im=1619 vaD=0 vaC=0 qI=116 qE=0) max(draw=276 verts=72306)
04-26 19:26:44.996 15712 15784 I MuMain  : PERF_SCENE world=73 char(live=0 vis=0 ply=0 mon=0 npc=0 pet=0 prio=0 topMon=-1 x0) obj(live=375 vis=183 op=0 trap=0 topObj=79 x24)
04-26 19:26:44.996 15712 15784 I MuMain  : PERF_BUCKET objMove(cand=0 upd=0 def=0 n=0 m=0 f=0) objRender(cand=0 draw=0 cull=0 n=0 m=0 f=0 visDraw=0 visDef=0) charMove(cand=0 upd=0 def=0 n=0 m=0 f=0) charRender(cand=0 draw=0 def=0 cull=0 n=0 m=0 f=0)
04-26 19:26:44.996 15712 15784 I MuMain  : PERF_TERRAIN world=73 normal(block=0 tile=0) grass(block=0 tile=0) after(block=0 tile=0)
04-26 19:26:46.029 15712 15784 I MuMain  : PERF fps=77.4 frameMs=12.92 phase(render=12.33 pad=0.02 present=0.50) renderLevel=4 fxScale=1.00 maxMsg=30 avg(draw=159 verts=79639 im=1542 vaD=0 vaC=0 qI=45 qE=0) max(draw=172 verts=84861)
04-26 19:26:46.029 15712 15784 I MuMain  : PERF_SCENE world=73 char(live=0 vis=0 ply=0 mon=0 npc=0 pet=0 prio=0 topMon=-1 x0) obj(live=375 vis=166 op=0 trap=0 topObj=79 x24)
04-26 19:26:46.029 15712 15784 I MuMain  : PERF_BUCKET objMove(cand=0 upd=0 def=0 n=0 m=0 f=0) objRender(cand=0 draw=0 cull=0 n=0 m=0 f=0 visDraw=0 visDef=0) charMove(cand=0 upd=0 def=0 n=0 m=0 f=0) charRender(cand=0 draw=0 def=0 cull=0 n=0 m=0 f=0)
04-26 19:26:46.029 15712 15784 I MuMain  : PERF_TERRAIN world=73 normal(block=0 tile=0) grass(block=0 tile=0) after(block=0 tile=0)
04-26 19:26:46.290 15712 15784 I MuMain  : ADAPT net budget up: fps=80.3 frameMs=12.46 maxMsg 30->35
04-26 19:26:46.537   736   862 D ActivityManager: freezing 4276 com.android.vending:background
04-26 19:26:46.691   736   862 D ActivityManager: freezing 4164 com.android.vending
04-26 19:26:46.696   736   931 D InetDiagMessage: Destroyed 0 sockets, proto=IPPROTO_TCP, family=AF_INET, states=14
04-26 19:26:46.697   736   931 D InetDiagMessage: Destroyed 2 sockets, proto=IPPROTO_TCP, family=AF_INET6, states=14
04-26 19:26:46.697   736   931 D InetDiagMessage: Destroyed live tcp sockets for uids={10154} in 2ms
04-26 19:26:46.922   736   954 I AdbWifiNetworkMonitor: Wi-Fi network available
04-26 19:26:46.922   736   954 I AdbWifiNetworkMonitor: Received the same Wi-Fi SSID. Ignoring.
04-26 19:26:46.928   736   921 I HalDevMgr: bestIfaceCreationProposal is null, requestIface=STA, existingIface=[name=wlan0 type=STA]
04-26 19:26:46.938  1366  1377 I NullBinder: NullBinder for android.net.action.RECOMMEND_NETWORKS triggering remote TransactionTooLargeException due to Service without Chimera impl, calling uid: 1000, calling pid: 0
04-26 19:26:46.938  1366  1377 W libbinder.Binder: Large reply transaction of 1056768 bytes, interface descriptor , function: UNKNOWN_FUNCTION_NAME, code: 1, flags: 17
04-26 19:26:47.055 15712 15784 I MuMain  : PERF fps=58.4 frameMs=17.11 phase(render=16.07 pad=0.03 present=0.93) renderLevel=4 fxScale=1.00 maxMsg=35 avg(draw=174 verts=93645 im=1594 vaD=0 vaC=0 qI=72 qE=0) max(draw=180 verts=94404)
04-26 19:26:47.055 15712 15784 I MuMain  : PERF_SCENE world=73 char(live=0 vis=0 ply=0 mon=0 npc=0 pet=0 prio=0 topMon=-1 x0) obj(live=375 vis=169 op=0 trap=0 topObj=79 x29)
04-26 19:26:47.055 15712 15784 I MuMain  : PERF_BUCKET objMove(cand=0 upd=0 def=0 n=0 m=0 f=0) objRender(cand=0 draw=0 cull=0 n=0 m=0 f=0 visDraw=0 visDef=0) charMove(cand=0 upd=0 def=0 n=0 m=0 f=0) charRender(cand=0 draw=0 def=0 cull=0 n=0 m=0 f=0)
04-26 19:26:47.055 15712 15784 I MuMain  : PERF_TERRAIN world=73 normal(block=0 tile=0) grass(block=0 tile=0) after(block=0 tile=0)
04-26 19:26:47.824 15712 15784 I MuMain  : ADAPT net budget up: fps=63.0 frameMs=15.88 maxMsg 35->40
04-26 19:26:48.075 15712 15784 I MuMain  : PERF fps=59.6 frameMs=16.77 phase(render=15.74 pad=0.03 present=0.94) renderLevel=4 fxScale=1.00 maxMsg=40 avg(draw=209 verts=93989 im=1656 vaD=0 vaC=0 qI=103 qE=0) max(draw=218 verts=97212)
04-26 19:26:48.075 15712 15784 I MuMain  : PERF_SCENE world=73 char(live=0 vis=0 ply=0 mon=0 npc=0 pet=0 prio=0 topMon=-1 x0) obj(live=375 vis=166 op=0 trap=0 topObj=79 x25)
04-26 19:26:48.075 15712 15784 I MuMain  : PERF_BUCKET objMove(cand=0 upd=0 def=0 n=0 m=0 f=0) objRender(cand=0 draw=0 cull=0 n=0 m=0 f=0 visDraw=0 visDef=0) charMove(cand=0 upd=0 def=0 n=0 m=0 f=0) charRender(cand=0 draw=0 def=0 cull=0 n=0 m=0 f=0)
04-26 19:26:48.075 15712 15784 I MuMain  : PERF_TERRAIN world=73 normal(block=0 tile=0) grass(block=0 tile=0) after(block=0 tile=0)
04-26 19:26:49.104 15712 15784 I MuMain  : PERF fps=55.1 frameMs=18.14 phase(render=17.42 pad=0.04 present=0.63) renderLevel=4 fxScale=1.00 maxMsg=40 avg(draw=243 verts=93882 im=1696 vaD=0 vaC=0 qI=132 qE=0) max(draw=247 verts=94773)
04-26 19:26:49.104 15712 15784 I MuMain  : PERF_SCENE world=73 char(live=0 vis=0 ply=0 mon=0 npc=0 pet=0 prio=0 topMon=-1 x0) obj(live=375 vis=157 op=0 trap=0 topObj=135 x18)
04-26 19:26:49.104 15712 15784 I MuMain  : PERF_BUCKET objMove(cand=0 upd=0 def=0 n=0 m=0 f=0) objRender(cand=0 draw=0 cull=0 n=0 m=0 f=0 visDraw=0 visDef=0) charMove(cand=0 upd=0 def=0 n=0 m=0 f=0) charRender(cand=0 draw=0 def=0 cull=0 n=0 m=0 f=0)
04-26 19:26:49.104 15712 15784 I MuMain  : PERF_TERRAIN world=73 normal(block=0 tile=0) grass(block=0 tile=0) after(block=0 tile=0)
04-26 19:26:49.324  1203  1331 D SatelliteController: isInCarrierRoamingNbIotNtn: satellite is disabled
04-26 19:26:49.324  1203  1331 D SatelliteController: getCarrierRoamingNtnConnectType: Checking connect type from PLMN config for subId: 1
04-26 19:26:49.328  1203  1331 D SatelliteController: getSatellitePerPlmnConfiguration: invalid subId or not supported via carrier.
04-26 19:26:49.329  1203  1331 D SatelliteController: getCarrierRoamingNtnConnectType: config: null
04-26 19:26:49.329  1203  1331 D SatelliteController: getCarrierRoamingNtnConnectType: Falling back to global carrier config connect type: 0
04-26 19:26:49.329  1203  1331 D SatelliteController: updateLastNotifiedCarrierRoamingNtnSignalStrengthAndNotify(1)
04-26 19:26:49.329  1203  1331 D SatelliteController: updateLastNotifiedCarrierRoamingNtnSignalStrengthAndNotify(1) lastNotifiedSignalStrength level: 0
04-26 19:26:49.329  1203  1331 D SatelliteController: updateLastNotifiedCarrierRoamingNtnSignalStrengthAndNotify(1) currSignalStrength level: 0
04-26 19:26:49.425   736   931 D InetDiagMessage: Destroyed 0 sockets, proto=IPPROTO_TCP, family=AF_INET, states=14
04-26 19:26:49.426   736   931 D InetDiagMessage: Destroyed 0 sockets, proto=IPPROTO_TCP, family=AF_INET6, states=14
04-26 19:26:49.426   736   931 D InetDiagMessage: Destroyed live tcp sockets for uids={10160} in 1ms
04-26 19:26:49.426   736   931 D InetDiagMessage: Destroyed 0 sockets, proto=IPPROTO_TCP, family=AF_INET, states=14
04-26 19:26:49.426   736   931 D InetDiagMessage: Destroyed 0 sockets, proto=IPPROTO_TCP, family=AF_INET6, states=14
04-26 19:26:49.426   736   931 D InetDiagMessage: Destroyed live tcp sockets for uids={20160} in 1ms
04-26 19:26:49.617 15712 15784 W MuMain  : ADAPT net budget down: fps=51.1 frameMs=19.56 maxMsg 40->30
04-26 19:26:49.871 15712 15784 I MuMain  : ADAPT fx scale: fps=47.3 frameMs=21.14 1.00->0.90 target=0.90
04-26 19:26:49.935   736   921 I HalDevMgr: bestIfaceCreationProposal is null, requestIface=STA, existingIface=[name=wlan0 type=STA]
04-26 19:26:49.941  1160  1312 D IpClient/wlan0: interfaceLinkStateChanged: ifindex 16 up
04-26 19:26:49.945  1160  1312 D IpClient/wlan0: interfaceLinkStateChanged: ifindex 16 up
04-26 19:26:50.126 15712 15784 I MuMain  : PERF fps=43.1 frameMs=23.18 phase(render=22.26 pad=0.02 present=0.80) renderLevel=4 fxScale=1.00 maxMsg=30 avg(draw=338 verts=104607 im=1873 vaD=0 vaC=0 qI=220 qE=0) max(draw=352 verts=104721)
04-26 19:26:50.126 15712 15784 I MuMain  : PERF_SCENE world=73 char(live=0 vis=0 ply=0 mon=0 npc=0 pet=0 prio=0 topMon=-1 x0) obj(live=375 vis=128 op=0 trap=0 topObj=135 x18)
04-26 19:26:50.126 15712 15784 I MuMain  : PERF_BUCKET objMove(cand=0 upd=0 def=0 n=0 m=0 f=0) objRender(cand=0 draw=0 cull=0 n=0 m=0 f=0 visDraw=0 visDef=0) charMove(cand=0 upd=0 def=0 n=0 m=0 f=0) charRender(cand=0 draw=0 def=0 cull=0 n=0 m=0 f=0)
04-26 19:26:50.126 15712 15784 I MuMain  : PERF_TERRAIN world=73 normal(block=0 tile=0) grass(block=0 tile=0) after(block=0 tile=0)
04-26 19:26:51.181 15712 15784 I MuMain  : ADAPT fx scale: fps=41.3 frameMs=24.24 1.00->0.90 target=0.90
04-26 19:26:51.181 15712 15784 I MuMain  : PERF fps=41.3 frameMs=24.24 phase(render=23.49 pad=0.02 present=0.66) renderLevel=4 fxScale=1.00 maxMsg=30 avg(draw=368 verts=99509 im=1961 vaD=0 vaC=0 qI=270 qE=0) max(draw=380 verts=103053)
04-26 19:26:51.181 15712 15784 I MuMain  : PERF_SCENE world=73 char(live=0 vis=0 ply=0 mon=0 npc=0 pet=0 prio=0 topMon=-1 x0) obj(live=375 vis=106 op=0 trap=0 topObj=135 x12)
04-26 19:26:51.181 15712 15784 I MuMain  : PERF_BUCKET objMove(cand=0 upd=0 def=0 n=0 m=0 f=0) objRender(cand=0 draw=0 cull=0 n=0 m=0 f=0 visDraw=0 visDef=0) charMove(cand=0 upd=0 def=0 n=0 m=0 f=0) charRender(cand=0 draw=0 def=0 cull=0 n=0 m=0 f=0)
04-26 19:26:51.181 15712 15784 I MuMain  : PERF_TERRAIN world=73 normal(block=0 tile=0) grass(block=0 tile=0) after(block=0 tile=0)
04-26 19:26:52.230 15712 15784 I MuMain  : PERF fps=38.9 frameMs=25.71 phase(render=24.96 pad=0.02 present=0.65) renderLevel=4 fxScale=1.00 maxMsg=30 avg(draw=397 verts=96829 im=2010 vaD=0 vaC=0 qI=299 qE=0) max(draw=410 verts=96888)
04-26 19:26:52.230 15712 15784 I MuMain  : PERF_SCENE world=73 char(live=0 vis=0 ply=0 mon=0 npc=0 pet=0 prio=0 topMon=-1 x0) obj(live=375 vis=89 op=0 trap=0 topObj=129 x7)
04-26 19:26:52.230 15712 15784 I MuMain  : PERF_BUCKET objMove(cand=0 upd=0 def=0 n=0 m=0 f=0) objRender(cand=0 draw=0 cull=0 n=0 m=0 f=0 visDraw=0 visDef=0) charMove(cand=0 upd=0 def=0 n=0 m=0 f=0) charRender(cand=0 draw=0 def=0 cull=0 n=0 m=0 f=0)
04-26 19:26:52.230 15712 15784 I MuMain  : PERF_TERRAIN world=73 normal(block=0 tile=0) grass(block=0 tile=0) after(block=0 tile=0)
04-26 19:26:52.298 14925 14925 D BoundBrokerSvc: onUnbind: Intent { act=com.google.android.gms.feedback.internal.IFeedbackService dat=chimera-action:/... xflg=0x4 cmp=com.google.android.gms/.chimera.GmsBoundBrokerService }
04-26 19:26:52.381  1016  1016 I wpa_supplicant: wlan0: CTRL-EVENT-BEACON-LOSS 
04-26 19:26:52.485 15712 15784 I MuMain  : ADAPT fx scale: fps=39.3 frameMs=25.47 1.00->0.90 target=0.90
04-26 19:26:52.940   736   954 I AdbWifiNetworkMonitor: Wi-Fi network available
04-26 19:26:52.940   736   954 I AdbWifiNetworkMonitor: Received the same Wi-Fi SSID. Ignoring.
04-26 19:26:52.945   736   921 I HalDevMgr: bestIfaceCreationProposal is null, requestIface=STA, existingIface=[name=wlan0 type=STA]
04-26 19:26:52.953  1366  2579 I NullBinder: NullBinder for android.net.action.RECOMMEND_NETWORKS triggering remote TransactionTooLargeException due to Service without Chimera impl, calling uid: 1000, calling pid: 0
04-26 19:26:52.953  1366  2579 W libbinder.Binder: Large reply transaction of 1056768 bytes, interface descriptor , function: UNKNOWN_FUNCTION_NAME, code: 1, flags: 17
04-26 19:26:53.254 15712 15784 I MuMain  : PERF fps=42.9 frameMs=23.31 phase(render=22.39 pad=0.02 present=0.81) renderLevel=4 fxScale=1.00 maxMsg=30 avg(draw=353 verts=81904 im=1966 vaD=0 vaC=0 qI=272 qE=0) max(draw=361 verts=82206)
04-26 19:26:53.254 15712 15784 I MuMain  : PERF_SCENE world=73 char(live=0 vis=0 ply=0 mon=0 npc=0 pet=0 prio=0 topMon=-1 x0) obj(live=375 vis=76 op=0 trap=0 topObj=129 x7)
04-26 19:26:53.254 15712 15784 I MuMain  : PERF_BUCKET objMove(cand=0 upd=0 def=0 n=0 m=0 f=0) objRender(cand=0 draw=0 cull=0 n=0 m=0 f=0 visDraw=0 visDef=0) charMove(cand=0 upd=0 def=0 n=0 m=0 f=0) charRender(cand=0 draw=0 def=0 cull=0 n=0 m=0 f=0)
04-26 19:26:53.254 15712 15784 I MuMain  : PERF_TERRAIN world=73 normal(block=0 tile=0) grass(block=0 tile=0) after(block=0 tile=0)
04-26 19:26:53.693  2780  2785 I artd    : GetBestInfo: odex next to the dex file (/data/app/~~PqdBwR9WSFUNw4iaJMgoGg==/com.google.android.gms-95Dc1VeYXyONiCBDqz_lkA==/oat/x86_64/base.odex) is kOatUpToDate with filter 'speed-profile' executable 'false'
04-26 19:26:53.695  2780  2785 I artd    : GetBestInfo: dm (/data/app/~~PqdBwR9WSFUNw4iaJMgoGg==/com.google.android.gms-95Dc1VeYXyONiCBDqz_lkA==/split_AdsDynamite_installtime.dm) is kOatUpToDate with filter 'verify' executable 'false'
04-26 19:26:53.697  2780  2785 I artd    : GetBestInfo: dm (/data/app/~~PqdBwR9WSFUNw4iaJMgoGg==/com.google.android.gms-95Dc1VeYXyONiCBDqz_lkA==/split_CronetDynamite_installtime.dm) is kOatUpToDate with filter 'verify' executable 'false'
04-26 19:26:53.699  2780  2785 I artd    : GetBestInfo: dm (/data/app/~~PqdBwR9WSFUNw4iaJMgoGg==/com.google.android.gms-95Dc1VeYXyONiCBDqz_lkA==/split_DynamiteLoader_installtime.dm) is kOatUpToDate with filter 'verify' executable 'false'
04-26 19:26:53.701  2780  2785 I artd    : GetBestInfo: dm (/data/app/~~PqdBwR9WSFUNw4iaJMgoGg==/com.google.android.gms-95Dc1VeYXyONiCBDqz_lkA==/split_DynamiteModulesA_installtime.dm) is kOatUpToDate with filter 'verify' executable 'false'
04-26 19:26:53.703  2780  2785 I artd    : GetBestInfo: dm (/data/app/~~PqdBwR9WSFUNw4iaJMgoGg==/com.google.android.gms-95Dc1VeYXyONiCBDqz_lkA==/split_DynamiteModulesC_installtime.dm) is kOatUpToDate with filter 'verify' executable 'false'
04-26 19:26:53.705  2780  2785 I artd    : GetBestInfo: dm (/data/app/~~PqdBwR9WSFUNw4iaJMgoGg==/com.google.android.gms-95Dc1VeYXyONiCBDqz_lkA==/split_GoogleCertificates_installtime.dm) is kOatUpToDate with filter 'verify' executable 'false'
04-26 19:26:53.708  2780  2785 I artd    : GetBestInfo: dm (/data/app/~~PqdBwR9WSFUNw4iaJMgoGg==/com.google.android.gms-95Dc1VeYXyONiCBDqz_lkA==/split_MapsDynamite_installtime.dm) is kOatUpToDate with filter 'verify' executable 'false'
04-26 19:26:53.710  2780  2785 I artd    : GetBestInfo: dm (/data/app/~~PqdBwR9WSFUNw4iaJMgoGg==/com.google.android.gms-95Dc1VeYXyONiCBDqz_lkA==/split_MeasurementDynamite_installtime.dm) is kOatUpToDate with filter 'verify' executable 'false'
04-26 19:26:53.712  2780  2785 I artd    : GetBestInfo: dm (/data/app/~~PqdBwR9WSFUNw4iaJMgoGg==/com.google.android.gms-95Dc1VeYXyONiCBDqz_lkA==/split_all_locale_splits.dm) is kOatUpToDate with filter 'verify' executable 'false'
04-26 19:26:53.713  2780  2785 I artd    : GetBestInfo: /data/user_de/0/com.google.android.gms/app_chimera/m/0000000a/dl-TfliteDynamiteDynamite.integ_252130102100800.apk has no usable artifacts
04-26 19:26:53.714  2780  2785 I artd    : GetBestInfo: /data/user_de/0/com.google.android.gms/app_chimera/m/00000001/CronetDynamite.apk has no usable artifacts
04-26 19:26:53.716  2780  2785 I artd    : GetBestInfo: /data/user_de/0/com.google.android.gms/app_chimera/m/00000016/dl-MlkitOcrCommon.optional_261332100800.apk has no usable artifacts
04-26 19:26:53.716  2780  2785 I artd    : GetBestInfo: /data/user_de/0/com.google.android.gms/app_chimera/m/00000002/DynamiteLoader.apk has no usable artifacts
04-26 19:26:53.718  2780  2785 I artd    : GetBestInfo: /data/user_de/0/com.google.android.gms/app_chimera/m/0000000e/dl-MlkitBarcodeUi.optional_260235100800.apk has no usable artifacts
04-26 19:26:53.720  2780  2785 I artd    : GetBestInfo: /data/user_de/0/com.google.android.gms/app_chimera/m/00000013/dl-Appsearch.optional_261332100800.apk has no usable artifacts
04-26 19:26:53.721  2780  2785 I artd    : GetBestInfo: /data/user_de/0/com.google.android.gms/app_chimera/m/00000005/GoogleCertificates.apk has no usable artifacts
04-26 19:26:53.722  2780  2785 I artd    : GetBestInfo: /data/user_de/0/com.google.android.gms/app_chimera/m/00000012/dl-PlayCloudSearch.optional_261332100000.apk has no usable artifacts
04-26 19:26:53.724  2780  2785 I artd    : GetBestInfo: vdex next to the dex file (/data/user/0/com.google.android.gms/app_dg_cache/B3ED91DEC21F0EB5284BE10D982ABEAAC45F5C48/oat/x86_64/the.vdex) is kOatUpToDate with filter 'verify' executable 'false'
04-26 19:26:53.726  2780  2785 I artd    : GetBestInfo: /data/user_de/0/com.google.android.gms/app_chimera/m/0000000f/dl-PlayCloudSearch.optional_260235100000.apk has no usable artifacts
04-26 19:26:53.728  2780  2785 I artd    : GetBestInfo: /data/user_de/0/com.google.android.gms/app_chimera/m/00000008/dl-VisionOcr.optional_260235100000.apk has no usable artifacts
04-26 19:26:53.730  2780  2785 I artd    : GetBestInfo: /data/user_de/0/com.google.android.gms/app_chimera/m/0000000b/dl-Appsearch.optional_260235100800.apk has no usable artifacts
04-26 19:26:53.732  2780  2785 I artd    : GetBestInfo: /data/user_de/0/com.google.android.gms/app_chimera/m/00000011/dl-VisionOcr.optional_261332100000.apk has no usable artifacts
04-26 19:26:53.733  2780  2785 I artd    : GetBestInfo: /data/user_de/0/com.google.android.gms/app_chimera/m/00000015/dl-MlkitBarcodeUi.optional_261332100800.apk has no usable artifacts
04-26 19:26:53.735  2780  2785 I artd    : GetBestInfo: /data/user_de/0/com.google.android.gms/app_chimera/m/00000009/dl-MlkitOcrCommon.optional_260235100800.apk has no usable artifacts
04-26 19:26:53.737  2780  2785 I artd    : GetBestInfo: vdex next to the dex file (/data/user/0/com.google.android.gms/app_dg_cache/CE973E4DE823F0AA69070767A9FABB590DDD455C/oat/x86_64/the.vdex) is kOatUpToDate with filter 'verify' executable 'false'
04-26 19:26:53.739  2780  2785 I artd    : GetBestInfo: /data/user_de/0/com.google.android.gms/app_chimera/m/00000007/MeasurementDynamite.apk has no usable artifacts
04-26 19:26:53.774 15712 15784 I MuMain  : ADAPT fx scale: fps=27.7 frameMs=36.13 1.00->0.90 target=0.80
04-26 19:26:54.301 15712 15784 I MuMain  : PERF fps=43.2 frameMs=23.13 phase(render=22.34 pad=0.02 present=0.69) renderLevel=4 fxScale=1.00 maxMsg=30 avg(draw=351 verts=91019 im=1966 vaD=0 vaC=0 qI=270 qE=0) max(draw=359 verts=95817)
04-26 19:26:54.301 15712 15784 I MuMain  : PERF_SCENE world=73 char(live=0 vis=0 ply=0 mon=0 npc=0 pet=0 prio=0 topMon=-1 x0) obj(live=375 vis=63 op=0 trap=0 topObj=129 x6)
04-26 19:26:54.301 15712 15784 I MuMain  : PERF_BUCKET objMove(cand=0 upd=0 def=0 n=0 m=0 f=0) objRender(cand=0 draw=0 cull=0 n=0 m=0 f=0 visDraw=0 visDef=0) charMove(cand=0 upd=0 def=0 n=0 m=0 f=0) charRender(cand=0 draw=0 def=0 cull=0 n=0 m=0 f=0)
04-26 19:26:54.301 15712 15784 I MuMain  : PERF_TERRAIN world=73 normal(block=0 tile=0) grass(block=0 tile=0) after(block=0 tile=0)
04-26 19:26:55.082 15712 15784 I MuMain  : ADAPT fx scale: fps=44.4 frameMs=22.52 1.00->0.90 target=0.90
04-26 19:26:55.348 15712 15784 I MuMain  : PERF fps=45.0 frameMs=22.23 phase(render=21.40 pad=0.02 present=0.75) renderLevel=4 fxScale=1.00 maxMsg=30 avg(draw=336 verts=95016 im=1946 vaD=0 vaC=0 qI=254 qE=0) max(draw=346 verts=95910)
04-26 19:26:55.349 15712 15784 I MuMain  : PERF_SCENE world=73 char(live=0 vis=0 ply=0 mon=0 npc=0 pet=0 prio=0 topMon=-1 x0) obj(live=375 vis=53 op=0 trap=0 topObj=129 x6)
04-26 19:26:55.349 15712 15784 I MuMain  : PERF_BUCKET objMove(cand=0 upd=0 def=0 n=0 m=0 f=0) objRender(cand=0 draw=0 cull=0 n=0 m=0 f=0 visDraw=0 visDef=0) charMove(cand=0 upd=0 def=0 n=0 m=0 f=0) charRender(cand=0 draw=0 def=0 cull=0 n=0 m=0 f=0)
04-26 19:26:55.349 15712 15784 I MuMain  : PERF_TERRAIN world=73 normal(block=0 tile=0) grass(block=0 tile=0) after(block=0 tile=0)
04-26 19:26:55.955   736   921 I HalDevMgr: bestIfaceCreationProposal is null, requestIface=STA, existingIface=[name=wlan0 type=STA]
04-26 19:26:56.267   736   862 D ActivityManager: freezing 4376 com.google.android.permissioncontroller
04-26 19:26:56.271   736   931 D InetDiagMessage: Destroyed 0 sockets, proto=IPPROTO_TCP, family=AF_INET, states=14
04-26 19:26:56.272   736   931 D InetDiagMessage: Destroyed 0 sockets, proto=IPPROTO_TCP, family=AF_INET6, states=14
04-26 19:26:56.272   736   931 D InetDiagMessage: Destroyed live tcp sockets for uids={10211} in 1ms
04-26 19:26:56.396 15712 15784 I MuMain  : PERF fps=49.8 frameMs=20.06 phase(render=18.55 pad=0.03 present=1.42) renderLevel=4 fxScale=1.00 maxMsg=30 avg(draw=275 verts=91416 im=1995 vaD=0 vaC=0 qI=197 qE=0) max(draw=289 verts=92466)
04-26 19:26:56.396 15712 15784 I MuMain  : PERF_SCENE world=73 char(live=0 vis=0 ply=0 mon=0 npc=0 pet=0 prio=0 topMon=-1 x0) obj(live=375 vis=53 op=0 trap=0 topObj=129 x7)
04-26 19:26:56.396 15712 15784 I MuMain  : PERF_BUCKET objMove(cand=0 upd=0 def=0 n=0 m=0 f=0) objRender(cand=0 draw=0 cull=0 n=0 m=0 f=0 visDraw=0 visDef=0) charMove(cand=0 upd=0 def=0 n=0 m=0 f=0) charRender(cand=0 draw=0 def=0 cull=0 n=0 m=0 f=0)
04-26 19:26:56.396 15712 15784 I MuMain  : PERF_TERRAIN world=73 normal(block=0 tile=0) grass(block=0 tile=0) after(block=0 tile=0)
04-26 19:26:56.728 15807 15807 W libbinder.BackendUnifiedServiceManager: Thread Pool max thread count is 0. Cannot cache binder as linkToDeath cannot be implemented. serviceName: SurfaceFlingerAIDL
