04-26 20:25:32.297  1219  1219 D ActivityAllAppsContainerView: rebindAdapters: force: false
04-26 20:25:32.297  1219  1219 D ActivityAllAppsContainerView: rebindAdapters: Not needed.
04-26 20:25:32.297  1219  1219 D StatsLog: LAUNCHER_ALLAPPS_COUNT
04-26 20:25:32.297  1219  1219 D AlphabeticalAppsList: Clearing FastScrollerSections.
04-26 20:25:32.299   736  1076 D IntervalStats: Unable to parse usage stats packages: [266, 267, 268, 269, 270, 271, 272, 273]
04-26 20:25:32.299   736  1185 W AppOpService: Ignored setUidMode call for runtime permission app op: uid = 1001, code = SEND_SMS, mode = allow, callingUid = 1001, oldMode = allow
04-26 20:25:32.300  1219  1219 D AlphabeticalAppsList: Adding apps with sections. HasPrivateApps: false
04-26 20:25:32.301  1219  1219 D AlphabeticalAppsList: addAppsWithSections: adding sectionName: C with appInfoTitle: Calendar
04-26 20:25:32.301  1219  1219 D AlphabeticalAppsList: addAppsWithSections: adding sectionName: D with appInfoTitle: Drive
04-26 20:25:32.301  1219  1219 D AlphabeticalAppsList: addAppsWithSections: adding sectionName: F with appInfoTitle: Files
04-26 20:25:32.301  1219  1219 D AlphabeticalAppsList: addAppsWithSections: adding sectionName: G with appInfoTitle: Glasses
04-26 20:25:32.301  1219  1219 D AlphabeticalAppsList: addAppsWithSections: adding sectionName: M with appInfoTitle: Maps
04-26 20:25:32.301  1219  1219 D AlphabeticalAppsList: addAppsWithSections: adding sectionName: P with appInfoTitle: Phone
04-26 20:25:32.301  1219  1219 D AlphabeticalAppsList: addAppsWithSections: adding sectionName: S with appInfoTitle: Safety
04-26 20:25:32.301  1219  1219 D AlphabeticalAppsList: addAppsWithSections: adding sectionName: T with appInfoTitle: TMoble
04-26 20:25:32.301  1219  1219 D AlphabeticalAppsList: addAppsWithSections: adding sectionName: Y with appInfoTitle: YouTube
04-26 20:25:32.301  1219  1219 D AlphabeticalAppsList: Adding FastScrollSection duplicate to scroll to the bottom.
04-26 20:25:32.303   736   759 V WindowManager: Finish Transition (#132): created at 04-26 20:25:31.345 collect-started=0.235ms request-sent=0.293ms started=12.61ms ready=17.396ms sent=170.08ms commit=40.066ms finished=949.414ms
04-26 20:25:32.307  1219  1219 D AlphabeticalAppsList: Clearing FastScrollerSections.
04-26 20:25:32.308  1219  1219 D AlphabeticalAppsList: Adding apps with sections. HasPrivateApps: false
04-26 20:25:32.308  1219  1219 D AlphabeticalAppsList: addAppsWithSections: adding sectionName: C with appInfoTitle: Calendar
04-26 20:25:32.308  1219  1219 D AlphabeticalAppsList: addAppsWithSections: adding sectionName: D with appInfoTitle: Drive
04-26 20:25:32.308  1219  1219 D AlphabeticalAppsList: addAppsWithSections: adding sectionName: F with appInfoTitle: Files
04-26 20:25:32.308  1219  1219 D AlphabeticalAppsList: addAppsWithSections: adding sectionName: G with appInfoTitle: Glasses
04-26 20:25:32.308  1219  1219 D AlphabeticalAppsList: addAppsWithSections: adding sectionName: M with appInfoTitle: Maps
04-26 20:25:32.308  1219  1219 D AlphabeticalAppsList: addAppsWithSections: adding sectionName: P with appInfoTitle: Phone
04-26 20:25:32.308  1219  1219 D AlphabeticalAppsList: addAppsWithSections: adding sectionName: S with appInfoTitle: Safety
04-26 20:25:32.308  1219  1219 D AlphabeticalAppsList: addAppsWithSections: adding sectionName: T with appInfoTitle: TMoble
04-26 20:25:32.308  1219  1219 D AlphabeticalAppsList: addAppsWithSections: adding sectionName: Y with appInfoTitle: YouTube
04-26 20:25:32.308  1219  1219 D AlphabeticalAppsList: Adding FastScrollSection duplicate to scroll to the bottom.
04-26 20:25:32.308   736  1938 E libbinder.IPCThreadState: Binder transaction failure. id: 3475662, cmd: BR_DEAD_REPLY (29189), error: -22 (Invalid argument)
04-26 20:25:32.308   736  1938 W ActivityManager: pid 736 system sent binder code 7 with flags 1 and got error -32
04-26 20:25:32.308  1219  1219 D AllAppsStore: setApps: apps.length=21
04-26 20:25:32.308  1219  1219 D AllAppsStore: notifyUpdate: notifying listeners
04-26 20:25:32.309   736  1938 W WindowManager: Exception thrown during dispatchAppVisibility Window{ba36cc1 u0 com.muonline.client/com.muonline.client.MuMainActivity EXITING}
04-26 20:25:32.309   736  1938 W WindowManager: android.os.DeadObjectException
04-26 20:25:32.309   736  1938 W WindowManager: 	at android.os.BinderProxy.transactNative(Native Method)
04-26 20:25:32.309   736  1938 W WindowManager: 	at android.os.BinderProxy.transact(BinderProxy.java:617)
04-26 20:25:32.309   736  1938 W WindowManager: 	at android.view.IWindow$Stub$Proxy.dispatchAppVisibility(IWindow.java:596)
04-26 20:25:32.309   736  1938 W WindowManager: 	at com.android.server.wm.WindowState.sendAppVisibilityToClients(WindowState.java:3335)
04-26 20:25:32.309   736  1938 W WindowManager: 	at com.android.server.wm.WindowContainer.sendAppVisibilityToClients(WindowContainer.java:1245)
04-26 20:25:32.309   736  1938 W WindowManager: 	at com.android.server.wm.WindowToken.setClientVisible(WindowToken.java:392)
04-26 20:25:32.309   736  1938 W WindowManager: 	at com.android.server.wm.ActivityRecord.commitVisibility(ActivityRecord.java:5599)
04-26 20:25:32.309   736  1938 W WindowManager: 	at com.android.server.wm.Transition.finishTransition(Transition.java:1570)
04-26 20:25:32.309   736  1938 W WindowManager: 	at com.android.server.wm.TransitionController.finishTransition(TransitionController.java:1205)
04-26 20:25:32.309   736  1938 W WindowManager: 	at com.android.server.wm.WindowOrganizerController.finishTransition(WindowOrganizerController.java:533)
04-26 20:25:32.309   736  1938 W WindowManager: 	at android.window.IWindowOrganizerController$Stub.onTransact(IWindowOrganizerController.java:265)
04-26 20:25:32.309   736  1938 W WindowManager: 	at com.android.server.wm.WindowOrganizerController.onTransact(WindowOrganizerController.java:239)
04-26 20:25:32.309   736  1938 W WindowManager: 	at android.os.Binder.execTransactInternal(Binder.java:1466)
04-26 20:25:32.309   736  1938 W WindowManager: 	at android.os.Binder.execTransact(Binder.java:1411)
04-26 20:25:32.309  4164  4164 I Finsky  : [2] ajjp - Received: android.intent.action.PACKAGE_ADDED, [n076RJLEETmEZ61FBJHrGFwh-0szukPG_iaeB-mhrwQ]
04-26 20:25:32.309   736   736 V AccessibilityManagerService: onUserStateChangedLocked for userId: 0, forceUpdate: false
04-26 20:25:32.309   736  1938 W Process : Unable to open /proc/17980/status
04-26 20:25:32.309  1219  1219 D b/387844520: getOutlineOffsetX: measured width = 173, mNormalizedIconSize = 159, last updated width = 173
04-26 20:25:32.311  1219  1219 V BaseDepthController: Applying blur: 0 to Surface(name=VRI-com.google.android.apps.nexuslauncher/com.google.android.apps.nexuslauncher.NexusLauncherActivity#1396)/@0xd45637f applyImmediately: false
04-26 20:25:32.311  1219  1219 D BaseDepthController: shouldBlurWorkspace: false targetState: Normal currentStableState: Normal mCurrentBlur: 0 mLauncher.getDepthBlurTargets(): [com.android.launcher3.Workspace{573bc60 V.ED..... ......ID 0,0-1080,2400 #7f0a047d app:id/workspace}, com.android.launcher3.Hotseat{7eca519 V.ED..... .......D 0,1905-1080,2400 #7f0a01f1 app:id/hotseat}]
04-26 20:25:32.313   736  1185 W AppOpService: Ignored setUidMode call for runtime permission app op: uid = 1001, code = READ_CELL_BROADCASTS, mode = allow, callingUid = 1001, oldMode = allow
04-26 20:25:32.318   736  1076 D IntervalStats: Unable to parse usage stats packages: [273]
04-26 20:25:32.325  1219  1219 D RecentTasksList: invalidateLoadedTasks - previous requestLoadId: -1
04-26 20:25:32.329  4164  4164 I Finsky  : [2] ajjp - Deduping intent android.intent.action.PACKAGE_ADDED
04-26 20:25:32.330  4164  4164 D ActivityThread: Package [com.muonline.client] reported as REPLACED, but missing application info. Assuming REMOVED.
04-26 20:25:32.330  4164  4205 I Finsky  : [41] RECEIVER_PACKAGE_MONITOR#logWorkEndAndFinishGoAsync: SUCCESS
04-26 20:25:32.332  1036  1091 V WindowManagerShell: Playing animation for (#133) android.os.BinderProxy@c8cb91b@0
04-26 20:25:32.340  1036  1091 D ShellSplitScreen: startAnimation: transition=133 isSplitActive=false
04-26 20:25:32.340  1036  1091 V ShellRecents: RecentsTransitionHandler.startAnimation: no controller found
04-26 20:25:32.340  1036  1091 V ShellDesktopMode: DesktopMixedTransitionHandler: No pending desktop transition
04-26 20:25:32.340  1203  1423 D ImsResolver: maybeAddedImsService, packageName: com.muonline.client
04-26 20:25:32.340  1036  1091 V WindowManagerShell: Transition doesn't have explicit remote, search filters for match for {id=133 t=OPEN f=0x0 trk=0 r=[0@Point(0, 0)] c=[{m=OPEN f=MOVE_TO_TOP leash=Surface(name=Task=113#1405)/@0x4c6cf30 sb=Rect(0, 0 - 2400, 1080) eb=Rect(0, 0 - 2400, 1080) epz=Point(2400, 1080) d=0 taskParent=-1 winMode=1 userId=0},{m=TO_BACK f=SHOW_WALLPAPER leash=Surface(name=Task=1#34)/@0xae707a9 sb=Rect(0, 0 - 2400, 1080) eb=Rect(0, 0 - 2400, 1080) epz=Point(2400, 1080) d=0 taskParent=-1 winMode=1 userId=0},{m=TO_BACK f=IS_WALLPAPER leash=Surface(name=Surface(name=WallpaperWindowToken{3bea6dd}#54)/@0x4e520e1 - rotation-leash#1400)/@0xe69f12e sb=Rect(0, 0 - 1080, 2400) eb=Rect(0, 0 - 2400, 1080) epz=Point(2400, 1080) d=0 r=0->1:-1}]}
04-26 20:25:32.340  1203  1423 V ImsResolver: searchForImsServices: package=com.muonline.client, users=[UserHandle{0}]
04-26 20:25:32.341  1036  1091 V WindowManagerShell:  Checking filter Pair{{types=[] flags=0x0 notFlags=0x0 checks=[{atype=undefined independent=true modes=[CLOSE,TO_BACK] flags=IN_TASK_WITH_EMBEDDED_ACTIVITY mustBeTask=false order=ANY topActivity=null launchCookie=null taskFragmentToken=android.os.BinderProxy@e90ae30 windowingMode=undefined isCrossDisplayMove=false}]} RemoteTransition { remoteTransition = android.window.IRemoteTransition$Stub$Proxy@1ccfaa9, appThread = android.app.IApplicationThread$Stub$Proxy@5c682e, debugName = overlayBackTransition, filter = {types=[] flags=0x0 notFlags=0x0 checks=[{atype=undefined independent=true modes=[CLOSE,TO_BACK] flags=IN_TASK_WITH_EMBEDDED_ACTIVITY mustBeTask=false order=ANY topActivity=null launchCookie=null taskFragmentToken=android.os.BinderProxy@e90ae30 windowingMode=undefined isCrossDisplayMove=false}]} }}
04-26 20:25:32.341  1036  1091 V WindowManagerShell:  Checking filter Pair{{types=[] flags=0x0 notFlags=0x0 checks=[{atype=dream independent=true modes=[OPEN,TO_FRONT] flags=NONE mustBeTask=false order=ANY topActivity=null launchCookie=null windowingMode=undefined isCrossDisplayMove=false},{atype=home independent=true modes=[CLOSE,TO_BACK] flags=NONE mustBeTask=false order=ANY topActivity=null launchCookie=null windowingMode=undefined isCrossDisplayMove=false}]} RemoteTransition { remoteTransition = android.window.IRemoteTransition$Stub$Proxy@aa8fcf, appThread = android.app.IApplicationThread$Stub$Proxy@98a7d5c, debugName = LauncherToDream, filter = {types=[] flags=0x0 notFlags=0x0 checks=[{atype=dream independent=true modes=[OPEN,TO_FRONT] flags=NONE mustBeTask=false order=ANY topActivity=null launchCookie=null windowingMode=undefined isCrossDisplayMove=false},{atype=home independent=true modes=[CLOSE,TO_BACK] flags=NONE mustBeTask=false order=ANY topActivity=null launchCookie=null windowingMode=undefined isCrossDisplayMove=false}]} }}
04-26 20:25:32.341  4276 18474 I Finsky:background: [203] Wrote row to frosting DB: 3202
04-26 20:25:32.345   566   616 W skia    : AGTM parsing failed flags.readFromStream(s) at 159
04-26 20:25:32.345   566   616 W skia    : AGTM parsing failed flags.readFromStream(s) at 159
04-26 20:25:32.348  1036  1091 V WindowManagerShell:  Checking filter Pair{{types=[] flags=0x0 notFlags=0x0 checks=[{atype=standard independent=false modes=[CHANGE] flags=NONE mustBeTask=true order=ANY topActivity=null launchCookie=null windowingMode=undefined isCrossDisplayMove=true}]} RemoteTransition { remoteTransition = android.window.IRemoteTransition$Stub$Proxy@3519865, appThread = android.app.IApplicationThread$Stub$Proxy@94ad93a, debugName = QuickstepDisplayMove, filter = {types=[] flags=0x0 notFlags=0x0 checks=[{atype=standard independent=false modes=[CHANGE] flags=NONE mustBeTask=true order=ANY topActivity=null launchCookie=null windowingMode=undefined isCrossDisplayMove=true}]} }}
04-26 20:25:32.349  1036  1091 V WindowManagerShell:  Checking filter Pair{{types=[] flags=0x0 notFlags=0x100 checks=[{atype=home independent=true modes=[OPEN,TO_FRONT] flags=NONE mustBeTask=false order=ANY topActivity=ComponentInfo{com.google.android.apps.nexuslauncher/com.google.android.apps.nexuslauncher.NexusLauncherActivity} launchCookie=null windowingMode=undefined isCrossDisplayMove=false},{atype=standard independent=true modes=[CLOSE,TO_BACK] flags=NONE mustBeTask=false order=ANY topActivity=null launchCookie=null windowingMode=undefined isCrossDisplayMove=false},{NOT atype=undefined independent=true modes=[] flags=NONE mustBeTask=true order=ANY topActivity=null launchCookie=null customAnim=true windowingMode=undefined isCrossDisplayMove=false}]} RemoteTransition { remoteTransition = android.window.IRemoteTransition$Stub$Proxy@fea59eb, appThread = android.app.IApplicationThread$Stub$Proxy@4f01348, debugName = QuickstepLaunchHome, filter = {types=[] flags=0x0 notFlags=0x100 checks=[{atype=home independent=true modes=[OPEN,TO_FRONT] flags=NONE mustBeTask=false order=ANY topActivity=ComponentInfo{com.google.android.apps.nexuslauncher/com.google.android.apps.nexuslauncher.NexusLauncherActivity} launchCookie=null windowingMode=undefined isCrossDisplayMove=false},{atype=standard independent=true modes=[CLOSE,TO_BACK] flags=NONE mustBeTask=false order=ANY topActivity=null launchCookie=null windowingMode=undefined isCrossDisplayMove=false},{NOT atype=undefined independent=true modes=[] flags=NONE mustBeTask=true order=ANY topActivity=null launchCookie=null customAnim=true windowingMode=undefined isCrossDisplayMove=false}]} }}
04-26 20:25:32.349  1036  1091 V WindowManagerShell:  Checking filter Pair{{types=[OPEN,TO_FRONT] flags=0x0 notFlags=0x0 checks=[{atype=standard independent=true modes=[OPEN,TO_FRONT] flags=NONE mustBeTask=true order=ANY topActivity=null launchCookie=null windowingMode=freeform isCrossDisplayMove=false}]} RemoteTransition { remoteTransition = android.window.IRemoteTransition$Stub$Proxy@5987ffe, appThread = null, debugName = DesktopWindowLimitUnminimize, filter = {types=[OPEN,TO_FRONT] flags=0x0 notFlags=0x0 checks=[{atype=standard independent=true modes=[OPEN,TO_FRONT] flags=NONE mustBeTask=true order=ANY topActivity=null launchCookie=null windowingMode=freeform isCrossDisplayMove=false}]} }}
04-26 20:25:32.350  1203  1423 V ImsResolver: searchForImsServices: package=com.muonline.client, users=[UserHandle{0}]
04-26 20:25:32.353   566   566 E BpTransactionCompletedListener: Failed to transact (-32)
04-26 20:25:32.353   566   566 E BpTransactionCompletedListener: Failed to transact (-32)
04-26 20:25:32.357  1036  1091 V WindowManagerShell:  Delegate animation for (#133) to null
04-26 20:25:32.358  1036  1091 V WindowManagerShell: start default transition animation, info = {id=133 t=OPEN f=0x0 trk=0 r=[0@Point(0, 0)] c=[{m=OPEN f=MOVE_TO_TOP leash=Surface(name=Task=113#1405)/@0x4c6cf30 sb=Rect(0, 0 - 2400, 1080) eb=Rect(0, 0 - 2400, 1080) epz=Point(2400, 1080) d=0 taskParent=-1 winMode=1 userId=0},{m=TO_BACK f=SHOW_WALLPAPER leash=Surface(name=Task=1#34)/@0xae707a9 sb=Rect(0, 0 - 2400, 1080) eb=Rect(0, 0 - 2400, 1080) epz=Point(2400, 1080) d=0 taskParent=-1 winMode=1 userId=0},{m=TO_BACK f=IS_WALLPAPER leash=Surface(name=Surface(name=WallpaperWindowToken{3bea6dd}#54)/@0x4e520e1 - rotation-leash#1400)/@0xe69f12e sb=Rect(0, 0 - 1080, 2400) eb=Rect(0, 0 - 2400, 1080) epz=Point(2400, 1080) d=0 r=0->1:-1}]}
04-26 20:25:32.358  1036  1091 V WindowManagerShell: loadAnimation: anim=android.view.animation.AnimationSet@892f806 animAttr=0x13 type=OPEN isEntrance=false
04-26 20:25:32.358  1036  1091 V WindowManagerShell: loadAnimation: anim=android.view.animation.AnimationSet@fffec1d animAttr=0x12 type=OPEN isEntrance=true
04-26 20:25:32.359  1219  1219 V BaseDepthController: Applying blur: 0 to Surface(name=VRI-com.google.android.apps.nexuslauncher/com.google.android.apps.nexuslauncher.NexusLauncherActivity#1396)/@0xd45637f applyImmediately: false
04-26 20:25:32.360  1219  1219 D BaseDepthController: shouldBlurWorkspace: false targetState: Normal currentStableState: Normal mCurrentBlur: 0 mLauncher.getDepthBlurTargets(): [com.android.launcher3.Workspace{573bc60 V.ED..... ........ 0,0-1080,2400 #7f0a047d app:id/workspace}, com.android.launcher3.Hotseat{7eca519 V.ED..... ........ 0,1905-1080,2400 #7f0a01f1 app:id/hotseat}]
04-26 20:25:32.363   736  1076 D IntervalStats: Unable to parse usage stats packages: [273]
04-26 20:25:32.364  1219  1219 D RecentsView: onTaskRemoved: 112, not handling task stack changes
04-26 20:25:32.364   736   736 V AccessibilityUserState: updateShortcutTargets: type:accessibility_shortcut_target_service, current:{}, new:{}
04-26 20:25:32.365   736   736 V AccessibilityUserState: updateShortcutTargets: type:accessibility_button_targets, current:{}, new:{}
04-26 20:25:32.365   736   736 V AccessibilityUserState: updateShortcutTargets: type:accessibility_gesture_targets, current:{}, new:{}
04-26 20:25:32.365   736   736 V AccessibilityUserState: updateShortcutTargets: type:accessibility_qs_targets, current:{}, new:{}
04-26 20:25:32.365   736   736 V AccessibilityUserState: updateShortcutTargets: type:accessibility_key_gesture_targets, current:{}, new:{}
04-26 20:25:32.365   736   736 V AccessibilityUserState: updateShortcutTargets: type:accessibility_top_row_key_targets, current:{}, new:{}
04-26 20:25:32.365  1036  1091 V WindowManagerShell:  animated by com.android.wm.shell.transition.DefaultTransitionHandler@11f9e32
04-26 20:25:32.366  1219  1219 D RecentsView: onTaskRemoved: 112, not handling task stack changes
04-26 20:25:32.366   736  2215 W ActivityManager: Slow operation: 52ms so far, now at attachApplicationLocked: immediately after bindApplication
04-26 20:25:32.367   736  2215 W ActivityManager: Slow operation: 53ms so far, now at attachApplicationLocked: after updateLruProcessLocked
04-26 20:25:32.366  1203  1203 W VvmPkgInstalledRcvr: carrierVvmPkgAdded: carrier vvm packages doesn't contain com.muonline.client
04-26 20:25:32.369   736   736 V AccessibilityUserState: updateShortcutTargets: type:accessibility_quick_access_targets, current:{}, new:{}
04-26 20:25:32.370   736  2215 W ActivityManager: Slow operation: 56ms so far, now at attachApplicationLocked: after updateOomAdjLocked
04-26 20:25:32.373 18499 18499 D CompatChangeReporter: Compat change id reported: 242716250; UID 10230; state: ENABLED
04-26 20:25:32.374   736   736 W MagnificationConnectionManager: requestConnection duplicated request: connect=false, mConnectionState=DISCONNECTED
04-26 20:25:32.377  1036  1091 V RecentTasksController: generateList(getRecentTasks)
04-26 20:25:32.377  1036  1091 V RecentTasksController: initializeDesksMap - allDeskIds: []
04-26 20:25:32.377  1036  1091 V RecentTasksController: Task 113 is not an active desktop task
04-26 20:25:32.377  1036  1091 V RecentTasksController: Added fullscreen task: 113
04-26 20:25:32.377  1036  1091 V RecentTasksController: generateList - complete
04-26 20:25:32.377  1036  1091 V ShellTaskOrganizer: Task vanished taskId=112
04-26 20:25:32.377  1036  1091 V ShellTaskOrganizer: Fullscreen Task Vanished: #112
04-26 20:25:32.377  1036  1091 V ShellDesktopMode: Task Vanished: #112 closed=true
04-26 20:25:32.378  1036  1091 V RecentTasksController: Notify recent tasks changed
04-26 20:25:32.378  1036  1091 D ShellDesktopMode: AppToWebRepository: Task 112 is vanishing. Removing task data from repository
04-26 20:25:32.379  1219  1219 D RecentTasksList: invalidateLoadedTasks - previous requestLoadId: -1
04-26 20:25:32.381  1016  1016 I wpa_supplicant: wlan0: CTRL-EVENT-BEACON-LOSS 
04-26 20:25:32.383   736   736 W libbinder.IPCThreadState: Sending oneway calls to frozen process.
04-26 20:25:32.383   736   736 W libbinder.IPCThreadState: Sending oneway calls to frozen process.
04-26 20:25:32.383   736   736 W libbinder.IPCThreadState: Sending oneway calls to frozen process.
04-26 20:25:32.389  1036  1091 V AppCompat: SingleSurfaceLetterboxController: [113]
04-26 20:25:32.389  1036  1091 V AppCompat: MultiSurfaceLetterboxController: []
04-26 20:25:32.389  1036  1091 V AppCompat: LetterboxInputController: [113]
04-26 20:25:32.389  1036  1091 V AppCompat: RoundedCornersLetterboxController: {}
04-26 20:25:32.390   736  2217 W WindowManager: Failed looking up window session=Session{597bd89 1036:u0a10196} callers=com.android.server.wm.WindowManagerService.removeClientToken:2272 com.android.server.wm.Session.remove:282 android.view.IWindowSession$Stub.onTransact:637 
04-26 20:25:32.390 18499 18499 D nativeloader: Configuring clns-9 for other apk /data/app/~~kWF4hUGtmhDlrJgF61o83A==/com.muonline.client-H0e7R9XpwIHGoi7aBg4whg==/base.apk. target_sdk_version=34, uses_libraries=, library_path=/data/app/~~kWF4hUGtmhDlrJgF61o83A==/com.muonline.client-H0e7R9XpwIHGoi7aBg4whg==/lib/x86_64:/data/app/~~kWF4hUGtmhDlrJgF61o83A==/com.muonline.client-H0e7R9XpwIHGoi7aBg4whg==/base.apk!/lib/x86_64, permitted_path=/data:/mnt/expand:/data/user/0/com.muonline.client
04-26 20:25:32.391   736   736 W libbinder.IPCThreadState: Sending oneway calls to frozen process.
04-26 20:25:32.394   736   736 W libbinder.IPCThreadState: Sending oneway calls to frozen process.
04-26 20:25:32.394   736   736 W libbinder.IPCThreadState: Sending oneway calls to frozen process.
04-26 20:25:32.394   736   736 W libbinder.IPCThreadState: Sending oneway calls to frozen process.
04-26 20:25:32.395  1203  1203 D SatelliteController: packageStateChanged: package:com.muonline.client defaultSmsPackageName: com.google.android.apps.messaging satelliteGatewayServicePackageName: 
04-26 20:25:32.396  1203  1203 D ActivityThread: Package [com.muonline.client] reported as REPLACED, but missing application info. Assuming REMOVED.
04-26 20:25:32.396  4276 18474 I Finsky:background: [203] Wrote row to frosting DB: 3203
04-26 20:25:32.398   736   736 W libbinder.IPCThreadState: Sending oneway calls to frozen process.
04-26 20:25:32.409   736  1076 D IntervalStats: Unable to parse usage stats packages: [273]
04-26 20:25:32.399   736   736 W libbinder.IPCThreadState: Sending oneway calls to frozen process.
04-26 20:25:32.409  4276  4276 I Finsky:background: [2] Memory trim requested to level 40
04-26 20:25:32.409   736   736 W libbinder.IPCThreadState: Sending oneway calls to frozen process.
04-26 20:25:32.409   736   736 W libbinder.IPCThreadState: Sending oneway calls to frozen process.
04-26 20:25:32.409   736   736 W libbinder.IPCThreadState: Sending oneway calls to frozen process.
04-26 20:25:32.421  1203  1203 D CarrierSvcBindHelper: onHandleForceStop: [com.muonline.client]
04-26 20:25:32.421   566   616 W skia    : AGTM parsing failed flags.readFromStream(s) at 159
04-26 20:25:32.428  1203  1203 D CarrierSvcBindHelper: No carrier app for: 0
04-26 20:25:32.429   736   736 W Looper  : Drained
04-26 20:25:32.437  1219  1219 V BaseDepthController: Applying blur: 0 to Surface(name=VRI-com.google.android.apps.nexuslauncher/com.google.android.apps.nexuslauncher.NexusLauncherActivity#1396)/@0xd45637f applyImmediately: false
04-26 20:25:32.437  1219  1219 D BaseDepthController: setEarlyWakeup: false
04-26 20:25:32.438  1219  1219 D BaseDepthController: shouldBlurWorkspace: false targetState: Normal currentStableState: Normal mCurrentBlur: 0 mLauncher.getDepthBlurTargets(): [com.android.launcher3.Workspace{573bc60 V.ED..... ........ 0,0-1080,2400 #7f0a047d app:id/workspace}, com.android.launcher3.Hotseat{7eca519 V.ED..... ........ 0,1905-1080,2400 #7f0a01f1 app:id/hotseat}]
04-26 20:25:32.444   566   616 W skia    : AGTM parsing failed flags.readFromStream(s) at 159
04-26 20:25:32.444   566   616 W skia    : AGTM parsing failed flags.readFromStream(s) at 159
04-26 20:25:32.454   736  1076 D IntervalStats: Unable to parse usage stats packages: [273, 276, 277, 278]
04-26 20:25:32.464  4276 18474 I Finsky:background: [203] Wrote row to frosting DB: 3204
04-26 20:25:32.466 18499 18499 V GraphicsEnvironment: Currently set values for:
04-26 20:25:32.466 18499 18499 V GraphicsEnvironment:   angle_gl_driver_selection_pkgs=[]
04-26 20:25:32.466 18499 18499 V GraphicsEnvironment:   angle_gl_driver_selection_values=[]
04-26 20:25:32.466 18499 18499 V GraphicsEnvironment: com.muonline.client is not listed in per-application setting
04-26 20:25:32.467 18499 18499 V GraphicsEnvironment: No special selections for ANGLE, returning default driver choice
04-26 20:25:32.474 18499 18499 V GraphicsEnvironment: Neither updatable production driver nor prerelease driver is supported.
04-26 20:25:32.477   736  1962 W ActivityManager: Skipping manifest association check for null package. SourceUid: 10214, SourcePkg: null, TargetUid: 10214, TargetPkg: com.google.android.gms
04-26 20:25:32.489  4276 18474 I Finsky:background: [203] Wrote row to frosting DB: 3205
04-26 20:25:32.507 14925 18516 W SQLiteLog: (28) double-quoted string literal: "com.muonline.client"
04-26 20:25:32.511   736  2220 E AppOps  : attributionTag VCN not declared in manifest of android
04-26 20:25:32.513   736  1076 D IntervalStats: Unable to parse usage stats packages: [278, 280, 281, 282, 283]
04-26 20:25:32.514   736  1076 D IntervalStats: Unable to parse usage stats packages: [283]
04-26 20:25:32.519   736  1076 D IntervalStats: Unable to parse usage stats packages: [283]
04-26 20:25:32.533   736   750 W System  : A resource failed to call close. 
04-26 20:25:32.533   736   750 W System  : A resource failed to call close. 
04-26 20:25:32.539  1366 18539 I ProximityAuth: [RecentAppsMediator] Package added: (user=UserHandle{0}) com.muonline.client
04-26 20:25:32.542  1219  1228 I s.nexuslauncher: NativeAlloc concurrent mark compact GC freed 1842KB AllocSpace bytes, 3(96KB) LOS objects, 49% free, 6425KB/12MB, paused 2.707ms,31.716ms total 113.498ms
04-26 20:25:32.550   566   616 W skia    : AGTM parsing failed flags.readFromStream(s) at 159
04-26 20:25:32.552  1219  1230 W System  : A resource failed to call release. 
04-26 20:25:32.555  1219  1230 W System  : A resource failed to call HardwareBuffer.close. 
04-26 20:25:32.557   736  1076 D IntervalStats: Unable to parse usage stats packages: [283, 284]
04-26 20:25:32.572   736  2217 V SafetySourceDataValidat: Package: com.android.vending has expected signature
04-26 20:25:32.581  3743  3758 I ogle.android.as: Waiting for a blocking GC ProfileSaver
04-26 20:25:32.586  1219  1219 D ScalingWorkspaceRevealAnim: onAnimationEnd, workspace and hotseat are visible
04-26 20:25:32.586  1219  1219 V BaseDepthController: Applying blur: 0 to Surface(name=VRI-com.google.android.apps.nexuslauncher/com.google.android.apps.nexuslauncher.NexusLauncherActivity#1396)/@0xd45637f applyImmediately: false
04-26 20:25:32.586  1219  1219 D BaseDepthController: shouldBlurWorkspace: false targetState: Normal currentStableState: Normal mCurrentBlur: 0 mLauncher.getDepthBlurTargets(): [com.android.launcher3.Workspace{573bc60 V.ED..... ......ID 0,0-1080,2400 #7f0a047d app:id/workspace}, com.android.launcher3.Hotseat{7eca519 V.ED..... ......ID 0,1905-1080,2400 #7f0a01f1 app:id/hotseat}]
04-26 20:25:32.596  4164  4164 I Finsky  : [2] Memory trim requested to level 40
04-26 20:25:32.596 18499 18542 I DisplayManager: Choreographer implicitly registered for the refresh rate.
04-26 20:25:32.596  4164  4164 I Finsky  : [2] Flushing in-memory image cache
04-26 20:25:32.601 14925 14925 D BoundBrokerSvc: onBind: Intent { act=com.google.android.gms.common.BIND_SHARED_PREFS xflg=0x4 pkg=com.google.android.gms }
04-26 20:25:32.601 14925 14925 D BoundBrokerSvc: Loading bound service for intent: Intent { act=com.google.android.gms.common.BIND_SHARED_PREFS xflg=0x4 pkg=com.google.android.gms }
04-26 20:25:32.618  1366 18493 I Fitness : (REDACTED) FitCleanupIntentOperation received Intent %s
04-26 20:25:32.631 14925 18515 I Auth    : (REDACTED) [SupervisedAccountIntentOperation] onHandleIntent: %s
04-26 20:25:32.633 14925 18516 I PackageInstalledIntentO: Test flag v2 is disabled [CONTEXT service_id=469 ]
04-26 20:25:32.639 14925 18541 I NearbyDiscovery: (REDACTED) processGrantSlicePermission: %s
04-26 20:25:32.648   566   616 W skia    : AGTM parsing failed flags.readFromStream(s) at 159
04-26 20:25:32.650  1366 18539 I FontLog : (REDACTED) Package %s has no metadata
04-26 20:25:32.670  1219  1219 W FrameTracker: Missed SF frame:jankTypeLegacy: JANK_COMPOSER, jankTypeExperimental: JANK_NONE, vsyncId: 303745, totalDuration: 31861686, CUJ=J<LAUNCHER_APP_CLOSE_TO_HOME>
04-26 20:25:32.670  1219  1219 W FrameTracker: Missed App frame:jankTypeLegacy: UNKNOWN: 3, jankTypeExperimental: JANK_NONE, vsyncId: 303760, totalDuration: 51871720, CUJ=J<LAUNCHER_APP_CLOSE_TO_HOME>
04-26 20:25:32.670  1219  1219 W FrameTracker: Missed SF frame:jankTypeLegacy: UNKNOWN: 3, jankTypeExperimental: JANK_NONE, vsyncId: 303760, totalDuration: 51871720, CUJ=J<LAUNCHER_APP_CLOSE_TO_HOME>
04-26 20:25:32.670  1219  1219 W FrameTracker: Missed SF frame:jankTypeLegacy: JANK_COMPOSER, jankTypeExperimental: JANK_NONE, vsyncId: 303790, totalDuration: 18552488, CUJ=J<LAUNCHER_APP_CLOSE_TO_HOME>
04-26 20:25:32.670  1219  1219 W FrameTracker: Missed SF frame:jankTypeLegacy: JANK_COMPOSER, jankTypeExperimental: JANK_NONE, vsyncId: 303805, totalDuration: 32924222, CUJ=J<LAUNCHER_APP_CLOSE_TO_HOME>
04-26 20:25:32.670  1219  1219 W FrameTracker: Missed App frame:jankTypeLegacy: UNKNOWN: 3, jankTypeExperimental: JANK_NONE, vsyncId: 303820, totalDuration: 34436256, CUJ=J<LAUNCHER_APP_CLOSE_TO_HOME>
04-26 20:25:32.670  1219  1219 W FrameTracker: Missed SF frame:jankTypeLegacy: UNKNOWN: 3, jankTypeExperimental: JANK_NONE, vsyncId: 303820, totalDuration: 34436256, CUJ=J<LAUNCHER_APP_CLOSE_TO_HOME>
04-26 20:25:32.670  1219  1219 W FrameTracker: Missed SF frame:jankTypeLegacy: JANK_COMPOSER, jankTypeExperimental: JANK_NONE, vsyncId: 303835, totalDuration: 17905890, CUJ=J<LAUNCHER_APP_CLOSE_TO_HOME>
04-26 20:25:32.670  1219  1219 W FrameTracker: Missed SF frame:jankTypeLegacy: JANK_COMPOSER, jankTypeExperimental: JANK_COMPOSER, vsyncId: 303850, totalDuration: 35137724, CUJ=J<LAUNCHER_APP_CLOSE_TO_HOME>
04-26 20:25:32.670  1219  1219 W FrameTracker: Missed SF frame:jankTypeLegacy: JANK_COMPOSER, jankTypeExperimental: JANK_NONE, vsyncId: 303865, totalDuration: 32220058, CUJ=J<LAUNCHER_APP_CLOSE_TO_HOME>
04-26 20:25:32.670  1219  1219 W FrameTracker: Missed SF frame:jankTypeLegacy: JANK_COMPOSER, jankTypeExperimental: JANK_NONE, vsyncId: 303880, totalDuration: 32594692, CUJ=J<LAUNCHER_APP_CLOSE_TO_HOME>
04-26 20:25:32.670  1219  1219 W FrameTracker: Missed SF frame:jankTypeLegacy: JANK_COMPOSER, jankTypeExperimental: JANK_NONE, vsyncId: 303888, totalDuration: 30890226, CUJ=J<LAUNCHER_APP_CLOSE_TO_HOME>
04-26 20:25:32.671  1219  1219 W FrameTracker: Missed SF frame:jankTypeLegacy: JANK_COMPOSER, jankTypeExperimental: JANK_NONE, vsyncId: 303896, totalDuration: 31289360, CUJ=J<LAUNCHER_APP_CLOSE_TO_HOME>
04-26 20:25:32.671  1219  1219 W FrameTracker: Missed SF frame:jankTypeLegacy: JANK_COMPOSER, jankTypeExperimental: JANK_NONE, vsyncId: 303904, totalDuration: 28993794, CUJ=J<LAUNCHER_APP_CLOSE_TO_HOME>
04-26 20:25:32.671  1219  1219 W FrameTracker: Missed SF frame:jankTypeLegacy: JANK_COMPOSER, jankTypeExperimental: JANK_NONE, vsyncId: 303912, totalDuration: 12423628, CUJ=J<LAUNCHER_APP_CLOSE_TO_HOME>
04-26 20:25:32.671  1219  1219 W FrameTracker: Missed SF frame:jankTypeLegacy: JANK_COMPOSER, jankTypeExperimental: JANK_NONE, vsyncId: 303920, totalDuration: 26927662, CUJ=J<LAUNCHER_APP_CLOSE_TO_HOME>
04-26 20:25:32.671  1219  1219 W FrameTracker: Missed SF frame:jankTypeLegacy: JANK_COMPOSER, jankTypeExperimental: JANK_NONE, vsyncId: 303928, totalDuration: 23818496, CUJ=J<LAUNCHER_APP_CLOSE_TO_HOME>
04-26 20:25:32.671  1219  1219 W FrameTracker: Missed SF frame:jankTypeLegacy: JANK_COMPOSER, jankTypeExperimental: JANK_NONE, vsyncId: 303943, totalDuration: 23865030, CUJ=J<LAUNCHER_APP_CLOSE_TO_HOME>
04-26 20:25:32.671  1219  1219 W FrameTracker: Missed SF frame:jankTypeLegacy: JANK_COMPOSER, jankTypeExperimental: JANK_NONE, vsyncId: 303951, totalDuration: 24918864, CUJ=J<LAUNCHER_APP_CLOSE_TO_HOME>
04-26 20:25:32.671  1219  1219 W FrameTracker: Missed App frame:jankTypeLegacy: UNKNOWN: 3, jankTypeExperimental: JANK_NONE, vsyncId: 303959, totalDuration: 34545198, CUJ=J<LAUNCHER_APP_CLOSE_TO_HOME>
04-26 20:25:32.671  1219  1219 W FrameTracker: Missed SF frame:jankTypeLegacy: UNKNOWN: 3, jankTypeExperimental: JANK_NONE, vsyncId: 303959, totalDuration: 34545198, CUJ=J<LAUNCHER_APP_CLOSE_TO_HOME>
04-26 20:25:32.671  1219  1219 W FrameTracker: Missed App frame:jankTypeLegacy: UNKNOWN: 3, jankTypeExperimental: JANK_COMPOSER, vsyncId: 303967, totalDuration: 36928832, CUJ=J<LAUNCHER_APP_CLOSE_TO_HOME>
04-26 20:25:32.671  1219  1219 W FrameTracker: Missed SF frame:jankTypeLegacy: UNKNOWN: 3, jankTypeExperimental: JANK_COMPOSER, vsyncId: 303967, totalDuration: 36928832, CUJ=J<LAUNCHER_APP_CLOSE_TO_HOME>
04-26 20:25:32.671  1219  1219 W FrameTracker: Missed SF frame:jankTypeLegacy: JANK_COMPOSER, jankTypeExperimental: JANK_NONE, vsyncId: 303982, totalDuration: 27083166, CUJ=J<LAUNCHER_APP_CLOSE_TO_HOME>
04-26 20:25:32.671  1219  1219 W FrameTracker: Missed SF frame:jankTypeLegacy: JANK_COMPOSER, jankTypeExperimental: JANK_NONE, vsyncId: 303997, totalDuration: 26537600, CUJ=J<LAUNCHER_APP_CLOSE_TO_HOME>
04-26 20:25:32.671  1219  1219 W FrameTracker: Missed SF frame:jankTypeLegacy: JANK_COMPOSER, jankTypeExperimental: JANK_NONE, vsyncId: 304012, totalDuration: 49369234, CUJ=J<LAUNCHER_APP_CLOSE_TO_HOME>
04-26 20:25:32.671  1219  1219 W FrameTracker: Missed SF frame:jankTypeLegacy: JANK_COMPOSER, jankTypeExperimental: JANK_NONE, vsyncId: 304027, totalDuration: 32714568, CUJ=J<LAUNCHER_APP_CLOSE_TO_HOME>
04-26 20:25:32.671  1219  1219 W FrameTracker: Missed App frame:jankTypeLegacy: UNKNOWN: 3, jankTypeExperimental: JANK_NONE, vsyncId: 304042, totalDuration: 53107202, CUJ=J<LAUNCHER_APP_CLOSE_TO_HOME>
04-26 20:25:32.671  1219  1219 W FrameTracker: Missed SF frame:jankTypeLegacy: UNKNOWN: 3, jankTypeExperimental: JANK_NONE, vsyncId: 304042, totalDuration: 53107202, CUJ=J<LAUNCHER_APP_CLOSE_TO_HOME>
04-26 20:25:32.671  1219  1219 W FrameTracker: Missed SF frame:jankTypeLegacy: JANK_COMPOSER, jankTypeExperimental: JANK_NONE, vsyncId: 304057, totalDuration: 36458636, CUJ=J<LAUNCHER_APP_CLOSE_TO_HOME>
04-26 20:25:32.671  1219  1219 W FrameTracker: Missed SF frame:jankTypeLegacy: JANK_COMPOSER, jankTypeExperimental: JANK_NONE, vsyncId: 304080, totalDuration: 12154004, CUJ=J<LAUNCHER_APP_CLOSE_TO_HOME>
04-26 20:25:32.671  1219  1219 W FrameTracker: Missed SF frame:jankTypeLegacy: JANK_COMPOSER, jankTypeExperimental: JANK_NONE, vsyncId: 304088, totalDuration: 11704538, CUJ=J<LAUNCHER_APP_CLOSE_TO_HOME>
04-26 20:25:32.671  1219  1219 W FrameTracker: Missed App frame:jankTypeLegacy: UNKNOWN: 3, jankTypeExperimental: JANK_NONE, vsyncId: 304096, totalDuration: 34931072, CUJ=J<LAUNCHER_APP_CLOSE_TO_HOME>
04-26 20:25:32.671  1219  1219 W FrameTracker: Missed SF frame:jankTypeLegacy: UNKNOWN: 3, jankTypeExperimental: JANK_NONE, vsyncId: 304096, totalDuration: 34931072, CUJ=J<LAUNCHER_APP_CLOSE_TO_HOME>
04-26 20:25:32.671  1219  1219 W FrameTracker: Missed SF frame:jankTypeLegacy: JANK_COMPOSER, jankTypeExperimental: JANK_NONE, vsyncId: 304104, totalDuration: 31998006, CUJ=J<LAUNCHER_APP_CLOSE_TO_HOME>
04-26 20:25:32.671  1219  1219 W FrameTracker: Missed App frame:jankTypeLegacy: UNKNOWN: 3, jankTypeExperimental: UNKNOWN: 3, vsyncId: 304149, totalDuration: 48526408, CUJ=J<LAUNCHER_APP_CLOSE_TO_HOME>
04-26 20:25:32.671  1219  1219 W FrameTracker: Missed SF frame:jankTypeLegacy: UNKNOWN: 3, jankTypeExperimental: UNKNOWN: 3, vsyncId: 304149, totalDuration: 48526408, CUJ=J<LAUNCHER_APP_CLOSE_TO_HOME>
04-26 20:25:32.671  1219  1219 W FrameTracker: Missed App frame:jankTypeLegacy: UNKNOWN: 3, jankTypeExperimental: UNKNOWN: 3, vsyncId: 304164, totalDuration: 90581942, CUJ=J<LAUNCHER_APP_CLOSE_TO_HOME>
04-26 20:25:32.671  1219  1219 W FrameTracker: Missed SF frame:jankTypeLegacy: UNKNOWN: 3, jankTypeExperimental: UNKNOWN: 3, vsyncId: 304164, totalDuration: 90581942, CUJ=J<LAUNCHER_APP_CLOSE_TO_HOME>
04-26 20:25:32.671  1219  1219 W FrameTracker: Missed App frame:jankTypeLegacy: UNKNOWN: 3, jankTypeExperimental: JANK_APPLICATION, vsyncId: 304180, totalDuration: 86096710, CUJ=J<LAUNCHER_APP_CLOSE_TO_HOME>
04-26 20:25:32.672  1219  1219 W FrameTracker: Missed SF frame:jankTypeLegacy: UNKNOWN: 3, jankTypeExperimental: JANK_APPLICATION, vsyncId: 304180, totalDuration: 86096710, CUJ=J<LAUNCHER_APP_CLOSE_TO_HOME>
04-26 20:25:32.676  3743  3758 I ogle.android.as: WaitForGcToComplete blocked ProfileSaver on Background for 94.470ms
04-26 20:25:32.676  1036  1091 V WindowManagerShell: Transition animation finished (aborted=false), notifying core (#133) android.os.BinderProxy@c8cb91b@0
04-26 20:25:32.681 18499 18542 I GFXSTREAM: [eglDisplay.cpp(297)] Opening libGLESv1_CM_emulation.so
04-26 20:25:32.681 18499 18542 I GFXSTREAM: [eglDisplay.cpp(297)] Opening libGLESv2_emulation.so
04-26 20:25:32.688  1219  1219 W FrameTracker: Missed SF frame:jankTypeLegacy: JANK_COMPOSER, jankTypeExperimental: JANK_NONE, vsyncId: 304211, totalDuration: 35145946, CUJ=J<LAUNCHER_APP_CLOSE_TO_HOME>
04-26 20:25:32.688  1219  1219 W FrameTracker: Missed App frame:jankTypeLegacy: UNKNOWN: 3, jankTypeExperimental: JANK_APPLICATION, vsyncId: 304226, totalDuration: 37858880, CUJ=J<LAUNCHER_APP_CLOSE_TO_HOME>
04-26 20:25:32.688  1219  1219 W FrameTracker: Missed SF frame:jankTypeLegacy: UNKNOWN: 3, jankTypeExperimental: JANK_APPLICATION, vsyncId: 304226, totalDuration: 37858880, CUJ=J<LAUNCHER_APP_CLOSE_TO_HOME>
04-26 20:25:32.688  1219  1219 W FrameTracker: Missed SF frame:jankTypeLegacy: JANK_COMPOSER, jankTypeExperimental: JANK_NONE, vsyncId: 304242, totalDuration: 17660348, CUJ=J<LAUNCHER_APP_CLOSE_TO_HOME>
04-26 20:25:32.688  1219  1219 W FrameTracker: Missed SF frame:jankTypeLegacy: JANK_COMPOSER, jankTypeExperimental: JANK_NONE, vsyncId: 304257, totalDuration: 19212082, CUJ=J<LAUNCHER_APP_CLOSE_TO_HOME>
04-26 20:25:32.688  1219  1219 W FrameTracker: Missed App frame:jankTypeLegacy: UNKNOWN: 3, jankTypeExperimental: JANK_NONE, vsyncId: 304265, totalDuration: 35914516, CUJ=J<LAUNCHER_APP_CLOSE_TO_HOME>
04-26 20:25:32.688  1219  1219 W FrameTracker: Missed SF frame:jankTypeLegacy: UNKNOWN: 3, jankTypeExperimental: JANK_NONE, vsyncId: 304265, totalDuration: 35914516, CUJ=J<LAUNCHER_APP_CLOSE_TO_HOME>
04-26 20:25:32.688  1219  1219 W FrameTracker: Missed SF frame:jankTypeLegacy: JANK_COMPOSER, jankTypeExperimental: JANK_NONE, vsyncId: 304302, totalDuration: 16596384, CUJ=J<LAUNCHER_APP_CLOSE_TO_HOME>
04-26 20:25:32.688  1219  1219 W FrameTracker: Missed App frame:jankTypeLegacy: UNKNOWN: 3, jankTypeExperimental: UNKNOWN: 3, vsyncId: 304317, totalDuration: 24462318, CUJ=J<LAUNCHER_APP_CLOSE_TO_HOME>
04-26 20:25:32.688  1219  1219 W FrameTracker: Missed SF frame:jankTypeLegacy: UNKNOWN: 3, jankTypeExperimental: UNKNOWN: 3, vsyncId: 304317, totalDuration: 24462318, CUJ=J<LAUNCHER_APP_CLOSE_TO_HOME>
04-26 20:25:32.688  1219  1219 W FrameTracker: Missed SF frame:jankTypeLegacy: JANK_COMPOSER, jankTypeExperimental: JANK_NONE, vsyncId: 304332, totalDuration: 33556852, CUJ=J<LAUNCHER_APP_CLOSE_TO_HOME>
04-26 20:25:32.688  1219  1219 W FrameTracker: Missed SF frame:jankTypeLegacy: JANK_COMPOSER, jankTypeExperimental: JANK_NONE, vsyncId: 304347, totalDuration: 17008886, CUJ=J<LAUNCHER_APP_CLOSE_TO_HOME>
04-26 20:25:32.688  1219  1219 W FrameTracker: Missed SF frame:jankTypeLegacy: JANK_COMPOSER, jankTypeExperimental: JANK_NONE, vsyncId: 304369, totalDuration: 31124320, CUJ=J<LAUNCHER_APP_CLOSE_TO_HOME>
04-26 20:25:32.688  1219  1219 W FrameTracker: Missed SF frame:jankTypeLegacy: JANK_COMPOSER, jankTypeExperimental: JANK_NONE, vsyncId: 304391, totalDuration: 25040954, CUJ=J<LAUNCHER_APP_CLOSE_TO_HOME>
04-26 20:25:32.688  1219  1219 W FrameTracker: Missed SF frame:jankTypeLegacy: JANK_COMPOSER, jankTypeExperimental: JANK_NONE, vsyncId: 304406, totalDuration: 34648788, CUJ=J<LAUNCHER_APP_CLOSE_TO_HOME>
04-26 20:25:32.688  1219  1219 W FrameTracker: Missed App frame:jankTypeLegacy: UNKNOWN: 3, jankTypeExperimental: JANK_COMPOSER, vsyncId: 304421, totalDuration: 38633922, CUJ=J<LAUNCHER_APP_CLOSE_TO_HOME>
04-26 20:25:32.689  1219  1219 W FrameTracker: Missed SF frame:jankTypeLegacy: UNKNOWN: 3, jankTypeExperimental: JANK_COMPOSER, vsyncId: 304421, totalDuration: 38633922, CUJ=J<LAUNCHER_APP_CLOSE_TO_HOME>
04-26 20:25:32.689  1219  1219 W FrameTracker: Missed SF frame:jankTypeLegacy: JANK_COMPOSER, jankTypeExperimental: JANK_NONE, vsyncId: 304444, totalDuration: 15347890, CUJ=J<LAUNCHER_APP_CLOSE_TO_HOME>
04-26 20:25:32.689  1219  1219 W FrameTracker: Missed SF frame:jankTypeLegacy: JANK_COMPOSER, jankTypeExperimental: JANK_NONE, vsyncId: 304459, totalDuration: 16132324, CUJ=J<LAUNCHER_APP_CLOSE_TO_HOME>
04-26 20:25:32.689  1219  1219 W FrameTracker: Missed SF frame:jankTypeLegacy: JANK_COMPOSER, jankTypeExperimental: JANK_NONE, vsyncId: 304474, totalDuration: 28038358, CUJ=J<LAUNCHER_APP_CLOSE_TO_HOME>
04-26 20:25:32.689  1219  1219 W FrameTracker: Missed SF frame:jankTypeLegacy: JANK_COMPOSER, jankTypeExperimental: JANK_NONE, vsyncId: 304489, totalDuration: 34307392, CUJ=J<LAUNCHER_APP_CLOSE_TO_HOME>
04-26 20:25:32.691   736   759 V WindowManager: Finish Transition (#133): created at 04-26 20:25:32.072 collect-started=0.304ms request-sent=27.224ms started=49.504ms ready=174.492ms sent=176.832ms commit=121.66ms finished=619.261ms
04-26 20:25:32.694 18499 18499 D DesktopExperienceFlags: Toggle override initialized to: false
04-26 20:25:32.694 18499 18499 D DesktopModeFlags: Toggle override initialized to: OVERRIDE_UNSET
04-26 20:25:32.697  1036  1091 V WindowManagerShell: Track 0 became idle
04-26 20:25:32.697  1036  1091 V WindowManagerShell: All active transition animations finished
04-26 20:25:32.703  1036  1344 D WallpaperService: onVisibilityChanged(false): com.android.systemui.wallpapers.ImageWallpaper$CanvasEngine@85e2344
04-26 20:25:32.707  1036  1091 D Bubbles : BubbleData.onLocusVisibilityChanged() locusId=Overview|DISABLED visible=false taskId=1
04-26 20:25:32.745   736  1828 W ActivityManager: Skipping manifest association check for null package. SourceUid: 10214, SourcePkg: null, TargetUid: 10214, TargetPkg: com.google.android.gms
04-26 20:25:32.751  1219  1219 D VRI[NexusLauncherActivity]: visibilityChanged oldVisibility=true newVisibility=false
04-26 20:25:32.757  1219  1219 D SmartspaceInteractor: notifySmartspaceEvent: SmartspaceTargetEvent{mSmartspaceTarget=null, mSmartspaceActionId='null', mEventType=7}
04-26 20:25:32.758   566   616 W skia    : AGTM parsing failed flags.readFromStream(s) at 159
04-26 20:25:32.768 14925 14976 I Icing   : IndexChimeraService.getServiceInterface callingPackage=com.google.android.gms componentName=AppsCorpus serviceId=36
04-26 20:25:32.774 14925 14925 D BoundBrokerSvc: onBind: Intent { act=com.google.android.gms.feedback.internal.IFeedbackService dat=chimera-action:/... xflg=0x4 cmp=com.google.android.gms/.chimera.GmsBoundBrokerService }
04-26 20:25:32.774 14925 14925 D BoundBrokerSvc: Loading bound service for intent: Intent { act=com.google.android.gms.feedback.internal.IFeedbackService dat=chimera-action:/... xflg=0x4 cmp=com.google.android.gms/.chimera.GmsBoundBrokerService }
04-26 20:25:32.777 18499 18542 W HWUI    : Failed to choose config with EGL_SWAP_BEHAVIOR_PRESERVED, retrying without...
04-26 20:25:32.777 18499 18542 W HWUI    : Failed to initialize 101010-2 format, error = EGL_SUCCESS
04-26 20:25:32.814 14925 15001 I Icing   : Usage reports ok 1, Failed Usage reports 0, indexed 0, rejected 0
04-26 20:25:32.825 18499 18499 W HWUI    : Unknown dataspace 0
04-26 20:25:32.833 18499 18499 D InsetsController: Setting requestedVisibleTypes to 496 (was 503)
04-26 20:25:32.836   736  2221 W InputChannel-JNI: Channel already disposed.
04-26 20:25:32.841 18499 18499 D VRI[PreloadActivity]: WindowInsets changed: 2268x1080 statusBars:[0,74,0,0] navigationBars:[0,0,0,63] mandatorySystemGestures:[0,74,0,84] 
04-26 20:25:32.842 18499 18499 D WindowOnBackDispatcher: setTopOnBackInvokedCallback (unwrapped): android.view.ViewRootImpl$$ExternalSyntheticLambda13@7a716e3
04-26 20:25:32.842 18499 18499 I HWUI    : Using FreeType backend (prop=Auto)
04-26 20:25:32.842   736  2221 D CoreBackPreview: Window{a2f5da2 u0 com.muonline.client/com.muonline.client.PreloadActivity}: Setting back callback OnBackInvokedCallbackInfo{mCallback=android.window.IOnBackInvokedCallback$Stub$Proxy@b5e5369, mPriority=0, mIsAnimationCallback=false, mOverrideBehavior=0}
04-26 20:25:32.849   736  1828 D WindowManager: setClientSurface Surface(name=VRI-com.muonline.client/com.muonline.client.PreloadActivity#1419)/@0xc9b1ee for a2f5da2 com.muonline.client/com.muonline.client.PreloadActivity
04-26 20:25:32.855 18499 18499 I Surface : Creating surface for consumer unnamed-18499-0 with slotExpansion=1 for 64 slots
04-26 20:25:32.857   566   599 I libbinder.BpBinder: onLastStrongRef automatically unlinking death recipients for binder (0x7eaa3606ae30) with descriptor: '(not cached)'
04-26 20:25:32.858 18499 18499 I Surface : Creating surface for consumer VRI[PreloadActivity]#0(BLAST Consumer)0 with slotExpansion=1 for 64 slots
04-26 20:25:32.860 18499 18499 D VRI[PreloadActivity]: WindowInsets changed: statusBars:null navigationBars:null 
04-26 20:25:32.880 18499 18550 I MuPreload: Check data root: /storage/emulated/0/Android/data/com.muonline.client/files existingDataDir=/storage/emulated/0/Android/data/com.muonline.client/files/Data usable=true marker=true
04-26 20:25:32.913 14925 14992 I Icing   : IndexChimeraService.getServiceInterface callingPackage=com.google.android.gms componentName=null serviceId=30
04-26 20:25:32.929 18499 18550 I MuPreload: Skip download, usable data exists: /storage/emulated/0/Android/data/com.muonline.client/files/Data markerWasPresent=true
04-26 20:25:32.989   736   748 I system_server: Background concurrent mark compact GC freed 15MB AllocSpace bytes, 19(992KB) LOS objects, 39% free, 36MB/60MB, paused 5.026ms,53.312ms total 568.344ms
04-26 20:25:32.989 14925 15001 I Icing   : Usage reports ok 0, Failed Usage reports 0, indexed 0, rejected 0
04-26 20:25:32.989   736   749 I libbinder.BpBinder: onLastStrongRef automatically unlinking death recipients for binder (0x733fbcac8840) with descriptor: '(not cached)'
04-26 20:25:32.994   736   759 I ActivityTaskManager: Displayed com.muonline.client/.PreloadActivity for user 0: +943ms
04-26 20:25:33.006  1219  1219 D BaseActivity: Launcher flags updated: [] -[state_started]
04-26 20:25:33.008  1219  1219 D BaseDepthController: setSurface:
04-26 20:25:33.008  1219  1219 D BaseDepthController: 	mWaitingOnSurfaceValidity: false
04-26 20:25:33.008  1219  1219 D BaseDepthController: 	mBaseSurface: null
04-26 20:25:33.011  1219  1219 D BaseDepthController: mSurface is null and mCurrentBlur is: 0
04-26 20:25:33.014  1219  1219 D LauncherStateManager: StateManager.goToState: fromState: Normal, toState: Normal, partial trace:
04-26 20:25:33.014  1219  1219 D LauncherStateManager: 	at com.android.launcher3.statemanager.StateManager.moveToRestState(go/retraceme 7226a759aa2bb3787a79806f85d80eaad84f1f1e15acd6db988f2df789d1680d:26)
04-26 20:25:33.014  1219  1219 D LauncherStateManager: 	at com.android.launcher3.statemanager.StateManager.moveToRestState(go/retraceme 7226a759aa2bb3787a79806f85d80eaad84f1f1e15acd6db988f2df789d1680d:35)
04-26 20:25:33.014  1219  1219 D LauncherStateManager: 	at com.android.launcher3.statemanager.StatefulActivity.onStop(go/retraceme 7226a759aa2bb3787a79806f85d80eaad84f1f1e15acd6db988f2df789d1680d:31)
04-26 20:25:33.014  1219  1219 D LauncherStateManager: StateManager.onRepeatStateSetAborted: state: Normal
04-26 20:25:33.014  1219  1219 D KeyboardStateManager: hideKeyboard
04-26 20:25:33.014  1219  1219 D KeyboardStateManager: isImeShown: false
04-26 20:25:33.014  1219  1219 D StatsLog: LAUNCHER_ONSTOP
04-26 20:25:33.017  1219  1219 D StatsLog: LAUNCHER_GOOGLE_SEARCH_RESTORE_LIST_SIZE_AFTER_ACTIVITY_RESTART
04-26 20:25:33.032 14925 15001 I Icing   : Indexing com.google.android.gms-apps from com.google.android.gms
04-26 20:25:33.035   736   881 I ImeTracker: com.muonline.client:1a5321eb: onRequestHide at ORIGIN_SERVER reason HIDE_UNSPECIFIED_WINDOW fromUser false userId 0 displayId 0
04-26 20:25:33.041 18499 18499 D InsetsController: hide(ime())
04-26 20:25:33.041 18499 18499 I ImeTracker: com.muonline.client:1a5321eb: onCancelled at PHASE_CLIENT_ALREADY_HIDDEN
04-26 20:25:33.044  4105  4105 I GoogleInputMethodService: GoogleInputMethodService.onFinishInput():2113 
04-26 20:25:33.045  4105  4105 I Module  : DeviceLockedStatusModuleProvider$Module.updateDeviceLockedStatus():103 repeatCheckTimes = 0, locked = false
04-26 20:25:33.046   736  1848 W InputChannel-JNI: Channel already disposed.
04-26 20:25:33.047  4105  4105 I GoogleInputMethodService: GoogleInputMethodService.onStartInput():1384 onStartInput(EditorInfo{EditorInfo{packageName=com.muonline.client, inputType=0, inputTypeString=NULL, enableLearning=false, autoCorrection=false, autoComplete=false, imeOptions=0, privateImeOptions=null, actionName=UNSPECIFIED, actionLabel=null, initialSelStart=-1, initialSelEnd=-1, initialCapsMode=0, label=null, fieldId=0, fieldName=null, extras=null, hintText=null, hintLocales=[]}}, false)
04-26 20:25:33.047  4105  4105 W AndroidIME: LatinIMEBase.updateInputViewCoverNavigation():319 Null input view, cannot update padding!
