--------- beginning of main
04-26 15:50:47.358 I/PermissionControllerServiceImpl( 4376): Updating user sensitive for uid 10230
04-26 15:50:47.367 W/skia    (  566): AGTM parsing failed flags.readFromStream(s) at 159
04-26 15:50:47.367 W/skia    (  566): AGTM parsing failed flags.readFromStream(s) at 159
04-26 15:50:47.369 W/LauncherActivityCachingLogic( 1219): loadIcon: Default app icon returned from PackageManager. component=ComponentInfo{com.muonline.client/com.muonline.client.PreloadActivity}, user=UserHandle{0}
04-26 15:50:47.369 W/LauncherActivityCachingLogic( 1219): java.lang.Exception
04-26 15:50:47.369 W/LauncherActivityCachingLogic( 1219): 	at com.android.launcher3.icons.cache.LauncherActivityCachingLogic.loadIcon(go/retraceme 7226a759aa2bb3787a79806f85d80eaad84f1f1e15acd6db988f2df789d1680d:62)
04-26 15:50:47.369 W/LauncherActivityCachingLogic( 1219): 	at com.android.launcher3.icons.cache.BaseIconCache.addIconToDBAndMemCache(go/retraceme 7226a759aa2bb3787a79806f85d80eaad84f1f1e15acd6db988f2df789d1680d:22)
04-26 15:50:47.369 W/LauncherActivityCachingLogic( 1219): 	at com.android.launcher3.model.tasks.PackageUpdatedTask.execute(go/retraceme 7226a759aa2bb3787a79806f85d80eaad84f1f1e15acd6db988f2df789d1680d:177)
04-26 15:50:47.369 W/LauncherActivityCachingLogic( 1219): 	at com.android.launcher3.LauncherModel$enqueueModelUpdateTask$1.run(go/retraceme 7226a759aa2bb3787a79806f85d80eaad84f1f1e15acd6db988f2df789d1680d:27)
04-26 15:50:47.369 W/LauncherActivityCachingLogic( 1219): 	at com.android.launcher3.util.LooperExecutor.execute(go/retraceme 7226a759aa2bb3787a79806f85d80eaad84f1f1e15acd6db988f2df789d1680d:16)
04-26 15:50:47.369 W/LauncherActivityCachingLogic( 1219): 	at com.android.launcher3.LauncherModel.enqueueModelUpdateTask(go/retraceme 7226a759aa2bb3787a79806f85d80eaad84f1f1e15acd6db988f2df789d1680d:19)
04-26 15:50:47.369 W/LauncherActivityCachingLogic( 1219): 	at com.android.launcher3.LauncherModel$newModelCallbacks$1.accept(go/retraceme 7226a759aa2bb3787a79806f85d80eaad84f1f1e15acd6db988f2df789d1680d:4)
04-26 15:50:47.369 W/LauncherActivityCachingLogic( 1219): 	at com.android.launcher3.model.ModelLauncherCallbacks.onPackageChanged(go/retraceme 7226a759aa2bb3787a79806f85d80eaad84f1f1e15acd6db988f2df789d1680d:12)
04-26 15:50:47.369 W/LauncherActivityCachingLogic( 1219): 	at android.content.pm.LauncherApps$CallbackMessageHandler.handleMessage(LauncherApps.java:2329)
04-26 15:50:47.369 W/LauncherActivityCachingLogic( 1219): 	at android.os.Handler.dispatchMessageImpl(Handler.java:142)
04-26 15:50:47.369 W/LauncherActivityCachingLogic( 1219): 	at android.os.Handler.dispatchMessage(Handler.java:125)
04-26 15:50:47.369 W/LauncherActivityCachingLogic( 1219): 	at android.os.Looper.loopOnce(Looper.java:292)
04-26 15:50:47.369 W/LauncherActivityCachingLogic( 1219): 	at android.os.Looper.loop(Looper.java:393)
04-26 15:50:47.369 W/LauncherActivityCachingLogic( 1219): 	at android.os.HandlerThread.run(HandlerThread.java:139)
04-26 15:50:47.369 I/Finsky:background( 4276): [2] ajje - Deduping intent android.intent.action.PACKAGE_ADDED
04-26 15:50:47.372 I/Finsky:background( 4276): [55] RECEIVER_PACKAGE_MONITOR_BACKGROUND#logWorkEndAndFinishGoAsync: SUCCESS
04-26 15:50:47.375 D/CarrierSvcBindHelper( 1203): onHandleForceStop: [com.muonline.client]
04-26 15:50:47.378 D/CarrierSvcBindHelper( 1203): No carrier app for: 0
--------- beginning of system
04-26 15:50:47.385 V/ShellDesktopMode( 1036): DesktopDisplayEventHandler: displayAreaChanged in displayId=0, keyguardLocked=false
04-26 15:50:47.390 V/ShellDesktopMode( 1036): DesktopDisplayEventHandler: handlePotentialReconnect: default display; aborting.
04-26 15:50:47.391 V/ShellDesktopMode( 1036): DesktopDisplayEventHandler: createDefaultDesksIfNeeded displays=[0] userId=null
04-26 15:50:47.393 V/ShellDragAndDrop( 1036): Display changed: 0
04-26 15:50:47.393 V/ShellDesktopMode( 1036): DesktopDisplayEventHandler: shouldCreateOrWarmUpDesk skipping displayId=0 reason: desktop ineligible
04-26 15:50:47.395 W/LauncherActivityCachingLogic( 1219): loadIcon: Default app icon returned from PackageManager. component=ComponentInfo{com.muonline.client/com.muonline.client.PreloadActivity}, user=UserHandle{0}
04-26 15:50:47.395 W/LauncherActivityCachingLogic( 1219): java.lang.Exception
04-26 15:50:47.395 W/LauncherActivityCachingLogic( 1219): 	at com.android.launcher3.icons.cache.LauncherActivityCachingLogic.loadIcon(go/retraceme 7226a759aa2bb3787a79806f85d80eaad84f1f1e15acd6db988f2df789d1680d:62)
04-26 15:50:47.395 W/LauncherActivityCachingLogic( 1219): 	at com.android.launcher3.icons.cache.BaseIconCache.loadFallbackIcon(go/retraceme 7226a759aa2bb3787a79806f85d80eaad84f1f1e15acd6db988f2df789d1680d:8)
04-26 15:50:47.395 W/LauncherActivityCachingLogic( 1219): 	at com.android.launcher3.icons.cache.BaseIconCache.cacheLocked(go/retraceme 7226a759aa2bb3787a79806f85d80eaad84f1f1e15acd6db988f2df789d1680d:99)
04-26 15:50:47.395 W/LauncherActivityCachingLogic( 1219): 	at com.android.launcher3.icons.IconCache.getTitleAndIcon(go/retraceme 7226a759aa2bb3787a79806f85d80eaad84f1f1e15acd6db988f2df789d1680d:233)
04-26 15:50:47.395 W/LauncherActivityCachingLogic( 1219): 	at com.android.launcher3.icons.IconCache.getTitleAndIcon(go/retraceme 7226a759aa2bb3787a79806f85d80eaad84f1f1e15acd6db988f2df789d1680d:230)
04-26 15:50:47.395 W/LauncherActivityCachingLogic( 1219): 	at com.android.launcher3.model.tasks.PackageUpdatedTask.execute(go/retraceme 7226a759aa2bb3787a79806f85d80eaad84f1f1e15acd6db988f2df789d1680d:371)
04-26 15:50:47.395 W/LauncherActivityCachingLogic( 1219): 	at com.android.launcher3.LauncherModel$enqueueModelUpdateTask$1.run(go/retraceme 7226a759aa2bb3787a79806f85d80eaad84f1f1e15acd6db988f2df789d1680d:27)
04-26 15:50:47.395 W/LauncherActivityCachingLogic( 1219): 	at com.android.launcher3.util.LooperExecutor.execute(go/retraceme 7226a759aa2bb3787a79806f85d80eaad84f1f1e15acd6db988f2df789d1680d:16)
04-26 15:50:47.395 W/LauncherActivityCachingLogic( 1219): 	at com.android.launcher3.LauncherModel.enqueueModelUpdateTask(go/retraceme 7226a759aa2bb3787a79806f85d80eaad84f1f1e15acd6db988f2df789d1680d:19)
04-26 15:50:47.395 W/LauncherActivityCachingLogic( 1219): 	at com.android.launcher3.LauncherModel$newModelCallbacks$1.accept(go/retraceme 7226a759aa2bb3787a79806f85d80eaad84f1f1e15acd6db988f2df789d1680d:4)
04-26 15:50:47.395 W/LauncherActivityCachingLogic( 1219): 	at com.android.launcher3.model.ModelLauncherCallbacks.onPackageChanged(go/retraceme 7226a759aa2bb3787a79806f85d80eaad84f1f1e15acd6db988f2df789d1680d:12)
04-26 15:50:47.395 W/LauncherActivityCachingLogic( 1219): 	at android.content.pm.LauncherApps$CallbackMessageHandler.handleMessage(LauncherApps.java:2329)
04-26 15:50:47.395 W/LauncherActivityCachingLogic( 1219): 	at android.os.Handler.dispatchMessageImpl(Handler.java:142)
04-26 15:50:47.395 W/LauncherActivityCachingLogic( 1219): 	at android.os.Handler.dispatchMessage(Handler.java:125)
04-26 15:50:47.395 W/LauncherActivityCachingLogic( 1219): 	at android.os.Looper.loopOnce(Looper.java:292)
04-26 15:50:47.395 W/LauncherActivityCachingLogic( 1219): 	at android.os.Looper.loop(Looper.java:393)
04-26 15:50:47.395 W/LauncherActivityCachingLogic( 1219): 	at android.os.HandlerThread.run(HandlerThread.java:139)
04-26 15:50:47.395 I/Role    (  736): com.google.android.gms not qualified for android.app.role.SYSTEM_DEPENDENCY_INSTALLER due to missing RequiredComponent{mFlags='0', mIntentFilterData=IntentFilterData{mAction='android.content.pm.action.INSTALL_DEPENDENCY', mCategories='[]', mDataScheme='null', mDataType='null'}, mMetaData=[], mPermission='android.permission.BIND_DEPENDENCY_INSTALLER', mQueryFlags=0} Requirement{mFeatureFlag=null, mMinTargetSdkVersion=1}
04-26 15:50:47.395 D/AlphabeticIndexCompat( 1219): computeSectionName: cs: MU Online sectionName: M
04-26 15:50:47.395 E/RoleControllerServiceImpl(  736): Default/fallback role holder package doesn't qualify for the role, package: com.google.android.gms, role: android.app.role.SYSTEM_DEPENDENCY_INSTALLER, user: 0
04-26 15:50:47.397 D/AllAppsStore( 1219): setApps: apps.length=21
04-26 15:50:47.397 D/AllAppsStore( 1219): notifyUpdate: notifying listeners
04-26 15:50:47.397 D/AllAppsStore( 1219): setApps: apps.length=21
04-26 15:50:47.397 D/AllAppsStore( 1219): notifyUpdate: notifying listeners
04-26 15:50:47.397 D/ActivityAllAppsContainerView( 1219): onAppsUpdated; number of apps: 21
04-26 15:50:47.397 D/ActivityAllAppsContainerView( 1219): rebindAdapters: force: false
04-26 15:50:47.397 D/ActivityAllAppsContainerView( 1219): rebindAdapters: Not needed.
04-26 15:50:47.397 D/StatsLog( 1219): LAUNCHER_ALLAPPS_COUNT
04-26 15:50:47.397 D/AlphabeticalAppsList( 1219): Clearing FastScrollerSections.
04-26 15:50:47.397 D/AlphabeticalAppsList( 1219): Adding apps with sections. HasPrivateApps: false
04-26 15:50:47.397 D/AlphabeticalAppsList( 1219): addAppsWithSections: adding sectionName: C with appInfoTitle: Calendar
04-26 15:50:47.397 D/AlphabeticalAppsList( 1219): addAppsWithSections: adding sectionName: D with appInfoTitle: Drive
04-26 15:50:47.397 D/AlphabeticalAppsList( 1219): addAppsWithSections: adding sectionName: F with appInfoTitle: Files
04-26 15:50:47.397 D/AlphabeticalAppsList( 1219): addAppsWithSections: adding sectionName: G with appInfoTitle: Glasses
04-26 15:50:47.397 D/AlphabeticalAppsList( 1219): addAppsWithSections: adding sectionName: M with appInfoTitle: Maps
04-26 15:50:47.397 D/AlphabeticalAppsList( 1219): addAppsWithSections: adding sectionName: P with appInfoTitle: Phone
04-26 15:50:47.397 D/AlphabeticalAppsList( 1219): addAppsWithSections: adding sectionName: S with appInfoTitle: Safety
04-26 15:50:47.397 D/AlphabeticalAppsList( 1219): addAppsWithSections: adding sectionName: T with appInfoTitle: TMoble
04-26 15:50:47.397 D/AlphabeticalAppsList( 1219): addAppsWithSections: adding sectionName: Y with appInfoTitle: YouTube
04-26 15:50:47.397 D/AlphabeticalAppsList( 1219): Adding FastScrollSection duplicate to scroll to the bottom.
04-26 15:50:47.397 D/AlphabeticalAppsList( 1219): Clearing FastScrollerSections.
04-26 15:50:47.397 D/AlphabeticalAppsList( 1219): Adding apps with sections. HasPrivateApps: false
04-26 15:50:47.397 D/AlphabeticalAppsList( 1219): addAppsWithSections: adding sectionName: C with appInfoTitle: Calendar
04-26 15:50:47.397 D/AlphabeticalAppsList( 1219): addAppsWithSections: adding sectionName: D with appInfoTitle: Drive
04-26 15:50:47.397 D/AlphabeticalAppsList( 1219): addAppsWithSections: adding sectionName: F with appInfoTitle: Files
04-26 15:50:47.397 D/AlphabeticalAppsList( 1219): addAppsWithSections: adding sectionName: G with appInfoTitle: Glasses
04-26 15:50:47.397 D/AlphabeticalAppsList( 1219): addAppsWithSections: adding sectionName: M with appInfoTitle: Maps
04-26 15:50:47.397 D/AlphabeticalAppsList( 1219): addAppsWithSections: adding sectionName: P with appInfoTitle: Phone
04-26 15:50:47.397 D/AlphabeticalAppsList( 1219): addAppsWithSections: adding sectionName: S with appInfoTitle: Safety
04-26 15:50:47.398 D/AlphabeticalAppsList( 1219): addAppsWithSections: adding sectionName: T with appInfoTitle: TMoble
04-26 15:50:47.398 D/AlphabeticalAppsList( 1219): addAppsWithSections: adding sectionName: Y with appInfoTitle: YouTube
04-26 15:50:47.398 D/AlphabeticalAppsList( 1219): Adding FastScrollSection duplicate to scroll to the bottom.
04-26 15:50:47.398 V/WindowManager(  736): Defer transition id=31 for TaskFragmentTransaction=android.os.Binder@3bdd300
04-26 15:50:47.399 D/b/387844520( 1219): getOutlineOffsetX: measured width = 173, mNormalizedIconSize = 159, last updated width = 173
04-26 15:50:47.399 I/Finsky:background( 4276): [121] Wrote row to frosting DB: 3103
04-26 15:50:47.400 W/WindowManager(  736): takeTaskSnapshot: taskId=93 not found or not visible
04-26 15:50:47.400 D/ShellSplitScreen( 1036): onTaskInfoChanged: taskId=5 taskAct=null stageId=MAIN displayId=0
04-26 15:50:47.401 D/ShellSplitScreen( 1036): Updating status bar override leftRight=true currentSplit=1 splitVisible=false overridden=false
04-26 15:50:47.401 D/ShellSplitScreen( 1036): No change in status bar override state
04-26 15:50:47.401 V/ShellSplitScreen( 1036): Updating status bar for split, no change in state
04-26 15:50:47.401 I/InputManager-JNI(  736): Viewport [0] to add: local:4619827259835644672, isActive: true
04-26 15:50:47.402 I/NoBackGesture( 1036): Config changed: newConfig={1.0 310mcc260mnc [en_US] ldltr sw411dp w411dp h914dp 420dpi nrml long compactNeeded port finger qwerty/v/v dpad/v winConfig={ mBounds=Rect(0, 0 - 1080, 2400) mAppBounds=Rect(0, 0 - 1080, 2400) mMaxBounds=Rect(0, 0 - 1080, 2400) mDisplayRotation=ROTATION_0 mWindowingMode=fullscreen mActivityType=undefined mAlwaysOnTop=undefined mRotation=ROTATION_0} as.3 s.167 fontWeightAdjustment=0} lastReportedConfig={1.0 310mcc260mnc [en_US] ldltr sw411dp w914dp h411dp 420dpi nrml long compactNeeded land finger qwerty/v/v dpad/v winConfig={ mBounds=Rect(0, 0 - 2400, 1080) mAppBounds=Rect(0, 0 - 2400, 1080) mMaxBounds=Rect(0, 0 - 2400, 1080) mDisplayRotation=ROTATION_90 mWindowingMode=fullscreen mActivityType=undefined mAlwaysOnTop=undefined mRotation=ROTATION_90} as.3 s.114 fontWeightAdjustment=0}
04-26 15:50:47.403 I/InputReader(  736): Reconfiguring input devices, changes=DISPLAY_INFO
04-26 15:50:47.403 I/InputReader(  736): Touch device 'virtio_input_multi_touch_11' could not query the properties of its associated display.  The device will be inoperable until the display size becomes available.
04-26 15:50:47.403 I/InputReader(  736): Touch device 'virtio_input_multi_touch_10' could not query the properties of its associated display.  The device will be inoperable until the display size becomes available.
04-26 15:50:47.403 I/InputReader(  736): Touch device 'virtio_input_multi_touch_9' could not query the properties of its associated display.  The device will be inoperable until the display size becomes available.
04-26 15:50:47.403 I/InputReader(  736): Touch device 'virtio_input_multi_touch_8' could not query the properties of its associated display.  The device will be inoperable until the display size becomes available.
04-26 15:50:47.403 I/NoBackGesture( 1036): NavbarController: newConfig={1.0 310mcc260mnc [en_US] ldltr sw411dp w411dp h914dp 420dpi nrml long compactNeeded port finger qwerty/v/v dpad/v winConfig={ mBounds=Rect(0, 0 - 1080, 2400) mAppBounds=Rect(0, 0 - 1080, 2400) mMaxBounds=Rect(0, 0 - 1080, 2400) mDisplayRotation=ROTATION_0 mWindowingMode=fullscreen mActivityType=undefined mAlwaysOnTop=undefined mRotation=ROTATION_0} as.3 s.167 fontWeightAdjustment=0} mTaskbarDelegate initialized=true willApplyConfigToNavbars=false navBarCount=0
04-26 15:50:47.403 I/InputReader(  736): Touch device 'virtio_input_multi_touch_7' could not query the properties of its associated display.  The device will be inoperable until the display size becomes available.
04-26 15:50:47.403 I/InputReader(  736): Touch device 'virtio_input_multi_touch_6' could not query the properties of its associated display.  The device will be inoperable until the display size becomes available.
04-26 15:50:47.403 I/InputReader(  736): Touch device 'virtio_input_multi_touch_5' could not query the properties of its associated display.  The device will be inoperable until the display size becomes available.
04-26 15:50:47.403 I/InputReader(  736): Touch device 'virtio_input_multi_touch_4' could not query the properties of its associated display.  The device will be inoperable until the display size becomes available.
04-26 15:50:47.403 I/InputReader(  736): Touch device 'virtio_input_multi_touch_3' could not query the properties of its associated display.  The device will be inoperable until the display size becomes available.
04-26 15:50:47.403 I/InputReader(  736): Touch device 'virtio_input_multi_touch_2' could not query the properties of its associated display.  The device will be inoperable until the display size becomes available.
04-26 15:50:47.407 I/AppBase ( 4105): AppBase.onConfigurationChanged():294 onConfigurationChanged() : NewConfig = {1.0 310mcc260mnc [en_US] ldltr sw411dp w411dp h914dp 420dpi nrml long compactNeeded port finger qwerty/v/v dpad/v winConfig={ mBounds=Rect(0, 0 - 1080, 2400) mAppBounds=Rect(0, 0 - 1080, 2400) mMaxBounds=Rect(0, 0 - 1080, 2400) mDisplayRotation=ROTATION_0 mWindowingMode=fullscreen mActivityType=undefined mAlwaysOnTop=undefined mRotation=ROTATION_0} as.3 s.148 fontWeightAdjustment=0}
04-26 15:50:47.408 D/ShadeStateTraceLogger( 1036): New configuration change from Shade window. smallestScreenWidthDp: 411, densityDpi: 420
04-26 15:50:47.408 D/ShadeStateTraceLogger( 1036): New shadeHeaderHeight: 0, displayId: 0
04-26 15:50:47.408 V/AccessibilityUserState(  736): updateShortcutTargets: type:accessibility_shortcut_target_service, current:{}, new:{}
04-26 15:50:47.409 V/ShellSplitScreen( 1036): Updating status bar for split, no change in state
04-26 15:50:47.409 V/AccessibilityUserState(  736): updateShortcutTargets: type:accessibility_button_targets, current:{}, new:{}
04-26 15:50:47.409 V/AccessibilityUserState(  736): updateShortcutTargets: type:accessibility_gesture_targets, current:{}, new:{}
04-26 15:50:47.409 V/AccessibilityUserState(  736): updateShortcutTargets: type:accessibility_qs_targets, current:{}, new:{}
04-26 15:50:47.409 V/AccessibilityUserState(  736): updateShortcutTargets: type:accessibility_key_gesture_targets, current:{}, new:{}
04-26 15:50:47.411 I/GoogleInputMethodService( 4105): GoogleInputMethodService.onConfigurationChanged():1078 onConfigurationChanged() : NewConfig = {1.0 310mcc260mnc [en_US] ldltr sw411dp w411dp h914dp 420dpi nrml long compactNeeded port finger qwerty/v/v dpad/v winConfig={ mBounds=Rect(0, 0 - 1080, 2400) mAppBounds=Rect(0, 0 - 1080, 2400) mMaxBounds=Rect(0, 0 - 1080, 2400) mDisplayRotation=ROTATION_0 mWindowingMode=fullscreen mActivityType=undefined mAlwaysOnTop=undefined mRotation=ROTATION_0} as.3 s.131 fontWeightAdjustment=0}
04-26 15:50:47.412 D/Bubbles ( 1036): BubblePositioner.update() insets=Insets{left=0, top=132, right=0, bottom=63} largeScreen=false smallTablet=false isBubbleBar=false bounds=Rect(0, 0 - 1080, 2400)
04-26 15:50:47.413 D/PerDisplayTaskbarResource( 1219): onConfigurationChanged: {1.0 310mcc260mnc [en_US] ldltr sw411dp w411dp h914dp 420dpi nrml long compactNeeded port finger qwerty/v/v dpad/v winConfig={ mBounds=Rect(0, 0 - 1080, 2400) mAppBounds=Rect(0, 0 - 1080, 2400) mMaxBounds=Rect(0, 0 - 1080, 2400) mDisplayRotation=ROTATION_0 mWindowingMode=fullscreen mActivityType=undefined mAlwaysOnTop=undefined mRotation=ROTATION_0} as.3 s.131 fontWeightAdjustment=0} displayId=0
04-26 15:50:47.413 D/PerDisplayTaskbarResource( 1219): onConfigurationChanged: | configDiff={} displayId=0
04-26 15:50:47.413 D/PerDisplayTaskbarResource( 1219): onConfigurationChanged: isTaskbarEnabled()=True displayId=0
04-26 15:50:47.413 D/PerDisplayTaskbarResource( 1219): onConfigurationChanged: call recreateTaskbars displayId=0
04-26 15:50:47.413 D/PerDisplayTaskbarResource( 1219): recreateTaskbarForDisplay displayId=0
04-26 15:50:47.413 D/PerDisplayTaskbarResource( 1219): recreateTaskbarForDisplay: getting device profile displayId=0
04-26 15:50:47.414 D/PerDisplayTaskbarResource( 1219): recreateTaskbarForDisplay: destroying taskbar displayId=0
04-26 15:50:47.414 D/PerDisplayTaskbarResource( 1219): destroyTaskbarForDisplay displayId=0
04-26 15:50:47.414 W/System  (  736): A resource failed to call close. 
04-26 15:50:47.414 W/System  (  736): A resource failed to call close. 
04-26 15:50:47.415 D/CueBarController( 1219): CuebarController destroy
04-26 15:50:47.415 V/AccessibilityUserState(  736): updateShortcutTargets: type:accessibility_top_row_key_targets, current:{}, new:{}
04-26 15:50:47.415 I/GoogleInputMethodService( 4105): GoogleInputMethodService.onConfigurationChanged():1079 device real metrics: DisplayMetrics{density=2.625, width=1080, height=2400, scaledDensity=2.625, xdpi=420.0, ydpi=420.0}
04-26 15:50:47.415 V/AccessibilityUserState(  736): updateShortcutTargets: type:accessibility_quick_access_targets, current:{}, new:{}
04-26 15:50:47.416 D/TaskbarOverlayController( 1219): onDestroy: 	at com.android.launcher3.taskbar.PerDisplayTaskbarResource.destroyTaskbarForDisplay(go/retraceme 7226a759aa2bb3787a79806f85d80eaad84f1f1e15acd6db988f2df789d1680d:455)
04-26 15:50:47.416 D/TaskbarOverlayController( 1219): 	at com.android.launcher3.taskbar.TaskbarManagerImpl.recreateTaskbarForDisplay(go/retraceme 7226a759aa2bb3787a79806f85d80eaad84f1f1e15acd6db988f2df789d1680d:125)
04-26 15:50:47.416 D/TaskbarOverlayController( 1219): 	at com.android.launcher3.taskbar.TaskbarManagerImpl$$ExternalSyntheticLambda24.invoke(go/retraceme 7226a759aa2bb3787a79806f85d80eaad84f1f1e15acd6db988f2df789d1680d:45)
04-26 15:50:47.416 I/GoogleInputMethodService( 4105): GoogleInputMethodService.onConfigurationChanged():1087 Maybe update OEM display config because of configuration change
04-26 15:50:47.416 W/MagnificationConnectionManager(  736): requestConnection duplicated request: connect=false, mConnectionState=DISCONNECTED
04-26 15:50:47.417 D/TaskbarOverlayController( 1219): onDestroy: Was window already present? false
04-26 15:50:47.417 D/PerDisplayTaskbarResource( 1219): recreateTaskbarForDisplay: isTaskbarEnabled=true [dp != null]=true mUserUnlocked=true dp.isTaskbarPresent=false isTaskbarEnabled=true displayExists=true displayId=0
04-26 15:50:47.417 D/PerDisplayTaskbarResource( 1219): recreateTaskbarForDisplay: creating taskbar displayId=0
04-26 15:50:47.418 I/InputMethodEntryManager( 4105): InputMethodEntryManager.notifyCurrentInputMethodEntryOnContextChanged():560 notifyCurrentInputMethodEntryOnContextChanged()
04-26 15:50:47.418 I/InputMethodEntryManager( 4105): InputMethodEntryManager.notifyCurrentInputMethodEntryOnContextChanged():581 Notify current input method entry changed on context change
04-26 15:50:47.420 I/SystemSubtypesReportModule( 4105): SystemSubtypesReportModule$2.onCurrentInputMethodEntryChanged():153 entry: en-US, source: UNSPECIFIED
04-26 15:50:47.422 W/libbinder.IPCThreadState(  736): Sending oneway calls to frozen process.
04-26 15:50:47.421 I/KeyboardContextProvider( 4105): KeyboardContextProvider$KeyboardContextCache.createKeyboardContext():173 createKeyboardContext(): en-US, lpz@edab96(com.android.inputmethod.latin.LatinIME@3ee55f2), {1.0 310mcc260mnc [en_US] ldltr sw411dp w411dp h914dp 420dpi nrml long compactNeeded port finger qwerty/v/v dpad/v winConfig={ mBounds=Rect(0, 0 - 1080, 2400) mAppBounds=Rect(0, 0 - 1080, 2400) mMaxBounds=Rect(0, 0 - 1080, 2400) mDisplayRotation=ROTATION_0 mWindowingMode=fullscreen mActivityType=undefined mAlwaysOnTop=undefined mRotation=ROTATION_0} as.3 s.50 fontWeightAdjustment=0}
04-26 15:50:47.422 I/GoogleInputMethodService( 4105): GoogleInputMethodService.onCurrentInputMethodEntryChanged():2375 onCurrentInputMethodEntryChanged(): imeDefsChanged=false, entryLanguageVariantChanged=false, keyboardContextChanged=true
04-26 15:50:47.424 I/KeyboardContextProvider( 4105): KeyboardContextProvider.setBaseContextAndInvalidKeyboardContextCache():88 setBaseContextAndInvalidKeyboardContextCache(): com.android.inputmethod.latin.LatinIME@3ee55f2
04-26 15:50:47.425 I/InputMethodEntryManager( 4105): InputMethodEntryManager.resetLanguages():2825 resetLanguages(): languages=null, conditionName=orientation
04-26 15:50:47.425 I/Finsky  ( 4164): [2] DTU: Received onPackageAdded, replacing: true
04-26 15:50:47.426 I/ImeDefCache( 4105): ImeDefCache.clearCacheForLanguages():392 clearCacheForLanguages(): []
04-26 15:50:47.427 D/IntervalStats(  736): Unable to parse usage stats packages: [240, 244, 247, 248, 249, 265, 266]
04-26 15:50:47.427 I/AdditionalImeDefCache( 4105): AdditionalImeDefCache.clearAdditionalImeDefsForCondition():421 clearAdditionalImeDefsForCondition() clear additional ImeDefs: []
04-26 15:50:47.427 I/InputMethodEntryManager( 4105): InputMethodEntryManager.resetLanguages():2836 Clear cache for languages: null, changed=false
04-26 15:50:47.427 D/IntervalStats(  736): Unable to parse usage stats packages: [266, 267, 268, 269, 270, 271, 272, 273]
04-26 15:50:47.430 I/InputMethodEntryManager( 4105): InputMethodEntryManager.startLoadingInputMethodEntrySettings():755 Start loading input method entry settings: [LanguageTagVariantTuple{languageTag=en-US, variant=qwerty}]
04-26 15:50:47.431 I/InputMethodEntryManager( 4105): InputMethodEntryManager.updateInputMethodEntrySettingsLoadingTask():885 update loading task with resetImplicitlyEnabledEntries is false
04-26 15:50:47.431 I/InputMethodEntryManager( 4105): InputMethodEntryManager$4.onSuccess():907 Success load entries: [LanguageTagVariantTuple{languageTag=en-US, variant=qwerty}], resetImplicitlyEnabledEntries=false, initialized=true
04-26 15:50:47.433 D/DisplayManagerService(  736): Sending topology graph to Input Manager: DisplayTopologyGraph{mPrimaryDisplayId=0}
04-26 15:50:47.433 D/DisplayManagerService(  736):   DisplayNode{displayId=0, density=420, bounds=RectF(0.0, 0.0, 411.42856, 914.2857)}
04-26 15:50:47.433 I/Finsky  ( 4164): [168] SCH: Received scheduling request: Id: 12-1, Constraints: [{ L: 15000, D: 86400000, C: CHARGING_NONE, I: IDLE_NONE, N: NET_ANY, B: BATTERY_ANY }]
04-26 15:50:47.434 D/ShellWindowDecoration( 1036): MultiDisplayTaskMover: onTopologyChanged: displayIds=[0]
04-26 15:50:47.435 I/libbinder.BpBinder(  566): onLastStrongRef automatically unlinking death recipients for binder (0x7eaa3605dff0) with descriptor: '(not cached)'
04-26 15:50:47.435 D/IntervalStats(  736): Unable to parse usage stats packages: [273]
04-26 15:50:47.437 I/InputMethodEntryManager( 4105): InputMethodEntryManager.changeCurrentInputMethodEntry():3048 Set current input method entry: source=UNSPECIFIED, entryChanged=false, enablePersist=true, mua{languageTag=en-US, variant=qwerty, hasLocalizedResources=true, conditionCacheKey=_android_software_xr_api_spatial=false_app_first_start_timestamp=1776337405505_cache_additional_ime_defs_for_condition_change=false_cache_ime_defs_for_condition_change=false_deprecate_long_press_space_for_ime_picker=false_device=phone_device_size=default_enable_more_candidates_view_for_multilingual=false_enable_number_row=false_enable_number_row_in_password=true_enable_pk_simulator=false_enable_pk_simulator_setting=false_enable_preemptive_decode=true_enable_scrub_move=true_enable_secondary_digits=true_enable_secondary_symbols=false_expressions=normal_four_or_more_letter_rows=false_free_cursor=false_free_cursor_spacebar_popup=false_keyboard_font_size_setting=_keyboard_mode=normal_language=en-US_layout_9key_split=false_orientation=portrait_physical_keyboard=qwerty_pk_simulator_vk_ready=false_pref_enable_flick_symbols=false_rtl_layout=false_show_comma_key=true_show_period_key=true_show_secondary_digits=true_show_suggestion_strip=true_show_suggestions=true_split_with_duplicate_keys=true_true=true_variant=qwerty_writing_helper_enable_by_word_revert=false, imeDef.stringId=ime_english_united_states, imeDef.className=com.google.android.apps.inputmethod.libs.latin5.LatinIme, imeDef.languageTag=en-US}
04-26 15:50:47.437 I/InputMethodEntryManager( 4105): InputMethodEntryManager.loadAdditionalImeDefsForCurrentEntry():3077 loadAdditionalImeDefsForCurrentEntry(): mua{languageTag=en-US, variant=qwerty, hasLocalizedResources=true, conditionCacheKey=_android_software_xr_api_spatial=false_app_first_start_timestamp=1776337405505_cache_additional_ime_defs_for_condition_change=false_cache_ime_defs_for_condition_change=false_deprecate_long_press_space_for_ime_picker=false_device=phone_device_size=default_enable_more_candidates_view_for_multilingual=false_enable_number_row=false_enable_number_row_in_password=true_enable_pk_simulator=false_enable_pk_simulator_setting=false_enable_preemptive_decode=true_enable_scrub_move=true_enable_secondary_digits=true_enable_secondary_symbols=false_expressions=normal_four_or_more_letter_rows=false_free_cursor=false_free_cursor_spacebar_popup=false_keyboard_font_size_setting=_keyboard_mode=normal_language=en-US_layout_9key_split=false_orientation=portrait_physical_keyboard=qwerty_pk_simulator_vk_ready=false_pref_enable_flick_symbols=false_rtl_layout=false_show_comma_key=true_show_period_key=true_show_secondary_digits=true_show_suggestion_strip=true_show_suggestions=true_split_with_duplicate_keys=true_true=true_variant=qwerty_writing_helper_enable_by_word_revert=false, imeDef.stringId=ime_english_united_states, imeDef.className=com.google.android.apps.inputmethod.libs.latin5.LatinIme, imeDef.languageTag=en-US}
04-26 15:50:47.437 I/InputMethodEntryManager( 4105): InputMethodEntryManager$6.onSuccess():3093 Success load additional ImeDefs, entryChanged=false, additionalImeDefsChanged=false, [noh{stringId=password, language=und-Latn-x-password, languageTag=und-Latn-x-password, processedConditions={writing_helper_enable_by_word_revert=false, variant=qwerty, true=true, language=en-US, enable_number_row=true, device=phone, enable_number_row_in_password=true, enable_pk_simulator=false}, className=com.google.android.libraries.inputmethod.ime.password.PasswordIme, label=2132019347, keyEventInterpreter=null, inlineComposing=true, autoCapital=true, announceAutoSelectedCandidate=true, statusIcon=0, indicatorIcon=0, indicatorLabel=null, displayAppCompletions=false, extraValues=noa{}, processors=nqa@e1dc12, unacceptableMetaKeys=4098, languageSpecificSettings=0, asciiCapable=false, alwaysShowSuggestions=false, useAsciiPasswordKeyboard=false, keyboardGroupDef=npj@9245fe3, phenotypeFlagId=0, localizationLanguageTag=null, supportsInlineSuggestion=false}, noh{stringId=number, language=und-Latn-x-number, languageTag=und-Latn-x-number, processedConditions={}, className=com.google.android.libraries.inputmethod.ime.DummyIme, label=2132019284, keyEventInterpreter=null, inlineComposing=true, autoCapital=false, announceAutoSelectedCandidate=false, statusIcon=0, indicatorIcon=0, indicatorLabel=null, displayAppCompletions=false, extraValues=noa{}, processors=nqa@e1dc12, unacceptableMetaKeys=4098, languageSpecificSettings=0, asciiCapable=false, alwaysShowSuggestions=false, useAsciiPasswordKeyboard=false, keyboardGroupDef=npj@6462de0, phenotypeFlagId=0, localizationLanguageTag=null, supportsInlineSuggestion=false}, noh{stringId=number_password, language=und-Latn-x-number-password, languageTag=und-Latn-x-number-password, processedConditions={}, className=com.google.android.libraries.inputmethod.ime.DummyIme, label=2132019285, keyEventInterpreter=null, inlineComposing=true, autoCapital=false, announceAutoSelectedCandidate=false, statusIcon=0, indicatorIcon=0, indicatorLabel=null, displayAppCompletions=false, extraValues=noa{}, processors=nqa@e1dc12, unacceptableMetaKeys=4098, languageSpecificSettings=0, asciiCapable=false, alwaysShowSuggestions=false, useAsciiPasswordKeyboard=false, keyboardGroupDef=npj@91bf899, phenotypeFlagId=0, localizationLanguageTag=null, supportsInlineSuggestion=false}, noh{stringId=phone_number, language=und-Latn-x-phone-number, languageTag=und-Latn-x-phone-number, processedConditions={}, className=com.google.android.libraries.inputmethod.ime.DummyIme, label=2132019384, keyEventInterpreter=null, inlineComposing=true, autoCapital=false, announceAutoSelectedCandidate=false, statusIcon=0, indicatorIcon=0, indicatorLabel=null, displayAppCompletions=false, extraValues=noa{}, processors=nqa@e1dc12, unacceptableMetaKeys=4098, languageSpecificSettings=0, asciiCapable=false, alwaysShowSuggestions=false, useAsciiPasswordKeyboard=false, keyboardGroupDef=npj@5fda75e, phenotypeFlagId=0, localizationLanguageTag=null, supportsInlineSuggestion=false}, noh{stringId=date_time, language=und-Latn-x-date-time, languageTag=und-Latn-x-date-time, processedConditions={}, className=com.google.android.libraries.inputmethod.ime.DummyIme, label=2132017762, keyEventInterpreter=null, inlineComposing=true, autoCapital=false, announceAutoSelectedCandidate=false, statusIcon=0, indicatorIcon=0, indicatorLabel=null, displayAppCompletions=false, extraValues=noa{}, processors=nqa@e1dc12, unacceptableMetaKeys=4098, languageSpecificSettings=0, asciiCapable=false, alwaysShowSuggestions=false, useAsciiPasswordKeyboard=false, keyboardGroupDef=npj@6b3173f, phenotypeFlagId=0, localizationLanguageTag=null, supportsInlineSuggestion=false}]
04-26 15:50:47.437 I/InputMethodEntryManager( 4105): InputMethodEntryManager.onSuccessLoadingAdditionalImeDefs():3159 Additional ImeDefs have been loaded, maybe notify entry change: false
04-26 15:50:47.438 I/SystemSubtypesReportModule( 4105): SystemSubtypesReportModule$2.onCurrentInputMethodEntryChanged():153 entry: en-US, source: UNSPECIFIED
04-26 15:50:47.438 I/GoogleInputMethodService( 4105): GoogleInputMethodService.onCurrentInputMethodEntryChanged():2375 onCurrentInputMethodEntryChanged(): imeDefsChanged=false, entryLanguageVariantChanged=false, keyboardContextChanged=false
04-26 15:50:47.441 I/GoogleInputMethodService( 4105): GoogleInputMethodService.onCurrentInputMethodEntryChanged():2393 Skip the entry change as the input method entry is consider as not changed.
04-26 15:50:47.443 I/Finsky  ( 4164): [2] ajjp - Received: android.intent.action.PACKAGE_ADDED, [n076RJLEETmEZ61FBJHrGFwh-0szukPG_iaeB-mhrwQ]
04-26 15:50:47.443 I/DeviceModeModule( 4105): DeviceModeModule.calculateAndNotify():225 Device mode 'phone' from display metrics 'DisplayMetrics{density=0.0, width=2400, height=1080, scaledDensity=0.0, xdpi=420.0, ydpi=420.0}' or smallestScreenWidthDp: 411
04-26 15:50:47.444 I/GoogleInputMethodService( 4105): GoogleInputMethodService.onConfigurationChanged():1109 changedMask : 20000480
04-26 15:50:47.444 I/GoogleInputMethodService( 4105): GoogleInputMethodService.clearInputMethodServiceData():1064 clearInputMethodServiceData for configurationChange
04-26 15:50:47.444 I/GoogleInputMethodService( 4105): GoogleInputMethodService.discardAllKeyboardViewAndInputView():1299 discardAllKeyboardViewAndInputView()
04-26 15:50:47.444 I/AbstractOpenableExtension( 4105): AbstractOpenableExtension.maybeDestroyExistingKeyboardGroupManager():536 Destroy existing keyboard group manager in hph
04-26 15:50:47.444 I/AbstractOpenableExtension( 4105): AbstractOpenableExtension$3.onSuccess():556 KeyboardGroupManager destroyed in hph.
04-26 15:50:47.444 I/AbstractOpenableExtension( 4105): AbstractOpenableExtension.createKeyboardGroupManagerListenableFuture():121 Create keyboard group manager listenable future in hph
04-26 15:50:47.445 I/AbstractOpenableExtension( 4105): AbstractOpenableExtension.maybeDestroyExistingKeyboardGroupManager():536 Destroy existing keyboard group manager in fei
04-26 15:50:47.445 I/AbstractOpenableExtension( 4105): AbstractOpenableExtension$3.onSuccess():556 KeyboardGroupManager destroyed in fei.
04-26 15:50:47.445 I/AbstractOpenableExtension( 4105): AbstractOpenableExtension.createKeyboardGroupManagerListenableFuture():121 Create keyboard group manager listenable future in fei
04-26 15:50:47.445 I/AbstractOpenableExtension( 4105): AbstractOpenableExtension.maybeDestroyExistingKeyboardGroupManager():536 Destroy existing keyboard group manager in hsc
04-26 15:50:47.445 I/AbstractOpenableExtension( 4105): AbstractOpenableExtension$3.onSuccess():556 KeyboardGroupManager destroyed in hsc.
04-26 15:50:47.445 I/AbstractOpenableExtension( 4105): AbstractOpenableExtension.createKeyboardGroupManagerListenableFuture():121 Create keyboard group manager listenable future in hsc
04-26 15:50:47.445 D/IntervalStats(  736): Unable to parse usage stats packages: [273]
04-26 15:50:47.447 I/DeviceModeModule( 4105): DeviceModeModule.calculateAndNotify():225 Device mode 'phone' from display metrics 'DisplayMetrics{density=0.0, width=1080, height=2400, scaledDensity=0.0, xdpi=420.0, ydpi=420.0}' or smallestScreenWidthDp: 411
04-26 15:50:47.447 D/IntervalStats(  736): Unable to parse usage stats packages: [273]
04-26 15:50:47.454 W/libbinder.IPCThreadState(  736): Sending oneway calls to frozen process.
04-26 15:50:47.460 I/GoogleInputMethodService( 4105): GoogleInputMethodService$8.onWindowMetricsChanged():817 windowMetrics: bounds() = Rect(0, 132 - 1080, 2400), insets() = Rect(0, 0 - 0, 0)
04-26 15:50:47.467 W/AmbientCueRepository( 1219): spoonBarOptedIn not found, default to enabled
04-26 15:50:47.467 W/AmbientCueRepository( 1219): android.provider.Settings$SettingNotFoundException: spoonBarOptedIn
04-26 15:50:47.467 W/AmbientCueRepository( 1219): 	at android.provider.Settings.parseIntSetting(Settings.java:4348)
04-26 15:50:47.467 W/AmbientCueRepository( 1219): 	at android.provider.Settings.-$$Nest$smparseIntSetting(Settings.java:0)
04-26 15:50:47.467 W/AmbientCueRepository( 1219): 	at android.provider.Settings$Secure.getIntForUser(Settings.java:7792)
04-26 15:50:47.467 W/AmbientCueRepository( 1219): 	at android.provider.Settings$Secure.getInt(Settings.java:7784)
04-26 15:50:47.467 W/AmbientCueRepository( 1219): 	at com.android.quickstep.cuebar.data.repository.AmbientCueRepositoryImpl.isAmbientCueSettingEnabled(go/retraceme 7226a759aa2bb3787a79806f85d80eaad84f1f1e15acd6db988f2df789d1680d:9)
04-26 15:50:47.467 W/AmbientCueRepository( 1219): 	at com.android.quickstep.cuebar.data.repository.AmbientCueRepositoryImpl.<init>(go/retraceme 7226a759aa2bb3787a79806f85d80eaad84f1f1e15acd6db988f2df789d1680d:144)
04-26 15:50:47.467 W/AmbientCueRepository( 1219): 	at com.android.launcher3.taskbar.CueBarController.<init>(go/retraceme 7226a759aa2bb3787a79806f85d80eaad84f1f1e15acd6db988f2df789d1680d:31)
04-26 15:50:47.467 W/AmbientCueRepository( 1219): 	at com.android.launcher3.taskbar.TaskbarActivityContext.<init>(go/retraceme 7226a759aa2bb3787a79806f85d80eaad84f1f1e15acd6db988f2df789d1680d:3648)
04-26 15:50:47.467 W/AmbientCueRepository( 1219): 	at com.android.launcher3.taskbar.TaskbarManagerImpl.createTaskbarActivityContext(go/retraceme 7226a759aa2bb3787a79806f85d80eaad84f1f1e15acd6db988f2df789d1680d:59)
04-26 15:50:47.467 W/AmbientCueRepository( 1219): 	at com.android.launcher3.taskbar.TaskbarManagerImpl.recreateTaskbarForDisplay(go/retraceme 7226a759aa2bb3787a79806f85d80eaad84f1f1e15acd6db988f2df789d1680d:248)
04-26 15:50:47.467 W/AmbientCueRepository( 1219): 	at com.android.launcher3.taskbar.TaskbarManagerImpl$$ExternalSyntheticLambda24.invoke(go/retraceme 7226a759aa2bb3787a79806f85d80eaad84f1f1e15acd6db988f2df789d1680d:45)
04-26 15:50:47.467 W/AmbientCueRepository( 1219): 	at com.android.launcher3.taskbar.PerDisplayTaskbarResource$componentCallbacks$1$onConfigurationChanged$1.run(go/retraceme 7226a759aa2bb3787a79806f85d80eaad84f1f1e15acd6db988f2df789d1680d:114)
04-26 15:50:47.467 W/AmbientCueRepository( 1219): 	at com.android.launcher3.util.LooperExecutor.execute(go/retraceme 7226a759aa2bb3787a79806f85d80eaad84f1f1e15acd6db988f2df789d1680d:16)
04-26 15:50:47.467 W/AmbientCueRepository( 1219): 	at com.android.launcher3.taskbar.PerDisplayTaskbarResource$componentCallbacks$1.onConfigurationChanged(go/retraceme 7226a759aa2bb3787a79806f85d80eaad84f1f1e15acd6db988f2df789d1680d:14)
04-26 15:50:47.467 W/AmbientCueRepository( 1219): 	at android.content.ComponentCallbacksController.lambda$dispatchConfigurationChanged$0(ComponentCallbacksController.java:92)
04-26 15:50:47.467 W/AmbientCueRepository( 1219): 	at android.content.ComponentCallbacksController$$ExternalSyntheticLambda2.accept(D8$$SyntheticClass:0)
04-26 15:50:47.467 W/AmbientCueRepository( 1219): 	at android.content.ComponentCallbacksController.forAllComponentCallbacks(ComponentCallbacksController.java:125)
04-26 15:50:47.467 W/AmbientCueRepository( 1219): 	at android.content.ComponentCallbacksController.dispatchConfigurationChanged(ComponentCallbacksController.java:92)
04-26 15:50:47.467 W/AmbientCueRepository( 1219): 	at android.window.WindowContext.dispatchConfigurationChanged(WindowContext.java:281)
04-26 15:50:47.467 W/AmbientCueRepository( 1219): 	at android.window.WindowTokenClient.onConfigurationChangedInner(WindowTokenClient.java:212)
04-26 15:50:47.467 W/AmbientCueRepository( 1219): 	at android.window.WindowTokenClient.onConfigurationChanged(WindowTokenClient.java:158)
04-26 15:50:47.467 W/AmbientCueRepository( 1219): 	at android.window.WindowTokenClient.onConfigurationChanged(WindowTokenClient.java:114)
04-26 15:50:47.467 W/AmbientCueRepository( 1219): 	at android.window.WindowTokenClientController.onWindowContextInfoChanged(WindowTokenClientController.java:249)
04-26 15:50:47.467 W/AmbientCueRepository( 1219): 	at android.app.ActivityThread.handleWindowContextInfoChanged(ActivityThread.java:7289)
04-26 15:50:47.467 W/AmbientCueRepository( 1219): 	at android.app.servertransaction.WindowContextInfoChangeItem.execute(WindowContextInfoChangeItem.java:53)
04-26 15:50:47.467 W/AmbientCueRepository( 1219): 	at android.app.servertransaction.TransactionExecutor.executeNonLifecycleItem(TransactionExecutor.java:133)
04-26 15:50:47.467 W/AmbientCueRepository( 1219): 	at android.app.servertransaction.TransactionExecutor.executeTransactionItems(TransactionExecutor.java:103)
04-26 15:50:47.467 W/AmbientCueRepository( 1219): 	at android.app.servertransaction.TransactionExecutor.execute(TransactionExecutor.java:80)
04-26 15:50:47.467 W/AmbientCueRepository( 1219): 	at android.app.ActivityThread$H.handleMessage(ActivityThread.java:3024)
04-26 15:50:47.467 W/AmbientCueRepository( 1219): 	at android.os.Handler.dispatchMessageImpl(Handler.java:142)
04-26 15:50:47.467 W/AmbientCueRepository( 1219): 	at android.os.Handler.dispatchMessage(Handler.java:125)
04-26 15:50:47.467 W/AmbientCueRepository( 1219): 	at android.os.Looper.loopOnce(Looper.java:292)
04-26 15:50:47.467 W/AmbientCueRepository( 1219): 	at android.os.Looper.loop(Looper.java:393)
04-26 15:50:47.467 W/AmbientCueRepository( 1219): 	at android.app.ActivityThread.main(ActivityThread.java:9486)
04-26 15:50:47.467 W/AmbientCueRepository( 1219): 	at java.lang.reflect.Method.invoke(Native Method)
04-26 15:50:47.467 W/AmbientCueRepository( 1219): 	at com.android.internal.os.RuntimeInit$MethodAndArgsCaller.run(RuntimeInit.java:575)
04-26 15:50:47.467 W/AmbientCueRepository( 1219): 	at com.android.internal.os.ZygoteInit.main(ZygoteInit.java:939)
04-26 15:50:47.467 D/LauncherAmbientCueVM( 1219): onUnfilteredActionsChange: []
04-26 15:50:47.468 I/Finsky  ( 4164): [2] ajjp - Deduping intent android.intent.action.PACKAGE_ADDED
04-26 15:50:47.469 I/MediaProvider( 1619): Invalidating LocalCallingIdentity cache for package com.muonline.client. Reason: package android.intent.action.PACKAGE_REMOVED
04-26 15:50:47.470 W/MediaProvider( 1619): WorkProfileOwnerApps cache is empty
04-26 15:50:47.470 D/PickerSyncLockManager( 1619): Trying to acquire lock com.android.providers.media.photopicker.sync.CloseableReentrantLock@13ff476[Unlocked]. Lock Name = CLOUD_PROVIDER_LOCK. Threads that may be waiting to acquire this lock = []
04-26 15:50:47.470 D/CloseableReentrantLock( 1619): Successfully acquired lock com.android.providers.media.photopicker.sync.CloseableReentrantLock@13ff476[Locked by thread main]. Lock Name = CLOUD_PROVIDER_LOCK. Threads that may be waiting to acquire this lock = []
04-26 15:50:47.470 D/CloseableReentrantLock( 1619): Successfully released lock com.android.providers.media.photopicker.sync.CloseableReentrantLock@13ff476[Unlocked]. Lock Name = CLOUD_PROVIDER_LOCK. Threads that may be waiting to acquire this lock = []
04-26 15:50:47.472 D/IntervalStats(  736): Unable to parse usage stats packages: [273, 276, 277, 278]
04-26 15:50:47.474 D/AmbientCueRepository( 1219): connectToAce: connecting TO ACE and registering
04-26 15:50:47.476 D/AllAppsStore( 1219): setApps: apps.length=21
04-26 15:50:47.476 D/AllAppsStore( 1219): notifyUpdate: notifying listeners
04-26 15:50:47.477 D/IntervalStats(  736): Unable to parse usage stats packages: [278, 280, 281, 282, 283]
04-26 15:50:47.477 D/AlphabeticIndexCompat( 1219): computeSectionName: cs: Settings sectionName: S
04-26 15:50:47.478 D/IntervalStats(  736): Unable to parse usage stats packages: [283]
04-26 15:50:47.478 D/IntervalStats(  736): Unable to parse usage stats packages: [283]
04-26 15:50:47.478 D/AlphabeticIndexCompat( 1219): computeSectionName: cs: Photos sectionName: P
04-26 15:50:47.479 D/AlphabeticIndexCompat( 1219): computeSectionName: cs: Battery sectionName: B
04-26 15:50:47.479 D/AlphabeticIndexCompat( 1219): computeSectionName: cs: Chrome sectionName: C
04-26 15:50:47.480 D/AlphabeticIndexCompat( 1219): computeSectionName: cs: Gmail sectionName: G
04-26 15:50:47.480 D/AlphabeticIndexCompat( 1219): computeSectionName: cs: Drive sectionName: D
04-26 15:50:47.481 D/AlphabeticIndexCompat( 1219): computeSectionName: cs: Clock sectionName: C
04-26 15:50:47.481 D/AlphabeticIndexCompat( 1219): computeSectionName: cs: Contacts sectionName: C
04-26 15:50:47.482 D/AlphabeticIndexCompat( 1219): computeSectionName: cs: Calendar sectionName: C
04-26 15:50:47.482 D/AlphabeticIndexCompat( 1219): computeSectionName: cs: Maps sectionName: M
04-26 15:50:47.483 D/AlphabeticIndexCompat( 1219): computeSectionName: cs: YouTube Music sectionName: Y
04-26 15:50:47.485 D/AlphabeticIndexCompat( 1219): computeSectionName: cs: YouTube sectionName: Y
04-26 15:50:47.485 D/AlphabeticIndexCompat( 1219): computeSectionName: cs: Google sectionName: G
04-26 15:50:47.486 D/AlphabeticIndexCompat( 1219): computeSectionName: cs: Android System Intelligence sectionName: A
04-26 15:50:47.487 D/AlphabeticIndexCompat( 1219): computeSectionName: cs: Digital Wellbeing sectionName: D
04-26 15:50:47.488 D/AlphabeticIndexCompat( 1219): computeSectionName: cs: Conversations sectionName: C
04-26 15:50:47.489 D/TaskbarManager( 1219): createTaskbarUIControllerForRecentsViewContainer displayId=0 mPrimaryDisplayId=0
04-26 15:50:47.489 D/PerDisplayTaskbarResource( 1219): recreateTaskbarForDisplay: adding rootView displayId=0
04-26 15:50:47.490 D/PerDisplayTaskbarResource( 1219): recreateTaskbarForDisplay: adding root layout displayId=0
04-26 15:50:47.465 W/libbinder.IPCThreadState(  736): Sending oneway calls to frozen process.
04-26 15:50:47.494 I/Finsky  ( 4164): [2] ajjp - Received: android.intent.action.PACKAGE_ADDED, [n076RJLEETmEZ61FBJHrGFwh-0szukPG_iaeB-mhrwQ]
04-26 15:50:47.496 V/AccessibilityManagerService(  736): onUserStateChangedLocked for userId: 0, forceUpdate: false
04-26 15:50:47.497 D/PerDisplayTaskbarResource( 1219): onDisplayInfoChanged: Rotation changed displayId=0
04-26 15:50:47.497 D/PerDisplayTaskbarResource( 1219): recreateTaskbarForDisplay displayId=0
04-26 15:50:47.497 D/PerDisplayTaskbarResource( 1219): recreateTaskbarForDisplay: getting device profile displayId=0
04-26 15:50:47.497 D/PerDisplayTaskbarResource( 1219): recreateTaskbarForDisplay: destroying taskbar displayId=0
04-26 15:50:47.497 D/PerDisplayTaskbarResource( 1219): destroyTaskbarForDisplay displayId=0
04-26 15:50:47.498 D/CueBarController( 1219): CuebarController destroy
04-26 15:50:47.498 D/TaskbarOverlayController( 1219): onDestroy: 	at com.android.launcher3.taskbar.PerDisplayTaskbarResource.destroyTaskbarForDisplay(go/retraceme 7226a759aa2bb3787a79806f85d80eaad84f1f1e15acd6db988f2df789d1680d:455)
04-26 15:50:47.498 D/TaskbarOverlayController( 1219): 	at com.android.launcher3.taskbar.TaskbarManagerImpl.recreateTaskbarForDisplay(go/retraceme 7226a759aa2bb3787a79806f85d80eaad84f1f1e15acd6db988f2df789d1680d:125)
04-26 15:50:47.498 D/TaskbarOverlayController( 1219): 	at com.android.launcher3.taskbar.TaskbarManagerImpl$$ExternalSyntheticLambda29.accept(go/retraceme 7226a759aa2bb3787a79806f85d80eaad84f1f1e15acd6db988f2df789d1680d:76)
04-26 15:50:47.499 I/Finsky  ( 4164): [2] ajjp - Deduping intent android.intent.action.PACKAGE_ADDED
04-26 15:50:47.499 D/TaskbarOverlayController( 1219): onDestroy: Was window already present? false
04-26 15:50:47.499 D/ActivityThread( 4164): Package [com.muonline.client] reported as REPLACED, but missing application info. Assuming REMOVED.
04-26 15:50:47.500 D/PerDisplayTaskbarResource( 1219): recreateTaskbarForDisplay: isTaskbarEnabled=true [dp != null]=true mUserUnlocked=true dp.isTaskbarPresent=false isTaskbarEnabled=true displayExists=true displayId=0
04-26 15:50:47.500 D/PerDisplayTaskbarResource( 1219): recreateTaskbarForDisplay: creating taskbar displayId=0
04-26 15:50:47.500 I/Finsky  ( 4164): [41] RECEIVER_PACKAGE_MONITOR#logWorkEndAndFinishGoAsync: SUCCESS
04-26 15:50:47.500 D/ActivityThread( 4164): Package [com.muonline.client] reported as REPLACED, but missing application info. Assuming REMOVED.
04-26 15:50:47.504 I/SP      ( 4105): Registering emoticon_content_description.2022081613, url: https://www.gstatic.com/android/keyboard/emoticon_content_desc/202208161305/superpacks_manifest.json, constraints: W:*:*:*, flags: bg, requested: 2022081613, current: 2022081613
04-26 15:50:47.505 W/AndroidIME( 4105): LatinIMEBase.updateInputViewCoverNavigation():319 Null input view, cannot update padding!
04-26 15:50:47.505 W/NotificationCenter( 4105): NotificationCenter$NotificationQueue.notifyPendingNotificationsOnExecutor():877 Heavy notify work detected on UI thread: [qnx->mwc] takes 56ms
04-26 15:50:47.505 I/WindowMetricsNotification( 4105): WindowMetricsNotification.notify():159 qnx[bounds=Rect(0, 132 - 1080, 2400), insets=Rect(0, 0 - 0, 0), densityDpi=420, smallestScreenWidthDp=411, displayWidth=1080, displayHeight=2400, xdpi=420.0, ydpi=420.0, isTrustable=true, displayId=0]; DisplayMetrics{density=2.625, width=1080, height=2400, scaledDensity=2.625, xdpi=420.0, ydpi=420.0}
04-26 15:50:47.505 I/WindowMetricsHelper( 4105): WindowMetricsHelper.predictAndNotify():145 Window metrics predicted.
