04-26 20:26:59.581  1174  1174 I bluetooth: system/btif/avrcp/avrcp_service.cc:533 SendMediaUpdate: track_changed=false :  play_state=true :  queue=false
04-26 20:26:59.582  1174  1174 E MediaControlProfile: onCurrentPlayerStateUpdated: base actions not supported, player actions= 0, expected at least= 7f
04-26 20:26:59.582  1174  1174 W MediaControlGattService: Feature PLAYBACK_SPEED support: true
04-26 20:26:59.582  1174  1174 W MediaControlGattService: Feature PLAYBACK_SPEED support: true
04-26 20:26:59.582  1174  1174 W MediaControlGattService: Feature PLAYBACK_SPEED support: true
04-26 20:26:59.583  1174  1174 W MediaControlGattService: Feature PLAYBACK_SPEED_NOTIFY support: true
04-26 20:26:59.583 18697 18738 D muonline.client: PlayerBase::stop() from IPlayer
04-26 20:26:59.583 18697 18738 D AudioTrack: stop(35): called with 0 frames delivered
04-26 20:26:59.584 18697 18736 I MuMain  : SDL_mixer initialized (32 channels)
04-26 20:26:59.584   736  1145 E AppOps  : attributionTag  not declared in manifest of com.muonline.client
04-26 20:26:59.584 18697 18736 I MuMain  : INIT: srand
04-26 20:26:59.584 18697 18736 I MuMain  : INIT: alloc GateAttribute
04-26 20:26:59.584 18697 18736 I MuMain  : INIT: alloc SkillAttribute
04-26 20:26:59.585 18697 18736 I MuMain  : INIT: alloc ItemAttRibute
04-26 20:26:59.585   736  2221 E AppOps  : attributionTag  not declared in manifest of com.muonline.client
04-26 20:26:59.587 18697 18736 I MuMain  : INIT: alloc CharacterMemoryDump
04-26 20:26:59.588 18697 18736 I MuMain  : INIT: alloc CharacterMachine
04-26 20:26:59.588 18697 18736 I MuMain  : INIT: CharacterMachine->Init()
04-26 20:26:59.588 18697 18736 I MuMain  : INIT: new UI objects
04-26 20:26:59.589  1174  1361 I BluetoothAdapterProperties: getBondedDevices: length=0
04-26 20:26:59.589 18697 18736 I MuMain  : INIT: BuffStateSystem::Make()
04-26 20:26:59.590  1174  1174 W MediaControlGattService: Feature TRACK_POSITION support: true
04-26 20:26:59.590  1174  1174 W MediaControlGattService: Feature TRACK_POSITION_NOTIFY support: true
04-26 20:26:59.590  1174  1174 W MediaControlGattService: Feature MEDIA_STATE support: true
04-26 20:26:59.589 18697 18736 I MuMain  : INIT: MapProcess::Make()
04-26 20:26:59.591 18697 18736 I MuMain  : INIT: PetProcess::Make()
04-26 20:26:59.591 18697 18736 I MuMain  : INIT: CUIMng::Create()
04-26 20:26:59.591 18697 18736 I MuMain  : INIT: g_pNewUISystem->Create()
04-26 20:26:59.591   736  1410 E AppOps  : attributionTag  not declared in manifest of com.muonline.client
04-26 20:26:59.593  1174  1361 I BluetoothAdapterProperties: getBondedDevices: length=0
04-26 20:26:59.593   736  1410 E AppOps  : attributionTag  not declared in manifest of com.muonline.client
04-26 20:26:59.594  1174  1174 W MediaControlGattService: Feature MEDIA_CONTROL_POINT_OPCODES_SUPPORTED support: true
04-26 20:26:59.594  1174  1174 W MediaControlGattService: Feature MEDIA_STATE support: true
04-26 20:26:59.594  1174  1174 W MediaControlGattService: Feature MEDIA_STATE support: true
04-26 20:26:59.595  1174  1361 I BluetoothAdapterProperties: getBondedDevices: length=0
04-26 20:26:59.596  1174  1174 W MediaControlGattService: Feature MEDIA_STATE support: true
04-26 20:26:59.596  1174  1174 W MediaControlGattService: Feature SEEKING_SPEED support: true
04-26 20:26:59.596  1174  1174 W MediaControlGattService: Feature SEEKING_SPEED support: true
04-26 20:26:59.597  1174  1174 W MediaControlGattService: Feature SEEKING_SPEED support: true
04-26 20:26:59.597  1174  1174 W MediaControlProfile: MCS service state fields left unhandled: 
04-26 20:26:59.597  1174  1174 W MediaControlProfile:    > PLAYER_NAME
04-26 20:26:59.597  1174  1174 W MediaControlProfile:    > PLAYING_ORDER_SUPPORTED
04-26 20:26:59.609 18697 18736 I MuMain  : INIT: UI creation done
04-26 20:26:59.609 18697 18736 I MuMain  : VirtualPad: slots loaded version=4 idx=[-1,-1,-1,-1,-1] type=[0,0,0,0,0] path=Data/Local/android_touch_skill_slots.cfg
04-26 20:26:59.609 18697 18736 I MuMain  : VirtualPad slots: [-1,-1,-1,-1,-1]
04-26 20:26:59.609 18697 18736 I MuMain  : Android perf defaults: maxMsgPerCycle=70 targetFps=-1.0 fxScale=1.00 adaptive=on isEmulator=1
04-26 20:26:59.609 18697 18736 I MuMain  : SDL mixer volume set: level=5 sdl=71
04-26 20:26:59.609 18697 18736 I MuMain  : FPS overlay enabled
04-26 20:26:59.609 18697 18736 I MuMain  : All systems initialized — entering main loop
04-26 20:26:59.609 18697 18736 I MuMain  : Window resized → drawable: 2268x1080
04-26 20:26:59.609 18697 18736 I MuMain  : CHATIME IME state changed focused=0 sdlTextInput=1
04-26 20:26:59.609 18697 18736 I MuMain  : WEBZEN: enter
04-26 20:26:59.612 18697 18736 I MuMain  : WEBZEN: loading title bitmaps
04-26 20:26:59.616 18697 18736 I MuMain  : WEBZEN: OpenBasicData begin
04-26 20:26:59.616 18697 18736 I MuMain  : OPENBASIC: enter
04-26 20:26:59.616 18697 18736 I MuMain  : OPENBASIC: RenderTitle 0 begin
04-26 20:26:59.617 18697 18736 I MuMain  : OPENBASIC: RenderTitle 0 done
04-26 20:26:59.617 18697 18736 I MuMain  : OPENBASIC: first bitmap group begin
04-26 20:26:59.620   521  6964 I RanchuHwc: logCompositionFallbackIfChanged: layer 451 CompositionType fallback from 2 to 1
04-26 20:26:59.620   521  6964 I RanchuHwc: logCompositionFallbackIfChanged: layer 452 CompositionType fallback from 2 to 1
04-26 20:26:59.620   521  6964 I RanchuHwc: logCompositionFallbackIfChanged: layer 447 CompositionType fallback from 3 to 1
04-26 20:26:59.621   566   616 W skia    : AGTM parsing failed flags.readFromStream(s) at 159
04-26 20:26:59.621   566   616 W skia    : AGTM parsing failed flags.readFromStream(s) at 159
04-26 20:26:59.621   566   616 W skia    : AGTM parsing failed flags.readFromStream(s) at 159
04-26 20:26:59.621   566   616 W skia    : AGTM parsing failed flags.readFromStream(s) at 159
04-26 20:26:59.621   566   616 W skia    : AGTM parsing failed flags.readFromStream(s) at 159
04-26 20:26:59.625 18697 18697 V SDL     : onWindowFocusChanged(): true
04-26 20:26:59.625 18697 18697 V SDL     : nativeFocusChanged()
04-26 20:26:59.627   736   881 I ImeTracker: com.muonline.client:d232f8e0: onRequestHide at ORIGIN_SERVER reason HIDE_UNSPECIFIED_WINDOW fromUser false userId 0 displayId 0
04-26 20:26:59.628 18697 18697 D InsetsController: hide(ime())
04-26 20:26:59.628 18697 18697 I ImeTracker: com.muonline.client:d232f8e0: onCancelled at PHASE_CLIENT_ALREADY_HIDDEN
04-26 20:26:59.628   736   881 W InputChannel-JNI: Channel already disposed.
04-26 20:26:59.629  4105  4105 I GoogleInputMethodService: GoogleInputMethodService.onFinishInput():2113 
04-26 20:26:59.630  4105  4105 I Module  : DeviceLockedStatusModuleProvider$Module.updateDeviceLockedStatus():103 repeatCheckTimes = 0, locked = false
04-26 20:26:59.632   736   999 I ImeTracker: system_server:25f0e12: onRequestHide at ORIGIN_SERVER reason IME_REQUESTED_CHANGED_LISTENER fromUser false displayId 0
04-26 20:26:59.632   736   762 I ImeTracker: system_server:25f0e12: onCancelled at PHASE_SERVER_SHOULD_HIDE
04-26 20:26:59.633 18697 18736 I MuMain  : OPENBASIC: first bitmap group done
04-26 20:26:59.634  4105  4105 I GoogleInputMethodService: GoogleInputMethodService.onStartInput():1384 onStartInput(EditorInfo{EditorInfo{packageName=com.muonline.client, inputType=0, inputTypeString=NULL, enableLearning=false, autoCorrection=false, autoComplete=false, imeOptions=0, privateImeOptions=null, actionName=UNSPECIFIED, actionLabel=null, initialSelStart=-1, initialSelEnd=-1, initialCapsMode=0, label=null, fieldId=0, fieldName=null, extras=null, hintText=null, hintLocales=[]}}, false)
04-26 20:26:59.635  4105  4105 W AndroidIME: LatinIMEBase.updateInputViewCoverNavigation():319 Null input view, cannot update padding!
04-26 20:26:59.636   566   616 W skia    : AGTM parsing failed flags.readFromStream(s) at 159
04-26 20:26:59.636   566   616 W skia    : AGTM parsing failed flags.readFromStream(s) at 159
04-26 20:26:59.636   566   616 W skia    : AGTM parsing failed flags.readFromStream(s) at 159
04-26 20:26:59.636   566   616 W skia    : AGTM parsing failed flags.readFromStream(s) at 159
04-26 20:26:59.636   566   616 W skia    : AGTM parsing failed flags.readFromStream(s) at 159
04-26 20:26:59.638  4105  4105 I Module  : DeviceLockedStatusModuleProvider$Module.updateDeviceLockedStatus():103 repeatCheckTimes = 1, locked = false
04-26 20:26:59.641   736   999 W PackageConfigPersister: App-specific configuration not found for packageName: com.muonline.client and userId: 0
04-26 20:26:59.654   566   616 W skia    : AGTM parsing failed flags.readFromStream(s) at 159
04-26 20:26:59.654   566   616 W skia    : AGTM parsing failed flags.readFromStream(s) at 159
04-26 20:26:59.655   566   616 W skia    : AGTM parsing failed flags.readFromStream(s) at 159
04-26 20:26:59.655   566   616 W skia    : AGTM parsing failed flags.readFromStream(s) at 159
04-26 20:26:59.655   566   616 W skia    : AGTM parsing failed flags.readFromStream(s) at 159
04-26 20:26:59.667 18697 18736 I TakumiErrorReport: File not found Data\Effect\Shiny04.jpg (32118)->Data\Effect\Shiny05.jpg
04-26 20:26:59.670   566   616 W skia    : AGTM parsing failed flags.readFromStream(s) at 159
04-26 20:26:59.670   566   616 W skia    : AGTM parsing failed flags.readFromStream(s) at 159
04-26 20:26:59.670   566   616 W skia    : AGTM parsing failed flags.readFromStream(s) at 159
04-26 20:26:59.670   566   616 W skia    : AGTM parsing failed flags.readFromStream(s) at 159
04-26 20:26:59.670   566   616 W skia    : AGTM parsing failed flags.readFromStream(s) at 159
04-26 20:26:59.686   566   616 W skia    : AGTM parsing failed flags.readFromStream(s) at 159
04-26 20:26:59.687   566   616 W skia    : AGTM parsing failed flags.readFromStream(s) at 159
04-26 20:26:59.687   566   616 W skia    : AGTM parsing failed flags.readFromStream(s) at 159
04-26 20:26:59.687   566   616 W skia    : AGTM parsing failed flags.readFromStream(s) at 159
04-26 20:26:59.687   566   616 W skia    : AGTM parsing failed flags.readFromStream(s) at 159
04-26 20:26:59.702   566   616 W skia    : AGTM parsing failed flags.readFromStream(s) at 159
04-26 20:26:59.703   566   616 W skia    : AGTM parsing failed flags.readFromStream(s) at 159
04-26 20:26:59.703   566   616 W skia    : AGTM parsing failed flags.readFromStream(s) at 159
04-26 20:26:59.703   566   616 W skia    : AGTM parsing failed flags.readFromStream(s) at 159
04-26 20:26:59.703   566   616 W skia    : AGTM parsing failed flags.readFromStream(s) at 159
04-26 20:26:59.723   566   616 W skia    : AGTM parsing failed flags.readFromStream(s) at 159
04-26 20:26:59.723   566   616 W skia    : AGTM parsing failed flags.readFromStream(s) at 159
04-26 20:26:59.723   566   616 W skia    : AGTM parsing failed flags.readFromStream(s) at 159
04-26 20:26:59.723   566   616 W skia    : AGTM parsing failed flags.readFromStream(s) at 159
04-26 20:26:59.723   566   616 W skia    : AGTM parsing failed flags.readFromStream(s) at 159
04-26 20:26:59.727 18697 18736 I TakumiErrorReport: > First Load Files OK.
04-26 20:26:59.738   566   616 W skia    : AGTM parsing failed flags.readFromStream(s) at 159
04-26 20:26:59.738   566   616 W skia    : AGTM parsing failed flags.readFromStream(s) at 159
04-26 20:26:59.738   566   616 W skia    : AGTM parsing failed flags.readFromStream(s) at 159
04-26 20:26:59.738   566   616 W skia    : AGTM parsing failed flags.readFromStream(s) at 159
04-26 20:26:59.738   566   616 W skia    : AGTM parsing failed flags.readFromStream(s) at 159
04-26 20:26:59.754   566   616 W skia    : AGTM parsing failed flags.readFromStream(s) at 159
04-26 20:26:59.754   566   616 W skia    : AGTM parsing failed flags.readFromStream(s) at 159
04-26 20:26:59.754   566   616 W skia    : AGTM parsing failed flags.readFromStream(s) at 159
04-26 20:26:59.754   566   616 W skia    : AGTM parsing failed flags.readFromStream(s) at 159
04-26 20:26:59.754   566   616 W skia    : AGTM parsing failed flags.readFromStream(s) at 159
04-26 20:26:59.771   566   616 W skia    : AGTM parsing failed flags.readFromStream(s) at 159
04-26 20:26:59.772   566   616 W skia    : AGTM parsing failed flags.readFromStream(s) at 159
04-26 20:26:59.772   566   616 W skia    : AGTM parsing failed flags.readFromStream(s) at 159
04-26 20:26:59.772   566   616 W skia    : AGTM parsing failed flags.readFromStream(s) at 159
04-26 20:26:59.772   566   616 W skia    : AGTM parsing failed flags.readFromStream(s) at 159
04-26 20:26:59.788   566   616 W skia    : AGTM parsing failed flags.readFromStream(s) at 159
04-26 20:26:59.788   566   616 W skia    : AGTM parsing failed flags.readFromStream(s) at 159
04-26 20:26:59.788   566   616 W skia    : AGTM parsing failed flags.readFromStream(s) at 159
04-26 20:26:59.788   566   616 W skia    : AGTM parsing failed flags.readFromStream(s) at 159
04-26 20:26:59.788   566   616 W skia    : AGTM parsing failed flags.readFromStream(s) at 159
04-26 20:26:59.806   566   616 W skia    : AGTM parsing failed flags.readFromStream(s) at 159
04-26 20:26:59.806   566   616 W skia    : AGTM parsing failed flags.readFromStream(s) at 159
04-26 20:26:59.806   566   616 W skia    : AGTM parsing failed flags.readFromStream(s) at 159
04-26 20:26:59.806   566   616 W skia    : AGTM parsing failed flags.readFromStream(s) at 159
04-26 20:26:59.806   566   616 W skia    : AGTM parsing failed flags.readFromStream(s) at 159
04-26 20:26:59.821   566   616 W skia    : AGTM parsing failed flags.readFromStream(s) at 159
04-26 20:26:59.822   566   616 W skia    : AGTM parsing failed flags.readFromStream(s) at 159
04-26 20:26:59.822   566   616 W skia    : AGTM parsing failed flags.readFromStream(s) at 159
04-26 20:26:59.822   566   616 W skia    : AGTM parsing failed flags.readFromStream(s) at 159
04-26 20:26:59.822   566   616 W skia    : AGTM parsing failed flags.readFromStream(s) at 159
04-26 20:26:59.837   566   616 W skia    : AGTM parsing failed flags.readFromStream(s) at 159
04-26 20:26:59.838   566   616 W skia    : AGTM parsing failed flags.readFromStream(s) at 159
04-26 20:26:59.838   566   616 W skia    : AGTM parsing failed flags.readFromStream(s) at 159
04-26 20:26:59.838   566   616 W skia    : AGTM parsing failed flags.readFromStream(s) at 159
04-26 20:26:59.838   566   616 W skia    : AGTM parsing failed flags.readFromStream(s) at 159
04-26 20:26:59.853   566   616 W skia    : AGTM parsing failed flags.readFromStream(s) at 159
04-26 20:26:59.854   566   616 W skia    : AGTM parsing failed flags.readFromStream(s) at 159
04-26 20:26:59.854   566   616 W skia    : AGTM parsing failed flags.readFromStream(s) at 159
04-26 20:26:59.871   566   616 W skia    : AGTM parsing failed flags.readFromStream(s) at 159
04-26 20:26:59.871   566   616 W skia    : AGTM parsing failed flags.readFromStream(s) at 159
04-26 20:26:59.872   566   616 W skia    : AGTM parsing failed flags.readFromStream(s) at 159
04-26 20:26:59.887   566   616 W skia    : AGTM parsing failed flags.readFromStream(s) at 159
04-26 20:26:59.887   566   616 W skia    : AGTM parsing failed flags.readFromStream(s) at 159
04-26 20:26:59.887   566   616 W skia    : AGTM parsing failed flags.readFromStream(s) at 159
04-26 20:26:59.891   736  1145 I ImeTracker: system_server:a7d3daac: onRequestHide at ORIGIN_SERVER reason IME_REQUESTED_CHANGED_LISTENER fromUser false displayId 0
04-26 20:26:59.892   736   762 I ImeTracker: system_server:a7d3daac: onCancelled at PHASE_SERVER_SHOULD_HIDE
04-26 20:26:59.905   566   616 W skia    : AGTM parsing failed flags.readFromStream(s) at 159
04-26 20:26:59.905   566   616 W skia    : AGTM parsing failed flags.readFromStream(s) at 159
04-26 20:26:59.905   566   616 W skia    : AGTM parsing failed flags.readFromStream(s) at 159
04-26 20:26:59.921   566   616 W skia    : AGTM parsing failed flags.readFromStream(s) at 159
04-26 20:26:59.921   566   616 W skia    : AGTM parsing failed flags.readFromStream(s) at 159
04-26 20:26:59.921   566   616 W skia    : AGTM parsing failed flags.readFromStream(s) at 159
04-26 20:26:59.938   566   616 W skia    : AGTM parsing failed flags.readFromStream(s) at 159
04-26 20:26:59.938   566   616 W skia    : AGTM parsing failed flags.readFromStream(s) at 159
04-26 20:26:59.938   566   616 W skia    : AGTM parsing failed flags.readFromStream(s) at 159
04-26 20:26:59.953   566   616 W skia    : AGTM parsing failed flags.readFromStream(s) at 159
04-26 20:26:59.953   566   616 W skia    : AGTM parsing failed flags.readFromStream(s) at 159
04-26 20:26:59.953   566   616 W skia    : AGTM parsing failed flags.readFromStream(s) at 159
04-26 20:26:59.969   566   616 W skia    : AGTM parsing failed flags.readFromStream(s) at 159
04-26 20:26:59.969   566   616 W skia    : AGTM parsing failed flags.readFromStream(s) at 159
04-26 20:26:59.969   566   616 W skia    : AGTM parsing failed flags.readFromStream(s) at 159
04-26 20:26:59.986   566   616 W skia    : AGTM parsing failed flags.readFromStream(s) at 159
04-26 20:26:59.986   566   616 W skia    : AGTM parsing failed flags.readFromStream(s) at 159
04-26 20:26:59.986   566   616 W skia    : AGTM parsing failed flags.readFromStream(s) at 159
04-26 20:27:00.004  1036  1091 V WindowManagerShell: Transition animation finished (aborted=false), notifying core (#137) android.os.BinderProxy@d9c9e2f@0
04-26 20:27:00.005   566   616 W skia    : AGTM parsing failed flags.readFromStream(s) at 159
04-26 20:27:00.005   566   616 W skia    : AGTM parsing failed flags.readFromStream(s) at 159
04-26 20:27:00.005   566   616 W skia    : AGTM parsing failed flags.readFromStream(s) at 159
04-26 20:27:00.008   736   759 V WindowManager: Finish Transition (#137): created at 04-26 20:26:59.278 collect-started=0.049ms request-sent=3.62ms started=9.719ms ready=23.335ms sent=234.703ms commit=25.184ms finished=730.074ms
04-26 20:27:00.012 18697 18697 D VRI[PreloadActivity]: visibilityChanged oldVisibility=true newVisibility=false
04-26 20:27:00.013  1036  1091 V WindowManagerShell: Track 0 became idle
04-26 20:27:00.014  1036  1091 V WindowManagerShell: All active transition animations finished
04-26 20:27:00.025 18697 18697 D WindowOnBackDispatcher: setTopOnBackInvokedCallback (unwrapped): null
04-26 20:27:00.025   736  1067 D CoreBackPreview: Window{ca9513b u0 com.muonline.client/com.muonline.client.PreloadActivity}: Setting back callback null
04-26 20:27:00.026 18697 18697 D ViewRootImpl: Skipping stats log for color mode
04-26 20:27:00.445  1016  1016 I wpa_supplicant: wlan0: CTRL-EVENT-BEACON-LOSS 
04-26 20:27:00.747 18697 18736 I MuMain  : OPENBASIC: OpenImages begin
04-26 20:27:00.750 18697 18736 I MuMain  : OPENBASIC: OpenImages done
04-26 20:27:00.751 18697 18736 I MuMain  : OPENBASIC: OpenSounds begin
04-26 20:27:00.751 18697 18736 I MuMain  : OPENBASIC: OpenSounds done
04-26 20:27:00.751 18697 18736 I MuMain  : OPENBASIC: scripts begin
04-26 20:27:00.756 18697 18736 I MuMain  : OPENBASIC: OpenTextData begin
04-26 20:27:00.759 18697 18736 I MuMain  : OPENBASIC: OpenTextData done
04-26 20:27:00.761 18697 18736 I MuMain  : OPENBASIC: master/gate/filter done
04-26 20:27:00.762 18697 18736 I MuMain  : WEBZEN: OpenBasicData done
04-26 20:27:00.789 18697 18736 I TakumiErrorReport: File not found Data\Interface\InGameShop\ingame_Bt_page_L.tga (32485)->Data\Custom\Maps\CRadar.tga
04-26 20:27:00.790 18697 18736 I TakumiErrorReport: File not found Data\Interface\InGameShop\IGS_Storage_Page.tga (32487)->Data\Custom\Maps\map_radar.tga
04-26 20:27:00.793 18697 18736 I TakumiErrorReport: File not found Data\Interface\InGameShop\IGS_Storage_Page_Left.tga (32488)->Data\Custom\Maps\background-tcp.tga
04-26 20:27:00.793 18697 18736 I TakumiErrorReport: File not found Data\Interface\InGameShop\IGS_Storage_Page_Right.tga (32489)->Data\Interface\newui_option_check.tga
04-26 20:27:00.857 18697 18736 I TakumiErrorReport: File not found Data\Interface\newui_item_back01.tga (31373)->Data\Interface\newui_item_back04.tga
04-26 20:27:00.857 18697 18736 I TakumiErrorReport: File not found Data\Interface\newui_item_back04.tga (31373)->Data\Interface\newui_item_back01.tga
04-26 20:27:00.862 18697 18736 I MuMain  : WEBZEN: LoadMainSceneInterface done
04-26 20:27:00.862 18697 18736 I TakumiErrorReport: > Loading ok.
04-26 20:27:00.864 18697 18736 E BLASTBufferQueue: [c134bb1 SurfaceView[com.muonline.client/com.muonline.client.MuMainActivity]#2](f:0,a:0) rejecting buffer:active_size=2268x1080, requested_size=2268x1080 buffer{size=2268x943 transform=0}
04-26 20:27:00.924 18697 18736 I MuMain  : ADAPT fx scale: fps=0.8 frameMs=1315.03 1.00->0.90 target=0.55
04-26 20:27:00.924 18697 18736 I MuMain  : PERF fps=0.8 frameMs=1315.03 phase(render=1253.02 pad=0.02 present=61.76) renderLevel=4 fxScale=1.00 maxMsg=70 avg(draw=132 verts=792 im=132 vaD=0 vaC=0 qI=0 qE=0) max(draw=132 verts=792)
04-26 20:27:00.924 18697 18736 I MuMain  : PERF_SCENE world=-1 char(live=0 vis=0 ply=0 mon=0 npc=0 pet=0 prio=0 topMon=-1 x0) obj(live=0 vis=0 op=0 trap=0 topObj=-1 x0)
04-26 20:27:00.924 18697 18736 I MuMain  : PERF_BUCKET objMove(cand=0 upd=0 def=0 n=0 m=0 f=0) objRender(cand=0 draw=0 cull=0 n=0 m=0 f=0 visDraw=0 visDef=0) charMove(cand=0 upd=0 def=0 n=0 m=0 f=0) charRender(cand=0 draw=0 def=0 cull=0 n=0 m=0 f=0)
04-26 20:27:00.924 18697 18736 I MuMain  : PERF_TERRAIN world=-1 normal(block=0 tile=0) grass(block=0 tile=0) after(block=0 tile=0)
04-26 20:27:00.924 18697 18736 I MuMain  : Frame 0 — drawCalls=132 verts=792 paths(im=132 vaD=0 vaC=0 qI=0 qE=0) SDL_err='Couldn't open asset '/storage/emulated/0/Android/data/com.muonline.client/files/Data/fonts/font_.ttf''
04-26 20:27:00.928 18697 18736 I MuMain  : OpenTga logo file=Data\Logo\MU-logo.OZT size=512x256 alphaMin=0 alphaMax=255 alphaZero=80277 cornerRGBA=74,76,87,0
04-26 20:27:01.022 18697 18736 I TakumiErrorReport: File not found Data\World74\leaf01.tga (30357)->Data\World74\leaf01.jpg
04-26 20:27:01.027 18697 18736 I AndroidGDI: Font OK: /system/fonts/DroidSans-Bold.ttf sz=10
04-26 20:27:01.028 18697 18736 I TakumiErrorReport: [Connect to Server 33] ip address = 171.235.182.88, port = 44405
04-26 20:27:01.029 18697 18736 E MuMain  : PlayMp3 failed requested=[data\music\login_theme.mp3] resolved=[data/music/login_theme.mp3] reqExists=0 resolvedExists=0 cwd=[/storage/emulated/0/Android/data/com.muonline.client/files]: Couldn't open 'data/music/login_theme.mp3'
04-26 20:27:01.029 18697 18736 I TakumiErrorReport: > Login Scene init success.
04-26 20:27:01.041 18697 18736 I AndroidGDI: AndroidTextOut ENTRY len=34 hdc=0x733fdca9c6a0 bmp=0x733fdca9c6d0 text[0]=40
04-26 20:27:01.042 18697 18736 I AndroidGDI: TextOut surf=241x18 fmt=0x16362004 maxA=255 dib[0..2]=0,0,0
04-26 20:27:01.042 18697 18736 I AndroidGDI: AndroidTextOut ENTRY len=25 hdc=0x733fdca9c6a0 bmp=0x733fdca9c6d0 text[0]=32
04-26 20:27:01.042 18697 18736 I AndroidGDI: TextOut surf=177x18 fmt=0x16362004 maxA=255 dib[0..2]=0,0,0
04-26 20:27:01.043 18697 18736 I AndroidGDI: AndroidTextOut ENTRY len=14 hdc=0x733fdca9c6a0 bmp=0x733fdca9c6d0 text[0]=80
04-26 20:27:01.043 18697 18736 I AndroidGDI: TextOut surf=95x18 fmt=0x16362004 maxA=255 dib[0..2]=0,0,0
04-26 20:27:01.053 18697 18736 I MuMain  : Frame 1 — drawCalls=122 verts=43017 paths(im=885 vaD=0 vaC=0 qI=4 qE=0) SDL_err='Couldn't open 'data/music/login_theme.mp3''
04-26 20:27:01.075 18697 18736 I AndroidGDI: AndroidTextOut ENTRY len=34 hdc=0x733fdca9c6a0 bmp=0x733fdca9c6d0 text[0]=40
04-26 20:27:01.075 18697 18736 I AndroidGDI: TextOut surf=241x18 fmt=0x16362004 maxA=255 dib[0..2]=0,0,0
04-26 20:27:01.075 18697 18736 I AndroidGDI: AndroidTextOut ENTRY len=25 hdc=0x733fdca9c6a0 bmp=0x733fdca9c6d0 text[0]=32
04-26 20:27:01.075 18697 18736 I AndroidGDI: TextOut surf=177x18 fmt=0x16362004 maxA=255 dib[0..2]=0,0,0
04-26 20:27:01.075 18697 18736 I AndroidGDI: AndroidTextOut ENTRY len=14 hdc=0x733fdca9c6a0 bmp=0x733fdca9c6d0 text[0]=80
04-26 20:27:01.085 18697 18736 I MuMain  : Frame 2 — drawCalls=311 verts=70086 paths(im=1525 vaD=0 vaC=0 qI=16 qE=0) SDL_err=''
04-26 20:27:01.106 18697 18736 I AndroidGDI: AndroidTextOut ENTRY len=34 hdc=0x733fdca9c6a0 bmp=0x733fdca9c6d0 text[0]=40
04-26 20:27:01.106 18697 18736 I AndroidGDI: AndroidTextOut ENTRY len=25 hdc=0x733fdca9c6a0 bmp=0x733fdca9c6d0 text[0]=32
04-26 20:27:01.106 18697 18736 I AndroidGDI: AndroidTextOut ENTRY len=14 hdc=0x733fdca9c6a0 bmp=0x733fdca9c6d0 text[0]=80
04-26 20:27:01.107 18697 18736 I MuMain  : Frame 3 — drawCalls=314 verts=69204 paths(im=1513 vaD=0 vaC=0 qI=29 qE=0) SDL_err=''
04-26 20:27:01.128 18697 18736 I AndroidGDI: AndroidTextOut ENTRY len=34 hdc=0x733fdca9c6a0 bmp=0x733fdca9c6d0 text[0]=40
04-26 20:27:01.131 18697 18736 I MuMain  : Frame 4 — drawCalls=325 verts=69264 paths(im=1523 vaD=0 vaC=0 qI=42 qE=0) SDL_err=''
04-26 20:27:01.155 18697 18736 I MuMain  : Frame 5 — drawCalls=339 verts=73677 paths(im=1542 vaD=0 vaC=0 qI=53 qE=0) SDL_err=''
04-26 20:27:01.180 18697 18736 I MuMain  : Frame 6 — drawCalls=349 verts=73779 paths(im=1559 vaD=0 vaC=0 qI=63 qE=0) SDL_err=''
04-26 20:27:01.205 18697 18736 I MuMain  : Frame 7 — drawCalls=356 verts=73857 paths(im=1572 vaD=0 vaC=0 qI=74 qE=0) SDL_err=''
04-26 20:27:01.230 18697 18736 I MuMain  : Frame 8 — drawCalls=371 verts=74043 paths(im=1589 vaD=0 vaC=0 qI=88 qE=0) SDL_err=''
04-26 20:27:01.256 18697 18736 I MuMain  : Frame 9 — drawCalls=384 verts=74217 paths(im=1604 vaD=0 vaC=0 qI=103 qE=0) SDL_err=''
04-26 20:27:01.449 18697 18736 W MuMain  : ADAPT net budget down: fps=37.1 frameMs=26.94 maxMsg 70->60
04-26 20:27:01.711 18697 18736 W MuMain  : ADAPT net budget down: fps=34.4 frameMs=29.04 maxMsg 60->50
04-26 20:27:01.967 18697 18736 W MuMain  : ADAPT net budget down: fps=35.1 frameMs=28.49 maxMsg 50->40
04-26 20:27:01.967 18697 18736 I MuMain  : PERF fps=35.1 frameMs=28.49 phase(render=27.61 pad=0.02 present=0.79) renderLevel=4 fxScale=1.00 maxMsg=40 avg(draw=436 verts=74497 im=1793 vaD=0 vaC=0 qI=208 qE=0) max(draw=443 verts=76818)
04-26 20:27:01.967 18697 18736 I MuMain  : PERF_SCENE world=73 char(live=0 vis=0 ply=0 mon=0 npc=0 pet=0 prio=0 topMon=-1 x0) obj(live=375 vis=174 op=0 trap=0 topObj=155 x29)
04-26 20:27:01.967 18697 18736 I MuMain  : PERF_BUCKET objMove(cand=0 upd=0 def=0 n=0 m=0 f=0) objRender(cand=0 draw=0 cull=0 n=0 m=0 f=0 visDraw=0 visDef=0) charMove(cand=0 upd=0 def=0 n=0 m=0 f=0) charRender(cand=0 draw=0 def=0 cull=0 n=0 m=0 f=0)
04-26 20:27:01.967 18697 18736 I MuMain  : PERF_TERRAIN world=73 normal(block=0 tile=0) grass(block=0 tile=0) after(block=0 tile=0)
04-26 20:27:02.118   736   954 I AdbWifiNetworkMonitor: Wi-Fi network available
04-26 20:27:02.118   736   954 I AdbWifiNetworkMonitor: Received the same Wi-Fi SSID. Ignoring.
04-26 20:27:02.124   736   921 I HalDevMgr: bestIfaceCreationProposal is null, requestIface=STA, existingIface=[name=wlan0 type=STA]
04-26 20:27:02.134  1366  3046 I NullBinder: NullBinder for android.net.action.RECOMMEND_NETWORKS triggering remote TransactionTooLargeException due to Service without Chimera impl, calling uid: 1000, calling pid: 0
04-26 20:27:02.134  1366  3046 W libbinder.Binder: Large reply transaction of 1056768 bytes, interface descriptor , function: UNKNOWN_FUNCTION_NAME, code: 1, flags: 17
04-26 20:27:02.225 18697 18736 I MuMain  : ADAPT fx scale: fps=34.9 frameMs=28.67 1.00->0.90 target=0.80
04-26 20:27:02.225 18697 18736 W MuMain  : ADAPT net budget down: fps=34.9 frameMs=28.67 maxMsg 40->30
04-26 20:27:02.292   736  1699 E TaskPersister: File error accessing recents directory (directory doesn't exist?).
04-26 20:27:02.999 18697 18736 I MuMain  : PERF fps=39.9 frameMs=25.07 phase(render=24.20 pad=0.04 present=0.77) renderLevel=4 fxScale=1.00 maxMsg=30 avg(draw=377 verts=79094 im=1737 vaD=0 vaC=0 qI=187 qE=0) max(draw=392 verts=81507)
04-26 20:27:02.999 18697 18736 I MuMain  : PERF_SCENE world=73 char(live=0 vis=0 ply=0 mon=0 npc=0 pet=0 prio=0 topMon=-1 x0) obj(live=375 vis=188 op=0 trap=0 topObj=79 x23)
04-26 20:27:02.999 18697 18736 I MuMain  : PERF_BUCKET objMove(cand=0 upd=0 def=0 n=0 m=0 f=0) objRender(cand=0 draw=0 cull=0 n=0 m=0 f=0 visDraw=0 visDef=0) charMove(cand=0 upd=0 def=0 n=0 m=0 f=0) charRender(cand=0 draw=0 def=0 cull=0 n=0 m=0 f=0)
04-26 20:27:02.999 18697 18736 I MuMain  : PERF_TERRAIN world=73 normal(block=0 tile=0) grass(block=0 tile=0) after(block=0 tile=0)
04-26 20:27:03.520 18697 18736 I MuMain  : ADAPT fx scale: fps=45.8 frameMs=21.83 1.00->0.90 target=0.90
04-26 20:27:03.616   560   624 D AF::Track: interceptBuffer: took 1416us to intercept 0 tracks
04-26 20:27:03.683   560   624 D AF::Track: interceptBuffer: took 1174us to intercept 0 tracks
04-26 20:27:03.812   736   748 I system_server: Background young concurrent mark compact GC freed 23MB AllocSpace bytes, 24(1264KB) LOS objects, 39% free, 36MB/60MB, paused 1.808ms,50.555ms total 96.173ms
04-26 20:27:03.821  2780  2785 I artd    : GetBestInfo: odex next to the dex file (/data/app/~~PqdBwR9WSFUNw4iaJMgoGg==/com.google.android.gms-95Dc1VeYXyONiCBDqz_lkA==/oat/x86_64/base.odex) is kOatUpToDate with filter 'speed-profile' executable 'false'
04-26 20:27:03.826  2780  2785 I artd    : GetBestInfo: dm (/data/app/~~PqdBwR9WSFUNw4iaJMgoGg==/com.google.android.gms-95Dc1VeYXyONiCBDqz_lkA==/split_AdsDynamite_installtime.dm) is kOatUpToDate with filter 'verify' executable 'false'
04-26 20:27:03.828  2780  2785 I artd    : GetBestInfo: dm (/data/app/~~PqdBwR9WSFUNw4iaJMgoGg==/com.google.android.gms-95Dc1VeYXyONiCBDqz_lkA==/split_CronetDynamite_installtime.dm) is kOatUpToDate with filter 'verify' executable 'false'
04-26 20:27:03.831  2780  2785 I artd    : GetBestInfo: dm (/data/app/~~PqdBwR9WSFUNw4iaJMgoGg==/com.google.android.gms-95Dc1VeYXyONiCBDqz_lkA==/split_DynamiteLoader_installtime.dm) is kOatUpToDate with filter 'verify' executable 'false'
04-26 20:27:03.833  2780  2785 I artd    : GetBestInfo: dm (/data/app/~~PqdBwR9WSFUNw4iaJMgoGg==/com.google.android.gms-95Dc1VeYXyONiCBDqz_lkA==/split_DynamiteModulesA_installtime.dm) is kOatUpToDate with filter 'verify' executable 'false'
04-26 20:27:03.834  2780  2785 I artd    : GetBestInfo: dm (/data/app/~~PqdBwR9WSFUNw4iaJMgoGg==/com.google.android.gms-95Dc1VeYXyONiCBDqz_lkA==/split_DynamiteModulesC_installtime.dm) is kOatUpToDate with filter 'verify' executable 'false'
04-26 20:27:03.836  2780  2785 I artd    : GetBestInfo: dm (/data/app/~~PqdBwR9WSFUNw4iaJMgoGg==/com.google.android.gms-95Dc1VeYXyONiCBDqz_lkA==/split_GoogleCertificates_installtime.dm) is kOatUpToDate with filter 'verify' executable 'false'
04-26 20:27:03.838  2780  2785 I artd    : GetBestInfo: dm (/data/app/~~PqdBwR9WSFUNw4iaJMgoGg==/com.google.android.gms-95Dc1VeYXyONiCBDqz_lkA==/split_MapsDynamite_installtime.dm) is kOatUpToDate with filter 'verify' executable 'false'
04-26 20:27:03.839  2780  2785 I artd    : GetBestInfo: dm (/data/app/~~PqdBwR9WSFUNw4iaJMgoGg==/com.google.android.gms-95Dc1VeYXyONiCBDqz_lkA==/split_MeasurementDynamite_installtime.dm) is kOatUpToDate with filter 'verify' executable 'false'
04-26 20:27:03.841  2780  2785 I artd    : GetBestInfo: dm (/data/app/~~PqdBwR9WSFUNw4iaJMgoGg==/com.google.android.gms-95Dc1VeYXyONiCBDqz_lkA==/split_all_locale_splits.dm) is kOatUpToDate with filter 'verify' executable 'false'
04-26 20:27:03.843  2780  2785 I artd    : GetBestInfo: /data/user_de/0/com.google.android.gms/app_chimera/m/0000000a/dl-TfliteDynamiteDynamite.integ_252130102100800.apk has no usable artifacts
04-26 20:27:03.844  2780  2785 I artd    : GetBestInfo: /data/user_de/0/com.google.android.gms/app_chimera/m/00000001/CronetDynamite.apk has no usable artifacts
04-26 20:27:03.846  2780  2785 I artd    : GetBestInfo: /data/user_de/0/com.google.android.gms/app_chimera/m/00000016/dl-MlkitOcrCommon.optional_261332100800.apk has no usable artifacts
04-26 20:27:03.847  2780  2785 I artd    : GetBestInfo: /data/user_de/0/com.google.android.gms/app_chimera/m/00000002/DynamiteLoader.apk has no usable artifacts
04-26 20:27:03.848  2780  2785 I artd    : GetBestInfo: /data/user_de/0/com.google.android.gms/app_chimera/m/0000000e/dl-MlkitBarcodeUi.optional_260235100800.apk has no usable artifacts
04-26 20:27:03.850  2780  2785 I artd    : GetBestInfo: /data/user_de/0/com.google.android.gms/app_chimera/m/00000013/dl-Appsearch.optional_261332100800.apk has no usable artifacts
04-26 20:27:03.850  2780  2785 I artd    : GetBestInfo: /data/user_de/0/com.google.android.gms/app_chimera/m/00000005/GoogleCertificates.apk has no usable artifacts
04-26 20:27:03.852  2780  2785 I artd    : GetBestInfo: /data/user_de/0/com.google.android.gms/app_chimera/m/00000012/dl-PlayCloudSearch.optional_261332100000.apk has no usable artifacts
04-26 20:27:03.855  2780  2785 I artd    : GetBestInfo: vdex next to the dex file (/data/user/0/com.google.android.gms/app_dg_cache/B3ED91DEC21F0EB5284BE10D982ABEAAC45F5C48/oat/x86_64/the.vdex) is kOatUpToDate with filter 'verify' executable 'false'
04-26 20:27:03.857  2780  2785 I artd    : GetBestInfo: /data/user_de/0/com.google.android.gms/app_chimera/m/0000000f/dl-PlayCloudSearch.optional_260235100000.apk has no usable artifacts
04-26 20:27:03.859  2780  2785 I artd    : GetBestInfo: /data/user_de/0/com.google.android.gms/app_chimera/m/00000008/dl-VisionOcr.optional_260235100000.apk has no usable artifacts
04-26 20:27:03.872  2780  2785 I artd    : GetBestInfo: /data/user_de/0/com.google.android.gms/app_chimera/m/0000000b/dl-Appsearch.optional_260235100800.apk has no usable artifacts
04-26 20:27:03.877  2780  2785 I artd    : GetBestInfo: /data/user_de/0/com.google.android.gms/app_chimera/m/00000011/dl-VisionOcr.optional_261332100000.apk has no usable artifacts
04-26 20:27:03.887  2780  2785 I artd    : GetBestInfo: /data/user_de/0/com.google.android.gms/app_chimera/m/00000015/dl-MlkitBarcodeUi.optional_261332100800.apk has no usable artifacts
04-26 20:27:03.898  2780  2785 I artd    : GetBestInfo: /data/user_de/0/com.google.android.gms/app_chimera/m/00000009/dl-MlkitOcrCommon.optional_260235100800.apk has no usable artifacts
04-26 20:27:03.904  2780  2785 I artd    : GetBestInfo: vdex next to the dex file (/data/user/0/com.google.android.gms/app_dg_cache/CE973E4DE823F0AA69070767A9FABB590DDD455C/oat/x86_64/the.vdex) is kOatUpToDate with filter 'verify' executable 'false'
04-26 20:27:03.906  2780  2785 I artd    : GetBestInfo: /data/user_de/0/com.google.android.gms/app_chimera/m/00000007/MeasurementDynamite.apk has no usable artifacts
04-26 20:27:04.031 18697 18736 I MuMain  : PERF fps=43.4 frameMs=23.05 phase(render=17.27 pad=0.04 present=5.66) renderLevel=4 fxScale=1.00 maxMsg=30 avg(draw=221 verts=70090 im=1594 vaD=0 vaC=0 qI=78 qE=0) max(draw=243 verts=72060)
04-26 20:27:04.031 18697 18736 I MuMain  : PERF_SCENE world=73 char(live=0 vis=0 ply=0 mon=0 npc=0 pet=0 prio=0 topMon=-1 x0) obj(live=375 vis=185 op=0 trap=0 topObj=79 x24)
04-26 20:27:04.031 18697 18736 I MuMain  : PERF_BUCKET objMove(cand=0 upd=0 def=0 n=0 m=0 f=0) objRender(cand=0 draw=0 cull=0 n=0 m=0 f=0 visDraw=0 visDef=0) charMove(cand=0 upd=0 def=0 n=0 m=0 f=0) charRender(cand=0 draw=0 def=0 cull=0 n=0 m=0 f=0)
04-26 20:27:04.031 18697 18736 I MuMain  : PERF_TERRAIN world=73 normal(block=0 tile=0) grass(block=0 tile=0) after(block=0 tile=0)
04-26 20:27:05.056 18697 18736 I MuMain  : PERF fps=66.7 frameMs=14.99 phase(render=14.25 pad=0.02 present=0.66) renderLevel=4 fxScale=1.00 maxMsg=30 avg(draw=177 verts=79156 im=1572 vaD=0 vaC=0 qI=62 qE=0) max(draw=180 verts=81567)
04-26 20:27:05.056 18697 18736 I MuMain  : PERF_SCENE world=73 char(live=0 vis=0 ply=0 mon=0 npc=0 pet=0 prio=0 topMon=-1 x0) obj(live=375 vis=166 op=0 trap=0 topObj=79 x24)
04-26 20:27:05.056 18697 18736 I MuMain  : PERF_BUCKET objMove(cand=0 upd=0 def=0 n=0 m=0 f=0) objRender(cand=0 draw=0 cull=0 n=0 m=0 f=0 visDraw=0 visDef=0) charMove(cand=0 upd=0 def=0 n=0 m=0 f=0) charRender(cand=0 draw=0 def=0 cull=0 n=0 m=0 f=0)
04-26 20:27:05.056 18697 18736 I MuMain  : PERF_TERRAIN world=73 normal(block=0 tile=0) grass(block=0 tile=0) after(block=0 tile=0)
04-26 20:27:05.140   736   921 I HalDevMgr: bestIfaceCreationProposal is null, requestIface=STA, existingIface=[name=wlan0 type=STA]
04-26 20:27:05.147  1160  1312 D IpClient/wlan0: interfaceLinkStateChanged: ifindex 16 up
04-26 20:27:05.156  1160  1312 D IpClient/wlan0: interfaceLinkStateChanged: ifindex 16 up
04-26 20:27:05.310 18697 18736 I MuMain  : ADAPT net budget up: fps=63.0 frameMs=15.88 maxMsg 30->35
04-26 20:27:06.082 18697 18736 I MuMain  : PERF fps=64.5 frameMs=15.51 phase(render=14.87 pad=0.02 present=0.56) renderLevel=4 fxScale=1.00 maxMsg=35 avg(draw=185 verts=94098 im=1616 vaD=0 vaC=0 qI=82 qE=0) max(draw=195 verts=97332)
04-26 20:27:06.082 18697 18736 I MuMain  : PERF_SCENE world=73 char(live=0 vis=0 ply=0 mon=0 npc=0 pet=0 prio=0 topMon=-1 x0) obj(live=375 vis=170 op=0 trap=0 topObj=79 x29)
04-26 20:27:06.082 18697 18736 I MuMain  : PERF_BUCKET objMove(cand=0 upd=0 def=0 n=0 m=0 f=0) objRender(cand=0 draw=0 cull=0 n=0 m=0 f=0 visDraw=0 visDef=0) charMove(cand=0 upd=0 def=0 n=0 m=0 f=0) charRender(cand=0 draw=0 def=0 cull=0 n=0 m=0 f=0)
04-26 20:27:06.082 18697 18736 I MuMain  : PERF_TERRAIN world=73 normal(block=0 tile=0) grass(block=0 tile=0) after(block=0 tile=0)
04-26 20:27:07.130 18697 18736 I MuMain  : PERF fps=58.1 frameMs=17.21 phase(render=16.25 pad=0.03 present=0.86) renderLevel=4 fxScale=1.00 maxMsg=35 avg(draw=216 verts=94070 im=1655 vaD=0 vaC=0 qI=110 qE=0) max(draw=225 verts=97194)
04-26 20:27:07.131 18697 18736 I MuMain  : PERF_SCENE world=73 char(live=0 vis=0 ply=0 mon=0 npc=0 pet=0 prio=0 topMon=-1 x0) obj(live=375 vis=166 op=0 trap=0 topObj=79 x25)
04-26 20:27:07.131 18697 18736 I MuMain  : PERF_BUCKET objMove(cand=0 upd=0 def=0 n=0 m=0 f=0) objRender(cand=0 draw=0 cull=0 n=0 m=0 f=0 visDraw=0 visDef=0) charMove(cand=0 upd=0 def=0 n=0 m=0 f=0) charRender(cand=0 draw=0 def=0 cull=0 n=0 m=0 f=0)
04-26 20:27:07.131 18697 18736 I MuMain  : PERF_TERRAIN world=73 normal(block=0 tile=0) grass(block=0 tile=0) after(block=0 tile=0)
04-26 20:27:08.148   736   921 I HalDevMgr: bestIfaceCreationProposal is null, requestIface=STA, existingIface=[name=wlan0 type=STA]
04-26 20:27:08.155 18697 18736 I MuMain  : PERF fps=52.5 frameMs=19.05 phase(render=18.20 pad=0.03 present=0.75) renderLevel=4 fxScale=1.00 maxMsg=35 avg(draw=237 verts=93811 im=1700 vaD=0 vaC=0 qI=127 qE=0) max(draw=249 verts=94779)
04-26 20:27:08.155 18697 18736 I MuMain  : PERF_SCENE world=73 char(live=0 vis=0 ply=0 mon=0 npc=0 pet=0 prio=0 topMon=-1 x0) obj(live=375 vis=157 op=0 trap=0 topObj=135 x18)
04-26 20:27:08.155 18697 18736 I MuMain  : PERF_BUCKET objMove(cand=0 upd=0 def=0 n=0 m=0 f=0) objRender(cand=0 draw=0 cull=0 n=0 m=0 f=0 visDraw=0 visDef=0) charMove(cand=0 upd=0 def=0 n=0 m=0 f=0) charRender(cand=0 draw=0 def=0 cull=0 n=0 m=0 f=0)
04-26 20:27:08.155 18697 18736 I MuMain  : PERF_TERRAIN world=73 normal(block=0 tile=0) grass(block=0 tile=0) after(block=0 tile=0)
04-26 20:27:08.382  1016  1016 I wpa_supplicant: wlan0: CTRL-EVENT-BEACON-LOSS 
04-26 20:27:08.421 18697 18736 W MuMain  : ADAPT net budget down: fps=52.6 frameMs=19.01 maxMsg 35->30
04-26 20:27:08.554   736   862 D ActivityManager: freezing 4164 com.android.vending
04-26 20:27:08.666   736   862 D ActivityManager: freezing 4276 com.android.vending:background
04-26 20:27:08.670   736   931 D InetDiagMessage: Destroyed 0 sockets, proto=IPPROTO_TCP, family=AF_INET, states=14
04-26 20:27:08.672   736   931 D InetDiagMessage: Destroyed 2 sockets, proto=IPPROTO_TCP, family=AF_INET6, states=14
04-26 20:27:08.672   736   931 D InetDiagMessage: Destroyed live tcp sockets for uids={10154} in 2ms
04-26 20:27:08.699 18697 18736 I MuMain  : ADAPT fx scale: fps=46.9 frameMs=21.33 1.00->0.90 target=0.90
04-26 20:27:09.236 18697 18736 I MuMain  : PERF fps=41.5 frameMs=24.09 phase(render=23.22 pad=0.02 present=0.73) renderLevel=4 fxScale=1.00 maxMsg=30 avg(draw=337 verts=104497 im=1863 vaD=0 vaC=0 qI=220 qE=0) max(draw=349 verts=104607)
04-26 20:27:09.236 18697 18736 I MuMain  : PERF_SCENE world=73 char(live=0 vis=0 ply=0 mon=0 npc=0 pet=0 prio=0 topMon=-1 x0) obj(live=375 vis=126 op=0 trap=0 topObj=135 x18)
04-26 20:27:09.236 18697 18736 I MuMain  : PERF_BUCKET objMove(cand=0 upd=0 def=0 n=0 m=0 f=0) objRender(cand=0 draw=0 cull=0 n=0 m=0 f=0 visDraw=0 visDef=0) charMove(cand=0 upd=0 def=0 n=0 m=0 f=0) charRender(cand=0 draw=0 def=0 cull=0 n=0 m=0 f=0)
04-26 20:27:09.236 18697 18736 I MuMain  : PERF_TERRAIN world=73 normal(block=0 tile=0) grass(block=0 tile=0) after(block=0 tile=0)
04-26 20:27:09.558  1203  1331 D SatelliteController: isInCarrierRoamingNbIotNtn: satellite is disabled
04-26 20:27:09.558  1203  1331 D SatelliteController: getCarrierRoamingNtnConnectType: Checking connect type from PLMN config for subId: 1
04-26 20:27:09.564  1203  1331 D SatelliteController: getSatellitePerPlmnConfiguration: invalid subId or not supported via carrier.
04-26 20:27:09.564  1203  1331 D SatelliteController: getCarrierRoamingNtnConnectType: config: null
04-26 20:27:09.564  1203  1331 D SatelliteController: getCarrierRoamingNtnConnectType: Falling back to global carrier config connect type: 0
04-26 20:27:09.564  1203  1331 D SatelliteController: updateLastNotifiedCarrierRoamingNtnSignalStrengthAndNotify(1)
04-26 20:27:09.564  1203  1331 D SatelliteController: updateLastNotifiedCarrierRoamingNtnSignalStrengthAndNotify(1) lastNotifiedSignalStrength level: 0
04-26 20:27:09.564  1203  1331 D SatelliteController: updateLastNotifiedCarrierRoamingNtnSignalStrengthAndNotify(1) currSignalStrength level: 0
04-26 20:27:10.054 18697 18736 I MuMain  : ADAPT fx scale: fps=40.5 frameMs=24.72 1.00->0.90 target=0.90
04-26 20:27:10.242   736   931 D InetDiagMessage: Destroyed 0 sockets, proto=IPPROTO_TCP, family=AF_INET, states=14
04-26 20:27:10.242   736   931 D InetDiagMessage: Destroyed 0 sockets, proto=IPPROTO_TCP, family=AF_INET6, states=14
04-26 20:27:10.242   736   931 D InetDiagMessage: Destroyed live tcp sockets for uids={10160} in 1ms
04-26 20:27:10.243   736   931 D InetDiagMessage: Destroyed 0 sockets, proto=IPPROTO_TCP, family=AF_INET, states=14
04-26 20:27:10.244   736   931 D InetDiagMessage: Destroyed 0 sockets, proto=IPPROTO_TCP, family=AF_INET6, states=14
04-26 20:27:10.244   736   931 D InetDiagMessage: Destroyed live tcp sockets for uids={20160} in 1ms
04-26 20:27:10.306 18697 18736 I MuMain  : PERF fps=39.6 frameMs=25.25 phase(render=24.34 pad=0.02 present=0.80) renderLevel=4 fxScale=1.00 maxMsg=30 avg(draw=379 verts=99160 im=1946 vaD=0 vaC=0 qI=281 qE=0) max(draw=383 verts=99966)
04-26 20:27:10.306 18697 18736 I MuMain  : PERF_SCENE world=73 char(live=0 vis=0 ply=0 mon=0 npc=0 pet=0 prio=0 topMon=-1 x0) obj(live=375 vis=105 op=0 trap=0 topObj=135 x12)
04-26 20:27:10.306 18697 18736 I MuMain  : PERF_BUCKET objMove(cand=0 upd=0 def=0 n=0 m=0 f=0) objRender(cand=0 draw=0 cull=0 n=0 m=0 f=0 visDraw=0 visDef=0) charMove(cand=0 upd=0 def=0 n=0 m=0 f=0) charRender(cand=0 draw=0 def=0 cull=0 n=0 m=0 f=0)
04-26 20:27:10.306 18697 18736 I MuMain  : PERF_TERRAIN world=73 normal(block=0 tile=0) grass(block=0 tile=0) after(block=0 tile=0)
04-26 20:27:11.154   736   921 I HalDevMgr: bestIfaceCreationProposal is null, requestIface=STA, existingIface=[name=wlan0 type=STA]
04-26 20:27:11.159  1160  1312 D IpClient/wlan0: interfaceLinkStateChanged: ifindex 16 up
04-26 20:27:11.166  1160  1312 D IpClient/wlan0: interfaceLinkStateChanged: ifindex 16 up
04-26 20:27:11.368 18697 18736 I MuMain  : ADAPT fx scale: fps=38.0 frameMs=26.32 1.00->0.90 target=0.90
04-26 20:27:11.368 18697 18736 I MuMain  : PERF fps=38.0 frameMs=26.32 phase(render=25.50 pad=0.02 present=0.75) renderLevel=4 fxScale=1.00 maxMsg=30 avg(draw=397 verts=96699 im=1988 vaD=0 vaC=0 qI=299 qE=0) max(draw=406 verts=96804)
04-26 20:27:11.368 18697 18736 I MuMain  : PERF_SCENE world=73 char(live=0 vis=0 ply=0 mon=0 npc=0 pet=0 prio=0 topMon=-1 x0) obj(live=375 vis=88 op=0 trap=0 topObj=129 x7)
04-26 20:27:11.368 18697 18736 I MuMain  : PERF_BUCKET objMove(cand=0 upd=0 def=0 n=0 m=0 f=0) objRender(cand=0 draw=0 cull=0 n=0 m=0 f=0 visDraw=0 visDef=0) charMove(cand=0 upd=0 def=0 n=0 m=0 f=0) charRender(cand=0 draw=0 def=0 cull=0 n=0 m=0 f=0)
04-26 20:27:11.368 18697 18736 I MuMain  : PERF_TERRAIN world=73 normal(block=0 tile=0) grass(block=0 tile=0) after(block=0 tile=0)
04-26 20:27:12.400 18697 18736 I MuMain  : PERF fps=43.7 frameMs=22.87 phase(render=22.01 pad=0.02 present=0.78) renderLevel=4 fxScale=1.00 maxMsg=30 avg(draw=348 verts=81102 im=1947 vaD=0 vaC=0 qI=266 qE=0) max(draw=357 verts=82254)
04-26 20:27:12.400 18697 18736 I MuMain  : PERF_SCENE world=73 char(live=0 vis=0 ply=0 mon=0 npc=0 pet=0 prio=0 topMon=-1 x0) obj(live=375 vis=74 op=0 trap=0 topObj=129 x7)
04-26 20:27:12.400 18697 18736 I MuMain  : PERF_BUCKET objMove(cand=0 upd=0 def=0 n=0 m=0 f=0) objRender(cand=0 draw=0 cull=0 n=0 m=0 f=0 visDraw=0 visDef=0) charMove(cand=0 upd=0 def=0 n=0 m=0 f=0) charRender(cand=0 draw=0 def=0 cull=0 n=0 m=0 f=0)
04-26 20:27:12.400 18697 18736 I MuMain  : PERF_TERRAIN world=73 normal(block=0 tile=0) grass(block=0 tile=0) after(block=0 tile=0)
04-26 20:27:12.652 18697 18736 I MuMain  : ADAPT fx scale: fps=43.6 frameMs=22.93 1.00->0.90 target=0.90
04-26 20:27:13.434 18697 18736 I MuMain  : PERF fps=41.5 frameMs=24.07 phase(render=23.28 pad=0.02 present=0.70) renderLevel=4 fxScale=1.00 maxMsg=30 avg(draw=363 verts=91812 im=1959 vaD=0 vaC=0 qI=281 qE=0) max(draw=375 verts=95811)
04-26 20:27:13.434 18697 18736 I MuMain  : PERF_SCENE world=73 char(live=0 vis=0 ply=0 mon=0 npc=0 pet=0 prio=0 topMon=-1 x0) obj(live=375 vis=62 op=0 trap=0 topObj=129 x6)
04-26 20:27:13.434 18697 18736 I MuMain  : PERF_BUCKET objMove(cand=0 upd=0 def=0 n=0 m=0 f=0) objRender(cand=0 draw=0 cull=0 n=0 m=0 f=0 visDraw=0 visDef=0) charMove(cand=0 upd=0 def=0 n=0 m=0 f=0) charRender(cand=0 draw=0 def=0 cull=0 n=0 m=0 f=0)
04-26 20:27:13.434 18697 18736 I MuMain  : PERF_TERRAIN world=73 normal(block=0 tile=0) grass(block=0 tile=0) after(block=0 tile=0)
04-26 20:27:13.779  2780  2785 I artd    : GetBestInfo: odex next to the dex file (/data/app/~~PqdBwR9WSFUNw4iaJMgoGg==/com.google.android.gms-95Dc1VeYXyONiCBDqz_lkA==/oat/x86_64/base.odex) is kOatUpToDate with filter 'speed-profile' executable 'false'
04-26 20:27:13.781  2780  2783 I artd    : GetBestInfo: dm (/data/app/~~PqdBwR9WSFUNw4iaJMgoGg==/com.google.android.gms-95Dc1VeYXyONiCBDqz_lkA==/split_AdsDynamite_installtime.dm) is kOatUpToDate with filter 'verify' executable 'false'
04-26 20:27:13.783  2780  2783 I artd    : GetBestInfo: dm (/data/app/~~PqdBwR9WSFUNw4iaJMgoGg==/com.google.android.gms-95Dc1VeYXyONiCBDqz_lkA==/split_CronetDynamite_installtime.dm) is kOatUpToDate with filter 'verify' executable 'false'
04-26 20:27:13.785  2780  2783 I artd    : GetBestInfo: dm (/data/app/~~PqdBwR9WSFUNw4iaJMgoGg==/com.google.android.gms-95Dc1VeYXyONiCBDqz_lkA==/split_DynamiteLoader_installtime.dm) is kOatUpToDate with filter 'verify' executable 'false'
04-26 20:27:13.791  2780  2783 I artd    : GetBestInfo: dm (/data/app/~~PqdBwR9WSFUNw4iaJMgoGg==/com.google.android.gms-95Dc1VeYXyONiCBDqz_lkA==/split_DynamiteModulesA_installtime.dm) is kOatUpToDate with filter 'verify' executable 'false'
04-26 20:27:13.793  2780  2783 I artd    : GetBestInfo: dm (/data/app/~~PqdBwR9WSFUNw4iaJMgoGg==/com.google.android.gms-95Dc1VeYXyONiCBDqz_lkA==/split_DynamiteModulesC_installtime.dm) is kOatUpToDate with filter 'verify' executable 'false'
04-26 20:27:13.795  2780  2783 I artd    : GetBestInfo: dm (/data/app/~~PqdBwR9WSFUNw4iaJMgoGg==/com.google.android.gms-95Dc1VeYXyONiCBDqz_lkA==/split_GoogleCertificates_installtime.dm) is kOatUpToDate with filter 'verify' executable 'false'
04-26 20:27:13.797  2780  2783 I artd    : GetBestInfo: dm (/data/app/~~PqdBwR9WSFUNw4iaJMgoGg==/com.google.android.gms-95Dc1VeYXyONiCBDqz_lkA==/split_MapsDynamite_installtime.dm) is kOatUpToDate with filter 'verify' executable 'false'
04-26 20:27:13.798  2780  2783 I artd    : GetBestInfo: dm (/data/app/~~PqdBwR9WSFUNw4iaJMgoGg==/com.google.android.gms-95Dc1VeYXyONiCBDqz_lkA==/split_MeasurementDynamite_installtime.dm) is kOatUpToDate with filter 'verify' executable 'false'
04-26 20:27:13.800  2780  2783 I artd    : GetBestInfo: dm (/data/app/~~PqdBwR9WSFUNw4iaJMgoGg==/com.google.android.gms-95Dc1VeYXyONiCBDqz_lkA==/split_all_locale_splits.dm) is kOatUpToDate with filter 'verify' executable 'false'
04-26 20:27:13.806  2780  2783 I artd    : GetBestInfo: /data/user_de/0/com.google.android.gms/app_chimera/m/0000000a/dl-TfliteDynamiteDynamite.integ_252130102100800.apk has no usable artifacts
04-26 20:27:13.806  2780  2783 I artd    : GetBestInfo: /data/user_de/0/com.google.android.gms/app_chimera/m/00000001/CronetDynamite.apk has no usable artifacts
04-26 20:27:13.808  2780  2783 I artd    : GetBestInfo: /data/user_de/0/com.google.android.gms/app_chimera/m/00000016/dl-MlkitOcrCommon.optional_261332100800.apk has no usable artifacts
04-26 20:27:13.809  2780  2783 I artd    : GetBestInfo: /data/user_de/0/com.google.android.gms/app_chimera/m/00000002/DynamiteLoader.apk has no usable artifacts
04-26 20:27:13.811  2780  2783 I artd    : GetBestInfo: /data/user_de/0/com.google.android.gms/app_chimera/m/0000000e/dl-MlkitBarcodeUi.optional_260235100800.apk has no usable artifacts
04-26 20:27:13.813  2780  2783 I artd    : GetBestInfo: /data/user_de/0/com.google.android.gms/app_chimera/m/00000013/dl-Appsearch.optional_261332100800.apk has no usable artifacts
04-26 20:27:13.814  2780  2783 I artd    : GetBestInfo: /data/user_de/0/com.google.android.gms/app_chimera/m/00000005/GoogleCertificates.apk has no usable artifacts
04-26 20:27:13.815  2780  2783 I artd    : GetBestInfo: /data/user_de/0/com.google.android.gms/app_chimera/m/00000012/dl-PlayCloudSearch.optional_261332100000.apk has no usable artifacts
