04-26 22:01:58.738   566   616 W skia    : AGTM parsing failed flags.readFromStream(s) at 159
04-26 22:01:58.738   566   616 W skia    : AGTM parsing failed flags.readFromStream(s) at 159
04-26 22:01:58.738   566   616 W skia    : AGTM parsing failed flags.readFromStream(s) at 159
04-26 22:01:58.738   566   616 W skia    : AGTM parsing failed flags.readFromStream(s) at 159
04-26 22:01:58.738   566   616 W skia    : AGTM parsing failed flags.readFromStream(s) at 159
04-26 22:01:58.747 22404 22481 I MuMain  : Screen size (drawable): 2268x943 (scale: 3.54 x 1.96)
04-26 22:01:58.753   521  6964 I RanchuHwc: logCompositionFallbackIfChanged: layer 509 CompositionType fallback from 2 to 1
04-26 22:01:58.753 22404 22481 I GL_Compat: GL_Compat_Init: OK (prog=3, vbo=1, ebo=2)
04-26 22:01:58.753 22404 22481 I MuRender: OpenGLCompat initialized (drawable=2268x943)
04-26 22:01:58.753 22404 22481 I MuMain  : Render backend active: OpenGLCompat
04-26 22:01:58.753 22404 22481 I GL_Compat: GL path switch: preferDirectVA=1
04-26 22:01:58.753 22404 22481 I MuMain  : GL compat VA policy: preferDirect=1 (emulator=1)
04-26 22:01:58.753 22404 22481 I AndroidGDI: SDL2_ttf initialized, defaultSize=15
04-26 22:01:58.753   566   616 W skia    : AGTM parsing failed flags.readFromStream(s) at 159
04-26 22:01:58.754   566   616 W skia    : AGTM parsing failed flags.readFromStream(s) at 159
04-26 22:01:58.754   566   616 W skia    : AGTM parsing failed flags.readFromStream(s) at 159
04-26 22:01:58.754   566   616 W skia    : AGTM parsing failed flags.readFromStream(s) at 159
04-26 22:01:58.754   566   616 W skia    : AGTM parsing failed flags.readFromStream(s) at 159
04-26 22:01:58.754   566   616 W skia    : AGTM parsing failed flags.readFromStream(s) at 159
04-26 22:01:58.756 22404 22481 I AndroidGDI: Font OK: /system/fonts/DroidSans.ttf sz=15
04-26 22:01:58.756 22404 22481 I AndroidGDI: Font OK: /system/fonts/DroidSans-Bold.ttf sz=15
04-26 22:01:58.757 22404 22481 I AndroidGDI: Font OK: /system/fonts/DroidSans-Bold.ttf sz=30
04-26 22:01:58.757 22404 22481 I AndroidGDI: Font OK: /system/fonts/DroidSans.ttf sz=14
04-26 22:01:58.757 22404 22481 I MuMain  : GDI fonts created: size=15 big=30
04-26 22:01:58.757 22404 22481 I MuMain  : Audio config: sound=1 music=1 rememberMe=0
04-26 22:01:58.757 22404 22481 I MuMain  : 
04-26 22:01:58.757 22404 22481 I MuMain  : Mix_Init requested=0x8 loaded=0x8
04-26 22:01:58.761 22404 22481 D AudioSystem: onNewServiceWithAdapter: media.audio_flinger service obtained 0x733fdca99640
04-26 22:01:58.762   560   594 W AudioFlinger: onStateChanged: pid:22404  uid:10230  state:unfrozen
04-26 22:01:58.762 22404 22481 D AudioSystem: getService: IAudioFlingerService retrieved: 0x73401cab0cc0  IAudioFlinger cached: 0x733fdca99640
04-26 22:01:58.763 22404 22481 D muonline.client: PlayerBase::PlayerBase()
04-26 22:01:58.764 22404 22481 D muonline.client: TrackPlayerBase::TrackPlayerBase()
04-26 22:01:58.764 22404 22481 I libOpenSLES: Emulating old channel mask behavior (ignoring positional mask 0x3, using default mask 0x3 based on channel count of 2)
04-26 22:01:58.766   560   593 D NativePermissionController: checkPermission: missing 1 for 10230
04-26 22:01:58.766   560   593 D NativePermissionController: checkPermission: missing 3 for 10230
04-26 22:01:58.766   560   593 D NativePermissionController: checkPermission: missing 5 for 10230
04-26 22:01:58.767   560   593 W AudioFlinger: createTrack_l(): mismatch between requested flags (00000104) and output flags (00000002)
04-26 22:01:58.768   560   593 D AudioFlinger: Client defaulted notificationFrames to 882 for frameCount 4012
04-26 22:01:58.768   560   593 I AF::AfPlaybackCommon: creating track with enforcement level 2 shouldHarden 1
04-26 22:01:58.772   566   616 W skia    : AGTM parsing failed flags.readFromStream(s) at 159
04-26 22:01:58.772   566   616 W skia    : AGTM parsing failed flags.readFromStream(s) at 159
04-26 22:01:58.772   566   616 W skia    : AGTM parsing failed flags.readFromStream(s) at 159
04-26 22:01:58.772   566   616 W skia    : AGTM parsing failed flags.readFromStream(s) at 159
04-26 22:01:58.773   566   616 W skia    : AGTM parsing failed flags.readFromStream(s) at 159
04-26 22:01:58.773   566   616 W skia    : AGTM parsing failed flags.readFromStream(s) at 159
04-26 22:01:58.781   507 22483 D android.hardware.audio@7.1-impl.ranchu: 544 frames of silence written
04-26 22:01:58.781   507 22483 D android.hardware.audio@7.1-impl.ranchu: 544 frames of silence written
04-26 22:01:58.782   507 22483 D android.hardware.audio@7.1-impl.ranchu: 544 frames of silence written
04-26 22:01:58.782   507 22483 D android.hardware.audio@7.1-impl.ranchu: 544 frames of silence written
04-26 22:01:58.786   736  1962 E AppOps  : attributionTag  not declared in manifest of com.muonline.client
04-26 22:01:58.786   566   616 W skia    : AGTM parsing failed flags.readFromStream(s) at 159
04-26 22:01:58.786   566   616 W skia    : AGTM parsing failed flags.readFromStream(s) at 159
04-26 22:01:58.786   566   616 W skia    : AGTM parsing failed flags.readFromStream(s) at 159
04-26 22:01:58.786   566   616 W skia    : AGTM parsing failed flags.readFromStream(s) at 159
04-26 22:01:58.786   566   616 W skia    : AGTM parsing failed flags.readFromStream(s) at 159
04-26 22:01:58.786   566   616 W skia    : AGTM parsing failed flags.readFromStream(s) at 159
04-26 22:01:58.790   736   999 E AppOps  : attributionTag  not declared in manifest of com.muonline.client
04-26 22:01:58.791 22404 22484 D muonline.client: PlayerBase::stop() from IPlayer
04-26 22:01:58.792 22404 22484 D AudioTrack: stop(39): called with 0 frames delivered
04-26 22:01:58.792  1174  1174 I bluetooth: system/btif/avrcp/avrcp_service.cc:533 SendMediaUpdate: track_changed=false :  play_state=true :  queue=false
04-26 22:01:58.793  1174  1174 E MediaControlProfile: onCurrentPlayerStateUpdated: base actions not supported, player actions= 0, expected at least= 7f
04-26 22:01:58.793  1174  1174 W MediaControlGattService: Feature PLAYBACK_SPEED support: true
04-26 22:01:58.793  1174  1174 W MediaControlGattService: Feature PLAYBACK_SPEED support: true
04-26 22:01:58.793  1174  1174 W MediaControlGattService: Feature PLAYBACK_SPEED support: true
04-26 22:01:58.793  1174  1174 W MediaControlGattService: Feature PLAYBACK_SPEED_NOTIFY support: true
04-26 22:01:58.793 22404 22481 I MuMain  : SDL_mixer initialized (32 channels)
04-26 22:01:58.794 22404 22481 I MuMain  : INIT: srand
04-26 22:01:58.794 22404 22481 I MuMain  : INIT: alloc GateAttribute
04-26 22:01:58.794 22404 22481 I MuMain  : INIT: alloc SkillAttribute
04-26 22:01:58.794 22404 22481 I MuMain  : INIT: alloc ItemAttRibute
04-26 22:01:58.794  1174  1361 I BluetoothAdapterProperties: getBondedDevices: length=0
04-26 22:01:58.795  1174  1174 W MediaControlGattService: Feature TRACK_POSITION support: true
04-26 22:01:58.795   736  1602 E AppOps  : attributionTag  not declared in manifest of com.muonline.client
04-26 22:01:58.795  1174  1174 W MediaControlGattService: Feature TRACK_POSITION_NOTIFY support: true
04-26 22:01:58.795  1174  1174 W MediaControlGattService: Feature MEDIA_STATE support: true
04-26 22:01:58.795   736  1145 E AppOps  : attributionTag  not declared in manifest of com.muonline.client
04-26 22:01:58.796 22404 22481 I MuMain  : INIT: alloc CharacterMemoryDump
04-26 22:01:58.796  1174  1361 I BluetoothAdapterProperties: getBondedDevices: length=0
04-26 22:01:58.797  1174  1174 W MediaControlGattService: Feature MEDIA_CONTROL_POINT_OPCODES_SUPPORTED support: true
04-26 22:01:58.797  1174  1174 W MediaControlGattService: Feature MEDIA_STATE support: true
04-26 22:01:58.797  1174  1174 W MediaControlGattService: Feature MEDIA_STATE support: true
04-26 22:01:58.799 22404 22481 I MuMain  : INIT: alloc CharacterMachine
04-26 22:01:58.799   736   999 E AppOps  : attributionTag  not declared in manifest of com.muonline.client
04-26 22:01:58.799 22404 22481 I MuMain  : INIT: CharacterMachine->Init()
04-26 22:01:58.799 22404 22481 I MuMain  : INIT: new UI objects
04-26 22:01:58.800  1174  1361 I BluetoothAdapterProperties: getBondedDevices: length=0
04-26 22:01:58.800   736  1145 E AppOps  : attributionTag  not declared in manifest of com.muonline.client
04-26 22:01:58.801  1174  1174 W MediaControlGattService: Feature MEDIA_STATE support: true
04-26 22:01:58.801  1174  1174 W MediaControlGattService: Feature SEEKING_SPEED support: true
04-26 22:01:58.801  1174  1174 W MediaControlGattService: Feature SEEKING_SPEED support: true
04-26 22:01:58.801  1174  1174 W MediaControlGattService: Feature SEEKING_SPEED support: true
04-26 22:01:58.801 22404 22481 I MuMain  : INIT: BuffStateSystem::Make()
04-26 22:01:58.801  1174  1174 W MediaControlProfile: MCS service state fields left unhandled: 
04-26 22:01:58.801  1174  1174 W MediaControlProfile:    > PLAYER_NAME
04-26 22:01:58.801  1174  1174 W MediaControlProfile:    > PLAYING_ORDER_SUPPORTED
04-26 22:01:58.802 22404 22484 D muonline.client: PlayerBase::stop() from IPlayer
04-26 22:01:58.802 22404 22484 D AudioTrack: stop(39): called with 2048 frames delivered
04-26 22:01:58.802   736  1953 E AppOps  : attributionTag  not declared in manifest of com.muonline.client
04-26 22:01:58.804   566   616 W skia    : AGTM parsing failed flags.readFromStream(s) at 159
04-26 22:01:58.804   566   616 W skia    : AGTM parsing failed flags.readFromStream(s) at 159
04-26 22:01:58.804   566   616 W skia    : AGTM parsing failed flags.readFromStream(s) at 159
04-26 22:01:58.804   566   616 W skia    : AGTM parsing failed flags.readFromStream(s) at 159
04-26 22:01:58.804   566   616 W skia    : AGTM parsing failed flags.readFromStream(s) at 159
04-26 22:01:58.804 22404 22481 I MuMain  : INIT: MapProcess::Make()
04-26 22:01:58.804   566   616 W skia    : AGTM parsing failed flags.readFromStream(s) at 159
04-26 22:01:58.805 22404 22481 I MuMain  : INIT: PetProcess::Make()
04-26 22:01:58.805   736  1953 E AppOps  : attributionTag  not declared in manifest of com.muonline.client
04-26 22:01:58.805 22404 22481 I MuMain  : INIT: CUIMng::Create()
04-26 22:01:58.806 22404 22481 I MuMain  : INIT: g_pNewUISystem->Create()
04-26 22:01:58.810  1174  1174 I bluetooth: system/btif/avrcp/avrcp_service.cc:533 SendMediaUpdate: track_changed=false :  play_state=true :  queue=false
04-26 22:01:58.811  1174  1174 E MediaControlProfile: onCurrentPlayerStateUpdated: base actions not supported, player actions= 0, expected at least= 7f
04-26 22:01:58.811  1174  1174 W MediaControlGattService: Feature PLAYBACK_SPEED support: true
04-26 22:01:58.811  1174  1174 W MediaControlGattService: Feature PLAYBACK_SPEED support: true
04-26 22:01:58.812   736   999 E AppOps  : attributionTag  not declared in manifest of com.muonline.client
04-26 22:01:58.813  1174  1174 W MediaControlGattService: Feature PLAYBACK_SPEED support: true
04-26 22:01:58.813  1174  1174 W MediaControlGattService: Feature PLAYBACK_SPEED_NOTIFY support: true
04-26 22:01:58.814   736   999 E AppOps  : attributionTag  not declared in manifest of com.muonline.client
04-26 22:01:58.815  1174  1361 I BluetoothAdapterProperties: getBondedDevices: length=0
04-26 22:01:58.815  1174  1174 W MediaControlGattService: Feature TRACK_POSITION support: true
04-26 22:01:58.815  1174  1174 W MediaControlGattService: Feature TRACK_POSITION_NOTIFY support: true
04-26 22:01:58.815  1174  1174 W MediaControlGattService: Feature MEDIA_STATE support: true
04-26 22:01:58.815  1174  1174 W MediaControlGattService: Feature MEDIA_STATE support: true
04-26 22:01:58.817  1174  1361 I BluetoothAdapterProperties: getBondedDevices: length=0
04-26 22:01:58.817  1174  1174 W MediaControlGattService: Feature MEDIA_CONTROL_POINT_OPCODES_SUPPORTED support: true
04-26 22:01:58.817  1174  1174 W MediaControlGattService: Feature MEDIA_STATE support: true
04-26 22:01:58.817  1174  1174 W MediaControlGattService: Feature MEDIA_STATE support: true
04-26 22:01:58.822  1174  1361 I BluetoothAdapterProperties: getBondedDevices: length=0
04-26 22:01:58.822   566   616 W skia    : AGTM parsing failed flags.readFromStream(s) at 159
04-26 22:01:58.822   566   616 W skia    : AGTM parsing failed flags.readFromStream(s) at 159
04-26 22:01:58.822   566   616 W skia    : AGTM parsing failed flags.readFromStream(s) at 159
04-26 22:01:58.822  1174  1174 W MediaControlGattService: Feature MEDIA_STATE support: true
04-26 22:01:58.822  1174  1174 W MediaControlGattService: Feature SEEKING_SPEED support: true
04-26 22:01:58.822   566   616 W skia    : AGTM parsing failed flags.readFromStream(s) at 159
04-26 22:01:58.822  1174  1174 W MediaControlGattService: Feature SEEKING_SPEED support: true
04-26 22:01:58.823  1174  1174 W MediaControlGattService: Feature SEEKING_SPEED support: true
04-26 22:01:58.823   566   616 W skia    : AGTM parsing failed flags.readFromStream(s) at 159
04-26 22:01:58.823  1174  1174 W MediaControlProfile: MCS service state fields left unhandled: 
04-26 22:01:58.823  1174  1174 W MediaControlProfile:    > PLAYER_NAME
04-26 22:01:58.823   566   616 W skia    : AGTM parsing failed flags.readFromStream(s) at 159
04-26 22:01:58.823  1174  1174 W MediaControlProfile:    > PLAYING_ORDER_SUPPORTED
04-26 22:01:58.823   566   616 W skia    : AGTM parsing failed flags.readFromStream(s) at 159
04-26 22:01:58.823  1174  1174 I bluetooth: system/btif/avrcp/avrcp_service.cc:533 SendMediaUpdate: track_changed=false :  play_state=true :  queue=false
04-26 22:01:58.824  1174  1174 E MediaControlProfile: onCurrentPlayerStateUpdated: base actions not supported, player actions= 0, expected at least= 7f
04-26 22:01:58.824  1174  1174 W MediaControlGattService: Feature PLAYBACK_SPEED support: true
04-26 22:01:58.824  1174  1174 W MediaControlGattService: Feature PLAYBACK_SPEED support: true
04-26 22:01:58.824  1174  1174 W MediaControlGattService: Feature PLAYBACK_SPEED support: true
04-26 22:01:58.824  1174  1174 W MediaControlGattService: Feature PLAYBACK_SPEED_NOTIFY support: true
04-26 22:01:58.826  1174  1361 I BluetoothAdapterProperties: getBondedDevices: length=0
04-26 22:01:58.826  1174  1174 W MediaControlGattService: Feature TRACK_POSITION support: true
04-26 22:01:58.827  1174  1174 W MediaControlGattService: Feature TRACK_POSITION_NOTIFY support: true
04-26 22:01:58.827  1174  1174 W MediaControlGattService: Feature MEDIA_STATE support: true
04-26 22:01:58.829 22404 22404 V SDL     : onWindowFocusChanged(): true
04-26 22:01:58.829 22404 22481 I MuMain  : INIT: UI creation done
04-26 22:01:58.829 22404 22404 V SDL     : nativeFocusChanged()
04-26 22:01:58.829 22404 22481 I MuMain  : VirtualPad: slots loaded version=4 idx=[-1,-1,-1,-1,-1] type=[0,0,0,0,0] path=Data/Local/android_touch_skill_slots.cfg
04-26 22:01:58.829 22404 22481 I MuMain  : VirtualPad slots: [-1,-1,-1,-1,-1]
04-26 22:01:58.829  1174  1361 I BluetoothAdapterProperties: getBondedDevices: length=0
04-26 22:01:58.829 22404 22481 I MuMain  : Android perf defaults: maxMsgPerCycle=70 targetFps=-1.0 fxScale=1.00 adaptive=on isEmulator=1
04-26 22:01:58.829 22404 22481 I MuMain  : SDL mixer volume set: level=5 sdl=71
04-26 22:01:58.829 22404 22481 I MuMain  : FPS overlay enabled
04-26 22:01:58.829 22404 22481 I MuMain  : All systems initialized — entering main loop
04-26 22:01:58.830 22404 22481 I MuMain  : Window resized → drawable: 2268x1080
04-26 22:01:58.830 22404 22481 I MuMain  : CHATIME IME state changed focused=0 sdlTextInput=1
04-26 22:01:58.830 22404 22481 I MuMain  : WEBZEN: enter
04-26 22:01:58.830  1174  1174 W MediaControlGattService: Feature MEDIA_CONTROL_POINT_OPCODES_SUPPORTED support: true
04-26 22:01:58.830  1174  1174 W MediaControlGattService: Feature MEDIA_STATE support: true
04-26 22:01:58.831  1174  1174 W MediaControlGattService: Feature MEDIA_STATE support: true
04-26 22:01:58.831   736   881 I ImeTracker: com.muonline.client:bbf33501: onRequestHide at ORIGIN_SERVER reason HIDE_UNSPECIFIED_WINDOW fromUser false userId 0 displayId 0
04-26 22:01:58.833  1174  1361 I BluetoothAdapterProperties: getBondedDevices: length=0
04-26 22:01:58.834   736   881 W InputChannel-JNI: Channel already disposed.
04-26 22:01:58.834 22404 22481 I MuMain  : WEBZEN: loading title bitmaps
04-26 22:01:58.834 22404 22404 D InsetsController: hide(ime())
04-26 22:01:58.834 22404 22404 I ImeTracker: com.muonline.client:bbf33501: onCancelled at PHASE_CLIENT_ALREADY_HIDDEN
04-26 22:01:58.834  4105  4105 I GoogleInputMethodService: GoogleInputMethodService.onFinishInput():2113 
04-26 22:01:58.834  1174  1174 W MediaControlGattService: Feature MEDIA_STATE support: true
04-26 22:01:58.836  1174  1174 W MediaControlGattService: Feature SEEKING_SPEED support: true
04-26 22:01:58.836  1174  1174 W MediaControlGattService: Feature SEEKING_SPEED support: true
04-26 22:01:58.837  1174  1174 W MediaControlGattService: Feature SEEKING_SPEED support: true
04-26 22:01:58.837  1174  1174 W MediaControlProfile: MCS service state fields left unhandled: 
04-26 22:01:58.837  1174  1174 W MediaControlProfile:    > PLAYER_NAME
04-26 22:01:58.837  1174  1174 W MediaControlProfile:    > PLAYING_ORDER_SUPPORTED
04-26 22:01:58.838   566   616 W skia    : AGTM parsing failed flags.readFromStream(s) at 159
04-26 22:01:58.838   566   616 W skia    : AGTM parsing failed flags.readFromStream(s) at 159
04-26 22:01:58.838   566   616 W skia    : AGTM parsing failed flags.readFromStream(s) at 159
04-26 22:01:58.838   566   616 W skia    : AGTM parsing failed flags.readFromStream(s) at 159
04-26 22:01:58.838   566   616 W skia    : AGTM parsing failed flags.readFromStream(s) at 159
04-26 22:01:58.838   566   616 W skia    : AGTM parsing failed flags.readFromStream(s) at 159
04-26 22:01:58.838   566   616 W skia    : AGTM parsing failed flags.readFromStream(s) at 159
04-26 22:01:58.839  4105  4105 I Module  : DeviceLockedStatusModuleProvider$Module.updateDeviceLockedStatus():103 repeatCheckTimes = 0, locked = false
04-26 22:01:58.840   736  1145 I ImeTracker: system_server:963545ff: onRequestHide at ORIGIN_SERVER reason IME_REQUESTED_CHANGED_LISTENER fromUser false displayId 0
04-26 22:01:58.842   736   762 I ImeTracker: system_server:963545ff: onCancelled at PHASE_SERVER_SHOULD_HIDE
04-26 22:01:58.844  4105  4105 I GoogleInputMethodService: GoogleInputMethodService.onStartInput():1384 onStartInput(EditorInfo{EditorInfo{packageName=com.muonline.client, inputType=0, inputTypeString=NULL, enableLearning=false, autoCorrection=false, autoComplete=false, imeOptions=0, privateImeOptions=null, actionName=UNSPECIFIED, actionLabel=null, initialSelStart=-1, initialSelEnd=-1, initialCapsMode=0, label=null, fieldId=0, fieldName=null, extras=null, hintText=null, hintLocales=[]}}, false)
04-26 22:01:58.845 22404 22481 I MuMain  : WEBZEN: OpenBasicData begin
04-26 22:01:58.845 22404 22481 I MuMain  : OPENBASIC: enter
04-26 22:01:58.845 22404 22481 I MuMain  : OPENBASIC: RenderTitle 0 begin
04-26 22:01:58.845  4105  4105 W AndroidIME: LatinIMEBase.updateInputViewCoverNavigation():319 Null input view, cannot update padding!
04-26 22:01:58.847 22404 22481 I MuMain  : OPENBASIC: RenderTitle 0 done
04-26 22:01:58.848 22404 22481 I MuMain  : OPENBASIC: first bitmap group begin
04-26 22:01:58.849  4105  4105 I Module  : DeviceLockedStatusModuleProvider$Module.updateDeviceLockedStatus():103 repeatCheckTimes = 1, locked = false
04-26 22:01:58.850   736  1962 W PackageConfigPersister: App-specific configuration not found for packageName: com.muonline.client and userId: 0
04-26 22:01:58.856   566   616 W skia    : AGTM parsing failed flags.readFromStream(s) at 159
04-26 22:01:58.856   566   616 W skia    : AGTM parsing failed flags.readFromStream(s) at 159
04-26 22:01:58.856   566   616 W skia    : AGTM parsing failed flags.readFromStream(s) at 159
04-26 22:01:58.856   566   616 W skia    : AGTM parsing failed flags.readFromStream(s) at 159
04-26 22:01:58.856   566   616 W skia    : AGTM parsing failed flags.readFromStream(s) at 159
04-26 22:01:58.856   566   616 W skia    : AGTM parsing failed flags.readFromStream(s) at 159
04-26 22:01:58.856   566   616 W skia    : AGTM parsing failed flags.readFromStream(s) at 159
04-26 22:01:58.869 22404 22481 I MuMain  : OPENBASIC: first bitmap group done
04-26 22:01:58.872   566   616 W skia    : AGTM parsing failed flags.readFromStream(s) at 159
04-26 22:01:58.872   566   616 W skia    : AGTM parsing failed flags.readFromStream(s) at 159
04-26 22:01:58.872   566   616 W skia    : AGTM parsing failed flags.readFromStream(s) at 159
04-26 22:01:58.872   566   616 W skia    : AGTM parsing failed flags.readFromStream(s) at 159
04-26 22:01:58.872   566   616 W skia    : AGTM parsing failed flags.readFromStream(s) at 159
04-26 22:01:58.873   566   616 W skia    : AGTM parsing failed flags.readFromStream(s) at 159
04-26 22:01:58.886   566   616 W skia    : AGTM parsing failed flags.readFromStream(s) at 159
04-26 22:01:58.887   566   616 W skia    : AGTM parsing failed flags.readFromStream(s) at 159
04-26 22:01:58.887   566   616 W skia    : AGTM parsing failed flags.readFromStream(s) at 159
04-26 22:01:58.887   566   616 W skia    : AGTM parsing failed flags.readFromStream(s) at 159
04-26 22:01:58.887   566   616 W skia    : AGTM parsing failed flags.readFromStream(s) at 159
04-26 22:01:58.887   566   616 W skia    : AGTM parsing failed flags.readFromStream(s) at 159
04-26 22:01:58.893  1036  1044 W System  : A resource failed to call release. 
04-26 22:01:58.894  1036  1044 W System  : A resource failed to call release. 
04-26 22:01:58.894  1036  1044 W System  : A resource failed to call release. 
04-26 22:01:58.894  1036  1044 W System  : A resource failed to call release. 
04-26 22:01:58.900 22404 22481 I TakumiErrorReport: File not found Data\Effect\Shiny04.jpg (32118)->Data\Effect\Shiny05.jpg
04-26 22:01:58.904   566   616 W skia    : AGTM parsing failed flags.readFromStream(s) at 159
04-26 22:01:58.905   566   616 W skia    : AGTM parsing failed flags.readFromStream(s) at 159
04-26 22:01:58.905   566   616 W skia    : AGTM parsing failed flags.readFromStream(s) at 159
04-26 22:01:58.905   566   616 W skia    : AGTM parsing failed flags.readFromStream(s) at 159
04-26 22:01:58.905   566   616 W skia    : AGTM parsing failed flags.readFromStream(s) at 159
04-26 22:01:58.905   566   616 W skia    : AGTM parsing failed flags.readFromStream(s) at 159
04-26 22:01:58.921   566   616 W skia    : AGTM parsing failed flags.readFromStream(s) at 159
04-26 22:01:58.921   566   616 W skia    : AGTM parsing failed flags.readFromStream(s) at 159
04-26 22:01:58.921   566   616 W skia    : AGTM parsing failed flags.readFromStream(s) at 159
04-26 22:01:58.921   566   616 W skia    : AGTM parsing failed flags.readFromStream(s) at 159
04-26 22:01:58.921   566   616 W skia    : AGTM parsing failed flags.readFromStream(s) at 159
04-26 22:01:58.921   566   616 W skia    : AGTM parsing failed flags.readFromStream(s) at 159
04-26 22:01:58.937   566   616 W skia    : AGTM parsing failed flags.readFromStream(s) at 159
04-26 22:01:58.937   566   616 W skia    : AGTM parsing failed flags.readFromStream(s) at 159
04-26 22:01:58.937   566   616 W skia    : AGTM parsing failed flags.readFromStream(s) at 159
04-26 22:01:58.937   566   616 W skia    : AGTM parsing failed flags.readFromStream(s) at 159
04-26 22:01:58.938   566   616 W skia    : AGTM parsing failed flags.readFromStream(s) at 159
04-26 22:01:58.938   566   616 W skia    : AGTM parsing failed flags.readFromStream(s) at 159
04-26 22:01:58.943 22404 22481 I TakumiErrorReport: > First Load Files OK.
04-26 22:01:58.953   566   616 W skia    : AGTM parsing failed flags.readFromStream(s) at 159
04-26 22:01:58.953   566   616 W skia    : AGTM parsing failed flags.readFromStream(s) at 159
04-26 22:01:58.953   566   616 W skia    : AGTM parsing failed flags.readFromStream(s) at 159
04-26 22:01:58.953   566   616 W skia    : AGTM parsing failed flags.readFromStream(s) at 159
04-26 22:01:58.953   566   616 W skia    : AGTM parsing failed flags.readFromStream(s) at 159
04-26 22:01:58.953   566   616 W skia    : AGTM parsing failed flags.readFromStream(s) at 159
04-26 22:01:58.969   566   616 W skia    : AGTM parsing failed flags.readFromStream(s) at 159
04-26 22:01:58.969   566   616 W skia    : AGTM parsing failed flags.readFromStream(s) at 159
04-26 22:01:58.969   566   616 W skia    : AGTM parsing failed flags.readFromStream(s) at 159
04-26 22:01:58.970   566   616 W skia    : AGTM parsing failed flags.readFromStream(s) at 159
04-26 22:01:58.970   566   616 W skia    : AGTM parsing failed flags.readFromStream(s) at 159
04-26 22:01:58.970   566   616 W skia    : AGTM parsing failed flags.readFromStream(s) at 159
04-26 22:01:58.987   566   616 W skia    : AGTM parsing failed flags.readFromStream(s) at 159
04-26 22:01:58.987   566   616 W skia    : AGTM parsing failed flags.readFromStream(s) at 159
04-26 22:01:58.987   566   616 W skia    : AGTM parsing failed flags.readFromStream(s) at 159
04-26 22:01:58.987   566   616 W skia    : AGTM parsing failed flags.readFromStream(s) at 159
04-26 22:01:58.987   566   616 W skia    : AGTM parsing failed flags.readFromStream(s) at 159
04-26 22:01:58.987   566   616 W skia    : AGTM parsing failed flags.readFromStream(s) at 159
04-26 22:01:59.002   566   616 W skia    : AGTM parsing failed flags.readFromStream(s) at 159
04-26 22:01:59.002   566   616 W skia    : AGTM parsing failed flags.readFromStream(s) at 159
04-26 22:01:59.002   566   616 W skia    : AGTM parsing failed flags.readFromStream(s) at 159
04-26 22:01:59.002   566   616 W skia    : AGTM parsing failed flags.readFromStream(s) at 159
04-26 22:01:59.002   566   616 W skia    : AGTM parsing failed flags.readFromStream(s) at 159
04-26 22:01:59.003   566   616 W skia    : AGTM parsing failed flags.readFromStream(s) at 159
04-26 22:01:59.019   566   616 W skia    : AGTM parsing failed flags.readFromStream(s) at 159
04-26 22:01:59.019   566   616 W skia    : AGTM parsing failed flags.readFromStream(s) at 159
04-26 22:01:59.019   566   616 W skia    : AGTM parsing failed flags.readFromStream(s) at 159
04-26 22:01:59.019   566   616 W skia    : AGTM parsing failed flags.readFromStream(s) at 159
04-26 22:01:59.019   566   616 W skia    : AGTM parsing failed flags.readFromStream(s) at 159
04-26 22:01:59.020   566   616 W skia    : AGTM parsing failed flags.readFromStream(s) at 159
04-26 22:01:59.036   566   616 W skia    : AGTM parsing failed flags.readFromStream(s) at 159
04-26 22:01:59.037   566   616 W skia    : AGTM parsing failed flags.readFromStream(s) at 159
04-26 22:01:59.037   566   616 W skia    : AGTM parsing failed flags.readFromStream(s) at 159
04-26 22:01:59.037   566   616 W skia    : AGTM parsing failed flags.readFromStream(s) at 159
04-26 22:01:59.037   566   616 W skia    : AGTM parsing failed flags.readFromStream(s) at 159
04-26 22:01:59.037   566   616 W skia    : AGTM parsing failed flags.readFromStream(s) at 159
04-26 22:01:59.054   566   616 W skia    : AGTM parsing failed flags.readFromStream(s) at 159
04-26 22:01:59.054   566   616 W skia    : AGTM parsing failed flags.readFromStream(s) at 159
04-26 22:01:59.054   566   616 W skia    : AGTM parsing failed flags.readFromStream(s) at 159
04-26 22:01:59.055   566   616 W skia    : AGTM parsing failed flags.readFromStream(s) at 159
04-26 22:01:59.069   566   616 W skia    : AGTM parsing failed flags.readFromStream(s) at 159
04-26 22:01:59.069   566   616 W skia    : AGTM parsing failed flags.readFromStream(s) at 159
04-26 22:01:59.070   566   616 W skia    : AGTM parsing failed flags.readFromStream(s) at 159
04-26 22:01:59.070   566   616 W skia    : AGTM parsing failed flags.readFromStream(s) at 159
04-26 22:01:59.086   566   616 W skia    : AGTM parsing failed flags.readFromStream(s) at 159
04-26 22:01:59.086   566   616 W skia    : AGTM parsing failed flags.readFromStream(s) at 159
04-26 22:01:59.086   566   616 W skia    : AGTM parsing failed flags.readFromStream(s) at 159
04-26 22:01:59.086   566   616 W skia    : AGTM parsing failed flags.readFromStream(s) at 159
04-26 22:01:59.089   736  1145 I ImeTracker: system_server:3cda90c4: onRequestHide at ORIGIN_SERVER reason IME_REQUESTED_CHANGED_LISTENER fromUser false displayId 0
04-26 22:01:59.090   736   762 I ImeTracker: system_server:3cda90c4: onCancelled at PHASE_SERVER_SHOULD_HIDE
04-26 22:01:59.096  4511  5291 W libbinder.Binder: Binder transaction to android.content.IContentProvider, function: UNKNOWN_FUNCTION_NAME, code: 21, took 1961ms. Data bytes: 480 Reply bytes: 432 Flags: 18
04-26 22:01:59.103   566   616 W skia    : AGTM parsing failed flags.readFromStream(s) at 159
04-26 22:01:59.103   566   616 W skia    : AGTM parsing failed flags.readFromStream(s) at 159
04-26 22:01:59.103   566   616 W skia    : AGTM parsing failed flags.readFromStream(s) at 159
04-26 22:01:59.103   566   616 W skia    : AGTM parsing failed flags.readFromStream(s) at 159
04-26 22:01:59.119   566   616 W skia    : AGTM parsing failed flags.readFromStream(s) at 159
04-26 22:01:59.119   566   616 W skia    : AGTM parsing failed flags.readFromStream(s) at 159
04-26 22:01:59.119   566   616 W skia    : AGTM parsing failed flags.readFromStream(s) at 159
04-26 22:01:59.119   566   616 W skia    : AGTM parsing failed flags.readFromStream(s) at 159
04-26 22:01:59.136   566   616 W skia    : AGTM parsing failed flags.readFromStream(s) at 159
04-26 22:01:59.136   566   616 W skia    : AGTM parsing failed flags.readFromStream(s) at 159
04-26 22:01:59.136   566   616 W skia    : AGTM parsing failed flags.readFromStream(s) at 159
04-26 22:01:59.136   566   616 W skia    : AGTM parsing failed flags.readFromStream(s) at 159
04-26 22:01:59.153   566   616 W skia    : AGTM parsing failed flags.readFromStream(s) at 159
04-26 22:01:59.153   566   616 W skia    : AGTM parsing failed flags.readFromStream(s) at 159
04-26 22:01:59.153   566   616 W skia    : AGTM parsing failed flags.readFromStream(s) at 159
04-26 22:01:59.153   566   616 W skia    : AGTM parsing failed flags.readFromStream(s) at 159
04-26 22:01:59.169   566   616 W skia    : AGTM parsing failed flags.readFromStream(s) at 159
04-26 22:01:59.169   566   616 W skia    : AGTM parsing failed flags.readFromStream(s) at 159
04-26 22:01:59.169   566   616 W skia    : AGTM parsing failed flags.readFromStream(s) at 159
04-26 22:01:59.170   566   616 W skia    : AGTM parsing failed flags.readFromStream(s) at 159
04-26 22:01:59.175   736   954 I AdbWifiNetworkMonitor: Wi-Fi network available
04-26 22:01:59.175   736   954 I AdbWifiNetworkMonitor: Received the same Wi-Fi SSID. Ignoring.
04-26 22:01:59.180   736   921 I HalDevMgr: bestIfaceCreationProposal is null, requestIface=STA, existingIface=[name=wlan0 type=STA]
04-26 22:01:59.187   566   616 W skia    : AGTM parsing failed flags.readFromStream(s) at 159
04-26 22:01:59.187  1366  5070 I NullBinder: NullBinder for android.net.action.RECOMMEND_NETWORKS triggering remote TransactionTooLargeException due to Service without Chimera impl, calling uid: 1000, calling pid: 0
04-26 22:01:59.187  1366  5070 W libbinder.Binder: Large reply transaction of 1056768 bytes, interface descriptor , function: UNKNOWN_FUNCTION_NAME, code: 1, flags: 17
04-26 22:01:59.187   566   616 W skia    : AGTM parsing failed flags.readFromStream(s) at 159
04-26 22:01:59.187   566   616 W skia    : AGTM parsing failed flags.readFromStream(s) at 159
04-26 22:01:59.187   566   616 W skia    : AGTM parsing failed flags.readFromStream(s) at 159
04-26 22:01:59.202  1036  1091 V WindowManagerShell: Transition animation finished (aborted=false), notifying core (#151) android.os.BinderProxy@b404baf@0
04-26 22:01:59.203   566   616 W skia    : AGTM parsing failed flags.readFromStream(s) at 159
04-26 22:01:59.203   566   616 W skia    : AGTM parsing failed flags.readFromStream(s) at 159
04-26 22:01:59.203   566   616 W skia    : AGTM parsing failed flags.readFromStream(s) at 159
04-26 22:01:59.203   566   616 W skia    : AGTM parsing failed flags.readFromStream(s) at 159
04-26 22:01:59.208   736   759 V WindowManager: Finish Transition (#151): created at 04-26 22:01:58.365 collect-started=0.054ms request-sent=11.174ms started=19.672ms ready=28.991ms sent=347.456ms commit=22.921ms finished=842.605ms
04-26 22:01:59.211 22404 22404 D VRI[PreloadActivity]: visibilityChanged oldVisibility=true newVisibility=false
04-26 22:01:59.215  1036  1091 V WindowManagerShell: Track 0 became idle
04-26 22:01:59.215  1036  1091 V WindowManagerShell: All active transition animations finished
04-26 22:01:59.227 22404 22404 D WindowOnBackDispatcher: setTopOnBackInvokedCallback (unwrapped): null
04-26 22:01:59.228   736  1145 D CoreBackPreview: Window{3fe8ec7 u0 com.muonline.client/com.muonline.client.PreloadActivity}: Setting back callback null
04-26 22:01:59.229 22404 22404 D ViewRootImpl: Skipping stats log for color mode
04-26 22:01:59.672  1203  1331 D SatelliteController: isInCarrierRoamingNbIotNtn: satellite is disabled
04-26 22:01:59.672  1203  1331 D SatelliteController: getCarrierRoamingNtnConnectType: Checking connect type from PLMN config for subId: 1
04-26 22:01:59.675  1203  1331 D SatelliteController: getSatellitePerPlmnConfiguration: invalid subId or not supported via carrier.
04-26 22:01:59.675  1203  1331 D SatelliteController: getCarrierRoamingNtnConnectType: config: null
04-26 22:01:59.675  1203  1331 D SatelliteController: getCarrierRoamingNtnConnectType: Falling back to global carrier config connect type: 0
04-26 22:01:59.676  1203  1331 D SatelliteController: updateLastNotifiedCarrierRoamingNtnSignalStrengthAndNotify(1)
04-26 22:01:59.676  1203  1331 D SatelliteController: updateLastNotifiedCarrierRoamingNtnSignalStrengthAndNotify(1) lastNotifiedSignalStrength level: 0
04-26 22:01:59.676  1203  1331 D SatelliteController: updateLastNotifiedCarrierRoamingNtnSignalStrengthAndNotify(1) currSignalStrength level: 0
04-26 22:01:59.984 22404 22481 I MuMain  : OPENBASIC: OpenImages begin
04-26 22:01:59.987 22404 22481 I MuMain  : OPENBASIC: OpenImages done
04-26 22:01:59.987 22404 22481 I MuMain  : OPENBASIC: OpenSounds begin
04-26 22:01:59.988 22404 22481 I MuMain  : OPENBASIC: OpenSounds done
04-26 22:01:59.988 22404 22481 I MuMain  : OPENBASIC: scripts begin
04-26 22:01:59.992 22404 22481 I MuMain  : OPENBASIC: OpenTextData begin
04-26 22:01:59.995 22404 22481 I MuMain  : OPENBASIC: OpenTextData done
04-26 22:01:59.997 22404 22481 I MuMain  : OPENBASIC: master/gate/filter done
04-26 22:01:59.998 22404 22481 I MuMain  : WEBZEN: OpenBasicData done
04-26 22:02:00.026 22404 22481 I TakumiErrorReport: File not found Data\Interface\InGameShop\ingame_Bt_page_L.tga (32485)->Data\Custom\Maps\CRadar.tga
04-26 22:02:00.027 22404 22481 I TakumiErrorReport: File not found Data\Interface\InGameShop\IGS_Storage_Page.tga (32487)->Data\Custom\Maps\map_radar.tga
04-26 22:02:00.029 22404 22481 I TakumiErrorReport: File not found Data\Interface\InGameShop\IGS_Storage_Page_Left.tga (32488)->Data\Custom\Maps\background-tcp.tga
04-26 22:02:00.030 22404 22481 I TakumiErrorReport: File not found Data\Interface\InGameShop\IGS_Storage_Page_Right.tga (32489)->Data\Interface\newui_option_check.tga
04-26 22:02:00.113 22404 22481 I TakumiErrorReport: File not found Data\Interface\newui_item_back01.tga (31373)->Data\Interface\newui_item_back04.tga
04-26 22:02:00.114 22404 22481 I TakumiErrorReport: File not found Data\Interface\newui_item_back04.tga (31373)->Data\Interface\newui_item_back01.tga
04-26 22:02:00.117 22404 22481 I MuMain  : WEBZEN: LoadMainSceneInterface done
04-26 22:02:00.118 22404 22481 I TakumiErrorReport: > Loading ok.
04-26 22:02:00.120 22404 22481 E BLASTBufferQueue: [a5ff1ed SurfaceView[com.muonline.client/com.muonline.client.MuMainActivity]#2](f:0,a:0) rejecting buffer:active_size=2268x1080, requested_size=2268x1080 buffer{size=2268x943 transform=0}
04-26 22:02:00.185 22404 22481 I MuMain  : ADAPT fx scale: fps=0.7 frameMs=1355.65 1.00->0.90 target=0.55
04-26 22:02:00.185 22404 22481 I MuMain  : PERF fps=0.7 frameMs=1355.65 phase(render=1288.15 pad=0.03 present=67.14) renderLevel=4 fxScale=1.00 maxMsg=70 avg(draw=132 verts=792 im=132 vaD=0 vaC=0 qI=0 qE=0) max(draw=132 verts=792)
04-26 22:02:00.185 22404 22481 I MuMain  : PERF_SCENE world=-1 char(live=0 vis=0 ply=0 mon=0 npc=0 pet=0 prio=0 topMon=-1 x0) obj(live=0 vis=0 op=0 trap=0 topObj=-1 x0)
04-26 22:02:00.185 22404 22481 I MuMain  : PERF_BUCKET objMove(cand=0 upd=0 def=0 n=0 m=0 f=0) objRender(cand=0 draw=0 cull=0 n=0 m=0 f=0 visDraw=0 visDef=0) charMove(cand=0 upd=0 def=0 n=0 m=0 f=0) charRender(cand=0 draw=0 def=0 cull=0 n=0 m=0 f=0)
04-26 22:02:00.185 22404 22481 I MuMain  : PERF_TERRAIN world=-1 normal(block=0 tile=0) grass(block=0 tile=0) after(block=0 tile=0)
04-26 22:02:00.185 22404 22481 I MuMain  : Frame 0 — drawCalls=132 verts=792 paths(im=132 vaD=0 vaC=0 qI=0 qE=0) SDL_err='Couldn't open asset '/storage/emulated/0/Android/data/com.muonline.client/files/Data/fonts/font_.ttf''
04-26 22:02:00.189 22404 22481 I MuMain  : OpenTga logo file=Data\Logo\MU-logo.OZT size=512x256 alphaMin=0 alphaMax=255 alphaZero=80277 cornerRGBA=74,76,87,0
04-26 22:02:00.282 22404 22481 I TakumiErrorReport: File not found Data\World74\leaf01.tga (30357)->Data\World74\leaf01.jpg
04-26 22:02:00.287 22404 22481 I AndroidGDI: Font OK: /system/fonts/DroidSans-Bold.ttf sz=10
04-26 22:02:00.287 22404 22481 I TakumiErrorReport: [Connect to Server 33] ip address = 171.235.182.88, port = 44405
04-26 22:02:00.290 22404 22481 E MuMain  : PlayMp3 failed requested=[data\music\login_theme.mp3] resolved=[data/music/login_theme.mp3] reqExists=0 resolvedExists=0 cwd=[/storage/emulated/0/Android/data/com.muonline.client/files]: Couldn't open 'data/music/login_theme.mp3'
04-26 22:02:00.290 22404 22481 I TakumiErrorReport: > Login Scene init success.
04-26 22:02:00.300 22404 22481 I MuMain  : RenderBitmap logo texture=31019 texNo=2016 file=Data\Logo\MU-logo_g.jpg size=1x1 comp=3 ref=1 colorAlpha=0.000 alphaArg=0.000
04-26 22:02:00.300 22404 22481 I MuMain  : RenderBitmap logo texture=31018 texNo=2015 file=Data\Logo\MU-logo.tga size=512x256 comp=4 ref=1 colorAlpha=0.000 alphaArg=0.000
04-26 22:02:00.301 22404 22481 I AndroidGDI: AndroidTextOut ENTRY len=34 hdc=0x733fdca9c220 bmp=0x733fdca9be00 text[0]=40
04-26 22:02:00.301 22404 22481 I AndroidGDI: TextOut surf=241x18 fmt=0x16362004 maxA=255 dib[0..2]=0,0,0
04-26 22:02:00.301 22404 22481 I AndroidGDI: AndroidTextOut ENTRY len=25 hdc=0x733fdca9c220 bmp=0x733fdca9be00 text[0]=32
04-26 22:02:00.302 22404 22481 I AndroidGDI: TextOut surf=177x18 fmt=0x16362004 maxA=255 dib[0..2]=0,0,0
04-26 22:02:00.302 22404 22481 I AndroidGDI: AndroidTextOut ENTRY len=14 hdc=0x733fdca9c220 bmp=0x733fdca9be00 text[0]=80
04-26 22:02:00.302 22404 22481 I AndroidGDI: TextOut surf=95x18 fmt=0x16362004 maxA=255 dib[0..2]=0,0,0
04-26 22:02:00.315 22404 22481 I MuMain  : Frame 1 — drawCalls=122 verts=43017 paths(im=885 vaD=0 vaC=0 qI=4 qE=0) SDL_err='Couldn't open 'data/music/login_theme.mp3''
04-26 22:02:00.336 22404 22481 I AndroidGDI: AndroidTextOut ENTRY len=34 hdc=0x733fdca9c220 bmp=0x733fdca9be00 text[0]=40
04-26 22:02:00.336 22404 22481 I AndroidGDI: TextOut surf=241x18 fmt=0x16362004 maxA=255 dib[0..2]=0,0,0
04-26 22:02:00.336 22404 22481 I AndroidGDI: AndroidTextOut ENTRY len=25 hdc=0x733fdca9c220 bmp=0x733fdca9be00 text[0]=32
04-26 22:02:00.336 22404 22481 I AndroidGDI: TextOut surf=177x18 fmt=0x16362004 maxA=255 dib[0..2]=0,0,0
04-26 22:02:00.336 22404 22481 I AndroidGDI: AndroidTextOut ENTRY len=14 hdc=0x733fdca9c220 bmp=0x733fdca9be00 text[0]=80
04-26 22:02:00.348 22404 22481 I MuMain  : Frame 2 — drawCalls=312 verts=70086 paths(im=1525 vaD=0 vaC=0 qI=17 qE=0) SDL_err=''
04-26 22:02:00.369 22404 22481 I AndroidGDI: AndroidTextOut ENTRY len=34 hdc=0x733fdca9c220 bmp=0x733fdca9be00 text[0]=40
04-26 22:02:00.369 22404 22481 I AndroidGDI: AndroidTextOut ENTRY len=25 hdc=0x733fdca9c220 bmp=0x733fdca9be00 text[0]=32
04-26 22:02:00.370 22404 22481 I AndroidGDI: AndroidTextOut ENTRY len=14 hdc=0x733fdca9c220 bmp=0x733fdca9be00 text[0]=80
04-26 22:02:00.370 22404 22481 I MuMain  : Frame 3 — drawCalls=314 verts=69192 paths(im=1511 vaD=0 vaC=0 qI=29 qE=0) SDL_err=''
04-26 22:02:00.394 22404 22481 I AndroidGDI: AndroidTextOut ENTRY len=34 hdc=0x733fdca9c220 bmp=0x733fdca9be00 text[0]=40
04-26 22:02:00.395 22404 22481 I MuMain  : Frame 4 — drawCalls=327 verts=69258 paths(im=1522 vaD=0 vaC=0 qI=44 qE=0) SDL_err=''
04-26 22:02:00.418 22404 22481 I MuMain  : Frame 5 — drawCalls=342 verts=73677 paths(im=1542 vaD=0 vaC=0 qI=58 qE=0) SDL_err=''
04-26 22:02:00.446 22404 22481 I MuMain  : Frame 6 — drawCalls=357 verts=73797 paths(im=1562 vaD=0 vaC=0 qI=71 qE=0) SDL_err=''
04-26 22:02:00.474 22404 22481 I MuMain  : Frame 7 — drawCalls=366 verts=73869 paths(im=1574 vaD=0 vaC=0 qI=84 qE=0) SDL_err=''
04-26 22:02:00.498 22404 22481 I MuMain  : Frame 8 — drawCalls=381 verts=74043 paths(im=1589 vaD=0 vaC=0 qI=98 qE=0) SDL_err=''
04-26 22:02:00.525 22404 22481 I MuMain  : Frame 9 — drawCalls=389 verts=74157 paths(im=1594 vaD=0 vaC=0 qI=108 qE=0) SDL_err=''
04-26 22:02:00.719 22404 22481 W MuMain  : ADAPT net budget down: fps=36.7 frameMs=27.27 maxMsg 70->60
04-26 22:02:00.966   736  1699 E TaskPersister: File error accessing recents directory (directory doesn't exist?).
04-26 22:02:00.971 22404 22481 W MuMain  : ADAPT net budget down: fps=35.7 frameMs=28.03 maxMsg 60->50
04-26 22:02:01.246 22404 22481 W MuMain  : ADAPT net budget down: fps=36.4 frameMs=27.50 maxMsg 50->40
04-26 22:02:01.246 22404 22481 I MuMain  : PERF fps=36.4 frameMs=27.50 phase(render=26.71 pad=0.02 present=0.71) renderLevel=4 fxScale=1.00 maxMsg=40 avg(draw=441 verts=74977 im=1811 vaD=0 vaC=0 qI=213 qE=0) max(draw=448 verts=76908)
04-26 22:02:01.246 22404 22481 I MuMain  : PERF_SCENE world=73 char(live=0 vis=0 ply=0 mon=0 npc=0 pet=0 prio=0 topMon=-1 x0) obj(live=375 vis=173 op=0 trap=0 topObj=155 x29)
04-26 22:02:01.246 22404 22481 I MuMain  : PERF_BUCKET objMove(cand=0 upd=0 def=0 n=0 m=0 f=0) objRender(cand=0 draw=0 cull=0 n=0 m=0 f=0 visDraw=0 visDef=0) charMove(cand=0 upd=0 def=0 n=0 m=0 f=0) charRender(cand=0 draw=0 def=0 cull=0 n=0 m=0 f=0)
04-26 22:02:01.246 22404 22481 I MuMain  : PERF_TERRAIN world=73 normal(block=0 tile=0) grass(block=0 tile=0) after(block=0 tile=0)
04-26 22:02:01.522 22404 22481 I MuMain  : ADAPT fx scale: fps=36.3 frameMs=27.59 1.00->0.90 target=0.90
04-26 22:02:01.522 22404 22481 W MuMain  : ADAPT net budget down: fps=36.3 frameMs=27.59 maxMsg 40->30
04-26 22:02:01.682 22404 22481 I MuMain  : ZzzScene android logo alpha raw=1.020 clamp=1.000 glow=0.700
04-26 22:02:02.080  4164  6337 I libbinder.IPCThreadState: oneway function results for code 2 on binder at 0x733fdca738a0 will be dropped but finished with status UNKNOWN_TRANSACTION
04-26 22:02:02.080  4164  5854 I libbinder.IPCThreadState: oneway function results for code 2 on binder at 0x733fdca72400 will be dropped but finished with status UNKNOWN_TRANSACTION
04-26 22:02:02.100  4276  4276 I Finsky:background: [2] Memory trim requested to level 40
04-26 22:02:02.108 19563 19563 I Finsky:quick_launch: [2] Memory trim requested to level 40
04-26 22:02:02.186   736   921 I HalDevMgr: bestIfaceCreationProposal is null, requestIface=STA, existingIface=[name=wlan0 type=STA]
04-26 22:02:02.323 22404 22481 I MuMain  : PERF fps=40.6 frameMs=24.64 phase(render=23.80 pad=0.02 present=0.69) renderLevel=4 fxScale=1.00 maxMsg=30 avg(draw=360 verts=77513 im=1723 vaD=0 vaC=0 qI=173 qE=0) max(draw=391 verts=81519)
04-26 22:02:02.323 22404 22481 I MuMain  : PERF_SCENE world=73 char(live=0 vis=0 ply=0 mon=0 npc=0 pet=0 prio=0 topMon=-1 x0) obj(live=375 vis=176 op=0 trap=0 topObj=79 x20)
04-26 22:02:02.323 22404 22481 I MuMain  : PERF_BUCKET objMove(cand=0 upd=0 def=0 n=0 m=0 f=0) objRender(cand=0 draw=0 cull=0 n=0 m=0 f=0 visDraw=0 visDef=0) charMove(cand=0 upd=0 def=0 n=0 m=0 f=0) charRender(cand=0 draw=0 def=0 cull=0 n=0 m=0 f=0)
04-26 22:02:02.323 22404 22481 I MuMain  : PERF_TERRAIN world=73 normal(block=0 tile=0) grass(block=0 tile=0) after(block=0 tile=0)
04-26 22:02:02.870 22404 22481 I MuMain  : ADAPT fx scale: fps=46.9 frameMs=21.31 1.00->0.90 target=0.90
04-26 22:02:03.383 22404 22481 I MuMain  : PERF fps=59.2 frameMs=16.90 phase(render=16.14 pad=0.02 present=0.68) renderLevel=4 fxScale=1.00 maxMsg=30 avg(draw=234 verts=71293 im=1584 vaD=0 vaC=0 qI=91 qE=0) max(draw=243 verts=72204)
04-26 22:02:03.383 22404 22481 I MuMain  : PERF_SCENE world=73 char(live=0 vis=0 ply=0 mon=0 npc=0 pet=0 prio=0 topMon=-1 x0) obj(live=375 vis=180 op=0 trap=0 topObj=79 x24)
04-26 22:02:03.383 22404 22481 I MuMain  : PERF_BUCKET objMove(cand=0 upd=0 def=0 n=0 m=0 f=0) objRender(cand=0 draw=0 cull=0 n=0 m=0 f=0 visDraw=0 visDef=0) charMove(cand=0 upd=0 def=0 n=0 m=0 f=0) charRender(cand=0 draw=0 def=0 cull=0 n=0 m=0 f=0)
04-26 22:02:03.383 22404 22481 I MuMain  : PERF_TERRAIN world=73 normal(block=0 tile=0) grass(block=0 tile=0) after(block=0 tile=0)
04-26 22:02:03.805  2780  2785 I artd    : GetBestInfo: odex next to the dex file (/data/app/~~PqdBwR9WSFUNw4iaJMgoGg==/com.google.android.gms-95Dc1VeYXyONiCBDqz_lkA==/oat/x86_64/base.odex) is kOatUpToDate with filter 'speed-profile' executable 'false'
04-26 22:02:03.806  2780  2785 I artd    : GetBestInfo: dm (/data/app/~~PqdBwR9WSFUNw4iaJMgoGg==/com.google.android.gms-95Dc1VeYXyONiCBDqz_lkA==/split_AdsDynamite_installtime.dm) is kOatUpToDate with filter 'verify' executable 'false'
04-26 22:02:03.808  2780  2785 I artd    : GetBestInfo: dm (/data/app/~~PqdBwR9WSFUNw4iaJMgoGg==/com.google.android.gms-95Dc1VeYXyONiCBDqz_lkA==/split_CronetDynamite_installtime.dm) is kOatUpToDate with filter 'verify' executable 'false'
04-26 22:02:03.810  2780  2785 I artd    : GetBestInfo: dm (/data/app/~~PqdBwR9WSFUNw4iaJMgoGg==/com.google.android.gms-95Dc1VeYXyONiCBDqz_lkA==/split_DynamiteLoader_installtime.dm) is kOatUpToDate with filter 'verify' executable 'false'
04-26 22:02:03.811  2780  2785 I artd    : GetBestInfo: dm (/data/app/~~PqdBwR9WSFUNw4iaJMgoGg==/com.google.android.gms-95Dc1VeYXyONiCBDqz_lkA==/split_DynamiteModulesA_installtime.dm) is kOatUpToDate with filter 'verify' executable 'false'
04-26 22:02:03.813  2780  2785 I artd    : GetBestInfo: dm (/data/app/~~PqdBwR9WSFUNw4iaJMgoGg==/com.google.android.gms-95Dc1VeYXyONiCBDqz_lkA==/split_DynamiteModulesC_installtime.dm) is kOatUpToDate with filter 'verify' executable 'false'
04-26 22:02:03.815  2780  2785 I artd    : GetBestInfo: dm (/data/app/~~PqdBwR9WSFUNw4iaJMgoGg==/com.google.android.gms-95Dc1VeYXyONiCBDqz_lkA==/split_GoogleCertificates_installtime.dm) is kOatUpToDate with filter 'verify' executable 'false'
04-26 22:02:03.817  2780  2785 I artd    : GetBestInfo: dm (/data/app/~~PqdBwR9WSFUNw4iaJMgoGg==/com.google.android.gms-95Dc1VeYXyONiCBDqz_lkA==/split_MapsDynamite_installtime.dm) is kOatUpToDate with filter 'verify' executable 'false'
04-26 22:02:03.819  2780  2785 I artd    : GetBestInfo: dm (/data/app/~~PqdBwR9WSFUNw4iaJMgoGg==/com.google.android.gms-95Dc1VeYXyONiCBDqz_lkA==/split_MeasurementDynamite_installtime.dm) is kOatUpToDate with filter 'verify' executable 'false'
04-26 22:02:03.820  2780  2785 I artd    : GetBestInfo: dm (/data/app/~~PqdBwR9WSFUNw4iaJMgoGg==/com.google.android.gms-95Dc1VeYXyONiCBDqz_lkA==/split_all_locale_splits.dm) is kOatUpToDate with filter 'verify' executable 'false'
04-26 22:02:03.823  2780  2785 I artd    : GetBestInfo: /data/user_de/0/com.google.android.gms/app_chimera/m/0000000a/dl-TfliteDynamiteDynamite.integ_252130102100800.apk has no usable artifacts
04-26 22:02:03.824  2780  2785 I artd    : GetBestInfo: /data/user_de/0/com.google.android.gms/app_chimera/m/00000001/CronetDynamite.apk has no usable artifacts
04-26 22:02:03.825  2780  2785 I artd    : GetBestInfo: /data/user_de/0/com.google.android.gms/app_chimera/m/00000016/dl-MlkitOcrCommon.optional_261332100800.apk has no usable artifacts
04-26 22:02:03.827  2780  2785 I artd    : GetBestInfo: /data/user_de/0/com.google.android.gms/app_chimera/m/00000002/DynamiteLoader.apk has no usable artifacts
04-26 22:02:03.829  2780  2785 I artd    : GetBestInfo: /data/user_de/0/com.google.android.gms/app_chimera/m/0000000e/dl-MlkitBarcodeUi.optional_260235100800.apk has no usable artifacts
04-26 22:02:03.831  2780  2785 I artd    : GetBestInfo: /data/user_de/0/com.google.android.gms/app_chimera/m/00000013/dl-Appsearch.optional_261332100800.apk has no usable artifacts
04-26 22:02:03.831  2780  2785 I artd    : GetBestInfo: /data/user_de/0/com.google.android.gms/app_chimera/m/00000005/GoogleCertificates.apk has no usable artifacts
04-26 22:02:03.833  2780  2785 I artd    : GetBestInfo: /data/user_de/0/com.google.android.gms/app_chimera/m/00000012/dl-PlayCloudSearch.optional_261332100000.apk has no usable artifacts
04-26 22:02:03.835  2780  2785 I artd    : GetBestInfo: vdex next to the dex file (/data/user/0/com.google.android.gms/app_dg_cache/B3ED91DEC21F0EB5284BE10D982ABEAAC45F5C48/oat/x86_64/the.vdex) is kOatUpToDate with filter 'verify' executable 'false'
04-26 22:02:03.837  2780  2785 I artd    : GetBestInfo: /data/user_de/0/com.google.android.gms/app_chimera/m/0000000f/dl-PlayCloudSearch.optional_260235100000.apk has no usable artifacts
04-26 22:02:03.841  2780  2785 I artd    : GetBestInfo: /data/user_de/0/com.google.android.gms/app_chimera/m/00000008/dl-VisionOcr.optional_260235100000.apk has no usable artifacts
04-26 22:02:03.843  2780  2785 I artd    : GetBestInfo: /data/user_de/0/com.google.android.gms/app_chimera/m/0000000b/dl-Appsearch.optional_260235100800.apk has no usable artifacts
04-26 22:02:03.845  2780  2785 I artd    : GetBestInfo: /data/user_de/0/com.google.android.gms/app_chimera/m/00000011/dl-VisionOcr.optional_261332100000.apk has no usable artifacts
