04-26 23:10:53.400   736   921 I HalDevMgr: bestIfaceCreationProposal is null, requestIface=STA, existingIface=[name=wlan0 type=STA]
04-26 23:10:53.768 26043 26121 I MuMain  : ADAPT fx scale: fps=14.9 frameMs=67.01 1.00->0.90 target=0.55
04-26 23:10:53.768 26043 26121 I MuMain  : PERF fps=14.9 frameMs=67.01 phase(render=66.25 pad=0.03 present=0.64) renderLevel=4 fxScale=1.00 maxMsg=30 avg(draw=601 verts=79837 im=1749 vaD=0 vaC=0 qI=202 qE=0) max(draw=608 verts=80469)
04-26 23:10:53.768 26043 26121 I MuMain  : PERF_SCENE world=73 char(live=0 vis=0 ply=0 mon=0 npc=0 pet=0 prio=0 topMon=-1 x0) obj(live=375 vis=171 op=0 trap=0 topObj=135 x20)
04-26 23:10:53.768 26043 26121 I MuMain  : PERF_BUCKET objMove(cand=0 upd=0 def=0 n=0 m=0 f=0) objRender(cand=0 draw=0 cull=0 n=0 m=0 f=0 visDraw=0 visDef=0) charMove(cand=0 upd=0 def=0 n=0 m=0 f=0) charRender(cand=0 draw=0 def=0 cull=0 n=0 m=0 f=0)
04-26 23:10:53.768 26043 26121 I MuMain  : PERF_TERRAIN world=73 normal(block=0 tile=0) grass(block=0 tile=0) after(block=0 tile=0)
04-26 23:10:53.827  2780  2783 I artd    : GetBestInfo: odex next to the dex file (/data/app/~~PqdBwR9WSFUNw4iaJMgoGg==/com.google.android.gms-95Dc1VeYXyONiCBDqz_lkA==/oat/x86_64/base.odex) is kOatUpToDate with filter 'speed-profile' executable 'false'
04-26 23:10:53.830  2780  2783 I artd    : GetBestInfo: dm (/data/app/~~PqdBwR9WSFUNw4iaJMgoGg==/com.google.android.gms-95Dc1VeYXyONiCBDqz_lkA==/split_AdsDynamite_installtime.dm) is kOatUpToDate with filter 'verify' executable 'false'
04-26 23:10:53.832  2780  2783 I artd    : GetBestInfo: dm (/data/app/~~PqdBwR9WSFUNw4iaJMgoGg==/com.google.android.gms-95Dc1VeYXyONiCBDqz_lkA==/split_CronetDynamite_installtime.dm) is kOatUpToDate with filter 'verify' executable 'false'
04-26 23:10:53.834  2780  2783 I artd    : GetBestInfo: dm (/data/app/~~PqdBwR9WSFUNw4iaJMgoGg==/com.google.android.gms-95Dc1VeYXyONiCBDqz_lkA==/split_DynamiteLoader_installtime.dm) is kOatUpToDate with filter 'verify' executable 'false'
04-26 23:10:53.836  2780  2783 I artd    : GetBestInfo: dm (/data/app/~~PqdBwR9WSFUNw4iaJMgoGg==/com.google.android.gms-95Dc1VeYXyONiCBDqz_lkA==/split_DynamiteModulesA_installtime.dm) is kOatUpToDate with filter 'verify' executable 'false'
04-26 23:10:53.841  2780  2783 I artd    : GetBestInfo: dm (/data/app/~~PqdBwR9WSFUNw4iaJMgoGg==/com.google.android.gms-95Dc1VeYXyONiCBDqz_lkA==/split_DynamiteModulesC_installtime.dm) is kOatUpToDate with filter 'verify' executable 'false'
04-26 23:10:53.844  2780  2783 I artd    : GetBestInfo: dm (/data/app/~~PqdBwR9WSFUNw4iaJMgoGg==/com.google.android.gms-95Dc1VeYXyONiCBDqz_lkA==/split_GoogleCertificates_installtime.dm) is kOatUpToDate with filter 'verify' executable 'false'
04-26 23:10:53.846  2780  2783 I artd    : GetBestInfo: dm (/data/app/~~PqdBwR9WSFUNw4iaJMgoGg==/com.google.android.gms-95Dc1VeYXyONiCBDqz_lkA==/split_MapsDynamite_installtime.dm) is kOatUpToDate with filter 'verify' executable 'false'
04-26 23:10:53.849  2780  2783 I artd    : GetBestInfo: dm (/data/app/~~PqdBwR9WSFUNw4iaJMgoGg==/com.google.android.gms-95Dc1VeYXyONiCBDqz_lkA==/split_MeasurementDynamite_installtime.dm) is kOatUpToDate with filter 'verify' executable 'false'
04-26 23:10:53.851  2780  2783 I artd    : GetBestInfo: dm (/data/app/~~PqdBwR9WSFUNw4iaJMgoGg==/com.google.android.gms-95Dc1VeYXyONiCBDqz_lkA==/split_all_locale_splits.dm) is kOatUpToDate with filter 'verify' executable 'false'
04-26 23:10:53.853  2780  2783 I artd    : GetBestInfo: /data/user_de/0/com.google.android.gms/app_chimera/m/0000000a/dl-TfliteDynamiteDynamite.integ_252130102100800.apk has no usable artifacts
04-26 23:10:53.854  2780  2783 I artd    : GetBestInfo: /data/user_de/0/com.google.android.gms/app_chimera/m/00000001/CronetDynamite.apk has no usable artifacts
04-26 23:10:53.855  2780  2783 I artd    : GetBestInfo: /data/user_de/0/com.google.android.gms/app_chimera/m/00000016/dl-MlkitOcrCommon.optional_261332100800.apk has no usable artifacts
04-26 23:10:53.856  2780  2783 I artd    : GetBestInfo: /data/user_de/0/com.google.android.gms/app_chimera/m/00000002/DynamiteLoader.apk has no usable artifacts
04-26 23:10:53.858  2780  2783 I artd    : GetBestInfo: /data/user_de/0/com.google.android.gms/app_chimera/m/0000000e/dl-MlkitBarcodeUi.optional_260235100800.apk has no usable artifacts
04-26 23:10:53.860  2780  2783 I artd    : GetBestInfo: /data/user_de/0/com.google.android.gms/app_chimera/m/00000013/dl-Appsearch.optional_261332100800.apk has no usable artifacts
04-26 23:10:53.861  2780  2783 I artd    : GetBestInfo: /data/user_de/0/com.google.android.gms/app_chimera/m/00000005/GoogleCertificates.apk has no usable artifacts
04-26 23:10:53.862  2780  2783 I artd    : GetBestInfo: /data/user_de/0/com.google.android.gms/app_chimera/m/00000012/dl-PlayCloudSearch.optional_261332100000.apk has no usable artifacts
04-26 23:10:53.865  2780  2783 I artd    : GetBestInfo: vdex next to the dex file (/data/user/0/com.google.android.gms/app_dg_cache/B3ED91DEC21F0EB5284BE10D982ABEAAC45F5C48/oat/x86_64/the.vdex) is kOatUpToDate with filter 'verify' executable 'false'
04-26 23:10:53.867  2780  2783 I artd    : GetBestInfo: /data/user_de/0/com.google.android.gms/app_chimera/m/0000000f/dl-PlayCloudSearch.optional_260235100000.apk has no usable artifacts
04-26 23:10:53.868  2780  2783 I artd    : GetBestInfo: /data/user_de/0/com.google.android.gms/app_chimera/m/00000008/dl-VisionOcr.optional_260235100000.apk has no usable artifacts
04-26 23:10:53.870  2780  2783 I artd    : GetBestInfo: /data/user_de/0/com.google.android.gms/app_chimera/m/0000000b/dl-Appsearch.optional_260235100800.apk has no usable artifacts
04-26 23:10:53.872  2780  2783 I artd    : GetBestInfo: /data/user_de/0/com.google.android.gms/app_chimera/m/00000011/dl-VisionOcr.optional_261332100000.apk has no usable artifacts
04-26 23:10:53.874  2780  2783 I artd    : GetBestInfo: /data/user_de/0/com.google.android.gms/app_chimera/m/00000015/dl-MlkitBarcodeUi.optional_261332100800.apk has no usable artifacts
04-26 23:10:53.876  2780  2783 I artd    : GetBestInfo: /data/user_de/0/com.google.android.gms/app_chimera/m/00000009/dl-MlkitOcrCommon.optional_260235100800.apk has no usable artifacts
04-26 23:10:53.878  2780  2783 I artd    : GetBestInfo: vdex next to the dex file (/data/user/0/com.google.android.gms/app_dg_cache/CE973E4DE823F0AA69070767A9FABB590DDD455C/oat/x86_64/the.vdex) is kOatUpToDate with filter 'verify' executable 'false'
04-26 23:10:53.878  2780  2783 I artd    : GetBestInfo: /data/user_de/0/com.google.android.gms/app_chimera/m/00000007/MeasurementDynamite.apk has no usable artifacts
04-26 23:10:54.577   736   862 D ActivityManager: freezing 5305 com.android.keychain
04-26 23:10:54.580   736   862 D ActivityManager: freezing 4453 com.android.settings
04-26 23:10:54.863 26043 26121 I MuMain  : PERF fps=37.6 frameMs=26.61 phase(render=25.70 pad=0.03 present=0.83) renderLevel=4 fxScale=1.00 maxMsg=30 avg(draw=388 verts=77434 im=1719 vaD=0 vaC=0 qI=214 qE=0) max(draw=441 verts=78696)
04-26 23:10:54.863 26043 26121 I MuMain  : PERF_SCENE world=73 char(live=0 vis=0 ply=0 mon=0 npc=0 pet=0 prio=0 topMon=-1 x0) obj(live=375 vis=179 op=0 trap=0 topObj=79 x22)
04-26 23:10:54.863 26043 26121 I MuMain  : PERF_BUCKET objMove(cand=0 upd=0 def=0 n=0 m=0 f=0) objRender(cand=0 draw=0 cull=0 n=0 m=0 f=0 visDraw=0 visDef=0) charMove(cand=0 upd=0 def=0 n=0 m=0 f=0) charRender(cand=0 draw=0 def=0 cull=0 n=0 m=0 f=0)
04-26 23:10:54.864 26043 26121 I MuMain  : PERF_TERRAIN world=73 normal(block=0 tile=0) grass(block=0 tile=0) after(block=0 tile=0)
04-26 23:10:55.132 26043 26121 I MuMain  : ADAPT fx scale: fps=41.0 frameMs=24.41 1.00->0.90 target=0.90
04-26 23:10:55.922 26043 26121 I MuMain  : PERF fps=40.6 frameMs=24.62 phase(render=23.59 pad=0.02 present=0.94) renderLevel=4 fxScale=1.00 maxMsg=30 avg(draw=316 verts=77989 im=1756 vaD=0 vaC=0 qI=164 qE=0) max(draw=322 verts=78174)
04-26 23:10:55.922 26043 26121 I MuMain  : PERF_SCENE world=73 char(live=0 vis=0 ply=0 mon=0 npc=0 pet=0 prio=0 topMon=-1 x0) obj(live=375 vis=184 op=0 trap=0 topObj=79 x22)
04-26 23:10:55.922 26043 26121 I MuMain  : PERF_BUCKET objMove(cand=0 upd=0 def=0 n=0 m=0 f=0) objRender(cand=0 draw=0 cull=0 n=0 m=0 f=0 visDraw=0 visDef=0) charMove(cand=0 upd=0 def=0 n=0 m=0 f=0) charRender(cand=0 draw=0 def=0 cull=0 n=0 m=0 f=0)
04-26 23:10:55.922 26043 26121 I MuMain  : PERF_TERRAIN world=73 normal(block=0 tile=0) grass(block=0 tile=0) after(block=0 tile=0)
04-26 23:10:56.412   736   921 I HalDevMgr: bestIfaceCreationProposal is null, requestIface=STA, existingIface=[name=wlan0 type=STA]
04-26 23:10:56.440 26043 26121 I MuMain  : ADAPT fx scale: fps=45.1 frameMs=22.18 1.00->0.90 target=0.90
04-26 23:10:56.942 26043 26121 I MuMain  : PERF fps=51.7 frameMs=19.34 phase(render=18.31 pad=0.04 present=0.93) renderLevel=4 fxScale=1.00 maxMsg=30 avg(draw=235 verts=75968 im=1524 vaD=0 vaC=0 qI=105 qE=0) max(draw=250 verts=76302)
04-26 23:10:56.942 26043 26121 I MuMain  : PERF_SCENE world=73 char(live=0 vis=0 ply=0 mon=0 npc=0 pet=0 prio=0 topMon=-1 x0) obj(live=375 vis=176 op=0 trap=0 topObj=79 x24)
04-26 23:10:56.942 26043 26121 I MuMain  : PERF_BUCKET objMove(cand=0 upd=0 def=0 n=0 m=0 f=0) objRender(cand=0 draw=0 cull=0 n=0 m=0 f=0 visDraw=0 visDef=0) charMove(cand=0 upd=0 def=0 n=0 m=0 f=0) charRender(cand=0 draw=0 def=0 cull=0 n=0 m=0 f=0)
04-26 23:10:56.942 26043 26121 I MuMain  : PERF_TERRAIN world=73 normal(block=0 tile=0) grass(block=0 tile=0) after(block=0 tile=0)
04-26 23:10:57.968 26043 26121 I MuMain  : PERF fps=51.4 frameMs=19.46 phase(render=18.60 pad=0.02 present=0.78) renderLevel=4 fxScale=1.00 maxMsg=30 avg(draw=222 verts=95637 im=1562 vaD=0 vaC=0 qI=110 qE=0) max(draw=231 verts=99024)
04-26 23:10:57.968 26043 26121 I MuMain  : PERF_SCENE world=73 char(live=0 vis=0 ply=0 mon=0 npc=0 pet=0 prio=0 topMon=-1 x0) obj(live=375 vis=149 op=0 trap=0 topObj=79 x23)
04-26 23:10:57.968 26043 26121 I MuMain  : PERF_BUCKET objMove(cand=0 upd=0 def=0 n=0 m=0 f=0) objRender(cand=0 draw=0 cull=0 n=0 m=0 f=0 visDraw=0 visDef=0) charMove(cand=0 upd=0 def=0 n=0 m=0 f=0) charRender(cand=0 draw=0 def=0 cull=0 n=0 m=0 f=0)
04-26 23:10:57.968 26043 26121 I MuMain  : PERF_TERRAIN world=73 normal(block=0 tile=0) grass(block=0 tile=0) after(block=0 tile=0)
04-26 23:10:58.988 26043 26121 I MuMain  : PERF fps=50.6 frameMs=19.75 phase(render=18.65 pad=0.03 present=0.88) renderLevel=4 fxScale=1.00 maxMsg=30 avg(draw=233 verts=97627 im=1645 vaD=0 vaC=0 qI=127 qE=0) max(draw=242 verts=98448)
04-26 23:10:58.988 26043 26121 I MuMain  : PERF_SCENE world=73 char(live=0 vis=0 ply=0 mon=0 npc=0 pet=0 prio=0 topMon=-1 x0) obj(live=375 vis=167 op=0 trap=0 topObj=79 x28)
04-26 23:10:58.988 26043 26121 I MuMain  : PERF_BUCKET objMove(cand=0 upd=0 def=0 n=0 m=0 f=0) objRender(cand=0 draw=0 cull=0 n=0 m=0 f=0 visDraw=0 visDef=0) charMove(cand=0 upd=0 def=0 n=0 m=0 f=0) charRender(cand=0 draw=0 def=0 cull=0 n=0 m=0 f=0)
04-26 23:10:58.988 26043 26121 I MuMain  : PERF_TERRAIN world=73 normal(block=0 tile=0) grass(block=0 tile=0) after(block=0 tile=0)
04-26 23:10:59.422   736   921 I HalDevMgr: bestIfaceCreationProposal is null, requestIface=STA, existingIface=[name=wlan0 type=STA]
04-26 23:10:59.525 26043 26121 I MuMain  : ADAPT fx scale: fps=47.9 frameMs=20.86 1.00->0.90 target=0.90
04-26 23:10:59.932  1203  1331 D SatelliteController: isInCarrierRoamingNbIotNtn: satellite is disabled
04-26 23:10:59.932  1203  1331 D SatelliteController: getCarrierRoamingNtnConnectType: Checking connect type from PLMN config for subId: 1
04-26 23:10:59.932  1203  1331 D SatelliteController: getSatellitePerPlmnConfiguration: invalid subId or not supported via carrier.
04-26 23:10:59.932  1203  1331 D SatelliteController: getCarrierRoamingNtnConnectType: config: null
04-26 23:10:59.934  1203  1331 D SatelliteController: getCarrierRoamingNtnConnectType: Falling back to global carrier config connect type: 0
04-26 23:10:59.934  1203  1331 D SatelliteController: updateLastNotifiedCarrierRoamingNtnSignalStrengthAndNotify(1)
04-26 23:10:59.936  1203  1331 D SatelliteController: updateLastNotifiedCarrierRoamingNtnSignalStrengthAndNotify(1) lastNotifiedSignalStrength level: 0
04-26 23:10:59.936  1203  1331 D SatelliteController: updateLastNotifiedCarrierRoamingNtnSignalStrengthAndNotify(1) currSignalStrength level: 0
04-26 23:11:00.050 26043 26121 I MuMain  : PERF fps=44.1 frameMs=22.70 phase(render=21.61 pad=0.05 present=0.93) renderLevel=4 fxScale=1.00 maxMsg=30 avg(draw=280 verts=92412 im=1787 vaD=0 vaC=0 qI=175 qE=0) max(draw=288 verts=93093)
04-26 23:11:00.050 26043 26121 I MuMain  : PERF_SCENE world=73 char(live=0 vis=0 ply=0 mon=0 npc=0 pet=0 prio=0 topMon=-1 x0) obj(live=375 vis=166 op=0 trap=0 topObj=135 x18)
04-26 23:11:00.050 26043 26121 I MuMain  : PERF_BUCKET objMove(cand=0 upd=0 def=0 n=0 m=0 f=0) objRender(cand=0 draw=0 cull=0 n=0 m=0 f=0 visDraw=0 visDef=0) charMove(cand=0 upd=0 def=0 n=0 m=0 f=0) charRender(cand=0 draw=0 def=0 cull=0 n=0 m=0 f=0)
04-26 23:11:00.050 26043 26121 I MuMain  : PERF_TERRAIN world=73 normal(block=0 tile=0) grass(block=0 tile=0) after(block=0 tile=0)
04-26 23:11:00.316  1016  1016 I wpa_supplicant: wlan0: CTRL-EVENT-BEACON-LOSS 
04-26 23:11:00.837 26043 26121 I MuMain  : ADAPT fx scale: fps=41.7 frameMs=24.00 1.00->0.90 target=0.90
04-26 23:11:01.104 26043 26121 I MuMain  : PERF fps=41.2 frameMs=24.27 phase(render=23.26 pad=0.02 present=0.91) renderLevel=4 fxScale=1.00 maxMsg=30 avg(draw=312 verts=102605 im=1905 vaD=0 vaC=0 qI=198 qE=0) max(draw=324 verts=102963)
04-26 23:11:01.105 26043 26121 I MuMain  : PERF_SCENE world=73 char(live=0 vis=0 ply=0 mon=0 npc=0 pet=0 prio=0 topMon=-1 x0) obj(live=375 vis=144 op=0 trap=0 topObj=135 x18)
04-26 23:11:01.105 26043 26121 I MuMain  : PERF_BUCKET objMove(cand=0 upd=0 def=0 n=0 m=0 f=0) objRender(cand=0 draw=0 cull=0 n=0 m=0 f=0 visDraw=0 visDef=0) charMove(cand=0 upd=0 def=0 n=0 m=0 f=0) charRender(cand=0 draw=0 def=0 cull=0 n=0 m=0 f=0)
04-26 23:11:01.105 26043 26121 I MuMain  : PERF_TERRAIN world=73 normal(block=0 tile=0) grass(block=0 tile=0) after(block=0 tile=0)
04-26 23:11:02.143 26043 26121 I MuMain  : ADAPT fx scale: fps=38.0 frameMs=26.33 1.00->0.90 target=0.90
04-26 23:11:02.143 26043 26121 I MuMain  : PERF fps=38.0 frameMs=26.33 phase(render=25.27 pad=0.02 present=0.97) renderLevel=4 fxScale=1.00 maxMsg=30 avg(draw=346 verts=100777 im=1984 vaD=0 vaC=0 qI=244 qE=0) max(draw=358 verts=104949)
04-26 23:11:02.143 26043 26121 I MuMain  : PERF_SCENE world=73 char(live=0 vis=0 ply=0 mon=0 npc=0 pet=0 prio=0 topMon=-1 x0) obj(live=375 vis=118 op=0 trap=0 topObj=135 x16)
04-26 23:11:02.143 26043 26121 I MuMain  : PERF_BUCKET objMove(cand=0 upd=0 def=0 n=0 m=0 f=0) objRender(cand=0 draw=0 cull=0 n=0 m=0 f=0 visDraw=0 visDef=0) charMove(cand=0 upd=0 def=0 n=0 m=0 f=0) charRender(cand=0 draw=0 def=0 cull=0 n=0 m=0 f=0)
04-26 23:11:02.143 26043 26121 I MuMain  : PERF_TERRAIN world=73 normal(block=0 tile=0) grass(block=0 tile=0) after(block=0 tile=0)
04-26 23:11:02.430   736   921 I HalDevMgr: bestIfaceCreationProposal is null, requestIface=STA, existingIface=[name=wlan0 type=STA]
04-26 23:11:03.220 26043 26121 I MuMain  : PERF fps=37.2 frameMs=26.87 phase(render=25.91 pad=0.02 present=0.85) renderLevel=4 fxScale=1.00 maxMsg=30 avg(draw=366 verts=98502 im=2033 vaD=0 vaC=0 qI=268 qE=0) max(draw=387 verts=99768)
04-26 23:11:03.220 26043 26121 I MuMain  : PERF_SCENE world=73 char(live=0 vis=0 ply=0 mon=0 npc=0 pet=0 prio=0 topMon=-1 x0) obj(live=375 vis=100 op=0 trap=0 topObj=129 x7)
04-26 23:11:03.220 26043 26121 I MuMain  : PERF_BUCKET objMove(cand=0 upd=0 def=0 n=0 m=0 f=0) objRender(cand=0 draw=0 cull=0 n=0 m=0 f=0 visDraw=0 visDef=0) charMove(cand=0 upd=0 def=0 n=0 m=0 f=0) charRender(cand=0 draw=0 def=0 cull=0 n=0 m=0 f=0)
04-26 23:11:03.221 26043 26121 I MuMain  : PERF_TERRAIN world=73 normal(block=0 tile=0) grass(block=0 tile=0) after(block=0 tile=0)
04-26 23:11:03.486 26043 26121 I MuMain  : ADAPT fx scale: fps=37.6 frameMs=26.59 1.00->0.90 target=0.90
04-26 23:11:03.836  2780  2783 I artd    : GetBestInfo: odex next to the dex file (/data/app/~~PqdBwR9WSFUNw4iaJMgoGg==/com.google.android.gms-95Dc1VeYXyONiCBDqz_lkA==/oat/x86_64/base.odex) is kOatUpToDate with filter 'speed-profile' executable 'false'
04-26 23:11:03.838  2780  2783 I artd    : GetBestInfo: dm (/data/app/~~PqdBwR9WSFUNw4iaJMgoGg==/com.google.android.gms-95Dc1VeYXyONiCBDqz_lkA==/split_AdsDynamite_installtime.dm) is kOatUpToDate with filter 'verify' executable 'false'
04-26 23:11:03.841  2780  2783 I artd    : GetBestInfo: dm (/data/app/~~PqdBwR9WSFUNw4iaJMgoGg==/com.google.android.gms-95Dc1VeYXyONiCBDqz_lkA==/split_CronetDynamite_installtime.dm) is kOatUpToDate with filter 'verify' executable 'false'
04-26 23:11:03.845  2780  2783 I artd    : GetBestInfo: dm (/data/app/~~PqdBwR9WSFUNw4iaJMgoGg==/com.google.android.gms-95Dc1VeYXyONiCBDqz_lkA==/split_DynamiteLoader_installtime.dm) is kOatUpToDate with filter 'verify' executable 'false'
04-26 23:11:03.848  2780  2783 I artd    : GetBestInfo: dm (/data/app/~~PqdBwR9WSFUNw4iaJMgoGg==/com.google.android.gms-95Dc1VeYXyONiCBDqz_lkA==/split_DynamiteModulesA_installtime.dm) is kOatUpToDate with filter 'verify' executable 'false'
04-26 23:11:03.850  2780  2783 I artd    : GetBestInfo: dm (/data/app/~~PqdBwR9WSFUNw4iaJMgoGg==/com.google.android.gms-95Dc1VeYXyONiCBDqz_lkA==/split_DynamiteModulesC_installtime.dm) is kOatUpToDate with filter 'verify' executable 'false'
04-26 23:11:03.852  2780  2783 I artd    : GetBestInfo: dm (/data/app/~~PqdBwR9WSFUNw4iaJMgoGg==/com.google.android.gms-95Dc1VeYXyONiCBDqz_lkA==/split_GoogleCertificates_installtime.dm) is kOatUpToDate with filter 'verify' executable 'false'
04-26 23:11:03.854  2780  2783 I artd    : GetBestInfo: dm (/data/app/~~PqdBwR9WSFUNw4iaJMgoGg==/com.google.android.gms-95Dc1VeYXyONiCBDqz_lkA==/split_MapsDynamite_installtime.dm) is kOatUpToDate with filter 'verify' executable 'false'
04-26 23:11:03.857  2780  2783 I artd    : GetBestInfo: dm (/data/app/~~PqdBwR9WSFUNw4iaJMgoGg==/com.google.android.gms-95Dc1VeYXyONiCBDqz_lkA==/split_MeasurementDynamite_installtime.dm) is kOatUpToDate with filter 'verify' executable 'false'
04-26 23:11:03.859  2780  2783 I artd    : GetBestInfo: dm (/data/app/~~PqdBwR9WSFUNw4iaJMgoGg==/com.google.android.gms-95Dc1VeYXyONiCBDqz_lkA==/split_all_locale_splits.dm) is kOatUpToDate with filter 'verify' executable 'false'
04-26 23:11:03.861  2780  2783 I artd    : GetBestInfo: /data/user_de/0/com.google.android.gms/app_chimera/m/0000000a/dl-TfliteDynamiteDynamite.integ_252130102100800.apk has no usable artifacts
04-26 23:11:03.861  2780  2783 I artd    : GetBestInfo: /data/user_de/0/com.google.android.gms/app_chimera/m/00000001/CronetDynamite.apk has no usable artifacts
04-26 23:11:03.864  2780  2783 I artd    : GetBestInfo: /data/user_de/0/com.google.android.gms/app_chimera/m/00000016/dl-MlkitOcrCommon.optional_261332100800.apk has no usable artifacts
04-26 23:11:03.865  2780  2783 I artd    : GetBestInfo: /data/user_de/0/com.google.android.gms/app_chimera/m/00000002/DynamiteLoader.apk has no usable artifacts
04-26 23:11:03.868  2780  2783 I artd    : GetBestInfo: /data/user_de/0/com.google.android.gms/app_chimera/m/0000000e/dl-MlkitBarcodeUi.optional_260235100800.apk has no usable artifacts
04-26 23:11:03.869  2780  2783 I artd    : GetBestInfo: /data/user_de/0/com.google.android.gms/app_chimera/m/00000013/dl-Appsearch.optional_261332100800.apk has no usable artifacts
04-26 23:11:03.870  2780  2783 I artd    : GetBestInfo: /data/user_de/0/com.google.android.gms/app_chimera/m/00000005/GoogleCertificates.apk has no usable artifacts
04-26 23:11:03.872  2780  2783 I artd    : GetBestInfo: /data/user_de/0/com.google.android.gms/app_chimera/m/00000012/dl-PlayCloudSearch.optional_261332100000.apk has no usable artifacts
04-26 23:11:03.875  2780  2783 I artd    : GetBestInfo: vdex next to the dex file (/data/user/0/com.google.android.gms/app_dg_cache/B3ED91DEC21F0EB5284BE10D982ABEAAC45F5C48/oat/x86_64/the.vdex) is kOatUpToDate with filter 'verify' executable 'false'
04-26 23:11:03.877  2780  2783 I artd    : GetBestInfo: /data/user_de/0/com.google.android.gms/app_chimera/m/0000000f/dl-PlayCloudSearch.optional_260235100000.apk has no usable artifacts
04-26 23:11:03.879  2780  2783 I artd    : GetBestInfo: /data/user_de/0/com.google.android.gms/app_chimera/m/00000008/dl-VisionOcr.optional_260235100000.apk has no usable artifacts
04-26 23:11:03.880  2780  2783 I artd    : GetBestInfo: /data/user_de/0/com.google.android.gms/app_chimera/m/0000000b/dl-Appsearch.optional_260235100800.apk has no usable artifacts
04-26 23:11:03.882  2780  2783 I artd    : GetBestInfo: /data/user_de/0/com.google.android.gms/app_chimera/m/00000011/dl-VisionOcr.optional_261332100000.apk has no usable artifacts
04-26 23:11:03.884  2780  2783 I artd    : GetBestInfo: /data/user_de/0/com.google.android.gms/app_chimera/m/00000015/dl-MlkitBarcodeUi.optional_261332100800.apk has no usable artifacts
04-26 23:11:03.886  2780  2783 I artd    : GetBestInfo: /data/user_de/0/com.google.android.gms/app_chimera/m/00000009/dl-MlkitOcrCommon.optional_260235100800.apk has no usable artifacts
04-26 23:11:03.888  2780  2783 I artd    : GetBestInfo: vdex next to the dex file (/data/user/0/com.google.android.gms/app_dg_cache/CE973E4DE823F0AA69070767A9FABB590DDD455C/oat/x86_64/the.vdex) is kOatUpToDate with filter 'verify' executable 'false'
04-26 23:11:03.889  2780  2783 I artd    : GetBestInfo: /data/user_de/0/com.google.android.gms/app_chimera/m/00000007/MeasurementDynamite.apk has no usable artifacts
04-26 23:11:04.273 26043 26121 I MuMain  : PERF fps=39.7 frameMs=25.17 phase(render=24.12 pad=0.02 present=0.96) renderLevel=4 fxScale=1.00 maxMsg=30 avg(draw=344 verts=91584 im=2030 vaD=0 vaC=0 qI=252 qE=0) max(draw=353 verts=94722)
04-26 23:11:04.273 26043 26121 I MuMain  : PERF_SCENE world=73 char(live=0 vis=0 ply=0 mon=0 npc=0 pet=0 prio=0 topMon=-1 x0) obj(live=375 vis=83 op=0 trap=0 topObj=129 x7)
04-26 23:11:04.273 26043 26121 I MuMain  : PERF_BUCKET objMove(cand=0 upd=0 def=0 n=0 m=0 f=0) objRender(cand=0 draw=0 cull=0 n=0 m=0 f=0 visDraw=0 visDef=0) charMove(cand=0 upd=0 def=0 n=0 m=0 f=0) charRender(cand=0 draw=0 def=0 cull=0 n=0 m=0 f=0)
04-26 23:11:04.273 26043 26121 I MuMain  : PERF_TERRAIN world=73 normal(block=0 tile=0) grass(block=0 tile=0) after(block=0 tile=0)
04-26 23:11:04.791 26043 26121 I MuMain  : ADAPT fx scale: fps=41.7 frameMs=23.96 1.00->0.90 target=0.90
04-26 23:11:05.210  1036  1141 D ControlsListingControllerImpl: Subscribing callback, service count: 0
04-26 23:11:05.212  1036  1141 D ControlsListingControllerImpl: Unsubscribing callback
04-26 23:11:05.330 26043 26121 I MuMain  : PERF fps=40.3 frameMs=24.79 phase(render=23.77 pad=0.03 present=0.95) renderLevel=4 fxScale=1.00 maxMsg=30 avg(draw=338 verts=90890 im=2009 vaD=0 vaC=0 qI=256 qE=0) max(draw=342 verts=93186)
04-26 23:11:05.330 26043 26121 I MuMain  : PERF_SCENE world=73 char(live=0 vis=0 ply=0 mon=0 npc=0 pet=0 prio=0 topMon=-1 x0) obj(live=375 vis=69 op=0 trap=0 topObj=129 x7)
04-26 23:11:05.330 26043 26121 I MuMain  : PERF_BUCKET objMove(cand=0 upd=0 def=0 n=0 m=0 f=0) objRender(cand=0 draw=0 cull=0 n=0 m=0 f=0 visDraw=0 visDef=0) charMove(cand=0 upd=0 def=0 n=0 m=0 f=0) charRender(cand=0 draw=0 def=0 cull=0 n=0 m=0 f=0)
04-26 23:11:05.330 26043 26121 I MuMain  : PERF_TERRAIN world=73 normal(block=0 tile=0) grass(block=0 tile=0) after(block=0 tile=0)
04-26 23:11:05.442   736   921 I HalDevMgr: bestIfaceCreationProposal is null, requestIface=STA, existingIface=[name=wlan0 type=STA]
04-26 23:11:05.449  1036  1141 I QuickAccessWalletTile: QAW service is unavailable, recreating the wallet client.
04-26 23:11:06.119 26043 26121 I MuMain  : ADAPT fx scale: fps=40.6 frameMs=24.62 1.00->0.90 target=0.90
04-26 23:11:06.377 26043 26121 I MuMain  : PERF fps=42.6 frameMs=23.50 phase(render=22.41 pad=0.04 present=0.99) renderLevel=4 fxScale=1.00 maxMsg=30 avg(draw=314 verts=88674 im=1984 vaD=0 vaC=0 qI=238 qE=0) max(draw=323 verts=90393)
04-26 23:11:06.378 26043 26121 I MuMain  : PERF_SCENE world=73 char(live=0 vis=0 ply=0 mon=0 npc=0 pet=0 prio=0 topMon=-1 x0) obj(live=375 vis=56 op=0 trap=0 topObj=129 x6)
04-26 23:11:06.378 26043 26121 I MuMain  : PERF_BUCKET objMove(cand=0 upd=0 def=0 n=0 m=0 f=0) objRender(cand=0 draw=0 cull=0 n=0 m=0 f=0 visDraw=0 visDef=0) charMove(cand=0 upd=0 def=0 n=0 m=0 f=0) charRender(cand=0 draw=0 def=0 cull=0 n=0 m=0 f=0)
04-26 23:11:06.378 26043 26121 I MuMain  : PERF_TERRAIN world=73 normal(block=0 tile=0) grass(block=0 tile=0) after(block=0 tile=0)
04-26 23:11:07.427 26043 26121 I MuMain  : ADAPT fx scale: fps=42.9 frameMs=23.31 1.00->0.90 target=0.90
04-26 23:11:07.427 26043 26121 I MuMain  : PERF fps=42.9 frameMs=23.31 phase(render=22.33 pad=0.02 present=0.89) renderLevel=4 fxScale=1.00 maxMsg=30 avg(draw=306 verts=92375 im=2005 vaD=0 vaC=0 qI=226 qE=0) max(draw=323 verts=92538)
04-26 23:11:07.427 26043 26121 I MuMain  : PERF_SCENE world=73 char(live=0 vis=0 ply=0 mon=0 npc=0 pet=0 prio=0 topMon=-1 x0) obj(live=375 vis=49 op=0 trap=0 topObj=129 x6)
04-26 23:11:07.427 26043 26121 I MuMain  : PERF_BUCKET objMove(cand=0 upd=0 def=0 n=0 m=0 f=0) objRender(cand=0 draw=0 cull=0 n=0 m=0 f=0 visDraw=0 visDef=0) charMove(cand=0 upd=0 def=0 n=0 m=0 f=0) charRender(cand=0 draw=0 def=0 cull=0 n=0 m=0 f=0)
04-26 23:11:07.427 26043 26121 I MuMain  : PERF_TERRAIN world=73 normal(block=0 tile=0) grass(block=0 tile=0) after(block=0 tile=0)
04-26 23:11:07.446  1366  1366 D BoundBrokerSvc: onUnbind: Intent { act=com.google.android.gms.libs.gmscorelogger.service.START dat=chimera-action:/... xflg=0x4 cmp=com.google.android.gms/.chimera.PersistentDirectBootAwareApiService }
04-26 23:11:08.256  1016  1016 I wpa_supplicant: wlan0: CTRL-EVENT-BEACON-LOSS 
04-26 23:11:08.448   736   954 I AdbWifiNetworkMonitor: Wi-Fi network available
04-26 23:11:08.448   736   954 I AdbWifiNetworkMonitor: Received the same Wi-Fi SSID. Ignoring.
04-26 23:11:08.455   736   931 W libbinder.IPCThreadState: Sending oneway calls to frozen process.
04-26 23:11:08.455   736   931 W libbinder.IPCThreadState: Sending oneway calls to frozen process.
04-26 23:11:08.455   736   931 W libbinder.IPCThreadState: Sending oneway calls to frozen process.
04-26 23:11:08.457 26043 26121 I MuMain  : PERF fps=43.9 frameMs=22.79 phase(render=21.40 pad=0.03 present=1.29) renderLevel=4 fxScale=1.00 maxMsg=30 avg(draw=291 verts=83192 im=2152 vaD=0 vaC=0 qI=221 qE=0) max(draw=300 verts=83565)
04-26 23:11:08.457 26043 26121 I MuMain  : PERF_SCENE world=73 char(live=0 vis=0 ply=0 mon=0 npc=0 pet=0 prio=0 topMon=-1 x0) obj(live=375 vis=85 op=0 trap=0 topObj=146 x8)
04-26 23:11:08.457 26043 26121 I MuMain  : PERF_BUCKET objMove(cand=0 upd=0 def=0 n=0 m=0 f=0) objRender(cand=0 draw=0 cull=0 n=0 m=0 f=0 visDraw=0 visDef=0) charMove(cand=0 upd=0 def=0 n=0 m=0 f=0) charRender(cand=0 draw=0 def=0 cull=0 n=0 m=0 f=0)
04-26 23:11:08.457 26043 26121 I MuMain  : PERF_TERRAIN world=73 normal(block=0 tile=0) grass(block=0 tile=0) after(block=0 tile=0)
04-26 23:11:08.459  1366  1761 I NullBinder: NullBinder for android.net.action.RECOMMEND_NETWORKS triggering remote TransactionTooLargeException due to Service without Chimera impl, calling uid: 1000, calling pid: 0
04-26 23:11:08.459  1366  1761 W libbinder.Binder: Large reply transaction of 1056768 bytes, interface descriptor , function: UNKNOWN_FUNCTION_NAME, code: 1, flags: 17
04-26 23:11:08.461   736   921 I HalDevMgr: bestIfaceCreationProposal is null, requestIface=STA, existingIface=[name=wlan0 type=STA]
04-26 23:11:08.722 26043 26121 I MuMain  : ADAPT fx scale: fps=45.2 frameMs=22.11 1.00->0.90 target=0.90
04-26 23:11:09.506 26043 26121 I MuMain  : PERF fps=42.5 frameMs=23.53 phase(render=22.48 pad=0.04 present=0.96) renderLevel=4 fxScale=1.00 maxMsg=30 avg(draw=320 verts=91749 im=1945 vaD=0 vaC=0 qI=239 qE=0) max(draw=328 verts=93186)
04-26 23:11:09.506 26043 26121 I MuMain  : PERF_SCENE world=73 char(live=0 vis=0 ply=0 mon=0 npc=0 pet=0 prio=0 topMon=-1 x0) obj(live=375 vis=112 op=0 trap=0 topObj=138 x11)
04-26 23:11:09.506 26043 26121 I MuMain  : PERF_BUCKET objMove(cand=0 upd=0 def=0 n=0 m=0 f=0) objRender(cand=0 draw=0 cull=0 n=0 m=0 f=0 visDraw=0 visDef=0) charMove(cand=0 upd=0 def=0 n=0 m=0 f=0) charRender(cand=0 draw=0 def=0 cull=0 n=0 m=0 f=0)
04-26 23:11:09.506 26043 26121 I MuMain  : PERF_TERRAIN world=73 normal(block=0 tile=0) grass(block=0 tile=0) after(block=0 tile=0)
04-26 23:11:09.932  1203  1331 D SatelliteController: isInCarrierRoamingNbIotNtn: satellite is disabled
04-26 23:11:09.932  1203  1331 D SatelliteController: getCarrierRoamingNtnConnectType: Checking connect type from PLMN config for subId: 1
04-26 23:11:09.932  1203  1331 D SatelliteController: getSatellitePerPlmnConfiguration: invalid subId or not supported via carrier.
04-26 23:11:09.932  1203  1331 D SatelliteController: getCarrierRoamingNtnConnectType: config: null
04-26 23:11:09.932  1203  1331 D SatelliteController: getCarrierRoamingNtnConnectType: Falling back to global carrier config connect type: 0
04-26 23:11:09.933  1203  1331 D SatelliteController: updateLastNotifiedCarrierRoamingNtnSignalStrengthAndNotify(1)
04-26 23:11:09.933  1203  1331 D SatelliteController: updateLastNotifiedCarrierRoamingNtnSignalStrengthAndNotify(1) lastNotifiedSignalStrength level: 0
04-26 23:11:09.933  1203  1331 D SatelliteController: updateLastNotifiedCarrierRoamingNtnSignalStrengthAndNotify(1) currSignalStrength level: 0
04-26 23:11:10.032 26043 26121 I MuMain  : ADAPT fx scale: fps=42.3 frameMs=23.66 1.00->0.90 target=0.90
04-26 23:11:10.570 26043 26121 I MuMain  : PERF fps=44.9 frameMs=22.28 phase(render=21.34 pad=0.02 present=0.86) renderLevel=4 fxScale=1.00 maxMsg=30 avg(draw=290 verts=87258 im=1860 vaD=0 vaC=0 qI=214 qE=0) max(draw=294 verts=88596)
04-26 23:11:10.570 26043 26121 I MuMain  : PERF_SCENE world=73 char(live=0 vis=0 ply=0 mon=0 npc=0 pet=0 prio=0 topMon=-1 x0) obj(live=375 vis=90 op=0 trap=0 topObj=79 x12)
04-26 23:11:10.570 26043 26121 I MuMain  : PERF_BUCKET objMove(cand=0 upd=0 def=0 n=0 m=0 f=0) objRender(cand=0 draw=0 cull=0 n=0 m=0 f=0 visDraw=0 visDef=0) charMove(cand=0 upd=0 def=0 n=0 m=0 f=0) charRender(cand=0 draw=0 def=0 cull=0 n=0 m=0 f=0)
04-26 23:11:10.570 26043 26121 I MuMain  : PERF_TERRAIN world=73 normal(block=0 tile=0) grass(block=0 tile=0) after(block=0 tile=0)
04-26 23:11:10.924   560   624 D AF::Track: interceptBuffer: took 914us to intercept 0 tracks
04-26 23:11:11.473   736   921 I HalDevMgr: bestIfaceCreationProposal is null, requestIface=STA, existingIface=[name=wlan0 type=STA]
04-26 23:11:11.552   736   748 I system_server: Background young concurrent mark compact GC freed 19MB AllocSpace bytes, 7(272KB) LOS objects, 34% free, 38MB/59MB, paused 3.452ms,56.332ms total 82.461ms
04-26 23:11:11.598 26043 26121 I MuMain  : PERF fps=53.9 frameMs=18.54 phase(render=17.54 pad=0.02 present=0.91) renderLevel=4 fxScale=1.00 maxMsg=30 avg(draw=223 verts=58713 im=1718 vaD=0 vaC=0 qI=168 qE=0) max(draw=233 verts=60612)
04-26 23:11:11.598 26043 26121 I MuMain  : PERF_SCENE world=73 char(live=0 vis=0 ply=0 mon=0 npc=0 pet=0 prio=0 topMon=-1 x0) obj(live=375 vis=81 op=0 trap=0 topObj=79 x13)
04-26 23:11:11.598 26043 26121 I MuMain  : PERF_BUCKET objMove(cand=0 upd=0 def=0 n=0 m=0 f=0) objRender(cand=0 draw=0 cull=0 n=0 m=0 f=0 visDraw=0 visDef=0) charMove(cand=0 upd=0 def=0 n=0 m=0 f=0) charRender(cand=0 draw=0 def=0 cull=0 n=0 m=0 f=0)
04-26 23:11:11.598 26043 26121 I MuMain  : PERF_TERRAIN world=73 normal(block=0 tile=0) grass(block=0 tile=0) after(block=0 tile=0)
04-26 23:11:12.631 26043 26121 I MuMain  : PERF fps=54.5 frameMs=18.35 phase(render=17.44 pad=0.02 present=0.82) renderLevel=4 fxScale=1.00 maxMsg=30 avg(draw=205 verts=67282 im=1610 vaD=0 vaC=0 qI=146 qE=0) max(draw=217 verts=68472)
04-26 23:11:12.631 26043 26121 I MuMain  : PERF_SCENE world=73 char(live=0 vis=0 ply=0 mon=0 npc=0 pet=0 prio=0 topMon=-1 x0) obj(live=375 vis=54 op=0 trap=0 topObj=20 x9)
04-26 23:11:12.631 26043 26121 I MuMain  : PERF_BUCKET objMove(cand=0 upd=0 def=0 n=0 m=0 f=0) objRender(cand=0 draw=0 cull=0 n=0 m=0 f=0 visDraw=0 visDef=0) charMove(cand=0 upd=0 def=0 n=0 m=0 f=0) charRender(cand=0 draw=0 def=0 cull=0 n=0 m=0 f=0)
04-26 23:11:12.631 26043 26121 I MuMain  : PERF_TERRAIN world=73 normal(block=0 tile=0) grass(block=0 tile=0) after(block=0 tile=0)
04-26 23:11:13.688 26043 26121 I MuMain  : ADAPT fx scale: fps=43.0 frameMs=23.27 1.00->0.90 target=0.90
04-26 23:11:13.688 26043 26121 I MuMain  : PERF fps=43.0 frameMs=23.27 phase(render=22.00 pad=0.06 present=1.12) renderLevel=4 fxScale=1.00 maxMsg=30 avg(draw=225 verts=74601 im=1643 vaD=0 vaC=0 qI=160 qE=0) max(draw=229 verts=75078)
04-26 23:11:13.690 26043 26121 I MuMain  : PERF_SCENE world=73 char(live=0 vis=0 ply=0 mon=0 npc=0 pet=0 prio=0 topMon=-1 x0) obj(live=375 vis=43 op=0 trap=0 topObj=79 x7)
04-26 23:11:13.690 26043 26121 I MuMain  : PERF_BUCKET objMove(cand=0 upd=0 def=0 n=0 m=0 f=0) objRender(cand=0 draw=0 cull=0 n=0 m=0 f=0 visDraw=0 visDef=0) charMove(cand=0 upd=0 def=0 n=0 m=0 f=0) charRender(cand=0 draw=0 def=0 cull=0 n=0 m=0 f=0)
04-26 23:11:13.690 26043 26121 I MuMain  : PERF_TERRAIN world=73 normal(block=0 tile=0) grass(block=0 tile=0) after(block=0 tile=0)
04-26 23:11:13.838  2780  2783 I artd    : GetBestInfo: odex next to the dex file (/data/app/~~PqdBwR9WSFUNw4iaJMgoGg==/com.google.android.gms-95Dc1VeYXyONiCBDqz_lkA==/oat/x86_64/base.odex) is kOatUpToDate with filter 'speed-profile' executable 'false'
04-26 23:11:13.841  2780  2783 I artd    : GetBestInfo: dm (/data/app/~~PqdBwR9WSFUNw4iaJMgoGg==/com.google.android.gms-95Dc1VeYXyONiCBDqz_lkA==/split_AdsDynamite_installtime.dm) is kOatUpToDate with filter 'verify' executable 'false'
04-26 23:11:13.845  2780  2783 I artd    : GetBestInfo: dm (/data/app/~~PqdBwR9WSFUNw4iaJMgoGg==/com.google.android.gms-95Dc1VeYXyONiCBDqz_lkA==/split_CronetDynamite_installtime.dm) is kOatUpToDate with filter 'verify' executable 'false'
04-26 23:11:13.848  2780  2783 I artd    : GetBestInfo: dm (/data/app/~~PqdBwR9WSFUNw4iaJMgoGg==/com.google.android.gms-95Dc1VeYXyONiCBDqz_lkA==/split_DynamiteLoader_installtime.dm) is kOatUpToDate with filter 'verify' executable 'false'
04-26 23:11:13.852  2780  2783 I artd    : GetBestInfo: dm (/data/app/~~PqdBwR9WSFUNw4iaJMgoGg==/com.google.android.gms-95Dc1VeYXyONiCBDqz_lkA==/split_DynamiteModulesA_installtime.dm) is kOatUpToDate with filter 'verify' executable 'false'
04-26 23:11:13.855  2780  2783 I artd    : GetBestInfo: dm (/data/app/~~PqdBwR9WSFUNw4iaJMgoGg==/com.google.android.gms-95Dc1VeYXyONiCBDqz_lkA==/split_DynamiteModulesC_installtime.dm) is kOatUpToDate with filter 'verify' executable 'false'
04-26 23:11:13.857  2780  2783 I artd    : GetBestInfo: dm (/data/app/~~PqdBwR9WSFUNw4iaJMgoGg==/com.google.android.gms-95Dc1VeYXyONiCBDqz_lkA==/split_GoogleCertificates_installtime.dm) is kOatUpToDate with filter 'verify' executable 'false'
04-26 23:11:13.861  2780  2783 I artd    : GetBestInfo: dm (/data/app/~~PqdBwR9WSFUNw4iaJMgoGg==/com.google.android.gms-95Dc1VeYXyONiCBDqz_lkA==/split_MapsDynamite_installtime.dm) is kOatUpToDate with filter 'verify' executable 'false'
04-26 23:11:13.863  2780  2783 I artd    : GetBestInfo: dm (/data/app/~~PqdBwR9WSFUNw4iaJMgoGg==/com.google.android.gms-95Dc1VeYXyONiCBDqz_lkA==/split_MeasurementDynamite_installtime.dm) is kOatUpToDate with filter 'verify' executable 'false'
04-26 23:11:13.865  2780  2783 I artd    : GetBestInfo: dm (/data/app/~~PqdBwR9WSFUNw4iaJMgoGg==/com.google.android.gms-95Dc1VeYXyONiCBDqz_lkA==/split_all_locale_splits.dm) is kOatUpToDate with filter 'verify' executable 'false'
04-26 23:11:13.867  2780  2783 I artd    : GetBestInfo: /data/user_de/0/com.google.android.gms/app_chimera/m/0000000a/dl-TfliteDynamiteDynamite.integ_252130102100800.apk has no usable artifacts
04-26 23:11:13.868  2780  2783 I artd    : GetBestInfo: /data/user_de/0/com.google.android.gms/app_chimera/m/00000001/CronetDynamite.apk has no usable artifacts
04-26 23:11:13.871  2780  2783 I artd    : GetBestInfo: /data/user_de/0/com.google.android.gms/app_chimera/m/00000016/dl-MlkitOcrCommon.optional_261332100800.apk has no usable artifacts
04-26 23:11:13.872  2780  2783 I artd    : GetBestInfo: /data/user_de/0/com.google.android.gms/app_chimera/m/00000002/DynamiteLoader.apk has no usable artifacts
04-26 23:11:13.875  2780  2783 I artd    : GetBestInfo: /data/user_de/0/com.google.android.gms/app_chimera/m/0000000e/dl-MlkitBarcodeUi.optional_260235100800.apk has no usable artifacts
04-26 23:11:13.878  2780  2783 I artd    : GetBestInfo: /data/user_de/0/com.google.android.gms/app_chimera/m/00000013/dl-Appsearch.optional_261332100800.apk has no usable artifacts
04-26 23:11:13.879  2780  2783 I artd    : GetBestInfo: /data/user_de/0/com.google.android.gms/app_chimera/m/00000005/GoogleCertificates.apk has no usable artifacts
04-26 23:11:13.881  2780  2783 I artd    : GetBestInfo: /data/user_de/0/com.google.android.gms/app_chimera/m/00000012/dl-PlayCloudSearch.optional_261332100000.apk has no usable artifacts
04-26 23:11:13.883  2780  2783 I artd    : GetBestInfo: vdex next to the dex file (/data/user/0/com.google.android.gms/app_dg_cache/B3ED91DEC21F0EB5284BE10D982ABEAAC45F5C48/oat/x86_64/the.vdex) is kOatUpToDate with filter 'verify' executable 'false'
04-26 23:11:13.886  2780  2783 I artd    : GetBestInfo: /data/user_de/0/com.google.android.gms/app_chimera/m/0000000f/dl-PlayCloudSearch.optional_260235100000.apk has no usable artifacts
04-26 23:11:13.889  2780  2783 I artd    : GetBestInfo: /data/user_de/0/com.google.android.gms/app_chimera/m/00000008/dl-VisionOcr.optional_260235100000.apk has no usable artifacts
04-26 23:11:13.891  2780  2783 I artd    : GetBestInfo: /data/user_de/0/com.google.android.gms/app_chimera/m/0000000b/dl-Appsearch.optional_260235100800.apk has no usable artifacts
04-26 23:11:13.894  2780  2783 I artd    : GetBestInfo: /data/user_de/0/com.google.android.gms/app_chimera/m/00000011/dl-VisionOcr.optional_261332100000.apk has no usable artifacts
04-26 23:11:13.896  2780  2783 I artd    : GetBestInfo: /data/user_de/0/com.google.android.gms/app_chimera/m/00000015/dl-MlkitBarcodeUi.optional_261332100800.apk has no usable artifacts
04-26 23:11:13.898  2780  2783 I artd    : GetBestInfo: /data/user_de/0/com.google.android.gms/app_chimera/m/00000009/dl-MlkitOcrCommon.optional_260235100800.apk has no usable artifacts
04-26 23:11:13.902  2780  2783 I artd    : GetBestInfo: vdex next to the dex file (/data/user/0/com.google.android.gms/app_dg_cache/CE973E4DE823F0AA69070767A9FABB590DDD455C/oat/x86_64/the.vdex) is kOatUpToDate with filter 'verify' executable 'false'
04-26 23:11:13.902  2780  2783 I artd    : GetBestInfo: /data/user_de/0/com.google.android.gms/app_chimera/m/00000007/MeasurementDynamite.apk has no usable artifacts
04-26 23:11:14.482   736   921 I HalDevMgr: bestIfaceCreationProposal is null, requestIface=STA, existingIface=[name=wlan0 type=STA]
04-26 23:11:14.753 26043 26121 I MuMain  : PERF fps=40.0 frameMs=25.01 phase(render=24.03 pad=0.02 present=0.89) renderLevel=4 fxScale=1.00 maxMsg=30 avg(draw=351 verts=63198 im=1596 vaD=0 vaC=0 qI=161 qE=0) max(draw=357 verts=64323)
04-26 23:11:14.754 26043 26121 I MuMain  : PERF_SCENE world=73 char(live=0 vis=0 ply=0 mon=0 npc=0 pet=0 prio=0 topMon=-1 x0) obj(live=375 vis=145 op=0 trap=0 topObj=79 x27)
04-26 23:11:14.754 26043 26121 I MuMain  : PERF_BUCKET objMove(cand=0 upd=0 def=0 n=0 m=0 f=0) objRender(cand=0 draw=0 cull=0 n=0 m=0 f=0 visDraw=0 visDef=0) charMove(cand=0 upd=0 def=0 n=0 m=0 f=0) charRender(cand=0 draw=0 def=0 cull=0 n=0 m=0 f=0)
04-26 23:11:14.754 26043 26121 I MuMain  : PERF_TERRAIN world=73 normal(block=0 tile=0) grass(block=0 tile=0) after(block=0 tile=0)
04-26 23:11:15.024 26043 26121 I MuMain  : ADAPT fx scale: fps=40.6 frameMs=24.63 1.00->0.90 target=0.90
04-26 23:11:15.791 26043 26121 I MuMain  : PERF fps=38.4 frameMs=26.05 phase(render=25.22 pad=0.02 present=0.75) renderLevel=4 fxScale=1.00 maxMsg=30 avg(draw=379 verts=59274 im=1462 vaD=0 vaC=0 qI=189 qE=0) max(draw=385 verts=59646)
04-26 23:11:15.791 26043 26121 I MuMain  : PERF_SCENE world=73 char(live=0 vis=0 ply=0 mon=0 npc=0 pet=0 prio=0 topMon=-1 x0) obj(live=375 vis=165 op=0 trap=0 topObj=146 x15)
04-26 23:11:15.791 26043 26121 I MuMain  : PERF_BUCKET objMove(cand=0 upd=0 def=0 n=0 m=0 f=0) objRender(cand=0 draw=0 cull=0 n=0 m=0 f=0 visDraw=0 visDef=0) charMove(cand=0 upd=0 def=0 n=0 m=0 f=0) charRender(cand=0 draw=0 def=0 cull=0 n=0 m=0 f=0)
04-26 23:11:15.791 26043 26121 I MuMain  : PERF_TERRAIN world=73 normal(block=0 tile=0) grass(block=0 tile=0) after(block=0 tile=0)
04-26 23:11:16.315 26043 26121 I MuMain  : ADAPT fx scale: fps=36.9 frameMs=27.10 1.00->0.90 target=0.90
04-26 23:11:16.445  1016  1016 I wpa_supplicant: wlan0: CTRL-EVENT-BEACON-LOSS 
04-26 23:11:16.824 26043 26121 I MuMain  : PERF fps=31.0 frameMs=32.29 phase(render=31.32 pad=0.02 present=0.88) renderLevel=4 fxScale=1.00 maxMsg=30 avg(draw=475 verts=62647 im=1526 vaD=0 vaC=0 qI=229 qE=0) max(draw=518 verts=65640)
04-26 23:11:16.824 26043 26121 I MuMain  : PERF_SCENE world=73 char(live=0 vis=0 ply=0 mon=0 npc=0 pet=0 prio=0 topMon=-1 x0) obj(live=375 vis=186 op=0 trap=0 topObj=155 x21)
04-26 23:11:16.824 26043 26121 I MuMain  : PERF_BUCKET objMove(cand=0 upd=0 def=0 n=0 m=0 f=0) objRender(cand=0 draw=0 cull=0 n=0 m=0 f=0 visDraw=0 visDef=0) charMove(cand=0 upd=0 def=0 n=0 m=0 f=0) charRender(cand=0 draw=0 def=0 cull=0 n=0 m=0 f=0)
04-26 23:11:16.824 26043 26121 I MuMain  : PERF_TERRAIN world=73 normal(block=0 tile=0) grass(block=0 tile=0) after(block=0 tile=0)
04-26 23:11:17.489   736   954 I AdbWifiNetworkMonitor: Wi-Fi network available
04-26 23:11:17.489   736   954 I AdbWifiNetworkMonitor: Received the same Wi-Fi SSID. Ignoring.
04-26 23:11:17.495   736   921 I HalDevMgr: bestIfaceCreationProposal is null, requestIface=STA, existingIface=[name=wlan0 type=STA]
04-26 23:11:17.499  1366  1761 I NullBinder: NullBinder for android.net.action.RECOMMEND_NETWORKS triggering remote TransactionTooLargeException due to Service without Chimera impl, calling uid: 1000, calling pid: 0
04-26 23:11:17.500  1366  1761 W libbinder.Binder: Large reply transaction of 1056768 bytes, interface descriptor , function: UNKNOWN_FUNCTION_NAME, code: 1, flags: 17
04-26 23:11:17.505   736   931 W libbinder.IPCThreadState: Sending oneway calls to frozen process.
04-26 23:11:17.505   736   931 W libbinder.IPCThreadState: Sending oneway calls to frozen process.
04-26 23:11:17.506   736   931 W libbinder.IPCThreadState: Sending oneway calls to frozen process.
04-26 23:11:17.620 26043 26121 I MuMain  : ADAPT fx scale: fps=30.0 frameMs=33.31 1.00->0.90 target=0.80
04-26 23:11:17.885 26043 26121 I MuMain  : PERF fps=30.2 frameMs=33.13 phase(render=32.29 pad=0.02 present=0.68) renderLevel=4 fxScale=1.00 maxMsg=30 avg(draw=522 verts=44190 im=1593 vaD=0 vaC=0 qI=182 qE=0) max(draw=530 verts=44820)
04-26 23:11:17.886 26043 26121 I MuMain  : PERF_SCENE world=73 char(live=0 vis=0 ply=0 mon=0 npc=0 pet=0 prio=0 topMon=-1 x0) obj(live=375 vis=160 op=0 trap=0 topObj=155 x20)
04-26 23:11:17.886 26043 26121 I MuMain  : PERF_BUCKET objMove(cand=0 upd=0 def=0 n=0 m=0 f=0) objRender(cand=0 draw=0 cull=0 n=0 m=0 f=0 visDraw=0 visDef=0) charMove(cand=0 upd=0 def=0 n=0 m=0 f=0) charRender(cand=0 draw=0 def=0 cull=0 n=0 m=0 f=0)
04-26 23:11:17.886 26043 26121 I MuMain  : PERF_TERRAIN world=73 normal(block=0 tile=0) grass(block=0 tile=0) after(block=0 tile=0)
04-26 23:11:18.956 26043 26121 I MuMain  : ADAPT fx scale: fps=24.5 frameMs=40.74 1.00->0.90 target=0.65
04-26 23:11:18.956 26043 26121 I MuMain  : PERF fps=24.5 frameMs=40.74 phase(render=39.92 pad=0.02 present=0.73) renderLevel=4 fxScale=1.00 maxMsg=30 avg(draw=648 verts=42413 im=1704 vaD=0 vaC=0 qI=161 qE=0) max(draw=661 verts=44886)
04-26 23:11:18.956 26043 26121 I MuMain  : PERF_SCENE world=73 char(live=0 vis=0 ply=0 mon=0 npc=0 pet=0 prio=0 topMon=-1 x0) obj(live=375 vis=183 op=0 trap=0 topObj=79 x24)
04-26 23:11:18.956 26043 26121 I MuMain  : PERF_BUCKET objMove(cand=0 upd=0 def=0 n=0 m=0 f=0) objRender(cand=0 draw=0 cull=0 n=0 m=0 f=0 visDraw=0 visDef=0) charMove(cand=0 upd=0 def=0 n=0 m=0 f=0) charRender(cand=0 draw=0 def=0 cull=0 n=0 m=0 f=0)
04-26 23:11:18.956 26043 26121 I MuMain  : PERF_TERRAIN world=73 normal(block=0 tile=0) grass(block=0 tile=0) after(block=0 tile=0)
04-26 23:11:19.932  1203  1331 D SatelliteController: isInCarrierRoamingNbIotNtn: satellite is disabled
04-26 23:11:19.932  1203  1331 D SatelliteController: getCarrierRoamingNtnConnectType: Checking connect type from PLMN config for subId: 1
04-26 23:11:19.932  1203  1331 D SatelliteController: getSatellitePerPlmnConfiguration: invalid subId or not supported via carrier.
04-26 23:11:19.932  1203  1331 D SatelliteController: getCarrierRoamingNtnConnectType: config: null
04-26 23:11:19.933  1203  1331 D SatelliteController: getCarrierRoamingNtnConnectType: Falling back to global carrier config connect type: 0
04-26 23:11:19.933  1203  1331 D SatelliteController: updateLastNotifiedCarrierRoamingNtnSignalStrengthAndNotify(1)
04-26 23:11:19.933  1203  1331 D SatelliteController: updateLastNotifiedCarrierRoamingNtnSignalStrengthAndNotify(1) lastNotifiedSignalStrength level: 0
04-26 23:11:19.933  1203  1331 D SatelliteController: updateLastNotifiedCarrierRoamingNtnSignalStrengthAndNotify(1) currSignalStrength level: 0
04-26 23:11:20.076 26043 26121 I MuMain  : PERF fps=24.5 frameMs=40.85 phase(render=39.97 pad=0.02 present=0.80) renderLevel=4 fxScale=1.00 maxMsg=30 avg(draw=672 verts=51778 im=1640 vaD=0 vaC=0 qI=66 qE=0) max(draw=690 verts=52203)
04-26 23:11:20.076 26043 26121 I MuMain  : PERF_SCENE world=73 char(live=0 vis=0 ply=0 mon=0 npc=0 pet=0 prio=0 topMon=-1 x0) obj(live=375 vis=172 op=0 trap=0 topObj=77 x17)
04-26 23:11:20.076 26043 26121 I MuMain  : PERF_BUCKET objMove(cand=0 upd=0 def=0 n=0 m=0 f=0) objRender(cand=0 draw=0 cull=0 n=0 m=0 f=0 visDraw=0 visDef=0) charMove(cand=0 upd=0 def=0 n=0 m=0 f=0) charRender(cand=0 draw=0 def=0 cull=0 n=0 m=0 f=0)
04-26 23:11:20.076 26043 26121 I MuMain  : PERF_TERRAIN world=73 normal(block=0 tile=0) grass(block=0 tile=0) after(block=0 tile=0)
04-26 23:11:20.363 26043 26121 I MuMain  : ADAPT fx scale: fps=24.4 frameMs=41.02 1.00->0.90 target=0.65
04-26 23:11:20.510   736   921 I HalDevMgr: bestIfaceCreationProposal is null, requestIface=STA, existingIface=[name=wlan0 type=STA]
04-26 23:11:21.174 26043 26121 I MuMain  : PERF fps=23.1 frameMs=43.35 phase(render=42.64 pad=0.02 present=0.62) renderLevel=4 fxScale=1.00 maxMsg=30 avg(draw=724 verts=55801 im=1567 vaD=0 vaC=0 qI=30 qE=0) max(draw=743 verts=57474)
04-26 23:11:21.174 26043 26121 I MuMain  : PERF_SCENE world=73 char(live=0 vis=0 ply=0 mon=0 npc=0 pet=0 prio=0 topMon=-1 x0) obj(live=375 vis=125 op=0 trap=0 topObj=77 x14)
04-26 23:11:21.174 26043 26121 I MuMain  : PERF_BUCKET objMove(cand=0 upd=0 def=0 n=0 m=0 f=0) objRender(cand=0 draw=0 cull=0 n=0 m=0 f=0 visDraw=0 visDef=0) charMove(cand=0 upd=0 def=0 n=0 m=0 f=0) charRender(cand=0 draw=0 def=0 cull=0 n=0 m=0 f=0)
04-26 23:11:21.174 26043 26121 I MuMain  : PERF_TERRAIN world=73 normal(block=0 tile=0) grass(block=0 tile=0) after(block=0 tile=0)
04-26 23:11:21.705 26043 26121 I MuMain  : ADAPT fx scale: fps=25.0 frameMs=40.03 1.00->0.90 target=0.65
04-26 23:11:22.225 26043 26121 I MuMain  : PERF fps=27.4 frameMs=36.52 phase(render=35.71 pad=0.03 present=0.73) renderLevel=4 fxScale=1.00 maxMsg=30 avg(draw=584 verts=54209 im=1234 vaD=0 vaC=0 qI=4 qE=0) max(draw=595 verts=55413)
04-26 23:11:22.225 26043 26121 I MuMain  : PERF_SCENE world=73 char(live=0 vis=0 ply=0 mon=0 npc=0 pet=0 prio=0 topMon=-1 x0) obj(live=375 vis=100 op=0 trap=0 topObj=77 x10)
04-26 23:11:22.225 26043 26121 I MuMain  : PERF_BUCKET objMove(cand=0 upd=0 def=0 n=0 m=0 f=0) objRender(cand=0 draw=0 cull=0 n=0 m=0 f=0 visDraw=0 visDef=0) charMove(cand=0 upd=0 def=0 n=0 m=0 f=0) charRender(cand=0 draw=0 def=0 cull=0 n=0 m=0 f=0)
04-26 23:11:22.225 26043 26121 I MuMain  : PERF_TERRAIN world=73 normal(block=0 tile=0) grass(block=0 tile=0) after(block=0 tile=0)
04-26 23:11:23.041 26043 26121 I MuMain  : ADAPT fx scale: fps=27.3 frameMs=36.68 1.00->0.90 target=0.80
04-26 23:11:23.302 26043 26121 I MuMain  : PERF fps=26.8 frameMs=37.25 phase(render=36.42 pad=0.02 present=0.73) renderLevel=4 fxScale=1.00 maxMsg=30 avg(draw=547 verts=59725 im=1026 vaD=0 vaC=0 qI=93 qE=0) max(draw=558 verts=63573)
04-26 23:11:23.302 26043 26121 I MuMain  : PERF_SCENE world=73 char(live=0 vis=0 ply=0 mon=0 npc=0 pet=0 prio=0 topMon=-1 x0) obj(live=375 vis=59 op=0 trap=0 topObj=56 x8)
04-26 23:11:23.302 26043 26121 I MuMain  : PERF_BUCKET objMove(cand=0 upd=0 def=0 n=0 m=0 f=0) objRender(cand=0 draw=0 cull=0 n=0 m=0 f=0 visDraw=0 visDef=0) charMove(cand=0 upd=0 def=0 n=0 m=0 f=0) charRender(cand=0 draw=0 def=0 cull=0 n=0 m=0 f=0)
04-26 23:11:23.302 26043 26121 I MuMain  : PERF_TERRAIN world=73 normal(block=0 tile=0) grass(block=0 tile=0) after(block=0 tile=0)
04-26 23:11:23.519   736   921 I HalDevMgr: bestIfaceCreationProposal is null, requestIface=STA, existingIface=[name=wlan0 type=STA]
04-26 23:11:23.832  2780  2783 I artd    : GetBestInfo: odex next to the dex file (/data/app/~~PqdBwR9WSFUNw4iaJMgoGg==/com.google.android.gms-95Dc1VeYXyONiCBDqz_lkA==/oat/x86_64/base.odex) is kOatUpToDate with filter 'speed-profile' executable 'false'
04-26 23:11:23.835  2780  2783 I artd    : GetBestInfo: dm (/data/app/~~PqdBwR9WSFUNw4iaJMgoGg==/com.google.android.gms-95Dc1VeYXyONiCBDqz_lkA==/split_AdsDynamite_installtime.dm) is kOatUpToDate with filter 'verify' executable 'false'
04-26 23:11:23.837  2780  2783 I artd    : GetBestInfo: dm (/data/app/~~PqdBwR9WSFUNw4iaJMgoGg==/com.google.android.gms-95Dc1VeYXyONiCBDqz_lkA==/split_CronetDynamite_installtime.dm) is kOatUpToDate with filter 'verify' executable 'false'
