--------- beginning of main
04-26 20:29:31.954  1203  1203 W VvmPkgInstalledRcvr: carrierVvmPkgAdded: carrier vvm packages doesn't contain com.muonline.client
04-26 20:29:31.958  4164  4164 I Finsky  : [2] SCH: Received scheduling request: Id: 12-1, Constraints: [{ L: 15000, D: 86400000, C: CHARGING_NONE, I: IDLE_NONE, N: NET_ANY, B: BATTERY_ANY }]
04-26 20:29:31.961  4276  4276 I Finsky:background: [2] ajje - Received: android.intent.action.PACKAGE_ADDED, [n076RJLEETmEZ61FBJHrGFwh-0szukPG_iaeB-mhrwQ]
--------- beginning of system
04-26 20:29:31.974   736   736 V AccessibilityUserState: updateShortcutTargets: type:accessibility_shortcut_target_service, current:{}, new:{}
04-26 20:29:31.974   736   736 V AccessibilityUserState: updateShortcutTargets: type:accessibility_button_targets, current:{}, new:{}
04-26 20:29:31.975   736   736 V AccessibilityUserState: updateShortcutTargets: type:accessibility_gesture_targets, current:{}, new:{}
04-26 20:29:31.975   736   736 V AccessibilityUserState: updateShortcutTargets: type:accessibility_qs_targets, current:{}, new:{}
04-26 20:29:31.975   736   736 V AccessibilityUserState: updateShortcutTargets: type:accessibility_key_gesture_targets, current:{}, new:{}
04-26 20:29:31.975   736   736 V AccessibilityUserState: updateShortcutTargets: type:accessibility_top_row_key_targets, current:{}, new:{}
04-26 20:29:31.975   736   736 V AccessibilityUserState: updateShortcutTargets: type:accessibility_quick_access_targets, current:{}, new:{}
04-26 20:29:31.975   736   736 W MagnificationConnectionManager: requestConnection duplicated request: connect=false, mConnectionState=DISCONNECTED
04-26 20:29:31.977   736   736 W libbinder.IPCThreadState: Sending oneway calls to frozen process.
04-26 20:29:31.977   736   736 W libbinder.IPCThreadState: Sending oneway calls to frozen process.
04-26 20:29:31.977   736   736 W libbinder.IPCThreadState: Sending oneway calls to frozen process.
04-26 20:29:31.978   736   736 W libbinder.IPCThreadState: Sending oneway calls to frozen process.
04-26 20:29:31.981  1203  1203 D SatelliteController: packageStateChanged: package:com.muonline.client defaultSmsPackageName: com.google.android.apps.messaging satelliteGatewayServicePackageName: 
04-26 20:29:31.981   736   736 V AccessibilityManagerService: onUserStateChangedLocked for userId: 0, forceUpdate: false
04-26 20:29:31.982   736   736 V AccessibilityUserState: updateShortcutTargets: type:accessibility_shortcut_target_service, current:{}, new:{}
04-26 20:29:31.984   736   736 V AccessibilityUserState: updateShortcutTargets: type:accessibility_button_targets, current:{}, new:{}
04-26 20:29:31.984   736   736 V AccessibilityUserState: updateShortcutTargets: type:accessibility_gesture_targets, current:{}, new:{}
04-26 20:29:31.984   736   736 V AccessibilityUserState: updateShortcutTargets: type:accessibility_qs_targets, current:{}, new:{}
04-26 20:29:31.984   736   736 V AccessibilityUserState: updateShortcutTargets: type:accessibility_key_gesture_targets, current:{}, new:{}
04-26 20:29:31.984   736   736 V AccessibilityUserState: updateShortcutTargets: type:accessibility_top_row_key_targets, current:{}, new:{}
04-26 20:29:31.985   736   736 V AccessibilityUserState: updateShortcutTargets: type:accessibility_quick_access_targets, current:{}, new:{}
04-26 20:29:31.985   736   736 W MagnificationConnectionManager: requestConnection duplicated request: connect=false, mConnectionState=DISCONNECTED
04-26 20:29:31.986  1219  1219 V BaseDepthController: Applying blur: 0 to Surface(name=VRI-com.google.android.apps.nexuslauncher/com.google.android.apps.nexuslauncher.NexusLauncherActivity#1494)/@0xd45637f applyImmediately: false
04-26 20:29:31.986  1219  1219 D BaseDepthController: shouldBlurWorkspace: false targetState: Normal currentStableState: Normal mCurrentBlur: 0 mLauncher.getDepthBlurTargets(): [com.android.launcher3.Workspace{573bc60 V.ED..... ........ 0,0-1080,2400 #7f0a047d app:id/workspace}, com.android.launcher3.Hotseat{7eca519 V.ED..... ........ 0,1905-1080,2400 #7f0a01f1 app:id/hotseat}]
04-26 20:29:31.987   736   736 W libbinder.IPCThreadState: Sending oneway calls to frozen process.
04-26 20:29:31.990   736  1410 W ApplicationInfo: Large ApplicationInfo parcel: size=17540 package=com.google.android.googlequicksearchbox sharedLibs=3 resDirs=2 overlayPaths=2
04-26 20:29:31.990   736  2221 I ImeTracker: system_server:52d4b4d1: onRequestHide at ORIGIN_SERVER reason IME_REQUESTED_CHANGED_LISTENER fromUser false displayId 0
04-26 20:29:31.991   736   762 I ImeTracker: system_server:52d4b4d1: onCancelled at PHASE_SERVER_SHOULD_HIDE
04-26 20:29:31.990   736   736 W libbinder.IPCThreadState: Sending oneway calls to frozen process.
04-26 20:29:31.993   736   736 W libbinder.IPCThreadState: Sending oneway calls to frozen process.
04-26 20:29:31.995   736   736 W libbinder.IPCThreadState: Sending oneway calls to frozen process.
04-26 20:29:31.998   736  1095 W ApplicationInfo: Large ApplicationInfo parcel: size=17540 package=com.google.android.googlequicksearchbox sharedLibs=3 resDirs=2 overlayPaths=2
04-26 20:29:31.998   566   616 W skia    : AGTM parsing failed flags.readFromStream(s) at 159
04-26 20:29:31.999   566   616 W skia    : AGTM parsing failed flags.readFromStream(s) at 159
04-26 20:29:32.002   736   736 W libbinder.IPCThreadState: Sending oneway calls to frozen process.
04-26 20:29:32.002  1219  1219 V BaseDepthController: Applying blur: 0 to Surface(name=VRI-com.google.android.apps.nexuslauncher/com.google.android.apps.nexuslauncher.NexusLauncherActivity#1494)/@0xd45637f applyImmediately: false
04-26 20:29:32.002   736   736 W libbinder.IPCThreadState: Sending oneway calls to frozen process.
04-26 20:29:32.002   736   736 W libbinder.IPCThreadState: Sending oneway calls to frozen process.
04-26 20:29:32.002  1219  1219 D BaseDepthController: shouldBlurWorkspace: false targetState: Normal currentStableState: Normal mCurrentBlur: 0 mLauncher.getDepthBlurTargets(): [com.android.launcher3.Workspace{573bc60 V.ED..... ........ 0,0-1080,2400 #7f0a047d app:id/workspace}, com.android.launcher3.Hotseat{7eca519 V.ED..... ........ 0,1905-1080,2400 #7f0a01f1 app:id/hotseat}]
04-26 20:29:32.003   736   736 W libbinder.IPCThreadState: Sending oneway calls to frozen process.
04-26 20:29:32.004  1036  1044 W System  : A resource failed to call release. 
04-26 20:29:32.005  1036  1044 W System  : A resource failed to call release. 
04-26 20:29:32.005  1036  1044 W System  : A resource failed to call release. 
04-26 20:29:32.005  1036  1044 W System  : A resource failed to call release. 
04-26 20:29:32.005  1036  1044 W System  : A resource failed to call release. 
04-26 20:29:32.005  1036  1044 W System  : A resource failed to call release. 
04-26 20:29:32.005  1036  1044 W System  : A resource failed to call release. 
04-26 20:29:32.013  1203  1203 D CarrierSvcBindHelper: onHandleForceStop: [com.muonline.client]
04-26 20:29:32.014  1203  1203 D CarrierSvcBindHelper: No carrier app for: 0
04-26 20:29:32.034   736   736 W libbinder.IPCThreadState: Sending oneway calls to frozen process.
04-26 20:29:32.035   736   736 W libbinder.IPCThreadState: Sending oneway calls to frozen process.
04-26 20:29:32.035   736   736 W libbinder.IPCThreadState: Sending oneway calls to frozen process.
04-26 20:29:32.036   736   736 W libbinder.IPCThreadState: Sending oneway calls to frozen process.
04-26 20:29:32.036  1219  1219 V BaseDepthController: Applying blur: 0 to Surface(name=VRI-com.google.android.apps.nexuslauncher/com.google.android.apps.nexuslauncher.NexusLauncherActivity#1494)/@0xd45637f applyImmediately: false
04-26 20:29:32.036  1219  1219 D BaseDepthController: shouldBlurWorkspace: false targetState: Normal currentStableState: Normal mCurrentBlur: 0 mLauncher.getDepthBlurTargets(): [com.android.launcher3.Workspace{573bc60 V.ED..... ........ 0,0-1080,2400 #7f0a047d app:id/workspace}, com.android.launcher3.Hotseat{7eca519 V.ED..... ........ 0,1905-1080,2400 #7f0a01f1 app:id/hotseat}]
04-26 20:29:32.038   736  5314 E RoleControllerServiceImpl: Default/fallback role holder package doesn't qualify for the role, package: com.google.android.gms, role: android.app.role.WALLET, user: 0
04-26 20:29:32.052  4276 18852 I Finsky:background: [213] Wrote row to frosting DB: 3214
04-26 20:29:32.052  1219  1219 V BaseDepthController: Applying blur: 0 to Surface(name=VRI-com.google.android.apps.nexuslauncher/com.google.android.apps.nexuslauncher.NexusLauncherActivity#1494)/@0xd45637f applyImmediately: false
04-26 20:29:32.053  1219  1219 D BaseDepthController: shouldBlurWorkspace: false targetState: Normal currentStableState: Normal mCurrentBlur: 0 mLauncher.getDepthBlurTargets(): [com.android.launcher3.Workspace{573bc60 V.ED..... ........ 0,0-1080,2400 #7f0a047d app:id/workspace}, com.android.launcher3.Hotseat{7eca519 V.ED..... ........ 0,1905-1080,2400 #7f0a01f1 app:id/hotseat}]
04-26 20:29:32.054   736  5314 W SignedPackage: Cannot get ApplicationInfo for package: com.google.android.devicelockcontroller
04-26 20:29:32.056   736   736 W Looper  : Drained
04-26 20:29:32.059  4276  4315 I Finsky:background: [56] IQ:PSL: skipping onPackageRemoved(replacing=true) for untracked package=com.muonline.client
04-26 20:29:32.063  4276  4276 I Finsky:background: [2] ajje - Received: android.intent.action.PACKAGE_ADDED, [n076RJLEETmEZ61FBJHrGFwh-0szukPG_iaeB-mhrwQ]
04-26 20:29:32.071  1219  1219 V BaseDepthController: Applying blur: 0 to Surface(name=VRI-com.google.android.apps.nexuslauncher/com.google.android.apps.nexuslauncher.NexusLauncherActivity#1494)/@0xd45637f applyImmediately: false
04-26 20:29:32.071  1219  1219 D BaseDepthController: shouldBlurWorkspace: false targetState: Normal currentStableState: Normal mCurrentBlur: 0 mLauncher.getDepthBlurTargets(): [com.android.launcher3.Workspace{573bc60 V.ED..... ........ 0,0-1080,2400 #7f0a047d app:id/workspace}, com.android.launcher3.Hotseat{7eca519 V.ED..... ........ 0,1905-1080,2400 #7f0a01f1 app:id/hotseat}]
04-26 20:29:32.071 14925 18877 I AppBackupPkgRemovedIO: Backup state cleanup on uninstall is disabled. [CONTEXT service_id=229 ]
04-26 20:29:32.079  4164  4164 I Finsky  : [2] ajjp - Received: android.intent.action.PACKAGE_ADDED, [n076RJLEETmEZ61FBJHrGFwh-0szukPG_iaeB-mhrwQ]
04-26 20:29:32.085  1219  1219 V BaseDepthController: Applying blur: 0 to Surface(name=VRI-com.google.android.apps.nexuslauncher/com.google.android.apps.nexuslauncher.NexusLauncherActivity#1494)/@0xd45637f applyImmediately: false
04-26 20:29:32.085  1219  1219 D BaseDepthController: shouldBlurWorkspace: false targetState: Normal currentStableState: Normal mCurrentBlur: 0 mLauncher.getDepthBlurTargets(): [com.android.launcher3.Workspace{573bc60 V.ED..... ........ 0,0-1080,2400 #7f0a047d app:id/workspace}, com.android.launcher3.Hotseat{7eca519 V.ED..... ........ 0,1905-1080,2400 #7f0a01f1 app:id/hotseat}]
04-26 20:29:32.096  4276  4276 I Finsky:background: [2] ajje - Deduping intent android.intent.action.PACKAGE_ADDED
04-26 20:29:32.097 14925 18880 I PackageInstalledIntentO: Test flag v2 is disabled [CONTEXT service_id=469 ]
04-26 20:29:32.098  4276 18852 I Finsky:background: [213] Wrote row to frosting DB: 3215
04-26 20:29:32.102  4276  4276 I Finsky:background: [2] ajje - Received: android.intent.action.PACKAGE_ADDED, [n076RJLEETmEZ61FBJHrGFwh-0szukPG_iaeB-mhrwQ]
04-26 20:29:32.107  1219  1219 V BaseDepthController: Applying blur: 0 to Surface(name=VRI-com.google.android.apps.nexuslauncher/com.google.android.apps.nexuslauncher.NexusLauncherActivity#1494)/@0xd45637f applyImmediately: false
04-26 20:29:32.109  1219  1219 D BaseDepthController: shouldBlurWorkspace: false targetState: Normal currentStableState: Normal mCurrentBlur: 0 mLauncher.getDepthBlurTargets(): [com.android.launcher3.Workspace{573bc60 V.ED..... ........ 0,0-1080,2400 #7f0a047d app:id/workspace}, com.android.launcher3.Hotseat{7eca519 V.ED..... ........ 0,1905-1080,2400 #7f0a01f1 app:id/hotseat}]
04-26 20:29:32.111   566   616 W skia    : AGTM parsing failed flags.readFromStream(s) at 159
04-26 20:29:32.111  1366 18860 I Fitness : (REDACTED) FitCleanupIntentOperation received Intent %s
04-26 20:29:32.112   566   616 W skia    : AGTM parsing failed flags.readFromStream(s) at 159
04-26 20:29:32.128  1366 18860 I ProximityAuth: [RecentAppsMediator] Package added: (user=UserHandle{0}) com.muonline.client
04-26 20:29:32.130  4164  4164 I Finsky  : [2] DTU: Received onPackageAdded, replacing: true
04-26 20:29:32.136  1219  1219 V BaseDepthController: Applying blur: 0 to Surface(name=VRI-com.google.android.apps.nexuslauncher/com.google.android.apps.nexuslauncher.NexusLauncherActivity#1494)/@0xd45637f applyImmediately: false
04-26 20:29:32.136  1219  1219 D BaseDepthController: shouldBlurWorkspace: false targetState: Normal currentStableState: Normal mCurrentBlur: 0 mLauncher.getDepthBlurTargets(): [com.android.launcher3.Workspace{573bc60 V.ED..... ........ 0,0-1080,2400 #7f0a047d app:id/workspace}, com.android.launcher3.Hotseat{7eca519 V.ED..... ........ 0,1905-1080,2400 #7f0a01f1 app:id/hotseat}]
04-26 20:29:32.137  4276  4276 I Finsky:background: [2] ajje - Deduping intent android.intent.action.PACKAGE_ADDED
04-26 20:29:32.141  4276 18852 I Finsky:background: [213] Wrote row to frosting DB: 3216
04-26 20:29:32.141  4164 18858 I Finsky  : [432] SCH: Received scheduling request: Id: 12-1, Constraints: [{ L: 15000, D: 86400000, C: CHARGING_NONE, I: IDLE_NONE, N: NET_ANY, B: BATTERY_ANY }]
04-26 20:29:32.141  4276  4310 I Finsky:background: [51] RECEIVER_PACKAGE_MONITOR_BACKGROUND#logWorkEndAndFinishGoAsync: SUCCESS
04-26 20:29:32.149   736  1602 W ActivityTaskManager: callingPackage for (uid=2000, pid=18881) has no WPC
04-26 20:29:32.153  1219  1219 V BaseDepthController: Applying blur: 0 to Surface(name=VRI-com.google.android.apps.nexuslauncher/com.google.android.apps.nexuslauncher.NexusLauncherActivity#1494)/@0xd45637f applyImmediately: false
04-26 20:29:32.153  1219  1219 D BaseDepthController: shouldBlurWorkspace: false targetState: Normal currentStableState: Normal mCurrentBlur: 0 mLauncher.getDepthBlurTargets(): [com.android.launcher3.Workspace{573bc60 V.ED..... ........ 0,0-1080,2400 #7f0a047d app:id/workspace}, com.android.launcher3.Hotseat{7eca519 V.ED..... ........ 0,1905-1080,2400 #7f0a01f1 app:id/hotseat}]
04-26 20:29:32.154   736  1602 V GrammaticalInflectionUtils: AttributionSource: android.content.AttributionSource@d322a4fb does not have READ_SYSTEM_GRAMMATICAL_GENDER permission.
04-26 20:29:32.162  4276 18852 I Finsky:background: [213] Wrote row to frosting DB: 3217
04-26 20:29:32.168  1219  1219 D RecentsView: onTaskDisplayChanged: 115, new displayId = 0
04-26 20:29:32.174  4164  4164 I Finsky  : [2] ajjp - Received: android.intent.action.PACKAGE_ADDED, [n076RJLEETmEZ61FBJHrGFwh-0szukPG_iaeB-mhrwQ]
04-26 20:29:32.175   566   711 I libbinder.BpBinder: onLastStrongRef automatically unlinking death recipients for binder (0x7eaa3605bd90) with descriptor: '(not cached)'
04-26 20:29:32.186  1219  1219 V BaseDepthController: Applying blur: 0 to Surface(name=VRI-com.google.android.apps.nexuslauncher/com.google.android.apps.nexuslauncher.NexusLauncherActivity#1494)/@0xd45637f applyImmediately: false
04-26 20:29:32.187  1219  1219 D BaseDepthController: shouldBlurWorkspace: false targetState: Normal currentStableState: Normal mCurrentBlur: 0 mLauncher.getDepthBlurTargets(): [com.android.launcher3.Workspace{573bc60 V.ED..... ........ 0,0-1080,2400 #7f0a047d app:id/workspace}, com.android.launcher3.Hotseat{7eca519 V.ED..... ........ 0,1905-1080,2400 #7f0a01f1 app:id/hotseat}]
04-26 20:29:32.187   736  1602 I ActivityTaskManager: Add Task{f5d59af #114 type=standard A=10230:com.muonline.client} to hidden list because adding Task{f85c000 #115 type=standard A=10230:com.muonline.client}
04-26 20:29:32.189   736  1602 V ActivityTaskManager: TaskLaunchParamsModifier: phase=3 task=Task{f85c000 #115 type=standard A=10230:com.muonline.client} activity=ActivityRecord{58484355 u0 com.muonline.client/.PreloadActivity t-1} display-from-task=0 display-id=0 task-display-area-windowing-mode=1 suggested-display-area=DefaultTaskDisplayArea@125646128 inherit-from-task=fullscreen non-freeform-task-display-area display-area=DefaultTaskDisplayArea@125646128 skip-bounds-fullscreen
04-26 20:29:32.190   736  1602 I ActivityTaskManager: START u0 {flg=0x10000000 xflg=0x5 cmp=com.muonline.client/.PreloadActivity} with LAUNCH_SINGLE_TASK from uid 2000 (com.android.shell) (BAL_ALLOW_PERMISSION) result code=0
04-26 20:29:32.193  1219  1219 D BaseActivity: Launcher flags updated: [state_started|state_resumed|state_deferred_resumed|state_window_focused|state_user_active] -[]
04-26 20:29:32.193  1036  1091 V WindowManagerShell: Transition requested (#139): android.os.BinderProxy@3443a1c TransitionRequestInfo { type = OPEN, triggerTask = TaskInfo{userId=0 taskId=115 effectiveUid=10230 displayId=0 isRunning=true baseIntent=Intent { flg=0x10000000 cmp=com.muonline.client/.PreloadActivity } baseActivity=ComponentInfo{com.muonline.client/com.muonline.client.PreloadActivity} topActivity=ComponentInfo{com.muonline.client/com.muonline.client.PreloadActivity} origActivity=null realActivity=ComponentInfo{com.muonline.client/com.muonline.client.PreloadActivity} realActivityIsAppLockEnabled=false numActivities=1 lastActiveTime=17946784 supportsMultiWindow=true supportsMultiWindowWithoutConstraints=true resizeMode=1 isResizeable=true minWidth=-1 minHeight=-1 defaultMinSize=220 token=WCT{android.os.BinderProxy@b697625} topActivityType=1 pictureInPictureParams=null shouldDockBigOverlays=false launchIntoPipHostTaskId=-1 lastParentTaskIdBeforePip=-1 displayCutoutSafeInsets=Rect(132, 0 - 0, 0) topActivityInfo=ActivityInfo{384c3fa com.muonline.client.PreloadActivity} launchCookies=[] positionInParent=Point(0, 0) parentTaskId=-1 isFocused=false isInteractive=false isVisible=false isVisibleRequested=false isTopActivityNoDisplay=false isSleeping=false locusId=null displayAreaFeatureId=1 isTopActivityTransparent=false isActivityStackTransparent=false lastNonFullscreenBounds=null leafTaskBoundsFromOptions= false capturedLink=null capturedLinkTimestamp=0 requestedVisibleTypes=503 topActivityRequestOpenInBrowserEducationTimestamp=0 appCompatTaskInfo=AppCompatTaskInfo { topActivityInSizeCompat=false isLeafTask= true eligibleForLetterboxEducation= false isLetterboxEducationEnabled= true isLetterboxDoubleTapEnabled= false eligibleForUserAspectRatioButton= false topActivityBoundsLetterboxed= false isFromLetterboxDoubleTap= false topActivityLetterboxVerticalPosition= -1 topActivityLetterboxHorizontalPosition= -1 topActivityLetterboxWidth=-1 topActivityLetterboxHeight=-1 topActivityAppBounds=Rect(132, 0 - 2400, 1017) isUserFullscreenOverrideEnabled=false isSystemFullscreenOverrideEnabled=false hasMinAspectRatioOverride=false topActivityLetterboxBounds=null topNonResizableActivityAspectRatio=-1.0} topActivityMainWindowFrame=null isAppBubble=false}, pipChange = null, remoteTransitionInfo = null, displayChange = null, requestedLocation = null, userChange = null, windowingLayerChange = null, fullscreenRequestChange = null, flags = 0, debugId = 139 }
04-26 20:29:32.193  1036  1091 W DisconnectHandler: No disconnect change found in the transition, not handling request.
04-26 20:29:32.193  1036  1091 V ShellDesktopMode: DesktopTasksController: skipping handleRequest reason=triggerTask's display doesn't support desktop mode
04-26 20:29:32.194  1036  1091 D ShellSplitScreen: logExit: no-op, mLoggerSessionId is null
04-26 20:29:32.196  1366 18860 I FontLog : (REDACTED) Package %s has no metadata
04-26 20:29:32.197  1219  1219 D BaseActivity: Launcher flags updated: [state_started|state_resumed|state_deferred_resumed|state_window_focused] -[state_user_active]
04-26 20:29:32.198  1219  1219 D BaseActivity: Launcher flags updated: [state_started|state_window_focused] -[state_resumed|state_deferred_resumed]
04-26 20:29:32.199  1219  1219 W SplitSelectStateCtor: Missing session instanceIds
04-26 20:29:32.199  1219  1219 D StatsLog: LAUNCHER_SPLIT_SELECTION_EXIT_INTERRUPTED
04-26 20:29:32.199   736   762 V GrammaticalInflectionUtils: AttributionSource: android.content.AttributionSource@d322a4fb does not have READ_SYSTEM_GRAMMATICAL_GENDER permission.
04-26 20:29:32.205  1036  1091 D WindowManagerShell: setLauncherKeepClearAreaHeight: visible=false, height=495
04-26 20:29:32.214   736  1145 V WindowManager: Defer transition id=139 for TaskFragmentTransaction=android.os.Binder@98a22fb
04-26 20:29:32.214  4164  4164 I Finsky  : [2] ajjp - Deduping intent android.intent.action.PACKAGE_ADDED
04-26 20:29:32.222  1036  1091 V RecentTasksController: Notify recent tasks changed
04-26 20:29:32.225  1219  1219 D RecentTasksList: invalidateLoadedTasks - previous requestLoadId: -1
04-26 20:29:32.237   736  1602 W InputChannel-JNI: Channel already disposed.
04-26 20:29:32.238  1219  1219 V BaseDepthController: Applying blur: 0 to Surface(name=VRI-com.google.android.apps.nexuslauncher/com.google.android.apps.nexuslauncher.NexusLauncherActivity#1494)/@0xd45637f applyImmediately: false
04-26 20:29:32.238  1219  1219 D BaseDepthController: shouldBlurWorkspace: false targetState: Normal currentStableState: Normal mCurrentBlur: 0 mLauncher.getDepthBlurTargets(): [com.android.launcher3.Workspace{573bc60 V.ED..... ........ 0,0-1080,2400 #7f0a047d app:id/workspace}, com.android.launcher3.Hotseat{7eca519 V.ED..... ........ 0,1905-1080,2400 #7f0a01f1 app:id/hotseat}]
04-26 20:29:32.240  1036  1091 D ShellDesktopMode: DesktopRepository(0): Removes freeform task: taskId=114
04-26 20:29:32.240  1036  1091 W ShellDesktopMode: DesktopRepository(0): No display id found for task: taskId=114
04-26 20:29:32.240  1036  1091 V RecentTasksController: Notify recent tasks changed
04-26 20:29:32.243  1036  1132 D WindowOnBackDispatcher: setTopOnBackInvokedCallback (unwrapped): android.view.ViewRootImpl$$ExternalSyntheticLambda13@4feaee4
04-26 20:29:32.247   499   499 D Zygote  : Forked child process 18895
04-26 20:29:32.254  1016  1016 I wpa_supplicant: wlan0: CTRL-EVENT-BEACON-LOSS 
04-26 20:29:32.256  4164  4164 I Finsky  : [2] ajjp - Received: android.intent.action.PACKAGE_ADDED, [n076RJLEETmEZ61FBJHrGFwh-0szukPG_iaeB-mhrwQ]
04-26 20:29:32.258   736  1827 V WindowManager: Continue transition id=139 for TaskFragmentTransaction=android.os.Binder@98a22fb
04-26 20:29:32.258  1219  1219 D RecentTasksList: invalidateLoadedTasks - previous requestLoadId: -1
04-26 20:29:32.259 14925 14925 D BoundBrokerSvc: onBind: Intent { act=com.google.android.gms.common.BIND_SHARED_PREFS xflg=0x4 pkg=com.google.android.gms }
04-26 20:29:32.259 14925 14925 D BoundBrokerSvc: Loading bound service for intent: Intent { act=com.google.android.gms.common.BIND_SHARED_PREFS xflg=0x4 pkg=com.google.android.gms }
04-26 20:29:32.260  3743 18894 I AiAiEcho: AppIndexer Package:[com.muonline.client] UserProfile:[0] Enabled:[true].
04-26 20:29:32.260  3743 18894 I AiAiEcho: AppFetcherImplV2 updateApps package:[com.muonline.client], userId:[0], reason:[package is updated.].
04-26 20:29:32.262   736  1000 D WindowManager: setClientSurface Surface(name=VRI-Splash Screen com.muonline.client#1506)/@0x8227851 for f656d71 Splash Screen com.muonline.client
04-26 20:29:32.263   736   999 D CoreBackPreview: Window{f656d71 u0 Splash Screen com.muonline.client}: Setting back callback OnBackInvokedCallbackInfo{mCallback=android.window.IOnBackInvokedCallback$Stub$Proxy@6fc18b6, mPriority=0, mIsAnimationCallback=false, mOverrideBehavior=0}
04-26 20:29:32.265  1036  1132 I Surface : Creating surface for consumer unnamed-1036-31 with slotExpansion=1 for 64 slots
04-26 20:29:32.266  1036  1132 I Surface : Creating surface for consumer VRI[client]#31(BLAST Consumer)31 with slotExpansion=1 for 64 slots
04-26 20:29:32.276 14925 18877 I Auth    : (REDACTED) [SupervisedAccountIntentOperation] onHandleIntent: %s
04-26 20:29:32.279   736   769 W ActivityManager: Slow operation: 79ms so far, now at startProcess: done updating battery stats
04-26 20:29:32.279   736   769 W ActivityManager: Slow operation: 79ms so far, now at startProcess: building log message
04-26 20:29:32.279   736   769 I ActivityManager: Start proc 18895:com.muonline.client/u0a230 for next-top-activity {com.muonline.client/com.muonline.client.PreloadActivity}
04-26 20:29:32.279   736   769 W ActivityManager: Slow operation: 79ms so far, now at startProcess: starting to update pids map
04-26 20:29:32.283 18895 18895 I Zygote  : Process 18895 created for com.muonline.client
04-26 20:29:32.284 18895 18895 I muonline.client: Using generational CollectorTypeCMC GC.
04-26 20:29:32.284 18895 18895 W muonline.client: Unexpected CPU variant for x86: x86_64.
04-26 20:29:32.284 18895 18895 W muonline.client: Known variants: atom, sandybridge, silvermont, goldmont, goldmont-plus, goldmont-without-sha-xsaves, tremont, kabylake, alderlake, lunarlake, default
04-26 20:29:32.286 14925 18874 I PackageInstalledIntentO: Test flag v2 is disabled [CONTEXT service_id=469 ]
04-26 20:29:32.305   736   769 W ActivityManager: Slow operation: 104ms so far, now at startProcess: done updating pids map
04-26 20:29:32.307  4164  4164 I Finsky  : [2] ajjp - Deduping intent android.intent.action.PACKAGE_ADDED
04-26 20:29:32.325  1219  1219 D BaseActivity: Launcher flags updated: [state_started] -[state_window_focused]
04-26 20:29:32.329  1219  1219 V BaseDepthController: Applying blur: 0 to Surface(name=VRI-com.google.android.apps.nexuslauncher/com.google.android.apps.nexuslauncher.NexusLauncherActivity#1494)/@0xd45637f applyImmediately: false
04-26 20:29:32.329  1219  1219 D BaseDepthController: shouldBlurWorkspace: false targetState: Normal currentStableState: Normal mCurrentBlur: 0 mLauncher.getDepthBlurTargets(): [com.android.launcher3.Workspace{573bc60 V.ED..... ........ 0,0-1080,2400 #7f0a047d app:id/workspace}, com.android.launcher3.Hotseat{7eca519 V.ED..... .......D 0,1905-1080,2400 #7f0a01f1 app:id/hotseat}]
04-26 20:29:32.334   736   927 E Nl80211Native: getChannelsMhzForBand: Wiphy index not recorded for band 8
04-26 20:29:32.334   736   927 E Nl80211Native: getChannelsMhzForBand: Wiphy index not recorded for band 16
04-26 20:29:32.334   736   927 D Nl80211Native: Ignoring unsupported scan type 2
04-26 20:29:32.340 18895 18895 D nativeloader: Load libframework-connectivity-tiramisu-jni.so using APEX ns com_android_tethering for caller /apex/com.android.tethering/javalib/framework-connectivity-t.jar: ok
04-26 20:29:32.347   736   927 I Nl80211Proxy: Sending Nl80211 message: GenericNetlinkMsg{ nlHeader{StructNlMsgHdr{ nlmsg_len{56}, nlmsg_type{30()}, nlmsg_flags{5(NLM_F_REQUEST|NLM_F_ACK)}, nlmsg_seq{360}, nlmsg_pid{0} }}, genNlHeader{StructGenNlMsgHdr{ command{33}, version{1}, reserved{0} }}, attributes{[StructNlAttr{ nla_len{8}, nla_type{-32723}, nla_value{04000000}, }, StructNlAttr{ nla_len{8}, nla_type{3}, nla_value{10000000}, }, StructNlAttr{ nla_len{12}, nla_type{-32724}, nla_value{080000008F090000}, }, StructNlAttr{ nla_len{8}, nla_type{158}, nla_value{00000000}, }]} }
04-26 20:29:32.348   736   927 I Nl80211Proxy: Received NLMSG_ERROR with error 0 for message GenericNetlinkMsg{ nlHeader{StructNlMsgHdr{ nlmsg_len{56}, nlmsg_type{30()}, nlmsg_flags{5(NLM_F_REQUEST|NLM_F_ACK)}, nlmsg_seq{360}, nlmsg_pid{0} }}, genNlHeader{StructGenNlMsgHdr{ command{33}, version{1}, reserved{0} }}, attributes{[StructNlAttr{ nla_len{8}, nla_type{-32723}, nla_value{04000000}, }, StructNlAttr{ nla_len{8}, nla_type{3}, nla_value{10000000}, }, StructNlAttr{ nla_len{12}, nla_type{-32724}, nla_value{080000008F090000}, }, StructNlAttr{ nla_len{8}, nla_type{158}, nla_value{00000000}, }]} }
04-26 20:29:32.353   736  1095 W ActivityManager: Skipping manifest association check for null package. SourceUid: 10214, SourcePkg: null, TargetUid: 10214, TargetPkg: com.google.android.gms
04-26 20:29:32.354  1219  1219 V BaseDepthController: Applying blur: 0 to Surface(name=VRI-com.google.android.apps.nexuslauncher/com.google.android.apps.nexuslauncher.NexusLauncherActivity#1494)/@0xd45637f applyImmediately: false
04-26 20:29:32.354  1219  1219 D BaseDepthController: setEarlyWakeup: false
04-26 20:29:32.354  1219  1219 D BaseDepthController: shouldBlurWorkspace: false targetState: Normal currentStableState: Normal mCurrentBlur: 0 mLauncher.getDepthBlurTargets(): [com.android.launcher3.Workspace{573bc60 V.ED..... ........ 0,0-1080,2400 #7f0a047d app:id/workspace}, com.android.launcher3.Hotseat{7eca519 V.ED..... .......D 0,1905-1080,2400 #7f0a01f1 app:id/hotseat}]
04-26 20:29:32.357 14925 18876 I NearbyDiscovery: (REDACTED) processGrantSlicePermission: %s
04-26 20:29:32.367  1036  1910 V WindowManagerShell: onTransitionReady(transaction=3161095944613)
04-26 20:29:32.371  1036  1091 V WindowManagerShell: onTransitionReady (#139) android.os.BinderProxy@3443a1c: {id=139 t=OPEN f=0x0 trk=0 r=[0@Point(0, 0)] c=[
04-26 20:29:32.371  1036  1091 V WindowManagerShell:         {m=OPEN f=MOVE_TO_TOP leash=Surface(name=Task=115#1503)/@0x330eb05 sb=Rect(0, 0 - 2400, 1080) eb=Rect(0, 0 - 2400, 1080) epz=Point(2400, 1080) d=0 taskParent=-1 winMode=1 userId=0},
04-26 20:29:32.371  1036  1091 V WindowManagerShell:         {m=TO_BACK f=SHOW_WALLPAPER leash=Surface(name=Task=1#34)/@0xe4dc75a sb=Rect(0, 0 - 2400, 1080) eb=Rect(0, 0 - 2400, 1080) epz=Point(2400, 1080) d=0 taskParent=-1 winMode=1 userId=0},
04-26 20:29:32.371  1036  1091 V WindowManagerShell:         {m=TO_BACK f=IS_WALLPAPER leash=Surface(name=Surface(name=WallpaperWindowToken{3bea6dd}#54)/@0x4e520e1 - rotation-leash#1498)/@0x3777d8b sb=Rect(0, 0 - 1080, 2400) eb=Rect(0, 0 - 2400, 1080) epz=Point(2400, 1080) d=0 r=0->1:-1}
04-26 20:29:32.371  1036  1091 V WindowManagerShell:     ]}
04-26 20:29:32.376   736   759 V WindowManager: Sent Transition (#139) createdAt=04-26 20:29:32.162 via request=TransitionRequestInfo { type = OPEN, triggerTask = TaskInfo{userId=0 taskId=115 effectiveUid=10230 displayId=0 isRunning=true baseIntent=Intent { flg=0x10000000 cmp=com.muonline.client/.PreloadActivity } baseActivity=ComponentInfo{com.muonline.client/com.muonline.client.PreloadActivity} topActivity=ComponentInfo{com.muonline.client/com.muonline.client.PreloadActivity} origActivity=null realActivity=ComponentInfo{com.muonline.client/com.muonline.client.PreloadActivity} realActivityIsAppLockEnabled=false numActivities=1 lastActiveTime=17946784 supportsMultiWindow=true supportsMultiWindowWithoutConstraints=true resizeMode=1 isResizeable=true minWidth=-1 minHeight=-1 defaultMinSize=220 token=WCT{RemoteToken{102d1a2 Task{f85c000 #115 type=standard A=10230:com.muonline.client}}} topActivityType=1 pictureInPictureParams=null shouldDockBigOverlays=false launchIntoPipHostTaskId=-1 lastParentTaskIdBeforePip=-1 displayCutoutSafeInsets=Rect(132, 0 - 0, 0) topActivityInfo=ActivityInfo{f5ece33 com.muonline.client.PreloadActivity} launchCookies=[] positionInParent=Point(0, 0) parentTaskId=-1 isFocused=false isInteractive=false isVisible=false isVisibleRequested=false isTopActivityNoDisplay=false isSleeping=false locusId=null displayAreaFeatureId=1 isTopActivityTransparent=false isActivityStackTransparent=false lastNonFullscreenBounds=null leafTaskBoundsFromOptions= false capturedLink=null capturedLinkTimestamp=0 requestedVisibleTypes=503 topActivityRequestOpenInBrowserEducationTimestamp=0 appCompatTaskInfo=AppCompatTaskInfo { topActivityInSizeCompat=false isLeafTask= true eligibleForLetterboxEducation= false isLetterboxEducationEnabled= true isLetterboxDoubleTapEnabled= false eligibleForUserAspectRatioButton= false topActivityBoundsLetterboxed= false isFromLetterboxDoubleTap= false topActivityLetterboxVerticalPosition= -1 topActivityLetterboxHorizontalPosition= -1 topActivityLetterboxWidth=-1 topActivityLetterboxHeight=-1 topActivityAppBounds=Rect(132, 0 - 2400, 1017) isUserFullscreenOverrideEnabled=false isSystemFullscreenOverrideEnabled=false hasMinAspectRatioOverride=false topActivityLetterboxBounds=null topNonResizableActivityAspectRatio=-1.0} topActivityMainWindowFrame=null isAppBubble=false}, pipChange = null, remoteTransitionInfo = null, displayChange = null, requestedLocation = null, userChange = null, windowingLayerChange = null, fullscreenRequestChange = null, flags = 0, debugId = 139 }
04-26 20:29:32.376   736   759 V WindowManager:     startWCT=WindowContainerTransaction { changes= {} hops= [] flags= 0 errorCallbackToken=null taskFragmentOrganizer=null }
04-26 20:29:32.377   736   759 V WindowManager:     info={id=139 t=OPEN f=0x0 trk=0 r=[0@Point(0, 0)] c=[
04-26 20:29:32.377   736   759 V WindowManager:         {WCT{RemoteToken{102d1a2 Task{f85c000 #115 type=standard A=10230:com.muonline.client}}} m=OPEN f=MOVE_TO_TOP leash=Surface(name=Task=115#1503)/@0x68213d8 sb=Rect(0, 0 - 2400, 1080) eb=Rect(0, 0 - 2400, 1080) epz=Point(2400, 1080) d=0 taskParent=-1 winMode=1 userId=0},
04-26 20:29:32.377   736   759 V WindowManager:         {WCT{RemoteToken{4853fd5 Task{13e540b #1 type=home}}} m=TO_BACK f=SHOW_WALLPAPER leash=Surface(name=Task=1#34)/@0x499be06 sb=Rect(0, 0 - 2400, 1080) eb=Rect(0, 0 - 2400, 1080) epz=Point(2400, 1080) d=0 taskParent=-1 winMode=1 userId=0},
04-26 20:29:32.377   736   759 V WindowManager:         {m=TO_BACK f=IS_WALLPAPER leash=Surface(name=Surface(name=WallpaperWindowToken{3bea6dd}#54)/@0x4e520e1 - rotation-leash#1498)/@0xbc9faaf sb=Rect(0, 0 - 1080, 2400) eb=Rect(0, 0 - 2400, 1080) epz=Point(2400, 1080) d=0 r=0->1:-1}
04-26 20:29:32.377   736   759 V WindowManager:     ]}
04-26 20:29:32.377  1219  1270 W LauncherActivityCachingLogic: loadIcon: Default app icon returned from PackageManager. component=ComponentInfo{com.muonline.client/com.muonline.client.PreloadActivity}, user=UserHandle{0}
04-26 20:29:32.377  1219  1270 W LauncherActivityCachingLogic: java.lang.Exception
04-26 20:29:32.377  1219  1270 W LauncherActivityCachingLogic: 	at com.android.launcher3.icons.cache.LauncherActivityCachingLogic.loadIcon(go/retraceme 7226a759aa2bb3787a79806f85d80eaad84f1f1e15acd6db988f2df789d1680d:62)
04-26 20:29:32.377  1219  1270 W LauncherActivityCachingLogic: 	at com.android.launcher3.icons.cache.BaseIconCache.addIconToDBAndMemCache(go/retraceme 7226a759aa2bb3787a79806f85d80eaad84f1f1e15acd6db988f2df789d1680d:22)
04-26 20:29:32.377  1219  1270 W LauncherActivityCachingLogic: 	at com.android.launcher3.model.tasks.PackageUpdatedTask.execute(go/retraceme 7226a759aa2bb3787a79806f85d80eaad84f1f1e15acd6db988f2df789d1680d:177)
04-26 20:29:32.377  1219  1270 W LauncherActivityCachingLogic: 	at com.android.launcher3.LauncherModel$enqueueModelUpdateTask$1.run(go/retraceme 7226a759aa2bb3787a79806f85d80eaad84f1f1e15acd6db988f2df789d1680d:27)
04-26 20:29:32.377  1219  1270 W LauncherActivityCachingLogic: 	at com.android.launcher3.util.LooperExecutor.execute(go/retraceme 7226a759aa2bb3787a79806f85d80eaad84f1f1e15acd6db988f2df789d1680d:16)
04-26 20:29:32.377  1219  1270 W LauncherActivityCachingLogic: 	at com.android.launcher3.LauncherModel.enqueueModelUpdateTask(go/retraceme 7226a759aa2bb3787a79806f85d80eaad84f1f1e15acd6db988f2df789d1680d:19)
04-26 20:29:32.377  1219  1270 W LauncherActivityCachingLogic: 	at com.android.launcher3.LauncherModel$newModelCallbacks$1.accept(go/retraceme 7226a759aa2bb3787a79806f85d80eaad84f1f1e15acd6db988f2df789d1680d:4)
04-26 20:29:32.377  1219  1270 W LauncherActivityCachingLogic: 	at com.android.launcher3.model.ModelLauncherCallbacks.onPackageChanged(go/retraceme 7226a759aa2bb3787a79806f85d80eaad84f1f1e15acd6db988f2df789d1680d:12)
04-26 20:29:32.377  1219  1270 W LauncherActivityCachingLogic: 	at android.content.pm.LauncherApps$CallbackMessageHandler.handleMessage(LauncherApps.java:2329)
04-26 20:29:32.377  1219  1270 W LauncherActivityCachingLogic: 	at android.os.Handler.dispatchMessageImpl(Handler.java:142)
04-26 20:29:32.377  1219  1270 W LauncherActivityCachingLogic: 	at android.os.Handler.dispatchMessage(Handler.java:125)
04-26 20:29:32.377  1219  1270 W LauncherActivityCachingLogic: 	at android.os.Looper.loopOnce(Looper.java:292)
04-26 20:29:32.377  1219  1270 W LauncherActivityCachingLogic: 	at android.os.Looper.loop(Looper.java:393)
04-26 20:29:32.377  1219  1270 W LauncherActivityCachingLogic: 	at android.os.HandlerThread.run(HandlerThread.java:139)
04-26 20:29:32.379  4164  4207 I Finsky  : [43] RECEIVER_PACKAGE_MONITOR#logWorkEndAndFinishGoAsync: SUCCESS
04-26 20:29:32.381   736  1000 E AppOps  : attributionTag VCN not declared in manifest of android
04-26 20:29:32.382   736  2221 W InputChannel-JNI: Channel already disposed.
04-26 20:29:32.383  1036  1091 V WindowManagerShell: Transition (#139) android.os.BinderProxy@3443a1c@0 ready while (#138) android.os.BinderProxy@f313ba7@0 is still animating. Notify the animating transition in case they can be merged
04-26 20:29:32.383  1036  1091 V WindowManagerShell:    Requesting merge (#139) into remote: RemoteTransition { remoteTransition = android.window.IRemoteTransition$Stub$Proxy@fea59eb, appThread = android.app.IApplicationThread$Stub$Proxy@4f01348, debugName = QuickstepLaunchHome, filter = {types=[] flags=0x0 notFlags=0x100 checks=[{atype=home independent=true modes=[OPEN,TO_FRONT] flags=NONE mustBeTask=false order=ANY topActivity=ComponentInfo{com.google.android.apps.nexuslauncher/com.google.android.apps.nexuslauncher.NexusLauncherActivity} launchCookie=null windowingMode=undefined isCrossDisplayMove=false},{atype=standard independent=true modes=[CLOSE,TO_BACK] flags=NONE mustBeTask=false order=ANY topActivity=null launchCookie=null windowingMode=undefined isCrossDisplayMove=false},{NOT atype=undefined independent=true modes=[] flags=NONE mustBeTask=true order=ANY topActivity=null launchCookie=null customAnim=true windowingMode=undefined isCrossDisplayMove=false}]} }
04-26 20:29:32.384  1036  1091 V ShellTaskOrganizer: Task appeared taskId=115 listener=FullscreenTaskListener
04-26 20:29:32.384  1036  1091 V ShellTaskOrganizer: Fullscreen Task Appeared: #115
04-26 20:29:32.385  1036  1910 V WindowManagerShell: Received remote transition finished callback for (#138)
04-26 20:29:32.392  4276  4276 I Finsky:background: [2] Memory trim requested to level 40
04-26 20:29:32.395  1036  1091 V RecentTasksController: Notify recent tasks changed
04-26 20:29:32.395  1036  1091 V WindowManagerShell: Transition animation finished (aborted=false), notifying core (#138) android.os.BinderProxy@f313ba7@0
04-26 20:29:32.414 14925 18898 W SQLiteLog: (28) double-quoted string literal: "com.muonline.client"
04-26 20:29:32.416   736   759 V WindowManager: Finish Transition (#138): created at 04-26 20:29:31.274 collect-started=0.315ms request-sent=0.387ms started=12.665ms ready=21.097ms sent=157.28ms commit=45.669ms finished=1130.251ms
04-26 20:29:32.428   736  1827 E libbinder.IPCThreadState: Binder transaction failure. id: 3586200, cmd: BR_DEAD_REPLY (29189), error: -22 (Invalid argument)
04-26 20:29:32.429   736  1827 W ActivityManager: pid 736 system sent binder code 7 with flags 1 and got error -32
04-26 20:29:32.429   736  1827 W WindowManager: Exception thrown during dispatchAppVisibility Window{814db3d u0 com.muonline.client/com.muonline.client.MuMainActivity EXITING}
04-26 20:29:32.429   736  1827 W WindowManager: android.os.DeadObjectException
04-26 20:29:32.429   736  1827 W WindowManager: 	at android.os.BinderProxy.transactNative(Native Method)
04-26 20:29:32.429   736  1827 W WindowManager: 	at android.os.BinderProxy.transact(BinderProxy.java:617)
04-26 20:29:32.429   736  1827 W WindowManager: 	at android.view.IWindow$Stub$Proxy.dispatchAppVisibility(IWindow.java:596)
04-26 20:29:32.429   736  1827 W WindowManager: 	at com.android.server.wm.WindowState.sendAppVisibilityToClients(WindowState.java:3335)
04-26 20:29:32.429   736  1827 W WindowManager: 	at com.android.server.wm.WindowContainer.sendAppVisibilityToClients(WindowContainer.java:1245)
04-26 20:29:32.429   736  1827 W WindowManager: 	at com.android.server.wm.WindowToken.setClientVisible(WindowToken.java:392)
04-26 20:29:32.429   736  1827 W WindowManager: 	at com.android.server.wm.ActivityRecord.commitVisibility(ActivityRecord.java:5599)
04-26 20:29:32.429   736  1827 W WindowManager: 	at com.android.server.wm.Transition.finishTransition(Transition.java:1570)
04-26 20:29:32.429   736  1827 W WindowManager: 	at com.android.server.wm.TransitionController.finishTransition(TransitionController.java:1205)
04-26 20:29:32.429   736  1827 W WindowManager: 	at com.android.server.wm.WindowOrganizerController.finishTransition(WindowOrganizerController.java:533)
04-26 20:29:32.429   736  1827 W WindowManager: 	at android.window.IWindowOrganizerController$Stub.onTransact(IWindowOrganizerController.java:265)
04-26 20:29:32.429   736  1827 W WindowManager: 	at com.android.server.wm.WindowOrganizerController.onTransact(WindowOrganizerController.java:239)
04-26 20:29:32.429   736  1827 W WindowManager: 	at android.os.Binder.execTransactInternal(Binder.java:1466)
04-26 20:29:32.429   736  1827 W WindowManager: 	at android.os.Binder.execTransact(Binder.java:1411)
04-26 20:29:32.429   736  1827 W Process : Unable to open /proc/18697/status
04-26 20:29:32.434  1219  1270 W LauncherActivityCachingLogic: loadIcon: Default app icon returned from PackageManager. component=ComponentInfo{com.muonline.client/com.muonline.client.PreloadActivity}, user=UserHandle{0}
04-26 20:29:32.434  1219  1270 W LauncherActivityCachingLogic: java.lang.Exception
04-26 20:29:32.434  1219  1270 W LauncherActivityCachingLogic: 	at com.android.launcher3.icons.cache.LauncherActivityCachingLogic.loadIcon(go/retraceme 7226a759aa2bb3787a79806f85d80eaad84f1f1e15acd6db988f2df789d1680d:62)
04-26 20:29:32.434  1219  1270 W LauncherActivityCachingLogic: 	at com.android.launcher3.icons.cache.BaseIconCache.loadFallbackIcon(go/retraceme 7226a759aa2bb3787a79806f85d80eaad84f1f1e15acd6db988f2df789d1680d:8)
04-26 20:29:32.434  1219  1270 W LauncherActivityCachingLogic: 	at com.android.launcher3.icons.cache.BaseIconCache.cacheLocked(go/retraceme 7226a759aa2bb3787a79806f85d80eaad84f1f1e15acd6db988f2df789d1680d:99)
04-26 20:29:32.434  1219  1270 W LauncherActivityCachingLogic: 	at com.android.launcher3.icons.IconCache.getTitleAndIcon(go/retraceme 7226a759aa2bb3787a79806f85d80eaad84f1f1e15acd6db988f2df789d1680d:233)
04-26 20:29:32.434  1219  1270 W LauncherActivityCachingLogic: 	at com.android.launcher3.icons.IconCache.getTitleAndIcon(go/retraceme 7226a759aa2bb3787a79806f85d80eaad84f1f1e15acd6db988f2df789d1680d:230)
04-26 20:29:32.434  1219  1270 W LauncherActivityCachingLogic: 	at com.android.launcher3.model.tasks.PackageUpdatedTask.execute(go/retraceme 7226a759aa2bb3787a79806f85d80eaad84f1f1e15acd6db988f2df789d1680d:371)
04-26 20:29:32.434  1219  1270 W LauncherActivityCachingLogic: 	at com.android.launcher3.LauncherModel$enqueueModelUpdateTask$1.run(go/retraceme 7226a759aa2bb3787a79806f85d80eaad84f1f1e15acd6db988f2df789d1680d:27)
04-26 20:29:32.434  1219  1270 W LauncherActivityCachingLogic: 	at com.android.launcher3.util.LooperExecutor.execute(go/retraceme 7226a759aa2bb3787a79806f85d80eaad84f1f1e15acd6db988f2df789d1680d:16)
04-26 20:29:32.434  1219  1270 W LauncherActivityCachingLogic: 	at com.android.launcher3.LauncherModel.enqueueModelUpdateTask(go/retraceme 7226a759aa2bb3787a79806f85d80eaad84f1f1e15acd6db988f2df789d1680d:19)
04-26 20:29:32.434  1219  1270 W LauncherActivityCachingLogic: 	at com.android.launcher3.LauncherModel$newModelCallbacks$1.accept(go/retraceme 7226a759aa2bb3787a79806f85d80eaad84f1f1e15acd6db988f2df789d1680d:4)
04-26 20:29:32.434  1219  1270 W LauncherActivityCachingLogic: 	at com.android.launcher3.model.ModelLauncherCallbacks.onPackageChanged(go/retraceme 7226a759aa2bb3787a79806f85d80eaad84f1f1e15acd6db988f2df789d1680d:12)
04-26 20:29:32.434  1219  1270 W LauncherActivityCachingLogic: 	at android.content.pm.LauncherApps$CallbackMessageHandler.handleMessage(LauncherApps.java:2329)
04-26 20:29:32.434  1219  1270 W LauncherActivityCachingLogic: 	at android.os.Handler.dispatchMessageImpl(Handler.java:142)
04-26 20:29:32.434  1219  1270 W LauncherActivityCachingLogic: 	at android.os.Handler.dispatchMessage(Handler.java:125)
04-26 20:29:32.434  1219  1270 W LauncherActivityCachingLogic: 	at android.os.Looper.loopOnce(Looper.java:292)
04-26 20:29:32.434  1219  1270 W LauncherActivityCachingLogic: 	at android.os.Looper.loop(Looper.java:393)
04-26 20:29:32.434  1219  1270 W LauncherActivityCachingLogic: 	at android.os.HandlerThread.run(HandlerThread.java:139)
04-26 20:29:32.435  1219  1270 D AlphabeticIndexCompat: computeSectionName: cs: MU Online sectionName: M
04-26 20:29:32.437   566   616 W skia    : AGTM parsing failed flags.readFromStream(s) at 159
04-26 20:29:32.437  1219  1219 D RecentTasksList: invalidateLoadedTasks - previous requestLoadId: -1
04-26 20:29:32.437   566   616 W skia    : AGTM parsing failed flags.readFromStream(s) at 159
04-26 20:29:32.446  1219  1219 D AllAppsStore: setApps: apps.length=21
04-26 20:29:32.446  1219  1219 D AllAppsStore: notifyUpdate: notifying listeners
04-26 20:29:32.446  1219  1219 D ActivityAllAppsContainerView: onAppsUpdated; number of apps: 21
04-26 20:29:32.446  1219  1219 D ActivityAllAppsContainerView: rebindAdapters: force: false
04-26 20:29:32.446  1219  1219 D ActivityAllAppsContainerView: rebindAdapters: Not needed.
04-26 20:29:32.446  1219  1219 D StatsLog: LAUNCHER_ALLAPPS_COUNT
04-26 20:29:32.446  1219  1219 D AlphabeticalAppsList: Clearing FastScrollerSections.
04-26 20:29:32.446  1219  1219 D AlphabeticalAppsList: Adding apps with sections. HasPrivateApps: false
04-26 20:29:32.446  1219  1219 D AlphabeticalAppsList: addAppsWithSections: adding sectionName: C with appInfoTitle: Calendar
04-26 20:29:32.446  1219  1219 D AlphabeticalAppsList: addAppsWithSections: adding sectionName: D with appInfoTitle: Drive
04-26 20:29:32.446  1219  1219 D AlphabeticalAppsList: addAppsWithSections: adding sectionName: F with appInfoTitle: Files
04-26 20:29:32.446  1219  1219 D AlphabeticalAppsList: addAppsWithSections: adding sectionName: G with appInfoTitle: Glasses
04-26 20:29:32.446  1219  1219 D AlphabeticalAppsList: addAppsWithSections: adding sectionName: M with appInfoTitle: Maps
04-26 20:29:32.446  1219  1219 D AlphabeticalAppsList: addAppsWithSections: adding sectionName: P with appInfoTitle: Phone
04-26 20:29:32.447  1219  1219 D AlphabeticalAppsList: addAppsWithSections: adding sectionName: S with appInfoTitle: Safety
04-26 20:29:32.447  1219  1219 D AlphabeticalAppsList: addAppsWithSections: adding sectionName: T with appInfoTitle: TMoble
04-26 20:29:32.447  1219  1219 D AlphabeticalAppsList: addAppsWithSections: adding sectionName: Y with appInfoTitle: YouTube
04-26 20:29:32.448  1219  1219 D AlphabeticalAppsList: Adding FastScrollSection duplicate to scroll to the bottom.
04-26 20:29:32.448  1219  1219 D AlphabeticalAppsList: Clearing FastScrollerSections.
04-26 20:29:32.448  1219  1219 D AlphabeticalAppsList: Adding apps with sections. HasPrivateApps: false
04-26 20:29:32.448  1219  1219 D AlphabeticalAppsList: addAppsWithSections: adding sectionName: C with appInfoTitle: Calendar
04-26 20:29:32.448  1219  1219 D AlphabeticalAppsList: addAppsWithSections: adding sectionName: D with appInfoTitle: Drive
04-26 20:29:32.448  1219  1219 D AlphabeticalAppsList: addAppsWithSections: adding sectionName: F with appInfoTitle: Files
04-26 20:29:32.449  1036  1091 V WindowManagerShell: Playing animation for (#139) android.os.BinderProxy@3443a1c@0
04-26 20:29:32.449  1036  1091 D ShellSplitScreen: startAnimation: transition=139 isSplitActive=false
04-26 20:29:32.449  1036  1091 V ShellRecents: RecentsTransitionHandler.startAnimation: no controller found
04-26 20:29:32.449  1219  1219 D AlphabeticalAppsList: addAppsWithSections: adding sectionName: G with appInfoTitle: Glasses
04-26 20:29:32.449  1036  1091 V ShellDesktopMode: DesktopMixedTransitionHandler: No pending desktop transition
04-26 20:29:32.449  1219  1219 D AlphabeticalAppsList: addAppsWithSections: adding sectionName: M with appInfoTitle: Maps
04-26 20:29:32.449  1219  1219 D AlphabeticalAppsList: addAppsWithSections: adding sectionName: P with appInfoTitle: Phone
04-26 20:29:32.450  1036  1091 V WindowManagerShell: Transition doesn't have explicit remote, search filters for match for {id=139 t=OPEN f=0x0 trk=0 r=[0@Point(0, 0)] c=[{m=OPEN f=MOVE_TO_TOP leash=Surface(name=Task=115#1503)/@0x330eb05 sb=Rect(0, 0 - 2400, 1080) eb=Rect(0, 0 - 2400, 1080) epz=Point(2400, 1080) d=0 taskParent=-1 winMode=1 userId=0},{m=TO_BACK f=SHOW_WALLPAPER leash=Surface(name=Task=1#34)/@0xe4dc75a sb=Rect(0, 0 - 2400, 1080) eb=Rect(0, 0 - 2400, 1080) epz=Point(2400, 1080) d=0 taskParent=-1 winMode=1 userId=0},{m=TO_BACK f=IS_WALLPAPER leash=Surface(name=Surface(name=WallpaperWindowToken{3bea6dd}#54)/@0x4e520e1 - rotation-leash#1498)/@0x3777d8b sb=Rect(0, 0 - 1080, 2400) eb=Rect(0, 0 - 2400, 1080) epz=Point(2400, 1080) d=0 r=0->1:-1}]}
04-26 20:29:32.450  1036  1091 V WindowManagerShell:  Checking filter Pair{{types=[] flags=0x0 notFlags=0x0 checks=[{atype=undefined independent=true modes=[CLOSE,TO_BACK] flags=IN_TASK_WITH_EMBEDDED_ACTIVITY mustBeTask=false order=ANY topActivity=null launchCookie=null taskFragmentToken=android.os.BinderProxy@e90ae30 windowingMode=undefined isCrossDisplayMove=false}]} RemoteTransition { remoteTransition = android.window.IRemoteTransition$Stub$Proxy@1ccfaa9, appThread = android.app.IApplicationThread$Stub$Proxy@5c682e, debugName = overlayBackTransition, filter = {types=[] flags=0x0 notFlags=0x0 checks=[{atype=undefined independent=true modes=[CLOSE,TO_BACK] flags=IN_TASK_WITH_EMBEDDED_ACTIVITY mustBeTask=false order=ANY topActivity=null launchCookie=null taskFragmentToken=android.os.BinderProxy@e90ae30 windowingMode=undefined isCrossDisplayMove=false}]} }}
