04-26 16:42:28.677 I/MuMain  ( 8613): PERF_TERRAIN world=73 normal(block=0 tile=0) grass(block=0 tile=0) after(block=0 tile=0)
04-26 16:42:28.721 D/SatelliteController( 1203): isInCarrierRoamingNbIotNtn: satellite is disabled
04-26 16:42:28.721 D/SatelliteController( 1203): getCarrierRoamingNtnConnectType: Checking connect type from PLMN config for subId: 1
04-26 16:42:28.723 D/SatelliteController( 1203): getSatellitePerPlmnConfiguration: invalid subId or not supported via carrier.
04-26 16:42:28.724 D/SatelliteController( 1203): getCarrierRoamingNtnConnectType: config: null
04-26 16:42:28.724 D/SatelliteController( 1203): getCarrierRoamingNtnConnectType: Falling back to global carrier config connect type: 0
04-26 16:42:28.725 D/SatelliteController( 1203): updateLastNotifiedCarrierRoamingNtnSignalStrengthAndNotify(1)
04-26 16:42:28.725 D/SatelliteController( 1203): updateLastNotifiedCarrierRoamingNtnSignalStrengthAndNotify(1) lastNotifiedSignalStrength level: 0
04-26 16:42:28.725 D/SatelliteController( 1203): updateLastNotifiedCarrierRoamingNtnSignalStrengthAndNotify(1) currSignalStrength level: 0
04-26 16:42:29.477 I/MuMain  ( 8613): ADAPT fx scale: fps=33.1 frameMs=30.24 1.00->0.90 target=0.80
04-26 16:42:29.746 I/MuMain  ( 8613): PERF fps=37.1 frameMs=26.92 phase(render=26.17 pad=0.02 present=0.67) renderLevel=4 fxScale=1.00 maxMsg=30 avg(draw=449 verts=74623 im=1811 vaD=0 vaC=0 qI=215 qE=0) max(draw=454 verts=74730)
04-26 16:42:29.746 I/MuMain  ( 8613): PERF_SCENE world=73 char(live=0 vis=0 ply=0 mon=0 npc=0 pet=0 prio=0 topMon=-1 x0) obj(live=375 vis=185 op=0 trap=0 topObj=79 x22)
04-26 16:42:29.746 I/MuMain  ( 8613): PERF_BUCKET objMove(cand=0 upd=0 def=0 n=0 m=0 f=0) objRender(cand=0 draw=0 cull=0 n=0 m=0 f=0 visDraw=0 visDef=0) charMove(cand=0 upd=0 def=0 n=0 m=0 f=0) charRender(cand=0 draw=0 def=0 cull=0 n=0 m=0 f=0)
04-26 16:42:29.746 I/MuMain  ( 8613): PERF_TERRAIN world=73 normal(block=0 tile=0) grass(block=0 tile=0) after(block=0 tile=0)
04-26 16:42:30.182 I/HalDevMgr(  736): bestIfaceCreationProposal is null, requestIface=STA, existingIface=[name=wlan0 type=STA]
04-26 16:42:30.797 I/MuMain  ( 8613): ADAPT fx scale: fps=43.1 frameMs=23.21 1.00->0.90 target=0.90
04-26 16:42:30.797 I/MuMain  ( 8613): PERF fps=43.1 frameMs=23.21 phase(render=22.50 pad=0.02 present=0.63) renderLevel=4 fxScale=1.00 maxMsg=30 avg(draw=372 verts=78559 im=1769 vaD=0 vaC=0 qI=200 qE=0) max(draw=385 verts=80487)
04-26 16:42:30.797 I/MuMain  ( 8613): PERF_SCENE world=73 char(live=0 vis=0 ply=0 mon=0 npc=0 pet=0 prio=0 topMon=-1 x0) obj(live=375 vis=182 op=0 trap=0 topObj=79 x22)
04-26 16:42:30.797 I/MuMain  ( 8613): PERF_BUCKET objMove(cand=0 upd=0 def=0 n=0 m=0 f=0) objRender(cand=0 draw=0 cull=0 n=0 m=0 f=0 visDraw=0 visDef=0) charMove(cand=0 upd=0 def=0 n=0 m=0 f=0) charRender(cand=0 draw=0 def=0 cull=0 n=0 m=0 f=0)
04-26 16:42:30.797 I/MuMain  ( 8613): PERF_TERRAIN world=73 normal(block=0 tile=0) grass(block=0 tile=0) after(block=0 tile=0)
04-26 16:42:31.824 I/MuMain  ( 8613): PERF fps=59.9 frameMs=16.71 phase(render=15.96 pad=0.02 present=0.67) renderLevel=4 fxScale=1.00 maxMsg=30 avg(draw=244 verts=70676 im=1640 vaD=0 vaC=0 qI=104 qE=0) max(draw=252 verts=72510)
04-26 16:42:31.824 I/MuMain  ( 8613): PERF_SCENE world=73 char(live=0 vis=0 ply=0 mon=0 npc=0 pet=0 prio=0 topMon=-1 x0) obj(live=375 vis=183 op=0 trap=0 topObj=79 x24)
04-26 16:42:31.824 I/MuMain  ( 8613): PERF_BUCKET objMove(cand=0 upd=0 def=0 n=0 m=0 f=0) objRender(cand=0 draw=0 cull=0 n=0 m=0 f=0 visDraw=0 visDef=0) charMove(cand=0 upd=0 def=0 n=0 m=0 f=0) charRender(cand=0 draw=0 def=0 cull=0 n=0 m=0 f=0)
04-26 16:42:31.824 I/MuMain  ( 8613): PERF_TERRAIN world=73 normal(block=0 tile=0) grass(block=0 tile=0) after(block=0 tile=0)
04-26 16:42:32.849 I/MuMain  ( 8613): ADAPT net budget up: fps=69.4 frameMs=14.40 maxMsg 30->35
04-26 16:42:32.849 I/MuMain  ( 8613): PERF fps=69.4 frameMs=14.40 phase(render=13.65 pad=0.03 present=0.65) renderLevel=4 fxScale=1.00 maxMsg=35 avg(draw=194 verts=79780 im=1581 vaD=0 vaC=0 qI=80 qE=0) max(draw=203 verts=85179)
04-26 16:42:32.849 I/MuMain  ( 8613): PERF_SCENE world=73 char(live=0 vis=0 ply=0 mon=0 npc=0 pet=0 prio=0 topMon=-1 x0) obj(live=375 vis=166 op=0 trap=0 topObj=79 x24)
04-26 16:42:32.849 I/MuMain  ( 8613): PERF_BUCKET objMove(cand=0 upd=0 def=0 n=0 m=0 f=0) objRender(cand=0 draw=0 cull=0 n=0 m=0 f=0 visDraw=0 visDef=0) charMove(cand=0 upd=0 def=0 n=0 m=0 f=0) charRender(cand=0 draw=0 def=0 cull=0 n=0 m=0 f=0)
04-26 16:42:32.849 I/MuMain  ( 8613): PERF_TERRAIN world=73 normal(block=0 tile=0) grass(block=0 tile=0) after(block=0 tile=0)
04-26 16:42:33.191 I/HalDevMgr(  736): bestIfaceCreationProposal is null, requestIface=STA, existingIface=[name=wlan0 type=STA]
04-26 16:42:33.614 I/MuMain  ( 8613): ADAPT fx scale: fps=43.9 frameMs=22.76 1.00->0.90 target=0.90
04-26 16:42:33.650 I/artd    ( 2780): GetBestInfo: odex next to the dex file (/data/app/~~PqdBwR9WSFUNw4iaJMgoGg==/com.google.android.gms-95Dc1VeYXyONiCBDqz_lkA==/oat/x86_64/base.odex) is kOatUpToDate with filter 'speed-profile' executable 'false'
04-26 16:42:33.653 I/artd    ( 2780): GetBestInfo: dm (/data/app/~~PqdBwR9WSFUNw4iaJMgoGg==/com.google.android.gms-95Dc1VeYXyONiCBDqz_lkA==/split_AdsDynamite_installtime.dm) is kOatUpToDate with filter 'verify' executable 'false'
04-26 16:42:33.654 I/system_server(  736): Background young concurrent mark compact GC freed 18MB AllocSpace bytes, 5(128KB) LOS objects, 30% free, 41MB/59MB, paused 2.791ms,42.623ms total 79.878ms
04-26 16:42:33.655 I/artd    ( 2780): GetBestInfo: dm (/data/app/~~PqdBwR9WSFUNw4iaJMgoGg==/com.google.android.gms-95Dc1VeYXyONiCBDqz_lkA==/split_CronetDynamite_installtime.dm) is kOatUpToDate with filter 'verify' executable 'false'
04-26 16:42:33.657 I/artd    ( 2780): GetBestInfo: dm (/data/app/~~PqdBwR9WSFUNw4iaJMgoGg==/com.google.android.gms-95Dc1VeYXyONiCBDqz_lkA==/split_DynamiteLoader_installtime.dm) is kOatUpToDate with filter 'verify' executable 'false'
04-26 16:42:33.659 I/artd    ( 2780): GetBestInfo: dm (/data/app/~~PqdBwR9WSFUNw4iaJMgoGg==/com.google.android.gms-95Dc1VeYXyONiCBDqz_lkA==/split_DynamiteModulesA_installtime.dm) is kOatUpToDate with filter 'verify' executable 'false'
04-26 16:42:33.661 I/artd    ( 2780): GetBestInfo: dm (/data/app/~~PqdBwR9WSFUNw4iaJMgoGg==/com.google.android.gms-95Dc1VeYXyONiCBDqz_lkA==/split_DynamiteModulesC_installtime.dm) is kOatUpToDate with filter 'verify' executable 'false'
04-26 16:42:33.662 I/artd    ( 2780): GetBestInfo: dm (/data/app/~~PqdBwR9WSFUNw4iaJMgoGg==/com.google.android.gms-95Dc1VeYXyONiCBDqz_lkA==/split_GoogleCertificates_installtime.dm) is kOatUpToDate with filter 'verify' executable 'false'
04-26 16:42:33.665 I/artd    ( 2780): GetBestInfo: dm (/data/app/~~PqdBwR9WSFUNw4iaJMgoGg==/com.google.android.gms-95Dc1VeYXyONiCBDqz_lkA==/split_MapsDynamite_installtime.dm) is kOatUpToDate with filter 'verify' executable 'false'
04-26 16:42:33.666 I/artd    ( 2780): GetBestInfo: dm (/data/app/~~PqdBwR9WSFUNw4iaJMgoGg==/com.google.android.gms-95Dc1VeYXyONiCBDqz_lkA==/split_MeasurementDynamite_installtime.dm) is kOatUpToDate with filter 'verify' executable 'false'
04-26 16:42:33.668 I/artd    ( 2780): GetBestInfo: dm (/data/app/~~PqdBwR9WSFUNw4iaJMgoGg==/com.google.android.gms-95Dc1VeYXyONiCBDqz_lkA==/split_all_locale_splits.dm) is kOatUpToDate with filter 'verify' executable 'false'
04-26 16:42:33.669 I/artd    ( 2780): GetBestInfo: /data/user_de/0/com.google.android.gms/app_chimera/m/0000000a/dl-TfliteDynamiteDynamite.integ_252130102100800.apk has no usable artifacts
04-26 16:42:33.670 I/artd    ( 2780): GetBestInfo: /data/user_de/0/com.google.android.gms/app_chimera/m/00000001/CronetDynamite.apk has no usable artifacts
04-26 16:42:33.672 I/artd    ( 2780): GetBestInfo: /data/user_de/0/com.google.android.gms/app_chimera/m/00000016/dl-MlkitOcrCommon.optional_261332100800.apk has no usable artifacts
04-26 16:42:33.673 I/artd    ( 2780): GetBestInfo: /data/user_de/0/com.google.android.gms/app_chimera/m/00000002/DynamiteLoader.apk has no usable artifacts
04-26 16:42:33.676 I/artd    ( 2780): GetBestInfo: /data/user_de/0/com.google.android.gms/app_chimera/m/0000000e/dl-MlkitBarcodeUi.optional_260235100800.apk has no usable artifacts
04-26 16:42:33.678 I/artd    ( 2780): GetBestInfo: /data/user_de/0/com.google.android.gms/app_chimera/m/00000013/dl-Appsearch.optional_261332100800.apk has no usable artifacts
04-26 16:42:33.678 I/artd    ( 2780): GetBestInfo: /data/user_de/0/com.google.android.gms/app_chimera/m/00000005/GoogleCertificates.apk has no usable artifacts
04-26 16:42:33.680 I/artd    ( 2780): GetBestInfo: /data/user_de/0/com.google.android.gms/app_chimera/m/00000012/dl-PlayCloudSearch.optional_261332100000.apk has no usable artifacts
04-26 16:42:33.682 I/artd    ( 2780): GetBestInfo: vdex next to the dex file (/data/user/0/com.google.android.gms/app_dg_cache/B3ED91DEC21F0EB5284BE10D982ABEAAC45F5C48/oat/x86_64/the.vdex) is kOatUpToDate with filter 'verify' executable 'false'
04-26 16:42:33.684 I/artd    ( 2780): GetBestInfo: /data/user_de/0/com.google.android.gms/app_chimera/m/0000000f/dl-PlayCloudSearch.optional_260235100000.apk has no usable artifacts
04-26 16:42:33.686 I/artd    ( 2780): GetBestInfo: /data/user_de/0/com.google.android.gms/app_chimera/m/00000008/dl-VisionOcr.optional_260235100000.apk has no usable artifacts
04-26 16:42:33.688 I/artd    ( 2780): GetBestInfo: /data/user_de/0/com.google.android.gms/app_chimera/m/0000000b/dl-Appsearch.optional_260235100800.apk has no usable artifacts
04-26 16:42:33.689 I/artd    ( 2780): GetBestInfo: /data/user_de/0/com.google.android.gms/app_chimera/m/00000011/dl-VisionOcr.optional_261332100000.apk has no usable artifacts
04-26 16:42:33.691 I/artd    ( 2780): GetBestInfo: /data/user_de/0/com.google.android.gms/app_chimera/m/00000015/dl-MlkitBarcodeUi.optional_261332100800.apk has no usable artifacts
04-26 16:42:33.693 I/artd    ( 2780): GetBestInfo: /data/user_de/0/com.google.android.gms/app_chimera/m/00000009/dl-MlkitOcrCommon.optional_260235100800.apk has no usable artifacts
04-26 16:42:33.695 I/artd    ( 2780): GetBestInfo: vdex next to the dex file (/data/user/0/com.google.android.gms/app_dg_cache/CE973E4DE823F0AA69070767A9FABB590DDD455C/oat/x86_64/the.vdex) is kOatUpToDate with filter 'verify' executable 'false'
04-26 16:42:33.696 I/artd    ( 2780): GetBestInfo: /data/user_de/0/com.google.android.gms/app_chimera/m/00000007/MeasurementDynamite.apk has no usable artifacts
04-26 16:42:33.868 I/MuMain  ( 8613): PERF fps=63.0 frameMs=15.86 phase(render=15.17 pad=0.03 present=0.60) renderLevel=4 fxScale=1.00 maxMsg=35 avg(draw=200 verts=93813 im=1616 vaD=0 vaC=0 qI=96 qE=0) max(draw=205 verts=97266)
04-26 16:42:33.868 I/MuMain  ( 8613): PERF_SCENE world=73 char(live=0 vis=0 ply=0 mon=0 npc=0 pet=0 prio=0 topMon=-1 x0) obj(live=375 vis=169 op=0 trap=0 topObj=79 x29)
04-26 16:42:33.868 I/MuMain  ( 8613): PERF_BUCKET objMove(cand=0 upd=0 def=0 n=0 m=0 f=0) objRender(cand=0 draw=0 cull=0 n=0 m=0 f=0 visDraw=0 visDef=0) charMove(cand=0 upd=0 def=0 n=0 m=0 f=0) charRender(cand=0 draw=0 def=0 cull=0 n=0 m=0 f=0)
04-26 16:42:33.868 I/MuMain  ( 8613): PERF_TERRAIN world=73 normal(block=0 tile=0) grass(block=0 tile=0) after(block=0 tile=0)
04-26 16:42:34.909 I/MuMain  ( 8613): PERF fps=61.4 frameMs=16.28 phase(render=15.73 pad=0.02 present=0.45) renderLevel=4 fxScale=1.00 maxMsg=35 avg(draw=224 verts=93829 im=1656 vaD=0 vaC=0 qI=118 qE=0) max(draw=234 verts=97266)
04-26 16:42:34.909 I/MuMain  ( 8613): PERF_SCENE world=73 char(live=0 vis=0 ply=0 mon=0 npc=0 pet=0 prio=0 topMon=-1 x0) obj(live=375 vis=166 op=0 trap=0 topObj=79 x25)
04-26 16:42:34.909 I/MuMain  ( 8613): PERF_BUCKET objMove(cand=0 upd=0 def=0 n=0 m=0 f=0) objRender(cand=0 draw=0 cull=0 n=0 m=0 f=0 visDraw=0 visDef=0) charMove(cand=0 upd=0 def=0 n=0 m=0 f=0) charRender(cand=0 draw=0 def=0 cull=0 n=0 m=0 f=0)
04-26 16:42:34.909 I/MuMain  ( 8613): PERF_TERRAIN world=73 normal(block=0 tile=0) grass(block=0 tile=0) after(block=0 tile=0)
04-26 16:42:35.935 I/MuMain  ( 8613): PERF fps=55.6 frameMs=18.00 phase(render=17.28 pad=0.03 present=0.64) renderLevel=4 fxScale=1.00 maxMsg=35 avg(draw=256 verts=94075 im=1711 vaD=0 vaC=0 qI=145 qE=0) max(draw=269 verts=94899)
04-26 16:42:35.935 I/MuMain  ( 8613): PERF_SCENE world=73 char(live=0 vis=0 ply=0 mon=0 npc=0 pet=0 prio=0 topMon=-1 x0) obj(live=375 vis=156 op=0 trap=0 topObj=135 x18)
04-26 16:42:35.935 I/MuMain  ( 8613): PERF_BUCKET objMove(cand=0 upd=0 def=0 n=0 m=0 f=0) objRender(cand=0 draw=0 cull=0 n=0 m=0 f=0 visDraw=0 visDef=0) charMove(cand=0 upd=0 def=0 n=0 m=0 f=0) charRender(cand=0 draw=0 def=0 cull=0 n=0 m=0 f=0)
04-26 16:42:35.935 I/MuMain  ( 8613): PERF_TERRAIN world=73 normal(block=0 tile=0) grass(block=0 tile=0) after(block=0 tile=0)
04-26 16:42:36.197 I/HalDevMgr(  736): bestIfaceCreationProposal is null, requestIface=STA, existingIface=[name=wlan0 type=STA]
04-26 16:42:36.381 I/wpa_supplicant( 1016): wlan0: CTRL-EVENT-BEACON-LOSS 
04-26 16:42:36.450 W/MuMain  ( 8613): ADAPT net budget down: fps=53.7 frameMs=18.62 maxMsg 35->30
04-26 16:42:36.981 I/MuMain  ( 8613): ADAPT fx scale: fps=44.1 frameMs=22.67 1.00->0.90 target=0.90
04-26 16:42:36.981 I/MuMain  ( 8613): PERF fps=44.1 frameMs=22.67 phase(render=21.93 pad=0.03 present=0.64) renderLevel=4 fxScale=1.00 maxMsg=30 avg(draw=351 verts=104584 im=1872 vaD=0 vaC=0 qI=234 qE=0) max(draw=381 verts=104679)
04-26 16:42:36.981 I/MuMain  ( 8613): PERF_SCENE world=73 char(live=0 vis=0 ply=0 mon=0 npc=0 pet=0 prio=0 topMon=-1 x0) obj(live=375 vis=126 op=0 trap=0 topObj=135 x18)
04-26 16:42:36.981 I/MuMain  ( 8613): PERF_BUCKET objMove(cand=0 upd=0 def=0 n=0 m=0 f=0) objRender(cand=0 draw=0 cull=0 n=0 m=0 f=0 visDraw=0 visDef=0) charMove(cand=0 upd=0 def=0 n=0 m=0 f=0) charRender(cand=0 draw=0 def=0 cull=0 n=0 m=0 f=0)
04-26 16:42:36.981 I/MuMain  ( 8613): PERF_TERRAIN world=73 normal(block=0 tile=0) grass(block=0 tile=0) after(block=0 tile=0)
04-26 16:42:38.078 I/MuMain  ( 8613): PERF fps=41.1 frameMs=24.34 phase(render=23.63 pad=0.02 present=0.63) renderLevel=4 fxScale=1.00 maxMsg=30 avg(draw=384 verts=98930 im=1945 vaD=0 vaC=0 qI=287 qE=0) max(draw=392 verts=99792)
04-26 16:42:38.079 I/MuMain  ( 8613): PERF_SCENE world=73 char(live=0 vis=0 ply=0 mon=0 npc=0 pet=0 prio=0 topMon=-1 x0) obj(live=375 vis=105 op=0 trap=0 topObj=135 x12)
04-26 16:42:38.079 I/MuMain  ( 8613): PERF_BUCKET objMove(cand=0 upd=0 def=0 n=0 m=0 f=0) objRender(cand=0 draw=0 cull=0 n=0 m=0 f=0 visDraw=0 visDef=0) charMove(cand=0 upd=0 def=0 n=0 m=0 f=0) charRender(cand=0 draw=0 def=0 cull=0 n=0 m=0 f=0)
04-26 16:42:38.079 I/MuMain  ( 8613): PERF_TERRAIN world=73 normal(block=0 tile=0) grass(block=0 tile=0) after(block=0 tile=0)
04-26 16:42:38.354 I/MuMain  ( 8613): ADAPT fx scale: fps=40.0 frameMs=25.02 1.00->0.90 target=0.90
04-26 16:42:38.720 D/SatelliteController( 1203): isInCarrierRoamingNbIotNtn: satellite is disabled
04-26 16:42:38.720 D/SatelliteController( 1203): getCarrierRoamingNtnConnectType: Checking connect type from PLMN config for subId: 1
04-26 16:42:38.721 D/SatelliteController( 1203): getSatellitePerPlmnConfiguration: invalid subId or not supported via carrier.
04-26 16:42:38.721 D/SatelliteController( 1203): getCarrierRoamingNtnConnectType: config: null
04-26 16:42:38.721 D/SatelliteController( 1203): getCarrierRoamingNtnConnectType: Falling back to global carrier config connect type: 0
04-26 16:42:38.721 D/SatelliteController( 1203): updateLastNotifiedCarrierRoamingNtnSignalStrengthAndNotify(1)
04-26 16:42:38.721 D/SatelliteController( 1203): updateLastNotifiedCarrierRoamingNtnSignalStrengthAndNotify(1) lastNotifiedSignalStrength level: 0
04-26 16:42:38.721 D/SatelliteController( 1203): updateLastNotifiedCarrierRoamingNtnSignalStrengthAndNotify(1) currSignalStrength level: 0
04-26 16:42:39.121 I/MuMain  ( 8613): PERF fps=39.9 frameMs=25.08 phase(render=24.27 pad=0.02 present=0.73) renderLevel=4 fxScale=1.00 maxMsg=30 avg(draw=399 verts=96718 im=1991 vaD=0 vaC=0 qI=301 qE=0) max(draw=409 verts=96792)
04-26 16:42:39.121 I/MuMain  ( 8613): PERF_SCENE world=73 char(live=0 vis=0 ply=0 mon=0 npc=0 pet=0 prio=0 topMon=-1 x0) obj(live=375 vis=88 op=0 trap=0 topObj=129 x7)
04-26 16:42:39.121 I/MuMain  ( 8613): PERF_BUCKET objMove(cand=0 upd=0 def=0 n=0 m=0 f=0) objRender(cand=0 draw=0 cull=0 n=0 m=0 f=0 visDraw=0 visDef=0) charMove(cand=0 upd=0 def=0 n=0 m=0 f=0) charRender(cand=0 draw=0 def=0 cull=0 n=0 m=0 f=0)
04-26 16:42:39.121 I/MuMain  ( 8613): PERF_TERRAIN world=73 normal(block=0 tile=0) grass(block=0 tile=0) after(block=0 tile=0)
04-26 16:42:39.206 I/AdbWifiNetworkMonitor(  736): Wi-Fi network available
04-26 16:42:39.206 I/AdbWifiNetworkMonitor(  736): Received the same Wi-Fi SSID. Ignoring.
04-26 16:42:39.208 I/HalDevMgr(  736): bestIfaceCreationProposal is null, requestIface=STA, existingIface=[name=wlan0 type=STA]
04-26 16:42:39.211 W/libbinder.IPCThreadState(  736): Sending oneway calls to frozen process.
04-26 16:42:39.213 W/libbinder.IPCThreadState(  736): Sending oneway calls to frozen process.
04-26 16:42:39.214 W/libbinder.IPCThreadState(  736): Sending oneway calls to frozen process.
04-26 16:42:39.214 W/libbinder.IPCThreadState(  736): Sending oneway calls to frozen process.
04-26 16:42:39.214 W/libbinder.IPCThreadState(  736): Sending oneway calls to frozen process.
04-26 16:42:39.218 I/NullBinder( 1366): NullBinder for android.net.action.RECOMMEND_NETWORKS triggering remote TransactionTooLargeException due to Service without Chimera impl, calling uid: 1000, calling pid: 0
04-26 16:42:39.218 W/libbinder.Binder( 1366): Large reply transaction of 1056768 bytes, interface descriptor , function: UNKNOWN_FUNCTION_NAME, code: 1, flags: 17
04-26 16:42:39.646 I/MuMain  ( 8613): ADAPT fx scale: fps=39.1 frameMs=25.58 1.00->0.90 target=0.90
04-26 16:42:40.182 I/MuMain  ( 8613): PERF fps=44.6 frameMs=22.41 phase(render=21.62 pad=0.02 present=0.71) renderLevel=4 fxScale=1.00 maxMsg=30 avg(draw=352 verts=81500 im=1956 vaD=0 vaC=0 qI=271 qE=0) max(draw=362 verts=85647)
04-26 16:42:40.182 I/MuMain  ( 8613): PERF_SCENE world=73 char(live=0 vis=0 ply=0 mon=0 npc=0 pet=0 prio=0 topMon=-1 x0) obj(live=375 vis=73 op=0 trap=0 topObj=129 x7)
04-26 16:42:40.182 I/MuMain  ( 8613): PERF_BUCKET objMove(cand=0 upd=0 def=0 n=0 m=0 f=0) objRender(cand=0 draw=0 cull=0 n=0 m=0 f=0 visDraw=0 visDef=0) charMove(cand=0 upd=0 def=0 n=0 m=0 f=0) charRender(cand=0 draw=0 def=0 cull=0 n=0 m=0 f=0)
04-26 16:42:40.182 I/MuMain  ( 8613): PERF_TERRAIN world=73 normal(block=0 tile=0) grass(block=0 tile=0) after(block=0 tile=0)
04-26 16:42:40.954 I/MuMain  ( 8613): ADAPT fx scale: fps=43.7 frameMs=22.86 1.00->0.90 target=0.90
04-26 16:42:41.207 I/MuMain  ( 8613): PERF fps=43.5 frameMs=23.00 phase(render=22.16 pad=0.02 present=0.75) renderLevel=4 fxScale=1.00 maxMsg=30 avg(draw=367 verts=91908 im=1975 vaD=0 vaC=0 qI=285 qE=0) max(draw=374 verts=95913)
04-26 16:42:41.207 I/MuMain  ( 8613): PERF_SCENE world=73 char(live=0 vis=0 ply=0 mon=0 npc=0 pet=0 prio=0 topMon=-1 x0) obj(live=375 vis=62 op=0 trap=0 topObj=129 x6)
04-26 16:42:41.208 I/MuMain  ( 8613): PERF_BUCKET objMove(cand=0 upd=0 def=0 n=0 m=0 f=0) objRender(cand=0 draw=0 cull=0 n=0 m=0 f=0 visDraw=0 visDef=0) charMove(cand=0 upd=0 def=0 n=0 m=0 f=0) charRender(cand=0 draw=0 def=0 cull=0 n=0 m=0 f=0)
04-26 16:42:41.208 I/MuMain  ( 8613): PERF_TERRAIN world=73 normal(block=0 tile=0) grass(block=0 tile=0) after(block=0 tile=0)
04-26 16:42:42.217 I/HalDevMgr(  736): bestIfaceCreationProposal is null, requestIface=STA, existingIface=[name=wlan0 type=STA]
04-26 16:42:42.251 I/MuMain  ( 8613): ADAPT fx scale: fps=47.6 frameMs=21.03 1.00->0.90 target=0.90
04-26 16:42:42.251 I/MuMain  ( 8613): PERF fps=47.6 frameMs=21.03 phase(render=20.26 pad=0.03 present=0.68) renderLevel=4 fxScale=1.00 maxMsg=30 avg(draw=321 verts=95338 im=1947 vaD=0 vaC=0 qI=237 qE=0) max(draw=338 verts=95940)
04-26 16:42:42.251 I/MuMain  ( 8613): PERF_SCENE world=73 char(live=0 vis=0 ply=0 mon=0 npc=0 pet=0 prio=0 topMon=-1 x0) obj(live=375 vis=50 op=0 trap=0 topObj=129 x6)
04-26 16:42:42.251 I/MuMain  ( 8613): PERF_BUCKET objMove(cand=0 upd=0 def=0 n=0 m=0 f=0) objRender(cand=0 draw=0 cull=0 n=0 m=0 f=0 visDraw=0 visDef=0) charMove(cand=0 upd=0 def=0 n=0 m=0 f=0) charRender(cand=0 draw=0 def=0 cull=0 n=0 m=0 f=0)
04-26 16:42:42.251 I/MuMain  ( 8613): PERF_TERRAIN world=73 normal(block=0 tile=0) grass(block=0 tile=0) after(block=0 tile=0)
04-26 16:42:43.302 I/MuMain  ( 8613): PERF fps=49.8 frameMs=20.09 phase(render=19.07 pad=0.02 present=0.94) renderLevel=4 fxScale=1.00 maxMsg=30 avg(draw=294 verts=88766 im=2066 vaD=0 vaC=0 qI=218 qE=0) max(draw=309 verts=92826)
04-26 16:42:43.303 I/MuMain  ( 8613): PERF_SCENE world=73 char(live=0 vis=0 ply=0 mon=0 npc=0 pet=0 prio=0 topMon=-1 x0) obj(live=375 vis=58 op=0 trap=0 topObj=129 x7)
04-26 16:42:43.303 I/MuMain  ( 8613): PERF_BUCKET objMove(cand=0 upd=0 def=0 n=0 m=0 f=0) objRender(cand=0 draw=0 cull=0 n=0 m=0 f=0 visDraw=0 visDef=0) charMove(cand=0 upd=0 def=0 n=0 m=0 f=0) charRender(cand=0 draw=0 def=0 cull=0 n=0 m=0 f=0)
04-26 16:42:43.303 I/MuMain  ( 8613): PERF_TERRAIN world=73 normal(block=0 tile=0) grass(block=0 tile=0) after(block=0 tile=0)
04-26 16:42:43.561 I/MuMain  ( 8613): ADAPT fx scale: fps=42.6 frameMs=23.50 1.00->0.90 target=0.90
04-26 16:42:43.610 I/artd    ( 2780): GetBestInfo: odex next to the dex file (/data/app/~~PqdBwR9WSFUNw4iaJMgoGg==/com.google.android.gms-95Dc1VeYXyONiCBDqz_lkA==/oat/x86_64/base.odex) is kOatUpToDate with filter 'speed-profile' executable 'false'
04-26 16:42:43.612 I/artd    ( 2780): GetBestInfo: dm (/data/app/~~PqdBwR9WSFUNw4iaJMgoGg==/com.google.android.gms-95Dc1VeYXyONiCBDqz_lkA==/split_AdsDynamite_installtime.dm) is kOatUpToDate with filter 'verify' executable 'false'
04-26 16:42:43.614 I/artd    ( 2780): GetBestInfo: dm (/data/app/~~PqdBwR9WSFUNw4iaJMgoGg==/com.google.android.gms-95Dc1VeYXyONiCBDqz_lkA==/split_CronetDynamite_installtime.dm) is kOatUpToDate with filter 'verify' executable 'false'
04-26 16:42:43.616 I/artd    ( 2780): GetBestInfo: dm (/data/app/~~PqdBwR9WSFUNw4iaJMgoGg==/com.google.android.gms-95Dc1VeYXyONiCBDqz_lkA==/split_DynamiteLoader_installtime.dm) is kOatUpToDate with filter 'verify' executable 'false'
04-26 16:42:43.617 I/artd    ( 2780): GetBestInfo: dm (/data/app/~~PqdBwR9WSFUNw4iaJMgoGg==/com.google.android.gms-95Dc1VeYXyONiCBDqz_lkA==/split_DynamiteModulesA_installtime.dm) is kOatUpToDate with filter 'verify' executable 'false'
04-26 16:42:43.619 I/artd    ( 2780): GetBestInfo: dm (/data/app/~~PqdBwR9WSFUNw4iaJMgoGg==/com.google.android.gms-95Dc1VeYXyONiCBDqz_lkA==/split_DynamiteModulesC_installtime.dm) is kOatUpToDate with filter 'verify' executable 'false'
04-26 16:42:43.621 I/artd    ( 2780): GetBestInfo: dm (/data/app/~~PqdBwR9WSFUNw4iaJMgoGg==/com.google.android.gms-95Dc1VeYXyONiCBDqz_lkA==/split_GoogleCertificates_installtime.dm) is kOatUpToDate with filter 'verify' executable 'false'
04-26 16:42:43.622 I/artd    ( 2780): GetBestInfo: dm (/data/app/~~PqdBwR9WSFUNw4iaJMgoGg==/com.google.android.gms-95Dc1VeYXyONiCBDqz_lkA==/split_MapsDynamite_installtime.dm) is kOatUpToDate with filter 'verify' executable 'false'
04-26 16:42:43.624 I/artd    ( 2780): GetBestInfo: dm (/data/app/~~PqdBwR9WSFUNw4iaJMgoGg==/com.google.android.gms-95Dc1VeYXyONiCBDqz_lkA==/split_MeasurementDynamite_installtime.dm) is kOatUpToDate with filter 'verify' executable 'false'
04-26 16:42:43.626 I/artd    ( 2780): GetBestInfo: dm (/data/app/~~PqdBwR9WSFUNw4iaJMgoGg==/com.google.android.gms-95Dc1VeYXyONiCBDqz_lkA==/split_all_locale_splits.dm) is kOatUpToDate with filter 'verify' executable 'false'
04-26 16:42:43.628 I/artd    ( 2780): GetBestInfo: /data/user_de/0/com.google.android.gms/app_chimera/m/0000000a/dl-TfliteDynamiteDynamite.integ_252130102100800.apk has no usable artifacts
04-26 16:42:43.629 I/artd    ( 2780): GetBestInfo: /data/user_de/0/com.google.android.gms/app_chimera/m/00000001/CronetDynamite.apk has no usable artifacts
04-26 16:42:43.630 I/artd    ( 2780): GetBestInfo: /data/user_de/0/com.google.android.gms/app_chimera/m/00000016/dl-MlkitOcrCommon.optional_261332100800.apk has no usable artifacts
04-26 16:42:43.631 I/artd    ( 2780): GetBestInfo: /data/user_de/0/com.google.android.gms/app_chimera/m/00000002/DynamiteLoader.apk has no usable artifacts
04-26 16:42:43.633 I/artd    ( 2780): GetBestInfo: /data/user_de/0/com.google.android.gms/app_chimera/m/0000000e/dl-MlkitBarcodeUi.optional_260235100800.apk has no usable artifacts
04-26 16:42:43.634 I/artd    ( 2780): GetBestInfo: /data/user_de/0/com.google.android.gms/app_chimera/m/00000013/dl-Appsearch.optional_261332100800.apk has no usable artifacts
04-26 16:42:43.635 I/artd    ( 2780): GetBestInfo: /data/user_de/0/com.google.android.gms/app_chimera/m/00000005/GoogleCertificates.apk has no usable artifacts
04-26 16:42:43.636 I/artd    ( 2780): GetBestInfo: /data/user_de/0/com.google.android.gms/app_chimera/m/00000012/dl-PlayCloudSearch.optional_261332100000.apk has no usable artifacts
04-26 16:42:43.638 I/artd    ( 2780): GetBestInfo: vdex next to the dex file (/data/user/0/com.google.android.gms/app_dg_cache/B3ED91DEC21F0EB5284BE10D982ABEAAC45F5C48/oat/x86_64/the.vdex) is kOatUpToDate with filter 'verify' executable 'false'
04-26 16:42:43.640 I/artd    ( 2780): GetBestInfo: /data/user_de/0/com.google.android.gms/app_chimera/m/0000000f/dl-PlayCloudSearch.optional_260235100000.apk has no usable artifacts
04-26 16:42:43.642 I/artd    ( 2780): GetBestInfo: /data/user_de/0/com.google.android.gms/app_chimera/m/00000008/dl-VisionOcr.optional_260235100000.apk has no usable artifacts
04-26 16:42:43.644 I/artd    ( 2780): GetBestInfo: /data/user_de/0/com.google.android.gms/app_chimera/m/0000000b/dl-Appsearch.optional_260235100800.apk has no usable artifacts
04-26 16:42:43.646 I/artd    ( 2780): GetBestInfo: /data/user_de/0/com.google.android.gms/app_chimera/m/00000011/dl-VisionOcr.optional_261332100000.apk has no usable artifacts
04-26 16:42:43.648 I/artd    ( 2780): GetBestInfo: /data/user_de/0/com.google.android.gms/app_chimera/m/00000015/dl-MlkitBarcodeUi.optional_261332100800.apk has no usable artifacts
04-26 16:42:43.650 I/artd    ( 2780): GetBestInfo: /data/user_de/0/com.google.android.gms/app_chimera/m/00000009/dl-MlkitOcrCommon.optional_260235100800.apk has no usable artifacts
04-26 16:42:43.651 I/artd    ( 2780): GetBestInfo: vdex next to the dex file (/data/user/0/com.google.android.gms/app_dg_cache/CE973E4DE823F0AA69070767A9FABB590DDD455C/oat/x86_64/the.vdex) is kOatUpToDate with filter 'verify' executable 'false'
04-26 16:42:43.652 I/artd    ( 2780): GetBestInfo: /data/user_de/0/com.google.android.gms/app_chimera/m/00000007/MeasurementDynamite.apk has no usable artifacts
04-26 16:42:44.317 I/wpa_supplicant( 1016): wlan0: CTRL-EVENT-BEACON-LOSS 
04-26 16:42:44.330 I/MuMain  ( 8613): PERF fps=56.1 frameMs=17.81 phase(render=17.14 pad=0.02 present=0.60) renderLevel=4 fxScale=1.00 maxMsg=30 avg(draw=255 verts=85453 im=2061 vaD=0 vaC=0 qI=181 qE=0) max(draw=265 verts=87159)
04-26 16:42:44.330 I/MuMain  ( 8613): PERF_SCENE world=73 char(live=0 vis=0 ply=0 mon=0 npc=0 pet=0 prio=0 topMon=-1 x0) obj(live=375 vis=114 op=0 trap=0 topObj=146 x8)
04-26 16:42:44.330 I/MuMain  ( 8613): PERF_BUCKET objMove(cand=0 upd=0 def=0 n=0 m=0 f=0) objRender(cand=0 draw=0 cull=0 n=0 m=0 f=0 visDraw=0 visDef=0) charMove(cand=0 upd=0 def=0 n=0 m=0 f=0) charRender(cand=0 draw=0 def=0 cull=0 n=0 m=0 f=0)
04-26 16:42:44.330 I/MuMain  ( 8613): PERF_TERRAIN world=73 normal(block=0 tile=0) grass(block=0 tile=0) after(block=0 tile=0)
04-26 16:42:45.223 I/AdbWifiNetworkMonitor(  736): Wi-Fi network available
04-26 16:42:45.223 I/AdbWifiNetworkMonitor(  736): Received the same Wi-Fi SSID. Ignoring.
04-26 16:42:45.228 I/HalDevMgr(  736): bestIfaceCreationProposal is null, requestIface=STA, existingIface=[name=wlan0 type=STA]
04-26 16:42:45.231 W/libbinder.IPCThreadState(  736): Sending oneway calls to frozen process.
04-26 16:42:45.233 W/libbinder.IPCThreadState(  736): Sending oneway calls to frozen process.
04-26 16:42:45.234 W/libbinder.IPCThreadState(  736): Sending oneway calls to frozen process.
04-26 16:42:45.234 W/libbinder.IPCThreadState(  736): Sending oneway calls to frozen process.
04-26 16:42:45.234 W/libbinder.IPCThreadState(  736): Sending oneway calls to frozen process.
04-26 16:42:45.236 I/NullBinder( 1366): NullBinder for android.net.action.RECOMMEND_NETWORKS triggering remote TransactionTooLargeException due to Service without Chimera impl, calling uid: 1000, calling pid: 0
04-26 16:42:45.236 W/libbinder.Binder( 1366): Large reply transaction of 1056768 bytes, interface descriptor , function: UNKNOWN_FUNCTION_NAME, code: 1, flags: 17
04-26 16:42:45.377 I/MuMain  ( 8613): PERF fps=48.7 frameMs=20.55 phase(render=19.75 pad=0.02 present=0.70) renderLevel=4 fxScale=1.00 maxMsg=30 avg(draw=295 verts=90832 im=1962 vaD=0 vaC=0 qI=215 qE=0) max(draw=308 verts=92214)
04-26 16:42:45.377 I/MuMain  ( 8613): PERF_SCENE world=73 char(live=0 vis=0 ply=0 mon=0 npc=0 pet=0 prio=0 topMon=-1 x0) obj(live=375 vis=121 op=0 trap=0 topObj=79 x15)
04-26 16:42:45.377 I/MuMain  ( 8613): PERF_BUCKET objMove(cand=0 upd=0 def=0 n=0 m=0 f=0) objRender(cand=0 draw=0 cull=0 n=0 m=0 f=0 visDraw=0 visDef=0) charMove(cand=0 upd=0 def=0 n=0 m=0 f=0) charRender(cand=0 draw=0 def=0 cull=0 n=0 m=0 f=0)
04-26 16:42:45.377 I/MuMain  ( 8613): PERF_TERRAIN world=73 normal(block=0 tile=0) grass(block=0 tile=0) after(block=0 tile=0)
04-26 16:42:46.406 I/MuMain  ( 8613): PERF fps=58.5 frameMs=17.10 phase(render=16.47 pad=0.02 present=0.53) renderLevel=4 fxScale=1.00 maxMsg=30 avg(draw=240 verts=84883 im=1844 vaD=0 vaC=0 qI=166 qE=0) max(draw=247 verts=85308)
04-26 16:42:46.406 I/MuMain  ( 8613): PERF_SCENE world=73 char(live=0 vis=0 ply=0 mon=0 npc=0 pet=0 prio=0 topMon=-1 x0) obj(live=375 vis=90 op=0 trap=0 topObj=79 x12)
04-26 16:42:46.406 I/MuMain  ( 8613): PERF_BUCKET objMove(cand=0 upd=0 def=0 n=0 m=0 f=0) objRender(cand=0 draw=0 cull=0 n=0 m=0 f=0 visDraw=0 visDef=0) charMove(cand=0 upd=0 def=0 n=0 m=0 f=0) charRender(cand=0 draw=0 def=0 cull=0 n=0 m=0 f=0)
04-26 16:42:46.406 I/MuMain  ( 8613): PERF_TERRAIN world=73 normal(block=0 tile=0) grass(block=0 tile=0) after(block=0 tile=0)
04-26 16:42:47.448 I/MuMain  ( 8613): PERF fps=68.4 frameMs=14.62 phase(render=14.04 pad=0.02 present=0.51) renderLevel=4 fxScale=1.00 maxMsg=30 avg(draw=208 verts=58295 im=1683 vaD=0 vaC=0 qI=153 qE=0) max(draw=219 verts=59874)
04-26 16:42:47.448 I/MuMain  ( 8613): PERF_SCENE world=73 char(live=0 vis=0 ply=0 mon=0 npc=0 pet=0 prio=0 topMon=-1 x0) obj(live=375 vis=77 op=0 trap=0 topObj=79 x13)
04-26 16:42:47.448 I/MuMain  ( 8613): PERF_BUCKET objMove(cand=0 upd=0 def=0 n=0 m=0 f=0) objRender(cand=0 draw=0 cull=0 n=0 m=0 f=0 visDraw=0 visDef=0) charMove(cand=0 upd=0 def=0 n=0 m=0 f=0) charRender(cand=0 draw=0 def=0 cull=0 n=0 m=0 f=0)
04-26 16:42:47.448 I/MuMain  ( 8613): PERF_TERRAIN world=73 normal(block=0 tile=0) grass(block=0 tile=0) after(block=0 tile=0)
04-26 16:42:47.703 I/MuMain  ( 8613): ADAPT net budget up: fps=70.5 frameMs=14.18 maxMsg 30->35
04-26 16:42:47.777 E/BluetoothPowerStatsCollector(  736): Cannot acquire BluetoothActivityEnergyInfo
04-26 16:42:47.777 E/BluetoothPowerStatsCollector(  736): java.util.concurrent.ExecutionException: java.lang.RuntimeException: error: 11
04-26 16:42:47.777 E/BluetoothPowerStatsCollector(  736): 	at java.util.concurrent.CompletableFuture.reportGet(CompletableFuture.java:372)
04-26 16:42:47.777 E/BluetoothPowerStatsCollector(  736): 	at java.util.concurrent.CompletableFuture.get(CompletableFuture.java:2072)
04-26 16:42:47.777 E/BluetoothPowerStatsCollector(  736): 	at com.android.server.power.stats.BluetoothPowerStatsCollector.collectBluetoothActivityInfo(BluetoothPowerStatsCollector.java:197)
04-26 16:42:47.777 E/BluetoothPowerStatsCollector(  736): 	at com.android.server.power.stats.BluetoothPowerStatsCollector.collectStats(BluetoothPowerStatsCollector.java:156)
04-26 16:42:47.777 E/BluetoothPowerStatsCollector(  736): 	at com.android.server.power.stats.PowerStatsCollector.collectAndDeliverStats(PowerStatsCollector.java:205)
04-26 16:42:47.777 E/BluetoothPowerStatsCollector(  736): 	at com.android.server.power.stats.PowerStatsCollector.lambda$schedule$0(PowerStatsCollector.java:175)
04-26 16:42:47.777 E/BluetoothPowerStatsCollector(  736): 	at com.android.server.power.stats.PowerStatsCollector.$r8$lambda$G7G_yFY7rV7oxQbQHnZ5FHX8eBk(PowerStatsCollector.java:0)
04-26 16:42:47.777 E/BluetoothPowerStatsCollector(  736): 	at com.android.server.power.stats.PowerStatsCollector$$ExternalSyntheticLambda1.run(R8$$SyntheticClass:0)
04-26 16:42:47.777 E/BluetoothPowerStatsCollector(  736): 	at android.os.Handler.handleCallback(Handler.java:1095)
04-26 16:42:47.777 E/BluetoothPowerStatsCollector(  736): 	at android.os.Handler.dispatchMessageImpl(Handler.java:135)
04-26 16:42:47.777 E/BluetoothPowerStatsCollector(  736): 	at android.os.Handler.dispatchMessage(Handler.java:125)
04-26 16:42:47.777 E/BluetoothPowerStatsCollector(  736): 	at android.os.Looper.loopOnce(Looper.java:292)
04-26 16:42:47.777 E/BluetoothPowerStatsCollector(  736): 	at android.os.Looper.loop(Looper.java:393)
04-26 16:42:47.777 E/BluetoothPowerStatsCollector(  736): 	at android.os.HandlerThread.run(HandlerThread.java:139)
04-26 16:42:47.777 E/BluetoothPowerStatsCollector(  736): Caused by: java.lang.RuntimeException: error: 11
04-26 16:42:47.777 E/BluetoothPowerStatsCollector(  736): 	at com.android.server.power.stats.BluetoothPowerStatsCollector$1.onBluetoothActivityEnergyInfoError(BluetoothPowerStatsCollector.java:185)
04-26 16:42:47.777 E/BluetoothPowerStatsCollector(  736): 	at android.bluetooth.BluetoothAdapter$OnBluetoothActivityEnergyInfoProxy.lambda$onBluetoothActivityEnergyInfoAvailable$0(BluetoothAdapter.java:952)
04-26 16:42:47.777 E/BluetoothPowerStatsCollector(  736): 	at android.bluetooth.BluetoothAdapter$OnBluetoothActivityEnergyInfoProxy.$r8$lambda$ks_hN9Vo_x2Jp1k5f-s67WiAd4A(BluetoothAdapter.java:0)
04-26 16:42:47.777 E/BluetoothPowerStatsCollector(  736): 	at android.bluetooth.BluetoothAdapter$OnBluetoothActivityEnergyInfoProxy$$ExternalSyntheticLambda0.run(D8$$SyntheticClass:0)
04-26 16:42:47.777 E/BluetoothPowerStatsCollector(  736): 	at android.bluetooth.BluetoothUtils.lambda$executeFromBinder$0(BluetoothUtils.java:342)
04-26 16:42:47.777 E/BluetoothPowerStatsCollector(  736): 	at android.bluetooth.BluetoothUtils$$ExternalSyntheticLambda1.run(D8$$SyntheticClass:0)
04-26 16:42:47.777 E/BluetoothPowerStatsCollector(  736): 	at com.android.server.SystemServerInitThreadPool$$ExternalSyntheticLambda0.execute(R8$$SyntheticClass:0)
04-26 16:42:47.777 E/BluetoothPowerStatsCollector(  736): 	at android.bluetooth.BluetoothUtils.executeFromBinder(BluetoothUtils.java:342)
04-26 16:42:47.777 E/BluetoothPowerStatsCollector(  736): 	at android.bluetooth.BluetoothAdapter$OnBluetoothActivityEnergyInfoProxy.onBluetoothActivityEnergyInfoAvailable(BluetoothAdapter.java:950)
04-26 16:42:47.777 E/BluetoothPowerStatsCollector(  736): 	at android.bluetooth.IBluetoothActivityEnergyInfoListener$Stub.onTransact(IBluetoothActivityEnergyInfoListener.java:90)
04-26 16:42:47.777 E/BluetoothPowerStatsCollector(  736): 	at android.os.Binder.execTransactInternal(Binder.java:1471)
04-26 16:42:47.777 E/BluetoothPowerStatsCollector(  736): 	at android.os.Binder.execTransact(Binder.java:1411)
04-26 16:42:48.239 I/HalDevMgr(  736): bestIfaceCreationProposal is null, requestIface=STA, existingIface=[name=wlan0 type=STA]
04-26 16:42:48.398 I/AppSearchIcing(  736): icing-search-engine.cc:2487: Persisting data to disk with mode 3
04-26 16:42:48.401 I/AppSearchIcing(  736): icing-search-engine.cc:2502: PersistToDisk completed.
04-26 16:42:48.482 I/MuMain  ( 8613): PERF fps=64.9 frameMs=15.42 phase(render=14.69 pad=0.03 present=0.63) renderLevel=4 fxScale=1.00 maxMsg=35 avg(draw=214 verts=70383 im=1567 vaD=0 vaC=0 qI=150 qE=0) max(draw=220 verts=72360)
04-26 16:42:48.482 I/MuMain  ( 8613): PERF_SCENE world=73 char(live=0 vis=0 ply=0 mon=0 npc=0 pet=0 prio=0 topMon=-1 x0) obj(live=375 vis=51 op=0 trap=0 topObj=79 x8)
04-26 16:42:48.482 I/MuMain  ( 8613): PERF_BUCKET objMove(cand=0 upd=0 def=0 n=0 m=0 f=0) objRender(cand=0 draw=0 cull=0 n=0 m=0 f=0 visDraw=0 visDef=0) charMove(cand=0 upd=0 def=0 n=0 m=0 f=0) charRender(cand=0 draw=0 def=0 cull=0 n=0 m=0 f=0)
04-26 16:42:48.482 I/MuMain  ( 8613): PERF_TERRAIN world=73 normal(block=0 tile=0) grass(block=0 tile=0) after(block=0 tile=0)
04-26 16:42:48.720 D/SatelliteController( 1203): isInCarrierRoamingNbIotNtn: satellite is disabled
04-26 16:42:48.722 D/SatelliteController( 1203): getCarrierRoamingNtnConnectType: Checking connect type from PLMN config for subId: 1
04-26 16:42:48.722 D/SatelliteController( 1203): getSatellitePerPlmnConfiguration: invalid subId or not supported via carrier.
04-26 16:42:48.722 D/SatelliteController( 1203): getCarrierRoamingNtnConnectType: config: null
04-26 16:42:48.724 D/SatelliteController( 1203): getCarrierRoamingNtnConnectType: Falling back to global carrier config connect type: 0
04-26 16:42:48.726 D/SatelliteController( 1203): updateLastNotifiedCarrierRoamingNtnSignalStrengthAndNotify(1)
04-26 16:42:48.726 D/SatelliteController( 1203): updateLastNotifiedCarrierRoamingNtnSignalStrengthAndNotify(1) lastNotifiedSignalStrength level: 0
04-26 16:42:48.726 D/SatelliteController( 1203): updateLastNotifiedCarrierRoamingNtnSignalStrengthAndNotify(1) currSignalStrength level: 0
04-26 16:42:48.737 I/MuMain  ( 8613): ADAPT net budget up: fps=66.7 frameMs=14.99 maxMsg 35->40
04-26 16:42:49.511 I/MuMain  ( 8613): PERF fps=63.6 frameMs=15.73 phase(render=15.09 pad=0.02 present=0.54) renderLevel=4 fxScale=1.00 maxMsg=40 avg(draw=216 verts=65097 im=1523 vaD=0 vaC=0 qI=152 qE=0) max(draw=233 verts=74154)
04-26 16:42:49.511 I/MuMain  ( 8613): PERF_SCENE world=73 char(live=0 vis=0 ply=0 mon=0 npc=0 pet=0 prio=0 topMon=-1 x0) obj(live=375 vis=74 op=0 trap=0 topObj=20 x10)
04-26 16:42:49.511 I/MuMain  ( 8613): PERF_BUCKET objMove(cand=0 upd=0 def=0 n=0 m=0 f=0) objRender(cand=0 draw=0 cull=0 n=0 m=0 f=0 visDraw=0 visDef=0) charMove(cand=0 upd=0 def=0 n=0 m=0 f=0) charRender(cand=0 draw=0 def=0 cull=0 n=0 m=0 f=0)
04-26 16:42:49.511 I/MuMain  ( 8613): PERF_TERRAIN world=73 normal(block=0 tile=0) grass(block=0 tile=0) after(block=0 tile=0)
04-26 16:42:49.891 D/ActivityManager(  736): sync unfroze 5305 com.android.keychain for 10
04-26 16:42:49.893 D/ActivityManager(  736): sync unfroze 4453 com.android.settings for 10
04-26 16:42:50.567 I/MuMain  ( 8613): ADAPT fx scale: fps=46.0 frameMs=21.73 1.00->0.90 target=0.90
04-26 16:42:50.567 W/MuMain  ( 8613): ADAPT net budget down: fps=46.0 frameMs=21.73 maxMsg 40->30
04-26 16:42:50.567 I/MuMain  ( 8613): PERF fps=46.0 frameMs=21.73 phase(render=20.94 pad=0.02 present=0.72) renderLevel=4 fxScale=1.00 maxMsg=30 avg(draw=337 verts=61736 im=1530 vaD=0 vaC=0 qI=148 qE=0) max(draw=353 verts=62085)
04-26 16:42:50.567 I/MuMain  ( 8613): PERF_SCENE world=73 char(live=0 vis=0 ply=0 mon=0 npc=0 pet=0 prio=0 topMon=-1 x0) obj(live=375 vis=161 op=0 trap=0 topObj=79 x16)
04-26 16:42:50.567 I/MuMain  ( 8613): PERF_BUCKET objMove(cand=0 upd=0 def=0 n=0 m=0 f=0) objRender(cand=0 draw=0 cull=0 n=0 m=0 f=0 visDraw=0 visDef=0) charMove(cand=0 upd=0 def=0 n=0 m=0 f=0) charRender(cand=0 draw=0 def=0 cull=0 n=0 m=0 f=0)
04-26 16:42:50.567 I/MuMain  ( 8613): PERF_TERRAIN world=73 normal(block=0 tile=0) grass(block=0 tile=0) after(block=0 tile=0)
04-26 16:42:51.247 I/HalDevMgr(  736): bestIfaceCreationProposal is null, requestIface=STA, existingIface=[name=wlan0 type=STA]
04-26 16:42:51.603 I/MuMain  ( 8613): PERF fps=42.5 frameMs=23.51 phase(render=22.74 pad=0.02 present=0.69) renderLevel=4 fxScale=1.00 maxMsg=30 avg(draw=355 verts=62289 im=1511 vaD=0 vaC=0 qI=198 qE=0) max(draw=406 verts=65634)
04-26 16:42:51.603 I/MuMain  ( 8613): PERF_SCENE world=73 char(live=0 vis=0 ply=0 mon=0 npc=0 pet=0 prio=0 topMon=-1 x0) obj(live=375 vis=172 op=0 trap=0 topObj=155 x17)
04-26 16:42:51.603 I/MuMain  ( 8613): PERF_BUCKET objMove(cand=0 upd=0 def=0 n=0 m=0 f=0) objRender(cand=0 draw=0 cull=0 n=0 m=0 f=0 visDraw=0 visDef=0) charMove(cand=0 upd=0 def=0 n=0 m=0 f=0) charRender(cand=0 draw=0 def=0 cull=0 n=0 m=0 f=0)
04-26 16:42:51.603 I/MuMain  ( 8613): PERF_TERRAIN world=73 normal(block=0 tile=0) grass(block=0 tile=0) after(block=0 tile=0)
04-26 16:42:51.859 I/MuMain  ( 8613): ADAPT fx scale: fps=39.1 frameMs=25.59 1.00->0.90 target=0.90
04-26 16:42:51.948 D/androidtc(  736): Initializing SystemTextClassifier, type = System
04-26 16:42:51.950 I/AiAiTextClassifier( 3743): onCreateTextClassificationSession = TextClassificationSessionId {d0d312b9-682d-44f2-be6c-989e6a51e2d7}
04-26 16:42:51.955 I/ClipboardListener( 1036): Clipboard overlay suppressed.
04-26 16:42:51.957 I/AiAiTranslate( 3743): C2T - not in a conversation
04-26 16:42:51.959 D/androidtc( 4105): Initializing SystemTextClassifier, type = System
04-26 16:42:51.961 I/AiAiTextClassifier( 3743): GenerateLinks did not find valid links, returning empty result
04-26 16:42:51.970 I/AiAiTextClassifier( 3743): GenerateLinks did not find valid links, returning empty result
04-26 16:42:51.973 I/ClipboardListener( 1036): Clipboard overlay suppressed.
04-26 16:42:52.016 E/Nl80211Native(  736): getChannelsMhzForBand: Wiphy index not recorded for band 8
04-26 16:42:52.016 E/Nl80211Native(  736): getChannelsMhzForBand: Wiphy index not recorded for band 16
04-26 16:42:52.016 D/Nl80211Native(  736): Ignoring unsupported scan type 2
04-26 16:42:52.016 I/Nl80211Proxy(  736): Sending Nl80211 message: GenericNetlinkMsg{ nlHeader{StructNlMsgHdr{ nlmsg_len{56}, nlmsg_type{30()}, nlmsg_flags{5(NLM_F_REQUEST|NLM_F_ACK)}, nlmsg_seq{105}, nlmsg_pid{0} }}, genNlHeader{StructGenNlMsgHdr{ command{33}, version{1}, reserved{0} }}, attributes{[StructNlAttr{ nla_len{8}, nla_type{-32723}, nla_value{04000000}, }, StructNlAttr{ nla_len{8}, nla_type{3}, nla_value{10000000}, }, StructNlAttr{ nla_len{12}, nla_type{-32724}, nla_value{080000008F090000}, }, StructNlAttr{ nla_len{8}, nla_type{158}, nla_value{00000000}, }]} }
04-26 16:42:52.019 I/Nl80211Proxy(  736): Received NLMSG_ERROR with error 0 for message GenericNetlinkMsg{ nlHeader{StructNlMsgHdr{ nlmsg_len{56}, nlmsg_type{30()}, nlmsg_flags{5(NLM_F_REQUEST|NLM_F_ACK)}, nlmsg_seq{105}, nlmsg_pid{0} }}, genNlHeader{StructGenNlMsgHdr{ command{33}, version{1}, reserved{0} }}, attributes{[StructNlAttr{ nla_len{8}, nla_type{-32723}, nla_value{04000000}, }, StructNlAttr{ nla_len{8}, nla_type{3}, nla_value{10000000}, }, StructNlAttr{ nla_len{12}, nla_type{-32724}, nla_value{080000008F090000}, }, StructNlAttr{ nla_len{8}, nla_type{158}, nla_value{00000000}, }]} }
04-26 16:42:52.070 D/WifiNative(  736): Scan result ready event
04-26 16:42:52.071 I/Nl80211Proxy(  736): Sending Nl80211 message: GenericNetlinkMsg{ nlHeader{StructNlMsgHdr{ nlmsg_len{20}, nlmsg_type{30()}, nlmsg_flags{769(NLM_F_REQUEST|NLM_F_DUMP)}, nlmsg_seq{106}, nlmsg_pid{0} }}, genNlHeader{StructGenNlMsgHdr{ command{5}, version{1}, reserved{0} }}, attributes{[]} }
04-26 16:42:52.071 I/Nl80211Proxy(  736): Received NLMSG_DONE for message GenericNetlinkMsg{ nlHeader{StructNlMsgHdr{ nlmsg_len{20}, nlmsg_type{30()}, nlmsg_flags{769(NLM_F_REQUEST|NLM_F_DUMP)}, nlmsg_seq{106}, nlmsg_pid{0} }}, genNlHeader{StructGenNlMsgHdr{ command{5}, version{1}, reserved{0} }}, attributes{[]} }
04-26 16:42:52.071 W/Nl80211Utils(  736): Malformed NEW_INTERFACE response: missing attributes
04-26 16:42:52.071 I/Nl80211Proxy(  736): Sending Nl80211 message: GenericNetlinkMsg{ nlHeader{StructNlMsgHdr{ nlmsg_len{28}, nlmsg_type{30()}, nlmsg_flags{769(NLM_F_REQUEST|NLM_F_DUMP)}, nlmsg_seq{107}, nlmsg_pid{0} }}, genNlHeader{StructGenNlMsgHdr{ command{32}, version{1}, reserved{0} }}, attributes{[StructNlAttr{ nla_len{8}, nla_type{3}, nla_value{10000000}, }]} }
04-26 16:42:52.071 I/Nl80211Proxy(  736): Received NLMSG_DONE for message GenericNetlinkMsg{ nlHeader{StructNlMsgHdr{ nlmsg_len{28}, nlmsg_type{30()}, nlmsg_flags{769(NLM_F_REQUEST|NLM_F_DUMP)}, nlmsg_seq{107}, nlmsg_pid{0} }}, genNlHeader{StructGenNlMsgHdr{ command{32}, version{1}, reserved{0} }}, attributes{[StructNlAttr{ nla_len{8}, nla_type{3}, nla_value{10000000}, }]} }
04-26 16:42:52.073 I/WifiScanner( 1366): onFullResults
04-26 16:42:52.074 I/WifiScanner( 1366): onFullResults
04-26 16:42:52.077 I/HalDevMgr(  736): bestIfaceCreationProposal is null, requestIface=STA, existingIface=[name=wlan0 type=STA]
04-26 16:42:52.680 I/MuMain  ( 8613): PERF fps=34.3 frameMs=29.15 phase(render=28.42 pad=0.02 present=0.66) renderLevel=4 fxScale=1.00 maxMsg=30 avg(draw=493 verts=52498 im=1617 vaD=0 vaC=0 qI=223 qE=0) max(draw=499 verts=54126)
04-26 16:42:52.680 I/MuMain  ( 8613): PERF_SCENE world=73 char(live=0 vis=0 ply=0 mon=0 npc=0 pet=0 prio=0 topMon=-1 x0) obj(live=375 vis=186 op=0 trap=0 topObj=155 x22)
04-26 16:42:52.680 I/MuMain  ( 8613): PERF_BUCKET objMove(cand=0 upd=0 def=0 n=0 m=0 f=0) objRender(cand=0 draw=0 cull=0 n=0 m=0 f=0 visDraw=0 visDef=0) charMove(cand=0 upd=0 def=0 n=0 m=0 f=0) charRender(cand=0 draw=0 def=0 cull=0 n=0 m=0 f=0)
04-26 16:42:52.680 I/MuMain  ( 8613): PERF_TERRAIN world=73 normal(block=0 tile=0) grass(block=0 tile=0) after(block=0 tile=0)
04-26 16:42:53.190 I/MuMain  ( 8613): ADAPT fx scale: fps=31.8 frameMs=31.46 1.00->0.90 target=0.80
04-26 16:42:53.609 I/artd    ( 2780): GetBestInfo: odex next to the dex file (/data/app/~~PqdBwR9WSFUNw4iaJMgoGg==/com.google.android.gms-95Dc1VeYXyONiCBDqz_lkA==/oat/x86_64/base.odex) is kOatUpToDate with filter 'speed-profile' executable 'false'
04-26 16:42:53.613 I/artd    ( 2780): GetBestInfo: dm (/data/app/~~PqdBwR9WSFUNw4iaJMgoGg==/com.google.android.gms-95Dc1VeYXyONiCBDqz_lkA==/split_AdsDynamite_installtime.dm) is kOatUpToDate with filter 'verify' executable 'false'
04-26 16:42:53.614 I/artd    ( 2780): GetBestInfo: dm (/data/app/~~PqdBwR9WSFUNw4iaJMgoGg==/com.google.android.gms-95Dc1VeYXyONiCBDqz_lkA==/split_CronetDynamite_installtime.dm) is kOatUpToDate with filter 'verify' executable 'false'
04-26 16:42:53.616 I/artd    ( 2780): GetBestInfo: dm (/data/app/~~PqdBwR9WSFUNw4iaJMgoGg==/com.google.android.gms-95Dc1VeYXyONiCBDqz_lkA==/split_DynamiteLoader_installtime.dm) is kOatUpToDate with filter 'verify' executable 'false'
04-26 16:42:53.617 I/artd    ( 2780): GetBestInfo: dm (/data/app/~~PqdBwR9WSFUNw4iaJMgoGg==/com.google.android.gms-95Dc1VeYXyONiCBDqz_lkA==/split_DynamiteModulesA_installtime.dm) is kOatUpToDate with filter 'verify' executable 'false'
04-26 16:42:53.621 I/artd    ( 2780): GetBestInfo: dm (/data/app/~~PqdBwR9WSFUNw4iaJMgoGg==/com.google.android.gms-95Dc1VeYXyONiCBDqz_lkA==/split_DynamiteModulesC_installtime.dm) is kOatUpToDate with filter 'verify' executable 'false'
04-26 16:42:53.622 I/artd    ( 2780): GetBestInfo: dm (/data/app/~~PqdBwR9WSFUNw4iaJMgoGg==/com.google.android.gms-95Dc1VeYXyONiCBDqz_lkA==/split_GoogleCertificates_installtime.dm) is kOatUpToDate with filter 'verify' executable 'false'
04-26 16:42:53.625 I/artd    ( 2780): GetBestInfo: dm (/data/app/~~PqdBwR9WSFUNw4iaJMgoGg==/com.google.android.gms-95Dc1VeYXyONiCBDqz_lkA==/split_MapsDynamite_installtime.dm) is kOatUpToDate with filter 'verify' executable 'false'
04-26 16:42:53.627 I/artd    ( 2780): GetBestInfo: dm (/data/app/~~PqdBwR9WSFUNw4iaJMgoGg==/com.google.android.gms-95Dc1VeYXyONiCBDqz_lkA==/split_MeasurementDynamite_installtime.dm) is kOatUpToDate with filter 'verify' executable 'false'
04-26 16:42:53.628 I/artd    ( 2780): GetBestInfo: dm (/data/app/~~PqdBwR9WSFUNw4iaJMgoGg==/com.google.android.gms-95Dc1VeYXyONiCBDqz_lkA==/split_all_locale_splits.dm) is kOatUpToDate with filter 'verify' executable 'false'
04-26 16:42:53.630 I/artd    ( 2780): GetBestInfo: /data/user_de/0/com.google.android.gms/app_chimera/m/0000000a/dl-TfliteDynamiteDynamite.integ_252130102100800.apk has no usable artifacts
04-26 16:42:53.631 I/artd    ( 2780): GetBestInfo: /data/user_de/0/com.google.android.gms/app_chimera/m/00000001/CronetDynamite.apk has no usable artifacts
04-26 16:42:53.632 I/artd    ( 2780): GetBestInfo: /data/user_de/0/com.google.android.gms/app_chimera/m/00000016/dl-MlkitOcrCommon.optional_261332100800.apk has no usable artifacts
04-26 16:42:53.633 I/artd    ( 2780): GetBestInfo: /data/user_de/0/com.google.android.gms/app_chimera/m/00000002/DynamiteLoader.apk has no usable artifacts
04-26 16:42:53.636 I/artd    ( 2780): GetBestInfo: /data/user_de/0/com.google.android.gms/app_chimera/m/0000000e/dl-MlkitBarcodeUi.optional_260235100800.apk has no usable artifacts
04-26 16:42:53.640 I/artd    ( 2780): GetBestInfo: /data/user_de/0/com.google.android.gms/app_chimera/m/00000013/dl-Appsearch.optional_261332100800.apk has no usable artifacts
04-26 16:42:53.642 I/artd    ( 2780): GetBestInfo: /data/user_de/0/com.google.android.gms/app_chimera/m/00000005/GoogleCertificates.apk has no usable artifacts
04-26 16:42:53.644 I/artd    ( 2780): GetBestInfo: /data/user_de/0/com.google.android.gms/app_chimera/m/00000012/dl-PlayCloudSearch.optional_261332100000.apk has no usable artifacts
04-26 16:42:53.646 I/artd    ( 2780): GetBestInfo: vdex next to the dex file (/data/user/0/com.google.android.gms/app_dg_cache/B3ED91DEC21F0EB5284BE10D982ABEAAC45F5C48/oat/x86_64/the.vdex) is kOatUpToDate with filter 'verify' executable 'false'
04-26 16:42:53.649 I/artd    ( 2780): GetBestInfo: /data/user_de/0/com.google.android.gms/app_chimera/m/0000000f/dl-PlayCloudSearch.optional_260235100000.apk has no usable artifacts
04-26 16:42:53.651 I/artd    ( 2780): GetBestInfo: /data/user_de/0/com.google.android.gms/app_chimera/m/00000008/dl-VisionOcr.optional_260235100000.apk has no usable artifacts
04-26 16:42:53.653 I/artd    ( 2780): GetBestInfo: /data/user_de/0/com.google.android.gms/app_chimera/m/0000000b/dl-Appsearch.optional_260235100800.apk has no usable artifacts
