04-26 22:09:11.378 22914 22970 I MuRender: OpenGLCompat initialized (drawable=2268x943)
04-26 22:09:11.378 22914 22970 I MuMain  : Render backend active: OpenGLCompat
04-26 22:09:11.378 22914 22970 I GL_Compat: GL path switch: preferDirectVA=1
04-26 22:09:11.378 22914 22970 I MuMain  : GL compat VA policy: preferDirect=1 (emulator=1)
04-26 22:09:11.378 22914 22970 I AndroidGDI: SDL2_ttf initialized, defaultSize=15
04-26 22:09:11.381 22914 22970 I AndroidGDI: Font OK: /system/fonts/DroidSans.ttf sz=15
04-26 22:09:11.382 22914 22970 I AndroidGDI: Font OK: /system/fonts/DroidSans-Bold.ttf sz=15
04-26 22:09:11.382 22914 22970 I AndroidGDI: Font OK: /system/fonts/DroidSans-Bold.ttf sz=30
04-26 22:09:11.383 22914 22970 I AndroidGDI: Font OK: /system/fonts/DroidSans.ttf sz=14
04-26 22:09:11.383 22914 22970 I MuMain  : GDI fonts created: size=15 big=30
04-26 22:09:11.383 22914 22970 I MuMain  : Audio config: sound=1 music=1 rememberMe=0
04-26 22:09:11.383 22914 22970 I MuMain  : 
04-26 22:09:11.383 22914 22970 I MuMain  : Mix_Init requested=0x8 loaded=0x8
04-26 22:09:11.385 22914 22970 D AudioSystem: onNewServiceWithAdapter: media.audio_flinger service obtained 0x733fdca99460
04-26 22:09:11.386   560  6003 W AudioFlinger: onStateChanged: pid:22914  uid:10230  state:unfrozen
04-26 22:09:11.386 22914 22970 D AudioSystem: getService: IAudioFlingerService retrieved: 0x73401cac8aa0  IAudioFlinger cached: 0x733fdca99460
04-26 22:09:11.387 22914 22970 D muonline.client: PlayerBase::PlayerBase()
04-26 22:09:11.387 22914 22970 D muonline.client: TrackPlayerBase::TrackPlayerBase()
04-26 22:09:11.387 22914 22970 I libOpenSLES: Emulating old channel mask behavior (ignoring positional mask 0x3, using default mask 0x3 based on channel count of 2)
04-26 22:09:11.390   560  5851 D NativePermissionController: checkPermission: missing 1 for 10230
04-26 22:09:11.390   560  5851 D NativePermissionController: checkPermission: missing 3 for 10230
04-26 22:09:11.390   560  5851 D NativePermissionController: checkPermission: missing 5 for 10230
04-26 22:09:11.390   560  5851 W AudioFlinger: createTrack_l(): mismatch between requested flags (00000104) and output flags (00000002)
04-26 22:09:11.391   560  5851 D AudioFlinger: Client defaulted notificationFrames to 882 for frameCount 4012
04-26 22:09:11.391   560  5851 I AF::AfPlaybackCommon: creating track with enforcement level 2 shouldHarden 1
04-26 22:09:11.411   736  1715 E AppOps  : attributionTag  not declared in manifest of com.muonline.client
04-26 22:09:11.412   736  1145 E AppOps  : attributionTag  not declared in manifest of com.muonline.client
04-26 22:09:11.414  1174  1174 I bluetooth: system/btif/avrcp/avrcp_service.cc:533 SendMediaUpdate: track_changed=false :  play_state=true :  queue=false
04-26 22:09:11.414 22914 22972 D muonline.client: PlayerBase::stop() from IPlayer
04-26 22:09:11.415  1174  1174 E MediaControlProfile: onCurrentPlayerStateUpdated: base actions not supported, player actions= 0, expected at least= 7f
04-26 22:09:11.415 22914 22970 I MuMain  : SDL_mixer initialized (32 channels)
04-26 22:09:11.415 22914 22970 I MuMain  : INIT: srand
04-26 22:09:11.415  1174  1174 W MediaControlGattService: Feature PLAYBACK_SPEED support: true
04-26 22:09:11.415 22914 22970 I MuMain  : INIT: alloc GateAttribute
04-26 22:09:11.415  1174  1174 W MediaControlGattService: Feature PLAYBACK_SPEED support: true
04-26 22:09:11.415 22914 22970 I MuMain  : INIT: alloc SkillAttribute
04-26 22:09:11.415  1174  1174 W MediaControlGattService: Feature PLAYBACK_SPEED support: true
04-26 22:09:11.415  1174  1174 W MediaControlGattService: Feature PLAYBACK_SPEED_NOTIFY support: true
04-26 22:09:11.415 22914 22970 I MuMain  : INIT: alloc ItemAttRibute
04-26 22:09:11.415 22914 22972 D AudioTrack: stop(41): called with 0 frames delivered
04-26 22:09:11.416  1174  1361 I BluetoothAdapterProperties: getBondedDevices: length=0
04-26 22:09:11.416 22914 22970 I MuMain  : INIT: alloc CharacterMemoryDump
04-26 22:09:11.417  1174  1174 W MediaControlGattService: Feature TRACK_POSITION support: true
04-26 22:09:11.417  1174  1174 W MediaControlGattService: Feature TRACK_POSITION_NOTIFY support: true
04-26 22:09:11.417  1174  1174 W MediaControlGattService: Feature MEDIA_STATE support: true
04-26 22:09:11.417   736   836 E AppOps  : attributionTag  not declared in manifest of com.muonline.client
04-26 22:09:11.417 22914 22970 I MuMain  : INIT: alloc CharacterMachine
04-26 22:09:11.417 22914 22970 I MuMain  : INIT: CharacterMachine->Init()
04-26 22:09:11.417 22914 22970 I MuMain  : INIT: new UI objects
04-26 22:09:11.417  1174  1361 I BluetoothAdapterProperties: getBondedDevices: length=0
04-26 22:09:11.417   736   999 E AppOps  : attributionTag  not declared in manifest of com.muonline.client
04-26 22:09:11.418 22914 22970 I MuMain  : INIT: BuffStateSystem::Make()
04-26 22:09:11.418 22914 22970 I MuMain  : INIT: MapProcess::Make()
04-26 22:09:11.418 22914 22970 I MuMain  : INIT: PetProcess::Make()
04-26 22:09:11.418 22914 22970 I MuMain  : INIT: CUIMng::Create()
04-26 22:09:11.418  1174  1174 W MediaControlGattService: Feature MEDIA_CONTROL_POINT_OPCODES_SUPPORTED support: true
04-26 22:09:11.419  1174  1174 W MediaControlGattService: Feature MEDIA_STATE support: true
04-26 22:09:11.419  1174  1174 W MediaControlGattService: Feature MEDIA_STATE support: true
04-26 22:09:11.420 22914 22970 I MuMain  : INIT: g_pNewUISystem->Create()
04-26 22:09:11.420  1174  1361 I BluetoothAdapterProperties: getBondedDevices: length=0
04-26 22:09:11.420  1174  1174 W MediaControlGattService: Feature MEDIA_STATE support: true
04-26 22:09:11.420  1174  1174 W MediaControlGattService: Feature SEEKING_SPEED support: true
04-26 22:09:11.420  1174  1174 W MediaControlGattService: Feature SEEKING_SPEED support: true
04-26 22:09:11.420  1174  1174 W MediaControlGattService: Feature SEEKING_SPEED support: true
04-26 22:09:11.420  1174  1174 W MediaControlProfile: MCS service state fields left unhandled: 
04-26 22:09:11.420  1174  1174 W MediaControlProfile:    > PLAYER_NAME
04-26 22:09:11.420  1174  1174 W MediaControlProfile:    > PLAYING_ORDER_SUPPORTED
04-26 22:09:11.421   521   521 I RanchuHwc: logCompositionFallbackIfChanged: layer 542 CompositionType fallback from 2 to 1
04-26 22:09:11.421   521   521 I RanchuHwc: logCompositionFallbackIfChanged: layer 541 CompositionType fallback from 2 to 1
04-26 22:09:11.421   521   521 I RanchuHwc: logCompositionFallbackIfChanged: layer 537 CompositionType fallback from 3 to 1
04-26 22:09:11.421  1174  1174 I bluetooth: system/btif/avrcp/avrcp_service.cc:533 SendMediaUpdate: track_changed=false :  play_state=true :  queue=false
04-26 22:09:11.422   566   616 W skia    : AGTM parsing failed flags.readFromStream(s) at 159
04-26 22:09:11.422   566   616 W skia    : AGTM parsing failed flags.readFromStream(s) at 159
04-26 22:09:11.422   566   616 W skia    : AGTM parsing failed flags.readFromStream(s) at 159
04-26 22:09:11.422   566   616 W skia    : AGTM parsing failed flags.readFromStream(s) at 159
04-26 22:09:11.422   566   616 W skia    : AGTM parsing failed flags.readFromStream(s) at 159
04-26 22:09:11.424   736  1145 E AppOps  : attributionTag  not declared in manifest of com.muonline.client
04-26 22:09:11.425  1174  1174 I bluetooth: system/btif/avrcp/avrcp_service.cc:533 SendMediaUpdate: track_changed=false :  play_state=true :  queue=false
04-26 22:09:11.426   736  1145 E AppOps  : attributionTag  not declared in manifest of com.muonline.client
04-26 22:09:11.429 22914 22914 V SDL     : onWindowFocusChanged(): true
04-26 22:09:11.429 22914 22914 V SDL     : nativeFocusChanged()
04-26 22:09:11.431   736   881 I ImeTracker: com.muonline.client:b6020dc5: onRequestHide at ORIGIN_SERVER reason HIDE_UNSPECIFIED_WINDOW fromUser false userId 0 displayId 0
04-26 22:09:11.434 22914 22914 D InsetsController: hide(ime())
04-26 22:09:11.434 22914 22914 I ImeTracker: com.muonline.client:b6020dc5: onCancelled at PHASE_CLIENT_ALREADY_HIDDEN
04-26 22:09:11.436   566   616 W skia    : AGTM parsing failed flags.readFromStream(s) at 159
04-26 22:09:11.436   566   616 W skia    : AGTM parsing failed flags.readFromStream(s) at 159
04-26 22:09:11.436   566   616 W skia    : AGTM parsing failed flags.readFromStream(s) at 159
04-26 22:09:11.437   566   616 W skia    : AGTM parsing failed flags.readFromStream(s) at 159
04-26 22:09:11.437   566   616 W skia    : AGTM parsing failed flags.readFromStream(s) at 159
04-26 22:09:11.438   736   881 W InputChannel-JNI: Channel already disposed.
04-26 22:09:11.438  4105  4105 I GoogleInputMethodService: GoogleInputMethodService.onFinishInput():2113 
04-26 22:09:11.441  4105  4105 I Module  : DeviceLockedStatusModuleProvider$Module.updateDeviceLockedStatus():103 repeatCheckTimes = 0, locked = false
04-26 22:09:11.443 22914 22970 I MuMain  : INIT: UI creation done
04-26 22:09:11.443 22914 22970 I MuMain  : VirtualPad: slots loaded version=4 idx=[-1,-1,-1,-1,-1] type=[0,0,0,0,0] path=Data/Local/android_touch_skill_slots.cfg
04-26 22:09:11.443 22914 22970 I MuMain  : VirtualPad slots: [-1,-1,-1,-1,-1]
04-26 22:09:11.443 22914 22970 I MuMain  : Android perf defaults: maxMsgPerCycle=70 targetFps=-1.0 fxScale=1.00 adaptive=on isEmulator=1
04-26 22:09:11.443 22914 22970 I MuMain  : SDL mixer volume set: level=5 sdl=71
04-26 22:09:11.443 22914 22970 I MuMain  : FPS overlay enabled
04-26 22:09:11.443 22914 22970 I MuMain  : All systems initialized — entering main loop
04-26 22:09:11.443 22914 22970 I MuMain  : Window resized → drawable: 2268x1080
04-26 22:09:11.443 22914 22970 I MuMain  : CHATIME IME state changed focused=0 sdlTextInput=1
04-26 22:09:11.443  4105  4105 I GoogleInputMethodService: GoogleInputMethodService.onStartInput():1384 onStartInput(EditorInfo{EditorInfo{packageName=com.muonline.client, inputType=0, inputTypeString=NULL, enableLearning=false, autoCorrection=false, autoComplete=false, imeOptions=0, privateImeOptions=null, actionName=UNSPECIFIED, actionLabel=null, initialSelStart=-1, initialSelEnd=-1, initialCapsMode=0, label=null, fieldId=0, fieldName=null, extras=null, hintText=null, hintLocales=[]}}, false)
04-26 22:09:11.443 22914 22970 I MuMain  : WEBZEN: enter
04-26 22:09:11.443  4105  4105 W AndroidIME: LatinIMEBase.updateInputViewCoverNavigation():319 Null input view, cannot update padding!
04-26 22:09:11.445   736  1954 I ImeTracker: system_server:a50fa38e: onRequestHide at ORIGIN_SERVER reason IME_REQUESTED_CHANGED_LISTENER fromUser false displayId 0
04-26 22:09:11.446  4105  4105 I Module  : DeviceLockedStatusModuleProvider$Module.updateDeviceLockedStatus():103 repeatCheckTimes = 1, locked = false
04-26 22:09:11.449 22914 22970 I MuMain  : WEBZEN: loading title bitmaps
04-26 22:09:11.450  1174  1181 W droid.bluetooth: Reducing the number of considered missed Gc histogram windows from 230 to 100
04-26 22:09:11.450   736   762 I ImeTracker: system_server:a50fa38e: onCancelled at PHASE_SERVER_SHOULD_HIDE
04-26 22:09:11.450   736  1954 W PackageConfigPersister: App-specific configuration not found for packageName: com.muonline.client and userId: 0
04-26 22:09:11.453   566   616 W skia    : AGTM parsing failed flags.readFromStream(s) at 159
04-26 22:09:11.453   566   616 W skia    : AGTM parsing failed flags.readFromStream(s) at 159
04-26 22:09:11.453   566   616 W skia    : AGTM parsing failed flags.readFromStream(s) at 159
04-26 22:09:11.453   566   616 W skia    : AGTM parsing failed flags.readFromStream(s) at 159
04-26 22:09:11.453   566   616 W skia    : AGTM parsing failed flags.readFromStream(s) at 159
04-26 22:09:11.458 22914 22970 I MuMain  : WEBZEN: OpenBasicData begin
04-26 22:09:11.458 22914 22970 I MuMain  : OPENBASIC: enter
04-26 22:09:11.458 22914 22970 I MuMain  : OPENBASIC: RenderTitle 0 begin
04-26 22:09:11.459 22914 22970 I MuMain  : OPENBASIC: RenderTitle 0 done
04-26 22:09:11.459 22914 22970 I MuMain  : OPENBASIC: first bitmap group begin
04-26 22:09:11.471   566   616 W skia    : AGTM parsing failed flags.readFromStream(s) at 159
04-26 22:09:11.471   566   616 W skia    : AGTM parsing failed flags.readFromStream(s) at 159
04-26 22:09:11.471   566   616 W skia    : AGTM parsing failed flags.readFromStream(s) at 159
04-26 22:09:11.471   566   616 W skia    : AGTM parsing failed flags.readFromStream(s) at 159
04-26 22:09:11.471   566   616 W skia    : AGTM parsing failed flags.readFromStream(s) at 159
04-26 22:09:11.475 22914 22970 I MuMain  : OPENBASIC: first bitmap group done
04-26 22:09:11.486   566   616 W skia    : AGTM parsing failed flags.readFromStream(s) at 159
04-26 22:09:11.486   566   616 W skia    : AGTM parsing failed flags.readFromStream(s) at 159
04-26 22:09:11.486   566   616 W skia    : AGTM parsing failed flags.readFromStream(s) at 159
04-26 22:09:11.486   566   616 W skia    : AGTM parsing failed flags.readFromStream(s) at 159
04-26 22:09:11.486   566   616 W skia    : AGTM parsing failed flags.readFromStream(s) at 159
04-26 22:09:11.500 22914 22970 I TakumiErrorReport: File not found Data\Effect\Shiny04.jpg (32118)->Data\Effect\Shiny05.jpg
04-26 22:09:11.502   566   616 W skia    : AGTM parsing failed flags.readFromStream(s) at 159
04-26 22:09:11.502   566   616 W skia    : AGTM parsing failed flags.readFromStream(s) at 159
04-26 22:09:11.503   566   616 W skia    : AGTM parsing failed flags.readFromStream(s) at 159
04-26 22:09:11.503   566   616 W skia    : AGTM parsing failed flags.readFromStream(s) at 159
04-26 22:09:11.503   566   616 W skia    : AGTM parsing failed flags.readFromStream(s) at 159
04-26 22:09:11.520   566   616 W skia    : AGTM parsing failed flags.readFromStream(s) at 159
04-26 22:09:11.521   566   616 W skia    : AGTM parsing failed flags.readFromStream(s) at 159
04-26 22:09:11.521   566   616 W skia    : AGTM parsing failed flags.readFromStream(s) at 159
04-26 22:09:11.521   566   616 W skia    : AGTM parsing failed flags.readFromStream(s) at 159
04-26 22:09:11.521   566   616 W skia    : AGTM parsing failed flags.readFromStream(s) at 159
04-26 22:09:11.539   566   616 W skia    : AGTM parsing failed flags.readFromStream(s) at 159
04-26 22:09:11.539   566   616 W skia    : AGTM parsing failed flags.readFromStream(s) at 159
04-26 22:09:11.539   566   616 W skia    : AGTM parsing failed flags.readFromStream(s) at 159
04-26 22:09:11.539   566   616 W skia    : AGTM parsing failed flags.readFromStream(s) at 159
04-26 22:09:11.539   566   616 W skia    : AGTM parsing failed flags.readFromStream(s) at 159
04-26 22:09:11.554   566   616 W skia    : AGTM parsing failed flags.readFromStream(s) at 159
04-26 22:09:11.554   566   616 W skia    : AGTM parsing failed flags.readFromStream(s) at 159
04-26 22:09:11.554   566   616 W skia    : AGTM parsing failed flags.readFromStream(s) at 159
04-26 22:09:11.554   566   616 W skia    : AGTM parsing failed flags.readFromStream(s) at 159
04-26 22:09:11.554   566   616 W skia    : AGTM parsing failed flags.readFromStream(s) at 159
04-26 22:09:11.563 22914 22970 I TakumiErrorReport: > First Load Files OK.
04-26 22:09:11.570   566   616 W skia    : AGTM parsing failed flags.readFromStream(s) at 159
04-26 22:09:11.570   566   616 W skia    : AGTM parsing failed flags.readFromStream(s) at 159
04-26 22:09:11.570   566   616 W skia    : AGTM parsing failed flags.readFromStream(s) at 159
04-26 22:09:11.570   566   616 W skia    : AGTM parsing failed flags.readFromStream(s) at 159
04-26 22:09:11.570   566   616 W skia    : AGTM parsing failed flags.readFromStream(s) at 159
04-26 22:09:11.588   566   616 W skia    : AGTM parsing failed flags.readFromStream(s) at 159
04-26 22:09:11.588   566   616 W skia    : AGTM parsing failed flags.readFromStream(s) at 159
04-26 22:09:11.588   566   616 W skia    : AGTM parsing failed flags.readFromStream(s) at 159
04-26 22:09:11.588   566   616 W skia    : AGTM parsing failed flags.readFromStream(s) at 159
04-26 22:09:11.588   566   616 W skia    : AGTM parsing failed flags.readFromStream(s) at 159
04-26 22:09:11.603   566   616 W skia    : AGTM parsing failed flags.readFromStream(s) at 159
04-26 22:09:11.603   566   616 W skia    : AGTM parsing failed flags.readFromStream(s) at 159
04-26 22:09:11.603   566   616 W skia    : AGTM parsing failed flags.readFromStream(s) at 159
04-26 22:09:11.603   566   616 W skia    : AGTM parsing failed flags.readFromStream(s) at 159
04-26 22:09:11.603   566   616 W skia    : AGTM parsing failed flags.readFromStream(s) at 159
04-26 22:09:11.621   566   616 W skia    : AGTM parsing failed flags.readFromStream(s) at 159
04-26 22:09:11.621   566   616 W skia    : AGTM parsing failed flags.readFromStream(s) at 159
04-26 22:09:11.621   566   616 W skia    : AGTM parsing failed flags.readFromStream(s) at 159
04-26 22:09:11.621   566   616 W skia    : AGTM parsing failed flags.readFromStream(s) at 159
04-26 22:09:11.621   566   616 W skia    : AGTM parsing failed flags.readFromStream(s) at 159
04-26 22:09:11.637   566   616 W skia    : AGTM parsing failed flags.readFromStream(s) at 159
04-26 22:09:11.637   566   616 W skia    : AGTM parsing failed flags.readFromStream(s) at 159
04-26 22:09:11.637   566   616 W skia    : AGTM parsing failed flags.readFromStream(s) at 159
04-26 22:09:11.637   566   616 W skia    : AGTM parsing failed flags.readFromStream(s) at 159
04-26 22:09:11.638   566   616 W skia    : AGTM parsing failed flags.readFromStream(s) at 159
04-26 22:09:11.655   566   616 W skia    : AGTM parsing failed flags.readFromStream(s) at 159
04-26 22:09:11.655   566   616 W skia    : AGTM parsing failed flags.readFromStream(s) at 159
04-26 22:09:11.655   566   616 W skia    : AGTM parsing failed flags.readFromStream(s) at 159
04-26 22:09:11.655   566   616 W skia    : AGTM parsing failed flags.readFromStream(s) at 159
04-26 22:09:11.655   566   616 W skia    : AGTM parsing failed flags.readFromStream(s) at 159
04-26 22:09:11.671   566   616 W skia    : AGTM parsing failed flags.readFromStream(s) at 159
04-26 22:09:11.671   566   616 W skia    : AGTM parsing failed flags.readFromStream(s) at 159
04-26 22:09:11.671   566   616 W skia    : AGTM parsing failed flags.readFromStream(s) at 159
04-26 22:09:11.688   566   616 W skia    : AGTM parsing failed flags.readFromStream(s) at 159
04-26 22:09:11.688   566   616 W skia    : AGTM parsing failed flags.readFromStream(s) at 159
04-26 22:09:11.688   566   616 W skia    : AGTM parsing failed flags.readFromStream(s) at 159
04-26 22:09:11.703   566   616 W skia    : AGTM parsing failed flags.readFromStream(s) at 159
04-26 22:09:11.703   566   616 W skia    : AGTM parsing failed flags.readFromStream(s) at 159
04-26 22:09:11.703   566   616 W skia    : AGTM parsing failed flags.readFromStream(s) at 159
04-26 22:09:11.704   736  1145 I ImeTracker: system_server:b7372bf4: onRequestHide at ORIGIN_SERVER reason IME_REQUESTED_CHANGED_LISTENER fromUser false displayId 0
04-26 22:09:11.704   736   762 I ImeTracker: system_server:b7372bf4: onCancelled at PHASE_SERVER_SHOULD_HIDE
04-26 22:09:11.721   566   616 W skia    : AGTM parsing failed flags.readFromStream(s) at 159
04-26 22:09:11.721   566   616 W skia    : AGTM parsing failed flags.readFromStream(s) at 159
04-26 22:09:11.722   566   616 W skia    : AGTM parsing failed flags.readFromStream(s) at 159
04-26 22:09:11.737   566   616 W skia    : AGTM parsing failed flags.readFromStream(s) at 159
04-26 22:09:11.737   566   616 W skia    : AGTM parsing failed flags.readFromStream(s) at 159
04-26 22:09:11.737   566   616 W skia    : AGTM parsing failed flags.readFromStream(s) at 159
04-26 22:09:11.754   566   616 W skia    : AGTM parsing failed flags.readFromStream(s) at 159
04-26 22:09:11.754   566   616 W skia    : AGTM parsing failed flags.readFromStream(s) at 159
04-26 22:09:11.754   566   616 W skia    : AGTM parsing failed flags.readFromStream(s) at 159
04-26 22:09:11.770   566   616 W skia    : AGTM parsing failed flags.readFromStream(s) at 159
04-26 22:09:11.770   566   616 W skia    : AGTM parsing failed flags.readFromStream(s) at 159
04-26 22:09:11.770   566   616 W skia    : AGTM parsing failed flags.readFromStream(s) at 159
04-26 22:09:11.787   566   616 W skia    : AGTM parsing failed flags.readFromStream(s) at 159
04-26 22:09:11.787   566   616 W skia    : AGTM parsing failed flags.readFromStream(s) at 159
04-26 22:09:11.788   566   616 W skia    : AGTM parsing failed flags.readFromStream(s) at 159
04-26 22:09:11.803  1036  1091 V WindowManagerShell: Transition animation finished (aborted=false), notifying core (#157) android.os.BinderProxy@20b0e4f@0
04-26 22:09:11.804   566   616 W skia    : AGTM parsing failed flags.readFromStream(s) at 159
04-26 22:09:11.804   566   616 W skia    : AGTM parsing failed flags.readFromStream(s) at 159
04-26 22:09:11.804   566   616 W skia    : AGTM parsing failed flags.readFromStream(s) at 159
04-26 22:09:11.807   736   759 V WindowManager: Finish Transition (#157): created at 04-26 22:09:11.107 collect-started=0.169ms request-sent=4.36ms started=7.435ms ready=17.23ms sent=195.483ms commit=16.793ms finished=700.056ms
04-26 22:09:11.809 22914 22914 D VRI[PreloadActivity]: visibilityChanged oldVisibility=true newVisibility=false
04-26 22:09:11.811  1036  1091 V WindowManagerShell: Track 0 became idle
04-26 22:09:11.811  1036  1091 V WindowManagerShell: All active transition animations finished
04-26 22:09:11.826 22914 22914 D WindowOnBackDispatcher: setTopOnBackInvokedCallback (unwrapped): null
04-26 22:09:11.826 22914 22914 D ViewRootImpl: Skipping stats log for color mode
04-26 22:09:11.827   736  1715 D CoreBackPreview: Window{417b929 u0 com.muonline.client/com.muonline.client.PreloadActivity}: Setting back callback null
04-26 22:09:12.618 22914 22970 I MuMain  : OPENBASIC: OpenImages begin
04-26 22:09:12.621 22914 22970 I MuMain  : OPENBASIC: OpenImages done
04-26 22:09:12.622 22914 22970 I MuMain  : OPENBASIC: OpenSounds begin
04-26 22:09:12.622 22914 22970 I MuMain  : OPENBASIC: OpenSounds done
04-26 22:09:12.622 22914 22970 I MuMain  : OPENBASIC: scripts begin
04-26 22:09:12.628 22914 22970 I MuMain  : OPENBASIC: OpenTextData begin
04-26 22:09:12.628   736   954 I AdbWifiNetworkMonitor: Wi-Fi network available
04-26 22:09:12.628   736   954 I AdbWifiNetworkMonitor: Received the same Wi-Fi SSID. Ignoring.
04-26 22:09:12.632 22914 22970 I MuMain  : OPENBASIC: OpenTextData done
04-26 22:09:12.635   736   921 I HalDevMgr: bestIfaceCreationProposal is null, requestIface=STA, existingIface=[name=wlan0 type=STA]
04-26 22:09:12.636  1366  1970 I NullBinder: NullBinder for android.net.action.RECOMMEND_NETWORKS triggering remote TransactionTooLargeException due to Service without Chimera impl, calling uid: 1000, calling pid: 0
04-26 22:09:12.636  1366  1970 W libbinder.Binder: Large reply transaction of 1056768 bytes, interface descriptor , function: UNKNOWN_FUNCTION_NAME, code: 1, flags: 17
04-26 22:09:12.636 22914 22970 I MuMain  : OPENBASIC: master/gate/filter done
04-26 22:09:12.639 22914 22970 I MuMain  : WEBZEN: OpenBasicData done
04-26 22:09:12.646  1160  1312 D IpClient/wlan0: interfaceLinkStateChanged: ifindex 16 up
04-26 22:09:12.654  1160  1312 D IpClient/wlan0: interfaceLinkStateChanged: ifindex 16 up
04-26 22:09:12.669 22914 22970 I TakumiErrorReport: File not found Data\Interface\InGameShop\ingame_Bt_page_L.tga (32485)->Data\Custom\Maps\CRadar.tga
04-26 22:09:12.671 22914 22970 I TakumiErrorReport: File not found Data\Interface\InGameShop\IGS_Storage_Page.tga (32487)->Data\Custom\Maps\map_radar.tga
04-26 22:09:12.672 22914 22970 I TakumiErrorReport: File not found Data\Interface\InGameShop\IGS_Storage_Page_Left.tga (32488)->Data\Custom\Maps\background-tcp.tga
04-26 22:09:12.672 22914 22970 I TakumiErrorReport: File not found Data\Interface\InGameShop\IGS_Storage_Page_Right.tga (32489)->Data\Interface\newui_option_check.tga
04-26 22:09:12.734 22914 22970 I TakumiErrorReport: File not found Data\Interface\newui_item_back01.tga (31373)->Data\Interface\newui_item_back04.tga
04-26 22:09:12.735 22914 22970 I TakumiErrorReport: File not found Data\Interface\newui_item_back04.tga (31373)->Data\Interface\newui_item_back01.tga
04-26 22:09:12.738 22914 22970 I MuMain  : WEBZEN: LoadMainSceneInterface done
04-26 22:09:12.739 22914 22970 I TakumiErrorReport: > Loading ok.
04-26 22:09:12.741 22914 22970 E BLASTBufferQueue: [c134bb1 SurfaceView[com.muonline.client/com.muonline.client.MuMainActivity]#2](f:0,a:0) rejecting buffer:active_size=2268x1080, requested_size=2268x1080 buffer{size=2268x943 transform=0}
04-26 22:09:12.800 22914 22970 I MuMain  : ADAPT fx scale: fps=0.7 frameMs=1356.93 1.00->0.90 target=0.55
04-26 22:09:12.800 22914 22970 I MuMain  : PERF fps=0.7 frameMs=1356.93 phase(render=1295.61 pad=0.03 present=61.01) renderLevel=4 fxScale=1.00 maxMsg=70 avg(draw=132 verts=792 im=132 vaD=0 vaC=0 qI=0 qE=0) max(draw=132 verts=792)
04-26 22:09:12.800 22914 22970 I MuMain  : PERF_SCENE world=-1 char(live=0 vis=0 ply=0 mon=0 npc=0 pet=0 prio=0 topMon=-1 x0) obj(live=0 vis=0 op=0 trap=0 topObj=-1 x0)
04-26 22:09:12.800 22914 22970 I MuMain  : PERF_BUCKET objMove(cand=0 upd=0 def=0 n=0 m=0 f=0) objRender(cand=0 draw=0 cull=0 n=0 m=0 f=0 visDraw=0 visDef=0) charMove(cand=0 upd=0 def=0 n=0 m=0 f=0) charRender(cand=0 draw=0 def=0 cull=0 n=0 m=0 f=0)
04-26 22:09:12.800 22914 22970 I MuMain  : PERF_TERRAIN world=-1 normal(block=0 tile=0) grass(block=0 tile=0) after(block=0 tile=0)
04-26 22:09:12.800 22914 22970 I MuMain  : Frame 0 — drawCalls=132 verts=792 paths(im=132 vaD=0 vaC=0 qI=0 qE=0) SDL_err='Couldn't open asset '/storage/emulated/0/Android/data/com.muonline.client/files/Data/fonts/font_.ttf''
04-26 22:09:12.804 22914 22970 I MuMain  : OpenTga logo file=Data\Logo\MU-logo.OZT size=512x256 alphaMin=0 alphaMax=255 alphaZero=80277 cornerRGBA=74,76,87,0
04-26 22:09:12.886 22914 22970 I MuMain  : LoadWorld OpenTerrainMapping enc world=74 result=74 file=Data\World74\EncTerrain74.map
04-26 22:09:12.886 22914 22970 I MuMain  : LoadWorld OpenTerrainAttribute enc world=74 result=74 file=Data\World74\EncTerrain74.att
04-26 22:09:12.887 22914 22970 I MuMain  : LoadWorld OpenObjectsEnc enc world=74 result=74 file=Data\World74\EncTerrain74.obj
04-26 22:09:12.897 22914 22970 I TakumiErrorReport: File not found Data\World74\leaf01.tga (30357)->Data\World74\leaf01.jpg
04-26 22:09:12.902 22914 22970 I AndroidGDI: Font OK: /system/fonts/DroidSans-Bold.ttf sz=10
04-26 22:09:12.902 22914 22970 I TakumiErrorReport: [Connect to Server 33] ip address = 171.235.182.88, port = 44405
04-26 22:09:12.903 22914 22970 E MuMain  : PlayMp3 failed requested=[data\music\login_theme.mp3] resolved=[data/music/login_theme.mp3] reqExists=0 resolvedExists=0 cwd=[/storage/emulated/0/Android/data/com.muonline.client/files]: Couldn't open 'data/music/login_theme.mp3'
04-26 22:09:12.904 22914 22970 I TakumiErrorReport: > Login Scene init success.
04-26 22:09:12.914 22914 22970 I MuMain  : RenderBitmap logo texture=31019 texNo=2016 file=Data\Logo\MU-logo_g.jpg size=1x1 comp=3 ref=1 colorAlpha=0.000 alphaArg=0.000
04-26 22:09:12.914 22914 22970 I MuMain  : RenderBitmap logo texture=31018 texNo=2015 file=Data\Logo\MU-logo.tga size=512x256 comp=4 ref=1 colorAlpha=0.000 alphaArg=0.000
04-26 22:09:12.915 22914 22970 I AndroidGDI: AndroidTextOut ENTRY len=34 hdc=0x733fdca9c250 bmp=0x733fdca9c220 text[0]=40
04-26 22:09:12.915 22914 22970 I AndroidGDI: TextOut surf=241x18 fmt=0x16362004 maxA=255 dib[0..2]=0,0,0
04-26 22:09:12.916 22914 22970 I AndroidGDI: AndroidTextOut ENTRY len=25 hdc=0x733fdca9c250 bmp=0x733fdca9c220 text[0]=32
04-26 22:09:12.916 22914 22970 I AndroidGDI: TextOut surf=177x18 fmt=0x16362004 maxA=255 dib[0..2]=0,0,0
04-26 22:09:12.916 22914 22970 I AndroidGDI: AndroidTextOut ENTRY len=14 hdc=0x733fdca9c250 bmp=0x733fdca9c220 text[0]=80
04-26 22:09:12.917 22914 22970 I AndroidGDI: TextOut surf=95x18 fmt=0x16362004 maxA=255 dib[0..2]=0,0,0
04-26 22:09:12.929 22914 22970 I MuMain  : Frame 1 — drawCalls=120 verts=43011 paths(im=884 vaD=0 vaC=0 qI=3 qE=0) SDL_err='Couldn't open 'data/music/login_theme.mp3''
04-26 22:09:12.951 22914 22970 I AndroidGDI: AndroidTextOut ENTRY len=34 hdc=0x733fdca9c250 bmp=0x733fdca9c220 text[0]=40
04-26 22:09:12.951 22914 22970 I AndroidGDI: TextOut surf=241x18 fmt=0x16362004 maxA=255 dib[0..2]=0,0,0
04-26 22:09:12.952 22914 22970 I AndroidGDI: AndroidTextOut ENTRY len=25 hdc=0x733fdca9c250 bmp=0x733fdca9c220 text[0]=32
04-26 22:09:12.952 22914 22970 I AndroidGDI: TextOut surf=177x18 fmt=0x16362004 maxA=255 dib[0..2]=0,0,0
04-26 22:09:12.952 22914 22970 I AndroidGDI: AndroidTextOut ENTRY len=14 hdc=0x733fdca9c250 bmp=0x733fdca9c220 text[0]=80
04-26 22:09:12.961 22914 22970 I MuMain  : Frame 2 — drawCalls=310 verts=70086 paths(im=1525 vaD=0 vaC=0 qI=16 qE=0) SDL_err=''
04-26 22:09:12.982 22914 22970 I AndroidGDI: AndroidTextOut ENTRY len=34 hdc=0x733fdca9c250 bmp=0x733fdca9c220 text[0]=40
04-26 22:09:12.982 22914 22970 I AndroidGDI: AndroidTextOut ENTRY len=25 hdc=0x733fdca9c250 bmp=0x733fdca9c220 text[0]=32
04-26 22:09:12.983 22914 22970 I AndroidGDI: AndroidTextOut ENTRY len=14 hdc=0x733fdca9c250 bmp=0x733fdca9c220 text[0]=80
04-26 22:09:12.984 22914 22970 I MuMain  : Frame 3 — drawCalls=314 verts=69186 paths(im=1510 vaD=0 vaC=0 qI=30 qE=0) SDL_err=''
04-26 22:09:13.004 22914 22970 I AndroidGDI: AndroidTextOut ENTRY len=34 hdc=0x733fdca9c250 bmp=0x733fdca9c220 text[0]=40
04-26 22:09:13.006 22914 22970 I MuMain  : Frame 4 — drawCalls=325 verts=69246 paths(im=1520 vaD=0 vaC=0 qI=43 qE=0) SDL_err=''
04-26 22:09:13.032 22914 22970 I MuMain  : Frame 5 — drawCalls=337 verts=73647 paths(im=1537 vaD=0 vaC=0 qI=54 qE=0) SDL_err=''
04-26 22:09:13.057 22914 22970 I MuMain  : Frame 6 — drawCalls=353 verts=73773 paths(im=1558 vaD=0 vaC=0 qI=68 qE=0) SDL_err=''
04-26 22:09:13.084 22914 22970 I MuMain  : Frame 7 — drawCalls=363 verts=73845 paths(im=1570 vaD=0 vaC=0 qI=82 qE=0) SDL_err=''
04-26 22:09:13.109 22914 22970 I MuMain  : Frame 8 — drawCalls=376 verts=74019 paths(im=1585 vaD=0 vaC=0 qI=94 qE=0) SDL_err=''
04-26 22:09:13.138 22914 22970 I MuMain  : Frame 9 — drawCalls=388 verts=74139 paths(im=1591 vaD=0 vaC=0 qI=108 qE=0) SDL_err=''
04-26 22:09:13.333 22914 22970 W MuMain  : ADAPT net budget down: fps=36.3 frameMs=27.56 maxMsg 70->60
04-26 22:09:13.588 22914 22970 W MuMain  : ADAPT net budget down: fps=35.3 frameMs=28.30 maxMsg 60->50
04-26 22:09:13.799  2780 18838 I artd    : GetBestInfo: odex next to the dex file (/data/app/~~PqdBwR9WSFUNw4iaJMgoGg==/com.google.android.gms-95Dc1VeYXyONiCBDqz_lkA==/oat/x86_64/base.odex) is kOatUpToDate with filter 'speed-profile' executable 'false'
04-26 22:09:13.801  2780 18838 I artd    : GetBestInfo: dm (/data/app/~~PqdBwR9WSFUNw4iaJMgoGg==/com.google.android.gms-95Dc1VeYXyONiCBDqz_lkA==/split_AdsDynamite_installtime.dm) is kOatUpToDate with filter 'verify' executable 'false'
04-26 22:09:13.805  2780 18838 I artd    : GetBestInfo: dm (/data/app/~~PqdBwR9WSFUNw4iaJMgoGg==/com.google.android.gms-95Dc1VeYXyONiCBDqz_lkA==/split_CronetDynamite_installtime.dm) is kOatUpToDate with filter 'verify' executable 'false'
04-26 22:09:13.807  2780 18838 I artd    : GetBestInfo: dm (/data/app/~~PqdBwR9WSFUNw4iaJMgoGg==/com.google.android.gms-95Dc1VeYXyONiCBDqz_lkA==/split_DynamiteLoader_installtime.dm) is kOatUpToDate with filter 'verify' executable 'false'
04-26 22:09:13.809  2780 18838 I artd    : GetBestInfo: dm (/data/app/~~PqdBwR9WSFUNw4iaJMgoGg==/com.google.android.gms-95Dc1VeYXyONiCBDqz_lkA==/split_DynamiteModulesA_installtime.dm) is kOatUpToDate with filter 'verify' executable 'false'
04-26 22:09:13.811  2780 18838 I artd    : GetBestInfo: dm (/data/app/~~PqdBwR9WSFUNw4iaJMgoGg==/com.google.android.gms-95Dc1VeYXyONiCBDqz_lkA==/split_DynamiteModulesC_installtime.dm) is kOatUpToDate with filter 'verify' executable 'false'
04-26 22:09:13.813  2780 18838 I artd    : GetBestInfo: dm (/data/app/~~PqdBwR9WSFUNw4iaJMgoGg==/com.google.android.gms-95Dc1VeYXyONiCBDqz_lkA==/split_GoogleCertificates_installtime.dm) is kOatUpToDate with filter 'verify' executable 'false'
04-26 22:09:13.815  2780 18838 I artd    : GetBestInfo: dm (/data/app/~~PqdBwR9WSFUNw4iaJMgoGg==/com.google.android.gms-95Dc1VeYXyONiCBDqz_lkA==/split_MapsDynamite_installtime.dm) is kOatUpToDate with filter 'verify' executable 'false'
04-26 22:09:13.817  2780 18838 I artd    : GetBestInfo: dm (/data/app/~~PqdBwR9WSFUNw4iaJMgoGg==/com.google.android.gms-95Dc1VeYXyONiCBDqz_lkA==/split_MeasurementDynamite_installtime.dm) is kOatUpToDate with filter 'verify' executable 'false'
04-26 22:09:13.819  2780 18838 I artd    : GetBestInfo: dm (/data/app/~~PqdBwR9WSFUNw4iaJMgoGg==/com.google.android.gms-95Dc1VeYXyONiCBDqz_lkA==/split_all_locale_splits.dm) is kOatUpToDate with filter 'verify' executable 'false'
04-26 22:09:13.823  2780 18838 I artd    : GetBestInfo: /data/user_de/0/com.google.android.gms/app_chimera/m/0000000a/dl-TfliteDynamiteDynamite.integ_252130102100800.apk has no usable artifacts
04-26 22:09:13.824  2780 18838 I artd    : GetBestInfo: /data/user_de/0/com.google.android.gms/app_chimera/m/00000001/CronetDynamite.apk has no usable artifacts
04-26 22:09:13.826  2780 18838 I artd    : GetBestInfo: /data/user_de/0/com.google.android.gms/app_chimera/m/00000016/dl-MlkitOcrCommon.optional_261332100800.apk has no usable artifacts
04-26 22:09:13.827  2780 18838 I artd    : GetBestInfo: /data/user_de/0/com.google.android.gms/app_chimera/m/00000002/DynamiteLoader.apk has no usable artifacts
04-26 22:09:13.829  2780 18838 I artd    : GetBestInfo: /data/user_de/0/com.google.android.gms/app_chimera/m/0000000e/dl-MlkitBarcodeUi.optional_260235100800.apk has no usable artifacts
04-26 22:09:13.831  2780 18838 I artd    : GetBestInfo: /data/user_de/0/com.google.android.gms/app_chimera/m/00000013/dl-Appsearch.optional_261332100800.apk has no usable artifacts
04-26 22:09:13.832  2780 18838 I artd    : GetBestInfo: /data/user_de/0/com.google.android.gms/app_chimera/m/00000005/GoogleCertificates.apk has no usable artifacts
04-26 22:09:13.834  2780 18838 I artd    : GetBestInfo: /data/user_de/0/com.google.android.gms/app_chimera/m/00000012/dl-PlayCloudSearch.optional_261332100000.apk has no usable artifacts
04-26 22:09:13.836  2780 18838 I artd    : GetBestInfo: vdex next to the dex file (/data/user/0/com.google.android.gms/app_dg_cache/B3ED91DEC21F0EB5284BE10D982ABEAAC45F5C48/oat/x86_64/the.vdex) is kOatUpToDate with filter 'verify' executable 'false'
04-26 22:09:13.837  2780 18838 I artd    : GetBestInfo: /data/user_de/0/com.google.android.gms/app_chimera/m/0000000f/dl-PlayCloudSearch.optional_260235100000.apk has no usable artifacts
04-26 22:09:13.839  2780 18838 I artd    : GetBestInfo: /data/user_de/0/com.google.android.gms/app_chimera/m/00000008/dl-VisionOcr.optional_260235100000.apk has no usable artifacts
04-26 22:09:13.841  2780 18838 I artd    : GetBestInfo: /data/user_de/0/com.google.android.gms/app_chimera/m/0000000b/dl-Appsearch.optional_260235100800.apk has no usable artifacts
04-26 22:09:13.843  2780 18838 I artd    : GetBestInfo: /data/user_de/0/com.google.android.gms/app_chimera/m/00000011/dl-VisionOcr.optional_261332100000.apk has no usable artifacts
04-26 22:09:13.845  2780 18838 I artd    : GetBestInfo: /data/user_de/0/com.google.android.gms/app_chimera/m/00000015/dl-MlkitBarcodeUi.optional_261332100800.apk has no usable artifacts
04-26 22:09:13.847  2780 18838 I artd    : GetBestInfo: /data/user_de/0/com.google.android.gms/app_chimera/m/00000009/dl-MlkitOcrCommon.optional_260235100800.apk has no usable artifacts
04-26 22:09:13.848  2780 18838 I artd    : GetBestInfo: vdex next to the dex file (/data/user/0/com.google.android.gms/app_dg_cache/CE973E4DE823F0AA69070767A9FABB590DDD455C/oat/x86_64/the.vdex) is kOatUpToDate with filter 'verify' executable 'false'
04-26 22:09:13.849  2780 18838 I artd    : GetBestInfo: /data/user_de/0/com.google.android.gms/app_chimera/m/00000007/MeasurementDynamite.apk has no usable artifacts
04-26 22:09:13.861 22914 22970 W MuMain  : ADAPT net budget down: fps=21.9 frameMs=45.63 maxMsg 50->40
04-26 22:09:13.861 22914 22970 I MuMain  : PERF fps=21.9 frameMs=45.63 phase(render=44.66 pad=0.04 present=0.87) renderLevel=4 fxScale=1.00 maxMsg=40 avg(draw=400 verts=73987 im=1754 vaD=0 vaC=0 qI=174 qE=0) max(draw=449 verts=76761)
04-26 22:09:13.861 22914 22970 I MuMain  : PERF_SCENE world=73 char(live=0 vis=0 ply=0 mon=0 npc=0 pet=0 prio=0 topMon=-1 x0) obj(live=375 vis=174 op=0 trap=0 topObj=155 x29)
04-26 22:09:13.862 22914 22970 I MuMain  : PERF_BUCKET objMove(cand=0 upd=0 def=0 n=0 m=0 f=0) objRender(cand=0 draw=0 cull=0 n=0 m=0 f=0 visDraw=0 visDef=0) charMove(cand=0 upd=0 def=0 n=0 m=0 f=0) charRender(cand=0 draw=0 def=0 cull=0 n=0 m=0 f=0)
04-26 22:09:13.862 22914 22970 I MuMain  : PERF_TERRAIN world=73 normal(block=0 tile=0) grass(block=0 tile=0) after(block=0 tile=0)
04-26 22:09:14.081   736  1699 E TaskPersister: File error accessing recents directory (directory doesn't exist?).
04-26 22:09:14.121 22914 22970 I MuMain  : ADAPT fx scale: fps=38.5 frameMs=25.95 1.00->0.90 target=0.90
04-26 22:09:14.121 22914 22970 W MuMain  : ADAPT net budget down: fps=38.5 frameMs=25.95 maxMsg 40->30
04-26 22:09:14.378 22914 22970 I MuMain  : ZzzScene android logo alpha raw=1.020 clamp=1.000 glow=0.700
04-26 22:09:14.906 22914 22970 I MuMain  : PERF fps=41.7 frameMs=23.96 phase(render=23.17 pad=0.02 present=0.72) renderLevel=4 fxScale=1.00 maxMsg=30 avg(draw=373 verts=78025 im=1726 vaD=0 vaC=0 qI=186 qE=0) max(draw=393 verts=81531)
04-26 22:09:14.906 22914 22970 I MuMain  : PERF_SCENE world=73 char(live=0 vis=0 ply=0 mon=0 npc=0 pet=0 prio=0 topMon=-1 x0) obj(live=375 vis=176 op=0 trap=0 topObj=79 x20)
04-26 22:09:14.906 22914 22970 I MuMain  : PERF_BUCKET objMove(cand=0 upd=0 def=0 n=0 m=0 f=0) objRender(cand=0 draw=0 cull=0 n=0 m=0 f=0 visDraw=0 visDef=0) charMove(cand=0 upd=0 def=0 n=0 m=0 f=0) charRender(cand=0 draw=0 def=0 cull=0 n=0 m=0 f=0)
04-26 22:09:14.906 22914 22970 I MuMain  : PERF_TERRAIN world=73 normal(block=0 tile=0) grass(block=0 tile=0) after(block=0 tile=0)
04-26 22:09:15.431 22914 22970 I MuMain  : ADAPT fx scale: fps=44.4 frameMs=22.52 1.00->0.90 target=0.90
04-26 22:09:15.646   736   954 I AdbWifiNetworkMonitor: Wi-Fi network available
04-26 22:09:15.646   736   954 I AdbWifiNetworkMonitor: Received the same Wi-Fi SSID. Ignoring.
04-26 22:09:15.650   736   921 I HalDevMgr: bestIfaceCreationProposal is null, requestIface=STA, existingIface=[name=wlan0 type=STA]
04-26 22:09:15.656  1366 12724 I NullBinder: NullBinder for android.net.action.RECOMMEND_NETWORKS triggering remote TransactionTooLargeException due to Service without Chimera impl, calling uid: 1000, calling pid: 0
04-26 22:09:15.656  1366 12724 W libbinder.Binder: Large reply transaction of 1056768 bytes, interface descriptor , function: UNKNOWN_FUNCTION_NAME, code: 1, flags: 17
04-26 22:09:15.723   736   748 I system_server: Background young concurrent mark compact GC freed 22MB AllocSpace bytes, 24(1264KB) LOS objects, 40% free, 35MB/59MB, paused 2.480ms,38.040ms total 71.157ms
04-26 22:09:15.952 22914 22970 I MuMain  : PERF fps=53.8 frameMs=18.58 phase(render=17.56 pad=0.02 present=0.91) renderLevel=4 fxScale=1.00 maxMsg=30 avg(draw=253 verts=70500 im=1605 vaD=0 vaC=0 qI=111 qE=0) max(draw=267 verts=72300)
04-26 22:09:15.952 22914 22970 I MuMain  : PERF_SCENE world=73 char(live=0 vis=0 ply=0 mon=0 npc=0 pet=0 prio=0 topMon=-1 x0) obj(live=375 vis=181 op=0 trap=0 topObj=79 x24)
04-26 22:09:15.952 22914 22970 I MuMain  : PERF_BUCKET objMove(cand=0 upd=0 def=0 n=0 m=0 f=0) objRender(cand=0 draw=0 cull=0 n=0 m=0 f=0 visDraw=0 visDef=0) charMove(cand=0 upd=0 def=0 n=0 m=0 f=0) charRender(cand=0 draw=0 def=0 cull=0 n=0 m=0 f=0)
04-26 22:09:15.952 22914 22970 I MuMain  : PERF_TERRAIN world=73 normal(block=0 tile=0) grass(block=0 tile=0) after(block=0 tile=0)
04-26 22:09:16.253  1016  1016 I wpa_supplicant: wlan0: CTRL-EVENT-BEACON-LOSS 
04-26 22:09:16.985 22914 22970 I MuMain  : PERF fps=68.4 frameMs=14.62 phase(render=13.63 pad=0.02 present=0.90) renderLevel=4 fxScale=1.00 maxMsg=30 avg(draw=180 verts=80125 im=1566 vaD=0 vaC=0 qI=67 qE=0) max(draw=192 verts=85119)
04-26 22:09:16.985 22914 22970 I MuMain  : PERF_SCENE world=73 char(live=0 vis=0 ply=0 mon=0 npc=0 pet=0 prio=0 topMon=-1 x0) obj(live=375 vis=165 op=0 trap=0 topObj=79 x24)
04-26 22:09:16.985 22914 22970 I MuMain  : PERF_BUCKET objMove(cand=0 upd=0 def=0 n=0 m=0 f=0) objRender(cand=0 draw=0 cull=0 n=0 m=0 f=0 visDraw=0 visDef=0) charMove(cand=0 upd=0 def=0 n=0 m=0 f=0) charRender(cand=0 draw=0 def=0 cull=0 n=0 m=0 f=0)
04-26 22:09:16.985 22914 22970 I MuMain  : PERF_TERRAIN world=73 normal(block=0 tile=0) grass(block=0 tile=0) after(block=0 tile=0)
04-26 22:09:18.012 22914 22970 I MuMain  : PERF fps=63.6 frameMs=15.73 phase(render=15.10 pad=0.03 present=0.54) renderLevel=4 fxScale=1.00 maxMsg=30 avg(draw=198 verts=93681 im=1610 vaD=0 vaC=0 qI=96 qE=0) max(draw=203 verts=94584)
04-26 22:09:18.013 22914 22970 I MuMain  : PERF_SCENE world=73 char(live=0 vis=0 ply=0 mon=0 npc=0 pet=0 prio=0 topMon=-1 x0) obj(live=375 vis=169 op=0 trap=0 topObj=79 x29)
04-26 22:09:18.013 22914 22970 I MuMain  : PERF_BUCKET objMove(cand=0 upd=0 def=0 n=0 m=0 f=0) objRender(cand=0 draw=0 cull=0 n=0 m=0 f=0 visDraw=0 visDef=0) charMove(cand=0 upd=0 def=0 n=0 m=0 f=0) charRender(cand=0 draw=0 def=0 cull=0 n=0 m=0 f=0)
04-26 22:09:18.013 22914 22970 I MuMain  : PERF_TERRAIN world=73 normal(block=0 tile=0) grass(block=0 tile=0) after(block=0 tile=0)
04-26 22:09:18.660   736   954 I AdbWifiNetworkMonitor: Wi-Fi network available
04-26 22:09:18.660   736   954 I AdbWifiNetworkMonitor: Received the same Wi-Fi SSID. Ignoring.
04-26 22:09:18.667   736   921 I HalDevMgr: bestIfaceCreationProposal is null, requestIface=STA, existingIface=[name=wlan0 type=STA]
04-26 22:09:18.677  1366 12724 I NullBinder: NullBinder for android.net.action.RECOMMEND_NETWORKS triggering remote TransactionTooLargeException due to Service without Chimera impl, calling uid: 1000, calling pid: 0
04-26 22:09:18.678  1366 12724 W libbinder.Binder: Large reply transaction of 1056768 bytes, interface descriptor , function: UNKNOWN_FUNCTION_NAME, code: 1, flags: 17
04-26 22:09:18.681  1160  1312 D IpClient/wlan0: interfaceLinkStateChanged: ifindex 16 up
04-26 22:09:18.689  1160  1312 D IpClient/wlan0: interfaceLinkStateChanged: ifindex 16 up
04-26 22:09:19.070 22914 22970 I MuMain  : PERF fps=57.2 frameMs=17.49 phase(render=16.73 pad=0.02 present=0.68) renderLevel=4 fxScale=1.00 maxMsg=30 avg(draw=232 verts=92754 im=1666 vaD=0 vaC=0 qI=127 qE=0) max(draw=240 verts=97296)
04-26 22:09:19.070 22914 22970 I MuMain  : PERF_SCENE world=73 char(live=0 vis=0 ply=0 mon=0 npc=0 pet=0 prio=0 topMon=-1 x0) obj(live=375 vis=166 op=0 trap=0 topObj=79 x25)
04-26 22:09:19.070 22914 22970 I MuMain  : PERF_BUCKET objMove(cand=0 upd=0 def=0 n=0 m=0 f=0) objRender(cand=0 draw=0 cull=0 n=0 m=0 f=0 visDraw=0 visDef=0) charMove(cand=0 upd=0 def=0 n=0 m=0 f=0) charRender(cand=0 draw=0 def=0 cull=0 n=0 m=0 f=0)
04-26 22:09:19.070 22914 22970 I MuMain  : PERF_TERRAIN world=73 normal(block=0 tile=0) grass(block=0 tile=0) after(block=0 tile=0)
04-26 22:09:19.681  1203  1331 D SatelliteController: isInCarrierRoamingNbIotNtn: satellite is disabled
04-26 22:09:19.681  1203  1331 D SatelliteController: getCarrierRoamingNtnConnectType: Checking connect type from PLMN config for subId: 1
04-26 22:09:19.685  1203  1331 D SatelliteController: getSatellitePerPlmnConfiguration: invalid subId or not supported via carrier.
04-26 22:09:19.685  1203  1331 D SatelliteController: getCarrierRoamingNtnConnectType: config: null
04-26 22:09:19.685  1203  1331 D SatelliteController: getCarrierRoamingNtnConnectType: Falling back to global carrier config connect type: 0
04-26 22:09:19.686  1203  1331 D SatelliteController: updateLastNotifiedCarrierRoamingNtnSignalStrengthAndNotify(1)
04-26 22:09:19.686  1203  1331 D SatelliteController: updateLastNotifiedCarrierRoamingNtnSignalStrengthAndNotify(1) lastNotifiedSignalStrength level: 0
04-26 22:09:19.686  1203  1331 D SatelliteController: updateLastNotifiedCarrierRoamingNtnSignalStrengthAndNotify(1) currSignalStrength level: 0
04-26 22:09:20.033   736   862 D ActivityManager: freezing 4276 com.android.vending:background
04-26 22:09:20.037   736   862 D ActivityManager: freezing 4164 com.android.vending
04-26 22:09:20.106 22914 22970 I MuMain  : ADAPT fx scale: fps=44.2 frameMs=22.61 1.00->0.90 target=0.90
04-26 22:09:20.106 22914 22970 I MuMain  : PERF fps=44.2 frameMs=22.61 phase(render=21.13 pad=0.02 present=1.32) renderLevel=4 fxScale=1.00 maxMsg=30 avg(draw=299 verts=94012 im=1762 vaD=0 vaC=0 qI=190 qE=0) max(draw=309 verts=95205)
04-26 22:09:20.106 22914 22970 I MuMain  : PERF_SCENE world=73 char(live=0 vis=0 ply=0 mon=0 npc=0 pet=0 prio=0 topMon=-1 x0) obj(live=375 vis=154 op=0 trap=0 topObj=135 x18)
04-26 22:09:20.107 22914 22970 I MuMain  : PERF_BUCKET objMove(cand=0 upd=0 def=0 n=0 m=0 f=0) objRender(cand=0 draw=0 cull=0 n=0 m=0 f=0 visDraw=0 visDef=0) charMove(cand=0 upd=0 def=0 n=0 m=0 f=0) charRender(cand=0 draw=0 def=0 cull=0 n=0 m=0 f=0)
04-26 22:09:20.107 22914 22970 I MuMain  : PERF_TERRAIN world=73 normal(block=0 tile=0) grass(block=0 tile=0) after(block=0 tile=0)
04-26 22:09:20.126   736   931 D InetDiagMessage: Destroyed 0 sockets, proto=IPPROTO_TCP, family=AF_INET, states=14
04-26 22:09:20.128   736   931 D InetDiagMessage: Destroyed 2 sockets, proto=IPPROTO_TCP, family=AF_INET6, states=14
04-26 22:09:20.128   736   931 D InetDiagMessage: Destroyed live tcp sockets for uids={10154} in 4ms
04-26 22:09:21.119 22914 22970 I MuMain  : PERF fps=39.8 frameMs=25.13 phase(render=24.24 pad=0.03 present=0.81) renderLevel=4 fxScale=1.00 maxMsg=30 avg(draw=370 verts=104650 im=1891 vaD=0 vaC=0 qI=254 qE=0) max(draw=384 verts=104853)
04-26 22:09:21.119 22914 22970 I MuMain  : PERF_SCENE world=73 char(live=0 vis=0 ply=0 mon=0 npc=0 pet=0 prio=0 topMon=-1 x0) obj(live=375 vis=126 op=0 trap=0 topObj=135 x18)
04-26 22:09:21.119 22914 22970 I MuMain  : PERF_BUCKET objMove(cand=0 upd=0 def=0 n=0 m=0 f=0) objRender(cand=0 draw=0 cull=0 n=0 m=0 f=0 visDraw=0 visDef=0) charMove(cand=0 upd=0 def=0 n=0 m=0 f=0) charRender(cand=0 draw=0 def=0 cull=0 n=0 m=0 f=0)
04-26 22:09:21.119 22914 22970 I MuMain  : PERF_TERRAIN world=73 normal(block=0 tile=0) grass(block=0 tile=0) after(block=0 tile=0)
04-26 22:09:21.390 22914 22970 I MuMain  : ADAPT fx scale: fps=40.6 frameMs=24.63 1.00->0.90 target=0.90
04-26 22:09:21.674   736   954 I AdbWifiNetworkMonitor: Wi-Fi network available
04-26 22:09:21.674   736   954 I AdbWifiNetworkMonitor: Received the same Wi-Fi SSID. Ignoring.
04-26 22:09:21.682   736   921 I HalDevMgr: bestIfaceCreationProposal is null, requestIface=STA, existingIface=[name=wlan0 type=STA]
04-26 22:09:21.685  1366  1688 I NullBinder: NullBinder for android.net.action.RECOMMEND_NETWORKS triggering remote TransactionTooLargeException due to Service without Chimera impl, calling uid: 1000, calling pid: 0
04-26 22:09:21.685  1366  1688 W libbinder.Binder: Large reply transaction of 1056768 bytes, interface descriptor , function: UNKNOWN_FUNCTION_NAME, code: 1, flags: 17
04-26 22:09:22.193   736   931 D InetDiagMessage: Destroyed 0 sockets, proto=IPPROTO_TCP, family=AF_INET, states=14
04-26 22:09:22.194   736   931 D InetDiagMessage: Destroyed 0 sockets, proto=IPPROTO_TCP, family=AF_INET6, states=14
04-26 22:09:22.194   736   931 D InetDiagMessage: Destroyed live tcp sockets for uids={10160} in 1ms
04-26 22:09:22.194   736   931 D InetDiagMessage: Destroyed 0 sockets, proto=IPPROTO_TCP, family=AF_INET, states=14
04-26 22:09:22.195   736   931 D InetDiagMessage: Destroyed 0 sockets, proto=IPPROTO_TCP, family=AF_INET6, states=14
04-26 22:09:22.195   736   931 D InetDiagMessage: Destroyed live tcp sockets for uids={20160} in 0ms
04-26 22:09:22.203 22914 22970 I MuMain  : PERF fps=40.6 frameMs=24.61 phase(render=23.75 pad=0.04 present=0.73) renderLevel=4 fxScale=1.00 maxMsg=30 avg(draw=377 verts=98907 im=1935 vaD=0 vaC=0 qI=280 qE=0) max(draw=386 verts=99834)
04-26 22:09:22.203 22914 22970 I MuMain  : PERF_SCENE world=73 char(live=0 vis=0 ply=0 mon=0 npc=0 pet=0 prio=0 topMon=-1 x0) obj(live=375 vis=105 op=0 trap=0 topObj=135 x12)
04-26 22:09:22.203 22914 22970 I MuMain  : PERF_BUCKET objMove(cand=0 upd=0 def=0 n=0 m=0 f=0) objRender(cand=0 draw=0 cull=0 n=0 m=0 f=0 visDraw=0 visDef=0) charMove(cand=0 upd=0 def=0 n=0 m=0 f=0) charRender(cand=0 draw=0 def=0 cull=0 n=0 m=0 f=0)
04-26 22:09:22.204 22914 22970 I MuMain  : PERF_TERRAIN world=73 normal(block=0 tile=0) grass(block=0 tile=0) after(block=0 tile=0)
04-26 22:09:22.717 22914 22970 I MuMain  : ADAPT fx scale: fps=38.5 frameMs=25.95 1.00->0.90 target=0.90
04-26 22:09:23.222 22914 22970 I MuMain  : PERF fps=39.5 frameMs=25.29 phase(render=24.51 pad=0.02 present=0.71) renderLevel=4 fxScale=1.00 maxMsg=30 avg(draw=389 verts=96626 im=1976 vaD=0 vaC=0 qI=292 qE=0) max(draw=393 verts=96684)
04-26 22:09:23.222 22914 22970 I MuMain  : PERF_SCENE world=73 char(live=0 vis=0 ply=0 mon=0 npc=0 pet=0 prio=0 topMon=-1 x0) obj(live=375 vis=88 op=0 trap=0 topObj=129 x7)
04-26 22:09:23.222 22914 22970 I MuMain  : PERF_BUCKET objMove(cand=0 upd=0 def=0 n=0 m=0 f=0) objRender(cand=0 draw=0 cull=0 n=0 m=0 f=0 visDraw=0 visDef=0) charMove(cand=0 upd=0 def=0 n=0 m=0 f=0) charRender(cand=0 draw=0 def=0 cull=0 n=0 m=0 f=0)
04-26 22:09:23.223 22914 22970 I MuMain  : PERF_TERRAIN world=73 normal(block=0 tile=0) grass(block=0 tile=0) after(block=0 tile=0)
04-26 22:09:23.820  2780  2785 I artd    : GetBestInfo: odex next to the dex file (/data/app/~~PqdBwR9WSFUNw4iaJMgoGg==/com.google.android.gms-95Dc1VeYXyONiCBDqz_lkA==/oat/x86_64/base.odex) is kOatUpToDate with filter 'speed-profile' executable 'false'
