04-26 19:08:20.729 14936 15015 I AndroidGDI: AndroidTextOut ENTRY len=25 hdc=0x733fdca9c220 bmp=0x733fdca9be00 text[0]=32
04-26 19:08:20.729 14936 15015 I AndroidGDI: TextOut surf=177x18 fmt=0x16362004 maxA=255 dib[0..2]=0,0,0
04-26 19:08:20.729 14936 15015 I AndroidGDI: AndroidTextOut ENTRY len=14 hdc=0x733fdca9c220 bmp=0x733fdca9be00 text[0]=80
04-26 19:08:20.739 14936 15015 I MuMain  : Frame 2 — drawCalls=313 verts=70086 paths(im=1525 vaD=0 vaC=0 qI=18 qE=0) SDL_err=''
04-26 19:08:20.758 14936 15015 I AndroidGDI: AndroidTextOut ENTRY len=34 hdc=0x733fdca9c220 bmp=0x733fdca9be00 text[0]=40
04-26 19:08:20.758 14936 15015 I AndroidGDI: AndroidTextOut ENTRY len=25 hdc=0x733fdca9c220 bmp=0x733fdca9be00 text[0]=32
04-26 19:08:20.758 14936 15015 I AndroidGDI: AndroidTextOut ENTRY len=14 hdc=0x733fdca9c220 bmp=0x733fdca9be00 text[0]=80
04-26 19:08:20.759 14936 15015 I MuMain  : Frame 3 — drawCalls=318 verts=69198 paths(im=1512 vaD=0 vaC=0 qI=33 qE=0) SDL_err=''
04-26 19:08:20.783 14936 15015 I AndroidGDI: AndroidTextOut ENTRY len=34 hdc=0x733fdca9c220 bmp=0x733fdca9be00 text[0]=40
04-26 19:08:20.784 14936 15015 I MuMain  : Frame 4 — drawCalls=320 verts=69204 paths(im=1513 vaD=0 vaC=0 qI=37 qE=0) SDL_err=''
04-26 19:08:20.810 14936 15015 I MuMain  : Frame 5 — drawCalls=337 verts=73623 paths(im=1533 vaD=0 vaC=0 qI=51 qE=0) SDL_err=''
04-26 19:08:20.832 14936 15015 I MuMain  : Frame 6 — drawCalls=352 verts=73731 paths(im=1551 vaD=0 vaC=0 qI=66 qE=0) SDL_err=''
04-26 19:08:20.856 14936 15015 I MuMain  : Frame 7 — drawCalls=361 verts=73803 paths(im=1563 vaD=0 vaC=0 qI=79 qE=0) SDL_err=''
04-26 19:08:20.878 14936 15015 I MuMain  : Frame 8 — drawCalls=376 verts=73989 paths(im=1580 vaD=0 vaC=0 qI=93 qE=0) SDL_err=''
04-26 19:08:20.902 14936 15015 I MuMain  : Frame 9 — drawCalls=387 verts=74163 paths(im=1595 vaD=0 vaC=0 qI=106 qE=0) SDL_err=''
04-26 19:08:21.000 14936 15015 W MuMain  : ADAPT net budget down: fps=42.1 frameMs=23.73 maxMsg 70->60
04-26 19:08:21.268 14936 15015 W MuMain  : ADAPT net budget down: fps=37.3 frameMs=26.84 maxMsg 60->50
04-26 19:08:21.540 14936 15015 W MuMain  : ADAPT net budget down: fps=36.9 frameMs=27.13 maxMsg 50->40
04-26 19:08:21.540 14936 15015 I MuMain  : PERF fps=36.9 frameMs=27.13 phase(render=26.40 pad=0.02 present=0.65) renderLevel=4 fxScale=1.00 maxMsg=40 avg(draw=461 verts=75304 im=1829 vaD=0 vaC=0 qI=227 qE=0) max(draw=485 verts=76869)
04-26 19:08:21.540 14936 15015 I MuMain  : PERF_SCENE world=73 char(live=0 vis=0 ply=0 mon=0 npc=0 pet=0 prio=0 topMon=-1 x0) obj(live=375 vis=168 op=0 trap=0 topObj=155 x30)
04-26 19:08:21.540 14936 15015 I MuMain  : PERF_BUCKET objMove(cand=0 upd=0 def=0 n=0 m=0 f=0) objRender(cand=0 draw=0 cull=0 n=0 m=0 f=0 visDraw=0 visDef=0) charMove(cand=0 upd=0 def=0 n=0 m=0 f=0) charRender(cand=0 draw=0 def=0 cull=0 n=0 m=0 f=0)
04-26 19:08:21.540 14936 15015 I MuMain  : PERF_TERRAIN world=73 normal(block=0 tile=0) grass(block=0 tile=0) after(block=0 tile=0)
04-26 19:08:21.800 14936 15015 I MuMain  : ADAPT fx scale: fps=38.4 frameMs=26.05 1.00->0.90 target=0.90
04-26 19:08:21.800 14936 15015 W MuMain  : ADAPT net budget down: fps=38.4 frameMs=26.05 maxMsg 40->30
04-26 19:08:22.519   736   954 I AdbWifiNetworkMonitor: Wi-Fi network available
04-26 19:08:22.519   736   954 I AdbWifiNetworkMonitor: Received the same Wi-Fi SSID. Ignoring.
04-26 19:08:22.526  1366  1970 I NullBinder: NullBinder for android.net.action.RECOMMEND_NETWORKS triggering remote TransactionTooLargeException due to Service without Chimera impl, calling uid: 1000, calling pid: 0
04-26 19:08:22.526  1366  1970 W libbinder.Binder: Large reply transaction of 1056768 bytes, interface descriptor , function: UNKNOWN_FUNCTION_NAME, code: 1, flags: 17
04-26 19:08:22.526   736   921 I HalDevMgr: bestIfaceCreationProposal is null, requestIface=STA, existingIface=[name=wlan0 type=STA]
04-26 19:08:22.534   736   931 W libbinder.IPCThreadState: Sending oneway calls to frozen process.
04-26 19:08:22.578 14936 15015 I MuMain  : PERF fps=41.1 frameMs=24.35 phase(render=23.51 pad=0.02 present=0.76) renderLevel=4 fxScale=1.00 maxMsg=30 avg(draw=392 verts=81139 im=1760 vaD=0 vaC=0 qI=197 qE=0) max(draw=403 verts=81693)
04-26 19:08:22.578 14936 15015 I MuMain  : PERF_SCENE world=73 char(live=0 vis=0 ply=0 mon=0 npc=0 pet=0 prio=0 topMon=-1 x0) obj(live=375 vis=188 op=0 trap=0 topObj=79 x23)
04-26 19:08:22.578 14936 15015 I MuMain  : PERF_BUCKET objMove(cand=0 upd=0 def=0 n=0 m=0 f=0) objRender(cand=0 draw=0 cull=0 n=0 m=0 f=0 visDraw=0 visDef=0) charMove(cand=0 upd=0 def=0 n=0 m=0 f=0) charRender(cand=0 draw=0 def=0 cull=0 n=0 m=0 f=0)
04-26 19:08:22.578 14936 15015 I MuMain  : PERF_TERRAIN world=73 normal(block=0 tile=0) grass(block=0 tile=0) after(block=0 tile=0)
04-26 19:08:23.083 14936 15015 I MuMain  : ADAPT fx scale: fps=47.3 frameMs=21.12 1.00->0.90 target=0.90
04-26 19:08:23.598 14936 15015 I MuMain  : PERF fps=46.6 frameMs=21.47 phase(render=20.20 pad=0.02 present=1.16) renderLevel=4 fxScale=1.00 maxMsg=30 avg(draw=252 verts=69846 im=1633 vaD=0 vaC=0 qI=103 qE=0) max(draw=260 verts=71247)
04-26 19:08:23.598 14936 15015 I MuMain  : PERF_SCENE world=73 char(live=0 vis=0 ply=0 mon=0 npc=0 pet=0 prio=0 topMon=-1 x0) obj(live=375 vis=185 op=0 trap=0 topObj=79 x24)
04-26 19:08:23.598 14936 15015 I MuMain  : PERF_BUCKET objMove(cand=0 upd=0 def=0 n=0 m=0 f=0) objRender(cand=0 draw=0 cull=0 n=0 m=0 f=0 visDraw=0 visDef=0) charMove(cand=0 upd=0 def=0 n=0 m=0 f=0) charRender(cand=0 draw=0 def=0 cull=0 n=0 m=0 f=0)
04-26 19:08:23.598 14936 15015 I MuMain  : PERF_TERRAIN world=73 normal(block=0 tile=0) grass(block=0 tile=0) after(block=0 tile=0)
04-26 19:08:23.693  2780  2785 I artd    : GetBestInfo: odex next to the dex file (/data/app/~~PqdBwR9WSFUNw4iaJMgoGg==/com.google.android.gms-95Dc1VeYXyONiCBDqz_lkA==/oat/x86_64/base.odex) is kOatUpToDate with filter 'speed-profile' executable 'false'
04-26 19:08:23.695  2780  2785 I artd    : GetBestInfo: dm (/data/app/~~PqdBwR9WSFUNw4iaJMgoGg==/com.google.android.gms-95Dc1VeYXyONiCBDqz_lkA==/split_AdsDynamite_installtime.dm) is kOatUpToDate with filter 'verify' executable 'false'
04-26 19:08:23.697  2780  2785 I artd    : GetBestInfo: dm (/data/app/~~PqdBwR9WSFUNw4iaJMgoGg==/com.google.android.gms-95Dc1VeYXyONiCBDqz_lkA==/split_CronetDynamite_installtime.dm) is kOatUpToDate with filter 'verify' executable 'false'
04-26 19:08:23.699  2780  2785 I artd    : GetBestInfo: dm (/data/app/~~PqdBwR9WSFUNw4iaJMgoGg==/com.google.android.gms-95Dc1VeYXyONiCBDqz_lkA==/split_DynamiteLoader_installtime.dm) is kOatUpToDate with filter 'verify' executable 'false'
04-26 19:08:23.701  2780  2785 I artd    : GetBestInfo: dm (/data/app/~~PqdBwR9WSFUNw4iaJMgoGg==/com.google.android.gms-95Dc1VeYXyONiCBDqz_lkA==/split_DynamiteModulesA_installtime.dm) is kOatUpToDate with filter 'verify' executable 'false'
04-26 19:08:23.704  2780  2785 I artd    : GetBestInfo: dm (/data/app/~~PqdBwR9WSFUNw4iaJMgoGg==/com.google.android.gms-95Dc1VeYXyONiCBDqz_lkA==/split_DynamiteModulesC_installtime.dm) is kOatUpToDate with filter 'verify' executable 'false'
04-26 19:08:23.706  2780  2785 I artd    : GetBestInfo: dm (/data/app/~~PqdBwR9WSFUNw4iaJMgoGg==/com.google.android.gms-95Dc1VeYXyONiCBDqz_lkA==/split_GoogleCertificates_installtime.dm) is kOatUpToDate with filter 'verify' executable 'false'
04-26 19:08:23.708  2780  2785 I artd    : GetBestInfo: dm (/data/app/~~PqdBwR9WSFUNw4iaJMgoGg==/com.google.android.gms-95Dc1VeYXyONiCBDqz_lkA==/split_MapsDynamite_installtime.dm) is kOatUpToDate with filter 'verify' executable 'false'
04-26 19:08:23.710  2780  2785 I artd    : GetBestInfo: dm (/data/app/~~PqdBwR9WSFUNw4iaJMgoGg==/com.google.android.gms-95Dc1VeYXyONiCBDqz_lkA==/split_MeasurementDynamite_installtime.dm) is kOatUpToDate with filter 'verify' executable 'false'
04-26 19:08:23.713  2780  2785 I artd    : GetBestInfo: dm (/data/app/~~PqdBwR9WSFUNw4iaJMgoGg==/com.google.android.gms-95Dc1VeYXyONiCBDqz_lkA==/split_all_locale_splits.dm) is kOatUpToDate with filter 'verify' executable 'false'
04-26 19:08:23.714  2780  2785 I artd    : GetBestInfo: /data/user_de/0/com.google.android.gms/app_chimera/m/0000000a/dl-TfliteDynamiteDynamite.integ_252130102100800.apk has no usable artifacts
04-26 19:08:23.715  2780  2785 I artd    : GetBestInfo: /data/user_de/0/com.google.android.gms/app_chimera/m/00000001/CronetDynamite.apk has no usable artifacts
04-26 19:08:23.716  2780  2785 I artd    : GetBestInfo: /data/user_de/0/com.google.android.gms/app_chimera/m/00000016/dl-MlkitOcrCommon.optional_261332100800.apk has no usable artifacts
04-26 19:08:23.718  2780  2785 I artd    : GetBestInfo: /data/user_de/0/com.google.android.gms/app_chimera/m/00000002/DynamiteLoader.apk has no usable artifacts
04-26 19:08:23.720  2780  2785 I artd    : GetBestInfo: /data/user_de/0/com.google.android.gms/app_chimera/m/0000000e/dl-MlkitBarcodeUi.optional_260235100800.apk has no usable artifacts
04-26 19:08:23.722  2780  2785 I artd    : GetBestInfo: /data/user_de/0/com.google.android.gms/app_chimera/m/00000013/dl-Appsearch.optional_261332100800.apk has no usable artifacts
04-26 19:08:23.723  2780  2785 I artd    : GetBestInfo: /data/user_de/0/com.google.android.gms/app_chimera/m/00000005/GoogleCertificates.apk has no usable artifacts
04-26 19:08:23.725  2780  2785 I artd    : GetBestInfo: /data/user_de/0/com.google.android.gms/app_chimera/m/00000012/dl-PlayCloudSearch.optional_261332100000.apk has no usable artifacts
04-26 19:08:23.728  2780  2785 I artd    : GetBestInfo: vdex next to the dex file (/data/user/0/com.google.android.gms/app_dg_cache/B3ED91DEC21F0EB5284BE10D982ABEAAC45F5C48/oat/x86_64/the.vdex) is kOatUpToDate with filter 'verify' executable 'false'
04-26 19:08:23.730  2780  2785 I artd    : GetBestInfo: /data/user_de/0/com.google.android.gms/app_chimera/m/0000000f/dl-PlayCloudSearch.optional_260235100000.apk has no usable artifacts
04-26 19:08:23.733  2780  2785 I artd    : GetBestInfo: /data/user_de/0/com.google.android.gms/app_chimera/m/00000008/dl-VisionOcr.optional_260235100000.apk has no usable artifacts
04-26 19:08:23.736  2780  2785 I artd    : GetBestInfo: /data/user_de/0/com.google.android.gms/app_chimera/m/0000000b/dl-Appsearch.optional_260235100800.apk has no usable artifacts
04-26 19:08:23.737  2780  2785 I artd    : GetBestInfo: /data/user_de/0/com.google.android.gms/app_chimera/m/00000011/dl-VisionOcr.optional_261332100000.apk has no usable artifacts
04-26 19:08:23.739  2780  2785 I artd    : GetBestInfo: /data/user_de/0/com.google.android.gms/app_chimera/m/00000015/dl-MlkitBarcodeUi.optional_261332100800.apk has no usable artifacts
04-26 19:08:23.744  2780  2785 I artd    : GetBestInfo: /data/user_de/0/com.google.android.gms/app_chimera/m/00000009/dl-MlkitOcrCommon.optional_260235100800.apk has no usable artifacts
04-26 19:08:23.747  2780  2785 I artd    : GetBestInfo: vdex next to the dex file (/data/user/0/com.google.android.gms/app_dg_cache/CE973E4DE823F0AA69070767A9FABB590DDD455C/oat/x86_64/the.vdex) is kOatUpToDate with filter 'verify' executable 'false'
04-26 19:08:23.747  2780  2785 I artd    : GetBestInfo: /data/user_de/0/com.google.android.gms/app_chimera/m/00000007/MeasurementDynamite.apk has no usable artifacts
04-26 19:08:24.640 14936 15015 I MuMain  : PERF fps=70.1 frameMs=14.27 phase(render=13.66 pad=0.04 present=0.50) renderLevel=4 fxScale=1.00 maxMsg=30 avg(draw=195 verts=79086 im=1607 vaD=0 vaC=0 qI=78 qE=0) max(draw=207 verts=79686)
04-26 19:08:24.640 14936 15015 I MuMain  : PERF_SCENE world=73 char(live=0 vis=0 ply=0 mon=0 npc=0 pet=0 prio=0 topMon=-1 x0) obj(live=375 vis=168 op=0 trap=0 topObj=79 x24)
04-26 19:08:24.640 14936 15015 I MuMain  : PERF_BUCKET objMove(cand=0 upd=0 def=0 n=0 m=0 f=0) objRender(cand=0 draw=0 cull=0 n=0 m=0 f=0 visDraw=0 visDef=0) charMove(cand=0 upd=0 def=0 n=0 m=0 f=0) charRender(cand=0 draw=0 def=0 cull=0 n=0 m=0 f=0)
04-26 19:08:24.641 14936 15015 I MuMain  : PERF_TERRAIN world=73 normal(block=0 tile=0) grass(block=0 tile=0) after(block=0 tile=0)
04-26 19:08:24.900 14936 15015 I MuMain  : ADAPT net budget up: fps=69.2 frameMs=14.45 maxMsg 30->35
04-26 19:08:25.534   736   921 I HalDevMgr: bestIfaceCreationProposal is null, requestIface=STA, existingIface=[name=wlan0 type=STA]
04-26 19:08:25.543  1160  1312 D IpClient/wlan0: interfaceLinkStateChanged: ifindex 16 up
04-26 19:08:25.550  1160  1312 D IpClient/wlan0: interfaceLinkStateChanged: ifindex 16 up
04-26 19:08:25.678 14936 15015 I MuMain  : PERF fps=62.8 frameMs=15.92 phase(render=14.72 pad=0.04 present=1.06) renderLevel=4 fxScale=1.00 maxMsg=35 avg(draw=202 verts=94785 im=1649 vaD=0 vaC=0 qI=99 qE=0) max(draw=214 verts=97530)
04-26 19:08:25.678 14936 15015 I MuMain  : PERF_SCENE world=73 char(live=0 vis=0 ply=0 mon=0 npc=0 pet=0 prio=0 topMon=-1 x0) obj(live=375 vis=170 op=0 trap=0 topObj=79 x29)
04-26 19:08:25.678 14936 15015 I MuMain  : PERF_BUCKET objMove(cand=0 upd=0 def=0 n=0 m=0 f=0) objRender(cand=0 draw=0 cull=0 n=0 m=0 f=0 visDraw=0 visDef=0) charMove(cand=0 upd=0 def=0 n=0 m=0 f=0) charRender(cand=0 draw=0 def=0 cull=0 n=0 m=0 f=0)
04-26 19:08:25.678 14936 15015 I MuMain  : PERF_TERRAIN world=73 normal(block=0 tile=0) grass(block=0 tile=0) after(block=0 tile=0)
04-26 19:08:26.556  4376  4380 W ssioncontroller: Reducing the number of considered missed Gc histogram windows from 784 to 100
04-26 19:08:26.597   736   862 D ActivityManager: freezing 4276 com.android.vending:background
04-26 19:08:26.673   736   862 D ActivityManager: freezing 4164 com.android.vending
04-26 19:08:26.677   736   931 D InetDiagMessage: Destroyed 0 sockets, proto=IPPROTO_TCP, family=AF_INET, states=14
04-26 19:08:26.681   736   931 D InetDiagMessage: Destroyed 2 sockets, proto=IPPROTO_TCP, family=AF_INET6, states=14
04-26 19:08:26.681   736   931 D InetDiagMessage: Destroyed live tcp sockets for uids={10154} in 5ms
04-26 19:08:26.729 14936 15015 I MuMain  : PERF fps=54.2 frameMs=18.46 phase(render=17.39 pad=0.02 present=0.98) renderLevel=4 fxScale=1.00 maxMsg=35 avg(draw=230 verts=95469 im=1688 vaD=0 vaC=0 qI=123 qE=0) max(draw=245 verts=98148)
04-26 19:08:26.729 14936 15015 I MuMain  : PERF_SCENE world=73 char(live=0 vis=0 ply=0 mon=0 npc=0 pet=0 prio=0 topMon=-1 x0) obj(live=375 vis=164 op=0 trap=0 topObj=79 x28)
04-26 19:08:26.729 14936 15015 I MuMain  : PERF_BUCKET objMove(cand=0 upd=0 def=0 n=0 m=0 f=0) objRender(cand=0 draw=0 cull=0 n=0 m=0 f=0 visDraw=0 visDef=0) charMove(cand=0 upd=0 def=0 n=0 m=0 f=0) charRender(cand=0 draw=0 def=0 cull=0 n=0 m=0 f=0)
04-26 19:08:26.729 14936 15015 I MuMain  : PERF_TERRAIN world=73 normal(block=0 tile=0) grass(block=0 tile=0) after(block=0 tile=0)
04-26 19:08:27.766 14936 15015 I MuMain  : PERF fps=56.6 frameMs=17.66 phase(render=16.91 pad=0.04 present=0.66) renderLevel=4 fxScale=1.00 maxMsg=35 avg(draw=248 verts=93383 im=1718 vaD=0 vaC=0 qI=138 qE=0) max(draw=260 verts=94881)
04-26 19:08:27.766 14936 15015 I MuMain  : PERF_SCENE world=73 char(live=0 vis=0 ply=0 mon=0 npc=0 pet=0 prio=0 topMon=-1 x0) obj(live=375 vis=159 op=0 trap=0 topObj=135 x18)
04-26 19:08:27.766 14936 15015 I MuMain  : PERF_BUCKET objMove(cand=0 upd=0 def=0 n=0 m=0 f=0) objRender(cand=0 draw=0 cull=0 n=0 m=0 f=0 visDraw=0 visDef=0) charMove(cand=0 upd=0 def=0 n=0 m=0 f=0) charRender(cand=0 draw=0 def=0 cull=0 n=0 m=0 f=0)
04-26 19:08:27.766 14936 15015 I MuMain  : PERF_TERRAIN world=73 normal(block=0 tile=0) grass(block=0 tile=0) after(block=0 tile=0)
04-26 19:08:28.256  1016  1016 I wpa_supplicant: wlan0: CTRL-EVENT-BEACON-LOSS 
04-26 19:08:28.533 14936 15015 W MuMain  : ADAPT net budget down: fps=49.5 frameMs=20.20 maxMsg 35->30
04-26 19:08:28.544   736   921 I HalDevMgr: bestIfaceCreationProposal is null, requestIface=STA, existingIface=[name=wlan0 type=STA]
04-26 19:08:28.805 14936 15015 I MuMain  : ADAPT fx scale: fps=44.2 frameMs=22.64 1.00->0.90 target=0.90
04-26 19:08:28.805 14936 15015 I MuMain  : PERF fps=44.2 frameMs=22.64 phase(render=21.83 pad=0.02 present=0.72) renderLevel=4 fxScale=1.00 maxMsg=30 avg(draw=350 verts=104528 im=1873 vaD=0 vaC=0 qI=233 qE=0) max(draw=366 verts=104703)
04-26 19:08:28.805 14936 15015 I MuMain  : PERF_SCENE world=73 char(live=0 vis=0 ply=0 mon=0 npc=0 pet=0 prio=0 topMon=-1 x0) obj(live=375 vis=128 op=0 trap=0 topObj=135 x18)
04-26 19:08:28.805 14936 15015 I MuMain  : PERF_BUCKET objMove(cand=0 upd=0 def=0 n=0 m=0 f=0) objRender(cand=0 draw=0 cull=0 n=0 m=0 f=0 visDraw=0 visDef=0) charMove(cand=0 upd=0 def=0 n=0 m=0 f=0) charRender(cand=0 draw=0 def=0 cull=0 n=0 m=0 f=0)
04-26 19:08:28.805 14936 15015 I MuMain  : PERF_TERRAIN world=73 normal(block=0 tile=0) grass(block=0 tile=0) after(block=0 tile=0)
04-26 19:08:28.966   736   931 D InetDiagMessage: Destroyed 0 sockets, proto=IPPROTO_TCP, family=AF_INET, states=14
04-26 19:08:28.966   736   931 D InetDiagMessage: Destroyed 0 sockets, proto=IPPROTO_TCP, family=AF_INET6, states=14
04-26 19:08:28.966   736   931 D InetDiagMessage: Destroyed live tcp sockets for uids={10160} in 1ms
04-26 19:08:28.968   736   931 D InetDiagMessage: Destroyed 0 sockets, proto=IPPROTO_TCP, family=AF_INET, states=14
04-26 19:08:28.968   736   931 D InetDiagMessage: Destroyed 0 sockets, proto=IPPROTO_TCP, family=AF_INET6, states=14
04-26 19:08:28.968   736   931 D InetDiagMessage: Destroyed live tcp sockets for uids={20160} in 2ms
04-26 19:08:29.217  1203  1331 D SatelliteController: isInCarrierRoamingNbIotNtn: satellite is disabled
04-26 19:08:29.217  1203  1331 D SatelliteController: getCarrierRoamingNtnConnectType: Checking connect type from PLMN config for subId: 1
04-26 19:08:29.222  1203  1331 D SatelliteController: getSatellitePerPlmnConfiguration: invalid subId or not supported via carrier.
04-26 19:08:29.222  1203  1331 D SatelliteController: getCarrierRoamingNtnConnectType: config: null
04-26 19:08:29.224  1203  1331 D SatelliteController: getCarrierRoamingNtnConnectType: Falling back to global carrier config connect type: 0
04-26 19:08:29.224  1203  1331 D SatelliteController: updateLastNotifiedCarrierRoamingNtnSignalStrengthAndNotify(1)
04-26 19:08:29.224  1203  1331 D SatelliteController: updateLastNotifiedCarrierRoamingNtnSignalStrengthAndNotify(1) lastNotifiedSignalStrength level: 0
04-26 19:08:29.225  1203  1331 D SatelliteController: updateLastNotifiedCarrierRoamingNtnSignalStrengthAndNotify(1) currSignalStrength level: 0
04-26 19:08:29.854 14936 15015 I MuMain  : PERF fps=40.9 frameMs=24.43 phase(render=23.57 pad=0.02 present=0.78) renderLevel=4 fxScale=1.00 maxMsg=30 avg(draw=373 verts=100206 im=1963 vaD=0 vaC=0 qI=274 qE=0) max(draw=382 verts=103131)
04-26 19:08:29.854 14936 15015 I MuMain  : PERF_SCENE world=73 char(live=0 vis=0 ply=0 mon=0 npc=0 pet=0 prio=0 topMon=-1 x0) obj(live=375 vis=106 op=0 trap=0 topObj=135 x12)
04-26 19:08:29.854 14936 15015 I MuMain  : PERF_BUCKET objMove(cand=0 upd=0 def=0 n=0 m=0 f=0) objRender(cand=0 draw=0 cull=0 n=0 m=0 f=0 visDraw=0 visDef=0) charMove(cand=0 upd=0 def=0 n=0 m=0 f=0) charRender(cand=0 draw=0 def=0 cull=0 n=0 m=0 f=0)
04-26 19:08:29.854 14936 15015 I MuMain  : PERF_TERRAIN world=73 normal(block=0 tile=0) grass(block=0 tile=0) after(block=0 tile=0)
04-26 19:08:30.115 14936 15015 I MuMain  : ADAPT fx scale: fps=38.3 frameMs=26.14 1.00->0.90 target=0.90
04-26 19:08:30.916 14936 15015 I MuMain  : PERF fps=40.3 frameMs=24.84 phase(render=24.04 pad=0.02 present=0.72) renderLevel=4 fxScale=1.00 maxMsg=30 avg(draw=399 verts=96876 im=2018 vaD=0 vaC=0 qI=301 qE=0) max(draw=404 verts=96966)
04-26 19:08:30.916 14936 15015 I MuMain  : PERF_SCENE world=73 char(live=0 vis=0 ply=0 mon=0 npc=0 pet=0 prio=0 topMon=-1 x0) obj(live=375 vis=89 op=0 trap=0 topObj=129 x7)
04-26 19:08:30.916 14936 15015 I MuMain  : PERF_BUCKET objMove(cand=0 upd=0 def=0 n=0 m=0 f=0) objRender(cand=0 draw=0 cull=0 n=0 m=0 f=0 visDraw=0 visDef=0) charMove(cand=0 upd=0 def=0 n=0 m=0 f=0) charRender(cand=0 draw=0 def=0 cull=0 n=0 m=0 f=0)
04-26 19:08:30.916 14936 15015 I MuMain  : PERF_TERRAIN world=73 normal(block=0 tile=0) grass(block=0 tile=0) after(block=0 tile=0)
04-26 19:08:31.455 14936 15015 I MuMain  : ADAPT fx scale: fps=40.6 frameMs=24.62 1.00->0.90 target=0.90
04-26 19:08:31.553   736   921 I HalDevMgr: bestIfaceCreationProposal is null, requestIface=STA, existingIface=[name=wlan0 type=STA]
04-26 19:08:31.559  1160  1312 D IpClient/wlan0: interfaceLinkStateChanged: ifindex 16 up
04-26 19:08:31.566  1160  1312 D IpClient/wlan0: interfaceLinkStateChanged: ifindex 16 up
04-26 19:08:31.986 14936 15015 I MuMain  : PERF fps=44.4 frameMs=22.52 phase(render=21.69 pad=0.02 present=0.75) renderLevel=4 fxScale=1.00 maxMsg=30 avg(draw=365 verts=82007 im=1978 vaD=0 vaC=0 qI=284 qE=0) max(draw=377 verts=82338)
04-26 19:08:31.986 14936 15015 I MuMain  : PERF_SCENE world=73 char(live=0 vis=0 ply=0 mon=0 npc=0 pet=0 prio=0 topMon=-1 x0) obj(live=375 vis=76 op=0 trap=0 topObj=129 x7)
04-26 19:08:31.986 14936 15015 I MuMain  : PERF_BUCKET objMove(cand=0 upd=0 def=0 n=0 m=0 f=0) objRender(cand=0 draw=0 cull=0 n=0 m=0 f=0 visDraw=0 visDef=0) charMove(cand=0 upd=0 def=0 n=0 m=0 f=0) charRender(cand=0 draw=0 def=0 cull=0 n=0 m=0 f=0)
04-26 19:08:31.986 14936 15015 I MuMain  : PERF_TERRAIN world=73 normal(block=0 tile=0) grass(block=0 tile=0) after(block=0 tile=0)
04-26 19:08:32.794 14936 15015 I MuMain  : ADAPT fx scale: fps=44.2 frameMs=22.65 1.00->0.90 target=0.90
04-26 19:08:33.045 14936 15015 I MuMain  : PERF fps=43.8 frameMs=22.82 phase(render=22.01 pad=0.02 present=0.72) renderLevel=4 fxScale=1.00 maxMsg=30 avg(draw=370 verts=91355 im=1975 vaD=0 vaC=0 qI=288 qE=0) max(draw=375 verts=95859)
04-26 19:08:33.046 14936 15015 I MuMain  : PERF_SCENE world=73 char(live=0 vis=0 ply=0 mon=0 npc=0 pet=0 prio=0 topMon=-1 x0) obj(live=375 vis=62 op=0 trap=0 topObj=129 x6)
04-26 19:08:33.046 14936 15015 I MuMain  : PERF_BUCKET objMove(cand=0 upd=0 def=0 n=0 m=0 f=0) objRender(cand=0 draw=0 cull=0 n=0 m=0 f=0 visDraw=0 visDef=0) charMove(cand=0 upd=0 def=0 n=0 m=0 f=0) charRender(cand=0 draw=0 def=0 cull=0 n=0 m=0 f=0)
04-26 19:08:33.046 14936 15015 I MuMain  : PERF_TERRAIN world=73 normal(block=0 tile=0) grass(block=0 tile=0) after(block=0 tile=0)
04-26 19:08:33.254 14925 14925 D BoundBrokerSvc: onUnbind: Intent { act=com.google.android.gms.feedback.internal.IFeedbackService dat=chimera-action:/... xflg=0x4 cmp=com.google.android.gms/.chimera.GmsBoundBrokerService }
04-26 19:08:33.673  2780  2784 I artd    : GetBestInfo: odex next to the dex file (/data/app/~~PqdBwR9WSFUNw4iaJMgoGg==/com.google.android.gms-95Dc1VeYXyONiCBDqz_lkA==/oat/x86_64/base.odex) is kOatUpToDate with filter 'speed-profile' executable 'false'
04-26 19:08:33.675  2780  2784 I artd    : GetBestInfo: dm (/data/app/~~PqdBwR9WSFUNw4iaJMgoGg==/com.google.android.gms-95Dc1VeYXyONiCBDqz_lkA==/split_AdsDynamite_installtime.dm) is kOatUpToDate with filter 'verify' executable 'false'
04-26 19:08:33.677  2780  2784 I artd    : GetBestInfo: dm (/data/app/~~PqdBwR9WSFUNw4iaJMgoGg==/com.google.android.gms-95Dc1VeYXyONiCBDqz_lkA==/split_CronetDynamite_installtime.dm) is kOatUpToDate with filter 'verify' executable 'false'
04-26 19:08:33.679  2780  2784 I artd    : GetBestInfo: dm (/data/app/~~PqdBwR9WSFUNw4iaJMgoGg==/com.google.android.gms-95Dc1VeYXyONiCBDqz_lkA==/split_DynamiteLoader_installtime.dm) is kOatUpToDate with filter 'verify' executable 'false'
04-26 19:08:33.680  2780  2784 I artd    : GetBestInfo: dm (/data/app/~~PqdBwR9WSFUNw4iaJMgoGg==/com.google.android.gms-95Dc1VeYXyONiCBDqz_lkA==/split_DynamiteModulesA_installtime.dm) is kOatUpToDate with filter 'verify' executable 'false'
04-26 19:08:33.682  2780  2784 I artd    : GetBestInfo: dm (/data/app/~~PqdBwR9WSFUNw4iaJMgoGg==/com.google.android.gms-95Dc1VeYXyONiCBDqz_lkA==/split_DynamiteModulesC_installtime.dm) is kOatUpToDate with filter 'verify' executable 'false'
04-26 19:08:33.683  2780  2784 I artd    : GetBestInfo: dm (/data/app/~~PqdBwR9WSFUNw4iaJMgoGg==/com.google.android.gms-95Dc1VeYXyONiCBDqz_lkA==/split_GoogleCertificates_installtime.dm) is kOatUpToDate with filter 'verify' executable 'false'
04-26 19:08:33.685  2780  2784 I artd    : GetBestInfo: dm (/data/app/~~PqdBwR9WSFUNw4iaJMgoGg==/com.google.android.gms-95Dc1VeYXyONiCBDqz_lkA==/split_MapsDynamite_installtime.dm) is kOatUpToDate with filter 'verify' executable 'false'
04-26 19:08:33.687  2780  2784 I artd    : GetBestInfo: dm (/data/app/~~PqdBwR9WSFUNw4iaJMgoGg==/com.google.android.gms-95Dc1VeYXyONiCBDqz_lkA==/split_MeasurementDynamite_installtime.dm) is kOatUpToDate with filter 'verify' executable 'false'
04-26 19:08:33.689  2780  2784 I artd    : GetBestInfo: dm (/data/app/~~PqdBwR9WSFUNw4iaJMgoGg==/com.google.android.gms-95Dc1VeYXyONiCBDqz_lkA==/split_all_locale_splits.dm) is kOatUpToDate with filter 'verify' executable 'false'
04-26 19:08:33.690  2780  2784 I artd    : GetBestInfo: /data/user_de/0/com.google.android.gms/app_chimera/m/0000000a/dl-TfliteDynamiteDynamite.integ_252130102100800.apk has no usable artifacts
04-26 19:08:33.692  2780  2784 I artd    : GetBestInfo: /data/user_de/0/com.google.android.gms/app_chimera/m/00000001/CronetDynamite.apk has no usable artifacts
04-26 19:08:33.694  2780  2784 I artd    : GetBestInfo: /data/user_de/0/com.google.android.gms/app_chimera/m/00000016/dl-MlkitOcrCommon.optional_261332100800.apk has no usable artifacts
04-26 19:08:33.695  2780  2784 I artd    : GetBestInfo: /data/user_de/0/com.google.android.gms/app_chimera/m/00000002/DynamiteLoader.apk has no usable artifacts
04-26 19:08:33.697  2780  2784 I artd    : GetBestInfo: /data/user_de/0/com.google.android.gms/app_chimera/m/0000000e/dl-MlkitBarcodeUi.optional_260235100800.apk has no usable artifacts
04-26 19:08:33.698  2780  2784 I artd    : GetBestInfo: /data/user_de/0/com.google.android.gms/app_chimera/m/00000013/dl-Appsearch.optional_261332100800.apk has no usable artifacts
04-26 19:08:33.699  2780  2784 I artd    : GetBestInfo: /data/user_de/0/com.google.android.gms/app_chimera/m/00000005/GoogleCertificates.apk has no usable artifacts
04-26 19:08:33.701  2780  2784 I artd    : GetBestInfo: /data/user_de/0/com.google.android.gms/app_chimera/m/00000012/dl-PlayCloudSearch.optional_261332100000.apk has no usable artifacts
04-26 19:08:33.703  2780  2784 I artd    : GetBestInfo: vdex next to the dex file (/data/user/0/com.google.android.gms/app_dg_cache/B3ED91DEC21F0EB5284BE10D982ABEAAC45F5C48/oat/x86_64/the.vdex) is kOatUpToDate with filter 'verify' executable 'false'
04-26 19:08:33.704  2780  2784 I artd    : GetBestInfo: /data/user_de/0/com.google.android.gms/app_chimera/m/0000000f/dl-PlayCloudSearch.optional_260235100000.apk has no usable artifacts
04-26 19:08:33.707  2780  2784 I artd    : GetBestInfo: /data/user_de/0/com.google.android.gms/app_chimera/m/00000008/dl-VisionOcr.optional_260235100000.apk has no usable artifacts
04-26 19:08:33.709  2780  2784 I artd    : GetBestInfo: /data/user_de/0/com.google.android.gms/app_chimera/m/0000000b/dl-Appsearch.optional_260235100800.apk has no usable artifacts
04-26 19:08:33.711  2780  2784 I artd    : GetBestInfo: /data/user_de/0/com.google.android.gms/app_chimera/m/00000011/dl-VisionOcr.optional_261332100000.apk has no usable artifacts
04-26 19:08:33.713  2780  2784 I artd    : GetBestInfo: /data/user_de/0/com.google.android.gms/app_chimera/m/00000015/dl-MlkitBarcodeUi.optional_261332100800.apk has no usable artifacts
04-26 19:08:33.714  2780  2784 I artd    : GetBestInfo: /data/user_de/0/com.google.android.gms/app_chimera/m/00000009/dl-MlkitOcrCommon.optional_260235100800.apk has no usable artifacts
04-26 19:08:33.716  2780  2784 I artd    : GetBestInfo: vdex next to the dex file (/data/user/0/com.google.android.gms/app_dg_cache/CE973E4DE823F0AA69070767A9FABB590DDD455C/oat/x86_64/the.vdex) is kOatUpToDate with filter 'verify' executable 'false'
04-26 19:08:33.717  2780  2784 I artd    : GetBestInfo: /data/user_de/0/com.google.android.gms/app_chimera/m/00000007/MeasurementDynamite.apk has no usable artifacts
04-26 19:08:34.118 14936 15015 I MuMain  : PERF fps=52.3 frameMs=19.13 phase(render=18.26 pad=0.04 present=0.77) renderLevel=4 fxScale=1.00 maxMsg=30 avg(draw=285 verts=94754 im=1858 vaD=0 vaC=0 qI=202 qE=0) max(draw=292 verts=95436)
04-26 19:08:34.118 14936 15015 I MuMain  : PERF_SCENE world=73 char(live=0 vis=0 ply=0 mon=0 npc=0 pet=0 prio=0 topMon=-1 x0) obj(live=375 vis=51 op=0 trap=0 topObj=129 x6)
04-26 19:08:34.118 14936 15015 I MuMain  : PERF_BUCKET objMove(cand=0 upd=0 def=0 n=0 m=0 f=0) objRender(cand=0 draw=0 cull=0 n=0 m=0 f=0 visDraw=0 visDef=0) charMove(cand=0 upd=0 def=0 n=0 m=0 f=0) charRender(cand=0 draw=0 def=0 cull=0 n=0 m=0 f=0)
04-26 19:08:34.118 14936 15015 I MuMain  : PERF_TERRAIN world=73 normal(block=0 tile=0) grass(block=0 tile=0) after(block=0 tile=0)
04-26 19:08:34.562   736   921 I HalDevMgr: bestIfaceCreationProposal is null, requestIface=STA, existingIface=[name=wlan0 type=STA]
04-26 19:08:35.129 14936 15015 I MuMain  : PERF fps=58.7 frameMs=17.03 phase(render=16.09 pad=0.02 present=0.85) renderLevel=4 fxScale=1.00 maxMsg=30 avg(draw=231 verts=88632 im=1977 vaD=0 vaC=0 qI=155 qE=0) max(draw=242 verts=92244)
04-26 19:08:35.129 14936 15015 I MuMain  : PERF_SCENE world=73 char(live=0 vis=0 ply=0 mon=0 npc=0 pet=0 prio=0 topMon=-1 x0) obj(live=375 vis=57 op=0 trap=0 topObj=129 x7)
04-26 19:08:35.129 14936 15015 I MuMain  : PERF_BUCKET objMove(cand=0 upd=0 def=0 n=0 m=0 f=0) objRender(cand=0 draw=0 cull=0 n=0 m=0 f=0 visDraw=0 visDef=0) charMove(cand=0 upd=0 def=0 n=0 m=0 f=0) charRender(cand=0 draw=0 def=0 cull=0 n=0 m=0 f=0)
04-26 19:08:35.129 14936 15015 I MuMain  : PERF_TERRAIN world=73 normal(block=0 tile=0) grass(block=0 tile=0) after(block=0 tile=0)
04-26 19:08:36.168 14936 15015 I MuMain  : PERF fps=57.1 frameMs=17.52 phase(render=16.64 pad=0.02 present=0.80) renderLevel=4 fxScale=1.00 maxMsg=30 avg(draw=249 verts=86069 im=2013 vaD=0 vaC=0 qI=174 qE=0) max(draw=257 verts=87663)
04-26 19:08:36.168 14936 15015 I MuMain  : PERF_SCENE world=73 char(live=0 vis=0 ply=0 mon=0 npc=0 pet=0 prio=0 topMon=-1 x0) obj(live=375 vis=131 op=0 trap=0 topObj=146 x8)
04-26 19:08:36.168 14936 15015 I MuMain  : PERF_BUCKET objMove(cand=0 upd=0 def=0 n=0 m=0 f=0) objRender(cand=0 draw=0 cull=0 n=0 m=0 f=0 visDraw=0 visDef=0) charMove(cand=0 upd=0 def=0 n=0 m=0 f=0) charRender(cand=0 draw=0 def=0 cull=0 n=0 m=0 f=0)
04-26 19:08:36.168 14936 15015 I MuMain  : PERF_TERRAIN world=73 normal(block=0 tile=0) grass(block=0 tile=0) after(block=0 tile=0)
04-26 19:08:36.444  1016  1016 I wpa_supplicant: wlan0: CTRL-EVENT-BEACON-LOSS 
04-26 19:08:36.587   736   862 D ActivityManager: freezing 4376 com.google.android.permissioncontroller
04-26 19:08:36.590   736   931 D InetDiagMessage: Destroyed 0 sockets, proto=IPPROTO_TCP, family=AF_INET, states=14
04-26 19:08:36.590   736   931 D InetDiagMessage: Destroyed 0 sockets, proto=IPPROTO_TCP, family=AF_INET6, states=14
04-26 19:08:36.591   736   931 D InetDiagMessage: Destroyed live tcp sockets for uids={10211} in 1ms
04-26 19:08:36.858 15051 15051 W libbinder.BackendUnifiedServiceManager: Thread Pool max thread count is 0. Cannot cache binder as linkToDeath cannot be implemented. serviceName: SurfaceFlingerAIDL
04-26 19:08:36.858 15051 15051 W libbinder.BpBinder: Linking to death on android.gui.ISurfaceComposer but there are no threads (yet?) listening to incoming transactions. See ProcessState::startThreadPool and ProcessState::setThreadPoolMaxThreadCount. Generally you should setup the binder threadpool before other initialization steps.
04-26 19:08:36.859 15051 15051 W libbinder.ProcessState: Extra binder thread started, but 0 threads requested. Do not use *startThreadPool when zero threads are requested.
04-26 19:08:36.920   566   616 W skia    : AGTM parsing failed flags.readFromStream(s) at 159
04-26 19:08:36.939 14936 15015 I MuMain  : ADAPT fx scale: fps=42.9 frameMs=23.31 1.00->0.90 target=0.90
