04-26 16:37:54.254 W/AmbientCueRepository( 1219): 	at android.os.Looper.loopOnce(Looper.java:292)
04-26 16:37:54.254 W/AmbientCueRepository( 1219): 	at android.os.Looper.loop(Looper.java:393)
04-26 16:37:54.254 W/AmbientCueRepository( 1219): 	at android.app.ActivityThread.main(ActivityThread.java:9486)
04-26 16:37:54.254 W/AmbientCueRepository( 1219): 	at java.lang.reflect.Method.invoke(Native Method)
04-26 16:37:54.254 W/AmbientCueRepository( 1219): 	at com.android.internal.os.RuntimeInit$MethodAndArgsCaller.run(RuntimeInit.java:575)
04-26 16:37:54.254 W/AmbientCueRepository( 1219): 	at com.android.internal.os.ZygoteInit.main(ZygoteInit.java:939)
04-26 16:37:54.255 D/LauncherAmbientCueVM( 1219): onUnfilteredActionsChange: []
04-26 16:37:54.258 D/AmbientCueRepository( 1219): connectToAce: connecting TO ACE and registering
04-26 16:37:54.262 D/AllAppsStore( 1219): setApps: apps.length=21
04-26 16:37:54.262 D/AllAppsStore( 1219): notifyUpdate: notifying listeners
04-26 16:37:54.268 D/AlphabeticIndexCompat( 1219): computeSectionName: cs: Settings sectionName: S
04-26 16:37:54.269 D/AlphabeticIndexCompat( 1219): computeSectionName: cs: Photos sectionName: P
04-26 16:37:54.269 D/AlphabeticIndexCompat( 1219): computeSectionName: cs: Battery sectionName: B
04-26 16:37:54.269 D/AlphabeticIndexCompat( 1219): computeSectionName: cs: Chrome sectionName: C
04-26 16:37:54.269 D/AlphabeticIndexCompat( 1219): computeSectionName: cs: Gmail sectionName: G
04-26 16:37:54.270 D/AlphabeticIndexCompat( 1219): computeSectionName: cs: Drive sectionName: D
04-26 16:37:54.271 D/AlphabeticIndexCompat( 1219): computeSectionName: cs: Clock sectionName: C
04-26 16:37:54.271 I/Icing   ( 1867): Usage reports ok 0, Failed Usage reports 0, indexed 0, rejected 0
04-26 16:37:54.271 D/AlphabeticIndexCompat( 1219): computeSectionName: cs: Contacts sectionName: C
04-26 16:37:54.276 D/AlphabeticIndexCompat( 1219): computeSectionName: cs: Calendar sectionName: C
04-26 16:37:54.278 I/WindowManager(  736): finishDrawing of orientation change: Window{728c45f u0 StatusBar} 165ms
04-26 16:37:54.280 D/AlphabeticIndexCompat( 1219): computeSectionName: cs: Maps sectionName: M
04-26 16:37:54.280 D/AlphabeticIndexCompat( 1219): computeSectionName: cs: YouTube Music sectionName: Y
04-26 16:37:54.280 D/AlphabeticIndexCompat( 1219): computeSectionName: cs: YouTube sectionName: Y
04-26 16:37:54.280 D/AlphabeticIndexCompat( 1219): computeSectionName: cs: Google sectionName: G
04-26 16:37:54.281 D/AlphabeticIndexCompat( 1219): computeSectionName: cs: Android System Intelligence sectionName: A
04-26 16:37:54.281 D/AlphabeticIndexCompat( 1219): computeSectionName: cs: Digital Wellbeing sectionName: D
04-26 16:37:54.281 D/AlphabeticIndexCompat( 1219): computeSectionName: cs: Conversations sectionName: C
04-26 16:37:54.283 D/TaskbarManager( 1219): createTaskbarUIControllerForRecentsViewContainer displayId=0 mPrimaryDisplayId=0
04-26 16:37:54.283 D/PerDisplayTaskbarResource( 1219): recreateTaskbarForDisplay: adding rootView displayId=0
04-26 16:37:54.283 D/PerDisplayTaskbarResource( 1219): recreateTaskbarForDisplay: adding root layout displayId=0
04-26 16:37:54.284 D/b/475447538( 1219): Fixed Landscape pref = false all grids = [GridConfig{name='medium', gridTitle='Medium', gridIconId=2131231404, numRows=6, numColumns=4, gridType=1, mIsFixedLandscape=false}]
04-26 16:37:54.288 D/IDP     ( 1219): After initGrid:gridName:medium, dbFile:launcher_4_by_6.db, LauncherPrefs GRID_NAME:medium, LauncherPrefs DB_FILE:launcher_4_by_6.db
04-26 16:37:54.289 D/PerDisplayTaskbarResource( 1219): recreateTaskbars displayId=0
04-26 16:37:54.290 I/SP      ( 4105): Syncing emoticon_content_description (2022081613) with slices: [7a635888cb828dfa2fc744b7b9b50f04], metadata: false
04-26 16:37:54.291 D/PerDisplayTaskbarResource( 1219): recreateTaskbarForDisplay displayId=0
04-26 16:37:54.291 D/PerDisplayTaskbarResource( 1219): recreateTaskbarForDisplay: getting device profile displayId=0
04-26 16:37:54.291 D/PerDisplayTaskbarResource( 1219): recreateTaskbarForDisplay: destroying taskbar displayId=0
04-26 16:37:54.291 D/PerDisplayTaskbarResource( 1219): destroyTaskbarForDisplay displayId=0
04-26 16:37:54.291 D/CueBarController( 1219): CuebarController destroy
04-26 16:37:54.291 W/ApplicationInfo(  736): Large ApplicationInfo parcel: size=17540 package=com.google.android.googlequicksearchbox sharedLibs=3 resDirs=2 overlayPaths=2
04-26 16:37:54.297 D/TaskbarOverlayController( 1219): onDestroy: 	at com.android.launcher3.taskbar.PerDisplayTaskbarResource.destroyTaskbarForDisplay(go/retraceme 7226a759aa2bb3787a79806f85d80eaad84f1f1e15acd6db988f2df789d1680d:455)
04-26 16:37:54.297 D/TaskbarOverlayController( 1219): 	at com.android.launcher3.taskbar.TaskbarManagerImpl.recreateTaskbarForDisplay(go/retraceme 7226a759aa2bb3787a79806f85d80eaad84f1f1e15acd6db988f2df789d1680d:125)
04-26 16:37:54.297 D/TaskbarOverlayController( 1219): 	at com.android.launcher3.taskbar.TaskbarManagerImpl$$ExternalSyntheticLambda11.accept(go/retraceme 7226a759aa2bb3787a79806f85d80eaad84f1f1e15acd6db988f2df789d1680d:89)
04-26 16:37:54.297 D/TaskbarOverlayController( 1219): onDestroy: Was window already present? false
04-26 16:37:54.297 D/PerDisplayTaskbarResource( 1219): recreateTaskbarForDisplay: isTaskbarEnabled=true [dp != null]=true mUserUnlocked=true dp.isTaskbarPresent=false isTaskbarEnabled=true displayExists=true displayId=0
04-26 16:37:54.297 D/PerDisplayTaskbarResource( 1219): recreateTaskbarForDisplay: creating taskbar displayId=0
04-26 16:37:54.310 I/GoogleInputMethodService( 4105): GoogleInputMethodService.onStartInput():1384 onStartInput(EditorInfo{EditorInfo{packageName=com.google.android.apps.nexuslauncher, inputType=0, inputTypeString=NULL, enableLearning=false, autoCorrection=false, autoComplete=false, imeOptions=0, privateImeOptions=null, actionName=UNSPECIFIED, actionLabel=null, initialSelStart=-1, initialSelEnd=-1, initialCapsMode=0, label=null, fieldId=0, fieldName=null, extras=null, hintText=null, hintLocales=[]}}, true)
04-26 16:37:54.310 W/SessionManager( 4105): SessionManager.beginSession():53 Try to begin an already begun session [INPUT_SESSION], end it first
04-26 16:37:54.311 W/AndroidIME( 4105): LatinIMEBase.updateInputViewCoverNavigation():319 Null input view, cannot update padding!
04-26 16:37:54.314 I/Module  ( 4105): DeviceLockedStatusModuleProvider$Module.updateDeviceLockedStatus():103 repeatCheckTimes = 1, locked = false
04-26 16:37:54.315 W/AmbientCueRepository( 1219): spoonBarOptedIn not found, default to enabled
04-26 16:37:54.315 W/AmbientCueRepository( 1219): android.provider.Settings$SettingNotFoundException: spoonBarOptedIn
04-26 16:37:54.315 W/AmbientCueRepository( 1219): 	at android.provider.Settings.parseIntSetting(Settings.java:4348)
04-26 16:37:54.315 W/AmbientCueRepository( 1219): 	at android.provider.Settings.-$$Nest$smparseIntSetting(Settings.java:0)
04-26 16:37:54.315 W/AmbientCueRepository( 1219): 	at android.provider.Settings$Secure.getIntForUser(Settings.java:7792)
04-26 16:37:54.315 W/AmbientCueRepository( 1219): 	at android.provider.Settings$Secure.getInt(Settings.java:7784)
04-26 16:37:54.315 W/AmbientCueRepository( 1219): 	at com.android.quickstep.cuebar.data.repository.AmbientCueRepositoryImpl.isAmbientCueSettingEnabled(go/retraceme 7226a759aa2bb3787a79806f85d80eaad84f1f1e15acd6db988f2df789d1680d:9)
04-26 16:37:54.315 W/AmbientCueRepository( 1219): 	at com.android.quickstep.cuebar.data.repository.AmbientCueRepositoryImpl.<init>(go/retraceme 7226a759aa2bb3787a79806f85d80eaad84f1f1e15acd6db988f2df789d1680d:144)
04-26 16:37:54.315 W/AmbientCueRepository( 1219): 	at com.android.launcher3.taskbar.CueBarController.<init>(go/retraceme 7226a759aa2bb3787a79806f85d80eaad84f1f1e15acd6db988f2df789d1680d:31)
04-26 16:37:54.315 W/AmbientCueRepository( 1219): 	at com.android.launcher3.taskbar.TaskbarActivityContext.<init>(go/retraceme 7226a759aa2bb3787a79806f85d80eaad84f1f1e15acd6db988f2df789d1680d:3648)
04-26 16:37:54.315 W/AmbientCueRepository( 1219): 	at com.android.launcher3.taskbar.TaskbarManagerImpl.createTaskbarActivityContext(go/retraceme 7226a759aa2bb3787a79806f85d80eaad84f1f1e15acd6db988f2df789d1680d:59)
04-26 16:37:54.315 W/AmbientCueRepository( 1219): 	at com.android.launcher3.taskbar.TaskbarManagerImpl.recreateTaskbarForDisplay(go/retraceme 7226a759aa2bb3787a79806f85d80eaad84f1f1e15acd6db988f2df789d1680d:248)
04-26 16:37:54.315 W/AmbientCueRepository( 1219): 	at com.android.launcher3.taskbar.TaskbarManagerImpl$$ExternalSyntheticLambda11.accept(go/retraceme 7226a759aa2bb3787a79806f85d80eaad84f1f1e15acd6db988f2df789d1680d:89)
04-26 16:37:54.315 W/AmbientCueRepository( 1219): 	at com.android.quickstep.DisplayModel.forEach(go/retraceme 7226a759aa2bb3787a79806f85d80eaad84f1f1e15acd6db988f2df789d1680d:18)
04-26 16:37:54.315 W/AmbientCueRepository( 1219): 	at com.android.launcher3.taskbar.TaskbarManagerImpl.recreateTaskbars(go/retraceme 7226a759aa2bb3787a79806f85d80eaad84f1f1e15acd6db988f2df789d1680d:14)
04-26 16:37:54.315 W/AmbientCueRepository( 1219): 	at com.android.launcher3.taskbar.TaskbarManagerImpl$$ExternalSyntheticLambda10.run(go/retraceme 7226a759aa2bb3787a79806f85d80eaad84f1f1e15acd6db988f2df789d1680d:60)
04-26 16:37:54.315 W/AmbientCueRepository( 1219): 	at com.android.launcher3.util.LooperExecutor.execute(go/retraceme 7226a759aa2bb3787a79806f85d80eaad84f1f1e15acd6db988f2df789d1680d:16)
04-26 16:37:54.315 W/AmbientCueRepository( 1219): 	at com.android.launcher3.taskbar.TaskbarManagerImpl$$ExternalSyntheticLambda20.onIdpChanged(go/retraceme 7226a759aa2bb3787a79806f85d80eaad84f1f1e15acd6db988f2df789d1680d:19)
04-26 16:37:54.315 W/AmbientCueRepository( 1219): 	at com.android.launcher3.InvariantDeviceProfile.onConfigChanged(go/retraceme 7226a759aa2bb3787a79806f85d80eaad84f1f1e15acd6db988f2df789d1680d:52)
04-26 16:37:54.315 W/AmbientCueRepository( 1219): 	at com.android.launcher3.InvariantDeviceProfile$$ExternalSyntheticLambda1.invoke(go/retraceme 7226a759aa2bb3787a79806f85d80eaad84f1f1e15acd6db988f2df789d1680d:12)
04-26 16:37:54.315 W/AmbientCueRepository( 1219): 	at com.android.launcher3.util.MutableListenableStream$dispatchValue$1$1.run(go/retraceme 7226a759aa2bb3787a79806f85d80eaad84f1f1e15acd6db988f2df789d1680d:20)
04-26 16:37:54.315 W/AmbientCueRepository( 1219): 	at com.android.launcher3.util.LooperExecutor.execute(go/retraceme 7226a759aa2bb3787a79806f85d80eaad84f1f1e15acd6db988f2df789d1680d:16)
04-26 16:37:54.315 W/AmbientCueRepository( 1219): 	at com.android.launcher3.util.MutableListenableStream.dispatchValue(go/retraceme 7226a759aa2bb3787a79806f85d80eaad84f1f1e15acd6db988f2df789d1680d:52)
04-26 16:37:54.315 W/AmbientCueRepository( 1219): 	at com.android.launcher3.display.DisplayInfoContainer.notifyConfigChange(go/retraceme 7226a759aa2bb3787a79806f85d80eaad84f1f1e15acd6db988f2df789d1680d:168)
04-26 16:37:54.315 W/AmbientCueRepository( 1219): 	at com.android.launcher3.display.DisplayInfoContainer.onConfigurationChanged(go/retraceme 7226a759aa2bb3787a79806f85d80eaad84f1f1e15acd6db988f2df789d1680d:90)
04-26 16:37:54.315 W/AmbientCueRepository( 1219): 	at android.content.ComponentCallbacksController.lambda$dispatchConfigurationChanged$0(ComponentCallbacksController.java:92)
04-26 16:37:54.315 W/AmbientCueRepository( 1219): 	at android.content.ComponentCallbacksController$$ExternalSyntheticLambda2.accept(D8$$SyntheticClass:0)
04-26 16:37:54.315 W/AmbientCueRepository( 1219): 	at android.content.ComponentCallbacksController.forAllComponentCallbacks(ComponentCallbacksController.java:125)
04-26 16:37:54.315 W/AmbientCueRepository( 1219): 	at android.content.ComponentCallbacksController.dispatchConfigurationChanged(ComponentCallbacksController.java:92)
04-26 16:37:54.315 W/AmbientCueRepository( 1219): 	at android.window.WindowContext.dispatchConfigurationChanged(WindowContext.java:281)
04-26 16:37:54.315 W/AmbientCueRepository( 1219): 	at android.window.WindowTokenClient.onConfigurationChangedInner(WindowTokenClient.java:212)
04-26 16:37:54.316 W/AmbientCueRepository( 1219): 	at android.window.WindowTokenClient.onConfigurationChanged(WindowTokenClient.java:158)
04-26 16:37:54.316 W/AmbientCueRepository( 1219): 	at android.window.WindowTokenClient.onConfigurationChanged(WindowTokenClient.java:114)
04-26 16:37:54.316 W/AmbientCueRepository( 1219): 	at android.window.WindowTokenClientController.onWindowContextInfoChanged(WindowTokenClientController.java:249)
04-26 16:37:54.316 W/AmbientCueRepository( 1219): 	at android.app.ActivityThread.handleWindowContextInfoChanged(ActivityThread.java:7289)
04-26 16:37:54.316 W/AmbientCueRepository( 1219): 	at android.app.servertransaction.WindowContextInfoChangeItem.execute(WindowContextInfoChangeItem.java:53)
04-26 16:37:54.316 W/AmbientCueRepository( 1219): 	at android.app.servertransaction.TransactionExecutor.executeNonLifecycleItem(TransactionExecutor.java:133)
04-26 16:37:54.316 W/AmbientCueRepository( 1219): 	at android.app.servertransaction.TransactionExecutor.executeTransactionItems(TransactionExecutor.java:103)
04-26 16:37:54.316 W/AmbientCueRepository( 1219): 	at android.app.servertransaction.TransactionExecutor.execute(TransactionExecutor.java:80)
04-26 16:37:54.316 W/AmbientCueRepository( 1219): 	at android.app.ActivityThread$H.handleMessage(ActivityThread.java:3024)
04-26 16:37:54.316 W/AmbientCueRepository( 1219): 	at android.os.Handler.dispatchMessageImpl(Handler.java:142)
04-26 16:37:54.316 W/AmbientCueRepository( 1219): 	at android.os.Handler.dispatchMessage(Handler.java:125)
04-26 16:37:54.316 W/AmbientCueRepository( 1219): 	at android.os.Looper.loopOnce(Looper.java:292)
04-26 16:37:54.316 W/AmbientCueRepository( 1219): 	at android.os.Looper.loop(Looper.java:393)
04-26 16:37:54.316 W/AmbientCueRepository( 1219): 	at android.app.ActivityThread.main(ActivityThread.java:9486)
04-26 16:37:54.316 W/AmbientCueRepository( 1219): 	at java.lang.reflect.Method.invoke(Native Method)
04-26 16:37:54.316 W/AmbientCueRepository( 1219): 	at com.android.internal.os.RuntimeInit$MethodAndArgsCaller.run(RuntimeInit.java:575)
04-26 16:37:54.316 W/AmbientCueRepository( 1219): 	at com.android.internal.os.ZygoteInit.main(ZygoteInit.java:939)
04-26 16:37:54.317 D/LauncherAmbientCueVM( 1219): onUnfilteredActionsChange: []
04-26 16:37:54.320 W/PrimesLoggerHolder( 4105): FrameMetricServiceImpl.start():188 measurement already started: MeasurementKey{rawStringEventName=null, noPiiEventName=OnConfigurationChanged, isActivity=false}
04-26 16:37:54.327 D/AmbientCueRepository( 1219): connectToAce: connecting TO ACE and registering
04-26 16:37:54.330 I/Icing   ( 1867): Indexing com.google.android.gms-apps from com.google.android.gms
04-26 16:37:54.330 D/SsCardRecyclerViewAdapter( 1036): Updating Smartspace targets to targets for Lockscreen
04-26 16:37:54.333 D/AllAppsStore( 1219): setApps: apps.length=21
04-26 16:37:54.333 W/PackageConfigPersister(  736): App-specific configuration not found for packageName: com.google.android.apps.nexuslauncher and userId: 0
04-26 16:37:54.334 D/SsCardRecyclerViewAdapter( 1036): Updating Smartspace targets to targets for Lockscreen
04-26 16:37:54.335 W/BcSmartspaceView( 1036): Current card is not present in the Adapter; cannot log.
04-26 16:37:54.335 E/DateSmartspaceView( 1036): No tap action can be set up
04-26 16:37:54.335 D/AllAppsStore( 1219): notifyUpdate: notifying listeners
04-26 16:37:54.336 W/AlarmManager( 1036): Unrecognized alarm listener com.google.android.systemui.smartspace.KeyguardZenAlarmViewController$showNextAlarm$1@c306cb1
04-26 16:37:54.337 W/AlarmManager( 1036): Unrecognized alarm listener com.google.android.systemui.smartspace.KeyguardZenAlarmViewController$showNextAlarm$1@c306cb1
04-26 16:37:54.338 W/BcSmartspaceView( 1036): Current card is not present in the Adapter; cannot log.
04-26 16:37:54.340 D/AlphabeticIndexCompat( 1219): computeSectionName: cs: Settings sectionName: S
04-26 16:37:54.342 W/BcSmartspaceView( 1036): Current card is not present in the Adapter; cannot log.
04-26 16:37:54.343 E/DateSmartspaceView( 1036): No tap action can be set up
04-26 16:37:54.344 D/AlphabeticIndexCompat( 1219): computeSectionName: cs: Photos sectionName: P
04-26 16:37:54.344 D/AlphabeticIndexCompat( 1219): computeSectionName: cs: Battery sectionName: B
04-26 16:37:54.344 W/AlarmManager( 1036): Unrecognized alarm listener com.google.android.systemui.smartspace.KeyguardZenAlarmViewController$showNextAlarm$1@c306cb1
04-26 16:37:54.345 W/BcSmartspaceView( 1036): Current card is not present in the Adapter; cannot log.
04-26 16:37:54.345 D/AlphabeticIndexCompat( 1219): computeSectionName: cs: Chrome sectionName: C
04-26 16:37:54.346 W/BcSmartspaceView( 1036): Current card is not present in the Adapter; cannot log.
04-26 16:37:54.346 D/AlphabeticIndexCompat( 1219): computeSectionName: cs: Gmail sectionName: G
04-26 16:37:54.348 D/AlphabeticIndexCompat( 1219): computeSectionName: cs: Drive sectionName: D
04-26 16:37:54.349 D/AlphabeticIndexCompat( 1219): computeSectionName: cs: Clock sectionName: C
04-26 16:37:54.349 D/AlphabeticIndexCompat( 1219): computeSectionName: cs: Contacts sectionName: C
04-26 16:37:54.349 D/AlphabeticIndexCompat( 1219): computeSectionName: cs: Calendar sectionName: C
04-26 16:37:54.351 I/WindowManager(  736): finishDrawing of orientation change: Window{904d21f u0 ScreenDecorOverlay} 237ms
04-26 16:37:54.351 D/AlphabeticIndexCompat( 1219): computeSectionName: cs: Maps sectionName: M
04-26 16:37:54.352 D/AlphabeticIndexCompat( 1219): computeSectionName: cs: YouTube Music sectionName: Y
04-26 16:37:54.352 D/AlphabeticIndexCompat( 1219): computeSectionName: cs: YouTube sectionName: Y
04-26 16:37:54.353 D/AlphabeticIndexCompat( 1219): computeSectionName: cs: Google sectionName: G
04-26 16:37:54.353 D/AlphabeticIndexCompat( 1219): computeSectionName: cs: Android System Intelligence sectionName: A
04-26 16:37:54.356 D/AlphabeticIndexCompat( 1219): computeSectionName: cs: Digital Wellbeing sectionName: D
04-26 16:37:54.356 D/AlphabeticIndexCompat( 1219): computeSectionName: cs: Conversations sectionName: C
04-26 16:37:54.361 D/TaskbarManager( 1219): createTaskbarUIControllerForRecentsViewContainer displayId=0 mPrimaryDisplayId=0
04-26 16:37:54.362 I/AiAiEcho( 3743): Predicting[0]:  [CONTEXT sampling_count=5 ]
04-26 16:37:54.362 D/PerDisplayTaskbarResource( 1219): recreateTaskbarForDisplay: adding rootView displayId=0
04-26 16:37:54.362 I/AiAiEcho( 3743): EchoTargets: 
04-26 16:37:54.362 I/AiAiEcho( 3743): Filtered by AiAi flag check: 
04-26 16:37:54.362 I/AiAiEcho( 3743): [CONTEXT ratelimit_period="10 SECONDS" ]
04-26 16:37:54.362 D/PerDisplayTaskbarResource( 1219): recreateTaskbarForDisplay: adding root layout displayId=0
04-26 16:37:54.362 I/AiAiEcho( 3743): #remoteViewsTwiddler: feature disabled.
04-26 16:37:54.362 I/AiAiEcho( 3743): Predicting[0]:  [CONTEXT sampling_count=5 ]
04-26 16:37:54.363 I/AiAiEcho( 3743): EchoTargets: 
04-26 16:37:54.363 I/AiAiEcho( 3743): Filtered by AiAi flag check: 
04-26 16:37:54.363 I/AiAiEcho( 3743): [CONTEXT ratelimit_period="10 SECONDS" ]
04-26 16:37:54.363 I/AiAiEcho( 3743): #remoteViewsTwiddler: feature disabled.
04-26 16:37:54.364 I/AiAiEcho( 3743): #postPredictionTargets: Sending updates to UISurface lockscreen with targets# 0 (types=[])
04-26 16:37:54.367 I/AiAiEcho( 3743): #postPredictionTargets: Sending updates to UISurface home with targets# 0 (types=[])
04-26 16:37:54.368 D/b/475447538( 1219): Rotation Helper = [mStateHandlerRequest=0, mCurrentStateRequest=0, mLastActivityFlags=5, mIgnoreAutoRotateSettings=false, mForceAllowRotationForTesting=false, mDestroyed=false, mIsFixedLandscape=false]
04-26 16:37:54.374 D/OverviewActionsView( 1219): updateActionButtonsVisibility() called: showSingleTaskActions = [true], showGroupActions = [false]
04-26 16:37:54.375 I/MuPreload( 8312): Skip download, usable data exists: /storage/emulated/0/Android/data/com.muonline.client/files/Data markerWasPresent=true
04-26 16:37:54.378 D/LauncherStateManager( 1219): StateManager.cancelAnimation: animation ongoing: false, partial trace:
04-26 16:37:54.378 D/LauncherStateManager( 1219): 	at com.android.launcher3.statemanager.StateManager.reapplyState(go/retraceme 7226a759aa2bb3787a79806f85d80eaad84f1f1e15acd6db988f2df789d1680d:39)
04-26 16:37:54.378 D/LauncherStateManager( 1219): 	at com.android.launcher3.statemanager.StatefulActivity.reapplyUi(go/retraceme 7226a759aa2bb3787a79806f85d80eaad84f1f1e15acd6db988f2df789d1680d:12)
04-26 16:37:54.378 D/LauncherStateManager( 1219): 	at com.android.launcher3.Launcher.onHandleConfigurationChanged(go/retraceme 7226a759aa2bb3787a79806f85d80eaad84f1f1e15acd6db988f2df789d1680d:25)
04-26 16:37:54.382 I/SP      ( 4105): Sync for emoticon_content_description succeeded in 196 ms: no changes
04-26 16:37:54.383 D/AllAppsTransitionController( 1219): shouldProtectHeader: false skipScrim: false state: Normal stateManager.getState(): Normal
04-26 16:37:54.383 D/KeyboardInsetsHandler( 1219): setState, toState:Normal StateManager(mLastStableState:Normal, mCurrentStableState:Normal, mState:Normal, mRestState:null, isInTransition:false)
04-26 16:37:54.383 I/SP      ( 4105): GC for 'emoticon_content_description' (10) with ttl of 0 ms took 0 ms (0/0/0)
04-26 16:37:54.383 D/KeyboardInsetsHandler( 1219): removePendingImeController: pendingImeController=null
04-26 16:37:54.383 D/KeyboardStateManager( 1219): hideKeyboard
04-26 16:37:54.383 D/KeyboardStateManager( 1219): isImeShown: false
04-26 16:37:54.384 D/StatsLog( 1219): LAUNCHER_GOOGLE_SEARCH_RESTORE_LIST_SIZE_AFTER_ACTIVITY_RESTART
04-26 16:37:54.386 D/ModelCallbacks( 1219): startBinding: hotseat layout was vertical: false and is setting to false
04-26 16:37:54.388 D/SsCardRecyclerViewAdapter( 1219): Updating Smartspace targets to targets for Lockscreen
04-26 16:37:54.390 D/SsCardRecyclerViewAdapter( 1219): Updating Smartspace targets to targets for Lockscreen
04-26 16:37:54.390 W/BcSmartspaceView( 1219): Current card is not present in the Adapter; cannot log.
04-26 16:37:54.390 D/Launcher.Workspace( 1219): addInScreenFromBind: hotseat inflation with x = 0 and y = 0
04-26 16:37:54.390 D/CellLayout( 1219): Adding view to ShortcutsAndWidgetsContainer: com.android.launcher3.views.DoubleShadowBubbleTextView{b440fe VFED..C.. ......ID 0,0-0,0 #1}
04-26 16:37:54.390 D/Launcher.Workspace( 1219): addInScreenFromBind: hotseat inflation with x = 1 and y = 0
04-26 16:37:54.390 D/CellLayout( 1219): Adding view to ShortcutsAndWidgetsContainer: com.android.launcher3.views.DoubleShadowBubbleTextView{b01405f VFED..C.. ......ID 0,0-0,0 #2}
04-26 16:37:54.390 D/Launcher.Workspace( 1219): addInScreenFromBind: hotseat inflation with x = 2 and y = 0
04-26 16:37:54.390 D/CellLayout( 1219): Adding view to ShortcutsAndWidgetsContainer: com.android.launcher3.views.DoubleShadowBubbleTextView{99f8aac VFED..C.. ......ID 0,0-0,0 #3}
04-26 16:37:54.390 D/CellLayout( 1219): Adding view to ShortcutsAndWidgetsContainer: com.android.launcher3.views.DoubleShadowBubbleTextView{236a375 VFED..C.. ......ID 0,0-0,0 #4}
04-26 16:37:54.391 D/CellLayout( 1219): Adding view to ShortcutsAndWidgetsContainer: com.android.launcher3.views.DoubleShadowBubbleTextView{88f6f0a VFED..C.. ......ID 0,0-0,0 #5}
04-26 16:37:54.391 D/CellLayout( 1219): Adding view to ShortcutsAndWidgetsContainer: com.android.launcher3.views.DoubleShadowBubbleTextView{4a3837b VFED..C.. ......ID 0,0-0,0 #6}
04-26 16:37:54.391 D/CellLayout( 1219): Adding view to ShortcutsAndWidgetsContainer: com.android.launcher3.views.DoubleShadowBubbleTextView{7d0a598 VFED..C.. ......ID 0,0-0,0 #7}
04-26 16:37:54.391 D/CellLayout( 1219): Adding view to ShortcutsAndWidgetsContainer: com.google.android.apps.nexuslauncher.qsb.SmartspaceViewContainer{1db01f1 V.E...... ......I. 0,0-0,0 #7f0a033a app:id/search_container_workspace}
04-26 16:37:54.392 D/b/387844520( 1219): getOutlineOffsetX: measured width = 0, mNormalizedIconSize = 159, last updated width = 0
04-26 16:37:54.392 D/Launcher.Workspace( 1219): addInScreenFromBind: hotseat inflation with x = 3 and y = 0
04-26 16:37:54.392 D/CellLayout( 1219): Adding view to ShortcutsAndWidgetsContainer: com.android.launcher3.views.PredictedAppIcon{58ccc2d VFED..C.. ......ID 0,0-0,0}
04-26 16:37:54.393 D/AllAppsStore( 1219): setApps: apps.length=21
04-26 16:37:54.393 D/AllAppsStore( 1219): notifyUpdate: notifying listeners
04-26 16:37:54.393 D/ActivityAllAppsContainerView( 1219): onAppsUpdated; number of apps: 21
04-26 16:37:54.393 D/ActivityAllAppsContainerView( 1219): rebindAdapters: force: false
04-26 16:37:54.393 D/ActivityAllAppsContainerView( 1219): rebindAdapters: Not needed.
04-26 16:37:54.393 D/StatsLog( 1219): LAUNCHER_ALLAPPS_COUNT
04-26 16:37:54.393 D/AlphabeticalAppsList( 1219): Clearing FastScrollerSections.
04-26 16:37:54.393 D/AlphabeticalAppsList( 1219): Adding apps with sections. HasPrivateApps: false
04-26 16:37:54.393 D/AlphabeticalAppsList( 1219): addAppsWithSections: adding sectionName: C with appInfoTitle: Calendar
04-26 16:37:54.393 D/AlphabeticalAppsList( 1219): addAppsWithSections: adding sectionName: D with appInfoTitle: Drive
04-26 16:37:54.393 D/AlphabeticalAppsList( 1219): addAppsWithSections: adding sectionName: F with appInfoTitle: Files
04-26 16:37:54.393 D/AlphabeticalAppsList( 1219): addAppsWithSections: adding sectionName: G with appInfoTitle: Glasses
04-26 16:37:54.393 D/AlphabeticalAppsList( 1219): addAppsWithSections: adding sectionName: M with appInfoTitle: Maps
04-26 16:37:54.393 D/AlphabeticalAppsList( 1219): addAppsWithSections: adding sectionName: P with appInfoTitle: Phone
04-26 16:37:54.393 D/AlphabeticalAppsList( 1219): addAppsWithSections: adding sectionName: S with appInfoTitle: Safety
04-26 16:37:54.394 D/AlphabeticalAppsList( 1219): addAppsWithSections: adding sectionName: T with appInfoTitle: TMoble
04-26 16:37:54.394 D/AlphabeticalAppsList( 1219): addAppsWithSections: adding sectionName: Y with appInfoTitle: YouTube
04-26 16:37:54.394 D/AlphabeticalAppsList( 1219): Adding FastScrollSection duplicate to scroll to the bottom.
04-26 16:37:54.394 D/AlphabeticalAppsList( 1219): Clearing FastScrollerSections.
04-26 16:37:54.394 D/AlphabeticalAppsList( 1219): Adding apps with sections. HasPrivateApps: false
04-26 16:37:54.394 D/AlphabeticalAppsList( 1219): addAppsWithSections: adding sectionName: C with appInfoTitle: Calendar
04-26 16:37:54.394 D/AlphabeticalAppsList( 1219): addAppsWithSections: adding sectionName: D with appInfoTitle: Drive
04-26 16:37:54.394 D/AlphabeticalAppsList( 1219): addAppsWithSections: adding sectionName: F with appInfoTitle: Files
04-26 16:37:54.394 D/AlphabeticalAppsList( 1219): addAppsWithSections: adding sectionName: G with appInfoTitle: Glasses
04-26 16:37:54.394 D/AlphabeticalAppsList( 1219): addAppsWithSections: adding sectionName: M with appInfoTitle: Maps
04-26 16:37:54.394 D/AlphabeticalAppsList( 1219): addAppsWithSections: adding sectionName: P with appInfoTitle: Phone
04-26 16:37:54.394 D/AlphabeticalAppsList( 1219): addAppsWithSections: adding sectionName: S with appInfoTitle: Safety
04-26 16:37:54.394 D/AlphabeticalAppsList( 1219): addAppsWithSections: adding sectionName: T with appInfoTitle: TMoble
04-26 16:37:54.394 D/AlphabeticalAppsList( 1219): addAppsWithSections: adding sectionName: Y with appInfoTitle: YouTube
04-26 16:37:54.394 D/AlphabeticalAppsList( 1219): Adding FastScrollSection duplicate to scroll to the bottom.
04-26 16:37:54.394 D/AllAppsStore( 1219): setApps: apps.length=21
04-26 16:37:54.395 D/AllAppsStore( 1219): notifyUpdate: notifying listeners
04-26 16:37:54.396 D/AlphabeticIndexCompat( 1219): computeSectionName: cs: Settings sectionName: S
04-26 16:37:54.397 D/AlphabeticIndexCompat( 1219): computeSectionName: cs: Photos sectionName: P
04-26 16:37:54.397 D/AlphabeticIndexCompat( 1219): computeSectionName: cs: Battery sectionName: B
04-26 16:37:54.397 D/AlphabeticIndexCompat( 1219): computeSectionName: cs: Chrome sectionName: C
04-26 16:37:54.398 D/AlphabeticIndexCompat( 1219): computeSectionName: cs: Gmail sectionName: G
04-26 16:37:54.398 D/AlphabeticIndexCompat( 1219): computeSectionName: cs: Drive sectionName: D
04-26 16:37:54.398 D/AlphabeticIndexCompat( 1219): computeSectionName: cs: Clock sectionName: C
04-26 16:37:54.398 D/AlphabeticIndexCompat( 1219): computeSectionName: cs: Contacts sectionName: C
04-26 16:37:54.398 D/AlphabeticIndexCompat( 1219): computeSectionName: cs: Calendar sectionName: C
04-26 16:37:54.399 D/AlphabeticIndexCompat( 1219): computeSectionName: cs: Maps sectionName: M
04-26 16:37:54.399 D/AlphabeticIndexCompat( 1219): computeSectionName: cs: YouTube Music sectionName: Y
04-26 16:37:54.399 D/AlphabeticIndexCompat( 1219): computeSectionName: cs: YouTube sectionName: Y
04-26 16:37:54.399 D/AlphabeticIndexCompat( 1219): computeSectionName: cs: Google sectionName: G
04-26 16:37:54.399 D/AlphabeticIndexCompat( 1219): computeSectionName: cs: Android System Intelligence sectionName: A
04-26 16:37:54.400 D/AlphabeticIndexCompat( 1219): computeSectionName: cs: Digital Wellbeing sectionName: D
04-26 16:37:54.400 D/AlphabeticIndexCompat( 1219): computeSectionName: cs: Conversations sectionName: C
04-26 16:37:54.408 D/BubbleBarView( 1219): BubbleBar RTL properties changed, new layoutDirection=0 previous layoutDirection=-1
04-26 16:37:54.424 I/system_server(  736): Background young concurrent mark compact GC freed 14MB AllocSpace bytes, 11(544KB) LOS objects, 30% free, 40MB/59MB, paused 6.780ms,54.812ms total 250.316ms
04-26 16:37:54.424 I/ndroid.systemui( 1036): Background young concurrent mark compact GC freed 3907KB AllocSpace bytes, 2(176KB) LOS objects, 6% free, 31MB/33MB, paused 8.130ms,36.489ms total 221.118ms
04-26 16:37:54.436 I/ActivityTaskManager(  736): Displayed com.muonline.client/.PreloadActivity for user 0: +1s12ms
04-26 16:37:54.437 I/WindowManager(  736): finishDrawing of orientation change: Window{ff56b7a u0 ScreenDecorOverlayBottom} 324ms
04-26 16:37:54.442 W/AodBurnInViewModel( 1036): minViewY is below topInset: BurnInParameters(topInset=com.android.systemui.keyguard.ui.binder.KeyguardRootViewBinder$OnLayoutChange$$ExternalSyntheticLambda0@a2468f2, minViewY=com.android.systemui.keyguard.ui.binder.KeyguardRootViewBinder$OnLayoutChange$$ExternalSyntheticLambda0@2ba275d, translationY=com.android.systemui.keyguard.ui.binder.KeyguardRootViewBinder$$ExternalSyntheticLambda1@110b5c0, translationX=com.android.systemui.keyguard.ui.binder.KeyguardRootViewBinder$$ExternalSyntheticLambda1@dfe12f9) minViewY=74 topInset=132
04-26 16:37:54.462 W/skia    (  566): AGTM parsing failed flags.readFromStream(s) at 159
04-26 16:37:54.462 W/skia    (  566): AGTM parsing failed flags.readFromStream(s) at 159
04-26 16:37:54.464 I/ImeTracker(  736): com.muonline.client:3d383d29: onRequestHide at ORIGIN_SERVER reason HIDE_UNSPECIFIED_WINDOW fromUser false userId 0 displayId 0
04-26 16:37:54.470 D/InsetsController( 8312): hide(ime())
04-26 16:37:54.470 I/ImeTracker( 8312): com.muonline.client:3d383d29: onCancelled at PHASE_CLIENT_ALREADY_HIDDEN
04-26 16:37:54.471 I/AiAiEcho( 3743): Predicting[0]:  [CONTEXT sampling_count=5 ]
04-26 16:37:54.471 I/AiAiEcho( 3743): EchoTargets: 
04-26 16:37:54.471 I/AiAiEcho( 3743): Filtered by AiAi flag check: 
04-26 16:37:54.471 I/AiAiEcho( 3743): [CONTEXT ratelimit_period="10 SECONDS" ]
04-26 16:37:54.472 D/InputMethodManagerService(  736): Attach new input but force hide
04-26 16:37:54.472 I/ImeTracker(  736): com.muonline.client:bf41d5c3: onRequestHide at ORIGIN_SERVER reason HIDE_SOFT_INPUT fromUser false userId 0 displayId 0
04-26 16:37:54.473 I/ImeTracker(  736): com.muonline.client:bf41d5c3: onCancelled at PHASE_SERVER_SHOULD_HIDE
04-26 16:37:54.473 W/InputChannel-JNI(  736): Channel already disposed.
04-26 16:37:54.474 I/AiAiEcho( 3743): #remoteViewsTwiddler: feature disabled.
04-26 16:37:54.473 I/GoogleInputMethodService( 4105): GoogleInputMethodService.onFinishInput():2113 
04-26 16:37:54.477 I/AiAiEcho( 3743): Predicting[0]:  [CONTEXT sampling_count=5 ]
04-26 16:37:54.478 I/AiAiEcho( 3743): EchoTargets: 
04-26 16:37:54.478 I/AiAiEcho( 3743): Filtered by AiAi flag check: 
04-26 16:37:54.478 I/AiAiEcho( 3743): [CONTEXT ratelimit_period="10 SECONDS" ]
04-26 16:37:54.478 I/AiAiEcho( 3743): #remoteViewsTwiddler: feature disabled.
04-26 16:37:54.482 I/ImeTracker(  736): system_server:71480e92: onRequestHide at ORIGIN_SERVER reason IME_REQUESTED_CHANGED_LISTENER fromUser false displayId 0
04-26 16:37:54.482 W/gle.android.gms( 1867): Reducing the number of considered missed Gc histogram windows from 109 to 100
04-26 16:37:54.482 I/Module  ( 4105): DeviceLockedStatusModuleProvider$Module.updateDeviceLockedStatus():103 repeatCheckTimes = 0, locked = false
04-26 16:37:54.484 I/AiAiEcho( 3743): #postPredictionTargets: Sending updates to UISurface lockscreen with targets# 0 (types=[])
04-26 16:37:54.484 I/AiAiEcho( 3743): #postPredictionTargets: Sending updates to UISurface home with targets# 0 (types=[])
04-26 16:37:54.486 I/ImeTracker(  736): system_server:71480e92: onCancelled at PHASE_SERVER_SHOULD_HIDE
04-26 16:37:54.491 I/GoogleInputMethodService( 4105): GoogleInputMethodService.onStartInput():1384 onStartInput(EditorInfo{EditorInfo{packageName=com.muonline.client, inputType=0, inputTypeString=NULL, enableLearning=false, autoCorrection=false, autoComplete=false, imeOptions=0, privateImeOptions=null, actionName=UNSPECIFIED, actionLabel=null, initialSelStart=-1, initialSelEnd=-1, initialCapsMode=0, label=null, fieldId=0, fieldName=null, extras=null, hintText=null, hintLocales=[]}}, false)
04-26 16:37:54.492 W/AndroidIME( 4105): LatinIMEBase.updateInputViewCoverNavigation():319 Null input view, cannot update padding!
04-26 16:37:54.493 D/b/387844520( 1219): calling updateRingPath from onSizeChanged
04-26 16:37:54.494 I/AiAiEcho( 3743): Predicting[0]:  [CONTEXT sampling_count=5 ]
04-26 16:37:54.494 I/AiAiEcho( 3743): EchoTargets: 
04-26 16:37:54.494 I/AiAiEcho( 3743): Filtered by AiAi flag check: 
04-26 16:37:54.494 I/AiAiEcho( 3743): [CONTEXT ratelimit_period="10 SECONDS" ]
04-26 16:37:54.496 I/Module  ( 4105): DeviceLockedStatusModuleProvider$Module.updateDeviceLockedStatus():103 repeatCheckTimes = 1, locked = false
04-26 16:37:54.496 I/AiAiEcho( 3743): #remoteViewsTwiddler: feature disabled.
04-26 16:37:54.497 I/AiAiEcho( 3743): Predicting[0]:  [CONTEXT sampling_count=5 ]
04-26 16:37:54.497 I/AiAiEcho( 3743): EchoTargets: 
04-26 16:37:54.497 I/AiAiEcho( 3743): Filtered by AiAi flag check: 
04-26 16:37:54.497 I/AiAiEcho( 3743): [CONTEXT ratelimit_period="10 SECONDS" ]
04-26 16:37:54.497 I/AiAiEcho( 3743): #remoteViewsTwiddler: feature disabled.
04-26 16:37:54.498 I/AiAiEcho( 3743): #postPredictionTargets: Sending updates to UISurface lockscreen with targets# 0 (types=[])
04-26 16:37:54.498 I/WindowManager(  736): finishDrawing of orientation change: Window{2cde9a6 u0 Taskbar} 385ms
04-26 16:37:54.499 D/b/387844520( 1219): getOutlineOffsetX: measured width = 173, mNormalizedIconSize = 159, last updated width = 173
04-26 16:37:54.501 W/PackageConfigPersister(  736): App-specific configuration not found for packageName: com.muonline.client and userId: 0
04-26 16:37:54.502 I/AiAiEcho( 3743): Predicting[0]:  [CONTEXT sampling_count=5 ]
04-26 16:37:54.502 I/AiAiEcho( 3743): EchoTargets: 
04-26 16:37:54.502 I/AiAiEcho( 3743): Filtered by AiAi flag check: 
04-26 16:37:54.502 I/AiAiEcho( 3743): [CONTEXT ratelimit_period="10 SECONDS" ]
04-26 16:37:54.503 I/AiAiEcho( 3743): #remoteViewsTwiddler: feature disabled.
04-26 16:37:54.504 I/FontLog ( 1366): (REDACTED) Received query %s, URI %s
04-26 16:37:54.504 I/FontLog ( 1366): (REDACTED) Query [%s] resolved to %s
04-26 16:37:54.504 I/libbinder.BpBinder(  566): onLastStrongRef automatically unlinking death recipients for binder (0x7eaa3605e8e0) with descriptor: '(not cached)'
04-26 16:37:54.505 I/FontLog ( 1366): (REDACTED) Fetch %s end status %s
04-26 16:37:54.505 I/AiAiEcho( 3743): Predicting[0]:  [CONTEXT sampling_count=5 ]
04-26 16:37:54.505 I/AiAiEcho( 3743): EchoTargets: 
04-26 16:37:54.505 I/AiAiEcho( 3743): Filtered by AiAi flag check: 
04-26 16:37:54.505 I/AiAiEcho( 3743): [CONTEXT ratelimit_period="10 SECONDS" ]
04-26 16:37:54.506 I/AiAiEcho( 3743): #remoteViewsTwiddler: feature disabled.
04-26 16:37:54.507 W/KeyguardRootViewBinder( 1036): Skipping onNotificationContainerBoundsChanged during transition
04-26 16:37:54.509 I/AiAiEcho( 3743): #postPredictionTargets: Sending updates to UISurface home with targets# 0 (types=[])
04-26 16:37:54.510 I/AiAiEcho( 3743): #postPredictionTargets: Sending updates to UISurface lockscreen with targets# 0 (types=[])
04-26 16:37:54.510 D/BaseActivity( 1219): Launcher flags updated: [] -[state_started]
04-26 16:37:54.510 D/BaseDepthController( 1219): setSurface:
04-26 16:37:54.510 D/BaseDepthController( 1219): 	mWaitingOnSurfaceValidity: false
04-26 16:37:54.510 D/BaseDepthController( 1219): 	mBaseSurface: null
04-26 16:37:54.510 D/BaseDepthController( 1219): mSurface is null and mCurrentBlur is: 0
04-26 16:37:54.511 D/LauncherStateManager( 1219): StateManager.goToState: fromState: Normal, toState: Normal, partial trace:
04-26 16:37:54.511 D/LauncherStateManager( 1219): 	at com.android.launcher3.statemanager.StateManager.moveToRestState(go/retraceme 7226a759aa2bb3787a79806f85d80eaad84f1f1e15acd6db988f2df789d1680d:26)
04-26 16:37:54.511 D/LauncherStateManager( 1219): 	at com.android.launcher3.statemanager.StateManager.moveToRestState(go/retraceme 7226a759aa2bb3787a79806f85d80eaad84f1f1e15acd6db988f2df789d1680d:35)
04-26 16:37:54.511 D/LauncherStateManager( 1219): 	at com.android.launcher3.statemanager.StatefulActivity.onStop(go/retraceme 7226a759aa2bb3787a79806f85d80eaad84f1f1e15acd6db988f2df789d1680d:31)
04-26 16:37:54.511 D/LauncherStateManager( 1219): StateManager.onRepeatStateSetAborted: state: Normal
04-26 16:37:54.512 I/AiAiEcho( 3743): #postPredictionTargets: Sending updates to UISurface home with targets# 0 (types=[])
04-26 16:37:54.513 D/KeyboardStateManager( 1219): hideKeyboard
04-26 16:37:54.513 D/KeyboardStateManager( 1219): isImeShown: false
04-26 16:37:54.513 D/StatsLog( 1219): LAUNCHER_ONSTOP
04-26 16:37:54.514 I/FontLog ( 1366): (REDACTED) Pulling font file for id = %d, cache size = %d
04-26 16:37:54.514 D/StatsLog( 1219): LAUNCHER_GOOGLE_SEARCH_RESTORE_LIST_SIZE_AFTER_ACTIVITY_RESTART
04-26 16:37:54.522 I/FontLog ( 1366): (REDACTED) Pulling font file for id = %d, cache size = %d
04-26 16:37:54.542 D/SmartspaceInteractor( 1219): notifySmartspaceEvent: SmartspaceTargetEvent{mSmartspaceTarget=SmartspaceTarget{mSmartspaceTargetId='date_card_794317_92634', mHeaderAction=null, mBaseAction=null, mCreationTimeMillis=0, mExpiryTimeMillis=0, mScore=0.0, mActionChips=[], mIconGrid=[], mFeatureType=1, mSensitive=false, mShouldShowExpanded=false, mSourceNotificationKey='null', mComponentName=ComponentInfo{com.google.android.apps.nexuslauncher/i8.y}, mUserHandle=UserHandle{0}, mAssociatedSmartspaceTargetId='null', mSliceUri=null, mWidget=null, mTemplateData=BaseTemplateData{mTemplateType=1, mPrimaryItem=null, mSubtitleItem=null, mSubtitleSupplementalItem=null, mSupplementalLineItem=null, mSupplementalAlarmItem=null, mLayoutWeight=0}, mRemoteViews=null}, mSmartspaceActionId='null', mEventType=8}
04-26 16:37:54.565 I/ndroid.systemui( 1036): Background young concurrent mark compact GC freed 1072KB AllocSpace bytes, 0(0B) LOS objects, 7% free, 31MB/33MB, paused 3.040ms,36.671ms total 78.400ms
04-26 16:37:54.567 W/s.nexuslauncher( 1219): Reducing the number of considered missed Gc histogram windows from 108 to 100
04-26 16:37:54.576 I/Icing   ( 1867): Indexing done com.google.android.gms-apps
04-26 16:37:54.594 W/ActivityManager(  736): Skipping manifest association check for null package. SourceUid: 10214, SourcePkg: null, TargetUid: 10214, TargetPkg: com.google.android.gms
04-26 16:37:54.621 D/LauncherAmbientCueVM( 1219): Debounced empty action: updating state
04-26 16:37:54.729 V/GrammaticalInflectionUtils(  736): AttributionSource: android.content.AttributionSource@d322a4fb does not have READ_SYSTEM_GRAMMATICAL_GENDER permission.
04-26 16:37:54.733 V/ActivityTaskManager(  736): TaskLaunchParamsModifier: phase=3 task=Task{74d3f3 #97 type=standard A=10230:com.muonline.client} activity=ActivityRecord{52327437 u0 com.muonline.client/.MuMainActivity t-1} display-area-from-source=DefaultTaskDisplayArea@125646128 display-id=0 task-display-area-windowing-mode=1 suggested-display-area=DefaultTaskDisplayArea@125646128 inherit-from-source=fullscreen non-freeform-task-display-area display-area=DefaultTaskDisplayArea@125646128 skip-bounds-fullscreen
04-26 16:37:54.733 I/ActivityTaskManager(  736): START u0 {flg=0x14000000 xflg=0x4 cmp=com.muonline.client/.MuMainActivity} with LAUNCH_SINGLE_TASK from uid 10230 (com.muonline.client) (sr=230315618) (BAL_ALLOW_VISIBLE_WINDOW) result code=0
04-26 16:37:54.733 V/WindowManagerShell( 1036): Transition requested (#53): android.os.BinderProxy@eef202a TransitionRequestInfo { type = OPEN, triggerTask = TaskInfo{userId=0 taskId=97 effectiveUid=10230 displayId=0 isRunning=true baseIntent=Intent { flg=0x10000000 cmp=com.muonline.client/.PreloadActivity } baseActivity=ComponentInfo{com.muonline.client/com.muonline.client.PreloadActivity} topActivity=ComponentInfo{com.muonline.client/com.muonline.client.MuMainActivity} origActivity=null realActivity=ComponentInfo{com.muonline.client/com.muonline.client.PreloadActivity} realActivityIsAppLockEnabled=false numActivities=2 lastActiveTime=4049328 supportsMultiWindow=true supportsMultiWindowWithoutConstraints=true resizeMode=1 isResizeable=true minWidth=-1 minHeight=-1 defaultMinSize=220 token=WCT{android.os.BinderProxy@5a752d9} topActivityType=1 pictureInPictureParams=null shouldDockBigOverlays=false launchIntoPipHostTaskId=-1 lastParentTaskIdBeforePip=-1 displayCutoutSafeInsets=Rect(132, 0 - 0, 0) topActivityInfo=ActivityInfo{219ae1b com.muonline.client.MuMainActivity} launchCookies=[] positionInParent=Point(0, 0) parentTaskId=-1 isFocused=true isInteractive=false isVisible=true isVisibleRequested=true isTopActivityNoDisplay=false isSleeping=false locusId=null displayAreaFeatureId=1 isTopActivityTransparent=false isActivityStackTransparent=false lastNonFullscreenBounds=null leafTaskBoundsFromOptions= false capturedLink=null capturedLinkTimestamp=0 requestedVisibleTypes=503 topActivityRequestOpenInBrowserEducationTimestamp=0 appCompatTaskInfo=AppCompatTaskInfo { topActivityInSizeCompat=false isLeafTask= true eligibleForLetterboxEducation= false isLetterboxEducationEnabled= true isLetterboxDoubleTapEnabled= false eligibleForUserAspectRatioButton= false topActivityBoundsLetterboxed= false isFromLetterboxDoubleTap= false topActivityLetterboxVerticalPosition= -1 topActivityLetterboxHorizontalPosition= -1 topActivityLetterboxWidth=-1 topActivityLetterboxHeight=-1 topActivityAppBounds=Rect(132, 0 - 2400, 1017) isUserFullscreenOverrideEnabled=false isSystemFullscreenOverrideEnabled=false hasMinAspectRatioOverride=false topActivityLetterboxBounds=null topNonResizableActivityAspectRatio=-1.0} topActivityMainWindowFrame=null isAppBubble=false}, pipChange = null, remoteTransitionInfo = null, displayChange = null, requestedLocation = null, userChange = null, windowingLayerChange = null, fullscreenRequestChange = null, flags = 0, debugId = 53 }
04-26 16:37:54.733 W/DisconnectHandler( 1036): No disconnect change found in the transition, not handling request.
04-26 16:37:54.733 V/ShellDesktopMode( 1036): DesktopTasksController: skipping handleRequest reason=triggerTask's display doesn't support desktop mode
04-26 16:37:54.733 D/ShellSplitScreen( 1036): logExit: no-op, mLoggerSessionId is null
04-26 16:37:54.753 I/MuMain  ( 8312): MuMainActivity onCreate
04-26 16:37:54.759 I/MuMain  ( 8312): extractGameAssets -> /storage/emulated/0/Android/data/com.muonline.client/files
04-26 16:37:54.764 V/SDL     ( 8312): Device: emu64xa16k
04-26 16:37:54.764 V/SDL     ( 8312): Model: sdk_gphone16k_x86_64
04-26 16:37:54.764 V/SDL     ( 8312): onCreate()
04-26 16:37:54.765 D/nativeloader( 8312): Load /data/app/~~1rDr_IH_9VfTdnA-TPKuCQ==/com.muonline.client-0WbMjIMm16uPifFQDD0CFw==/lib/x86_64/libmpg123.so using class loader ns clns-9 (caller=/data/app/~~1rDr_IH_9VfTdnA-TPKuCQ==/com.muonline.client-0WbMjIMm16uPifFQDD0CFw==/base.apk): ok
04-26 16:37:54.766 D/nativeloader( 8312): Load /data/app/~~1rDr_IH_9VfTdnA-TPKuCQ==/com.muonline.client-0WbMjIMm16uPifFQDD0CFw==/lib/x86_64/libSDL2.so using class loader ns clns-9 (caller=/data/app/~~1rDr_IH_9VfTdnA-TPKuCQ==/com.muonline.client-0WbMjIMm16uPifFQDD0CFw==/base.apk): ok
04-26 16:37:54.766 D/nativeloader( 8312): Load /data/app/~~1rDr_IH_9VfTdnA-TPKuCQ==/com.muonline.client-0WbMjIMm16uPifFQDD0CFw==/lib/x86_64/libSDL2_image.so using class loader ns clns-9 (caller=/data/app/~~1rDr_IH_9VfTdnA-TPKuCQ==/com.muonline.client-0WbMjIMm16uPifFQDD0CFw==/base.apk): ok
04-26 16:37:54.767 D/nativeloader( 8312): Load /data/app/~~1rDr_IH_9VfTdnA-TPKuCQ==/com.muonline.client-0WbMjIMm16uPifFQDD0CFw==/lib/x86_64/libSDL2_mixer.so using class loader ns clns-9 (caller=/data/app/~~1rDr_IH_9VfTdnA-TPKuCQ==/com.muonline.client-0WbMjIMm16uPifFQDD0CFw==/base.apk): ok
04-26 16:37:54.767 D/nativeloader( 8312): Load /data/app/~~1rDr_IH_9VfTdnA-TPKuCQ==/com.muonline.client-0WbMjIMm16uPifFQDD0CFw==/lib/x86_64/libSDL2_ttf.so using class loader ns clns-9 (caller=/data/app/~~1rDr_IH_9VfTdnA-TPKuCQ==/com.muonline.client-0WbMjIMm16uPifFQDD0CFw==/base.apk): ok
04-26 16:37:54.768 D/nativeloader( 8312): Load /data/app/~~1rDr_IH_9VfTdnA-TPKuCQ==/com.muonline.client-0WbMjIMm16uPifFQDD0CFw==/lib/x86_64/libSDL_net.so using class loader ns clns-9 (caller=/data/app/~~1rDr_IH_9VfTdnA-TPKuCQ==/com.muonline.client-0WbMjIMm16uPifFQDD0CFw==/base.apk): ok
04-26 16:37:54.768 D/nativeloader( 8312): Load /data/app/~~1rDr_IH_9VfTdnA-TPKuCQ==/com.muonline.client-0WbMjIMm16uPifFQDD0CFw==/lib/x86_64/libbotan.so using class loader ns clns-9 (caller=/data/app/~~1rDr_IH_9VfTdnA-TPKuCQ==/com.muonline.client-0WbMjIMm16uPifFQDD0CFw==/base.apk): ok
04-26 16:37:54.770 I/MuMain  ( 8312): early chdir(/sdcard/.../files) = 0 (errno=88)
04-26 16:37:54.785 D/nativeloader( 8312): Load /data/app/~~1rDr_IH_9VfTdnA-TPKuCQ==/com.muonline.client-0WbMjIMm16uPifFQDD0CFw==/lib/x86_64/libmain.so using class loader ns clns-9 (caller=/data/app/~~1rDr_IH_9VfTdnA-TPKuCQ==/com.muonline.client-0WbMjIMm16uPifFQDD0CFw==/base.apk): ok
04-26 16:37:54.786 V/SDL     ( 8312): nativeSetupJNI()
04-26 16:37:54.786 V/SDL     ( 8312): AUDIO nativeSetupJNI()
04-26 16:37:54.786 V/SDL     ( 8312): CONTROLLER nativeSetupJNI()
04-26 16:37:54.788 D/BoundBrokerSvc( 1366): onRebind: Intent { act=com.google.android.gms.libs.gmscorelogger.service.START dat=chimera-action:/... xflg=0x4 cmp=com.google.android.gms/.chimera.PersistentDirectBootAwareApiService }
04-26 16:37:54.802 D/AudioSystem( 8312): onNewService: media.audio_policy service obtained 0x73401cab3830
04-26 16:37:54.802 W/InteractionJankMonitor( 8312): Initializing without READ_DEVICE_CONFIG permission. enabled=false, interval=1, missedFrameThreshold=3, frameTimeThreshold=64, package=com.muonline.client
04-26 16:37:54.804 D/AudioSystem( 8312): getService: IAudioPolicyService retrieved: 0x73401cab3830  cached: 0x73401cab3830
04-26 16:37:54.805 D/NativePermissionController(  560): checkPermission: missing 13 for 10230
04-26 16:37:54.807 D/NativePermissionController(  560): checkPermission: missing 13 for 10230
04-26 16:37:54.809 D/NativePermissionController(  560): checkPermission: missing 13 for 10230
04-26 16:37:54.810 D/NativePermissionController(  560): checkPermission: missing 13 for 10230
04-26 16:37:54.820 V/SDL     ( 8312): onStart()
04-26 16:37:54.820 D/MuMain  ( 8312): onResume
04-26 16:37:54.821 V/SDL     ( 8312): onResume()
04-26 16:37:54.827 D/InsetsController( 8312): Setting requestedVisibleTypes to 496 (was 503)
04-26 16:37:54.830 W/InputChannel-JNI(  736): Channel already disposed.
04-26 16:37:54.832 I/ImeTracker(  736): system_server:13996a99: onRequestHide at ORIGIN_SERVER reason IME_REQUESTED_CHANGED_LISTENER fromUser false displayId 0
04-26 16:37:54.833 I/ImeTracker(  736): system_server:13996a99: onCancelled at PHASE_SERVER_SHOULD_HIDE
04-26 16:37:54.834 W/libbinder.Binder( 4511): Binder transaction to android.content.IContentProvider, function: UNKNOWN_FUNCTION_NAME, code: 21, took 1699ms. Data bytes: 480 Reply bytes: 432 Flags: 18
04-26 16:37:54.837 D/VRI[MuMainActivity]( 8312): WindowInsets changed: 2268x1080 statusBars:[0,74,0,0] navigationBars:[0,0,0,63] mandatorySystemGestures:[0,74,0,84] 
04-26 16:37:54.837 D/WindowOnBackDispatcher( 8312): setTopOnBackInvokedCallback (unwrapped): android.view.ViewRootImpl$$ExternalSyntheticLambda13@12d5896
04-26 16:37:54.837 D/InsetsController( 8312): Setting requestedVisibleTypes to 503 (was 496)
04-26 16:37:54.837 D/CoreBackPreview(  736): Window{911a228 u0 com.muonline.client/com.muonline.client.MuMainActivity}: Setting back callback OnBackInvokedCallbackInfo{mCallback=android.window.IOnBackInvokedCallback$Stub$Proxy@4f3a8e6, mPriority=0, mIsAnimationCallback=false, mOverrideBehavior=0}
04-26 16:37:54.838 D/WindowManager(  736): setClientSurface Surface(name=VRI-com.muonline.client/com.muonline.client.MuMainActivity#547)/@0x1192e27 for 911a228 com.muonline.client/com.muonline.client.MuMainActivity
04-26 16:37:54.847 V/RecentTasksController( 1036): Notify recent tasks changed
04-26 16:37:54.848 D/RecentTasksList( 1219): invalidateLoadedTasks - previous requestLoadId: -1
04-26 16:37:54.850 I/Surface ( 8312): Creating surface for consumer unnamed-8312-1 with slotExpansion=1 for 64 slots
04-26 16:37:54.850 I/Surface ( 8312): Creating surface for consumer VRI[MuMainActivity]#1(BLAST Consumer)1 with slotExpansion=1 for 64 slots
04-26 16:37:54.864 I/Surface ( 8312): Creating surface for consumer unnamed-8312-2 with slotExpansion=1 for 64 slots
