04-26 20:34:15.426   736  1958 W WindowManager: 	at com.android.server.wm.ActivityRecord.commitVisibility(ActivityRecord.java:5599)
04-26 20:34:15.426   736  1958 W WindowManager: 	at com.android.server.wm.Transition.finishTransition(Transition.java:1570)
04-26 20:34:15.426   736  1958 W WindowManager: 	at com.android.server.wm.TransitionController.finishTransition(TransitionController.java:1205)
04-26 20:34:15.426   736  1958 W WindowManager: 	at com.android.server.wm.WindowOrganizerController.finishTransition(WindowOrganizerController.java:533)
04-26 20:34:15.426   736  1958 W WindowManager: 	at android.window.IWindowOrganizerController$Stub.onTransact(IWindowOrganizerController.java:265)
04-26 20:34:15.426   736  1958 W WindowManager: 	at com.android.server.wm.WindowOrganizerController.onTransact(WindowOrganizerController.java:239)
04-26 20:34:15.426   736  1958 W WindowManager: 	at android.os.Binder.execTransactInternal(Binder.java:1466)
04-26 20:34:15.426   736  1958 W WindowManager: 	at android.os.Binder.execTransact(Binder.java:1411)
04-26 20:34:15.426   736  1958 W Process : Unable to open /proc/19096/status
04-26 20:34:15.432 14925 19294 I Auth    : (REDACTED) [SupervisedAccountIntentOperation] onHandleIntent: %s
04-26 20:34:15.440 14925 19314 I PackageInstalledIntentO: Test flag v2 is disabled [CONTEXT service_id=469 ]
04-26 20:34:15.440   736  5314 E RoleControllerServiceImpl: Default/fallback role holder package doesn't qualify for the role, package: com.google.android.gms, role: android.app.role.WALLET, user: 0
04-26 20:34:15.441   566   616 W skia    : AGTM parsing failed flags.readFromStream(s) at 159
04-26 20:34:15.441   566   616 W skia    : AGTM parsing failed flags.readFromStream(s) at 159
04-26 20:34:15.449  1036  1091 V WindowManagerShell: Playing animation for (#145) android.os.BinderProxy@567143f@0
04-26 20:34:15.449  1036  1091 D ShellSplitScreen: startAnimation: transition=145 isSplitActive=false
04-26 20:34:15.451  1036  1091 V ShellRecents: RecentsTransitionHandler.startAnimation: no controller found
04-26 20:34:15.451  1036  1091 V ShellDesktopMode: DesktopMixedTransitionHandler: No pending desktop transition
04-26 20:34:15.451  1036  1091 V WindowManagerShell: Transition doesn't have explicit remote, search filters for match for {id=145 t=OPEN f=0x0 trk=0 r=[0@Point(0, 0)] c=[{m=OPEN f=MOVE_TO_TOP leash=Surface(name=Task=117#1599)/@0xde8b50e sb=Rect(0, 0 - 2400, 1080) eb=Rect(0, 0 - 2400, 1080) epz=Point(2400, 1080) d=0 taskParent=-1 winMode=1 userId=0},{m=TO_BACK f=SHOW_WALLPAPER leash=Surface(name=Task=1#34)/@0xa138b2f sb=Rect(0, 0 - 2400, 1080) eb=Rect(0, 0 - 2400, 1080) epz=Point(2400, 1080) d=0 taskParent=-1 winMode=1 userId=0},{m=TO_BACK f=IS_WALLPAPER leash=Surface(name=Surface(name=WallpaperWindowToken{3bea6dd}#54)/@0x4e520e1 - rotation-leash#1594)/@0x414c53c sb=Rect(0, 0 - 1080, 2400) eb=Rect(0, 0 - 2400, 1080) epz=Point(2400, 1080) d=0 r=0->1:-1}]}
04-26 20:34:15.451  1036  1091 V WindowManagerShell:  Checking filter Pair{{types=[] flags=0x0 notFlags=0x0 checks=[{atype=undefined independent=true modes=[CLOSE,TO_BACK] flags=IN_TASK_WITH_EMBEDDED_ACTIVITY mustBeTask=false order=ANY topActivity=null launchCookie=null taskFragmentToken=android.os.BinderProxy@e90ae30 windowingMode=undefined isCrossDisplayMove=false}]} RemoteTransition { remoteTransition = android.window.IRemoteTransition$Stub$Proxy@1ccfaa9, appThread = android.app.IApplicationThread$Stub$Proxy@5c682e, debugName = overlayBackTransition, filter = {types=[] flags=0x0 notFlags=0x0 checks=[{atype=undefined independent=true modes=[CLOSE,TO_BACK] flags=IN_TASK_WITH_EMBEDDED_ACTIVITY mustBeTask=false order=ANY topActivity=null launchCookie=null taskFragmentToken=android.os.BinderProxy@e90ae30 windowingMode=undefined isCrossDisplayMove=false}]} }}
04-26 20:34:15.453   736   886 V AccessibilityUserState: updateShortcutTargets: type:accessibility_shortcut_target_service, current:{}, new:{}
04-26 20:34:15.453   736   886 V AccessibilityUserState: updateShortcutTargets: type:accessibility_button_targets, current:{}, new:{}
04-26 20:34:15.453   736   886 V AccessibilityUserState: updateShortcutTargets: type:accessibility_gesture_targets, current:{}, new:{}
04-26 20:34:15.453   736   886 V AccessibilityUserState: updateShortcutTargets: type:accessibility_qs_targets, current:{}, new:{}
04-26 20:34:15.453   736   886 V AccessibilityUserState: updateShortcutTargets: type:accessibility_key_gesture_targets, current:{}, new:{}
04-26 20:34:15.453   736   886 V AccessibilityUserState: updateShortcutTargets: type:accessibility_top_row_key_targets, current:{}, new:{}
04-26 20:34:15.453   736   886 V AccessibilityUserState: updateShortcutTargets: type:accessibility_quick_access_targets, current:{}, new:{}
04-26 20:34:15.454   736   886 W MagnificationConnectionManager: requestConnection duplicated request: connect=false, mConnectionState=DISCONNECTED
04-26 20:34:15.451  1036  1091 V WindowManagerShell:  Checking filter Pair{{types=[] flags=0x0 notFlags=0x0 checks=[{atype=dream independent=true modes=[OPEN,TO_FRONT] flags=NONE mustBeTask=false order=ANY topActivity=null launchCookie=null windowingMode=undefined isCrossDisplayMove=false},{atype=home independent=true modes=[CLOSE,TO_BACK] flags=NONE mustBeTask=false order=ANY topActivity=null launchCookie=null windowingMode=undefined isCrossDisplayMove=false}]} RemoteTransition { remoteTransition = android.window.IRemoteTransition$Stub$Proxy@aa8fcf, appThread = android.app.IApplicationThread$Stub$Proxy@98a7d5c, debugName = LauncherToDream, filter = {types=[] flags=0x0 notFlags=0x0 checks=[{atype=dream independent=true modes=[OPEN,TO_FRONT] flags=NONE mustBeTask=false order=ANY topActivity=null launchCookie=null windowingMode=undefined isCrossDisplayMove=false},{atype=home independent=true modes=[CLOSE,TO_BACK] flags=NONE mustBeTask=false order=ANY topActivity=null launchCookie=null windowingMode=undefined isCrossDisplayMove=false}]} }}
04-26 20:34:15.454  1036  1091 V WindowManagerShell:  Checking filter Pair{{types=[] flags=0x0 notFlags=0x0 checks=[{atype=standard independent=false modes=[CHANGE] flags=NONE mustBeTask=true order=ANY topActivity=null launchCookie=null windowingMode=undefined isCrossDisplayMove=true}]} RemoteTransition { remoteTransition = android.window.IRemoteTransition$Stub$Proxy@3519865, appThread = android.app.IApplicationThread$Stub$Proxy@94ad93a, debugName = QuickstepDisplayMove, filter = {types=[] flags=0x0 notFlags=0x0 checks=[{atype=standard independent=false modes=[CHANGE] flags=NONE mustBeTask=true order=ANY topActivity=null launchCookie=null windowingMode=undefined isCrossDisplayMove=true}]} }}
04-26 20:34:15.454  1036  1091 V WindowManagerShell:  Checking filter Pair{{types=[] flags=0x0 notFlags=0x100 checks=[{atype=home independent=true modes=[OPEN,TO_FRONT] flags=NONE mustBeTask=false order=ANY topActivity=ComponentInfo{com.google.android.apps.nexuslauncher/com.google.android.apps.nexuslauncher.NexusLauncherActivity} launchCookie=null windowingMode=undefined isCrossDisplayMove=false},{atype=standard independent=true modes=[CLOSE,TO_BACK] flags=NONE mustBeTask=false order=ANY topActivity=null launchCookie=null windowingMode=undefined isCrossDisplayMove=false},{NOT atype=undefined independent=true modes=[] flags=NONE mustBeTask=true order=ANY topActivity=null launchCookie=null customAnim=true windowingMode=undefined isCrossDisplayMove=false}]} RemoteTransition { remoteTransition = android.window.IRemoteTransition$Stub$Proxy@fea59eb, appThread = android.app.IApplicationThread$Stub$Proxy@4f01348, debugName = QuickstepLaunchHome, filter = {types=[] flags=0x0 notFlags=0x100 checks=[{atype=home independent=true modes=[OPEN,TO_FRONT] flags=NONE mustBeTask=false order=ANY topActivity=ComponentInfo{com.google.android.apps.nexuslauncher/com.google.android.apps.nexuslauncher.NexusLauncherActivity} launchCookie=null windowingMode=undefined isCrossDisplayMove=false},{atype=standard independent=true modes=[CLOSE,TO_BACK] flags=NONE mustBeTask=false order=ANY topActivity=null launchCookie=null windowingMode=undefined isCrossDisplayMove=false},{NOT atype=undefined independent=true modes=[] flags=NONE mustBeTask=true order=ANY topActivity=null launchCookie=null customAnim=true windowingMode=undefined isCrossDisplayMove=false}]} }}
04-26 20:34:15.455  1036  1091 V WindowManagerShell:  Checking filter Pair{{types=[OPEN,TO_FRONT] flags=0x0 notFlags=0x0 checks=[{atype=standard independent=true modes=[OPEN,TO_FRONT] flags=NONE mustBeTask=true order=ANY topActivity=null launchCookie=null windowingMode=freeform isCrossDisplayMove=false}]} RemoteTransition { remoteTransition = android.window.IRemoteTransition$Stub$Proxy@5987ffe, appThread = null, debugName = DesktopWindowLimitUnminimize, filter = {types=[OPEN,TO_FRONT] flags=0x0 notFlags=0x0 checks=[{atype=standard independent=true modes=[OPEN,TO_FRONT] flags=NONE mustBeTask=true order=ANY topActivity=null launchCookie=null windowingMode=freeform isCrossDisplayMove=false}]} }}
04-26 20:34:15.455  1036  1091 V WindowManagerShell:  Delegate animation for (#145) to null
04-26 20:34:15.456  1036  1091 V WindowManagerShell: start default transition animation, info = {id=145 t=OPEN f=0x0 trk=0 r=[0@Point(0, 0)] c=[{m=OPEN f=MOVE_TO_TOP leash=Surface(name=Task=117#1599)/@0xde8b50e sb=Rect(0, 0 - 2400, 1080) eb=Rect(0, 0 - 2400, 1080) epz=Point(2400, 1080) d=0 taskParent=-1 winMode=1 userId=0},{m=TO_BACK f=SHOW_WALLPAPER leash=Surface(name=Task=1#34)/@0xa138b2f sb=Rect(0, 0 - 2400, 1080) eb=Rect(0, 0 - 2400, 1080) epz=Point(2400, 1080) d=0 taskParent=-1 winMode=1 userId=0},{m=TO_BACK f=IS_WALLPAPER leash=Surface(name=Surface(name=WallpaperWindowToken{3bea6dd}#54)/@0x4e520e1 - rotation-leash#1594)/@0x414c53c sb=Rect(0, 0 - 1080, 2400) eb=Rect(0, 0 - 2400, 1080) epz=Point(2400, 1080) d=0 r=0->1:-1}]}
04-26 20:34:15.456  1036  1091 V WindowManagerShell: loadAnimation: anim=android.view.animation.AnimationSet@cea57e6 animAttr=0x13 type=OPEN isEntrance=false
04-26 20:34:15.457  1036  1091 V WindowManagerShell: loadAnimation: anim=android.view.animation.AnimationSet@c8f357d animAttr=0x12 type=OPEN isEntrance=true
04-26 20:34:15.460   736  5314 W SignedPackage: Cannot get ApplicationInfo for package: com.google.android.devicelockcontroller
04-26 20:34:15.462 14925 14925 D BoundBrokerSvc: onBind: Intent { act=com.google.android.gms.common.BIND_SHARED_PREFS xflg=0x4 pkg=com.google.android.gms }
04-26 20:34:15.462 14925 14925 D BoundBrokerSvc: Loading bound service for intent: Intent { act=com.google.android.gms.common.BIND_SHARED_PREFS xflg=0x4 pkg=com.google.android.gms }
04-26 20:34:15.468  1219  1219 D BaseActivity: Launcher flags updated: [state_started] -[state_window_focused]
04-26 20:34:15.468 14925 19288 W SQLiteLog: (28) double-quoted string literal: "com.muonline.client"
04-26 20:34:15.469  1219  1219 V BaseDepthController: Applying blur: 0 to Surface(name=VRI-com.google.android.apps.nexuslauncher/com.google.android.apps.nexuslauncher.NexusLauncherActivity#1590)/@0xd45637f applyImmediately: false
04-26 20:34:15.470  1219  1219 D BaseDepthController: setEarlyWakeup: false
04-26 20:34:15.470  1219  1219 D BaseDepthController: shouldBlurWorkspace: false targetState: Normal currentStableState: Normal mCurrentBlur: 0 mLauncher.getDepthBlurTargets(): [com.android.launcher3.Workspace{573bc60 V.ED..... ........ 0,0-1080,2400 #7f0a047d app:id/workspace}, com.android.launcher3.Hotseat{7eca519 V.ED..... .......D 0,1905-1080,2400 #7f0a01f1 app:id/hotseat}]
04-26 20:34:15.470   566   566 E BpTransactionCompletedListener: Failed to transact (-32)
04-26 20:34:15.470   566   566 E BpTransactionCompletedListener: Failed to transact (-32)
04-26 20:34:15.472   736   736 W Looper  : Slow dispatch took 108ms main app=system_server main=true group=FOREGROUND h=com.android.server.accessibility.AccessibilityManagerService$MainHandler c=<recycled PooledLambda@5a84044> m=0
04-26 20:34:15.472   736   736 W Looper  : Slow delivery took 204ms main app=system_server main=true group=FOREGROUND h=com.android.server.accessibility.AccessibilityManagerService$MainHandler c=<recycled PooledLambda@f8f5a62> m=0
04-26 20:34:15.472   736   736 W libbinder.IPCThreadState: Sending oneway calls to frozen process.
04-26 20:34:15.475 14925 19314 I NearbyDiscovery: (REDACTED) processGrantSlicePermission: %s
04-26 20:34:15.481  1036  1091 V WindowManagerShell:  animated by com.android.wm.shell.transition.DefaultTransitionHandler@11f9e32
04-26 20:34:15.481  1036  1091 V ShellTaskOrganizer: Task vanished taskId=116
04-26 20:34:15.481  1036  1091 V ShellTaskOrganizer: Fullscreen Task Vanished: #116
04-26 20:34:15.481  1036  1091 V ShellDesktopMode: Task Vanished: #116 closed=true
04-26 20:34:15.482  1036  1091 V RecentTasksController: Notify recent tasks changed
04-26 20:34:15.482  1036  1091 D ShellDesktopMode: AppToWebRepository: Task 116 is vanishing. Removing task data from repository
04-26 20:34:15.486  1219  1219 D RecentTasksList: invalidateLoadedTasks - previous requestLoadId: -1
04-26 20:34:15.486  1219  1219 D RecentTasksList: invalidateLoadedTasks - previous requestLoadId: -1
04-26 20:34:15.487  4164  4164 I Finsky  : [2] Memory trim requested to level 40
04-26 20:34:15.487  1036  1091 V AppCompat: SingleSurfaceLetterboxController: [117]
04-26 20:34:15.487  1036  1091 V AppCompat: MultiSurfaceLetterboxController: []
04-26 20:34:15.487  1036  1091 V AppCompat: LetterboxInputController: [117]
04-26 20:34:15.487  4164  4164 I Finsky  : [2] Flushing in-memory image cache
04-26 20:34:15.487  1036  1091 V AppCompat: RoundedCornersLetterboxController: {}
04-26 20:34:15.488  1219  1219 D RecentsView: onTaskRemoved: 116, not handling task stack changes
04-26 20:34:15.488  1219  1219 D RecentsView: onTaskRemoved: 116, not handling task stack changes
04-26 20:34:15.494   736  1958 W WindowManager: Failed looking up window session=Session{597bd89 1036:u0a10196} callers=com.android.server.wm.WindowManagerService.removeClientToken:2272 com.android.server.wm.Session.remove:282 android.view.IWindowSession$Stub.onTransact:637 
04-26 20:34:15.501  1036  1091 V RecentTasksController: generateList(getRecentTasks)
04-26 20:34:15.501  1036  1091 V RecentTasksController: initializeDesksMap - allDeskIds: []
04-26 20:34:15.501  1036  1091 V RecentTasksController: Task 117 is not an active desktop task
04-26 20:34:15.501  1036  1091 V RecentTasksController: Added fullscreen task: 117
04-26 20:34:15.501  1036  1091 V RecentTasksController: generateList - complete
04-26 20:34:15.502   736  1958 E AppOps  : attributionTag VCN not declared in manifest of android
04-26 20:34:15.505  1219  1219 D RecentTasksList: invalidateLoadedTasks - previous requestLoadId: -1
04-26 20:34:15.520   736   736 W libbinder.IPCThreadState: Sending oneway calls to frozen process.
04-26 20:34:15.521   736   736 W libbinder.IPCThreadState: Sending oneway calls to frozen process.
04-26 20:34:15.521   736   736 W libbinder.IPCThreadState: Sending oneway calls to frozen process.
04-26 20:34:15.522   736   736 V AccessibilityManagerService: onUserStateChangedLocked for userId: 0, forceUpdate: false
04-26 20:34:15.527   566   616 W skia    : AGTM parsing failed flags.readFromStream(s) at 159
04-26 20:34:15.541   566   616 W skia    : AGTM parsing failed flags.readFromStream(s) at 159
04-26 20:34:15.541   566   616 W skia    : AGTM parsing failed flags.readFromStream(s) at 159
04-26 20:34:15.547   736   736 V AccessibilityUserState: updateShortcutTargets: type:accessibility_shortcut_target_service, current:{}, new:{}
04-26 20:34:15.547   736   736 V AccessibilityUserState: updateShortcutTargets: type:accessibility_button_targets, current:{}, new:{}
04-26 20:34:15.547   736   736 V AccessibilityUserState: updateShortcutTargets: type:accessibility_gesture_targets, current:{}, new:{}
04-26 20:34:15.547   736   736 V AccessibilityUserState: updateShortcutTargets: type:accessibility_qs_targets, current:{}, new:{}
04-26 20:34:15.547   736   736 V AccessibilityUserState: updateShortcutTargets: type:accessibility_key_gesture_targets, current:{}, new:{}
04-26 20:34:15.547   736   736 V AccessibilityUserState: updateShortcutTargets: type:accessibility_top_row_key_targets, current:{}, new:{}
04-26 20:34:15.547   736   736 V AccessibilityUserState: updateShortcutTargets: type:accessibility_quick_access_targets, current:{}, new:{}
04-26 20:34:15.547   736   736 W MagnificationConnectionManager: requestConnection duplicated request: connect=false, mConnectionState=DISCONNECTED
04-26 20:34:15.547 19303 19303 D CompatChangeReporter: Compat change id reported: 242716250; UID 10230; state: ENABLED
04-26 20:34:15.558   736   954 I AdbWifiNetworkMonitor: Wi-Fi network available
04-26 20:34:15.558   736   954 I AdbWifiNetworkMonitor: Received the same Wi-Fi SSID. Ignoring.
04-26 20:34:15.564   736   736 W libbinder.IPCThreadState: Sending oneway calls to frozen process.
04-26 20:34:15.564   736   736 W libbinder.IPCThreadState: Sending oneway calls to frozen process.
04-26 20:34:15.565   736   736 W libbinder.IPCThreadState: Sending oneway calls to frozen process.
04-26 20:34:15.565   736   736 W libbinder.IPCThreadState: Sending oneway calls to frozen process.
04-26 20:34:15.567 19303 19303 D nativeloader: Configuring clns-9 for other apk /data/app/~~fh3dKMzGW-hWLObaNsKscw==/com.muonline.client-10b8MwnPzBP3EIh-OShiww==/base.apk. target_sdk_version=34, uses_libraries=, library_path=/data/app/~~fh3dKMzGW-hWLObaNsKscw==/com.muonline.client-10b8MwnPzBP3EIh-OShiww==/lib/x86_64:/data/app/~~fh3dKMzGW-hWLObaNsKscw==/com.muonline.client-10b8MwnPzBP3EIh-OShiww==/base.apk!/lib/x86_64, permitted_path=/data:/mnt/expand:/data/user/0/com.muonline.client
04-26 20:34:15.580 19303 19303 V GraphicsEnvironment: Currently set values for:
04-26 20:34:15.580 19303 19303 V GraphicsEnvironment:   angle_gl_driver_selection_pkgs=[]
04-26 20:34:15.584 19303 19303 V GraphicsEnvironment:   angle_gl_driver_selection_values=[]
04-26 20:34:15.584 19303 19303 V GraphicsEnvironment: com.muonline.client is not listed in per-application setting
04-26 20:34:15.584 19303 19303 V GraphicsEnvironment: No special selections for ANGLE, returning default driver choice
04-26 20:34:15.589  1219  1219 D ScalingWorkspaceRevealAnim: onAnimationEnd, workspace and hotseat are visible
04-26 20:34:15.590   736   921 I HalDevMgr: bestIfaceCreationProposal is null, requestIface=STA, existingIface=[name=wlan0 type=STA]
04-26 20:34:15.590  1219  1219 V BaseDepthController: Applying blur: 0 to Surface(name=VRI-com.google.android.apps.nexuslauncher/com.google.android.apps.nexuslauncher.NexusLauncherActivity#1590)/@0xd45637f applyImmediately: false
04-26 20:34:15.590  1219  1219 D BaseDepthController: shouldBlurWorkspace: false targetState: Normal currentStableState: Normal mCurrentBlur: 0 mLauncher.getDepthBlurTargets(): [com.android.launcher3.Workspace{573bc60 V.ED..... ......ID 0,0-1080,2400 #7f0a047d app:id/workspace}, com.android.launcher3.Hotseat{7eca519 V.ED..... ......ID 0,1905-1080,2400 #7f0a01f1 app:id/hotseat}]
04-26 20:34:15.599  1366 12724 I NullBinder: NullBinder for android.net.action.RECOMMEND_NETWORKS triggering remote TransactionTooLargeException due to Service without Chimera impl, calling uid: 1000, calling pid: 0
04-26 20:34:15.599  1366 12724 W libbinder.Binder: Large reply transaction of 1056768 bytes, interface descriptor , function: UNKNOWN_FUNCTION_NAME, code: 1, flags: 17
04-26 20:34:15.602 19303 19303 V GraphicsEnvironment: Neither updatable production driver nor prerelease driver is supported.
04-26 20:34:15.626  1160  1312 D IpClient/wlan0: interfaceLinkStateChanged: ifindex 16 up
04-26 20:34:15.628 14925 14976 I Icing   : IndexChimeraService.getServiceInterface callingPackage=com.google.android.gms componentName=AppsCorpus serviceId=36
04-26 20:34:15.634  1160  1312 D IpClient/wlan0: interfaceLinkStateChanged: ifindex 16 up
04-26 20:34:15.634 14925 14925 D BoundBrokerSvc: onBind: Intent { act=com.google.android.gms.feedback.internal.IFeedbackService dat=chimera-action:/... xflg=0x4 cmp=com.google.android.gms/.chimera.GmsBoundBrokerService }
04-26 20:34:15.634 14925 14925 D BoundBrokerSvc: Loading bound service for intent: Intent { act=com.google.android.gms.feedback.internal.IFeedbackService dat=chimera-action:/... xflg=0x4 cmp=com.google.android.gms/.chimera.GmsBoundBrokerService }
04-26 20:34:15.643   566   616 W skia    : AGTM parsing failed flags.readFromStream(s) at 159
04-26 20:34:15.644   566   616 W skia    : AGTM parsing failed flags.readFromStream(s) at 159
04-26 20:34:15.644   566   616 W skia    : AGTM parsing failed flags.readFromStream(s) at 159
04-26 20:34:15.665 19303 19328 I DisplayManager: Choreographer implicitly registered for the refresh rate.
04-26 20:34:15.673  1219  1228 I s.nexuslauncher: NativeAlloc concurrent mark compact GC freed 1987KB AllocSpace bytes, 3(96KB) LOS objects, 49% free, 6409KB/12MB, paused 10.093ms,20.427ms total 132.755ms
04-26 20:34:15.681  1219  1230 W System  : A resource failed to call release. 
04-26 20:34:15.681  1219  1230 W System  : A resource failed to call release. 
04-26 20:34:15.681  1219  1230 W System  : A resource failed to call release. 
04-26 20:34:15.703 19303 19328 I GFXSTREAM: [eglDisplay.cpp(297)] Opening libGLESv1_CM_emulation.so
04-26 20:34:15.705 19303 19328 I GFXSTREAM: [eglDisplay.cpp(297)] Opening libGLESv2_emulation.so
04-26 20:34:15.720 19303 19328 W HWUI    : Failed to choose config with EGL_SWAP_BEHAVIOR_PRESERVED, retrying without...
04-26 20:34:15.721 19303 19328 W HWUI    : Failed to initialize 101010-2 format, error = EGL_SUCCESS
04-26 20:34:15.746   736   736 W Looper  : Slow dispatch took 126ms main app=system_server main=true group=FOREGROUND h=android.app.ActivityThread$H c=android.app.LoadedApk$ReceiverDispatcher$Args$$ExternalSyntheticLambda0@f8dbdc3 m=0
04-26 20:34:15.756   736   748 I system_server: Background young concurrent mark compact GC freed 22MB AllocSpace bytes, 19(992KB) LOS objects, 36% free, 37MB/59MB, paused 5.359ms,49.745ms total 200.239ms
04-26 20:34:15.765   566   616 W skia    : AGTM parsing failed flags.readFromStream(s) at 159
04-26 20:34:15.769   736   736 W libbinder.IPCThreadState: Sending oneway calls to frozen process.
04-26 20:34:15.770   736   736 W libbinder.IPCThreadState: Sending oneway calls to frozen process.
04-26 20:34:15.771   736   736 W libbinder.IPCThreadState: Sending oneway calls to frozen process.
04-26 20:34:15.772 14925 15001 I Icing   : Usage reports ok 1, Failed Usage reports 0, indexed 0, rejected 0
04-26 20:34:15.772   736   736 W libbinder.IPCThreadState: Sending oneway calls to frozen process.
04-26 20:34:15.775 19303 19303 D DesktopExperienceFlags: Toggle override initialized to: false
04-26 20:34:15.775 19303 19303 D DesktopModeFlags: Toggle override initialized to: OVERRIDE_UNSET
04-26 20:34:15.783   736   736 W libbinder.IPCThreadState: Sending oneway calls to frozen process.
04-26 20:34:15.784   736   736 W libbinder.IPCThreadState: Sending oneway calls to frozen process.
04-26 20:34:15.784   736   736 W libbinder.IPCThreadState: Sending oneway calls to frozen process.
04-26 20:34:15.788   736   736 W libbinder.IPCThreadState: Sending oneway calls to frozen process.
04-26 20:34:15.788   736   750 W System  : A resource failed to call close. 
04-26 20:34:15.789   736   750 W System  : A resource failed to call close. 
04-26 20:34:15.790  1036  1091 V WindowManagerShell: Transition animation finished (aborted=false), notifying core (#145) android.os.BinderProxy@567143f@0
04-26 20:34:15.795 14925 14992 I Icing   : IndexChimeraService.getServiceInterface callingPackage=com.google.android.gms componentName=null serviceId=30
04-26 20:34:15.797   736   759 V WindowManager: Finish Transition (#145): created at 04-26 20:34:15.158 collect-started=0.064ms request-sent=92.841ms started=128.31ms ready=180.256ms sent=184.531ms commit=143.792ms finished=639.153ms
04-26 20:34:15.800  1219  1219 D VRI[NexusLauncherActivity]: visibilityChanged oldVisibility=true newVisibility=false
04-26 20:34:15.802  1219  1219 D SmartspaceInteractor: notifySmartspaceEvent: SmartspaceTargetEvent{mSmartspaceTarget=null, mSmartspaceActionId='null', mEventType=7}
04-26 20:34:15.803  1036  1344 D WallpaperService: onVisibilityChanged(false): com.android.systemui.wallpapers.ImageWallpaper$CanvasEngine@85e2344
04-26 20:34:15.814  1036  1091 V WindowManagerShell: Track 0 became idle
04-26 20:34:15.815  1036  1091 V WindowManagerShell: All active transition animations finished
04-26 20:34:15.818  1036  1091 D Bubbles : BubbleData.onLocusVisibilityChanged() locusId=Overview|DISABLED visible=false taskId=1
04-26 20:34:15.830   736   736 W Looper  : Drained
04-26 20:34:15.833 19303 19303 W HWUI    : Unknown dataspace 0
04-26 20:34:15.842 19303 19303 D InsetsController: Setting requestedVisibleTypes to 496 (was 503)
04-26 20:34:15.845   736  1957 W InputChannel-JNI: Channel already disposed.
04-26 20:34:15.855 19303 19303 D VRI[PreloadActivity]: WindowInsets changed: 2268x1080 statusBars:[0,74,0,0] navigationBars:[0,0,0,63] mandatorySystemGestures:[0,74,0,84] 
04-26 20:34:15.855 19303 19303 D WindowOnBackDispatcher: setTopOnBackInvokedCallback (unwrapped): android.view.ViewRootImpl$$ExternalSyntheticLambda13@7a716e3
04-26 20:34:15.856 19303 19303 I HWUI    : Using FreeType backend (prop=Auto)
04-26 20:34:15.856   736  2221 D CoreBackPreview: Window{ca554a5 u0 com.muonline.client/com.muonline.client.PreloadActivity}: Setting back callback OnBackInvokedCallbackInfo{mCallback=android.window.IOnBackInvokedCallback$Stub$Proxy@6a32c88, mPriority=0, mIsAnimationCallback=false, mOverrideBehavior=0}
04-26 20:34:15.861 14925 15001 I Icing   : Usage reports ok 0, Failed Usage reports 0, indexed 0, rejected 0
04-26 20:34:15.864   736  1957 D WindowManager: setClientSurface Surface(name=VRI-com.muonline.client/com.muonline.client.PreloadActivity#1613)/@0x43b9621 for ca554a5 com.muonline.client/com.muonline.client.PreloadActivity
04-26 20:34:15.864   566   616 W skia    : AGTM parsing failed flags.readFromStream(s) at 159
04-26 20:34:15.870   566   598 I libbinder.BpBinder: onLastStrongRef automatically unlinking death recipients for binder (0x7eaa36067cb0) with descriptor: '(not cached)'
04-26 20:34:15.874 19303 19303 I Surface : Creating surface for consumer unnamed-19303-0 with slotExpansion=1 for 64 slots
04-26 20:34:15.877 19303 19303 I Surface : Creating surface for consumer VRI[PreloadActivity]#0(BLAST Consumer)0 with slotExpansion=1 for 64 slots
04-26 20:34:15.878 19303 19303 D VRI[PreloadActivity]: WindowInsets changed: statusBars:null navigationBars:null 
04-26 20:34:15.898 14925 15001 I Icing   : Indexing com.google.android.gms-apps from com.google.android.gms
04-26 20:34:15.905 19303 19331 I MuPreload: Check data root: /storage/emulated/0/Android/data/com.muonline.client/files existingDataDir=/storage/emulated/0/Android/data/com.muonline.client/files/Data usable=true marker=true
04-26 20:34:15.937 14925 15001 I Icing   : Indexing done com.google.android.gms-apps
04-26 20:34:15.937 19303 19331 I MuPreload: Skip download, usable data exists: /storage/emulated/0/Android/data/com.muonline.client/files/Data markerWasPresent=true
04-26 20:34:15.939   736  1957 W ActivityManager: Skipping manifest association check for null package. SourceUid: 10214, SourcePkg: null, TargetUid: 10214, TargetPkg: com.google.android.gms
04-26 20:34:15.985   736   759 I ActivityTaskManager: Displayed com.muonline.client/.PreloadActivity for user 0: +832ms
04-26 20:34:16.009   736   881 I ImeTracker: com.muonline.client:ab526964: onRequestHide at ORIGIN_SERVER reason HIDE_UNSPECIFIED_WINDOW fromUser false userId 0 displayId 0
04-26 20:34:16.010  1219  1219 D BaseActivity: Launcher flags updated: [] -[state_started]
04-26 20:34:16.010  1219  1219 D BaseDepthController: setSurface:
04-26 20:34:16.010  1219  1219 D BaseDepthController: 	mWaitingOnSurfaceValidity: false
04-26 20:34:16.010  1219  1219 D BaseDepthController: 	mBaseSurface: null
04-26 20:34:16.010  1219  1219 D BaseDepthController: mSurface is null and mCurrentBlur is: 0
04-26 20:34:16.011  1219  1219 D LauncherStateManager: StateManager.goToState: fromState: Normal, toState: Normal, partial trace:
04-26 20:34:16.011  1219  1219 D LauncherStateManager: 	at com.android.launcher3.statemanager.StateManager.moveToRestState(go/retraceme 7226a759aa2bb3787a79806f85d80eaad84f1f1e15acd6db988f2df789d1680d:26)
04-26 20:34:16.011  1219  1219 D LauncherStateManager: 	at com.android.launcher3.statemanager.StateManager.moveToRestState(go/retraceme 7226a759aa2bb3787a79806f85d80eaad84f1f1e15acd6db988f2df789d1680d:35)
04-26 20:34:16.011  1219  1219 D LauncherStateManager: 	at com.android.launcher3.statemanager.StatefulActivity.onStop(go/retraceme 7226a759aa2bb3787a79806f85d80eaad84f1f1e15acd6db988f2df789d1680d:31)
04-26 20:34:16.011  1219  1219 D LauncherStateManager: StateManager.onRepeatStateSetAborted: state: Normal
04-26 20:34:16.011  1219  1219 D KeyboardStateManager: hideKeyboard
04-26 20:34:16.011  1219  1219 D KeyboardStateManager: isImeShown: false
04-26 20:34:16.011  1219  1219 D StatsLog: LAUNCHER_ONSTOP
04-26 20:34:16.013  1219  1219 D StatsLog: LAUNCHER_GOOGLE_SEARCH_RESTORE_LIST_SIZE_AFTER_ACTIVITY_RESTART
04-26 20:34:16.014 19303 19303 D InsetsController: hide(ime())
04-26 20:34:16.014 19303 19303 I ImeTracker: com.muonline.client:ab526964: onCancelled at PHASE_CLIENT_ALREADY_HIDDEN
04-26 20:34:16.017   736  1145 D InputMethodManagerService: Attach new input but force hide
04-26 20:34:16.017   736  1145 I ImeTracker: com.muonline.client:6f2bce21: onRequestHide at ORIGIN_SERVER reason HIDE_SOFT_INPUT fromUser false userId 0 displayId 0
04-26 20:34:16.018   736  1145 I ImeTracker: com.muonline.client:6f2bce21: onCancelled at PHASE_SERVER_SHOULD_HIDE
04-26 20:34:16.018   736  1145 W InputChannel-JNI: Channel already disposed.
04-26 20:34:16.020  4105  4105 I GoogleInputMethodService: GoogleInputMethodService.onFinishInput():2113 
04-26 20:34:16.021  4105  4105 I Module  : DeviceLockedStatusModuleProvider$Module.updateDeviceLockedStatus():103 repeatCheckTimes = 0, locked = false
04-26 20:34:16.026  4105  4105 I GoogleInputMethodService: GoogleInputMethodService.onStartInput():1384 onStartInput(EditorInfo{EditorInfo{packageName=com.muonline.client, inputType=0, inputTypeString=NULL, enableLearning=false, autoCorrection=false, autoComplete=false, imeOptions=0, privateImeOptions=null, actionName=UNSPECIFIED, actionLabel=null, initialSelStart=-1, initialSelEnd=-1, initialCapsMode=0, label=null, fieldId=0, fieldName=null, extras=null, hintText=null, hintLocales=[]}}, false)
04-26 20:34:16.026   736  1145 I ImeTracker: system_server:6540965: onRequestHide at ORIGIN_SERVER reason IME_REQUESTED_CHANGED_LISTENER fromUser false displayId 0
04-26 20:34:16.026  4105  4105 W AndroidIME: LatinIMEBase.updateInputViewCoverNavigation():319 Null input view, cannot update padding!
04-26 20:34:16.026   736   762 I ImeTracker: system_server:6540965: onCancelled at PHASE_SERVER_SHOULD_HIDE
04-26 20:34:16.028  4105  4105 I Module  : DeviceLockedStatusModuleProvider$Module.updateDeviceLockedStatus():103 repeatCheckTimes = 1, locked = false
04-26 20:34:16.031   736  1145 W PackageConfigPersister: App-specific configuration not found for packageName: com.muonline.client and userId: 0
04-26 20:34:16.033  4105  4118 I putmethod.latin: Waiting for a blocking GC ProfileSaver
04-26 20:34:16.055  4105  4110 W putmethod.latin: Reducing the number of considered missed Gc histogram windows from 299 to 100
04-26 20:34:16.055  4105  4118 I putmethod.latin: WaitForGcToComplete blocked ProfileSaver on Background for 22.153ms
04-26 20:34:16.236  4511  4527 W libbinder.Binder: Binder transaction to android.content.IContentProvider, function: UNKNOWN_FUNCTION_NAME, code: 21, took 1767ms. Data bytes: 480 Reply bytes: 432 Flags: 18
04-26 20:34:16.291   736  1953 V GrammaticalInflectionUtils: AttributionSource: android.content.AttributionSource@d322a4fb does not have READ_SYSTEM_GRAMMATICAL_GENDER permission.
04-26 20:34:16.298  1036  1091 V WindowManagerShell: Transition requested (#146): android.os.BinderProxy@bcdfd3b TransitionRequestInfo { type = OPEN, triggerTask = TaskInfo{userId=0 taskId=117 effectiveUid=10230 displayId=0 isRunning=true baseIntent=Intent { flg=0x10000000 cmp=com.muonline.client/.PreloadActivity } baseActivity=ComponentInfo{com.muonline.client/com.muonline.client.PreloadActivity} topActivity=ComponentInfo{com.muonline.client/com.muonline.client.MuMainActivity} origActivity=null realActivity=ComponentInfo{com.muonline.client/com.muonline.client.PreloadActivity} realActivityIsAppLockEnabled=false numActivities=2 lastActiveTime=18230892 supportsMultiWindow=true supportsMultiWindowWithoutConstraints=true resizeMode=1 isResizeable=true minWidth=-1 minHeight=-1 defaultMinSize=220 token=WCT{android.os.BinderProxy@cc9010c} topActivityType=1 pictureInPictureParams=null shouldDockBigOverlays=false launchIntoPipHostTaskId=-1 lastParentTaskIdBeforePip=-1 displayCutoutSafeInsets=Rect(132, 0 - 0, 0) topActivityInfo=ActivityInfo{7efc58 com.muonline.client.MuMainActivity} launchCookies=[] positionInParent=Point(0, 0) parentTaskId=-1 isFocused=true isInteractive=false isVisible=true isVisibleRequested=true isTopActivityNoDisplay=false isSleeping=false locusId=null displayAreaFeatureId=1 isTopActivityTransparent=false isActivityStackTransparent=false lastNonFullscreenBounds=null leafTaskBoundsFromOptions= false capturedLink=null capturedLinkTimestamp=0 requestedVisibleTypes=503 topActivityRequestOpenInBrowserEducationTimestamp=0 appCompatTaskInfo=AppCompatTaskInfo { topActivityInSizeCompat=false isLeafTask= true eligibleForLetterboxEducation= false isLetterboxEducationEnabled= true isLetterboxDoubleTapEnabled= false eligibleForUserAspectRatioButton= false topActivityBoundsLetterboxed= false isFromLetterboxDoubleTap= false topActivityLetterboxVerticalPosition= -1 topActivityLetterboxHorizontalPosition= -1 topActivityLetterboxWidth=-1 topActivityLetterboxHeight=-1 topActivityAppBounds=Rect(132, 0 - 2400, 1017) isUserFullscreenOverrideEnabled=false isSystemFullscreenOverrideEnabled=false hasMinAspectRatioOverride=false topActivityLetterboxBounds=null topNonResizableActivityAspectRatio=-1.0} topActivityMainWindowFrame=null isAppBubble=false}, pipChange = null, remoteTransitionInfo = null, displayChange = null, requestedLocation = null, userChange = null, windowingLayerChange = null, fullscreenRequestChange = null, flags = 0, debugId = 146 }
04-26 20:34:16.298  1036  1091 W DisconnectHandler: No disconnect change found in the transition, not handling request.
04-26 20:34:16.298   736  1953 V ActivityTaskManager: TaskLaunchParamsModifier: phase=3 task=Task{8681873 #117 type=standard A=10230:com.muonline.client} activity=ActivityRecord{6637969 u0 com.muonline.client/.MuMainActivity t-1} display-area-from-source=DefaultTaskDisplayArea@125646128 display-id=0 task-display-area-windowing-mode=1 suggested-display-area=DefaultTaskDisplayArea@125646128 inherit-from-source=fullscreen non-freeform-task-display-area display-area=DefaultTaskDisplayArea@125646128 skip-bounds-fullscreen
04-26 20:34:16.298   736  1953 I ActivityTaskManager: START u0 {flg=0x14000000 xflg=0x4 cmp=com.muonline.client/.MuMainActivity} with LAUNCH_SINGLE_TASK from uid 10230 (com.muonline.client) (sr=230885002) (BAL_ALLOW_VISIBLE_WINDOW) result code=0
04-26 20:34:16.298  1036  1091 V ShellDesktopMode: DesktopTasksController: skipping handleRequest reason=triggerTask's display doesn't support desktop mode
04-26 20:34:16.298  1036  1091 D ShellSplitScreen: logExit: no-op, mLoggerSessionId is null
04-26 20:34:16.320 19303 19303 I MuMain  : MuMainActivity onCreate
04-26 20:34:16.328 19303 19303 I MuMain  : extractGameAssets -> /storage/emulated/0/Android/data/com.muonline.client/files
04-26 20:34:16.337 19303 19303 V SDL     : Device: emu64xa16k
04-26 20:34:16.338 19303 19303 V SDL     : Model: sdk_gphone16k_x86_64
04-26 20:34:16.338 19303 19303 V SDL     : onCreate()
04-26 20:34:16.340 19303 19303 D nativeloader: Load /data/app/~~fh3dKMzGW-hWLObaNsKscw==/com.muonline.client-10b8MwnPzBP3EIh-OShiww==/lib/x86_64/libmpg123.so using class loader ns clns-9 (caller=/data/app/~~fh3dKMzGW-hWLObaNsKscw==/com.muonline.client-10b8MwnPzBP3EIh-OShiww==/base.apk): ok
04-26 20:34:16.343 19303 19303 D nativeloader: Load /data/app/~~fh3dKMzGW-hWLObaNsKscw==/com.muonline.client-10b8MwnPzBP3EIh-OShiww==/lib/x86_64/libSDL2.so using class loader ns clns-9 (caller=/data/app/~~fh3dKMzGW-hWLObaNsKscw==/com.muonline.client-10b8MwnPzBP3EIh-OShiww==/base.apk): ok
04-26 20:34:16.345 19303 19337 W InteractionJankMonitor: Initializing without READ_DEVICE_CONFIG permission. enabled=false, interval=1, missedFrameThreshold=3, frameTimeThreshold=64, package=com.muonline.client
04-26 20:34:16.345 19303 19303 D nativeloader: Load /data/app/~~fh3dKMzGW-hWLObaNsKscw==/com.muonline.client-10b8MwnPzBP3EIh-OShiww==/lib/x86_64/libSDL2_image.so using class loader ns clns-9 (caller=/data/app/~~fh3dKMzGW-hWLObaNsKscw==/com.muonline.client-10b8MwnPzBP3EIh-OShiww==/base.apk): ok
04-26 20:34:16.346 19303 19303 D nativeloader: Load /data/app/~~fh3dKMzGW-hWLObaNsKscw==/com.muonline.client-10b8MwnPzBP3EIh-OShiww==/lib/x86_64/libSDL2_mixer.so using class loader ns clns-9 (caller=/data/app/~~fh3dKMzGW-hWLObaNsKscw==/com.muonline.client-10b8MwnPzBP3EIh-OShiww==/base.apk): ok
04-26 20:34:16.347 19303 19303 D nativeloader: Load /data/app/~~fh3dKMzGW-hWLObaNsKscw==/com.muonline.client-10b8MwnPzBP3EIh-OShiww==/lib/x86_64/libSDL2_ttf.so using class loader ns clns-9 (caller=/data/app/~~fh3dKMzGW-hWLObaNsKscw==/com.muonline.client-10b8MwnPzBP3EIh-OShiww==/base.apk): ok
04-26 20:34:16.347 19303 19303 D nativeloader: Load /data/app/~~fh3dKMzGW-hWLObaNsKscw==/com.muonline.client-10b8MwnPzBP3EIh-OShiww==/lib/x86_64/libSDL_net.so using class loader ns clns-9 (caller=/data/app/~~fh3dKMzGW-hWLObaNsKscw==/com.muonline.client-10b8MwnPzBP3EIh-OShiww==/base.apk): ok
04-26 20:34:16.347 19303 19303 D nativeloader: Load /data/app/~~fh3dKMzGW-hWLObaNsKscw==/com.muonline.client-10b8MwnPzBP3EIh-OShiww==/lib/x86_64/libbotan.so using class loader ns clns-9 (caller=/data/app/~~fh3dKMzGW-hWLObaNsKscw==/com.muonline.client-10b8MwnPzBP3EIh-OShiww==/base.apk): ok
04-26 20:34:16.349 19303 19303 I MuMain  : early chdir(/sdcard/.../files) = 0 (errno=88)
04-26 20:34:16.361 19303 19303 D nativeloader: Load /data/app/~~fh3dKMzGW-hWLObaNsKscw==/com.muonline.client-10b8MwnPzBP3EIh-OShiww==/lib/x86_64/libmain.so using class loader ns clns-9 (caller=/data/app/~~fh3dKMzGW-hWLObaNsKscw==/com.muonline.client-10b8MwnPzBP3EIh-OShiww==/base.apk): ok
04-26 20:34:16.361 19303 19303 V SDL     : nativeSetupJNI()
04-26 20:34:16.361 19303 19303 V SDL     : AUDIO nativeSetupJNI()
04-26 20:34:16.361 19303 19303 V SDL     : CONTROLLER nativeSetupJNI()
04-26 20:34:16.362  1036  1132 D WindowOnBackDispatcher: setTopOnBackInvokedCallback (unwrapped): null
04-26 20:34:16.363   736  1953 D CoreBackPreview: Window{c0d7442 u0 Splash Screen com.muonline.client EXITING}: Setting back callback null
04-26 20:34:16.367 19303 19303 D AudioSystem: onNewService: media.audio_policy service obtained 0x73401cab3a60
04-26 20:34:16.369 19303 19303 D AudioSystem: getService: IAudioPolicyService retrieved: 0x73401cab3a60  cached: 0x73401cab3a60
04-26 20:34:16.371   560   593 D NativePermissionController: checkPermission: missing 13 for 10230
04-26 20:34:16.372   560   593 D NativePermissionController: checkPermission: missing 13 for 10230
04-26 20:34:16.375   560   593 D NativePermissionController: checkPermission: missing 13 for 10230
04-26 20:34:16.375   560   593 D NativePermissionController: checkPermission: missing 13 for 10230
04-26 20:34:16.385 19303 19303 V SDL     : onStart()
04-26 20:34:16.386 19303 19303 D MuMain  : onResume
04-26 20:34:16.386 19303 19303 V SDL     : onResume()
04-26 20:34:16.389 19303 19303 D InsetsController: Setting requestedVisibleTypes to 496 (was 503)
04-26 20:34:16.394   736  2221 W InputChannel-JNI: Channel already disposed.
04-26 20:34:16.398   736  2221 I ImeTracker: system_server:a0bbebfe: onRequestHide at ORIGIN_SERVER reason IME_REQUESTED_CHANGED_LISTENER fromUser false displayId 0
04-26 20:34:16.399   736   762 I ImeTracker: system_server:a0bbebfe: onCancelled at PHASE_SERVER_SHOULD_HIDE
04-26 20:34:16.400   736  2221 I ImeTracker: system_server:333c7789: onRequestHide at ORIGIN_SERVER reason IME_REQUESTED_CHANGED_LISTENER fromUser false displayId 0
04-26 20:34:16.400   736   762 I ImeTracker: system_server:333c7789: onCancelled at PHASE_SERVER_SHOULD_HIDE
04-26 20:34:16.403 19303 19303 D VRI[MuMainActivity]: WindowInsets changed: 2268x1080 mandatorySystemGestures:[0,74,0,84] 
04-26 20:34:16.403 19303 19303 D WindowOnBackDispatcher: setTopOnBackInvokedCallback (unwrapped): android.view.ViewRootImpl$$ExternalSyntheticLambda13@12d5896
04-26 20:34:16.404 19303 19303 D InsetsController: Setting requestedVisibleTypes to 503 (was 496)
04-26 20:34:16.404   736  1959 D CoreBackPreview: Window{b6d5df5 u0 com.muonline.client/com.muonline.client.MuMainActivity}: Setting back callback OnBackInvokedCallbackInfo{mCallback=android.window.IOnBackInvokedCallback$Stub$Proxy@cf88218, mPriority=0, mIsAnimationCallback=false, mOverrideBehavior=0}
04-26 20:34:16.406   736  1957 D WindowManager: setClientSurface Surface(name=VRI-com.muonline.client/com.muonline.client.MuMainActivity#1625)/@0x402e471 for b6d5df5 com.muonline.client/com.muonline.client.MuMainActivity
04-26 20:34:16.408  1366  3046 I FontLog : (REDACTED) Received query %s, URI %s
04-26 20:34:16.408  1366  3046 I FontLog : (REDACTED) Query [%s] resolved to %s
04-26 20:34:16.412 19303 19303 I Surface : Creating surface for consumer unnamed-19303-1 with slotExpansion=1 for 64 slots
04-26 20:34:16.412  1366  3046 I FontLog : (REDACTED) Fetch %s end status %s
04-26 20:34:16.413 19303 19303 I Surface : Creating surface for consumer VRI[MuMainActivity]#1(BLAST Consumer)1 with slotExpansion=1 for 64 slots
04-26 20:34:16.414 19303 19303 D VRI[MuMainActivity]: WindowInsets changed: statusBars:[0,74,0,0] navigationBars:[0,0,0,63] 
04-26 20:34:16.420  1036  1091 V RecentTasksController: Notify recent tasks changed
04-26 20:34:16.421  1219  1219 D RecentTasksList: invalidateLoadedTasks - previous requestLoadId: -1
04-26 20:34:16.425 19303 19303 I Surface : Creating surface for consumer unnamed-19303-2 with slotExpansion=1 for 64 slots
04-26 20:34:16.431  1366  5070 I FontLog : (REDACTED) Pulling font file for id = %d, cache size = %d
04-26 20:34:16.431 19303 19303 I Surface : Creating surface for consumer 778fe58 SurfaceView[com.muonline.client/com.muonline.client.MuMainActivity]#2(BLAST Consumer)2 with slotExpansion=1 for 64 slots
04-26 20:34:16.431 19303 19303 V SDL     : surfaceCreated()
04-26 20:34:16.431 19303 19303 V SDL     : surfaceChanged()
04-26 20:34:16.431 19303 19303 V SDL     : Window size: 2268x943
04-26 20:34:16.431 19303 19303 V SDL     : Device size: 2400x1080
04-26 20:34:16.436 19303 19345 V SDL     : Running main function SDL_main from library /data/app/~~fh3dKMzGW-hWLObaNsKscw==/com.muonline.client-10b8MwnPzBP3EIh-OShiww==/lib/x86_64/libmain.so
04-26 20:34:16.436 19303 19345 V SDL     : nativeRunMain()
04-26 20:34:16.436  1366  5070 I FontLog : (REDACTED) Pulling font file for id = %d, cache size = %d
04-26 20:34:16.437 19303 19345 I MuMain  : === MuMain Android v1.0 starting ===
04-26 20:34:16.444 19303 19345 I MuMain  : Working dir set to: /storage/emulated/0/Android/data/com.muonline.client/files
04-26 20:34:16.463 19303 19345 W libOpenSLES: class OutputMix interface 0 requested but unavailable MPH=43
04-26 20:34:16.463 19303 19345 I MuMain  : SDL2 initialized
04-26 20:34:16.463 19303 19345 I MuMain  : Render backend request env=(null) -> opengl
04-26 20:34:16.465 19303 19345 V SDL     : setOrientation() requestedOrientation=6 width=2400 height=1080 resizable=false hint=
04-26 20:34:16.491   736   759 I ActivityTaskManager: Displayed com.muonline.client/.MuMainActivity for user 0: +196ms
04-26 20:34:16.492 19303 19345 I SDL/APP : pixel format wanted SDL_PIXELFORMAT_RGBX8888 (2), got SDL_PIXELFORMAT_RGBX8888 (2)
04-26 20:34:16.492   736   759 V WindowManager: Sent Transition (#146) createdAt=04-26 20:34:16.291 via request=TransitionRequestInfo { type = OPEN, triggerTask = TaskInfo{userId=0 taskId=117 effectiveUid=10230 displayId=0 isRunning=true baseIntent=Intent { flg=0x10000000 cmp=com.muonline.client/.PreloadActivity } baseActivity=ComponentInfo{com.muonline.client/com.muonline.client.PreloadActivity} topActivity=ComponentInfo{com.muonline.client/com.muonline.client.MuMainActivity} origActivity=null realActivity=ComponentInfo{com.muonline.client/com.muonline.client.PreloadActivity} realActivityIsAppLockEnabled=false numActivities=2 lastActiveTime=18230892 supportsMultiWindow=true supportsMultiWindowWithoutConstraints=true resizeMode=1 isResizeable=true minWidth=-1 minHeight=-1 defaultMinSize=220 token=WCT{RemoteToken{de43ba2 Task{8681873 #117 type=standard A=10230:com.muonline.client}}} topActivityType=1 pictureInPictureParams=null shouldDockBigOverlays=false launchIntoPipHostTaskId=-1 lastParentTaskIdBeforePip=-1 displayCutoutSafeInsets=Rect(132, 0 - 0, 0) topActivityInfo=ActivityInfo{b08b0a9 com.muonline.client.MuMainActivity} launchCookies=[] positionInParent=Point(0, 0) parentTaskId=-1 isFocused=true isInteractive=false isVisible=true isVisibleRequested=true isTopActivityNoDisplay=false isSleeping=false locusId=null displayAreaFeatureId=1 isTopActivityTransparent=false isActivityStackTransparent=false lastNonFullscreenBounds=null leafTaskBoundsFromOptions= false capturedLink=null capturedLinkTimestamp=0 requestedVisibleTypes=503 topActivityRequestOpenInBrowserEducationTimestamp=0 appCompatTaskInfo=AppCompatTaskInfo { topActivityInSizeCompat=false isLeafTask= true eligibleForLetterboxEducation= false isLetterboxEducationEnabled= true isLetterboxDoubleTapEnabled= false eligibleForUserAspectRatioButton= false topActivityBoundsLetterboxed= false isFromLetterboxDoubleTap= false topActivityLetterboxVerticalPosition= -1 topActivityLetterboxHorizontalPosition= -1 topActivityLetterboxWidth=-1 topActivityLetterboxHeight=-1 topActivityAppBounds=Rect(132, 0 - 2400, 1017) isUserFullscreenOverrideEnabled=false isSystemFullscreenOverrideEnabled=false hasMinAspectRatioOverride=false topActivityLetterboxBounds=null topNonResizableActivityAspectRatio=-1.0} topActivityMainWindowFrame=null isAppBubble=false}, pipChange = null, remoteTransitionInfo = null, displayChange = null, requestedLocation = null, userChange = null, windowingLayerChange = null, fullscreenRequestChange = null, flags = 0, debugId = 146 }
04-26 20:34:16.492   736   759 V WindowManager:     startWCT=WindowContainerTransaction { changes= {} hops= [] flags= 0 errorCallbackToken=null taskFragmentOrganizer=null }
04-26 20:34:16.492   736   759 V WindowManager:     info={id=146 t=OPEN f=0x0 trk=0 r=[0@Point(0, 0)] c=[
04-26 20:34:16.492   736   759 V WindowManager:         {m=OPEN f=FILLS_TASK p=WCT{RemoteToken{de43ba2 Task{8681873 #117 type=standard A=10230:com.muonline.client}}} leash=Surface(name=ActivityRecord{6637969 u0 com.muonline.client/.MuMainActivity t117}#1618)/@0x8adb573 sb=Rect(0, 0 - 0, 0) eb=Rect(0, 0 - 2400, 1080) epz=Point(2400, 1080) d=-1->0 r=-1->1:-1 bc=ff000000 activity=ActivityTransitionInfo { component = ComponentInfo{com.muonline.client/com.muonline.client.MuMainActivity}, taskId = 117, appCompatTransitionInfo = AppCompatTransitionInfo { letterboxBounds = Rect(132, 0 - 2400, 1080), hasRoundedCorners = false } }},
04-26 20:34:16.492   736   759 V WindowManager:         {m=CLOSE f=FILLS_TASK|IS_BEHIND_STARTING_WINDOW p=WCT{RemoteToken{de43ba2 Task{8681873 #117 type=standard A=10230:com.muonline.client}}} leash=Surface(name=ActivityRecord{230885002 u0 com.muonline.client/.PreloadActivity t117}#1600)/@0x8abcde2 sb=Rect(0, 0 - 2400, 1080) eb=Rect(0, 0 - 2400, 1080) epz=Point(2400, 1080) d=0 bc=ff000000 activity=ActivityTransitionInfo { component = ComponentInfo{com.muonline.client/com.muonline.client.PreloadActivity}, taskId = 117, appCompatTransitionInfo = AppCompatTransitionInfo { letterboxBounds = Rect(132, 0 - 2400, 1080), hasRoundedCorners = false } }},
04-26 20:34:16.492   736   759 V WindowManager:         {WCT{RemoteToken{de43ba2 Task{8681873 #117 type=standard A=10230:com.muonline.client}}} m=CHANGE f=NONE leash=Surface(name=Task=117#1599)/@0x7322531 sb=Rect(0, 0 - 2400, 1080) eb=Rect(0, 0 - 2400, 1080) epz=Point(2400, 1080) d=0 taskParent=-1 winMode=1 userId=0}
04-26 20:34:16.492   736   759 V WindowManager:     ]}
04-26 20:34:16.492  1036  1417 V WindowManagerShell: onTransitionReady(transaction=3161095945364)
04-26 20:34:16.493  1036  1091 V WindowManagerShell: onTransitionReady (#146) android.os.BinderProxy@bcdfd3b: {id=146 t=OPEN f=0x0 trk=0 r=[0@Point(0, 0)] c=[
04-26 20:34:16.493  1036  1091 V WindowManagerShell:         {m=OPEN f=FILLS_TASK p=WCT{android.os.BinderProxy@cc9010c} leash=Surface(name=ActivityRecord{6637969 u0 com.muonline.client/.MuMainActivity t117}#1618)/@0xe3d77ed sb=Rect(0, 0 - 0, 0) eb=Rect(0, 0 - 2400, 1080) epz=Point(2400, 1080) d=-1->0 r=-1->1:-1 bc=ff000000 activity=ActivityTransitionInfo { component = ComponentInfo{com.muonline.client/com.muonline.client.MuMainActivity}, taskId = 117, appCompatTransitionInfo = AppCompatTransitionInfo { letterboxBounds = Rect(132, 0 - 2400, 1080), hasRoundedCorners = false } }},
