04-26 15:44:28.945 V/BaseDepthController( 1219): Applying blur: 0 to Surface(name=VRI-com.google.android.apps.nexuslauncher/com.google.android.apps.nexuslauncher.NexusLauncherActivity#153)/@0xd45637f applyImmediately: false
04-26 15:44:28.946 D/BaseDepthController( 1219): shouldBlurWorkspace: false targetState: Normal currentStableState: Normal mCurrentBlur: 0 mLauncher.getDepthBlurTargets(): [com.android.launcher3.Workspace{573bc60 V.ED..... ........ 0,0-1080,2400 #7f0a047d app:id/workspace}, com.android.launcher3.Hotseat{7eca519 V.ED..... ........ 0,1905-1080,2400 #7f0a01f1 app:id/hotseat}]
04-26 15:44:28.952 V/WindowManagerShell( 1036):  animated by com.android.wm.shell.transition.DefaultTransitionHandler@11f9e32
04-26 15:44:28.952 V/ShellTaskOrganizer( 1036): Task vanished taskId=89
04-26 15:44:28.952 V/ShellTaskOrganizer( 1036): Fullscreen Task Vanished: #89
04-26 15:44:28.952 V/ShellDesktopMode( 1036): Task Vanished: #89 closed=true
04-26 15:44:28.952 V/RecentTasksController( 1036): Notify recent tasks changed
04-26 15:44:28.953 D/ShellDesktopMode( 1036): AppToWebRepository: Task 89 is vanishing. Removing task data from repository
04-26 15:44:28.954 V/AppCompat( 1036): SingleSurfaceLetterboxController: [90]
04-26 15:44:28.954 V/AppCompat( 1036): MultiSurfaceLetterboxController: []
04-26 15:44:28.954 V/AppCompat( 1036): LetterboxInputController: [90]
04-26 15:44:28.954 V/AppCompat( 1036): RoundedCornersLetterboxController: {}
04-26 15:44:28.955 W/InputDispatcher(  736): channel 'Embedded{LetterboxInputDetector of Surface(name=Task=89#114)/@0x5ccd050}' ~ Consumer closed input channel or an error occurred.  events=0x9
04-26 15:44:28.955 E/InputDispatcher(  736): channel 'Embedded{LetterboxInputDetector of Surface(name=Task=89#114)/@0x5ccd050}' ~ Channel is unrecoverably broken and will be disposed!
04-26 15:44:28.957 W/WindowManager(  736): Failed looking up window session=Session{597bd89 1036:u0a10196} callers=com.android.server.wm.WindowManagerService.removeClientToken:2272 com.android.server.wm.Session.remove:282 android.view.IWindowSession$Stub.onTransact:637 
04-26 15:44:28.958 V/BaseDepthController( 1219): Applying blur: 0 to Surface(name=VRI-com.google.android.apps.nexuslauncher/com.google.android.apps.nexuslauncher.NexusLauncherActivity#153)/@0xd45637f applyImmediately: false
04-26 15:44:28.958 D/BaseDepthController( 1219): shouldBlurWorkspace: false targetState: Normal currentStableState: Normal mCurrentBlur: 0 mLauncher.getDepthBlurTargets(): [com.android.launcher3.Workspace{573bc60 V.ED..... ........ 0,0-1080,2400 #7f0a047d app:id/workspace}, com.android.launcher3.Hotseat{7eca519 V.ED..... ........ 0,1905-1080,2400 #7f0a01f1 app:id/hotseat}]
04-26 15:44:28.967 V/RecentTasksController( 1036): generateList(getRecentTasks)
04-26 15:44:28.967 V/RecentTasksController( 1036): initializeDesksMap - allDeskIds: []
04-26 15:44:28.967 V/RecentTasksController( 1036): Task 90 is not an active desktop task
04-26 15:44:28.967 V/RecentTasksController( 1036): Added fullscreen task: 90
04-26 15:44:28.967 V/RecentTasksController( 1036): generateList - complete
04-26 15:44:28.969 E/BpTransactionCompletedListener(  566): Failed to transact (-32)
04-26 15:44:28.969 V/BaseDepthController( 1219): Applying blur: 0 to Surface(name=VRI-com.google.android.apps.nexuslauncher/com.google.android.apps.nexuslauncher.NexusLauncherActivity#153)/@0xd45637f applyImmediately: false
04-26 15:44:28.969 D/BaseDepthController( 1219): shouldBlurWorkspace: false targetState: Normal currentStableState: Normal mCurrentBlur: 0 mLauncher.getDepthBlurTargets(): [com.android.launcher3.Workspace{573bc60 V.ED..... ........ 0,0-1080,2400 #7f0a047d app:id/workspace}, com.android.launcher3.Hotseat{7eca519 V.ED..... ........ 0,1905-1080,2400 #7f0a01f1 app:id/hotseat}]
04-26 15:44:28.973 D/RecentsView( 1219): onTaskRemoved: 89, not handling task stack changes
04-26 15:44:28.974 D/RecentTasksList( 1219): invalidateLoadedTasks - previous requestLoadId: -1
04-26 15:44:28.981 D/RecentsView( 1219): onTaskRemoved: 89, not handling task stack changes
04-26 15:44:28.986 V/BaseDepthController( 1219): Applying blur: 0 to Surface(name=VRI-com.google.android.apps.nexuslauncher/com.google.android.apps.nexuslauncher.NexusLauncherActivity#153)/@0xd45637f applyImmediately: false
04-26 15:44:28.987 D/BaseDepthController( 1219): shouldBlurWorkspace: false targetState: Normal currentStableState: Normal mCurrentBlur: 0 mLauncher.getDepthBlurTargets(): [com.android.launcher3.Workspace{573bc60 V.ED..... ........ 0,0-1080,2400 #7f0a047d app:id/workspace}, com.android.launcher3.Hotseat{7eca519 V.ED..... ........ 0,1905-1080,2400 #7f0a01f1 app:id/hotseat}]
04-26 15:44:28.990 W/skia    (  566): AGTM parsing failed flags.readFromStream(s) at 159
04-26 15:44:28.990 I/Fitness ( 1366): (REDACTED) FitCleanupIntentOperation received Intent %s
04-26 15:44:29.003 V/BaseDepthController( 1219): Applying blur: 0 to Surface(name=VRI-com.google.android.apps.nexuslauncher/com.google.android.apps.nexuslauncher.NexusLauncherActivity#153)/@0xd45637f applyImmediately: false
04-26 15:44:29.003 D/BaseDepthController( 1219): shouldBlurWorkspace: false targetState: Normal currentStableState: Normal mCurrentBlur: 0 mLauncher.getDepthBlurTargets(): [com.android.launcher3.Workspace{573bc60 V.ED..... ........ 0,0-1080,2400 #7f0a047d app:id/workspace}, com.android.launcher3.Hotseat{7eca519 V.ED..... ........ 0,1905-1080,2400 #7f0a01f1 app:id/hotseat}]
04-26 15:44:29.020 V/BaseDepthController( 1219): Applying blur: 0 to Surface(name=VRI-com.google.android.apps.nexuslauncher/com.google.android.apps.nexuslauncher.NexusLauncherActivity#153)/@0xd45637f applyImmediately: false
04-26 15:44:29.020 D/BaseDepthController( 1219): shouldBlurWorkspace: false targetState: Normal currentStableState: Normal mCurrentBlur: 0 mLauncher.getDepthBlurTargets(): [com.android.launcher3.Workspace{573bc60 V.ED..... ........ 0,0-1080,2400 #7f0a047d app:id/workspace}, com.android.launcher3.Hotseat{7eca519 V.ED..... ........ 0,1905-1080,2400 #7f0a01f1 app:id/hotseat}]
04-26 15:44:29.024 D/nativeloader( 5633): Load libframework-connectivity-tiramisu-jni.so using APEX ns com_android_tethering for caller /apex/com.android.tethering/javalib/framework-connectivity-t.jar: ok
04-26 15:44:29.034 I/ProximityAuth( 1366): [RecentAppsMediator] Package added: (user=UserHandle{0}) com.muonline.client
04-26 15:44:29.038 V/BaseDepthController( 1219): Applying blur: 0 to Surface(name=VRI-com.google.android.apps.nexuslauncher/com.google.android.apps.nexuslauncher.NexusLauncherActivity#153)/@0xd45637f applyImmediately: false
04-26 15:44:29.038 D/BaseDepthController( 1219): shouldBlurWorkspace: false targetState: Normal currentStableState: Normal mCurrentBlur: 0 mLauncher.getDepthBlurTargets(): [com.android.launcher3.Workspace{573bc60 V.ED..... ........ 0,0-1080,2400 #7f0a047d app:id/workspace}, com.android.launcher3.Hotseat{7eca519 V.ED..... ........ 0,1905-1080,2400 #7f0a01f1 app:id/hotseat}]
04-26 15:44:29.041 W/skia    (  566): AGTM parsing failed flags.readFromStream(s) at 159
04-26 15:44:29.041 W/skia    (  566): AGTM parsing failed flags.readFromStream(s) at 159
04-26 15:44:29.047 I/Finsky  ( 4164): [2] Memory trim requested to level 40
04-26 15:44:29.047 I/Finsky  ( 4164): [2] Flushing in-memory image cache
04-26 15:44:29.050 I/AppBackupPkgRemovedIO( 1867): Backup state cleanup on uninstall is disabled. [CONTEXT service_id=229 ]
04-26 15:44:29.052 I/FontLog ( 1366): (REDACTED) Package %s has no metadata
04-26 15:44:29.053 I/PackageInstalledIntentO( 1867): Test flag v2 is disabled [CONTEXT service_id=469 ]
04-26 15:44:29.072 I/s.nexuslauncher( 1219): NativeAlloc concurrent mark compact GC freed 1652KB AllocSpace bytes, 3(96KB) LOS objects, 49% free, 7995KB/15MB, paused 2.092ms,22.473ms total 54.037ms
04-26 15:44:29.074 V/BaseDepthController( 1219): Applying blur: 0 to Surface(name=VRI-com.google.android.apps.nexuslauncher/com.google.android.apps.nexuslauncher.NexusLauncherActivity#153)/@0xd45637f applyImmediately: false
04-26 15:44:29.075 D/BaseDepthController( 1219): shouldBlurWorkspace: false targetState: Normal currentStableState: Normal mCurrentBlur: 0 mLauncher.getDepthBlurTargets(): [com.android.launcher3.Workspace{573bc60 V.ED..... ........ 0,0-1080,2400 #7f0a047d app:id/workspace}, com.android.launcher3.Hotseat{7eca519 V.ED..... ........ 0,1905-1080,2400 #7f0a01f1 app:id/hotseat}]
04-26 15:44:29.082 W/System  ( 1219): A resource failed to call release. 
04-26 15:44:29.084 D/CompatChangeReporter( 5633): Compat change id reported: 242716250; UID 10230; state: ENABLED
04-26 15:44:29.084 W/System  ( 1219): A resource failed to call release. 
04-26 15:44:29.084 W/System  ( 1219): A resource failed to call release. 
04-26 15:44:29.084 W/System  ( 1219): A resource failed to call release. 
04-26 15:44:29.084 W/System  ( 1219): A resource failed to call release. 
04-26 15:44:29.090 V/BaseDepthController( 1219): Applying blur: 0 to Surface(name=VRI-com.google.android.apps.nexuslauncher/com.google.android.apps.nexuslauncher.NexusLauncherActivity#153)/@0xd45637f applyImmediately: false
04-26 15:44:29.090 D/BaseDepthController( 1219): shouldBlurWorkspace: false targetState: Normal currentStableState: Normal mCurrentBlur: 0 mLauncher.getDepthBlurTargets(): [com.android.launcher3.Workspace{573bc60 V.ED..... ........ 0,0-1080,2400 #7f0a047d app:id/workspace}, com.android.launcher3.Hotseat{7eca519 V.ED..... ........ 0,1905-1080,2400 #7f0a01f1 app:id/hotseat}]
04-26 15:44:29.101 D/nativeloader( 5633): Configuring clns-9 for other apk /data/app/~~-Jl76UpvW81HqZeFwObibg==/com.muonline.client-G0cOn5vaeVNcOF7q5wlD2g==/base.apk. target_sdk_version=34, uses_libraries=, library_path=/data/app/~~-Jl76UpvW81HqZeFwObibg==/com.muonline.client-G0cOn5vaeVNcOF7q5wlD2g==/lib/x86_64:/data/app/~~-Jl76UpvW81HqZeFwObibg==/com.muonline.client-G0cOn5vaeVNcOF7q5wlD2g==/base.apk!/lib/x86_64, permitted_path=/data:/mnt/expand:/data/user/0/com.muonline.client
04-26 15:44:29.107 V/BaseDepthController( 1219): Applying blur: 0 to Surface(name=VRI-com.google.android.apps.nexuslauncher/com.google.android.apps.nexuslauncher.NexusLauncherActivity#153)/@0xd45637f applyImmediately: false
04-26 15:44:29.107 D/BaseDepthController( 1219): shouldBlurWorkspace: false targetState: Normal currentStableState: Normal mCurrentBlur: 0 mLauncher.getDepthBlurTargets(): [com.android.launcher3.Workspace{573bc60 V.ED..... ........ 0,0-1080,2400 #7f0a047d app:id/workspace}, com.android.launcher3.Hotseat{7eca519 V.ED..... ........ 0,1905-1080,2400 #7f0a01f1 app:id/hotseat}]
04-26 15:44:29.110 D/BoundBrokerSvc( 1867): onBind: Intent { act=com.google.android.gms.common.BIND_SHARED_PREFS xflg=0x4 pkg=com.google.android.gms }
04-26 15:44:29.110 D/BoundBrokerSvc( 1867): Loading bound service for intent: Intent { act=com.google.android.gms.common.BIND_SHARED_PREFS xflg=0x4 pkg=com.google.android.gms }
04-26 15:44:29.110 I/HalDevMgr(  736): bestIfaceCreationProposal is null, requestIface=STA, existingIface=[name=wlan0 type=STA]
04-26 15:44:29.115 V/GraphicsEnvironment( 5633): Currently set values for:
04-26 15:44:29.115 V/GraphicsEnvironment( 5633):   angle_gl_driver_selection_pkgs=[]
04-26 15:44:29.115 V/GraphicsEnvironment( 5633):   angle_gl_driver_selection_values=[]
04-26 15:44:29.115 V/GraphicsEnvironment( 5633): com.muonline.client is not listed in per-application setting
04-26 15:44:29.115 V/GraphicsEnvironment( 5633): No special selections for ANGLE, returning default driver choice
04-26 15:44:29.116 V/GraphicsEnvironment( 5633): Neither updatable production driver nor prerelease driver is supported.
04-26 15:44:29.117 I/Auth    ( 1867): (REDACTED) [SupervisedAccountIntentOperation] onHandleIntent: %s
04-26 15:44:29.120 I/PackageInstalledIntentO( 1867): Test flag v2 is disabled [CONTEXT service_id=469 ]
04-26 15:44:29.125 I/NearbyDiscovery( 1867): (REDACTED) processGrantSlicePermission: %s
04-26 15:44:29.130 I/AdbWifiNetworkMonitor(  736): Wi-Fi network available
04-26 15:44:29.131 I/AdbWifiNetworkMonitor(  736): Received the same Wi-Fi SSID. Ignoring.
04-26 15:44:29.138 V/BaseDepthController( 1219): Applying blur: 0 to Surface(name=VRI-com.google.android.apps.nexuslauncher/com.google.android.apps.nexuslauncher.NexusLauncherActivity#153)/@0xd45637f applyImmediately: false
04-26 15:44:29.138 D/BaseDepthController( 1219): shouldBlurWorkspace: false targetState: Normal currentStableState: Normal mCurrentBlur: 0 mLauncher.getDepthBlurTargets(): [com.android.launcher3.Workspace{573bc60 V.ED..... ........ 0,0-1080,2400 #7f0a047d app:id/workspace}, com.android.launcher3.Hotseat{7eca519 V.ED..... ........ 0,1905-1080,2400 #7f0a01f1 app:id/hotseat}]
04-26 15:44:29.144 W/skia    (  566): AGTM parsing failed flags.readFromStream(s) at 159
04-26 15:44:29.149 W/libbinder.IPCThreadState(  736): Sending oneway calls to frozen process.
04-26 15:44:29.149 W/libbinder.IPCThreadState(  736): Sending oneway calls to frozen process.
04-26 15:44:29.170 W/SQLiteLog( 1867): (28) double-quoted string literal: "com.muonline.client"
04-26 15:44:29.172 V/BaseDepthController( 1219): Applying blur: 0 to Surface(name=VRI-com.google.android.apps.nexuslauncher/com.google.android.apps.nexuslauncher.NexusLauncherActivity#153)/@0xd45637f applyImmediately: false
04-26 15:44:29.172 D/BaseDepthController( 1219): shouldBlurWorkspace: false targetState: Normal currentStableState: Normal mCurrentBlur: 0 mLauncher.getDepthBlurTargets(): [com.android.launcher3.Workspace{573bc60 V.ED..... ........ 0,0-1080,2400 #7f0a047d app:id/workspace}, com.android.launcher3.Hotseat{7eca519 V.ED..... ........ 0,1905-1080,2400 #7f0a01f1 app:id/hotseat}]
04-26 15:44:29.175 W/ActivityManager(  736): Skipping manifest association check for null package. SourceUid: 10214, SourcePkg: null, TargetUid: 10214, TargetPkg: com.google.android.gms
04-26 15:44:29.179 I/DisplayManager( 5633): Choreographer implicitly registered for the refresh rate.
04-26 15:44:29.185 I/NullBinder( 1366): NullBinder for android.net.action.RECOMMEND_NETWORKS triggering remote TransactionTooLargeException due to Service without Chimera impl, calling uid: 1000, calling pid: 0
04-26 15:44:29.185 W/libbinder.Binder( 1366): Large reply transaction of 1056768 bytes, interface descriptor , function: UNKNOWN_FUNCTION_NAME, code: 1, flags: 17
04-26 15:44:29.215 I/GFXSTREAM( 5633): [eglDisplay.cpp(297)] Opening libGLESv1_CM_emulation.so
04-26 15:44:29.217 I/GFXSTREAM( 5633): [eglDisplay.cpp(297)] Opening libGLESv2_emulation.so
04-26 15:44:29.223 V/BaseDepthController( 1219): Applying blur: 0 to Surface(name=VRI-com.google.android.apps.nexuslauncher/com.google.android.apps.nexuslauncher.NexusLauncherActivity#153)/@0xd45637f applyImmediately: false
04-26 15:44:29.224 D/BaseDepthController( 1219): shouldBlurWorkspace: false targetState: Normal currentStableState: Normal mCurrentBlur: 0 mLauncher.getDepthBlurTargets(): [com.android.launcher3.Workspace{573bc60 V.ED..... ........ 0,0-1080,2400 #7f0a047d app:id/workspace}, com.android.launcher3.Hotseat{7eca519 V.ED..... ........ 0,1905-1080,2400 #7f0a01f1 app:id/hotseat}]
04-26 15:44:29.229 D/DesktopExperienceFlags( 5633): Toggle override initialized to: false
04-26 15:44:29.229 D/DesktopModeFlags( 5633): Toggle override initialized to: OVERRIDE_UNSET
04-26 15:44:29.233 W/HWUI    ( 5633): Failed to choose config with EGL_SWAP_BEHAVIOR_PRESERVED, retrying without...
04-26 15:44:29.234 W/HWUI    ( 5633): Failed to initialize 101010-2 format, error = EGL_SUCCESS
04-26 15:44:29.255 W/skia    (  566): AGTM parsing failed flags.readFromStream(s) at 159
04-26 15:44:29.270 V/WindowManagerShell( 1036): Transition animation finished (aborted=false), notifying core (#19) android.os.BinderProxy@15abffd@0
04-26 15:44:29.286 V/WindowManager(  736): Finish Transition (#19): created at 04-26 15:44:28.729 collect-started=0.093ms request-sent=21.006ms started=24.909ms ready=106.249ms sent=112.072ms commit=112.107ms finished=557.407ms
04-26 15:44:29.287 I/system_server(  736): Background young concurrent mark compact GC freed 19MB AllocSpace bytes, 21(928KB) LOS objects, 34% free, 37MB/57MB, paused 3.946ms,38.890ms total 134.535ms
04-26 15:44:29.291 D/WallpaperService( 1036): onVisibilityChanged(false): com.android.systemui.wallpapers.ImageWallpaper$CanvasEngine@85e2344
04-26 15:44:29.293 V/BaseDepthController( 1219): Applying blur: 0 to Surface(name=VRI-com.google.android.apps.nexuslauncher/com.google.android.apps.nexuslauncher.NexusLauncherActivity#153)/@0xd45637f applyImmediately: false
04-26 15:44:29.293 D/BaseDepthController( 1219): setEarlyWakeup: false
04-26 15:44:29.293 D/BaseDepthController( 1219): shouldBlurWorkspace: false targetState: Normal currentStableState: Normal mCurrentBlur: 0 mLauncher.getDepthBlurTargets(): [com.android.launcher3.Workspace{573bc60 V.ED..... ........ 0,0-1080,2400 #7f0a047d app:id/workspace}, com.android.launcher3.Hotseat{7eca519 V.ED..... ........ 0,1905-1080,2400 #7f0a01f1 app:id/hotseat}]
04-26 15:44:29.296 V/WindowManagerShell( 1036): Track 0 became idle
04-26 15:44:29.296 V/WindowManagerShell( 1036): All active transition animations finished
04-26 15:44:29.302 W/HWUI    ( 5633): Unknown dataspace 0
04-26 15:44:29.306 D/VRI[NexusLauncherActivity]( 1219): visibilityChanged oldVisibility=true newVisibility=false
04-26 15:44:29.307 W/System  (  736): A resource failed to call close. 
04-26 15:44:29.309 W/System  (  736): A resource failed to call close. 
04-26 15:44:29.309 D/SmartspaceInteractor( 1219): notifySmartspaceEvent: SmartspaceTargetEvent{mSmartspaceTarget=null, mSmartspaceActionId='null', mEventType=7}
04-26 15:44:29.311 D/InsetsController( 5633): Setting requestedVisibleTypes to 496 (was 503)
04-26 15:44:29.313 W/InputChannel-JNI(  736): Channel already disposed.
04-26 15:44:29.319 D/VRI[PreloadActivity]( 5633): WindowInsets changed: 2268x1080 statusBars:[0,74,0,0] navigationBars:[0,0,0,63] mandatorySystemGestures:[0,74,0,84] 
04-26 15:44:29.319 D/WindowOnBackDispatcher( 5633): setTopOnBackInvokedCallback (unwrapped): android.view.ViewRootImpl$$ExternalSyntheticLambda13@7a716e3
04-26 15:44:29.320 I/HWUI    ( 5633): Using FreeType backend (prop=Auto)
04-26 15:44:29.322 D/CoreBackPreview(  736): Window{6986e7c u0 com.muonline.client/com.muonline.client.PreloadActivity}: Setting back callback OnBackInvokedCallbackInfo{mCallback=android.window.IOnBackInvokedCallback$Stub$Proxy@f0bca81, mPriority=0, mIsAnimationCallback=false, mOverrideBehavior=0}
04-26 15:44:29.326 D/WindowManager(  736): setClientSurface Surface(name=VRI-com.muonline.client/com.muonline.client.PreloadActivity#176)/@0x7eb726 for 6986e7c com.muonline.client/com.muonline.client.PreloadActivity
04-26 15:44:29.331 I/Surface ( 5633): Creating surface for consumer unnamed-5633-0 with slotExpansion=1 for 64 slots
04-26 15:44:29.333 I/Surface ( 5633): Creating surface for consumer VRI[PreloadActivity]#0(BLAST Consumer)0 with slotExpansion=1 for 64 slots
04-26 15:44:29.333 I/libbinder.BpBinder(  566): onLastStrongRef automatically unlinking death recipients for binder (0x7eaa36066970) with descriptor: '(not cached)'
04-26 15:44:29.334 D/VRI[PreloadActivity]( 5633): WindowInsets changed: statusBars:null navigationBars:null 
04-26 15:44:29.343 I/MuPreload( 5633): Check data root: /storage/emulated/0/Android/data/com.muonline.client/files existingDataDir=/storage/emulated/0/Android/data/com.muonline.client/files/Data usable=true marker=true
04-26 15:44:29.350 E/AppOps  (  736): attributionTag VCN not declared in manifest of android
04-26 15:44:29.368 I/Icing   ( 1867): IndexChimeraService.getServiceInterface callingPackage=com.google.android.gms componentName=AppsCorpus serviceId=36
04-26 15:44:29.374 D/BoundBrokerSvc( 1867): onBind: Intent { act=com.google.android.gms.feedback.internal.IFeedbackService dat=chimera-action:/... xflg=0x4 cmp=com.google.android.gms/.chimera.GmsBoundBrokerService }
04-26 15:44:29.374 D/BoundBrokerSvc( 1867): Loading bound service for intent: Intent { act=com.google.android.gms.feedback.internal.IFeedbackService dat=chimera-action:/... xflg=0x4 cmp=com.google.android.gms/.chimera.GmsBoundBrokerService }
04-26 15:44:29.405 I/MuPreload( 5633): Skip download, usable data exists: /storage/emulated/0/Android/data/com.muonline.client/files/Data markerWasPresent=true
04-26 15:44:29.406 I/Icing   ( 1867): IndexChimeraService.getServiceInterface callingPackage=com.google.android.gms componentName=null serviceId=30
04-26 15:44:29.413 I/Icing   ( 1867): Usage reports ok 1, Failed Usage reports 0, indexed 0, rejected 0
04-26 15:44:29.449 I/Icing   ( 1867): Usage reports ok 0, Failed Usage reports 0, indexed 0, rejected 0
04-26 15:44:29.454 I/ActivityTaskManager(  736): Displayed com.muonline.client/.PreloadActivity for user 0: +732ms
04-26 15:44:29.458 D/ScalingWorkspaceRevealAnim( 1219): onAnimationEnd, workspace and hotseat are visible
04-26 15:44:29.458 D/BaseDepthController( 1219): mSurface is not valid
04-26 15:44:29.474 I/Icing   ( 1867): Indexing com.google.android.gms-apps from com.google.android.gms
04-26 15:44:29.482 I/ImeTracker(  736): com.muonline.client:52428283: onRequestHide at ORIGIN_SERVER reason HIDE_UNSPECIFIED_WINDOW fromUser false userId 0 displayId 0
04-26 15:44:29.483 D/InsetsController( 5633): hide(ime())
04-26 15:44:29.483 I/ImeTracker( 5633): com.muonline.client:52428283: onCancelled at PHASE_CLIENT_ALREADY_HIDDEN
04-26 15:44:29.485 D/BaseActivity( 1219): Launcher flags updated: [] -[state_started]
04-26 15:44:29.485 D/BaseDepthController( 1219): setSurface:
04-26 15:44:29.485 D/BaseDepthController( 1219): 	mWaitingOnSurfaceValidity: true
04-26 15:44:29.485 D/BaseDepthController( 1219): 	mBaseSurface: null
04-26 15:44:29.486 D/BaseDepthController( 1219): mSurface is null and mCurrentBlur is: 0
04-26 15:44:29.486 D/LauncherStateManager( 1219): StateManager.goToState: fromState: Normal, toState: Normal, partial trace:
04-26 15:44:29.486 D/LauncherStateManager( 1219): 	at com.android.launcher3.statemanager.StateManager.moveToRestState(go/retraceme 7226a759aa2bb3787a79806f85d80eaad84f1f1e15acd6db988f2df789d1680d:26)
04-26 15:44:29.486 D/LauncherStateManager( 1219): 	at com.android.launcher3.statemanager.StateManager.moveToRestState(go/retraceme 7226a759aa2bb3787a79806f85d80eaad84f1f1e15acd6db988f2df789d1680d:35)
04-26 15:44:29.486 D/LauncherStateManager( 1219): 	at com.android.launcher3.statemanager.StatefulActivity.onStop(go/retraceme 7226a759aa2bb3787a79806f85d80eaad84f1f1e15acd6db988f2df789d1680d:31)
04-26 15:44:29.486 D/LauncherStateManager( 1219): StateManager.onRepeatStateSetAborted: state: Normal
04-26 15:44:29.486 D/KeyboardStateManager( 1219): hideKeyboard
04-26 15:44:29.486 D/KeyboardStateManager( 1219): isImeShown: false
04-26 15:44:29.489 D/StatsLog( 1219): LAUNCHER_ONSTOP
04-26 15:44:29.494 D/StatsLog( 1219): LAUNCHER_GOOGLE_SEARCH_RESTORE_LIST_SIZE_AFTER_ACTIVITY_RESTART
04-26 15:44:29.494 D/InputMethodManagerService(  736): Attach new input but force hide
04-26 15:44:29.493 W/ProcessStats(  736): Tracking association SourceState{452c8c8 com.google.android.apps.nexuslauncher/10193 BFgs #2393} whose proc state 4 is better than process ProcessState{5def4b0 com.google.android.apps.wellbeing/10160 pkg=com.google.android.apps.wellbeing} proc state 14 (2 skipped)
04-26 15:44:29.495 I/ImeTracker(  736): com.muonline.client:83c01a76: onRequestHide at ORIGIN_SERVER reason HIDE_SOFT_INPUT fromUser false userId 0 displayId 0
04-26 15:44:29.495 I/ImeTracker(  736): com.muonline.client:83c01a76: onCancelled at PHASE_SERVER_SHOULD_HIDE
04-26 15:44:29.495 I/GoogleInputMethodService( 4105): GoogleInputMethodService.onFinishInput():2113 
04-26 15:44:29.496 W/InputChannel-JNI(  736): Channel already disposed.
04-26 15:44:29.497 I/Module  ( 4105): DeviceLockedStatusModuleProvider$Module.updateDeviceLockedStatus():103 repeatCheckTimes = 0, locked = false
04-26 15:44:29.498 I/ImeTracker(  736): system_server:bbccef3c: onRequestHide at ORIGIN_SERVER reason IME_REQUESTED_CHANGED_LISTENER fromUser false displayId 0
04-26 15:44:29.499 I/GoogleInputMethodService( 4105): GoogleInputMethodService.onStartInput():1384 onStartInput(EditorInfo{EditorInfo{packageName=com.muonline.client, inputType=0, inputTypeString=NULL, enableLearning=false, autoCorrection=false, autoComplete=false, imeOptions=0, privateImeOptions=null, actionName=UNSPECIFIED, actionLabel=null, initialSelStart=-1, initialSelEnd=-1, initialCapsMode=0, label=null, fieldId=0, fieldName=null, extras=null, hintText=null, hintLocales=[]}}, false)
04-26 15:44:29.499 W/AndroidIME( 4105): LatinIMEBase.updateInputViewCoverNavigation():319 Null input view, cannot update padding!
04-26 15:44:29.499 I/ImeTracker(  736): system_server:bbccef3c: onCancelled at PHASE_SERVER_SHOULD_HIDE
04-26 15:44:29.505 I/Module  ( 4105): DeviceLockedStatusModuleProvider$Module.updateDeviceLockedStatus():103 repeatCheckTimes = 1, locked = false
04-26 15:44:29.510 W/PackageConfigPersister(  736): App-specific configuration not found for packageName: com.muonline.client and userId: 0
04-26 15:44:29.512 I/Icing   ( 1867): Indexing done com.google.android.gms-apps
04-26 15:44:29.520 W/ActivityManager(  736): Skipping manifest association check for null package. SourceUid: 10214, SourcePkg: null, TargetUid: 10214, TargetPkg: com.google.android.gms
04-26 15:44:29.700 W/libbinder.Binder( 4511): Binder transaction to android.content.IContentProvider, function: UNKNOWN_FUNCTION_NAME, code: 21, took 1238ms. Data bytes: 480 Reply bytes: 432 Flags: 18
04-26 15:44:29.763 V/GrammaticalInflectionUtils(  736): AttributionSource: android.content.AttributionSource@d322a4fb does not have READ_SYSTEM_GRAMMATICAL_GENDER permission.
04-26 15:44:29.768 V/ActivityTaskManager(  736): TaskLaunchParamsModifier: phase=3 task=Task{22e0e3c #90 type=standard A=10230:com.muonline.client} activity=ActivityRecord{89647328 u0 com.muonline.client/.MuMainActivity t-1} display-area-from-source=DefaultTaskDisplayArea@125646128 display-id=0 task-display-area-windowing-mode=1 suggested-display-area=DefaultTaskDisplayArea@125646128 inherit-from-source=fullscreen non-freeform-task-display-area display-area=DefaultTaskDisplayArea@125646128 skip-bounds-fullscreen
04-26 15:44:29.768 I/ActivityTaskManager(  736): START u0 {flg=0x14000000 xflg=0x4 cmp=com.muonline.client/.MuMainActivity} with LAUNCH_SINGLE_TASK from uid 10230 (com.muonline.client) (sr=238269449) (BAL_ALLOW_VISIBLE_WINDOW) result code=0
04-26 15:44:29.768 V/WindowManagerShell( 1036): Transition requested (#20): android.os.BinderProxy@998535a TransitionRequestInfo { type = OPEN, triggerTask = TaskInfo{userId=0 taskId=90 effectiveUid=10230 displayId=0 isRunning=true baseIntent=Intent { flg=0x10000000 cmp=com.muonline.client/.PreloadActivity } baseActivity=ComponentInfo{com.muonline.client/com.muonline.client.PreloadActivity} topActivity=ComponentInfo{com.muonline.client/com.muonline.client.MuMainActivity} origActivity=null realActivity=ComponentInfo{com.muonline.client/com.muonline.client.PreloadActivity} realActivityIsAppLockEnabled=false numActivities=2 lastActiveTime=844363 supportsMultiWindow=true supportsMultiWindowWithoutConstraints=true resizeMode=1 isResizeable=true minWidth=-1 minHeight=-1 defaultMinSize=220 token=WCT{android.os.BinderProxy@4d104f2} topActivityType=1 pictureInPictureParams=null shouldDockBigOverlays=false launchIntoPipHostTaskId=-1 lastParentTaskIdBeforePip=-1 displayCutoutSafeInsets=Rect(132, 0 - 0, 0) topActivityInfo=ActivityInfo{dd198b com.muonline.client.MuMainActivity} launchCookies=[] positionInParent=Point(0, 0) parentTaskId=-1 isFocused=true isInteractive=false isVisible=true isVisibleRequested=true isTopActivityNoDisplay=false isSleeping=false locusId=null displayAreaFeatureId=1 isTopActivityTransparent=false isActivityStackTransparent=false lastNonFullscreenBounds=null leafTaskBoundsFromOptions= false capturedLink=null capturedLinkTimestamp=0 requestedVisibleTypes=503 topActivityRequestOpenInBrowserEducationTimestamp=0 appCompatTaskInfo=AppCompatTaskInfo { topActivityInSizeCompat=false isLeafTask= true eligibleForLetterboxEducation= false isLetterboxEducationEnabled= true isLetterboxDoubleTapEnabled= false eligibleForUserAspectRatioButton= false topActivityBoundsLetterboxed= false isFromLetterboxDoubleTap= false topActivityLetterboxVerticalPosition= -1 topActivityLetterboxHorizontalPosition= -1 topActivityLetterboxWidth=-1 topActivityLetterboxHeight=-1 topActivityAppBounds=Rect(132, 0 - 2400, 1017) isUserFullscreenOverrideEnabled=false isSystemFullscreenOverrideEnabled=false hasMinAspectRatioOverride=false topActivityLetterboxBounds=null topNonResizableActivityAspectRatio=-1.0} topActivityMainWindowFrame=null isAppBubble=false}, pipChange = null, remoteTransitionInfo = null, displayChange = null, requestedLocation = null, userChange = null, windowingLayerChange = null, fullscreenRequestChange = null, flags = 0, debugId = 20 }
04-26 15:44:29.768 W/DisconnectHandler( 1036): No disconnect change found in the transition, not handling request.
04-26 15:44:29.768 V/ShellDesktopMode( 1036): DesktopTasksController: skipping handleRequest reason=triggerTask's display doesn't support desktop mode
04-26 15:44:29.769 D/ShellSplitScreen( 1036): logExit: no-op, mLoggerSessionId is null
04-26 15:44:29.784 I/MuMain  ( 5633): MuMainActivity onCreate
04-26 15:44:29.789 I/MuMain  ( 5633): extractGameAssets -> /storage/emulated/0/Android/data/com.muonline.client/files
04-26 15:44:29.796 V/SDL     ( 5633): Device: emu64xa16k
04-26 15:44:29.796 V/SDL     ( 5633): Model: sdk_gphone16k_x86_64
04-26 15:44:29.796 V/SDL     ( 5633): onCreate()
04-26 15:44:29.797 D/nativeloader( 5633): Load /data/app/~~-Jl76UpvW81HqZeFwObibg==/com.muonline.client-G0cOn5vaeVNcOF7q5wlD2g==/lib/x86_64/libmpg123.so using class loader ns clns-9 (caller=/data/app/~~-Jl76UpvW81HqZeFwObibg==/com.muonline.client-G0cOn5vaeVNcOF7q5wlD2g==/base.apk): ok
04-26 15:44:29.798 D/nativeloader( 5633): Load /data/app/~~-Jl76UpvW81HqZeFwObibg==/com.muonline.client-G0cOn5vaeVNcOF7q5wlD2g==/lib/x86_64/libSDL2.so using class loader ns clns-9 (caller=/data/app/~~-Jl76UpvW81HqZeFwObibg==/com.muonline.client-G0cOn5vaeVNcOF7q5wlD2g==/base.apk): ok
04-26 15:44:29.798 D/nativeloader( 5633): Load /data/app/~~-Jl76UpvW81HqZeFwObibg==/com.muonline.client-G0cOn5vaeVNcOF7q5wlD2g==/lib/x86_64/libSDL2_image.so using class loader ns clns-9 (caller=/data/app/~~-Jl76UpvW81HqZeFwObibg==/com.muonline.client-G0cOn5vaeVNcOF7q5wlD2g==/base.apk): ok
04-26 15:44:29.799 D/nativeloader( 5633): Load /data/app/~~-Jl76UpvW81HqZeFwObibg==/com.muonline.client-G0cOn5vaeVNcOF7q5wlD2g==/lib/x86_64/libSDL2_mixer.so using class loader ns clns-9 (caller=/data/app/~~-Jl76UpvW81HqZeFwObibg==/com.muonline.client-G0cOn5vaeVNcOF7q5wlD2g==/base.apk): ok
04-26 15:44:29.799 D/nativeloader( 5633): Load /data/app/~~-Jl76UpvW81HqZeFwObibg==/com.muonline.client-G0cOn5vaeVNcOF7q5wlD2g==/lib/x86_64/libSDL2_ttf.so using class loader ns clns-9 (caller=/data/app/~~-Jl76UpvW81HqZeFwObibg==/com.muonline.client-G0cOn5vaeVNcOF7q5wlD2g==/base.apk): ok
04-26 15:44:29.800 D/nativeloader( 5633): Load /data/app/~~-Jl76UpvW81HqZeFwObibg==/com.muonline.client-G0cOn5vaeVNcOF7q5wlD2g==/lib/x86_64/libSDL_net.so using class loader ns clns-9 (caller=/data/app/~~-Jl76UpvW81HqZeFwObibg==/com.muonline.client-G0cOn5vaeVNcOF7q5wlD2g==/base.apk): ok
04-26 15:44:29.800 D/nativeloader( 5633): Load /data/app/~~-Jl76UpvW81HqZeFwObibg==/com.muonline.client-G0cOn5vaeVNcOF7q5wlD2g==/lib/x86_64/libbotan.so using class loader ns clns-9 (caller=/data/app/~~-Jl76UpvW81HqZeFwObibg==/com.muonline.client-G0cOn5vaeVNcOF7q5wlD2g==/base.apk): ok
04-26 15:44:29.801 I/MuMain  ( 5633): early chdir(/sdcard/.../files) = 0 (errno=22)
04-26 15:44:29.812 D/nativeloader( 5633): Load /data/app/~~-Jl76UpvW81HqZeFwObibg==/com.muonline.client-G0cOn5vaeVNcOF7q5wlD2g==/lib/x86_64/libmain.so using class loader ns clns-9 (caller=/data/app/~~-Jl76UpvW81HqZeFwObibg==/com.muonline.client-G0cOn5vaeVNcOF7q5wlD2g==/base.apk): ok
04-26 15:44:29.813 V/SDL     ( 5633): nativeSetupJNI()
04-26 15:44:29.813 V/SDL     ( 5633): AUDIO nativeSetupJNI()
04-26 15:44:29.813 V/SDL     ( 5633): CONTROLLER nativeSetupJNI()
04-26 15:44:29.830 D/AudioSystem( 5633): onNewService: media.audio_policy service obtained 0x73401cab38d0
04-26 15:44:29.830 W/InteractionJankMonitor( 5633): Initializing without READ_DEVICE_CONFIG permission. enabled=false, interval=1, missedFrameThreshold=3, frameTimeThreshold=64, package=com.muonline.client
04-26 15:44:29.832 D/AudioSystem( 5633): getService: IAudioPolicyService retrieved: 0x73401cab38d0  cached: 0x73401cab38d0
04-26 15:44:29.832 D/WindowOnBackDispatcher( 1036): setTopOnBackInvokedCallback (unwrapped): null
04-26 15:44:29.832 D/NativePermissionController(  560): checkPermission: missing 13 for 10230
04-26 15:44:29.833 D/NativePermissionController(  560): checkPermission: missing 13 for 10230
04-26 15:44:29.833 D/CoreBackPreview(  736): Window{e9d1e27 u0 Splash Screen com.muonline.client EXITING}: Setting back callback null
04-26 15:44:29.836 D/NativePermissionController(  560): checkPermission: missing 13 for 10230
04-26 15:44:29.837 D/NativePermissionController(  560): checkPermission: missing 13 for 10230
04-26 15:44:29.847 V/SDL     ( 5633): onStart()
04-26 15:44:29.847 D/MuMain  ( 5633): onResume
04-26 15:44:29.847 V/SDL     ( 5633): onResume()
04-26 15:44:29.849 D/InsetsController( 5633): Setting requestedVisibleTypes to 496 (was 503)
04-26 15:44:29.852 W/InputChannel-JNI(  736): Channel already disposed.
04-26 15:44:29.860 D/VRI[MuMainActivity]( 5633): WindowInsets changed: 2268x1080 statusBars:[0,74,0,0] navigationBars:[0,0,0,63] mandatorySystemGestures:[0,74,0,84] 
04-26 15:44:29.860 D/WindowOnBackDispatcher( 5633): setTopOnBackInvokedCallback (unwrapped): android.view.ViewRootImpl$$ExternalSyntheticLambda13@e46c73b
04-26 15:44:29.860 D/InsetsController( 5633): Setting requestedVisibleTypes to 503 (was 496)
04-26 15:44:29.860 I/ImeTracker(  736): system_server:c390031c: onRequestHide at ORIGIN_SERVER reason IME_REQUESTED_CHANGED_LISTENER fromUser false displayId 0
04-26 15:44:29.861 D/CoreBackPreview(  736): Window{ea7170e u0 com.muonline.client/com.muonline.client.MuMainActivity}: Setting back callback OnBackInvokedCallbackInfo{mCallback=android.window.IOnBackInvokedCallback$Stub$Proxy@4506041, mPriority=0, mIsAnimationCallback=false, mOverrideBehavior=0}
04-26 15:44:29.861 I/ImeTracker(  736): system_server:c390031c: onCancelled at PHASE_SERVER_SHOULD_HIDE
04-26 15:44:29.861 D/WindowManager(  736): setClientSurface Surface(name=VRI-com.muonline.client/com.muonline.client.MuMainActivity#188)/@0x6d2f9e6 for ea7170e com.muonline.client/com.muonline.client.MuMainActivity
04-26 15:44:29.865 I/Surface ( 5633): Creating surface for consumer unnamed-5633-1 with slotExpansion=1 for 64 slots
04-26 15:44:29.865 I/Surface ( 5633): Creating surface for consumer VRI[MuMainActivity]#1(BLAST Consumer)1 with slotExpansion=1 for 64 slots
04-26 15:44:29.870 I/Surface ( 5633): Creating surface for consumer unnamed-5633-2 with slotExpansion=1 for 64 slots
04-26 15:44:29.871 I/Surface ( 5633): Creating surface for consumer aea69ca SurfaceView[com.muonline.client/com.muonline.client.MuMainActivity]#2(BLAST Consumer)2 with slotExpansion=1 for 64 slots
04-26 15:44:29.871 V/SDL     ( 5633): surfaceCreated()
04-26 15:44:29.872 V/SDL     ( 5633): surfaceChanged()
04-26 15:44:29.872 V/SDL     ( 5633): Window size: 2268x943
04-26 15:44:29.872 V/SDL     ( 5633): Device size: 2400x1080
04-26 15:44:29.873 I/FontLog ( 1366): (REDACTED) Received query %s, URI %s
04-26 15:44:29.873 I/FontLog ( 1366): (REDACTED) Query [%s] resolved to %s
04-26 15:44:29.875 I/FontLog ( 1366): (REDACTED) Fetch %s end status %s
04-26 15:44:29.878 V/SDL     ( 5633): Running main function SDL_main from library /data/app/~~-Jl76UpvW81HqZeFwObibg==/com.muonline.client-G0cOn5vaeVNcOF7q5wlD2g==/lib/x86_64/libmain.so
04-26 15:44:29.878 V/SDL     ( 5633): nativeRunMain()
04-26 15:44:29.881 I/FontLog ( 1366): (REDACTED) Pulling font file for id = %d, cache size = %d
04-26 15:44:29.882 I/MuMain  ( 5633): === MuMain Android v1.0 starting ===
04-26 15:44:29.883 V/RecentTasksController( 1036): Notify recent tasks changed
04-26 15:44:29.886 D/RecentTasksList( 1219): invalidateLoadedTasks - previous requestLoadId: -1
04-26 15:44:29.889 I/FontLog ( 1366): (REDACTED) Pulling font file for id = %d, cache size = %d
04-26 15:44:29.889 I/MuMain  ( 5633): Working dir set to: /storage/emulated/0/Android/data/com.muonline.client/files
04-26 15:44:29.915 W/libOpenSLES( 5633): class OutputMix interface 0 requested but unavailable MPH=43
04-26 15:44:29.916 I/MuMain  ( 5633): SDL2 initialized
04-26 15:44:29.916 I/MuMain  ( 5633): Render backend request env=(null) -> opengl
04-26 15:44:29.918 V/SDL     ( 5633): setOrientation() requestedOrientation=6 width=2400 height=1080 resizable=false hint=
04-26 15:44:29.929 V/WindowManagerShell( 1036): onTransitionReady(transaction=3161095931548)
04-26 15:44:29.930 V/WindowManagerShell( 1036): onTransitionReady (#20) android.os.BinderProxy@998535a: {id=20 t=OPEN f=0x0 trk=0 r=[0@Point(0, 0)] c=[
04-26 15:44:29.930 V/WindowManagerShell( 1036):         {m=OPEN f=FILLS_TASK p=WCT{android.os.BinderProxy@4d104f2} leash=Surface(name=ActivityRecord{89647328 u0 com.muonline.client/.MuMainActivity t90}#181)/@0xaf3c514 sb=Rect(0, 0 - 0, 0) eb=Rect(0, 0 - 2400, 1080) epz=Point(2400, 1080) d=-1->0 r=-1->1:-1 bc=ff000000 activity=ActivityTransitionInfo { component = ComponentInfo{com.muonline.client/com.muonline.client.MuMainActivity}, taskId = 90, appCompatTransitionInfo = AppCompatTransitionInfo { letterboxBounds = Rect(132, 0 - 2400, 1080), hasRoundedCorners = false } }},
04-26 15:44:29.930 V/WindowManagerShell( 1036):         {m=CLOSE f=FILLS_TASK|IS_BEHIND_STARTING_WINDOW p=WCT{android.os.BinderProxy@4d104f2} leash=Surface(name=ActivityRecord{238269449 u0 com.muonline.client/.PreloadActivity t90}#163)/@0x14f31bd sb=Rect(0, 0 - 2400, 1080) eb=Rect(0, 0 - 2400, 1080) epz=Point(2400, 1080) d=0 bc=ff000000 activity=ActivityTransitionInfo { component = ComponentInfo{com.muonline.client/com.muonline.client.PreloadActivity}, taskId = 90, appCompatTransitionInfo = AppCompatTransitionInfo { letterboxBounds = Rect(132, 0 - 2400, 1080), hasRoundedCorners = false } }},
04-26 15:44:29.930 V/WindowManagerShell( 1036):         {m=CHANGE f=NONE leash=Surface(name=Task=90#162)/@0x50df3b2 sb=Rect(0, 0 - 2400, 1080) eb=Rect(0, 0 - 2400, 1080) epz=Point(2400, 1080) d=0 taskParent=-1 winMode=1 userId=0}
04-26 15:44:29.930 V/WindowManagerShell( 1036):     ]}
04-26 15:44:29.930 I/ActivityTaskManager(  736): Displayed com.muonline.client/.MuMainActivity for user 0: +162ms
04-26 15:44:29.930 I/ImeTracker(  736): system_server:523835c: onRequestHide at ORIGIN_SERVER reason IME_REQUESTED_CHANGED_LISTENER fromUser false displayId 0
04-26 15:44:29.930 V/WindowManager(  736): Sent Transition (#20) createdAt=04-26 15:44:29.763 via request=TransitionRequestInfo { type = OPEN, triggerTask = TaskInfo{userId=0 taskId=90 effectiveUid=10230 displayId=0 isRunning=true baseIntent=Intent { flg=0x10000000 cmp=com.muonline.client/.PreloadActivity } baseActivity=ComponentInfo{com.muonline.client/com.muonline.client.PreloadActivity} topActivity=ComponentInfo{com.muonline.client/com.muonline.client.MuMainActivity} origActivity=null realActivity=ComponentInfo{com.muonline.client/com.muonline.client.PreloadActivity} realActivityIsAppLockEnabled=false numActivities=2 lastActiveTime=844363 supportsMultiWindow=true supportsMultiWindowWithoutConstraints=true resizeMode=1 isResizeable=true minWidth=-1 minHeight=-1 defaultMinSize=220 token=WCT{RemoteToken{17728a9 Task{22e0e3c #90 type=standard A=10230:com.muonline.client}}} topActivityType=1 pictureInPictureParams=null shouldDockBigOverlays=false launchIntoPipHostTaskId=-1 lastParentTaskIdBeforePip=-1 displayCutoutSafeInsets=Rect(132, 0 - 0, 0) topActivityInfo=ActivityInfo{b72ce58 com.muonline.client.MuMainActivity} launchCookies=[] positionInParent=Point(0, 0) parentTaskId=-1 isFocused=true isInteractive=false isVisible=true isVisibleRequested=true isTopActivityNoDisplay=false isSleeping=false locusId=null displayAreaFeatureId=1 isTopActivityTransparent=false isActivityStackTransparent=false lastNonFullscreenBounds=null leafTaskBoundsFromOptions= false capturedLink=null capturedLinkTimestamp=0 requestedVisibleTypes=503 topActivityRequestOpenInBrowserEducationTimestamp=0 appCompatTaskInfo=AppCompatTaskInfo { topActivityInSizeCompat=false isLeafTask= true eligibleForLetterboxEducation= false isLetterboxEducationEnabled= true isLetterboxDoubleTapEnabled= false eligibleForUserAspectRatioButton= false topActivityBoundsLetterboxed= false isFromLetterboxDoubleTap= false topActivityLetterboxVerticalPosition= -1 topActivityLetterboxHorizontalPosition= -1 topActivityLetterboxWidth=-1 topActivityLetterboxHeight=-1 topActivityAppBounds=Rect(132, 0 - 2400, 1017) isUserFullscreenOverrideEnabled=false isSystemFullscreenOverrideEnabled=false hasMinAspectRatioOverride=false topActivityLetterboxBounds=null topNonResizableActivityAspectRatio=-1.0} topActivityMainWindowFrame=null isAppBubble=false}, pipChange = null, remoteTransitionInfo = null, displayChange = null, requestedLocation = null, userChange = null, windowingLayerChange = null, fullscreenRequestChange = null, flags = 0, debugId = 20 }
04-26 15:44:29.931 V/WindowManagerShell( 1036): Playing animation for (#20) android.os.BinderProxy@998535a@0
04-26 15:44:29.931 V/WindowManager(  736):     startWCT=WindowContainerTransaction { changes= {} hops= [] flags= 0 errorCallbackToken=null taskFragmentOrganizer=null }
04-26 15:44:29.931 V/WindowManager(  736):     info={id=20 t=OPEN f=0x0 trk=0 r=[0@Point(0, 0)] c=[
04-26 15:44:29.931 V/WindowManager(  736):         {m=OPEN f=FILLS_TASK p=WCT{RemoteToken{17728a9 Task{22e0e3c #90 type=standard A=10230:com.muonline.client}}} leash=Surface(name=ActivityRecord{89647328 u0 com.muonline.client/.MuMainActivity t90}#181)/@0xfbbb9ca sb=Rect(0, 0 - 0, 0) eb=Rect(0, 0 - 2400, 1080) epz=Point(2400, 1080) d=-1->0 r=-1->1:-1 bc=ff000000 activity=ActivityTransitionInfo { component = ComponentInfo{com.muonline.client/com.muonline.client.MuMainActivity}, taskId = 90, appCompatTransitionInfo = AppCompatTransitionInfo { letterboxBounds = Rect(132, 0 - 2400, 1080), hasRoundedCorners = false } }},
04-26 15:44:29.931 V/WindowManager(  736):         {m=CLOSE f=FILLS_TASK|IS_BEHIND_STARTING_WINDOW p=WCT{RemoteToken{17728a9 Task{22e0e3c #90 type=standard A=10230:com.muonline.client}}} leash=Surface(name=ActivityRecord{238269449 u0 com.muonline.client/.PreloadActivity t90}#163)/@0x40e6135 sb=Rect(0, 0 - 2400, 1080) eb=Rect(0, 0 - 2400, 1080) epz=Point(2400, 1080) d=0 bc=ff000000 activity=ActivityTransitionInfo { component = ComponentInfo{com.muonline.client/com.muonline.client.PreloadActivity}, taskId = 90, appCompatTransitionInfo = AppCompatTransitionInfo { letterboxBounds = Rect(132, 0 - 2400, 1080), hasRoundedCorners = false } }},
04-26 15:44:29.931 V/WindowManager(  736):         {WCT{RemoteToken{17728a9 Task{22e0e3c #90 type=standard A=10230:com.muonline.client}}} m=CHANGE f=NONE leash=Surface(name=Task=90#162)/@0x8296d73 sb=Rect(0, 0 - 2400, 1080) eb=Rect(0, 0 - 2400, 1080) epz=Point(2400, 1080) d=0 taskParent=-1 winMode=1 userId=0}
04-26 15:44:29.931 V/WindowManager(  736):     ]}
04-26 15:44:29.932 D/ShellSplitScreen( 1036): startAnimation: transition=20 isSplitActive=false
04-26 15:44:29.933 I/ImeTracker(  736): system_server:feba35df: onRequestHide at ORIGIN_SERVER reason IME_REQUESTED_CHANGED_LISTENER fromUser false displayId 0
04-26 15:44:29.933 V/ShellRecents( 1036): RecentsTransitionHandler.startAnimation: no controller found
04-26 15:44:29.933 V/ShellDesktopMode( 1036): DesktopMixedTransitionHandler: No pending desktop transition
04-26 15:44:29.934 V/WindowManagerShell( 1036): Transition doesn't have explicit remote, search filters for match for {id=20 t=OPEN f=0x0 trk=0 r=[0@Point(0, 0)] c=[{m=OPEN f=FILLS_TASK p=WCT{android.os.BinderProxy@4d104f2} leash=Surface(name=ActivityRecord{89647328 u0 com.muonline.client/.MuMainActivity t90}#181)/@0xaf3c514 sb=Rect(0, 0 - 0, 0) eb=Rect(0, 0 - 2400, 1080) epz=Point(2400, 1080) d=-1->0 r=-1->1:-1 bc=ff000000 activity=ActivityTransitionInfo { component = ComponentInfo{com.muonline.client/com.muonline.client.MuMainActivity}, taskId = 90, appCompatTransitionInfo = AppCompatTransitionInfo { letterboxBounds = Rect(132, 0 - 2400, 1080), hasRoundedCorners = false } }},{m=CLOSE f=FILLS_TASK|IS_BEHIND_STARTING_WINDOW p=WCT{android.os.BinderProxy@4d104f2} leash=Surface(name=ActivityRecord{238269449 u0 com.muonline.client/.PreloadActivity t90}#163)/@0x14f31bd sb=Rect(0, 0 - 2400, 1080) eb=Rect(0, 0 - 2400, 1080) epz=Point(2400, 1080) d=0 bc=ff000000 activity=ActivityTransitionInfo { component = ComponentInfo{com.muonline.client/com.muonline.client.PreloadActivity}, taskId = 90, appCompatTransitionInfo = AppCompatTransitionInfo { letterboxBounds = Rect(132, 0 - 2400, 1080), hasRoundedCorners = false } }},{m=CHANGE f=NONE leash=Surface(name=Task=90#162)/@0x50df3b2 sb=Rect(0, 0 - 2400, 1080) eb=Rect(0, 0 - 2400, 1080) epz=Point(2400, 1080) d=0 taskParent=-1 winMode=1 userId=0}]}
04-26 15:44:29.934 V/WindowManagerShell( 1036):  Checking filter Pair{{types=[] flags=0x0 notFlags=0x0 checks=[{atype=undefined independent=true modes=[CLOSE,TO_BACK] flags=IN_TASK_WITH_EMBEDDED_ACTIVITY mustBeTask=false order=ANY topActivity=null launchCookie=null taskFragmentToken=android.os.BinderProxy@e90ae30 windowingMode=undefined isCrossDisplayMove=false}]} RemoteTransition { remoteTransition = android.window.IRemoteTransition$Stub$Proxy@1ccfaa9, appThread = android.app.IApplicationThread$Stub$Proxy@5c682e, debugName = overlayBackTransition, filter = {types=[] flags=0x0 notFlags=0x0 checks=[{atype=undefined independent=true modes=[CLOSE,TO_BACK] flags=IN_TASK_WITH_EMBEDDED_ACTIVITY mustBeTask=false order=ANY topActivity=null launchCookie=null taskFragmentToken=android.os.BinderProxy@e90ae30 windowingMode=undefined isCrossDisplayMove=false}]} }}
04-26 15:44:29.934 V/WindowManagerShell( 1036):  Checking filter Pair{{types=[] flags=0x0 notFlags=0x0 checks=[{atype=dream independent=true modes=[OPEN,TO_FRONT] flags=NONE mustBeTask=false order=ANY topActivity=null launchCookie=null windowingMode=undefined isCrossDisplayMove=false},{atype=home independent=true modes=[CLOSE,TO_BACK] flags=NONE mustBeTask=false order=ANY topActivity=null launchCookie=null windowingMode=undefined isCrossDisplayMove=false}]} RemoteTransition { remoteTransition = android.window.IRemoteTransition$Stub$Proxy@aa8fcf, appThread = android.app.IApplicationThread$Stub$Proxy@98a7d5c, debugName = LauncherToDream, filter = {types=[] flags=0x0 notFlags=0x0 checks=[{atype=dream independent=true modes=[OPEN,TO_FRONT] flags=NONE mustBeTask=false order=ANY topActivity=null launchCookie=null windowingMode=undefined isCrossDisplayMove=false},{atype=home independent=true modes=[CLOSE,TO_BACK] flags=NONE mustBeTask=false order=ANY topActivity=null launchCookie=null windowingMode=undefined isCrossDisplayMove=false}]} }}
04-26 15:44:29.934 V/WindowManagerShell( 1036):  Checking filter Pair{{types=[] flags=0x0 notFlags=0x0 checks=[{atype=standard independent=false modes=[CHANGE] flags=NONE mustBeTask=true order=ANY topActivity=null launchCookie=null windowingMode=undefined isCrossDisplayMove=true}]} RemoteTransition { remoteTransition = android.window.IRemoteTransition$Stub$Proxy@3519865, appThread = android.app.IApplicationThread$Stub$Proxy@94ad93a, debugName = QuickstepDisplayMove, filter = {types=[] flags=0x0 notFlags=0x0 checks=[{atype=standard independent=false modes=[CHANGE] flags=NONE mustBeTask=true order=ANY topActivity=null launchCookie=null windowingMode=undefined isCrossDisplayMove=true}]} }}
04-26 15:44:29.934 V/WindowManagerShell( 1036):  Checking filter Pair{{types=[] flags=0x0 notFlags=0x100 checks=[{atype=home independent=true modes=[OPEN,TO_FRONT] flags=NONE mustBeTask=false order=ANY topActivity=ComponentInfo{com.google.android.apps.nexuslauncher/com.google.android.apps.nexuslauncher.NexusLauncherActivity} launchCookie=null windowingMode=undefined isCrossDisplayMove=false},{atype=standard independent=true modes=[CLOSE,TO_BACK] flags=NONE mustBeTask=false order=ANY topActivity=null launchCookie=null windowingMode=undefined isCrossDisplayMove=false},{NOT atype=undefined independent=true modes=[] flags=NONE mustBeTask=true order=ANY topActivity=null launchCookie=null customAnim=true windowingMode=undefined isCrossDisplayMove=false}]} RemoteTransition { remoteTransition = android.window.IRemoteTransition$Stub$Proxy@fea59eb, appThread = android.app.IApplicationThread$Stub$Proxy@4f01348, debugName = QuickstepLaunchHome, filter = {types=[] flags=0x0 notFlags=0x100 checks=[{atype=home independent=true modes=[OPEN,TO_FRONT] flags=NONE mustBeTask=false order=ANY topActivity=ComponentInfo{com.google.android.apps.nexuslauncher/com.google.android.apps.nexuslauncher.NexusLauncherActivity} launchCookie=null windowingMode=undefined isCrossDisplayMove=false},{atype=standard independent=true modes=[CLOSE,TO_BACK] flags=NONE mustBeTask=false order=ANY topActivity=null launchCookie=null windowingMode=undefined isCrossDisplayMove=false},{NOT atype=undefined independent=true modes=[] flags=NONE mustBeTask=true order=ANY topActivity=null launchCookie=null customAnim=true windowingMode=undefined isCrossDisplayMove=false}]} }}
