--------- beginning of main
04-26 19:50:30.393   736  2221 W ApplicationInfo: Large ApplicationInfo parcel: size=17540 package=com.google.android.googlequicksearchbox sharedLibs=3 resDirs=2 overlayPaths=2
04-26 19:50:30.400  1219  1219 V BaseDepthController: Applying blur: 0 to Surface(name=VRI-com.google.android.apps.nexuslauncher/com.google.android.apps.nexuslauncher.NexusLauncherActivity#1253)/@0xd45637f applyImmediately: false
04-26 19:50:30.400  1219  1219 D BaseDepthController: shouldBlurWorkspace: false targetState: Normal currentStableState: Normal mCurrentBlur: 0 mLauncher.getDepthBlurTargets(): [com.android.launcher3.Workspace{573bc60 V.ED..... ........ 0,0-1080,2400 #7f0a047d app:id/workspace}, com.android.launcher3.Hotseat{7eca519 V.ED..... ........ 0,1905-1080,2400 #7f0a01f1 app:id/hotseat}]
04-26 19:50:30.408   566   616 W skia    : AGTM parsing failed flags.readFromStream(s) at 159
04-26 19:50:30.409   566   616 W skia    : AGTM parsing failed flags.readFromStream(s) at 159
04-26 19:50:30.414  1219  1219 V BaseDepthController: Applying blur: 0 to Surface(name=VRI-com.google.android.apps.nexuslauncher/com.google.android.apps.nexuslauncher.NexusLauncherActivity#1253)/@0xd45637f applyImmediately: false
--------- beginning of system
04-26 19:50:30.414   736   736 V AccessibilityManagerService: onUserStateChangedLocked for userId: 0, forceUpdate: false
04-26 19:50:30.414  1219  1219 D BaseDepthController: shouldBlurWorkspace: false targetState: Normal currentStableState: Normal mCurrentBlur: 0 mLauncher.getDepthBlurTargets(): [com.android.launcher3.Workspace{573bc60 V.ED..... ........ 0,0-1080,2400 #7f0a047d app:id/workspace}, com.android.launcher3.Hotseat{7eca519 V.ED..... ........ 0,1905-1080,2400 #7f0a01f1 app:id/hotseat}]
04-26 19:50:30.421   736   736 V AccessibilityUserState: updateShortcutTargets: type:accessibility_shortcut_target_service, current:{}, new:{}
04-26 19:50:30.421   736   736 V AccessibilityUserState: updateShortcutTargets: type:accessibility_button_targets, current:{}, new:{}
04-26 19:50:30.421   736   736 V AccessibilityUserState: updateShortcutTargets: type:accessibility_gesture_targets, current:{}, new:{}
04-26 19:50:30.421   736   736 V AccessibilityUserState: updateShortcutTargets: type:accessibility_qs_targets, current:{}, new:{}
04-26 19:50:30.421   736   736 V AccessibilityUserState: updateShortcutTargets: type:accessibility_key_gesture_targets, current:{}, new:{}
04-26 19:50:30.421   736   736 V AccessibilityUserState: updateShortcutTargets: type:accessibility_top_row_key_targets, current:{}, new:{}
04-26 19:50:30.421   736   736 V AccessibilityUserState: updateShortcutTargets: type:accessibility_quick_access_targets, current:{}, new:{}
04-26 19:50:30.421   736   736 W MagnificationConnectionManager: requestConnection duplicated request: connect=false, mConnectionState=DISCONNECTED
04-26 19:50:30.422   736   736 W libbinder.IPCThreadState: Sending oneway calls to frozen process.
04-26 19:50:30.422   736   736 W libbinder.IPCThreadState: Sending oneway calls to frozen process.
04-26 19:50:30.422   736   736 W libbinder.IPCThreadState: Sending oneway calls to frozen process.
04-26 19:50:30.423   736   736 W libbinder.IPCThreadState: Sending oneway calls to frozen process.
04-26 19:50:30.425   736   736 W libbinder.IPCThreadState: Sending oneway calls to frozen process.
04-26 19:50:30.425   736   736 W libbinder.IPCThreadState: Sending oneway calls to frozen process.
04-26 19:50:30.425   736   736 W libbinder.IPCThreadState: Sending oneway calls to frozen process.
04-26 19:50:30.426   736   736 W libbinder.IPCThreadState: Sending oneway calls to frozen process.
04-26 19:50:30.429  1219  1219 V BaseDepthController: Applying blur: 0 to Surface(name=VRI-com.google.android.apps.nexuslauncher/com.google.android.apps.nexuslauncher.NexusLauncherActivity#1253)/@0xd45637f applyImmediately: false
04-26 19:50:30.429  1219  1219 D BaseDepthController: shouldBlurWorkspace: false targetState: Normal currentStableState: Normal mCurrentBlur: 0 mLauncher.getDepthBlurTargets(): [com.android.launcher3.Workspace{573bc60 V.ED..... ........ 0,0-1080,2400 #7f0a047d app:id/workspace}, com.android.launcher3.Hotseat{7eca519 V.ED..... ........ 0,1905-1080,2400 #7f0a01f1 app:id/hotseat}]
04-26 19:50:30.439   736  1076 D IntervalStats: Unable to parse usage stats packages: [283]
04-26 19:50:30.447  1219  1219 V BaseDepthController: Applying blur: 0 to Surface(name=VRI-com.google.android.apps.nexuslauncher/com.google.android.apps.nexuslauncher.NexusLauncherActivity#1253)/@0xd45637f applyImmediately: false
04-26 19:50:30.448  1219  1219 D BaseDepthController: shouldBlurWorkspace: false targetState: Normal currentStableState: Normal mCurrentBlur: 0 mLauncher.getDepthBlurTargets(): [com.android.launcher3.Workspace{573bc60 V.ED..... ........ 0,0-1080,2400 #7f0a047d app:id/workspace}, com.android.launcher3.Hotseat{7eca519 V.ED..... ........ 0,1905-1080,2400 #7f0a01f1 app:id/hotseat}]
04-26 19:50:30.448  1203  1423 D ImsResolver: maybeAddedImsService, packageName: com.muonline.client
04-26 19:50:30.449  1203  1423 V ImsResolver: searchForImsServices: package=com.muonline.client, users=[UserHandle{0}]
04-26 19:50:30.453  1203  1423 V ImsResolver: searchForImsServices: package=com.muonline.client, users=[UserHandle{0}]
04-26 19:50:30.456   736  1076 D IntervalStats: Unable to parse usage stats packages: [283]
04-26 19:50:30.461  1219  1219 V BaseDepthController: Applying blur: 0 to Surface(name=VRI-com.google.android.apps.nexuslauncher/com.google.android.apps.nexuslauncher.NexusLauncherActivity#1253)/@0xd45637f applyImmediately: false
04-26 19:50:30.461  1219  1219 D BaseDepthController: shouldBlurWorkspace: false targetState: Normal currentStableState: Normal mCurrentBlur: 0 mLauncher.getDepthBlurTargets(): [com.android.launcher3.Workspace{573bc60 V.ED..... ........ 0,0-1080,2400 #7f0a047d app:id/workspace}, com.android.launcher3.Hotseat{7eca519 V.ED..... ........ 0,1905-1080,2400 #7f0a01f1 app:id/hotseat}]
04-26 19:50:30.462   736  1715 D ActivityManager: sync unfroze 14925 com.google.android.gms for 6
04-26 19:50:30.463   736  1076 D IntervalStats: Unable to parse usage stats packages: [283, 284]
04-26 19:50:30.464   736   999 I ImeTracker: system_server:304714c5: onRequestHide at ORIGIN_SERVER reason IME_REQUESTED_CHANGED_LISTENER fromUser false displayId 0
04-26 19:50:30.465   736   762 I ImeTracker: system_server:304714c5: onCancelled at PHASE_SERVER_SHOULD_HIDE
04-26 19:50:30.475  1203  1203 W VvmPkgInstalledRcvr: carrierVvmPkgAdded: carrier vvm packages doesn't contain com.muonline.client
04-26 19:50:30.478  1219  1219 V BaseDepthController: Applying blur: 0 to Surface(name=VRI-com.google.android.apps.nexuslauncher/com.google.android.apps.nexuslauncher.NexusLauncherActivity#1253)/@0xd45637f applyImmediately: false
04-26 19:50:30.478  1219  1219 D BaseDepthController: shouldBlurWorkspace: false targetState: Normal currentStableState: Normal mCurrentBlur: 0 mLauncher.getDepthBlurTargets(): [com.android.launcher3.Workspace{573bc60 V.ED..... ........ 0,0-1080,2400 #7f0a047d app:id/workspace}, com.android.launcher3.Hotseat{7eca519 V.ED..... ........ 0,1905-1080,2400 #7f0a01f1 app:id/hotseat}]
04-26 19:50:30.480   736  5314 E RoleControllerServiceImpl: Default/fallback role holder package doesn't qualify for the role, package: com.google.android.gms, role: android.app.role.WALLET, user: 0
04-26 19:50:30.481  1203  1203 D ActivityThread: Package [com.muonline.client] reported as REPLACED, but missing application info. Assuming REMOVED.
04-26 19:50:30.481  1203  1203 D ActivityThread: Package [com.muonline.client] reported as REPLACED, but missing application info. Assuming REMOVED.
04-26 19:50:30.493   736  5314 W SignedPackage: Cannot get ApplicationInfo for package: com.google.android.devicelockcontroller
04-26 19:50:30.496  1219  1219 V BaseDepthController: Applying blur: 0 to Surface(name=VRI-com.google.android.apps.nexuslauncher/com.google.android.apps.nexuslauncher.NexusLauncherActivity#1253)/@0xd45637f applyImmediately: false
04-26 19:50:30.496  1219  1219 D BaseDepthController: shouldBlurWorkspace: false targetState: Normal currentStableState: Normal mCurrentBlur: 0 mLauncher.getDepthBlurTargets(): [com.android.launcher3.Workspace{573bc60 V.ED..... ........ 0,0-1080,2400 #7f0a047d app:id/workspace}, com.android.launcher3.Hotseat{7eca519 V.ED..... ........ 0,1905-1080,2400 #7f0a01f1 app:id/hotseat}]
04-26 19:50:30.498 14925 14925 D ActivityThread: Package [com.muonline.client] reported as REPLACED, but missing application info. Assuming REMOVED.
04-26 19:50:30.498  4276  4276 I Finsky:background: [2] ajje - Received: android.intent.action.PACKAGE_ADDED, [n076RJLEETmEZ61FBJHrGFwh-0szukPG_iaeB-mhrwQ]
04-26 19:50:30.499 14925 14925 D ActivityThread: Package [com.muonline.client] reported as REPLACED, but missing application info. Assuming REMOVED.
04-26 19:50:30.511   566   616 W skia    : AGTM parsing failed flags.readFromStream(s) at 159
04-26 19:50:30.512   566   616 W skia    : AGTM parsing failed flags.readFromStream(s) at 159
04-26 19:50:30.515  1219  1219 V BaseDepthController: Applying blur: 0 to Surface(name=VRI-com.google.android.apps.nexuslauncher/com.google.android.apps.nexuslauncher.NexusLauncherActivity#1253)/@0xd45637f applyImmediately: false
04-26 19:50:30.515  1219  1219 D BaseDepthController: shouldBlurWorkspace: false targetState: Normal currentStableState: Normal mCurrentBlur: 0 mLauncher.getDepthBlurTargets(): [com.android.launcher3.Workspace{573bc60 V.ED..... ........ 0,0-1080,2400 #7f0a047d app:id/workspace}, com.android.launcher3.Hotseat{7eca519 V.ED..... ........ 0,1905-1080,2400 #7f0a01f1 app:id/hotseat}]
04-26 19:50:30.527  1203  1203 D SatelliteController: packageStateChanged: package:com.muonline.client defaultSmsPackageName: com.google.android.apps.messaging satelliteGatewayServicePackageName: 
04-26 19:50:30.527  1203  1203 D CarrierSvcBindHelper: onHandleForceStop: [com.muonline.client]
04-26 19:50:30.527  1203  1203 D CarrierSvcBindHelper: No carrier app for: 0
04-26 19:50:30.536  1219  1219 V BaseDepthController: Applying blur: 0 to Surface(name=VRI-com.google.android.apps.nexuslauncher/com.google.android.apps.nexuslauncher.NexusLauncherActivity#1253)/@0xd45637f applyImmediately: false
04-26 19:50:30.537  1219  1219 D BaseDepthController: shouldBlurWorkspace: false targetState: Normal currentStableState: Normal mCurrentBlur: 0 mLauncher.getDepthBlurTargets(): [com.android.launcher3.Workspace{573bc60 V.ED..... ........ 0,0-1080,2400 #7f0a047d app:id/workspace}, com.android.launcher3.Hotseat{7eca519 V.ED..... ........ 0,1905-1080,2400 #7f0a01f1 app:id/hotseat}]
04-26 19:50:30.548  4276  4311 I Finsky:background: [52] IQ:PSL: skipping onPackageRemoved(replacing=true) for untracked package=com.muonline.client
04-26 19:50:30.553  1219  1219 V BaseDepthController: Applying blur: 0 to Surface(name=VRI-com.google.android.apps.nexuslauncher/com.google.android.apps.nexuslauncher.NexusLauncherActivity#1253)/@0xd45637f applyImmediately: false
04-26 19:50:30.553  1219  1219 D BaseDepthController: shouldBlurWorkspace: false targetState: Normal currentStableState: Normal mCurrentBlur: 0 mLauncher.getDepthBlurTargets(): [com.android.launcher3.Workspace{573bc60 V.ED..... ........ 0,0-1080,2400 #7f0a047d app:id/workspace}, com.android.launcher3.Hotseat{7eca519 V.ED..... ........ 0,1905-1080,2400 #7f0a01f1 app:id/hotseat}]
04-26 19:50:30.556  4164  4164 I Finsky  : [2] ajjp - Received: android.intent.action.PACKAGE_ADDED, [n076RJLEETmEZ61FBJHrGFwh-0szukPG_iaeB-mhrwQ]
04-26 19:50:30.558  4164 16924 I Finsky  : [359] SCH: Received scheduling request: Id: 12-1, Constraints: [{ L: 15000, D: 86400000, C: CHARGING_NONE, I: IDLE_NONE, N: NET_ANY, B: BATTERY_ANY }]
04-26 19:50:30.564  4276  4276 I Finsky:background: [2] ajje - Received: android.intent.action.PACKAGE_ADDED, [n076RJLEETmEZ61FBJHrGFwh-0szukPG_iaeB-mhrwQ]
04-26 19:50:30.569  1219  1219 V BaseDepthController: Applying blur: 0 to Surface(name=VRI-com.google.android.apps.nexuslauncher/com.google.android.apps.nexuslauncher.NexusLauncherActivity#1253)/@0xd45637f applyImmediately: false
04-26 19:50:30.569  1219  1219 D BaseDepthController: shouldBlurWorkspace: false targetState: Normal currentStableState: Normal mCurrentBlur: 0 mLauncher.getDepthBlurTargets(): [com.android.launcher3.Workspace{573bc60 V.ED..... ........ 0,0-1080,2400 #7f0a047d app:id/workspace}, com.android.launcher3.Hotseat{7eca519 V.ED..... ........ 0,1905-1080,2400 #7f0a01f1 app:id/hotseat}]
04-26 19:50:30.583   736  1953 W ActivityTaskManager: callingPackage for (uid=2000, pid=16936) has no WPC
04-26 19:50:30.584   736  1953 V GrammaticalInflectionUtils: AttributionSource: android.content.AttributionSource@d322a4fb does not have READ_SYSTEM_GRAMMATICAL_GENDER permission.
04-26 19:50:30.586  1219  1219 V BaseDepthController: Applying blur: 0 to Surface(name=VRI-com.google.android.apps.nexuslauncher/com.google.android.apps.nexuslauncher.NexusLauncherActivity#1253)/@0xd45637f applyImmediately: false
04-26 19:50:30.586  1219  1219 D BaseDepthController: shouldBlurWorkspace: false targetState: Normal currentStableState: Normal mCurrentBlur: 0 mLauncher.getDepthBlurTargets(): [com.android.launcher3.Workspace{573bc60 V.ED..... ........ 0,0-1080,2400 #7f0a047d app:id/workspace}, com.android.launcher3.Hotseat{7eca519 V.ED..... ........ 0,1905-1080,2400 #7f0a01f1 app:id/hotseat}]
04-26 19:50:30.597  1219  1219 D RecentsView: onTaskDisplayChanged: 110, new displayId = 0
04-26 19:50:30.600  4164  4164 I Finsky  : [2] DTU: Received onPackageAdded, replacing: true
04-26 19:50:30.600  4276 16926 I Finsky:background: [189] Wrote row to frosting DB: 3182
04-26 19:50:30.609  4164 16924 I Finsky  : [359] SCH: Received scheduling request: Id: 12-1, Constraints: [{ L: 15000, D: 86400000, C: CHARGING_NONE, I: IDLE_NONE, N: NET_ANY, B: BATTERY_ANY }]
04-26 19:50:30.612   566   616 W skia    : AGTM parsing failed flags.readFromStream(s) at 159
04-26 19:50:30.612   566   616 W skia    : AGTM parsing failed flags.readFromStream(s) at 159
04-26 19:50:30.616 14925 14925 D BoundBrokerSvc: onUnbind: Intent { act=com.google.android.gms.common.BIND_SHARED_PREFS xflg=0x4 pkg=com.google.android.gms }
04-26 19:50:30.617   736  1953 I ActivityTaskManager: Add Task{4fa239e #109 type=standard A=10230:com.muonline.client} to hidden list because adding Task{584373 #110 type=standard A=10230:com.muonline.client}
04-26 19:50:30.618   566   598 I libbinder.BpBinder: onLastStrongRef automatically unlinking death recipients for binder (0x7eaa36066ce0) with descriptor: '(not cached)'
04-26 19:50:30.620   736  1953 V ActivityTaskManager: TaskLaunchParamsModifier: phase=3 task=Task{584373 #110 type=standard A=10230:com.muonline.client} activity=ActivityRecord{248034477 u0 com.muonline.client/.PreloadActivity t-1} display-from-task=0 display-id=0 task-display-area-windowing-mode=1 suggested-display-area=DefaultTaskDisplayArea@125646128 inherit-from-task=fullscreen non-freeform-task-display-area display-area=DefaultTaskDisplayArea@125646128 skip-bounds-fullscreen
04-26 19:50:30.620   736  1953 I ActivityTaskManager: START u0 {flg=0x10000000 xflg=0x5 cmp=com.muonline.client/.PreloadActivity} with LAUNCH_SINGLE_TASK from uid 2000 (com.android.shell) (BAL_ALLOW_PERMISSION) result code=0
04-26 19:50:30.621  1036  1091 V WindowManagerShell: Transition requested (#124): android.os.BinderProxy@e51b722 TransitionRequestInfo { type = OPEN, triggerTask = TaskInfo{userId=0 taskId=110 effectiveUid=10230 displayId=0 isRunning=true baseIntent=Intent { flg=0x10000000 cmp=com.muonline.client/.PreloadActivity } baseActivity=ComponentInfo{com.muonline.client/com.muonline.client.PreloadActivity} topActivity=ComponentInfo{com.muonline.client/com.muonline.client.PreloadActivity} origActivity=null realActivity=ComponentInfo{com.muonline.client/com.muonline.client.PreloadActivity} realActivityIsAppLockEnabled=false numActivities=1 lastActiveTime=15605215 supportsMultiWindow=true supportsMultiWindowWithoutConstraints=true resizeMode=1 isResizeable=true minWidth=-1 minHeight=-1 defaultMinSize=220 token=WCT{android.os.BinderProxy@4e385b3} topActivityType=1 pictureInPictureParams=null shouldDockBigOverlays=false launchIntoPipHostTaskId=-1 lastParentTaskIdBeforePip=-1 displayCutoutSafeInsets=Rect(132, 0 - 0, 0) topActivityInfo=ActivityInfo{30ea770 com.muonline.client.PreloadActivity} launchCookies=[] positionInParent=Point(0, 0) parentTaskId=-1 isFocused=false isInteractive=false isVisible=false isVisibleRequested=false isTopActivityNoDisplay=false isSleeping=false locusId=null displayAreaFeatureId=1 isTopActivityTransparent=false isActivityStackTransparent=false lastNonFullscreenBounds=null leafTaskBoundsFromOptions= false capturedLink=null capturedLinkTimestamp=0 requestedVisibleTypes=503 topActivityRequestOpenInBrowserEducationTimestamp=0 appCompatTaskInfo=AppCompatTaskInfo { topActivityInSizeCompat=false isLeafTask= true eligibleForLetterboxEducation= false isLetterboxEducationEnabled= true isLetterboxDoubleTapEnabled= false eligibleForUserAspectRatioButton= false topActivityBoundsLetterboxed= false isFromLetterboxDoubleTap= false topActivityLetterboxVerticalPosition= -1 topActivityLetterboxHorizontalPosition= -1 topActivityLetterboxWidth=-1 topActivityLetterboxHeight=-1 topActivityAppBounds=Rect(132, 0 - 2400, 1017) isUserFullscreenOverrideEnabled=false isSystemFullscreenOverrideEnabled=false hasMinAspectRatioOverride=false topActivityLetterboxBounds=null topNonResizableActivityAspectRatio=-1.0} topActivityMainWindowFrame=null isAppBubble=false}, pipChange = null, remoteTransitionInfo = null, displayChange = null, requestedLocation = null, userChange = null, windowingLayerChange = null, fullscreenRequestChange = null, flags = 0, debugId = 124 }
04-26 19:50:30.621  1219  1219 V BaseDepthController: Applying blur: 0 to Surface(name=VRI-com.google.android.apps.nexuslauncher/com.google.android.apps.nexuslauncher.NexusLauncherActivity#1253)/@0xd45637f applyImmediately: false
04-26 19:50:30.622  1219  1219 D BaseDepthController: shouldBlurWorkspace: false targetState: Normal currentStableState: Normal mCurrentBlur: 0 mLauncher.getDepthBlurTargets(): [com.android.launcher3.Workspace{573bc60 V.ED..... ........ 0,0-1080,2400 #7f0a047d app:id/workspace}, com.android.launcher3.Hotseat{7eca519 V.ED..... ........ 0,1905-1080,2400 #7f0a01f1 app:id/hotseat}]
04-26 19:50:30.622  1036  1091 W DisconnectHandler: No disconnect change found in the transition, not handling request.
04-26 19:50:30.622  1036  1091 V ShellDesktopMode: DesktopTasksController: skipping handleRequest reason=triggerTask's display doesn't support desktop mode
04-26 19:50:30.622  1036  1091 D ShellSplitScreen: logExit: no-op, mLoggerSessionId is null
04-26 19:50:30.624  1219  1219 D BaseActivity: Launcher flags updated: [state_started|state_resumed|state_deferred_resumed|state_window_focused|state_user_active] -[]
04-26 19:50:30.630  1219  1219 D BaseActivity: Launcher flags updated: [state_started|state_resumed|state_deferred_resumed|state_window_focused] -[state_user_active]
04-26 19:50:30.633  1219  1219 D BaseActivity: Launcher flags updated: [state_started|state_window_focused] -[state_resumed|state_deferred_resumed]
04-26 19:50:30.633  1219  1219 W SplitSelectStateCtor: Missing session instanceIds
04-26 19:50:30.634  1219  1219 D StatsLog: LAUNCHER_SPLIT_SELECTION_EXIT_INTERRUPTED
04-26 19:50:30.634  1036  1091 D WindowManagerShell: setLauncherKeepClearAreaHeight: visible=false, height=495
04-26 19:50:30.634  4276 16926 I Finsky:background: [189] Wrote row to frosting DB: 3183
04-26 19:50:30.638   736   999 W InputChannel-JNI: Channel already disposed.
04-26 19:50:30.645   736  1962 V WindowManager: Defer transition id=124 for TaskFragmentTransaction=android.os.Binder@fcd5dbc
04-26 19:50:30.645  4276  4276 I Finsky:background: [2] ajje - Deduping intent android.intent.action.PACKAGE_ADDED
04-26 19:50:30.646  1036  1132 D WindowOnBackDispatcher: setTopOnBackInvokedCallback (unwrapped): android.view.ViewRootImpl$$ExternalSyntheticLambda13@1698fb8
04-26 19:50:30.648  1219  1219 V BaseDepthController: Applying blur: 0 to Surface(name=VRI-com.google.android.apps.nexuslauncher/com.google.android.apps.nexuslauncher.NexusLauncherActivity#1253)/@0xd45637f applyImmediately: false
04-26 19:50:30.648   736   999 D CoreBackPreview: Window{286adeb u0 Splash Screen com.muonline.client}: Setting back callback OnBackInvokedCallbackInfo{mCallback=android.window.IOnBackInvokedCallback$Stub$Proxy@8d97dcb, mPriority=0, mIsAnimationCallback=false, mOverrideBehavior=0}
04-26 19:50:30.648  4164  4164 I Finsky  : [2] ajjp - Received: android.intent.action.PACKAGE_ADDED, [n076RJLEETmEZ61FBJHrGFwh-0szukPG_iaeB-mhrwQ]
04-26 19:50:30.649  1219  1219 D BaseDepthController: shouldBlurWorkspace: false targetState: Normal currentStableState: Normal mCurrentBlur: 0 mLauncher.getDepthBlurTargets(): [com.android.launcher3.Workspace{573bc60 V.ED..... ........ 0,0-1080,2400 #7f0a047d app:id/workspace}, com.android.launcher3.Hotseat{7eca519 V.ED..... ........ 0,1905-1080,2400 #7f0a01f1 app:id/hotseat}]
04-26 19:50:30.651   736  1602 D WindowManager: setClientSurface Surface(name=VRI-Splash Screen com.muonline.client#1265)/@0xb32ccc1 for 286adeb Splash Screen com.muonline.client
04-26 19:50:30.655  1036  1132 I Surface : Creating surface for consumer unnamed-1036-26 with slotExpansion=1 for 64 slots
04-26 19:50:30.657  1036  1132 I Surface : Creating surface for consumer VRI[client]#26(BLAST Consumer)26 with slotExpansion=1 for 64 slots
04-26 19:50:30.658   736  1602 V WindowManager: Continue transition id=124 for TaskFragmentTransaction=android.os.Binder@fcd5dbc
04-26 19:50:30.669   736   762 V GrammaticalInflectionUtils: AttributionSource: android.content.AttributionSource@d322a4fb does not have READ_SYSTEM_GRAMMATICAL_GENDER permission.
04-26 19:50:30.674  1036  1091 V RecentTasksController: Notify recent tasks changed
04-26 19:50:30.675  1219  1219 V BaseDepthController: Applying blur: 0 to Surface(name=VRI-com.google.android.apps.nexuslauncher/com.google.android.apps.nexuslauncher.NexusLauncherActivity#1253)/@0xd45637f applyImmediately: false
04-26 19:50:30.675  1036  1091 D ShellDesktopMode: DesktopRepository(0): Removes freeform task: taskId=109
04-26 19:50:30.675  1036  1091 W ShellDesktopMode: DesktopRepository(0): No display id found for task: taskId=109
04-26 19:50:30.676  1219  1219 D BaseDepthController: shouldBlurWorkspace: false targetState: Normal currentStableState: Normal mCurrentBlur: 0 mLauncher.getDepthBlurTargets(): [com.android.launcher3.Workspace{573bc60 V.ED..... ........ 0,0-1080,2400 #7f0a047d app:id/workspace}, com.android.launcher3.Hotseat{7eca519 V.ED..... ........ 0,1905-1080,2400 #7f0a01f1 app:id/hotseat}]
04-26 19:50:30.676  1036  1091 V RecentTasksController: Notify recent tasks changed
04-26 19:50:30.680  4276 16926 I Finsky:background: [189] Wrote row to frosting DB: 3184
04-26 19:50:30.681  4276  4276 I Finsky:background: [2] ajje - Received: android.intent.action.PACKAGE_ADDED, [n076RJLEETmEZ61FBJHrGFwh-0szukPG_iaeB-mhrwQ]
04-26 19:50:30.688   499   499 D Zygote  : Forked child process 16944
04-26 19:50:30.704 16944 16944 I Zygote  : Process 16944 created for com.muonline.client
04-26 19:50:30.704 16944 16944 I muonline.client: Using generational CollectorTypeCMC GC.
04-26 19:50:30.705 16944 16944 W muonline.client: Unexpected CPU variant for x86: x86_64.
04-26 19:50:30.705 16944 16944 W muonline.client: Known variants: atom, sandybridge, silvermont, goldmont, goldmont-plus, goldmont-without-sha-xsaves, tremont, kabylake, alderlake, lunarlake, default
04-26 19:50:30.708  4164  4164 I Finsky  : [2] ajjp - Deduping intent android.intent.action.PACKAGE_ADDED
04-26 19:50:30.714 16944 16944 D nativeloader: Load libframework-connectivity-tiramisu-jni.so using APEX ns com_android_tethering for caller /apex/com.android.tethering/javalib/framework-connectivity-t.jar: ok
04-26 19:50:30.718  4276 16926 I Finsky:background: [189] Wrote row to frosting DB: 3185
04-26 19:50:30.725  4164  4164 I Finsky  : [2] ajjp - Received: android.intent.action.PACKAGE_ADDED, [n076RJLEETmEZ61FBJHrGFwh-0szukPG_iaeB-mhrwQ]
04-26 19:50:30.732   736   769 W ActivityManager: Slow operation: 63ms so far, now at startProcess: done updating battery stats
04-26 19:50:30.734   736   769 W ActivityManager: Slow operation: 66ms so far, now at startProcess: building log message
04-26 19:50:30.735   736   769 I ActivityManager: Start proc 16944:com.muonline.client/u0a230 for next-top-activity {com.muonline.client/com.muonline.client.PreloadActivity}
04-26 19:50:30.736   736   769 W ActivityManager: Slow operation: 67ms so far, now at startProcess: starting to update pids map
04-26 19:50:30.737   736   769 W ActivityManager: Slow operation: 68ms so far, now at startProcess: done updating pids map
04-26 19:50:30.742  4276  4276 I Finsky:background: [2] ajje - Deduping intent android.intent.action.PACKAGE_ADDED
04-26 19:50:30.745  4276 16926 I Finsky:background: [189] Wrote row to frosting DB: 3186
04-26 19:50:30.747  4276  4319 I Finsky:background: [60] RECEIVER_PACKAGE_MONITOR_BACKGROUND#logWorkEndAndFinishGoAsync: SUCCESS
04-26 19:50:30.758  4164  4164 I Finsky  : [2] ajjp - Deduping intent android.intent.action.PACKAGE_ADDED
04-26 19:50:30.761  4164  4208 I Finsky  : [44] RECEIVER_PACKAGE_MONITOR#logWorkEndAndFinishGoAsync: SUCCESS
04-26 19:50:30.766  4276 16926 I Finsky:background: [189] Wrote row to frosting DB: 3187
04-26 19:50:30.774 16944 16944 D CompatChangeReporter: Compat change id reported: 242716250; UID 10230; state: ENABLED
04-26 19:50:30.787  1219  1219 D RecentTasksList: invalidateLoadedTasks - previous requestLoadId: -1
04-26 19:50:30.789 16944 16944 D nativeloader: Configuring clns-9 for other apk /data/app/~~3dY8CnFoYqJM44YV7KYWFg==/com.muonline.client-r69PL55jKa44nw3pVXYTsQ==/base.apk. target_sdk_version=34, uses_libraries=, library_path=/data/app/~~3dY8CnFoYqJM44YV7KYWFg==/com.muonline.client-r69PL55jKa44nw3pVXYTsQ==/lib/x86_64:/data/app/~~3dY8CnFoYqJM44YV7KYWFg==/com.muonline.client-r69PL55jKa44nw3pVXYTsQ==/base.apk!/lib/x86_64, permitted_path=/data:/mnt/expand:/data/user/0/com.muonline.client
04-26 19:50:30.790  1219  1219 D RecentTasksList: invalidateLoadedTasks - previous requestLoadId: -1
04-26 19:50:30.793  1219  1219 V BaseDepthController: Applying blur: 0 to Surface(name=VRI-com.google.android.apps.nexuslauncher/com.google.android.apps.nexuslauncher.NexusLauncherActivity#1253)/@0xd45637f applyImmediately: false
04-26 19:50:30.794   736   759 V WindowManager: Sent Transition (#124) createdAt=04-26 19:50:30.586 via request=TransitionRequestInfo { type = OPEN, triggerTask = TaskInfo{userId=0 taskId=110 effectiveUid=10230 displayId=0 isRunning=true baseIntent=Intent { flg=0x10000000 cmp=com.muonline.client/.PreloadActivity } baseActivity=ComponentInfo{com.muonline.client/com.muonline.client.PreloadActivity} topActivity=ComponentInfo{com.muonline.client/com.muonline.client.PreloadActivity} origActivity=null realActivity=ComponentInfo{com.muonline.client/com.muonline.client.PreloadActivity} realActivityIsAppLockEnabled=false numActivities=1 lastActiveTime=15605215 supportsMultiWindow=true supportsMultiWindowWithoutConstraints=true resizeMode=1 isResizeable=true minWidth=-1 minHeight=-1 defaultMinSize=220 token=WCT{RemoteToken{6b5af26 Task{584373 #110 type=standard A=10230:com.muonline.client}}} topActivityType=1 pictureInPictureParams=null shouldDockBigOverlays=false launchIntoPipHostTaskId=-1 lastParentTaskIdBeforePip=-1 displayCutoutSafeInsets=Rect(132, 0 - 0, 0) topActivityInfo=ActivityInfo{41d5767 com.muonline.client.PreloadActivity} launchCookies=[] positionInParent=Point(0, 0) parentTaskId=-1 isFocused=false isInteractive=false isVisible=false isVisibleRequested=false isTopActivityNoDisplay=false isSleeping=false locusId=null displayAreaFeatureId=1 isTopActivityTransparent=false isActivityStackTransparent=false lastNonFullscreenBounds=null leafTaskBoundsFromOptions= false capturedLink=null capturedLinkTimestamp=0 requestedVisibleTypes=503 topActivityRequestOpenInBrowserEducationTimestamp=0 appCompatTaskInfo=AppCompatTaskInfo { topActivityInSizeCompat=false isLeafTask= true eligibleForLetterboxEducation= false isLetterboxEducationEnabled= true isLetterboxDoubleTapEnabled= false eligibleForUserAspectRatioButton= false topActivityBoundsLetterboxed= false isFromLetterboxDoubleTap= false topActivityLetterboxVerticalPosition= -1 topActivityLetterboxHorizontalPosition= -1 topActivityLetterboxWidth=-1 topActivityLetterboxHeight=-1 topActivityAppBounds=Rect(132, 0 - 2400, 1017) isUserFullscreenOverrideEnabled=false isSystemFullscreenOverrideEnabled=false hasMinAspectRatioOverride=false topActivityLetterboxBounds=null topNonResizableActivityAspectRatio=-1.0} topActivityMainWindowFrame=null isAppBubble=false}, pipChange = null, remoteTransitionInfo = null, displayChange = null, requestedLocation = null, userChange = null, windowingLayerChange = null, fullscreenRequestChange = null, flags = 0, debugId = 124 }
04-26 19:50:30.794   736   759 V WindowManager:     startWCT=WindowContainerTransaction { changes= {} hops= [] flags= 0 errorCallbackToken=null taskFragmentOrganizer=null }
04-26 19:50:30.795   736   759 V WindowManager:     info={id=124 t=OPEN f=0x0 trk=0 r=[0@Point(0, 0)] c=[
04-26 19:50:30.795   736   759 V WindowManager:         {WCT{RemoteToken{6b5af26 Task{584373 #110 type=standard A=10230:com.muonline.client}}} m=OPEN f=MOVE_TO_TOP leash=Surface(name=Task=110#1262)/@0x7f9d349 sb=Rect(0, 0 - 2400, 1080) eb=Rect(0, 0 - 2400, 1080) epz=Point(2400, 1080) d=0 taskParent=-1 winMode=1 userId=0},
04-26 19:50:30.795   736   759 V WindowManager:         {WCT{RemoteToken{4853fd5 Task{13e540b #1 type=home}}} m=TO_BACK f=SHOW_WALLPAPER leash=Surface(name=Task=1#34)/@0x499be06 sb=Rect(0, 0 - 2400, 1080) eb=Rect(0, 0 - 2400, 1080) epz=Point(2400, 1080) d=0 taskParent=-1 winMode=1 userId=0},
04-26 19:50:30.795   736   759 V WindowManager:         {m=TO_BACK f=IS_WALLPAPER leash=Surface(name=Surface(name=WallpaperWindowToken{3bea6dd}#54)/@0x4e520e1 - rotation-leash#1257)/@0x3c4dd28 sb=Rect(0, 0 - 1080, 2400) eb=Rect(0, 0 - 2400, 1080) epz=Point(2400, 1080) d=0 r=0->1:-1}
04-26 19:50:30.795   736   759 V WindowManager:     ]}
04-26 19:50:30.795  1036  1047 V WindowManagerShell: onTransitionReady(transaction=3161095943068)
04-26 19:50:30.796  1036  1091 V WindowManagerShell: onTransitionReady (#124) android.os.BinderProxy@e51b722: {id=124 t=OPEN f=0x0 trk=0 r=[0@Point(0, 0)] c=[
04-26 19:50:30.796  1036  1091 V WindowManagerShell:         {m=OPEN f=MOVE_TO_TOP leash=Surface(name=Task=110#1262)/@0x2d2c1c9 sb=Rect(0, 0 - 2400, 1080) eb=Rect(0, 0 - 2400, 1080) epz=Point(2400, 1080) d=0 taskParent=-1 winMode=1 userId=0},
04-26 19:50:30.796  1036  1091 V WindowManagerShell:         {m=TO_BACK f=SHOW_WALLPAPER leash=Surface(name=Task=1#34)/@0x53df0ce sb=Rect(0, 0 - 2400, 1080) eb=Rect(0, 0 - 2400, 1080) epz=Point(2400, 1080) d=0 taskParent=-1 winMode=1 userId=0},
04-26 19:50:30.796  1036  1091 V WindowManagerShell:         {m=TO_BACK f=IS_WALLPAPER leash=Surface(name=Surface(name=WallpaperWindowToken{3bea6dd}#54)/@0x4e520e1 - rotation-leash#1257)/@0x8127bef sb=Rect(0, 0 - 1080, 2400) eb=Rect(0, 0 - 2400, 1080) epz=Point(2400, 1080) d=0 r=0->1:-1}
04-26 19:50:30.796  1036  1091 V WindowManagerShell:     ]}
04-26 19:50:30.796  1219  1219 D BaseDepthController: shouldBlurWorkspace: false targetState: Normal currentStableState: Normal mCurrentBlur: 0 mLauncher.getDepthBlurTargets(): [com.android.launcher3.Workspace{573bc60 V.ED..... ........ 0,0-1080,2400 #7f0a047d app:id/workspace}, com.android.launcher3.Hotseat{7eca519 V.ED..... ........ 0,1905-1080,2400 #7f0a01f1 app:id/hotseat}]
04-26 19:50:30.804 16944 16944 V GraphicsEnvironment: Currently set values for:
04-26 19:50:30.804 16944 16944 V GraphicsEnvironment:   angle_gl_driver_selection_pkgs=[]
04-26 19:50:30.804 16944 16944 V GraphicsEnvironment:   angle_gl_driver_selection_values=[]
04-26 19:50:30.804 16944 16944 V GraphicsEnvironment: com.muonline.client is not listed in per-application setting
04-26 19:50:30.804 16944 16944 V GraphicsEnvironment: No special selections for ANGLE, returning default driver choice
04-26 19:50:30.815 16944 16944 V GraphicsEnvironment: Neither updatable production driver nor prerelease driver is supported.
04-26 19:50:30.819 14925 16972 I AppBackupPkgRemovedIO: Backup state cleanup on uninstall is disabled. [CONTEXT service_id=229 ]
04-26 19:50:30.820 14925 16972 I PackageInstalledIntentO: Test flag v2 is disabled [CONTEXT service_id=469 ]
04-26 19:50:30.824   736  1827 W InputChannel-JNI: Channel already disposed.
04-26 19:50:30.826  1219  1219 D BaseActivity: Launcher flags updated: [state_started] -[state_window_focused]
04-26 19:50:30.829  1036  1091 V WindowManagerShell: Transition (#124) android.os.BinderProxy@e51b722@0 ready while (#123) android.os.BinderProxy@b92cf55@0 is still animating. Notify the animating transition in case they can be merged
04-26 19:50:30.829  1036  1091 V WindowManagerShell:    Requesting merge (#124) into remote: RemoteTransition { remoteTransition = android.window.IRemoteTransition$Stub$Proxy@fea59eb, appThread = android.app.IApplicationThread$Stub$Proxy@4f01348, debugName = QuickstepLaunchHome, filter = {types=[] flags=0x0 notFlags=0x100 checks=[{atype=home independent=true modes=[OPEN,TO_FRONT] flags=NONE mustBeTask=false order=ANY topActivity=ComponentInfo{com.google.android.apps.nexuslauncher/com.google.android.apps.nexuslauncher.NexusLauncherActivity} launchCookie=null windowingMode=undefined isCrossDisplayMove=false},{atype=standard independent=true modes=[CLOSE,TO_BACK] flags=NONE mustBeTask=false order=ANY topActivity=null launchCookie=null windowingMode=undefined isCrossDisplayMove=false},{NOT atype=undefined independent=true modes=[] flags=NONE mustBeTask=true order=ANY topActivity=null launchCookie=null customAnim=true windowingMode=undefined isCrossDisplayMove=false}]} }
04-26 19:50:30.829  1219  1219 V BaseDepthController: Applying blur: 0 to Surface(name=VRI-com.google.android.apps.nexuslauncher/com.google.android.apps.nexuslauncher.NexusLauncherActivity#1253)/@0xd45637f applyImmediately: false
04-26 19:50:30.829  1219  1219 D BaseDepthController: setEarlyWakeup: false
04-26 19:50:30.829  1219  1219 D BaseDepthController: shouldBlurWorkspace: false targetState: Normal currentStableState: Normal mCurrentBlur: 0 mLauncher.getDepthBlurTargets(): [com.android.launcher3.Workspace{573bc60 V.ED..... ........ 0,0-1080,2400 #7f0a047d app:id/workspace}, com.android.launcher3.Hotseat{7eca519 V.ED..... .......D 0,1905-1080,2400 #7f0a01f1 app:id/hotseat}]
04-26 19:50:30.829  1036  1091 V ShellTaskOrganizer: Task appeared taskId=110 listener=FullscreenTaskListener
04-26 19:50:30.829  1036  1091 V ShellTaskOrganizer: Fullscreen Task Appeared: #110
04-26 19:50:30.829  1036  1091 V RecentTasksController: Notify recent tasks changed
04-26 19:50:30.834  1036  1419 V WindowManagerShell: Received remote transition finished callback for (#123)
04-26 19:50:30.835  1036  1091 V WindowManagerShell: Transition animation finished (aborted=false), notifying core (#123) android.os.BinderProxy@b92cf55@0
04-26 19:50:30.844   736   759 V WindowManager: Finish Transition (#123): created at 04-26 19:50:29.771 collect-started=0.297ms request-sent=0.372ms started=10.895ms ready=19.026ms sent=173.522ms commit=45.147ms finished=1067.492ms
04-26 19:50:30.848   736  2215 E libbinder.IPCThreadState: Binder transaction failure. id: 2644371, cmd: BR_DEAD_REPLY (29189), error: -22 (Invalid argument)
04-26 19:50:30.848   736  2215 W ActivityManager: pid 736 system sent binder code 7 with flags 1 and got error -32
04-26 19:50:30.848   736  2215 W WindowManager: Exception thrown during dispatchAppVisibility Window{8b44552 u0 com.muonline.client/com.muonline.client.MuMainActivity EXITING}
04-26 19:50:30.848   736  2215 W WindowManager: android.os.DeadObjectException
04-26 19:50:30.848   736  2215 W WindowManager: 	at android.os.BinderProxy.transactNative(Native Method)
04-26 19:50:30.848   736  2215 W WindowManager: 	at android.os.BinderProxy.transact(BinderProxy.java:617)
04-26 19:50:30.848   736  2215 W WindowManager: 	at android.view.IWindow$Stub$Proxy.dispatchAppVisibility(IWindow.java:596)
04-26 19:50:30.848   736  2215 W WindowManager: 	at com.android.server.wm.WindowState.sendAppVisibilityToClients(WindowState.java:3335)
04-26 19:50:30.848   736  2215 W WindowManager: 	at com.android.server.wm.WindowContainer.sendAppVisibilityToClients(WindowContainer.java:1245)
04-26 19:50:30.848   736  2215 W WindowManager: 	at com.android.server.wm.WindowToken.setClientVisible(WindowToken.java:392)
04-26 19:50:30.848   736  2215 W WindowManager: 	at com.android.server.wm.ActivityRecord.commitVisibility(ActivityRecord.java:5599)
04-26 19:50:30.848   736  2215 W WindowManager: 	at com.android.server.wm.Transition.finishTransition(Transition.java:1570)
04-26 19:50:30.848   736  2215 W WindowManager: 	at com.android.server.wm.TransitionController.finishTransition(TransitionController.java:1205)
04-26 19:50:30.848   736  2215 W WindowManager: 	at com.android.server.wm.WindowOrganizerController.finishTransition(WindowOrganizerController.java:533)
04-26 19:50:30.848   736  2215 W WindowManager: 	at android.window.IWindowOrganizerController$Stub.onTransact(IWindowOrganizerController.java:265)
04-26 19:50:30.848   736  2215 W WindowManager: 	at com.android.server.wm.WindowOrganizerController.onTransact(WindowOrganizerController.java:239)
04-26 19:50:30.848   736  2215 W WindowManager: 	at android.os.Binder.execTransactInternal(Binder.java:1466)
04-26 19:50:30.848   736  2215 W WindowManager: 	at android.os.Binder.execTransact(Binder.java:1411)
04-26 19:50:30.849   736  2215 W Process : Unable to open /proc/16616/status
04-26 19:50:30.862  1219  1219 D RecentTasksList: invalidateLoadedTasks - previous requestLoadId: -1
04-26 19:50:30.865  1036  1091 V WindowManagerShell: Playing animation for (#124) android.os.BinderProxy@e51b722@0
04-26 19:50:30.866  1036  1091 D ShellSplitScreen: startAnimation: transition=124 isSplitActive=false
04-26 19:50:30.866  1036  1091 V ShellRecents: RecentsTransitionHandler.startAnimation: no controller found
04-26 19:50:30.866  1036  1091 V ShellDesktopMode: DesktopMixedTransitionHandler: No pending desktop transition
04-26 19:50:30.868  1036  1091 V WindowManagerShell: Transition doesn't have explicit remote, search filters for match for {id=124 t=OPEN f=0x0 trk=0 r=[0@Point(0, 0)] c=[{m=OPEN f=MOVE_TO_TOP leash=Surface(name=Task=110#1262)/@0x2d2c1c9 sb=Rect(0, 0 - 2400, 1080) eb=Rect(0, 0 - 2400, 1080) epz=Point(2400, 1080) d=0 taskParent=-1 winMode=1 userId=0},{m=TO_BACK f=SHOW_WALLPAPER leash=Surface(name=Task=1#34)/@0x53df0ce sb=Rect(0, 0 - 2400, 1080) eb=Rect(0, 0 - 2400, 1080) epz=Point(2400, 1080) d=0 taskParent=-1 winMode=1 userId=0},{m=TO_BACK f=IS_WALLPAPER leash=Surface(name=Surface(name=WallpaperWindowToken{3bea6dd}#54)/@0x4e520e1 - rotation-leash#1257)/@0x8127bef sb=Rect(0, 0 - 1080, 2400) eb=Rect(0, 0 - 2400, 1080) epz=Point(2400, 1080) d=0 r=0->1:-1}]}
04-26 19:50:30.868  1036  1091 V WindowManagerShell:  Checking filter Pair{{types=[] flags=0x0 notFlags=0x0 checks=[{atype=undefined independent=true modes=[CLOSE,TO_BACK] flags=IN_TASK_WITH_EMBEDDED_ACTIVITY mustBeTask=false order=ANY topActivity=null launchCookie=null taskFragmentToken=android.os.BinderProxy@e90ae30 windowingMode=undefined isCrossDisplayMove=false}]} RemoteTransition { remoteTransition = android.window.IRemoteTransition$Stub$Proxy@1ccfaa9, appThread = android.app.IApplicationThread$Stub$Proxy@5c682e, debugName = overlayBackTransition, filter = {types=[] flags=0x0 notFlags=0x0 checks=[{atype=undefined independent=true modes=[CLOSE,TO_BACK] flags=IN_TASK_WITH_EMBEDDED_ACTIVITY mustBeTask=false order=ANY topActivity=null launchCookie=null taskFragmentToken=android.os.BinderProxy@e90ae30 windowingMode=undefined isCrossDisplayMove=false}]} }}
04-26 19:50:30.868  1036  1091 V WindowManagerShell:  Checking filter Pair{{types=[] flags=0x0 notFlags=0x0 checks=[{atype=dream independent=true modes=[OPEN,TO_FRONT] flags=NONE mustBeTask=false order=ANY topActivity=null launchCookie=null windowingMode=undefined isCrossDisplayMove=false},{atype=home independent=true modes=[CLOSE,TO_BACK] flags=NONE mustBeTask=false order=ANY topActivity=null launchCookie=null windowingMode=undefined isCrossDisplayMove=false}]} RemoteTransition { remoteTransition = android.window.IRemoteTransition$Stub$Proxy@aa8fcf, appThread = android.app.IApplicationThread$Stub$Proxy@98a7d5c, debugName = LauncherToDream, filter = {types=[] flags=0x0 notFlags=0x0 checks=[{atype=dream independent=true modes=[OPEN,TO_FRONT] flags=NONE mustBeTask=false order=ANY topActivity=null launchCookie=null windowingMode=undefined isCrossDisplayMove=false},{atype=home independent=true modes=[CLOSE,TO_BACK] flags=NONE mustBeTask=false order=ANY topActivity=null launchCookie=null windowingMode=undefined isCrossDisplayMove=false}]} }}
04-26 19:50:30.868  1036  1091 V WindowManagerShell:  Checking filter Pair{{types=[] flags=0x0 notFlags=0x0 checks=[{atype=standard independent=false modes=[CHANGE] flags=NONE mustBeTask=true order=ANY topActivity=null launchCookie=null windowingMode=undefined isCrossDisplayMove=true}]} RemoteTransition { remoteTransition = android.window.IRemoteTransition$Stub$Proxy@3519865, appThread = android.app.IApplicationThread$Stub$Proxy@94ad93a, debugName = QuickstepDisplayMove, filter = {types=[] flags=0x0 notFlags=0x0 checks=[{atype=standard independent=false modes=[CHANGE] flags=NONE mustBeTask=true order=ANY topActivity=null launchCookie=null windowingMode=undefined isCrossDisplayMove=true}]} }}
04-26 19:50:30.869  1036  1091 V WindowManagerShell:  Checking filter Pair{{types=[] flags=0x0 notFlags=0x100 checks=[{atype=home independent=true modes=[OPEN,TO_FRONT] flags=NONE mustBeTask=false order=ANY topActivity=ComponentInfo{com.google.android.apps.nexuslauncher/com.google.android.apps.nexuslauncher.NexusLauncherActivity} launchCookie=null windowingMode=undefined isCrossDisplayMove=false},{atype=standard independent=true modes=[CLOSE,TO_BACK] flags=NONE mustBeTask=false order=ANY topActivity=null launchCookie=null windowingMode=undefined isCrossDisplayMove=false},{NOT atype=undefined independent=true modes=[] flags=NONE mustBeTask=true order=ANY topActivity=null launchCookie=null customAnim=true windowingMode=undefined isCrossDisplayMove=false}]} RemoteTransition { remoteTransition = android.window.IRemoteTransition$Stub$Proxy@fea59eb, appThread = android.app.IApplicationThread$Stub$Proxy@4f01348, debugName = QuickstepLaunchHome, filter = {types=[] flags=0x0 notFlags=0x100 checks=[{atype=home independent=true modes=[OPEN,TO_FRONT] flags=NONE mustBeTask=false order=ANY topActivity=ComponentInfo{com.google.android.apps.nexuslauncher/com.google.android.apps.nexuslauncher.NexusLauncherActivity} launchCookie=null windowingMode=undefined isCrossDisplayMove=false},{atype=standard independent=true modes=[CLOSE,TO_BACK] flags=NONE mustBeTask=false order=ANY topActivity=null launchCookie=null windowingMode=undefined isCrossDisplayMove=false},{NOT atype=undefined independent=true modes=[] flags=NONE mustBeTask=true order=ANY topActivity=null launchCookie=null customAnim=true windowingMode=undefined isCrossDisplayMove=false}]} }}
04-26 19:50:30.869  1036  1091 V WindowManagerShell:  Checking filter Pair{{types=[OPEN,TO_FRONT] flags=0x0 notFlags=0x0 checks=[{atype=standard independent=true modes=[OPEN,TO_FRONT] flags=NONE mustBeTask=true order=ANY topActivity=null launchCookie=null windowingMode=freeform isCrossDisplayMove=false}]} RemoteTransition { remoteTransition = android.window.IRemoteTransition$Stub$Proxy@5987ffe, appThread = null, debugName = DesktopWindowLimitUnminimize, filter = {types=[OPEN,TO_FRONT] flags=0x0 notFlags=0x0 checks=[{atype=standard independent=true modes=[OPEN,TO_FRONT] flags=NONE mustBeTask=true order=ANY topActivity=null launchCookie=null windowingMode=freeform isCrossDisplayMove=false}]} }}
04-26 19:50:30.869  1036  1091 V WindowManagerShell:  Delegate animation for (#124) to null
04-26 19:50:30.869  1036  1091 V WindowManagerShell: start default transition animation, info = {id=124 t=OPEN f=0x0 trk=0 r=[0@Point(0, 0)] c=[{m=OPEN f=MOVE_TO_TOP leash=Surface(name=Task=110#1262)/@0x2d2c1c9 sb=Rect(0, 0 - 2400, 1080) eb=Rect(0, 0 - 2400, 1080) epz=Point(2400, 1080) d=0 taskParent=-1 winMode=1 userId=0},{m=TO_BACK f=SHOW_WALLPAPER leash=Surface(name=Task=1#34)/@0x53df0ce sb=Rect(0, 0 - 2400, 1080) eb=Rect(0, 0 - 2400, 1080) epz=Point(2400, 1080) d=0 taskParent=-1 winMode=1 userId=0},{m=TO_BACK f=IS_WALLPAPER leash=Surface(name=Surface(name=WallpaperWindowToken{3bea6dd}#54)/@0x4e520e1 - rotation-leash#1257)/@0x8127bef sb=Rect(0, 0 - 1080, 2400) eb=Rect(0, 0 - 2400, 1080) epz=Point(2400, 1080) d=0 r=0->1:-1}]}
04-26 19:50:30.869  1036  1091 V WindowManagerShell: loadAnimation: anim=android.view.animation.AnimationSet@fc7f9e7 animAttr=0x13 type=OPEN isEntrance=false
04-26 19:50:30.876  1036  1091 V WindowManagerShell: loadAnimation: anim=android.view.animation.AnimationSet@b87c32 animAttr=0x12 type=OPEN isEntrance=true
04-26 19:50:30.877   736   921 I HalDevMgr: bestIfaceCreationProposal is null, requestIface=STA, existingIface=[name=wlan0 type=STA]
04-26 19:50:30.878  1036  1091 V WindowManagerShell:  animated by com.android.wm.shell.transition.DefaultTransitionHandler@11f9e32
04-26 19:50:30.881   736  1145 V SafetySourceDataValidat: Package: com.android.vending has expected signature
04-26 19:50:30.882  1036  1091 V RecentTasksController: generateList(getRecentTasks)
04-26 19:50:30.882  1036  1091 V RecentTasksController: initializeDesksMap - allDeskIds: []
04-26 19:50:30.882  1036  1091 V RecentTasksController: Task 110 is not an active desktop task
04-26 19:50:30.882  1036  1091 V RecentTasksController: Added fullscreen task: 110
04-26 19:50:30.882  1036  1091 V RecentTasksController: generateList - complete
04-26 19:50:30.882  1036  1091 V ShellTaskOrganizer: Task vanished taskId=109
04-26 19:50:30.882  1036  1091 V ShellTaskOrganizer: Fullscreen Task Vanished: #109
04-26 19:50:30.882  1036  1091 V ShellDesktopMode: Task Vanished: #109 closed=true
04-26 19:50:30.883  1036  1091 V RecentTasksController: Notify recent tasks changed
04-26 19:50:30.883  1036  1091 D ShellDesktopMode: AppToWebRepository: Task 109 is vanishing. Removing task data from repository
04-26 19:50:30.885  1036  1091 V AppCompat: SingleSurfaceLetterboxController: [110]
04-26 19:50:30.885  1036  1091 V AppCompat: MultiSurfaceLetterboxController: []
04-26 19:50:30.885  1036  1091 V AppCompat: LetterboxInputController: [110]
04-26 19:50:30.885  1036  1091 V AppCompat: RoundedCornersLetterboxController: {}
04-26 19:50:30.886   566   566 E BpTransactionCompletedListener: Failed to transact (-32)
04-26 19:50:30.886   566   566 E BpTransactionCompletedListener: Failed to transact (-32)
04-26 19:50:30.893   736  1145 W WindowManager: Failed looking up window session=Session{597bd89 1036:u0a10196} callers=com.android.server.wm.WindowManagerService.removeClientToken:2272 com.android.server.wm.Session.remove:282 android.view.IWindowSession$Stub.onTransact:637 
04-26 19:50:30.897  1160  1312 D IpClient/wlan0: interfaceLinkStateChanged: ifindex 16 up
04-26 19:50:30.898  1219  1219 D RecentTasksList: invalidateLoadedTasks - previous requestLoadId: -1
04-26 19:50:30.926   566   616 W skia    : AGTM parsing failed flags.readFromStream(s) at 159
04-26 19:50:30.928  1160  1312 D IpClient/wlan0: interfaceLinkStateChanged: ifindex 16 up
04-26 19:50:30.929   566   616 W skia    : AGTM parsing failed flags.readFromStream(s) at 159
04-26 19:50:30.929   566   616 W skia    : AGTM parsing failed flags.readFromStream(s) at 159
04-26 19:50:30.942  1036  1091 V RecentTasksController: Notify recent tasks changed
04-26 19:50:30.945  1219  1219 D RecentTasksList: invalidateLoadedTasks - previous requestLoadId: -1
04-26 19:50:30.959  1219  1219 D RecentsView: onTaskRemoved: 109, not handling task stack changes
04-26 19:50:30.959  1219  1219 D RecentsView: onTaskRemoved: 109, not handling task stack changes
04-26 19:50:30.961  1036  1091 V RecentTasksController: generateList(getRecentTasks)
04-26 19:50:30.961  1036  1091 V RecentTasksController: initializeDesksMap - allDeskIds: []
04-26 19:50:30.961  1036  1091 V RecentTasksController: Task 110 is not an active desktop task
04-26 19:50:30.962  1036  1091 V RecentTasksController: Added fullscreen task: 110
04-26 19:50:30.962  1036  1091 V RecentTasksController: generateList - complete
04-26 19:50:30.967  1366 16965 I ProximityAuth: [RecentAppsMediator] Package added: (user=UserHandle{0}) com.muonline.client
04-26 19:50:30.967   736  2220 E AppOps  : attributionTag VCN not declared in manifest of android
04-26 19:50:30.969  1219  1219 D ScalingWorkspaceRevealAnim: onAnimationEnd, workspace and hotseat are visible
04-26 19:50:30.970  1366 16933 I Fitness : (REDACTED) FitCleanupIntentOperation received Intent %s
04-26 19:50:30.970  1219  1219 V BaseDepthController: Applying blur: 0 to Surface(name=VRI-com.google.android.apps.nexuslauncher/com.google.android.apps.nexuslauncher.NexusLauncherActivity#1253)/@0xd45637f applyImmediately: false
04-26 19:50:30.970  1219  1219 D BaseDepthController: shouldBlurWorkspace: false targetState: Normal currentStableState: Normal mCurrentBlur: 0 mLauncher.getDepthBlurTargets(): [com.android.launcher3.Workspace{573bc60 V.ED..... ......ID 0,0-1080,2400 #7f0a047d app:id/workspace}, com.android.launcher3.Hotseat{7eca519 V.ED..... ......ID 0,1905-1080,2400 #7f0a01f1 app:id/hotseat}]
04-26 19:50:30.971  4276  4276 I Finsky:background: [2] Memory trim requested to level 40
